[2023-04-08T01:57:28.509+0800][0.020s] Heap region size: 1M
[2023-04-08T01:57:28.847+0800][0.359s] Using G1
[2023-04-08T01:57:28.847+0800][0.359s] Heap address: 0x00000007e0000000, size: 512 MB, Compressed Oops mode: Zero based, Oop shift amount: 3
[2023-04-08T01:57:29.944+0800][1.456s] GC(0) Pause Young (Normal) (G1 Evacuation Pause)
[2023-04-08T01:57:29.945+0800][1.456s] GC(0) Using 8 workers of 8 for evacuation
[2023-04-08T01:57:29.951+0800][1.463s] GC(0)   Pre Evacuate Collection Set: 0.0ms
[2023-04-08T01:57:29.951+0800][1.463s] GC(0)   Evacuate Collection Set: 5.3ms
[2023-04-08T01:57:29.951+0800][1.463s] GC(0)   Post Evacuate Collection Set: 1.2ms
[2023-04-08T01:57:29.951+0800][1.463s] GC(0)   Other: 1.1ms
[2023-04-08T01:57:29.951+0800][1.463s] GC(0) Eden regions: 30->0(303)
[2023-04-08T01:57:29.952+0800][1.463s] GC(0) Survivor regions: 0->4(4)
[2023-04-08T01:57:29.952+0800][1.463s] GC(0) Old regions: 0->0
[2023-04-08T01:57:29.952+0800][1.463s] GC(0) Humongous regions: 0->0
[2023-04-08T01:57:29.952+0800][1.463s] GC(0) Metaspace: 14738K(15360K)->14738K(15360K) NonClass: 13189K(13568K)->13189K(13568K) Class: 1549K(1792K)->1549K(1792K)
[2023-04-08T01:57:29.952+0800][1.463s] GC(0) Pause Young (Normal) (G1 Evacuation Pause) 30M->3M(512M) 7.784ms
[2023-04-08T01:57:29.952+0800][1.463s] GC(0) User=0.03s Sys=0.00s Real=0.01s
[2023-04-08T01:57:30.730+0800][2.241s] GC(1) Pause Young (Concurrent Start) (Metadata GC Threshold)
[2023-04-08T01:57:30.730+0800][2.242s] GC(1) Using 8 workers of 8 for evacuation
[2023-04-08T01:57:30.748+0800][2.259s] GC(1)   Pre Evacuate Collection Set: 0.0ms
[2023-04-08T01:57:30.748+0800][2.259s] GC(1)   Evacuate Collection Set: 15.8ms
[2023-04-08T01:57:30.748+0800][2.259s] GC(1)   Post Evacuate Collection Set: 1.5ms
[2023-04-08T01:57:30.748+0800][2.259s] GC(1)   Other: 0.3ms
[2023-04-08T01:57:30.748+0800][2.259s] GC(1) Eden regions: 22->0(63)
[2023-04-08T01:57:30.748+0800][2.259s] GC(1) Survivor regions: 4->12(39)
[2023-04-08T01:57:30.748+0800][2.259s] GC(1) Old regions: 0->0
[2023-04-08T01:57:30.748+0800][2.259s] GC(1) Humongous regions: 4->4
[2023-04-08T01:57:30.748+0800][2.259s] GC(1) Metaspace: 20625K(21296K)->20625K(21296K) NonClass: 18379K(18864K)->18379K(18864K) Class: 2246K(2432K)->2246K(2432K)
[2023-04-08T01:57:30.748+0800][2.259s] GC(1) Pause Young (Concurrent Start) (Metadata GC Threshold) 29M->15M(512M) 17.770ms
[2023-04-08T01:57:30.748+0800][2.259s] GC(1) User=0.10s Sys=0.00s Real=0.01s
[2023-04-08T01:57:30.748+0800][2.259s] GC(2) Concurrent Cycle
[2023-04-08T01:57:30.748+0800][2.259s] GC(2) Concurrent Clear Claimed Marks
[2023-04-08T01:57:30.748+0800][2.259s] GC(2) Concurrent Clear Claimed Marks 0.039ms
[2023-04-08T01:57:30.748+0800][2.259s] GC(2) Concurrent Scan Root Regions
[2023-04-08T01:57:30.754+0800][2.265s] GC(2) Concurrent Scan Root Regions 5.442ms
[2023-04-08T01:57:30.754+0800][2.265s] GC(2) Concurrent Mark (2.265s)
[2023-04-08T01:57:30.754+0800][2.265s] GC(2) Concurrent Mark From Roots
[2023-04-08T01:57:30.754+0800][2.265s] GC(2) Using 2 workers of 2 for marking
[2023-04-08T01:57:30.755+0800][2.267s] GC(2) Concurrent Mark From Roots 1.825ms
[2023-04-08T01:57:30.756+0800][2.267s] GC(2) Concurrent Preclean
[2023-04-08T01:57:30.756+0800][2.267s] GC(2) Concurrent Preclean 0.059ms
[2023-04-08T01:57:30.756+0800][2.267s] GC(2) Concurrent Mark (2.265s, 2.267s) 2.007ms
[2023-04-08T01:57:30.756+0800][2.267s] GC(2) Pause Remark
[2023-04-08T01:57:30.758+0800][2.270s] GC(2) Cleaned string and symbol table, strings: 10303 processed, 0 removed, symbols: 67949 processed, 17 removed
[2023-04-08T01:57:30.759+0800][2.270s] GC(2) Pause Remark 16M->16M(512M) 2.572ms
[2023-04-08T01:57:30.759+0800][2.270s] GC(2) User=0.01s Sys=0.00s Real=0.00s
[2023-04-08T01:57:30.759+0800][2.270s] GC(2) Concurrent Rebuild Remembered Sets
[2023-04-08T01:57:30.762+0800][2.274s] GC(2) Concurrent Rebuild Remembered Sets 3.706ms
[2023-04-08T01:57:30.763+0800][2.274s] GC(2) Pause Cleanup
[2023-04-08T01:57:30.763+0800][2.274s] GC(2) Pause Cleanup 16M->16M(512M) 0.156ms
[2023-04-08T01:57:30.763+0800][2.274s] GC(2) User=0.00s Sys=0.00s Real=0.00s
[2023-04-08T01:57:30.763+0800][2.274s] GC(2) Concurrent Cleanup for Next Mark
[2023-04-08T01:57:30.764+0800][2.275s] GC(2) Concurrent Cleanup for Next Mark 0.970ms
[2023-04-08T01:57:30.764+0800][2.276s] GC(2) Concurrent Cycle 16.508ms
[2023-04-08T01:57:31.451+0800][2.962s] GC(3) Pause Young (Normal) (G1 Evacuation Pause)
[2023-04-08T01:57:31.451+0800][2.962s] GC(3) Using 8 workers of 8 for evacuation
[2023-04-08T01:57:31.469+0800][2.980s] GC(3)   Pre Evacuate Collection Set: 0.0ms
[2023-04-08T01:57:31.469+0800][2.980s] GC(3)   Evacuate Collection Set: 16.1ms
[2023-04-08T01:57:31.469+0800][2.980s] GC(3)   Post Evacuate Collection Set: 1.6ms
[2023-04-08T01:57:31.469+0800][2.980s] GC(3)   Other: 0.2ms
[2023-04-08T01:57:31.469+0800][2.980s] GC(3) Eden regions: 37->0(63)
[2023-04-08T01:57:31.469+0800][2.980s] GC(3) Survivor regions: 12->5(7)
[2023-04-08T01:57:31.469+0800][2.980s] GC(3) Old regions: 0->12
[2023-04-08T01:57:31.469+0800][2.980s] GC(3) Humongous regions: 4->4
[2023-04-08T01:57:31.469+0800][2.980s] GC(3) Metaspace: 25073K(26032K)->25073K(26032K) NonClass: 22347K(22960K)->22347K(22960K) Class: 2726K(3072K)->2726K(3072K)
[2023-04-08T01:57:31.469+0800][2.980s] GC(3) Pause Young (Normal) (G1 Evacuation Pause) 52M->20M(512M) 18.139ms
[2023-04-08T01:57:31.469+0800][2.980s] GC(3) User=0.10s Sys=0.00s Real=0.01s
[2023-04-08T01:57:32.185+0800][3.697s] GC(4) Pause Young (Normal) (G1 Evacuation Pause)
[2023-04-08T01:57:32.185+0800][3.697s] GC(4) Using 8 workers of 8 for evacuation
[2023-04-08T01:57:32.192+0800][3.704s] GC(4)   Pre Evacuate Collection Set: 0.0ms
[2023-04-08T01:57:32.192+0800][3.704s] GC(4)   Evacuate Collection Set: 5.3ms
[2023-04-08T01:57:32.192+0800][3.704s] GC(4)   Post Evacuate Collection Set: 1.4ms
[2023-04-08T01:57:32.192+0800][3.704s] GC(4)   Other: 0.2ms
[2023-04-08T01:57:32.193+0800][3.704s] GC(4) Eden regions: 63->0(177)
[2023-04-08T01:57:32.193+0800][3.704s] GC(4) Survivor regions: 5->8(9)
[2023-04-08T01:57:32.193+0800][3.704s] GC(4) Old regions: 12->12
[2023-04-08T01:57:32.193+0800][3.704s] GC(4) Humongous regions: 4->4
[2023-04-08T01:57:32.193+0800][3.704s] GC(4) Metaspace: 28889K(29872K)->28889K(29872K) NonClass: 25724K(26288K)->25724K(26288K) Class: 3165K(3584K)->3165K(3584K)
[2023-04-08T01:57:32.193+0800][3.704s] GC(4) Pause Young (Normal) (G1 Evacuation Pause) 82M->22M(512M) 7.266ms
[2023-04-08T01:57:32.193+0800][3.704s] GC(4) User=0.03s Sys=0.00s Real=0.01s
[2023-04-08T01:57:33.458+0800][4.969s] GC(5) Pause Young (Concurrent Start) (Metadata GC Threshold)
[2023-04-08T01:57:33.458+0800][4.969s] GC(5) Using 8 workers of 8 for evacuation
[2023-04-08T01:57:33.464+0800][4.975s] GC(5)   Pre Evacuate Collection Set: 0.0ms
[2023-04-08T01:57:33.464+0800][4.976s] GC(5)   Evacuate Collection Set: 4.4ms
[2023-04-08T01:57:33.464+0800][4.976s] GC(5)   Post Evacuate Collection Set: 1.5ms
[2023-04-08T01:57:33.464+0800][4.976s] GC(5)   Other: 0.2ms
[2023-04-08T01:57:33.464+0800][4.976s] GC(5) Eden regions: 73->0(298)
[2023-04-08T01:57:33.464+0800][4.976s] GC(5) Survivor regions: 8->9(24)
[2023-04-08T01:57:33.464+0800][4.976s] GC(5) Old regions: 12->12
[2023-04-08T01:57:33.464+0800][4.976s] GC(5) Humongous regions: 5->4
[2023-04-08T01:57:33.464+0800][4.976s] GC(5) Metaspace: 34684K(35632K)->34684K(35632K) NonClass: 30814K(31408K)->30814K(31408K) Class: 3870K(4224K)->3870K(4224K)
[2023-04-08T01:57:33.464+0800][4.976s] GC(5) Pause Young (Concurrent Start) (Metadata GC Threshold) 96M->24M(512M) 6.406ms
[2023-04-08T01:57:33.464+0800][4.976s] GC(5) User=0.03s Sys=0.00s Real=0.01s
[2023-04-08T01:57:33.464+0800][4.976s] GC(6) Concurrent Cycle
[2023-04-08T01:57:33.464+0800][4.976s] GC(6) Concurrent Clear Claimed Marks
[2023-04-08T01:57:33.464+0800][4.976s] GC(6) Concurrent Clear Claimed Marks 0.038ms
[2023-04-08T01:57:33.465+0800][4.976s] GC(6) Concurrent Scan Root Regions
[2023-04-08T01:57:33.467+0800][4.978s] GC(6) Concurrent Scan Root Regions 2.523ms
[2023-04-08T01:57:33.467+0800][4.978s] GC(6) Concurrent Mark (4.978s)
[2023-04-08T01:57:33.467+0800][4.978s] GC(6) Concurrent Mark From Roots
[2023-04-08T01:57:33.467+0800][4.979s] GC(6) Using 2 workers of 2 for marking
[2023-04-08T01:57:33.493+0800][5.005s] GC(6) Concurrent Mark From Roots 26.163ms
[2023-04-08T01:57:33.493+0800][5.005s] GC(6) Concurrent Preclean
[2023-04-08T01:57:33.494+0800][5.005s] GC(6) Concurrent Preclean 0.193ms
[2023-04-08T01:57:33.494+0800][5.005s] GC(6) Concurrent Mark (4.978s, 5.005s) 26.498ms
[2023-04-08T01:57:33.494+0800][5.005s] GC(6) Pause Remark
[2023-04-08T01:57:33.499+0800][5.010s] GC(6) Cleaned string and symbol table, strings: 16362 processed, 20 removed, symbols: 114291 processed, 29 removed
[2023-04-08T01:57:33.499+0800][5.010s] GC(6) Pause Remark 26M->26M(512M) 4.772ms
[2023-04-08T01:57:33.499+0800][5.010s] GC(6) User=0.03s Sys=0.00s Real=0.00s
[2023-04-08T01:57:33.499+0800][5.010s] GC(6) Concurrent Rebuild Remembered Sets
[2023-04-08T01:57:33.513+0800][5.025s] GC(6) Concurrent Rebuild Remembered Sets 14.581ms
[2023-04-08T01:57:33.514+0800][5.025s] GC(6) Pause Cleanup
[2023-04-08T01:57:33.514+0800][5.026s] GC(6) Pause Cleanup 26M->26M(512M) 0.219ms
[2023-04-08T01:57:33.514+0800][5.026s] GC(6) User=0.00s Sys=0.00s Real=0.00s
[2023-04-08T01:57:33.514+0800][5.026s] GC(6) Concurrent Cleanup for Next Mark
[2023-04-08T01:57:33.515+0800][5.027s] GC(6) Concurrent Cleanup for Next Mark 1.027ms
[2023-04-08T01:57:33.516+0800][5.027s] GC(6) Concurrent Cycle 51.122ms
[2023-04-08T01:57:36.229+0800][7.740s] GC(7) Pause Young (Normal) (G1 Evacuation Pause)
[2023-04-08T01:57:36.229+0800][7.740s] GC(7) Using 8 workers of 8 for evacuation
[2023-04-08T01:57:36.244+0800][7.755s] GC(7)   Pre Evacuate Collection Set: 0.0ms
[2023-04-08T01:57:36.244+0800][7.755s] GC(7)   Evacuate Collection Set: 12.7ms
[2023-04-08T01:57:36.244+0800][7.755s] GC(7)   Post Evacuate Collection Set: 2.1ms
[2023-04-08T01:57:36.244+0800][7.756s] GC(7)   Other: 0.4ms
[2023-04-08T01:57:36.244+0800][7.756s] GC(7) Eden regions: 298->0(286)
[2023-04-08T01:57:36.244+0800][7.756s] GC(7) Survivor regions: 9->21(39)
[2023-04-08T01:57:36.244+0800][7.756s] GC(7) Old regions: 12->12
[2023-04-08T01:57:36.244+0800][7.756s] GC(7) Humongous regions: 4->4
[2023-04-08T01:57:36.244+0800][7.756s] GC(7) Metaspace: 51758K(53296K)->51758K(53296K) NonClass: 45641K(46512K)->45641K(46512K) Class: 6116K(6784K)->6116K(6784K)
[2023-04-08T01:57:36.244+0800][7.756s] GC(7) Pause Young (Normal) (G1 Evacuation Pause) 322M->36M(512M) 15.362ms
[2023-04-08T01:57:36.244+0800][7.756s] GC(7) User=0.09s Sys=0.00s Real=0.02s
[2023-04-08T02:01:49.719+0800][261.246s] GC(8) Pause Young (Concurrent Start) (Metadata GC Threshold)
[2023-04-08T02:01:49.719+0800][261.247s] GC(8) Using 8 workers of 8 for evacuation
[2023-04-08T02:01:49.881+0800][261.408s] GC(8)   Pre Evacuate Collection Set: 0.8ms
[2023-04-08T02:01:49.881+0800][261.409s] GC(8)   Evacuate Collection Set: 157.6ms
[2023-04-08T02:01:49.881+0800][261.409s] GC(8)   Post Evacuate Collection Set: 2.5ms
[2023-04-08T02:01:49.881+0800][261.409s] GC(8)   Other: 1.4ms
[2023-04-08T02:01:49.881+0800][261.409s] GC(8) Eden regions: 143->0(246)
[2023-04-08T02:01:49.881+0800][261.409s] GC(8) Survivor regions: 21->33(39)
[2023-04-08T02:01:49.881+0800][261.409s] GC(8) Old regions: 12->16
[2023-04-08T02:01:49.881+0800][261.409s] GC(8) Humongous regions: 4->4
[2023-04-08T02:01:49.881+0800][261.409s] GC(8) Metaspace: 58049K(59952K)->58049K(59952K) NonClass: 51113K(52144K)->51113K(52144K) Class: 6936K(7808K)->6936K(7808K)
[2023-04-08T02:01:49.882+0800][261.409s] GC(8) Pause Young (Concurrent Start) (Metadata GC Threshold) 179M->51M(512M) 162.489ms
[2023-04-08T02:01:49.882+0800][261.409s] GC(8) User=0.19s Sys=0.51s Real=0.17s
[2023-04-08T02:01:49.882+0800][261.409s] GC(9) Concurrent Cycle
[2023-04-08T02:01:49.882+0800][261.409s] GC(9) Concurrent Clear Claimed Marks
[2023-04-08T02:01:49.882+0800][261.409s] GC(9) Concurrent Clear Claimed Marks 0.085ms
[2023-04-08T02:01:49.882+0800][261.409s] GC(9) Concurrent Scan Root Regions
[2023-04-08T02:01:49.896+0800][261.424s] GC(9) Concurrent Scan Root Regions 14.581ms
[2023-04-08T02:01:49.896+0800][261.424s] GC(9) Concurrent Mark (261.424s)
[2023-04-08T02:01:49.897+0800][261.424s] GC(9) Concurrent Mark From Roots
[2023-04-08T02:01:49.897+0800][261.424s] GC(9) Using 2 workers of 2 for marking
[2023-04-08T02:01:49.932+0800][261.460s] GC(9) Concurrent Mark From Roots 35.909ms
[2023-04-08T02:01:49.932+0800][261.460s] GC(9) Concurrent Preclean
[2023-04-08T02:01:49.933+0800][261.460s] GC(9) Concurrent Preclean 0.109ms
[2023-04-08T02:01:49.933+0800][261.460s] GC(9) Concurrent Mark (261.424s, 261.460s) 36.179ms
[2023-04-08T02:01:49.933+0800][261.460s] GC(9) Pause Remark
[2023-04-08T02:01:49.954+0800][261.481s] GC(9) Cleaned string and symbol table, strings: 30103 processed, 0 removed, symbols: 171929 processed, 553 removed
[2023-04-08T02:01:49.954+0800][261.481s] GC(9) Pause Remark 53M->53M(512M) 21.108ms
[2023-04-08T02:01:49.954+0800][261.481s] GC(9) User=0.04s Sys=0.03s Real=0.02s
[2023-04-08T02:01:49.954+0800][261.481s] GC(9) Concurrent Rebuild Remembered Sets
[2023-04-08T02:01:49.970+0800][261.497s] GC(9) Concurrent Rebuild Remembered Sets 15.384ms
[2023-04-08T02:01:49.970+0800][261.498s] GC(9) Pause Cleanup
[2023-04-08T02:01:49.971+0800][261.498s] GC(9) Pause Cleanup 54M->54M(512M) 0.315ms
[2023-04-08T02:01:49.971+0800][261.498s] GC(9) User=0.00s Sys=0.00s Real=0.00s
[2023-04-08T02:01:49.971+0800][261.498s] GC(9) Concurrent Cleanup for Next Mark
[2023-04-08T02:01:49.975+0800][261.502s] GC(9) Concurrent Cleanup for Next Mark 3.975ms
[2023-04-08T02:01:49.975+0800][261.502s] GC(9) Concurrent Cycle 93.270ms
[2023-04-08T02:52:13.869+0800][3285.294s] GC(10) Pause Young (Normal) (G1 Evacuation Pause)
[2023-04-08T02:52:13.875+0800][3285.297s] GC(10) Using 8 workers of 8 for evacuation
[2023-04-08T02:52:14.246+0800][3285.668s] GC(10) MMU target violated: 251.0ms (250.0ms/251.0ms)
[2023-04-08T02:52:14.246+0800][3285.668s] GC(10)   Pre Evacuate Collection Set: 3.2ms
[2023-04-08T02:52:14.246+0800][3285.668s] GC(10)   Evacuate Collection Set: 344.7ms
[2023-04-08T02:52:14.246+0800][3285.668s] GC(10)   Post Evacuate Collection Set: 8.5ms
[2023-04-08T02:52:14.246+0800][3285.668s] GC(10)   Other: 28.5ms
[2023-04-08T02:52:14.246+0800][3285.668s] GC(10) Eden regions: 261->0(178)
[2023-04-08T02:52:14.246+0800][3285.668s] GC(10) Survivor regions: 33->36(37)
[2023-04-08T02:52:14.246+0800][3285.668s] GC(10) Old regions: 16->33
[2023-04-08T02:52:14.246+0800][3285.668s] GC(10) Humongous regions: 4->4
[2023-04-08T02:52:14.246+0800][3285.668s] GC(10) Metaspace: 58730K(60720K)->58730K(60720K) NonClass: 51744K(52912K)->51744K(52912K) Class: 6985K(7808K)->6985K(7808K)
[2023-04-08T02:52:14.246+0800][3285.668s] GC(10) Pause Young (Normal) (G1 Evacuation Pause) 312M->71M(512M) 377.068ms
[2023-04-08T02:52:14.246+0800][3285.668s] GC(10) User=0.24s Sys=0.48s Real=0.38s
[2023-04-08T03:44:44.456+0800][6435.775s] GC(11) Pause Young (Normal) (G1 Evacuation Pause)
[2023-04-08T03:44:44.460+0800][6435.780s] GC(11) Using 8 workers of 8 for evacuation
[2023-04-08T03:44:44.584+0800][6435.904s] GC(11)   Pre Evacuate Collection Set: 0.5ms
[2023-04-08T03:44:44.584+0800][6435.904s] GC(11)   Evacuate Collection Set: 117.0ms
[2023-04-08T03:44:44.584+0800][6435.904s] GC(11)   Post Evacuate Collection Set: 3.1ms
[2023-04-08T03:44:44.585+0800][6435.904s] GC(11)   Other: 11.2ms
[2023-04-08T03:44:44.585+0800][6435.905s] GC(11) Eden regions: 178->0(284)
[2023-04-08T03:44:44.585+0800][6435.905s] GC(11) Survivor regions: 36->9(27)
[2023-04-08T03:44:44.585+0800][6435.905s] GC(11) Old regions: 33->62
[2023-04-08T03:44:44.585+0800][6435.905s] GC(11) Humongous regions: 4->4
[2023-04-08T03:44:44.586+0800][6435.905s] GC(11) Metaspace: 58813K(60720K)->58813K(60720K) NonClass: 51827K(52912K)->51827K(52912K) Class: 6985K(7808K)->6985K(7808K)
[2023-04-08T03:44:44.587+0800][6435.906s] GC(11) Pause Young (Normal) (G1 Evacuation Pause) 249M->74M(512M) 131.005ms
[2023-04-08T03:44:44.587+0800][6435.906s] GC(11) User=0.20s Sys=0.19s Real=0.13s
[2023-04-08T03:53:28.620+0800][6959.988s] GC(12) Pause Young (Normal) (G1 Evacuation Pause)
[2023-04-08T03:53:28.621+0800][6959.990s] GC(12) Using 8 workers of 8 for evacuation
[2023-04-08T03:53:28.671+0800][6960.039s] GC(12)   Pre Evacuate Collection Set: 0.3ms
[2023-04-08T03:53:28.671+0800][6960.039s] GC(12)   Evacuate Collection Set: 46.3ms
[2023-04-08T03:53:28.671+0800][6960.039s] GC(12)   Post Evacuate Collection Set: 2.3ms
[2023-04-08T03:53:28.671+0800][6960.039s] GC(12)   Other: 2.5ms
[2023-04-08T03:53:28.671+0800][6960.039s] GC(12) Eden regions: 284->0(298)
[2023-04-08T03:53:28.671+0800][6960.039s] GC(12) Survivor regions: 9->9(37)
[2023-04-08T03:53:28.671+0800][6960.039s] GC(12) Old regions: 62->62
[2023-04-08T03:53:28.671+0800][6960.039s] GC(12) Humongous regions: 4->4
[2023-04-08T03:53:28.671+0800][6960.039s] GC(12) Metaspace: 58896K(60720K)->58896K(60720K) NonClass: 51909K(52912K)->51909K(52912K) Class: 6986K(7808K)->6986K(7808K)
[2023-04-08T03:53:28.671+0800][6960.039s] GC(12) Pause Young (Normal) (G1 Evacuation Pause) 358M->74M(512M) 51.459ms
[2023-04-08T03:53:28.671+0800][6960.040s] GC(12) User=0.09s Sys=0.10s Real=0.05s
[2023-04-08T04:02:55.329+0800][7526.682s] GC(13) Pause Young (Normal) (G1 Evacuation Pause)
[2023-04-08T04:02:55.330+0800][7526.683s] GC(13) Using 8 workers of 8 for evacuation
[2023-04-08T04:02:55.375+0800][7526.728s] GC(13)   Pre Evacuate Collection Set: 0.2ms
[2023-04-08T04:02:55.375+0800][7526.728s] GC(13)   Evacuate Collection Set: 42.7ms
[2023-04-08T04:02:55.375+0800][7526.728s] GC(13)   Post Evacuate Collection Set: 1.5ms
[2023-04-08T04:02:55.375+0800][7526.728s] GC(13)   Other: 2.8ms
[2023-04-08T04:02:55.375+0800][7526.728s] GC(13) Eden regions: 298->0(298)
[2023-04-08T04:02:55.375+0800][7526.728s] GC(13) Survivor regions: 9->9(39)
[2023-04-08T04:02:55.375+0800][7526.728s] GC(13) Old regions: 62->62
[2023-04-08T04:02:55.375+0800][7526.728s] GC(13) Humongous regions: 4->4
[2023-04-08T04:02:55.375+0800][7526.728s] GC(13) Metaspace: 58964K(60976K)->58964K(60976K) NonClass: 51977K(53168K)->51977K(53168K) Class: 6986K(7808K)->6986K(7808K)
[2023-04-08T04:02:55.375+0800][7526.728s] GC(13) Pause Young (Normal) (G1 Evacuation Pause) 372M->74M(512M) 46.019ms
[2023-04-08T04:02:55.375+0800][7526.728s] GC(13) User=0.06s Sys=0.12s Real=0.05s
[2023-04-08T04:06:31.131+0800][7742.480s] GC(14) Pause Young (Normal) (G1 Evacuation Pause)
[2023-04-08T04:06:31.132+0800][7742.481s] GC(14) Using 8 workers of 8 for evacuation
[2023-04-08T04:06:31.160+0800][7742.508s] GC(14)   Pre Evacuate Collection Set: 0.2ms
[2023-04-08T04:06:31.160+0800][7742.508s] GC(14)   Evacuate Collection Set: 26.1ms
[2023-04-08T04:06:31.160+0800][7742.508s] GC(14)   Post Evacuate Collection Set: 1.3ms
[2023-04-08T04:06:31.160+0800][7742.509s] GC(14)   Other: 1.2ms
[2023-04-08T04:06:31.160+0800][7742.509s] GC(14) Eden regions: 298->0(296)
[2023-04-08T04:06:31.160+0800][7742.509s] GC(14) Survivor regions: 9->11(39)
[2023-04-08T04:06:31.160+0800][7742.509s] GC(14) Old regions: 62->62
[2023-04-08T04:06:31.160+0800][7742.509s] GC(14) Humongous regions: 4->4
[2023-04-08T04:06:31.160+0800][7742.509s] GC(14) Metaspace: 59012K(60976K)->59012K(60976K) NonClass: 52025K(53168K)->52025K(53168K) Class: 6986K(7808K)->6986K(7808K)
[2023-04-08T04:06:31.160+0800][7742.509s] GC(14) Pause Young (Normal) (G1 Evacuation Pause) 372M->76M(512M) 28.988ms
[2023-04-08T04:06:31.160+0800][7742.509s] GC(14) User=0.05s Sys=0.07s Real=0.03s
[2023-04-08T04:31:49.788+0800][9261.066s] GC(15) Pause Young (Normal) (G1 Evacuation Pause)
[2023-04-08T04:31:49.791+0800][9261.068s] GC(15) Using 8 workers of 8 for evacuation
[2023-04-08T04:31:50.063+0800][9261.340s] GC(15) MMU target violated: 251.0ms (250.0ms/251.0ms)
[2023-04-08T04:31:50.063+0800][9261.341s] GC(15)   Pre Evacuate Collection Set: 1.2ms
[2023-04-08T04:31:50.063+0800][9261.341s] GC(15)   Evacuate Collection Set: 258.5ms
[2023-04-08T04:31:50.063+0800][9261.341s] GC(15)   Post Evacuate Collection Set: 7.3ms
[2023-04-08T04:31:50.064+0800][9261.341s] GC(15)   Other: 14.5ms
[2023-04-08T04:31:50.065+0800][9261.342s] GC(15) Eden regions: 296->0(270)
[2023-04-08T04:31:50.065+0800][9261.342s] GC(15) Survivor regions: 11->37(39)
[2023-04-08T04:31:50.065+0800][9261.342s] GC(15) Old regions: 62->62
[2023-04-08T04:31:50.065+0800][9261.342s] GC(15) Humongous regions: 4->4
[2023-04-08T04:31:50.065+0800][9261.342s] GC(15) Metaspace: 59262K(61232K)->59262K(61232K) NonClass: 52249K(53424K)->52249K(53424K) Class: 7012K(7808K)->7012K(7808K)
[2023-04-08T04:31:50.065+0800][9261.343s] GC(15) Pause Young (Normal) (G1 Evacuation Pause) 372M->102M(512M) 278.142ms
[2023-04-08T04:31:50.065+0800][9261.343s] GC(15) User=0.19s Sys=0.48s Real=0.28s
[2023-04-08T04:37:27.761+0800][9599.069s] GC(16) Pause Young (Normal) (G1 Evacuation Pause)
[2023-04-08T04:37:27.762+0800][9599.070s] GC(16) Using 8 workers of 8 for evacuation
[2023-04-08T04:37:27.910+0800][9599.218s] GC(16)   Pre Evacuate Collection Set: 0.2ms
[2023-04-08T04:37:27.910+0800][9599.218s] GC(16)   Evacuate Collection Set: 142.5ms
[2023-04-08T04:37:27.910+0800][9599.218s] GC(16)   Post Evacuate Collection Set: 4.3ms
[2023-04-08T04:37:27.910+0800][9599.218s] GC(16)   Other: 1.5ms
[2023-04-08T04:37:27.910+0800][9599.218s] GC(16) Eden regions: 270->0(282)
[2023-04-08T04:37:27.910+0800][9599.218s] GC(16) Survivor regions: 37->19(39)
[2023-04-08T04:37:27.910+0800][9599.218s] GC(16) Old regions: 62->88
[2023-04-08T04:37:27.910+0800][9599.218s] GC(16) Humongous regions: 4->4
[2023-04-08T04:37:27.910+0800][9599.218s] GC(16) Metaspace: 59316K(61232K)->59316K(61232K) NonClass: 52303K(53424K)->52303K(53424K) Class: 7012K(7808K)->7012K(7808K)
[2023-04-08T04:37:27.910+0800][9599.218s] GC(16) Pause Young (Normal) (G1 Evacuation Pause) 372M->109M(512M) 148.621ms
[2023-04-08T04:37:27.910+0800][9599.218s] GC(16) User=0.23s Sys=0.35s Real=0.15s
[2023-04-08T04:39:45.470+0800][9736.776s] GC(17) Pause Young (Normal) (G1 Evacuation Pause)
[2023-04-08T04:39:45.471+0800][9736.776s] GC(17) Using 8 workers of 8 for evacuation
[2023-04-08T04:39:45.574+0800][9736.880s] GC(17)   Pre Evacuate Collection Set: 0.3ms
[2023-04-08T04:39:45.574+0800][9736.880s] GC(17)   Evacuate Collection Set: 101.4ms
[2023-04-08T04:39:45.574+0800][9736.880s] GC(17)   Post Evacuate Collection Set: 1.2ms
[2023-04-08T04:39:45.574+0800][9736.880s] GC(17)   Other: 1.2ms
[2023-04-08T04:39:45.574+0800][9736.880s] GC(17) Eden regions: 282->0(279)
[2023-04-08T04:39:45.574+0800][9736.880s] GC(17) Survivor regions: 19->22(38)
[2023-04-08T04:39:45.574+0800][9736.880s] GC(17) Old regions: 88->88
[2023-04-08T04:39:45.574+0800][9736.880s] GC(17) Humongous regions: 4->4
[2023-04-08T04:39:45.574+0800][9736.880s] GC(17) Metaspace: 59373K(61488K)->59373K(61488K) NonClass: 52361K(53680K)->52361K(53680K) Class: 7012K(7808K)->7012K(7808K)
[2023-04-08T04:39:45.574+0800][9736.880s] GC(17) Pause Young (Normal) (G1 Evacuation Pause) 391M->113M(512M) 104.233ms
[2023-04-08T04:39:45.574+0800][9736.880s] GC(17) User=0.10s Sys=0.17s Real=0.10s
[2023-04-08T04:43:11.723+0800][9943.025s] GC(18) Pause Young (Normal) (G1 Evacuation Pause)
[2023-04-08T04:43:11.724+0800][9943.026s] GC(18) Using 8 workers of 8 for evacuation
[2023-04-08T04:43:11.780+0800][9943.083s] GC(18)   Pre Evacuate Collection Set: 0.2ms
[2023-04-08T04:43:11.780+0800][9943.083s] GC(18)   Evacuate Collection Set: 51.6ms
[2023-04-08T04:43:11.780+0800][9943.083s] GC(18)   Post Evacuate Collection Set: 3.3ms
[2023-04-08T04:43:11.781+0800][9943.083s] GC(18)   Other: 2.3ms
[2023-04-08T04:43:11.781+0800][9943.083s] GC(18) Eden regions: 279->0(283)
[2023-04-08T04:43:11.781+0800][9943.083s] GC(18) Survivor regions: 22->14(38)
[2023-04-08T04:43:11.781+0800][9943.083s] GC(18) Old regions: 88->98
[2023-04-08T04:43:11.781+0800][9943.083s] GC(18) Humongous regions: 4->4
[2023-04-08T04:43:11.781+0800][9943.083s] GC(18) Metaspace: 59404K(61488K)->59404K(61488K) NonClass: 52392K(53680K)->52392K(53680K) Class: 7012K(7808K)->7012K(7808K)
[2023-04-08T04:43:11.781+0800][9943.083s] GC(18) Pause Young (Normal) (G1 Evacuation Pause) 392M->114M(512M) 57.764ms
[2023-04-08T04:43:11.781+0800][9943.083s] GC(18) User=0.10s Sys=0.10s Real=0.06s
[2023-04-08T05:56:50.222+0800][14361.374s] Heap
[2023-04-08T05:56:50.223+0800][14361.374s]  garbage-first heap   total 524288K, used 203688K [0x00000007e0000000, 0x0000000800000000)
[2023-04-08T05:56:50.223+0800][14361.375s]   region size 1024K, 99 young (101376K), 14 survivors (14336K)
[2023-04-08T05:56:50.223+0800][14361.375s]  Metaspace       used 59852K, capacity 61743K, committed 61872K, reserved 1103872K
[2023-04-08T05:56:50.223+0800][14361.375s]   class space    used 7070K, capacity 7872K, committed 7936K, reserved 1048576K
