[2023-04-09T18:39:18.262+0800][0.022s] Heap region size: 1M
[2023-04-09T18:39:18.566+0800][0.326s] Using G1
[2023-04-09T18:39:18.566+0800][0.326s] Heap address: 0x00000000e0000000, size: 512 MB, Compressed Oops mode: 32-bit
[2023-04-09T18:39:19.491+0800][1.250s] GC(0) Pause Young (Normal) (G1 Evacuation Pause)
[2023-04-09T18:39:19.491+0800][1.251s] GC(0) Using 8 workers of 8 for evacuation
[2023-04-09T18:39:19.500+0800][1.259s] GC(0)   Pre Evacuate Collection Set: 0.0ms
[2023-04-09T18:39:19.500+0800][1.259s] GC(0)   Evacuate Collection Set: 7.7ms
[2023-04-09T18:39:19.500+0800][1.259s] GC(0)   Post Evacuate Collection Set: 0.5ms
[2023-04-09T18:39:19.500+0800][1.259s] GC(0)   Other: 0.7ms
[2023-04-09T18:39:19.500+0800][1.259s] GC(0) Eden regions: 30->0(303)
[2023-04-09T18:39:19.500+0800][1.259s] GC(0) Survivor regions: 0->4(4)
[2023-04-09T18:39:19.500+0800][1.260s] GC(0) Old regions: 0->0
[2023-04-09T18:39:19.500+0800][1.260s] GC(0) Humongous regions: 0->0
[2023-04-09T18:39:19.500+0800][1.260s] GC(0) Metaspace: 13084K(13568K)->13084K(13568K) NonClass: 11737K(12032K)->11737K(12032K) Class: 1346K(1536K)->1346K(1536K)
[2023-04-09T18:39:19.500+0800][1.260s] GC(0) Pause Young (Normal) (G1 Evacuation Pause) 30M->3M(512M) 9.358ms
[2023-04-09T18:39:19.500+0800][1.260s] GC(0) User=0.03s Sys=0.00s Real=0.01s
[2023-04-09T18:39:20.096+0800][1.856s] GC(1) Pause Young (Concurrent Start) (Metadata GC Threshold)
[2023-04-09T18:39:20.096+0800][1.856s] GC(1) Using 8 workers of 8 for evacuation
[2023-04-09T18:39:20.105+0800][1.865s] GC(1)   Pre Evacuate Collection Set: 0.0ms
[2023-04-09T18:39:20.106+0800][1.865s] GC(1)   Evacuate Collection Set: 8.4ms
[2023-04-09T18:39:20.106+0800][1.865s] GC(1)   Post Evacuate Collection Set: 0.6ms
[2023-04-09T18:39:20.106+0800][1.865s] GC(1)   Other: 0.3ms
[2023-04-09T18:39:20.106+0800][1.865s] GC(1) Eden regions: 29->0(213)
[2023-04-09T18:39:20.106+0800][1.865s] GC(1) Survivor regions: 4->13(39)
[2023-04-09T18:39:20.106+0800][1.865s] GC(1) Old regions: 0->0
[2023-04-09T18:39:20.106+0800][1.865s] GC(1) Humongous regions: 4->4
[2023-04-09T18:39:20.106+0800][1.865s] GC(1) Metaspace: 20669K(21296K)->20669K(21296K) NonClass: 18419K(18864K)->18419K(18864K) Class: 2249K(2432K)->2249K(2432K)
[2023-04-09T18:39:20.106+0800][1.865s] GC(1) Pause Young (Concurrent Start) (Metadata GC Threshold) 36M->16M(512M) 9.517ms
[2023-04-09T18:39:20.106+0800][1.865s] GC(1) User=0.00s Sys=0.02s Real=0.01s
[2023-04-09T18:39:20.106+0800][1.865s] GC(2) Concurrent Cycle
[2023-04-09T18:39:20.106+0800][1.865s] GC(2) Concurrent Clear Claimed Marks
[2023-04-09T18:39:20.106+0800][1.865s] GC(2) Concurrent Clear Claimed Marks 0.045ms
[2023-04-09T18:39:20.106+0800][1.865s] GC(2) Concurrent Scan Root Regions
[2023-04-09T18:39:20.109+0800][1.869s] GC(2) Concurrent Scan Root Regions 3.339ms
[2023-04-09T18:39:20.109+0800][1.869s] GC(2) Concurrent Mark (1.869s)
[2023-04-09T18:39:20.109+0800][1.869s] GC(2) Concurrent Mark From Roots
[2023-04-09T18:39:20.109+0800][1.869s] GC(2) Using 2 workers of 2 for marking
[2023-04-09T18:39:20.111+0800][1.870s] GC(2) Concurrent Mark From Roots 1.217ms
[2023-04-09T18:39:20.111+0800][1.870s] GC(2) Concurrent Preclean
[2023-04-09T18:39:20.111+0800][1.870s] GC(2) Concurrent Preclean 0.196ms
[2023-04-09T18:39:20.111+0800][1.870s] GC(2) Concurrent Mark (1.869s, 1.870s) 1.494ms
[2023-04-09T18:39:20.111+0800][1.870s] GC(2) Pause Remark
[2023-04-09T18:39:20.112+0800][1.871s] GC(2) Cleaned string and symbol table, strings: 10384 processed, 0 removed, symbols: 68322 processed, 18 removed
[2023-04-09T18:39:20.112+0800][1.872s] GC(2) Pause Remark 16M->16M(512M) 1.214ms
[2023-04-09T18:39:20.112+0800][1.872s] GC(2) User=0.00s Sys=0.00s Real=0.00s
[2023-04-09T18:39:20.112+0800][1.872s] GC(2) Concurrent Rebuild Remembered Sets
[2023-04-09T18:39:20.115+0800][1.874s] GC(2) Concurrent Rebuild Remembered Sets 2.391ms
[2023-04-09T18:39:20.115+0800][1.874s] GC(2) Pause Cleanup
[2023-04-09T18:39:20.115+0800][1.874s] GC(2) Pause Cleanup 16M->16M(512M) 0.169ms
[2023-04-09T18:39:20.115+0800][1.874s] GC(2) User=0.00s Sys=0.00s Real=0.00s
[2023-04-09T18:39:20.115+0800][1.875s] GC(2) Concurrent Cleanup for Next Mark
[2023-04-09T18:39:20.116+0800][1.875s] GC(2) Concurrent Cleanup for Next Mark 0.808ms
[2023-04-09T18:39:20.116+0800][1.875s] GC(2) Concurrent Cycle 10.204ms
[2023-04-09T18:39:20.799+0800][2.558s] GC(3) Pause Young (Normal) (G1 Evacuation Pause)
[2023-04-09T18:39:20.799+0800][2.558s] GC(3) Using 8 workers of 8 for evacuation
[2023-04-09T18:39:20.806+0800][2.566s] GC(3)   Pre Evacuate Collection Set: 0.0ms
[2023-04-09T18:39:20.806+0800][2.566s] GC(3)   Evacuate Collection Set: 6.9ms
[2023-04-09T18:39:20.806+0800][2.566s] GC(3)   Post Evacuate Collection Set: 0.7ms
[2023-04-09T18:39:20.807+0800][2.566s] GC(3)   Other: 0.2ms
[2023-04-09T18:39:20.807+0800][2.566s] GC(3) Eden regions: 106->0(301)
[2023-04-09T18:39:20.807+0800][2.566s] GC(3) Survivor regions: 13->6(15)
[2023-04-09T18:39:20.807+0800][2.566s] GC(3) Old regions: 0->12
[2023-04-09T18:39:20.807+0800][2.566s] GC(3) Humongous regions: 4->4
[2023-04-09T18:39:20.807+0800][2.566s] GC(3) Metaspace: 25148K(26032K)->25148K(26032K) NonClass: 22419K(22960K)->22419K(22960K) Class: 2729K(3072K)->2729K(3072K)
[2023-04-09T18:39:20.807+0800][2.567s] GC(3) Pause Young (Normal) (G1 Evacuation Pause) 122M->21M(512M) 8.134ms
[2023-04-09T18:39:20.807+0800][2.567s] GC(3) User=0.00s Sys=0.00s Real=0.01s
[2023-04-09T18:39:22.104+0800][3.863s] GC(4) Pause Young (Concurrent Start) (Metadata GC Threshold)
[2023-04-09T18:39:22.104+0800][3.863s] GC(4) Using 8 workers of 8 for evacuation
[2023-04-09T18:39:22.108+0800][3.868s] GC(4)   Pre Evacuate Collection Set: 0.0ms
[2023-04-09T18:39:22.108+0800][3.868s] GC(4)   Evacuate Collection Set: 3.4ms
[2023-04-09T18:39:22.108+0800][3.868s] GC(4)   Post Evacuate Collection Set: 0.7ms
[2023-04-09T18:39:22.109+0800][3.868s] GC(4)   Other: 0.2ms
[2023-04-09T18:39:22.109+0800][3.868s] GC(4) Eden regions: 266->0(292)
[2023-04-09T18:39:22.109+0800][3.868s] GC(4) Survivor regions: 6->10(39)
[2023-04-09T18:39:22.109+0800][3.868s] GC(4) Old regions: 12->12
[2023-04-09T18:39:22.109+0800][3.868s] GC(4) Humongous regions: 5->4
[2023-04-09T18:39:22.109+0800][3.868s] GC(4) Metaspace: 34877K(35708K)->34877K(35708K) NonClass: 30981K(31484K)->30981K(31484K) Class: 3896K(4224K)->3896K(4224K)
[2023-04-09T18:39:22.109+0800][3.868s] GC(4) Pause Young (Concurrent Start) (Metadata GC Threshold) 288M->25M(512M) 4.685ms
[2023-04-09T18:39:22.109+0800][3.868s] GC(4) User=0.12s Sys=0.00s Real=0.00s
[2023-04-09T18:39:22.109+0800][3.868s] GC(5) Concurrent Cycle
[2023-04-09T18:39:22.109+0800][3.868s] GC(5) Concurrent Clear Claimed Marks
[2023-04-09T18:39:22.109+0800][3.868s] GC(5) Concurrent Clear Claimed Marks 0.056ms
[2023-04-09T18:39:22.109+0800][3.868s] GC(5) Concurrent Scan Root Regions
[2023-04-09T18:39:22.111+0800][3.871s] GC(5) Concurrent Scan Root Regions 2.327ms
[2023-04-09T18:39:22.111+0800][3.871s] GC(5) Concurrent Mark (3.871s)
[2023-04-09T18:39:22.111+0800][3.871s] GC(5) Concurrent Mark From Roots
[2023-04-09T18:39:22.111+0800][3.871s] GC(5) Using 2 workers of 2 for marking
[2023-04-09T18:39:22.134+0800][3.894s] GC(5) Concurrent Mark From Roots 22.991ms
[2023-04-09T18:39:22.134+0800][3.894s] GC(5) Concurrent Preclean
[2023-04-09T18:39:22.135+0800][3.894s] GC(5) Concurrent Preclean 0.264ms
[2023-04-09T18:39:22.135+0800][3.894s] GC(5) Concurrent Mark (3.871s, 3.894s) 23.347ms
[2023-04-09T18:39:22.135+0800][3.894s] GC(5) Pause Remark
[2023-04-09T18:39:22.137+0800][3.896s] GC(5) Cleaned string and symbol table, strings: 16541 processed, 21 removed, symbols: 115680 processed, 31 removed
[2023-04-09T18:39:22.137+0800][3.896s] GC(5) Pause Remark 29M->29M(512M) 2.123ms
[2023-04-09T18:39:22.137+0800][3.896s] GC(5) User=0.12s Sys=0.00s Real=0.00s
[2023-04-09T18:39:22.137+0800][3.896s] GC(5) Concurrent Rebuild Remembered Sets
[2023-04-09T18:39:22.145+0800][3.905s] GC(5) Concurrent Rebuild Remembered Sets 8.263ms
[2023-04-09T18:39:22.146+0800][3.905s] GC(5) Pause Cleanup
[2023-04-09T18:39:22.146+0800][3.905s] GC(5) Pause Cleanup 31M->31M(512M) 0.092ms
[2023-04-09T18:39:22.146+0800][3.905s] GC(5) User=0.00s Sys=0.00s Real=0.00s
[2023-04-09T18:39:22.146+0800][3.905s] GC(5) Concurrent Cleanup for Next Mark
[2023-04-09T18:39:22.147+0800][3.906s] GC(5) Concurrent Cleanup for Next Mark 0.763ms
[2023-04-09T18:39:22.147+0800][3.906s] GC(5) Concurrent Cycle 37.817ms
[2023-04-09T18:39:23.364+0800][5.124s] GC(6) Pause Young (Normal) (G1 Evacuation Pause)
[2023-04-09T18:39:23.364+0800][5.124s] GC(6) Using 8 workers of 8 for evacuation
[2023-04-09T18:39:23.372+0800][5.132s] GC(6)   Pre Evacuate Collection Set: 0.0ms
[2023-04-09T18:39:23.372+0800][5.132s] GC(6)   Evacuate Collection Set: 7.0ms
[2023-04-09T18:39:23.372+0800][5.132s] GC(6)   Post Evacuate Collection Set: 0.8ms
[2023-04-09T18:39:23.372+0800][5.132s] GC(6)   Other: 0.2ms
[2023-04-09T18:39:23.372+0800][5.132s] GC(6) Eden regions: 292->0(292)
[2023-04-09T18:39:23.372+0800][5.132s] GC(6) Survivor regions: 10->15(38)
[2023-04-09T18:39:23.373+0800][5.132s] GC(6) Old regions: 12->12
[2023-04-09T18:39:23.373+0800][5.132s] GC(6) Humongous regions: 4->4
[2023-04-09T18:39:23.373+0800][5.132s] GC(6) Metaspace: 46723K(47920K)->46723K(47920K) NonClass: 41249K(41904K)->41249K(41904K) Class: 5474K(6016K)->5474K(6016K)
[2023-04-09T18:39:23.373+0800][5.132s] GC(6) Pause Young (Normal) (G1 Evacuation Pause) 317M->30M(512M) 8.290ms
[2023-04-09T18:39:23.373+0800][5.132s] GC(6) User=0.12s Sys=0.00s Real=0.01s
[2023-04-09T18:39:24.412+0800][6.172s] GC(7) Pause Young (Normal) (G1 Evacuation Pause)
[2023-04-09T18:39:24.412+0800][6.172s] GC(7) Using 8 workers of 8 for evacuation
[2023-04-09T18:39:24.425+0800][6.185s] GC(7)   Pre Evacuate Collection Set: 0.0ms
[2023-04-09T18:39:24.425+0800][6.185s] GC(7)   Evacuate Collection Set: 11.0ms
[2023-04-09T18:39:24.425+0800][6.185s] GC(7)   Post Evacuate Collection Set: 1.1ms
[2023-04-09T18:39:24.425+0800][6.185s] GC(7)   Other: 0.3ms
[2023-04-09T18:39:24.425+0800][6.185s] GC(7) Eden regions: 292->0(279)
[2023-04-09T18:39:24.425+0800][6.185s] GC(7) Survivor regions: 15->28(39)
[2023-04-09T18:39:24.425+0800][6.185s] GC(7) Old regions: 12->12
[2023-04-09T18:39:24.425+0800][6.185s] GC(7) Humongous regions: 4->4
[2023-04-09T18:39:24.425+0800][6.185s] GC(7) Metaspace: 54252K(55984K)->54252K(55984K) NonClass: 47812K(48816K)->47812K(48816K) Class: 6439K(7168K)->6439K(7168K)
[2023-04-09T18:39:24.425+0800][6.185s] GC(7) Pause Young (Normal) (G1 Evacuation Pause) 322M->43M(512M) 12.745ms
[2023-04-09T18:39:24.425+0800][6.185s] GC(7) User=0.12s Sys=0.00s Real=0.01s
[2023-04-09T18:40:02.119+0800][43.878s] Heap
[2023-04-09T18:40:02.119+0800][43.878s]  garbage-first heap   total 524288K, used 149470K [0x00000000e0000000, 0x0000000100000000)
[2023-04-09T18:40:02.119+0800][43.878s]   region size 1024K, 131 young (134144K), 28 survivors (28672K)
[2023-04-09T18:40:02.119+0800][43.878s]  Metaspace       used 56791K, capacity 58461K, committed 58672K, reserved 1099776K
[2023-04-09T18:40:02.119+0800][43.878s]   class space    used 6794K, capacity 7537K, committed 7552K, reserved 1048576K
