[2023-04-07T16:29:15.408+0800][0.021s] Heap region size: 1M
[2023-04-07T16:29:15.779+0800][0.392s] Using G1
[2023-04-07T16:29:15.779+0800][0.392s] Heap address: 0x00000007e0000000, size: 512 MB, Compressed Oops mode: Zero based, Oop shift amount: 3
[2023-04-07T16:29:17.441+0800][2.054s] GC(0) Pause Young (Normal) (G1 Evacuation Pause)
[2023-04-07T16:29:17.442+0800][2.054s] GC(0) Using 8 workers of 8 for evacuation
[2023-04-07T16:29:17.466+0800][2.079s] GC(0)   Pre Evacuate Collection Set: 0.0ms
[2023-04-07T16:29:17.466+0800][2.079s] GC(0)   Evacuate Collection Set: 14.8ms
[2023-04-07T16:29:17.466+0800][2.079s] GC(0)   Post Evacuate Collection Set: 9.6ms
[2023-04-07T16:29:17.466+0800][2.079s] GC(0)   Other: 1.0ms
[2023-04-07T16:29:17.466+0800][2.079s] GC(0) Eden regions: 30->0(303)
[2023-04-07T16:29:17.466+0800][2.079s] GC(0) Survivor regions: 0->4(4)
[2023-04-07T16:29:17.466+0800][2.079s] GC(0) Old regions: 0->0
[2023-04-07T16:29:17.466+0800][2.079s] GC(0) Humongous regions: 0->0
[2023-04-07T16:29:17.466+0800][2.079s] GC(0) Metaspace: 14731K(15360K)->14731K(15360K) NonClass: 13181K(13568K)->13181K(13568K) Class: 1550K(1792K)->1550K(1792K)
[2023-04-07T16:29:17.466+0800][2.079s] GC(0) Pause Young (Normal) (G1 Evacuation Pause) 30M->3M(512M) 25.502ms
[2023-04-07T16:29:17.466+0800][2.079s] GC(0) User=0.06s Sys=0.00s Real=0.02s
[2023-04-07T16:29:18.308+0800][2.921s] GC(1) Pause Young (Concurrent Start) (Metadata GC Threshold)
[2023-04-07T16:29:18.308+0800][2.921s] GC(1) Using 8 workers of 8 for evacuation
[2023-04-07T16:29:18.342+0800][2.955s] GC(1)   Pre Evacuate Collection Set: 0.0ms
[2023-04-07T16:29:18.342+0800][2.955s] GC(1)   Evacuate Collection Set: 22.4ms
[2023-04-07T16:29:18.342+0800][2.955s] GC(1)   Post Evacuate Collection Set: 11.4ms
[2023-04-07T16:29:18.342+0800][2.955s] GC(1)   Other: 0.4ms
[2023-04-07T16:29:18.342+0800][2.955s] GC(1) Eden regions: 22->0(63)
[2023-04-07T16:29:18.342+0800][2.955s] GC(1) Survivor regions: 4->13(39)
[2023-04-07T16:29:18.342+0800][2.955s] GC(1) Old regions: 0->0
[2023-04-07T16:29:18.342+0800][2.955s] GC(1) Humongous regions: 4->4
[2023-04-07T16:29:18.342+0800][2.955s] GC(1) Metaspace: 20618K(21296K)->20618K(21296K) NonClass: 18371K(18864K)->18371K(18864K) Class: 2246K(2432K)->2246K(2432K)
[2023-04-07T16:29:18.342+0800][2.955s] GC(1) Pause Young (Concurrent Start) (Metadata GC Threshold) 29M->16M(512M) 34.391ms
[2023-04-07T16:29:18.342+0800][2.955s] GC(1) User=0.10s Sys=0.00s Real=0.04s
[2023-04-07T16:29:18.343+0800][2.955s] GC(2) Concurrent Cycle
[2023-04-07T16:29:18.343+0800][2.955s] GC(2) Concurrent Clear Claimed Marks
[2023-04-07T16:29:18.343+0800][2.955s] GC(2) Concurrent Clear Claimed Marks 0.042ms
[2023-04-07T16:29:18.343+0800][2.955s] GC(2) Concurrent Scan Root Regions
[2023-04-07T16:29:18.349+0800][2.961s] GC(2) Concurrent Scan Root Regions 5.863ms
[2023-04-07T16:29:18.349+0800][2.961s] GC(2) Concurrent Mark (2.961s)
[2023-04-07T16:29:18.349+0800][2.961s] GC(2) Concurrent Mark From Roots
[2023-04-07T16:29:18.349+0800][2.961s] GC(2) Using 2 workers of 2 for marking
[2023-04-07T16:29:18.351+0800][2.963s] GC(2) Concurrent Mark From Roots 2.015ms
[2023-04-07T16:29:18.351+0800][2.964s] GC(2) Concurrent Preclean
[2023-04-07T16:29:18.351+0800][2.964s] GC(2) Concurrent Preclean 0.060ms
[2023-04-07T16:29:18.351+0800][2.964s] GC(2) Concurrent Mark (2.961s, 2.964s) 2.185ms
[2023-04-07T16:29:18.351+0800][2.964s] GC(2) Pause Remark
[2023-04-07T16:29:18.363+0800][2.976s] GC(2) Cleaned string and symbol table, strings: 10305 processed, 0 removed, symbols: 67949 processed, 17 removed
[2023-04-07T16:29:18.363+0800][2.976s] GC(2) Pause Remark 16M->16M(512M) 12.506ms
[2023-04-07T16:29:18.364+0800][2.976s] GC(2) User=0.02s Sys=0.00s Real=0.01s
[2023-04-07T16:29:18.364+0800][2.976s] GC(2) Concurrent Rebuild Remembered Sets
[2023-04-07T16:29:18.368+0800][2.981s] GC(2) Concurrent Rebuild Remembered Sets 4.183ms
[2023-04-07T16:29:18.368+0800][2.981s] GC(2) Pause Cleanup
[2023-04-07T16:29:18.368+0800][2.981s] GC(2) Pause Cleanup 16M->16M(512M) 0.176ms
[2023-04-07T16:29:18.368+0800][2.981s] GC(2) User=0.00s Sys=0.00s Real=0.00s
[2023-04-07T16:29:18.368+0800][2.981s] GC(2) Concurrent Cleanup for Next Mark
[2023-04-07T16:29:18.369+0800][2.982s] GC(2) Concurrent Cleanup for Next Mark 0.718ms
[2023-04-07T16:29:18.369+0800][2.982s] GC(2) Concurrent Cycle 26.681ms
[2023-04-07T16:29:19.393+0800][4.005s] GC(3) Pause Young (Normal) (G1 Evacuation Pause)
[2023-04-07T16:29:19.393+0800][4.006s] GC(3) Using 8 workers of 8 for evacuation
[2023-04-07T16:29:19.417+0800][4.030s] GC(3)   Pre Evacuate Collection Set: 0.0ms
[2023-04-07T16:29:19.417+0800][4.030s] GC(3)   Evacuate Collection Set: 23.4ms
[2023-04-07T16:29:19.417+0800][4.030s] GC(3)   Post Evacuate Collection Set: 0.9ms
[2023-04-07T16:29:19.417+0800][4.030s] GC(3)   Other: 0.2ms
[2023-04-07T16:29:19.417+0800][4.030s] GC(3) Eden regions: 38->0(302)
[2023-04-07T16:29:19.417+0800][4.030s] GC(3) Survivor regions: 13->5(7)
[2023-04-07T16:29:19.417+0800][4.030s] GC(3) Old regions: 0->12
[2023-04-07T16:29:19.417+0800][4.030s] GC(3) Humongous regions: 4->4
[2023-04-07T16:29:19.417+0800][4.030s] GC(3) Metaspace: 25081K(26032K)->25081K(26032K) NonClass: 22354K(22960K)->22354K(22960K) Class: 2727K(3072K)->2727K(3072K)
[2023-04-07T16:29:19.418+0800][4.030s] GC(3) Pause Young (Normal) (G1 Evacuation Pause) 54M->20M(512M) 24.898ms
[2023-04-07T16:29:19.418+0800][4.030s] GC(3) User=0.12s Sys=0.01s Real=0.02s
[2023-04-07T16:29:21.904+0800][6.516s] GC(4) Pause Young (Concurrent Start) (Metadata GC Threshold)
[2023-04-07T16:29:21.904+0800][6.516s] GC(4) Using 8 workers of 8 for evacuation
[2023-04-07T16:29:21.912+0800][6.525s] GC(4)   Pre Evacuate Collection Set: 0.0ms
[2023-04-07T16:29:21.912+0800][6.525s] GC(4)   Evacuate Collection Set: 6.3ms
[2023-04-07T16:29:21.912+0800][6.525s] GC(4)   Post Evacuate Collection Set: 1.7ms
[2023-04-07T16:29:21.912+0800][6.525s] GC(4)   Other: 0.3ms
[2023-04-07T16:29:21.912+0800][6.525s] GC(4) Eden regions: 134->0(168)
[2023-04-07T16:29:21.912+0800][6.525s] GC(4) Survivor regions: 5->9(39)
[2023-04-07T16:29:21.912+0800][6.525s] GC(4) Old regions: 12->12
[2023-04-07T16:29:21.912+0800][6.525s] GC(4) Humongous regions: 5->4
[2023-04-07T16:29:21.912+0800][6.525s] GC(4) Metaspace: 34718K(35632K)->34718K(35632K) NonClass: 30837K(31408K)->30837K(31408K) Class: 3880K(4224K)->3880K(4224K)
[2023-04-07T16:29:21.912+0800][6.525s] GC(4) Pause Young (Concurrent Start) (Metadata GC Threshold) 155M->24M(512M) 8.498ms
[2023-04-07T16:29:21.912+0800][6.525s] GC(4) User=0.03s Sys=0.00s Real=0.01s
[2023-04-07T16:29:21.912+0800][6.525s] GC(5) Concurrent Cycle
[2023-04-07T16:29:21.912+0800][6.525s] GC(5) Concurrent Clear Claimed Marks
[2023-04-07T16:29:21.912+0800][6.525s] GC(5) Concurrent Clear Claimed Marks 0.041ms
[2023-04-07T16:29:21.912+0800][6.525s] GC(5) Concurrent Scan Root Regions
[2023-04-07T16:29:21.915+0800][6.528s] GC(5) Concurrent Scan Root Regions 2.822ms
[2023-04-07T16:29:21.915+0800][6.528s] GC(5) Concurrent Mark (6.528s)
[2023-04-07T16:29:21.915+0800][6.528s] GC(5) Concurrent Mark From Roots
[2023-04-07T16:29:21.915+0800][6.528s] GC(5) Using 2 workers of 2 for marking
[2023-04-07T16:29:21.948+0800][6.561s] GC(5) Concurrent Mark From Roots 33.221ms
[2023-04-07T16:29:21.948+0800][6.561s] GC(5) Concurrent Preclean
[2023-04-07T16:29:21.948+0800][6.561s] GC(5) Concurrent Preclean 0.069ms
[2023-04-07T16:29:21.948+0800][6.561s] GC(5) Concurrent Mark (6.528s, 6.561s) 33.386ms
[2023-04-07T16:29:21.949+0800][6.562s] GC(5) Pause Remark
[2023-04-07T16:29:21.953+0800][6.566s] GC(5) Cleaned string and symbol table, strings: 16371 processed, 20 removed, symbols: 114667 processed, 29 removed
[2023-04-07T16:29:21.953+0800][6.566s] GC(5) Pause Remark 25M->25M(512M) 4.501ms
[2023-04-07T16:29:21.954+0800][6.566s] GC(5) User=0.03s Sys=0.00s Real=0.01s
[2023-04-07T16:29:21.954+0800][6.566s] GC(5) Concurrent Rebuild Remembered Sets
[2023-04-07T16:29:21.968+0800][6.581s] GC(5) Concurrent Rebuild Remembered Sets 14.619ms
[2023-04-07T16:29:21.969+0800][6.581s] GC(5) Pause Cleanup
[2023-04-07T16:29:21.969+0800][6.582s] GC(5) Pause Cleanup 26M->26M(512M) 0.130ms
[2023-04-07T16:29:21.969+0800][6.582s] GC(5) User=0.00s Sys=0.00s Real=0.00s
[2023-04-07T16:29:21.969+0800][6.582s] GC(5) Concurrent Cleanup for Next Mark
[2023-04-07T16:29:21.970+0800][6.582s] GC(5) Concurrent Cleanup for Next Mark 0.657ms
[2023-04-07T16:29:21.970+0800][6.582s] GC(5) Concurrent Cycle 57.536ms
[2023-04-07T16:29:23.968+0800][8.580s] GC(6) Pause Young (Normal) (G1 Evacuation Pause)
[2023-04-07T16:29:23.968+0800][8.581s] GC(6) Using 8 workers of 8 for evacuation
[2023-04-07T16:29:23.988+0800][8.601s] GC(6)   Pre Evacuate Collection Set: 0.0ms
[2023-04-07T16:29:23.988+0800][8.601s] GC(6)   Evacuate Collection Set: 8.3ms
[2023-04-07T16:29:23.988+0800][8.601s] GC(6)   Post Evacuate Collection Set: 11.6ms
[2023-04-07T16:29:23.988+0800][8.601s] GC(6)   Other: 0.5ms
[2023-04-07T16:29:23.988+0800][8.601s] GC(6) Eden regions: 168->0(251)
[2023-04-07T16:29:23.988+0800][8.601s] GC(6) Survivor regions: 9->15(23)
[2023-04-07T16:29:23.988+0800][8.601s] GC(6) Old regions: 12->12
[2023-04-07T16:29:23.988+0800][8.601s] GC(6) Humongous regions: 4->4
[2023-04-07T16:29:23.988+0800][8.601s] GC(6) Metaspace: 47576K(49200K)->47576K(49200K) NonClass: 41956K(42928K)->41956K(42928K) Class: 5619K(6272K)->5619K(6272K)
[2023-04-07T16:29:23.988+0800][8.601s] GC(6) Pause Young (Normal) (G1 Evacuation Pause) 192M->30M(512M) 20.678ms
[2023-04-07T16:29:23.988+0800][8.601s] GC(6) User=0.06s Sys=0.00s Real=0.02s
[2023-04-07T16:57:55.859+0800][1720.490s] GC(7) Pause Young (Normal) (G1 Evacuation Pause)
[2023-04-07T16:57:55.860+0800][1720.491s] GC(7) Using 8 workers of 8 for evacuation
[2023-04-07T16:57:55.986+0800][1720.616s] GC(7)   Pre Evacuate Collection Set: 0.3ms
[2023-04-07T16:57:55.986+0800][1720.617s] GC(7)   Evacuate Collection Set: 122.2ms
[2023-04-07T16:57:55.986+0800][1720.617s] GC(7)   Post Evacuate Collection Set: 3.1ms
[2023-04-07T16:57:55.986+0800][1720.617s] GC(7)   Other: 2.4ms
[2023-04-07T16:57:55.986+0800][1720.617s] GC(7) Eden regions: 251->0(273)
[2023-04-07T16:57:55.986+0800][1720.617s] GC(7) Survivor regions: 15->34(34)
[2023-04-07T16:57:55.986+0800][1720.617s] GC(7) Old regions: 12->19
[2023-04-07T16:57:55.986+0800][1720.617s] GC(7) Humongous regions: 4->4
[2023-04-07T16:57:55.986+0800][1720.617s] GC(7) Metaspace: 56915K(58928K)->56915K(58928K) NonClass: 50139K(51376K)->50139K(51376K) Class: 6775K(7552K)->6775K(7552K)
[2023-04-07T16:57:55.986+0800][1720.617s] GC(7) Pause Young (Normal) (G1 Evacuation Pause) 281M->56M(512M) 126.681ms
[2023-04-07T16:57:55.986+0800][1720.617s] GC(7) User=0.25s Sys=0.45s Real=0.13s
[2023-04-07T16:58:51.103+0800][1775.733s] GC(8) Pause Young (Normal) (G1 Evacuation Pause)
[2023-04-07T16:58:51.104+0800][1775.734s] GC(8) Using 8 workers of 8 for evacuation
[2023-04-07T16:58:51.209+0800][1775.839s] GC(8)   Pre Evacuate Collection Set: 0.0ms
[2023-04-07T16:58:51.209+0800][1775.839s] GC(8)   Evacuate Collection Set: 104.1ms
[2023-04-07T16:58:51.209+0800][1775.840s] GC(8)   Post Evacuate Collection Set: 1.3ms
[2023-04-07T16:58:51.209+0800][1775.840s] GC(8)   Other: 1.2ms
[2023-04-07T16:58:51.209+0800][1775.840s] GC(8) Eden regions: 209->0(261)
[2023-04-07T16:58:51.209+0800][1775.840s] GC(8) Survivor regions: 34->11(31)
[2023-04-07T16:58:51.209+0800][1775.840s] GC(8) Old regions: 19->54
[2023-04-07T16:58:51.209+0800][1775.840s] GC(8) Humongous regions: 4->4
[2023-04-07T16:58:51.210+0800][1775.840s] GC(8) Metaspace: 57625K(59440K)->57625K(59440K) NonClass: 50784K(51888K)->50784K(51888K) Class: 6840K(7552K)->6840K(7552K)
[2023-04-07T16:58:51.210+0800][1775.840s] GC(8) Pause Young (Normal) (G1 Evacuation Pause) 265M->68M(512M) 106.783ms
[2023-04-07T16:58:51.210+0800][1775.840s] GC(8) User=0.20s Sys=0.10s Real=0.11s
[2023-04-07T17:01:19.806+0800][1924.433s] GC(9) Pause Young (Concurrent Start) (Metadata GC Threshold)
[2023-04-07T17:01:19.808+0800][1924.436s] GC(9) Using 8 workers of 8 for evacuation
[2023-04-07T17:01:19.882+0800][1924.510s] GC(9)   Pre Evacuate Collection Set: 1.8ms
[2023-04-07T17:01:19.883+0800][1924.510s] GC(9)   Evacuate Collection Set: 68.7ms
[2023-04-07T17:01:19.883+0800][1924.510s] GC(9)   Post Evacuate Collection Set: 2.0ms
[2023-04-07T17:01:19.883+0800][1924.511s] GC(9)   Other: 4.5ms
[2023-04-07T17:01:19.883+0800][1924.511s] GC(9) Eden regions: 51->0(269)
[2023-04-07T17:01:19.883+0800][1924.511s] GC(9) Survivor regions: 11->12(34)
[2023-04-07T17:01:19.883+0800][1924.511s] GC(9) Old regions: 54->54
[2023-04-07T17:01:19.883+0800][1924.511s] GC(9) Humongous regions: 4->4
[2023-04-07T17:01:19.883+0800][1924.511s] GC(9) Metaspace: 58164K(60028K)->58164K(60028K) NonClass: 51293K(52348K)->51293K(52348K) Class: 6870K(7680K)->6870K(7680K)
[2023-04-07T17:01:19.885+0800][1924.513s] GC(9) Pause Young (Concurrent Start) (Metadata GC Threshold) 118M->68M(512M) 79.490ms
[2023-04-07T17:01:19.885+0800][1924.513s] GC(9) User=0.14s Sys=0.11s Real=0.08s
[2023-04-07T17:01:19.885+0800][1924.513s] GC(10) Concurrent Cycle
[2023-04-07T17:01:19.888+0800][1924.515s] GC(10) Concurrent Clear Claimed Marks
[2023-04-07T17:01:19.889+0800][1924.517s] GC(10) Concurrent Clear Claimed Marks 1.834ms
[2023-04-07T17:01:19.889+0800][1924.517s] GC(10) Concurrent Scan Root Regions
[2023-04-07T17:01:19.901+0800][1924.529s] GC(10) Concurrent Scan Root Regions 11.181ms
[2023-04-07T17:01:19.901+0800][1924.529s] GC(10) Concurrent Mark (1924.529s)
[2023-04-07T17:01:19.901+0800][1924.529s] GC(10) Concurrent Mark From Roots
[2023-04-07T17:01:19.901+0800][1924.529s] GC(10) Using 2 workers of 2 for marking
[2023-04-07T17:01:20.024+0800][1924.652s] GC(10) Concurrent Mark From Roots 123.608ms
[2023-04-07T17:01:20.024+0800][1924.652s] GC(10) Concurrent Preclean
[2023-04-07T17:01:20.025+0800][1924.653s] GC(10) Concurrent Preclean 0.483ms
[2023-04-07T17:01:20.025+0800][1924.653s] GC(10) Concurrent Mark (1924.529s, 1924.653s) 124.221ms
[2023-04-07T17:01:20.025+0800][1924.653s] GC(10) Pause Remark
[2023-04-07T17:01:20.157+0800][1924.784s] GC(10) Cleaned string and symbol table, strings: 29727 processed, 1460 removed, symbols: 171389 processed, 551 removed
[2023-04-07T17:01:20.159+0800][1924.787s] GC(10) Pause Remark 71M->71M(512M) 134.222ms
[2023-04-07T17:01:20.159+0800][1924.787s] GC(10) User=0.08s Sys=0.38s Real=0.13s
[2023-04-07T17:01:20.159+0800][1924.787s] GC(10) Concurrent Rebuild Remembered Sets
[2023-04-07T17:01:20.199+0800][1924.827s] GC(10) Concurrent Rebuild Remembered Sets 39.901ms
[2023-04-07T17:01:20.199+0800][1924.827s] GC(10) Pause Cleanup
[2023-04-07T17:01:20.200+0800][1924.827s] GC(10) Pause Cleanup 71M->71M(512M) 0.137ms
[2023-04-07T17:01:20.200+0800][1924.827s] GC(10) User=0.00s Sys=0.00s Real=0.01s
[2023-04-07T17:01:20.200+0800][1924.828s] GC(10) Concurrent Cleanup for Next Mark
[2023-04-07T17:01:20.204+0800][1924.832s] GC(10) Concurrent Cleanup for Next Mark 4.174ms
[2023-04-07T17:01:20.204+0800][1924.832s] GC(10) Concurrent Cycle 318.789ms
[2023-04-07T17:11:49.086+0800][2553.696s] GC(11) Pause Young (Normal) (G1 Evacuation Pause)
[2023-04-07T17:11:49.087+0800][2553.697s] GC(11) Using 8 workers of 8 for evacuation
[2023-04-07T17:11:49.133+0800][2553.743s] GC(11)   Pre Evacuate Collection Set: 0.2ms
[2023-04-07T17:11:49.133+0800][2553.743s] GC(11)   Evacuate Collection Set: 39.0ms
[2023-04-07T17:11:49.133+0800][2553.743s] GC(11)   Post Evacuate Collection Set: 2.6ms
[2023-04-07T17:11:49.133+0800][2553.743s] GC(11)   Other: 5.1ms
[2023-04-07T17:11:49.133+0800][2553.743s] GC(11) Eden regions: 269->0(301)
[2023-04-07T17:11:49.133+0800][2553.743s] GC(11) Survivor regions: 12->6(36)
[2023-04-07T17:11:49.133+0800][2553.743s] GC(11) Old regions: 54->54
[2023-04-07T17:11:49.133+0800][2553.743s] GC(11) Humongous regions: 4->4
[2023-04-07T17:11:49.133+0800][2553.743s] GC(11) Metaspace: 60391K(62716K)->60391K(62716K) NonClass: 53405K(54908K)->53405K(54908K) Class: 6986K(7808K)->6986K(7808K)
[2023-04-07T17:11:49.133+0800][2553.743s] GC(11) Pause Young (Normal) (G1 Evacuation Pause) 337M->63M(512M) 47.012ms
[2023-04-07T17:11:49.133+0800][2553.743s] GC(11) User=0.08s Sys=0.14s Real=0.05s
[2023-04-08T01:04:02.437+0800][30886.400s] Heap
[2023-04-08T01:04:02.437+0800][30886.401s]  garbage-first heap   total 524288K, used 317955K [0x00000007e0000000, 0x0000000800000000)
[2023-04-08T01:04:02.437+0800][30886.401s]   region size 1024K, 254 young (260096K), 6 survivors (6144K)
[2023-04-08T01:04:02.437+0800][30886.401s]  Metaspace       used 61003K, capacity 62430K, committed 63228K, reserved 1105920K
[2023-04-08T01:04:02.437+0800][30886.401s]   class space    used 7020K, capacity 7606K, committed 7808K, reserved 1048576K
