[2023-04-09T15:44:25.284+0800][0.012s] Heap region size: 1M
[2023-04-09T15:44:25.619+0800][0.346s] Using G1
[2023-04-09T15:44:25.619+0800][0.346s] Heap address: 0x00000007e0000000, size: 512 MB, Compressed Oops mode: Zero based, Oop shift amount: 3
[2023-04-09T15:44:26.959+0800][1.686s] GC(0) Pause Young (Normal) (G1 Evacuation Pause)
[2023-04-09T15:44:26.960+0800][1.687s] GC(0) Using 8 workers of 8 for evacuation
[2023-04-09T15:44:26.964+0800][1.692s] GC(0)   Pre Evacuate Collection Set: 0.0ms
[2023-04-09T15:44:26.964+0800][1.692s] GC(0)   Evacuate Collection Set: 3.3ms
[2023-04-09T15:44:26.964+0800][1.692s] GC(0)   Post Evacuate Collection Set: 1.3ms
[2023-04-09T15:44:26.964+0800][1.692s] GC(0)   Other: 0.8ms
[2023-04-09T15:44:26.964+0800][1.692s] GC(0) Eden regions: 30->0(303)
[2023-04-09T15:44:26.964+0800][1.692s] GC(0) Survivor regions: 0->4(4)
[2023-04-09T15:44:26.964+0800][1.692s] GC(0) Old regions: 0->0
[2023-04-09T15:44:26.964+0800][1.692s] GC(0) Humongous regions: 0->0
[2023-04-09T15:44:26.965+0800][1.692s] GC(0) Metaspace: 14729K(15360K)->14729K(15360K) NonClass: 13180K(13568K)->13180K(13568K) Class: 1549K(1792K)->1549K(1792K)
[2023-04-09T15:44:26.965+0800][1.692s] GC(0) Pause Young (Normal) (G1 Evacuation Pause) 30M->3M(512M) 5.450ms
[2023-04-09T15:44:26.965+0800][1.692s] GC(0) User=0.03s Sys=0.00s Real=0.01s
[2023-04-09T15:44:27.707+0800][2.434s] GC(1) Pause Young (Concurrent Start) (Metadata GC Threshold)
[2023-04-09T15:44:27.707+0800][2.434s] GC(1) Using 8 workers of 8 for evacuation
[2023-04-09T15:44:27.721+0800][2.448s] GC(1)   Pre Evacuate Collection Set: 0.0ms
[2023-04-09T15:44:27.721+0800][2.448s] GC(1)   Evacuate Collection Set: 13.3ms
[2023-04-09T15:44:27.721+0800][2.449s] GC(1)   Post Evacuate Collection Set: 0.7ms
[2023-04-09T15:44:27.721+0800][2.449s] GC(1)   Other: 0.3ms
[2023-04-09T15:44:27.721+0800][2.449s] GC(1) Eden regions: 23->0(65)
[2023-04-09T15:44:27.721+0800][2.449s] GC(1) Survivor regions: 4->12(39)
[2023-04-09T15:44:27.721+0800][2.449s] GC(1) Old regions: 0->0
[2023-04-09T15:44:27.721+0800][2.449s] GC(1) Humongous regions: 4->4
[2023-04-09T15:44:27.721+0800][2.449s] GC(1) Metaspace: 20618K(21296K)->20618K(21296K) NonClass: 18372K(18864K)->18372K(18864K) Class: 2246K(2432K)->2246K(2432K)
[2023-04-09T15:44:27.721+0800][2.449s] GC(1) Pause Young (Concurrent Start) (Metadata GC Threshold) 30M->15M(512M) 14.630ms
[2023-04-09T15:44:27.722+0800][2.449s] GC(1) User=0.09s Sys=0.00s Real=0.02s
[2023-04-09T15:44:27.722+0800][2.449s] GC(2) Concurrent Cycle
[2023-04-09T15:44:27.722+0800][2.449s] GC(2) Concurrent Clear Claimed Marks
[2023-04-09T15:44:27.722+0800][2.449s] GC(2) Concurrent Clear Claimed Marks 0.044ms
[2023-04-09T15:44:27.722+0800][2.449s] GC(2) Concurrent Scan Root Regions
[2023-04-09T15:44:27.727+0800][2.455s] GC(2) Concurrent Scan Root Regions 5.659ms
[2023-04-09T15:44:27.727+0800][2.455s] GC(2) Concurrent Mark (2.455s)
[2023-04-09T15:44:27.728+0800][2.455s] GC(2) Concurrent Mark From Roots
[2023-04-09T15:44:27.728+0800][2.455s] GC(2) Using 2 workers of 2 for marking
[2023-04-09T15:44:27.729+0800][2.456s] GC(2) Concurrent Mark From Roots 1.311ms
[2023-04-09T15:44:27.729+0800][2.456s] GC(2) Concurrent Preclean
[2023-04-09T15:44:27.729+0800][2.456s] GC(2) Concurrent Preclean 0.100ms
[2023-04-09T15:44:27.729+0800][2.456s] GC(2) Concurrent Mark (2.455s, 2.456s) 1.521ms
[2023-04-09T15:44:27.729+0800][2.457s] GC(2) Pause Remark
[2023-04-09T15:44:27.730+0800][2.458s] GC(2) Cleaned string and symbol table, strings: 10294 processed, 0 removed, symbols: 67949 processed, 17 removed
[2023-04-09T15:44:27.731+0800][2.458s] GC(2) Pause Remark 16M->16M(512M) 1.535ms
[2023-04-09T15:44:27.731+0800][2.458s] GC(2) User=0.01s Sys=0.00s Real=0.01s
[2023-04-09T15:44:27.731+0800][2.458s] GC(2) Concurrent Rebuild Remembered Sets
[2023-04-09T15:44:27.734+0800][2.462s] GC(2) Concurrent Rebuild Remembered Sets 3.499ms
[2023-04-09T15:44:27.734+0800][2.462s] GC(2) Pause Cleanup
[2023-04-09T15:44:27.735+0800][2.462s] GC(2) Pause Cleanup 16M->16M(512M) 0.111ms
[2023-04-09T15:44:27.735+0800][2.462s] GC(2) User=0.01s Sys=0.00s Real=0.00s
[2023-04-09T15:44:27.735+0800][2.462s] GC(2) Concurrent Cleanup for Next Mark
[2023-04-09T15:44:27.736+0800][2.463s] GC(2) Concurrent Cleanup for Next Mark 0.958ms
[2023-04-09T15:44:27.736+0800][2.463s] GC(2) Concurrent Cycle 14.051ms
[2023-04-09T15:44:28.427+0800][3.155s] GC(3) Pause Young (Normal) (G1 Evacuation Pause)
[2023-04-09T15:44:28.427+0800][3.155s] GC(3) Using 8 workers of 8 for evacuation
[2023-04-09T15:44:28.471+0800][3.198s] GC(3)   Pre Evacuate Collection Set: 0.0ms
[2023-04-09T15:44:28.471+0800][3.198s] GC(3)   Evacuate Collection Set: 31.3ms
[2023-04-09T15:44:28.471+0800][3.198s] GC(3)   Post Evacuate Collection Set: 12.1ms
[2023-04-09T15:44:28.471+0800][3.198s] GC(3)   Other: 0.2ms
[2023-04-09T15:44:28.471+0800][3.198s] GC(3) Eden regions: 41->0(66)
[2023-04-09T15:44:28.471+0800][3.199s] GC(3) Survivor regions: 12->5(7)
[2023-04-09T15:44:28.471+0800][3.199s] GC(3) Old regions: 0->12
[2023-04-09T15:44:28.471+0800][3.199s] GC(3) Humongous regions: 4->4
[2023-04-09T15:44:28.471+0800][3.199s] GC(3) Metaspace: 25053K(26032K)->25053K(26032K) NonClass: 22328K(22960K)->22328K(22960K) Class: 2724K(3072K)->2724K(3072K)
[2023-04-09T15:44:28.471+0800][3.199s] GC(3) Pause Young (Normal) (G1 Evacuation Pause) 56M->20M(512M) 43.947ms
[2023-04-09T15:44:28.471+0800][3.199s] GC(3) User=0.08s Sys=0.00s Real=0.05s
[2023-04-09T15:44:29.139+0800][3.866s] GC(4) Pause Young (Normal) (G1 Evacuation Pause)
[2023-04-09T15:44:29.139+0800][3.866s] GC(4) Using 8 workers of 8 for evacuation
[2023-04-09T15:44:29.143+0800][3.870s] GC(4)   Pre Evacuate Collection Set: 0.0ms
[2023-04-09T15:44:29.143+0800][3.870s] GC(4)   Evacuate Collection Set: 2.6ms
[2023-04-09T15:44:29.143+0800][3.871s] GC(4)   Post Evacuate Collection Set: 1.6ms
[2023-04-09T15:44:29.143+0800][3.871s] GC(4)   Other: 0.2ms
[2023-04-09T15:44:29.143+0800][3.871s] GC(4) Eden regions: 66->0(115)
[2023-04-09T15:44:29.143+0800][3.871s] GC(4) Survivor regions: 5->7(9)
[2023-04-09T15:44:29.143+0800][3.871s] GC(4) Old regions: 12->12
[2023-04-09T15:44:29.143+0800][3.871s] GC(4) Humongous regions: 4->4
[2023-04-09T15:44:29.143+0800][3.871s] GC(4) Metaspace: 28182K(29232K)->28182K(29232K) NonClass: 25098K(25776K)->25098K(25776K) Class: 3084K(3456K)->3084K(3456K)
[2023-04-09T15:44:29.143+0800][3.871s] GC(4) Pause Young (Normal) (G1 Evacuation Pause) 86M->22M(512M) 4.534ms
[2023-04-09T15:44:29.143+0800][3.871s] GC(4) User=0.02s Sys=0.00s Real=0.01s
[2023-04-09T15:44:30.268+0800][4.995s] GC(5) Pause Young (Concurrent Start) (Metadata GC Threshold)
[2023-04-09T15:44:30.268+0800][4.995s] GC(5) Using 8 workers of 8 for evacuation
[2023-04-09T15:44:30.273+0800][5.000s] GC(5)   Pre Evacuate Collection Set: 0.0ms
[2023-04-09T15:44:30.273+0800][5.000s] GC(5)   Evacuate Collection Set: 3.5ms
[2023-04-09T15:44:30.273+0800][5.000s] GC(5)   Post Evacuate Collection Set: 1.2ms
[2023-04-09T15:44:30.273+0800][5.000s] GC(5)   Other: 0.2ms
[2023-04-09T15:44:30.273+0800][5.000s] GC(5) Eden regions: 88->0(210)
[2023-04-09T15:44:30.273+0800][5.000s] GC(5) Survivor regions: 7->9(16)
[2023-04-09T15:44:30.273+0800][5.000s] GC(5) Old regions: 12->12
[2023-04-09T15:44:30.273+0800][5.000s] GC(5) Humongous regions: 5->4
[2023-04-09T15:44:30.273+0800][5.000s] GC(5) Metaspace: 34636K(35632K)->34636K(35632K) NonClass: 30769K(31408K)->30769K(31408K) Class: 3867K(4224K)->3867K(4224K)
[2023-04-09T15:44:30.273+0800][5.000s] GC(5) Pause Young (Concurrent Start) (Metadata GC Threshold) 110M->24M(512M) 5.120ms
[2023-04-09T15:44:30.273+0800][5.000s] GC(5) User=0.03s Sys=0.00s Real=0.01s
[2023-04-09T15:44:30.273+0800][5.000s] GC(6) Concurrent Cycle
[2023-04-09T15:44:30.273+0800][5.001s] GC(6) Concurrent Clear Claimed Marks
[2023-04-09T15:44:30.273+0800][5.001s] GC(6) Concurrent Clear Claimed Marks 0.044ms
[2023-04-09T15:44:30.273+0800][5.001s] GC(6) Concurrent Scan Root Regions
[2023-04-09T15:44:30.276+0800][5.003s] GC(6) Concurrent Scan Root Regions 2.500ms
[2023-04-09T15:44:30.276+0800][5.003s] GC(6) Concurrent Mark (5.003s)
[2023-04-09T15:44:30.276+0800][5.003s] GC(6) Concurrent Mark From Roots
[2023-04-09T15:44:30.276+0800][5.003s] GC(6) Using 2 workers of 2 for marking
[2023-04-09T15:44:30.294+0800][5.021s] GC(6) Concurrent Mark From Roots 18.293ms
[2023-04-09T15:44:30.294+0800][5.021s] GC(6) Concurrent Preclean
[2023-04-09T15:44:30.294+0800][5.022s] GC(6) Concurrent Preclean 0.073ms
[2023-04-09T15:44:30.294+0800][5.022s] GC(6) Concurrent Mark (5.003s, 5.022s) 18.434ms
[2023-04-09T15:44:30.294+0800][5.022s] GC(6) Pause Remark
[2023-04-09T15:44:30.300+0800][5.027s] GC(6) Cleaned string and symbol table, strings: 16315 processed, 20 removed, symbols: 114280 processed, 29 removed
[2023-04-09T15:44:30.300+0800][5.028s] GC(6) Pause Remark 25M->25M(512M) 5.875ms
[2023-04-09T15:44:30.300+0800][5.028s] GC(6) User=0.02s Sys=0.00s Real=0.01s
[2023-04-09T15:44:30.300+0800][5.028s] GC(6) Concurrent Rebuild Remembered Sets
[2023-04-09T15:44:30.313+0800][5.041s] GC(6) Concurrent Rebuild Remembered Sets 12.875ms
[2023-04-09T15:44:30.313+0800][5.041s] GC(6) Pause Cleanup
[2023-04-09T15:44:30.314+0800][5.041s] GC(6) Pause Cleanup 26M->26M(512M) 0.107ms
[2023-04-09T15:44:30.314+0800][5.041s] GC(6) User=0.00s Sys=0.00s Real=0.00s
[2023-04-09T15:44:30.314+0800][5.041s] GC(6) Concurrent Cleanup for Next Mark
[2023-04-09T15:44:30.315+0800][5.042s] GC(6) Concurrent Cleanup for Next Mark 0.955ms
[2023-04-09T15:44:30.315+0800][5.042s] GC(6) Concurrent Cycle 41.563ms
[2023-04-09T15:44:32.688+0800][7.416s] GC(7) Pause Young (Normal) (G1 Evacuation Pause)
[2023-04-09T15:44:32.688+0800][7.416s] GC(7) Using 8 workers of 8 for evacuation
[2023-04-09T15:44:32.699+0800][7.427s] GC(7)   Pre Evacuate Collection Set: 0.0ms
[2023-04-09T15:44:32.699+0800][7.427s] GC(7)   Evacuate Collection Set: 9.2ms
[2023-04-09T15:44:32.699+0800][7.427s] GC(7)   Post Evacuate Collection Set: 1.4ms
[2023-04-09T15:44:32.699+0800][7.427s] GC(7)   Other: 0.5ms
[2023-04-09T15:44:32.700+0800][7.427s] GC(7) Eden regions: 220->0(271)
[2023-04-09T15:44:32.700+0800][7.427s] GC(7) Survivor regions: 9->16(29)
[2023-04-09T15:44:32.700+0800][7.427s] GC(7) Old regions: 12->12
[2023-04-09T15:44:32.700+0800][7.427s] GC(7) Humongous regions: 4->4
[2023-04-09T15:44:32.700+0800][7.427s] GC(7) Metaspace: 48545K(50224K)->48545K(50224K) NonClass: 42869K(43952K)->42869K(43952K) Class: 5675K(6272K)->5675K(6272K)
[2023-04-09T15:44:32.700+0800][7.427s] GC(7) Pause Young (Normal) (G1 Evacuation Pause) 244M->31M(512M) 11.377ms
[2023-04-09T15:44:32.700+0800][7.427s] GC(7) User=0.07s Sys=0.00s Real=0.02s
[2023-04-09T15:45:50.454+0800][85.180s] GC(8) Pause Young (Normal) (G1 Evacuation Pause)
[2023-04-09T15:45:50.456+0800][85.182s] GC(8) Using 8 workers of 8 for evacuation
[2023-04-09T15:45:50.497+0800][85.223s] GC(8)   Pre Evacuate Collection Set: 0.0ms
[2023-04-09T15:45:50.497+0800][85.223s] GC(8)   Evacuate Collection Set: 29.0ms
[2023-04-09T15:45:50.497+0800][85.223s] GC(8)   Post Evacuate Collection Set: 12.2ms
[2023-04-09T15:45:50.497+0800][85.223s] GC(8)   Other: 2.0ms
[2023-04-09T15:45:50.497+0800][85.223s] GC(8) Eden regions: 271->0(271)
[2023-04-09T15:45:50.497+0800][85.223s] GC(8) Survivor regions: 16->36(36)
[2023-04-09T15:45:50.497+0800][85.223s] GC(8) Old regions: 12->12
[2023-04-09T15:45:50.497+0800][85.223s] GC(8) Humongous regions: 4->4
[2023-04-09T15:45:50.497+0800][85.223s] GC(8) Metaspace: 56541K(58288K)->56541K(58288K) NonClass: 49836K(50864K)->49836K(50864K) Class: 6705K(7424K)->6705K(7424K)
[2023-04-09T15:45:50.497+0800][85.224s] GC(8) Pause Young (Normal) (G1 Evacuation Pause) 302M->51M(512M) 43.385ms
[2023-04-09T15:45:50.497+0800][85.224s] GC(8) User=0.14s Sys=0.04s Real=0.04s
[2023-04-09T15:46:51.734+0800][146.459s] GC(9) Pause Young (Concurrent Start) (Metadata GC Threshold)
[2023-04-09T15:46:51.746+0800][146.471s] GC(9) Using 8 workers of 8 for evacuation
[2023-04-09T15:46:51.815+0800][146.540s] GC(9)   Pre Evacuate Collection Set: 0.1ms
[2023-04-09T15:46:51.815+0800][146.540s] GC(9)   Evacuate Collection Set: 66.8ms
[2023-04-09T15:46:51.815+0800][146.540s] GC(9)   Post Evacuate Collection Set: 1.3ms
[2023-04-09T15:46:51.815+0800][146.540s] GC(9)   Other: 12.9ms
[2023-04-09T15:46:51.815+0800][146.540s] GC(9) Eden regions: 72->0(282)
[2023-04-09T15:46:51.815+0800][146.540s] GC(9) Survivor regions: 36->25(39)
[2023-04-09T15:46:51.815+0800][146.540s] GC(9) Old regions: 12->28
[2023-04-09T15:46:51.815+0800][146.540s] GC(9) Humongous regions: 4->4
[2023-04-09T15:46:51.815+0800][146.540s] GC(9) Metaspace: 58247K(60028K)->58247K(60028K) NonClass: 51322K(52348K)->51322K(52348K) Class: 6924K(7680K)->6924K(7680K)
[2023-04-09T15:46:51.815+0800][146.540s] GC(9) Pause Young (Concurrent Start) (Metadata GC Threshold) 123M->55M(512M) 81.520ms
[2023-04-09T15:46:51.815+0800][146.541s] GC(9) User=0.16s Sys=0.18s Real=0.08s
[2023-04-09T15:46:51.815+0800][146.541s] GC(10) Concurrent Cycle
[2023-04-09T15:46:51.832+0800][146.558s] GC(10) Concurrent Clear Claimed Marks
[2023-04-09T15:46:51.833+0800][146.558s] GC(10) Concurrent Clear Claimed Marks 0.160ms
[2023-04-09T15:46:51.833+0800][146.558s] GC(10) Concurrent Scan Root Regions
[2023-04-09T15:46:51.844+0800][146.570s] GC(10) Concurrent Scan Root Regions 11.481ms
[2023-04-09T15:46:51.844+0800][146.570s] GC(10) Concurrent Mark (146.570s)
[2023-04-09T15:46:51.844+0800][146.570s] GC(10) Concurrent Mark From Roots
[2023-04-09T15:46:51.844+0800][146.570s] GC(10) Using 2 workers of 2 for marking
[2023-04-09T15:46:51.893+0800][146.618s] GC(10) Concurrent Mark From Roots 48.601ms
[2023-04-09T15:46:51.910+0800][146.635s] GC(10) Concurrent Preclean
[2023-04-09T15:46:51.910+0800][146.635s] GC(10) Concurrent Preclean 0.464ms
[2023-04-09T15:46:51.910+0800][146.635s] GC(10) Concurrent Mark (146.570s, 146.635s) 65.635ms
[2023-04-09T15:46:51.910+0800][146.636s] GC(10) Pause Remark
[2023-04-09T15:46:51.918+0800][146.644s] GC(10) Cleaned string and symbol table, strings: 30492 processed, 0 removed, symbols: 171914 processed, 615 removed
[2023-04-09T15:46:51.920+0800][146.645s] GC(10) Pause Remark 58M->58M(512M) 9.748ms
[2023-04-09T15:46:51.920+0800][146.646s] GC(10) User=0.04s Sys=0.00s Real=0.01s
[2023-04-09T15:46:51.921+0800][146.646s] GC(10) Concurrent Rebuild Remembered Sets
[2023-04-09T15:46:51.944+0800][146.669s] GC(10) Concurrent Rebuild Remembered Sets 23.249ms
[2023-04-09T15:46:51.957+0800][146.682s] GC(10) Pause Cleanup
[2023-04-09T15:46:51.957+0800][146.683s] GC(10) Pause Cleanup 60M->60M(512M) 0.204ms
[2023-04-09T15:46:51.957+0800][146.683s] GC(10) User=0.00s Sys=0.00s Real=0.00s
[2023-04-09T15:46:51.957+0800][146.683s] GC(10) Concurrent Cleanup for Next Mark
[2023-04-09T15:46:51.959+0800][146.684s] GC(10) Concurrent Cleanup for Next Mark 1.261ms
[2023-04-09T15:46:51.959+0800][146.684s] GC(10) Concurrent Cycle 143.495ms
[2023-04-09T15:46:54.170+0800][148.896s] GC(11) Pause Young (Normal) (G1 Evacuation Pause)
[2023-04-09T15:46:54.170+0800][148.896s] GC(11) Using 8 workers of 8 for evacuation
[2023-04-09T15:46:54.211+0800][148.936s] GC(11)   Pre Evacuate Collection Set: 0.0ms
[2023-04-09T15:46:54.211+0800][148.937s] GC(11)   Evacuate Collection Set: 38.9ms
[2023-04-09T15:46:54.211+0800][148.937s] GC(11)   Post Evacuate Collection Set: 1.6ms
[2023-04-09T15:46:54.211+0800][148.937s] GC(11)   Other: 0.2ms
[2023-04-09T15:46:54.211+0800][148.937s] GC(11) Eden regions: 282->0(285)
[2023-04-09T15:46:54.211+0800][148.937s] GC(11) Survivor regions: 25->22(39)
[2023-04-09T15:46:54.211+0800][148.937s] GC(11) Old regions: 28->48
[2023-04-09T15:46:54.211+0800][148.937s] GC(11) Humongous regions: 10->8
[2023-04-09T15:46:54.211+0800][148.937s] GC(11) Metaspace: 60182K(62280K)->60182K(62280K) NonClass: 53117K(54396K)->53117K(54396K) Class: 7064K(7884K)->7064K(7884K)
[2023-04-09T15:46:54.211+0800][148.937s] GC(11) Pause Young (Normal) (G1 Evacuation Pause) 343M->76M(512M) 40.823ms
[2023-04-09T15:46:54.211+0800][148.937s] GC(11) User=0.11s Sys=0.03s Real=0.04s
[2023-04-09T15:46:55.227+0800][149.952s] GC(12) Pause Young (Normal) (G1 Evacuation Pause)
[2023-04-09T15:46:55.227+0800][149.952s] GC(12) Using 8 workers of 8 for evacuation
[2023-04-09T15:46:55.237+0800][149.963s] GC(12)   Pre Evacuate Collection Set: 0.0ms
[2023-04-09T15:46:55.237+0800][149.963s] GC(12)   Evacuate Collection Set: 9.5ms
[2023-04-09T15:46:55.237+0800][149.963s] GC(12)   Post Evacuate Collection Set: 0.7ms
[2023-04-09T15:46:55.237+0800][149.963s] GC(12)   Other: 0.2ms
[2023-04-09T15:46:55.237+0800][149.963s] GC(12) Eden regions: 285->0(286)
[2023-04-09T15:46:55.237+0800][149.963s] GC(12) Survivor regions: 22->21(39)
[2023-04-09T15:46:55.237+0800][149.963s] GC(12) Old regions: 48->48
[2023-04-09T15:46:55.238+0800][149.963s] GC(12) Humongous regions: 53->14
[2023-04-09T15:46:55.238+0800][149.963s] GC(12) Metaspace: 60503K(62664K)->60503K(62664K) NonClass: 53408K(54652K)->53408K(54652K) Class: 7095K(8012K)->7095K(8012K)
[2023-04-09T15:46:55.238+0800][149.963s] GC(12) Pause Young (Normal) (G1 Evacuation Pause) 406M->82M(512M) 10.676ms
[2023-04-09T15:46:55.238+0800][149.963s] GC(12) User=0.04s Sys=0.00s Real=0.01s
[2023-04-09T15:46:56.184+0800][150.909s] GC(13) Pause Young (Normal) (G1 Evacuation Pause)
[2023-04-09T15:46:56.184+0800][150.909s] GC(13) Using 8 workers of 8 for evacuation
[2023-04-09T15:46:56.196+0800][150.921s] GC(13)   Pre Evacuate Collection Set: 0.0ms
[2023-04-09T15:46:56.196+0800][150.921s] GC(13)   Evacuate Collection Set: 11.1ms
[2023-04-09T15:46:56.196+0800][150.921s] GC(13)   Post Evacuate Collection Set: 0.5ms
[2023-04-09T15:46:56.196+0800][150.921s] GC(13)   Other: 0.2ms
[2023-04-09T15:46:56.196+0800][150.921s] GC(13) Eden regions: 286->0(274)
[2023-04-09T15:46:56.196+0800][150.921s] GC(13) Survivor regions: 21->33(39)
[2023-04-09T15:46:56.196+0800][150.921s] GC(13) Old regions: 48->48
[2023-04-09T15:46:56.196+0800][150.921s] GC(13) Humongous regions: 76->24
[2023-04-09T15:46:56.196+0800][150.921s] GC(13) Metaspace: 60505K(62664K)->60505K(62664K) NonClass: 53410K(54652K)->53410K(54652K) Class: 7095K(8012K)->7095K(8012K)
[2023-04-09T15:46:56.196+0800][150.921s] GC(13) Pause Young (Normal) (G1 Evacuation Pause) 430M->104M(512M) 11.932ms
[2023-04-09T15:46:56.196+0800][150.921s] GC(13) User=0.05s Sys=0.02s Real=0.01s
[2023-04-09T15:46:57.007+0800][151.732s] GC(14) Pause Young (Normal) (G1 Evacuation Pause)
[2023-04-09T15:46:57.007+0800][151.733s] GC(14) Using 8 workers of 8 for evacuation
[2023-04-09T15:46:57.031+0800][151.756s] GC(14)   Pre Evacuate Collection Set: 0.0ms
[2023-04-09T15:46:57.031+0800][151.756s] GC(14)   Evacuate Collection Set: 22.6ms
[2023-04-09T15:46:57.031+0800][151.756s] GC(14)   Post Evacuate Collection Set: 0.5ms
[2023-04-09T15:46:57.031+0800][151.756s] GC(14)   Other: 0.6ms
[2023-04-09T15:46:57.031+0800][151.756s] GC(14) Eden regions: 274->0(282)
[2023-04-09T15:46:57.031+0800][151.756s] GC(14) Survivor regions: 33->25(39)
[2023-04-09T15:46:57.031+0800][151.756s] GC(14) Old regions: 48->65
[2023-04-09T15:46:57.031+0800][151.756s] GC(14) Humongous regions: 73->31
[2023-04-09T15:46:57.031+0800][151.756s] GC(14) Metaspace: 60505K(62664K)->60505K(62664K) NonClass: 53410K(54652K)->53410K(54652K) Class: 7095K(8012K)->7095K(8012K)
[2023-04-09T15:46:57.031+0800][151.756s] GC(14) Pause Young (Normal) (G1 Evacuation Pause) 427M->120M(512M) 23.950ms
[2023-04-09T15:46:57.031+0800][151.756s] GC(14) User=0.05s Sys=0.02s Real=0.03s
[2023-04-09T15:46:58.033+0800][152.758s] GC(15) Pause Young (Normal) (G1 Evacuation Pause)
[2023-04-09T15:46:58.033+0800][152.758s] GC(15) Using 8 workers of 8 for evacuation
[2023-04-09T15:46:58.050+0800][152.776s] GC(15)   Pre Evacuate Collection Set: 0.0ms
[2023-04-09T15:46:58.050+0800][152.776s] GC(15)   Evacuate Collection Set: 16.4ms
[2023-04-09T15:46:58.050+0800][152.776s] GC(15)   Post Evacuate Collection Set: 0.5ms
[2023-04-09T15:46:58.050+0800][152.776s] GC(15)   Other: 0.3ms
[2023-04-09T15:46:58.050+0800][152.776s] GC(15) Eden regions: 282->0(283)
[2023-04-09T15:46:58.050+0800][152.776s] GC(15) Survivor regions: 25->23(39)
[2023-04-09T15:46:58.050+0800][152.776s] GC(15) Old regions: 65->74
[2023-04-09T15:46:58.050+0800][152.776s] GC(15) Humongous regions: 85->37
[2023-04-09T15:46:58.050+0800][152.776s] GC(15) Metaspace: 60508K(62664K)->60508K(62664K) NonClass: 53413K(54652K)->53413K(54652K) Class: 7095K(8012K)->7095K(8012K)
[2023-04-09T15:46:58.050+0800][152.776s] GC(15) Pause Young (Normal) (G1 Evacuation Pause) 456M->133M(512M) 17.505ms
[2023-04-09T15:46:58.051+0800][152.776s] GC(15) User=0.03s Sys=0.02s Real=0.02s
[2023-04-09T15:46:58.806+0800][153.531s] GC(16) Pause Young (Normal) (G1 Evacuation Pause)
[2023-04-09T15:46:58.806+0800][153.531s] GC(16) Using 8 workers of 8 for evacuation
[2023-04-09T15:46:58.810+0800][153.536s] GC(16)   Pre Evacuate Collection Set: 0.0ms
[2023-04-09T15:46:58.810+0800][153.536s] GC(16)   Evacuate Collection Set: 3.6ms
[2023-04-09T15:46:58.810+0800][153.536s] GC(16)   Post Evacuate Collection Set: 0.6ms
[2023-04-09T15:46:58.810+0800][153.536s] GC(16)   Other: 0.2ms
[2023-04-09T15:46:58.810+0800][153.536s] GC(16) Eden regions: 283->0(278)
[2023-04-09T15:46:58.810+0800][153.536s] GC(16) Survivor regions: 23->25(39)
[2023-04-09T15:46:58.810+0800][153.536s] GC(16) Old regions: 74->81
[2023-04-09T15:46:58.810+0800][153.536s] GC(16) Humongous regions: 58->37
[2023-04-09T15:46:58.810+0800][153.536s] GC(16) Metaspace: 60509K(62664K)->60509K(62664K) NonClass: 53414K(54652K)->53414K(54652K) Class: 7095K(8012K)->7095K(8012K)
[2023-04-09T15:46:58.810+0800][153.536s] GC(16) Pause Young (Normal) (G1 Evacuation Pause) 437M->142M(512M) 4.652ms
[2023-04-09T15:46:58.810+0800][153.536s] GC(16) User=0.03s Sys=0.00s Real=0.01s
[2023-04-09T15:46:59.568+0800][154.293s] GC(17) Pause Young (Normal) (G1 Evacuation Pause)
[2023-04-09T15:46:59.568+0800][154.293s] GC(17) Using 8 workers of 8 for evacuation
[2023-04-09T15:46:59.572+0800][154.298s] GC(17)   Pre Evacuate Collection Set: 0.0ms
[2023-04-09T15:46:59.572+0800][154.298s] GC(17)   Evacuate Collection Set: 3.9ms
[2023-04-09T15:46:59.572+0800][154.298s] GC(17)   Post Evacuate Collection Set: 0.4ms
[2023-04-09T15:46:59.572+0800][154.298s] GC(17)   Other: 0.2ms
[2023-04-09T15:46:59.572+0800][154.298s] GC(17) Eden regions: 278->0(264)
[2023-04-09T15:46:59.572+0800][154.298s] GC(17) Survivor regions: 25->21(38)
[2023-04-09T15:46:59.572+0800][154.298s] GC(17) Old regions: 81->93
[2023-04-09T15:46:59.572+0800][154.298s] GC(17) Humongous regions: 67->45
[2023-04-09T15:46:59.572+0800][154.298s] GC(17) Metaspace: 60512K(62664K)->60512K(62664K) NonClass: 53417K(54652K)->53417K(54652K) Class: 7095K(8012K)->7095K(8012K)
[2023-04-09T15:46:59.572+0800][154.298s] GC(17) Pause Young (Normal) (G1 Evacuation Pause) 450M->158M(512M) 4.701ms
[2023-04-09T15:46:59.572+0800][154.298s] GC(17) User=0.02s Sys=0.01s Real=0.01s
[2023-04-09T15:47:00.313+0800][155.039s] GC(18) Pause Young (Normal) (G1 Evacuation Pause)
[2023-04-09T15:47:00.313+0800][155.039s] GC(18) Using 8 workers of 8 for evacuation
[2023-04-09T15:47:00.318+0800][155.043s] GC(18)   Pre Evacuate Collection Set: 0.0ms
[2023-04-09T15:47:00.318+0800][155.043s] GC(18)   Evacuate Collection Set: 4.1ms
[2023-04-09T15:47:00.318+0800][155.043s] GC(18)   Post Evacuate Collection Set: 0.4ms
[2023-04-09T15:47:00.318+0800][155.043s] GC(18)   Other: 0.2ms
[2023-04-09T15:47:00.318+0800][155.043s] GC(18) Eden regions: 264->0(258)
[2023-04-09T15:47:00.318+0800][155.043s] GC(18) Survivor regions: 21->23(36)
[2023-04-09T15:47:00.318+0800][155.043s] GC(18) Old regions: 93->100
[2023-04-09T15:47:00.318+0800][155.043s] GC(18) Humongous regions: 73->45
[2023-04-09T15:47:00.318+0800][155.043s] GC(18) Metaspace: 60512K(62664K)->60512K(62664K) NonClass: 53417K(54652K)->53417K(54652K) Class: 7095K(8012K)->7095K(8012K)
[2023-04-09T15:47:00.318+0800][155.043s] GC(18) Pause Young (Normal) (G1 Evacuation Pause) 450M->167M(512M) 4.828ms
[2023-04-09T15:47:00.318+0800][155.043s] GC(18) User=0.03s Sys=0.00s Real=0.00s
[2023-04-09T15:47:01.301+0800][156.026s] GC(19) Pause Young (Normal) (G1 Evacuation Pause)
[2023-04-09T15:47:01.301+0800][156.026s] GC(19) Using 8 workers of 8 for evacuation
[2023-04-09T15:47:01.307+0800][156.033s] GC(19)   Pre Evacuate Collection Set: 0.0ms
[2023-04-09T15:47:01.307+0800][156.033s] GC(19)   Evacuate Collection Set: 6.0ms
[2023-04-09T15:47:01.307+0800][156.033s] GC(19)   Post Evacuate Collection Set: 0.4ms
[2023-04-09T15:47:01.307+0800][156.033s] GC(19)   Other: 0.2ms
[2023-04-09T15:47:01.307+0800][156.033s] GC(19) Eden regions: 258->0(238)
[2023-04-09T15:47:01.307+0800][156.033s] GC(19) Survivor regions: 23->20(36)
[2023-04-09T15:47:01.308+0800][156.033s] GC(19) Old regions: 100->111
[2023-04-09T15:47:01.308+0800][156.033s] GC(19) Humongous regions: 100->60
[2023-04-09T15:47:01.308+0800][156.033s] GC(19) Metaspace: 60661K(62664K)->60661K(62664K) NonClass: 53557K(54652K)->53557K(54652K) Class: 7104K(8012K)->7104K(8012K)
[2023-04-09T15:47:01.308+0800][156.033s] GC(19) Pause Young (Normal) (G1 Evacuation Pause) 480M->189M(512M) 6.919ms
[2023-04-09T15:47:01.308+0800][156.033s] GC(19) User=0.02s Sys=0.00s Real=0.00s
[2023-04-09T15:47:02.245+0800][156.970s] GC(20) Pause Young (Normal) (G1 Evacuation Pause)
[2023-04-09T15:47:02.245+0800][156.970s] GC(20) Using 8 workers of 8 for evacuation
[2023-04-09T15:47:02.262+0800][156.988s] GC(20)   Pre Evacuate Collection Set: 0.0ms
[2023-04-09T15:47:02.263+0800][156.988s] GC(20)   Evacuate Collection Set: 15.6ms
[2023-04-09T15:47:02.263+0800][156.988s] GC(20)   Post Evacuate Collection Set: 2.1ms
[2023-04-09T15:47:02.263+0800][156.988s] GC(20)   Other: 0.3ms
[2023-04-09T15:47:02.263+0800][156.988s] GC(20) Eden regions: 238->0(240)
[2023-04-09T15:47:02.263+0800][156.988s] GC(20) Survivor regions: 20->15(33)
[2023-04-09T15:47:02.263+0800][156.988s] GC(20) Old regions: 111->119
[2023-04-09T15:47:02.263+0800][156.988s] GC(20) Humongous regions: 95->60
[2023-04-09T15:47:02.263+0800][156.988s] GC(20) Metaspace: 60745K(62920K)->60745K(62920K) NonClass: 53635K(54908K)->53635K(54908K) Class: 7109K(8012K)->7109K(8012K)
[2023-04-09T15:47:02.263+0800][156.988s] GC(20) Pause Young (Normal) (G1 Evacuation Pause) 462M->192M(512M) 18.190ms
[2023-04-09T15:47:02.263+0800][156.988s] GC(20) User=0.02s Sys=0.01s Real=0.02s
[2023-04-09T15:47:04.650+0800][159.375s] GC(21) Pause Young (Normal) (G1 Evacuation Pause)
[2023-04-09T15:47:04.650+0800][159.375s] GC(21) Using 8 workers of 8 for evacuation
[2023-04-09T15:47:04.662+0800][159.387s] GC(21)   Pre Evacuate Collection Set: 0.0ms
[2023-04-09T15:47:04.662+0800][159.387s] GC(21)   Evacuate Collection Set: 4.0ms
[2023-04-09T15:47:04.662+0800][159.387s] GC(21)   Post Evacuate Collection Set: 7.8ms
[2023-04-09T15:47:04.662+0800][159.387s] GC(21)   Other: 0.2ms
[2023-04-09T15:47:04.662+0800][159.387s] GC(21) Eden regions: 240->0(244)
[2023-04-09T15:47:04.662+0800][159.387s] GC(21) Survivor regions: 15->13(32)
[2023-04-09T15:47:04.662+0800][159.387s] GC(21) Old regions: 119->119
[2023-04-09T15:47:04.662+0800][159.387s] GC(21) Humongous regions: 60->60
[2023-04-09T15:47:04.662+0800][159.387s] GC(21) Metaspace: 60888K(62920K)->60888K(62920K) NonClass: 53765K(54908K)->53765K(54908K) Class: 7122K(8012K)->7122K(8012K)
[2023-04-09T15:47:04.662+0800][159.387s] GC(21) Pause Young (Normal) (G1 Evacuation Pause) 432M->190M(512M) 12.217ms
[2023-04-09T15:47:04.662+0800][159.388s] GC(21) User=0.03s Sys=0.00s Real=0.01s
[2023-04-09T15:47:05.578+0800][160.304s] GC(22) Pause Young (Normal) (G1 Evacuation Pause)
[2023-04-09T15:47:05.578+0800][160.304s] GC(22) Using 8 workers of 8 for evacuation
[2023-04-09T15:47:05.582+0800][160.307s] GC(22)   Pre Evacuate Collection Set: 0.0ms
[2023-04-09T15:47:05.582+0800][160.307s] GC(22)   Evacuate Collection Set: 3.3ms
[2023-04-09T15:47:05.582+0800][160.307s] GC(22)   Post Evacuate Collection Set: 0.3ms
[2023-04-09T15:47:05.582+0800][160.307s] GC(22)   Other: 0.2ms
[2023-04-09T15:47:05.582+0800][160.307s] GC(22) Eden regions: 244->0(247)
[2023-04-09T15:47:05.582+0800][160.307s] GC(22) Survivor regions: 13->13(33)
[2023-04-09T15:47:05.582+0800][160.308s] GC(22) Old regions: 119->119
[2023-04-09T15:47:05.582+0800][160.308s] GC(22) Humongous regions: 60->60
[2023-04-09T15:47:05.582+0800][160.308s] GC(22) Metaspace: 60945K(62920K)->60945K(62920K) NonClass: 53815K(54908K)->53815K(54908K) Class: 7130K(8012K)->7130K(8012K)
[2023-04-09T15:47:05.582+0800][160.308s] GC(22) Pause Young (Normal) (G1 Evacuation Pause) 434M->190M(512M) 3.998ms
[2023-04-09T15:47:05.582+0800][160.308s] GC(22) User=0.02s Sys=0.00s Real=0.01s
[2023-04-09T15:47:06.280+0800][161.005s] GC(23) Pause Young (Normal) (G1 Evacuation Pause)
[2023-04-09T15:47:06.280+0800][161.006s] GC(23) Using 8 workers of 8 for evacuation
[2023-04-09T15:47:06.284+0800][161.009s] GC(23)   Pre Evacuate Collection Set: 0.0ms
[2023-04-09T15:47:06.284+0800][161.009s] GC(23)   Evacuate Collection Set: 2.9ms
[2023-04-09T15:47:06.284+0800][161.009s] GC(23)   Post Evacuate Collection Set: 0.3ms
[2023-04-09T15:47:06.284+0800][161.009s] GC(23)   Other: 0.2ms
[2023-04-09T15:47:06.284+0800][161.009s] GC(23) Eden regions: 247->0(249)
[2023-04-09T15:47:06.284+0800][161.009s] GC(23) Survivor regions: 13->13(33)
[2023-04-09T15:47:06.284+0800][161.009s] GC(23) Old regions: 119->119
[2023-04-09T15:47:06.284+0800][161.009s] GC(23) Humongous regions: 60->60
[2023-04-09T15:47:06.284+0800][161.009s] GC(23) Metaspace: 60946K(62920K)->60946K(62920K) NonClass: 53815K(54908K)->53815K(54908K) Class: 7130K(8012K)->7130K(8012K)
[2023-04-09T15:47:06.284+0800][161.009s] GC(23) Pause Young (Normal) (G1 Evacuation Pause) 437M->191M(512M) 3.575ms
[2023-04-09T15:47:06.284+0800][161.009s] GC(23) User=0.02s Sys=0.00s Real=0.00s
[2023-04-09T15:47:06.923+0800][161.648s] GC(24) Pause Young (Normal) (G1 Evacuation Pause)
[2023-04-09T15:47:06.923+0800][161.649s] GC(24) Using 8 workers of 8 for evacuation
[2023-04-09T15:47:06.927+0800][161.652s] GC(24)   Pre Evacuate Collection Set: 0.0ms
[2023-04-09T15:47:06.927+0800][161.652s] GC(24)   Evacuate Collection Set: 2.9ms
[2023-04-09T15:47:06.927+0800][161.652s] GC(24)   Post Evacuate Collection Set: 0.3ms
[2023-04-09T15:47:06.927+0800][161.652s] GC(24)   Other: 0.2ms
[2023-04-09T15:47:06.927+0800][161.652s] GC(24) Eden regions: 249->0(250)
[2023-04-09T15:47:06.927+0800][161.652s] GC(24) Survivor regions: 13->13(33)
[2023-04-09T15:47:06.927+0800][161.652s] GC(24) Old regions: 119->119
[2023-04-09T15:47:06.927+0800][161.652s] GC(24) Humongous regions: 60->60
[2023-04-09T15:47:06.927+0800][161.652s] GC(24) Metaspace: 60946K(62920K)->60946K(62920K) NonClass: 53816K(54908K)->53816K(54908K) Class: 7130K(8012K)->7130K(8012K)
[2023-04-09T15:47:06.927+0800][161.652s] GC(24) Pause Young (Normal) (G1 Evacuation Pause) 440M->190M(512M) 3.500ms
[2023-04-09T15:47:06.927+0800][161.652s] GC(24) User=0.02s Sys=0.00s Real=0.00s
[2023-04-09T15:47:07.820+0800][162.545s] GC(25) Pause Young (Normal) (G1 Evacuation Pause)
[2023-04-09T15:47:07.820+0800][162.545s] GC(25) Using 8 workers of 8 for evacuation
[2023-04-09T15:47:07.823+0800][162.548s] GC(25)   Pre Evacuate Collection Set: 0.0ms
[2023-04-09T15:47:07.823+0800][162.548s] GC(25)   Evacuate Collection Set: 2.6ms
[2023-04-09T15:47:07.823+0800][162.548s] GC(25)   Post Evacuate Collection Set: 0.4ms
[2023-04-09T15:47:07.823+0800][162.548s] GC(25)   Other: 0.2ms
[2023-04-09T15:47:07.823+0800][162.548s] GC(25) Eden regions: 250->0(251)
[2023-04-09T15:47:07.823+0800][162.548s] GC(25) Survivor regions: 13->13(33)
[2023-04-09T15:47:07.823+0800][162.548s] GC(25) Old regions: 119->119
[2023-04-09T15:47:07.823+0800][162.548s] GC(25) Humongous regions: 60->60
[2023-04-09T15:47:07.823+0800][162.548s] GC(25) Metaspace: 60947K(62920K)->60947K(62920K) NonClass: 53817K(54908K)->53817K(54908K) Class: 7130K(8012K)->7130K(8012K)
[2023-04-09T15:47:07.823+0800][162.548s] GC(25) Pause Young (Normal) (G1 Evacuation Pause) 440M->190M(512M) 3.340ms
[2023-04-09T15:47:07.823+0800][162.548s] GC(25) User=0.02s Sys=0.00s Real=0.00s
[2023-04-09T15:47:08.684+0800][163.409s] GC(26) Pause Young (Normal) (G1 Evacuation Pause)
[2023-04-09T15:47:08.702+0800][163.427s] GC(26) Using 8 workers of 8 for evacuation
[2023-04-09T15:47:08.713+0800][163.439s] GC(26)   Pre Evacuate Collection Set: 0.0ms
[2023-04-09T15:47:08.713+0800][163.439s] GC(26)   Evacuate Collection Set: 9.7ms
[2023-04-09T15:47:08.713+0800][163.439s] GC(26)   Post Evacuate Collection Set: 1.4ms
[2023-04-09T15:47:08.713+0800][163.439s] GC(26)   Other: 18.6ms
[2023-04-09T15:47:08.714+0800][163.439s] GC(26) Eden regions: 251->0(244)
[2023-04-09T15:47:08.714+0800][163.439s] GC(26) Survivor regions: 13->18(33)
[2023-04-09T15:47:08.714+0800][163.439s] GC(26) Old regions: 119->119
[2023-04-09T15:47:08.714+0800][163.439s] GC(26) Humongous regions: 61->61
[2023-04-09T15:47:08.714+0800][163.439s] GC(26) Metaspace: 61016K(63176K)->61016K(63176K) NonClass: 53881K(55164K)->53881K(55164K) Class: 7135K(8012K)->7135K(8012K)
[2023-04-09T15:47:08.714+0800][163.439s] GC(26) Pause Young (Normal) (G1 Evacuation Pause) 442M->196M(512M) 29.978ms
[2023-04-09T15:47:08.714+0800][163.439s] GC(26) User=0.02s Sys=0.00s Real=0.03s
[2023-04-09T15:47:09.853+0800][164.579s] GC(27) Pause Young (Normal) (G1 Evacuation Pause)
[2023-04-09T15:47:09.854+0800][164.579s] GC(27) Using 8 workers of 8 for evacuation
[2023-04-09T15:47:09.865+0800][164.590s] GC(27)   Pre Evacuate Collection Set: 0.0ms
[2023-04-09T15:47:09.865+0800][164.591s] GC(27)   Evacuate Collection Set: 9.1ms
[2023-04-09T15:47:09.865+0800][164.591s] GC(27)   Post Evacuate Collection Set: 2.1ms
[2023-04-09T15:47:09.865+0800][164.591s] GC(27)   Other: 0.6ms
[2023-04-09T15:47:09.865+0800][164.591s] GC(27) Eden regions: 244->0(239)
[2023-04-09T15:47:09.865+0800][164.591s] GC(27) Survivor regions: 18->15(33)
[2023-04-09T15:47:09.865+0800][164.591s] GC(27) Old regions: 119->128
[2023-04-09T15:47:09.865+0800][164.591s] GC(27) Humongous regions: 66->62
[2023-04-09T15:47:09.866+0800][164.591s] GC(27) Metaspace: 61076K(63176K)->61076K(63176K) NonClass: 53941K(55164K)->53941K(55164K) Class: 7135K(8012K)->7135K(8012K)
[2023-04-09T15:47:09.866+0800][164.591s] GC(27) Pause Young (Normal) (G1 Evacuation Pause) 445M->203M(512M) 12.138ms
[2023-04-09T15:47:09.866+0800][164.591s] GC(27) User=0.03s Sys=0.00s Real=0.01s
[2023-04-09T15:47:10.565+0800][165.291s] GC(28) Pause Young (Concurrent Start) (G1 Humongous Allocation)
[2023-04-09T15:47:10.566+0800][165.291s] GC(28) Using 8 workers of 8 for evacuation
[2023-04-09T15:47:10.570+0800][165.295s] GC(28)   Pre Evacuate Collection Set: 0.1ms
[2023-04-09T15:47:10.570+0800][165.295s] GC(28)   Evacuate Collection Set: 3.5ms
[2023-04-09T15:47:10.570+0800][165.295s] GC(28)   Post Evacuate Collection Set: 0.4ms
[2023-04-09T15:47:10.570+0800][165.295s] GC(28)   Other: 0.2ms
[2023-04-09T15:47:10.570+0800][165.295s] GC(28) Eden regions: 197->0(219)
[2023-04-09T15:47:10.570+0800][165.295s] GC(28) Survivor regions: 15->18(32)
[2023-04-09T15:47:10.570+0800][165.295s] GC(28) Old regions: 128->128
[2023-04-09T15:47:10.570+0800][165.295s] GC(28) Humongous regions: 102->72
[2023-04-09T15:47:10.570+0800][165.295s] GC(28) Metaspace: 61076K(63176K)->61076K(63176K) NonClass: 53941K(55164K)->53941K(55164K) Class: 7135K(8012K)->7135K(8012K)
[2023-04-09T15:47:10.570+0800][165.295s] GC(28) Pause Young (Concurrent Start) (G1 Humongous Allocation) 439M->216M(512M) 4.351ms
[2023-04-09T15:47:10.570+0800][165.295s] GC(28) User=0.02s Sys=0.00s Real=0.01s
[2023-04-09T15:47:10.570+0800][165.295s] GC(29) Concurrent Cycle
[2023-04-09T15:47:10.570+0800][165.295s] GC(29) Concurrent Clear Claimed Marks
[2023-04-09T15:47:10.570+0800][165.295s] GC(29) Concurrent Clear Claimed Marks 0.066ms
[2023-04-09T15:47:10.570+0800][165.295s] GC(29) Concurrent Scan Root Regions
[2023-04-09T15:47:10.571+0800][165.296s] GC(29) Concurrent Scan Root Regions 1.211ms
[2023-04-09T15:47:10.571+0800][165.297s] GC(29) Concurrent Mark (165.297s)
[2023-04-09T15:47:10.571+0800][165.297s] GC(29) Concurrent Mark From Roots
[2023-04-09T15:47:10.571+0800][165.297s] GC(29) Using 2 workers of 2 for marking
[2023-04-09T15:47:10.661+0800][165.386s] GC(29) Concurrent Mark From Roots 89.652ms
[2023-04-09T15:47:10.661+0800][165.386s] GC(29) Concurrent Preclean
[2023-04-09T15:47:10.661+0800][165.387s] GC(29) Concurrent Preclean 0.241ms
[2023-04-09T15:47:10.661+0800][165.387s] GC(29) Concurrent Mark (165.297s, 165.387s) 90.027ms
[2023-04-09T15:47:10.662+0800][165.387s] GC(29) Pause Remark
[2023-04-09T15:47:10.723+0800][165.448s] GC(29) Cleaned string and symbol table, strings: 31308 processed, 47 removed, symbols: 172977 processed, 5 removed
[2023-04-09T15:47:10.724+0800][165.449s] GC(29) Pause Remark 254M->208M(512M) 61.529ms
[2023-04-09T15:47:10.724+0800][165.449s] GC(29) User=0.07s Sys=0.15s Real=0.06s
[2023-04-09T15:47:10.724+0800][165.449s] GC(29) Concurrent Rebuild Remembered Sets
[2023-04-09T15:47:10.778+0800][165.503s] GC(29) Concurrent Rebuild Remembered Sets 54.445ms
[2023-04-09T15:47:10.780+0800][165.505s] GC(29) Pause Cleanup
[2023-04-09T15:47:10.780+0800][165.505s] GC(29) Pause Cleanup 212M->212M(512M) 0.169ms
[2023-04-09T15:47:10.780+0800][165.505s] GC(29) User=0.00s Sys=0.00s Real=0.00s
[2023-04-09T15:47:10.780+0800][165.505s] GC(29) Concurrent Cleanup for Next Mark
[2023-04-09T15:47:10.785+0800][165.511s] GC(29) Concurrent Cleanup for Next Mark 5.227ms
[2023-04-09T15:47:10.785+0800][165.511s] GC(29) Concurrent Cycle 215.585ms
[2023-04-09T15:47:11.836+0800][166.561s] GC(30) Pause Young (Prepare Mixed) (G1 Evacuation Pause)
[2023-04-09T15:47:11.836+0800][166.561s] GC(30) Using 8 workers of 8 for evacuation
[2023-04-09T15:47:11.850+0800][166.575s] GC(30)   Pre Evacuate Collection Set: 0.0ms
[2023-04-09T15:47:11.850+0800][166.575s] GC(30)   Evacuate Collection Set: 13.6ms
[2023-04-09T15:47:11.850+0800][166.575s] GC(30)   Post Evacuate Collection Set: 0.5ms
[2023-04-09T15:47:11.850+0800][166.575s] GC(30)   Other: 0.2ms
[2023-04-09T15:47:11.850+0800][166.575s] GC(30) Eden regions: 219->0(2)
[2023-04-09T15:47:11.850+0800][166.575s] GC(30) Survivor regions: 18->23(30)
[2023-04-09T15:47:11.850+0800][166.576s] GC(30) Old regions: 102->104
[2023-04-09T15:47:11.850+0800][166.576s] GC(30) Humongous regions: 104->24
[2023-04-09T15:47:11.850+0800][166.576s] GC(30) Metaspace: 60861K(63176K)->60861K(63176K) NonClass: 53798K(55164K)->53798K(55164K) Class: 7062K(8012K)->7062K(8012K)
[2023-04-09T15:47:11.850+0800][166.576s] GC(30) Pause Young (Prepare Mixed) (G1 Evacuation Pause) 442M->149M(512M) 14.564ms
[2023-04-09T15:47:11.850+0800][166.576s] GC(30) User=0.02s Sys=0.00s Real=0.02s
[2023-04-09T15:47:11.856+0800][166.582s] GC(31) Pause Young (Mixed) (G1 Evacuation Pause)
[2023-04-09T15:47:11.856+0800][166.582s] GC(31) Using 8 workers of 8 for evacuation
[2023-04-09T15:47:11.863+0800][166.588s] GC(31)   Pre Evacuate Collection Set: 0.0ms
[2023-04-09T15:47:11.863+0800][166.588s] GC(31)   Evacuate Collection Set: 6.2ms
[2023-04-09T15:47:11.863+0800][166.588s] GC(31)   Post Evacuate Collection Set: 0.3ms
[2023-04-09T15:47:11.863+0800][166.588s] GC(31)   Other: 0.3ms
[2023-04-09T15:47:11.863+0800][166.588s] GC(31) Eden regions: 2->0(264)
[2023-04-09T15:47:11.863+0800][166.588s] GC(31) Survivor regions: 23->1(4)
[2023-04-09T15:47:11.863+0800][166.588s] GC(31) Old regions: 104->106
[2023-04-09T15:47:11.863+0800][166.588s] GC(31) Humongous regions: 24->24
[2023-04-09T15:47:11.863+0800][166.588s] GC(31) Metaspace: 60861K(63176K)->60861K(63176K) NonClass: 53798K(55164K)->53798K(55164K) Class: 7062K(8012K)->7062K(8012K)
[2023-04-09T15:47:11.863+0800][166.589s] GC(31) Pause Young (Mixed) (G1 Evacuation Pause) 151M->129M(512M) 6.982ms
[2023-04-09T15:47:11.863+0800][166.589s] GC(31) User=0.01s Sys=0.00s Real=0.01s
[2023-04-09T15:47:13.013+0800][167.738s] GC(32) Pause Young (Normal) (G1 Evacuation Pause)
[2023-04-09T15:47:13.013+0800][167.738s] GC(32) Using 8 workers of 8 for evacuation
[2023-04-09T15:47:13.015+0800][167.740s] GC(32)   Pre Evacuate Collection Set: 0.0ms
[2023-04-09T15:47:13.015+0800][167.740s] GC(32)   Evacuate Collection Set: 1.8ms
[2023-04-09T15:47:13.015+0800][167.740s] GC(32)   Post Evacuate Collection Set: 0.3ms
[2023-04-09T15:47:13.015+0800][167.740s] GC(32)   Other: 0.3ms
[2023-04-09T15:47:13.015+0800][167.741s] GC(32) Eden regions: 264->0(254)
[2023-04-09T15:47:13.015+0800][167.741s] GC(32) Survivor regions: 1->13(34)
[2023-04-09T15:47:13.015+0800][167.741s] GC(32) Old regions: 106->106
[2023-04-09T15:47:13.015+0800][167.741s] GC(32) Humongous regions: 54->39
[2023-04-09T15:47:13.015+0800][167.741s] GC(32) Metaspace: 60861K(63176K)->60861K(63176K) NonClass: 53798K(55164K)->53798K(55164K) Class: 7062K(8012K)->7062K(8012K)
[2023-04-09T15:47:13.015+0800][167.741s] GC(32) Pause Young (Normal) (G1 Evacuation Pause) 423M->156M(512M) 2.646ms
[2023-04-09T15:47:13.015+0800][167.741s] GC(32) User=0.01s Sys=0.00s Real=0.00s
[2023-04-09T15:47:13.870+0800][168.595s] GC(33) Pause Young (Normal) (G1 Evacuation Pause)
[2023-04-09T15:47:13.870+0800][168.595s] GC(33) Using 8 workers of 8 for evacuation
[2023-04-09T15:47:13.874+0800][168.599s] GC(33)   Pre Evacuate Collection Set: 0.0ms
[2023-04-09T15:47:13.874+0800][168.599s] GC(33)   Evacuate Collection Set: 3.4ms
[2023-04-09T15:47:13.874+0800][168.599s] GC(33)   Post Evacuate Collection Set: 0.6ms
[2023-04-09T15:47:13.874+0800][168.599s] GC(33)   Other: 0.2ms
[2023-04-09T15:47:13.874+0800][168.599s] GC(33) Eden regions: 254->0(242)
[2023-04-09T15:47:13.874+0800][168.599s] GC(33) Survivor regions: 13->22(34)
[2023-04-09T15:47:13.874+0800][168.599s] GC(33) Old regions: 106->106
[2023-04-09T15:47:13.874+0800][168.599s] GC(33) Humongous regions: 84->51
[2023-04-09T15:47:13.874+0800][168.599s] GC(33) Metaspace: 60861K(63176K)->60861K(63176K) NonClass: 53798K(55164K)->53798K(55164K) Class: 7062K(8012K)->7062K(8012K)
[2023-04-09T15:47:13.874+0800][168.599s] GC(33) Pause Young (Normal) (G1 Evacuation Pause) 455M->177M(512M) 4.393ms
[2023-04-09T15:47:13.874+0800][168.599s] GC(33) User=0.02s Sys=0.00s Real=0.00s
[2023-04-09T15:47:15.063+0800][169.788s] GC(34) Pause Young (Normal) (G1 Evacuation Pause)
[2023-04-09T15:47:15.063+0800][169.788s] GC(34) Using 8 workers of 8 for evacuation
[2023-04-09T15:47:15.067+0800][169.793s] GC(34)   Pre Evacuate Collection Set: 0.0ms
[2023-04-09T15:47:15.067+0800][169.793s] GC(34)   Evacuate Collection Set: 3.9ms
[2023-04-09T15:47:15.068+0800][169.793s] GC(34)   Post Evacuate Collection Set: 0.3ms
[2023-04-09T15:47:15.068+0800][169.793s] GC(34)   Other: 0.2ms
[2023-04-09T15:47:15.068+0800][169.793s] GC(34) Eden regions: 242->0(239)
[2023-04-09T15:47:15.068+0800][169.793s] GC(34) Survivor regions: 22->16(33)
[2023-04-09T15:47:15.068+0800][169.793s] GC(34) Old regions: 106->115
[2023-04-09T15:47:15.068+0800][169.793s] GC(34) Humongous regions: 90->57
[2023-04-09T15:47:15.068+0800][169.793s] GC(34) Metaspace: 60878K(63176K)->60878K(63176K) NonClass: 53813K(55164K)->53813K(55164K) Class: 7064K(8012K)->7064K(8012K)
[2023-04-09T15:47:15.068+0800][169.793s] GC(34) Pause Young (Normal) (G1 Evacuation Pause) 458M->187M(512M) 4.731ms
[2023-04-09T15:47:15.068+0800][169.793s] GC(34) User=0.02s Sys=0.00s Real=0.00s
[2023-04-09T15:47:16.650+0800][171.376s] GC(35) Pause Young (Normal) (G1 Evacuation Pause)
[2023-04-09T15:47:16.651+0800][171.376s] GC(35) Using 8 workers of 8 for evacuation
[2023-04-09T15:47:16.662+0800][171.387s] GC(35)   Pre Evacuate Collection Set: 0.0ms
[2023-04-09T15:47:16.662+0800][171.387s] GC(35)   Evacuate Collection Set: 10.7ms
[2023-04-09T15:47:16.662+0800][171.388s] GC(35)   Post Evacuate Collection Set: 0.3ms
[2023-04-09T15:47:16.662+0800][171.388s] GC(35)   Other: 0.6ms
[2023-04-09T15:47:16.662+0800][171.388s] GC(35) Eden regions: 239->0(244)
[2023-04-09T15:47:16.662+0800][171.388s] GC(35) Survivor regions: 16->15(32)
[2023-04-09T15:47:16.662+0800][171.388s] GC(35) Old regions: 115->115
[2023-04-09T15:47:16.662+0800][171.388s] GC(35) Humongous regions: 57->57
[2023-04-09T15:47:16.662+0800][171.388s] GC(35) Metaspace: 60879K(63176K)->60879K(63176K) NonClass: 53814K(55164K)->53814K(55164K) Class: 7064K(8012K)->7064K(8012K)
[2023-04-09T15:47:16.662+0800][171.388s] GC(35) Pause Young (Normal) (G1 Evacuation Pause) 426M->186M(512M) 11.934ms
[2023-04-09T15:47:16.662+0800][171.388s] GC(35) User=0.02s Sys=0.00s Real=0.01s
[2023-04-09T15:47:18.265+0800][172.991s] GC(36) Pause Young (Normal) (G1 Evacuation Pause)
[2023-04-09T15:47:18.265+0800][172.991s] GC(36) Using 8 workers of 8 for evacuation
[2023-04-09T15:47:18.267+0800][172.993s] GC(36)   Pre Evacuate Collection Set: 0.0ms
[2023-04-09T15:47:18.267+0800][172.993s] GC(36)   Evacuate Collection Set: 1.7ms
[2023-04-09T15:47:18.268+0800][172.993s] GC(36)   Post Evacuate Collection Set: 0.3ms
[2023-04-09T15:47:18.268+0800][172.993s] GC(36)   Other: 0.3ms
[2023-04-09T15:47:18.268+0800][172.993s] GC(36) Eden regions: 244->0(243)
[2023-04-09T15:47:18.268+0800][172.993s] GC(36) Survivor regions: 15->19(33)
[2023-04-09T15:47:18.268+0800][172.993s] GC(36) Old regions: 115->115
[2023-04-09T15:47:18.268+0800][172.993s] GC(36) Humongous regions: 58->58
[2023-04-09T15:47:18.268+0800][172.993s] GC(36) Metaspace: 60881K(63176K)->60881K(63176K) NonClass: 53816K(55164K)->53816K(55164K) Class: 7064K(8012K)->7064K(8012K)
[2023-04-09T15:47:18.268+0800][172.993s] GC(36) Pause Young (Normal) (G1 Evacuation Pause) 431M->191M(512M) 2.644ms
[2023-04-09T15:47:18.268+0800][172.993s] GC(36) User=0.02s Sys=0.00s Real=0.00s
[2023-04-09T15:47:19.431+0800][174.157s] GC(37) Pause Young (Normal) (G1 Evacuation Pause)
[2023-04-09T15:47:19.431+0800][174.157s] GC(37) Using 8 workers of 8 for evacuation
[2023-04-09T15:47:19.434+0800][174.160s] GC(37)   Pre Evacuate Collection Set: 0.0ms
[2023-04-09T15:47:19.434+0800][174.160s] GC(37)   Evacuate Collection Set: 2.2ms
[2023-04-09T15:47:19.434+0800][174.160s] GC(37)   Post Evacuate Collection Set: 0.3ms
[2023-04-09T15:47:19.434+0800][174.160s] GC(37)   Other: 0.2ms
[2023-04-09T15:47:19.434+0800][174.160s] GC(37) Eden regions: 243->0(238)
[2023-04-09T15:47:19.434+0800][174.160s] GC(37) Survivor regions: 19->17(33)
[2023-04-09T15:47:19.434+0800][174.160s] GC(37) Old regions: 115->123
[2023-04-09T15:47:19.434+0800][174.160s] GC(37) Humongous regions: 61->60
[2023-04-09T15:47:19.434+0800][174.160s] GC(37) Metaspace: 60881K(63176K)->60881K(63176K) NonClass: 53816K(55164K)->53816K(55164K) Class: 7064K(8012K)->7064K(8012K)
[2023-04-09T15:47:19.434+0800][174.160s] GC(37) Pause Young (Normal) (G1 Evacuation Pause) 437M->198M(512M) 2.943ms
[2023-04-09T15:47:19.434+0800][174.160s] GC(37) User=0.01s Sys=0.00s Real=0.00s
[2023-04-09T15:47:20.603+0800][175.329s] GC(38) Pause Young (Normal) (G1 Evacuation Pause)
[2023-04-09T15:47:20.603+0800][175.330s] GC(38) Using 8 workers of 8 for evacuation
[2023-04-09T15:47:20.611+0800][175.338s] GC(38)   Pre Evacuate Collection Set: 0.0ms
[2023-04-09T15:47:20.612+0800][175.338s] GC(38)   Evacuate Collection Set: 7.5ms
[2023-04-09T15:47:20.612+0800][175.338s] GC(38)   Post Evacuate Collection Set: 0.3ms
[2023-04-09T15:47:20.612+0800][175.338s] GC(38)   Other: 0.3ms
[2023-04-09T15:47:20.612+0800][175.338s] GC(38) Eden regions: 238->0(236)
[2023-04-09T15:47:20.612+0800][175.338s] GC(38) Survivor regions: 17->16(32)
[2023-04-09T15:47:20.612+0800][175.338s] GC(38) Old regions: 123->123
[2023-04-09T15:47:20.612+0800][175.338s] GC(38) Humongous regions: 73->66
[2023-04-09T15:47:20.612+0800][175.338s] GC(38) Metaspace: 60881K(63176K)->60881K(63176K) NonClass: 53816K(55164K)->53816K(55164K) Class: 7064K(8012K)->7064K(8012K)
[2023-04-09T15:47:20.612+0800][175.338s] GC(38) Pause Young (Normal) (G1 Evacuation Pause) 449M->204M(512M) 8.333ms
[2023-04-09T15:47:20.612+0800][175.338s] GC(38) User=0.02s Sys=0.00s Real=0.01s
[2023-04-09T15:47:21.934+0800][176.660s] GC(39) Pause Young (Normal) (G1 Evacuation Pause)
[2023-04-09T15:47:21.934+0800][176.661s] GC(39) Using 8 workers of 8 for evacuation
[2023-04-09T15:47:21.937+0800][176.664s] GC(39)   Pre Evacuate Collection Set: 0.0ms
[2023-04-09T15:47:21.937+0800][176.664s] GC(39)   Evacuate Collection Set: 2.7ms
[2023-04-09T15:47:21.937+0800][176.664s] GC(39)   Post Evacuate Collection Set: 0.3ms
[2023-04-09T15:47:21.937+0800][176.664s] GC(39)   Other: 0.4ms
[2023-04-09T15:47:21.937+0800][176.664s] GC(39) Eden regions: 236->0(237)
[2023-04-09T15:47:21.937+0800][176.664s] GC(39) Survivor regions: 16->16(32)
[2023-04-09T15:47:21.938+0800][176.664s] GC(39) Old regions: 123->123
[2023-04-09T15:47:21.938+0800][176.664s] GC(39) Humongous regions: 71->66
[2023-04-09T15:47:21.938+0800][176.664s] GC(39) Metaspace: 60885K(63176K)->60885K(63176K) NonClass: 53821K(55164K)->53821K(55164K) Class: 7064K(8012K)->7064K(8012K)
[2023-04-09T15:47:21.938+0800][176.664s] GC(39) Pause Young (Normal) (G1 Evacuation Pause) 445M->204M(512M) 3.807ms
[2023-04-09T15:47:21.938+0800][176.664s] GC(39) User=0.02s Sys=0.00s Real=0.00s
[2023-04-09T15:47:23.013+0800][177.739s] GC(40) Pause Young (Normal) (G1 Evacuation Pause)
[2023-04-09T15:47:23.013+0800][177.739s] GC(40) Using 8 workers of 8 for evacuation
[2023-04-09T15:47:23.015+0800][177.741s] GC(40)   Pre Evacuate Collection Set: 0.0ms
[2023-04-09T15:47:23.015+0800][177.741s] GC(40)   Evacuate Collection Set: 1.5ms
[2023-04-09T15:47:23.015+0800][177.741s] GC(40)   Post Evacuate Collection Set: 0.4ms
[2023-04-09T15:47:23.015+0800][177.742s] GC(40)   Other: 0.3ms
[2023-04-09T15:47:23.015+0800][177.742s] GC(40) Eden regions: 237->0(245)
[2023-04-09T15:47:23.015+0800][177.742s] GC(40) Survivor regions: 16->10(32)
[2023-04-09T15:47:23.015+0800][177.742s] GC(40) Old regions: 123->123
[2023-04-09T15:47:23.015+0800][177.742s] GC(40) Humongous regions: 67->58
[2023-04-09T15:47:23.015+0800][177.742s] GC(40) Metaspace: 60888K(63176K)->60888K(63176K) NonClass: 53824K(55164K)->53824K(55164K) Class: 7064K(8012K)->7064K(8012K)
[2023-04-09T15:47:23.015+0800][177.742s] GC(40) Pause Young (Normal) (G1 Evacuation Pause) 442M->190M(512M) 2.468ms
[2023-04-09T15:47:23.015+0800][177.742s] GC(40) User=0.01s Sys=0.00s Real=0.00s
[2023-04-09T15:47:24.114+0800][178.841s] GC(41) Pause Young (Normal) (G1 Evacuation Pause)
[2023-04-09T15:47:24.114+0800][178.841s] GC(41) Using 8 workers of 8 for evacuation
[2023-04-09T15:47:24.120+0800][178.847s] GC(41)   Pre Evacuate Collection Set: 0.0ms
[2023-04-09T15:47:24.120+0800][178.847s] GC(41)   Evacuate Collection Set: 5.3ms
[2023-04-09T15:47:24.120+0800][178.847s] GC(41)   Post Evacuate Collection Set: 0.4ms
[2023-04-09T15:47:24.120+0800][178.847s] GC(41)   Other: 0.3ms
[2023-04-09T15:47:24.120+0800][178.847s] GC(41) Eden regions: 245->0(242)
[2023-04-09T15:47:24.120+0800][178.847s] GC(41) Survivor regions: 10->15(32)
[2023-04-09T15:47:24.120+0800][178.847s] GC(41) Old regions: 123->123
[2023-04-09T15:47:24.120+0800][178.847s] GC(41) Humongous regions: 60->59
[2023-04-09T15:47:24.120+0800][178.847s] GC(41) Metaspace: 60893K(63176K)->60893K(63176K) NonClass: 53829K(55164K)->53829K(55164K) Class: 7064K(8012K)->7064K(8012K)
[2023-04-09T15:47:24.120+0800][178.847s] GC(41) Pause Young (Normal) (G1 Evacuation Pause) 437M->196M(512M) 6.069ms
[2023-04-09T15:47:24.120+0800][178.847s] GC(41) User=0.02s Sys=0.00s Real=0.01s
[2023-04-09T15:47:24.981+0800][179.708s] GC(42) Pause Young (Normal) (G1 Evacuation Pause)
[2023-04-09T15:47:24.981+0800][179.708s] GC(42) Using 8 workers of 8 for evacuation
[2023-04-09T15:47:24.987+0800][179.713s] GC(42)   Pre Evacuate Collection Set: 0.0ms
[2023-04-09T15:47:24.987+0800][179.713s] GC(42)   Evacuate Collection Set: 4.6ms
[2023-04-09T15:47:24.987+0800][179.713s] GC(42)   Post Evacuate Collection Set: 0.6ms
[2023-04-09T15:47:24.987+0800][179.713s] GC(42)   Other: 0.2ms
[2023-04-09T15:47:24.987+0800][179.713s] GC(42) Eden regions: 242->0(239)
[2023-04-09T15:47:24.987+0800][179.713s] GC(42) Survivor regions: 15->15(33)
[2023-04-09T15:47:24.987+0800][179.714s] GC(42) Old regions: 123->123
[2023-04-09T15:47:24.987+0800][179.714s] GC(42) Humongous regions: 65->65
[2023-04-09T15:47:24.987+0800][179.714s] GC(42) Metaspace: 60894K(63176K)->60894K(63176K) NonClass: 53829K(55164K)->53829K(55164K) Class: 7064K(8012K)->7064K(8012K)
[2023-04-09T15:47:24.987+0800][179.714s] GC(42) Pause Young (Normal) (G1 Evacuation Pause) 444M->202M(512M) 5.626ms
[2023-04-09T15:47:24.987+0800][179.714s] GC(42) User=0.02s Sys=0.00s Real=0.00s
[2023-04-09T15:47:25.480+0800][180.207s] GC(43) Pause Young (Normal) (G1 Evacuation Pause)
[2023-04-09T15:47:25.480+0800][180.207s] GC(43) Using 8 workers of 8 for evacuation
[2023-04-09T15:47:25.482+0800][180.209s] GC(43)   Pre Evacuate Collection Set: 0.0ms
[2023-04-09T15:47:25.482+0800][180.209s] GC(43)   Evacuate Collection Set: 2.1ms
[2023-04-09T15:47:25.482+0800][180.209s] GC(43)   Post Evacuate Collection Set: 0.4ms
[2023-04-09T15:47:25.482+0800][180.209s] GC(43)   Other: 0.2ms
[2023-04-09T15:47:25.482+0800][180.209s] GC(43) Eden regions: 239->0(237)
[2023-04-09T15:47:25.482+0800][180.209s] GC(43) Survivor regions: 15->17(32)
[2023-04-09T15:47:25.483+0800][180.209s] GC(43) Old regions: 123->123
[2023-04-09T15:47:25.483+0800][180.209s] GC(43) Humongous regions: 73->66
[2023-04-09T15:47:25.483+0800][180.209s] GC(43) Metaspace: 60894K(63176K)->60894K(63176K) NonClass: 53830K(55164K)->53830K(55164K) Class: 7064K(8012K)->7064K(8012K)
[2023-04-09T15:47:25.483+0800][180.209s] GC(43) Pause Young (Normal) (G1 Evacuation Pause) 449M->205M(512M) 2.833ms
[2023-04-09T15:47:25.483+0800][180.209s] GC(43) User=0.01s Sys=0.00s Real=0.00s
[2023-04-09T15:47:25.981+0800][180.708s] GC(44) Pause Young (Normal) (G1 Evacuation Pause)
[2023-04-09T15:47:25.981+0800][180.708s] GC(44) Using 8 workers of 8 for evacuation
[2023-04-09T15:47:25.983+0800][180.710s] GC(44)   Pre Evacuate Collection Set: 0.0ms
[2023-04-09T15:47:25.983+0800][180.710s] GC(44)   Evacuate Collection Set: 1.4ms
[2023-04-09T15:47:25.983+0800][180.710s] GC(44)   Post Evacuate Collection Set: 0.3ms
[2023-04-09T15:47:25.983+0800][180.710s] GC(44)   Other: 0.2ms
[2023-04-09T15:47:25.983+0800][180.710s] GC(44) Eden regions: 237->0(237)
[2023-04-09T15:47:25.983+0800][180.710s] GC(44) Survivor regions: 17->17(32)
[2023-04-09T15:47:25.983+0800][180.710s] GC(44) Old regions: 123->123
[2023-04-09T15:47:25.983+0800][180.710s] GC(44) Humongous regions: 71->66
[2023-04-09T15:47:25.983+0800][180.710s] GC(44) Metaspace: 60896K(63176K)->60896K(63176K) NonClass: 53832K(55164K)->53832K(55164K) Class: 7064K(8012K)->7064K(8012K)
[2023-04-09T15:47:25.983+0800][180.710s] GC(44) Pause Young (Normal) (G1 Evacuation Pause) 447M->204M(512M) 2.110ms
[2023-04-09T15:47:25.983+0800][180.710s] GC(44) User=0.01s Sys=0.00s Real=0.00s
[2023-04-09T15:47:26.496+0800][181.223s] GC(45) Pause Young (Normal) (G1 Evacuation Pause)
[2023-04-09T15:47:26.496+0800][181.223s] GC(45) Using 8 workers of 8 for evacuation
[2023-04-09T15:47:26.509+0800][181.236s] GC(45)   Pre Evacuate Collection Set: 0.1ms
[2023-04-09T15:47:26.510+0800][181.236s] GC(45)   Evacuate Collection Set: 12.9ms
[2023-04-09T15:47:26.510+0800][181.236s] GC(45)   Post Evacuate Collection Set: 0.3ms
[2023-04-09T15:47:26.510+0800][181.237s] GC(45)   Other: 0.2ms
[2023-04-09T15:47:26.510+0800][181.237s] GC(45) Eden regions: 237->0(237)
[2023-04-09T15:47:26.510+0800][181.237s] GC(45) Survivor regions: 17->17(32)
[2023-04-09T15:47:26.510+0800][181.237s] GC(45) Old regions: 123->123
[2023-04-09T15:47:26.510+0800][181.237s] GC(45) Humongous regions: 66->66
[2023-04-09T15:47:26.510+0800][181.237s] GC(45) Metaspace: 60896K(63176K)->60896K(63176K) NonClass: 53832K(55164K)->53832K(55164K) Class: 7064K(8012K)->7064K(8012K)
[2023-04-09T15:47:26.510+0800][181.237s] GC(45) Pause Young (Normal) (G1 Evacuation Pause) 441M->205M(512M) 13.768ms
[2023-04-09T15:47:26.510+0800][181.237s] GC(45) User=0.02s Sys=0.00s Real=0.02s
[2023-04-09T15:47:29.110+0800][183.837s] GC(46) Pause Young (Normal) (G1 Evacuation Pause)
[2023-04-09T15:47:29.110+0800][183.837s] GC(46) Using 8 workers of 8 for evacuation
[2023-04-09T15:47:29.112+0800][183.839s] GC(46)   Pre Evacuate Collection Set: 0.0ms
[2023-04-09T15:47:29.112+0800][183.839s] GC(46)   Evacuate Collection Set: 1.2ms
[2023-04-09T15:47:29.112+0800][183.839s] GC(46)   Post Evacuate Collection Set: 0.3ms
[2023-04-09T15:47:29.112+0800][183.839s] GC(46)   Other: 0.2ms
[2023-04-09T15:47:29.112+0800][183.839s] GC(46) Eden regions: 237->0(250)
[2023-04-09T15:47:29.112+0800][183.839s] GC(46) Survivor regions: 17->1(32)
[2023-04-09T15:47:29.112+0800][183.839s] GC(46) Old regions: 123->129
[2023-04-09T15:47:29.112+0800][183.839s] GC(46) Humongous regions: 66->57
[2023-04-09T15:47:29.112+0800][183.839s] GC(46) Metaspace: 60907K(63176K)->60907K(63176K) NonClass: 53842K(55164K)->53842K(55164K) Class: 7065K(8012K)->7065K(8012K)
[2023-04-09T15:47:29.112+0800][183.839s] GC(46) Pause Young (Normal) (G1 Evacuation Pause) 442M->186M(512M) 1.890ms
[2023-04-09T15:47:29.112+0800][183.839s] GC(46) User=0.01s Sys=0.00s Real=0.00s
[2023-04-09T15:47:30.052+0800][184.780s] GC(47) Pause Young (Normal) (G1 Evacuation Pause)
[2023-04-09T15:47:30.052+0800][184.780s] GC(47) Using 8 workers of 8 for evacuation
[2023-04-09T15:47:30.060+0800][184.787s] GC(47)   Pre Evacuate Collection Set: 0.0ms
[2023-04-09T15:47:30.060+0800][184.787s] GC(47)   Evacuate Collection Set: 7.1ms
[2023-04-09T15:47:30.060+0800][184.787s] GC(47)   Post Evacuate Collection Set: 0.3ms
[2023-04-09T15:47:30.060+0800][184.787s] GC(47)   Other: 0.2ms
[2023-04-09T15:47:30.060+0800][184.787s] GC(47) Eden regions: 250->0(247)
[2023-04-09T15:47:30.060+0800][184.787s] GC(47) Survivor regions: 1->6(32)
[2023-04-09T15:47:30.060+0800][184.787s] GC(47) Old regions: 129->129
[2023-04-09T15:47:30.060+0800][184.787s] GC(47) Humongous regions: 58->58
[2023-04-09T15:47:30.060+0800][184.787s] GC(47) Metaspace: 60907K(63176K)->60907K(63176K) NonClass: 53842K(55164K)->53842K(55164K) Class: 7065K(8012K)->7065K(8012K)
[2023-04-09T15:47:30.060+0800][184.787s] GC(47) Pause Young (Normal) (G1 Evacuation Pause) 437M->191M(512M) 7.786ms
[2023-04-09T15:47:30.060+0800][184.787s] GC(47) User=0.01s Sys=0.00s Real=0.01s
[2023-04-09T15:47:30.861+0800][185.589s] GC(48) Pause Young (Normal) (G1 Evacuation Pause)
[2023-04-09T15:47:30.862+0800][185.589s] GC(48) Using 8 workers of 8 for evacuation
[2023-04-09T15:47:30.864+0800][185.592s] GC(48)   Pre Evacuate Collection Set: 0.0ms
[2023-04-09T15:47:30.864+0800][185.592s] GC(48)   Evacuate Collection Set: 2.1ms
[2023-04-09T15:47:30.864+0800][185.592s] GC(48)   Post Evacuate Collection Set: 0.3ms
[2023-04-09T15:47:30.864+0800][185.592s] GC(48)   Other: 0.5ms
[2023-04-09T15:47:30.864+0800][185.592s] GC(48) Eden regions: 247->0(243)
[2023-04-09T15:47:30.864+0800][185.592s] GC(48) Survivor regions: 6->11(32)
[2023-04-09T15:47:30.864+0800][185.592s] GC(48) Old regions: 129->129
[2023-04-09T15:47:30.864+0800][185.592s] GC(48) Humongous regions: 61->60
[2023-04-09T15:47:30.864+0800][185.592s] GC(48) Metaspace: 60907K(63176K)->60907K(63176K) NonClass: 53842K(55164K)->53842K(55164K) Class: 7065K(8012K)->7065K(8012K)
[2023-04-09T15:47:30.864+0800][185.592s] GC(48) Pause Young (Normal) (G1 Evacuation Pause) 441M->198M(512M) 3.117ms
[2023-04-09T15:47:30.864+0800][185.592s] GC(48) User=0.01s Sys=0.01s Real=0.00s
[2023-04-09T15:47:31.643+0800][186.371s] GC(49) Pause Young (Normal) (G1 Evacuation Pause)
[2023-04-09T15:47:31.643+0800][186.371s] GC(49) Using 8 workers of 8 for evacuation
[2023-04-09T15:47:31.657+0800][186.384s] GC(49)   Pre Evacuate Collection Set: 0.0ms
[2023-04-09T15:47:31.657+0800][186.384s] GC(49)   Evacuate Collection Set: 12.7ms
[2023-04-09T15:47:31.657+0800][186.384s] GC(49)   Post Evacuate Collection Set: 0.8ms
[2023-04-09T15:47:31.657+0800][186.384s] GC(49)   Other: 0.2ms
[2023-04-09T15:47:31.657+0800][186.384s] GC(49) Eden regions: 243->0(240)
[2023-04-09T15:47:31.657+0800][186.384s] GC(49) Survivor regions: 11->11(32)
[2023-04-09T15:47:31.657+0800][186.385s] GC(49) Old regions: 129->129
[2023-04-09T15:47:31.657+0800][186.385s] GC(49) Humongous regions: 73->66
[2023-04-09T15:47:31.657+0800][186.385s] GC(49) Metaspace: 60907K(63176K)->60907K(63176K) NonClass: 53842K(55164K)->53842K(55164K) Class: 7065K(8012K)->7065K(8012K)
[2023-04-09T15:47:31.657+0800][186.385s] GC(49) Pause Young (Normal) (G1 Evacuation Pause) 454M->205M(512M) 14.134ms
[2023-04-09T15:47:31.657+0800][186.385s] GC(49) User=0.01s Sys=0.00s Real=0.01s
[2023-04-09T15:47:32.745+0800][187.472s] GC(50) Pause Young (Normal) (G1 Evacuation Pause)
[2023-04-09T15:47:32.745+0800][187.472s] GC(50) Using 8 workers of 8 for evacuation
[2023-04-09T15:47:32.747+0800][187.474s] GC(50)   Pre Evacuate Collection Set: 0.0ms
[2023-04-09T15:47:32.747+0800][187.474s] GC(50)   Evacuate Collection Set: 1.4ms
[2023-04-09T15:47:32.747+0800][187.474s] GC(50)   Post Evacuate Collection Set: 0.4ms
[2023-04-09T15:47:32.747+0800][187.474s] GC(50)   Other: 0.2ms
[2023-04-09T15:47:32.747+0800][187.474s] GC(50) Eden regions: 240->0(241)
[2023-04-09T15:47:32.747+0800][187.474s] GC(50) Survivor regions: 11->11(32)
[2023-04-09T15:47:32.747+0800][187.474s] GC(50) Old regions: 129->129
[2023-04-09T15:47:32.747+0800][187.474s] GC(50) Humongous regions: 71->66
[2023-04-09T15:47:32.747+0800][187.474s] GC(50) Metaspace: 60908K(63176K)->60908K(63176K) NonClass: 53843K(55164K)->53843K(55164K) Class: 7065K(8012K)->7065K(8012K)
[2023-04-09T15:47:32.747+0800][187.475s] GC(50) Pause Young (Normal) (G1 Evacuation Pause) 450M->204M(512M) 2.482ms
[2023-04-09T15:47:32.747+0800][187.475s] GC(50) User=0.01s Sys=0.00s Real=0.00s
[2023-04-09T15:47:33.924+0800][188.651s] GC(51) Pause Young (Normal) (G1 Evacuation Pause)
[2023-04-09T15:47:33.924+0800][188.652s] GC(51) Using 8 workers of 8 for evacuation
[2023-04-09T15:47:33.927+0800][188.655s] GC(51)   Pre Evacuate Collection Set: 0.0ms
[2023-04-09T15:47:33.927+0800][188.655s] GC(51)   Evacuate Collection Set: 1.7ms
[2023-04-09T15:47:33.927+0800][188.655s] GC(51)   Post Evacuate Collection Set: 1.2ms
[2023-04-09T15:47:33.927+0800][188.655s] GC(51)   Other: 0.2ms
[2023-04-09T15:47:33.927+0800][188.655s] GC(51) Eden regions: 241->0(248)
[2023-04-09T15:47:33.927+0800][188.655s] GC(51) Survivor regions: 11->5(32)
[2023-04-09T15:47:33.927+0800][188.655s] GC(51) Old regions: 129->129
[2023-04-09T15:47:33.927+0800][188.655s] GC(51) Humongous regions: 67->58
[2023-04-09T15:47:33.927+0800][188.655s] GC(51) Metaspace: 60939K(63176K)->60939K(63176K) NonClass: 53874K(55164K)->53874K(55164K) Class: 7065K(8012K)->7065K(8012K)
[2023-04-09T15:47:33.927+0800][188.655s] GC(51) Pause Young (Normal) (G1 Evacuation Pause) 446M->191M(512M) 3.354ms
[2023-04-09T15:47:33.927+0800][188.655s] GC(51) User=0.01s Sys=0.00s Real=0.00s
[2023-04-09T15:47:34.774+0800][189.502s] GC(52) Pause Young (Normal) (G1 Evacuation Pause)
[2023-04-09T15:47:34.774+0800][189.502s] GC(52) Using 8 workers of 8 for evacuation
[2023-04-09T15:47:34.778+0800][189.505s] GC(52)   Pre Evacuate Collection Set: 0.0ms
[2023-04-09T15:47:34.778+0800][189.505s] GC(52)   Evacuate Collection Set: 2.0ms
[2023-04-09T15:47:34.778+0800][189.505s] GC(52)   Post Evacuate Collection Set: 1.6ms
[2023-04-09T15:47:34.778+0800][189.505s] GC(52)   Other: 0.2ms
[2023-04-09T15:47:34.778+0800][189.505s] GC(52) Eden regions: 248->0(244)
[2023-04-09T15:47:34.778+0800][189.505s] GC(52) Survivor regions: 5->10(32)
[2023-04-09T15:47:34.778+0800][189.505s] GC(52) Old regions: 129->129
[2023-04-09T15:47:34.778+0800][189.505s] GC(52) Humongous regions: 61->60
[2023-04-09T15:47:34.778+0800][189.505s] GC(52) Metaspace: 60964K(63176K)->60964K(63176K) NonClass: 53899K(55164K)->53899K(55164K) Class: 7065K(8012K)->7065K(8012K)
[2023-04-09T15:47:34.778+0800][189.506s] GC(52) Pause Young (Normal) (G1 Evacuation Pause) 442M->197M(512M) 3.951ms
[2023-04-09T15:47:34.778+0800][189.506s] GC(52) User=0.01s Sys=0.00s Real=0.00s
[2023-04-09T15:47:35.514+0800][190.242s] GC(53) Pause Young (Normal) (G1 Evacuation Pause)
[2023-04-09T15:47:35.514+0800][190.242s] GC(53) Using 8 workers of 8 for evacuation
[2023-04-09T15:47:35.517+0800][190.245s] GC(53)   Pre Evacuate Collection Set: 0.0ms
[2023-04-09T15:47:35.517+0800][190.245s] GC(53)   Evacuate Collection Set: 2.4ms
[2023-04-09T15:47:35.517+0800][190.245s] GC(53)   Post Evacuate Collection Set: 0.4ms
[2023-04-09T15:47:35.517+0800][190.245s] GC(53)   Other: 0.2ms
[2023-04-09T15:47:35.517+0800][190.245s] GC(53) Eden regions: 244->0(240)
[2023-04-09T15:47:35.517+0800][190.245s] GC(53) Survivor regions: 10->11(32)
[2023-04-09T15:47:35.517+0800][190.245s] GC(53) Old regions: 129->129
[2023-04-09T15:47:35.517+0800][190.245s] GC(53) Humongous regions: 73->66
[2023-04-09T15:47:35.517+0800][190.245s] GC(53) Metaspace: 60964K(63176K)->60964K(63176K) NonClass: 53899K(55164K)->53899K(55164K) Class: 7065K(8012K)->7065K(8012K)
[2023-04-09T15:47:35.517+0800][190.245s] GC(53) Pause Young (Normal) (G1 Evacuation Pause) 454M->204M(512M) 3.172ms
[2023-04-09T15:47:35.517+0800][190.245s] GC(53) User=0.01s Sys=0.01s Real=0.00s
[2023-04-09T15:47:36.393+0800][191.120s] GC(54) Pause Young (Normal) (G1 Evacuation Pause)
[2023-04-09T15:47:36.393+0800][191.120s] GC(54) Using 8 workers of 8 for evacuation
[2023-04-09T15:47:36.405+0800][191.133s] GC(54)   Pre Evacuate Collection Set: 0.0ms
[2023-04-09T15:47:36.405+0800][191.133s] GC(54)   Evacuate Collection Set: 11.9ms
[2023-04-09T15:47:36.405+0800][191.133s] GC(54)   Post Evacuate Collection Set: 0.4ms
[2023-04-09T15:47:36.405+0800][191.133s] GC(54)   Other: 0.2ms
[2023-04-09T15:47:36.405+0800][191.133s] GC(54) Eden regions: 240->0(240)
[2023-04-09T15:47:36.405+0800][191.133s] GC(54) Survivor regions: 11->11(32)
[2023-04-09T15:47:36.405+0800][191.133s] GC(54) Old regions: 129->129
[2023-04-09T15:47:36.405+0800][191.133s] GC(54) Humongous regions: 66->66
[2023-04-09T15:47:36.405+0800][191.133s] GC(54) Metaspace: 60967K(63176K)->60967K(63176K) NonClass: 53901K(55164K)->53901K(55164K) Class: 7065K(8012K)->7065K(8012K)
[2023-04-09T15:47:36.405+0800][191.133s] GC(54) Pause Young (Normal) (G1 Evacuation Pause) 444M->204M(512M) 12.748ms
[2023-04-09T15:47:36.405+0800][191.133s] GC(54) User=0.02s Sys=0.00s Real=0.01s
[2023-04-09T15:47:37.215+0800][191.942s] GC(55) Pause Young (Normal) (G1 Evacuation Pause)
[2023-04-09T15:47:37.215+0800][191.942s] GC(55) Using 8 workers of 8 for evacuation
[2023-04-09T15:47:37.221+0800][191.949s] GC(55)   Pre Evacuate Collection Set: 0.0ms
[2023-04-09T15:47:37.221+0800][191.949s] GC(55)   Evacuate Collection Set: 5.4ms
[2023-04-09T15:47:37.221+0800][191.949s] GC(55)   Post Evacuate Collection Set: 0.4ms
[2023-04-09T15:47:37.221+0800][191.949s] GC(55)   Other: 0.2ms
[2023-04-09T15:47:37.221+0800][191.949s] GC(55) Eden regions: 240->0(250)
[2023-04-09T15:47:37.221+0800][191.949s] GC(55) Survivor regions: 11->4(32)
[2023-04-09T15:47:37.221+0800][191.949s] GC(55) Old regions: 129->129
[2023-04-09T15:47:37.221+0800][191.949s] GC(55) Humongous regions: 67->58
[2023-04-09T15:47:37.221+0800][191.949s] GC(55) Metaspace: 60969K(63176K)->60969K(63176K) NonClass: 53904K(55164K)->53904K(55164K) Class: 7065K(8012K)->7065K(8012K)
[2023-04-09T15:47:37.221+0800][191.949s] GC(55) Pause Young (Normal) (G1 Evacuation Pause) 445M->190M(512M) 6.250ms
[2023-04-09T15:47:37.221+0800][191.949s] GC(55) User=0.01s Sys=0.00s Real=0.01s
[2023-04-09T15:47:38.480+0800][193.208s] GC(56) Pause Young (Normal) (G1 Evacuation Pause)
[2023-04-09T15:47:38.480+0800][193.208s] GC(56) Using 8 workers of 8 for evacuation
[2023-04-09T15:47:38.488+0800][193.216s] GC(56)   Pre Evacuate Collection Set: 0.0ms
[2023-04-09T15:47:38.488+0800][193.216s] GC(56)   Evacuate Collection Set: 7.0ms
[2023-04-09T15:47:38.488+0800][193.216s] GC(56)   Post Evacuate Collection Set: 0.4ms
[2023-04-09T15:47:38.488+0800][193.216s] GC(56)   Other: 0.4ms
[2023-04-09T15:47:38.488+0800][193.216s] GC(56) Eden regions: 250->0(246)
[2023-04-09T15:47:38.488+0800][193.216s] GC(56) Survivor regions: 4->9(32)
[2023-04-09T15:47:38.488+0800][193.216s] GC(56) Old regions: 129->129
[2023-04-09T15:47:38.488+0800][193.216s] GC(56) Humongous regions: 60->59
[2023-04-09T15:47:38.488+0800][193.216s] GC(56) Metaspace: 60969K(63176K)->60969K(63176K) NonClass: 53904K(55164K)->53904K(55164K) Class: 7065K(8012K)->7065K(8012K)
[2023-04-09T15:47:38.488+0800][193.216s] GC(56) Pause Young (Normal) (G1 Evacuation Pause) 442M->195M(512M) 8.055ms
[2023-04-09T15:47:38.488+0800][193.216s] GC(56) User=0.01s Sys=0.00s Real=0.00s
[2023-04-09T15:47:40.031+0800][194.759s] GC(57) Pause Young (Normal) (G1 Evacuation Pause)
[2023-04-09T15:47:40.031+0800][194.759s] GC(57) Using 8 workers of 8 for evacuation
[2023-04-09T15:47:40.044+0800][194.772s] GC(57)   Pre Evacuate Collection Set: 0.0ms
[2023-04-09T15:47:40.044+0800][194.772s] GC(57)   Evacuate Collection Set: 12.7ms
[2023-04-09T15:47:40.045+0800][194.772s] GC(57)   Post Evacuate Collection Set: 0.4ms
[2023-04-09T15:47:40.045+0800][194.772s] GC(57)   Other: 0.3ms
[2023-04-09T15:47:40.045+0800][194.772s] GC(57) Eden regions: 246->0(241)
[2023-04-09T15:47:40.045+0800][194.772s] GC(57) Survivor regions: 9->10(32)
[2023-04-09T15:47:40.045+0800][194.773s] GC(57) Old regions: 129->129
[2023-04-09T15:47:40.045+0800][194.773s] GC(57) Humongous regions: 65->65
[2023-04-09T15:47:40.045+0800][194.773s] GC(57) Metaspace: 60969K(63176K)->60969K(63176K) NonClass: 53904K(55164K)->53904K(55164K) Class: 7065K(8012K)->7065K(8012K)
[2023-04-09T15:47:40.045+0800][194.773s] GC(57) Pause Young (Normal) (G1 Evacuation Pause) 447M->203M(512M) 13.680ms
[2023-04-09T15:47:40.045+0800][194.773s] GC(57) User=0.01s Sys=0.00s Real=0.01s
[2023-04-09T15:47:41.862+0800][196.590s] GC(58) Pause Young (Normal) (G1 Evacuation Pause)
[2023-04-09T15:47:41.862+0800][196.590s] GC(58) Using 8 workers of 8 for evacuation
[2023-04-09T15:47:41.876+0800][196.603s] GC(58)   Pre Evacuate Collection Set: 0.1ms
[2023-04-09T15:47:41.876+0800][196.604s] GC(58)   Evacuate Collection Set: 10.9ms
[2023-04-09T15:47:41.876+0800][196.604s] GC(58)   Post Evacuate Collection Set: 1.9ms
[2023-04-09T15:47:41.876+0800][196.604s] GC(58)   Other: 0.5ms
[2023-04-09T15:47:41.876+0800][196.604s] GC(58) Eden regions: 241->0(240)
[2023-04-09T15:47:41.876+0800][196.604s] GC(58) Survivor regions: 10->11(32)
[2023-04-09T15:47:41.876+0800][196.604s] GC(58) Old regions: 129->129
[2023-04-09T15:47:41.876+0800][196.604s] GC(58) Humongous regions: 73->66
[2023-04-09T15:47:41.876+0800][196.604s] GC(58) Metaspace: 60976K(63176K)->60976K(63176K) NonClass: 53910K(55164K)->53910K(55164K) Class: 7065K(8012K)->7065K(8012K)
[2023-04-09T15:47:41.876+0800][196.604s] GC(58) Pause Young (Normal) (G1 Evacuation Pause) 452M->204M(512M) 13.473ms
[2023-04-09T15:47:41.876+0800][196.604s] GC(58) User=0.01s Sys=0.00s Real=0.01s
[2023-04-09T15:47:43.272+0800][198.000s] GC(59) Pause Young (Normal) (G1 Evacuation Pause)
[2023-04-09T15:47:43.272+0800][198.000s] GC(59) Using 8 workers of 8 for evacuation
[2023-04-09T15:47:43.273+0800][198.001s] GC(59)   Pre Evacuate Collection Set: 0.0ms
[2023-04-09T15:47:43.273+0800][198.001s] GC(59)   Evacuate Collection Set: 0.6ms
[2023-04-09T15:47:43.273+0800][198.001s] GC(59)   Post Evacuate Collection Set: 0.3ms
[2023-04-09T15:47:43.273+0800][198.001s] GC(59)   Other: 0.2ms
[2023-04-09T15:47:43.273+0800][198.001s] GC(59) Eden regions: 240->0(251)
[2023-04-09T15:47:43.273+0800][198.001s] GC(59) Survivor regions: 11->3(32)
[2023-04-09T15:47:43.273+0800][198.001s] GC(59) Old regions: 129->129
[2023-04-09T15:47:43.273+0800][198.001s] GC(59) Humongous regions: 66->57
[2023-04-09T15:47:43.273+0800][198.001s] GC(59) Metaspace: 60980K(63176K)->60980K(63176K) NonClass: 53915K(55164K)->53915K(55164K) Class: 7065K(8012K)->7065K(8012K)
[2023-04-09T15:47:43.273+0800][198.001s] GC(59) Pause Young (Normal) (G1 Evacuation Pause) 444M->188M(512M) 1.320ms
[2023-04-09T15:47:43.274+0800][198.002s] GC(59) User=0.01s Sys=0.00s Real=0.00s
[2023-04-09T15:47:44.892+0800][199.620s] GC(60) Pause Young (Normal) (G1 Evacuation Pause)
[2023-04-09T15:47:44.892+0800][199.620s] GC(60) Using 8 workers of 8 for evacuation
[2023-04-09T15:47:44.905+0800][199.633s] GC(60)   Pre Evacuate Collection Set: 0.0ms
[2023-04-09T15:47:44.905+0800][199.633s] GC(60)   Evacuate Collection Set: 11.8ms
[2023-04-09T15:47:44.905+0800][199.633s] GC(60)   Post Evacuate Collection Set: 0.4ms
[2023-04-09T15:47:44.905+0800][199.633s] GC(60)   Other: 0.6ms
[2023-04-09T15:47:44.905+0800][199.633s] GC(60) Eden regions: 251->0(246)
[2023-04-09T15:47:44.905+0800][199.633s] GC(60) Survivor regions: 3->8(32)
[2023-04-09T15:47:44.905+0800][199.633s] GC(60) Old regions: 129->129
[2023-04-09T15:47:44.905+0800][199.633s] GC(60) Humongous regions: 60->59
[2023-04-09T15:47:44.905+0800][199.633s] GC(60) Metaspace: 60980K(63176K)->60980K(63176K) NonClass: 53915K(55164K)->53915K(55164K) Class: 7065K(8012K)->7065K(8012K)
[2023-04-09T15:47:44.905+0800][199.633s] GC(60) Pause Young (Normal) (G1 Evacuation Pause) 442M->194M(512M) 13.300ms
[2023-04-09T15:47:44.905+0800][199.633s] GC(60) User=0.01s Sys=0.00s Real=0.01s
[2023-04-09T15:47:46.702+0800][201.430s] GC(61) Pause Young (Normal) (G1 Evacuation Pause)
[2023-04-09T15:47:46.702+0800][201.430s] GC(61) Using 8 workers of 8 for evacuation
[2023-04-09T15:47:46.716+0800][201.444s] GC(61)   Pre Evacuate Collection Set: 0.0ms
[2023-04-09T15:47:46.716+0800][201.444s] GC(61)   Evacuate Collection Set: 12.5ms
[2023-04-09T15:47:46.716+0800][201.444s] GC(61)   Post Evacuate Collection Set: 0.6ms
[2023-04-09T15:47:46.716+0800][201.444s] GC(61)   Other: 0.6ms
[2023-04-09T15:47:46.716+0800][201.444s] GC(61) Eden regions: 246->0(242)
[2023-04-09T15:47:46.716+0800][201.444s] GC(61) Survivor regions: 8->9(32)
[2023-04-09T15:47:46.716+0800][201.444s] GC(61) Old regions: 129->129
[2023-04-09T15:47:46.716+0800][201.444s] GC(61) Humongous regions: 65->65
[2023-04-09T15:47:46.716+0800][201.444s] GC(61) Metaspace: 60980K(63176K)->60980K(63176K) NonClass: 53915K(55164K)->53915K(55164K) Class: 7065K(8012K)->7065K(8012K)
[2023-04-09T15:47:46.716+0800][201.444s] GC(61) Pause Young (Normal) (G1 Evacuation Pause) 446M->202M(512M) 14.036ms
[2023-04-09T15:47:46.716+0800][201.444s] GC(61) User=0.01s Sys=0.00s Real=0.01s
[2023-04-09T15:47:48.655+0800][203.383s] GC(62) Pause Young (Normal) (G1 Evacuation Pause)
[2023-04-09T15:47:48.655+0800][203.383s] GC(62) Using 8 workers of 8 for evacuation
[2023-04-09T15:47:48.668+0800][203.396s] GC(62)   Pre Evacuate Collection Set: 0.0ms
[2023-04-09T15:47:48.668+0800][203.396s] GC(62)   Evacuate Collection Set: 12.2ms
[2023-04-09T15:47:48.668+0800][203.396s] GC(62)   Post Evacuate Collection Set: 0.5ms
[2023-04-09T15:47:48.668+0800][203.396s] GC(62)   Other: 0.3ms
[2023-04-09T15:47:48.668+0800][203.396s] GC(62) Eden regions: 242->0(241)
[2023-04-09T15:47:48.668+0800][203.396s] GC(62) Survivor regions: 9->10(32)
[2023-04-09T15:47:48.668+0800][203.396s] GC(62) Old regions: 129->129
[2023-04-09T15:47:48.668+0800][203.396s] GC(62) Humongous regions: 78->66
[2023-04-09T15:47:48.668+0800][203.396s] GC(62) Metaspace: 60982K(63176K)->60982K(63176K) NonClass: 53917K(55164K)->53917K(55164K) Class: 7065K(8012K)->7065K(8012K)
[2023-04-09T15:47:48.668+0800][203.396s] GC(62) Pause Young (Normal) (G1 Evacuation Pause) 457M->204M(512M) 13.266ms
[2023-04-09T15:47:48.668+0800][203.396s] GC(62) User=0.01s Sys=0.00s Real=0.01s
[2023-04-09T15:47:50.155+0800][204.883s] GC(63) Pause Young (Normal) (G1 Evacuation Pause)
[2023-04-09T15:47:50.155+0800][204.883s] GC(63) Using 8 workers of 8 for evacuation
[2023-04-09T15:47:50.159+0800][204.887s] GC(63)   Pre Evacuate Collection Set: 0.0ms
[2023-04-09T15:47:50.159+0800][204.887s] GC(63)   Evacuate Collection Set: 4.0ms
[2023-04-09T15:47:50.159+0800][204.888s] GC(63)   Post Evacuate Collection Set: 0.4ms
[2023-04-09T15:47:50.159+0800][204.888s] GC(63)   Other: 0.2ms
[2023-04-09T15:47:50.159+0800][204.888s] GC(63) Eden regions: 241->0(252)
[2023-04-09T15:47:50.159+0800][204.888s] GC(63) Survivor regions: 10->2(32)
[2023-04-09T15:47:50.159+0800][204.888s] GC(63) Old regions: 129->129
[2023-04-09T15:47:50.159+0800][204.888s] GC(63) Humongous regions: 66->57
[2023-04-09T15:47:50.159+0800][204.888s] GC(63) Metaspace: 60983K(63176K)->60983K(63176K) NonClass: 53918K(55164K)->53918K(55164K) Class: 7065K(8012K)->7065K(8012K)
[2023-04-09T15:47:50.160+0800][204.888s] GC(63) Pause Young (Normal) (G1 Evacuation Pause) 445M->187M(512M) 4.858ms
[2023-04-09T15:47:50.160+0800][204.888s] GC(63) User=0.01s Sys=0.00s Real=0.01s
[2023-04-09T15:47:51.340+0800][206.069s] GC(64) Pause Young (Normal) (G1 Evacuation Pause)
[2023-04-09T15:47:51.340+0800][206.069s] GC(64) Using 8 workers of 8 for evacuation
[2023-04-09T15:47:51.342+0800][206.070s] GC(64)   Pre Evacuate Collection Set: 0.0ms
[2023-04-09T15:47:51.342+0800][206.070s] GC(64)   Evacuate Collection Set: 0.7ms
[2023-04-09T15:47:51.342+0800][206.070s] GC(64)   Post Evacuate Collection Set: 0.3ms
[2023-04-09T15:47:51.342+0800][206.070s] GC(64)   Other: 0.2ms
[2023-04-09T15:47:51.342+0800][206.070s] GC(64) Eden regions: 252->0(248)
[2023-04-09T15:47:51.342+0800][206.070s] GC(64) Survivor regions: 2->7(32)
[2023-04-09T15:47:51.342+0800][206.070s] GC(64) Old regions: 129->129
[2023-04-09T15:47:51.342+0800][206.070s] GC(64) Humongous regions: 60->59
[2023-04-09T15:47:51.342+0800][206.070s] GC(64) Metaspace: 60983K(63176K)->60983K(63176K) NonClass: 53918K(55164K)->53918K(55164K) Class: 7065K(8012K)->7065K(8012K)
[2023-04-09T15:47:51.342+0800][206.070s] GC(64) Pause Young (Normal) (G1 Evacuation Pause) 442M->194M(512M) 1.595ms
[2023-04-09T15:47:51.342+0800][206.070s] GC(64) User=0.01s Sys=0.00s Real=0.00s
[2023-04-09T15:47:52.524+0800][207.252s] GC(65) Pause Young (Normal) (G1 Evacuation Pause)
[2023-04-09T15:47:52.524+0800][207.252s] GC(65) Using 8 workers of 8 for evacuation
[2023-04-09T15:47:52.539+0800][207.267s] GC(65)   Pre Evacuate Collection Set: 0.0ms
[2023-04-09T15:47:52.539+0800][207.267s] GC(65)   Evacuate Collection Set: 14.4ms
[2023-04-09T15:47:52.539+0800][207.267s] GC(65)   Post Evacuate Collection Set: 0.4ms
[2023-04-09T15:47:52.539+0800][207.267s] GC(65)   Other: 0.4ms
[2023-04-09T15:47:52.539+0800][207.267s] GC(65) Eden regions: 248->0(244)
[2023-04-09T15:47:52.539+0800][207.267s] GC(65) Survivor regions: 7->11(32)
[2023-04-09T15:47:52.539+0800][207.267s] GC(65) Old regions: 129->129
[2023-04-09T15:47:52.539+0800][207.267s] GC(65) Humongous regions: 60->60
[2023-04-09T15:47:52.539+0800][207.267s] GC(65) Metaspace: 60983K(63176K)->60983K(63176K) NonClass: 53918K(55164K)->53918K(55164K) Class: 7065K(8012K)->7065K(8012K)
[2023-04-09T15:47:52.539+0800][207.267s] GC(65) Pause Young (Normal) (G1 Evacuation Pause) 443M->199M(512M) 15.485ms
[2023-04-09T15:47:52.539+0800][207.268s] GC(65) User=0.01s Sys=0.01s Real=0.01s
[2023-04-09T15:47:53.579+0800][208.308s] GC(66) Pause Young (Normal) (G1 Evacuation Pause)
[2023-04-09T15:47:53.579+0800][208.308s] GC(66) Using 8 workers of 8 for evacuation
[2023-04-09T15:47:53.593+0800][208.322s] GC(66)   Pre Evacuate Collection Set: 0.0ms
[2023-04-09T15:47:53.593+0800][208.322s] GC(66)   Evacuate Collection Set: 13.2ms
[2023-04-09T15:47:53.593+0800][208.322s] GC(66)   Post Evacuate Collection Set: 0.5ms
[2023-04-09T15:47:53.593+0800][208.322s] GC(66)   Other: 0.3ms
[2023-04-09T15:47:53.593+0800][208.322s] GC(66) Eden regions: 244->0(241)
[2023-04-09T15:47:53.593+0800][208.322s] GC(66) Survivor regions: 11->10(32)
[2023-04-09T15:47:53.593+0800][208.322s] GC(66) Old regions: 129->129
[2023-04-09T15:47:53.593+0800][208.322s] GC(66) Humongous regions: 78->66
[2023-04-09T15:47:53.593+0800][208.322s] GC(66) Metaspace: 60983K(63176K)->60983K(63176K) NonClass: 53918K(55164K)->53918K(55164K) Class: 7065K(8012K)->7065K(8012K)
[2023-04-09T15:47:53.594+0800][208.322s] GC(66) Pause Young (Normal) (G1 Evacuation Pause) 461M->204M(512M) 14.250ms
[2023-04-09T15:47:53.594+0800][208.322s] GC(66) User=0.01s Sys=0.00s Real=0.02s
[2023-04-09T15:47:55.068+0800][209.797s] GC(67) Pause Young (Normal) (G1 Evacuation Pause)
[2023-04-09T15:47:55.068+0800][209.797s] GC(67) Using 8 workers of 8 for evacuation
[2023-04-09T15:47:55.069+0800][209.798s] GC(67)   Pre Evacuate Collection Set: 0.0ms
[2023-04-09T15:47:55.069+0800][209.798s] GC(67)   Evacuate Collection Set: 0.3ms
[2023-04-09T15:47:55.069+0800][209.798s] GC(67)   Post Evacuate Collection Set: 0.3ms
[2023-04-09T15:47:55.069+0800][209.798s] GC(67)   Other: 0.2ms
[2023-04-09T15:47:55.069+0800][209.798s] GC(67) Eden regions: 241->0(253)
[2023-04-09T15:47:55.069+0800][209.798s] GC(67) Survivor regions: 10->1(32)
[2023-04-09T15:47:55.069+0800][209.798s] GC(67) Old regions: 129->129
[2023-04-09T15:47:55.069+0800][209.798s] GC(67) Humongous regions: 66->57
[2023-04-09T15:47:55.069+0800][209.798s] GC(67) Metaspace: 60984K(63176K)->60984K(63176K) NonClass: 53918K(55164K)->53918K(55164K) Class: 7065K(8012K)->7065K(8012K)
[2023-04-09T15:47:55.069+0800][209.798s] GC(67) Pause Young (Normal) (G1 Evacuation Pause) 445M->186M(512M) 1.062ms
[2023-04-09T15:47:55.069+0800][209.798s] GC(67) User=0.00s Sys=0.00s Real=0.00s
[2023-04-09T15:47:56.025+0800][210.753s] GC(68) Pause Young (Normal) (G1 Evacuation Pause)
[2023-04-09T15:47:56.025+0800][210.753s] GC(68) Using 8 workers of 8 for evacuation
[2023-04-09T15:47:56.031+0800][210.760s] GC(68)   Pre Evacuate Collection Set: 0.0ms
[2023-04-09T15:47:56.032+0800][210.760s] GC(68)   Evacuate Collection Set: 6.0ms
[2023-04-09T15:47:56.032+0800][210.760s] GC(68)   Post Evacuate Collection Set: 0.6ms
[2023-04-09T15:47:56.032+0800][210.760s] GC(68)   Other: 0.3ms
[2023-04-09T15:47:56.032+0800][210.760s] GC(68) Eden regions: 253->0(250)
[2023-04-09T15:47:56.032+0800][210.760s] GC(68) Survivor regions: 1->6(32)
[2023-04-09T15:47:56.032+0800][210.760s] GC(68) Old regions: 129->129
[2023-04-09T15:47:56.032+0800][210.760s] GC(68) Humongous regions: 58->58
[2023-04-09T15:47:56.032+0800][210.760s] GC(68) Metaspace: 60984K(63176K)->60984K(63176K) NonClass: 53918K(55164K)->53918K(55164K) Class: 7065K(8012K)->7065K(8012K)
[2023-04-09T15:47:56.032+0800][210.760s] GC(68) Pause Young (Normal) (G1 Evacuation Pause) 440M->192M(512M) 7.262ms
[2023-04-09T15:47:56.032+0800][210.760s] GC(68) User=0.01s Sys=0.00s Real=0.01s
[2023-04-09T15:47:57.189+0800][211.917s] GC(69) Pause Young (Normal) (G1 Evacuation Pause)
[2023-04-09T15:47:57.189+0800][211.917s] GC(69) Using 8 workers of 8 for evacuation
[2023-04-09T15:47:57.193+0800][211.921s] GC(69)   Pre Evacuate Collection Set: 0.0ms
[2023-04-09T15:47:57.193+0800][211.922s] GC(69)   Evacuate Collection Set: 3.6ms
[2023-04-09T15:47:57.193+0800][211.922s] GC(69)   Post Evacuate Collection Set: 0.4ms
[2023-04-09T15:47:57.193+0800][211.922s] GC(69)   Other: 0.2ms
[2023-04-09T15:47:57.193+0800][211.922s] GC(69) Eden regions: 250->0(244)
[2023-04-09T15:47:57.193+0800][211.922s] GC(69) Survivor regions: 6->11(32)
[2023-04-09T15:47:57.193+0800][211.922s] GC(69) Old regions: 129->129
[2023-04-09T15:47:57.193+0800][211.922s] GC(69) Humongous regions: 61->60
[2023-04-09T15:47:57.193+0800][211.922s] GC(69) Metaspace: 60984K(63176K)->60984K(63176K) NonClass: 53918K(55164K)->53918K(55164K) Class: 7065K(8012K)->7065K(8012K)
[2023-04-09T15:47:57.193+0800][211.922s] GC(69) Pause Young (Normal) (G1 Evacuation Pause) 445M->199M(512M) 4.512ms
[2023-04-09T15:47:57.193+0800][211.922s] GC(69) User=0.01s Sys=0.01s Real=0.01s
[2023-04-09T15:47:58.772+0800][213.500s] GC(70) Pause Young (Normal) (G1 Evacuation Pause)
[2023-04-09T15:47:58.772+0800][213.500s] GC(70) Using 8 workers of 8 for evacuation
[2023-04-09T15:47:58.775+0800][213.503s] GC(70)   Pre Evacuate Collection Set: 0.0ms
[2023-04-09T15:47:58.775+0800][213.503s] GC(70)   Evacuate Collection Set: 1.1ms
[2023-04-09T15:47:58.775+0800][213.503s] GC(70)   Post Evacuate Collection Set: 1.3ms
[2023-04-09T15:47:58.775+0800][213.503s] GC(70)   Other: 0.6ms
[2023-04-09T15:47:58.775+0800][213.503s] GC(70) Eden regions: 244->0(240)
[2023-04-09T15:47:58.775+0800][213.503s] GC(70) Survivor regions: 11->10(32)
[2023-04-09T15:47:58.775+0800][213.503s] GC(70) Old regions: 129->129
[2023-04-09T15:47:58.775+0800][213.503s] GC(70) Humongous regions: 78->66
[2023-04-09T15:47:58.775+0800][213.503s] GC(70) Metaspace: 61006K(63176K)->61006K(63176K) NonClass: 53940K(55164K)->53940K(55164K) Class: 7065K(8012K)->7065K(8012K)
[2023-04-09T15:47:58.775+0800][213.503s] GC(70) Pause Young (Normal) (G1 Evacuation Pause) 461M->204M(512M) 3.317ms
[2023-04-09T15:47:58.775+0800][213.503s] GC(70) User=0.01s Sys=0.00s Real=0.00s
[2023-04-09T15:48:00.134+0800][214.862s] GC(71) Pause Young (Normal) (G1 Evacuation Pause)
[2023-04-09T15:48:00.134+0800][214.862s] GC(71) Using 8 workers of 8 for evacuation
[2023-04-09T15:48:00.137+0800][214.865s] GC(71)   Pre Evacuate Collection Set: 0.0ms
[2023-04-09T15:48:00.137+0800][214.865s] GC(71)   Evacuate Collection Set: 1.5ms
[2023-04-09T15:48:00.137+0800][214.865s] GC(71)   Post Evacuate Collection Set: 1.2ms
[2023-04-09T15:48:00.137+0800][214.865s] GC(71)   Other: 0.2ms
[2023-04-09T15:48:00.137+0800][214.865s] GC(71) Eden regions: 240->0(255)
[2023-04-09T15:48:00.137+0800][214.865s] GC(71) Survivor regions: 10->1(32)
[2023-04-09T15:48:00.137+0800][214.865s] GC(71) Old regions: 129->129
[2023-04-09T15:48:00.137+0800][214.865s] GC(71) Humongous regions: 66->57
[2023-04-09T15:48:00.137+0800][214.865s] GC(71) Metaspace: 61007K(63176K)->61007K(63176K) NonClass: 53942K(55164K)->53942K(55164K) Class: 7065K(8012K)->7065K(8012K)
[2023-04-09T15:48:00.137+0800][214.865s] GC(71) Pause Young (Normal) (G1 Evacuation Pause) 444M->185M(512M) 3.291ms
[2023-04-09T15:48:00.137+0800][214.865s] GC(71) User=0.01s Sys=0.00s Real=0.00s
[2023-04-09T15:48:01.247+0800][215.975s] GC(72) Pause Young (Normal) (G1 Evacuation Pause)
[2023-04-09T15:48:01.247+0800][215.975s] GC(72) Using 8 workers of 8 for evacuation
[2023-04-09T15:48:01.248+0800][215.976s] GC(72)   Pre Evacuate Collection Set: 0.0ms
[2023-04-09T15:48:01.248+0800][215.976s] GC(72)   Evacuate Collection Set: 0.6ms
[2023-04-09T15:48:01.248+0800][215.976s] GC(72)   Post Evacuate Collection Set: 0.3ms
[2023-04-09T15:48:01.248+0800][215.977s] GC(72)   Other: 0.2ms
[2023-04-09T15:48:01.248+0800][215.977s] GC(72) Eden regions: 255->0(252)
[2023-04-09T15:48:01.248+0800][215.977s] GC(72) Survivor regions: 1->6(32)
[2023-04-09T15:48:01.248+0800][215.977s] GC(72) Old regions: 129->129
[2023-04-09T15:48:01.248+0800][215.977s] GC(72) Humongous regions: 58->58
[2023-04-09T15:48:01.248+0800][215.977s] GC(72) Metaspace: 61007K(63176K)->61007K(63176K) NonClass: 53942K(55164K)->53942K(55164K) Class: 7065K(8012K)->7065K(8012K)
[2023-04-09T15:48:01.248+0800][215.977s] GC(72) Pause Young (Normal) (G1 Evacuation Pause) 441M->191M(512M) 1.462ms
[2023-04-09T15:48:01.248+0800][215.977s] GC(72) User=0.01s Sys=0.00s Real=0.00s
[2023-04-09T15:48:02.476+0800][217.204s] GC(73) Pause Young (Normal) (G1 Evacuation Pause)
[2023-04-09T15:48:02.476+0800][217.204s] GC(73) Using 8 workers of 8 for evacuation
[2023-04-09T15:48:02.481+0800][217.209s] GC(73)   Pre Evacuate Collection Set: 0.0ms
[2023-04-09T15:48:02.481+0800][217.209s] GC(73)   Evacuate Collection Set: 4.3ms
[2023-04-09T15:48:02.481+0800][217.209s] GC(73)   Post Evacuate Collection Set: 0.3ms
[2023-04-09T15:48:02.481+0800][217.209s] GC(73)   Other: 0.3ms
[2023-04-09T15:48:02.481+0800][217.209s] GC(73) Eden regions: 252->0(248)
[2023-04-09T15:48:02.481+0800][217.209s] GC(73) Survivor regions: 6->9(33)
[2023-04-09T15:48:02.481+0800][217.209s] GC(73) Old regions: 129->129
[2023-04-09T15:48:02.481+0800][217.209s] GC(73) Humongous regions: 61->60
[2023-04-09T15:48:02.481+0800][217.209s] GC(73) Metaspace: 61007K(63176K)->61007K(63176K) NonClass: 53942K(55164K)->53942K(55164K) Class: 7065K(8012K)->7065K(8012K)
[2023-04-09T15:48:02.481+0800][217.209s] GC(73) Pause Young (Normal) (G1 Evacuation Pause) 446M->197M(512M) 5.143ms
[2023-04-09T15:48:02.481+0800][217.209s] GC(73) User=0.01s Sys=0.00s Real=0.01s
[2023-04-09T15:48:03.742+0800][218.471s] GC(74) Pause Young (Normal) (G1 Evacuation Pause)
[2023-04-09T15:48:03.743+0800][218.471s] GC(74) Using 8 workers of 8 for evacuation
[2023-04-09T15:48:03.756+0800][218.484s] GC(74)   Pre Evacuate Collection Set: 0.0ms
[2023-04-09T15:48:03.756+0800][218.484s] GC(74)   Evacuate Collection Set: 12.4ms
[2023-04-09T15:48:03.756+0800][218.484s] GC(74)   Post Evacuate Collection Set: 0.4ms
[2023-04-09T15:48:03.756+0800][218.484s] GC(74)   Other: 0.2ms
[2023-04-09T15:48:03.756+0800][218.484s] GC(74) Eden regions: 248->0(240)
[2023-04-09T15:48:03.756+0800][218.484s] GC(74) Survivor regions: 9->11(33)
[2023-04-09T15:48:03.756+0800][218.484s] GC(74) Old regions: 129->129
[2023-04-09T15:48:03.756+0800][218.484s] GC(74) Humongous regions: 78->66
[2023-04-09T15:48:03.756+0800][218.484s] GC(74) Metaspace: 61007K(63176K)->61007K(63176K) NonClass: 53942K(55164K)->53942K(55164K) Class: 7065K(8012K)->7065K(8012K)
[2023-04-09T15:48:03.756+0800][218.484s] GC(74) Pause Young (Normal) (G1 Evacuation Pause) 463M->204M(512M) 13.316ms
[2023-04-09T15:48:03.756+0800][218.484s] GC(74) User=0.01s Sys=0.00s Real=0.01s
[2023-04-09T15:48:05.253+0800][219.982s] GC(75) Pause Young (Normal) (G1 Evacuation Pause)
[2023-04-09T15:48:05.253+0800][219.982s] GC(75) Using 8 workers of 8 for evacuation
[2023-04-09T15:48:05.260+0800][219.989s] GC(75)   Pre Evacuate Collection Set: 0.0ms
[2023-04-09T15:48:05.260+0800][219.989s] GC(75)   Evacuate Collection Set: 6.4ms
[2023-04-09T15:48:05.260+0800][219.989s] GC(75)   Post Evacuate Collection Set: 0.3ms
[2023-04-09T15:48:05.260+0800][219.989s] GC(75)   Other: 0.6ms
[2023-04-09T15:48:05.260+0800][219.989s] GC(75) Eden regions: 240->0(241)
[2023-04-09T15:48:05.261+0800][219.989s] GC(75) Survivor regions: 11->11(32)
[2023-04-09T15:48:05.261+0800][219.989s] GC(75) Old regions: 129->129
[2023-04-09T15:48:05.261+0800][219.989s] GC(75) Humongous regions: 66->66
[2023-04-09T15:48:05.261+0800][219.989s] GC(75) Metaspace: 61011K(63176K)->61011K(63176K) NonClass: 53945K(55164K)->53945K(55164K) Class: 7065K(8012K)->7065K(8012K)
[2023-04-09T15:48:05.261+0800][219.989s] GC(75) Pause Young (Normal) (G1 Evacuation Pause) 444M->205M(512M) 7.498ms
[2023-04-09T15:48:05.261+0800][219.989s] GC(75) User=0.01s Sys=0.00s Real=0.01s
[2023-04-09T15:48:06.693+0800][221.421s] GC(76) Pause Young (Normal) (G1 Evacuation Pause)
[2023-04-09T15:48:06.693+0800][221.421s] GC(76) Using 8 workers of 8 for evacuation
[2023-04-09T15:48:06.707+0800][221.436s] GC(76)   Pre Evacuate Collection Set: 0.0ms
[2023-04-09T15:48:06.707+0800][221.436s] GC(76)   Evacuate Collection Set: 13.5ms
[2023-04-09T15:48:06.707+0800][221.436s] GC(76)   Post Evacuate Collection Set: 0.4ms
[2023-04-09T15:48:06.707+0800][221.436s] GC(76)   Other: 0.2ms
[2023-04-09T15:48:06.707+0800][221.436s] GC(76) Eden regions: 241->0(251)
[2023-04-09T15:48:06.707+0800][221.436s] GC(76) Survivor regions: 11->5(32)
[2023-04-09T15:48:06.707+0800][221.436s] GC(76) Old regions: 129->129
[2023-04-09T15:48:06.707+0800][221.436s] GC(76) Humongous regions: 67->58
[2023-04-09T15:48:06.707+0800][221.436s] GC(76) Metaspace: 61011K(63176K)->61011K(63176K) NonClass: 53946K(55164K)->53946K(55164K) Class: 7065K(8012K)->7065K(8012K)
[2023-04-09T15:48:06.707+0800][221.436s] GC(76) Pause Young (Normal) (G1 Evacuation Pause) 447M->190M(512M) 14.452ms
[2023-04-09T15:48:06.707+0800][221.436s] GC(76) User=0.01s Sys=0.00s Real=0.01s
[2023-04-09T15:48:07.769+0800][222.498s] GC(77) Pause Young (Normal) (G1 Evacuation Pause)
[2023-04-09T15:48:07.769+0800][222.498s] GC(77) Using 8 workers of 8 for evacuation
[2023-04-09T15:48:07.772+0800][222.500s] GC(77)   Pre Evacuate Collection Set: 0.0ms
[2023-04-09T15:48:07.772+0800][222.500s] GC(77)   Evacuate Collection Set: 1.8ms
[2023-04-09T15:48:07.772+0800][222.500s] GC(77)   Post Evacuate Collection Set: 0.3ms
[2023-04-09T15:48:07.772+0800][222.500s] GC(77)   Other: 0.2ms
[2023-04-09T15:48:07.772+0800][222.500s] GC(77) Eden regions: 251->0(247)
[2023-04-09T15:48:07.772+0800][222.500s] GC(77) Survivor regions: 5->10(32)
[2023-04-09T15:48:07.772+0800][222.500s] GC(77) Old regions: 129->129
[2023-04-09T15:48:07.772+0800][222.500s] GC(77) Humongous regions: 60->59
[2023-04-09T15:48:07.772+0800][222.500s] GC(77) Metaspace: 61011K(63176K)->61011K(63176K) NonClass: 53946K(55164K)->53946K(55164K) Class: 7065K(8012K)->7065K(8012K)
[2023-04-09T15:48:07.772+0800][222.500s] GC(77) Pause Young (Normal) (G1 Evacuation Pause) 443M->197M(512M) 2.696ms
[2023-04-09T15:48:07.772+0800][222.500s] GC(77) User=0.01s Sys=0.00s Real=0.01s
[2023-04-09T15:48:08.919+0800][223.648s] GC(78) Pause Young (Normal) (G1 Evacuation Pause)
[2023-04-09T15:48:08.919+0800][223.648s] GC(78) Using 8 workers of 8 for evacuation
[2023-04-09T15:48:08.921+0800][223.649s] GC(78)   Pre Evacuate Collection Set: 0.0ms
[2023-04-09T15:48:08.921+0800][223.649s] GC(78)   Evacuate Collection Set: 1.1ms
[2023-04-09T15:48:08.921+0800][223.649s] GC(78)   Post Evacuate Collection Set: 0.5ms
[2023-04-09T15:48:08.921+0800][223.650s] GC(78)   Other: 0.2ms
[2023-04-09T15:48:08.921+0800][223.650s] GC(78) Eden regions: 247->0(241)
[2023-04-09T15:48:08.921+0800][223.650s] GC(78) Survivor regions: 10->10(33)
[2023-04-09T15:48:08.921+0800][223.650s] GC(78) Old regions: 129->129
[2023-04-09T15:48:08.921+0800][223.650s] GC(78) Humongous regions: 73->66
[2023-04-09T15:48:08.921+0800][223.650s] GC(78) Metaspace: 61011K(63176K)->61011K(63176K) NonClass: 53946K(55164K)->53946K(55164K) Class: 7065K(8012K)->7065K(8012K)
[2023-04-09T15:48:08.921+0800][223.650s] GC(78) Pause Young (Normal) (G1 Evacuation Pause) 458M->204M(512M) 2.076ms
[2023-04-09T15:48:08.921+0800][223.650s] GC(78) User=0.01s Sys=0.00s Real=0.01s
[2023-04-09T15:48:10.239+0800][224.967s] GC(79) Pause Young (Normal) (G1 Evacuation Pause)
[2023-04-09T15:48:10.239+0800][224.967s] GC(79) Using 8 workers of 8 for evacuation
[2023-04-09T15:48:10.241+0800][224.969s] GC(79)   Pre Evacuate Collection Set: 0.0ms
[2023-04-09T15:48:10.241+0800][224.969s] GC(79)   Evacuate Collection Set: 1.1ms
[2023-04-09T15:48:10.241+0800][224.969s] GC(79)   Post Evacuate Collection Set: 0.3ms
[2023-04-09T15:48:10.241+0800][224.969s] GC(79)   Other: 0.4ms
[2023-04-09T15:48:10.241+0800][224.969s] GC(79) Eden regions: 241->0(240)
[2023-04-09T15:48:10.241+0800][224.969s] GC(79) Survivor regions: 10->11(32)
[2023-04-09T15:48:10.241+0800][224.969s] GC(79) Old regions: 129->129
[2023-04-09T15:48:10.241+0800][224.969s] GC(79) Humongous regions: 71->66
[2023-04-09T15:48:10.241+0800][224.969s] GC(79) Metaspace: 61013K(63176K)->61013K(63176K) NonClass: 53947K(55164K)->53947K(55164K) Class: 7065K(8012K)->7065K(8012K)
[2023-04-09T15:48:10.241+0800][224.969s] GC(79) Pause Young (Normal) (G1 Evacuation Pause) 450M->205M(512M) 2.140ms
[2023-04-09T15:48:10.241+0800][224.969s] GC(79) User=0.01s Sys=0.00s Real=0.01s
[2023-04-09T15:48:11.523+0800][226.251s] GC(80) Pause Young (Normal) (G1 Evacuation Pause)
[2023-04-09T15:48:11.523+0800][226.251s] GC(80) Using 8 workers of 8 for evacuation
[2023-04-09T15:48:11.524+0800][226.252s] GC(80)   Pre Evacuate Collection Set: 0.0ms
[2023-04-09T15:48:11.524+0800][226.252s] GC(80)   Evacuate Collection Set: 0.5ms
[2023-04-09T15:48:11.524+0800][226.252s] GC(80)   Post Evacuate Collection Set: 0.3ms
[2023-04-09T15:48:11.524+0800][226.252s] GC(80)   Other: 0.2ms
[2023-04-09T15:48:11.524+0800][226.252s] GC(80) Eden regions: 240->0(250)
[2023-04-09T15:48:11.524+0800][226.252s] GC(80) Survivor regions: 11->4(32)
[2023-04-09T15:48:11.524+0800][226.252s] GC(80) Old regions: 129->129
[2023-04-09T15:48:11.524+0800][226.252s] GC(80) Humongous regions: 67->58
[2023-04-09T15:48:11.524+0800][226.253s] GC(80) Metaspace: 61017K(63176K)->61017K(63176K) NonClass: 53951K(55164K)->53951K(55164K) Class: 7065K(8012K)->7065K(8012K)
[2023-04-09T15:48:11.524+0800][226.253s] GC(80) Pause Young (Normal) (G1 Evacuation Pause) 446M->190M(512M) 1.290ms
[2023-04-09T15:48:11.524+0800][226.253s] GC(80) User=0.01s Sys=0.00s Real=0.00s
[2023-04-09T15:48:13.188+0800][227.917s] GC(81) Pause Young (Normal) (G1 Evacuation Pause)
[2023-04-09T15:48:13.188+0800][227.917s] GC(81) Using 8 workers of 8 for evacuation
[2023-04-09T15:48:13.190+0800][227.918s] GC(81)   Pre Evacuate Collection Set: 0.0ms
[2023-04-09T15:48:13.190+0800][227.919s] GC(81)   Evacuate Collection Set: 1.0ms
[2023-04-09T15:48:13.190+0800][227.919s] GC(81)   Post Evacuate Collection Set: 0.4ms
[2023-04-09T15:48:13.190+0800][227.919s] GC(81)   Other: 0.2ms
[2023-04-09T15:48:13.190+0800][227.919s] GC(81) Eden regions: 250->0(247)
[2023-04-09T15:48:13.190+0800][227.919s] GC(81) Survivor regions: 4->8(32)
[2023-04-09T15:48:13.190+0800][227.919s] GC(81) Old regions: 129->129
[2023-04-09T15:48:13.190+0800][227.919s] GC(81) Humongous regions: 60->59
[2023-04-09T15:48:13.190+0800][227.919s] GC(81) Metaspace: 61017K(63176K)->61017K(63176K) NonClass: 53951K(55164K)->53951K(55164K) Class: 7065K(8012K)->7065K(8012K)
[2023-04-09T15:48:13.190+0800][227.919s] GC(81) Pause Young (Normal) (G1 Evacuation Pause) 442M->195M(512M) 1.918ms
[2023-04-09T15:48:13.190+0800][227.919s] GC(81) User=0.00s Sys=0.00s Real=0.01s
[2023-04-09T15:48:14.290+0800][229.019s] GC(82) Pause Young (Normal) (G1 Evacuation Pause)
[2023-04-09T15:48:14.290+0800][229.019s] GC(82) Using 8 workers of 8 for evacuation
[2023-04-09T15:48:14.303+0800][229.032s] GC(82)   Pre Evacuate Collection Set: 0.0ms
[2023-04-09T15:48:14.303+0800][229.032s] GC(82)   Evacuate Collection Set: 12.3ms
[2023-04-09T15:48:14.303+0800][229.032s] GC(82)   Post Evacuate Collection Set: 0.4ms
[2023-04-09T15:48:14.304+0800][229.032s] GC(82)   Other: 0.2ms
[2023-04-09T15:48:14.304+0800][229.032s] GC(82) Eden regions: 247->0(242)
[2023-04-09T15:48:14.304+0800][229.032s] GC(82) Survivor regions: 8->9(32)
[2023-04-09T15:48:14.304+0800][229.032s] GC(82) Old regions: 129->129
[2023-04-09T15:48:14.304+0800][229.032s] GC(82) Humongous regions: 65->65
[2023-04-09T15:48:14.304+0800][229.032s] GC(82) Metaspace: 61017K(63176K)->61017K(63176K) NonClass: 53951K(55164K)->53951K(55164K) Class: 7065K(8012K)->7065K(8012K)
[2023-04-09T15:48:14.304+0800][229.032s] GC(82) Pause Young (Normal) (G1 Evacuation Pause) 448M->202M(512M) 13.245ms
[2023-04-09T15:48:14.304+0800][229.032s] GC(82) User=0.01s Sys=0.00s Real=0.01s
[2023-04-09T15:48:15.485+0800][230.214s] GC(83) Pause Young (Normal) (G1 Evacuation Pause)
[2023-04-09T15:48:15.485+0800][230.214s] GC(83) Using 8 workers of 8 for evacuation
[2023-04-09T15:48:15.490+0800][230.218s] GC(83)   Pre Evacuate Collection Set: 0.0ms
[2023-04-09T15:48:15.490+0800][230.218s] GC(83)   Evacuate Collection Set: 3.8ms
[2023-04-09T15:48:15.490+0800][230.218s] GC(83)   Post Evacuate Collection Set: 0.4ms
[2023-04-09T15:48:15.490+0800][230.218s] GC(83)   Other: 0.2ms
[2023-04-09T15:48:15.490+0800][230.218s] GC(83) Eden regions: 242->0(241)
[2023-04-09T15:48:15.490+0800][230.218s] GC(83) Survivor regions: 9->10(32)
[2023-04-09T15:48:15.490+0800][230.218s] GC(83) Old regions: 129->129
[2023-04-09T15:48:15.490+0800][230.218s] GC(83) Humongous regions: 78->66
[2023-04-09T15:48:15.490+0800][230.218s] GC(83) Metaspace: 61018K(63176K)->61018K(63176K) NonClass: 53952K(55164K)->53952K(55164K) Class: 7065K(8012K)->7065K(8012K)
[2023-04-09T15:48:15.490+0800][230.218s] GC(83) Pause Young (Normal) (G1 Evacuation Pause) 457M->204M(512M) 4.728ms
[2023-04-09T15:48:15.490+0800][230.218s] GC(83) User=0.01s Sys=0.00s Real=0.01s
[2023-04-09T15:48:16.853+0800][231.581s] GC(84) Pause Young (Normal) (G1 Evacuation Pause)
[2023-04-09T15:48:16.853+0800][231.581s] GC(84) Using 8 workers of 8 for evacuation
[2023-04-09T15:48:16.855+0800][231.583s] GC(84)   Pre Evacuate Collection Set: 0.0ms
[2023-04-09T15:48:16.855+0800][231.583s] GC(84)   Evacuate Collection Set: 1.2ms
[2023-04-09T15:48:16.855+0800][231.583s] GC(84)   Post Evacuate Collection Set: 0.6ms
[2023-04-09T15:48:16.855+0800][231.584s] GC(84)   Other: 0.4ms
[2023-04-09T15:48:16.855+0800][231.584s] GC(84) Eden regions: 241->0(249)
[2023-04-09T15:48:16.855+0800][231.584s] GC(84) Survivor regions: 10->4(32)
[2023-04-09T15:48:16.855+0800][231.584s] GC(84) Old regions: 129->129
[2023-04-09T15:48:16.855+0800][231.584s] GC(84) Humongous regions: 66->57
[2023-04-09T15:48:16.855+0800][231.584s] GC(84) Metaspace: 61281K(63432K)->61281K(63432K) NonClass: 54170K(55420K)->54170K(55420K) Class: 7111K(8012K)->7111K(8012K)
[2023-04-09T15:48:16.855+0800][231.584s] GC(84) Pause Young (Normal) (G1 Evacuation Pause) 445M->189M(512M) 2.474ms
[2023-04-09T15:48:16.855+0800][231.584s] GC(84) User=0.01s Sys=0.00s Real=0.00s
[2023-04-09T15:48:17.721+0800][232.450s] GC(85) Pause Young (Normal) (G1 Evacuation Pause)
[2023-04-09T15:48:17.721+0800][232.450s] GC(85) Using 8 workers of 8 for evacuation
[2023-04-09T15:48:17.723+0800][232.451s] GC(85)   Pre Evacuate Collection Set: 0.0ms
[2023-04-09T15:48:17.723+0800][232.451s] GC(85)   Evacuate Collection Set: 1.1ms
[2023-04-09T15:48:17.723+0800][232.451s] GC(85)   Post Evacuate Collection Set: 0.4ms
[2023-04-09T15:48:17.723+0800][232.451s] GC(85)   Other: 0.2ms
[2023-04-09T15:48:17.723+0800][232.452s] GC(85) Eden regions: 249->0(247)
[2023-04-09T15:48:17.723+0800][232.452s] GC(85) Survivor regions: 4->7(32)
[2023-04-09T15:48:17.723+0800][232.452s] GC(85) Old regions: 129->129
[2023-04-09T15:48:17.723+0800][232.452s] GC(85) Humongous regions: 58->58
[2023-04-09T15:48:17.723+0800][232.452s] GC(85) Metaspace: 61315K(63432K)->61315K(63432K) NonClass: 54200K(55420K)->54200K(55420K) Class: 7114K(8012K)->7114K(8012K)
[2023-04-09T15:48:17.723+0800][232.452s] GC(85) Pause Young (Normal) (G1 Evacuation Pause) 439M->193M(512M) 2.050ms
[2023-04-09T15:48:17.723+0800][232.452s] GC(85) User=0.01s Sys=0.00s Real=0.00s
[2023-04-09T15:48:18.538+0800][233.266s] GC(86) Pause Young (Normal) (G1 Evacuation Pause)
[2023-04-09T15:48:18.538+0800][233.266s] GC(86) Using 8 workers of 8 for evacuation
[2023-04-09T15:48:18.542+0800][233.271s] GC(86)   Pre Evacuate Collection Set: 0.0ms
[2023-04-09T15:48:18.542+0800][233.271s] GC(86)   Evacuate Collection Set: 3.8ms
[2023-04-09T15:48:18.542+0800][233.271s] GC(86)   Post Evacuate Collection Set: 0.4ms
[2023-04-09T15:48:18.542+0800][233.271s] GC(86)   Other: 0.2ms
[2023-04-09T15:48:18.542+0800][233.271s] GC(86) Eden regions: 247->0(246)
[2023-04-09T15:48:18.542+0800][233.271s] GC(86) Survivor regions: 7->10(32)
[2023-04-09T15:48:18.542+0800][233.271s] GC(86) Old regions: 129->129
[2023-04-09T15:48:18.542+0800][233.271s] GC(86) Humongous regions: 60->59
[2023-04-09T15:48:18.542+0800][233.271s] GC(86) Metaspace: 61315K(63432K)->61315K(63432K) NonClass: 54200K(55420K)->54200K(55420K) Class: 7114K(8012K)->7114K(8012K)
[2023-04-09T15:48:18.543+0800][233.271s] GC(86) Pause Young (Normal) (G1 Evacuation Pause) 442M->197M(512M) 4.678ms
[2023-04-09T15:48:18.543+0800][233.271s] GC(86) User=0.02s Sys=0.00s Real=0.01s
[2023-04-09T15:48:19.276+0800][234.005s] GC(87) Pause Young (Normal) (G1 Evacuation Pause)
[2023-04-09T15:48:19.277+0800][234.005s] GC(87) Using 8 workers of 8 for evacuation
[2023-04-09T15:48:19.279+0800][234.008s] GC(87)   Pre Evacuate Collection Set: 0.0ms
[2023-04-09T15:48:19.280+0800][234.008s] GC(87)   Evacuate Collection Set: 2.4ms
[2023-04-09T15:48:19.280+0800][234.008s] GC(87)   Post Evacuate Collection Set: 0.3ms
[2023-04-09T15:48:19.280+0800][234.008s] GC(87)   Other: 0.2ms
[2023-04-09T15:48:19.280+0800][234.008s] GC(87) Eden regions: 246->0(243)
[2023-04-09T15:48:19.280+0800][234.008s] GC(87) Survivor regions: 10->12(32)
[2023-04-09T15:48:19.280+0800][234.008s] GC(87) Old regions: 129->129
[2023-04-09T15:48:19.280+0800][234.008s] GC(87) Humongous regions: 60->60
[2023-04-09T15:48:19.280+0800][234.008s] GC(87) Metaspace: 61315K(63432K)->61315K(63432K) NonClass: 54200K(55420K)->54200K(55420K) Class: 7114K(8012K)->7114K(8012K)
[2023-04-09T15:48:19.280+0800][234.008s] GC(87) Pause Young (Normal) (G1 Evacuation Pause) 444M->200M(512M) 3.265ms
[2023-04-09T15:48:19.280+0800][234.008s] GC(87) User=0.01s Sys=0.00s Real=0.01s
[2023-04-09T15:48:20.049+0800][234.778s] GC(88) Pause Young (Normal) (G1 Evacuation Pause)
[2023-04-09T15:48:20.049+0800][234.778s] GC(88) Using 8 workers of 8 for evacuation
[2023-04-09T15:48:20.051+0800][234.780s] GC(88)   Pre Evacuate Collection Set: 0.1ms
[2023-04-09T15:48:20.051+0800][234.780s] GC(88)   Evacuate Collection Set: 1.5ms
[2023-04-09T15:48:20.051+0800][234.780s] GC(88)   Post Evacuate Collection Set: 0.4ms
[2023-04-09T15:48:20.052+0800][234.780s] GC(88)   Other: 0.2ms
[2023-04-09T15:48:20.052+0800][234.780s] GC(88) Eden regions: 243->0(241)
[2023-04-09T15:48:20.052+0800][234.780s] GC(88) Survivor regions: 12->11(32)
[2023-04-09T15:48:20.052+0800][234.780s] GC(88) Old regions: 129->129
[2023-04-09T15:48:20.052+0800][234.780s] GC(88) Humongous regions: 65->65
[2023-04-09T15:48:20.052+0800][234.780s] GC(88) Metaspace: 61315K(63432K)->61315K(63432K) NonClass: 54200K(55420K)->54200K(55420K) Class: 7114K(8012K)->7114K(8012K)
[2023-04-09T15:48:20.052+0800][234.780s] GC(88) Pause Young (Normal) (G1 Evacuation Pause) 448M->204M(512M) 2.448ms
[2023-04-09T15:48:20.052+0800][234.780s] GC(88) User=0.01s Sys=0.00s Real=0.01s
[2023-04-09T15:48:20.871+0800][235.599s] GC(89) Pause Young (Normal) (G1 Evacuation Pause)
[2023-04-09T15:48:20.871+0800][235.599s] GC(89) Using 8 workers of 8 for evacuation
[2023-04-09T15:48:20.877+0800][235.605s] GC(89)   Pre Evacuate Collection Set: 0.0ms
[2023-04-09T15:48:20.877+0800][235.605s] GC(89)   Evacuate Collection Set: 5.3ms
[2023-04-09T15:48:20.877+0800][235.605s] GC(89)   Post Evacuate Collection Set: 0.4ms
[2023-04-09T15:48:20.877+0800][235.605s] GC(89)   Other: 0.2ms
[2023-04-09T15:48:20.877+0800][235.605s] GC(89) Eden regions: 241->0(237)
[2023-04-09T15:48:20.877+0800][235.605s] GC(89) Survivor regions: 11->14(32)
[2023-04-09T15:48:20.877+0800][235.605s] GC(89) Old regions: 129->129
[2023-04-09T15:48:20.877+0800][235.605s] GC(89) Humongous regions: 78->66
[2023-04-09T15:48:20.877+0800][235.605s] GC(89) Metaspace: 61352K(63688K)->61352K(63688K) NonClass: 54236K(55676K)->54236K(55676K) Class: 7115K(8012K)->7115K(8012K)
[2023-04-09T15:48:20.877+0800][235.605s] GC(89) Pause Young (Normal) (G1 Evacuation Pause) 457M->207M(512M) 6.243ms
[2023-04-09T15:48:20.877+0800][235.605s] GC(89) User=0.02s Sys=0.00s Real=0.00s
[2023-04-09T15:48:21.744+0800][236.473s] GC(90) Pause Young (Normal) (G1 Evacuation Pause)
[2023-04-09T15:48:21.744+0800][236.473s] GC(90) Using 8 workers of 8 for evacuation
[2023-04-09T15:48:21.759+0800][236.487s] GC(90)   Pre Evacuate Collection Set: 0.0ms
[2023-04-09T15:48:21.759+0800][236.487s] GC(90)   Evacuate Collection Set: 13.7ms
[2023-04-09T15:48:21.759+0800][236.487s] GC(90)   Post Evacuate Collection Set: 0.5ms
[2023-04-09T15:48:21.759+0800][236.487s] GC(90)   Other: 0.2ms
[2023-04-09T15:48:21.759+0800][236.487s] GC(90) Eden regions: 237->0(241)
[2023-04-09T15:48:21.759+0800][236.487s] GC(90) Survivor regions: 14->12(32)
[2023-04-09T15:48:21.759+0800][236.487s] GC(90) Old regions: 129->129
[2023-04-09T15:48:21.759+0800][236.487s] GC(90) Humongous regions: 66->66
[2023-04-09T15:48:21.759+0800][236.487s] GC(90) Metaspace: 61356K(63688K)->61356K(63688K) NonClass: 54240K(55676K)->54240K(55676K) Class: 7115K(8012K)->7115K(8012K)
[2023-04-09T15:48:21.759+0800][236.487s] GC(90) Pause Young (Normal) (G1 Evacuation Pause) 444M->206M(512M) 14.695ms
[2023-04-09T15:48:21.759+0800][236.487s] GC(90) User=0.02s Sys=0.00s Real=0.01s
[2023-04-09T15:48:22.760+0800][237.488s] GC(91) Pause Young (Normal) (G1 Evacuation Pause)
[2023-04-09T15:48:22.760+0800][237.488s] GC(91) Using 8 workers of 8 for evacuation
[2023-04-09T15:48:22.769+0800][237.497s] GC(91)   Pre Evacuate Collection Set: 0.0ms
[2023-04-09T15:48:22.769+0800][237.497s] GC(91)   Evacuate Collection Set: 7.8ms
[2023-04-09T15:48:22.769+0800][237.497s] GC(91)   Post Evacuate Collection Set: 0.4ms
[2023-04-09T15:48:22.769+0800][237.497s] GC(91)   Other: 0.2ms
[2023-04-09T15:48:22.769+0800][237.497s] GC(91) Eden regions: 241->0(254)
[2023-04-09T15:48:22.769+0800][237.497s] GC(91) Survivor regions: 12->2(32)
[2023-04-09T15:48:22.769+0800][237.497s] GC(91) Old regions: 129->129
[2023-04-09T15:48:22.769+0800][237.497s] GC(91) Humongous regions: 66->57
[2023-04-09T15:48:22.769+0800][237.497s] GC(91) Metaspace: 61357K(63688K)->61357K(63688K) NonClass: 54242K(55676K)->54242K(55676K) Class: 7115K(8012K)->7115K(8012K)
[2023-04-09T15:48:22.769+0800][237.497s] GC(91) Pause Young (Normal) (G1 Evacuation Pause) 447M->187M(512M) 8.733ms
[2023-04-09T15:48:22.769+0800][237.497s] GC(91) User=0.02s Sys=0.01s Real=0.00s
[2023-04-09T15:48:23.433+0800][238.161s] GC(92) Pause Young (Normal) (G1 Evacuation Pause)
[2023-04-09T15:48:23.433+0800][238.161s] GC(92) Using 8 workers of 8 for evacuation
[2023-04-09T15:48:23.438+0800][238.166s] GC(92)   Pre Evacuate Collection Set: 0.0ms
[2023-04-09T15:48:23.438+0800][238.166s] GC(92)   Evacuate Collection Set: 4.3ms
[2023-04-09T15:48:23.438+0800][238.166s] GC(92)   Post Evacuate Collection Set: 0.3ms
[2023-04-09T15:48:23.438+0800][238.166s] GC(92)   Other: 0.2ms
[2023-04-09T15:48:23.438+0800][238.166s] GC(92) Eden regions: 254->0(252)
[2023-04-09T15:48:23.438+0800][238.166s] GC(92) Survivor regions: 2->5(32)
[2023-04-09T15:48:23.438+0800][238.166s] GC(92) Old regions: 129->129
[2023-04-09T15:48:23.438+0800][238.166s] GC(92) Humongous regions: 58->58
[2023-04-09T15:48:23.438+0800][238.166s] GC(92) Metaspace: 61357K(63688K)->61357K(63688K) NonClass: 54242K(55676K)->54242K(55676K) Class: 7115K(8012K)->7115K(8012K)
[2023-04-09T15:48:23.438+0800][238.167s] GC(92) Pause Young (Normal) (G1 Evacuation Pause) 442M->191M(512M) 5.140ms
[2023-04-09T15:48:23.438+0800][238.167s] GC(92) User=0.02s Sys=0.00s Real=0.00s
[2023-04-09T15:48:24.372+0800][239.100s] GC(93) Pause Young (Normal) (G1 Evacuation Pause)
[2023-04-09T15:48:24.372+0800][239.101s] GC(93) Using 8 workers of 8 for evacuation
[2023-04-09T15:48:24.374+0800][239.102s] GC(93)   Pre Evacuate Collection Set: 0.0ms
[2023-04-09T15:48:24.374+0800][239.102s] GC(93)   Evacuate Collection Set: 1.0ms
[2023-04-09T15:48:24.374+0800][239.102s] GC(93)   Post Evacuate Collection Set: 0.3ms
[2023-04-09T15:48:24.374+0800][239.102s] GC(93)   Other: 0.6ms
[2023-04-09T15:48:24.374+0800][239.102s] GC(93) Eden regions: 252->0(249)
[2023-04-09T15:48:24.374+0800][239.102s] GC(93) Survivor regions: 5->9(33)
[2023-04-09T15:48:24.374+0800][239.102s] GC(93) Old regions: 129->129
[2023-04-09T15:48:24.374+0800][239.102s] GC(93) Humongous regions: 60->59
[2023-04-09T15:48:24.374+0800][239.102s] GC(93) Metaspace: 61357K(63688K)->61357K(63688K) NonClass: 54242K(55676K)->54242K(55676K) Class: 7115K(8012K)->7115K(8012K)
[2023-04-09T15:48:24.374+0800][239.103s] GC(93) Pause Young (Normal) (G1 Evacuation Pause) 445M->196M(512M) 2.243ms
[2023-04-09T15:48:24.374+0800][239.103s] GC(93) User=0.00s Sys=0.00s Real=0.00s
[2023-04-09T15:48:25.201+0800][239.930s] GC(94) Pause Young (Normal) (G1 Evacuation Pause)
[2023-04-09T15:48:25.201+0800][239.930s] GC(94) Using 8 workers of 8 for evacuation
[2023-04-09T15:48:25.209+0800][239.937s] GC(94)   Pre Evacuate Collection Set: 0.0ms
[2023-04-09T15:48:25.209+0800][239.937s] GC(94)   Evacuate Collection Set: 7.2ms
[2023-04-09T15:48:25.209+0800][239.938s] GC(94)   Post Evacuate Collection Set: 0.3ms
[2023-04-09T15:48:25.209+0800][239.938s] GC(94)   Other: 0.2ms
[2023-04-09T15:48:25.209+0800][239.938s] GC(94) Eden regions: 249->0(246)
[2023-04-09T15:48:25.209+0800][239.938s] GC(94) Survivor regions: 9->11(33)
[2023-04-09T15:48:25.209+0800][239.938s] GC(94) Old regions: 129->129
[2023-04-09T15:48:25.209+0800][239.938s] GC(94) Humongous regions: 60->60
[2023-04-09T15:48:25.209+0800][239.938s] GC(94) Metaspace: 61357K(63688K)->61357K(63688K) NonClass: 54242K(55676K)->54242K(55676K) Class: 7115K(8012K)->7115K(8012K)
[2023-04-09T15:48:25.209+0800][239.938s] GC(94) Pause Young (Normal) (G1 Evacuation Pause) 446M->199M(512M) 8.053ms
[2023-04-09T15:48:25.209+0800][239.938s] GC(94) User=0.01s Sys=0.02s Real=0.00s
[2023-04-09T15:48:26.074+0800][240.802s] GC(95) Pause Young (Normal) (G1 Evacuation Pause)
[2023-04-09T15:48:26.074+0800][240.802s] GC(95) Using 8 workers of 8 for evacuation
[2023-04-09T15:48:26.082+0800][240.811s] GC(95)   Pre Evacuate Collection Set: 0.0ms
[2023-04-09T15:48:26.082+0800][240.811s] GC(95)   Evacuate Collection Set: 7.8ms
[2023-04-09T15:48:26.082+0800][240.811s] GC(95)   Post Evacuate Collection Set: 0.4ms
[2023-04-09T15:48:26.082+0800][240.811s] GC(95)   Other: 0.3ms
[2023-04-09T15:48:26.082+0800][240.811s] GC(95) Eden regions: 246->0(243)
[2023-04-09T15:48:26.082+0800][240.811s] GC(95) Survivor regions: 11->11(33)
[2023-04-09T15:48:26.082+0800][240.811s] GC(95) Old regions: 129->129
[2023-04-09T15:48:26.082+0800][240.811s] GC(95) Humongous regions: 65->65
[2023-04-09T15:48:26.082+0800][240.811s] GC(95) Metaspace: 61357K(63688K)->61357K(63688K) NonClass: 54242K(55676K)->54242K(55676K) Class: 7115K(8012K)->7115K(8012K)
[2023-04-09T15:48:26.082+0800][240.811s] GC(95) Pause Young (Normal) (G1 Evacuation Pause) 450M->204M(512M) 8.761ms
[2023-04-09T15:48:26.083+0800][240.811s] GC(95) User=0.02s Sys=0.00s Real=0.01s
[2023-04-09T15:48:26.821+0800][241.550s] GC(96) Pause Young (Normal) (G1 Evacuation Pause)
[2023-04-09T15:48:26.821+0800][241.550s] GC(96) Using 8 workers of 8 for evacuation
[2023-04-09T15:48:26.828+0800][241.556s] GC(96)   Pre Evacuate Collection Set: 0.0ms
[2023-04-09T15:48:26.828+0800][241.557s] GC(96)   Evacuate Collection Set: 6.3ms
[2023-04-09T15:48:26.828+0800][241.557s] GC(96)   Post Evacuate Collection Set: 0.3ms
[2023-04-09T15:48:26.828+0800][241.557s] GC(96)   Other: 0.2ms
[2023-04-09T15:48:26.828+0800][241.557s] GC(96) Eden regions: 243->0(239)
[2023-04-09T15:48:26.828+0800][241.557s] GC(96) Survivor regions: 11->13(32)
[2023-04-09T15:48:26.828+0800][241.557s] GC(96) Old regions: 129->129
[2023-04-09T15:48:26.828+0800][241.557s] GC(96) Humongous regions: 78->66
[2023-04-09T15:48:26.828+0800][241.557s] GC(96) Metaspace: 61357K(63688K)->61357K(63688K) NonClass: 54242K(55676K)->54242K(55676K) Class: 7115K(8012K)->7115K(8012K)
[2023-04-09T15:48:26.828+0800][241.557s] GC(96) Pause Young (Normal) (G1 Evacuation Pause) 460M->207M(512M) 7.246ms
[2023-04-09T15:48:26.829+0800][241.557s] GC(96) User=0.01s Sys=0.00s Real=0.00s
[2023-04-09T15:48:27.584+0800][242.312s] GC(97) Pause Young (Normal) (G1 Evacuation Pause)
[2023-04-09T15:48:27.584+0800][242.312s] GC(97) Using 8 workers of 8 for evacuation
[2023-04-09T15:48:27.586+0800][242.314s] GC(97)   Pre Evacuate Collection Set: 0.0ms
[2023-04-09T15:48:27.586+0800][242.314s] GC(97)   Evacuate Collection Set: 1.3ms
[2023-04-09T15:48:27.586+0800][242.314s] GC(97)   Post Evacuate Collection Set: 0.3ms
[2023-04-09T15:48:27.586+0800][242.314s] GC(97)   Other: 0.2ms
[2023-04-09T15:48:27.586+0800][242.314s] GC(97) Eden regions: 239->0(241)
[2023-04-09T15:48:27.586+0800][242.314s] GC(97) Survivor regions: 13->12(32)
[2023-04-09T15:48:27.586+0800][242.314s] GC(97) Old regions: 129->129
[2023-04-09T15:48:27.586+0800][242.314s] GC(97) Humongous regions: 66->66
[2023-04-09T15:48:27.586+0800][242.314s] GC(97) Metaspace: 61357K(63688K)->61357K(63688K) NonClass: 54242K(55676K)->54242K(55676K) Class: 7115K(8012K)->7115K(8012K)
[2023-04-09T15:48:27.586+0800][242.314s] GC(97) Pause Young (Normal) (G1 Evacuation Pause) 446M->206M(512M) 2.088ms
[2023-04-09T15:48:27.586+0800][242.314s] GC(97) User=0.01s Sys=0.00s Real=0.00s
[2023-04-09T15:48:28.521+0800][243.250s] GC(98) Pause Young (Normal) (G1 Evacuation Pause)
[2023-04-09T15:48:28.521+0800][243.250s] GC(98) Using 8 workers of 8 for evacuation
[2023-04-09T15:48:28.523+0800][243.251s] GC(98)   Pre Evacuate Collection Set: 0.0ms
[2023-04-09T15:48:28.523+0800][243.251s] GC(98)   Evacuate Collection Set: 1.1ms
[2023-04-09T15:48:28.523+0800][243.251s] GC(98)   Post Evacuate Collection Set: 0.3ms
[2023-04-09T15:48:28.523+0800][243.251s] GC(98)   Other: 0.2ms
[2023-04-09T15:48:28.523+0800][243.251s] GC(98) Eden regions: 241->0(253)
[2023-04-09T15:48:28.523+0800][243.251s] GC(98) Survivor regions: 12->3(32)
[2023-04-09T15:48:28.523+0800][243.251s] GC(98) Old regions: 129->129
[2023-04-09T15:48:28.523+0800][243.251s] GC(98) Humongous regions: 66->57
[2023-04-09T15:48:28.523+0800][243.251s] GC(98) Metaspace: 61358K(63688K)->61358K(63688K) NonClass: 54242K(55676K)->54242K(55676K) Class: 7115K(8012K)->7115K(8012K)
[2023-04-09T15:48:28.523+0800][243.251s] GC(98) Pause Young (Normal) (G1 Evacuation Pause) 447M->188M(512M) 1.775ms
[2023-04-09T15:48:28.523+0800][243.251s] GC(98) User=0.00s Sys=0.00s Real=0.00s
[2023-04-09T15:48:29.484+0800][244.213s] GC(99) Pause Young (Normal) (G1 Evacuation Pause)
[2023-04-09T15:48:29.484+0800][244.213s] GC(99) Using 8 workers of 8 for evacuation
[2023-04-09T15:48:29.487+0800][244.215s] GC(99)   Pre Evacuate Collection Set: 0.0ms
[2023-04-09T15:48:29.487+0800][244.215s] GC(99)   Evacuate Collection Set: 1.7ms
[2023-04-09T15:48:29.487+0800][244.215s] GC(99)   Post Evacuate Collection Set: 0.3ms
[2023-04-09T15:48:29.487+0800][244.215s] GC(99)   Other: 0.2ms
[2023-04-09T15:48:29.487+0800][244.215s] GC(99) Eden regions: 253->0(250)
[2023-04-09T15:48:29.487+0800][244.215s] GC(99) Survivor regions: 3->6(32)
[2023-04-09T15:48:29.487+0800][244.215s] GC(99) Old regions: 129->130
[2023-04-09T15:48:29.487+0800][244.215s] GC(99) Humongous regions: 58->58
[2023-04-09T15:48:29.487+0800][244.215s] GC(99) Metaspace: 61385K(63688K)->61385K(63688K) NonClass: 54266K(55676K)->54266K(55676K) Class: 7119K(8012K)->7119K(8012K)
[2023-04-09T15:48:29.487+0800][244.215s] GC(99) Pause Young (Normal) (G1 Evacuation Pause) 442M->193M(512M) 2.378ms
[2023-04-09T15:48:29.487+0800][244.215s] GC(99) User=0.01s Sys=0.00s Real=0.00s
[2023-04-09T15:48:30.360+0800][245.088s] GC(100) Pause Young (Normal) (G1 Evacuation Pause)
[2023-04-09T15:48:30.360+0800][245.088s] GC(100) Using 8 workers of 8 for evacuation
[2023-04-09T15:48:30.363+0800][245.091s] GC(100)   Pre Evacuate Collection Set: 0.0ms
[2023-04-09T15:48:30.363+0800][245.091s] GC(100)   Evacuate Collection Set: 2.4ms
[2023-04-09T15:48:30.363+0800][245.091s] GC(100)   Post Evacuate Collection Set: 0.3ms
[2023-04-09T15:48:30.363+0800][245.091s] GC(100)   Other: 0.5ms
[2023-04-09T15:48:30.363+0800][245.091s] GC(100) Eden regions: 250->0(244)
[2023-04-09T15:48:30.363+0800][245.091s] GC(100) Survivor regions: 6->11(32)
[2023-04-09T15:48:30.363+0800][245.091s] GC(100) Old regions: 130->130
[2023-04-09T15:48:30.363+0800][245.091s] GC(100) Humongous regions: 62->60
[2023-04-09T15:48:30.363+0800][245.091s] GC(100) Metaspace: 61407K(63688K)->61407K(63688K) NonClass: 54284K(55676K)->54284K(55676K) Class: 7122K(8012K)->7122K(8012K)
[2023-04-09T15:48:30.363+0800][245.091s] GC(100) Pause Young (Normal) (G1 Evacuation Pause) 447M->200M(512M) 3.332ms
[2023-04-09T15:48:30.363+0800][245.091s] GC(100) User=0.01s Sys=0.00s Real=0.00s
[2023-04-09T15:48:31.039+0800][245.767s] GC(101) Pause Young (Normal) (G1 Evacuation Pause)
[2023-04-09T15:48:31.039+0800][245.767s] GC(101) Using 8 workers of 8 for evacuation
[2023-04-09T15:48:31.042+0800][245.770s] GC(101)   Pre Evacuate Collection Set: 0.0ms
[2023-04-09T15:48:31.042+0800][245.770s] GC(101)   Evacuate Collection Set: 2.1ms
[2023-04-09T15:48:31.042+0800][245.770s] GC(101)   Post Evacuate Collection Set: 0.3ms
[2023-04-09T15:48:31.042+0800][245.770s] GC(101)   Other: 0.2ms
[2023-04-09T15:48:31.042+0800][245.770s] GC(101) Eden regions: 244->0(240)
[2023-04-09T15:48:31.042+0800][245.770s] GC(101) Survivor regions: 11->10(32)
[2023-04-09T15:48:31.042+0800][245.770s] GC(101) Old regions: 130->130
[2023-04-09T15:48:31.042+0800][245.770s] GC(101) Humongous regions: 73->66
[2023-04-09T15:48:31.042+0800][245.770s] GC(101) Metaspace: 61435K(63688K)->61435K(63688K) NonClass: 54307K(55676K)->54307K(55676K) Class: 7128K(8012K)->7128K(8012K)
[2023-04-09T15:48:31.042+0800][245.770s] GC(101) Pause Young (Normal) (G1 Evacuation Pause) 457M->205M(512M) 2.805ms
[2023-04-09T15:48:31.042+0800][245.770s] GC(101) User=0.01s Sys=0.00s Real=0.01s
[2023-04-09T15:48:31.914+0800][246.642s] GC(102) Pause Young (Normal) (G1 Evacuation Pause)
[2023-04-09T15:48:31.915+0800][246.643s] GC(102) Using 8 workers of 8 for evacuation
[2023-04-09T15:48:31.918+0800][246.646s] GC(102)   Pre Evacuate Collection Set: 0.0ms
[2023-04-09T15:48:31.918+0800][246.647s] GC(102)   Evacuate Collection Set: 2.3ms
[2023-04-09T15:48:31.918+0800][246.647s] GC(102)   Post Evacuate Collection Set: 0.4ms
[2023-04-09T15:48:31.918+0800][246.647s] GC(102)   Other: 1.0ms
[2023-04-09T15:48:31.918+0800][246.647s] GC(102) Eden regions: 240->0(251)
[2023-04-09T15:48:31.918+0800][246.647s] GC(102) Survivor regions: 10->1(32)
[2023-04-09T15:48:31.918+0800][246.647s] GC(102) Old regions: 130->130
[2023-04-09T15:48:31.918+0800][246.647s] GC(102) Humongous regions: 66->57
[2023-04-09T15:48:31.918+0800][246.647s] GC(102) Metaspace: 61435K(63688K)->61435K(63688K) NonClass: 54307K(55676K)->54307K(55676K) Class: 7128K(8012K)->7128K(8012K)
[2023-04-09T15:48:31.919+0800][246.647s] GC(102) Pause Young (Normal) (G1 Evacuation Pause) 445M->186M(512M) 4.694ms
[2023-04-09T15:48:31.919+0800][246.647s] GC(102) User=0.01s Sys=0.00s Real=0.00s
[2023-04-09T15:48:32.530+0800][247.258s] GC(103) Pause Young (Normal) (G1 Evacuation Pause)
[2023-04-09T15:48:32.530+0800][247.258s] GC(103) Using 8 workers of 8 for evacuation
[2023-04-09T15:48:32.534+0800][247.262s] GC(103)   Pre Evacuate Collection Set: 0.0ms
[2023-04-09T15:48:32.534+0800][247.262s] GC(103)   Evacuate Collection Set: 3.1ms
[2023-04-09T15:48:32.534+0800][247.262s] GC(103)   Post Evacuate Collection Set: 0.4ms
[2023-04-09T15:48:32.534+0800][247.262s] GC(103)   Other: 0.2ms
[2023-04-09T15:48:32.534+0800][247.262s] GC(103) Eden regions: 251->0(249)
[2023-04-09T15:48:32.534+0800][247.262s] GC(103) Survivor regions: 1->6(32)
[2023-04-09T15:48:32.534+0800][247.262s] GC(103) Old regions: 130->130
[2023-04-09T15:48:32.534+0800][247.262s] GC(103) Humongous regions: 58->58
[2023-04-09T15:48:32.534+0800][247.262s] GC(103) Metaspace: 61435K(63688K)->61435K(63688K) NonClass: 54307K(55676K)->54307K(55676K) Class: 7128K(8012K)->7128K(8012K)
[2023-04-09T15:48:32.534+0800][247.262s] GC(103) Pause Young (Normal) (G1 Evacuation Pause) 438M->192M(512M) 3.918ms
[2023-04-09T15:48:32.534+0800][247.262s] GC(103) User=0.01s Sys=0.00s Real=0.00s
[2023-04-09T15:48:33.142+0800][247.871s] GC(104) Pause Young (Normal) (G1 Evacuation Pause)
[2023-04-09T15:48:33.143+0800][247.871s] GC(104) Using 8 workers of 8 for evacuation
[2023-04-09T15:48:33.148+0800][247.876s] GC(104)   Pre Evacuate Collection Set: 0.0ms
[2023-04-09T15:48:33.148+0800][247.876s] GC(104)   Evacuate Collection Set: 4.4ms
[2023-04-09T15:48:33.148+0800][247.876s] GC(104)   Post Evacuate Collection Set: 0.4ms
[2023-04-09T15:48:33.148+0800][247.876s] GC(104)   Other: 0.2ms
[2023-04-09T15:48:33.148+0800][247.876s] GC(104) Eden regions: 249->0(244)
[2023-04-09T15:48:33.148+0800][247.876s] GC(104) Survivor regions: 6->11(32)
[2023-04-09T15:48:33.148+0800][247.876s] GC(104) Old regions: 130->130
[2023-04-09T15:48:33.148+0800][247.876s] GC(104) Humongous regions: 61->60
[2023-04-09T15:48:33.148+0800][247.876s] GC(104) Metaspace: 61435K(63688K)->61435K(63688K) NonClass: 54307K(55676K)->54307K(55676K) Class: 7128K(8012K)->7128K(8012K)
[2023-04-09T15:48:33.148+0800][247.876s] GC(104) Pause Young (Normal) (G1 Evacuation Pause) 444M->199M(512M) 5.391ms
[2023-04-09T15:48:33.148+0800][247.876s] GC(104) User=0.01s Sys=0.00s Real=0.00s
[2023-04-09T15:48:33.738+0800][248.466s] GC(105) Pause Young (Normal) (G1 Evacuation Pause)
[2023-04-09T15:48:33.738+0800][248.466s] GC(105) Using 8 workers of 8 for evacuation
[2023-04-09T15:48:33.740+0800][248.469s] GC(105)   Pre Evacuate Collection Set: 0.0ms
[2023-04-09T15:48:33.740+0800][248.469s] GC(105)   Evacuate Collection Set: 1.7ms
[2023-04-09T15:48:33.740+0800][248.469s] GC(105)   Post Evacuate Collection Set: 0.3ms
[2023-04-09T15:48:33.740+0800][248.469s] GC(105)   Other: 0.2ms
[2023-04-09T15:48:33.740+0800][248.469s] GC(105) Eden regions: 244->0(240)
[2023-04-09T15:48:33.740+0800][248.469s] GC(105) Survivor regions: 11->11(32)
[2023-04-09T15:48:33.740+0800][248.469s] GC(105) Old regions: 130->130
[2023-04-09T15:48:33.740+0800][248.469s] GC(105) Humongous regions: 73->66
[2023-04-09T15:48:33.740+0800][248.469s] GC(105) Metaspace: 61435K(63688K)->61435K(63688K) NonClass: 54307K(55676K)->54307K(55676K) Class: 7128K(8012K)->7128K(8012K)
[2023-04-09T15:48:33.741+0800][248.469s] GC(105) Pause Young (Normal) (G1 Evacuation Pause) 456M->206M(512M) 2.393ms
[2023-04-09T15:48:33.741+0800][248.469s] GC(105) User=0.01s Sys=0.00s Real=0.01s
[2023-04-09T15:48:34.547+0800][249.275s] GC(106) Pause Young (Normal) (G1 Evacuation Pause)
[2023-04-09T15:48:34.547+0800][249.275s] GC(106) Using 8 workers of 8 for evacuation
[2023-04-09T15:48:34.549+0800][249.278s] GC(106)   Pre Evacuate Collection Set: 0.0ms
[2023-04-09T15:48:34.549+0800][249.278s] GC(106)   Evacuate Collection Set: 1.7ms
[2023-04-09T15:48:34.549+0800][249.278s] GC(106)   Post Evacuate Collection Set: 0.4ms
[2023-04-09T15:48:34.549+0800][249.278s] GC(106)   Other: 0.2ms
[2023-04-09T15:48:34.549+0800][249.278s] GC(106) Eden regions: 240->0(241)
[2023-04-09T15:48:34.549+0800][249.278s] GC(106) Survivor regions: 11->11(32)
[2023-04-09T15:48:34.549+0800][249.278s] GC(106) Old regions: 130->130
[2023-04-09T15:48:34.549+0800][249.278s] GC(106) Humongous regions: 71->66
[2023-04-09T15:48:34.549+0800][249.278s] GC(106) Metaspace: 61438K(63688K)->61438K(63688K) NonClass: 54310K(55676K)->54310K(55676K) Class: 7128K(8012K)->7128K(8012K)
[2023-04-09T15:48:34.549+0800][249.278s] GC(106) Pause Young (Normal) (G1 Evacuation Pause) 451M->205M(512M) 2.558ms
[2023-04-09T15:48:34.549+0800][249.278s] GC(106) User=0.01s Sys=0.00s Real=0.00s
[2023-04-09T15:48:35.411+0800][250.139s] GC(107) Pause Young (Normal) (G1 Evacuation Pause)
[2023-04-09T15:48:35.411+0800][250.139s] GC(107) Using 8 workers of 8 for evacuation
[2023-04-09T15:48:35.413+0800][250.142s] GC(107)   Pre Evacuate Collection Set: 0.0ms
[2023-04-09T15:48:35.413+0800][250.142s] GC(107)   Evacuate Collection Set: 2.4ms
[2023-04-09T15:48:35.413+0800][250.142s] GC(107)   Post Evacuate Collection Set: 0.3ms
[2023-04-09T15:48:35.413+0800][250.142s] GC(107)   Other: 0.2ms
[2023-04-09T15:48:35.414+0800][250.142s] GC(107) Eden regions: 241->0(249)
[2023-04-09T15:48:35.414+0800][250.142s] GC(107) Survivor regions: 11->5(32)
[2023-04-09T15:48:35.414+0800][250.142s] GC(107) Old regions: 130->130
[2023-04-09T15:48:35.414+0800][250.142s] GC(107) Humongous regions: 67->58
[2023-04-09T15:48:35.414+0800][250.142s] GC(107) Metaspace: 61439K(63688K)->61439K(63688K) NonClass: 54311K(55676K)->54311K(55676K) Class: 7128K(8012K)->7128K(8012K)
[2023-04-09T15:48:35.414+0800][250.142s] GC(107) Pause Young (Normal) (G1 Evacuation Pause) 447M->191M(512M) 3.065ms
[2023-04-09T15:48:35.414+0800][250.142s] GC(107) User=0.01s Sys=0.00s Real=0.00s
[2023-04-09T15:48:36.250+0800][250.978s] GC(108) Pause Young (Normal) (G1 Evacuation Pause)
[2023-04-09T15:48:36.250+0800][250.979s] GC(108) Using 8 workers of 8 for evacuation
[2023-04-09T15:48:36.260+0800][250.988s] GC(108)   Pre Evacuate Collection Set: 0.0ms
[2023-04-09T15:48:36.260+0800][250.988s] GC(108)   Evacuate Collection Set: 8.9ms
[2023-04-09T15:48:36.260+0800][250.988s] GC(108)   Post Evacuate Collection Set: 0.4ms
[2023-04-09T15:48:36.260+0800][250.988s] GC(108)   Other: 0.9ms
[2023-04-09T15:48:36.260+0800][250.988s] GC(108) Eden regions: 249->0(244)
[2023-04-09T15:48:36.260+0800][250.988s] GC(108) Survivor regions: 5->10(32)
[2023-04-09T15:48:36.260+0800][250.988s] GC(108) Old regions: 130->130
[2023-04-09T15:48:36.260+0800][250.988s] GC(108) Humongous regions: 61->60
[2023-04-09T15:48:36.260+0800][250.988s] GC(108) Metaspace: 61439K(63688K)->61439K(63688K) NonClass: 54311K(55676K)->54311K(55676K) Class: 7128K(8012K)->7128K(8012K)
[2023-04-09T15:48:36.260+0800][250.988s] GC(108) Pause Young (Normal) (G1 Evacuation Pause) 443M->198M(512M) 10.557ms
[2023-04-09T15:48:36.260+0800][250.988s] GC(108) User=0.02s Sys=0.00s Real=0.01s
[2023-04-09T15:48:37.269+0800][251.997s] GC(109) Pause Young (Normal) (G1 Evacuation Pause)
[2023-04-09T15:48:37.269+0800][251.997s] GC(109) Using 8 workers of 8 for evacuation
[2023-04-09T15:48:37.272+0800][252.000s] GC(109)   Pre Evacuate Collection Set: 0.0ms
[2023-04-09T15:48:37.272+0800][252.000s] GC(109)   Evacuate Collection Set: 2.6ms
[2023-04-09T15:48:37.272+0800][252.000s] GC(109)   Post Evacuate Collection Set: 0.3ms
[2023-04-09T15:48:37.272+0800][252.000s] GC(109)   Other: 0.2ms
[2023-04-09T15:48:37.272+0800][252.000s] GC(109) Eden regions: 244->0(240)
[2023-04-09T15:48:37.272+0800][252.000s] GC(109) Survivor regions: 10->10(32)
[2023-04-09T15:48:37.272+0800][252.000s] GC(109) Old regions: 130->130
[2023-04-09T15:48:37.272+0800][252.000s] GC(109) Humongous regions: 73->66
[2023-04-09T15:48:37.272+0800][252.000s] GC(109) Metaspace: 61439K(63688K)->61439K(63688K) NonClass: 54311K(55676K)->54311K(55676K) Class: 7128K(8012K)->7128K(8012K)
[2023-04-09T15:48:37.272+0800][252.000s] GC(109) Pause Young (Normal) (G1 Evacuation Pause) 455M->205M(512M) 3.321ms
[2023-04-09T15:48:37.272+0800][252.000s] GC(109) User=0.01s Sys=0.00s Real=0.01s
[2023-04-09T15:48:38.176+0800][252.904s] GC(110) Pause Young (Normal) (G1 Evacuation Pause)
[2023-04-09T15:48:38.176+0800][252.904s] GC(110) Using 8 workers of 8 for evacuation
[2023-04-09T15:48:38.179+0800][252.907s] GC(110)   Pre Evacuate Collection Set: 0.0ms
[2023-04-09T15:48:38.179+0800][252.907s] GC(110)   Evacuate Collection Set: 2.0ms
[2023-04-09T15:48:38.179+0800][252.907s] GC(110)   Post Evacuate Collection Set: 0.3ms
[2023-04-09T15:48:38.179+0800][252.907s] GC(110)   Other: 0.2ms
[2023-04-09T15:48:38.179+0800][252.907s] GC(110) Eden regions: 240->0(239)
[2023-04-09T15:48:38.179+0800][252.907s] GC(110) Survivor regions: 10->11(32)
[2023-04-09T15:48:38.179+0800][252.907s] GC(110) Old regions: 130->130
[2023-04-09T15:48:38.179+0800][252.907s] GC(110) Humongous regions: 71->66
[2023-04-09T15:48:38.179+0800][252.907s] GC(110) Metaspace: 61439K(63688K)->61439K(63688K) NonClass: 54311K(55676K)->54311K(55676K) Class: 7128K(8012K)->7128K(8012K)
[2023-04-09T15:48:38.179+0800][252.907s] GC(110) Pause Young (Normal) (G1 Evacuation Pause) 450M->205M(512M) 2.664ms
[2023-04-09T15:48:38.179+0800][252.907s] GC(110) User=0.01s Sys=0.00s Real=0.00s
[2023-04-09T15:48:39.247+0800][253.975s] GC(111) Pause Young (Normal) (G1 Evacuation Pause)
[2023-04-09T15:48:39.247+0800][253.975s] GC(111) Using 8 workers of 8 for evacuation
[2023-04-09T15:48:39.249+0800][253.977s] GC(111)   Pre Evacuate Collection Set: 0.0ms
[2023-04-09T15:48:39.249+0800][253.978s] GC(111)   Evacuate Collection Set: 1.7ms
[2023-04-09T15:48:39.249+0800][253.978s] GC(111)   Post Evacuate Collection Set: 0.3ms
[2023-04-09T15:48:39.249+0800][253.978s] GC(111)   Other: 0.3ms
[2023-04-09T15:48:39.250+0800][253.978s] GC(111) Eden regions: 239->0(248)
[2023-04-09T15:48:39.250+0800][253.978s] GC(111) Survivor regions: 11->4(32)
[2023-04-09T15:48:39.250+0800][253.978s] GC(111) Old regions: 130->130
[2023-04-09T15:48:39.250+0800][253.978s] GC(111) Humongous regions: 67->58
[2023-04-09T15:48:39.250+0800][253.978s] GC(111) Metaspace: 61440K(63688K)->61440K(63688K) NonClass: 54312K(55676K)->54312K(55676K) Class: 7128K(8012K)->7128K(8012K)
[2023-04-09T15:48:39.250+0800][253.978s] GC(111) Pause Young (Normal) (G1 Evacuation Pause) 445M->191M(512M) 2.720ms
[2023-04-09T15:48:39.250+0800][253.978s] GC(111) User=0.01s Sys=0.00s Real=0.01s
[2023-04-09T15:48:40.086+0800][254.814s] GC(112) Pause Young (Normal) (G1 Evacuation Pause)
[2023-04-09T15:48:40.086+0800][254.814s] GC(112) Using 8 workers of 8 for evacuation
[2023-04-09T15:48:40.088+0800][254.816s] GC(112)   Pre Evacuate Collection Set: 0.1ms
[2023-04-09T15:48:40.088+0800][254.816s] GC(112)   Evacuate Collection Set: 1.9ms
[2023-04-09T15:48:40.088+0800][254.816s] GC(112)   Post Evacuate Collection Set: 0.3ms
[2023-04-09T15:48:40.088+0800][254.816s] GC(112)   Other: 0.2ms
[2023-04-09T15:48:40.088+0800][254.816s] GC(112) Eden regions: 248->0(244)
[2023-04-09T15:48:40.088+0800][254.816s] GC(112) Survivor regions: 4->9(32)
[2023-04-09T15:48:40.088+0800][254.816s] GC(112) Old regions: 130->130
[2023-04-09T15:48:40.088+0800][254.816s] GC(112) Humongous regions: 60->59
[2023-04-09T15:48:40.088+0800][254.816s] GC(112) Metaspace: 61440K(63688K)->61440K(63688K) NonClass: 54312K(55676K)->54312K(55676K) Class: 7128K(8012K)->7128K(8012K)
[2023-04-09T15:48:40.088+0800][254.816s] GC(112) Pause Young (Normal) (G1 Evacuation Pause) 441M->196M(512M) 2.572ms
[2023-04-09T15:48:40.088+0800][254.816s] GC(112) User=0.01s Sys=0.00s Real=0.00s
[2023-04-09T15:48:41.018+0800][255.746s] GC(113) Pause Young (Normal) (G1 Evacuation Pause)
[2023-04-09T15:48:41.022+0800][255.750s] GC(113) Using 8 workers of 8 for evacuation
[2023-04-09T15:48:41.033+0800][255.762s] GC(113)   Pre Evacuate Collection Set: 0.0ms
[2023-04-09T15:48:41.034+0800][255.762s] GC(113)   Evacuate Collection Set: 8.4ms
[2023-04-09T15:48:41.034+0800][255.762s] GC(113)   Post Evacuate Collection Set: 2.8ms
[2023-04-09T15:48:41.034+0800][255.762s] GC(113)   Other: 4.1ms
[2023-04-09T15:48:41.034+0800][255.762s] GC(113) Eden regions: 244->0(240)
[2023-04-09T15:48:41.034+0800][255.762s] GC(113) Survivor regions: 9->10(32)
[2023-04-09T15:48:41.034+0800][255.762s] GC(113) Old regions: 130->130
[2023-04-09T15:48:41.034+0800][255.762s] GC(113) Humongous regions: 73->66
[2023-04-09T15:48:41.034+0800][255.762s] GC(113) Metaspace: 61440K(63688K)->61440K(63688K) NonClass: 54312K(55676K)->54312K(55676K) Class: 7128K(8012K)->7128K(8012K)
[2023-04-09T15:48:41.034+0800][255.762s] GC(113) Pause Young (Normal) (G1 Evacuation Pause) 454M->205M(512M) 15.734ms
[2023-04-09T15:48:41.034+0800][255.762s] GC(113) User=0.02s Sys=0.00s Real=0.02s
[2023-04-09T15:48:41.895+0800][256.623s] GC(114) Pause Young (Normal) (G1 Evacuation Pause)
[2023-04-09T15:48:41.895+0800][256.623s] GC(114) Using 8 workers of 8 for evacuation
[2023-04-09T15:48:41.906+0800][256.634s] GC(114)   Pre Evacuate Collection Set: 0.0ms
[2023-04-09T15:48:41.906+0800][256.634s] GC(114)   Evacuate Collection Set: 10.6ms
[2023-04-09T15:48:41.906+0800][256.634s] GC(114)   Post Evacuate Collection Set: 0.3ms
[2023-04-09T15:48:41.906+0800][256.634s] GC(114)   Other: 0.2ms
[2023-04-09T15:48:41.906+0800][256.634s] GC(114) Eden regions: 240->0(239)
[2023-04-09T15:48:41.906+0800][256.634s] GC(114) Survivor regions: 10->11(32)
[2023-04-09T15:48:41.906+0800][256.634s] GC(114) Old regions: 130->130
[2023-04-09T15:48:41.906+0800][256.634s] GC(114) Humongous regions: 71->66
[2023-04-09T15:48:41.906+0800][256.635s] GC(114) Metaspace: 61440K(63688K)->61440K(63688K) NonClass: 54312K(55676K)->54312K(55676K) Class: 7128K(8012K)->7128K(8012K)
[2023-04-09T15:48:41.906+0800][256.635s] GC(114) Pause Young (Normal) (G1 Evacuation Pause) 450M->205M(512M) 11.447ms
[2023-04-09T15:48:41.906+0800][256.635s] GC(114) User=0.01s Sys=0.01s Real=0.01s
[2023-04-09T15:48:42.834+0800][257.562s] GC(115) Pause Young (Normal) (G1 Evacuation Pause)
[2023-04-09T15:48:42.834+0800][257.562s] GC(115) Using 8 workers of 8 for evacuation
[2023-04-09T15:48:42.838+0800][257.566s] GC(115)   Pre Evacuate Collection Set: 0.0ms
[2023-04-09T15:48:42.838+0800][257.566s] GC(115)   Evacuate Collection Set: 3.6ms
[2023-04-09T15:48:42.838+0800][257.566s] GC(115)   Post Evacuate Collection Set: 0.4ms
[2023-04-09T15:48:42.838+0800][257.566s] GC(115)   Other: 0.3ms
[2023-04-09T15:48:42.838+0800][257.566s] GC(115) Eden regions: 239->0(249)
[2023-04-09T15:48:42.838+0800][257.566s] GC(115) Survivor regions: 11->4(32)
[2023-04-09T15:48:42.838+0800][257.566s] GC(115) Old regions: 130->130
[2023-04-09T15:48:42.838+0800][257.566s] GC(115) Humongous regions: 66->57
[2023-04-09T15:48:42.838+0800][257.566s] GC(115) Metaspace: 61441K(63688K)->61441K(63688K) NonClass: 54313K(55676K)->54313K(55676K) Class: 7128K(8012K)->7128K(8012K)
[2023-04-09T15:48:42.838+0800][257.566s] GC(115) Pause Young (Normal) (G1 Evacuation Pause) 444M->189M(512M) 4.478ms
[2023-04-09T15:48:42.838+0800][257.566s] GC(115) User=0.01s Sys=0.00s Real=0.00s
[2023-04-09T15:48:43.631+0800][258.360s] GC(116) Pause Young (Normal) (G1 Evacuation Pause)
[2023-04-09T15:48:43.631+0800][258.360s] GC(116) Using 8 workers of 8 for evacuation
[2023-04-09T15:48:43.633+0800][258.361s] GC(116)   Pre Evacuate Collection Set: 0.0ms
[2023-04-09T15:48:43.633+0800][258.361s] GC(116)   Evacuate Collection Set: 0.8ms
[2023-04-09T15:48:43.633+0800][258.361s] GC(116)   Post Evacuate Collection Set: 0.3ms
[2023-04-09T15:48:43.633+0800][258.361s] GC(116)   Other: 0.2ms
[2023-04-09T15:48:43.633+0800][258.361s] GC(116) Eden regions: 249->0(244)
[2023-04-09T15:48:43.633+0800][258.361s] GC(116) Survivor regions: 4->9(32)
[2023-04-09T15:48:43.633+0800][258.361s] GC(116) Old regions: 130->130
[2023-04-09T15:48:43.633+0800][258.361s] GC(116) Humongous regions: 60->59
[2023-04-09T15:48:43.633+0800][258.361s] GC(116) Metaspace: 61441K(63688K)->61441K(63688K) NonClass: 54313K(55676K)->54313K(55676K) Class: 7128K(8012K)->7128K(8012K)
[2023-04-09T15:48:43.633+0800][258.361s] GC(116) Pause Young (Normal) (G1 Evacuation Pause) 441M->197M(512M) 1.493ms
[2023-04-09T15:48:43.633+0800][258.361s] GC(116) User=0.00s Sys=0.00s Real=0.00s
[2023-04-09T15:48:44.390+0800][259.118s] GC(117) Pause Young (Normal) (G1 Evacuation Pause)
[2023-04-09T15:48:44.390+0800][259.118s] GC(117) Using 8 workers of 8 for evacuation
[2023-04-09T15:48:44.411+0800][259.139s] GC(117)   Pre Evacuate Collection Set: 0.0ms
[2023-04-09T15:48:44.411+0800][259.139s] GC(117)   Evacuate Collection Set: 19.7ms
[2023-04-09T15:48:44.411+0800][259.139s] GC(117)   Post Evacuate Collection Set: 0.3ms
[2023-04-09T15:48:44.411+0800][259.139s] GC(117)   Other: 0.8ms
[2023-04-09T15:48:44.411+0800][259.139s] GC(117) Eden regions: 244->0(240)
[2023-04-09T15:48:44.411+0800][259.139s] GC(117) Survivor regions: 9->9(32)
[2023-04-09T15:48:44.411+0800][259.139s] GC(117) Old regions: 130->130
[2023-04-09T15:48:44.411+0800][259.139s] GC(117) Humongous regions: 68->66
[2023-04-09T15:48:44.411+0800][259.139s] GC(117) Metaspace: 61441K(63688K)->61441K(63688K) NonClass: 54313K(55676K)->54313K(55676K) Class: 7128K(8012K)->7128K(8012K)
[2023-04-09T15:48:44.411+0800][259.139s] GC(117) Pause Young (Normal) (G1 Evacuation Pause) 450M->204M(512M) 20.890ms
[2023-04-09T15:48:44.411+0800][259.139s] GC(117) User=0.01s Sys=0.00s Real=0.02s
[2023-04-09T15:48:45.461+0800][260.189s] GC(118) Pause Young (Normal) (G1 Evacuation Pause)
[2023-04-09T15:48:45.461+0800][260.189s] GC(118) Using 8 workers of 8 for evacuation
[2023-04-09T15:48:45.464+0800][260.192s] GC(118)   Pre Evacuate Collection Set: 0.0ms
[2023-04-09T15:48:45.464+0800][260.192s] GC(118)   Evacuate Collection Set: 3.0ms
[2023-04-09T15:48:45.464+0800][260.192s] GC(118)   Post Evacuate Collection Set: 0.3ms
[2023-04-09T15:48:45.464+0800][260.192s] GC(118)   Other: 0.2ms
[2023-04-09T15:48:45.464+0800][260.192s] GC(118) Eden regions: 240->0(240)
[2023-04-09T15:48:45.464+0800][260.192s] GC(118) Survivor regions: 9->10(32)
[2023-04-09T15:48:45.464+0800][260.192s] GC(118) Old regions: 130->130
[2023-04-09T15:48:45.464+0800][260.192s] GC(118) Humongous regions: 76->66
[2023-04-09T15:48:45.464+0800][260.192s] GC(118) Metaspace: 61442K(63688K)->61442K(63688K) NonClass: 54314K(55676K)->54314K(55676K) Class: 7128K(8012K)->7128K(8012K)
[2023-04-09T15:48:45.464+0800][260.192s] GC(118) Pause Young (Normal) (G1 Evacuation Pause) 454M->205M(512M) 3.736ms
[2023-04-09T15:48:45.464+0800][260.192s] GC(118) User=0.01s Sys=0.00s Real=0.00s
[2023-04-09T15:48:46.560+0800][261.288s] GC(119) Pause Young (Normal) (G1 Evacuation Pause)
[2023-04-09T15:48:46.561+0800][261.289s] GC(119) Using 8 workers of 8 for evacuation
[2023-04-09T15:48:46.562+0800][261.291s] GC(119)   Pre Evacuate Collection Set: 0.0ms
[2023-04-09T15:48:46.562+0800][261.291s] GC(119)   Evacuate Collection Set: 1.5ms
[2023-04-09T15:48:46.562+0800][261.291s] GC(119)   Post Evacuate Collection Set: 0.3ms
[2023-04-09T15:48:46.563+0800][261.291s] GC(119)   Other: 1.0ms
[2023-04-09T15:48:46.563+0800][261.291s] GC(119) Eden regions: 240->0(250)
[2023-04-09T15:48:46.563+0800][261.291s] GC(119) Survivor regions: 10->3(32)
[2023-04-09T15:48:46.563+0800][261.291s] GC(119) Old regions: 130->130
[2023-04-09T15:48:46.563+0800][261.291s] GC(119) Humongous regions: 66->57
[2023-04-09T15:48:46.563+0800][261.291s] GC(119) Metaspace: 61442K(63688K)->61442K(63688K) NonClass: 54314K(55676K)->54314K(55676K) Class: 7128K(8012K)->7128K(8012K)
[2023-04-09T15:48:46.563+0800][261.291s] GC(119) Pause Young (Normal) (G1 Evacuation Pause) 445M->188M(512M) 2.935ms
[2023-04-09T15:48:46.563+0800][261.291s] GC(119) User=0.01s Sys=0.00s Real=0.00s
[2023-04-09T15:48:47.565+0800][262.294s] GC(120) Pause Young (Normal) (G1 Evacuation Pause)
[2023-04-09T15:48:47.566+0800][262.294s] GC(120) Using 8 workers of 8 for evacuation
[2023-04-09T15:48:47.580+0800][262.308s] GC(120)   Pre Evacuate Collection Set: 0.0ms
[2023-04-09T15:48:47.580+0800][262.308s] GC(120)   Evacuate Collection Set: 13.7ms
[2023-04-09T15:48:47.580+0800][262.308s] GC(120)   Post Evacuate Collection Set: 0.4ms
[2023-04-09T15:48:47.580+0800][262.308s] GC(120)   Other: 0.3ms
[2023-04-09T15:48:47.580+0800][262.308s] GC(120) Eden regions: 250->0(246)
[2023-04-09T15:48:47.580+0800][262.308s] GC(120) Survivor regions: 3->8(32)
[2023-04-09T15:48:47.580+0800][262.308s] GC(120) Old regions: 130->130
[2023-04-09T15:48:47.580+0800][262.308s] GC(120) Humongous regions: 60->59
[2023-04-09T15:48:47.580+0800][262.308s] GC(120) Metaspace: 61442K(63688K)->61442K(63688K) NonClass: 54314K(55676K)->54314K(55676K) Class: 7128K(8012K)->7128K(8012K)
[2023-04-09T15:48:47.580+0800][262.308s] GC(120) Pause Young (Normal) (G1 Evacuation Pause) 441M->195M(512M) 14.817ms
[2023-04-09T15:48:47.580+0800][262.308s] GC(120) User=0.01s Sys=0.00s Real=0.02s
[2023-04-09T15:48:48.369+0800][263.097s] GC(121) Pause Young (Normal) (G1 Evacuation Pause)
[2023-04-09T15:48:48.369+0800][263.097s] GC(121) Using 8 workers of 8 for evacuation
[2023-04-09T15:48:48.371+0800][263.099s] GC(121)   Pre Evacuate Collection Set: 0.0ms
[2023-04-09T15:48:48.371+0800][263.099s] GC(121)   Evacuate Collection Set: 1.7ms
[2023-04-09T15:48:48.371+0800][263.099s] GC(121)   Post Evacuate Collection Set: 0.3ms
[2023-04-09T15:48:48.371+0800][263.099s] GC(121)   Other: 0.2ms
[2023-04-09T15:48:48.371+0800][263.100s] GC(121) Eden regions: 246->0(241)
[2023-04-09T15:48:48.371+0800][263.100s] GC(121) Survivor regions: 8->9(32)
[2023-04-09T15:48:48.371+0800][263.100s] GC(121) Old regions: 130->130
[2023-04-09T15:48:48.371+0800][263.100s] GC(121) Humongous regions: 65->65
[2023-04-09T15:48:48.371+0800][263.100s] GC(121) Metaspace: 61442K(63688K)->61442K(63688K) NonClass: 54314K(55676K)->54314K(55676K) Class: 7128K(8012K)->7128K(8012K)
[2023-04-09T15:48:48.372+0800][263.100s] GC(121) Pause Young (Normal) (G1 Evacuation Pause) 447M->202M(512M) 2.341ms
[2023-04-09T15:48:48.372+0800][263.100s] GC(121) User=0.01s Sys=0.00s Real=0.01s
[2023-04-09T15:48:49.374+0800][264.102s] GC(122) Pause Young (Normal) (G1 Evacuation Pause)
[2023-04-09T15:48:49.374+0800][264.102s] GC(122) Using 8 workers of 8 for evacuation
[2023-04-09T15:48:49.378+0800][264.106s] GC(122)   Pre Evacuate Collection Set: 0.0ms
[2023-04-09T15:48:49.378+0800][264.106s] GC(122)   Evacuate Collection Set: 3.2ms
[2023-04-09T15:48:49.378+0800][264.106s] GC(122)   Post Evacuate Collection Set: 0.4ms
[2023-04-09T15:48:49.378+0800][264.106s] GC(122)   Other: 0.2ms
[2023-04-09T15:48:49.378+0800][264.106s] GC(122) Eden regions: 241->0(239)
[2023-04-09T15:48:49.378+0800][264.106s] GC(122) Survivor regions: 9->11(32)
[2023-04-09T15:48:49.378+0800][264.106s] GC(122) Old regions: 130->130
[2023-04-09T15:48:49.378+0800][264.106s] GC(122) Humongous regions: 78->66
[2023-04-09T15:48:49.378+0800][264.106s] GC(122) Metaspace: 61442K(63688K)->61442K(63688K) NonClass: 54314K(55676K)->54314K(55676K) Class: 7128K(8012K)->7128K(8012K)
[2023-04-09T15:48:49.378+0800][264.106s] GC(122) Pause Young (Normal) (G1 Evacuation Pause) 456M->205M(512M) 4.078ms
[2023-04-09T15:48:49.378+0800][264.106s] GC(122) User=0.01s Sys=0.01s Real=0.00s
[2023-04-09T15:48:50.223+0800][264.951s] GC(123) Pause Young (Normal) (G1 Evacuation Pause)
[2023-04-09T15:48:50.223+0800][264.951s] GC(123) Using 8 workers of 8 for evacuation
[2023-04-09T15:48:50.225+0800][264.953s] GC(123)   Pre Evacuate Collection Set: 0.0ms
[2023-04-09T15:48:50.225+0800][264.953s] GC(123)   Evacuate Collection Set: 1.6ms
[2023-04-09T15:48:50.225+0800][264.953s] GC(123)   Post Evacuate Collection Set: 0.4ms
[2023-04-09T15:48:50.225+0800][264.953s] GC(123)   Other: 0.2ms
[2023-04-09T15:48:50.225+0800][264.953s] GC(123) Eden regions: 239->0(253)
[2023-04-09T15:48:50.225+0800][264.953s] GC(123) Survivor regions: 11->2(32)
[2023-04-09T15:48:50.225+0800][264.953s] GC(123) Old regions: 130->130
[2023-04-09T15:48:50.225+0800][264.953s] GC(123) Humongous regions: 66->57
[2023-04-09T15:48:50.225+0800][264.953s] GC(123) Metaspace: 61447K(63688K)->61447K(63688K) NonClass: 54319K(55676K)->54319K(55676K) Class: 7128K(8012K)->7128K(8012K)
[2023-04-09T15:48:50.225+0800][264.953s] GC(123) Pause Young (Normal) (G1 Evacuation Pause) 444M->187M(512M) 2.487ms
[2023-04-09T15:48:50.225+0800][264.953s] GC(123) User=0.01s Sys=0.00s Real=0.00s
[2023-04-09T15:48:50.790+0800][265.518s] GC(124) Pause Young (Normal) (G1 Evacuation Pause)
[2023-04-09T15:48:50.790+0800][265.518s] GC(124) Using 8 workers of 8 for evacuation
[2023-04-09T15:48:50.791+0800][265.520s] GC(124)   Pre Evacuate Collection Set: 0.0ms
[2023-04-09T15:48:50.792+0800][265.520s] GC(124)   Evacuate Collection Set: 1.3ms
[2023-04-09T15:48:50.792+0800][265.520s] GC(124)   Post Evacuate Collection Set: 0.3ms
[2023-04-09T15:48:50.792+0800][265.520s] GC(124)   Other: 0.2ms
[2023-04-09T15:48:50.792+0800][265.520s] GC(124) Eden regions: 253->0(248)
[2023-04-09T15:48:50.792+0800][265.520s] GC(124) Survivor regions: 2->7(32)
[2023-04-09T15:48:50.792+0800][265.520s] GC(124) Old regions: 130->130
[2023-04-09T15:48:50.792+0800][265.520s] GC(124) Humongous regions: 60->59
[2023-04-09T15:48:50.792+0800][265.520s] GC(124) Metaspace: 61447K(63688K)->61447K(63688K) NonClass: 54319K(55676K)->54319K(55676K) Class: 7128K(8012K)->7128K(8012K)
[2023-04-09T15:48:50.792+0800][265.520s] GC(124) Pause Young (Normal) (G1 Evacuation Pause) 443M->194M(512M) 2.053ms
[2023-04-09T15:48:50.792+0800][265.520s] GC(124) User=0.01s Sys=0.00s Real=0.00s
[2023-04-09T15:48:51.407+0800][266.135s] GC(125) Pause Young (Normal) (G1 Evacuation Pause)
[2023-04-09T15:48:51.407+0800][266.135s] GC(125) Using 8 workers of 8 for evacuation
[2023-04-09T15:48:51.409+0800][266.137s] GC(125)   Pre Evacuate Collection Set: 0.0ms
[2023-04-09T15:48:51.409+0800][266.138s] GC(125)   Evacuate Collection Set: 1.7ms
[2023-04-09T15:48:51.409+0800][266.138s] GC(125)   Post Evacuate Collection Set: 0.3ms
[2023-04-09T15:48:51.410+0800][266.138s] GC(125)   Other: 0.2ms
[2023-04-09T15:48:51.410+0800][266.138s] GC(125) Eden regions: 248->0(243)
[2023-04-09T15:48:51.410+0800][266.138s] GC(125) Survivor regions: 7->11(32)
[2023-04-09T15:48:51.410+0800][266.138s] GC(125) Old regions: 130->130
[2023-04-09T15:48:51.410+0800][266.138s] GC(125) Humongous regions: 60->60
[2023-04-09T15:48:51.410+0800][266.138s] GC(125) Metaspace: 61447K(63688K)->61447K(63688K) NonClass: 54319K(55676K)->54319K(55676K) Class: 7128K(8012K)->7128K(8012K)
[2023-04-09T15:48:51.410+0800][266.138s] GC(125) Pause Young (Normal) (G1 Evacuation Pause) 443M->199M(512M) 2.341ms
[2023-04-09T15:48:51.410+0800][266.138s] GC(125) User=0.01s Sys=0.00s Real=0.01s
[2023-04-09T15:48:52.137+0800][266.865s] GC(126) Pause Young (Normal) (G1 Evacuation Pause)
[2023-04-09T15:48:52.137+0800][266.865s] GC(126) Using 8 workers of 8 for evacuation
[2023-04-09T15:48:52.139+0800][266.867s] GC(126)   Pre Evacuate Collection Set: 0.0ms
[2023-04-09T15:48:52.139+0800][266.867s] GC(126)   Evacuate Collection Set: 1.7ms
[2023-04-09T15:48:52.139+0800][266.867s] GC(126)   Post Evacuate Collection Set: 0.3ms
[2023-04-09T15:48:52.139+0800][266.867s] GC(126)   Other: 0.2ms
[2023-04-09T15:48:52.139+0800][266.867s] GC(126) Eden regions: 243->0(239)
[2023-04-09T15:48:52.139+0800][266.867s] GC(126) Survivor regions: 11->10(32)
[2023-04-09T15:48:52.139+0800][266.867s] GC(126) Old regions: 130->130
[2023-04-09T15:48:52.139+0800][266.867s] GC(126) Humongous regions: 78->66
[2023-04-09T15:48:52.139+0800][266.867s] GC(126) Metaspace: 61447K(63688K)->61447K(63688K) NonClass: 54319K(55676K)->54319K(55676K) Class: 7128K(8012K)->7128K(8012K)
[2023-04-09T15:48:52.139+0800][266.867s] GC(126) Pause Young (Normal) (G1 Evacuation Pause) 460M->205M(512M) 2.360ms
[2023-04-09T15:48:52.139+0800][266.867s] GC(126) User=0.01s Sys=0.00s Real=0.00s
[2023-04-09T15:48:52.705+0800][267.433s] GC(127) Pause Young (Normal) (G1 Evacuation Pause)
[2023-04-09T15:48:52.705+0800][267.433s] GC(127) Using 8 workers of 8 for evacuation
[2023-04-09T15:48:52.706+0800][267.434s] GC(127)   Pre Evacuate Collection Set: 0.0ms
[2023-04-09T15:48:52.706+0800][267.434s] GC(127)   Evacuate Collection Set: 0.9ms
[2023-04-09T15:48:52.706+0800][267.434s] GC(127)   Post Evacuate Collection Set: 0.2ms
[2023-04-09T15:48:52.706+0800][267.434s] GC(127)   Other: 0.2ms
[2023-04-09T15:48:52.706+0800][267.434s] GC(127) Eden regions: 239->0(256)
[2023-04-09T15:48:52.706+0800][267.434s] GC(127) Survivor regions: 10->1(32)
[2023-04-09T15:48:52.706+0800][267.434s] GC(127) Old regions: 130->130
[2023-04-09T15:48:52.706+0800][267.434s] GC(127) Humongous regions: 66->57
[2023-04-09T15:48:52.706+0800][267.434s] GC(127) Metaspace: 61448K(63688K)->61448K(63688K) NonClass: 54320K(55676K)->54320K(55676K) Class: 7128K(8012K)->7128K(8012K)
[2023-04-09T15:48:52.706+0800][267.434s] GC(127) Pause Young (Normal) (G1 Evacuation Pause) 444M->187M(512M) 1.451ms
[2023-04-09T15:48:52.706+0800][267.434s] GC(127) User=0.00s Sys=0.00s Real=0.00s
[2023-04-09T15:48:54.407+0800][269.135s] GC(128) Pause Young (Normal) (G1 Evacuation Pause)
[2023-04-09T15:48:54.407+0800][269.135s] GC(128) Using 8 workers of 8 for evacuation
[2023-04-09T15:48:54.409+0800][269.137s] GC(128)   Pre Evacuate Collection Set: 0.0ms
[2023-04-09T15:48:54.409+0800][269.137s] GC(128)   Evacuate Collection Set: 1.8ms
[2023-04-09T15:48:54.409+0800][269.137s] GC(128)   Post Evacuate Collection Set: 0.3ms
[2023-04-09T15:48:54.409+0800][269.137s] GC(128)   Other: 0.2ms
[2023-04-09T15:48:54.409+0800][269.137s] GC(128) Eden regions: 256->0(253)
[2023-04-09T15:48:54.409+0800][269.137s] GC(128) Survivor regions: 1->4(33)
[2023-04-09T15:48:54.409+0800][269.137s] GC(128) Old regions: 130->130
[2023-04-09T15:48:54.409+0800][269.137s] GC(128) Humongous regions: 58->58
[2023-04-09T15:48:54.409+0800][269.137s] GC(128) Metaspace: 61468K(63688K)->61468K(63688K) NonClass: 54339K(55676K)->54339K(55676K) Class: 7129K(8012K)->7129K(8012K)
[2023-04-09T15:48:54.409+0800][269.137s] GC(128) Pause Young (Normal) (G1 Evacuation Pause) 444M->191M(512M) 2.543ms
[2023-04-09T15:48:54.410+0800][269.138s] GC(128) User=0.01s Sys=0.00s Real=0.01s
[2023-04-09T15:48:55.123+0800][269.851s] GC(129) Pause Young (Normal) (G1 Evacuation Pause)
[2023-04-09T15:48:55.124+0800][269.852s] GC(129) Using 8 workers of 8 for evacuation
[2023-04-09T15:48:55.126+0800][269.854s] GC(129)   Pre Evacuate Collection Set: 0.0ms
[2023-04-09T15:48:55.126+0800][269.854s] GC(129)   Evacuate Collection Set: 1.7ms
[2023-04-09T15:48:55.126+0800][269.854s] GC(129)   Post Evacuate Collection Set: 0.3ms
[2023-04-09T15:48:55.126+0800][269.854s] GC(129)   Other: 0.5ms
[2023-04-09T15:48:55.126+0800][269.854s] GC(129) Eden regions: 253->0(246)
[2023-04-09T15:48:55.126+0800][269.854s] GC(129) Survivor regions: 4->9(33)
[2023-04-09T15:48:55.126+0800][269.854s] GC(129) Old regions: 130->130
[2023-04-09T15:48:55.126+0800][269.854s] GC(129) Humongous regions: 60->59
[2023-04-09T15:48:55.126+0800][269.854s] GC(129) Metaspace: 61468K(63688K)->61468K(63688K) NonClass: 54339K(55676K)->54339K(55676K) Class: 7129K(8012K)->7129K(8012K)
[2023-04-09T15:48:55.126+0800][269.854s] GC(129) Pause Young (Normal) (G1 Evacuation Pause) 446M->197M(512M) 2.741ms
[2023-04-09T15:48:55.126+0800][269.854s] GC(129) User=0.02s Sys=0.00s Real=0.00s
[2023-04-09T15:48:55.769+0800][270.497s] GC(130) Pause Young (Normal) (G1 Evacuation Pause)
[2023-04-09T15:48:55.769+0800][270.497s] GC(130) Using 8 workers of 8 for evacuation
[2023-04-09T15:48:55.772+0800][270.500s] GC(130)   Pre Evacuate Collection Set: 0.0ms
[2023-04-09T15:48:55.772+0800][270.500s] GC(130)   Evacuate Collection Set: 1.8ms
[2023-04-09T15:48:55.772+0800][270.500s] GC(130)   Post Evacuate Collection Set: 0.3ms
[2023-04-09T15:48:55.772+0800][270.500s] GC(130)   Other: 0.2ms
[2023-04-09T15:48:55.772+0800][270.500s] GC(130) Eden regions: 246->0(241)
[2023-04-09T15:48:55.772+0800][270.500s] GC(130) Survivor regions: 9->10(32)
[2023-04-09T15:48:55.772+0800][270.500s] GC(130) Old regions: 130->130
[2023-04-09T15:48:55.772+0800][270.500s] GC(130) Humongous regions: 65->65
[2023-04-09T15:48:55.772+0800][270.500s] GC(130) Metaspace: 61468K(63688K)->61468K(63688K) NonClass: 54339K(55676K)->54339K(55676K) Class: 7129K(8012K)->7129K(8012K)
[2023-04-09T15:48:55.772+0800][270.500s] GC(130) Pause Young (Normal) (G1 Evacuation Pause) 449M->203M(512M) 2.529ms
[2023-04-09T15:48:55.772+0800][270.500s] GC(130) User=0.01s Sys=0.00s Real=0.01s
[2023-04-09T15:48:56.541+0800][271.269s] GC(131) Pause Young (Normal) (G1 Evacuation Pause)
[2023-04-09T15:48:56.541+0800][271.269s] GC(131) Using 8 workers of 8 for evacuation
[2023-04-09T15:48:56.554+0800][271.282s] GC(131)   Pre Evacuate Collection Set: 0.0ms
[2023-04-09T15:48:56.554+0800][271.282s] GC(131)   Evacuate Collection Set: 12.1ms
[2023-04-09T15:48:56.554+0800][271.282s] GC(131)   Post Evacuate Collection Set: 0.4ms
[2023-04-09T15:48:56.554+0800][271.282s] GC(131)   Other: 0.2ms
[2023-04-09T15:48:56.554+0800][271.282s] GC(131) Eden regions: 241->0(239)
[2023-04-09T15:48:56.554+0800][271.282s] GC(131) Survivor regions: 10->11(32)
[2023-04-09T15:48:56.554+0800][271.282s] GC(131) Old regions: 130->130
[2023-04-09T15:48:56.554+0800][271.282s] GC(131) Humongous regions: 78->66
[2023-04-09T15:48:56.554+0800][271.282s] GC(131) Metaspace: 61470K(63688K)->61470K(63688K) NonClass: 54341K(55676K)->54341K(55676K) Class: 7129K(8012K)->7129K(8012K)
[2023-04-09T15:48:56.554+0800][271.282s] GC(131) Pause Young (Normal) (G1 Evacuation Pause) 457M->206M(512M) 12.899ms
[2023-04-09T15:48:56.554+0800][271.282s] GC(131) User=0.02s Sys=0.00s Real=0.01s
[2023-04-09T15:48:57.324+0800][272.052s] GC(132) Pause Young (Normal) (G1 Evacuation Pause)
[2023-04-09T15:48:57.324+0800][272.052s] GC(132) Using 8 workers of 8 for evacuation
[2023-04-09T15:48:57.325+0800][272.053s] GC(132)   Pre Evacuate Collection Set: 0.0ms
[2023-04-09T15:48:57.325+0800][272.053s] GC(132)   Evacuate Collection Set: 0.7ms
[2023-04-09T15:48:57.325+0800][272.053s] GC(132)   Post Evacuate Collection Set: 0.3ms
[2023-04-09T15:48:57.325+0800][272.053s] GC(132)   Other: 0.2ms
[2023-04-09T15:48:57.325+0800][272.053s] GC(132) Eden regions: 239->0(252)
[2023-04-09T15:48:57.325+0800][272.053s] GC(132) Survivor regions: 11->4(32)
[2023-04-09T15:48:57.325+0800][272.053s] GC(132) Old regions: 130->130
[2023-04-09T15:48:57.325+0800][272.053s] GC(132) Humongous regions: 66->57
[2023-04-09T15:48:57.325+0800][272.053s] GC(132) Metaspace: 61472K(63688K)->61472K(63688K) NonClass: 54343K(55676K)->54343K(55676K) Class: 7129K(8012K)->7129K(8012K)
[2023-04-09T15:48:57.325+0800][272.053s] GC(132) Pause Young (Normal) (G1 Evacuation Pause) 445M->189M(512M) 1.327ms
[2023-04-09T15:48:57.325+0800][272.053s] GC(132) User=0.01s Sys=0.00s Real=0.00s
[2023-04-09T15:48:58.067+0800][272.795s] GC(133) Pause Young (Normal) (G1 Evacuation Pause)
[2023-04-09T15:48:58.067+0800][272.795s] GC(133) Using 8 workers of 8 for evacuation
[2023-04-09T15:48:58.071+0800][272.799s] GC(133)   Pre Evacuate Collection Set: 0.1ms
[2023-04-09T15:48:58.071+0800][272.799s] GC(133)   Evacuate Collection Set: 3.0ms
[2023-04-09T15:48:58.071+0800][272.799s] GC(133)   Post Evacuate Collection Set: 0.3ms
[2023-04-09T15:48:58.071+0800][272.799s] GC(133)   Other: 0.2ms
[2023-04-09T15:48:58.071+0800][272.799s] GC(133) Eden regions: 252->0(247)
[2023-04-09T15:48:58.071+0800][272.799s] GC(133) Survivor regions: 4->8(32)
[2023-04-09T15:48:58.071+0800][272.799s] GC(133) Old regions: 130->130
[2023-04-09T15:48:58.071+0800][272.799s] GC(133) Humongous regions: 60->59
[2023-04-09T15:48:58.071+0800][272.799s] GC(133) Metaspace: 61472K(63688K)->61472K(63688K) NonClass: 54343K(55676K)->54343K(55676K) Class: 7129K(8012K)->7129K(8012K)
[2023-04-09T15:48:58.071+0800][272.799s] GC(133) Pause Young (Normal) (G1 Evacuation Pause) 444M->196M(512M) 3.876ms
[2023-04-09T15:48:58.071+0800][272.799s] GC(133) User=0.01s Sys=0.00s Real=0.01s
[2023-04-09T15:48:58.871+0800][273.599s] GC(134) Pause Young (Normal) (G1 Evacuation Pause)
[2023-04-09T15:48:58.871+0800][273.599s] GC(134) Using 8 workers of 8 for evacuation
[2023-04-09T15:48:58.875+0800][273.603s] GC(134)   Pre Evacuate Collection Set: 0.0ms
[2023-04-09T15:48:58.875+0800][273.603s] GC(134)   Evacuate Collection Set: 2.4ms
[2023-04-09T15:48:58.875+0800][273.603s] GC(134)   Post Evacuate Collection Set: 0.6ms
[2023-04-09T15:48:58.875+0800][273.603s] GC(134)   Other: 0.2ms
[2023-04-09T15:48:58.875+0800][273.603s] GC(134) Eden regions: 247->0(241)
[2023-04-09T15:48:58.875+0800][273.603s] GC(134) Survivor regions: 8->9(32)
[2023-04-09T15:48:58.875+0800][273.603s] GC(134) Old regions: 130->130
[2023-04-09T15:48:58.875+0800][273.603s] GC(134) Humongous regions: 65->65
[2023-04-09T15:48:58.875+0800][273.603s] GC(134) Metaspace: 61472K(63688K)->61472K(63688K) NonClass: 54343K(55676K)->54343K(55676K) Class: 7129K(8012K)->7129K(8012K)
[2023-04-09T15:48:58.875+0800][273.603s] GC(134) Pause Young (Normal) (G1 Evacuation Pause) 449M->203M(512M) 3.373ms
[2023-04-09T15:48:58.875+0800][273.603s] GC(134) User=0.01s Sys=0.00s Real=0.00s
[2023-04-09T15:48:59.735+0800][274.463s] GC(135) Pause Young (Normal) (G1 Evacuation Pause)
[2023-04-09T15:48:59.735+0800][274.463s] GC(135) Using 8 workers of 8 for evacuation
[2023-04-09T15:48:59.738+0800][274.466s] GC(135)   Pre Evacuate Collection Set: 0.0ms
[2023-04-09T15:48:59.738+0800][274.466s] GC(135)   Evacuate Collection Set: 3.2ms
[2023-04-09T15:48:59.738+0800][274.466s] GC(135)   Post Evacuate Collection Set: 0.3ms
[2023-04-09T15:48:59.738+0800][274.466s] GC(135)   Other: 0.2ms
[2023-04-09T15:48:59.739+0800][274.466s] GC(135) Eden regions: 241->0(239)
[2023-04-09T15:48:59.739+0800][274.466s] GC(135) Survivor regions: 9->11(32)
[2023-04-09T15:48:59.739+0800][274.466s] GC(135) Old regions: 130->130
[2023-04-09T15:48:59.739+0800][274.467s] GC(135) Humongous regions: 78->66
[2023-04-09T15:48:59.739+0800][274.467s] GC(135) Metaspace: 61472K(63688K)->61472K(63688K) NonClass: 54343K(55676K)->54343K(55676K) Class: 7129K(8012K)->7129K(8012K)
[2023-04-09T15:48:59.739+0800][274.467s] GC(135) Pause Young (Normal) (G1 Evacuation Pause) 457M->206M(512M) 3.983ms
[2023-04-09T15:48:59.739+0800][274.467s] GC(135) User=0.02s Sys=0.00s Real=0.00s
[2023-04-09T15:49:00.444+0800][275.172s] GC(136) Pause Young (Normal) (G1 Evacuation Pause)
[2023-04-09T15:49:00.444+0800][275.172s] GC(136) Using 8 workers of 8 for evacuation
[2023-04-09T15:49:00.447+0800][275.174s] GC(136)   Pre Evacuate Collection Set: 0.0ms
[2023-04-09T15:49:00.447+0800][275.174s] GC(136)   Evacuate Collection Set: 1.4ms
[2023-04-09T15:49:00.447+0800][275.175s] GC(136)   Post Evacuate Collection Set: 0.4ms
[2023-04-09T15:49:00.447+0800][275.175s] GC(136)   Other: 0.2ms
[2023-04-09T15:49:00.447+0800][275.175s] GC(136) Eden regions: 239->0(249)
[2023-04-09T15:49:00.447+0800][275.175s] GC(136) Survivor regions: 11->3(32)
[2023-04-09T15:49:00.447+0800][275.175s] GC(136) Old regions: 130->130
[2023-04-09T15:49:00.447+0800][275.175s] GC(136) Humongous regions: 66->57
[2023-04-09T15:49:00.447+0800][275.175s] GC(136) Metaspace: 61475K(63688K)->61475K(63688K) NonClass: 54346K(55676K)->54346K(55676K) Class: 7129K(8012K)->7129K(8012K)
[2023-04-09T15:49:00.447+0800][275.175s] GC(136) Pause Young (Normal) (G1 Evacuation Pause) 445M->189M(512M) 2.366ms
[2023-04-09T15:49:00.447+0800][275.175s] GC(136) User=0.01s Sys=0.00s Real=0.00s
[2023-04-09T15:49:01.165+0800][275.893s] GC(137) Pause Young (Normal) (G1 Evacuation Pause)
[2023-04-09T15:49:01.165+0800][275.893s] GC(137) Using 8 workers of 8 for evacuation
[2023-04-09T15:49:01.167+0800][275.895s] GC(137)   Pre Evacuate Collection Set: 0.0ms
[2023-04-09T15:49:01.167+0800][275.895s] GC(137)   Evacuate Collection Set: 1.0ms
[2023-04-09T15:49:01.167+0800][275.895s] GC(137)   Post Evacuate Collection Set: 0.4ms
[2023-04-09T15:49:01.167+0800][275.895s] GC(137)   Other: 0.2ms
[2023-04-09T15:49:01.167+0800][275.895s] GC(137) Eden regions: 249->0(245)
[2023-04-09T15:49:01.167+0800][275.895s] GC(137) Survivor regions: 3->8(32)
[2023-04-09T15:49:01.167+0800][275.895s] GC(137) Old regions: 130->130
[2023-04-09T15:49:01.167+0800][275.895s] GC(137) Humongous regions: 60->59
[2023-04-09T15:49:01.167+0800][275.895s] GC(137) Metaspace: 61475K(63688K)->61475K(63688K) NonClass: 54346K(55676K)->54346K(55676K) Class: 7129K(8012K)->7129K(8012K)
[2023-04-09T15:49:01.167+0800][275.895s] GC(137) Pause Young (Normal) (G1 Evacuation Pause) 441M->195M(512M) 1.876ms
[2023-04-09T15:49:01.167+0800][275.895s] GC(137) User=0.01s Sys=0.00s Real=0.00s
[2023-04-09T15:49:01.791+0800][276.518s] GC(138) Pause Young (Normal) (G1 Evacuation Pause)
[2023-04-09T15:49:01.791+0800][276.519s] GC(138) Using 8 workers of 8 for evacuation
[2023-04-09T15:49:01.793+0800][276.521s] GC(138)   Pre Evacuate Collection Set: 0.0ms
[2023-04-09T15:49:01.793+0800][276.521s] GC(138)   Evacuate Collection Set: 1.8ms
[2023-04-09T15:49:01.793+0800][276.521s] GC(138)   Post Evacuate Collection Set: 0.4ms
[2023-04-09T15:49:01.793+0800][276.521s] GC(138)   Other: 0.3ms
[2023-04-09T15:49:01.793+0800][276.521s] GC(138) Eden regions: 245->0(241)
[2023-04-09T15:49:01.793+0800][276.521s] GC(138) Survivor regions: 8->9(32)
[2023-04-09T15:49:01.793+0800][276.521s] GC(138) Old regions: 130->130
[2023-04-09T15:49:01.793+0800][276.521s] GC(138) Humongous regions: 65->65
[2023-04-09T15:49:01.793+0800][276.521s] GC(138) Metaspace: 61475K(63688K)->61475K(63688K) NonClass: 54346K(55676K)->54346K(55676K) Class: 7129K(8012K)->7129K(8012K)
[2023-04-09T15:49:01.793+0800][276.521s] GC(138) Pause Young (Normal) (G1 Evacuation Pause) 446M->203M(512M) 2.871ms
[2023-04-09T15:49:01.793+0800][276.521s] GC(138) User=0.01s Sys=0.00s Real=0.00s
[2023-04-09T15:49:02.611+0800][277.339s] GC(139) Pause Young (Normal) (G1 Evacuation Pause)
[2023-04-09T15:49:02.611+0800][277.339s] GC(139) Using 8 workers of 8 for evacuation
[2023-04-09T15:49:02.614+0800][277.342s] GC(139)   Pre Evacuate Collection Set: 0.0ms
[2023-04-09T15:49:02.614+0800][277.342s] GC(139)   Evacuate Collection Set: 2.3ms
[2023-04-09T15:49:02.614+0800][277.342s] GC(139)   Post Evacuate Collection Set: 0.3ms
[2023-04-09T15:49:02.614+0800][277.342s] GC(139)   Other: 0.2ms
[2023-04-09T15:49:02.614+0800][277.342s] GC(139) Eden regions: 241->0(239)
[2023-04-09T15:49:02.614+0800][277.342s] GC(139) Survivor regions: 9->11(32)
[2023-04-09T15:49:02.614+0800][277.342s] GC(139) Old regions: 130->130
[2023-04-09T15:49:02.614+0800][277.342s] GC(139) Humongous regions: 78->66
[2023-04-09T15:49:02.615+0800][277.342s] GC(139) Metaspace: 61475K(63688K)->61475K(63688K) NonClass: 54346K(55676K)->54346K(55676K) Class: 7129K(8012K)->7129K(8012K)
[2023-04-09T15:49:02.615+0800][277.342s] GC(139) Pause Young (Normal) (G1 Evacuation Pause) 457M->205M(512M) 3.130ms
[2023-04-09T15:49:02.615+0800][277.342s] GC(139) User=0.02s Sys=0.00s Real=0.00s
[2023-04-09T15:49:03.300+0800][278.028s] GC(140) Pause Young (Normal) (G1 Evacuation Pause)
[2023-04-09T15:49:03.301+0800][278.028s] GC(140) Using 8 workers of 8 for evacuation
[2023-04-09T15:49:03.302+0800][278.030s] GC(140)   Pre Evacuate Collection Set: 0.0ms
[2023-04-09T15:49:03.302+0800][278.030s] GC(140)   Evacuate Collection Set: 0.9ms
[2023-04-09T15:49:03.302+0800][278.030s] GC(140)   Post Evacuate Collection Set: 0.3ms
[2023-04-09T15:49:03.302+0800][278.030s] GC(140)   Other: 0.2ms
[2023-04-09T15:49:03.302+0800][278.030s] GC(140) Eden regions: 239->0(251)
[2023-04-09T15:49:03.302+0800][278.030s] GC(140) Survivor regions: 11->2(32)
[2023-04-09T15:49:03.302+0800][278.030s] GC(140) Old regions: 130->130
[2023-04-09T15:49:03.302+0800][278.030s] GC(140) Humongous regions: 66->57
[2023-04-09T15:49:03.302+0800][278.030s] GC(140) Metaspace: 61475K(63688K)->61475K(63688K) NonClass: 54346K(55676K)->54346K(55676K) Class: 7129K(8012K)->7129K(8012K)
[2023-04-09T15:49:03.302+0800][278.030s] GC(140) Pause Young (Normal) (G1 Evacuation Pause) 444M->188M(512M) 1.680ms
[2023-04-09T15:49:03.302+0800][278.030s] GC(140) User=0.01s Sys=0.01s Real=0.00s
[2023-04-09T15:49:03.934+0800][278.661s] GC(141) Pause Young (Normal) (G1 Evacuation Pause)
[2023-04-09T15:49:03.934+0800][278.662s] GC(141) Using 8 workers of 8 for evacuation
[2023-04-09T15:49:03.936+0800][278.664s] GC(141)   Pre Evacuate Collection Set: 0.0ms
[2023-04-09T15:49:03.936+0800][278.664s] GC(141)   Evacuate Collection Set: 1.7ms
[2023-04-09T15:49:03.936+0800][278.664s] GC(141)   Post Evacuate Collection Set: 0.3ms
[2023-04-09T15:49:03.936+0800][278.664s] GC(141)   Other: 0.2ms
[2023-04-09T15:49:03.936+0800][278.664s] GC(141) Eden regions: 251->0(247)
[2023-04-09T15:49:03.936+0800][278.664s] GC(141) Survivor regions: 2->7(32)
[2023-04-09T15:49:03.936+0800][278.664s] GC(141) Old regions: 130->130
[2023-04-09T15:49:03.936+0800][278.664s] GC(141) Humongous regions: 60->59
[2023-04-09T15:49:03.936+0800][278.664s] GC(141) Metaspace: 61476K(63688K)->61476K(63688K) NonClass: 54347K(55676K)->54347K(55676K) Class: 7129K(8012K)->7129K(8012K)
[2023-04-09T15:49:03.936+0800][278.664s] GC(141) Pause Young (Normal) (G1 Evacuation Pause) 442M->195M(512M) 2.420ms
[2023-04-09T15:49:03.936+0800][278.664s] GC(141) User=0.01s Sys=0.00s Real=0.00s
[2023-04-09T15:49:04.611+0800][279.339s] GC(142) Pause Young (Normal) (G1 Evacuation Pause)
[2023-04-09T15:49:04.611+0800][279.339s] GC(142) Using 8 workers of 8 for evacuation
[2023-04-09T15:49:04.614+0800][279.342s] GC(142)   Pre Evacuate Collection Set: 0.0ms
[2023-04-09T15:49:04.614+0800][279.342s] GC(142)   Evacuate Collection Set: 2.2ms
[2023-04-09T15:49:04.614+0800][279.342s] GC(142)   Post Evacuate Collection Set: 0.3ms
[2023-04-09T15:49:04.614+0800][279.342s] GC(142)   Other: 0.2ms
[2023-04-09T15:49:04.614+0800][279.342s] GC(142) Eden regions: 247->0(242)
[2023-04-09T15:49:04.614+0800][279.342s] GC(142) Survivor regions: 7->12(32)
[2023-04-09T15:49:04.614+0800][279.342s] GC(142) Old regions: 130->130
[2023-04-09T15:49:04.614+0800][279.342s] GC(142) Humongous regions: 60->60
[2023-04-09T15:49:04.614+0800][279.342s] GC(142) Metaspace: 61476K(63688K)->61476K(63688K) NonClass: 54347K(55676K)->54347K(55676K) Class: 7129K(8012K)->7129K(8012K)
[2023-04-09T15:49:04.614+0800][279.342s] GC(142) Pause Young (Normal) (G1 Evacuation Pause) 443M->200M(512M) 2.820ms
[2023-04-09T15:49:04.614+0800][279.342s] GC(142) User=0.01s Sys=0.00s Real=0.00s
[2023-04-09T15:49:05.418+0800][280.146s] GC(143) Pause Young (Normal) (G1 Evacuation Pause)
[2023-04-09T15:49:05.419+0800][280.146s] GC(143) Using 8 workers of 8 for evacuation
[2023-04-09T15:49:05.423+0800][280.151s] GC(143)   Pre Evacuate Collection Set: 0.0ms
[2023-04-09T15:49:05.423+0800][280.151s] GC(143)   Evacuate Collection Set: 3.7ms
[2023-04-09T15:49:05.423+0800][280.151s] GC(143)   Post Evacuate Collection Set: 0.3ms
[2023-04-09T15:49:05.423+0800][280.151s] GC(143)   Other: 0.3ms
[2023-04-09T15:49:05.423+0800][280.151s] GC(143) Eden regions: 242->0(238)
[2023-04-09T15:49:05.423+0800][280.151s] GC(143) Survivor regions: 12->10(32)
[2023-04-09T15:49:05.423+0800][280.151s] GC(143) Old regions: 130->131
[2023-04-09T15:49:05.423+0800][280.151s] GC(143) Humongous regions: 78->66
[2023-04-09T15:49:05.423+0800][280.151s] GC(143) Metaspace: 61476K(63688K)->61476K(63688K) NonClass: 54347K(55676K)->54347K(55676K) Class: 7129K(8012K)->7129K(8012K)
[2023-04-09T15:49:05.423+0800][280.151s] GC(143) Pause Young (Normal) (G1 Evacuation Pause) 460M->205M(512M) 4.420ms
[2023-04-09T15:49:05.423+0800][280.151s] GC(143) User=0.01s Sys=0.01s Real=0.01s
[2023-04-09T15:49:06.053+0800][280.781s] GC(144) Pause Young (Normal) (G1 Evacuation Pause)
[2023-04-09T15:49:06.053+0800][280.781s] GC(144) Using 8 workers of 8 for evacuation
[2023-04-09T15:49:06.060+0800][280.788s] GC(144)   Pre Evacuate Collection Set: 0.0ms
[2023-04-09T15:49:06.060+0800][280.788s] GC(144)   Evacuate Collection Set: 5.7ms
[2023-04-09T15:49:06.060+0800][280.788s] GC(144)   Post Evacuate Collection Set: 0.5ms
[2023-04-09T15:49:06.060+0800][280.788s] GC(144)   Other: 0.2ms
[2023-04-09T15:49:06.060+0800][280.788s] GC(144) Eden regions: 238->0(252)
[2023-04-09T15:49:06.060+0800][280.788s] GC(144) Survivor regions: 10->1(31)
[2023-04-09T15:49:06.060+0800][280.788s] GC(144) Old regions: 131->131
[2023-04-09T15:49:06.060+0800][280.788s] GC(144) Humongous regions: 66->57
[2023-04-09T15:49:06.060+0800][280.788s] GC(144) Metaspace: 61476K(63688K)->61476K(63688K) NonClass: 54347K(55676K)->54347K(55676K) Class: 7129K(8012K)->7129K(8012K)
[2023-04-09T15:49:06.060+0800][280.788s] GC(144) Pause Young (Normal) (G1 Evacuation Pause) 443M->187M(512M) 6.937ms
[2023-04-09T15:49:06.060+0800][280.788s] GC(144) User=0.01s Sys=0.00s Real=0.01s
[2023-04-09T15:49:06.689+0800][281.416s] GC(145) Pause Young (Normal) (G1 Evacuation Pause)
[2023-04-09T15:49:06.689+0800][281.416s] GC(145) Using 8 workers of 8 for evacuation
[2023-04-09T15:49:06.690+0800][281.418s] GC(145)   Pre Evacuate Collection Set: 0.0ms
[2023-04-09T15:49:06.690+0800][281.418s] GC(145)   Evacuate Collection Set: 1.1ms
[2023-04-09T15:49:06.690+0800][281.418s] GC(145)   Post Evacuate Collection Set: 0.3ms
[2023-04-09T15:49:06.690+0800][281.418s] GC(145)   Other: 0.2ms
[2023-04-09T15:49:06.690+0800][281.418s] GC(145) Eden regions: 252->0(249)
[2023-04-09T15:49:06.690+0800][281.418s] GC(145) Survivor regions: 1->6(32)
[2023-04-09T15:49:06.690+0800][281.418s] GC(145) Old regions: 131->131
[2023-04-09T15:49:06.690+0800][281.418s] GC(145) Humongous regions: 58->58
[2023-04-09T15:49:06.690+0800][281.418s] GC(145) Metaspace: 61476K(63688K)->61476K(63688K) NonClass: 54347K(55676K)->54347K(55676K) Class: 7129K(8012K)->7129K(8012K)
[2023-04-09T15:49:06.690+0800][281.418s] GC(145) Pause Young (Normal) (G1 Evacuation Pause) 440M->193M(512M) 1.765ms
[2023-04-09T15:49:06.690+0800][281.418s] GC(145) User=0.01s Sys=0.00s Real=0.01s
[2023-04-09T15:49:07.363+0800][282.091s] GC(146) Pause Young (Normal) (G1 Evacuation Pause)
[2023-04-09T15:49:07.363+0800][282.091s] GC(146) Using 8 workers of 8 for evacuation
[2023-04-09T15:49:07.366+0800][282.093s] GC(146)   Pre Evacuate Collection Set: 0.0ms
[2023-04-09T15:49:07.366+0800][282.094s] GC(146)   Evacuate Collection Set: 2.2ms
[2023-04-09T15:49:07.366+0800][282.094s] GC(146)   Post Evacuate Collection Set: 0.3ms
[2023-04-09T15:49:07.366+0800][282.094s] GC(146)   Other: 0.2ms
[2023-04-09T15:49:07.366+0800][282.094s] GC(146) Eden regions: 249->0(243)
[2023-04-09T15:49:07.366+0800][282.094s] GC(146) Survivor regions: 6->11(32)
[2023-04-09T15:49:07.366+0800][282.094s] GC(146) Old regions: 131->131
[2023-04-09T15:49:07.366+0800][282.094s] GC(146) Humongous regions: 61->60
[2023-04-09T15:49:07.366+0800][282.094s] GC(146) Metaspace: 61476K(63688K)->61476K(63688K) NonClass: 54347K(55676K)->54347K(55676K) Class: 7129K(8012K)->7129K(8012K)
[2023-04-09T15:49:07.366+0800][282.094s] GC(146) Pause Young (Normal) (G1 Evacuation Pause) 445M->200M(512M) 2.865ms
[2023-04-09T15:49:07.366+0800][282.094s] GC(146) User=0.01s Sys=0.00s Real=0.00s
[2023-04-09T15:49:08.091+0800][282.818s] GC(147) Pause Young (Normal) (G1 Evacuation Pause)
[2023-04-09T15:49:08.091+0800][282.819s] GC(147) Using 8 workers of 8 for evacuation
[2023-04-09T15:49:08.093+0800][282.821s] GC(147)   Pre Evacuate Collection Set: 0.0ms
[2023-04-09T15:49:08.093+0800][282.821s] GC(147)   Evacuate Collection Set: 1.8ms
[2023-04-09T15:49:08.093+0800][282.821s] GC(147)   Post Evacuate Collection Set: 0.5ms
[2023-04-09T15:49:08.093+0800][282.821s] GC(147)   Other: 0.6ms
[2023-04-09T15:49:08.094+0800][282.821s] GC(147) Eden regions: 243->0(238)
[2023-04-09T15:49:08.094+0800][282.821s] GC(147) Survivor regions: 11->10(32)
[2023-04-09T15:49:08.094+0800][282.821s] GC(147) Old regions: 131->131
[2023-04-09T15:49:08.094+0800][282.821s] GC(147) Humongous regions: 78->66
[2023-04-09T15:49:08.094+0800][282.821s] GC(147) Metaspace: 61476K(63688K)->61476K(63688K) NonClass: 54347K(55676K)->54347K(55676K) Class: 7129K(8012K)->7129K(8012K)
[2023-04-09T15:49:08.094+0800][282.821s] GC(147) Pause Young (Normal) (G1 Evacuation Pause) 461M->205M(512M) 3.113ms
[2023-04-09T15:49:08.094+0800][282.822s] GC(147) User=0.01s Sys=0.00s Real=0.00s
[2023-04-09T15:49:08.901+0800][283.629s] GC(148) Pause Young (Normal) (G1 Evacuation Pause)
[2023-04-09T15:49:08.901+0800][283.629s] GC(148) Using 8 workers of 8 for evacuation
[2023-04-09T15:49:08.910+0800][283.637s] GC(148)   Pre Evacuate Collection Set: 0.0ms
[2023-04-09T15:49:08.910+0800][283.637s] GC(148)   Evacuate Collection Set: 8.0ms
[2023-04-09T15:49:08.910+0800][283.637s] GC(148)   Post Evacuate Collection Set: 0.4ms
[2023-04-09T15:49:08.910+0800][283.637s] GC(148)   Other: 0.2ms
[2023-04-09T15:49:08.910+0800][283.637s] GC(148) Eden regions: 238->0(253)
[2023-04-09T15:49:08.910+0800][283.637s] GC(148) Survivor regions: 10->1(31)
[2023-04-09T15:49:08.910+0800][283.637s] GC(148) Old regions: 131->131
[2023-04-09T15:49:08.910+0800][283.637s] GC(148) Humongous regions: 66->57
[2023-04-09T15:49:08.910+0800][283.637s] GC(148) Metaspace: 61477K(63688K)->61477K(63688K) NonClass: 54348K(55676K)->54348K(55676K) Class: 7129K(8012K)->7129K(8012K)
[2023-04-09T15:49:08.910+0800][283.638s] GC(148) Pause Young (Normal) (G1 Evacuation Pause) 443M->187M(512M) 8.754ms
[2023-04-09T15:49:08.910+0800][283.638s] GC(148) User=0.00s Sys=0.00s Real=0.01s
[2023-04-09T15:49:09.525+0800][284.253s] GC(149) Pause Young (Normal) (G1 Evacuation Pause)
[2023-04-09T15:49:09.526+0800][284.253s] GC(149) Using 8 workers of 8 for evacuation
[2023-04-09T15:49:09.527+0800][284.255s] GC(149)   Pre Evacuate Collection Set: 0.0ms
[2023-04-09T15:49:09.527+0800][284.255s] GC(149)   Evacuate Collection Set: 1.3ms
[2023-04-09T15:49:09.527+0800][284.255s] GC(149)   Post Evacuate Collection Set: 0.3ms
[2023-04-09T15:49:09.527+0800][284.255s] GC(149)   Other: 0.2ms
[2023-04-09T15:49:09.527+0800][284.255s] GC(149) Eden regions: 253->0(250)
[2023-04-09T15:49:09.527+0800][284.255s] GC(149) Survivor regions: 1->6(32)
[2023-04-09T15:49:09.527+0800][284.255s] GC(149) Old regions: 131->131
[2023-04-09T15:49:09.527+0800][284.255s] GC(149) Humongous regions: 58->58
[2023-04-09T15:49:09.527+0800][284.255s] GC(149) Metaspace: 61477K(63688K)->61477K(63688K) NonClass: 54348K(55676K)->54348K(55676K) Class: 7129K(8012K)->7129K(8012K)
[2023-04-09T15:49:09.527+0800][284.255s] GC(149) Pause Young (Normal) (G1 Evacuation Pause) 441M->193M(512M) 1.960ms
[2023-04-09T15:49:09.527+0800][284.255s] GC(149) User=0.01s Sys=0.00s Real=0.00s
[2023-04-09T15:49:10.143+0800][284.871s] GC(150) Pause Young (Normal) (G1 Evacuation Pause)
[2023-04-09T15:49:10.143+0800][284.871s] GC(150) Using 8 workers of 8 for evacuation
[2023-04-09T15:49:10.156+0800][284.883s] GC(150)   Pre Evacuate Collection Set: 0.0ms
[2023-04-09T15:49:10.156+0800][284.883s] GC(150)   Evacuate Collection Set: 11.7ms
[2023-04-09T15:49:10.156+0800][284.883s] GC(150)   Post Evacuate Collection Set: 0.3ms
[2023-04-09T15:49:10.156+0800][284.884s] GC(150)   Other: 0.2ms
[2023-04-09T15:49:10.156+0800][284.884s] GC(150) Eden regions: 250->0(243)
[2023-04-09T15:49:10.156+0800][284.884s] GC(150) Survivor regions: 6->11(32)
[2023-04-09T15:49:10.156+0800][284.884s] GC(150) Old regions: 131->131
[2023-04-09T15:49:10.156+0800][284.884s] GC(150) Humongous regions: 61->60
[2023-04-09T15:49:10.156+0800][284.884s] GC(150) Metaspace: 61477K(63688K)->61477K(63688K) NonClass: 54348K(55676K)->54348K(55676K) Class: 7129K(8012K)->7129K(8012K)
[2023-04-09T15:49:10.156+0800][284.884s] GC(150) Pause Young (Normal) (G1 Evacuation Pause) 446M->200M(512M) 12.647ms
[2023-04-09T15:49:10.156+0800][284.884s] GC(150) User=0.01s Sys=0.00s Real=0.01s
[2023-04-09T15:49:10.784+0800][285.512s] GC(151) Pause Young (Normal) (G1 Evacuation Pause)
[2023-04-09T15:49:10.784+0800][285.512s] GC(151) Using 8 workers of 8 for evacuation
[2023-04-09T15:49:10.787+0800][285.515s] GC(151)   Pre Evacuate Collection Set: 0.0ms
[2023-04-09T15:49:10.787+0800][285.515s] GC(151)   Evacuate Collection Set: 1.9ms
[2023-04-09T15:49:10.787+0800][285.515s] GC(151)   Post Evacuate Collection Set: 0.3ms
[2023-04-09T15:49:10.787+0800][285.515s] GC(151)   Other: 0.2ms
[2023-04-09T15:49:10.787+0800][285.515s] GC(151) Eden regions: 243->0(238)
[2023-04-09T15:49:10.787+0800][285.515s] GC(151) Survivor regions: 11->11(32)
[2023-04-09T15:49:10.787+0800][285.515s] GC(151) Old regions: 131->131
[2023-04-09T15:49:10.787+0800][285.515s] GC(151) Humongous regions: 78->66
[2023-04-09T15:49:10.787+0800][285.515s] GC(151) Metaspace: 61477K(63688K)->61477K(63688K) NonClass: 54348K(55676K)->54348K(55676K) Class: 7129K(8012K)->7129K(8012K)
[2023-04-09T15:49:10.787+0800][285.515s] GC(151) Pause Young (Normal) (G1 Evacuation Pause) 461M->206M(512M) 2.581ms
[2023-04-09T15:49:10.787+0800][285.515s] GC(151) User=0.00s Sys=0.00s Real=0.00s
[2023-04-09T15:49:11.424+0800][286.151s] GC(152) Pause Young (Normal) (G1 Evacuation Pause)
[2023-04-09T15:49:11.424+0800][286.151s] GC(152) Using 8 workers of 8 for evacuation
[2023-04-09T15:49:11.426+0800][286.154s] GC(152)   Pre Evacuate Collection Set: 0.0ms
[2023-04-09T15:49:11.426+0800][286.154s] GC(152)   Evacuate Collection Set: 2.2ms
[2023-04-09T15:49:11.426+0800][286.154s] GC(152)   Post Evacuate Collection Set: 0.3ms
[2023-04-09T15:49:11.426+0800][286.154s] GC(152)   Other: 0.2ms
[2023-04-09T15:49:11.426+0800][286.154s] GC(152) Eden regions: 238->0(239)
[2023-04-09T15:49:11.426+0800][286.154s] GC(152) Survivor regions: 11->11(32)
[2023-04-09T15:49:11.426+0800][286.154s] GC(152) Old regions: 131->131
[2023-04-09T15:49:11.426+0800][286.154s] GC(152) Humongous regions: 66->66
[2023-04-09T15:49:11.426+0800][286.154s] GC(152) Metaspace: 61477K(63688K)->61477K(63688K) NonClass: 54348K(55676K)->54348K(55676K) Class: 7129K(8012K)->7129K(8012K)
[2023-04-09T15:49:11.426+0800][286.154s] GC(152) Pause Young (Normal) (G1 Evacuation Pause) 444M->206M(512M) 2.870ms
[2023-04-09T15:49:11.426+0800][286.154s] GC(152) User=0.01s Sys=0.01s Real=0.00s
[2023-04-09T15:49:12.279+0800][287.007s] GC(153) Pause Young (Normal) (G1 Evacuation Pause)
[2023-04-09T15:49:12.279+0800][287.007s] GC(153) Using 8 workers of 8 for evacuation
[2023-04-09T15:49:12.281+0800][287.009s] GC(153)   Pre Evacuate Collection Set: 0.0ms
[2023-04-09T15:49:12.281+0800][287.009s] GC(153)   Evacuate Collection Set: 1.6ms
[2023-04-09T15:49:12.281+0800][287.009s] GC(153)   Post Evacuate Collection Set: 0.3ms
[2023-04-09T15:49:12.281+0800][287.009s] GC(153)   Other: 0.2ms
[2023-04-09T15:49:12.281+0800][287.009s] GC(153) Eden regions: 239->0(248)
[2023-04-09T15:49:12.281+0800][287.009s] GC(153) Survivor regions: 11->5(32)
[2023-04-09T15:49:12.281+0800][287.009s] GC(153) Old regions: 131->131
[2023-04-09T15:49:12.281+0800][287.009s] GC(153) Humongous regions: 67->58
[2023-04-09T15:49:12.281+0800][287.009s] GC(153) Metaspace: 61477K(63688K)->61477K(63688K) NonClass: 54348K(55676K)->54348K(55676K) Class: 7129K(8012K)->7129K(8012K)
[2023-04-09T15:49:12.281+0800][287.009s] GC(153) Pause Young (Normal) (G1 Evacuation Pause) 446M->192M(512M) 2.302ms
[2023-04-09T15:49:12.281+0800][287.009s] GC(153) User=0.00s Sys=0.00s Real=0.01s
[2023-04-09T15:49:13.212+0800][287.940s] GC(154) Pause Young (Normal) (G1 Evacuation Pause)
[2023-04-09T15:49:13.212+0800][287.940s] GC(154) Using 8 workers of 8 for evacuation
[2023-04-09T15:49:13.215+0800][287.942s] GC(154)   Pre Evacuate Collection Set: 0.0ms
[2023-04-09T15:49:13.215+0800][287.942s] GC(154)   Evacuate Collection Set: 1.8ms
[2023-04-09T15:49:13.215+0800][287.942s] GC(154)   Post Evacuate Collection Set: 0.3ms
[2023-04-09T15:49:13.215+0800][287.942s] GC(154)   Other: 0.2ms
[2023-04-09T15:49:13.215+0800][287.942s] GC(154) Eden regions: 248->0(243)
[2023-04-09T15:49:13.215+0800][287.942s] GC(154) Survivor regions: 5->10(32)
[2023-04-09T15:49:13.215+0800][287.942s] GC(154) Old regions: 131->131
[2023-04-09T15:49:13.215+0800][287.942s] GC(154) Humongous regions: 61->60
[2023-04-09T15:49:13.215+0800][287.942s] GC(154) Metaspace: 61477K(63688K)->61477K(63688K) NonClass: 54348K(55676K)->54348K(55676K) Class: 7129K(8012K)->7129K(8012K)
[2023-04-09T15:49:13.215+0800][287.942s] GC(154) Pause Young (Normal) (G1 Evacuation Pause) 443M->199M(512M) 2.399ms
[2023-04-09T15:49:13.215+0800][287.942s] GC(154) User=0.01s Sys=0.00s Real=0.00s
[2023-04-09T15:49:13.867+0800][288.595s] GC(155) Pause Young (Normal) (G1 Evacuation Pause)
[2023-04-09T15:49:13.867+0800][288.595s] GC(155) Using 8 workers of 8 for evacuation
[2023-04-09T15:49:13.870+0800][288.597s] GC(155)   Pre Evacuate Collection Set: 0.0ms
[2023-04-09T15:49:13.870+0800][288.597s] GC(155)   Evacuate Collection Set: 1.9ms
[2023-04-09T15:49:13.870+0800][288.597s] GC(155)   Post Evacuate Collection Set: 0.3ms
[2023-04-09T15:49:13.870+0800][288.597s] GC(155)   Other: 0.2ms
[2023-04-09T15:49:13.870+0800][288.597s] GC(155) Eden regions: 243->0(238)
[2023-04-09T15:49:13.870+0800][288.597s] GC(155) Survivor regions: 10->11(32)
[2023-04-09T15:49:13.870+0800][288.597s] GC(155) Old regions: 131->131
[2023-04-09T15:49:13.870+0800][288.597s] GC(155) Humongous regions: 73->66
[2023-04-09T15:49:13.870+0800][288.597s] GC(155) Metaspace: 61477K(63688K)->61477K(63688K) NonClass: 54348K(55676K)->54348K(55676K) Class: 7129K(8012K)->7129K(8012K)
[2023-04-09T15:49:13.870+0800][288.598s] GC(155) Pause Young (Normal) (G1 Evacuation Pause) 455M->206M(512M) 2.711ms
[2023-04-09T15:49:13.870+0800][288.598s] GC(155) User=0.01s Sys=0.00s Real=0.01s
[2023-04-09T15:49:14.627+0800][289.355s] GC(156) Pause Young (Normal) (G1 Evacuation Pause)
[2023-04-09T15:49:14.627+0800][289.355s] GC(156) Using 8 workers of 8 for evacuation
[2023-04-09T15:49:14.630+0800][289.358s] GC(156)   Pre Evacuate Collection Set: 0.0ms
[2023-04-09T15:49:14.630+0800][289.358s] GC(156)   Evacuate Collection Set: 2.8ms
[2023-04-09T15:49:14.630+0800][289.358s] GC(156)   Post Evacuate Collection Set: 0.3ms
[2023-04-09T15:49:14.630+0800][289.358s] GC(156)   Other: 0.3ms
[2023-04-09T15:49:14.631+0800][289.358s] GC(156) Eden regions: 238->0(239)
[2023-04-09T15:49:14.631+0800][289.358s] GC(156) Survivor regions: 11->11(32)
[2023-04-09T15:49:14.631+0800][289.358s] GC(156) Old regions: 131->131
[2023-04-09T15:49:14.631+0800][289.358s] GC(156) Humongous regions: 71->66
[2023-04-09T15:49:14.631+0800][289.358s] GC(156) Metaspace: 61477K(63688K)->61477K(63688K) NonClass: 54348K(55676K)->54348K(55676K) Class: 7129K(8012K)->7129K(8012K)
[2023-04-09T15:49:14.631+0800][289.358s] GC(156) Pause Young (Normal) (G1 Evacuation Pause) 449M->206M(512M) 3.589ms
[2023-04-09T15:49:14.631+0800][289.358s] GC(156) User=0.01s Sys=0.00s Real=0.01s
[2023-04-09T15:49:15.465+0800][290.193s] GC(157) Pause Young (Normal) (G1 Evacuation Pause)
[2023-04-09T15:49:15.465+0800][290.193s] GC(157) Using 8 workers of 8 for evacuation
[2023-04-09T15:49:15.467+0800][290.195s] GC(157)   Pre Evacuate Collection Set: 0.0ms
[2023-04-09T15:49:15.467+0800][290.195s] GC(157)   Evacuate Collection Set: 1.3ms
[2023-04-09T15:49:15.467+0800][290.195s] GC(157)   Post Evacuate Collection Set: 0.3ms
[2023-04-09T15:49:15.467+0800][290.195s] GC(157)   Other: 0.2ms
[2023-04-09T15:49:15.467+0800][290.195s] GC(157) Eden regions: 239->0(250)
[2023-04-09T15:49:15.467+0800][290.195s] GC(157) Survivor regions: 11->4(32)
[2023-04-09T15:49:15.467+0800][290.195s] GC(157) Old regions: 131->131
[2023-04-09T15:49:15.467+0800][290.195s] GC(157) Humongous regions: 67->58
[2023-04-09T15:49:15.467+0800][290.195s] GC(157) Metaspace: 61477K(63688K)->61477K(63688K) NonClass: 54348K(55676K)->54348K(55676K) Class: 7129K(8012K)->7129K(8012K)
[2023-04-09T15:49:15.467+0800][290.195s] GC(157) Pause Young (Normal) (G1 Evacuation Pause) 446M->191M(512M) 1.898ms
[2023-04-09T15:49:15.467+0800][290.195s] GC(157) User=0.01s Sys=0.00s Real=0.00s
[2023-04-09T15:49:16.113+0800][290.841s] GC(158) Pause Young (Normal) (G1 Evacuation Pause)
[2023-04-09T15:49:16.113+0800][290.841s] GC(158) Using 8 workers of 8 for evacuation
[2023-04-09T15:49:16.116+0800][290.843s] GC(158)   Pre Evacuate Collection Set: 0.0ms
[2023-04-09T15:49:16.116+0800][290.843s] GC(158)   Evacuate Collection Set: 2.1ms
[2023-04-09T15:49:16.116+0800][290.843s] GC(158)   Post Evacuate Collection Set: 0.3ms
[2023-04-09T15:49:16.116+0800][290.843s] GC(158)   Other: 0.4ms
[2023-04-09T15:49:16.116+0800][290.843s] GC(158) Eden regions: 250->0(245)
[2023-04-09T15:49:16.116+0800][290.843s] GC(158) Survivor regions: 4->9(32)
[2023-04-09T15:49:16.116+0800][290.843s] GC(158) Old regions: 131->131
[2023-04-09T15:49:16.116+0800][290.843s] GC(158) Humongous regions: 60->59
[2023-04-09T15:49:16.116+0800][290.844s] GC(158) Metaspace: 61477K(63688K)->61477K(63688K) NonClass: 54348K(55676K)->54348K(55676K) Class: 7129K(8012K)->7129K(8012K)
[2023-04-09T15:49:16.116+0800][290.844s] GC(158) Pause Young (Normal) (G1 Evacuation Pause) 443M->197M(512M) 3.053ms
[2023-04-09T15:49:16.116+0800][290.844s] GC(158) User=0.01s Sys=0.00s Real=0.00s
[2023-04-09T15:49:16.794+0800][291.522s] GC(159) Pause Young (Normal) (G1 Evacuation Pause)
[2023-04-09T15:49:16.794+0800][291.522s] GC(159) Using 8 workers of 8 for evacuation
[2023-04-09T15:49:16.806+0800][291.534s] GC(159)   Pre Evacuate Collection Set: 0.0ms
[2023-04-09T15:49:16.806+0800][291.534s] GC(159)   Evacuate Collection Set: 11.9ms
[2023-04-09T15:49:16.806+0800][291.534s] GC(159)   Post Evacuate Collection Set: 0.3ms
[2023-04-09T15:49:16.807+0800][291.534s] GC(159)   Other: 0.2ms
[2023-04-09T15:49:16.807+0800][291.534s] GC(159) Eden regions: 245->0(238)
[2023-04-09T15:49:16.807+0800][291.534s] GC(159) Survivor regions: 9->10(32)
[2023-04-09T15:49:16.807+0800][291.534s] GC(159) Old regions: 131->131
[2023-04-09T15:49:16.807+0800][291.534s] GC(159) Humongous regions: 73->66
[2023-04-09T15:49:16.807+0800][291.534s] GC(159) Metaspace: 61477K(63688K)->61477K(63688K) NonClass: 54348K(55676K)->54348K(55676K) Class: 7129K(8012K)->7129K(8012K)
[2023-04-09T15:49:16.807+0800][291.534s] GC(159) Pause Young (Normal) (G1 Evacuation Pause) 456M->205M(512M) 12.807ms
[2023-04-09T15:49:16.807+0800][291.534s] GC(159) User=0.01s Sys=0.00s Real=0.01s
[2023-04-09T15:49:17.515+0800][292.243s] GC(160) Pause Young (Normal) (G1 Evacuation Pause)
[2023-04-09T15:49:17.515+0800][292.243s] GC(160) Using 8 workers of 8 for evacuation
[2023-04-09T15:49:17.518+0800][292.246s] GC(160)   Pre Evacuate Collection Set: 0.1ms
[2023-04-09T15:49:17.518+0800][292.246s] GC(160)   Evacuate Collection Set: 2.5ms
[2023-04-09T15:49:17.518+0800][292.246s] GC(160)   Post Evacuate Collection Set: 0.3ms
[2023-04-09T15:49:17.519+0800][292.246s] GC(160)   Other: 0.2ms
[2023-04-09T15:49:17.519+0800][292.246s] GC(160) Eden regions: 238->0(238)
[2023-04-09T15:49:17.519+0800][292.246s] GC(160) Survivor regions: 10->10(31)
[2023-04-09T15:49:17.519+0800][292.246s] GC(160) Old regions: 131->131
[2023-04-09T15:49:17.519+0800][292.246s] GC(160) Humongous regions: 71->66
[2023-04-09T15:49:17.519+0800][292.246s] GC(160) Metaspace: 61478K(63688K)->61478K(63688K) NonClass: 54349K(55676K)->54349K(55676K) Class: 7129K(8012K)->7129K(8012K)
[2023-04-09T15:49:17.519+0800][292.246s] GC(160) Pause Young (Normal) (G1 Evacuation Pause) 448M->206M(512M) 3.318ms
[2023-04-09T15:49:17.519+0800][292.246s] GC(160) User=0.01s Sys=0.00s Real=0.00s
[2023-04-09T15:49:18.389+0800][293.117s] GC(161) Pause Young (Normal) (G1 Evacuation Pause)
[2023-04-09T15:49:18.389+0800][293.117s] GC(161) Using 8 workers of 8 for evacuation
[2023-04-09T15:49:18.392+0800][293.119s] GC(161)   Pre Evacuate Collection Set: 0.0ms
[2023-04-09T15:49:18.392+0800][293.119s] GC(161)   Evacuate Collection Set: 1.9ms
[2023-04-09T15:49:18.392+0800][293.119s] GC(161)   Post Evacuate Collection Set: 0.5ms
[2023-04-09T15:49:18.392+0800][293.119s] GC(161)   Other: 0.2ms
[2023-04-09T15:49:18.392+0800][293.119s] GC(161) Eden regions: 238->0(247)
[2023-04-09T15:49:18.392+0800][293.119s] GC(161) Survivor regions: 10->4(31)
[2023-04-09T15:49:18.392+0800][293.119s] GC(161) Old regions: 131->131
[2023-04-09T15:49:18.392+0800][293.119s] GC(161) Humongous regions: 67->58
[2023-04-09T15:49:18.392+0800][293.119s] GC(161) Metaspace: 61478K(63688K)->61478K(63688K) NonClass: 54349K(55676K)->54349K(55676K) Class: 7129K(8012K)->7129K(8012K)
[2023-04-09T15:49:18.392+0800][293.119s] GC(161) Pause Young (Normal) (G1 Evacuation Pause) 445M->191M(512M) 2.819ms
[2023-04-09T15:49:18.392+0800][293.119s] GC(161) User=0.01s Sys=0.00s Real=0.01s
[2023-04-09T15:49:19.019+0800][293.747s] GC(162) Pause Young (Normal) (G1 Evacuation Pause)
[2023-04-09T15:49:19.019+0800][293.747s] GC(162) Using 8 workers of 8 for evacuation
[2023-04-09T15:49:19.022+0800][293.749s] GC(162)   Pre Evacuate Collection Set: 0.0ms
[2023-04-09T15:49:19.022+0800][293.749s] GC(162)   Evacuate Collection Set: 1.9ms
[2023-04-09T15:49:19.022+0800][293.750s] GC(162)   Post Evacuate Collection Set: 0.4ms
[2023-04-09T15:49:19.022+0800][293.750s] GC(162)   Other: 0.2ms
[2023-04-09T15:49:19.022+0800][293.750s] GC(162) Eden regions: 247->0(243)
[2023-04-09T15:49:19.022+0800][293.750s] GC(162) Survivor regions: 4->8(32)
[2023-04-09T15:49:19.022+0800][293.750s] GC(162) Old regions: 131->131
[2023-04-09T15:49:19.022+0800][293.750s] GC(162) Humongous regions: 60->59
[2023-04-09T15:49:19.022+0800][293.750s] GC(162) Metaspace: 61478K(63688K)->61478K(63688K) NonClass: 54349K(55676K)->54349K(55676K) Class: 7129K(8012K)->7129K(8012K)
[2023-04-09T15:49:19.022+0800][293.750s] GC(162) Pause Young (Normal) (G1 Evacuation Pause) 440M->196M(512M) 2.725ms
[2023-04-09T15:49:19.022+0800][293.750s] GC(162) User=0.01s Sys=0.00s Real=0.01s
[2023-04-09T15:49:19.718+0800][294.446s] GC(163) Pause Young (Normal) (G1 Evacuation Pause)
[2023-04-09T15:49:19.718+0800][294.446s] GC(163) Using 8 workers of 8 for evacuation
[2023-04-09T15:49:19.719+0800][294.447s] GC(163)   Pre Evacuate Collection Set: 0.0ms
[2023-04-09T15:49:19.719+0800][294.447s] GC(163)   Evacuate Collection Set: 1.0ms
[2023-04-09T15:49:19.719+0800][294.447s] GC(163)   Post Evacuate Collection Set: 0.3ms
[2023-04-09T15:49:19.719+0800][294.447s] GC(163)   Other: 0.2ms
[2023-04-09T15:49:19.719+0800][294.447s] GC(163) Eden regions: 243->0(239)
[2023-04-09T15:49:19.719+0800][294.447s] GC(163) Survivor regions: 8->9(32)
[2023-04-09T15:49:19.720+0800][294.447s] GC(163) Old regions: 131->131
[2023-04-09T15:49:19.720+0800][294.447s] GC(163) Humongous regions: 65->65
[2023-04-09T15:49:19.720+0800][294.447s] GC(163) Metaspace: 61478K(63688K)->61478K(63688K) NonClass: 54349K(55676K)->54349K(55676K) Class: 7129K(8012K)->7129K(8012K)
[2023-04-09T15:49:19.720+0800][294.447s] GC(163) Pause Young (Normal) (G1 Evacuation Pause) 445M->204M(512M) 1.665ms
[2023-04-09T15:49:19.720+0800][294.447s] GC(163) User=0.01s Sys=0.00s Real=0.01s
[2023-04-09T15:49:20.485+0800][295.213s] GC(164) Pause Young (Normal) (G1 Evacuation Pause)
[2023-04-09T15:49:20.485+0800][295.213s] GC(164) Using 8 workers of 8 for evacuation
[2023-04-09T15:49:20.487+0800][295.215s] GC(164)   Pre Evacuate Collection Set: 0.0ms
[2023-04-09T15:49:20.487+0800][295.215s] GC(164)   Evacuate Collection Set: 1.8ms
[2023-04-09T15:49:20.487+0800][295.215s] GC(164)   Post Evacuate Collection Set: 0.3ms
[2023-04-09T15:49:20.487+0800][295.215s] GC(164)   Other: 0.2ms
[2023-04-09T15:49:20.487+0800][295.215s] GC(164) Eden regions: 239->0(238)
[2023-04-09T15:49:20.487+0800][295.215s] GC(164) Survivor regions: 9->10(31)
[2023-04-09T15:49:20.487+0800][295.215s] GC(164) Old regions: 131->131
[2023-04-09T15:49:20.488+0800][295.215s] GC(164) Humongous regions: 78->66
[2023-04-09T15:49:20.488+0800][295.215s] GC(164) Metaspace: 61478K(63688K)->61478K(63688K) NonClass: 54349K(55676K)->54349K(55676K) Class: 7129K(8012K)->7129K(8012K)
[2023-04-09T15:49:20.488+0800][295.215s] GC(164) Pause Young (Normal) (G1 Evacuation Pause) 456M->206M(512M) 2.436ms
[2023-04-09T15:49:20.488+0800][295.215s] GC(164) User=0.01s Sys=0.00s Real=0.00s
[2023-04-09T15:49:21.251+0800][295.979s] GC(165) Pause Young (Normal) (G1 Evacuation Pause)
[2023-04-09T15:49:21.251+0800][295.979s] GC(165) Using 8 workers of 8 for evacuation
[2023-04-09T15:49:21.253+0800][295.981s] GC(165)   Pre Evacuate Collection Set: 0.0ms
[2023-04-09T15:49:21.254+0800][295.981s] GC(165)   Evacuate Collection Set: 1.8ms
[2023-04-09T15:49:21.254+0800][295.981s] GC(165)   Post Evacuate Collection Set: 0.3ms
[2023-04-09T15:49:21.254+0800][295.981s] GC(165)   Other: 0.3ms
[2023-04-09T15:49:21.254+0800][295.981s] GC(165) Eden regions: 238->0(248)
[2023-04-09T15:49:21.254+0800][295.981s] GC(165) Survivor regions: 10->3(31)
[2023-04-09T15:49:21.254+0800][295.981s] GC(165) Old regions: 131->131
[2023-04-09T15:49:21.254+0800][295.981s] GC(165) Humongous regions: 66->57
[2023-04-09T15:49:21.254+0800][295.981s] GC(165) Metaspace: 61479K(63688K)->61479K(63688K) NonClass: 54350K(55676K)->54350K(55676K) Class: 7129K(8012K)->7129K(8012K)
[2023-04-09T15:49:21.254+0800][295.981s] GC(165) Pause Young (Normal) (G1 Evacuation Pause) 444M->189M(512M) 2.645ms
[2023-04-09T15:49:21.254+0800][295.981s] GC(165) User=0.01s Sys=0.00s Real=0.00s
[2023-04-09T15:49:21.918+0800][296.645s] GC(166) Pause Young (Normal) (G1 Evacuation Pause)
[2023-04-09T15:49:21.918+0800][296.645s] GC(166) Using 8 workers of 8 for evacuation
[2023-04-09T15:49:21.920+0800][296.648s] GC(166)   Pre Evacuate Collection Set: 0.0ms
[2023-04-09T15:49:21.920+0800][296.648s] GC(166)   Evacuate Collection Set: 2.1ms
[2023-04-09T15:49:21.920+0800][296.648s] GC(166)   Post Evacuate Collection Set: 0.4ms
[2023-04-09T15:49:21.920+0800][296.648s] GC(166)   Other: 0.2ms
[2023-04-09T15:49:21.920+0800][296.648s] GC(166) Eden regions: 248->0(244)
[2023-04-09T15:49:21.921+0800][296.648s] GC(166) Survivor regions: 3->7(32)
[2023-04-09T15:49:21.921+0800][296.648s] GC(166) Old regions: 131->131
[2023-04-09T15:49:21.921+0800][296.648s] GC(166) Humongous regions: 60->59
[2023-04-09T15:49:21.921+0800][296.648s] GC(166) Metaspace: 61479K(63688K)->61479K(63688K) NonClass: 54350K(55676K)->54350K(55676K) Class: 7129K(8012K)->7129K(8012K)
[2023-04-09T15:49:21.921+0800][296.648s] GC(166) Pause Young (Normal) (G1 Evacuation Pause) 440M->196M(512M) 3.206ms
[2023-04-09T15:49:21.921+0800][296.648s] GC(166) User=0.01s Sys=0.00s Real=0.01s
[2023-04-09T15:49:22.618+0800][297.346s] GC(167) Pause Young (Normal) (G1 Evacuation Pause)
[2023-04-09T15:49:22.618+0800][297.346s] GC(167) Using 8 workers of 8 for evacuation
[2023-04-09T15:49:22.621+0800][297.348s] GC(167)   Pre Evacuate Collection Set: 0.0ms
[2023-04-09T15:49:22.621+0800][297.348s] GC(167)   Evacuate Collection Set: 1.9ms
[2023-04-09T15:49:22.621+0800][297.348s] GC(167)   Post Evacuate Collection Set: 0.3ms
[2023-04-09T15:49:22.621+0800][297.348s] GC(167)   Other: 0.2ms
[2023-04-09T15:49:22.621+0800][297.348s] GC(167) Eden regions: 244->0(240)
[2023-04-09T15:49:22.621+0800][297.348s] GC(167) Survivor regions: 7->9(32)
[2023-04-09T15:49:22.621+0800][297.348s] GC(167) Old regions: 131->131
[2023-04-09T15:49:22.621+0800][297.348s] GC(167) Humongous regions: 65->65
[2023-04-09T15:49:22.621+0800][297.349s] GC(167) Metaspace: 61479K(63688K)->61479K(63688K) NonClass: 54350K(55676K)->54350K(55676K) Class: 7129K(8012K)->7129K(8012K)
[2023-04-09T15:49:22.621+0800][297.349s] GC(167) Pause Young (Normal) (G1 Evacuation Pause) 446M->203M(512M) 2.588ms
[2023-04-09T15:49:22.621+0800][297.349s] GC(167) User=0.01s Sys=0.00s Real=0.01s
[2023-04-09T15:49:23.462+0800][298.189s] GC(168) Pause Young (Normal) (G1 Evacuation Pause)
[2023-04-09T15:49:23.462+0800][298.189s] GC(168) Using 8 workers of 8 for evacuation
[2023-04-09T15:49:23.464+0800][298.191s] GC(168)   Pre Evacuate Collection Set: 0.0ms
[2023-04-09T15:49:23.464+0800][298.191s] GC(168)   Evacuate Collection Set: 1.6ms
[2023-04-09T15:49:23.464+0800][298.191s] GC(168)   Post Evacuate Collection Set: 0.3ms
[2023-04-09T15:49:23.464+0800][298.191s] GC(168)   Other: 0.2ms
[2023-04-09T15:49:23.464+0800][298.191s] GC(168) Eden regions: 240->0(238)
[2023-04-09T15:49:23.464+0800][298.191s] GC(168) Survivor regions: 9->10(32)
[2023-04-09T15:49:23.464+0800][298.191s] GC(168) Old regions: 131->131
[2023-04-09T15:49:23.464+0800][298.191s] GC(168) Humongous regions: 78->66
[2023-04-09T15:49:23.464+0800][298.191s] GC(168) Metaspace: 61481K(63688K)->61481K(63688K) NonClass: 54352K(55676K)->54352K(55676K) Class: 7129K(8012K)->7129K(8012K)
[2023-04-09T15:49:23.464+0800][298.191s] GC(168) Pause Young (Normal) (G1 Evacuation Pause) 456M->206M(512M) 2.215ms
[2023-04-09T15:49:23.464+0800][298.192s] GC(168) User=0.01s Sys=0.00s Real=0.00s
[2023-04-09T15:49:24.118+0800][298.846s] GC(169) Pause Young (Normal) (G1 Evacuation Pause)
[2023-04-09T15:49:24.118+0800][298.846s] GC(169) Using 8 workers of 8 for evacuation
[2023-04-09T15:49:24.120+0800][298.848s] GC(169)   Pre Evacuate Collection Set: 0.0ms
[2023-04-09T15:49:24.120+0800][298.848s] GC(169)   Evacuate Collection Set: 1.2ms
[2023-04-09T15:49:24.120+0800][298.848s] GC(169)   Post Evacuate Collection Set: 0.3ms
[2023-04-09T15:49:24.120+0800][298.848s] GC(169)   Other: 0.2ms
[2023-04-09T15:49:24.120+0800][298.848s] GC(169) Eden regions: 238->0(248)
[2023-04-09T15:49:24.120+0800][298.848s] GC(169) Survivor regions: 10->2(31)
[2023-04-09T15:49:24.120+0800][298.848s] GC(169) Old regions: 131->131
[2023-04-09T15:49:24.120+0800][298.848s] GC(169) Humongous regions: 66->57
[2023-04-09T15:49:24.120+0800][298.848s] GC(169) Metaspace: 61481K(63688K)->61481K(63688K) NonClass: 54352K(55676K)->54352K(55676K) Class: 7129K(8012K)->7129K(8012K)
[2023-04-09T15:49:24.120+0800][298.848s] GC(169) Pause Young (Normal) (G1 Evacuation Pause) 444M->188M(512M) 1.822ms
[2023-04-09T15:49:24.120+0800][298.848s] GC(169) User=0.01s Sys=0.00s Real=0.01s
[2023-04-09T15:49:24.819+0800][299.546s] GC(170) Pause Young (Normal) (G1 Evacuation Pause)
[2023-04-09T15:49:24.819+0800][299.547s] GC(170) Using 8 workers of 8 for evacuation
[2023-04-09T15:49:24.821+0800][299.549s] GC(170)   Pre Evacuate Collection Set: 0.0ms
[2023-04-09T15:49:24.821+0800][299.549s] GC(170)   Evacuate Collection Set: 1.7ms
[2023-04-09T15:49:24.821+0800][299.549s] GC(170)   Post Evacuate Collection Set: 0.3ms
[2023-04-09T15:49:24.821+0800][299.549s] GC(170)   Other: 0.2ms
[2023-04-09T15:49:24.821+0800][299.549s] GC(170) Eden regions: 248->0(245)
[2023-04-09T15:49:24.821+0800][299.549s] GC(170) Survivor regions: 2->7(32)
[2023-04-09T15:49:24.821+0800][299.549s] GC(170) Old regions: 131->131
[2023-04-09T15:49:24.821+0800][299.549s] GC(170) Humongous regions: 60->59
[2023-04-09T15:49:24.821+0800][299.549s] GC(170) Metaspace: 61481K(63688K)->61481K(63688K) NonClass: 54352K(55676K)->54352K(55676K) Class: 7129K(8012K)->7129K(8012K)
[2023-04-09T15:49:24.821+0800][299.549s] GC(170) Pause Young (Normal) (G1 Evacuation Pause) 439M->195M(512M) 2.609ms
[2023-04-09T15:49:24.822+0800][299.549s] GC(170) User=0.01s Sys=0.00s Real=0.01s
[2023-04-09T15:49:25.672+0800][300.399s] GC(171) Pause Young (Normal) (G1 Evacuation Pause)
[2023-04-09T15:49:25.672+0800][300.399s] GC(171) Using 8 workers of 8 for evacuation
[2023-04-09T15:49:25.675+0800][300.403s] GC(171)   Pre Evacuate Collection Set: 0.0ms
[2023-04-09T15:49:25.675+0800][300.403s] GC(171)   Evacuate Collection Set: 3.1ms
[2023-04-09T15:49:25.675+0800][300.403s] GC(171)   Post Evacuate Collection Set: 0.3ms
[2023-04-09T15:49:25.675+0800][300.403s] GC(171)   Other: 0.2ms
[2023-04-09T15:49:25.675+0800][300.403s] GC(171) Eden regions: 245->0(242)
[2023-04-09T15:49:25.676+0800][300.403s] GC(171) Survivor regions: 7->11(32)
[2023-04-09T15:49:25.676+0800][300.403s] GC(171) Old regions: 131->131
[2023-04-09T15:49:25.676+0800][300.403s] GC(171) Humongous regions: 60->60
[2023-04-09T15:49:25.676+0800][300.403s] GC(171) Metaspace: 61481K(63688K)->61481K(63688K) NonClass: 54352K(55676K)->54352K(55676K) Class: 7129K(8012K)->7129K(8012K)
[2023-04-09T15:49:25.676+0800][300.403s] GC(171) Pause Young (Normal) (G1 Evacuation Pause) 441M->200M(512M) 3.844ms
[2023-04-09T15:49:25.676+0800][300.403s] GC(171) User=0.02s Sys=0.01s Real=0.00s
[2023-04-09T15:49:26.846+0800][301.573s] GC(172) Pause Young (Normal) (G1 Evacuation Pause)
[2023-04-09T15:49:26.846+0800][301.574s] GC(172) Using 8 workers of 8 for evacuation
[2023-04-09T15:49:26.859+0800][301.586s] GC(172)   Pre Evacuate Collection Set: 0.0ms
[2023-04-09T15:49:26.859+0800][301.586s] GC(172)   Evacuate Collection Set: 11.8ms
[2023-04-09T15:49:26.859+0800][301.586s] GC(172)   Post Evacuate Collection Set: 0.4ms
[2023-04-09T15:49:26.859+0800][301.586s] GC(172)   Other: 0.6ms
[2023-04-09T15:49:26.859+0800][301.586s] GC(172) Eden regions: 242->0(238)
[2023-04-09T15:49:26.859+0800][301.586s] GC(172) Survivor regions: 11->10(32)
[2023-04-09T15:49:26.859+0800][301.586s] GC(172) Old regions: 131->131
[2023-04-09T15:49:26.859+0800][301.586s] GC(172) Humongous regions: 78->66
[2023-04-09T15:49:26.859+0800][301.586s] GC(172) Metaspace: 61483K(63688K)->61483K(63688K) NonClass: 54353K(55676K)->54353K(55676K) Class: 7129K(8012K)->7129K(8012K)
[2023-04-09T15:49:26.859+0800][301.587s] GC(172) Pause Young (Normal) (G1 Evacuation Pause) 460M->206M(512M) 13.068ms
[2023-04-09T15:49:26.859+0800][301.587s] GC(172) User=0.02s Sys=0.00s Real=0.01s
[2023-04-09T15:49:27.591+0800][302.318s] GC(173) Pause Young (Normal) (G1 Evacuation Pause)
[2023-04-09T15:49:27.591+0800][302.318s] GC(173) Using 8 workers of 8 for evacuation
[2023-04-09T15:49:27.592+0800][302.319s] GC(173)   Pre Evacuate Collection Set: 0.0ms
[2023-04-09T15:49:27.592+0800][302.320s] GC(173)   Evacuate Collection Set: 0.9ms
[2023-04-09T15:49:27.592+0800][302.320s] GC(173)   Post Evacuate Collection Set: 0.3ms
[2023-04-09T15:49:27.592+0800][302.320s] GC(173)   Other: 0.2ms
[2023-04-09T15:49:27.592+0800][302.320s] GC(173) Eden regions: 238->0(251)
[2023-04-09T15:49:27.592+0800][302.320s] GC(173) Survivor regions: 10->1(31)
[2023-04-09T15:49:27.592+0800][302.320s] GC(173) Old regions: 131->131
[2023-04-09T15:49:27.592+0800][302.320s] GC(173) Humongous regions: 66->57
[2023-04-09T15:49:27.592+0800][302.320s] GC(173) Metaspace: 61483K(63688K)->61483K(63688K) NonClass: 54353K(55676K)->54353K(55676K) Class: 7129K(8012K)->7129K(8012K)
[2023-04-09T15:49:27.592+0800][302.320s] GC(173) Pause Young (Normal) (G1 Evacuation Pause) 444M->188M(512M) 1.469ms
[2023-04-09T15:49:27.592+0800][302.320s] GC(173) User=0.01s Sys=0.00s Real=0.00s
[2023-04-09T15:49:28.216+0800][302.943s] GC(174) Pause Young (Normal) (G1 Evacuation Pause)
[2023-04-09T15:49:28.216+0800][302.943s] GC(174) Using 8 workers of 8 for evacuation
[2023-04-09T15:49:28.218+0800][302.946s] GC(174)   Pre Evacuate Collection Set: 0.0ms
[2023-04-09T15:49:28.218+0800][302.946s] GC(174)   Evacuate Collection Set: 1.8ms
[2023-04-09T15:49:28.218+0800][302.946s] GC(174)   Post Evacuate Collection Set: 0.3ms
[2023-04-09T15:49:28.218+0800][302.946s] GC(174)   Other: 0.2ms
[2023-04-09T15:49:28.218+0800][302.946s] GC(174) Eden regions: 251->0(247)
[2023-04-09T15:49:28.218+0800][302.946s] GC(174) Survivor regions: 1->6(32)
[2023-04-09T15:49:28.218+0800][302.946s] GC(174) Old regions: 131->131
[2023-04-09T15:49:28.218+0800][302.946s] GC(174) Humongous regions: 58->58
[2023-04-09T15:49:28.218+0800][302.946s] GC(174) Metaspace: 61483K(63688K)->61483K(63688K) NonClass: 54353K(55676K)->54353K(55676K) Class: 7129K(8012K)->7129K(8012K)
[2023-04-09T15:49:28.218+0800][302.946s] GC(174) Pause Young (Normal) (G1 Evacuation Pause) 440M->193M(512M) 2.459ms
[2023-04-09T15:49:28.218+0800][302.946s] GC(174) User=0.01s Sys=0.00s Real=0.00s
[2023-04-09T15:49:28.822+0800][303.550s] GC(175) Pause Young (Normal) (G1 Evacuation Pause)
[2023-04-09T15:49:28.822+0800][303.550s] GC(175) Using 8 workers of 8 for evacuation
[2023-04-09T15:49:28.825+0800][303.553s] GC(175)   Pre Evacuate Collection Set: 0.0ms
[2023-04-09T15:49:28.825+0800][303.553s] GC(175)   Evacuate Collection Set: 2.3ms
[2023-04-09T15:49:28.825+0800][303.553s] GC(175)   Post Evacuate Collection Set: 0.3ms
[2023-04-09T15:49:28.825+0800][303.553s] GC(175)   Other: 0.2ms
[2023-04-09T15:49:28.825+0800][303.553s] GC(175) Eden regions: 247->0(243)
[2023-04-09T15:49:28.825+0800][303.553s] GC(175) Survivor regions: 6->10(32)
[2023-04-09T15:49:28.825+0800][303.553s] GC(175) Old regions: 131->131
[2023-04-09T15:49:28.825+0800][303.553s] GC(175) Humongous regions: 61->60
[2023-04-09T15:49:28.825+0800][303.553s] GC(175) Metaspace: 61483K(63688K)->61483K(63688K) NonClass: 54353K(55676K)->54353K(55676K) Class: 7129K(8012K)->7129K(8012K)
[2023-04-09T15:49:28.825+0800][303.553s] GC(175) Pause Young (Normal) (G1 Evacuation Pause) 443M->199M(512M) 3.012ms
[2023-04-09T15:49:28.825+0800][303.553s] GC(175) User=0.01s Sys=0.00s Real=0.00s
[2023-04-09T15:49:29.683+0800][304.411s] GC(176) Pause Young (Normal) (G1 Evacuation Pause)
[2023-04-09T15:49:29.683+0800][304.411s] GC(176) Using 8 workers of 8 for evacuation
[2023-04-09T15:49:29.686+0800][304.413s] GC(176)   Pre Evacuate Collection Set: 0.0ms
[2023-04-09T15:49:29.686+0800][304.413s] GC(176)   Evacuate Collection Set: 2.1ms
[2023-04-09T15:49:29.686+0800][304.413s] GC(176)   Post Evacuate Collection Set: 0.3ms
[2023-04-09T15:49:29.686+0800][304.413s] GC(176)   Other: 0.2ms
[2023-04-09T15:49:29.686+0800][304.414s] GC(176) Eden regions: 243->0(236)
[2023-04-09T15:49:29.686+0800][304.414s] GC(176) Survivor regions: 10->12(32)
[2023-04-09T15:49:29.686+0800][304.414s] GC(176) Old regions: 131->131
[2023-04-09T15:49:29.686+0800][304.414s] GC(176) Humongous regions: 78->66
[2023-04-09T15:49:29.686+0800][304.414s] GC(176) Metaspace: 61483K(63688K)->61483K(63688K) NonClass: 54353K(55676K)->54353K(55676K) Class: 7129K(8012K)->7129K(8012K)
[2023-04-09T15:49:29.686+0800][304.414s] GC(176) Pause Young (Normal) (G1 Evacuation Pause) 460M->207M(512M) 2.862ms
[2023-04-09T15:49:29.686+0800][304.414s] GC(176) User=0.02s Sys=0.00s Real=0.00s
[2023-04-09T15:49:30.466+0800][305.193s] GC(177) Pause Young (Normal) (G1 Evacuation Pause)
[2023-04-09T15:49:30.466+0800][305.193s] GC(177) Using 8 workers of 8 for evacuation
[2023-04-09T15:49:30.467+0800][305.195s] GC(177)   Pre Evacuate Collection Set: 0.0ms
[2023-04-09T15:49:30.467+0800][305.195s] GC(177)   Evacuate Collection Set: 1.0ms
[2023-04-09T15:49:30.467+0800][305.195s] GC(177)   Post Evacuate Collection Set: 0.3ms
[2023-04-09T15:49:30.467+0800][305.195s] GC(177)   Other: 0.2ms
[2023-04-09T15:49:30.467+0800][305.195s] GC(177) Eden regions: 236->0(239)
[2023-04-09T15:49:30.467+0800][305.195s] GC(177) Survivor regions: 12->11(31)
[2023-04-09T15:49:30.467+0800][305.195s] GC(177) Old regions: 131->131
[2023-04-09T15:49:30.467+0800][305.195s] GC(177) Humongous regions: 66->66
[2023-04-09T15:49:30.467+0800][305.195s] GC(177) Metaspace: 61483K(63688K)->61483K(63688K) NonClass: 54354K(55676K)->54354K(55676K) Class: 7129K(8012K)->7129K(8012K)
[2023-04-09T15:49:30.467+0800][305.195s] GC(177) Pause Young (Normal) (G1 Evacuation Pause) 443M->206M(512M) 1.751ms
[2023-04-09T15:49:30.467+0800][305.195s] GC(177) User=0.00s Sys=0.00s Real=0.00s
[2023-04-09T15:49:31.388+0800][306.116s] GC(178) Pause Young (Normal) (G1 Evacuation Pause)
[2023-04-09T15:49:31.389+0800][306.116s] GC(178) Using 8 workers of 8 for evacuation
[2023-04-09T15:49:31.392+0800][306.119s] GC(178)   Pre Evacuate Collection Set: 0.0ms
[2023-04-09T15:49:31.392+0800][306.119s] GC(178)   Evacuate Collection Set: 2.7ms
[2023-04-09T15:49:31.392+0800][306.119s] GC(178)   Post Evacuate Collection Set: 0.3ms
[2023-04-09T15:49:31.392+0800][306.119s] GC(178)   Other: 0.2ms
[2023-04-09T15:49:31.392+0800][306.119s] GC(178) Eden regions: 239->0(247)
[2023-04-09T15:49:31.392+0800][306.119s] GC(178) Survivor regions: 11->5(32)
[2023-04-09T15:49:31.392+0800][306.119s] GC(178) Old regions: 131->131
[2023-04-09T15:49:31.392+0800][306.119s] GC(178) Humongous regions: 67->58
[2023-04-09T15:49:31.392+0800][306.119s] GC(178) Metaspace: 61492K(63688K)->61492K(63688K) NonClass: 54362K(55676K)->54362K(55676K) Class: 7129K(8012K)->7129K(8012K)
[2023-04-09T15:49:31.392+0800][306.119s] GC(178) Pause Young (Normal) (G1 Evacuation Pause) 446M->192M(512M) 3.472ms
[2023-04-09T15:49:31.392+0800][306.120s] GC(178) User=0.01s Sys=0.00s Real=0.01s
[2023-04-09T15:49:31.712+0800][306.440s] GC(179) Pause Young (Normal) (G1 Evacuation Pause)
[2023-04-09T15:49:31.712+0800][306.440s] GC(179) Using 8 workers of 8 for evacuation
[2023-04-09T15:49:31.714+0800][306.442s] GC(179)   Pre Evacuate Collection Set: 0.0ms
[2023-04-09T15:49:31.714+0800][306.442s] GC(179)   Evacuate Collection Set: 1.6ms
[2023-04-09T15:49:31.714+0800][306.442s] GC(179)   Post Evacuate Collection Set: 0.4ms
[2023-04-09T15:49:31.714+0800][306.442s] GC(179)   Other: 0.2ms
[2023-04-09T15:49:31.714+0800][306.442s] GC(179) Eden regions: 247->0(247)
[2023-04-09T15:49:31.714+0800][306.442s] GC(179) Survivor regions: 5->7(32)
[2023-04-09T15:49:31.714+0800][306.442s] GC(179) Old regions: 131->131
[2023-04-09T15:49:31.714+0800][306.442s] GC(179) Humongous regions: 58->58
[2023-04-09T15:49:31.715+0800][306.442s] GC(179) Metaspace: 61492K(63688K)->61492K(63688K) NonClass: 54362K(55676K)->54362K(55676K) Class: 7129K(8012K)->7129K(8012K)
[2023-04-09T15:49:31.715+0800][306.442s] GC(179) Pause Young (Normal) (G1 Evacuation Pause) 439M->194M(512M) 2.405ms
[2023-04-09T15:49:31.715+0800][306.442s] GC(179) User=0.01s Sys=0.00s Real=0.00s
[2023-04-09T15:49:32.041+0800][306.769s] GC(180) Pause Young (Normal) (G1 Evacuation Pause)
[2023-04-09T15:49:32.041+0800][306.769s] GC(180) Using 8 workers of 8 for evacuation
[2023-04-09T15:49:32.054+0800][306.781s] GC(180)   Pre Evacuate Collection Set: 0.0ms
[2023-04-09T15:49:32.054+0800][306.781s] GC(180)   Evacuate Collection Set: 11.9ms
[2023-04-09T15:49:32.054+0800][306.782s] GC(180)   Post Evacuate Collection Set: 0.4ms
[2023-04-09T15:49:32.054+0800][306.782s] GC(180)   Other: 0.2ms
[2023-04-09T15:49:32.054+0800][306.782s] GC(180) Eden regions: 247->0(246)
[2023-04-09T15:49:32.054+0800][306.782s] GC(180) Survivor regions: 7->9(32)
[2023-04-09T15:49:32.054+0800][306.782s] GC(180) Old regions: 131->131
[2023-04-09T15:49:32.054+0800][306.782s] GC(180) Humongous regions: 60->59
[2023-04-09T15:49:32.054+0800][306.782s] GC(180) Metaspace: 61492K(63688K)->61492K(63688K) NonClass: 54362K(55676K)->54362K(55676K) Class: 7129K(8012K)->7129K(8012K)
[2023-04-09T15:49:32.054+0800][306.782s] GC(180) Pause Young (Normal) (G1 Evacuation Pause) 443M->197M(512M) 12.732ms
[2023-04-09T15:49:32.054+0800][306.782s] GC(180) User=0.01s Sys=0.00s Real=0.01s
[2023-04-09T15:49:32.359+0800][307.086s] GC(181) Pause Young (Normal) (G1 Evacuation Pause)
[2023-04-09T15:49:32.359+0800][307.087s] GC(181) Using 8 workers of 8 for evacuation
[2023-04-09T15:49:32.362+0800][307.089s] GC(181)   Pre Evacuate Collection Set: 0.0ms
[2023-04-09T15:49:32.362+0800][307.089s] GC(181)   Evacuate Collection Set: 2.1ms
[2023-04-09T15:49:32.362+0800][307.089s] GC(181)   Post Evacuate Collection Set: 0.3ms
[2023-04-09T15:49:32.362+0800][307.089s] GC(181)   Other: 0.2ms
[2023-04-09T15:49:32.362+0800][307.089s] GC(181) Eden regions: 246->0(245)
[2023-04-09T15:49:32.362+0800][307.089s] GC(181) Survivor regions: 9->11(32)
[2023-04-09T15:49:32.362+0800][307.089s] GC(181) Old regions: 131->131
[2023-04-09T15:49:32.362+0800][307.089s] GC(181) Humongous regions: 59->59
[2023-04-09T15:49:32.362+0800][307.089s] GC(181) Metaspace: 61492K(63688K)->61492K(63688K) NonClass: 54362K(55676K)->54362K(55676K) Class: 7129K(8012K)->7129K(8012K)
[2023-04-09T15:49:32.362+0800][307.089s] GC(181) Pause Young (Normal) (G1 Evacuation Pause) 443M->199M(512M) 2.864ms
[2023-04-09T15:49:32.362+0800][307.089s] GC(181) User=0.01s Sys=0.00s Real=0.01s
[2023-04-09T15:49:32.721+0800][307.448s] GC(182) Pause Young (Normal) (G1 Evacuation Pause)
[2023-04-09T15:49:32.721+0800][307.448s] GC(182) Using 8 workers of 8 for evacuation
[2023-04-09T15:49:32.723+0800][307.451s] GC(182)   Pre Evacuate Collection Set: 0.0ms
[2023-04-09T15:49:32.723+0800][307.451s] GC(182)   Evacuate Collection Set: 2.0ms
[2023-04-09T15:49:32.723+0800][307.451s] GC(182)   Post Evacuate Collection Set: 0.3ms
[2023-04-09T15:49:32.723+0800][307.451s] GC(182)   Other: 0.2ms
[2023-04-09T15:49:32.723+0800][307.451s] GC(182) Eden regions: 245->0(241)
[2023-04-09T15:49:32.723+0800][307.451s] GC(182) Survivor regions: 11->10(32)
[2023-04-09T15:49:32.723+0800][307.451s] GC(182) Old regions: 131->131
[2023-04-09T15:49:32.723+0800][307.451s] GC(182) Humongous regions: 65->65
[2023-04-09T15:49:32.723+0800][307.451s] GC(182) Metaspace: 61492K(63688K)->61492K(63688K) NonClass: 54362K(55676K)->54362K(55676K) Class: 7129K(8012K)->7129K(8012K)
[2023-04-09T15:49:32.723+0800][307.451s] GC(182) Pause Young (Normal) (G1 Evacuation Pause) 450M->204M(512M) 2.642ms
[2023-04-09T15:49:32.723+0800][307.451s] GC(182) User=0.01s Sys=0.00s Real=0.00s
[2023-04-09T15:49:33.115+0800][307.842s] GC(183) Pause Young (Normal) (G1 Evacuation Pause)
[2023-04-09T15:49:33.115+0800][307.842s] GC(183) Using 8 workers of 8 for evacuation
[2023-04-09T15:49:33.118+0800][307.845s] GC(183)   Pre Evacuate Collection Set: 0.0ms
[2023-04-09T15:49:33.118+0800][307.845s] GC(183)   Evacuate Collection Set: 2.5ms
[2023-04-09T15:49:33.118+0800][307.845s] GC(183)   Post Evacuate Collection Set: 0.3ms
[2023-04-09T15:49:33.118+0800][307.845s] GC(183)   Other: 0.2ms
[2023-04-09T15:49:33.118+0800][307.845s] GC(183) Eden regions: 241->0(239)
[2023-04-09T15:49:33.118+0800][307.845s] GC(183) Survivor regions: 10->12(32)
[2023-04-09T15:49:33.118+0800][307.845s] GC(183) Old regions: 131->131
[2023-04-09T15:49:33.118+0800][307.845s] GC(183) Humongous regions: 73->66
[2023-04-09T15:49:33.118+0800][307.845s] GC(183) Metaspace: 61492K(63688K)->61492K(63688K) NonClass: 54362K(55676K)->54362K(55676K) Class: 7129K(8012K)->7129K(8012K)
[2023-04-09T15:49:33.118+0800][307.845s] GC(183) Pause Young (Normal) (G1 Evacuation Pause) 453M->207M(512M) 3.208ms
[2023-04-09T15:49:33.118+0800][307.845s] GC(183) User=0.01s Sys=0.00s Real=0.00s
[2023-04-09T15:49:33.656+0800][308.384s] GC(184) Pause Young (Normal) (G1 Evacuation Pause)
[2023-04-09T15:49:33.656+0800][308.384s] GC(184) Using 8 workers of 8 for evacuation
[2023-04-09T15:49:33.660+0800][308.387s] GC(184)   Pre Evacuate Collection Set: 0.0ms
[2023-04-09T15:49:33.660+0800][308.387s] GC(184)   Evacuate Collection Set: 3.2ms
[2023-04-09T15:49:33.660+0800][308.387s] GC(184)   Post Evacuate Collection Set: 0.3ms
[2023-04-09T15:49:33.660+0800][308.387s] GC(184)   Other: 0.2ms
[2023-04-09T15:49:33.660+0800][308.387s] GC(184) Eden regions: 239->0(239)
[2023-04-09T15:49:33.660+0800][308.387s] GC(184) Survivor regions: 12->12(32)
[2023-04-09T15:49:33.660+0800][308.387s] GC(184) Old regions: 131->131
[2023-04-09T15:49:33.660+0800][308.387s] GC(184) Humongous regions: 71->66
[2023-04-09T15:49:33.660+0800][308.387s] GC(184) Metaspace: 61492K(63688K)->61492K(63688K) NonClass: 54362K(55676K)->54362K(55676K) Class: 7129K(8012K)->7129K(8012K)
[2023-04-09T15:49:33.660+0800][308.387s] GC(184) Pause Young (Normal) (G1 Evacuation Pause) 451M->207M(512M) 3.891ms
[2023-04-09T15:49:33.660+0800][308.387s] GC(184) User=0.01s Sys=0.00s Real=0.01s
[2023-04-09T15:49:33.945+0800][308.673s] GC(185) Pause Young (Normal) (G1 Evacuation Pause)
[2023-04-09T15:49:33.945+0800][308.673s] GC(185) Using 8 workers of 8 for evacuation
[2023-04-09T15:49:33.953+0800][308.680s] GC(185)   Pre Evacuate Collection Set: 0.0ms
[2023-04-09T15:49:33.953+0800][308.680s] GC(185)   Evacuate Collection Set: 6.9ms
[2023-04-09T15:49:33.953+0800][308.680s] GC(185)   Post Evacuate Collection Set: 0.3ms
[2023-04-09T15:49:33.953+0800][308.680s] GC(185)   Other: 0.2ms
[2023-04-09T15:49:33.953+0800][308.680s] GC(185) Eden regions: 239->0(239)
[2023-04-09T15:49:33.953+0800][308.680s] GC(185) Survivor regions: 12->12(32)
[2023-04-09T15:49:33.953+0800][308.680s] GC(185) Old regions: 131->131
[2023-04-09T15:49:33.953+0800][308.680s] GC(185) Humongous regions: 66->66
[2023-04-09T15:49:33.953+0800][308.680s] GC(185) Metaspace: 61492K(63688K)->61492K(63688K) NonClass: 54362K(55676K)->54362K(55676K) Class: 7129K(8012K)->7129K(8012K)
[2023-04-09T15:49:33.953+0800][308.680s] GC(185) Pause Young (Normal) (G1 Evacuation Pause) 446M->207M(512M) 7.820ms
[2023-04-09T15:49:33.953+0800][308.680s] GC(185) User=0.01s Sys=0.01s Real=0.01s
[2023-04-09T15:49:34.368+0800][309.096s] GC(186) Pause Young (Normal) (G1 Evacuation Pause)
[2023-04-09T15:49:34.368+0800][309.096s] GC(186) Using 8 workers of 8 for evacuation
[2023-04-09T15:49:34.370+0800][309.097s] GC(186)   Pre Evacuate Collection Set: 0.0ms
[2023-04-09T15:49:34.370+0800][309.097s] GC(186)   Evacuate Collection Set: 0.8ms
[2023-04-09T15:49:34.370+0800][309.097s] GC(186)   Post Evacuate Collection Set: 0.3ms
[2023-04-09T15:49:34.370+0800][309.097s] GC(186)   Other: 0.2ms
[2023-04-09T15:49:34.370+0800][309.097s] GC(186) Eden regions: 239->0(253)
[2023-04-09T15:49:34.370+0800][309.097s] GC(186) Survivor regions: 12->4(32)
[2023-04-09T15:49:34.370+0800][309.097s] GC(186) Old regions: 131->131
[2023-04-09T15:49:34.370+0800][309.097s] GC(186) Humongous regions: 66->57
[2023-04-09T15:49:34.370+0800][309.097s] GC(186) Metaspace: 61493K(63688K)->61493K(63688K) NonClass: 54364K(55676K)->54364K(55676K) Class: 7129K(8012K)->7129K(8012K)
[2023-04-09T15:49:34.370+0800][309.097s] GC(186) Pause Young (Normal) (G1 Evacuation Pause) 446M->190M(512M) 1.491ms
[2023-04-09T15:49:34.370+0800][309.097s] GC(186) User=0.00s Sys=0.00s Real=0.01s
[2023-04-09T15:49:34.774+0800][309.501s] GC(187) Pause Young (Normal) (G1 Evacuation Pause)
[2023-04-09T15:49:34.774+0800][309.501s] GC(187) Using 8 workers of 8 for evacuation
[2023-04-09T15:49:34.775+0800][309.503s] GC(187)   Pre Evacuate Collection Set: 0.0ms
[2023-04-09T15:49:34.775+0800][309.503s] GC(187)   Evacuate Collection Set: 0.9ms
[2023-04-09T15:49:34.775+0800][309.503s] GC(187)   Post Evacuate Collection Set: 0.3ms
[2023-04-09T15:49:34.775+0800][309.503s] GC(187)   Other: 0.2ms
[2023-04-09T15:49:34.775+0800][309.503s] GC(187) Eden regions: 253->0(250)
[2023-04-09T15:49:34.775+0800][309.503s] GC(187) Survivor regions: 4->7(33)
[2023-04-09T15:49:34.775+0800][309.503s] GC(187) Old regions: 131->131
[2023-04-09T15:49:34.775+0800][309.503s] GC(187) Humongous regions: 58->58
[2023-04-09T15:49:34.775+0800][309.503s] GC(187) Metaspace: 61493K(63688K)->61493K(63688K) NonClass: 54364K(55676K)->54364K(55676K) Class: 7129K(8012K)->7129K(8012K)
[2023-04-09T15:49:34.775+0800][309.503s] GC(187) Pause Young (Normal) (G1 Evacuation Pause) 444M->194M(512M) 1.566ms
[2023-04-09T15:49:34.775+0800][309.503s] GC(187) User=0.01s Sys=0.01s Real=0.00s
[2023-04-09T15:49:35.131+0800][309.858s] GC(188) Pause Young (Normal) (G1 Evacuation Pause)
[2023-04-09T15:49:35.131+0800][309.858s] GC(188) Using 8 workers of 8 for evacuation
[2023-04-09T15:49:35.133+0800][309.861s] GC(188)   Pre Evacuate Collection Set: 0.0ms
[2023-04-09T15:49:35.133+0800][309.861s] GC(188)   Evacuate Collection Set: 1.9ms
[2023-04-09T15:49:35.133+0800][309.861s] GC(188)   Post Evacuate Collection Set: 0.3ms
[2023-04-09T15:49:35.133+0800][309.861s] GC(188)   Other: 0.2ms
[2023-04-09T15:49:35.133+0800][309.861s] GC(188) Eden regions: 250->0(248)
[2023-04-09T15:49:35.133+0800][309.861s] GC(188) Survivor regions: 7->9(33)
[2023-04-09T15:49:35.133+0800][309.861s] GC(188) Old regions: 131->131
[2023-04-09T15:49:35.133+0800][309.861s] GC(188) Humongous regions: 60->59
[2023-04-09T15:49:35.133+0800][309.861s] GC(188) Metaspace: 61493K(63688K)->61493K(63688K) NonClass: 54364K(55676K)->54364K(55676K) Class: 7129K(8012K)->7129K(8012K)
[2023-04-09T15:49:35.133+0800][309.861s] GC(188) Pause Young (Normal) (G1 Evacuation Pause) 446M->197M(512M) 2.568ms
[2023-04-09T15:49:35.134+0800][309.861s] GC(188) User=0.02s Sys=0.00s Real=0.00s
[2023-04-09T15:49:35.541+0800][310.268s] GC(189) Pause Young (Normal) (G1 Evacuation Pause)
[2023-04-09T15:49:35.541+0800][310.268s] GC(189) Using 8 workers of 8 for evacuation
[2023-04-09T15:49:35.543+0800][310.270s] GC(189)   Pre Evacuate Collection Set: 0.0ms
[2023-04-09T15:49:35.543+0800][310.271s] GC(189)   Evacuate Collection Set: 1.7ms
[2023-04-09T15:49:35.543+0800][310.271s] GC(189)   Post Evacuate Collection Set: 0.4ms
[2023-04-09T15:49:35.543+0800][310.271s] GC(189)   Other: 0.2ms
[2023-04-09T15:49:35.543+0800][310.271s] GC(189) Eden regions: 248->0(244)
[2023-04-09T15:49:35.543+0800][310.271s] GC(189) Survivor regions: 9->12(33)
[2023-04-09T15:49:35.543+0800][310.271s] GC(189) Old regions: 131->131
[2023-04-09T15:49:35.543+0800][310.271s] GC(189) Humongous regions: 60->60
[2023-04-09T15:49:35.543+0800][310.271s] GC(189) Metaspace: 61493K(63688K)->61493K(63688K) NonClass: 54364K(55676K)->54364K(55676K) Class: 7129K(8012K)->7129K(8012K)
[2023-04-09T15:49:35.543+0800][310.271s] GC(189) Pause Young (Normal) (G1 Evacuation Pause) 446M->201M(512M) 2.483ms
[2023-04-09T15:49:35.543+0800][310.271s] GC(189) User=0.01s Sys=0.00s Real=0.00s
[2023-04-09T15:49:35.955+0800][310.683s] GC(190) Pause Young (Normal) (G1 Evacuation Pause)
[2023-04-09T15:49:35.955+0800][310.683s] GC(190) Using 8 workers of 8 for evacuation
[2023-04-09T15:49:35.958+0800][310.686s] GC(190)   Pre Evacuate Collection Set: 0.0ms
[2023-04-09T15:49:35.958+0800][310.686s] GC(190)   Evacuate Collection Set: 2.8ms
[2023-04-09T15:49:35.958+0800][310.686s] GC(190)   Post Evacuate Collection Set: 0.3ms
[2023-04-09T15:49:35.959+0800][310.686s] GC(190)   Other: 0.2ms
[2023-04-09T15:49:35.959+0800][310.686s] GC(190) Eden regions: 244->0(240)
[2023-04-09T15:49:35.959+0800][310.686s] GC(190) Survivor regions: 12->11(32)
[2023-04-09T15:49:35.959+0800][310.686s] GC(190) Old regions: 131->131
[2023-04-09T15:49:35.959+0800][310.686s] GC(190) Humongous regions: 73->66
[2023-04-09T15:49:35.959+0800][310.686s] GC(190) Metaspace: 61493K(63688K)->61493K(63688K) NonClass: 54364K(55676K)->54364K(55676K) Class: 7129K(8012K)->7129K(8012K)
[2023-04-09T15:49:35.959+0800][310.686s] GC(190) Pause Young (Normal) (G1 Evacuation Pause) 458M->206M(512M) 3.611ms
[2023-04-09T15:49:35.959+0800][310.686s] GC(190) User=0.01s Sys=0.00s Real=0.00s
[2023-04-09T15:49:36.595+0800][311.322s] GC(191) Pause Young (Normal) (G1 Evacuation Pause)
[2023-04-09T15:49:36.595+0800][311.322s] GC(191) Using 8 workers of 8 for evacuation
[2023-04-09T15:49:36.599+0800][311.326s] GC(191)   Pre Evacuate Collection Set: 0.0ms
[2023-04-09T15:49:36.599+0800][311.326s] GC(191)   Evacuate Collection Set: 3.4ms
[2023-04-09T15:49:36.599+0800][311.326s] GC(191)   Post Evacuate Collection Set: 0.3ms
[2023-04-09T15:49:36.599+0800][311.326s] GC(191)   Other: 0.2ms
[2023-04-09T15:49:36.599+0800][311.326s] GC(191) Eden regions: 240->0(239)
[2023-04-09T15:49:36.599+0800][311.326s] GC(191) Survivor regions: 11->11(32)
[2023-04-09T15:49:36.599+0800][311.326s] GC(191) Old regions: 131->131
[2023-04-09T15:49:36.599+0800][311.326s] GC(191) Humongous regions: 71->66
[2023-04-09T15:49:36.599+0800][311.326s] GC(191) Metaspace: 61497K(63688K)->61497K(63688K) NonClass: 54367K(55676K)->54367K(55676K) Class: 7129K(8012K)->7129K(8012K)
[2023-04-09T15:49:36.599+0800][311.327s] GC(191) Pause Young (Normal) (G1 Evacuation Pause) 451M->206M(512M) 4.303ms
[2023-04-09T15:49:36.599+0800][311.327s] GC(191) User=0.01s Sys=0.01s Real=0.00s
[2023-04-09T15:49:37.314+0800][312.041s] GC(192) Pause Young (Normal) (G1 Evacuation Pause)
[2023-04-09T15:49:37.314+0800][312.041s] GC(192) Using 8 workers of 8 for evacuation
[2023-04-09T15:49:37.316+0800][312.043s] GC(192)   Pre Evacuate Collection Set: 0.0ms
[2023-04-09T15:49:37.316+0800][312.044s] GC(192)   Evacuate Collection Set: 1.6ms
[2023-04-09T15:49:37.316+0800][312.044s] GC(192)   Post Evacuate Collection Set: 0.4ms
[2023-04-09T15:49:37.316+0800][312.044s] GC(192)   Other: 0.2ms
[2023-04-09T15:49:37.316+0800][312.044s] GC(192) Eden regions: 239->0(252)
[2023-04-09T15:49:37.316+0800][312.044s] GC(192) Survivor regions: 11->2(32)
[2023-04-09T15:49:37.316+0800][312.044s] GC(192) Old regions: 131->131
[2023-04-09T15:49:37.316+0800][312.044s] GC(192) Humongous regions: 66->57
[2023-04-09T15:49:37.316+0800][312.044s] GC(192) Metaspace: 61497K(63688K)->61497K(63688K) NonClass: 54367K(55676K)->54367K(55676K) Class: 7129K(8012K)->7129K(8012K)
[2023-04-09T15:49:37.316+0800][312.044s] GC(192) Pause Young (Normal) (G1 Evacuation Pause) 445M->188M(512M) 2.418ms
[2023-04-09T15:49:37.316+0800][312.044s] GC(192) User=0.01s Sys=0.00s Real=0.00s
[2023-04-09T15:49:37.931+0800][312.658s] GC(193) Pause Young (Normal) (G1 Evacuation Pause)
[2023-04-09T15:49:37.931+0800][312.658s] GC(193) Using 8 workers of 8 for evacuation
[2023-04-09T15:49:37.933+0800][312.660s] GC(193)   Pre Evacuate Collection Set: 0.1ms
[2023-04-09T15:49:37.933+0800][312.660s] GC(193)   Evacuate Collection Set: 1.6ms
[2023-04-09T15:49:37.933+0800][312.660s] GC(193)   Post Evacuate Collection Set: 0.3ms
[2023-04-09T15:49:37.933+0800][312.660s] GC(193)   Other: 0.3ms
[2023-04-09T15:49:37.933+0800][312.660s] GC(193) Eden regions: 252->0(248)
[2023-04-09T15:49:37.933+0800][312.660s] GC(193) Survivor regions: 2->6(32)
[2023-04-09T15:49:37.933+0800][312.660s] GC(193) Old regions: 131->131
[2023-04-09T15:49:37.933+0800][312.660s] GC(193) Humongous regions: 59->59
[2023-04-09T15:49:37.933+0800][312.660s] GC(193) Metaspace: 61497K(63688K)->61497K(63688K) NonClass: 54367K(55676K)->54367K(55676K) Class: 7129K(8012K)->7129K(8012K)
[2023-04-09T15:49:37.933+0800][312.660s] GC(193) Pause Young (Normal) (G1 Evacuation Pause) 442M->195M(512M) 2.326ms
[2023-04-09T15:49:37.933+0800][312.660s] GC(193) User=0.01s Sys=0.00s Real=0.00s
[2023-04-09T15:49:38.524+0800][313.251s] GC(194) Pause Young (Normal) (G1 Evacuation Pause)
[2023-04-09T15:49:38.524+0800][313.251s] GC(194) Using 8 workers of 8 for evacuation
[2023-04-09T15:49:38.526+0800][313.253s] GC(194)   Pre Evacuate Collection Set: 0.0ms
[2023-04-09T15:49:38.526+0800][313.253s] GC(194)   Evacuate Collection Set: 1.9ms
[2023-04-09T15:49:38.526+0800][313.253s] GC(194)   Post Evacuate Collection Set: 0.3ms
[2023-04-09T15:49:38.526+0800][313.253s] GC(194)   Other: 0.2ms
[2023-04-09T15:49:38.526+0800][313.254s] GC(194) Eden regions: 248->0(244)
[2023-04-09T15:49:38.526+0800][313.254s] GC(194) Survivor regions: 6->10(32)
[2023-04-09T15:49:38.526+0800][313.254s] GC(194) Old regions: 131->131
[2023-04-09T15:49:38.526+0800][313.254s] GC(194) Humongous regions: 62->60
[2023-04-09T15:49:38.526+0800][313.254s] GC(194) Metaspace: 61497K(63688K)->61497K(63688K) NonClass: 54368K(55676K)->54368K(55676K) Class: 7129K(8012K)->7129K(8012K)
[2023-04-09T15:49:38.526+0800][313.254s] GC(194) Pause Young (Normal) (G1 Evacuation Pause) 446M->200M(512M) 2.631ms
[2023-04-09T15:49:38.526+0800][313.254s] GC(194) User=0.01s Sys=0.00s Real=0.00s
[2023-04-09T15:49:39.072+0800][313.800s] GC(195) Pause Young (Normal) (G1 Evacuation Pause)
[2023-04-09T15:49:39.072+0800][313.800s] GC(195) Using 8 workers of 8 for evacuation
[2023-04-09T15:49:39.075+0800][313.802s] GC(195)   Pre Evacuate Collection Set: 0.0ms
[2023-04-09T15:49:39.075+0800][313.802s] GC(195)   Evacuate Collection Set: 2.1ms
[2023-04-09T15:49:39.075+0800][313.802s] GC(195)   Post Evacuate Collection Set: 0.4ms
[2023-04-09T15:49:39.075+0800][313.802s] GC(195)   Other: 0.2ms
[2023-04-09T15:49:39.075+0800][313.802s] GC(195) Eden regions: 244->0(238)
[2023-04-09T15:49:39.075+0800][313.802s] GC(195) Survivor regions: 10->11(32)
[2023-04-09T15:49:39.075+0800][313.802s] GC(195) Old regions: 131->131
[2023-04-09T15:49:39.075+0800][313.803s] GC(195) Humongous regions: 78->66
[2023-04-09T15:49:39.075+0800][313.803s] GC(195) Metaspace: 61497K(63688K)->61497K(63688K) NonClass: 54368K(55676K)->54368K(55676K) Class: 7129K(8012K)->7129K(8012K)
[2023-04-09T15:49:39.075+0800][313.803s] GC(195) Pause Young (Normal) (G1 Evacuation Pause) 462M->207M(512M) 2.961ms
[2023-04-09T15:49:39.075+0800][313.803s] GC(195) User=0.01s Sys=0.00s Real=0.00s
[2023-04-09T15:49:39.769+0800][314.496s] GC(196) Pause Young (Normal) (G1 Evacuation Pause)
[2023-04-09T15:49:39.769+0800][314.496s] GC(196) Using 8 workers of 8 for evacuation
[2023-04-09T15:49:39.771+0800][314.498s] GC(196)   Pre Evacuate Collection Set: 0.0ms
[2023-04-09T15:49:39.771+0800][314.498s] GC(196)   Evacuate Collection Set: 1.9ms
[2023-04-09T15:49:39.771+0800][314.498s] GC(196)   Post Evacuate Collection Set: 0.3ms
[2023-04-09T15:49:39.771+0800][314.498s] GC(196)   Other: 0.2ms
[2023-04-09T15:49:39.771+0800][314.498s] GC(196) Eden regions: 238->0(239)
[2023-04-09T15:49:39.771+0800][314.499s] GC(196) Survivor regions: 11->11(32)
[2023-04-09T15:49:39.771+0800][314.499s] GC(196) Old regions: 131->131
[2023-04-09T15:49:39.771+0800][314.499s] GC(196) Humongous regions: 66->66
[2023-04-09T15:49:39.771+0800][314.499s] GC(196) Metaspace: 61497K(63688K)->61497K(63688K) NonClass: 54368K(55676K)->54368K(55676K) Class: 7129K(8012K)->7129K(8012K)
[2023-04-09T15:49:39.771+0800][314.499s] GC(196) Pause Young (Normal) (G1 Evacuation Pause) 445M->207M(512M) 2.518ms
[2023-04-09T15:49:39.771+0800][314.499s] GC(196) User=0.01s Sys=0.00s Real=0.01s
[2023-04-09T15:49:40.562+0800][315.289s] GC(197) Pause Young (Normal) (G1 Evacuation Pause)
[2023-04-09T15:49:40.562+0800][315.289s] GC(197) Using 8 workers of 8 for evacuation
[2023-04-09T15:49:40.564+0800][315.292s] GC(197)   Pre Evacuate Collection Set: 0.0ms
[2023-04-09T15:49:40.564+0800][315.292s] GC(197)   Evacuate Collection Set: 2.0ms
[2023-04-09T15:49:40.564+0800][315.292s] GC(197)   Post Evacuate Collection Set: 0.3ms
[2023-04-09T15:49:40.564+0800][315.292s] GC(197)   Other: 0.2ms
[2023-04-09T15:49:40.564+0800][315.292s] GC(197) Eden regions: 239->0(247)
[2023-04-09T15:49:40.564+0800][315.292s] GC(197) Survivor regions: 11->5(32)
[2023-04-09T15:49:40.564+0800][315.292s] GC(197) Old regions: 131->131
[2023-04-09T15:49:40.564+0800][315.292s] GC(197) Humongous regions: 67->58
[2023-04-09T15:49:40.565+0800][315.292s] GC(197) Metaspace: 61497K(63688K)->61497K(63688K) NonClass: 54368K(55676K)->54368K(55676K) Class: 7129K(8012K)->7129K(8012K)
[2023-04-09T15:49:40.565+0800][315.292s] GC(197) Pause Young (Normal) (G1 Evacuation Pause) 447M->192M(512M) 2.766ms
[2023-04-09T15:49:40.565+0800][315.292s] GC(197) User=0.01s Sys=0.00s Real=0.00s
[2023-04-09T15:49:41.215+0800][315.942s] GC(198) Pause Young (Normal) (G1 Evacuation Pause)
[2023-04-09T15:49:41.215+0800][315.942s] GC(198) Using 8 workers of 8 for evacuation
[2023-04-09T15:49:41.217+0800][315.945s] GC(198)   Pre Evacuate Collection Set: 0.0ms
[2023-04-09T15:49:41.218+0800][315.945s] GC(198)   Evacuate Collection Set: 2.1ms
[2023-04-09T15:49:41.218+0800][315.945s] GC(198)   Post Evacuate Collection Set: 0.3ms
[2023-04-09T15:49:41.218+0800][315.945s] GC(198)   Other: 0.2ms
[2023-04-09T15:49:41.218+0800][315.945s] GC(198) Eden regions: 247->0(244)
[2023-04-09T15:49:41.218+0800][315.945s] GC(198) Survivor regions: 5->9(32)
[2023-04-09T15:49:41.218+0800][315.945s] GC(198) Old regions: 131->131
[2023-04-09T15:49:41.218+0800][315.945s] GC(198) Humongous regions: 60->59
[2023-04-09T15:49:41.218+0800][315.945s] GC(198) Metaspace: 61497K(63688K)->61497K(63688K) NonClass: 54368K(55676K)->54368K(55676K) Class: 7129K(8012K)->7129K(8012K)
[2023-04-09T15:49:41.218+0800][315.945s] GC(198) Pause Young (Normal) (G1 Evacuation Pause) 441M->198M(512M) 2.721ms
[2023-04-09T15:49:41.218+0800][315.945s] GC(198) User=0.01s Sys=0.00s Real=0.00s
[2023-04-09T15:49:41.888+0800][316.615s] GC(199) Pause Young (Normal) (G1 Evacuation Pause)
[2023-04-09T15:49:41.888+0800][316.615s] GC(199) Using 8 workers of 8 for evacuation
[2023-04-09T15:49:41.890+0800][316.617s] GC(199)   Pre Evacuate Collection Set: 0.0ms
[2023-04-09T15:49:41.890+0800][316.617s] GC(199)   Evacuate Collection Set: 1.9ms
[2023-04-09T15:49:41.890+0800][316.617s] GC(199)   Post Evacuate Collection Set: 0.3ms
[2023-04-09T15:49:41.890+0800][316.617s] GC(199)   Other: 0.2ms
[2023-04-09T15:49:41.890+0800][316.617s] GC(199) Eden regions: 244->0(238)
[2023-04-09T15:49:41.890+0800][316.617s] GC(199) Survivor regions: 9->10(32)
[2023-04-09T15:49:41.890+0800][316.617s] GC(199) Old regions: 131->131
[2023-04-09T15:49:41.890+0800][316.617s] GC(199) Humongous regions: 73->66
[2023-04-09T15:49:41.890+0800][316.617s] GC(199) Metaspace: 61497K(63688K)->61497K(63688K) NonClass: 54368K(55676K)->54368K(55676K) Class: 7129K(8012K)->7129K(8012K)
[2023-04-09T15:49:41.890+0800][316.617s] GC(199) Pause Young (Normal) (G1 Evacuation Pause) 456M->206M(512M) 2.524ms
[2023-04-09T15:49:41.890+0800][316.618s] GC(199) User=0.01s Sys=0.00s Real=0.01s
[2023-04-09T15:49:42.662+0800][317.390s] GC(200) Pause Young (Normal) (G1 Evacuation Pause)
[2023-04-09T15:49:42.662+0800][317.390s] GC(200) Using 8 workers of 8 for evacuation
[2023-04-09T15:49:42.665+0800][317.392s] GC(200)   Pre Evacuate Collection Set: 0.0ms
[2023-04-09T15:49:42.665+0800][317.392s] GC(200)   Evacuate Collection Set: 2.2ms
[2023-04-09T15:49:42.665+0800][317.392s] GC(200)   Post Evacuate Collection Set: 0.3ms
[2023-04-09T15:49:42.665+0800][317.393s] GC(200)   Other: 0.2ms
[2023-04-09T15:49:42.665+0800][317.393s] GC(200) Eden regions: 238->0(238)
[2023-04-09T15:49:42.665+0800][317.393s] GC(200) Survivor regions: 10->10(31)
[2023-04-09T15:49:42.665+0800][317.393s] GC(200) Old regions: 131->131
[2023-04-09T15:49:42.665+0800][317.393s] GC(200) Humongous regions: 71->66
[2023-04-09T15:49:42.665+0800][317.393s] GC(200) Metaspace: 61497K(63688K)->61497K(63688K) NonClass: 54368K(55676K)->54368K(55676K) Class: 7129K(8012K)->7129K(8012K)
[2023-04-09T15:49:42.665+0800][317.393s] GC(200) Pause Young (Normal) (G1 Evacuation Pause) 449M->206M(512M) 2.920ms
[2023-04-09T15:49:42.665+0800][317.393s] GC(200) User=0.01s Sys=0.00s Real=0.00s
[2023-04-09T15:49:43.398+0800][318.125s] GC(201) Pause Young (Normal) (G1 Evacuation Pause)
[2023-04-09T15:49:43.398+0800][318.125s] GC(201) Using 8 workers of 8 for evacuation
[2023-04-09T15:49:43.400+0800][318.128s] GC(201)   Pre Evacuate Collection Set: 0.0ms
[2023-04-09T15:49:43.400+0800][318.128s] GC(201)   Evacuate Collection Set: 1.7ms
[2023-04-09T15:49:43.400+0800][318.128s] GC(201)   Post Evacuate Collection Set: 0.3ms
[2023-04-09T15:49:43.400+0800][318.128s] GC(201)   Other: 0.2ms
[2023-04-09T15:49:43.400+0800][318.128s] GC(201) Eden regions: 238->0(248)
[2023-04-09T15:49:43.400+0800][318.128s] GC(201) Survivor regions: 10->4(31)
[2023-04-09T15:49:43.400+0800][318.128s] GC(201) Old regions: 131->131
[2023-04-09T15:49:43.401+0800][318.128s] GC(201) Humongous regions: 67->58
[2023-04-09T15:49:43.401+0800][318.128s] GC(201) Metaspace: 61497K(63688K)->61497K(63688K) NonClass: 54368K(55676K)->54368K(55676K) Class: 7129K(8012K)->7129K(8012K)
[2023-04-09T15:49:43.401+0800][318.128s] GC(201) Pause Young (Normal) (G1 Evacuation Pause) 445M->192M(512M) 2.586ms
[2023-04-09T15:49:43.401+0800][318.128s] GC(201) User=0.01s Sys=0.00s Real=0.01s
[2023-04-09T15:49:43.974+0800][318.701s] GC(202) Pause Young (Normal) (G1 Evacuation Pause)
[2023-04-09T15:49:43.974+0800][318.701s] GC(202) Using 8 workers of 8 for evacuation
[2023-04-09T15:49:43.976+0800][318.703s] GC(202)   Pre Evacuate Collection Set: 0.0ms
[2023-04-09T15:49:43.976+0800][318.703s] GC(202)   Evacuate Collection Set: 1.7ms
[2023-04-09T15:49:43.976+0800][318.704s] GC(202)   Post Evacuate Collection Set: 0.3ms
[2023-04-09T15:49:43.976+0800][318.704s] GC(202)   Other: 0.2ms
[2023-04-09T15:49:43.976+0800][318.704s] GC(202) Eden regions: 248->0(244)
[2023-04-09T15:49:43.976+0800][318.704s] GC(202) Survivor regions: 4->9(32)
[2023-04-09T15:49:43.976+0800][318.704s] GC(202) Old regions: 131->131
[2023-04-09T15:49:43.976+0800][318.704s] GC(202) Humongous regions: 60->59
[2023-04-09T15:49:43.976+0800][318.704s] GC(202) Metaspace: 61497K(63688K)->61497K(63688K) NonClass: 54368K(55676K)->54368K(55676K) Class: 7129K(8012K)->7129K(8012K)
[2023-04-09T15:49:43.976+0800][318.704s] GC(202) Pause Young (Normal) (G1 Evacuation Pause) 442M->197M(512M) 2.362ms
[2023-04-09T15:49:43.976+0800][318.704s] GC(202) User=0.01s Sys=0.00s Real=0.00s
[2023-04-09T15:49:44.673+0800][319.400s] GC(203) Pause Young (Normal) (G1 Evacuation Pause)
[2023-04-09T15:49:44.673+0800][319.400s] GC(203) Using 8 workers of 8 for evacuation
[2023-04-09T15:49:44.675+0800][319.402s] GC(203)   Pre Evacuate Collection Set: 0.0ms
[2023-04-09T15:49:44.675+0800][319.402s] GC(203)   Evacuate Collection Set: 1.7ms
[2023-04-09T15:49:44.675+0800][319.402s] GC(203)   Post Evacuate Collection Set: 0.3ms
[2023-04-09T15:49:44.675+0800][319.402s] GC(203)   Other: 0.2ms
[2023-04-09T15:49:44.675+0800][319.402s] GC(203) Eden regions: 244->0(239)
[2023-04-09T15:49:44.675+0800][319.402s] GC(203) Survivor regions: 9->10(32)
[2023-04-09T15:49:44.675+0800][319.402s] GC(203) Old regions: 131->131
[2023-04-09T15:49:44.675+0800][319.402s] GC(203) Humongous regions: 68->66
[2023-04-09T15:49:44.675+0800][319.402s] GC(203) Metaspace: 61497K(63688K)->61497K(63688K) NonClass: 54368K(55676K)->54368K(55676K) Class: 7129K(8012K)->7129K(8012K)
[2023-04-09T15:49:44.675+0800][319.402s] GC(203) Pause Young (Normal) (G1 Evacuation Pause) 450M->205M(512M) 2.418ms
[2023-04-09T15:49:44.675+0800][319.402s] GC(203) User=0.01s Sys=0.00s Real=0.00s
[2023-04-09T15:49:45.386+0800][320.114s] GC(204) Pause Young (Normal) (G1 Evacuation Pause)
[2023-04-09T15:49:45.386+0800][320.114s] GC(204) Using 8 workers of 8 for evacuation
[2023-04-09T15:49:45.389+0800][320.116s] GC(204)   Pre Evacuate Collection Set: 0.0ms
[2023-04-09T15:49:45.389+0800][320.116s] GC(204)   Evacuate Collection Set: 1.9ms
[2023-04-09T15:49:45.389+0800][320.116s] GC(204)   Post Evacuate Collection Set: 0.3ms
[2023-04-09T15:49:45.389+0800][320.116s] GC(204)   Other: 0.2ms
[2023-04-09T15:49:45.389+0800][320.116s] GC(204) Eden regions: 239->0(238)
[2023-04-09T15:49:45.389+0800][320.116s] GC(204) Survivor regions: 10->11(32)
[2023-04-09T15:49:45.389+0800][320.116s] GC(204) Old regions: 131->131
[2023-04-09T15:49:45.389+0800][320.116s] GC(204) Humongous regions: 76->66
[2023-04-09T15:49:45.389+0800][320.116s] GC(204) Metaspace: 61497K(63688K)->61497K(63688K) NonClass: 54368K(55676K)->54368K(55676K) Class: 7129K(8012K)->7129K(8012K)
[2023-04-09T15:49:45.389+0800][320.116s] GC(204) Pause Young (Normal) (G1 Evacuation Pause) 454M->206M(512M) 2.606ms
[2023-04-09T15:49:45.389+0800][320.116s] GC(204) User=0.01s Sys=0.00s Real=0.00s
[2023-04-09T15:49:46.050+0800][320.777s] GC(205) Pause Young (Normal) (G1 Evacuation Pause)
[2023-04-09T15:49:46.050+0800][320.777s] GC(205) Using 8 workers of 8 for evacuation
[2023-04-09T15:49:46.051+0800][320.779s] GC(205)   Pre Evacuate Collection Set: 0.1ms
[2023-04-09T15:49:46.051+0800][320.779s] GC(205)   Evacuate Collection Set: 1.3ms
[2023-04-09T15:49:46.051+0800][320.779s] GC(205)   Post Evacuate Collection Set: 0.3ms
[2023-04-09T15:49:46.051+0800][320.779s] GC(205)   Other: 0.2ms
[2023-04-09T15:49:46.052+0800][320.779s] GC(205) Eden regions: 238->0(251)
[2023-04-09T15:49:46.052+0800][320.779s] GC(205) Survivor regions: 11->3(32)
[2023-04-09T15:49:46.052+0800][320.779s] GC(205) Old regions: 131->131
[2023-04-09T15:49:46.052+0800][320.779s] GC(205) Humongous regions: 66->57
[2023-04-09T15:49:46.052+0800][320.779s] GC(205) Metaspace: 61497K(63688K)->61497K(63688K) NonClass: 54368K(55676K)->54368K(55676K) Class: 7129K(8012K)->7129K(8012K)
[2023-04-09T15:49:46.052+0800][320.779s] GC(205) Pause Young (Normal) (G1 Evacuation Pause) 444M->190M(512M) 2.012ms
[2023-04-09T15:49:46.052+0800][320.779s] GC(205) User=0.01s Sys=0.00s Real=0.00s
[2023-04-09T15:49:46.618+0800][321.345s] GC(206) Pause Young (Normal) (G1 Evacuation Pause)
[2023-04-09T15:49:46.618+0800][321.346s] GC(206) Using 8 workers of 8 for evacuation
[2023-04-09T15:49:46.621+0800][321.348s] GC(206)   Pre Evacuate Collection Set: 0.0ms
[2023-04-09T15:49:46.621+0800][321.348s] GC(206)   Evacuate Collection Set: 1.7ms
[2023-04-09T15:49:46.621+0800][321.348s] GC(206)   Post Evacuate Collection Set: 0.4ms
[2023-04-09T15:49:46.621+0800][321.348s] GC(206)   Other: 0.2ms
[2023-04-09T15:49:46.621+0800][321.348s] GC(206) Eden regions: 251->0(246)
[2023-04-09T15:49:46.621+0800][321.348s] GC(206) Survivor regions: 3->8(32)
[2023-04-09T15:49:46.621+0800][321.348s] GC(206) Old regions: 131->131
[2023-04-09T15:49:46.621+0800][321.348s] GC(206) Humongous regions: 60->59
[2023-04-09T15:49:46.621+0800][321.348s] GC(206) Metaspace: 61497K(63688K)->61497K(63688K) NonClass: 54368K(55676K)->54368K(55676K) Class: 7129K(8012K)->7129K(8012K)
[2023-04-09T15:49:46.621+0800][321.348s] GC(206) Pause Young (Normal) (G1 Evacuation Pause) 444M->197M(512M) 2.647ms
[2023-04-09T15:49:46.621+0800][321.348s] GC(206) User=0.01s Sys=0.00s Real=0.01s
[2023-04-09T15:49:47.216+0800][321.944s] GC(207) Pause Young (Normal) (G1 Evacuation Pause)
[2023-04-09T15:49:47.216+0800][321.944s] GC(207) Using 8 workers of 8 for evacuation
[2023-04-09T15:49:47.219+0800][321.946s] GC(207)   Pre Evacuate Collection Set: 0.0ms
[2023-04-09T15:49:47.219+0800][321.946s] GC(207)   Evacuate Collection Set: 1.9ms
[2023-04-09T15:49:47.219+0800][321.946s] GC(207)   Post Evacuate Collection Set: 0.3ms
[2023-04-09T15:49:47.219+0800][321.946s] GC(207)   Other: 0.2ms
[2023-04-09T15:49:47.219+0800][321.946s] GC(207) Eden regions: 246->0(241)
[2023-04-09T15:49:47.219+0800][321.946s] GC(207) Survivor regions: 8->9(32)
[2023-04-09T15:49:47.219+0800][321.946s] GC(207) Old regions: 131->131
[2023-04-09T15:49:47.219+0800][321.946s] GC(207) Humongous regions: 65->65
[2023-04-09T15:49:47.219+0800][321.946s] GC(207) Metaspace: 61497K(63688K)->61497K(63688K) NonClass: 54368K(55676K)->54368K(55676K) Class: 7129K(8012K)->7129K(8012K)
[2023-04-09T15:49:47.219+0800][321.946s] GC(207) Pause Young (Normal) (G1 Evacuation Pause) 449M->204M(512M) 2.532ms
[2023-04-09T15:49:47.219+0800][321.946s] GC(207) User=0.01s Sys=0.00s Real=0.00s
[2023-04-09T15:49:48.020+0800][322.747s] GC(208) Pause Young (Normal) (G1 Evacuation Pause)
[2023-04-09T15:49:48.020+0800][322.747s] GC(208) Using 8 workers of 8 for evacuation
[2023-04-09T15:49:48.023+0800][322.751s] GC(208)   Pre Evacuate Collection Set: 0.1ms
[2023-04-09T15:49:48.023+0800][322.751s] GC(208)   Evacuate Collection Set: 2.6ms
[2023-04-09T15:49:48.023+0800][322.751s] GC(208)   Post Evacuate Collection Set: 0.4ms
[2023-04-09T15:49:48.023+0800][322.751s] GC(208)   Other: 0.6ms
[2023-04-09T15:49:48.024+0800][322.751s] GC(208) Eden regions: 241->0(238)
[2023-04-09T15:49:48.024+0800][322.751s] GC(208) Survivor regions: 9->11(32)
[2023-04-09T15:49:48.024+0800][322.751s] GC(208) Old regions: 131->131
[2023-04-09T15:49:48.024+0800][322.751s] GC(208) Humongous regions: 78->66
[2023-04-09T15:49:48.024+0800][322.751s] GC(208) Metaspace: 61497K(63688K)->61497K(63688K) NonClass: 54368K(55676K)->54368K(55676K) Class: 7129K(8012K)->7129K(8012K)
[2023-04-09T15:49:48.024+0800][322.751s] GC(208) Pause Young (Normal) (G1 Evacuation Pause) 458M->206M(512M) 3.929ms
[2023-04-09T15:49:48.024+0800][322.751s] GC(208) User=0.01s Sys=0.00s Real=0.00s
[2023-04-09T15:49:48.791+0800][323.518s] GC(209) Pause Young (Normal) (G1 Evacuation Pause)
[2023-04-09T15:49:48.791+0800][323.518s] GC(209) Using 8 workers of 8 for evacuation
[2023-04-09T15:49:48.793+0800][323.520s] GC(209)   Pre Evacuate Collection Set: 0.0ms
[2023-04-09T15:49:48.793+0800][323.520s] GC(209)   Evacuate Collection Set: 1.6ms
[2023-04-09T15:49:48.793+0800][323.520s] GC(209)   Post Evacuate Collection Set: 0.4ms
[2023-04-09T15:49:48.793+0800][323.520s] GC(209)   Other: 0.3ms
[2023-04-09T15:49:48.793+0800][323.520s] GC(209) Eden regions: 238->0(249)
[2023-04-09T15:49:48.793+0800][323.520s] GC(209) Survivor regions: 11->3(32)
[2023-04-09T15:49:48.793+0800][323.520s] GC(209) Old regions: 131->131
[2023-04-09T15:49:48.793+0800][323.520s] GC(209) Humongous regions: 66->57
[2023-04-09T15:49:48.793+0800][323.520s] GC(209) Metaspace: 61497K(63688K)->61497K(63688K) NonClass: 54368K(55676K)->54368K(55676K) Class: 7129K(8012K)->7129K(8012K)
[2023-04-09T15:49:48.793+0800][323.521s] GC(209) Pause Young (Normal) (G1 Evacuation Pause) 444M->190M(512M) 2.477ms
[2023-04-09T15:49:48.793+0800][323.521s] GC(209) User=0.01s Sys=0.00s Real=0.00s
[2023-04-09T15:49:49.520+0800][324.247s] GC(210) Pause Young (Normal) (G1 Evacuation Pause)
[2023-04-09T15:49:49.520+0800][324.248s] GC(210) Using 8 workers of 8 for evacuation
[2023-04-09T15:49:49.522+0800][324.249s] GC(210)   Pre Evacuate Collection Set: 0.0ms
[2023-04-09T15:49:49.522+0800][324.249s] GC(210)   Evacuate Collection Set: 1.5ms
[2023-04-09T15:49:49.522+0800][324.249s] GC(210)   Post Evacuate Collection Set: 0.3ms
[2023-04-09T15:49:49.522+0800][324.249s] GC(210)   Other: 0.2ms
[2023-04-09T15:49:49.522+0800][324.250s] GC(210) Eden regions: 249->0(246)
[2023-04-09T15:49:49.522+0800][324.250s] GC(210) Survivor regions: 3->7(32)
[2023-04-09T15:49:49.522+0800][324.250s] GC(210) Old regions: 131->131
[2023-04-09T15:49:49.522+0800][324.250s] GC(210) Humongous regions: 60->59
[2023-04-09T15:49:49.522+0800][324.250s] GC(210) Metaspace: 61497K(63688K)->61497K(63688K) NonClass: 54368K(55676K)->54368K(55676K) Class: 7129K(8012K)->7129K(8012K)
[2023-04-09T15:49:49.522+0800][324.250s] GC(210) Pause Young (Normal) (G1 Evacuation Pause) 442M->196M(512M) 2.141ms
[2023-04-09T15:49:49.522+0800][324.250s] GC(210) User=0.01s Sys=0.00s Real=0.00s
[2023-04-09T15:49:50.214+0800][324.942s] GC(211) Pause Young (Normal) (G1 Evacuation Pause)
[2023-04-09T15:49:50.214+0800][324.942s] GC(211) Using 8 workers of 8 for evacuation
[2023-04-09T15:49:50.220+0800][324.947s] GC(211)   Pre Evacuate Collection Set: 0.0ms
[2023-04-09T15:49:50.220+0800][324.947s] GC(211)   Evacuate Collection Set: 5.1ms
[2023-04-09T15:49:50.220+0800][324.947s] GC(211)   Post Evacuate Collection Set: 0.4ms
[2023-04-09T15:49:50.220+0800][324.947s] GC(211)   Other: 0.2ms
[2023-04-09T15:49:50.220+0800][324.947s] GC(211) Eden regions: 246->0(242)
[2023-04-09T15:49:50.220+0800][324.948s] GC(211) Survivor regions: 7->8(32)
[2023-04-09T15:49:50.220+0800][324.948s] GC(211) Old regions: 131->131
[2023-04-09T15:49:50.220+0800][324.948s] GC(211) Humongous regions: 65->65
[2023-04-09T15:49:50.220+0800][324.948s] GC(211) Metaspace: 61497K(63688K)->61497K(63688K) NonClass: 54368K(55676K)->54368K(55676K) Class: 7129K(8012K)->7129K(8012K)
[2023-04-09T15:49:50.220+0800][324.948s] GC(211) Pause Young (Normal) (G1 Evacuation Pause) 448M->203M(512M) 6.048ms
[2023-04-09T15:49:50.220+0800][324.948s] GC(211) User=0.01s Sys=0.00s Real=0.01s
[2023-04-09T15:49:51.214+0800][325.941s] GC(212) Pause Young (Normal) (G1 Evacuation Pause)
[2023-04-09T15:49:51.214+0800][325.941s] GC(212) Using 8 workers of 8 for evacuation
[2023-04-09T15:49:51.217+0800][325.944s] GC(212)   Pre Evacuate Collection Set: 0.0ms
[2023-04-09T15:49:51.217+0800][325.944s] GC(212)   Evacuate Collection Set: 2.2ms
[2023-04-09T15:49:51.217+0800][325.944s] GC(212)   Post Evacuate Collection Set: 0.5ms
[2023-04-09T15:49:51.217+0800][325.944s] GC(212)   Other: 0.2ms
[2023-04-09T15:49:51.217+0800][325.944s] GC(212) Eden regions: 242->0(238)
[2023-04-09T15:49:51.217+0800][325.944s] GC(212) Survivor regions: 8->11(32)
[2023-04-09T15:49:51.217+0800][325.944s] GC(212) Old regions: 131->131
[2023-04-09T15:49:51.217+0800][325.944s] GC(212) Humongous regions: 78->66
[2023-04-09T15:49:51.217+0800][325.944s] GC(212) Metaspace: 61497K(63688K)->61497K(63688K) NonClass: 54368K(55676K)->54368K(55676K) Class: 7129K(8012K)->7129K(8012K)
[2023-04-09T15:49:51.217+0800][325.944s] GC(212) Pause Young (Normal) (G1 Evacuation Pause) 458M->206M(512M) 3.087ms
[2023-04-09T15:49:51.217+0800][325.944s] GC(212) User=0.01s Sys=0.00s Real=0.00s
[2023-04-09T15:49:51.966+0800][326.693s] GC(213) Pause Young (Normal) (G1 Evacuation Pause)
[2023-04-09T15:49:51.966+0800][326.693s] GC(213) Using 8 workers of 8 for evacuation
[2023-04-09T15:49:51.967+0800][326.694s] GC(213)   Pre Evacuate Collection Set: 0.0ms
[2023-04-09T15:49:51.967+0800][326.695s] GC(213)   Evacuate Collection Set: 1.2ms
[2023-04-09T15:49:51.967+0800][326.695s] GC(213)   Post Evacuate Collection Set: 0.3ms
[2023-04-09T15:49:51.967+0800][326.695s] GC(213)   Other: 0.2ms
[2023-04-09T15:49:51.967+0800][326.695s] GC(213) Eden regions: 238->0(250)
[2023-04-09T15:49:51.967+0800][326.695s] GC(213) Survivor regions: 11->1(32)
[2023-04-09T15:49:51.967+0800][326.695s] GC(213) Old regions: 131->131
[2023-04-09T15:49:51.967+0800][326.695s] GC(213) Humongous regions: 66->57
[2023-04-09T15:49:51.967+0800][326.695s] GC(213) Metaspace: 61499K(63688K)->61499K(63688K) NonClass: 54370K(55676K)->54370K(55676K) Class: 7129K(8012K)->7129K(8012K)
[2023-04-09T15:49:51.967+0800][326.695s] GC(213) Pause Young (Normal) (G1 Evacuation Pause) 444M->188M(512M) 1.854ms
[2023-04-09T15:49:51.967+0800][326.695s] GC(213) User=0.00s Sys=0.00s Real=0.00s
[2023-04-09T15:49:52.659+0800][327.386s] GC(214) Pause Young (Normal) (G1 Evacuation Pause)
[2023-04-09T15:49:52.659+0800][327.386s] GC(214) Using 8 workers of 8 for evacuation
[2023-04-09T15:49:52.660+0800][327.387s] GC(214)   Pre Evacuate Collection Set: 0.0ms
[2023-04-09T15:49:52.660+0800][327.388s] GC(214)   Evacuate Collection Set: 0.8ms
[2023-04-09T15:49:52.660+0800][327.388s] GC(214)   Post Evacuate Collection Set: 0.2ms
[2023-04-09T15:49:52.660+0800][327.388s] GC(214)   Other: 0.2ms
[2023-04-09T15:49:52.660+0800][327.388s] GC(214) Eden regions: 250->0(247)
[2023-04-09T15:49:52.660+0800][327.388s] GC(214) Survivor regions: 1->6(32)
[2023-04-09T15:49:52.660+0800][327.388s] GC(214) Old regions: 131->131
[2023-04-09T15:49:52.660+0800][327.388s] GC(214) Humongous regions: 58->58
[2023-04-09T15:49:52.660+0800][327.388s] GC(214) Metaspace: 61499K(63688K)->61499K(63688K) NonClass: 54370K(55676K)->54370K(55676K) Class: 7129K(8012K)->7129K(8012K)
[2023-04-09T15:49:52.660+0800][327.388s] GC(214) Pause Young (Normal) (G1 Evacuation Pause) 439M->194M(512M) 1.381ms
[2023-04-09T15:49:52.660+0800][327.388s] GC(214) User=0.00s Sys=0.00s Real=0.01s
[2023-04-09T15:49:53.279+0800][328.006s] GC(215) Pause Young (Normal) (G1 Evacuation Pause)
[2023-04-09T15:49:53.279+0800][328.006s] GC(215) Using 8 workers of 8 for evacuation
[2023-04-09T15:49:53.281+0800][328.008s] GC(215)   Pre Evacuate Collection Set: 0.0ms
[2023-04-09T15:49:53.281+0800][328.008s] GC(215)   Evacuate Collection Set: 1.9ms
[2023-04-09T15:49:53.281+0800][328.008s] GC(215)   Post Evacuate Collection Set: 0.4ms
[2023-04-09T15:49:53.281+0800][328.008s] GC(215)   Other: 0.2ms
[2023-04-09T15:49:53.281+0800][328.008s] GC(215) Eden regions: 247->0(242)
[2023-04-09T15:49:53.281+0800][328.008s] GC(215) Survivor regions: 6->11(32)
[2023-04-09T15:49:53.281+0800][328.008s] GC(215) Old regions: 131->131
[2023-04-09T15:49:53.281+0800][328.008s] GC(215) Humongous regions: 61->60
[2023-04-09T15:49:53.281+0800][328.008s] GC(215) Metaspace: 61499K(63688K)->61499K(63688K) NonClass: 54370K(55676K)->54370K(55676K) Class: 7129K(8012K)->7129K(8012K)
[2023-04-09T15:49:53.281+0800][328.009s] GC(215) Pause Young (Normal) (G1 Evacuation Pause) 444M->201M(512M) 2.663ms
[2023-04-09T15:49:53.281+0800][328.009s] GC(215) User=0.01s Sys=0.00s Real=0.01s
[2023-04-09T15:49:53.881+0800][328.608s] GC(216) Pause Young (Normal) (G1 Evacuation Pause)
[2023-04-09T15:49:53.881+0800][328.608s] GC(216) Using 8 workers of 8 for evacuation
[2023-04-09T15:49:53.883+0800][328.610s] GC(216)   Pre Evacuate Collection Set: 0.0ms
[2023-04-09T15:49:53.883+0800][328.610s] GC(216)   Evacuate Collection Set: 1.9ms
[2023-04-09T15:49:53.883+0800][328.610s] GC(216)   Post Evacuate Collection Set: 0.3ms
[2023-04-09T15:49:53.883+0800][328.610s] GC(216)   Other: 0.2ms
[2023-04-09T15:49:53.883+0800][328.610s] GC(216) Eden regions: 242->0(238)
[2023-04-09T15:49:53.883+0800][328.610s] GC(216) Survivor regions: 11->10(32)
[2023-04-09T15:49:53.883+0800][328.610s] GC(216) Old regions: 131->131
[2023-04-09T15:49:53.883+0800][328.610s] GC(216) Humongous regions: 78->66
[2023-04-09T15:49:53.883+0800][328.610s] GC(216) Metaspace: 61499K(63688K)->61499K(63688K) NonClass: 54370K(55676K)->54370K(55676K) Class: 7129K(8012K)->7129K(8012K)
[2023-04-09T15:49:53.883+0800][328.610s] GC(216) Pause Young (Normal) (G1 Evacuation Pause) 461M->206M(512M) 2.531ms
[2023-04-09T15:49:53.883+0800][328.610s] GC(216) User=0.01s Sys=0.00s Real=0.00s
[2023-04-09T15:49:54.692+0800][329.419s] GC(217) Pause Young (Normal) (G1 Evacuation Pause)
[2023-04-09T15:49:54.692+0800][329.419s] GC(217) Using 8 workers of 8 for evacuation
[2023-04-09T15:49:54.693+0800][329.420s] GC(217)   Pre Evacuate Collection Set: 0.0ms
[2023-04-09T15:49:54.693+0800][329.420s] GC(217)   Evacuate Collection Set: 1.2ms
[2023-04-09T15:49:54.693+0800][329.420s] GC(217)   Post Evacuate Collection Set: 0.3ms
[2023-04-09T15:49:54.693+0800][329.421s] GC(217)   Other: 0.2ms
[2023-04-09T15:49:54.693+0800][329.421s] GC(217) Eden regions: 238->0(250)
[2023-04-09T15:49:54.693+0800][329.421s] GC(217) Survivor regions: 10->1(31)
[2023-04-09T15:49:54.693+0800][329.421s] GC(217) Old regions: 131->131
[2023-04-09T15:49:54.693+0800][329.421s] GC(217) Humongous regions: 66->57
[2023-04-09T15:49:54.693+0800][329.421s] GC(217) Metaspace: 61499K(63688K)->61499K(63688K) NonClass: 54370K(55676K)->54370K(55676K) Class: 7129K(8012K)->7129K(8012K)
[2023-04-09T15:49:54.693+0800][329.421s] GC(217) Pause Young (Normal) (G1 Evacuation Pause) 444M->188M(512M) 1.857ms
[2023-04-09T15:49:54.693+0800][329.421s] GC(217) User=0.01s Sys=0.00s Real=0.00s
[2023-04-09T15:49:55.458+0800][330.185s] GC(218) Pause Young (Normal) (G1 Evacuation Pause)
[2023-04-09T15:49:55.458+0800][330.185s] GC(218) Using 8 workers of 8 for evacuation
[2023-04-09T15:49:55.461+0800][330.188s] GC(218)   Pre Evacuate Collection Set: 0.0ms
[2023-04-09T15:49:55.461+0800][330.188s] GC(218)   Evacuate Collection Set: 1.8ms
[2023-04-09T15:49:55.461+0800][330.188s] GC(218)   Post Evacuate Collection Set: 0.3ms
[2023-04-09T15:49:55.461+0800][330.188s] GC(218)   Other: 0.4ms
[2023-04-09T15:49:55.461+0800][330.188s] GC(218) Eden regions: 250->0(248)
[2023-04-09T15:49:55.461+0800][330.188s] GC(218) Survivor regions: 1->6(32)
[2023-04-09T15:49:55.461+0800][330.188s] GC(218) Old regions: 131->131
[2023-04-09T15:49:55.461+0800][330.188s] GC(218) Humongous regions: 58->58
[2023-04-09T15:49:55.461+0800][330.188s] GC(218) Metaspace: 61499K(63688K)->61499K(63688K) NonClass: 54370K(55676K)->54370K(55676K) Class: 7129K(8012K)->7129K(8012K)
[2023-04-09T15:49:55.461+0800][330.188s] GC(218) Pause Young (Normal) (G1 Evacuation Pause) 439M->194M(512M) 2.872ms
[2023-04-09T15:49:55.461+0800][330.188s] GC(218) User=0.01s Sys=0.00s Real=0.01s
[2023-04-09T15:49:56.067+0800][330.794s] GC(219) Pause Young (Normal) (G1 Evacuation Pause)
[2023-04-09T15:49:56.067+0800][330.794s] GC(219) Using 8 workers of 8 for evacuation
[2023-04-09T15:49:56.069+0800][330.796s] GC(219)   Pre Evacuate Collection Set: 0.0ms
[2023-04-09T15:49:56.069+0800][330.796s] GC(219)   Evacuate Collection Set: 2.0ms
[2023-04-09T15:49:56.069+0800][330.796s] GC(219)   Post Evacuate Collection Set: 0.3ms
[2023-04-09T15:49:56.069+0800][330.796s] GC(219)   Other: 0.2ms
[2023-04-09T15:49:56.069+0800][330.796s] GC(219) Eden regions: 248->0(243)
[2023-04-09T15:49:56.069+0800][330.796s] GC(219) Survivor regions: 6->11(32)
[2023-04-09T15:49:56.069+0800][330.797s] GC(219) Old regions: 131->131
[2023-04-09T15:49:56.069+0800][330.797s] GC(219) Humongous regions: 61->60
[2023-04-09T15:49:56.069+0800][330.797s] GC(219) Metaspace: 61499K(63688K)->61499K(63688K) NonClass: 54370K(55676K)->54370K(55676K) Class: 7129K(8012K)->7129K(8012K)
[2023-04-09T15:49:56.069+0800][330.797s] GC(219) Pause Young (Normal) (G1 Evacuation Pause) 445M->201M(512M) 2.704ms
[2023-04-09T15:49:56.069+0800][330.797s] GC(219) User=0.01s Sys=0.00s Real=0.00s
[2023-04-09T15:49:56.707+0800][331.434s] GC(220) Pause Young (Normal) (G1 Evacuation Pause)
[2023-04-09T15:49:56.707+0800][331.434s] GC(220) Using 8 workers of 8 for evacuation
[2023-04-09T15:49:56.709+0800][331.437s] GC(220)   Pre Evacuate Collection Set: 0.0ms
[2023-04-09T15:49:56.709+0800][331.437s] GC(220)   Evacuate Collection Set: 2.0ms
[2023-04-09T15:49:56.709+0800][331.437s] GC(220)   Post Evacuate Collection Set: 0.4ms
[2023-04-09T15:49:56.710+0800][331.437s] GC(220)   Other: 0.2ms
[2023-04-09T15:49:56.710+0800][331.437s] GC(220) Eden regions: 243->0(239)
[2023-04-09T15:49:56.710+0800][331.437s] GC(220) Survivor regions: 11->10(32)
[2023-04-09T15:49:56.710+0800][331.437s] GC(220) Old regions: 131->131
[2023-04-09T15:49:56.710+0800][331.437s] GC(220) Humongous regions: 78->66
[2023-04-09T15:49:56.710+0800][331.437s] GC(220) Metaspace: 61499K(63688K)->61499K(63688K) NonClass: 54370K(55676K)->54370K(55676K) Class: 7129K(8012K)->7129K(8012K)
[2023-04-09T15:49:56.710+0800][331.437s] GC(220) Pause Young (Normal) (G1 Evacuation Pause) 462M->206M(512M) 2.889ms
[2023-04-09T15:49:56.710+0800][331.437s] GC(220) User=0.01s Sys=0.00s Real=0.01s
[2023-04-09T15:49:57.477+0800][332.204s] GC(221) Pause Young (Normal) (G1 Evacuation Pause)
[2023-04-09T15:49:57.477+0800][332.204s] GC(221) Using 8 workers of 8 for evacuation
[2023-04-09T15:49:57.479+0800][332.206s] GC(221)   Pre Evacuate Collection Set: 0.0ms
[2023-04-09T15:49:57.479+0800][332.206s] GC(221)   Evacuate Collection Set: 1.3ms
[2023-04-09T15:49:57.479+0800][332.206s] GC(221)   Post Evacuate Collection Set: 0.3ms
[2023-04-09T15:49:57.479+0800][332.206s] GC(221)   Other: 0.2ms
[2023-04-09T15:49:57.479+0800][332.206s] GC(221) Eden regions: 239->0(253)
[2023-04-09T15:49:57.479+0800][332.206s] GC(221) Survivor regions: 10->1(32)
[2023-04-09T15:49:57.479+0800][332.206s] GC(221) Old regions: 131->131
[2023-04-09T15:49:57.479+0800][332.206s] GC(221) Humongous regions: 66->57
[2023-04-09T15:49:57.479+0800][332.206s] GC(221) Metaspace: 61501K(63688K)->61501K(63688K) NonClass: 54371K(55676K)->54371K(55676K) Class: 7129K(8012K)->7129K(8012K)
[2023-04-09T15:49:57.479+0800][332.206s] GC(221) Pause Young (Normal) (G1 Evacuation Pause) 445M->188M(512M) 1.942ms
[2023-04-09T15:49:57.479+0800][332.206s] GC(221) User=0.00s Sys=0.00s Real=0.00s
[2023-04-09T15:49:58.160+0800][332.887s] GC(222) Pause Young (Normal) (G1 Evacuation Pause)
[2023-04-09T15:49:58.160+0800][332.887s] GC(222) Using 8 workers of 8 for evacuation
[2023-04-09T15:49:58.162+0800][332.889s] GC(222)   Pre Evacuate Collection Set: 0.0ms
[2023-04-09T15:49:58.162+0800][332.889s] GC(222)   Evacuate Collection Set: 1.0ms
[2023-04-09T15:49:58.162+0800][332.889s] GC(222)   Post Evacuate Collection Set: 0.3ms
[2023-04-09T15:49:58.162+0800][332.889s] GC(222)   Other: 0.2ms
[2023-04-09T15:49:58.162+0800][332.889s] GC(222) Eden regions: 253->0(249)
[2023-04-09T15:49:58.162+0800][332.889s] GC(222) Survivor regions: 1->6(32)
[2023-04-09T15:49:58.162+0800][332.889s] GC(222) Old regions: 131->131
[2023-04-09T15:49:58.162+0800][332.889s] GC(222) Humongous regions: 58->58
[2023-04-09T15:49:58.162+0800][332.889s] GC(222) Metaspace: 61501K(63688K)->61501K(63688K) NonClass: 54371K(55676K)->54371K(55676K) Class: 7129K(8012K)->7129K(8012K)
[2023-04-09T15:49:58.162+0800][332.889s] GC(222) Pause Young (Normal) (G1 Evacuation Pause) 442M->194M(512M) 1.698ms
[2023-04-09T15:49:58.162+0800][332.889s] GC(222) User=0.00s Sys=0.00s Real=0.00s
[2023-04-09T15:49:58.862+0800][333.589s] GC(223) Pause Young (Normal) (G1 Evacuation Pause)
[2023-04-09T15:49:58.862+0800][333.589s] GC(223) Using 8 workers of 8 for evacuation
[2023-04-09T15:49:58.866+0800][333.593s] GC(223)   Pre Evacuate Collection Set: 0.0ms
[2023-04-09T15:49:58.866+0800][333.593s] GC(223)   Evacuate Collection Set: 3.4ms
[2023-04-09T15:49:58.866+0800][333.593s] GC(223)   Post Evacuate Collection Set: 0.5ms
[2023-04-09T15:49:58.866+0800][333.593s] GC(223)   Other: 0.2ms
[2023-04-09T15:49:58.866+0800][333.593s] GC(223) Eden regions: 249->0(244)
[2023-04-09T15:49:58.866+0800][333.593s] GC(223) Survivor regions: 6->10(32)
[2023-04-09T15:49:58.866+0800][333.593s] GC(223) Old regions: 131->131
[2023-04-09T15:49:58.866+0800][333.593s] GC(223) Humongous regions: 61->60
[2023-04-09T15:49:58.866+0800][333.593s] GC(223) Metaspace: 61501K(63688K)->61501K(63688K) NonClass: 54371K(55676K)->54371K(55676K) Class: 7129K(8012K)->7129K(8012K)
[2023-04-09T15:49:58.866+0800][333.593s] GC(223) Pause Young (Normal) (G1 Evacuation Pause) 446M->200M(512M) 4.475ms
[2023-04-09T15:49:58.866+0800][333.593s] GC(223) User=0.01s Sys=0.01s Real=0.00s
[2023-04-09T15:49:59.684+0800][334.411s] GC(224) Pause Young (Normal) (G1 Evacuation Pause)
[2023-04-09T15:49:59.684+0800][334.411s] GC(224) Using 8 workers of 8 for evacuation
[2023-04-09T15:49:59.686+0800][334.413s] GC(224)   Pre Evacuate Collection Set: 0.0ms
[2023-04-09T15:49:59.686+0800][334.414s] GC(224)   Evacuate Collection Set: 2.0ms
[2023-04-09T15:49:59.686+0800][334.414s] GC(224)   Post Evacuate Collection Set: 0.3ms
[2023-04-09T15:49:59.686+0800][334.414s] GC(224)   Other: 0.2ms
[2023-04-09T15:49:59.687+0800][334.414s] GC(224) Eden regions: 244->0(237)
[2023-04-09T15:49:59.687+0800][334.414s] GC(224) Survivor regions: 10->11(32)
[2023-04-09T15:49:59.687+0800][334.414s] GC(224) Old regions: 131->131
[2023-04-09T15:49:59.687+0800][334.414s] GC(224) Humongous regions: 73->66
[2023-04-09T15:49:59.687+0800][334.414s] GC(224) Metaspace: 61502K(63688K)->61502K(63688K) NonClass: 54373K(55676K)->54373K(55676K) Class: 7129K(8012K)->7129K(8012K)
[2023-04-09T15:49:59.687+0800][334.414s] GC(224) Pause Young (Normal) (G1 Evacuation Pause) 457M->207M(512M) 2.836ms
[2023-04-09T15:49:59.687+0800][334.414s] GC(224) User=0.01s Sys=0.00s Real=0.00s
[2023-04-09T15:50:00.335+0800][335.063s] GC(225) Pause Young (Normal) (G1 Evacuation Pause)
[2023-04-09T15:50:00.335+0800][335.063s] GC(225) Using 8 workers of 8 for evacuation
[2023-04-09T15:50:00.339+0800][335.066s] GC(225)   Pre Evacuate Collection Set: 0.0ms
[2023-04-09T15:50:00.339+0800][335.066s] GC(225)   Evacuate Collection Set: 3.0ms
[2023-04-09T15:50:00.339+0800][335.066s] GC(225)   Post Evacuate Collection Set: 0.3ms
[2023-04-09T15:50:00.339+0800][335.066s] GC(225)   Other: 0.2ms
[2023-04-09T15:50:00.339+0800][335.066s] GC(225) Eden regions: 237->0(238)
[2023-04-09T15:50:00.339+0800][335.066s] GC(225) Survivor regions: 11->11(31)
[2023-04-09T15:50:00.339+0800][335.066s] GC(225) Old regions: 131->131
[2023-04-09T15:50:00.339+0800][335.066s] GC(225) Humongous regions: 66->66
[2023-04-09T15:50:00.339+0800][335.066s] GC(225) Metaspace: 61503K(63688K)->61503K(63688K) NonClass: 54374K(55676K)->54374K(55676K) Class: 7129K(8012K)->7129K(8012K)
[2023-04-09T15:50:00.339+0800][335.066s] GC(225) Pause Young (Normal) (G1 Evacuation Pause) 444M->207M(512M) 3.675ms
[2023-04-09T15:50:00.339+0800][335.066s] GC(225) User=0.01s Sys=0.00s Real=0.00s
[2023-04-09T15:50:00.911+0800][335.639s] GC(226) Pause Young (Normal) (G1 Evacuation Pause)
[2023-04-09T15:50:00.912+0800][335.639s] GC(226) Using 8 workers of 8 for evacuation
[2023-04-09T15:50:00.914+0800][335.641s] GC(226)   Pre Evacuate Collection Set: 0.0ms
[2023-04-09T15:50:00.914+0800][335.641s] GC(226)   Evacuate Collection Set: 1.6ms
[2023-04-09T15:50:00.914+0800][335.641s] GC(226)   Post Evacuate Collection Set: 0.3ms
[2023-04-09T15:50:00.914+0800][335.641s] GC(226)   Other: 0.2ms
[2023-04-09T15:50:00.914+0800][335.641s] GC(226) Eden regions: 238->0(246)
[2023-04-09T15:50:00.914+0800][335.641s] GC(226) Survivor regions: 11->5(32)
[2023-04-09T15:50:00.914+0800][335.641s] GC(226) Old regions: 131->131
[2023-04-09T15:50:00.914+0800][335.641s] GC(226) Humongous regions: 66->57
[2023-04-09T15:50:00.914+0800][335.641s] GC(226) Metaspace: 61506K(63688K)->61506K(63688K) NonClass: 54377K(55676K)->54377K(55676K) Class: 7129K(8012K)->7129K(8012K)
[2023-04-09T15:50:00.914+0800][335.641s] GC(226) Pause Young (Normal) (G1 Evacuation Pause) 445M->192M(512M) 2.278ms
[2023-04-09T15:50:00.914+0800][335.641s] GC(226) User=0.01s Sys=0.00s Real=0.00s
[2023-04-09T15:50:01.173+0800][335.900s] GC(227) Pause Young (Normal) (G1 Evacuation Pause)
[2023-04-09T15:50:01.174+0800][335.901s] GC(227) Using 8 workers of 8 for evacuation
[2023-04-09T15:50:01.175+0800][335.902s] GC(227)   Pre Evacuate Collection Set: 0.0ms
[2023-04-09T15:50:01.175+0800][335.902s] GC(227)   Evacuate Collection Set: 0.8ms
[2023-04-09T15:50:01.175+0800][335.902s] GC(227)   Post Evacuate Collection Set: 0.3ms
[2023-04-09T15:50:01.175+0800][335.902s] GC(227)   Other: 0.6ms
[2023-04-09T15:50:01.175+0800][335.902s] GC(227) Eden regions: 246->0(246)
[2023-04-09T15:50:01.175+0800][335.902s] GC(227) Survivor regions: 5->6(32)
[2023-04-09T15:50:01.175+0800][335.902s] GC(227) Old regions: 131->131
[2023-04-09T15:50:01.175+0800][335.902s] GC(227) Humongous regions: 58->58
[2023-04-09T15:50:01.175+0800][335.902s] GC(227) Metaspace: 61506K(63688K)->61506K(63688K) NonClass: 54377K(55676K)->54377K(55676K) Class: 7129K(8012K)->7129K(8012K)
[2023-04-09T15:50:01.175+0800][335.902s] GC(227) Pause Young (Normal) (G1 Evacuation Pause) 439M->194M(512M) 1.868ms
[2023-04-09T15:50:01.175+0800][335.902s] GC(227) User=0.01s Sys=0.00s Real=0.00s
[2023-04-09T15:50:01.414+0800][336.141s] GC(228) Pause Young (Normal) (G1 Evacuation Pause)
[2023-04-09T15:50:01.414+0800][336.141s] GC(228) Using 8 workers of 8 for evacuation
[2023-04-09T15:50:01.417+0800][336.144s] GC(228)   Pre Evacuate Collection Set: 0.0ms
[2023-04-09T15:50:01.417+0800][336.144s] GC(228)   Evacuate Collection Set: 1.9ms
[2023-04-09T15:50:01.417+0800][336.144s] GC(228)   Post Evacuate Collection Set: 0.4ms
[2023-04-09T15:50:01.417+0800][336.144s] GC(228)   Other: 0.2ms
[2023-04-09T15:50:01.417+0800][336.144s] GC(228) Eden regions: 246->0(245)
[2023-04-09T15:50:01.417+0800][336.144s] GC(228) Survivor regions: 6->9(32)
[2023-04-09T15:50:01.417+0800][336.144s] GC(228) Old regions: 131->131
[2023-04-09T15:50:01.417+0800][336.144s] GC(228) Humongous regions: 60->59
[2023-04-09T15:50:01.417+0800][336.144s] GC(228) Metaspace: 61506K(63688K)->61506K(63688K) NonClass: 54377K(55676K)->54377K(55676K) Class: 7129K(8012K)->7129K(8012K)
[2023-04-09T15:50:01.417+0800][336.144s] GC(228) Pause Young (Normal) (G1 Evacuation Pause) 442M->198M(512M) 2.670ms
[2023-04-09T15:50:01.417+0800][336.144s] GC(228) User=0.01s Sys=0.00s Real=0.00s
[2023-04-09T15:50:01.656+0800][336.383s] GC(229) Pause Young (Normal) (G1 Evacuation Pause)
[2023-04-09T15:50:01.656+0800][336.383s] GC(229) Using 8 workers of 8 for evacuation
[2023-04-09T15:50:01.659+0800][336.386s] GC(229)   Pre Evacuate Collection Set: 0.0ms
[2023-04-09T15:50:01.659+0800][336.386s] GC(229)   Evacuate Collection Set: 2.3ms
[2023-04-09T15:50:01.659+0800][336.386s] GC(229)   Post Evacuate Collection Set: 0.3ms
[2023-04-09T15:50:01.659+0800][336.386s] GC(229)   Other: 0.2ms
[2023-04-09T15:50:01.659+0800][336.386s] GC(229) Eden regions: 245->0(244)
[2023-04-09T15:50:01.659+0800][336.386s] GC(229) Survivor regions: 9->11(32)
[2023-04-09T15:50:01.659+0800][336.386s] GC(229) Old regions: 131->131
[2023-04-09T15:50:01.659+0800][336.386s] GC(229) Humongous regions: 59->59
[2023-04-09T15:50:01.659+0800][336.386s] GC(229) Metaspace: 61506K(63688K)->61506K(63688K) NonClass: 54377K(55676K)->54377K(55676K) Class: 7129K(8012K)->7129K(8012K)
[2023-04-09T15:50:01.659+0800][336.386s] GC(229) Pause Young (Normal) (G1 Evacuation Pause) 443M->200M(512M) 2.986ms
[2023-04-09T15:50:01.659+0800][336.386s] GC(229) User=0.02s Sys=0.00s Real=0.00s
[2023-04-09T15:50:02.028+0800][336.755s] GC(230) Pause Young (Normal) (G1 Evacuation Pause)
[2023-04-09T15:50:02.028+0800][336.755s] GC(230) Using 8 workers of 8 for evacuation
[2023-04-09T15:50:02.031+0800][336.758s] GC(230)   Pre Evacuate Collection Set: 0.0ms
[2023-04-09T15:50:02.031+0800][336.758s] GC(230)   Evacuate Collection Set: 2.0ms
[2023-04-09T15:50:02.031+0800][336.758s] GC(230)   Post Evacuate Collection Set: 0.3ms
[2023-04-09T15:50:02.031+0800][336.758s] GC(230)   Other: 0.2ms
[2023-04-09T15:50:02.031+0800][336.758s] GC(230) Eden regions: 244->0(240)
[2023-04-09T15:50:02.031+0800][336.758s] GC(230) Survivor regions: 11->13(32)
[2023-04-09T15:50:02.031+0800][336.758s] GC(230) Old regions: 131->131
[2023-04-09T15:50:02.031+0800][336.758s] GC(230) Humongous regions: 60->60
[2023-04-09T15:50:02.031+0800][336.758s] GC(230) Metaspace: 61511K(63688K)->61511K(63688K) NonClass: 54382K(55676K)->54382K(55676K) Class: 7129K(8012K)->7129K(8012K)
[2023-04-09T15:50:02.031+0800][336.758s] GC(230) Pause Young (Normal) (G1 Evacuation Pause) 445M->203M(512M) 2.701ms
[2023-04-09T15:50:02.031+0800][336.758s] GC(230) User=0.01s Sys=0.00s Real=0.01s
[2023-04-09T15:50:02.401+0800][337.129s] GC(231) Pause Young (Normal) (G1 Evacuation Pause)
[2023-04-09T15:50:02.401+0800][337.129s] GC(231) Using 8 workers of 8 for evacuation
[2023-04-09T15:50:02.405+0800][337.132s] GC(231)   Pre Evacuate Collection Set: 0.0ms
[2023-04-09T15:50:02.405+0800][337.132s] GC(231)   Evacuate Collection Set: 3.0ms
[2023-04-09T15:50:02.405+0800][337.132s] GC(231)   Post Evacuate Collection Set: 0.4ms
[2023-04-09T15:50:02.405+0800][337.132s] GC(231)   Other: 0.2ms
[2023-04-09T15:50:02.405+0800][337.132s] GC(231) Eden regions: 240->0(238)
[2023-04-09T15:50:02.405+0800][337.132s] GC(231) Survivor regions: 13->12(32)
[2023-04-09T15:50:02.405+0800][337.132s] GC(231) Old regions: 131->131
[2023-04-09T15:50:02.405+0800][337.132s] GC(231) Humongous regions: 73->66
[2023-04-09T15:50:02.405+0800][337.132s] GC(231) Metaspace: 61511K(63688K)->61511K(63688K) NonClass: 54382K(55676K)->54382K(55676K) Class: 7129K(8012K)->7129K(8012K)
[2023-04-09T15:50:02.405+0800][337.132s] GC(231) Pause Young (Normal) (G1 Evacuation Pause) 456M->208M(512M) 3.892ms
[2023-04-09T15:50:02.405+0800][337.132s] GC(231) User=0.02s Sys=0.01s Real=0.00s
[2023-04-09T15:50:02.821+0800][337.548s] GC(232) Pause Young (Normal) (G1 Evacuation Pause)
[2023-04-09T15:50:02.821+0800][337.548s] GC(232) Using 8 workers of 8 for evacuation
[2023-04-09T15:50:02.823+0800][337.550s] GC(232)   Pre Evacuate Collection Set: 0.0ms
[2023-04-09T15:50:02.823+0800][337.550s] GC(232)   Evacuate Collection Set: 1.4ms
[2023-04-09T15:50:02.823+0800][337.550s] GC(232)   Post Evacuate Collection Set: 0.3ms
[2023-04-09T15:50:02.823+0800][337.550s] GC(232)   Other: 0.3ms
[2023-04-09T15:50:02.823+0800][337.550s] GC(232) Eden regions: 238->0(238)
[2023-04-09T15:50:02.823+0800][337.550s] GC(232) Survivor regions: 12->12(32)
[2023-04-09T15:50:02.823+0800][337.550s] GC(232) Old regions: 131->131
[2023-04-09T15:50:02.823+0800][337.550s] GC(232) Humongous regions: 71->66
[2023-04-09T15:50:02.823+0800][337.550s] GC(232) Metaspace: 61511K(63688K)->61511K(63688K) NonClass: 54382K(55676K)->54382K(55676K) Class: 7129K(8012K)->7129K(8012K)
[2023-04-09T15:50:02.823+0800][337.550s] GC(232) Pause Young (Normal) (G1 Evacuation Pause) 451M->208M(512M) 2.137ms
[2023-04-09T15:50:02.823+0800][337.550s] GC(232) User=0.01s Sys=0.00s Real=0.00s
[2023-04-09T15:50:03.223+0800][337.950s] GC(233) Pause Young (Normal) (G1 Evacuation Pause)
[2023-04-09T15:50:03.223+0800][337.950s] GC(233) Using 8 workers of 8 for evacuation
[2023-04-09T15:50:03.226+0800][337.953s] GC(233)   Pre Evacuate Collection Set: 0.0ms
[2023-04-09T15:50:03.226+0800][337.953s] GC(233)   Evacuate Collection Set: 2.1ms
[2023-04-09T15:50:03.226+0800][337.953s] GC(233)   Post Evacuate Collection Set: 0.3ms
[2023-04-09T15:50:03.226+0800][337.953s] GC(233)   Other: 0.2ms
[2023-04-09T15:50:03.226+0800][337.953s] GC(233) Eden regions: 238->0(239)
[2023-04-09T15:50:03.226+0800][337.953s] GC(233) Survivor regions: 12->12(32)
[2023-04-09T15:50:03.226+0800][337.953s] GC(233) Old regions: 131->131
[2023-04-09T15:50:03.226+0800][337.953s] GC(233) Humongous regions: 66->66
[2023-04-09T15:50:03.226+0800][337.953s] GC(233) Metaspace: 61511K(63688K)->61511K(63688K) NonClass: 54382K(55676K)->54382K(55676K) Class: 7129K(8012K)->7129K(8012K)
[2023-04-09T15:50:03.226+0800][337.953s] GC(233) Pause Young (Normal) (G1 Evacuation Pause) 446M->208M(512M) 2.870ms
[2023-04-09T15:50:03.226+0800][337.953s] GC(233) User=0.02s Sys=0.00s Real=0.00s
[2023-04-09T15:50:03.924+0800][338.652s] GC(234) Pause Young (Normal) (G1 Evacuation Pause)
[2023-04-09T15:50:03.924+0800][338.652s] GC(234) Using 8 workers of 8 for evacuation
[2023-04-09T15:50:03.927+0800][338.655s] GC(234)   Pre Evacuate Collection Set: 0.0ms
[2023-04-09T15:50:03.927+0800][338.655s] GC(234)   Evacuate Collection Set: 1.7ms
[2023-04-09T15:50:03.927+0800][338.655s] GC(234)   Post Evacuate Collection Set: 1.1ms
[2023-04-09T15:50:03.927+0800][338.655s] GC(234)   Other: 0.2ms
[2023-04-09T15:50:03.928+0800][338.655s] GC(234) Eden regions: 239->0(250)
[2023-04-09T15:50:03.928+0800][338.655s] GC(234) Survivor regions: 12->4(32)
[2023-04-09T15:50:03.928+0800][338.655s] GC(234) Old regions: 131->131
[2023-04-09T15:50:03.928+0800][338.655s] GC(234) Humongous regions: 66->57
[2023-04-09T15:50:03.928+0800][338.655s] GC(234) Metaspace: 61538K(63688K)->61538K(63688K) NonClass: 54409K(55676K)->54409K(55676K) Class: 7129K(8012K)->7129K(8012K)
[2023-04-09T15:50:03.928+0800][338.655s] GC(234) Pause Young (Normal) (G1 Evacuation Pause) 447M->191M(512M) 3.132ms
[2023-04-09T15:50:03.928+0800][338.655s] GC(234) User=0.01s Sys=0.00s Real=0.00s
[2023-04-09T15:50:04.272+0800][338.999s] GC(235) Pause Young (Normal) (G1 Evacuation Pause)
[2023-04-09T15:50:04.272+0800][338.999s] GC(235) Using 8 workers of 8 for evacuation
[2023-04-09T15:50:04.274+0800][339.001s] GC(235)   Pre Evacuate Collection Set: 0.0ms
[2023-04-09T15:50:04.274+0800][339.001s] GC(235)   Evacuate Collection Set: 1.7ms
[2023-04-09T15:50:04.274+0800][339.001s] GC(235)   Post Evacuate Collection Set: 0.3ms
[2023-04-09T15:50:04.274+0800][339.001s] GC(235)   Other: 0.2ms
[2023-04-09T15:50:04.274+0800][339.001s] GC(235) Eden regions: 250->0(248)
[2023-04-09T15:50:04.274+0800][339.001s] GC(235) Survivor regions: 4->7(32)
[2023-04-09T15:50:04.274+0800][339.001s] GC(235) Old regions: 131->131
[2023-04-09T15:50:04.274+0800][339.001s] GC(235) Humongous regions: 58->58
[2023-04-09T15:50:04.274+0800][339.001s] GC(235) Metaspace: 61538K(63688K)->61538K(63688K) NonClass: 54409K(55676K)->54409K(55676K) Class: 7129K(8012K)->7129K(8012K)
[2023-04-09T15:50:04.274+0800][339.001s] GC(235) Pause Young (Normal) (G1 Evacuation Pause) 442M->195M(512M) 2.361ms
[2023-04-09T15:50:04.274+0800][339.001s] GC(235) User=0.02s Sys=0.00s Real=0.00s
[2023-04-09T15:50:04.641+0800][339.368s] GC(236) Pause Young (Normal) (G1 Evacuation Pause)
[2023-04-09T15:50:04.641+0800][339.368s] GC(236) Using 8 workers of 8 for evacuation
[2023-04-09T15:50:04.644+0800][339.371s] GC(236)   Pre Evacuate Collection Set: 0.0ms
[2023-04-09T15:50:04.644+0800][339.371s] GC(236)   Evacuate Collection Set: 3.0ms
[2023-04-09T15:50:04.644+0800][339.371s] GC(236)   Post Evacuate Collection Set: 0.3ms
[2023-04-09T15:50:04.644+0800][339.371s] GC(236)   Other: 0.2ms
[2023-04-09T15:50:04.644+0800][339.371s] GC(236) Eden regions: 248->0(246)
[2023-04-09T15:50:04.644+0800][339.371s] GC(236) Survivor regions: 7->10(32)
[2023-04-09T15:50:04.644+0800][339.371s] GC(236) Old regions: 131->131
[2023-04-09T15:50:04.644+0800][339.371s] GC(236) Humongous regions: 60->59
[2023-04-09T15:50:04.644+0800][339.371s] GC(236) Metaspace: 61538K(63688K)->61538K(63688K) NonClass: 54409K(55676K)->54409K(55676K) Class: 7129K(8012K)->7129K(8012K)
[2023-04-09T15:50:04.644+0800][339.371s] GC(236) Pause Young (Normal) (G1 Evacuation Pause) 445M->199M(512M) 3.695ms
[2023-04-09T15:50:04.644+0800][339.372s] GC(236) User=0.01s Sys=0.01s Real=0.00s
[2023-04-09T15:50:05.014+0800][339.741s] GC(237) Pause Young (Normal) (G1 Evacuation Pause)
[2023-04-09T15:50:05.014+0800][339.741s] GC(237) Using 8 workers of 8 for evacuation
[2023-04-09T15:50:05.019+0800][339.746s] GC(237)   Pre Evacuate Collection Set: 0.0ms
[2023-04-09T15:50:05.019+0800][339.746s] GC(237)   Evacuate Collection Set: 4.0ms
[2023-04-09T15:50:05.019+0800][339.746s] GC(237)   Post Evacuate Collection Set: 0.4ms
[2023-04-09T15:50:05.019+0800][339.746s] GC(237)   Other: 0.2ms
[2023-04-09T15:50:05.019+0800][339.746s] GC(237) Eden regions: 246->0(243)
[2023-04-09T15:50:05.019+0800][339.746s] GC(237) Survivor regions: 10->12(32)
[2023-04-09T15:50:05.019+0800][339.746s] GC(237) Old regions: 131->131
[2023-04-09T15:50:05.019+0800][339.746s] GC(237) Humongous regions: 60->60
[2023-04-09T15:50:05.019+0800][339.746s] GC(237) Metaspace: 61538K(63688K)->61538K(63688K) NonClass: 54409K(55676K)->54409K(55676K) Class: 7129K(8012K)->7129K(8012K)
[2023-04-09T15:50:05.019+0800][339.746s] GC(237) Pause Young (Normal) (G1 Evacuation Pause) 446M->202M(512M) 4.721ms
[2023-04-09T15:50:05.019+0800][339.746s] GC(237) User=0.01s Sys=0.00s Real=0.00s
[2023-04-09T15:50:05.449+0800][340.176s] GC(238) Pause Young (Normal) (G1 Evacuation Pause)
[2023-04-09T15:50:05.449+0800][340.176s] GC(238) Using 8 workers of 8 for evacuation
[2023-04-09T15:50:05.454+0800][340.181s] GC(238)   Pre Evacuate Collection Set: 0.0ms
[2023-04-09T15:50:05.454+0800][340.181s] GC(238)   Evacuate Collection Set: 4.1ms
[2023-04-09T15:50:05.454+0800][340.181s] GC(238)   Post Evacuate Collection Set: 0.4ms
[2023-04-09T15:50:05.454+0800][340.181s] GC(238)   Other: 0.2ms
[2023-04-09T15:50:05.454+0800][340.181s] GC(238) Eden regions: 243->0(239)
[2023-04-09T15:50:05.454+0800][340.181s] GC(238) Survivor regions: 12->11(32)
[2023-04-09T15:50:05.454+0800][340.181s] GC(238) Old regions: 131->131
[2023-04-09T15:50:05.454+0800][340.181s] GC(238) Humongous regions: 68->66
[2023-04-09T15:50:05.454+0800][340.181s] GC(238) Metaspace: 61538K(63688K)->61538K(63688K) NonClass: 54409K(55676K)->54409K(55676K) Class: 7129K(8012K)->7129K(8012K)
[2023-04-09T15:50:05.454+0800][340.181s] GC(238) Pause Young (Normal) (G1 Evacuation Pause) 453M->207M(512M) 4.888ms
[2023-04-09T15:50:05.454+0800][340.181s] GC(238) User=0.02s Sys=0.00s Real=0.01s
[2023-04-09T15:50:06.050+0800][340.777s] GC(239) Pause Young (Normal) (G1 Evacuation Pause)
[2023-04-09T15:50:06.050+0800][340.777s] GC(239) Using 8 workers of 8 for evacuation
[2023-04-09T15:50:06.052+0800][340.779s] GC(239)   Pre Evacuate Collection Set: 0.0ms
[2023-04-09T15:50:06.052+0800][340.779s] GC(239)   Evacuate Collection Set: 2.0ms
[2023-04-09T15:50:06.052+0800][340.779s] GC(239)   Post Evacuate Collection Set: 0.4ms
[2023-04-09T15:50:06.052+0800][340.779s] GC(239)   Other: 0.2ms
[2023-04-09T15:50:06.052+0800][340.779s] GC(239) Eden regions: 239->0(239)
[2023-04-09T15:50:06.052+0800][340.779s] GC(239) Survivor regions: 11->11(32)
[2023-04-09T15:50:06.052+0800][340.779s] GC(239) Old regions: 131->131
[2023-04-09T15:50:06.052+0800][340.779s] GC(239) Humongous regions: 76->66
[2023-04-09T15:50:06.052+0800][340.779s] GC(239) Metaspace: 61539K(63688K)->61539K(63688K) NonClass: 54410K(55676K)->54410K(55676K) Class: 7129K(8012K)->7129K(8012K)
[2023-04-09T15:50:06.052+0800][340.779s] GC(239) Pause Young (Normal) (G1 Evacuation Pause) 456M->207M(512M) 2.804ms
[2023-04-09T15:50:06.052+0800][340.779s] GC(239) User=0.01s Sys=0.00s Real=0.00s
[2023-04-09T15:50:06.699+0800][341.426s] GC(240) Pause Young (Normal) (G1 Evacuation Pause)
[2023-04-09T15:50:06.699+0800][341.426s] GC(240) Using 8 workers of 8 for evacuation
[2023-04-09T15:50:06.700+0800][341.427s] GC(240)   Pre Evacuate Collection Set: 0.0ms
[2023-04-09T15:50:06.700+0800][341.427s] GC(240)   Evacuate Collection Set: 0.6ms
[2023-04-09T15:50:06.700+0800][341.427s] GC(240)   Post Evacuate Collection Set: 0.3ms
[2023-04-09T15:50:06.700+0800][341.427s] GC(240)   Other: 0.3ms
[2023-04-09T15:50:06.700+0800][341.427s] GC(240) Eden regions: 239->0(250)
[2023-04-09T15:50:06.700+0800][341.427s] GC(240) Survivor regions: 11->2(32)
[2023-04-09T15:50:06.700+0800][341.427s] GC(240) Old regions: 131->131
[2023-04-09T15:50:06.700+0800][341.427s] GC(240) Humongous regions: 66->57
[2023-04-09T15:50:06.700+0800][341.427s] GC(240) Metaspace: 61539K(63688K)->61539K(63688K) NonClass: 54410K(55676K)->54410K(55676K) Class: 7129K(8012K)->7129K(8012K)
[2023-04-09T15:50:06.700+0800][341.427s] GC(240) Pause Young (Normal) (G1 Evacuation Pause) 446M->189M(512M) 1.408ms
[2023-04-09T15:50:06.700+0800][341.427s] GC(240) User=0.00s Sys=0.00s Real=0.01s
[2023-04-09T15:50:07.472+0800][342.199s] GC(241) Pause Young (Normal) (G1 Evacuation Pause)
[2023-04-09T15:50:07.472+0800][342.199s] GC(241) Using 8 workers of 8 for evacuation
[2023-04-09T15:50:07.481+0800][342.208s] GC(241)   Pre Evacuate Collection Set: 0.0ms
[2023-04-09T15:50:07.481+0800][342.208s] GC(241)   Evacuate Collection Set: 8.2ms
[2023-04-09T15:50:07.481+0800][342.208s] GC(241)   Post Evacuate Collection Set: 0.4ms
[2023-04-09T15:50:07.481+0800][342.208s] GC(241)   Other: 0.3ms
[2023-04-09T15:50:07.481+0800][342.208s] GC(241) Eden regions: 250->0(246)
[2023-04-09T15:50:07.481+0800][342.208s] GC(241) Survivor regions: 2->7(32)
[2023-04-09T15:50:07.481+0800][342.208s] GC(241) Old regions: 131->132
[2023-04-09T15:50:07.481+0800][342.208s] GC(241) Humongous regions: 58->58
[2023-04-09T15:50:07.481+0800][342.208s] GC(241) Metaspace: 61539K(63688K)->61539K(63688K) NonClass: 54410K(55676K)->54410K(55676K) Class: 7129K(8012K)->7129K(8012K)
[2023-04-09T15:50:07.481+0800][342.208s] GC(241) Pause Young (Normal) (G1 Evacuation Pause) 440M->195M(512M) 9.037ms
[2023-04-09T15:50:07.481+0800][342.208s] GC(241) User=0.01s Sys=0.00s Real=0.01s
[2023-04-09T15:50:08.533+0800][343.260s] GC(242) Pause Young (Normal) (G1 Evacuation Pause)
[2023-04-09T15:50:08.533+0800][343.260s] GC(242) Using 8 workers of 8 for evacuation
[2023-04-09T15:50:08.535+0800][343.262s] GC(242)   Pre Evacuate Collection Set: 0.0ms
[2023-04-09T15:50:08.535+0800][343.262s] GC(242)   Evacuate Collection Set: 1.8ms
[2023-04-09T15:50:08.535+0800][343.262s] GC(242)   Post Evacuate Collection Set: 0.4ms
[2023-04-09T15:50:08.535+0800][343.262s] GC(242)   Other: 0.2ms
[2023-04-09T15:50:08.535+0800][343.262s] GC(242) Eden regions: 246->0(241)
[2023-04-09T15:50:08.535+0800][343.262s] GC(242) Survivor regions: 7->11(32)
[2023-04-09T15:50:08.535+0800][343.262s] GC(242) Old regions: 132->132
[2023-04-09T15:50:08.535+0800][343.262s] GC(242) Humongous regions: 62->60
[2023-04-09T15:50:08.535+0800][343.262s] GC(242) Metaspace: 61540K(63688K)->61540K(63688K) NonClass: 54411K(55676K)->54411K(55676K) Class: 7129K(8012K)->7129K(8012K)
[2023-04-09T15:50:08.536+0800][343.263s] GC(242) Pause Young (Normal) (G1 Evacuation Pause) 445M->201M(512M) 2.709ms
[2023-04-09T15:50:08.536+0800][343.263s] GC(242) User=0.01s Sys=0.00s Real=0.00s
[2023-04-09T15:50:09.287+0800][344.014s] GC(243) Pause Young (Normal) (G1 Evacuation Pause)
[2023-04-09T15:50:09.287+0800][344.014s] GC(243) Using 8 workers of 8 for evacuation
[2023-04-09T15:50:09.289+0800][344.016s] GC(243)   Pre Evacuate Collection Set: 0.0ms
[2023-04-09T15:50:09.289+0800][344.016s] GC(243)   Evacuate Collection Set: 2.1ms
[2023-04-09T15:50:09.289+0800][344.016s] GC(243)   Post Evacuate Collection Set: 0.3ms
[2023-04-09T15:50:09.289+0800][344.016s] GC(243)   Other: 0.2ms
[2023-04-09T15:50:09.289+0800][344.016s] GC(243) Eden regions: 241->0(234)
[2023-04-09T15:50:09.289+0800][344.016s] GC(243) Survivor regions: 11->13(32)
[2023-04-09T15:50:09.289+0800][344.016s] GC(243) Old regions: 132->132
[2023-04-09T15:50:09.289+0800][344.016s] GC(243) Humongous regions: 78->66
[2023-04-09T15:50:09.289+0800][344.016s] GC(243) Metaspace: 61543K(63688K)->61543K(63688K) NonClass: 54414K(55676K)->54414K(55676K) Class: 7129K(8012K)->7129K(8012K)
[2023-04-09T15:50:09.289+0800][344.016s] GC(243) Pause Young (Normal) (G1 Evacuation Pause) 460M->209M(512M) 2.956ms
[2023-04-09T15:50:09.290+0800][344.017s] GC(243) User=0.01s Sys=0.00s Real=0.01s
[2023-04-09T15:50:09.908+0800][344.635s] GC(244) Pause Young (Normal) (G1 Evacuation Pause)
[2023-04-09T15:50:09.908+0800][344.635s] GC(244) Using 8 workers of 8 for evacuation
[2023-04-09T15:50:09.910+0800][344.637s] GC(244)   Pre Evacuate Collection Set: 0.0ms
[2023-04-09T15:50:09.910+0800][344.637s] GC(244)   Evacuate Collection Set: 2.3ms
[2023-04-09T15:50:09.910+0800][344.637s] GC(244)   Post Evacuate Collection Set: 0.3ms
[2023-04-09T15:50:09.910+0800][344.637s] GC(244)   Other: 0.2ms
[2023-04-09T15:50:09.910+0800][344.638s] GC(244) Eden regions: 234->0(238)
[2023-04-09T15:50:09.911+0800][344.638s] GC(244) Survivor regions: 13->11(31)
[2023-04-09T15:50:09.911+0800][344.638s] GC(244) Old regions: 132->132
[2023-04-09T15:50:09.911+0800][344.638s] GC(244) Humongous regions: 66->66
[2023-04-09T15:50:09.911+0800][344.638s] GC(244) Metaspace: 61543K(63688K)->61543K(63688K) NonClass: 54414K(55676K)->54414K(55676K) Class: 7129K(8012K)->7129K(8012K)
[2023-04-09T15:50:09.911+0800][344.638s] GC(244) Pause Young (Normal) (G1 Evacuation Pause) 443M->207M(512M) 2.981ms
[2023-04-09T15:50:09.911+0800][344.638s] GC(244) User=0.01s Sys=0.00s Real=0.01s
[2023-04-09T15:50:10.586+0800][345.313s] GC(245) Pause Young (Normal) (G1 Evacuation Pause)
[2023-04-09T15:50:10.586+0800][345.313s] GC(245) Using 8 workers of 8 for evacuation
[2023-04-09T15:50:10.587+0800][345.314s] GC(245)   Pre Evacuate Collection Set: 0.0ms
[2023-04-09T15:50:10.587+0800][345.314s] GC(245)   Evacuate Collection Set: 0.6ms
[2023-04-09T15:50:10.587+0800][345.314s] GC(245)   Post Evacuate Collection Set: 0.3ms
[2023-04-09T15:50:10.587+0800][345.314s] GC(245)   Other: 0.2ms
[2023-04-09T15:50:10.587+0800][345.314s] GC(245) Eden regions: 238->0(247)
[2023-04-09T15:50:10.587+0800][345.314s] GC(245) Survivor regions: 11->5(32)
[2023-04-09T15:50:10.587+0800][345.314s] GC(245) Old regions: 132->132
[2023-04-09T15:50:10.588+0800][345.315s] GC(245) Humongous regions: 67->58
[2023-04-09T15:50:10.588+0800][345.315s] GC(245) Metaspace: 61543K(63688K)->61543K(63688K) NonClass: 54414K(55676K)->54414K(55676K) Class: 7129K(8012K)->7129K(8012K)
[2023-04-09T15:50:10.588+0800][345.315s] GC(245) Pause Young (Normal) (G1 Evacuation Pause) 446M->194M(512M) 1.272ms
[2023-04-09T15:50:10.588+0800][345.315s] GC(245) User=0.00s Sys=0.00s Real=0.00s
[2023-04-09T15:50:11.110+0800][345.837s] GC(246) Pause Young (Normal) (G1 Evacuation Pause)
[2023-04-09T15:50:11.110+0800][345.837s] GC(246) Using 8 workers of 8 for evacuation
[2023-04-09T15:50:11.112+0800][345.839s] GC(246)   Pre Evacuate Collection Set: 0.0ms
[2023-04-09T15:50:11.112+0800][345.839s] GC(246)   Evacuate Collection Set: 1.7ms
[2023-04-09T15:50:11.112+0800][345.839s] GC(246)   Post Evacuate Collection Set: 0.3ms
[2023-04-09T15:50:11.112+0800][345.839s] GC(246)   Other: 0.2ms
[2023-04-09T15:50:11.112+0800][345.839s] GC(246) Eden regions: 247->0(242)
[2023-04-09T15:50:11.112+0800][345.839s] GC(246) Survivor regions: 5->10(32)
[2023-04-09T15:50:11.112+0800][345.839s] GC(246) Old regions: 132->132
[2023-04-09T15:50:11.112+0800][345.839s] GC(246) Humongous regions: 60->59
[2023-04-09T15:50:11.112+0800][345.839s] GC(246) Metaspace: 61543K(63688K)->61543K(63688K) NonClass: 54414K(55676K)->54414K(55676K) Class: 7129K(8012K)->7129K(8012K)
[2023-04-09T15:50:11.112+0800][345.839s] GC(246) Pause Young (Normal) (G1 Evacuation Pause) 443M->200M(512M) 2.294ms
[2023-04-09T15:50:11.112+0800][345.839s] GC(246) User=0.01s Sys=0.00s Real=0.00s
[2023-04-09T15:50:11.681+0800][346.408s] GC(247) Pause Young (Normal) (G1 Evacuation Pause)
[2023-04-09T15:50:11.681+0800][346.408s] GC(247) Using 8 workers of 8 for evacuation
[2023-04-09T15:50:11.684+0800][346.411s] GC(247)   Pre Evacuate Collection Set: 0.0ms
[2023-04-09T15:50:11.684+0800][346.411s] GC(247)   Evacuate Collection Set: 2.3ms
[2023-04-09T15:50:11.684+0800][346.411s] GC(247)   Post Evacuate Collection Set: 0.3ms
[2023-04-09T15:50:11.684+0800][346.411s] GC(247)   Other: 0.2ms
[2023-04-09T15:50:11.684+0800][346.411s] GC(247) Eden regions: 242->0(236)
[2023-04-09T15:50:11.684+0800][346.411s] GC(247) Survivor regions: 10->11(32)
[2023-04-09T15:50:11.684+0800][346.411s] GC(247) Old regions: 132->132
[2023-04-09T15:50:11.684+0800][346.411s] GC(247) Humongous regions: 78->66
[2023-04-09T15:50:11.684+0800][346.411s] GC(247) Metaspace: 61543K(63688K)->61543K(63688K) NonClass: 54414K(55676K)->54414K(55676K) Class: 7129K(8012K)->7129K(8012K)
[2023-04-09T15:50:11.684+0800][346.411s] GC(247) Pause Young (Normal) (G1 Evacuation Pause) 461M->207M(512M) 2.979ms
[2023-04-09T15:50:11.684+0800][346.411s] GC(247) User=0.01s Sys=0.00s Real=0.00s
[2023-04-09T15:50:12.284+0800][347.011s] GC(248) Pause Young (Normal) (G1 Evacuation Pause)
[2023-04-09T15:50:12.284+0800][347.011s] GC(248) Using 8 workers of 8 for evacuation
[2023-04-09T15:50:12.286+0800][347.013s] GC(248)   Pre Evacuate Collection Set: 0.0ms
[2023-04-09T15:50:12.287+0800][347.013s] GC(248)   Evacuate Collection Set: 2.0ms
[2023-04-09T15:50:12.287+0800][347.014s] GC(248)   Post Evacuate Collection Set: 0.3ms
[2023-04-09T15:50:12.287+0800][347.014s] GC(248)   Other: 0.2ms
[2023-04-09T15:50:12.287+0800][347.014s] GC(248) Eden regions: 236->0(237)
[2023-04-09T15:50:12.287+0800][347.014s] GC(248) Survivor regions: 11->11(31)
[2023-04-09T15:50:12.287+0800][347.014s] GC(248) Old regions: 132->132
[2023-04-09T15:50:12.287+0800][347.014s] GC(248) Humongous regions: 66->66
[2023-04-09T15:50:12.287+0800][347.014s] GC(248) Metaspace: 61544K(63688K)->61544K(63688K) NonClass: 54415K(55676K)->54415K(55676K) Class: 7129K(8012K)->7129K(8012K)
[2023-04-09T15:50:12.287+0800][347.014s] GC(248) Pause Young (Normal) (G1 Evacuation Pause) 443M->208M(512M) 2.722ms
[2023-04-09T15:50:12.287+0800][347.014s] GC(248) User=0.01s Sys=0.00s Real=0.00s
[2023-04-09T15:50:12.926+0800][347.653s] GC(249) Pause Young (Normal) (G1 Evacuation Pause)
[2023-04-09T15:50:12.926+0800][347.653s] GC(249) Using 8 workers of 8 for evacuation
[2023-04-09T15:50:12.928+0800][347.655s] GC(249)   Pre Evacuate Collection Set: 0.0ms
[2023-04-09T15:50:12.928+0800][347.655s] GC(249)   Evacuate Collection Set: 1.4ms
[2023-04-09T15:50:12.928+0800][347.655s] GC(249)   Post Evacuate Collection Set: 0.3ms
[2023-04-09T15:50:12.928+0800][347.655s] GC(249)   Other: 0.2ms
[2023-04-09T15:50:12.928+0800][347.655s] GC(249) Eden regions: 237->0(247)
[2023-04-09T15:50:12.928+0800][347.655s] GC(249) Survivor regions: 11->4(31)
[2023-04-09T15:50:12.928+0800][347.655s] GC(249) Old regions: 132->132
[2023-04-09T15:50:12.928+0800][347.655s] GC(249) Humongous regions: 67->58
[2023-04-09T15:50:12.928+0800][347.655s] GC(249) Metaspace: 61548K(63688K)->61548K(63688K) NonClass: 54419K(55676K)->54419K(55676K) Class: 7129K(8012K)->7129K(8012K)
[2023-04-09T15:50:12.928+0800][347.655s] GC(249) Pause Young (Normal) (G1 Evacuation Pause) 446M->193M(512M) 2.018ms
[2023-04-09T15:50:12.928+0800][347.655s] GC(249) User=0.01s Sys=0.00s Real=0.00s
[2023-04-09T15:50:13.443+0800][348.170s] GC(250) Pause Young (Normal) (G1 Evacuation Pause)
[2023-04-09T15:50:13.443+0800][348.170s] GC(250) Using 8 workers of 8 for evacuation
[2023-04-09T15:50:13.445+0800][348.172s] GC(250)   Pre Evacuate Collection Set: 0.0ms
[2023-04-09T15:50:13.445+0800][348.172s] GC(250)   Evacuate Collection Set: 1.6ms
[2023-04-09T15:50:13.445+0800][348.172s] GC(250)   Post Evacuate Collection Set: 0.3ms
[2023-04-09T15:50:13.446+0800][348.172s] GC(250)   Other: 0.2ms
[2023-04-09T15:50:13.446+0800][348.172s] GC(250) Eden regions: 247->0(243)
[2023-04-09T15:50:13.446+0800][348.173s] GC(250) Survivor regions: 4->9(32)
[2023-04-09T15:50:13.446+0800][348.173s] GC(250) Old regions: 132->132
[2023-04-09T15:50:13.446+0800][348.173s] GC(250) Humongous regions: 60->59
[2023-04-09T15:50:13.446+0800][348.173s] GC(250) Metaspace: 61548K(63688K)->61548K(63688K) NonClass: 54419K(55676K)->54419K(55676K) Class: 7129K(8012K)->7129K(8012K)
[2023-04-09T15:50:13.446+0800][348.173s] GC(250) Pause Young (Normal) (G1 Evacuation Pause) 442M->199M(512M) 2.236ms
[2023-04-09T15:50:13.446+0800][348.173s] GC(250) User=0.01s Sys=0.00s Real=0.00s
[2023-04-09T15:50:13.975+0800][348.702s] GC(251) Pause Young (Normal) (G1 Evacuation Pause)
[2023-04-09T15:50:13.975+0800][348.702s] GC(251) Using 8 workers of 8 for evacuation
[2023-04-09T15:50:13.978+0800][348.705s] GC(251)   Pre Evacuate Collection Set: 0.0ms
[2023-04-09T15:50:13.978+0800][348.705s] GC(251)   Evacuate Collection Set: 2.7ms
[2023-04-09T15:50:13.978+0800][348.705s] GC(251)   Post Evacuate Collection Set: 0.3ms
[2023-04-09T15:50:13.979+0800][348.705s] GC(251)   Other: 0.2ms
[2023-04-09T15:50:13.979+0800][348.705s] GC(251) Eden regions: 243->0(237)
[2023-04-09T15:50:13.979+0800][348.705s] GC(251) Survivor regions: 9->10(32)
[2023-04-09T15:50:13.979+0800][348.706s] GC(251) Old regions: 132->132
[2023-04-09T15:50:13.979+0800][348.706s] GC(251) Humongous regions: 73->66
[2023-04-09T15:50:13.979+0800][348.706s] GC(251) Metaspace: 61548K(63688K)->61548K(63688K) NonClass: 54419K(55676K)->54419K(55676K) Class: 7129K(8012K)->7129K(8012K)
[2023-04-09T15:50:13.979+0800][348.706s] GC(251) Pause Young (Normal) (G1 Evacuation Pause) 456M->207M(512M) 3.377ms
[2023-04-09T15:50:13.979+0800][348.706s] GC(251) User=0.01s Sys=0.00s Real=0.00s
[2023-04-09T15:50:14.635+0800][349.362s] GC(252) Pause Young (Normal) (G1 Evacuation Pause)
[2023-04-09T15:50:14.635+0800][349.362s] GC(252) Using 8 workers of 8 for evacuation
[2023-04-09T15:50:14.638+0800][349.365s] GC(252)   Pre Evacuate Collection Set: 0.0ms
[2023-04-09T15:50:14.638+0800][349.365s] GC(252)   Evacuate Collection Set: 2.4ms
[2023-04-09T15:50:14.638+0800][349.365s] GC(252)   Post Evacuate Collection Set: 0.3ms
[2023-04-09T15:50:14.638+0800][349.365s] GC(252)   Other: 0.2ms
[2023-04-09T15:50:14.638+0800][349.365s] GC(252) Eden regions: 237->0(236)
[2023-04-09T15:50:14.638+0800][349.365s] GC(252) Survivor regions: 10->11(31)
[2023-04-09T15:50:14.638+0800][349.365s] GC(252) Old regions: 132->132
[2023-04-09T15:50:14.638+0800][349.365s] GC(252) Humongous regions: 71->66
[2023-04-09T15:50:14.638+0800][349.365s] GC(252) Metaspace: 61548K(63688K)->61548K(63688K) NonClass: 54419K(55676K)->54419K(55676K) Class: 7129K(8012K)->7129K(8012K)
[2023-04-09T15:50:14.638+0800][349.365s] GC(252) Pause Young (Normal) (G1 Evacuation Pause) 449M->207M(512M) 3.093ms
[2023-04-09T15:50:14.638+0800][349.365s] GC(252) User=0.01s Sys=0.00s Real=0.00s
[2023-04-09T15:50:15.423+0800][350.150s] GC(253) Pause Young (Normal) (G1 Evacuation Pause)
[2023-04-09T15:50:15.423+0800][350.150s] GC(253) Using 8 workers of 8 for evacuation
[2023-04-09T15:50:15.442+0800][350.169s] GC(253)   Pre Evacuate Collection Set: 0.0ms
[2023-04-09T15:50:15.442+0800][350.169s] GC(253)   Evacuate Collection Set: 14.9ms
[2023-04-09T15:50:15.442+0800][350.169s] GC(253)   Post Evacuate Collection Set: 3.9ms
[2023-04-09T15:50:15.442+0800][350.169s] GC(253)   Other: 0.3ms
[2023-04-09T15:50:15.442+0800][350.169s] GC(253) Eden regions: 236->0(245)
[2023-04-09T15:50:15.442+0800][350.169s] GC(253) Survivor regions: 11->4(31)
[2023-04-09T15:50:15.442+0800][350.169s] GC(253) Old regions: 132->132
[2023-04-09T15:50:15.442+0800][350.169s] GC(253) Humongous regions: 67->58
[2023-04-09T15:50:15.442+0800][350.169s] GC(253) Metaspace: 61548K(63688K)->61548K(63688K) NonClass: 54419K(55676K)->54419K(55676K) Class: 7129K(8012K)->7129K(8012K)
[2023-04-09T15:50:15.442+0800][350.169s] GC(253) Pause Young (Normal) (G1 Evacuation Pause) 444M->192M(512M) 19.274ms
[2023-04-09T15:50:15.442+0800][350.169s] GC(253) User=0.01s Sys=0.00s Real=0.02s
[2023-04-09T15:50:16.612+0800][351.339s] GC(254) Pause Young (Normal) (G1 Evacuation Pause)
[2023-04-09T15:50:16.612+0800][351.339s] GC(254) Using 8 workers of 8 for evacuation
[2023-04-09T15:50:16.614+0800][351.341s] GC(254)   Pre Evacuate Collection Set: 0.0ms
[2023-04-09T15:50:16.614+0800][351.341s] GC(254)   Evacuate Collection Set: 1.9ms
[2023-04-09T15:50:16.614+0800][351.341s] GC(254)   Post Evacuate Collection Set: 0.3ms
[2023-04-09T15:50:16.614+0800][351.341s] GC(254)   Other: 0.2ms
[2023-04-09T15:50:16.614+0800][351.341s] GC(254) Eden regions: 245->0(243)
[2023-04-09T15:50:16.614+0800][351.341s] GC(254) Survivor regions: 4->8(32)
[2023-04-09T15:50:16.614+0800][351.341s] GC(254) Old regions: 132->132
[2023-04-09T15:50:16.615+0800][351.341s] GC(254) Humongous regions: 60->59
[2023-04-09T15:50:16.615+0800][351.341s] GC(254) Metaspace: 61548K(63688K)->61548K(63688K) NonClass: 54419K(55676K)->54419K(55676K) Class: 7129K(8012K)->7129K(8012K)
[2023-04-09T15:50:16.615+0800][351.341s] GC(254) Pause Young (Normal) (G1 Evacuation Pause) 439M->198M(512M) 2.711ms
[2023-04-09T15:50:16.615+0800][351.342s] GC(254) User=0.02s Sys=0.00s Real=0.00s
[2023-04-09T15:50:17.242+0800][351.969s] GC(255) Pause Young (Normal) (G1 Evacuation Pause)
[2023-04-09T15:50:17.242+0800][351.969s] GC(255) Using 8 workers of 8 for evacuation
[2023-04-09T15:50:17.244+0800][351.971s] GC(255)   Pre Evacuate Collection Set: 0.0ms
[2023-04-09T15:50:17.244+0800][351.971s] GC(255)   Evacuate Collection Set: 1.9ms
[2023-04-09T15:50:17.244+0800][351.971s] GC(255)   Post Evacuate Collection Set: 0.3ms
[2023-04-09T15:50:17.244+0800][351.971s] GC(255)   Other: 0.2ms
[2023-04-09T15:50:17.244+0800][351.971s] GC(255) Eden regions: 243->0(238)
[2023-04-09T15:50:17.244+0800][351.971s] GC(255) Survivor regions: 8->9(32)
[2023-04-09T15:50:17.244+0800][351.971s] GC(255) Old regions: 132->132
[2023-04-09T15:50:17.244+0800][351.971s] GC(255) Humongous regions: 68->66
[2023-04-09T15:50:17.245+0800][351.971s] GC(255) Metaspace: 61548K(63688K)->61548K(63688K) NonClass: 54419K(55676K)->54419K(55676K) Class: 7129K(8012K)->7129K(8012K)
[2023-04-09T15:50:17.245+0800][351.971s] GC(255) Pause Young (Normal) (G1 Evacuation Pause) 450M->206M(512M) 2.554ms
[2023-04-09T15:50:17.245+0800][351.971s] GC(255) User=0.01s Sys=0.00s Real=0.00s
[2023-04-09T15:50:18.014+0800][352.741s] GC(256) Pause Young (Normal) (G1 Evacuation Pause)
[2023-04-09T15:50:18.014+0800][352.741s] GC(256) Using 8 workers of 8 for evacuation
[2023-04-09T15:50:18.019+0800][352.746s] GC(256)   Pre Evacuate Collection Set: 0.0ms
[2023-04-09T15:50:18.019+0800][352.746s] GC(256)   Evacuate Collection Set: 2.1ms
[2023-04-09T15:50:18.019+0800][352.746s] GC(256)   Post Evacuate Collection Set: 3.0ms
[2023-04-09T15:50:18.019+0800][352.746s] GC(256)   Other: 0.2ms
[2023-04-09T15:50:18.019+0800][352.746s] GC(256) Eden regions: 238->0(236)
[2023-04-09T15:50:18.019+0800][352.746s] GC(256) Survivor regions: 9->11(31)
[2023-04-09T15:50:18.019+0800][352.746s] GC(256) Old regions: 132->132
[2023-04-09T15:50:18.019+0800][352.746s] GC(256) Humongous regions: 76->66
[2023-04-09T15:50:18.019+0800][352.746s] GC(256) Metaspace: 61548K(63688K)->61548K(63688K) NonClass: 54419K(55676K)->54419K(55676K) Class: 7129K(8012K)->7129K(8012K)
[2023-04-09T15:50:18.019+0800][352.746s] GC(256) Pause Young (Normal) (G1 Evacuation Pause) 454M->207M(512M) 5.671ms
[2023-04-09T15:50:18.020+0800][352.746s] GC(256) User=0.01s Sys=0.00s Real=0.01s
[2023-04-09T15:50:18.709+0800][353.436s] GC(257) Pause Young (Normal) (G1 Evacuation Pause)
[2023-04-09T15:50:18.709+0800][353.436s] GC(257) Using 8 workers of 8 for evacuation
[2023-04-09T15:50:18.710+0800][353.437s] GC(257)   Pre Evacuate Collection Set: 0.1ms
[2023-04-09T15:50:18.710+0800][353.437s] GC(257)   Evacuate Collection Set: 1.1ms
[2023-04-09T15:50:18.710+0800][353.437s] GC(257)   Post Evacuate Collection Set: 0.3ms
[2023-04-09T15:50:18.710+0800][353.437s] GC(257)   Other: 0.2ms
[2023-04-09T15:50:18.710+0800][353.437s] GC(257) Eden regions: 236->0(248)
[2023-04-09T15:50:18.710+0800][353.437s] GC(257) Survivor regions: 11->2(31)
[2023-04-09T15:50:18.711+0800][353.437s] GC(257) Old regions: 132->132
[2023-04-09T15:50:18.711+0800][353.437s] GC(257) Humongous regions: 66->57
[2023-04-09T15:50:18.711+0800][353.437s] GC(257) Metaspace: 61552K(63688K)->61552K(63688K) NonClass: 54423K(55676K)->54423K(55676K) Class: 7129K(8012K)->7129K(8012K)
[2023-04-09T15:50:18.711+0800][353.437s] GC(257) Pause Young (Normal) (G1 Evacuation Pause) 443M->190M(512M) 1.857ms
[2023-04-09T15:50:18.711+0800][353.437s] GC(257) User=0.00s Sys=0.00s Real=0.01s
[2023-04-09T15:50:19.338+0800][354.065s] GC(258) Pause Young (Normal) (G1 Evacuation Pause)
[2023-04-09T15:50:19.338+0800][354.065s] GC(258) Using 8 workers of 8 for evacuation
[2023-04-09T15:50:19.340+0800][354.067s] GC(258)   Pre Evacuate Collection Set: 0.0ms
[2023-04-09T15:50:19.340+0800][354.067s] GC(258)   Evacuate Collection Set: 1.5ms
[2023-04-09T15:50:19.340+0800][354.067s] GC(258)   Post Evacuate Collection Set: 0.3ms
[2023-04-09T15:50:19.340+0800][354.067s] GC(258)   Other: 0.2ms
[2023-04-09T15:50:19.340+0800][354.067s] GC(258) Eden regions: 248->0(244)
[2023-04-09T15:50:19.340+0800][354.067s] GC(258) Survivor regions: 2->7(32)
[2023-04-09T15:50:19.340+0800][354.067s] GC(258) Old regions: 132->132
[2023-04-09T15:50:19.340+0800][354.067s] GC(258) Humongous regions: 60->59
[2023-04-09T15:50:19.340+0800][354.067s] GC(258) Metaspace: 61552K(63688K)->61552K(63688K) NonClass: 54423K(55676K)->54423K(55676K) Class: 7129K(8012K)->7129K(8012K)
[2023-04-09T15:50:19.340+0800][354.067s] GC(258) Pause Young (Normal) (G1 Evacuation Pause) 441M->196M(512M) 2.329ms
[2023-04-09T15:50:19.340+0800][354.067s] GC(258) User=0.01s Sys=0.01s Real=0.01s
[2023-04-09T15:50:19.927+0800][354.654s] GC(259) Pause Young (Normal) (G1 Evacuation Pause)
[2023-04-09T15:50:19.927+0800][354.654s] GC(259) Using 8 workers of 8 for evacuation
[2023-04-09T15:50:19.929+0800][354.656s] GC(259)   Pre Evacuate Collection Set: 0.0ms
[2023-04-09T15:50:19.929+0800][354.656s] GC(259)   Evacuate Collection Set: 2.0ms
[2023-04-09T15:50:19.929+0800][354.656s] GC(259)   Post Evacuate Collection Set: 0.3ms
[2023-04-09T15:50:19.929+0800][354.656s] GC(259)   Other: 0.2ms
[2023-04-09T15:50:19.929+0800][354.656s] GC(259) Eden regions: 244->0(240)
[2023-04-09T15:50:19.930+0800][354.656s] GC(259) Survivor regions: 7->11(32)
[2023-04-09T15:50:19.930+0800][354.656s] GC(259) Old regions: 132->132
[2023-04-09T15:50:19.930+0800][354.656s] GC(259) Humongous regions: 60->60
[2023-04-09T15:50:19.930+0800][354.656s] GC(259) Metaspace: 61552K(63688K)->61552K(63688K) NonClass: 54423K(55676K)->54423K(55676K) Class: 7129K(8012K)->7129K(8012K)
[2023-04-09T15:50:19.930+0800][354.656s] GC(259) Pause Young (Normal) (G1 Evacuation Pause) 441M->201M(512M) 2.691ms
[2023-04-09T15:50:19.930+0800][354.656s] GC(259) User=0.01s Sys=0.00s Real=0.01s
[2023-04-09T15:50:20.700+0800][355.426s] GC(260) Pause Young (Normal) (G1 Evacuation Pause)
[2023-04-09T15:50:20.700+0800][355.427s] GC(260) Using 8 workers of 8 for evacuation
[2023-04-09T15:50:20.704+0800][355.430s] GC(260)   Pre Evacuate Collection Set: 0.2ms
[2023-04-09T15:50:20.704+0800][355.430s] GC(260)   Evacuate Collection Set: 3.2ms
[2023-04-09T15:50:20.704+0800][355.430s] GC(260)   Post Evacuate Collection Set: 0.3ms
[2023-04-09T15:50:20.704+0800][355.431s] GC(260)   Other: 0.3ms
[2023-04-09T15:50:20.704+0800][355.431s] GC(260) Eden regions: 240->0(237)
[2023-04-09T15:50:20.704+0800][355.431s] GC(260) Survivor regions: 11->10(32)
[2023-04-09T15:50:20.704+0800][355.431s] GC(260) Old regions: 132->132
[2023-04-09T15:50:20.704+0800][355.431s] GC(260) Humongous regions: 78->66
[2023-04-09T15:50:20.704+0800][355.431s] GC(260) Metaspace: 61552K(63688K)->61552K(63688K) NonClass: 54423K(55676K)->54423K(55676K) Class: 7129K(8012K)->7129K(8012K)
[2023-04-09T15:50:20.704+0800][355.431s] GC(260) Pause Young (Normal) (G1 Evacuation Pause) 459M->207M(512M) 4.162ms
[2023-04-09T15:50:20.704+0800][355.431s] GC(260) User=0.01s Sys=0.00s Real=0.00s
[2023-04-09T15:50:21.354+0800][356.081s] GC(261) Pause Young (Normal) (G1 Evacuation Pause)
[2023-04-09T15:50:21.355+0800][356.081s] GC(261) Using 8 workers of 8 for evacuation
[2023-04-09T15:50:21.356+0800][356.083s] GC(261)   Pre Evacuate Collection Set: 0.0ms
[2023-04-09T15:50:21.356+0800][356.083s] GC(261)   Evacuate Collection Set: 1.4ms
[2023-04-09T15:50:21.356+0800][356.083s] GC(261)   Post Evacuate Collection Set: 0.3ms
[2023-04-09T15:50:21.357+0800][356.083s] GC(261)   Other: 0.2ms
[2023-04-09T15:50:21.357+0800][356.083s] GC(261) Eden regions: 237->0(250)
[2023-04-09T15:50:21.357+0800][356.083s] GC(261) Survivor regions: 10->2(31)
[2023-04-09T15:50:21.357+0800][356.083s] GC(261) Old regions: 132->132
[2023-04-09T15:50:21.357+0800][356.083s] GC(261) Humongous regions: 66->57
[2023-04-09T15:50:21.357+0800][356.083s] GC(261) Metaspace: 61552K(63688K)->61552K(63688K) NonClass: 54423K(55676K)->54423K(55676K) Class: 7129K(8012K)->7129K(8012K)
[2023-04-09T15:50:21.357+0800][356.083s] GC(261) Pause Young (Normal) (G1 Evacuation Pause) 444M->189M(512M) 2.132ms
[2023-04-09T15:50:21.357+0800][356.084s] GC(261) User=0.00s Sys=0.00s Real=0.00s
[2023-04-09T15:50:21.945+0800][356.672s] GC(262) Pause Young (Normal) (G1 Evacuation Pause)
[2023-04-09T15:50:21.946+0800][356.672s] GC(262) Using 8 workers of 8 for evacuation
[2023-04-09T15:50:21.947+0800][356.674s] GC(262)   Pre Evacuate Collection Set: 0.0ms
[2023-04-09T15:50:21.947+0800][356.674s] GC(262)   Evacuate Collection Set: 1.2ms
[2023-04-09T15:50:21.947+0800][356.674s] GC(262)   Post Evacuate Collection Set: 0.3ms
[2023-04-09T15:50:21.947+0800][356.674s] GC(262)   Other: 0.2ms
[2023-04-09T15:50:21.947+0800][356.674s] GC(262) Eden regions: 250->0(247)
[2023-04-09T15:50:21.947+0800][356.674s] GC(262) Survivor regions: 2->6(32)
[2023-04-09T15:50:21.947+0800][356.674s] GC(262) Old regions: 132->132
[2023-04-09T15:50:21.947+0800][356.674s] GC(262) Humongous regions: 58->58
[2023-04-09T15:50:21.947+0800][356.674s] GC(262) Metaspace: 61552K(63688K)->61552K(63688K) NonClass: 54423K(55676K)->54423K(55676K) Class: 7129K(8012K)->7129K(8012K)
[2023-04-09T15:50:21.947+0800][356.674s] GC(262) Pause Young (Normal) (G1 Evacuation Pause) 440M->195M(512M) 1.867ms
[2023-04-09T15:50:21.947+0800][356.674s] GC(262) User=0.01s Sys=0.00s Real=0.00s
[2023-04-09T15:50:22.712+0800][357.439s] GC(263) Pause Young (Normal) (G1 Evacuation Pause)
[2023-04-09T15:50:22.712+0800][357.439s] GC(263) Using 8 workers of 8 for evacuation
[2023-04-09T15:50:22.714+0800][357.441s] GC(263)   Pre Evacuate Collection Set: 0.0ms
[2023-04-09T15:50:22.714+0800][357.441s] GC(263)   Evacuate Collection Set: 1.9ms
[2023-04-09T15:50:22.714+0800][357.441s] GC(263)   Post Evacuate Collection Set: 0.3ms
[2023-04-09T15:50:22.714+0800][357.441s] GC(263)   Other: 0.2ms
[2023-04-09T15:50:22.714+0800][357.441s] GC(263) Eden regions: 247->0(241)
[2023-04-09T15:50:22.714+0800][357.441s] GC(263) Survivor regions: 6->11(32)
[2023-04-09T15:50:22.714+0800][357.441s] GC(263) Old regions: 132->132
[2023-04-09T15:50:22.714+0800][357.441s] GC(263) Humongous regions: 61->60
[2023-04-09T15:50:22.714+0800][357.441s] GC(263) Metaspace: 61552K(63688K)->61552K(63688K) NonClass: 54423K(55676K)->54423K(55676K) Class: 7129K(8012K)->7129K(8012K)
[2023-04-09T15:50:22.714+0800][357.441s] GC(263) Pause Young (Normal) (G1 Evacuation Pause) 445M->202M(512M) 2.546ms
[2023-04-09T15:50:22.714+0800][357.441s] GC(263) User=0.01s Sys=0.00s Real=0.00s
[2023-04-09T15:50:23.426+0800][358.153s] GC(264) Pause Young (Normal) (G1 Evacuation Pause)
[2023-04-09T15:50:23.426+0800][358.153s] GC(264) Using 8 workers of 8 for evacuation
[2023-04-09T15:50:23.429+0800][358.155s] GC(264)   Pre Evacuate Collection Set: 0.0ms
[2023-04-09T15:50:23.429+0800][358.156s] GC(264)   Evacuate Collection Set: 1.9ms
[2023-04-09T15:50:23.429+0800][358.156s] GC(264)   Post Evacuate Collection Set: 0.3ms
[2023-04-09T15:50:23.429+0800][358.156s] GC(264)   Other: 0.2ms
[2023-04-09T15:50:23.429+0800][358.156s] GC(264) Eden regions: 241->0(237)
[2023-04-09T15:50:23.429+0800][358.156s] GC(264) Survivor regions: 11->10(32)
[2023-04-09T15:50:23.429+0800][358.156s] GC(264) Old regions: 132->132
[2023-04-09T15:50:23.429+0800][358.156s] GC(264) Humongous regions: 78->66
[2023-04-09T15:50:23.429+0800][358.156s] GC(264) Metaspace: 61552K(63688K)->61552K(63688K) NonClass: 54423K(55676K)->54423K(55676K) Class: 7129K(8012K)->7129K(8012K)
[2023-04-09T15:50:23.429+0800][358.156s] GC(264) Pause Young (Normal) (G1 Evacuation Pause) 461M->207M(512M) 2.573ms
[2023-04-09T15:50:23.429+0800][358.156s] GC(264) User=0.01s Sys=0.00s Real=0.00s
[2023-04-09T15:50:24.164+0800][358.891s] GC(265) Pause Young (Normal) (G1 Evacuation Pause)
[2023-04-09T15:50:24.165+0800][358.891s] GC(265) Using 8 workers of 8 for evacuation
[2023-04-09T15:50:24.166+0800][358.893s] GC(265)   Pre Evacuate Collection Set: 0.0ms
[2023-04-09T15:50:24.166+0800][358.893s] GC(265)   Evacuate Collection Set: 1.3ms
[2023-04-09T15:50:24.166+0800][358.893s] GC(265)   Post Evacuate Collection Set: 0.3ms
[2023-04-09T15:50:24.166+0800][358.893s] GC(265)   Other: 0.2ms
[2023-04-09T15:50:24.166+0800][358.893s] GC(265) Eden regions: 237->0(250)
[2023-04-09T15:50:24.166+0800][358.893s] GC(265) Survivor regions: 10->1(31)
[2023-04-09T15:50:24.166+0800][358.893s] GC(265) Old regions: 132->132
[2023-04-09T15:50:24.166+0800][358.893s] GC(265) Humongous regions: 66->57
[2023-04-09T15:50:24.166+0800][358.893s] GC(265) Metaspace: 61552K(63688K)->61552K(63688K) NonClass: 54423K(55676K)->54423K(55676K) Class: 7129K(8012K)->7129K(8012K)
[2023-04-09T15:50:24.166+0800][358.893s] GC(265) Pause Young (Normal) (G1 Evacuation Pause) 444M->188M(512M) 1.999ms
[2023-04-09T15:50:24.167+0800][358.893s] GC(265) User=0.01s Sys=0.00s Real=0.00s
[2023-04-09T15:50:24.825+0800][359.552s] GC(266) Pause Young (Normal) (G1 Evacuation Pause)
[2023-04-09T15:50:24.825+0800][359.552s] GC(266) Using 8 workers of 8 for evacuation
[2023-04-09T15:50:24.826+0800][359.553s] GC(266)   Pre Evacuate Collection Set: 0.0ms
[2023-04-09T15:50:24.826+0800][359.553s] GC(266)   Evacuate Collection Set: 0.6ms
[2023-04-09T15:50:24.826+0800][359.553s] GC(266)   Post Evacuate Collection Set: 0.3ms
[2023-04-09T15:50:24.826+0800][359.553s] GC(266)   Other: 0.2ms
[2023-04-09T15:50:24.826+0800][359.553s] GC(266) Eden regions: 250->0(247)
[2023-04-09T15:50:24.826+0800][359.553s] GC(266) Survivor regions: 1->6(32)
[2023-04-09T15:50:24.826+0800][359.553s] GC(266) Old regions: 132->132
[2023-04-09T15:50:24.826+0800][359.553s] GC(266) Humongous regions: 58->58
[2023-04-09T15:50:24.826+0800][359.553s] GC(266) Metaspace: 61552K(63688K)->61552K(63688K) NonClass: 54423K(55676K)->54423K(55676K) Class: 7129K(8012K)->7129K(8012K)
[2023-04-09T15:50:24.826+0800][359.553s] GC(266) Pause Young (Normal) (G1 Evacuation Pause) 439M->194M(512M) 1.184ms
[2023-04-09T15:50:24.826+0800][359.553s] GC(266) User=0.00s Sys=0.00s Real=0.00s
[2023-04-09T15:50:25.353+0800][360.080s] GC(267) Pause Young (Normal) (G1 Evacuation Pause)
[2023-04-09T15:50:25.353+0800][360.080s] GC(267) Using 8 workers of 8 for evacuation
[2023-04-09T15:50:25.355+0800][360.082s] GC(267)   Pre Evacuate Collection Set: 0.0ms
[2023-04-09T15:50:25.355+0800][360.082s] GC(267)   Evacuate Collection Set: 1.8ms
[2023-04-09T15:50:25.355+0800][360.082s] GC(267)   Post Evacuate Collection Set: 0.3ms
[2023-04-09T15:50:25.355+0800][360.082s] GC(267)   Other: 0.2ms
[2023-04-09T15:50:25.355+0800][360.082s] GC(267) Eden regions: 247->0(242)
[2023-04-09T15:50:25.355+0800][360.082s] GC(267) Survivor regions: 6->10(32)
[2023-04-09T15:50:25.355+0800][360.082s] GC(267) Old regions: 132->132
[2023-04-09T15:50:25.355+0800][360.082s] GC(267) Humongous regions: 61->60
[2023-04-09T15:50:25.355+0800][360.082s] GC(267) Metaspace: 61552K(63688K)->61552K(63688K) NonClass: 54423K(55676K)->54423K(55676K) Class: 7129K(8012K)->7129K(8012K)
[2023-04-09T15:50:25.355+0800][360.082s] GC(267) Pause Young (Normal) (G1 Evacuation Pause) 444M->201M(512M) 2.494ms
[2023-04-09T15:50:25.355+0800][360.082s] GC(267) User=0.01s Sys=0.00s Real=0.00s
[2023-04-09T15:50:26.051+0800][360.777s] GC(268) Pause Young (Normal) (G1 Evacuation Pause)
[2023-04-09T15:50:26.051+0800][360.777s] GC(268) Using 8 workers of 8 for evacuation
[2023-04-09T15:50:26.053+0800][360.780s] GC(268)   Pre Evacuate Collection Set: 0.0ms
[2023-04-09T15:50:26.053+0800][360.780s] GC(268)   Evacuate Collection Set: 2.1ms
[2023-04-09T15:50:26.053+0800][360.780s] GC(268)   Post Evacuate Collection Set: 0.3ms
[2023-04-09T15:50:26.053+0800][360.780s] GC(268)   Other: 0.2ms
[2023-04-09T15:50:26.053+0800][360.780s] GC(268) Eden regions: 242->0(236)
[2023-04-09T15:50:26.053+0800][360.780s] GC(268) Survivor regions: 10->11(32)
[2023-04-09T15:50:26.053+0800][360.780s] GC(268) Old regions: 132->132
[2023-04-09T15:50:26.053+0800][360.780s] GC(268) Humongous regions: 78->66
[2023-04-09T15:50:26.053+0800][360.780s] GC(268) Metaspace: 61552K(63688K)->61552K(63688K) NonClass: 54423K(55676K)->54423K(55676K) Class: 7129K(8012K)->7129K(8012K)
[2023-04-09T15:50:26.053+0800][360.780s] GC(268) Pause Young (Normal) (G1 Evacuation Pause) 461M->207M(512M) 2.767ms
[2023-04-09T15:50:26.053+0800][360.780s] GC(268) User=0.01s Sys=0.00s Real=0.00s
[2023-04-09T15:50:26.919+0800][361.646s] GC(269) Pause Young (Normal) (G1 Evacuation Pause)
[2023-04-09T15:50:26.919+0800][361.646s] GC(269) Using 8 workers of 8 for evacuation
[2023-04-09T15:50:26.922+0800][361.649s] GC(269)   Pre Evacuate Collection Set: 0.0ms
[2023-04-09T15:50:26.922+0800][361.649s] GC(269)   Evacuate Collection Set: 2.5ms
[2023-04-09T15:50:26.922+0800][361.649s] GC(269)   Post Evacuate Collection Set: 0.3ms
[2023-04-09T15:50:26.922+0800][361.649s] GC(269)   Other: 0.2ms
[2023-04-09T15:50:26.922+0800][361.649s] GC(269) Eden regions: 236->0(237)
[2023-04-09T15:50:26.922+0800][361.649s] GC(269) Survivor regions: 11->11(31)
[2023-04-09T15:50:26.922+0800][361.649s] GC(269) Old regions: 132->132
[2023-04-09T15:50:26.922+0800][361.649s] GC(269) Humongous regions: 66->66
[2023-04-09T15:50:26.922+0800][361.649s] GC(269) Metaspace: 61553K(63688K)->61553K(63688K) NonClass: 54424K(55676K)->54424K(55676K) Class: 7129K(8012K)->7129K(8012K)
[2023-04-09T15:50:26.922+0800][361.649s] GC(269) Pause Young (Normal) (G1 Evacuation Pause) 443M->207M(512M) 3.178ms
[2023-04-09T15:50:26.922+0800][361.649s] GC(269) User=0.02s Sys=0.00s Real=0.01s
[2023-04-09T15:50:28.105+0800][362.832s] GC(270) Pause Young (Normal) (G1 Evacuation Pause)
[2023-04-09T15:50:28.105+0800][362.832s] GC(270) Using 8 workers of 8 for evacuation
[2023-04-09T15:50:28.107+0800][362.833s] GC(270)   Pre Evacuate Collection Set: 0.0ms
[2023-04-09T15:50:28.107+0800][362.833s] GC(270)   Evacuate Collection Set: 0.9ms
[2023-04-09T15:50:28.107+0800][362.833s] GC(270)   Post Evacuate Collection Set: 0.3ms
[2023-04-09T15:50:28.107+0800][362.833s] GC(270)   Other: 0.2ms
[2023-04-09T15:50:28.107+0800][362.833s] GC(270) Eden regions: 237->0(247)
[2023-04-09T15:50:28.107+0800][362.833s] GC(270) Survivor regions: 11->5(31)
[2023-04-09T15:50:28.107+0800][362.833s] GC(270) Old regions: 132->132
[2023-04-09T15:50:28.107+0800][362.833s] GC(270) Humongous regions: 67->58
[2023-04-09T15:50:28.107+0800][362.833s] GC(270) Metaspace: 61555K(63688K)->61555K(63688K) NonClass: 54425K(55676K)->54425K(55676K) Class: 7129K(8012K)->7129K(8012K)
[2023-04-09T15:50:28.107+0800][362.833s] GC(270) Pause Young (Normal) (G1 Evacuation Pause) 445M->193M(512M) 1.488ms
[2023-04-09T15:50:28.107+0800][362.834s] GC(270) User=0.00s Sys=0.00s Real=0.00s
[2023-04-09T15:59:26.841+0800][901.560s] GC(271) Pause Young (Normal) (G1 Evacuation Pause)
[2023-04-09T15:59:26.842+0800][901.562s] GC(271) Using 8 workers of 8 for evacuation
[2023-04-09T15:59:26.877+0800][901.597s] GC(271)   Pre Evacuate Collection Set: 0.7ms
[2023-04-09T15:59:26.877+0800][901.597s] GC(271)   Evacuate Collection Set: 32.4ms
[2023-04-09T15:59:26.877+0800][901.597s] GC(271)   Post Evacuate Collection Set: 1.6ms
[2023-04-09T15:59:26.877+0800][901.597s] GC(271)   Other: 1.5ms
[2023-04-09T15:59:26.877+0800][901.597s] GC(271) Eden regions: 247->0(249)
[2023-04-09T15:59:26.877+0800][901.597s] GC(271) Survivor regions: 5->4(32)
[2023-04-09T15:59:26.877+0800][901.597s] GC(271) Old regions: 132->132
[2023-04-09T15:59:26.877+0800][901.597s] GC(271) Humongous regions: 58->57
[2023-04-09T15:59:26.877+0800][901.597s] GC(271) Metaspace: 62743K(64840K)->62743K(64840K) NonClass: 55506K(56700K)->55506K(56700K) Class: 7236K(8140K)->7236K(8140K)
[2023-04-09T15:59:26.877+0800][901.597s] GC(271) Pause Young (Normal) (G1 Evacuation Pause) 440M->192M(512M) 36.355ms
[2023-04-09T15:59:26.877+0800][901.597s] GC(271) User=0.02s Sys=0.10s Real=0.03s
[2023-04-09T15:59:27.745+0800][902.464s] GC(272) Pause Young (Normal) (G1 Evacuation Pause)
[2023-04-09T15:59:27.745+0800][902.464s] GC(272) Using 8 workers of 8 for evacuation
[2023-04-09T15:59:27.767+0800][902.487s] GC(272)   Pre Evacuate Collection Set: 0.0ms
[2023-04-09T15:59:27.767+0800][902.487s] GC(272)   Evacuate Collection Set: 20.9ms
[2023-04-09T15:59:27.767+0800][902.487s] GC(272)   Post Evacuate Collection Set: 1.3ms
[2023-04-09T15:59:27.767+0800][902.487s] GC(272)   Other: 0.2ms
[2023-04-09T15:59:27.767+0800][902.487s] GC(272) Eden regions: 249->0(244)
[2023-04-09T15:59:27.767+0800][902.487s] GC(272) Survivor regions: 4->9(32)
[2023-04-09T15:59:27.767+0800][902.487s] GC(272) Old regions: 132->132
[2023-04-09T15:59:27.767+0800][902.487s] GC(272) Humongous regions: 60->59
[2023-04-09T15:59:27.767+0800][902.487s] GC(272) Metaspace: 62743K(64840K)->62743K(64840K) NonClass: 55506K(56700K)->55506K(56700K) Class: 7236K(8140K)->7236K(8140K)
[2023-04-09T15:59:27.767+0800][902.487s] GC(272) Pause Young (Normal) (G1 Evacuation Pause) 444M->199M(512M) 22.638ms
[2023-04-09T15:59:27.767+0800][902.487s] GC(272) User=0.02s Sys=0.06s Real=0.02s
[2023-04-09T15:59:28.365+0800][903.084s] GC(273) Pause Young (Normal) (G1 Evacuation Pause)
[2023-04-09T15:59:28.365+0800][903.084s] GC(273) Using 8 workers of 8 for evacuation
[2023-04-09T15:59:28.378+0800][903.098s] GC(273)   Pre Evacuate Collection Set: 0.0ms
[2023-04-09T15:59:28.378+0800][903.098s] GC(273)   Evacuate Collection Set: 11.8ms
[2023-04-09T15:59:28.378+0800][903.098s] GC(273)   Post Evacuate Collection Set: 1.3ms
[2023-04-09T15:59:28.378+0800][903.098s] GC(273)   Other: 0.2ms
[2023-04-09T15:59:28.378+0800][903.098s] GC(273) Eden regions: 244->0(239)
[2023-04-09T15:59:28.378+0800][903.098s] GC(273) Survivor regions: 9->13(32)
[2023-04-09T15:59:28.378+0800][903.098s] GC(273) Old regions: 132->132
[2023-04-09T15:59:28.378+0800][903.098s] GC(273) Humongous regions: 60->60
[2023-04-09T15:59:28.378+0800][903.098s] GC(273) Metaspace: 62743K(64840K)->62743K(64840K) NonClass: 55506K(56700K)->55506K(56700K) Class: 7236K(8140K)->7236K(8140K)
[2023-04-09T15:59:28.378+0800][903.098s] GC(273) Pause Young (Normal) (G1 Evacuation Pause) 444M->204M(512M) 13.511ms
[2023-04-09T15:59:28.378+0800][903.098s] GC(273) User=0.02s Sys=0.04s Real=0.01s
[2023-04-09T15:59:29.109+0800][903.828s] GC(274) Pause Young (Normal) (G1 Evacuation Pause)
[2023-04-09T15:59:29.109+0800][903.828s] GC(274) Using 8 workers of 8 for evacuation
[2023-04-09T15:59:29.114+0800][903.834s] GC(274)   Pre Evacuate Collection Set: 0.1ms
[2023-04-09T15:59:29.114+0800][903.834s] GC(274)   Evacuate Collection Set: 3.3ms
[2023-04-09T15:59:29.114+0800][903.834s] GC(274)   Post Evacuate Collection Set: 1.7ms
[2023-04-09T15:59:29.114+0800][903.834s] GC(274)   Other: 0.2ms
[2023-04-09T15:59:29.114+0800][903.834s] GC(274) Eden regions: 239->0(235)
[2023-04-09T15:59:29.114+0800][903.834s] GC(274) Survivor regions: 13->12(32)
[2023-04-09T15:59:29.114+0800][903.834s] GC(274) Old regions: 132->132
[2023-04-09T15:59:29.114+0800][903.834s] GC(274) Humongous regions: 78->66
[2023-04-09T15:59:29.114+0800][903.834s] GC(274) Metaspace: 62743K(64840K)->62743K(64840K) NonClass: 55506K(56700K)->55506K(56700K) Class: 7236K(8140K)->7236K(8140K)
[2023-04-09T15:59:29.114+0800][903.834s] GC(274) Pause Young (Normal) (G1 Evacuation Pause) 461M->209M(512M) 5.464ms
[2023-04-09T15:59:29.114+0800][903.834s] GC(274) User=0.03s Sys=0.00s Real=0.01s
[2023-04-09T15:59:29.878+0800][904.597s] GC(275) Pause Young (Normal) (G1 Evacuation Pause)
[2023-04-09T15:59:29.878+0800][904.597s] GC(275) Using 8 workers of 8 for evacuation
[2023-04-09T15:59:29.882+0800][904.601s] GC(275)   Pre Evacuate Collection Set: 0.0ms
[2023-04-09T15:59:29.882+0800][904.601s] GC(275)   Evacuate Collection Set: 2.1ms
[2023-04-09T15:59:29.882+0800][904.601s] GC(275)   Post Evacuate Collection Set: 1.8ms
[2023-04-09T15:59:29.882+0800][904.601s] GC(275)   Other: 0.2ms
[2023-04-09T15:59:29.882+0800][904.601s] GC(275) Eden regions: 235->0(249)
[2023-04-09T15:59:29.882+0800][904.601s] GC(275) Survivor regions: 12->3(31)
[2023-04-09T15:59:29.882+0800][904.601s] GC(275) Old regions: 132->132
[2023-04-09T15:59:29.882+0800][904.601s] GC(275) Humongous regions: 66->57
[2023-04-09T15:59:29.882+0800][904.601s] GC(275) Metaspace: 62743K(64840K)->62743K(64840K) NonClass: 55506K(56700K)->55506K(56700K) Class: 7236K(8140K)->7236K(8140K)
[2023-04-09T15:59:29.882+0800][904.601s] GC(275) Pause Young (Normal) (G1 Evacuation Pause) 444M->191M(512M) 4.239ms
[2023-04-09T15:59:29.882+0800][904.601s] GC(275) User=0.01s Sys=0.00s Real=0.01s
[2023-04-09T15:59:30.407+0800][905.126s] GC(276) Pause Young (Normal) (G1 Evacuation Pause)
[2023-04-09T15:59:30.407+0800][905.126s] GC(276) Using 8 workers of 8 for evacuation
[2023-04-09T15:59:30.409+0800][905.129s] GC(276)   Pre Evacuate Collection Set: 0.0ms
[2023-04-09T15:59:30.409+0800][905.129s] GC(276)   Evacuate Collection Set: 2.1ms
[2023-04-09T15:59:30.409+0800][905.129s] GC(276)   Post Evacuate Collection Set: 0.4ms
[2023-04-09T15:59:30.409+0800][905.129s] GC(276)   Other: 0.2ms
[2023-04-09T15:59:30.409+0800][905.129s] GC(276) Eden regions: 249->0(246)
[2023-04-09T15:59:30.409+0800][905.129s] GC(276) Survivor regions: 3->8(32)
[2023-04-09T15:59:30.409+0800][905.129s] GC(276) Old regions: 132->132
[2023-04-09T15:59:30.409+0800][905.129s] GC(276) Humongous regions: 58->58
[2023-04-09T15:59:30.409+0800][905.129s] GC(276) Metaspace: 62743K(64840K)->62743K(64840K) NonClass: 55506K(56700K)->55506K(56700K) Class: 7236K(8140K)->7236K(8140K)
[2023-04-09T15:59:30.409+0800][905.129s] GC(276) Pause Young (Normal) (G1 Evacuation Pause) 441M->197M(512M) 2.907ms
[2023-04-09T15:59:30.409+0800][905.129s] GC(276) User=0.01s Sys=0.01s Real=0.00s
[2023-04-09T15:59:30.939+0800][905.659s] GC(277) Pause Young (Normal) (G1 Evacuation Pause)
[2023-04-09T15:59:30.939+0800][905.659s] GC(277) Using 8 workers of 8 for evacuation
[2023-04-09T15:59:30.945+0800][905.664s] GC(277)   Pre Evacuate Collection Set: 0.0ms
[2023-04-09T15:59:30.945+0800][905.664s] GC(277)   Evacuate Collection Set: 4.0ms
[2023-04-09T15:59:30.945+0800][905.664s] GC(277)   Post Evacuate Collection Set: 1.4ms
[2023-04-09T15:59:30.945+0800][905.664s] GC(277)   Other: 0.2ms
[2023-04-09T15:59:30.945+0800][905.664s] GC(277) Eden regions: 246->0(240)
[2023-04-09T15:59:30.945+0800][905.664s] GC(277) Survivor regions: 8->13(32)
[2023-04-09T15:59:30.945+0800][905.664s] GC(277) Old regions: 132->132
[2023-04-09T15:59:30.945+0800][905.664s] GC(277) Humongous regions: 61->60
[2023-04-09T15:59:30.945+0800][905.664s] GC(277) Metaspace: 62743K(64840K)->62743K(64840K) NonClass: 55506K(56700K)->55506K(56700K) Class: 7236K(8140K)->7236K(8140K)
[2023-04-09T15:59:30.945+0800][905.664s] GC(277) Pause Young (Normal) (G1 Evacuation Pause) 446M->203M(512M) 5.741ms
[2023-04-09T15:59:30.945+0800][905.664s] GC(277) User=0.02s Sys=0.01s Real=0.01s
[2023-04-09T15:59:31.504+0800][906.223s] GC(278) Pause Young (Normal) (G1 Evacuation Pause)
[2023-04-09T15:59:31.504+0800][906.223s] GC(278) Using 8 workers of 8 for evacuation
[2023-04-09T15:59:31.509+0800][906.228s] GC(278)   Pre Evacuate Collection Set: 0.0ms
[2023-04-09T15:59:31.509+0800][906.228s] GC(278)   Evacuate Collection Set: 3.2ms
[2023-04-09T15:59:31.509+0800][906.228s] GC(278)   Post Evacuate Collection Set: 1.5ms
[2023-04-09T15:59:31.509+0800][906.228s] GC(278)   Other: 0.2ms
[2023-04-09T15:59:31.509+0800][906.228s] GC(278) Eden regions: 240->0(233)
[2023-04-09T15:59:31.509+0800][906.228s] GC(278) Survivor regions: 13->14(32)
[2023-04-09T15:59:31.509+0800][906.228s] GC(278) Old regions: 132->132
[2023-04-09T15:59:31.509+0800][906.228s] GC(278) Humongous regions: 78->66
[2023-04-09T15:59:31.509+0800][906.228s] GC(278) Metaspace: 62743K(64840K)->62743K(64840K) NonClass: 55506K(56700K)->55506K(56700K) Class: 7236K(8140K)->7236K(8140K)
[2023-04-09T15:59:31.509+0800][906.228s] GC(278) Pause Young (Normal) (G1 Evacuation Pause) 461M->211M(512M) 5.392ms
[2023-04-09T15:59:31.509+0800][906.229s] GC(278) User=0.02s Sys=0.00s Real=0.00s
[2023-04-09T15:59:32.049+0800][906.768s] GC(279) Pause Young (Normal) (G1 Evacuation Pause)
[2023-04-09T15:59:32.049+0800][906.768s] GC(279) Using 8 workers of 8 for evacuation
[2023-04-09T15:59:32.052+0800][906.771s] GC(279)   Pre Evacuate Collection Set: 0.0ms
[2023-04-09T15:59:32.052+0800][906.771s] GC(279)   Evacuate Collection Set: 1.8ms
[2023-04-09T15:59:32.052+0800][906.771s] GC(279)   Post Evacuate Collection Set: 0.9ms
[2023-04-09T15:59:32.052+0800][906.771s] GC(279)   Other: 0.2ms
[2023-04-09T15:59:32.052+0800][906.771s] GC(279) Eden regions: 233->0(235)
[2023-04-09T15:59:32.052+0800][906.771s] GC(279) Survivor regions: 14->12(31)
[2023-04-09T15:59:32.052+0800][906.771s] GC(279) Old regions: 132->132
[2023-04-09T15:59:32.052+0800][906.771s] GC(279) Humongous regions: 66->66
[2023-04-09T15:59:32.052+0800][906.771s] GC(279) Metaspace: 62743K(64840K)->62743K(64840K) NonClass: 55506K(56700K)->55506K(56700K) Class: 7236K(8140K)->7236K(8140K)
[2023-04-09T15:59:32.052+0800][906.771s] GC(279) Pause Young (Normal) (G1 Evacuation Pause) 444M->209M(512M) 3.146ms
[2023-04-09T15:59:32.052+0800][906.771s] GC(279) User=0.02s Sys=0.00s Real=0.01s
[2023-04-09T15:59:32.666+0800][907.385s] GC(280) Pause Young (Normal) (G1 Evacuation Pause)
[2023-04-09T15:59:32.666+0800][907.386s] GC(280) Using 8 workers of 8 for evacuation
[2023-04-09T15:59:32.669+0800][907.389s] GC(280)   Pre Evacuate Collection Set: 0.0ms
[2023-04-09T15:59:32.669+0800][907.389s] GC(280)   Evacuate Collection Set: 1.8ms
[2023-04-09T15:59:32.669+0800][907.389s] GC(280)   Post Evacuate Collection Set: 1.2ms
[2023-04-09T15:59:32.669+0800][907.389s] GC(280)   Other: 0.2ms
[2023-04-09T15:59:32.669+0800][907.389s] GC(280) Eden regions: 235->0(244)
[2023-04-09T15:59:32.669+0800][907.389s] GC(280) Survivor regions: 12->7(31)
[2023-04-09T15:59:32.669+0800][907.389s] GC(280) Old regions: 132->132
[2023-04-09T15:59:32.669+0800][907.389s] GC(280) Humongous regions: 67->58
[2023-04-09T15:59:32.669+0800][907.389s] GC(280) Metaspace: 62744K(64840K)->62744K(64840K) NonClass: 55508K(56700K)->55508K(56700K) Class: 7236K(8140K)->7236K(8140K)
[2023-04-09T15:59:32.669+0800][907.389s] GC(280) Pause Young (Normal) (G1 Evacuation Pause) 445M->196M(512M) 3.301ms
[2023-04-09T15:59:32.669+0800][907.389s] GC(280) User=0.02s Sys=0.00s Real=0.00s
[2023-04-09T15:59:33.183+0800][907.902s] GC(281) Pause Young (Normal) (G1 Evacuation Pause)
[2023-04-09T15:59:33.183+0800][907.902s] GC(281) Using 8 workers of 8 for evacuation
[2023-04-09T15:59:33.186+0800][907.906s] GC(281)   Pre Evacuate Collection Set: 0.0ms
[2023-04-09T15:59:33.186+0800][907.906s] GC(281)   Evacuate Collection Set: 2.5ms
[2023-04-09T15:59:33.186+0800][907.906s] GC(281)   Post Evacuate Collection Set: 1.1ms
[2023-04-09T15:59:33.186+0800][907.906s] GC(281)   Other: 0.2ms
[2023-04-09T15:59:33.186+0800][907.906s] GC(281) Eden regions: 244->0(239)
[2023-04-09T15:59:33.186+0800][907.906s] GC(281) Survivor regions: 7->12(32)
[2023-04-09T15:59:33.186+0800][907.906s] GC(281) Old regions: 132->132
[2023-04-09T15:59:33.187+0800][907.906s] GC(281) Humongous regions: 60->59
[2023-04-09T15:59:33.187+0800][907.906s] GC(281) Metaspace: 62744K(64840K)->62744K(64840K) NonClass: 55508K(56700K)->55508K(56700K) Class: 7236K(8140K)->7236K(8140K)
[2023-04-09T15:59:33.187+0800][907.906s] GC(281) Pause Young (Normal) (G1 Evacuation Pause) 442M->201M(512M) 4.003ms
[2023-04-09T15:59:33.187+0800][907.906s] GC(281) User=0.01s Sys=0.01s Real=0.00s
[2023-04-09T15:59:33.716+0800][908.435s] GC(282) Pause Young (Normal) (G1 Evacuation Pause)
[2023-04-09T15:59:33.716+0800][908.435s] GC(282) Using 8 workers of 8 for evacuation
[2023-04-09T15:59:33.720+0800][908.440s] GC(282)   Pre Evacuate Collection Set: 0.0ms
[2023-04-09T15:59:33.720+0800][908.440s] GC(282)   Evacuate Collection Set: 2.8ms
[2023-04-09T15:59:33.720+0800][908.440s] GC(282)   Post Evacuate Collection Set: 1.2ms
[2023-04-09T15:59:33.720+0800][908.440s] GC(282)   Other: 0.2ms
[2023-04-09T15:59:33.720+0800][908.440s] GC(282) Eden regions: 239->0(235)
[2023-04-09T15:59:33.720+0800][908.440s] GC(282) Survivor regions: 12->12(32)
[2023-04-09T15:59:33.720+0800][908.440s] GC(282) Old regions: 132->132
[2023-04-09T15:59:33.720+0800][908.440s] GC(282) Humongous regions: 73->66
[2023-04-09T15:59:33.720+0800][908.440s] GC(282) Metaspace: 62744K(64840K)->62744K(64840K) NonClass: 55508K(56700K)->55508K(56700K) Class: 7236K(8140K)->7236K(8140K)
[2023-04-09T15:59:33.720+0800][908.440s] GC(282) Pause Young (Normal) (G1 Evacuation Pause) 454M->209M(512M) 4.314ms
[2023-04-09T15:59:33.720+0800][908.440s] GC(282) User=0.02s Sys=0.00s Real=0.01s
[2023-04-09T15:59:34.304+0800][909.024s] GC(283) Pause Young (Normal) (G1 Evacuation Pause)
[2023-04-09T15:59:34.304+0800][909.024s] GC(283) Using 8 workers of 8 for evacuation
[2023-04-09T15:59:34.308+0800][909.027s] GC(283)   Pre Evacuate Collection Set: 0.0ms
[2023-04-09T15:59:34.308+0800][909.027s] GC(283)   Evacuate Collection Set: 2.2ms
[2023-04-09T15:59:34.308+0800][909.027s] GC(283)   Post Evacuate Collection Set: 1.4ms
[2023-04-09T15:59:34.308+0800][909.028s] GC(283)   Other: 0.2ms
[2023-04-09T15:59:34.308+0800][909.028s] GC(283) Eden regions: 235->0(234)
[2023-04-09T15:59:34.308+0800][909.028s] GC(283) Survivor regions: 12->13(31)
[2023-04-09T15:59:34.308+0800][909.028s] GC(283) Old regions: 132->132
[2023-04-09T15:59:34.308+0800][909.028s] GC(283) Humongous regions: 71->66
[2023-04-09T15:59:34.308+0800][909.028s] GC(283) Metaspace: 62744K(64840K)->62744K(64840K) NonClass: 55508K(56700K)->55508K(56700K) Class: 7236K(8140K)->7236K(8140K)
[2023-04-09T15:59:34.308+0800][909.028s] GC(283) Pause Young (Normal) (G1 Evacuation Pause) 449M->209M(512M) 4.023ms
[2023-04-09T15:59:34.308+0800][909.028s] GC(283) User=0.02s Sys=0.00s Real=0.00s
[2023-04-09T15:59:34.958+0800][909.677s] GC(284) Pause Young (Normal) (G1 Evacuation Pause)
[2023-04-09T15:59:34.959+0800][909.678s] GC(284) Using 8 workers of 8 for evacuation
[2023-04-09T15:59:34.985+0800][909.705s] GC(284)   Pre Evacuate Collection Set: 0.1ms
[2023-04-09T15:59:34.985+0800][909.705s] GC(284)   Evacuate Collection Set: 5.8ms
[2023-04-09T15:59:34.985+0800][909.705s] GC(284)   Post Evacuate Collection Set: 20.1ms
[2023-04-09T15:59:34.985+0800][909.705s] GC(284)   Other: 1.4ms
[2023-04-09T15:59:34.985+0800][909.705s] GC(284) Eden regions: 234->0(244)
[2023-04-09T15:59:34.985+0800][909.705s] GC(284) Survivor regions: 13->6(31)
[2023-04-09T15:59:34.985+0800][909.705s] GC(284) Old regions: 132->132
[2023-04-09T15:59:34.985+0800][909.705s] GC(284) Humongous regions: 67->58
[2023-04-09T15:59:34.985+0800][909.705s] GC(284) Metaspace: 62744K(64840K)->62744K(64840K) NonClass: 55508K(56700K)->55508K(56700K) Class: 7236K(8140K)->7236K(8140K)
[2023-04-09T15:59:34.985+0800][909.705s] GC(284) Pause Young (Normal) (G1 Evacuation Pause) 444M->195M(512M) 27.553ms
[2023-04-09T15:59:34.985+0800][909.705s] GC(284) User=0.02s Sys=0.00s Real=0.03s
[2023-04-09T15:59:35.539+0800][910.259s] GC(285) Pause Young (Normal) (G1 Evacuation Pause)
[2023-04-09T15:59:35.539+0800][910.259s] GC(285) Using 8 workers of 8 for evacuation
[2023-04-09T15:59:35.543+0800][910.262s] GC(285)   Pre Evacuate Collection Set: 0.0ms
[2023-04-09T15:59:35.543+0800][910.262s] GC(285)   Evacuate Collection Set: 1.7ms
[2023-04-09T15:59:35.543+0800][910.262s] GC(285)   Post Evacuate Collection Set: 1.4ms
[2023-04-09T15:59:35.543+0800][910.262s] GC(285)   Other: 0.2ms
[2023-04-09T15:59:35.543+0800][910.262s] GC(285) Eden regions: 244->0(240)
[2023-04-09T15:59:35.543+0800][910.262s] GC(285) Survivor regions: 6->11(32)
[2023-04-09T15:59:35.543+0800][910.262s] GC(285) Old regions: 132->132
[2023-04-09T15:59:35.543+0800][910.262s] GC(285) Humongous regions: 60->59
[2023-04-09T15:59:35.543+0800][910.262s] GC(285) Metaspace: 62744K(64840K)->62744K(64840K) NonClass: 55508K(56700K)->55508K(56700K) Class: 7236K(8140K)->7236K(8140K)
[2023-04-09T15:59:35.543+0800][910.262s] GC(285) Pause Young (Normal) (G1 Evacuation Pause) 441M->200M(512M) 3.498ms
[2023-04-09T15:59:35.543+0800][910.262s] GC(285) User=0.01s Sys=0.00s Real=0.01s
[2023-04-09T15:59:36.152+0800][910.871s] GC(286) Pause Young (Normal) (G1 Evacuation Pause)
[2023-04-09T15:59:36.152+0800][910.871s] GC(286) Using 8 workers of 8 for evacuation
[2023-04-09T15:59:36.156+0800][910.875s] GC(286)   Pre Evacuate Collection Set: 0.0ms
[2023-04-09T15:59:36.156+0800][910.875s] GC(286)   Evacuate Collection Set: 3.5ms
[2023-04-09T15:59:36.156+0800][910.875s] GC(286)   Post Evacuate Collection Set: 0.5ms
[2023-04-09T15:59:36.156+0800][910.875s] GC(286)   Other: 0.2ms
[2023-04-09T15:59:36.156+0800][910.876s] GC(286) Eden regions: 240->0(235)
[2023-04-09T15:59:36.156+0800][910.876s] GC(286) Survivor regions: 11->10(32)
[2023-04-09T15:59:36.156+0800][910.876s] GC(286) Old regions: 132->134
[2023-04-09T15:59:36.156+0800][910.876s] GC(286) Humongous regions: 68->66
[2023-04-09T15:59:36.156+0800][910.876s] GC(286) Metaspace: 62744K(64840K)->62744K(64840K) NonClass: 55508K(56700K)->55508K(56700K) Class: 7236K(8140K)->7236K(8140K)
[2023-04-09T15:59:36.156+0800][910.876s] GC(286) Pause Young (Normal) (G1 Evacuation Pause) 449M->208M(512M) 4.487ms
[2023-04-09T15:59:36.156+0800][910.876s] GC(286) User=0.01s Sys=0.01s Real=0.00s
[2023-04-09T15:59:36.799+0800][911.519s] GC(287) Pause Young (Normal) (G1 Evacuation Pause)
[2023-04-09T15:59:36.799+0800][911.519s] GC(287) Using 8 workers of 8 for evacuation
[2023-04-09T15:59:36.801+0800][911.521s] GC(287)   Pre Evacuate Collection Set: 0.0ms
[2023-04-09T15:59:36.801+0800][911.521s] GC(287)   Evacuate Collection Set: 1.2ms
[2023-04-09T15:59:36.801+0800][911.521s] GC(287)   Post Evacuate Collection Set: 0.3ms
[2023-04-09T15:59:36.801+0800][911.521s] GC(287)   Other: 0.2ms
[2023-04-09T15:59:36.801+0800][911.521s] GC(287) Eden regions: 235->0(235)
[2023-04-09T15:59:36.801+0800][911.521s] GC(287) Survivor regions: 10->11(31)
[2023-04-09T15:59:36.801+0800][911.521s] GC(287) Old regions: 134->134
[2023-04-09T15:59:36.801+0800][911.521s] GC(287) Humongous regions: 76->66
[2023-04-09T15:59:36.801+0800][911.521s] GC(287) Metaspace: 62744K(64840K)->62744K(64840K) NonClass: 55508K(56700K)->55508K(56700K) Class: 7236K(8140K)->7236K(8140K)
[2023-04-09T15:59:36.801+0800][911.521s] GC(287) Pause Young (Normal) (G1 Evacuation Pause) 453M->209M(512M) 1.868ms
[2023-04-09T15:59:36.801+0800][911.521s] GC(287) User=0.01s Sys=0.00s Real=0.01s
[2023-04-09T15:59:37.400+0800][912.120s] GC(288) Pause Young (Normal) (G1 Evacuation Pause)
[2023-04-09T15:59:37.400+0800][912.120s] GC(288) Using 8 workers of 8 for evacuation
[2023-04-09T15:59:37.401+0800][912.121s] GC(288)   Pre Evacuate Collection Set: 0.0ms
[2023-04-09T15:59:37.401+0800][912.121s] GC(288)   Evacuate Collection Set: 0.5ms
[2023-04-09T15:59:37.401+0800][912.121s] GC(288)   Post Evacuate Collection Set: 0.3ms
[2023-04-09T15:59:37.401+0800][912.121s] GC(288)   Other: 0.2ms
[2023-04-09T15:59:37.401+0800][912.121s] GC(288) Eden regions: 235->0(248)
[2023-04-09T15:59:37.401+0800][912.121s] GC(288) Survivor regions: 11->3(31)
[2023-04-09T15:59:37.401+0800][912.121s] GC(288) Old regions: 134->134
[2023-04-09T15:59:37.401+0800][912.121s] GC(288) Humongous regions: 66->57
[2023-04-09T15:59:37.401+0800][912.121s] GC(288) Metaspace: 62744K(64840K)->62744K(64840K) NonClass: 55508K(56700K)->55508K(56700K) Class: 7236K(8140K)->7236K(8140K)
[2023-04-09T15:59:37.401+0800][912.121s] GC(288) Pause Young (Normal) (G1 Evacuation Pause) 444M->193M(512M) 1.076ms
[2023-04-09T15:59:37.401+0800][912.121s] GC(288) User=0.00s Sys=0.00s Real=0.00s
[2023-04-09T15:59:37.932+0800][912.652s] GC(289) Pause Young (Normal) (G1 Evacuation Pause)
[2023-04-09T15:59:37.933+0800][912.652s] GC(289) Using 8 workers of 8 for evacuation
[2023-04-09T15:59:37.934+0800][912.653s] GC(289)   Pre Evacuate Collection Set: 0.0ms
[2023-04-09T15:59:37.934+0800][912.653s] GC(289)   Evacuate Collection Set: 0.7ms
[2023-04-09T15:59:37.934+0800][912.653s] GC(289)   Post Evacuate Collection Set: 0.3ms
[2023-04-09T15:59:37.934+0800][912.653s] GC(289)   Other: 0.2ms
[2023-04-09T15:59:37.934+0800][912.653s] GC(289) Eden regions: 248->0(243)
[2023-04-09T15:59:37.934+0800][912.653s] GC(289) Survivor regions: 3->8(32)
[2023-04-09T15:59:37.934+0800][912.653s] GC(289) Old regions: 134->134
[2023-04-09T15:59:37.934+0800][912.653s] GC(289) Humongous regions: 60->59
[2023-04-09T15:59:37.934+0800][912.653s] GC(289) Metaspace: 62744K(64840K)->62744K(64840K) NonClass: 55508K(56700K)->55508K(56700K) Class: 7236K(8140K)->7236K(8140K)
[2023-04-09T15:59:37.934+0800][912.653s] GC(289) Pause Young (Normal) (G1 Evacuation Pause) 444M->199M(512M) 1.374ms
[2023-04-09T15:59:37.934+0800][912.653s] GC(289) User=0.00s Sys=0.00s Real=0.00s
[2023-04-09T15:59:38.469+0800][913.189s] GC(290) Pause Young (Normal) (G1 Evacuation Pause)
[2023-04-09T15:59:38.469+0800][913.189s] GC(290) Using 8 workers of 8 for evacuation
[2023-04-09T15:59:38.471+0800][913.191s] GC(290)   Pre Evacuate Collection Set: 0.0ms
[2023-04-09T15:59:38.471+0800][913.191s] GC(290)   Evacuate Collection Set: 1.3ms
[2023-04-09T15:59:38.471+0800][913.191s] GC(290)   Post Evacuate Collection Set: 0.3ms
[2023-04-09T15:59:38.471+0800][913.191s] GC(290)   Other: 0.2ms
[2023-04-09T15:59:38.471+0800][913.191s] GC(290) Eden regions: 243->0(237)
[2023-04-09T15:59:38.471+0800][913.191s] GC(290) Survivor regions: 8->9(32)
[2023-04-09T15:59:38.471+0800][913.191s] GC(290) Old regions: 134->134
[2023-04-09T15:59:38.471+0800][913.191s] GC(290) Humongous regions: 65->65
[2023-04-09T15:59:38.471+0800][913.191s] GC(290) Metaspace: 62744K(64840K)->62744K(64840K) NonClass: 55508K(56700K)->55508K(56700K) Class: 7236K(8140K)->7236K(8140K)
[2023-04-09T15:59:38.471+0800][913.191s] GC(290) Pause Young (Normal) (G1 Evacuation Pause) 448M->207M(512M) 1.905ms
[2023-04-09T15:59:38.471+0800][913.191s] GC(290) User=0.01s Sys=0.00s Real=0.01s
[2023-04-09T15:59:39.124+0800][913.843s] GC(291) Pause Young (Normal) (G1 Evacuation Pause)
[2023-04-09T15:59:39.124+0800][913.843s] GC(291) Using 8 workers of 8 for evacuation
[2023-04-09T15:59:39.127+0800][913.846s] GC(291)   Pre Evacuate Collection Set: 0.0ms
[2023-04-09T15:59:39.127+0800][913.846s] GC(291)   Evacuate Collection Set: 2.7ms
[2023-04-09T15:59:39.127+0800][913.846s] GC(291)   Post Evacuate Collection Set: 0.3ms
[2023-04-09T15:59:39.127+0800][913.846s] GC(291)   Other: 0.2ms
[2023-04-09T15:59:39.127+0800][913.846s] GC(291) Eden regions: 237->0(236)
[2023-04-09T15:59:39.127+0800][913.846s] GC(291) Survivor regions: 9->10(31)
[2023-04-09T15:59:39.127+0800][913.846s] GC(291) Old regions: 134->134
[2023-04-09T15:59:39.127+0800][913.846s] GC(291) Humongous regions: 78->66
[2023-04-09T15:59:39.127+0800][913.846s] GC(291) Metaspace: 62744K(64840K)->62744K(64840K) NonClass: 55508K(56700K)->55508K(56700K) Class: 7236K(8140K)->7236K(8140K)
[2023-04-09T15:59:39.127+0800][913.847s] GC(291) Pause Young (Normal) (G1 Evacuation Pause) 457M->209M(512M) 3.478ms
[2023-04-09T15:59:39.127+0800][913.847s] GC(291) User=0.01s Sys=0.00s Real=0.00s
[2023-04-09T15:59:39.724+0800][914.443s] GC(292) Pause Young (Normal) (G1 Evacuation Pause)
[2023-04-09T15:59:39.724+0800][914.443s] GC(292) Using 8 workers of 8 for evacuation
[2023-04-09T15:59:39.726+0800][914.446s] GC(292)   Pre Evacuate Collection Set: 0.0ms
[2023-04-09T15:59:39.726+0800][914.446s] GC(292)   Evacuate Collection Set: 2.0ms
[2023-04-09T15:59:39.726+0800][914.446s] GC(292)   Post Evacuate Collection Set: 0.4ms
[2023-04-09T15:59:39.726+0800][914.446s] GC(292)   Other: 0.2ms
[2023-04-09T15:59:39.726+0800][914.446s] GC(292) Eden regions: 236->0(246)
[2023-04-09T15:59:39.726+0800][914.446s] GC(292) Survivor regions: 10->3(31)
[2023-04-09T15:59:39.726+0800][914.446s] GC(292) Old regions: 134->134
[2023-04-09T15:59:39.726+0800][914.446s] GC(292) Humongous regions: 66->57
[2023-04-09T15:59:39.726+0800][914.446s] GC(292) Metaspace: 62746K(64840K)->62746K(64840K) NonClass: 55509K(56700K)->55509K(56700K) Class: 7236K(8140K)->7236K(8140K)
[2023-04-09T15:59:39.726+0800][914.446s] GC(292) Pause Young (Normal) (G1 Evacuation Pause) 445M->192M(512M) 2.762ms
[2023-04-09T15:59:39.726+0800][914.446s] GC(292) User=0.01s Sys=0.00s Real=0.00s
[2023-04-09T15:59:40.307+0800][915.027s] GC(293) Pause Young (Normal) (G1 Evacuation Pause)
[2023-04-09T15:59:40.307+0800][915.027s] GC(293) Using 8 workers of 8 for evacuation
[2023-04-09T15:59:40.309+0800][915.028s] GC(293)   Pre Evacuate Collection Set: 0.0ms
[2023-04-09T15:59:40.309+0800][915.028s] GC(293)   Evacuate Collection Set: 1.3ms
[2023-04-09T15:59:40.309+0800][915.029s] GC(293)   Post Evacuate Collection Set: 0.3ms
[2023-04-09T15:59:40.309+0800][915.029s] GC(293)   Other: 0.2ms
[2023-04-09T15:59:40.309+0800][915.029s] GC(293) Eden regions: 246->0(243)
[2023-04-09T15:59:40.309+0800][915.029s] GC(293) Survivor regions: 3->7(32)
[2023-04-09T15:59:40.309+0800][915.029s] GC(293) Old regions: 134->134
[2023-04-09T15:59:40.309+0800][915.029s] GC(293) Humongous regions: 60->59
[2023-04-09T15:59:40.309+0800][915.029s] GC(293) Metaspace: 62746K(64840K)->62746K(64840K) NonClass: 55509K(56700K)->55509K(56700K) Class: 7236K(8140K)->7236K(8140K)
[2023-04-09T15:59:40.309+0800][915.029s] GC(293) Pause Young (Normal) (G1 Evacuation Pause) 441M->199M(512M) 1.854ms
[2023-04-09T15:59:40.309+0800][915.029s] GC(293) User=0.01s Sys=0.00s Real=0.00s
[2023-04-09T15:59:40.837+0800][915.556s] GC(294) Pause Young (Normal) (G1 Evacuation Pause)
[2023-04-09T15:59:40.837+0800][915.556s] GC(294) Using 8 workers of 8 for evacuation
[2023-04-09T15:59:40.839+0800][915.558s] GC(294)   Pre Evacuate Collection Set: 0.0ms
[2023-04-09T15:59:40.839+0800][915.558s] GC(294)   Evacuate Collection Set: 1.2ms
[2023-04-09T15:59:40.839+0800][915.558s] GC(294)   Post Evacuate Collection Set: 0.3ms
[2023-04-09T15:59:40.839+0800][915.558s] GC(294)   Other: 0.2ms
[2023-04-09T15:59:40.839+0800][915.558s] GC(294) Eden regions: 243->0(239)
[2023-04-09T15:59:40.839+0800][915.558s] GC(294) Survivor regions: 7->11(32)
[2023-04-09T15:59:40.839+0800][915.558s] GC(294) Old regions: 134->134
[2023-04-09T15:59:40.839+0800][915.558s] GC(294) Humongous regions: 60->60
[2023-04-09T15:59:40.839+0800][915.558s] GC(294) Metaspace: 62746K(64840K)->62746K(64840K) NonClass: 55509K(56700K)->55509K(56700K) Class: 7236K(8140K)->7236K(8140K)
[2023-04-09T15:59:40.839+0800][915.558s] GC(294) Pause Young (Normal) (G1 Evacuation Pause) 443M->204M(512M) 1.837ms
[2023-04-09T15:59:40.839+0800][915.558s] GC(294) User=0.01s Sys=0.00s Real=0.00s
[2023-04-09T15:59:41.550+0800][916.269s] GC(295) Pause Young (Normal) (G1 Evacuation Pause)
[2023-04-09T15:59:41.550+0800][916.269s] GC(295) Using 8 workers of 8 for evacuation
[2023-04-09T15:59:41.551+0800][916.271s] GC(295)   Pre Evacuate Collection Set: 0.0ms
[2023-04-09T15:59:41.551+0800][916.271s] GC(295)   Evacuate Collection Set: 1.0ms
[2023-04-09T15:59:41.551+0800][916.271s] GC(295)   Post Evacuate Collection Set: 0.3ms
[2023-04-09T15:59:41.551+0800][916.271s] GC(295)   Other: 0.2ms
[2023-04-09T15:59:41.551+0800][916.271s] GC(295) Eden regions: 239->0(235)
[2023-04-09T15:59:41.551+0800][916.271s] GC(295) Survivor regions: 11->10(32)
[2023-04-09T15:59:41.551+0800][916.271s] GC(295) Old regions: 134->134
[2023-04-09T15:59:41.551+0800][916.271s] GC(295) Humongous regions: 78->66
[2023-04-09T15:59:41.551+0800][916.271s] GC(295) Metaspace: 62746K(64840K)->62746K(64840K) NonClass: 55509K(56700K)->55509K(56700K) Class: 7236K(8140K)->7236K(8140K)
[2023-04-09T15:59:41.551+0800][916.271s] GC(295) Pause Young (Normal) (G1 Evacuation Pause) 461M->209M(512M) 1.667ms
[2023-04-09T15:59:41.551+0800][916.271s] GC(295) User=0.00s Sys=0.00s Real=0.00s
[2023-04-09T15:59:42.130+0800][916.850s] GC(296) Pause Young (Normal) (G1 Evacuation Pause)
[2023-04-09T15:59:42.130+0800][916.850s] GC(296) Using 8 workers of 8 for evacuation
[2023-04-09T15:59:42.131+0800][916.851s] GC(296)   Pre Evacuate Collection Set: 0.0ms
[2023-04-09T15:59:42.131+0800][916.851s] GC(296)   Evacuate Collection Set: 0.4ms
[2023-04-09T15:59:42.131+0800][916.851s] GC(296)   Post Evacuate Collection Set: 0.3ms
[2023-04-09T15:59:42.131+0800][916.851s] GC(296)   Other: 0.2ms
[2023-04-09T15:59:42.131+0800][916.851s] GC(296) Eden regions: 235->0(247)
[2023-04-09T15:59:42.131+0800][916.851s] GC(296) Survivor regions: 10->1(31)
[2023-04-09T15:59:42.131+0800][916.851s] GC(296) Old regions: 134->134
[2023-04-09T15:59:42.131+0800][916.851s] GC(296) Humongous regions: 66->57
[2023-04-09T15:59:42.131+0800][916.851s] GC(296) Metaspace: 62746K(64840K)->62746K(64840K) NonClass: 55509K(56700K)->55509K(56700K) Class: 7236K(8140K)->7236K(8140K)
[2023-04-09T15:59:42.131+0800][916.851s] GC(296) Pause Young (Normal) (G1 Evacuation Pause) 444M->191M(512M) 0.916ms
[2023-04-09T15:59:42.131+0800][916.851s] GC(296) User=0.01s Sys=0.00s Real=0.00s
[2023-04-09T15:59:42.678+0800][917.398s] GC(297) Pause Young (Normal) (G1 Evacuation Pause)
[2023-04-09T15:59:42.679+0800][917.398s] GC(297) Using 8 workers of 8 for evacuation
[2023-04-09T15:59:42.680+0800][917.399s] GC(297)   Pre Evacuate Collection Set: 0.0ms
[2023-04-09T15:59:42.680+0800][917.399s] GC(297)   Evacuate Collection Set: 0.7ms
[2023-04-09T15:59:42.680+0800][917.399s] GC(297)   Post Evacuate Collection Set: 0.3ms
[2023-04-09T15:59:42.680+0800][917.399s] GC(297)   Other: 0.7ms
[2023-04-09T15:59:42.680+0800][917.399s] GC(297) Eden regions: 247->0(244)
[2023-04-09T15:59:42.680+0800][917.399s] GC(297) Survivor regions: 1->6(31)
[2023-04-09T15:59:42.680+0800][917.399s] GC(297) Old regions: 134->134
[2023-04-09T15:59:42.680+0800][917.399s] GC(297) Humongous regions: 58->58
[2023-04-09T15:59:42.680+0800][917.399s] GC(297) Metaspace: 62746K(64840K)->62746K(64840K) NonClass: 55509K(56700K)->55509K(56700K) Class: 7236K(8140K)->7236K(8140K)
[2023-04-09T15:59:42.680+0800][917.399s] GC(297) Pause Young (Normal) (G1 Evacuation Pause) 439M->197M(512M) 1.785ms
[2023-04-09T15:59:42.680+0800][917.399s] GC(297) User=0.01s Sys=0.00s Real=0.01s
[2023-04-09T15:59:43.248+0800][917.968s] GC(298) Pause Young (Normal) (G1 Evacuation Pause)
[2023-04-09T15:59:43.248+0800][917.968s] GC(298) Using 8 workers of 8 for evacuation
[2023-04-09T15:59:43.250+0800][917.969s] GC(298)   Pre Evacuate Collection Set: 0.0ms
[2023-04-09T15:59:43.250+0800][917.969s] GC(298)   Evacuate Collection Set: 1.1ms
[2023-04-09T15:59:43.250+0800][917.969s] GC(298)   Post Evacuate Collection Set: 0.3ms
[2023-04-09T15:59:43.250+0800][917.969s] GC(298)   Other: 0.2ms
[2023-04-09T15:59:43.250+0800][917.969s] GC(298) Eden regions: 244->0(239)
[2023-04-09T15:59:43.250+0800][917.969s] GC(298) Survivor regions: 6->11(32)
[2023-04-09T15:59:43.250+0800][917.969s] GC(298) Old regions: 134->134
[2023-04-09T15:59:43.250+0800][917.969s] GC(298) Humongous regions: 61->60
[2023-04-09T15:59:43.250+0800][917.969s] GC(298) Metaspace: 62746K(64840K)->62746K(64840K) NonClass: 55509K(56700K)->55509K(56700K) Class: 7236K(8140K)->7236K(8140K)
[2023-04-09T15:59:43.250+0800][917.969s] GC(298) Pause Young (Normal) (G1 Evacuation Pause) 444M->203M(512M) 1.808ms
[2023-04-09T15:59:43.250+0800][917.969s] GC(298) User=0.01s Sys=0.00s Real=0.01s
[2023-04-09T15:59:43.823+0800][918.542s] GC(299) Pause Young (Normal) (G1 Evacuation Pause)
[2023-04-09T15:59:43.823+0800][918.542s] GC(299) Using 8 workers of 8 for evacuation
[2023-04-09T15:59:43.827+0800][918.546s] GC(299)   Pre Evacuate Collection Set: 0.0ms
[2023-04-09T15:59:43.827+0800][918.546s] GC(299)   Evacuate Collection Set: 3.6ms
[2023-04-09T15:59:43.827+0800][918.546s] GC(299)   Post Evacuate Collection Set: 0.4ms
[2023-04-09T15:59:43.827+0800][918.546s] GC(299)   Other: 0.2ms
[2023-04-09T15:59:43.827+0800][918.546s] GC(299) Eden regions: 239->0(233)
[2023-04-09T15:59:43.827+0800][918.546s] GC(299) Survivor regions: 11->12(32)
[2023-04-09T15:59:43.827+0800][918.546s] GC(299) Old regions: 134->134
[2023-04-09T15:59:43.827+0800][918.546s] GC(299) Humongous regions: 78->66
[2023-04-09T15:59:43.827+0800][918.547s] GC(299) Metaspace: 62746K(64840K)->62746K(64840K) NonClass: 55509K(56700K)->55509K(56700K) Class: 7236K(8140K)->7236K(8140K)
[2023-04-09T15:59:43.827+0800][918.547s] GC(299) Pause Young (Normal) (G1 Evacuation Pause) 460M->211M(512M) 4.406ms
[2023-04-09T15:59:43.827+0800][918.547s] GC(299) User=0.01s Sys=0.00s Real=0.00s
[2023-04-09T15:59:44.385+0800][919.105s] GC(300) Pause Young (Normal) (G1 Evacuation Pause)
[2023-04-09T15:59:44.385+0800][919.105s] GC(300) Using 8 workers of 8 for evacuation
[2023-04-09T15:59:44.387+0800][919.106s] GC(300)   Pre Evacuate Collection Set: 0.0ms
[2023-04-09T15:59:44.387+0800][919.106s] GC(300)   Evacuate Collection Set: 1.3ms
[2023-04-09T15:59:44.387+0800][919.106s] GC(300)   Post Evacuate Collection Set: 0.3ms
[2023-04-09T15:59:44.387+0800][919.106s] GC(300)   Other: 0.2ms
[2023-04-09T15:59:44.387+0800][919.106s] GC(300) Eden regions: 233->0(234)
[2023-04-09T15:59:44.387+0800][919.106s] GC(300) Survivor regions: 12->11(31)
[2023-04-09T15:59:44.387+0800][919.106s] GC(300) Old regions: 134->134
[2023-04-09T15:59:44.387+0800][919.106s] GC(300) Humongous regions: 66->66
[2023-04-09T15:59:44.387+0800][919.106s] GC(300) Metaspace: 62749K(64840K)->62749K(64840K) NonClass: 55512K(56700K)->55512K(56700K) Class: 7236K(8140K)->7236K(8140K)
[2023-04-09T15:59:44.387+0800][919.106s] GC(300) Pause Young (Normal) (G1 Evacuation Pause) 444M->209M(512M) 1.926ms
[2023-04-09T15:59:44.387+0800][919.107s] GC(300) User=0.01s Sys=0.00s Real=0.00s
[2023-04-09T15:59:45.017+0800][919.736s] GC(301) Pause Young (Normal) (G1 Evacuation Pause)
[2023-04-09T15:59:45.017+0800][919.736s] GC(301) Using 8 workers of 8 for evacuation
[2023-04-09T15:59:45.018+0800][919.737s] GC(301)   Pre Evacuate Collection Set: 0.1ms
[2023-04-09T15:59:45.018+0800][919.737s] GC(301)   Evacuate Collection Set: 0.6ms
[2023-04-09T15:59:45.018+0800][919.737s] GC(301)   Post Evacuate Collection Set: 0.3ms
[2023-04-09T15:59:45.018+0800][919.737s] GC(301)   Other: 0.3ms
[2023-04-09T15:59:45.018+0800][919.737s] GC(301) Eden regions: 234->0(242)
[2023-04-09T15:59:45.018+0800][919.737s] GC(301) Survivor regions: 11->5(31)
[2023-04-09T15:59:45.018+0800][919.737s] GC(301) Old regions: 134->134
[2023-04-09T15:59:45.018+0800][919.737s] GC(301) Humongous regions: 67->58
[2023-04-09T15:59:45.018+0800][919.737s] GC(301) Metaspace: 62752K(64840K)->62752K(64840K) NonClass: 55515K(56700K)->55515K(56700K) Class: 7236K(8140K)->7236K(8140K)
[2023-04-09T15:59:45.018+0800][919.737s] GC(301) Pause Young (Normal) (G1 Evacuation Pause) 444M->196M(512M) 1.453ms
[2023-04-09T15:59:45.018+0800][919.737s] GC(301) User=0.01s Sys=0.00s Real=0.00s
[2023-04-09T15:59:45.548+0800][920.268s] GC(302) Pause Young (Normal) (G1 Evacuation Pause)
[2023-04-09T15:59:45.548+0800][920.268s] GC(302) Using 8 workers of 8 for evacuation
[2023-04-09T15:59:45.550+0800][920.269s] GC(302)   Pre Evacuate Collection Set: 0.0ms
[2023-04-09T15:59:45.550+0800][920.269s] GC(302)   Evacuate Collection Set: 1.0ms
[2023-04-09T15:59:45.550+0800][920.269s] GC(302)   Post Evacuate Collection Set: 0.3ms
[2023-04-09T15:59:45.550+0800][920.269s] GC(302)   Other: 0.2ms
[2023-04-09T15:59:45.550+0800][920.269s] GC(302) Eden regions: 242->0(238)
[2023-04-09T15:59:45.550+0800][920.269s] GC(302) Survivor regions: 5->10(31)
[2023-04-09T15:59:45.550+0800][920.269s] GC(302) Old regions: 134->134
[2023-04-09T15:59:45.550+0800][920.269s] GC(302) Humongous regions: 61->60
[2023-04-09T15:59:45.550+0800][920.269s] GC(302) Metaspace: 62752K(64840K)->62752K(64840K) NonClass: 55515K(56700K)->55515K(56700K) Class: 7236K(8140K)->7236K(8140K)
[2023-04-09T15:59:45.550+0800][920.269s] GC(302) Pause Young (Normal) (G1 Evacuation Pause) 441M->203M(512M) 1.647ms
[2023-04-09T15:59:45.550+0800][920.269s] GC(302) User=0.01s Sys=0.00s Real=0.01s
[2023-04-09T15:59:46.105+0800][920.825s] GC(303) Pause Young (Normal) (G1 Evacuation Pause)
[2023-04-09T15:59:46.105+0800][920.825s] GC(303) Using 8 workers of 8 for evacuation
[2023-04-09T15:59:46.107+0800][920.826s] GC(303)   Pre Evacuate Collection Set: 0.0ms
[2023-04-09T15:59:46.107+0800][920.826s] GC(303)   Evacuate Collection Set: 1.3ms
[2023-04-09T15:59:46.107+0800][920.826s] GC(303)   Post Evacuate Collection Set: 0.3ms
[2023-04-09T15:59:46.107+0800][920.827s] GC(303)   Other: 0.2ms
[2023-04-09T15:59:46.107+0800][920.827s] GC(303) Eden regions: 238->0(235)
[2023-04-09T15:59:46.107+0800][920.827s] GC(303) Survivor regions: 10->10(31)
[2023-04-09T15:59:46.107+0800][920.827s] GC(303) Old regions: 134->134
[2023-04-09T15:59:46.107+0800][920.827s] GC(303) Humongous regions: 73->66
[2023-04-09T15:59:46.107+0800][920.827s] GC(303) Metaspace: 62752K(64840K)->62752K(64840K) NonClass: 55515K(56700K)->55515K(56700K) Class: 7236K(8140K)->7236K(8140K)
[2023-04-09T15:59:46.107+0800][920.827s] GC(303) Pause Young (Normal) (G1 Evacuation Pause) 454M->209M(512M) 1.962ms
[2023-04-09T15:59:46.107+0800][920.827s] GC(303) User=0.01s Sys=0.00s Real=0.00s
[2023-04-09T15:59:46.681+0800][921.400s] GC(304) Pause Young (Normal) (G1 Evacuation Pause)
[2023-04-09T15:59:46.681+0800][921.401s] GC(304) Using 8 workers of 8 for evacuation
[2023-04-09T15:59:46.684+0800][921.403s] GC(304)   Pre Evacuate Collection Set: 0.0ms
[2023-04-09T15:59:46.684+0800][921.403s] GC(304)   Evacuate Collection Set: 2.0ms
[2023-04-09T15:59:46.684+0800][921.403s] GC(304)   Post Evacuate Collection Set: 0.3ms
[2023-04-09T15:59:46.684+0800][921.403s] GC(304)   Other: 0.2ms
[2023-04-09T15:59:46.684+0800][921.403s] GC(304) Eden regions: 235->0(235)
[2023-04-09T15:59:46.684+0800][921.403s] GC(304) Survivor regions: 10->10(31)
[2023-04-09T15:59:46.684+0800][921.403s] GC(304) Old regions: 134->134
[2023-04-09T15:59:46.684+0800][921.403s] GC(304) Humongous regions: 71->66
[2023-04-09T15:59:46.684+0800][921.403s] GC(304) Metaspace: 62753K(64840K)->62753K(64840K) NonClass: 55516K(56700K)->55516K(56700K) Class: 7236K(8140K)->7236K(8140K)
[2023-04-09T15:59:46.684+0800][921.403s] GC(304) Pause Young (Normal) (G1 Evacuation Pause) 449M->209M(512M) 2.712ms
[2023-04-09T15:59:46.684+0800][921.403s] GC(304) User=0.01s Sys=0.00s Real=0.00s
[2023-04-09T15:59:47.305+0800][922.024s] GC(305) Pause Young (Normal) (G1 Evacuation Pause)
[2023-04-09T15:59:47.305+0800][922.024s] GC(305) Using 8 workers of 8 for evacuation
[2023-04-09T15:59:47.307+0800][922.026s] GC(305)   Pre Evacuate Collection Set: 0.0ms
[2023-04-09T15:59:47.307+0800][922.026s] GC(305)   Evacuate Collection Set: 1.5ms
[2023-04-09T15:59:47.307+0800][922.026s] GC(305)   Post Evacuate Collection Set: 0.3ms
[2023-04-09T15:59:47.307+0800][922.026s] GC(305)   Other: 0.2ms
[2023-04-09T15:59:47.307+0800][922.026s] GC(305) Eden regions: 235->0(242)
[2023-04-09T15:59:47.307+0800][922.026s] GC(305) Survivor regions: 10->4(31)
[2023-04-09T15:59:47.307+0800][922.026s] GC(305) Old regions: 134->134
[2023-04-09T15:59:47.307+0800][922.026s] GC(305) Humongous regions: 67->58
[2023-04-09T15:59:47.307+0800][922.026s] GC(305) Metaspace: 62753K(64840K)->62753K(64840K) NonClass: 55517K(56700K)->55517K(56700K) Class: 7236K(8140K)->7236K(8140K)
[2023-04-09T15:59:47.307+0800][922.026s] GC(305) Pause Young (Normal) (G1 Evacuation Pause) 445M->195M(512M) 2.096ms
[2023-04-09T15:59:47.307+0800][922.026s] GC(305) User=0.00s Sys=0.00s Real=0.00s
[2023-04-09T15:59:47.853+0800][922.572s] GC(306) Pause Young (Normal) (G1 Evacuation Pause)
[2023-04-09T15:59:47.853+0800][922.572s] GC(306) Using 8 workers of 8 for evacuation
[2023-04-09T15:59:47.854+0800][922.573s] GC(306)   Pre Evacuate Collection Set: 0.0ms
[2023-04-09T15:59:47.854+0800][922.573s] GC(306)   Evacuate Collection Set: 0.9ms
[2023-04-09T15:59:47.854+0800][922.573s] GC(306)   Post Evacuate Collection Set: 0.3ms
[2023-04-09T15:59:47.854+0800][922.573s] GC(306)   Other: 0.2ms
[2023-04-09T15:59:47.854+0800][922.573s] GC(306) Eden regions: 242->0(240)
[2023-04-09T15:59:47.854+0800][922.573s] GC(306) Survivor regions: 4->8(31)
[2023-04-09T15:59:47.854+0800][922.573s] GC(306) Old regions: 134->134
[2023-04-09T15:59:47.854+0800][922.573s] GC(306) Humongous regions: 60->59
[2023-04-09T15:59:47.854+0800][922.573s] GC(306) Metaspace: 62753K(64840K)->62753K(64840K) NonClass: 55517K(56700K)->55517K(56700K) Class: 7236K(8140K)->7236K(8140K)
[2023-04-09T15:59:47.854+0800][922.573s] GC(306) Pause Young (Normal) (G1 Evacuation Pause) 439M->200M(512M) 1.619ms
[2023-04-09T15:59:47.854+0800][922.573s] GC(306) User=0.01s Sys=0.01s Real=0.00s
[2023-04-09T15:59:48.379+0800][923.098s] GC(307) Pause Young (Normal) (G1 Evacuation Pause)
[2023-04-09T15:59:48.379+0800][923.098s] GC(307) Using 8 workers of 8 for evacuation
[2023-04-09T15:59:48.383+0800][923.102s] GC(307)   Pre Evacuate Collection Set: 0.1ms
[2023-04-09T15:59:48.383+0800][923.102s] GC(307)   Evacuate Collection Set: 3.1ms
[2023-04-09T15:59:48.383+0800][923.102s] GC(307)   Post Evacuate Collection Set: 0.3ms
[2023-04-09T15:59:48.383+0800][923.102s] GC(307)   Other: 0.2ms
[2023-04-09T15:59:48.383+0800][923.102s] GC(307) Eden regions: 240->0(236)
[2023-04-09T15:59:48.383+0800][923.102s] GC(307) Survivor regions: 8->10(31)
[2023-04-09T15:59:48.383+0800][923.102s] GC(307) Old regions: 134->134
[2023-04-09T15:59:48.383+0800][923.102s] GC(307) Humongous regions: 65->65
[2023-04-09T15:59:48.383+0800][923.102s] GC(307) Metaspace: 62753K(64840K)->62753K(64840K) NonClass: 55517K(56700K)->55517K(56700K) Class: 7236K(8140K)->7236K(8140K)
[2023-04-09T15:59:48.383+0800][923.102s] GC(307) Pause Young (Normal) (G1 Evacuation Pause) 446M->208M(512M) 3.875ms
[2023-04-09T15:59:48.383+0800][923.102s] GC(307) User=0.01s Sys=0.00s Real=0.01s
[2023-04-09T15:59:49.024+0800][923.743s] GC(308) Pause Young (Normal) (G1 Evacuation Pause)
[2023-04-09T15:59:49.024+0800][923.743s] GC(308) Using 8 workers of 8 for evacuation
[2023-04-09T15:59:49.026+0800][923.745s] GC(308)   Pre Evacuate Collection Set: 0.0ms
[2023-04-09T15:59:49.026+0800][923.745s] GC(308)   Evacuate Collection Set: 1.8ms
[2023-04-09T15:59:49.026+0800][923.745s] GC(308)   Post Evacuate Collection Set: 0.4ms
[2023-04-09T15:59:49.026+0800][923.745s] GC(308)   Other: 0.2ms
[2023-04-09T15:59:49.026+0800][923.745s] GC(308) Eden regions: 236->0(235)
[2023-04-09T15:59:49.026+0800][923.745s] GC(308) Survivor regions: 10->11(31)
[2023-04-09T15:59:49.026+0800][923.745s] GC(308) Old regions: 134->134
[2023-04-09T15:59:49.026+0800][923.745s] GC(308) Humongous regions: 78->66
[2023-04-09T15:59:49.026+0800][923.745s] GC(308) Metaspace: 62753K(64840K)->62753K(64840K) NonClass: 55517K(56700K)->55517K(56700K) Class: 7236K(8140K)->7236K(8140K)
[2023-04-09T15:59:49.026+0800][923.746s] GC(308) Pause Young (Normal) (G1 Evacuation Pause) 457M->209M(512M) 2.576ms
[2023-04-09T15:59:49.026+0800][923.746s] GC(308) User=0.01s Sys=0.00s Real=0.00s
[2023-04-09T15:59:49.666+0800][924.385s] GC(309) Pause Young (Normal) (G1 Evacuation Pause)
[2023-04-09T15:59:49.666+0800][924.386s] GC(309) Using 8 workers of 8 for evacuation
[2023-04-09T15:59:49.667+0800][924.386s] GC(309)   Pre Evacuate Collection Set: 0.0ms
[2023-04-09T15:59:49.667+0800][924.386s] GC(309)   Evacuate Collection Set: 0.4ms
[2023-04-09T15:59:49.667+0800][924.386s] GC(309)   Post Evacuate Collection Set: 0.3ms
[2023-04-09T15:59:49.667+0800][924.386s] GC(309)   Other: 0.2ms
[2023-04-09T15:59:49.667+0800][924.386s] GC(309) Eden regions: 235->0(245)
[2023-04-09T15:59:49.667+0800][924.386s] GC(309) Survivor regions: 11->3(31)
[2023-04-09T15:59:49.667+0800][924.386s] GC(309) Old regions: 134->134
[2023-04-09T15:59:49.667+0800][924.387s] GC(309) Humongous regions: 66->57
[2023-04-09T15:59:49.667+0800][924.387s] GC(309) Metaspace: 62757K(64840K)->62757K(64840K) NonClass: 55520K(56700K)->55520K(56700K) Class: 7236K(8140K)->7236K(8140K)
[2023-04-09T15:59:49.667+0800][924.387s] GC(309) Pause Young (Normal) (G1 Evacuation Pause) 444M->193M(512M) 1.064ms
[2023-04-09T15:59:49.667+0800][924.387s] GC(309) User=0.01s Sys=0.00s Real=0.00s
[2023-04-09T15:59:50.192+0800][924.911s] GC(310) Pause Young (Normal) (G1 Evacuation Pause)
[2023-04-09T15:59:50.192+0800][924.911s] GC(310) Using 8 workers of 8 for evacuation
[2023-04-09T15:59:50.193+0800][924.913s] GC(310)   Pre Evacuate Collection Set: 0.0ms
[2023-04-09T15:59:50.193+0800][924.913s] GC(310)   Evacuate Collection Set: 0.9ms
[2023-04-09T15:59:50.193+0800][924.913s] GC(310)   Post Evacuate Collection Set: 0.3ms
[2023-04-09T15:59:50.193+0800][924.913s] GC(310)   Other: 0.2ms
[2023-04-09T15:59:50.193+0800][924.913s] GC(310) Eden regions: 245->0(240)
[2023-04-09T15:59:50.193+0800][924.913s] GC(310) Survivor regions: 3->9(31)
[2023-04-09T15:59:50.193+0800][924.913s] GC(310) Old regions: 134->134
[2023-04-09T15:59:50.193+0800][924.913s] GC(310) Humongous regions: 60->59
[2023-04-09T15:59:50.193+0800][924.913s] GC(310) Metaspace: 62757K(64840K)->62757K(64840K) NonClass: 55520K(56700K)->55520K(56700K) Class: 7236K(8140K)->7236K(8140K)
[2023-04-09T15:59:50.194+0800][924.913s] GC(310) Pause Young (Normal) (G1 Evacuation Pause) 441M->201M(512M) 1.610ms
[2023-04-09T15:59:50.194+0800][924.913s] GC(310) User=0.01s Sys=0.00s Real=0.00s
[2023-04-09T15:59:50.716+0800][925.435s] GC(311) Pause Young (Normal) (G1 Evacuation Pause)
[2023-04-09T15:59:50.716+0800][925.435s] GC(311) Using 8 workers of 8 for evacuation
[2023-04-09T15:59:50.718+0800][925.438s] GC(311)   Pre Evacuate Collection Set: 0.0ms
[2023-04-09T15:59:50.718+0800][925.438s] GC(311)   Evacuate Collection Set: 1.9ms
[2023-04-09T15:59:50.718+0800][925.438s] GC(311)   Post Evacuate Collection Set: 0.4ms
[2023-04-09T15:59:50.718+0800][925.438s] GC(311)   Other: 0.2ms
[2023-04-09T15:59:50.718+0800][925.438s] GC(311) Eden regions: 240->0(236)
[2023-04-09T15:59:50.718+0800][925.438s] GC(311) Survivor regions: 9->9(32)
[2023-04-09T15:59:50.718+0800][925.438s] GC(311) Old regions: 134->134
[2023-04-09T15:59:50.718+0800][925.438s] GC(311) Humongous regions: 65->65
[2023-04-09T15:59:50.718+0800][925.438s] GC(311) Metaspace: 62757K(64840K)->62757K(64840K) NonClass: 55520K(56700K)->55520K(56700K) Class: 7236K(8140K)->7236K(8140K)
[2023-04-09T15:59:50.718+0800][925.438s] GC(311) Pause Young (Normal) (G1 Evacuation Pause) 447M->206M(512M) 2.629ms
[2023-04-09T15:59:50.718+0800][925.438s] GC(311) User=0.01s Sys=0.00s Real=0.00s
[2023-04-09T15:59:51.417+0800][926.137s] GC(312) Pause Young (Normal) (G1 Evacuation Pause)
[2023-04-09T15:59:51.417+0800][926.137s] GC(312) Using 8 workers of 8 for evacuation
[2023-04-09T15:59:51.420+0800][926.139s] GC(312)   Pre Evacuate Collection Set: 0.0ms
[2023-04-09T15:59:51.420+0800][926.139s] GC(312)   Evacuate Collection Set: 2.1ms
[2023-04-09T15:59:51.420+0800][926.139s] GC(312)   Post Evacuate Collection Set: 0.3ms
[2023-04-09T15:59:51.420+0800][926.139s] GC(312)   Other: 0.2ms
[2023-04-09T15:59:51.420+0800][926.139s] GC(312) Eden regions: 236->0(235)
[2023-04-09T15:59:51.420+0800][926.139s] GC(312) Survivor regions: 9->10(31)
[2023-04-09T15:59:51.420+0800][926.139s] GC(312) Old regions: 134->134
[2023-04-09T15:59:51.420+0800][926.139s] GC(312) Humongous regions: 78->66
[2023-04-09T15:59:51.420+0800][926.139s] GC(312) Metaspace: 62757K(64840K)->62757K(64840K) NonClass: 55520K(56700K)->55520K(56700K) Class: 7236K(8140K)->7236K(8140K)
[2023-04-09T15:59:51.420+0800][926.139s] GC(312) Pause Young (Normal) (G1 Evacuation Pause) 455M->209M(512M) 2.802ms
[2023-04-09T15:59:51.420+0800][926.139s] GC(312) User=0.01s Sys=0.00s Real=0.01s
[2023-04-09T15:59:52.053+0800][926.772s] GC(313) Pause Young (Normal) (G1 Evacuation Pause)
[2023-04-09T15:59:52.054+0800][926.773s] GC(313) Using 8 workers of 8 for evacuation
[2023-04-09T15:59:52.055+0800][926.774s] GC(313)   Pre Evacuate Collection Set: 0.0ms
[2023-04-09T15:59:52.055+0800][926.774s] GC(313)   Evacuate Collection Set: 0.5ms
[2023-04-09T15:59:52.055+0800][926.774s] GC(313)   Post Evacuate Collection Set: 0.3ms
[2023-04-09T15:59:52.055+0800][926.774s] GC(313)   Other: 1.0ms
[2023-04-09T15:59:52.055+0800][926.774s] GC(313) Eden regions: 235->0(249)
[2023-04-09T15:59:52.055+0800][926.774s] GC(313) Survivor regions: 10->2(31)
[2023-04-09T15:59:52.055+0800][926.774s] GC(313) Old regions: 134->134
[2023-04-09T15:59:52.055+0800][926.774s] GC(313) Humongous regions: 66->57
[2023-04-09T15:59:52.055+0800][926.774s] GC(313) Metaspace: 62757K(64840K)->62757K(64840K) NonClass: 55520K(56700K)->55520K(56700K) Class: 7236K(8140K)->7236K(8140K)
[2023-04-09T15:59:52.055+0800][926.774s] GC(313) Pause Young (Normal) (G1 Evacuation Pause) 444M->192M(512M) 1.996ms
[2023-04-09T15:59:52.055+0800][926.774s] GC(313) User=0.00s Sys=0.00s Real=0.00s
[2023-04-09T15:59:52.620+0800][927.339s] GC(314) Pause Young (Normal) (G1 Evacuation Pause)
[2023-04-09T15:59:52.620+0800][927.339s] GC(314) Using 8 workers of 8 for evacuation
[2023-04-09T15:59:52.621+0800][927.340s] GC(314)   Pre Evacuate Collection Set: 0.0ms
[2023-04-09T15:59:52.621+0800][927.340s] GC(314)   Evacuate Collection Set: 0.8ms
[2023-04-09T15:59:52.621+0800][927.340s] GC(314)   Post Evacuate Collection Set: 0.3ms
[2023-04-09T15:59:52.621+0800][927.340s] GC(314)   Other: 0.2ms
[2023-04-09T15:59:52.621+0800][927.340s] GC(314) Eden regions: 249->0(245)
[2023-04-09T15:59:52.621+0800][927.340s] GC(314) Survivor regions: 2->7(32)
[2023-04-09T15:59:52.621+0800][927.340s] GC(314) Old regions: 134->134
[2023-04-09T15:59:52.621+0800][927.340s] GC(314) Humongous regions: 58->58
[2023-04-09T15:59:52.621+0800][927.340s] GC(314) Metaspace: 62757K(64840K)->62757K(64840K) NonClass: 55520K(56700K)->55520K(56700K) Class: 7236K(8140K)->7236K(8140K)
[2023-04-09T15:59:52.621+0800][927.340s] GC(314) Pause Young (Normal) (G1 Evacuation Pause) 442M->197M(512M) 1.470ms
[2023-04-09T15:59:52.621+0800][927.340s] GC(314) User=0.00s Sys=0.00s Real=0.00s
[2023-04-09T15:59:53.234+0800][927.953s] GC(315) Pause Young (Normal) (G1 Evacuation Pause)
[2023-04-09T15:59:53.234+0800][927.953s] GC(315) Using 8 workers of 8 for evacuation
[2023-04-09T15:59:53.236+0800][927.955s] GC(315)   Pre Evacuate Collection Set: 0.0ms
[2023-04-09T15:59:53.236+0800][927.955s] GC(315)   Evacuate Collection Set: 1.3ms
[2023-04-09T15:59:53.236+0800][927.955s] GC(315)   Post Evacuate Collection Set: 0.3ms
[2023-04-09T15:59:53.236+0800][927.955s] GC(315)   Other: 0.2ms
[2023-04-09T15:59:53.236+0800][927.955s] GC(315) Eden regions: 245->0(239)
[2023-04-09T15:59:53.236+0800][927.955s] GC(315) Survivor regions: 7->11(32)
[2023-04-09T15:59:53.236+0800][927.955s] GC(315) Old regions: 134->134
[2023-04-09T15:59:53.236+0800][927.955s] GC(315) Humongous regions: 61->60
[2023-04-09T15:59:53.236+0800][927.955s] GC(315) Metaspace: 62757K(64840K)->62757K(64840K) NonClass: 55520K(56700K)->55520K(56700K) Class: 7236K(8140K)->7236K(8140K)
[2023-04-09T15:59:53.236+0800][927.955s] GC(315) Pause Young (Normal) (G1 Evacuation Pause) 445M->204M(512M) 1.934ms
[2023-04-09T15:59:53.236+0800][927.955s] GC(315) User=0.01s Sys=0.00s Real=0.00s
[2023-04-09T15:59:53.795+0800][928.514s] GC(316) Pause Young (Normal) (G1 Evacuation Pause)
[2023-04-09T15:59:53.795+0800][928.514s] GC(316) Using 8 workers of 8 for evacuation
[2023-04-09T15:59:53.798+0800][928.517s] GC(316)   Pre Evacuate Collection Set: 0.0ms
[2023-04-09T15:59:53.798+0800][928.517s] GC(316)   Evacuate Collection Set: 2.4ms
[2023-04-09T15:59:53.798+0800][928.517s] GC(316)   Post Evacuate Collection Set: 0.3ms
[2023-04-09T15:59:53.798+0800][928.517s] GC(316)   Other: 0.2ms
[2023-04-09T15:59:53.798+0800][928.517s] GC(316) Eden regions: 239->0(235)
[2023-04-09T15:59:53.798+0800][928.517s] GC(316) Survivor regions: 11->10(32)
[2023-04-09T15:59:53.798+0800][928.517s] GC(316) Old regions: 134->134
[2023-04-09T15:59:53.798+0800][928.517s] GC(316) Humongous regions: 78->66
[2023-04-09T15:59:53.798+0800][928.517s] GC(316) Metaspace: 62757K(64840K)->62757K(64840K) NonClass: 55520K(56700K)->55520K(56700K) Class: 7236K(8140K)->7236K(8140K)
[2023-04-09T15:59:53.798+0800][928.517s] GC(316) Pause Young (Normal) (G1 Evacuation Pause) 461M->209M(512M) 3.116ms
[2023-04-09T15:59:53.798+0800][928.517s] GC(316) User=0.01s Sys=0.00s Real=0.00s
[2023-04-09T15:59:54.513+0800][929.232s] GC(317) Pause Young (Normal) (G1 Evacuation Pause)
[2023-04-09T15:59:54.513+0800][929.232s] GC(317) Using 8 workers of 8 for evacuation
[2023-04-09T15:59:54.513+0800][929.233s] GC(317)   Pre Evacuate Collection Set: 0.0ms
[2023-04-09T15:59:54.514+0800][929.233s] GC(317)   Evacuate Collection Set: 0.5ms
[2023-04-09T15:59:54.514+0800][929.233s] GC(317)   Post Evacuate Collection Set: 0.2ms
[2023-04-09T15:59:54.514+0800][929.233s] GC(317)   Other: 0.2ms
[2023-04-09T15:59:54.514+0800][929.233s] GC(317) Eden regions: 235->0(250)
[2023-04-09T15:59:54.514+0800][929.233s] GC(317) Survivor regions: 10->1(31)
[2023-04-09T15:59:54.514+0800][929.233s] GC(317) Old regions: 134->134
[2023-04-09T15:59:54.514+0800][929.233s] GC(317) Humongous regions: 66->57
[2023-04-09T15:59:54.514+0800][929.233s] GC(317) Metaspace: 62758K(64840K)->62758K(64840K) NonClass: 55521K(56700K)->55521K(56700K) Class: 7236K(8140K)->7236K(8140K)
[2023-04-09T15:59:54.514+0800][929.233s] GC(317) Pause Young (Normal) (G1 Evacuation Pause) 444M->191M(512M) 1.147ms
[2023-04-09T15:59:54.514+0800][929.233s] GC(317) User=0.00s Sys=0.00s Real=0.00s
[2023-04-09T15:59:55.084+0800][929.803s] GC(318) Pause Young (Normal) (G1 Evacuation Pause)
[2023-04-09T15:59:55.084+0800][929.803s] GC(318) Using 8 workers of 8 for evacuation
[2023-04-09T15:59:55.086+0800][929.805s] GC(318)   Pre Evacuate Collection Set: 0.0ms
[2023-04-09T15:59:55.086+0800][929.805s] GC(318)   Evacuate Collection Set: 2.0ms
[2023-04-09T15:59:55.086+0800][929.805s] GC(318)   Post Evacuate Collection Set: 0.3ms
[2023-04-09T15:59:55.086+0800][929.805s] GC(318)   Other: 0.2ms
[2023-04-09T15:59:55.086+0800][929.805s] GC(318) Eden regions: 250->0(246)
[2023-04-09T15:59:55.086+0800][929.805s] GC(318) Survivor regions: 1->6(32)
[2023-04-09T15:59:55.086+0800][929.805s] GC(318) Old regions: 134->134
[2023-04-09T15:59:55.086+0800][929.805s] GC(318) Humongous regions: 58->58
[2023-04-09T15:59:55.086+0800][929.805s] GC(318) Metaspace: 62758K(64840K)->62758K(64840K) NonClass: 55521K(56700K)->55521K(56700K) Class: 7236K(8140K)->7236K(8140K)
[2023-04-09T15:59:55.086+0800][929.805s] GC(318) Pause Young (Normal) (G1 Evacuation Pause) 442M->197M(512M) 2.637ms
[2023-04-09T15:59:55.086+0800][929.806s] GC(318) User=0.01s Sys=0.00s Real=0.00s
[2023-04-09T15:59:55.622+0800][930.341s] GC(319) Pause Young (Normal) (G1 Evacuation Pause)
[2023-04-09T15:59:55.622+0800][930.341s] GC(319) Using 8 workers of 8 for evacuation
[2023-04-09T15:59:55.624+0800][930.343s] GC(319)   Pre Evacuate Collection Set: 0.0ms
[2023-04-09T15:59:55.624+0800][930.343s] GC(319)   Evacuate Collection Set: 1.1ms
[2023-04-09T15:59:55.624+0800][930.343s] GC(319)   Post Evacuate Collection Set: 0.3ms
[2023-04-09T15:59:55.624+0800][930.343s] GC(319)   Other: 0.2ms
[2023-04-09T15:59:55.624+0800][930.343s] GC(319) Eden regions: 246->0(241)
[2023-04-09T15:59:55.624+0800][930.343s] GC(319) Survivor regions: 6->10(32)
[2023-04-09T15:59:55.624+0800][930.343s] GC(319) Old regions: 134->134
[2023-04-09T15:59:55.624+0800][930.343s] GC(319) Humongous regions: 61->60
[2023-04-09T15:59:55.624+0800][930.343s] GC(319) Metaspace: 62758K(64840K)->62758K(64840K) NonClass: 55521K(56700K)->55521K(56700K) Class: 7236K(8140K)->7236K(8140K)
[2023-04-09T15:59:55.624+0800][930.343s] GC(319) Pause Young (Normal) (G1 Evacuation Pause) 446M->203M(512M) 1.752ms
[2023-04-09T15:59:55.624+0800][930.343s] GC(319) User=0.01s Sys=0.00s Real=0.00s
[2023-04-09T15:59:56.189+0800][930.908s] GC(320) Pause Young (Normal) (G1 Evacuation Pause)
[2023-04-09T15:59:56.189+0800][930.908s] GC(320) Using 8 workers of 8 for evacuation
[2023-04-09T15:59:56.191+0800][930.910s] GC(320)   Pre Evacuate Collection Set: 0.0ms
[2023-04-09T15:59:56.191+0800][930.910s] GC(320)   Evacuate Collection Set: 1.5ms
[2023-04-09T15:59:56.191+0800][930.910s] GC(320)   Post Evacuate Collection Set: 0.3ms
[2023-04-09T15:59:56.191+0800][930.910s] GC(320)   Other: 0.2ms
[2023-04-09T15:59:56.191+0800][930.910s] GC(320) Eden regions: 241->0(235)
[2023-04-09T15:59:56.191+0800][930.910s] GC(320) Survivor regions: 10->11(32)
[2023-04-09T15:59:56.191+0800][930.910s] GC(320) Old regions: 134->134
[2023-04-09T15:59:56.191+0800][930.910s] GC(320) Humongous regions: 78->66
[2023-04-09T15:59:56.191+0800][930.910s] GC(320) Metaspace: 62758K(64840K)->62758K(64840K) NonClass: 55521K(56700K)->55521K(56700K) Class: 7236K(8140K)->7236K(8140K)
[2023-04-09T15:59:56.191+0800][930.910s] GC(320) Pause Young (Normal) (G1 Evacuation Pause) 462M->209M(512M) 2.215ms
[2023-04-09T15:59:56.191+0800][930.910s] GC(320) User=0.01s Sys=0.00s Real=0.01s
[2023-04-09T15:59:56.875+0800][931.594s] GC(321) Pause Young (Normal) (G1 Evacuation Pause)
[2023-04-09T15:59:56.875+0800][931.594s] GC(321) Using 8 workers of 8 for evacuation
[2023-04-09T15:59:56.878+0800][931.597s] GC(321)   Pre Evacuate Collection Set: 0.1ms
[2023-04-09T15:59:56.878+0800][931.597s] GC(321)   Evacuate Collection Set: 2.2ms
[2023-04-09T15:59:56.878+0800][931.597s] GC(321)   Post Evacuate Collection Set: 0.4ms
[2023-04-09T15:59:56.878+0800][931.597s] GC(321)   Other: 0.2ms
[2023-04-09T15:59:56.878+0800][931.597s] GC(321) Eden regions: 235->0(237)
[2023-04-09T15:59:56.878+0800][931.597s] GC(321) Survivor regions: 11->10(31)
[2023-04-09T15:59:56.878+0800][931.597s] GC(321) Old regions: 134->134
[2023-04-09T15:59:56.878+0800][931.598s] GC(321) Humongous regions: 66->66
[2023-04-09T15:59:56.878+0800][931.598s] GC(321) Metaspace: 62758K(64840K)->62758K(64840K) NonClass: 55521K(56700K)->55521K(56700K) Class: 7236K(8140K)->7236K(8140K)
[2023-04-09T15:59:56.879+0800][931.598s] GC(321) Pause Young (Normal) (G1 Evacuation Pause) 444M->209M(512M) 3.329ms
[2023-04-09T15:59:56.879+0800][931.598s] GC(321) User=0.02s Sys=0.00s Real=0.00s
[2023-04-09T15:59:57.527+0800][932.246s] GC(322) Pause Young (Normal) (G1 Evacuation Pause)
[2023-04-09T15:59:57.527+0800][932.246s] GC(322) Using 8 workers of 8 for evacuation
[2023-04-09T15:59:57.530+0800][932.249s] GC(322)   Pre Evacuate Collection Set: 0.1ms
[2023-04-09T15:59:57.530+0800][932.249s] GC(322)   Evacuate Collection Set: 2.3ms
[2023-04-09T15:59:57.530+0800][932.249s] GC(322)   Post Evacuate Collection Set: 0.4ms
[2023-04-09T15:59:57.530+0800][932.249s] GC(322)   Other: 0.5ms
[2023-04-09T15:59:57.530+0800][932.249s] GC(322) Eden regions: 237->0(246)
[2023-04-09T15:59:57.530+0800][932.249s] GC(322) Survivor regions: 10->5(31)
[2023-04-09T15:59:57.530+0800][932.249s] GC(322) Old regions: 134->134
[2023-04-09T15:59:57.530+0800][932.249s] GC(322) Humongous regions: 67->58
[2023-04-09T15:59:57.530+0800][932.249s] GC(322) Metaspace: 62762K(64840K)->62762K(64840K) NonClass: 55525K(56700K)->55525K(56700K) Class: 7236K(8140K)->7236K(8140K)
[2023-04-09T15:59:57.530+0800][932.249s] GC(322) Pause Young (Normal) (G1 Evacuation Pause) 447M->195M(512M) 3.410ms
[2023-04-09T15:59:57.530+0800][932.249s] GC(322) User=0.01s Sys=0.00s Real=0.01s
[2023-04-09T15:59:57.896+0800][932.615s] GC(323) Pause Young (Normal) (G1 Evacuation Pause)
[2023-04-09T15:59:57.896+0800][932.615s] GC(323) Using 8 workers of 8 for evacuation
[2023-04-09T15:59:57.897+0800][932.617s] GC(323)   Pre Evacuate Collection Set: 0.0ms
[2023-04-09T15:59:57.897+0800][932.617s] GC(323)   Evacuate Collection Set: 1.0ms
[2023-04-09T15:59:57.898+0800][932.617s] GC(323)   Post Evacuate Collection Set: 0.3ms
[2023-04-09T15:59:57.898+0800][932.617s] GC(323)   Other: 0.2ms
[2023-04-09T15:59:57.898+0800][932.617s] GC(323) Eden regions: 246->0(246)
[2023-04-09T15:59:57.898+0800][932.617s] GC(323) Survivor regions: 5->7(32)
[2023-04-09T15:59:57.898+0800][932.617s] GC(323) Old regions: 134->134
[2023-04-09T15:59:57.898+0800][932.617s] GC(323) Humongous regions: 58->58
[2023-04-09T15:59:57.898+0800][932.617s] GC(323) Metaspace: 62762K(64840K)->62762K(64840K) NonClass: 55525K(56700K)->55525K(56700K) Class: 7236K(8140K)->7236K(8140K)
[2023-04-09T15:59:57.898+0800][932.617s] GC(323) Pause Young (Normal) (G1 Evacuation Pause) 441M->198M(512M) 1.693ms
[2023-04-09T15:59:57.898+0800][932.617s] GC(323) User=0.01s Sys=0.00s Real=0.00s
[2023-04-09T15:59:58.269+0800][932.988s] GC(324) Pause Young (Normal) (G1 Evacuation Pause)
[2023-04-09T15:59:58.269+0800][932.988s] GC(324) Using 8 workers of 8 for evacuation
[2023-04-09T15:59:58.271+0800][932.990s] GC(324)   Pre Evacuate Collection Set: 0.0ms
[2023-04-09T15:59:58.271+0800][932.991s] GC(324)   Evacuate Collection Set: 2.2ms
[2023-04-09T15:59:58.271+0800][932.991s] GC(324)   Post Evacuate Collection Set: 0.3ms
[2023-04-09T15:59:58.272+0800][932.991s] GC(324)   Other: 0.2ms
[2023-04-09T15:59:58.272+0800][932.991s] GC(324) Eden regions: 246->0(244)
[2023-04-09T15:59:58.272+0800][932.991s] GC(324) Survivor regions: 7->9(32)
[2023-04-09T15:59:58.272+0800][932.991s] GC(324) Old regions: 134->134
[2023-04-09T15:59:58.272+0800][932.991s] GC(324) Humongous regions: 60->59
[2023-04-09T15:59:58.272+0800][932.991s] GC(324) Metaspace: 62762K(64840K)->62762K(64840K) NonClass: 55525K(56700K)->55525K(56700K) Class: 7236K(8140K)->7236K(8140K)
[2023-04-09T15:59:58.272+0800][932.991s] GC(324) Pause Young (Normal) (G1 Evacuation Pause) 446M->201M(512M) 3.040ms
[2023-04-09T15:59:58.272+0800][932.991s] GC(324) User=0.02s Sys=0.00s Real=0.01s
[2023-04-09T15:59:58.546+0800][933.266s] GC(325) Pause Young (Normal) (G1 Evacuation Pause)
[2023-04-09T15:59:58.546+0800][933.266s] GC(325) Using 8 workers of 8 for evacuation
[2023-04-09T15:59:58.549+0800][933.268s] GC(325)   Pre Evacuate Collection Set: 0.0ms
[2023-04-09T15:59:58.549+0800][933.268s] GC(325)   Evacuate Collection Set: 2.2ms
[2023-04-09T15:59:58.549+0800][933.268s] GC(325)   Post Evacuate Collection Set: 0.3ms
[2023-04-09T15:59:58.549+0800][933.268s] GC(325)   Other: 0.2ms
[2023-04-09T15:59:58.549+0800][933.268s] GC(325) Eden regions: 244->0(242)
[2023-04-09T15:59:58.549+0800][933.268s] GC(325) Survivor regions: 9->11(32)
[2023-04-09T15:59:58.549+0800][933.268s] GC(325) Old regions: 134->134
[2023-04-09T15:59:58.549+0800][933.268s] GC(325) Humongous regions: 59->59
[2023-04-09T15:59:58.549+0800][933.268s] GC(325) Metaspace: 62762K(64840K)->62762K(64840K) NonClass: 55525K(56700K)->55525K(56700K) Class: 7236K(8140K)->7236K(8140K)
[2023-04-09T15:59:58.549+0800][933.268s] GC(325) Pause Young (Normal) (G1 Evacuation Pause) 445M->203M(512M) 2.894ms
[2023-04-09T15:59:58.549+0800][933.269s] GC(325) User=0.02s Sys=0.00s Real=0.00s
[2023-04-09T15:59:58.883+0800][933.602s] GC(326) Pause Young (Normal) (G1 Evacuation Pause)
[2023-04-09T15:59:58.883+0800][933.602s] GC(326) Using 8 workers of 8 for evacuation
[2023-04-09T15:59:58.888+0800][933.608s] GC(326)   Pre Evacuate Collection Set: 0.1ms
[2023-04-09T15:59:58.889+0800][933.608s] GC(326)   Evacuate Collection Set: 4.8ms
[2023-04-09T15:59:58.889+0800][933.608s] GC(326)   Post Evacuate Collection Set: 0.4ms
[2023-04-09T15:59:58.889+0800][933.608s] GC(326)   Other: 0.5ms
[2023-04-09T15:59:58.889+0800][933.608s] GC(326) Eden regions: 242->0(239)
[2023-04-09T15:59:58.889+0800][933.608s] GC(326) Survivor regions: 11->10(32)
[2023-04-09T15:59:58.889+0800][933.608s] GC(326) Old regions: 134->134
[2023-04-09T15:59:58.889+0800][933.608s] GC(326) Humongous regions: 65->65
[2023-04-09T15:59:58.889+0800][933.608s] GC(326) Metaspace: 62762K(64840K)->62762K(64840K) NonClass: 55525K(56700K)->55525K(56700K) Class: 7236K(8140K)->7236K(8140K)
[2023-04-09T15:59:58.889+0800][933.608s] GC(326) Pause Young (Normal) (G1 Evacuation Pause) 451M->208M(512M) 5.910ms
[2023-04-09T15:59:58.889+0800][933.608s] GC(326) User=0.02s Sys=0.00s Real=0.00s
[2023-04-09T15:59:59.324+0800][934.043s] GC(327) Pause Young (Normal) (G1 Evacuation Pause)
[2023-04-09T15:59:59.324+0800][934.043s] GC(327) Using 8 workers of 8 for evacuation
[2023-04-09T15:59:59.339+0800][934.058s] GC(327)   Pre Evacuate Collection Set: 0.0ms
[2023-04-09T15:59:59.339+0800][934.058s] GC(327)   Evacuate Collection Set: 14.5ms
[2023-04-09T15:59:59.339+0800][934.058s] GC(327)   Post Evacuate Collection Set: 0.4ms
[2023-04-09T15:59:59.339+0800][934.058s] GC(327)   Other: 0.3ms
[2023-04-09T15:59:59.339+0800][934.058s] GC(327) Eden regions: 239->0(236)
[2023-04-09T15:59:59.339+0800][934.058s] GC(327) Survivor regions: 10->12(32)
[2023-04-09T15:59:59.339+0800][934.058s] GC(327) Old regions: 134->134
[2023-04-09T15:59:59.339+0800][934.058s] GC(327) Humongous regions: 73->66
[2023-04-09T15:59:59.339+0800][934.058s] GC(327) Metaspace: 62762K(64840K)->62762K(64840K) NonClass: 55525K(56700K)->55525K(56700K) Class: 7236K(8140K)->7236K(8140K)
[2023-04-09T15:59:59.339+0800][934.058s] GC(327) Pause Young (Normal) (G1 Evacuation Pause) 455M->211M(512M) 15.618ms
[2023-04-09T15:59:59.339+0800][934.058s] GC(327) User=0.01s Sys=0.00s Real=0.01s
[2023-04-09T15:59:59.859+0800][934.579s] GC(328) Pause Young (Normal) (G1 Evacuation Pause)
[2023-04-09T15:59:59.860+0800][934.579s] GC(328) Using 8 workers of 8 for evacuation
[2023-04-09T15:59:59.862+0800][934.581s] GC(328)   Pre Evacuate Collection Set: 0.0ms
[2023-04-09T15:59:59.862+0800][934.582s] GC(328)   Evacuate Collection Set: 2.4ms
[2023-04-09T15:59:59.862+0800][934.582s] GC(328)   Post Evacuate Collection Set: 0.3ms
[2023-04-09T15:59:59.862+0800][934.582s] GC(328)   Other: 0.2ms
[2023-04-09T15:59:59.862+0800][934.582s] GC(328) Eden regions: 236->0(236)
[2023-04-09T15:59:59.862+0800][934.582s] GC(328) Survivor regions: 12->12(31)
[2023-04-09T15:59:59.863+0800][934.582s] GC(328) Old regions: 134->134
[2023-04-09T15:59:59.863+0800][934.582s] GC(328) Humongous regions: 71->66
[2023-04-09T15:59:59.863+0800][934.582s] GC(328) Metaspace: 62762K(64840K)->62762K(64840K) NonClass: 55525K(56700K)->55525K(56700K) Class: 7236K(8140K)->7236K(8140K)
[2023-04-09T15:59:59.863+0800][934.582s] GC(328) Pause Young (Normal) (G1 Evacuation Pause) 452M->211M(512M) 3.067ms
[2023-04-09T15:59:59.863+0800][934.582s] GC(328) User=0.02s Sys=0.00s Real=0.01s
[2023-04-09T16:00:00.177+0800][934.896s] GC(329) Pause Young (Normal) (G1 Evacuation Pause)
[2023-04-09T16:00:00.177+0800][934.896s] GC(329) Using 8 workers of 8 for evacuation
[2023-04-09T16:00:00.179+0800][934.899s] GC(329)   Pre Evacuate Collection Set: 0.0ms
[2023-04-09T16:00:00.180+0800][934.899s] GC(329)   Evacuate Collection Set: 2.2ms
[2023-04-09T16:00:00.180+0800][934.899s] GC(329)   Post Evacuate Collection Set: 0.3ms
[2023-04-09T16:00:00.180+0800][934.899s] GC(329)   Other: 0.2ms
[2023-04-09T16:00:00.180+0800][934.899s] GC(329) Eden regions: 236->0(236)
[2023-04-09T16:00:00.180+0800][934.899s] GC(329) Survivor regions: 12->12(31)
[2023-04-09T16:00:00.180+0800][934.899s] GC(329) Old regions: 134->134
[2023-04-09T16:00:00.180+0800][934.899s] GC(329) Humongous regions: 66->66
[2023-04-09T16:00:00.180+0800][934.899s] GC(329) Metaspace: 62762K(64840K)->62762K(64840K) NonClass: 55525K(56700K)->55525K(56700K) Class: 7236K(8140K)->7236K(8140K)
[2023-04-09T16:00:00.180+0800][934.899s] GC(329) Pause Young (Normal) (G1 Evacuation Pause) 447M->211M(512M) 2.915ms
[2023-04-09T16:00:00.180+0800][934.899s] GC(329) User=0.01s Sys=0.00s Real=0.01s
[2023-04-09T16:00:00.607+0800][935.326s] GC(330) Pause Young (Normal) (G1 Evacuation Pause)
[2023-04-09T16:00:00.607+0800][935.326s] GC(330) Using 8 workers of 8 for evacuation
[2023-04-09T16:00:00.610+0800][935.329s] GC(330)   Pre Evacuate Collection Set: 0.0ms
[2023-04-09T16:00:00.610+0800][935.329s] GC(330)   Evacuate Collection Set: 2.2ms
[2023-04-09T16:00:00.610+0800][935.329s] GC(330)   Post Evacuate Collection Set: 0.4ms
[2023-04-09T16:00:00.610+0800][935.329s] GC(330)   Other: 0.2ms
[2023-04-09T16:00:00.610+0800][935.329s] GC(330) Eden regions: 236->0(249)
[2023-04-09T16:00:00.610+0800][935.329s] GC(330) Survivor regions: 12->4(31)
[2023-04-09T16:00:00.610+0800][935.329s] GC(330) Old regions: 134->134
[2023-04-09T16:00:00.610+0800][935.329s] GC(330) Humongous regions: 66->57
[2023-04-09T16:00:00.610+0800][935.329s] GC(330) Metaspace: 62763K(64840K)->62763K(64840K) NonClass: 55526K(56700K)->55526K(56700K) Class: 7236K(8140K)->7236K(8140K)
[2023-04-09T16:00:00.610+0800][935.329s] GC(330) Pause Young (Normal) (G1 Evacuation Pause) 447M->194M(512M) 2.971ms
[2023-04-09T16:00:00.610+0800][935.329s] GC(330) User=0.01s Sys=0.00s Real=0.01s
[2023-04-09T16:00:00.954+0800][935.673s] GC(331) Pause Young (Normal) (G1 Evacuation Pause)
[2023-04-09T16:00:00.954+0800][935.673s] GC(331) Using 8 workers of 8 for evacuation
[2023-04-09T16:00:00.956+0800][935.675s] GC(331)   Pre Evacuate Collection Set: 0.0ms
[2023-04-09T16:00:00.956+0800][935.675s] GC(331)   Evacuate Collection Set: 1.0ms
[2023-04-09T16:00:00.956+0800][935.675s] GC(331)   Post Evacuate Collection Set: 0.3ms
[2023-04-09T16:00:00.956+0800][935.675s] GC(331)   Other: 0.2ms
[2023-04-09T16:00:00.956+0800][935.675s] GC(331) Eden regions: 249->0(247)
[2023-04-09T16:00:00.956+0800][935.675s] GC(331) Survivor regions: 4->6(32)
[2023-04-09T16:00:00.956+0800][935.675s] GC(331) Old regions: 134->134
[2023-04-09T16:00:00.956+0800][935.675s] GC(331) Humongous regions: 58->58
[2023-04-09T16:00:00.956+0800][935.675s] GC(331) Metaspace: 62763K(64840K)->62763K(64840K) NonClass: 55526K(56700K)->55526K(56700K) Class: 7236K(8140K)->7236K(8140K)
[2023-04-09T16:00:00.956+0800][935.675s] GC(331) Pause Young (Normal) (G1 Evacuation Pause) 444M->197M(512M) 1.738ms
[2023-04-09T16:00:00.956+0800][935.675s] GC(331) User=0.01s Sys=0.00s Real=0.00s
[2023-04-09T16:00:01.351+0800][936.070s] GC(332) Pause Young (Normal) (G1 Evacuation Pause)
[2023-04-09T16:00:01.351+0800][936.070s] GC(332) Using 8 workers of 8 for evacuation
[2023-04-09T16:00:01.354+0800][936.073s] GC(332)   Pre Evacuate Collection Set: 0.0ms
[2023-04-09T16:00:01.354+0800][936.073s] GC(332)   Evacuate Collection Set: 2.2ms
[2023-04-09T16:00:01.354+0800][936.073s] GC(332)   Post Evacuate Collection Set: 0.3ms
[2023-04-09T16:00:01.354+0800][936.073s] GC(332)   Other: 0.2ms
[2023-04-09T16:00:01.354+0800][936.073s] GC(332) Eden regions: 247->0(244)
[2023-04-09T16:00:01.354+0800][936.073s] GC(332) Survivor regions: 6->9(32)
[2023-04-09T16:00:01.354+0800][936.073s] GC(332) Old regions: 134->134
[2023-04-09T16:00:01.354+0800][936.073s] GC(332) Humongous regions: 60->59
[2023-04-09T16:00:01.354+0800][936.073s] GC(332) Metaspace: 62763K(64840K)->62763K(64840K) NonClass: 55526K(56700K)->55526K(56700K) Class: 7236K(8140K)->7236K(8140K)
[2023-04-09T16:00:01.354+0800][936.073s] GC(332) Pause Young (Normal) (G1 Evacuation Pause) 446M->201M(512M) 2.913ms
[2023-04-09T16:00:01.354+0800][936.073s] GC(332) User=0.01s Sys=0.00s Real=0.00s
[2023-04-09T16:00:01.815+0800][936.534s] GC(333) Pause Young (Normal) (G1 Evacuation Pause)
[2023-04-09T16:00:01.815+0800][936.534s] GC(333) Using 8 workers of 8 for evacuation
[2023-04-09T16:00:01.818+0800][936.537s] GC(333)   Pre Evacuate Collection Set: 0.0ms
[2023-04-09T16:00:01.818+0800][936.537s] GC(333)   Evacuate Collection Set: 2.5ms
[2023-04-09T16:00:01.818+0800][936.537s] GC(333)   Post Evacuate Collection Set: 0.4ms
[2023-04-09T16:00:01.818+0800][936.537s] GC(333)   Other: 0.2ms
[2023-04-09T16:00:01.818+0800][936.537s] GC(333) Eden regions: 244->0(241)
[2023-04-09T16:00:01.818+0800][936.537s] GC(333) Survivor regions: 9->11(32)
[2023-04-09T16:00:01.818+0800][936.537s] GC(333) Old regions: 134->134
[2023-04-09T16:00:01.818+0800][936.537s] GC(333) Humongous regions: 60->60
[2023-04-09T16:00:01.818+0800][936.537s] GC(333) Metaspace: 62763K(64840K)->62763K(64840K) NonClass: 55526K(56700K)->55526K(56700K) Class: 7236K(8140K)->7236K(8140K)
[2023-04-09T16:00:01.818+0800][936.537s] GC(333) Pause Young (Normal) (G1 Evacuation Pause) 446M->204M(512M) 3.265ms
[2023-04-09T16:00:01.818+0800][936.537s] GC(333) User=0.01s Sys=0.00s Real=0.00s
[2023-04-09T16:00:02.175+0800][936.894s] GC(334) Pause Young (Normal) (G1 Evacuation Pause)
[2023-04-09T16:00:02.175+0800][936.895s] GC(334) Using 8 workers of 8 for evacuation
[2023-04-09T16:00:02.178+0800][936.897s] GC(334)   Pre Evacuate Collection Set: 0.0ms
[2023-04-09T16:00:02.178+0800][936.897s] GC(334)   Evacuate Collection Set: 2.1ms
[2023-04-09T16:00:02.178+0800][936.897s] GC(334)   Post Evacuate Collection Set: 0.3ms
[2023-04-09T16:00:02.178+0800][936.897s] GC(334)   Other: 0.2ms
[2023-04-09T16:00:02.178+0800][936.897s] GC(334) Eden regions: 241->0(236)
[2023-04-09T16:00:02.178+0800][936.897s] GC(334) Survivor regions: 11->11(32)
[2023-04-09T16:00:02.178+0800][936.897s] GC(334) Old regions: 134->134
[2023-04-09T16:00:02.178+0800][936.897s] GC(334) Humongous regions: 73->66
[2023-04-09T16:00:02.178+0800][936.897s] GC(334) Metaspace: 62763K(64840K)->62763K(64840K) NonClass: 55526K(56700K)->55526K(56700K) Class: 7236K(8140K)->7236K(8140K)
[2023-04-09T16:00:02.178+0800][936.897s] GC(334) Pause Young (Normal) (G1 Evacuation Pause) 458M->210M(512M) 2.739ms
[2023-04-09T16:00:02.178+0800][936.897s] GC(334) User=0.02s Sys=0.00s Real=0.00s
[2023-04-09T16:00:02.560+0800][937.279s] GC(335) Pause Young (Normal) (G1 Evacuation Pause)
[2023-04-09T16:00:02.560+0800][937.279s] GC(335) Using 8 workers of 8 for evacuation
[2023-04-09T16:00:02.578+0800][937.297s] GC(335)   Pre Evacuate Collection Set: 0.0ms
[2023-04-09T16:00:02.578+0800][937.297s] GC(335)   Evacuate Collection Set: 16.7ms
[2023-04-09T16:00:02.578+0800][937.297s] GC(335)   Post Evacuate Collection Set: 0.5ms
[2023-04-09T16:00:02.578+0800][937.297s] GC(335)   Other: 0.6ms
[2023-04-09T16:00:02.578+0800][937.297s] GC(335) Eden regions: 236->0(236)
[2023-04-09T16:00:02.578+0800][937.297s] GC(335) Survivor regions: 11->12(31)
[2023-04-09T16:00:02.578+0800][937.297s] GC(335) Old regions: 134->134
[2023-04-09T16:00:02.578+0800][937.297s] GC(335) Humongous regions: 71->66
[2023-04-09T16:00:02.578+0800][937.297s] GC(335) Metaspace: 62763K(64840K)->62763K(64840K) NonClass: 55526K(56700K)->55526K(56700K) Class: 7236K(8140K)->7236K(8140K)
[2023-04-09T16:00:02.578+0800][937.297s] GC(335) Pause Young (Normal) (G1 Evacuation Pause) 451M->210M(512M) 18.127ms
[2023-04-09T16:00:02.578+0800][937.297s] GC(335) User=0.01s Sys=0.00s Real=0.01s
[2023-04-09T16:00:03.479+0800][938.198s] GC(336) Pause Young (Normal) (G1 Evacuation Pause)
[2023-04-09T16:00:03.479+0800][938.198s] GC(336) Using 8 workers of 8 for evacuation
[2023-04-09T16:00:03.483+0800][938.202s] GC(336)   Pre Evacuate Collection Set: 0.0ms
[2023-04-09T16:00:03.483+0800][938.202s] GC(336)   Evacuate Collection Set: 2.9ms
[2023-04-09T16:00:03.483+0800][938.202s] GC(336)   Post Evacuate Collection Set: 0.5ms
[2023-04-09T16:00:03.483+0800][938.202s] GC(336)   Other: 0.2ms
[2023-04-09T16:00:03.483+0800][938.202s] GC(336) Eden regions: 236->0(236)
[2023-04-09T16:00:03.483+0800][938.202s] GC(336) Survivor regions: 12->12(31)
[2023-04-09T16:00:03.483+0800][938.202s] GC(336) Old regions: 134->134
[2023-04-09T16:00:03.483+0800][938.202s] GC(336) Humongous regions: 66->66
[2023-04-09T16:00:03.483+0800][938.202s] GC(336) Metaspace: 62763K(64840K)->62763K(64840K) NonClass: 55526K(56700K)->55526K(56700K) Class: 7236K(8140K)->7236K(8140K)
[2023-04-09T16:00:03.483+0800][938.202s] GC(336) Pause Young (Normal) (G1 Evacuation Pause) 446M->211M(512M) 3.922ms
[2023-04-09T16:00:03.483+0800][938.202s] GC(336) User=0.02s Sys=0.00s Real=0.01s
[2023-04-09T16:00:04.729+0800][939.448s] GC(337) Pause Young (Normal) (G1 Evacuation Pause)
[2023-04-09T16:00:04.729+0800][939.448s] GC(337) Using 8 workers of 8 for evacuation
[2023-04-09T16:00:04.730+0800][939.449s] GC(337)   Pre Evacuate Collection Set: 0.0ms
[2023-04-09T16:00:04.730+0800][939.449s] GC(337)   Evacuate Collection Set: 0.7ms
[2023-04-09T16:00:04.730+0800][939.449s] GC(337)   Post Evacuate Collection Set: 0.3ms
[2023-04-09T16:00:04.730+0800][939.449s] GC(337)   Other: 0.3ms
[2023-04-09T16:00:04.730+0800][939.449s] GC(337) Eden regions: 236->0(249)
[2023-04-09T16:00:04.730+0800][939.449s] GC(337) Survivor regions: 12->4(31)
[2023-04-09T16:00:04.730+0800][939.449s] GC(337) Old regions: 134->135
[2023-04-09T16:00:04.730+0800][939.450s] GC(337) Humongous regions: 67->58
[2023-04-09T16:00:04.730+0800][939.450s] GC(337) Metaspace: 62764K(64840K)->62764K(64840K) NonClass: 55527K(56700K)->55527K(56700K) Class: 7236K(8140K)->7236K(8140K)
[2023-04-09T16:00:04.731+0800][939.450s] GC(337) Pause Young (Normal) (G1 Evacuation Pause) 448M->196M(512M) 1.706ms
[2023-04-09T16:00:04.731+0800][939.450s] GC(337) User=0.01s Sys=0.00s Real=0.01s
[2023-04-09T16:00:05.571+0800][940.290s] GC(338) Pause Young (Normal) (G1 Evacuation Pause)
[2023-04-09T16:00:05.571+0800][940.290s] GC(338) Using 8 workers of 8 for evacuation
[2023-04-09T16:00:05.578+0800][940.297s] GC(338)   Pre Evacuate Collection Set: 0.0ms
[2023-04-09T16:00:05.578+0800][940.297s] GC(338)   Evacuate Collection Set: 6.5ms
[2023-04-09T16:00:05.578+0800][940.297s] GC(338)   Post Evacuate Collection Set: 0.4ms
[2023-04-09T16:00:05.578+0800][940.297s] GC(338)   Other: 0.3ms
[2023-04-09T16:00:05.578+0800][940.297s] GC(338) Eden regions: 249->0(243)
[2023-04-09T16:00:05.578+0800][940.297s] GC(338) Survivor regions: 4->9(32)
[2023-04-09T16:00:05.578+0800][940.297s] GC(338) Old regions: 135->135
[2023-04-09T16:00:05.578+0800][940.297s] GC(338) Humongous regions: 61->59
[2023-04-09T16:00:05.578+0800][940.297s] GC(338) Metaspace: 62767K(64840K)->62767K(64840K) NonClass: 55531K(56700K)->55531K(56700K) Class: 7236K(8140K)->7236K(8140K)
[2023-04-09T16:00:05.579+0800][940.298s] GC(338) Pause Young (Normal) (G1 Evacuation Pause) 448M->202M(512M) 7.513ms
[2023-04-09T16:00:05.579+0800][940.298s] GC(338) User=0.01s Sys=0.00s Real=0.00s
[2023-04-09T16:00:07.412+0800][942.131s] GC(339) Pause Young (Normal) (G1 Evacuation Pause)
[2023-04-09T16:00:07.412+0800][942.131s] GC(339) Using 8 workers of 8 for evacuation
[2023-04-09T16:00:07.422+0800][942.141s] GC(339)   Pre Evacuate Collection Set: 0.0ms
[2023-04-09T16:00:07.422+0800][942.141s] GC(339)   Evacuate Collection Set: 9.6ms
[2023-04-09T16:00:07.422+0800][942.141s] GC(339)   Post Evacuate Collection Set: 0.6ms
[2023-04-09T16:00:07.422+0800][942.141s] GC(339)   Other: 0.2ms
[2023-04-09T16:00:07.422+0800][942.141s] GC(339) Eden regions: 243->0(236)
[2023-04-09T16:00:07.422+0800][942.141s] GC(339) Survivor regions: 9->10(32)
[2023-04-09T16:00:07.422+0800][942.141s] GC(339) Old regions: 135->135
[2023-04-09T16:00:07.422+0800][942.141s] GC(339) Humongous regions: 73->66
[2023-04-09T16:00:07.422+0800][942.141s] GC(339) Metaspace: 62767K(64840K)->62767K(64840K) NonClass: 55531K(56700K)->55531K(56700K) Class: 7236K(8140K)->7236K(8140K)
[2023-04-09T16:00:07.422+0800][942.141s] GC(339) Pause Young (Normal) (G1 Evacuation Pause) 459M->209M(512M) 10.590ms
[2023-04-09T16:00:07.422+0800][942.141s] GC(339) User=0.01s Sys=0.00s Real=0.01s
[2023-04-09T16:00:09.503+0800][944.222s] GC(340) Pause Young (Normal) (G1 Evacuation Pause)
[2023-04-09T16:00:09.504+0800][944.223s] GC(340) Using 8 workers of 8 for evacuation
[2023-04-09T16:00:09.527+0800][944.246s] GC(340)   Pre Evacuate Collection Set: 0.0ms
[2023-04-09T16:00:09.527+0800][944.246s] GC(340)   Evacuate Collection Set: 15.3ms
[2023-04-09T16:00:09.527+0800][944.246s] GC(340)   Post Evacuate Collection Set: 7.8ms
[2023-04-09T16:00:09.527+0800][944.246s] GC(340)   Other: 0.7ms
[2023-04-09T16:00:09.528+0800][944.247s] GC(340) Eden regions: 236->0(235)
[2023-04-09T16:00:09.528+0800][944.247s] GC(340) Survivor regions: 10->11(31)
[2023-04-09T16:00:09.528+0800][944.247s] GC(340) Old regions: 135->135
[2023-04-09T16:00:09.528+0800][944.247s] GC(340) Humongous regions: 71->66
[2023-04-09T16:00:09.528+0800][944.247s] GC(340) Metaspace: 62767K(64840K)->62767K(64840K) NonClass: 55531K(56700K)->55531K(56700K) Class: 7236K(8140K)->7236K(8140K)
[2023-04-09T16:00:09.528+0800][944.247s] GC(340) Pause Young (Normal) (G1 Evacuation Pause) 450M->210M(512M) 24.318ms
[2023-04-09T16:00:09.528+0800][944.247s] GC(340) User=0.01s Sys=0.01s Real=0.02s
[2023-04-09T16:00:11.065+0800][945.784s] GC(341) Pause Young (Normal) (G1 Evacuation Pause)
[2023-04-09T16:00:11.065+0800][945.784s] GC(341) Using 8 workers of 8 for evacuation
[2023-04-09T16:00:11.081+0800][945.800s] GC(341)   Pre Evacuate Collection Set: 0.1ms
[2023-04-09T16:00:11.094+0800][945.813s] GC(341)   Evacuate Collection Set: 14.6ms
[2023-04-09T16:00:11.094+0800][945.813s] GC(341)   Post Evacuate Collection Set: 0.9ms
[2023-04-09T16:00:11.095+0800][945.814s] GC(341)   Other: 0.5ms
[2023-04-09T16:00:11.095+0800][945.814s] GC(341) Eden regions: 235->0(248)
[2023-04-09T16:00:11.095+0800][945.814s] GC(341) Survivor regions: 11->3(31)
[2023-04-09T16:00:11.095+0800][945.814s] GC(341) Old regions: 135->135
[2023-04-09T16:00:11.095+0800][945.814s] GC(341) Humongous regions: 66->57
[2023-04-09T16:00:11.095+0800][945.814s] GC(341) Metaspace: 62767K(64840K)->62767K(64840K) NonClass: 55531K(56700K)->55531K(56700K) Class: 7236K(8140K)->7236K(8140K)
[2023-04-09T16:00:11.095+0800][945.814s] GC(341) Pause Young (Normal) (G1 Evacuation Pause) 445M->194M(512M) 30.069ms
[2023-04-09T16:00:11.095+0800][945.814s] GC(341) User=0.01s Sys=0.00s Real=0.03s
[2023-04-09T16:00:12.680+0800][947.399s] GC(342) Pause Young (Normal) (G1 Evacuation Pause)
[2023-04-09T16:00:12.680+0800][947.399s] GC(342) Using 8 workers of 8 for evacuation
[2023-04-09T16:00:12.682+0800][947.401s] GC(342)   Pre Evacuate Collection Set: 0.0ms
[2023-04-09T16:00:12.682+0800][947.401s] GC(342)   Evacuate Collection Set: 0.9ms
[2023-04-09T16:00:12.682+0800][947.401s] GC(342)   Post Evacuate Collection Set: 0.3ms
[2023-04-09T16:00:12.682+0800][947.401s] GC(342)   Other: 0.2ms
[2023-04-09T16:00:12.682+0800][947.401s] GC(342) Eden regions: 248->0(243)
[2023-04-09T16:00:12.682+0800][947.401s] GC(342) Survivor regions: 3->8(32)
[2023-04-09T16:00:12.682+0800][947.401s] GC(342) Old regions: 135->135
[2023-04-09T16:00:12.682+0800][947.401s] GC(342) Humongous regions: 60->59
[2023-04-09T16:00:12.682+0800][947.401s] GC(342) Metaspace: 62767K(64840K)->62767K(64840K) NonClass: 55531K(56700K)->55531K(56700K) Class: 7236K(8140K)->7236K(8140K)
[2023-04-09T16:00:12.682+0800][947.401s] GC(342) Pause Young (Normal) (G1 Evacuation Pause) 445M->200M(512M) 1.605ms
[2023-04-09T16:00:12.682+0800][947.401s] GC(342) User=0.00s Sys=0.00s Real=0.00s
[2023-04-09T16:00:14.168+0800][948.886s] GC(343) Pause Young (Normal) (G1 Evacuation Pause)
[2023-04-09T16:00:14.168+0800][948.887s] GC(343) Using 8 workers of 8 for evacuation
[2023-04-09T16:00:14.170+0800][948.889s] GC(343)   Pre Evacuate Collection Set: 0.0ms
[2023-04-09T16:00:14.170+0800][948.889s] GC(343)   Evacuate Collection Set: 1.6ms
[2023-04-09T16:00:14.170+0800][948.889s] GC(343)   Post Evacuate Collection Set: 0.3ms
[2023-04-09T16:00:14.170+0800][948.889s] GC(343)   Other: 0.3ms
[2023-04-09T16:00:14.170+0800][948.889s] GC(343) Eden regions: 243->0(238)
[2023-04-09T16:00:14.170+0800][948.889s] GC(343) Survivor regions: 8->9(32)
[2023-04-09T16:00:14.170+0800][948.889s] GC(343) Old regions: 135->135
[2023-04-09T16:00:14.170+0800][948.889s] GC(343) Humongous regions: 65->65
[2023-04-09T16:00:14.170+0800][948.889s] GC(343) Metaspace: 62767K(64840K)->62767K(64840K) NonClass: 55531K(56700K)->55531K(56700K) Class: 7236K(8140K)->7236K(8140K)
[2023-04-09T16:00:14.170+0800][948.889s] GC(343) Pause Young (Normal) (G1 Evacuation Pause) 449M->207M(512M) 2.300ms
[2023-04-09T16:00:14.170+0800][948.889s] GC(343) User=0.00s Sys=0.00s Real=0.01s
[2023-04-09T16:00:15.936+0800][950.655s] GC(344) Pause Young (Normal) (G1 Evacuation Pause)
[2023-04-09T16:00:15.936+0800][950.655s] GC(344) Using 8 workers of 8 for evacuation
[2023-04-09T16:00:15.939+0800][950.658s] GC(344)   Pre Evacuate Collection Set: 0.0ms
[2023-04-09T16:00:15.939+0800][950.658s] GC(344)   Evacuate Collection Set: 2.3ms
[2023-04-09T16:00:15.939+0800][950.658s] GC(344)   Post Evacuate Collection Set: 0.3ms
[2023-04-09T16:00:15.939+0800][950.658s] GC(344)   Other: 0.2ms
[2023-04-09T16:00:15.939+0800][950.658s] GC(344) Eden regions: 238->0(236)
[2023-04-09T16:00:15.939+0800][950.658s] GC(344) Survivor regions: 9->10(31)
[2023-04-09T16:00:15.939+0800][950.658s] GC(344) Old regions: 135->135
[2023-04-09T16:00:15.939+0800][950.658s] GC(344) Humongous regions: 78->66
[2023-04-09T16:00:15.939+0800][950.658s] GC(344) Metaspace: 62768K(64840K)->62768K(64840K) NonClass: 55531K(56700K)->55531K(56700K) Class: 7236K(8140K)->7236K(8140K)
[2023-04-09T16:00:15.939+0800][950.658s] GC(344) Pause Young (Normal) (G1 Evacuation Pause) 458M->210M(512M) 2.989ms
[2023-04-09T16:00:15.939+0800][950.658s] GC(344) User=0.01s Sys=0.00s Real=0.00s
[2023-04-09T16:00:17.156+0800][951.875s] GC(345) Pause Young (Normal) (G1 Evacuation Pause)
[2023-04-09T16:00:17.156+0800][951.875s] GC(345) Using 8 workers of 8 for evacuation
[2023-04-09T16:00:17.158+0800][951.877s] GC(345)   Pre Evacuate Collection Set: 0.0ms
[2023-04-09T16:00:17.158+0800][951.877s] GC(345)   Evacuate Collection Set: 1.4ms
[2023-04-09T16:00:17.158+0800][951.877s] GC(345)   Post Evacuate Collection Set: 0.3ms
[2023-04-09T16:00:17.158+0800][951.877s] GC(345)   Other: 0.2ms
[2023-04-09T16:00:17.158+0800][951.877s] GC(345) Eden regions: 236->0(248)
[2023-04-09T16:00:17.158+0800][951.877s] GC(345) Survivor regions: 10->2(31)
[2023-04-09T16:00:17.158+0800][951.877s] GC(345) Old regions: 135->135
[2023-04-09T16:00:17.158+0800][951.877s] GC(345) Humongous regions: 66->57
[2023-04-09T16:00:17.158+0800][951.877s] GC(345) Metaspace: 62769K(64840K)->62769K(64840K) NonClass: 55533K(56700K)->55533K(56700K) Class: 7236K(8140K)->7236K(8140K)
[2023-04-09T16:00:17.158+0800][951.877s] GC(345) Pause Young (Normal) (G1 Evacuation Pause) 446M->193M(512M) 2.064ms
[2023-04-09T16:00:17.158+0800][951.877s] GC(345) User=0.01s Sys=0.00s Real=0.00s
[2023-04-09T16:00:18.365+0800][953.084s] GC(346) Pause Young (Normal) (G1 Evacuation Pause)
[2023-04-09T16:00:18.365+0800][953.084s] GC(346) Using 8 workers of 8 for evacuation
[2023-04-09T16:00:18.369+0800][953.088s] GC(346)   Pre Evacuate Collection Set: 0.0ms
[2023-04-09T16:00:18.369+0800][953.088s] GC(346)   Evacuate Collection Set: 3.2ms
[2023-04-09T16:00:18.369+0800][953.088s] GC(346)   Post Evacuate Collection Set: 0.4ms
[2023-04-09T16:00:18.369+0800][953.088s] GC(346)   Other: 0.4ms
[2023-04-09T16:00:18.369+0800][953.088s] GC(346) Eden regions: 248->0(243)
[2023-04-09T16:00:18.369+0800][953.088s] GC(346) Survivor regions: 2->7(32)
[2023-04-09T16:00:18.369+0800][953.088s] GC(346) Old regions: 135->135
[2023-04-09T16:00:18.369+0800][953.088s] GC(346) Humongous regions: 60->59
[2023-04-09T16:00:18.370+0800][953.088s] GC(346) Metaspace: 62769K(64840K)->62769K(64840K) NonClass: 55533K(56700K)->55533K(56700K) Class: 7236K(8140K)->7236K(8140K)
[2023-04-09T16:00:18.370+0800][953.088s] GC(346) Pause Young (Normal) (G1 Evacuation Pause) 444M->199M(512M) 4.238ms
[2023-04-09T16:00:18.370+0800][953.089s] GC(346) User=0.01s Sys=0.00s Real=0.01s
[2023-04-09T16:00:19.409+0800][954.128s] GC(347) Pause Young (Normal) (G1 Evacuation Pause)
[2023-04-09T16:00:19.409+0800][954.128s] GC(347) Using 8 workers of 8 for evacuation
[2023-04-09T16:00:19.411+0800][954.130s] GC(347)   Pre Evacuate Collection Set: 0.0ms
[2023-04-09T16:00:19.411+0800][954.130s] GC(347)   Evacuate Collection Set: 1.5ms
[2023-04-09T16:00:19.411+0800][954.130s] GC(347)   Post Evacuate Collection Set: 0.3ms
[2023-04-09T16:00:19.411+0800][954.130s] GC(347)   Other: 0.2ms
[2023-04-09T16:00:19.411+0800][954.130s] GC(347) Eden regions: 243->0(238)
[2023-04-09T16:00:19.411+0800][954.130s] GC(347) Survivor regions: 7->11(32)
[2023-04-09T16:00:19.411+0800][954.130s] GC(347) Old regions: 135->135
[2023-04-09T16:00:19.411+0800][954.130s] GC(347) Humongous regions: 60->60
[2023-04-09T16:00:19.411+0800][954.130s] GC(347) Metaspace: 62769K(64840K)->62769K(64840K) NonClass: 55533K(56700K)->55533K(56700K) Class: 7236K(8140K)->7236K(8140K)
[2023-04-09T16:00:19.411+0800][954.130s] GC(347) Pause Young (Normal) (G1 Evacuation Pause) 443M->204M(512M) 2.282ms
[2023-04-09T16:00:19.411+0800][954.130s] GC(347) User=0.01s Sys=0.00s Real=0.01s
[2023-04-09T16:00:20.379+0800][955.098s] GC(348) Pause Young (Normal) (G1 Evacuation Pause)
[2023-04-09T16:00:20.379+0800][955.098s] GC(348) Using 8 workers of 8 for evacuation
[2023-04-09T16:00:20.381+0800][955.100s] GC(348)   Pre Evacuate Collection Set: 0.0ms
[2023-04-09T16:00:20.381+0800][955.100s] GC(348)   Evacuate Collection Set: 0.9ms
[2023-04-09T16:00:20.381+0800][955.100s] GC(348)   Post Evacuate Collection Set: 0.3ms
[2023-04-09T16:00:20.381+0800][955.100s] GC(348)   Other: 0.2ms
[2023-04-09T16:00:20.381+0800][955.100s] GC(348) Eden regions: 238->0(234)
[2023-04-09T16:00:20.381+0800][955.100s] GC(348) Survivor regions: 11->10(32)
[2023-04-09T16:00:20.381+0800][955.100s] GC(348) Old regions: 135->135
[2023-04-09T16:00:20.381+0800][955.100s] GC(348) Humongous regions: 78->66
[2023-04-09T16:00:20.381+0800][955.100s] GC(348) Metaspace: 62771K(64840K)->62771K(64840K) NonClass: 55534K(56700K)->55534K(56700K) Class: 7236K(8140K)->7236K(8140K)
[2023-04-09T16:00:20.381+0800][955.100s] GC(348) Pause Young (Normal) (G1 Evacuation Pause) 460M->210M(512M) 1.648ms
[2023-04-09T16:00:20.381+0800][955.100s] GC(348) User=0.01s Sys=0.00s Real=0.01s
[2023-04-09T16:00:20.983+0800][955.702s] GC(349) Pause Young (Normal) (G1 Evacuation Pause)
[2023-04-09T16:00:20.983+0800][955.702s] GC(349) Using 8 workers of 8 for evacuation
[2023-04-09T16:00:20.987+0800][955.705s] GC(349)   Pre Evacuate Collection Set: 0.1ms
[2023-04-09T16:00:20.987+0800][955.705s] GC(349)   Evacuate Collection Set: 3.3ms
[2023-04-09T16:00:20.987+0800][955.705s] GC(349)   Post Evacuate Collection Set: 0.3ms
[2023-04-09T16:00:20.987+0800][955.705s] GC(349)   Other: 0.2ms
[2023-04-09T16:00:20.987+0800][955.705s] GC(349) Eden regions: 234->0(250)
[2023-04-09T16:00:20.987+0800][955.706s] GC(349) Survivor regions: 10->1(31)
[2023-04-09T16:00:20.987+0800][955.706s] GC(349) Old regions: 135->135
[2023-04-09T16:00:20.987+0800][955.706s] GC(349) Humongous regions: 66->57
[2023-04-09T16:00:20.987+0800][955.706s] GC(349) Metaspace: 62771K(64840K)->62771K(64840K) NonClass: 55534K(56700K)->55534K(56700K) Class: 7236K(8140K)->7236K(8140K)
[2023-04-09T16:00:20.987+0800][955.706s] GC(349) Pause Young (Normal) (G1 Evacuation Pause) 444M->192M(512M) 4.004ms
[2023-04-09T16:00:20.987+0800][955.706s] GC(349) User=0.01s Sys=0.00s Real=0.00s
[2023-04-09T16:00:21.535+0800][956.254s] GC(350) Pause Young (Normal) (G1 Evacuation Pause)
[2023-04-09T16:00:21.535+0800][956.254s] GC(350) Using 8 workers of 8 for evacuation
[2023-04-09T16:00:21.537+0800][956.256s] GC(350)   Pre Evacuate Collection Set: 0.0ms
[2023-04-09T16:00:21.537+0800][956.256s] GC(350)   Evacuate Collection Set: 1.7ms
[2023-04-09T16:00:21.537+0800][956.256s] GC(350)   Post Evacuate Collection Set: 0.3ms
[2023-04-09T16:00:21.537+0800][956.256s] GC(350)   Other: 0.2ms
[2023-04-09T16:00:21.537+0800][956.256s] GC(350) Eden regions: 250->0(246)
[2023-04-09T16:00:21.537+0800][956.256s] GC(350) Survivor regions: 1->6(32)
[2023-04-09T16:00:21.537+0800][956.256s] GC(350) Old regions: 135->135
[2023-04-09T16:00:21.537+0800][956.256s] GC(350) Humongous regions: 58->58
[2023-04-09T16:00:21.538+0800][956.256s] GC(350) Metaspace: 62771K(64840K)->62771K(64840K) NonClass: 55534K(56700K)->55534K(56700K) Class: 7236K(8140K)->7236K(8140K)
[2023-04-09T16:00:21.538+0800][956.256s] GC(350) Pause Young (Normal) (G1 Evacuation Pause) 443M->198M(512M) 2.466ms
[2023-04-09T16:00:21.538+0800][956.256s] GC(350) User=0.01s Sys=0.00s Real=0.00s
[2023-04-09T16:00:22.081+0800][956.800s] GC(351) Pause Young (Normal) (G1 Evacuation Pause)
[2023-04-09T16:00:22.081+0800][956.800s] GC(351) Using 8 workers of 8 for evacuation
[2023-04-09T16:00:22.084+0800][956.803s] GC(351)   Pre Evacuate Collection Set: 0.0ms
[2023-04-09T16:00:22.084+0800][956.803s] GC(351)   Evacuate Collection Set: 2.0ms
[2023-04-09T16:00:22.084+0800][956.803s] GC(351)   Post Evacuate Collection Set: 0.8ms
[2023-04-09T16:00:22.085+0800][956.803s] GC(351)   Other: 0.3ms
[2023-04-09T16:00:22.085+0800][956.803s] GC(351) Eden regions: 246->0(239)
[2023-04-09T16:00:22.085+0800][956.803s] GC(351) Survivor regions: 6->11(32)
[2023-04-09T16:00:22.085+0800][956.803s] GC(351) Old regions: 135->135
[2023-04-09T16:00:22.085+0800][956.803s] GC(351) Humongous regions: 61->60
[2023-04-09T16:00:22.085+0800][956.803s] GC(351) Metaspace: 62771K(64840K)->62771K(64840K) NonClass: 55534K(56700K)->55534K(56700K) Class: 7236K(8140K)->7236K(8140K)
[2023-04-09T16:00:22.085+0800][956.803s] GC(351) Pause Young (Normal) (G1 Evacuation Pause) 447M->204M(512M) 3.327ms
[2023-04-09T16:00:22.085+0800][956.803s] GC(351) User=0.01s Sys=0.00s Real=0.00s
[2023-04-09T16:00:22.653+0800][957.372s] GC(352) Pause Young (Normal) (G1 Evacuation Pause)
[2023-04-09T16:00:22.653+0800][957.372s] GC(352) Using 8 workers of 8 for evacuation
[2023-04-09T16:00:22.655+0800][957.374s] GC(352)   Pre Evacuate Collection Set: 0.0ms
[2023-04-09T16:00:22.655+0800][957.374s] GC(352)   Evacuate Collection Set: 1.1ms
[2023-04-09T16:00:22.655+0800][957.374s] GC(352)   Post Evacuate Collection Set: 0.3ms
[2023-04-09T16:00:22.655+0800][957.374s] GC(352)   Other: 0.2ms
[2023-04-09T16:00:22.655+0800][957.374s] GC(352) Eden regions: 239->0(234)
[2023-04-09T16:00:22.655+0800][957.374s] GC(352) Survivor regions: 11->10(32)
[2023-04-09T16:00:22.655+0800][957.374s] GC(352) Old regions: 135->135
[2023-04-09T16:00:22.655+0800][957.374s] GC(352) Humongous regions: 78->66
[2023-04-09T16:00:22.655+0800][957.374s] GC(352) Metaspace: 62771K(64840K)->62771K(64840K) NonClass: 55534K(56700K)->55534K(56700K) Class: 7236K(8140K)->7236K(8140K)
[2023-04-09T16:00:22.655+0800][957.374s] GC(352) Pause Young (Normal) (G1 Evacuation Pause) 461M->210M(512M) 1.802ms
[2023-04-09T16:00:22.655+0800][957.374s] GC(352) User=0.01s Sys=0.00s Real=0.00s
[2023-04-09T16:00:23.495+0800][958.213s] GC(353) Pause Young (Normal) (G1 Evacuation Pause)
[2023-04-09T16:00:23.495+0800][958.213s] GC(353) Using 8 workers of 8 for evacuation
[2023-04-09T16:00:23.497+0800][958.216s] GC(353)   Pre Evacuate Collection Set: 0.0ms
[2023-04-09T16:00:23.497+0800][958.216s] GC(353)   Evacuate Collection Set: 1.9ms
[2023-04-09T16:00:23.497+0800][958.216s] GC(353)   Post Evacuate Collection Set: 0.3ms
[2023-04-09T16:00:23.497+0800][958.216s] GC(353)   Other: 0.2ms
[2023-04-09T16:00:23.497+0800][958.216s] GC(353) Eden regions: 234->0(235)
[2023-04-09T16:00:23.497+0800][958.216s] GC(353) Survivor regions: 10->10(31)
[2023-04-09T16:00:23.497+0800][958.216s] GC(353) Old regions: 135->135
[2023-04-09T16:00:23.497+0800][958.216s] GC(353) Humongous regions: 66->66
[2023-04-09T16:00:23.497+0800][958.216s] GC(353) Metaspace: 62771K(64840K)->62771K(64840K) NonClass: 55534K(56700K)->55534K(56700K) Class: 7236K(8140K)->7236K(8140K)
[2023-04-09T16:00:23.497+0800][958.216s] GC(353) Pause Young (Normal) (G1 Evacuation Pause) 444M->210M(512M) 2.569ms
[2023-04-09T16:00:23.497+0800][958.216s] GC(353) User=0.01s Sys=0.00s Real=0.00s
[2023-04-09T16:00:24.338+0800][959.056s] GC(354) Pause Young (Normal) (G1 Evacuation Pause)
[2023-04-09T16:00:24.338+0800][959.056s] GC(354) Using 8 workers of 8 for evacuation
[2023-04-09T16:00:24.340+0800][959.058s] GC(354)   Pre Evacuate Collection Set: 0.0ms
[2023-04-09T16:00:24.340+0800][959.058s] GC(354)   Evacuate Collection Set: 1.5ms
[2023-04-09T16:00:24.340+0800][959.058s] GC(354)   Post Evacuate Collection Set: 0.3ms
[2023-04-09T16:00:24.340+0800][959.059s] GC(354)   Other: 0.2ms
[2023-04-09T16:00:24.340+0800][959.059s] GC(354) Eden regions: 235->0(243)
[2023-04-09T16:00:24.340+0800][959.059s] GC(354) Survivor regions: 10->5(31)
[2023-04-09T16:00:24.340+0800][959.059s] GC(354) Old regions: 135->135
[2023-04-09T16:00:24.340+0800][959.059s] GC(354) Humongous regions: 67->58
[2023-04-09T16:00:24.340+0800][959.059s] GC(354) Metaspace: 62773K(64840K)->62773K(64840K) NonClass: 55537K(56700K)->55537K(56700K) Class: 7236K(8140K)->7236K(8140K)
[2023-04-09T16:00:24.340+0800][959.059s] GC(354) Pause Young (Normal) (G1 Evacuation Pause) 446M->196M(512M) 2.182ms
[2023-04-09T16:00:24.340+0800][959.059s] GC(354) User=0.01s Sys=0.00s Real=0.01s
[2023-04-09T16:00:24.880+0800][959.599s] GC(355) Pause Young (Normal) (G1 Evacuation Pause)
[2023-04-09T16:00:24.880+0800][959.599s] GC(355) Using 8 workers of 8 for evacuation
[2023-04-09T16:00:24.881+0800][959.600s] GC(355)   Pre Evacuate Collection Set: 0.0ms
[2023-04-09T16:00:24.881+0800][959.600s] GC(355)   Evacuate Collection Set: 0.9ms
[2023-04-09T16:00:24.881+0800][959.600s] GC(355)   Post Evacuate Collection Set: 0.3ms
[2023-04-09T16:00:24.882+0800][959.600s] GC(355)   Other: 0.2ms
[2023-04-09T16:00:24.882+0800][959.600s] GC(355) Eden regions: 243->0(240)
[2023-04-09T16:00:24.882+0800][959.600s] GC(355) Survivor regions: 5->9(31)
[2023-04-09T16:00:24.882+0800][959.600s] GC(355) Old regions: 135->135
[2023-04-09T16:00:24.882+0800][959.600s] GC(355) Humongous regions: 60->59
[2023-04-09T16:00:24.882+0800][959.600s] GC(355) Metaspace: 62773K(64840K)->62773K(64840K) NonClass: 55537K(56700K)->55537K(56700K) Class: 7236K(8140K)->7236K(8140K)
[2023-04-09T16:00:24.882+0800][959.600s] GC(355) Pause Young (Normal) (G1 Evacuation Pause) 441M->202M(512M) 1.578ms
[2023-04-09T16:00:24.882+0800][959.600s] GC(355) User=0.01s Sys=0.00s Real=0.00s
[2023-04-09T16:00:25.441+0800][960.159s] GC(356) Pause Young (Normal) (G1 Evacuation Pause)
[2023-04-09T16:00:25.441+0800][960.159s] GC(356) Using 8 workers of 8 for evacuation
[2023-04-09T16:00:25.442+0800][960.161s] GC(356)   Pre Evacuate Collection Set: 0.0ms
[2023-04-09T16:00:25.442+0800][960.161s] GC(356)   Evacuate Collection Set: 1.0ms
[2023-04-09T16:00:25.442+0800][960.161s] GC(356)   Post Evacuate Collection Set: 0.3ms
[2023-04-09T16:00:25.442+0800][960.161s] GC(356)   Other: 0.2ms
[2023-04-09T16:00:25.442+0800][960.161s] GC(356) Eden regions: 240->0(235)
[2023-04-09T16:00:25.442+0800][960.161s] GC(356) Survivor regions: 9->10(32)
[2023-04-09T16:00:25.442+0800][960.161s] GC(356) Old regions: 135->135
[2023-04-09T16:00:25.442+0800][960.161s] GC(356) Humongous regions: 73->66
[2023-04-09T16:00:25.442+0800][960.161s] GC(356) Metaspace: 62773K(64840K)->62773K(64840K) NonClass: 55537K(56700K)->55537K(56700K) Class: 7236K(8140K)->7236K(8140K)
[2023-04-09T16:00:25.442+0800][960.161s] GC(356) Pause Young (Normal) (G1 Evacuation Pause) 456M->209M(512M) 1.657ms
[2023-04-09T16:00:25.442+0800][960.161s] GC(356) User=0.01s Sys=0.00s Real=0.00s
[2023-04-09T16:00:26.022+0800][960.740s] GC(357) Pause Young (Normal) (G1 Evacuation Pause)
[2023-04-09T16:00:26.022+0800][960.740s] GC(357) Using 8 workers of 8 for evacuation
[2023-04-09T16:00:26.023+0800][960.742s] GC(357)   Pre Evacuate Collection Set: 0.0ms
[2023-04-09T16:00:26.023+0800][960.742s] GC(357)   Evacuate Collection Set: 1.2ms
[2023-04-09T16:00:26.023+0800][960.742s] GC(357)   Post Evacuate Collection Set: 0.3ms
[2023-04-09T16:00:26.023+0800][960.742s] GC(357)   Other: 0.2ms
[2023-04-09T16:00:26.023+0800][960.742s] GC(357) Eden regions: 235->0(234)
[2023-04-09T16:00:26.023+0800][960.742s] GC(357) Survivor regions: 10->11(31)
[2023-04-09T16:00:26.023+0800][960.742s] GC(357) Old regions: 135->135
[2023-04-09T16:00:26.023+0800][960.742s] GC(357) Humongous regions: 71->66
[2023-04-09T16:00:26.023+0800][960.742s] GC(357) Metaspace: 62774K(64840K)->62774K(64840K) NonClass: 55537K(56700K)->55537K(56700K) Class: 7236K(8140K)->7236K(8140K)
[2023-04-09T16:00:26.023+0800][960.742s] GC(357) Pause Young (Normal) (G1 Evacuation Pause) 449M->210M(512M) 1.824ms
[2023-04-09T16:00:26.023+0800][960.742s] GC(357) User=0.01s Sys=0.00s Real=0.00s
[2023-04-09T16:00:26.646+0800][961.364s] GC(358) Pause Young (Normal) (G1 Evacuation Pause)
[2023-04-09T16:00:26.646+0800][961.365s] GC(358) Using 8 workers of 8 for evacuation
[2023-04-09T16:00:26.648+0800][961.366s] GC(358)   Pre Evacuate Collection Set: 0.0ms
[2023-04-09T16:00:26.648+0800][961.366s] GC(358)   Evacuate Collection Set: 1.3ms
[2023-04-09T16:00:26.648+0800][961.366s] GC(358)   Post Evacuate Collection Set: 0.3ms
[2023-04-09T16:00:26.648+0800][961.366s] GC(358)   Other: 0.2ms
[2023-04-09T16:00:26.648+0800][961.366s] GC(358) Eden regions: 234->0(243)
[2023-04-09T16:00:26.648+0800][961.366s] GC(358) Survivor regions: 11->4(31)
[2023-04-09T16:00:26.648+0800][961.366s] GC(358) Old regions: 135->135
[2023-04-09T16:00:26.648+0800][961.366s] GC(358) Humongous regions: 67->58
[2023-04-09T16:00:26.648+0800][961.366s] GC(358) Metaspace: 62774K(64840K)->62774K(64840K) NonClass: 55537K(56700K)->55537K(56700K) Class: 7236K(8140K)->7236K(8140K)
[2023-04-09T16:00:26.648+0800][961.366s] GC(358) Pause Young (Normal) (G1 Evacuation Pause) 445M->195M(512M) 2.034ms
[2023-04-09T16:00:26.648+0800][961.367s] GC(358) User=0.00s Sys=0.00s Real=0.00s
[2023-04-09T16:00:27.169+0800][961.888s] GC(359) Pause Young (Normal) (G1 Evacuation Pause)
[2023-04-09T16:00:27.169+0800][961.888s] GC(359) Using 8 workers of 8 for evacuation
[2023-04-09T16:00:27.171+0800][961.890s] GC(359)   Pre Evacuate Collection Set: 0.0ms
[2023-04-09T16:00:27.172+0800][961.890s] GC(359)   Evacuate Collection Set: 1.6ms
[2023-04-09T16:00:27.172+0800][961.890s] GC(359)   Post Evacuate Collection Set: 0.3ms
[2023-04-09T16:00:27.172+0800][961.890s] GC(359)   Other: 0.2ms
[2023-04-09T16:00:27.172+0800][961.890s] GC(359) Eden regions: 243->0(240)
[2023-04-09T16:00:27.172+0800][961.890s] GC(359) Survivor regions: 4->8(31)
[2023-04-09T16:00:27.172+0800][961.890s] GC(359) Old regions: 135->135
[2023-04-09T16:00:27.172+0800][961.890s] GC(359) Humongous regions: 60->59
[2023-04-09T16:00:27.172+0800][961.890s] GC(359) Metaspace: 62774K(64840K)->62774K(64840K) NonClass: 55537K(56700K)->55537K(56700K) Class: 7236K(8140K)->7236K(8140K)
[2023-04-09T16:00:27.172+0800][961.890s] GC(359) Pause Young (Normal) (G1 Evacuation Pause) 440M->201M(512M) 2.277ms
[2023-04-09T16:00:27.172+0800][961.890s] GC(359) User=0.01s Sys=0.00s Real=0.01s
[2023-04-09T16:00:27.680+0800][962.399s] GC(360) Pause Young (Normal) (G1 Evacuation Pause)
[2023-04-09T16:00:27.680+0800][962.399s] GC(360) Using 8 workers of 8 for evacuation
[2023-04-09T16:00:27.682+0800][962.401s] GC(360)   Pre Evacuate Collection Set: 0.0ms
[2023-04-09T16:00:27.682+0800][962.401s] GC(360)   Evacuate Collection Set: 0.9ms
[2023-04-09T16:00:27.682+0800][962.401s] GC(360)   Post Evacuate Collection Set: 0.3ms
[2023-04-09T16:00:27.682+0800][962.401s] GC(360)   Other: 0.2ms
[2023-04-09T16:00:27.682+0800][962.401s] GC(360) Eden regions: 240->0(236)
[2023-04-09T16:00:27.682+0800][962.401s] GC(360) Survivor regions: 8->9(31)
[2023-04-09T16:00:27.682+0800][962.401s] GC(360) Old regions: 135->135
[2023-04-09T16:00:27.682+0800][962.401s] GC(360) Humongous regions: 65->65
[2023-04-09T16:00:27.682+0800][962.401s] GC(360) Metaspace: 62774K(64840K)->62774K(64840K) NonClass: 55537K(56700K)->55537K(56700K) Class: 7236K(8140K)->7236K(8140K)
[2023-04-09T16:00:27.682+0800][962.401s] GC(360) Pause Young (Normal) (G1 Evacuation Pause) 447M->208M(512M) 1.589ms
[2023-04-09T16:00:27.682+0800][962.401s] GC(360) User=0.01s Sys=0.00s Real=0.00s
[2023-04-09T16:00:28.316+0800][963.035s] GC(361) Pause Young (Normal) (G1 Evacuation Pause)
[2023-04-09T16:00:28.316+0800][963.035s] GC(361) Using 8 workers of 8 for evacuation
[2023-04-09T16:00:28.319+0800][963.038s] GC(361)   Pre Evacuate Collection Set: 0.0ms
[2023-04-09T16:00:28.319+0800][963.038s] GC(361)   Evacuate Collection Set: 2.6ms
[2023-04-09T16:00:28.319+0800][963.038s] GC(361)   Post Evacuate Collection Set: 0.3ms
[2023-04-09T16:00:28.319+0800][963.038s] GC(361)   Other: 0.3ms
[2023-04-09T16:00:28.319+0800][963.038s] GC(361) Eden regions: 236->0(234)
[2023-04-09T16:00:28.319+0800][963.038s] GC(361) Survivor regions: 9->11(31)
[2023-04-09T16:00:28.319+0800][963.038s] GC(361) Old regions: 135->135
[2023-04-09T16:00:28.319+0800][963.038s] GC(361) Humongous regions: 78->66
[2023-04-09T16:00:28.319+0800][963.038s] GC(361) Metaspace: 62774K(64840K)->62774K(64840K) NonClass: 55537K(56700K)->55537K(56700K) Class: 7236K(8140K)->7236K(8140K)
[2023-04-09T16:00:28.320+0800][963.038s] GC(361) Pause Young (Normal) (G1 Evacuation Pause) 457M->210M(512M) 3.405ms
[2023-04-09T16:00:28.320+0800][963.038s] GC(361) User=0.01s Sys=0.00s Real=0.01s
[2023-04-09T16:00:28.893+0800][963.612s] GC(362) Pause Young (Normal) (G1 Evacuation Pause)
[2023-04-09T16:00:28.893+0800][963.612s] GC(362) Using 8 workers of 8 for evacuation
[2023-04-09T16:00:28.895+0800][963.614s] GC(362)   Pre Evacuate Collection Set: 0.0ms
[2023-04-09T16:00:28.895+0800][963.614s] GC(362)   Evacuate Collection Set: 1.3ms
[2023-04-09T16:00:28.895+0800][963.614s] GC(362)   Post Evacuate Collection Set: 0.3ms
[2023-04-09T16:00:28.895+0800][963.614s] GC(362)   Other: 0.2ms
[2023-04-09T16:00:28.895+0800][963.614s] GC(362) Eden regions: 234->0(243)
[2023-04-09T16:00:28.895+0800][963.614s] GC(362) Survivor regions: 11->3(31)
[2023-04-09T16:00:28.895+0800][963.614s] GC(362) Old regions: 135->135
[2023-04-09T16:00:28.895+0800][963.614s] GC(362) Humongous regions: 66->57
[2023-04-09T16:00:28.895+0800][963.614s] GC(362) Metaspace: 62774K(64840K)->62774K(64840K) NonClass: 55537K(56700K)->55537K(56700K) Class: 7236K(8140K)->7236K(8140K)
[2023-04-09T16:00:28.895+0800][963.614s] GC(362) Pause Young (Normal) (G1 Evacuation Pause) 444M->193M(512M) 1.960ms
[2023-04-09T16:00:28.895+0800][963.614s] GC(362) User=0.01s Sys=0.00s Real=0.00s
[2023-04-09T16:00:29.416+0800][964.134s] GC(363) Pause Young (Normal) (G1 Evacuation Pause)
[2023-04-09T16:00:29.416+0800][964.134s] GC(363) Using 8 workers of 8 for evacuation
[2023-04-09T16:00:29.419+0800][964.137s] GC(363)   Pre Evacuate Collection Set: 0.0ms
[2023-04-09T16:00:29.419+0800][964.137s] GC(363)   Evacuate Collection Set: 2.6ms
[2023-04-09T16:00:29.419+0800][964.137s] GC(363)   Post Evacuate Collection Set: 0.3ms
[2023-04-09T16:00:29.419+0800][964.137s] GC(363)   Other: 0.2ms
[2023-04-09T16:00:29.419+0800][964.137s] GC(363) Eden regions: 243->0(240)
[2023-04-09T16:00:29.419+0800][964.137s] GC(363) Survivor regions: 3->8(31)
[2023-04-09T16:00:29.419+0800][964.137s] GC(363) Old regions: 135->135
[2023-04-09T16:00:29.419+0800][964.138s] GC(363) Humongous regions: 60->59
[2023-04-09T16:00:29.419+0800][964.138s] GC(363) Metaspace: 62774K(64840K)->62774K(64840K) NonClass: 55537K(56700K)->55537K(56700K) Class: 7236K(8140K)->7236K(8140K)
[2023-04-09T16:00:29.419+0800][964.138s] GC(363) Pause Young (Normal) (G1 Evacuation Pause) 439M->200M(512M) 3.297ms
[2023-04-09T16:00:29.419+0800][964.138s] GC(363) User=0.01s Sys=0.00s Real=0.00s
[2023-04-09T16:00:29.947+0800][964.665s] GC(364) Pause Young (Normal) (G1 Evacuation Pause)
[2023-04-09T16:00:29.947+0800][964.665s] GC(364) Using 8 workers of 8 for evacuation
[2023-04-09T16:00:29.948+0800][964.667s] GC(364)   Pre Evacuate Collection Set: 0.0ms
[2023-04-09T16:00:29.948+0800][964.667s] GC(364)   Evacuate Collection Set: 1.4ms
[2023-04-09T16:00:29.948+0800][964.667s] GC(364)   Post Evacuate Collection Set: 0.3ms
[2023-04-09T16:00:29.948+0800][964.667s] GC(364)   Other: 0.2ms
[2023-04-09T16:00:29.949+0800][964.667s] GC(364) Eden regions: 240->0(236)
[2023-04-09T16:00:29.949+0800][964.667s] GC(364) Survivor regions: 8->9(31)
[2023-04-09T16:00:29.949+0800][964.667s] GC(364) Old regions: 135->135
[2023-04-09T16:00:29.949+0800][964.667s] GC(364) Humongous regions: 65->65
[2023-04-09T16:00:29.949+0800][964.667s] GC(364) Metaspace: 62774K(64840K)->62774K(64840K) NonClass: 55537K(56700K)->55537K(56700K) Class: 7236K(8140K)->7236K(8140K)
[2023-04-09T16:00:29.949+0800][964.667s] GC(364) Pause Young (Normal) (G1 Evacuation Pause) 446M->207M(512M) 2.044ms
[2023-04-09T16:00:29.949+0800][964.667s] GC(364) User=0.01s Sys=0.00s Real=0.00s
[2023-04-09T16:00:30.599+0800][965.318s] GC(365) Pause Young (Normal) (G1 Evacuation Pause)
[2023-04-09T16:00:30.599+0800][965.318s] GC(365) Using 8 workers of 8 for evacuation
[2023-04-09T16:00:30.602+0800][965.321s] GC(365)   Pre Evacuate Collection Set: 0.0ms
[2023-04-09T16:00:30.602+0800][965.321s] GC(365)   Evacuate Collection Set: 2.5ms
[2023-04-09T16:00:30.602+0800][965.321s] GC(365)   Post Evacuate Collection Set: 0.3ms
[2023-04-09T16:00:30.602+0800][965.321s] GC(365)   Other: 0.2ms
[2023-04-09T16:00:30.602+0800][965.321s] GC(365) Eden regions: 236->0(234)
[2023-04-09T16:00:30.602+0800][965.321s] GC(365) Survivor regions: 9->11(31)
[2023-04-09T16:00:30.602+0800][965.321s] GC(365) Old regions: 135->135
[2023-04-09T16:00:30.602+0800][965.321s] GC(365) Humongous regions: 78->66
[2023-04-09T16:00:30.602+0800][965.321s] GC(365) Metaspace: 62775K(64840K)->62775K(64840K) NonClass: 55538K(56700K)->55538K(56700K) Class: 7236K(8140K)->7236K(8140K)
[2023-04-09T16:00:30.602+0800][965.321s] GC(365) Pause Young (Normal) (G1 Evacuation Pause) 456M->210M(512M) 3.203ms
[2023-04-09T16:00:30.602+0800][965.321s] GC(365) User=0.01s Sys=0.00s Real=0.01s
[2023-04-09T16:00:31.171+0800][965.890s] GC(366) Pause Young (Normal) (G1 Evacuation Pause)
[2023-04-09T16:00:31.172+0800][965.890s] GC(366) Using 8 workers of 8 for evacuation
[2023-04-09T16:00:31.172+0800][965.891s] GC(366)   Pre Evacuate Collection Set: 0.0ms
[2023-04-09T16:00:31.173+0800][965.891s] GC(366)   Evacuate Collection Set: 0.6ms
[2023-04-09T16:00:31.173+0800][965.891s] GC(366)   Post Evacuate Collection Set: 0.3ms
[2023-04-09T16:00:31.173+0800][965.891s] GC(366)   Other: 0.2ms
[2023-04-09T16:00:31.173+0800][965.891s] GC(366) Eden regions: 234->0(248)
[2023-04-09T16:00:31.173+0800][965.891s] GC(366) Survivor regions: 11->2(31)
[2023-04-09T16:00:31.173+0800][965.891s] GC(366) Old regions: 135->135
[2023-04-09T16:00:31.173+0800][965.891s] GC(366) Humongous regions: 66->57
[2023-04-09T16:00:31.173+0800][965.891s] GC(366) Metaspace: 62775K(64840K)->62775K(64840K) NonClass: 55538K(56700K)->55538K(56700K) Class: 7236K(8140K)->7236K(8140K)
[2023-04-09T16:00:31.173+0800][965.891s] GC(366) Pause Young (Normal) (G1 Evacuation Pause) 444M->193M(512M) 1.185ms
[2023-04-09T16:00:31.173+0800][965.891s] GC(366) User=0.00s Sys=0.00s Real=0.00s
[2023-04-09T16:00:31.709+0800][966.428s] GC(367) Pause Young (Normal) (G1 Evacuation Pause)
[2023-04-09T16:00:31.709+0800][966.428s] GC(367) Using 8 workers of 8 for evacuation
[2023-04-09T16:00:31.710+0800][966.429s] GC(367)   Pre Evacuate Collection Set: 0.0ms
[2023-04-09T16:00:31.710+0800][966.429s] GC(367)   Evacuate Collection Set: 0.7ms
[2023-04-09T16:00:31.710+0800][966.429s] GC(367)   Post Evacuate Collection Set: 0.3ms
[2023-04-09T16:00:31.711+0800][966.429s] GC(367)   Other: 0.2ms
[2023-04-09T16:00:31.711+0800][966.429s] GC(367) Eden regions: 248->0(243)
[2023-04-09T16:00:31.711+0800][966.429s] GC(367) Survivor regions: 2->7(32)
[2023-04-09T16:00:31.711+0800][966.429s] GC(367) Old regions: 135->135
[2023-04-09T16:00:31.711+0800][966.429s] GC(367) Humongous regions: 60->59
[2023-04-09T16:00:31.711+0800][966.429s] GC(367) Metaspace: 62775K(64840K)->62775K(64840K) NonClass: 55538K(56700K)->55538K(56700K) Class: 7236K(8140K)->7236K(8140K)
[2023-04-09T16:00:31.711+0800][966.429s] GC(367) Pause Young (Normal) (G1 Evacuation Pause) 444M->199M(512M) 1.351ms
[2023-04-09T16:00:31.711+0800][966.429s] GC(367) User=0.01s Sys=0.00s Real=0.01s
[2023-04-09T16:00:32.235+0800][966.954s] GC(368) Pause Young (Normal) (G1 Evacuation Pause)
[2023-04-09T16:00:32.235+0800][966.954s] GC(368) Using 8 workers of 8 for evacuation
[2023-04-09T16:00:32.237+0800][966.956s] GC(368)   Pre Evacuate Collection Set: 0.0ms
[2023-04-09T16:00:32.238+0800][966.956s] GC(368)   Evacuate Collection Set: 1.8ms
[2023-04-09T16:00:32.238+0800][966.956s] GC(368)   Post Evacuate Collection Set: 0.3ms
[2023-04-09T16:00:32.238+0800][966.956s] GC(368)   Other: 0.2ms
[2023-04-09T16:00:32.238+0800][966.956s] GC(368) Eden regions: 243->0(238)
[2023-04-09T16:00:32.238+0800][966.956s] GC(368) Survivor regions: 7->11(32)
[2023-04-09T16:00:32.238+0800][966.956s] GC(368) Old regions: 135->135
[2023-04-09T16:00:32.238+0800][966.956s] GC(368) Humongous regions: 60->60
[2023-04-09T16:00:32.238+0800][966.956s] GC(368) Metaspace: 62775K(64840K)->62775K(64840K) NonClass: 55538K(56700K)->55538K(56700K) Class: 7236K(8140K)->7236K(8140K)
[2023-04-09T16:00:32.238+0800][966.956s] GC(368) Pause Young (Normal) (G1 Evacuation Pause) 443M->205M(512M) 2.532ms
[2023-04-09T16:00:32.238+0800][966.956s] GC(368) User=0.02s Sys=0.01s Real=0.00s
[2023-04-09T16:00:32.772+0800][967.490s] GC(369) Pause Young (Normal) (G1 Evacuation Pause)
[2023-04-09T16:00:32.772+0800][967.490s] GC(369) Using 8 workers of 8 for evacuation
[2023-04-09T16:00:32.773+0800][967.492s] GC(369)   Pre Evacuate Collection Set: 0.0ms
[2023-04-09T16:00:32.774+0800][967.492s] GC(369)   Evacuate Collection Set: 1.2ms
[2023-04-09T16:00:32.774+0800][967.492s] GC(369)   Post Evacuate Collection Set: 0.3ms
[2023-04-09T16:00:32.774+0800][967.492s] GC(369)   Other: 0.2ms
[2023-04-09T16:00:32.774+0800][967.492s] GC(369) Eden regions: 238->0(234)
[2023-04-09T16:00:32.774+0800][967.492s] GC(369) Survivor regions: 11->10(32)
[2023-04-09T16:00:32.774+0800][967.492s] GC(369) Old regions: 135->135
[2023-04-09T16:00:32.774+0800][967.492s] GC(369) Humongous regions: 73->66
[2023-04-09T16:00:32.774+0800][967.492s] GC(369) Metaspace: 62776K(64840K)->62776K(64840K) NonClass: 55539K(56700K)->55539K(56700K) Class: 7236K(8140K)->7236K(8140K)
[2023-04-09T16:00:32.774+0800][967.492s] GC(369) Pause Young (Normal) (G1 Evacuation Pause) 456M->210M(512M) 1.902ms
[2023-04-09T16:00:32.774+0800][967.492s] GC(369) User=0.01s Sys=0.00s Real=0.00s
[2023-04-09T16:00:33.511+0800][968.230s] GC(370) Pause Young (Normal) (G1 Evacuation Pause)
[2023-04-09T16:00:33.511+0800][968.230s] GC(370) Using 8 workers of 8 for evacuation
[2023-04-09T16:00:33.513+0800][968.232s] GC(370)   Pre Evacuate Collection Set: 0.0ms
[2023-04-09T16:00:33.513+0800][968.232s] GC(370)   Evacuate Collection Set: 1.6ms
[2023-04-09T16:00:33.513+0800][968.232s] GC(370)   Post Evacuate Collection Set: 0.3ms
[2023-04-09T16:00:33.513+0800][968.232s] GC(370)   Other: 0.2ms
[2023-04-09T16:00:33.513+0800][968.232s] GC(370) Eden regions: 234->0(246)
[2023-04-09T16:00:33.513+0800][968.232s] GC(370) Survivor regions: 10->1(31)
[2023-04-09T16:00:33.513+0800][968.232s] GC(370) Old regions: 135->135
[2023-04-09T16:00:33.513+0800][968.232s] GC(370) Humongous regions: 66->57
[2023-04-09T16:00:33.513+0800][968.232s] GC(370) Metaspace: 62778K(64840K)->62778K(64840K) NonClass: 55541K(56700K)->55541K(56700K) Class: 7236K(8140K)->7236K(8140K)
[2023-04-09T16:00:33.513+0800][968.232s] GC(370) Pause Young (Normal) (G1 Evacuation Pause) 444M->192M(512M) 2.207ms
[2023-04-09T16:00:33.513+0800][968.232s] GC(370) User=0.01s Sys=0.00s Real=0.00s
[2023-04-09T16:00:33.787+0800][968.506s] GC(371) Pause Young (Normal) (G1 Evacuation Pause)
[2023-04-09T16:00:33.787+0800][968.506s] GC(371) Using 8 workers of 8 for evacuation
[2023-04-09T16:00:33.789+0800][968.508s] GC(371)   Pre Evacuate Collection Set: 0.0ms
[2023-04-09T16:00:33.789+0800][968.508s] GC(371)   Evacuate Collection Set: 1.8ms
[2023-04-09T16:00:33.789+0800][968.508s] GC(371)   Post Evacuate Collection Set: 0.3ms
[2023-04-09T16:00:33.789+0800][968.508s] GC(371)   Other: 0.2ms
[2023-04-09T16:00:33.789+0800][968.508s] GC(371) Eden regions: 246->0(244)
[2023-04-09T16:00:33.789+0800][968.508s] GC(371) Survivor regions: 1->5(31)
[2023-04-09T16:00:33.789+0800][968.508s] GC(371) Old regions: 135->135
[2023-04-09T16:00:33.789+0800][968.508s] GC(371) Humongous regions: 58->58
[2023-04-09T16:00:33.790+0800][968.508s] GC(371) Metaspace: 62778K(64840K)->62778K(64840K) NonClass: 55541K(56700K)->55541K(56700K) Class: 7236K(8140K)->7236K(8140K)
[2023-04-09T16:00:33.790+0800][968.508s] GC(371) Pause Young (Normal) (G1 Evacuation Pause) 439M->196M(512M) 2.475ms
[2023-04-09T16:00:33.790+0800][968.508s] GC(371) User=0.01s Sys=0.00s Real=0.01s
[2023-04-09T16:00:34.093+0800][968.811s] GC(372) Pause Young (Normal) (G1 Evacuation Pause)
[2023-04-09T16:00:34.093+0800][968.811s] GC(372) Using 8 workers of 8 for evacuation
[2023-04-09T16:00:34.094+0800][968.813s] GC(372)   Pre Evacuate Collection Set: 0.0ms
[2023-04-09T16:00:34.094+0800][968.813s] GC(372)   Evacuate Collection Set: 0.9ms
[2023-04-09T16:00:34.094+0800][968.813s] GC(372)   Post Evacuate Collection Set: 0.3ms
[2023-04-09T16:00:34.094+0800][968.813s] GC(372)   Other: 0.2ms
[2023-04-09T16:00:34.094+0800][968.813s] GC(372) Eden regions: 244->0(244)
[2023-04-09T16:00:34.094+0800][968.813s] GC(372) Survivor regions: 5->7(32)
[2023-04-09T16:00:34.094+0800][968.813s] GC(372) Old regions: 135->135
[2023-04-09T16:00:34.094+0800][968.813s] GC(372) Humongous regions: 58->58
[2023-04-09T16:00:34.094+0800][968.813s] GC(372) Metaspace: 62778K(64840K)->62778K(64840K) NonClass: 55541K(56700K)->55541K(56700K) Class: 7236K(8140K)->7236K(8140K)
[2023-04-09T16:00:34.094+0800][968.813s] GC(372) Pause Young (Normal) (G1 Evacuation Pause) 440M->198M(512M) 1.543ms
[2023-04-09T16:00:34.094+0800][968.813s] GC(372) User=0.00s Sys=0.00s Real=0.00s
[2023-04-09T16:00:34.325+0800][969.044s] GC(373) Pause Young (Normal) (G1 Evacuation Pause)
[2023-04-09T16:00:34.325+0800][969.044s] GC(373) Using 8 workers of 8 for evacuation
[2023-04-09T16:00:34.328+0800][969.046s] GC(373)   Pre Evacuate Collection Set: 0.0ms
[2023-04-09T16:00:34.328+0800][969.046s] GC(373)   Evacuate Collection Set: 1.8ms
[2023-04-09T16:00:34.328+0800][969.046s] GC(373)   Post Evacuate Collection Set: 0.3ms
[2023-04-09T16:00:34.328+0800][969.046s] GC(373)   Other: 0.2ms
[2023-04-09T16:00:34.328+0800][969.046s] GC(373) Eden regions: 244->0(242)
[2023-04-09T16:00:34.328+0800][969.046s] GC(373) Survivor regions: 7->9(32)
[2023-04-09T16:00:34.328+0800][969.046s] GC(373) Old regions: 135->135
[2023-04-09T16:00:34.328+0800][969.046s] GC(373) Humongous regions: 60->59
[2023-04-09T16:00:34.328+0800][969.046s] GC(373) Metaspace: 62778K(64840K)->62778K(64840K) NonClass: 55541K(56700K)->55541K(56700K) Class: 7236K(8140K)->7236K(8140K)
[2023-04-09T16:00:34.328+0800][969.047s] GC(373) Pause Young (Normal) (G1 Evacuation Pause) 444M->202M(512M) 2.472ms
[2023-04-09T16:00:34.328+0800][969.047s] GC(373) User=0.01s Sys=0.00s Real=0.00s
[2023-04-09T16:00:34.563+0800][969.281s] GC(374) Pause Young (Normal) (G1 Evacuation Pause)
[2023-04-09T16:00:34.563+0800][969.281s] GC(374) Using 8 workers of 8 for evacuation
[2023-04-09T16:00:34.564+0800][969.283s] GC(374)   Pre Evacuate Collection Set: 0.0ms
[2023-04-09T16:00:34.564+0800][969.283s] GC(374)   Evacuate Collection Set: 1.1ms
[2023-04-09T16:00:34.564+0800][969.283s] GC(374)   Post Evacuate Collection Set: 0.3ms
[2023-04-09T16:00:34.564+0800][969.283s] GC(374)   Other: 0.2ms
[2023-04-09T16:00:34.564+0800][969.283s] GC(374) Eden regions: 242->0(240)
[2023-04-09T16:00:34.564+0800][969.283s] GC(374) Survivor regions: 9->11(32)
[2023-04-09T16:00:34.564+0800][969.283s] GC(374) Old regions: 135->135
[2023-04-09T16:00:34.564+0800][969.283s] GC(374) Humongous regions: 60->60
[2023-04-09T16:00:34.564+0800][969.283s] GC(374) Metaspace: 62778K(64840K)->62778K(64840K) NonClass: 55541K(56700K)->55541K(56700K) Class: 7236K(8140K)->7236K(8140K)
[2023-04-09T16:00:34.564+0800][969.283s] GC(374) Pause Young (Normal) (G1 Evacuation Pause) 445M->204M(512M) 1.705ms
[2023-04-09T16:00:34.565+0800][969.283s] GC(374) User=0.01s Sys=0.00s Real=0.00s
[2023-04-09T16:00:34.890+0800][969.608s] GC(375) Pause Young (Normal) (G1 Evacuation Pause)
[2023-04-09T16:00:34.890+0800][969.608s] GC(375) Using 8 workers of 8 for evacuation
[2023-04-09T16:00:34.891+0800][969.610s] GC(375)   Pre Evacuate Collection Set: 0.0ms
[2023-04-09T16:00:34.891+0800][969.610s] GC(375)   Evacuate Collection Set: 1.2ms
[2023-04-09T16:00:34.891+0800][969.610s] GC(375)   Post Evacuate Collection Set: 0.3ms
[2023-04-09T16:00:34.891+0800][969.610s] GC(375)   Other: 0.2ms
[2023-04-09T16:00:34.891+0800][969.610s] GC(375) Eden regions: 240->0(236)
[2023-04-09T16:00:34.891+0800][969.610s] GC(375) Survivor regions: 11->11(32)
[2023-04-09T16:00:34.891+0800][969.610s] GC(375) Old regions: 135->135
[2023-04-09T16:00:34.891+0800][969.610s] GC(375) Humongous regions: 65->65
[2023-04-09T16:00:34.891+0800][969.610s] GC(375) Metaspace: 62778K(64840K)->62778K(64840K) NonClass: 55541K(56700K)->55541K(56700K) Class: 7236K(8140K)->7236K(8140K)
[2023-04-09T16:00:34.891+0800][969.610s] GC(375) Pause Young (Normal) (G1 Evacuation Pause) 449M->209M(512M) 1.797ms
[2023-04-09T16:00:34.891+0800][969.610s] GC(375) User=0.01s Sys=0.00s Real=0.00s
[2023-04-09T16:00:35.208+0800][969.927s] GC(376) Pause Young (Normal) (G1 Evacuation Pause)
[2023-04-09T16:00:35.208+0800][969.927s] GC(376) Using 8 workers of 8 for evacuation
[2023-04-09T16:00:35.210+0800][969.929s] GC(376)   Pre Evacuate Collection Set: 0.0ms
[2023-04-09T16:00:35.210+0800][969.929s] GC(376)   Evacuate Collection Set: 1.4ms
[2023-04-09T16:00:35.210+0800][969.929s] GC(376)   Post Evacuate Collection Set: 0.3ms
[2023-04-09T16:00:35.210+0800][969.929s] GC(376)   Other: 0.2ms
[2023-04-09T16:00:35.210+0800][969.929s] GC(376) Eden regions: 236->0(233)
[2023-04-09T16:00:35.210+0800][969.929s] GC(376) Survivor regions: 11->13(31)
[2023-04-09T16:00:35.210+0800][969.929s] GC(376) Old regions: 135->135
[2023-04-09T16:00:35.210+0800][969.929s] GC(376) Humongous regions: 73->66
[2023-04-09T16:00:35.210+0800][969.929s] GC(376) Metaspace: 62778K(64840K)->62778K(64840K) NonClass: 55541K(56700K)->55541K(56700K) Class: 7236K(8140K)->7236K(8140K)
[2023-04-09T16:00:35.210+0800][969.929s] GC(376) Pause Young (Normal) (G1 Evacuation Pause) 453M->212M(512M) 2.053ms
[2023-04-09T16:00:35.210+0800][969.929s] GC(376) User=0.01s Sys=0.00s Real=0.01s
[2023-04-09T16:00:35.586+0800][970.304s] GC(377) Pause Young (Normal) (G1 Evacuation Pause)
[2023-04-09T16:00:35.586+0800][970.304s] GC(377) Using 8 workers of 8 for evacuation
[2023-04-09T16:00:35.588+0800][970.306s] GC(377)   Pre Evacuate Collection Set: 0.0ms
[2023-04-09T16:00:35.588+0800][970.306s] GC(377)   Evacuate Collection Set: 1.4ms
[2023-04-09T16:00:35.588+0800][970.306s] GC(377)   Post Evacuate Collection Set: 0.3ms
[2023-04-09T16:00:35.588+0800][970.306s] GC(377)   Other: 0.2ms
[2023-04-09T16:00:35.588+0800][970.306s] GC(377) Eden regions: 233->0(235)
[2023-04-09T16:00:35.588+0800][970.306s] GC(377) Survivor regions: 13->12(31)
[2023-04-09T16:00:35.588+0800][970.306s] GC(377) Old regions: 135->135
[2023-04-09T16:00:35.588+0800][970.306s] GC(377) Humongous regions: 71->66
[2023-04-09T16:00:35.588+0800][970.306s] GC(377) Metaspace: 62778K(64840K)->62778K(64840K) NonClass: 55541K(56700K)->55541K(56700K) Class: 7236K(8140K)->7236K(8140K)
[2023-04-09T16:00:35.588+0800][970.306s] GC(377) Pause Young (Normal) (G1 Evacuation Pause) 450M->211M(512M) 2.072ms
[2023-04-09T16:00:35.588+0800][970.306s] GC(377) User=0.01s Sys=0.00s Real=0.00s
[2023-04-09T16:00:35.910+0800][970.628s] GC(378) Pause Young (Normal) (G1 Evacuation Pause)
[2023-04-09T16:00:35.910+0800][970.629s] GC(378) Using 8 workers of 8 for evacuation
[2023-04-09T16:00:35.912+0800][970.630s] GC(378)   Pre Evacuate Collection Set: 0.0ms
[2023-04-09T16:00:35.912+0800][970.630s] GC(378)   Evacuate Collection Set: 1.5ms
[2023-04-09T16:00:35.912+0800][970.630s] GC(378)   Post Evacuate Collection Set: 0.3ms
[2023-04-09T16:00:35.912+0800][970.630s] GC(378)   Other: 0.2ms
[2023-04-09T16:00:35.912+0800][970.631s] GC(378) Eden regions: 235->0(235)
[2023-04-09T16:00:35.912+0800][970.631s] GC(378) Survivor regions: 12->12(31)
[2023-04-09T16:00:35.912+0800][970.631s] GC(378) Old regions: 135->135
[2023-04-09T16:00:35.912+0800][970.631s] GC(378) Humongous regions: 66->66
[2023-04-09T16:00:35.912+0800][970.631s] GC(378) Metaspace: 62778K(64840K)->62778K(64840K) NonClass: 55541K(56700K)->55541K(56700K) Class: 7236K(8140K)->7236K(8140K)
[2023-04-09T16:00:35.912+0800][970.631s] GC(378) Pause Young (Normal) (G1 Evacuation Pause) 446M->211M(512M) 2.108ms
[2023-04-09T16:00:35.912+0800][970.631s] GC(378) User=0.01s Sys=0.00s Real=0.00s
[2023-04-09T16:00:36.235+0800][970.953s] GC(379) Pause Young (Normal) (G1 Evacuation Pause)
[2023-04-09T16:00:36.235+0800][970.953s] GC(379) Using 8 workers of 8 for evacuation
[2023-04-09T16:00:36.236+0800][970.955s] GC(379)   Pre Evacuate Collection Set: 0.0ms
[2023-04-09T16:00:36.236+0800][970.955s] GC(379)   Evacuate Collection Set: 0.7ms
[2023-04-09T16:00:36.236+0800][970.955s] GC(379)   Post Evacuate Collection Set: 0.3ms
[2023-04-09T16:00:36.236+0800][970.955s] GC(379)   Other: 0.2ms
[2023-04-09T16:00:36.236+0800][970.955s] GC(379) Eden regions: 235->0(249)
[2023-04-09T16:00:36.236+0800][970.955s] GC(379) Survivor regions: 12->5(31)
[2023-04-09T16:00:36.236+0800][970.955s] GC(379) Old regions: 135->135
[2023-04-09T16:00:36.236+0800][970.955s] GC(379) Humongous regions: 66->57
[2023-04-09T16:00:36.236+0800][970.955s] GC(379) Metaspace: 62778K(64840K)->62778K(64840K) NonClass: 55541K(56700K)->55541K(56700K) Class: 7236K(8140K)->7236K(8140K)
[2023-04-09T16:00:36.236+0800][970.955s] GC(379) Pause Young (Normal) (G1 Evacuation Pause) 446M->195M(512M) 1.369ms
[2023-04-09T16:00:36.236+0800][970.955s] GC(379) User=0.01s Sys=0.00s Real=0.00s
[2023-04-09T16:00:36.553+0800][971.272s] GC(380) Pause Young (Normal) (G1 Evacuation Pause)
[2023-04-09T16:00:36.553+0800][971.272s] GC(380) Using 8 workers of 8 for evacuation
[2023-04-09T16:00:36.554+0800][971.273s] GC(380)   Pre Evacuate Collection Set: 0.0ms
[2023-04-09T16:00:36.554+0800][971.273s] GC(380)   Evacuate Collection Set: 0.8ms
[2023-04-09T16:00:36.555+0800][971.273s] GC(380)   Post Evacuate Collection Set: 0.3ms
[2023-04-09T16:00:36.555+0800][971.273s] GC(380)   Other: 0.2ms
[2023-04-09T16:00:36.555+0800][971.273s] GC(380) Eden regions: 249->0(247)
[2023-04-09T16:00:36.555+0800][971.273s] GC(380) Survivor regions: 5->7(32)
[2023-04-09T16:00:36.555+0800][971.273s] GC(380) Old regions: 135->135
[2023-04-09T16:00:36.555+0800][971.273s] GC(380) Humongous regions: 58->58
[2023-04-09T16:00:36.555+0800][971.273s] GC(380) Metaspace: 62778K(64840K)->62778K(64840K) NonClass: 55541K(56700K)->55541K(56700K) Class: 7236K(8140K)->7236K(8140K)
[2023-04-09T16:00:36.555+0800][971.273s] GC(380) Pause Young (Normal) (G1 Evacuation Pause) 445M->199M(512M) 1.511ms
[2023-04-09T16:00:36.555+0800][971.273s] GC(380) User=0.01s Sys=0.00s Real=0.00s
[2023-04-09T16:00:36.872+0800][971.591s] GC(381) Pause Young (Normal) (G1 Evacuation Pause)
[2023-04-09T16:00:36.872+0800][971.591s] GC(381) Using 8 workers of 8 for evacuation
[2023-04-09T16:00:36.874+0800][971.592s] GC(381)   Pre Evacuate Collection Set: 0.0ms
[2023-04-09T16:00:36.874+0800][971.592s] GC(381)   Evacuate Collection Set: 1.1ms
[2023-04-09T16:00:36.874+0800][971.592s] GC(381)   Post Evacuate Collection Set: 0.3ms
[2023-04-09T16:00:36.874+0800][971.592s] GC(381)   Other: 0.2ms
[2023-04-09T16:00:36.874+0800][971.592s] GC(381) Eden regions: 247->0(243)
[2023-04-09T16:00:36.874+0800][971.592s] GC(381) Survivor regions: 7->10(32)
[2023-04-09T16:00:36.874+0800][971.592s] GC(381) Old regions: 135->135
[2023-04-09T16:00:36.874+0800][971.592s] GC(381) Humongous regions: 60->59
[2023-04-09T16:00:36.874+0800][971.592s] GC(381) Metaspace: 62778K(64840K)->62778K(64840K) NonClass: 55541K(56700K)->55541K(56700K) Class: 7236K(8140K)->7236K(8140K)
[2023-04-09T16:00:36.874+0800][971.593s] GC(381) Pause Young (Normal) (G1 Evacuation Pause) 448M->203M(512M) 1.803ms
[2023-04-09T16:00:36.874+0800][971.593s] GC(381) User=0.01s Sys=0.00s Real=0.00s
[2023-04-09T16:00:37.182+0800][971.900s] GC(382) Pause Young (Normal) (G1 Evacuation Pause)
[2023-04-09T16:00:37.182+0800][971.900s] GC(382) Using 8 workers of 8 for evacuation
[2023-04-09T16:00:37.185+0800][971.903s] GC(382)   Pre Evacuate Collection Set: 0.0ms
[2023-04-09T16:00:37.185+0800][971.903s] GC(382)   Evacuate Collection Set: 2.0ms
[2023-04-09T16:00:37.185+0800][971.904s] GC(382)   Post Evacuate Collection Set: 0.7ms
[2023-04-09T16:00:37.185+0800][971.904s] GC(382)   Other: 0.2ms
[2023-04-09T16:00:37.185+0800][971.904s] GC(382) Eden regions: 243->0(239)
[2023-04-09T16:00:37.185+0800][971.904s] GC(382) Survivor regions: 10->12(32)
[2023-04-09T16:00:37.185+0800][971.904s] GC(382) Old regions: 135->135
[2023-04-09T16:00:37.185+0800][971.904s] GC(382) Humongous regions: 60->60
[2023-04-09T16:00:37.185+0800][971.904s] GC(382) Metaspace: 62778K(64840K)->62778K(64840K) NonClass: 55541K(56700K)->55541K(56700K) Class: 7236K(8140K)->7236K(8140K)
[2023-04-09T16:00:37.185+0800][971.904s] GC(382) Pause Young (Normal) (G1 Evacuation Pause) 447M->206M(512M) 3.352ms
[2023-04-09T16:00:37.185+0800][971.904s] GC(382) User=0.01s Sys=0.00s Real=0.00s
[2023-04-09T16:00:37.512+0800][972.231s] GC(383) Pause Young (Normal) (G1 Evacuation Pause)
[2023-04-09T16:00:37.512+0800][972.231s] GC(383) Using 8 workers of 8 for evacuation
[2023-04-09T16:00:37.514+0800][972.233s] GC(383)   Pre Evacuate Collection Set: 0.0ms
[2023-04-09T16:00:37.514+0800][972.233s] GC(383)   Evacuate Collection Set: 1.3ms
[2023-04-09T16:00:37.514+0800][972.233s] GC(383)   Post Evacuate Collection Set: 0.3ms
[2023-04-09T16:00:37.514+0800][972.233s] GC(383)   Other: 0.2ms
[2023-04-09T16:00:37.514+0800][972.233s] GC(383) Eden regions: 239->0(234)
[2023-04-09T16:00:37.514+0800][972.233s] GC(383) Survivor regions: 12->12(32)
[2023-04-09T16:00:37.514+0800][972.233s] GC(383) Old regions: 135->135
[2023-04-09T16:00:37.514+0800][972.233s] GC(383) Humongous regions: 73->66
[2023-04-09T16:00:37.514+0800][972.233s] GC(383) Metaspace: 62778K(64840K)->62778K(64840K) NonClass: 55541K(56700K)->55541K(56700K) Class: 7236K(8140K)->7236K(8140K)
[2023-04-09T16:00:37.514+0800][972.233s] GC(383) Pause Young (Normal) (G1 Evacuation Pause) 458M->211M(512M) 1.907ms
[2023-04-09T16:00:37.514+0800][972.233s] GC(383) User=0.01s Sys=0.01s Real=0.00s
[2023-04-09T16:00:37.953+0800][972.671s] GC(384) Pause Young (Normal) (G1 Evacuation Pause)
[2023-04-09T16:00:37.953+0800][972.671s] GC(384) Using 8 workers of 8 for evacuation
[2023-04-09T16:00:37.955+0800][972.673s] GC(384)   Pre Evacuate Collection Set: 0.0ms
[2023-04-09T16:00:37.955+0800][972.673s] GC(384)   Evacuate Collection Set: 1.4ms
[2023-04-09T16:00:37.955+0800][972.673s] GC(384)   Post Evacuate Collection Set: 0.3ms
[2023-04-09T16:00:37.955+0800][972.673s] GC(384)   Other: 0.2ms
[2023-04-09T16:00:37.955+0800][972.673s] GC(384) Eden regions: 234->0(235)
[2023-04-09T16:00:37.955+0800][972.673s] GC(384) Survivor regions: 12->11(31)
[2023-04-09T16:00:37.955+0800][972.673s] GC(384) Old regions: 135->135
[2023-04-09T16:00:37.955+0800][972.673s] GC(384) Humongous regions: 71->66
[2023-04-09T16:00:37.955+0800][972.673s] GC(384) Metaspace: 62779K(64840K)->62779K(64840K) NonClass: 55542K(56700K)->55542K(56700K) Class: 7236K(8140K)->7236K(8140K)
[2023-04-09T16:00:37.955+0800][972.673s] GC(384) Pause Young (Normal) (G1 Evacuation Pause) 450M->211M(512M) 2.059ms
[2023-04-09T16:00:37.955+0800][972.673s] GC(384) User=0.01s Sys=0.00s Real=0.00s
[2023-04-09T16:00:38.491+0800][973.209s] GC(385) Pause Young (Normal) (G1 Evacuation Pause)
[2023-04-09T16:00:38.491+0800][973.209s] GC(385) Using 8 workers of 8 for evacuation
[2023-04-09T16:00:38.492+0800][973.211s] GC(385)   Pre Evacuate Collection Set: 0.0ms
[2023-04-09T16:00:38.492+0800][973.211s] GC(385)   Evacuate Collection Set: 0.8ms
[2023-04-09T16:00:38.492+0800][973.211s] GC(385)   Post Evacuate Collection Set: 0.3ms
[2023-04-09T16:00:38.492+0800][973.211s] GC(385)   Other: 0.2ms
[2023-04-09T16:00:38.492+0800][973.211s] GC(385) Eden regions: 235->0(249)
[2023-04-09T16:00:38.492+0800][973.211s] GC(385) Survivor regions: 11->2(31)
[2023-04-09T16:00:38.492+0800][973.211s] GC(385) Old regions: 135->135
[2023-04-09T16:00:38.492+0800][973.211s] GC(385) Humongous regions: 66->57
[2023-04-09T16:00:38.492+0800][973.211s] GC(385) Metaspace: 62779K(64840K)->62779K(64840K) NonClass: 55542K(56700K)->55542K(56700K) Class: 7236K(8140K)->7236K(8140K)
[2023-04-09T16:00:38.492+0800][973.211s] GC(385) Pause Young (Normal) (G1 Evacuation Pause) 446M->193M(512M) 1.444ms
[2023-04-09T16:00:38.492+0800][973.211s] GC(385) User=0.01s Sys=0.00s Real=0.00s
[2023-04-09T16:00:39.010+0800][973.728s] GC(386) Pause Young (Normal) (G1 Evacuation Pause)
[2023-04-09T16:00:39.010+0800][973.728s] GC(386) Using 8 workers of 8 for evacuation
[2023-04-09T16:00:39.012+0800][973.730s] GC(386)   Pre Evacuate Collection Set: 0.0ms
[2023-04-09T16:00:39.012+0800][973.730s] GC(386)   Evacuate Collection Set: 1.5ms
[2023-04-09T16:00:39.012+0800][973.730s] GC(386)   Post Evacuate Collection Set: 0.3ms
[2023-04-09T16:00:39.012+0800][973.730s] GC(386)   Other: 0.2ms
[2023-04-09T16:00:39.012+0800][973.730s] GC(386) Eden regions: 249->0(245)
[2023-04-09T16:00:39.012+0800][973.730s] GC(386) Survivor regions: 2->6(32)
[2023-04-09T16:00:39.012+0800][973.730s] GC(386) Old regions: 135->136
[2023-04-09T16:00:39.012+0800][973.730s] GC(386) Humongous regions: 58->58
[2023-04-09T16:00:39.012+0800][973.730s] GC(386) Metaspace: 62779K(64840K)->62779K(64840K) NonClass: 55542K(56700K)->55542K(56700K) Class: 7236K(8140K)->7236K(8140K)
[2023-04-09T16:00:39.012+0800][973.730s] GC(386) Pause Young (Normal) (G1 Evacuation Pause) 443M->199M(512M) 2.180ms
[2023-04-09T16:00:39.012+0800][973.731s] GC(386) User=0.01s Sys=0.00s Real=0.00s
[2023-04-09T16:00:39.528+0800][974.247s] GC(387) Pause Young (Normal) (G1 Evacuation Pause)
[2023-04-09T16:00:39.528+0800][974.247s] GC(387) Using 8 workers of 8 for evacuation
[2023-04-09T16:00:39.530+0800][974.248s] GC(387)   Pre Evacuate Collection Set: 0.0ms
[2023-04-09T16:00:39.530+0800][974.248s] GC(387)   Evacuate Collection Set: 0.9ms
[2023-04-09T16:00:39.530+0800][974.248s] GC(387)   Post Evacuate Collection Set: 0.3ms
[2023-04-09T16:00:39.530+0800][974.248s] GC(387)   Other: 0.2ms
[2023-04-09T16:00:39.530+0800][974.248s] GC(387) Eden regions: 245->0(239)
[2023-04-09T16:00:39.530+0800][974.248s] GC(387) Survivor regions: 6->11(32)
[2023-04-09T16:00:39.530+0800][974.248s] GC(387) Old regions: 136->136
[2023-04-09T16:00:39.530+0800][974.248s] GC(387) Humongous regions: 62->60
[2023-04-09T16:00:39.530+0800][974.248s] GC(387) Metaspace: 62782K(64840K)->62782K(64840K) NonClass: 55545K(56700K)->55545K(56700K) Class: 7236K(8140K)->7236K(8140K)
[2023-04-09T16:00:39.530+0800][974.248s] GC(387) Pause Young (Normal) (G1 Evacuation Pause) 448M->205M(512M) 1.619ms
[2023-04-09T16:00:39.530+0800][974.248s] GC(387) User=0.00s Sys=0.00s Real=0.01s
[2023-04-09T16:00:40.079+0800][974.797s] GC(388) Pause Young (Normal) (G1 Evacuation Pause)
[2023-04-09T16:00:40.079+0800][974.797s] GC(388) Using 8 workers of 8 for evacuation
[2023-04-09T16:00:40.080+0800][974.799s] GC(388)   Pre Evacuate Collection Set: 0.0ms
[2023-04-09T16:00:40.080+0800][974.799s] GC(388)   Evacuate Collection Set: 1.1ms
[2023-04-09T16:00:40.080+0800][974.799s] GC(388)   Post Evacuate Collection Set: 0.3ms
[2023-04-09T16:00:40.080+0800][974.799s] GC(388)   Other: 0.2ms
[2023-04-09T16:00:40.080+0800][974.799s] GC(388) Eden regions: 239->0(234)
[2023-04-09T16:00:40.080+0800][974.799s] GC(388) Survivor regions: 11->10(32)
[2023-04-09T16:00:40.080+0800][974.799s] GC(388) Old regions: 136->136
[2023-04-09T16:00:40.080+0800][974.799s] GC(388) Humongous regions: 78->66
[2023-04-09T16:00:40.080+0800][974.799s] GC(388) Metaspace: 62783K(64840K)->62783K(64840K) NonClass: 55546K(56700K)->55546K(56700K) Class: 7236K(8140K)->7236K(8140K)
[2023-04-09T16:00:40.080+0800][974.799s] GC(388) Pause Young (Normal) (G1 Evacuation Pause) 462M->210M(512M) 1.766ms
[2023-04-09T16:00:40.080+0800][974.799s] GC(388) User=0.01s Sys=0.00s Real=0.01s
[2023-04-09T16:00:40.760+0800][975.479s] GC(389) Pause Young (Normal) (G1 Evacuation Pause)
[2023-04-09T16:00:40.760+0800][975.479s] GC(389) Using 8 workers of 8 for evacuation
[2023-04-09T16:00:40.762+0800][975.480s] GC(389)   Pre Evacuate Collection Set: 0.0ms
[2023-04-09T16:00:40.762+0800][975.481s] GC(389)   Evacuate Collection Set: 1.2ms
[2023-04-09T16:00:40.762+0800][975.481s] GC(389)   Post Evacuate Collection Set: 0.3ms
[2023-04-09T16:00:40.762+0800][975.481s] GC(389)   Other: 0.2ms
[2023-04-09T16:00:40.762+0800][975.481s] GC(389) Eden regions: 234->0(249)
[2023-04-09T16:00:40.762+0800][975.481s] GC(389) Survivor regions: 10->1(31)
[2023-04-09T16:00:40.762+0800][975.481s] GC(389) Old regions: 136->136
[2023-04-09T16:00:40.762+0800][975.481s] GC(389) Humongous regions: 66->57
[2023-04-09T16:00:40.762+0800][975.481s] GC(389) Metaspace: 62784K(64840K)->62784K(64840K) NonClass: 55547K(56700K)->55547K(56700K) Class: 7236K(8140K)->7236K(8140K)
[2023-04-09T16:00:40.762+0800][975.481s] GC(389) Pause Young (Normal) (G1 Evacuation Pause) 444M->192M(512M) 1.841ms
[2023-04-09T16:00:40.762+0800][975.481s] GC(389) User=0.01s Sys=0.00s Real=0.00s
[2023-04-09T16:00:41.276+0800][975.994s] GC(390) Pause Young (Normal) (G1 Evacuation Pause)
[2023-04-09T16:00:41.276+0800][975.994s] GC(390) Using 8 workers of 8 for evacuation
[2023-04-09T16:00:41.277+0800][975.995s] GC(390)   Pre Evacuate Collection Set: 0.0ms
[2023-04-09T16:00:41.277+0800][975.995s] GC(390)   Evacuate Collection Set: 0.6ms
[2023-04-09T16:00:41.277+0800][975.995s] GC(390)   Post Evacuate Collection Set: 0.3ms
[2023-04-09T16:00:41.277+0800][975.995s] GC(390)   Other: 0.2ms
[2023-04-09T16:00:41.277+0800][975.995s] GC(390) Eden regions: 249->0(245)
[2023-04-09T16:00:41.277+0800][975.995s] GC(390) Survivor regions: 1->6(32)
[2023-04-09T16:00:41.277+0800][975.995s] GC(390) Old regions: 136->136
[2023-04-09T16:00:41.277+0800][975.995s] GC(390) Humongous regions: 58->58
[2023-04-09T16:00:41.277+0800][975.995s] GC(390) Metaspace: 62784K(64840K)->62784K(64840K) NonClass: 55547K(56700K)->55547K(56700K) Class: 7236K(8140K)->7236K(8140K)
[2023-04-09T16:00:41.277+0800][975.995s] GC(390) Pause Young (Normal) (G1 Evacuation Pause) 442M->198M(512M) 1.251ms
[2023-04-09T16:00:41.277+0800][975.996s] GC(390) User=0.00s Sys=0.00s Real=0.00s
[2023-04-09T16:00:41.851+0800][976.569s] GC(391) Pause Young (Normal) (G1 Evacuation Pause)
[2023-04-09T16:00:41.851+0800][976.570s] GC(391) Using 8 workers of 8 for evacuation
[2023-04-09T16:00:41.852+0800][976.571s] GC(391)   Pre Evacuate Collection Set: 0.1ms
[2023-04-09T16:00:41.852+0800][976.571s] GC(391)   Evacuate Collection Set: 0.9ms
[2023-04-09T16:00:41.852+0800][976.571s] GC(391)   Post Evacuate Collection Set: 0.3ms
[2023-04-09T16:00:41.852+0800][976.571s] GC(391)   Other: 0.3ms
[2023-04-09T16:00:41.852+0800][976.571s] GC(391) Eden regions: 245->0(239)
[2023-04-09T16:00:41.852+0800][976.571s] GC(391) Survivor regions: 6->11(32)
[2023-04-09T16:00:41.853+0800][976.571s] GC(391) Old regions: 136->136
[2023-04-09T16:00:41.853+0800][976.571s] GC(391) Humongous regions: 60->59
[2023-04-09T16:00:41.853+0800][976.571s] GC(391) Metaspace: 62784K(64840K)->62784K(64840K) NonClass: 55547K(56700K)->55547K(56700K) Class: 7236K(8140K)->7236K(8140K)
[2023-04-09T16:00:41.853+0800][976.571s] GC(391) Pause Young (Normal) (G1 Evacuation Pause) 445M->204M(512M) 1.681ms
[2023-04-09T16:00:41.853+0800][976.571s] GC(391) User=0.00s Sys=0.00s Real=0.00s
[2023-04-09T16:00:42.413+0800][977.132s] GC(392) Pause Young (Normal) (G1 Evacuation Pause)
[2023-04-09T16:00:42.413+0800][977.132s] GC(392) Using 8 workers of 8 for evacuation
[2023-04-09T16:00:42.424+0800][977.143s] GC(392)   Pre Evacuate Collection Set: 0.0ms
[2023-04-09T16:00:42.424+0800][977.143s] GC(392)   Evacuate Collection Set: 10.5ms
[2023-04-09T16:00:42.424+0800][977.143s] GC(392)   Post Evacuate Collection Set: 0.3ms
[2023-04-09T16:00:42.424+0800][977.143s] GC(392)   Other: 0.3ms
[2023-04-09T16:00:42.424+0800][977.143s] GC(392) Eden regions: 239->0(233)
[2023-04-09T16:00:42.424+0800][977.143s] GC(392) Survivor regions: 11->11(32)
[2023-04-09T16:00:42.424+0800][977.143s] GC(392) Old regions: 136->136
[2023-04-09T16:00:42.424+0800][977.143s] GC(392) Humongous regions: 78->66
[2023-04-09T16:00:42.424+0800][977.143s] GC(392) Metaspace: 62784K(64840K)->62784K(64840K) NonClass: 55547K(56700K)->55547K(56700K) Class: 7236K(8140K)->7236K(8140K)
[2023-04-09T16:00:42.425+0800][977.143s] GC(392) Pause Young (Normal) (G1 Evacuation Pause) 462M->211M(512M) 11.258ms
[2023-04-09T16:00:42.425+0800][977.143s] GC(392) User=0.01s Sys=0.01s Real=0.01s
[2023-04-09T16:00:43.013+0800][977.731s] GC(393) Pause Young (Normal) (G1 Evacuation Pause)
[2023-04-09T16:00:43.013+0800][977.731s] GC(393) Using 8 workers of 8 for evacuation
[2023-04-09T16:00:43.014+0800][977.733s] GC(393)   Pre Evacuate Collection Set: 0.0ms
[2023-04-09T16:00:43.014+0800][977.733s] GC(393)   Evacuate Collection Set: 1.2ms
[2023-04-09T16:00:43.014+0800][977.733s] GC(393)   Post Evacuate Collection Set: 0.3ms
[2023-04-09T16:00:43.014+0800][977.733s] GC(393)   Other: 0.2ms
[2023-04-09T16:00:43.015+0800][977.733s] GC(393) Eden regions: 233->0(234)
[2023-04-09T16:00:43.015+0800][977.733s] GC(393) Survivor regions: 11->11(31)
[2023-04-09T16:00:43.015+0800][977.733s] GC(393) Old regions: 136->136
[2023-04-09T16:00:43.015+0800][977.733s] GC(393) Humongous regions: 66->66
[2023-04-09T16:00:43.015+0800][977.733s] GC(393) Metaspace: 62784K(64840K)->62784K(64840K) NonClass: 55547K(56700K)->55547K(56700K) Class: 7236K(8140K)->7236K(8140K)
[2023-04-09T16:00:43.015+0800][977.733s] GC(393) Pause Young (Normal) (G1 Evacuation Pause) 444M->211M(512M) 1.826ms
[2023-04-09T16:00:43.015+0800][977.733s] GC(393) User=0.01s Sys=0.00s Real=0.00s
[2023-04-09T16:00:43.678+0800][978.397s] GC(394) Pause Young (Normal) (G1 Evacuation Pause)
[2023-04-09T16:00:43.678+0800][978.397s] GC(394) Using 8 workers of 8 for evacuation
[2023-04-09T16:00:43.679+0800][978.398s] GC(394)   Pre Evacuate Collection Set: 0.0ms
[2023-04-09T16:00:43.679+0800][978.398s] GC(394)   Evacuate Collection Set: 0.6ms
[2023-04-09T16:00:43.679+0800][978.398s] GC(394)   Post Evacuate Collection Set: 0.3ms
[2023-04-09T16:00:43.679+0800][978.398s] GC(394)   Other: 0.2ms
[2023-04-09T16:00:43.679+0800][978.398s] GC(394) Eden regions: 234->0(245)
[2023-04-09T16:00:43.679+0800][978.398s] GC(394) Survivor regions: 11->5(31)
[2023-04-09T16:00:43.679+0800][978.398s] GC(394) Old regions: 136->136
[2023-04-09T16:00:43.679+0800][978.398s] GC(394) Humongous regions: 67->58
[2023-04-09T16:00:43.679+0800][978.398s] GC(394) Metaspace: 62785K(64840K)->62785K(64840K) NonClass: 55548K(56700K)->55548K(56700K) Class: 7236K(8140K)->7236K(8140K)
[2023-04-09T16:00:43.679+0800][978.398s] GC(394) Pause Young (Normal) (G1 Evacuation Pause) 446M->197M(512M) 1.264ms
[2023-04-09T16:00:43.679+0800][978.398s] GC(394) User=0.00s Sys=0.00s Real=0.00s
[2023-04-09T16:00:44.199+0800][978.918s] GC(395) Pause Young (Normal) (G1 Evacuation Pause)
[2023-04-09T16:00:44.199+0800][978.918s] GC(395) Using 8 workers of 8 for evacuation
[2023-04-09T16:00:44.202+0800][978.920s] GC(395)   Pre Evacuate Collection Set: 0.0ms
[2023-04-09T16:00:44.202+0800][978.920s] GC(395)   Evacuate Collection Set: 2.2ms
[2023-04-09T16:00:44.202+0800][978.920s] GC(395)   Post Evacuate Collection Set: 0.3ms
[2023-04-09T16:00:44.202+0800][978.920s] GC(395)   Other: 0.2ms
[2023-04-09T16:00:44.202+0800][978.920s] GC(395) Eden regions: 245->0(240)
[2023-04-09T16:00:44.202+0800][978.920s] GC(395) Survivor regions: 5->9(32)
[2023-04-09T16:00:44.202+0800][978.920s] GC(395) Old regions: 136->136
[2023-04-09T16:00:44.202+0800][978.920s] GC(395) Humongous regions: 60->59
[2023-04-09T16:00:44.202+0800][978.921s] GC(395) Metaspace: 62785K(64840K)->62785K(64840K) NonClass: 55548K(56700K)->55548K(56700K) Class: 7236K(8140K)->7236K(8140K)
[2023-04-09T16:00:44.202+0800][978.921s] GC(395) Pause Young (Normal) (G1 Evacuation Pause) 444M->202M(512M) 2.894ms
[2023-04-09T16:00:44.202+0800][978.921s] GC(395) User=0.01s Sys=0.00s Real=0.01s
[2023-04-09T16:00:44.753+0800][979.471s] GC(396) Pause Young (Normal) (G1 Evacuation Pause)
[2023-04-09T16:00:44.753+0800][979.471s] GC(396) Using 8 workers of 8 for evacuation
[2023-04-09T16:00:44.756+0800][979.474s] GC(396)   Pre Evacuate Collection Set: 0.0ms
[2023-04-09T16:00:44.756+0800][979.474s] GC(396)   Evacuate Collection Set: 2.6ms
[2023-04-09T16:00:44.756+0800][979.474s] GC(396)   Post Evacuate Collection Set: 0.4ms
[2023-04-09T16:00:44.756+0800][979.474s] GC(396)   Other: 0.2ms
[2023-04-09T16:00:44.756+0800][979.474s] GC(396) Eden regions: 240->0(234)
[2023-04-09T16:00:44.756+0800][979.474s] GC(396) Survivor regions: 9->10(32)
[2023-04-09T16:00:44.756+0800][979.474s] GC(396) Old regions: 136->136
[2023-04-09T16:00:44.756+0800][979.475s] GC(396) Humongous regions: 73->66
[2023-04-09T16:00:44.756+0800][979.475s] GC(396) Metaspace: 62785K(64840K)->62785K(64840K) NonClass: 55548K(56700K)->55548K(56700K) Class: 7236K(8140K)->7236K(8140K)
[2023-04-09T16:00:44.756+0800][979.475s] GC(396) Pause Young (Normal) (G1 Evacuation Pause) 456M->210M(512M) 3.438ms
[2023-04-09T16:00:44.756+0800][979.475s] GC(396) User=0.01s Sys=0.00s Real=0.00s
[2023-04-09T16:00:45.498+0800][980.216s] GC(397) Pause Young (Normal) (G1 Evacuation Pause)
[2023-04-09T16:00:45.498+0800][980.216s] GC(397) Using 8 workers of 8 for evacuation
[2023-04-09T16:00:45.499+0800][980.218s] GC(397)   Pre Evacuate Collection Set: 0.0ms
[2023-04-09T16:00:45.499+0800][980.218s] GC(397)   Evacuate Collection Set: 1.0ms
[2023-04-09T16:00:45.499+0800][980.218s] GC(397)   Post Evacuate Collection Set: 0.4ms
[2023-04-09T16:00:45.499+0800][980.218s] GC(397)   Other: 0.2ms
[2023-04-09T16:00:45.499+0800][980.218s] GC(397) Eden regions: 234->0(233)
[2023-04-09T16:00:45.499+0800][980.218s] GC(397) Survivor regions: 10->11(31)
[2023-04-09T16:00:45.499+0800][980.218s] GC(397) Old regions: 136->136
[2023-04-09T16:00:45.499+0800][980.218s] GC(397) Humongous regions: 71->66
[2023-04-09T16:00:45.499+0800][980.218s] GC(397) Metaspace: 62785K(64840K)->62785K(64840K) NonClass: 55548K(56700K)->55548K(56700K) Class: 7236K(8140K)->7236K(8140K)
[2023-04-09T16:00:45.500+0800][980.218s] GC(397) Pause Young (Normal) (G1 Evacuation Pause) 449M->211M(512M) 1.758ms
[2023-04-09T16:00:45.500+0800][980.218s] GC(397) User=0.01s Sys=0.00s Real=0.01s
[2023-04-09T16:00:46.104+0800][980.823s] GC(398) Pause Young (Normal) (G1 Evacuation Pause)
[2023-04-09T16:00:46.104+0800][980.823s] GC(398) Using 8 workers of 8 for evacuation
[2023-04-09T16:00:46.106+0800][980.825s] GC(398)   Pre Evacuate Collection Set: 0.0ms
[2023-04-09T16:00:46.106+0800][980.825s] GC(398)   Evacuate Collection Set: 1.7ms
[2023-04-09T16:00:46.106+0800][980.825s] GC(398)   Post Evacuate Collection Set: 0.3ms
[2023-04-09T16:00:46.106+0800][980.825s] GC(398)   Other: 0.2ms
[2023-04-09T16:00:46.106+0800][980.825s] GC(398) Eden regions: 233->0(242)
[2023-04-09T16:00:46.106+0800][980.825s] GC(398) Survivor regions: 11->4(31)
[2023-04-09T16:00:46.106+0800][980.825s] GC(398) Old regions: 136->136
[2023-04-09T16:00:46.106+0800][980.825s] GC(398) Humongous regions: 67->58
[2023-04-09T16:00:46.106+0800][980.825s] GC(398) Metaspace: 62786K(64840K)->62786K(64840K) NonClass: 55549K(56700K)->55549K(56700K) Class: 7236K(8140K)->7236K(8140K)
[2023-04-09T16:00:46.106+0800][980.825s] GC(398) Pause Young (Normal) (G1 Evacuation Pause) 445M->196M(512M) 2.331ms
[2023-04-09T16:00:46.106+0800][980.825s] GC(398) User=0.00s Sys=0.00s Real=0.00s
[2023-04-09T16:00:46.618+0800][981.337s] GC(399) Pause Young (Normal) (G1 Evacuation Pause)
[2023-04-09T16:00:46.618+0800][981.337s] GC(399) Using 8 workers of 8 for evacuation
[2023-04-09T16:00:46.619+0800][981.338s] GC(399)   Pre Evacuate Collection Set: 0.0ms
[2023-04-09T16:00:46.619+0800][981.338s] GC(399)   Evacuate Collection Set: 0.8ms
[2023-04-09T16:00:46.619+0800][981.338s] GC(399)   Post Evacuate Collection Set: 0.3ms
[2023-04-09T16:00:46.619+0800][981.338s] GC(399)   Other: 0.2ms
[2023-04-09T16:00:46.619+0800][981.338s] GC(399) Eden regions: 242->0(240)
[2023-04-09T16:00:46.619+0800][981.338s] GC(399) Survivor regions: 4->8(31)
[2023-04-09T16:00:46.619+0800][981.338s] GC(399) Old regions: 136->136
[2023-04-09T16:00:46.619+0800][981.338s] GC(399) Humongous regions: 60->59
[2023-04-09T16:00:46.619+0800][981.338s] GC(399) Metaspace: 62786K(64840K)->62786K(64840K) NonClass: 55549K(56700K)->55549K(56700K) Class: 7236K(8140K)->7236K(8140K)
[2023-04-09T16:00:46.619+0800][981.338s] GC(399) Pause Young (Normal) (G1 Evacuation Pause) 440M->201M(512M) 1.394ms
[2023-04-09T16:00:46.619+0800][981.338s] GC(399) User=0.01s Sys=0.00s Real=0.00s
[2023-04-09T16:00:47.160+0800][981.879s] GC(400) Pause Young (Normal) (G1 Evacuation Pause)
[2023-04-09T16:00:47.160+0800][981.879s] GC(400) Using 8 workers of 8 for evacuation
[2023-04-09T16:00:47.162+0800][981.880s] GC(400)   Pre Evacuate Collection Set: 0.0ms
[2023-04-09T16:00:47.162+0800][981.880s] GC(400)   Evacuate Collection Set: 0.9ms
[2023-04-09T16:00:47.162+0800][981.880s] GC(400)   Post Evacuate Collection Set: 0.3ms
[2023-04-09T16:00:47.162+0800][981.880s] GC(400)   Other: 0.2ms
[2023-04-09T16:00:47.162+0800][981.880s] GC(400) Eden regions: 240->0(235)
[2023-04-09T16:00:47.162+0800][981.880s] GC(400) Survivor regions: 8->9(31)
[2023-04-09T16:00:47.162+0800][981.880s] GC(400) Old regions: 136->136
[2023-04-09T16:00:47.162+0800][981.880s] GC(400) Humongous regions: 68->66
[2023-04-09T16:00:47.162+0800][981.880s] GC(400) Metaspace: 62786K(64840K)->62786K(64840K) NonClass: 55549K(56700K)->55549K(56700K) Class: 7236K(8140K)->7236K(8140K)
[2023-04-09T16:00:47.162+0800][981.880s] GC(400) Pause Young (Normal) (G1 Evacuation Pause) 450M->209M(512M) 1.509ms
[2023-04-09T16:00:47.162+0800][981.880s] GC(400) User=0.01s Sys=0.00s Real=0.00s
[2023-04-09T16:00:47.825+0800][982.544s] GC(401) Pause Young (Normal) (G1 Evacuation Pause)
[2023-04-09T16:00:47.825+0800][982.544s] GC(401) Using 8 workers of 8 for evacuation
[2023-04-09T16:00:47.829+0800][982.547s] GC(401)   Pre Evacuate Collection Set: 0.0ms
[2023-04-09T16:00:47.829+0800][982.547s] GC(401)   Evacuate Collection Set: 2.6ms
[2023-04-09T16:00:47.829+0800][982.547s] GC(401)   Post Evacuate Collection Set: 0.3ms
[2023-04-09T16:00:47.829+0800][982.547s] GC(401)   Other: 0.3ms
[2023-04-09T16:00:47.829+0800][982.547s] GC(401) Eden regions: 235->0(234)
[2023-04-09T16:00:47.829+0800][982.547s] GC(401) Survivor regions: 9->11(31)
[2023-04-09T16:00:47.829+0800][982.547s] GC(401) Old regions: 136->136
[2023-04-09T16:00:47.829+0800][982.547s] GC(401) Humongous regions: 76->66
[2023-04-09T16:00:47.829+0800][982.547s] GC(401) Metaspace: 62786K(64840K)->62786K(64840K) NonClass: 55549K(56700K)->55549K(56700K) Class: 7236K(8140K)->7236K(8140K)
[2023-04-09T16:00:47.829+0800][982.547s] GC(401) Pause Young (Normal) (G1 Evacuation Pause) 454M->211M(512M) 3.479ms
[2023-04-09T16:00:47.829+0800][982.547s] GC(401) User=0.01s Sys=0.01s Real=0.00s
[2023-04-09T16:00:48.536+0800][983.254s] GC(402) Pause Young (Normal) (G1 Evacuation Pause)
[2023-04-09T16:00:48.536+0800][983.254s] GC(402) Using 8 workers of 8 for evacuation
[2023-04-09T16:00:48.538+0800][983.256s] GC(402)   Pre Evacuate Collection Set: 0.0ms
[2023-04-09T16:00:48.538+0800][983.256s] GC(402)   Evacuate Collection Set: 1.3ms
[2023-04-09T16:00:48.538+0800][983.256s] GC(402)   Post Evacuate Collection Set: 0.3ms
[2023-04-09T16:00:48.538+0800][983.256s] GC(402)   Other: 0.2ms
[2023-04-09T16:00:48.538+0800][983.256s] GC(402) Eden regions: 234->0(245)
[2023-04-09T16:00:48.538+0800][983.256s] GC(402) Survivor regions: 11->2(31)
[2023-04-09T16:00:48.538+0800][983.256s] GC(402) Old regions: 136->136
[2023-04-09T16:00:48.538+0800][983.256s] GC(402) Humongous regions: 66->57
[2023-04-09T16:00:48.538+0800][983.256s] GC(402) Metaspace: 62786K(64840K)->62786K(64840K) NonClass: 55549K(56700K)->55549K(56700K) Class: 7236K(8140K)->7236K(8140K)
[2023-04-09T16:00:48.538+0800][983.256s] GC(402) Pause Young (Normal) (G1 Evacuation Pause) 445M->193M(512M) 2.022ms
[2023-04-09T16:00:48.538+0800][983.256s] GC(402) User=0.01s Sys=0.00s Real=0.00s
[2023-04-09T16:00:49.129+0800][983.847s] GC(403) Pause Young (Normal) (G1 Evacuation Pause)
[2023-04-09T16:00:49.129+0800][983.847s] GC(403) Using 8 workers of 8 for evacuation
[2023-04-09T16:00:49.130+0800][983.849s] GC(403)   Pre Evacuate Collection Set: 0.0ms
[2023-04-09T16:00:49.130+0800][983.849s] GC(403)   Evacuate Collection Set: 0.7ms
[2023-04-09T16:00:49.130+0800][983.849s] GC(403)   Post Evacuate Collection Set: 0.4ms
[2023-04-09T16:00:49.130+0800][983.849s] GC(403)   Other: 0.2ms
[2023-04-09T16:00:49.130+0800][983.849s] GC(403) Eden regions: 245->0(242)
[2023-04-09T16:00:49.130+0800][983.849s] GC(403) Survivor regions: 2->6(31)
[2023-04-09T16:00:49.130+0800][983.849s] GC(403) Old regions: 136->136
[2023-04-09T16:00:49.130+0800][983.849s] GC(403) Humongous regions: 60->59
[2023-04-09T16:00:49.131+0800][983.849s] GC(403) Metaspace: 62786K(64840K)->62786K(64840K) NonClass: 55549K(56700K)->55549K(56700K) Class: 7236K(8140K)->7236K(8140K)
[2023-04-09T16:00:49.131+0800][983.849s] GC(403) Pause Young (Normal) (G1 Evacuation Pause) 441M->200M(512M) 1.623ms
[2023-04-09T16:00:49.131+0800][983.849s] GC(403) User=0.01s Sys=0.00s Real=0.01s
[2023-04-09T16:00:49.781+0800][984.499s] GC(404) Pause Young (Normal) (G1 Evacuation Pause)
[2023-04-09T16:00:49.781+0800][984.499s] GC(404) Using 8 workers of 8 for evacuation
[2023-04-09T16:00:49.790+0800][984.509s] GC(404)   Pre Evacuate Collection Set: 0.0ms
[2023-04-09T16:00:49.790+0800][984.509s] GC(404)   Evacuate Collection Set: 8.5ms
[2023-04-09T16:00:49.790+0800][984.509s] GC(404)   Post Evacuate Collection Set: 0.6ms
[2023-04-09T16:00:49.790+0800][984.509s] GC(404)   Other: 0.3ms
[2023-04-09T16:00:49.790+0800][984.509s] GC(404) Eden regions: 242->0(237)
[2023-04-09T16:00:49.790+0800][984.509s] GC(404) Survivor regions: 6->11(31)
[2023-04-09T16:00:49.791+0800][984.509s] GC(404) Old regions: 136->136
[2023-04-09T16:00:49.791+0800][984.509s] GC(404) Humongous regions: 60->60
[2023-04-09T16:00:49.791+0800][984.509s] GC(404) Metaspace: 62786K(64840K)->62786K(64840K) NonClass: 55549K(56700K)->55549K(56700K) Class: 7236K(8140K)->7236K(8140K)
[2023-04-09T16:00:49.791+0800][984.509s] GC(404) Pause Young (Normal) (G1 Evacuation Pause) 443M->205M(512M) 9.899ms
[2023-04-09T16:00:49.791+0800][984.509s] GC(404) User=0.01s Sys=0.00s Real=0.01s
[2023-04-09T16:00:50.643+0800][985.361s] GC(405) Pause Young (Normal) (G1 Evacuation Pause)
[2023-04-09T16:00:50.643+0800][985.361s] GC(405) Using 8 workers of 8 for evacuation
[2023-04-09T16:00:50.645+0800][985.363s] GC(405)   Pre Evacuate Collection Set: 0.0ms
[2023-04-09T16:00:50.645+0800][985.363s] GC(405)   Evacuate Collection Set: 1.8ms
[2023-04-09T16:00:50.645+0800][985.363s] GC(405)   Post Evacuate Collection Set: 0.3ms
[2023-04-09T16:00:50.645+0800][985.363s] GC(405)   Other: 0.2ms
[2023-04-09T16:00:50.645+0800][985.363s] GC(405) Eden regions: 237->0(234)
[2023-04-09T16:00:50.645+0800][985.363s] GC(405) Survivor regions: 11->10(31)
[2023-04-09T16:00:50.645+0800][985.363s] GC(405) Old regions: 136->136
[2023-04-09T16:00:50.645+0800][985.363s] GC(405) Humongous regions: 78->66
[2023-04-09T16:00:50.645+0800][985.363s] GC(405) Metaspace: 62786K(64840K)->62786K(64840K) NonClass: 55549K(56700K)->55549K(56700K) Class: 7236K(8140K)->7236K(8140K)
[2023-04-09T16:00:50.645+0800][985.364s] GC(405) Pause Young (Normal) (G1 Evacuation Pause) 460M->210M(512M) 2.480ms
[2023-04-09T16:00:50.645+0800][985.364s] GC(405) User=0.01s Sys=0.00s Real=0.00s
[2023-04-09T16:00:51.428+0800][986.146s] GC(406) Pause Young (Normal) (G1 Evacuation Pause)
[2023-04-09T16:00:51.428+0800][986.146s] GC(406) Using 8 workers of 8 for evacuation
[2023-04-09T16:00:51.429+0800][986.147s] GC(406)   Pre Evacuate Collection Set: 0.0ms
[2023-04-09T16:00:51.429+0800][986.147s] GC(406)   Evacuate Collection Set: 0.4ms
[2023-04-09T16:00:51.429+0800][986.147s] GC(406)   Post Evacuate Collection Set: 0.3ms
[2023-04-09T16:00:51.429+0800][986.147s] GC(406)   Other: 0.2ms
[2023-04-09T16:00:51.429+0800][986.147s] GC(406) Eden regions: 234->0(245)
[2023-04-09T16:00:51.429+0800][986.147s] GC(406) Survivor regions: 10->1(31)
[2023-04-09T16:00:51.429+0800][986.147s] GC(406) Old regions: 136->136
[2023-04-09T16:00:51.429+0800][986.147s] GC(406) Humongous regions: 66->57
[2023-04-09T16:00:51.429+0800][986.147s] GC(406) Metaspace: 62787K(64840K)->62787K(64840K) NonClass: 55550K(56700K)->55550K(56700K) Class: 7236K(8140K)->7236K(8140K)
[2023-04-09T16:00:51.429+0800][986.147s] GC(406) Pause Young (Normal) (G1 Evacuation Pause) 444M->192M(512M) 0.953ms
[2023-04-09T16:00:51.429+0800][986.147s] GC(406) User=0.00s Sys=0.00s Real=0.00s
[2023-04-09T16:00:52.140+0800][986.859s] GC(407) Pause Young (Normal) (G1 Evacuation Pause)
[2023-04-09T16:00:52.140+0800][986.859s] GC(407) Using 8 workers of 8 for evacuation
[2023-04-09T16:00:52.152+0800][986.871s] GC(407)   Pre Evacuate Collection Set: 0.0ms
[2023-04-09T16:00:52.152+0800][986.871s] GC(407)   Evacuate Collection Set: 11.4ms
[2023-04-09T16:00:52.153+0800][986.871s] GC(407)   Post Evacuate Collection Set: 0.6ms
[2023-04-09T16:00:52.153+0800][986.871s] GC(407)   Other: 0.2ms
[2023-04-09T16:00:52.153+0800][986.871s] GC(407) Eden regions: 245->0(242)
[2023-04-09T16:00:52.153+0800][986.871s] GC(407) Survivor regions: 1->7(31)
[2023-04-09T16:00:52.153+0800][986.871s] GC(407) Old regions: 136->136
[2023-04-09T16:00:52.153+0800][986.871s] GC(407) Humongous regions: 58->58
[2023-04-09T16:00:52.153+0800][986.871s] GC(407) Metaspace: 62787K(64840K)->62787K(64840K) NonClass: 55550K(56700K)->55550K(56700K) Class: 7236K(8140K)->7236K(8140K)
[2023-04-09T16:00:52.153+0800][986.871s] GC(407) Pause Young (Normal) (G1 Evacuation Pause) 438M->199M(512M) 12.369ms
[2023-04-09T16:00:52.153+0800][986.871s] GC(407) User=0.02s Sys=0.00s Real=0.01s
[2023-04-09T16:00:53.079+0800][987.798s] GC(408) Pause Young (Normal) (G1 Evacuation Pause)
[2023-04-09T16:00:53.079+0800][987.798s] GC(408) Using 8 workers of 8 for evacuation
[2023-04-09T16:00:53.081+0800][987.799s] GC(408)   Pre Evacuate Collection Set: 0.0ms
[2023-04-09T16:00:53.081+0800][987.799s] GC(408)   Evacuate Collection Set: 1.2ms
[2023-04-09T16:00:53.081+0800][987.799s] GC(408)   Post Evacuate Collection Set: 0.3ms
[2023-04-09T16:00:53.081+0800][987.799s] GC(408)   Other: 0.2ms
[2023-04-09T16:00:53.081+0800][987.799s] GC(408) Eden regions: 242->0(237)
[2023-04-09T16:00:53.081+0800][987.799s] GC(408) Survivor regions: 7->11(32)
[2023-04-09T16:00:53.081+0800][987.799s] GC(408) Old regions: 136->136
[2023-04-09T16:00:53.081+0800][987.799s] GC(408) Humongous regions: 61->60
[2023-04-09T16:00:53.081+0800][987.800s] GC(408) Metaspace: 62787K(64840K)->62787K(64840K) NonClass: 55550K(56700K)->55550K(56700K) Class: 7236K(8140K)->7236K(8140K)
[2023-04-09T16:00:53.081+0800][987.800s] GC(408) Pause Young (Normal) (G1 Evacuation Pause) 444M->206M(512M) 1.873ms
[2023-04-09T16:00:53.081+0800][987.800s] GC(408) User=0.01s Sys=0.00s Real=0.01s
[2023-04-09T16:00:53.946+0800][988.664s] GC(409) Pause Young (Normal) (G1 Evacuation Pause)
[2023-04-09T16:00:53.946+0800][988.664s] GC(409) Using 8 workers of 8 for evacuation
[2023-04-09T16:00:53.948+0800][988.666s] GC(409)   Pre Evacuate Collection Set: 0.0ms
[2023-04-09T16:00:53.948+0800][988.667s] GC(409)   Evacuate Collection Set: 2.0ms
[2023-04-09T16:00:53.948+0800][988.667s] GC(409)   Post Evacuate Collection Set: 0.3ms
[2023-04-09T16:00:53.948+0800][988.667s] GC(409)   Other: 0.2ms
[2023-04-09T16:00:53.948+0800][988.667s] GC(409) Eden regions: 237->0(232)
[2023-04-09T16:00:53.948+0800][988.667s] GC(409) Survivor regions: 11->11(31)
[2023-04-09T16:00:53.948+0800][988.667s] GC(409) Old regions: 136->136
[2023-04-09T16:00:53.948+0800][988.667s] GC(409) Humongous regions: 78->66
[2023-04-09T16:00:53.948+0800][988.667s] GC(409) Metaspace: 62787K(64840K)->62787K(64840K) NonClass: 55550K(56700K)->55550K(56700K) Class: 7236K(8140K)->7236K(8140K)
[2023-04-09T16:00:53.948+0800][988.667s] GC(409) Pause Young (Normal) (G1 Evacuation Pause) 461M->211M(512M) 2.867ms
[2023-04-09T16:00:53.948+0800][988.667s] GC(409) User=0.01s Sys=0.00s Real=0.00s
[2023-04-09T16:00:55.594+0800][990.312s] GC(410) Pause Young (Normal) (G1 Evacuation Pause)
[2023-04-09T16:00:55.595+0800][990.313s] GC(410) Using 8 workers of 8 for evacuation
[2023-04-09T16:00:55.609+0800][990.328s] GC(410)   Pre Evacuate Collection Set: 0.0ms
[2023-04-09T16:00:55.609+0800][990.328s] GC(410)   Evacuate Collection Set: 13.5ms
[2023-04-09T16:00:55.609+0800][990.328s] GC(410)   Post Evacuate Collection Set: 0.7ms
[2023-04-09T16:00:55.609+0800][990.328s] GC(410)   Other: 1.2ms
[2023-04-09T16:00:55.609+0800][990.328s] GC(410) Eden regions: 232->0(233)
[2023-04-09T16:00:55.609+0800][990.328s] GC(410) Survivor regions: 11->11(31)
[2023-04-09T16:00:55.609+0800][990.328s] GC(410) Old regions: 136->136
[2023-04-09T16:00:55.610+0800][990.328s] GC(410) Humongous regions: 66->66
[2023-04-09T16:00:55.610+0800][990.328s] GC(410) Metaspace: 62788K(64840K)->62788K(64840K) NonClass: 55551K(56700K)->55551K(56700K) Class: 7236K(8140K)->7236K(8140K)
[2023-04-09T16:00:55.610+0800][990.328s] GC(410) Pause Young (Normal) (G1 Evacuation Pause) 443M->211M(512M) 15.748ms
[2023-04-09T16:00:55.610+0800][990.328s] GC(410) User=0.01s Sys=0.00s Real=0.02s
[2023-04-09T16:00:56.525+0800][991.243s] GC(411) Pause Young (Normal) (G1 Evacuation Pause)
[2023-04-09T16:00:56.525+0800][991.243s] GC(411) Using 8 workers of 8 for evacuation
[2023-04-09T16:00:56.527+0800][991.246s] GC(411)   Pre Evacuate Collection Set: 0.0ms
[2023-04-09T16:00:56.527+0800][991.246s] GC(411)   Evacuate Collection Set: 2.1ms
[2023-04-09T16:00:56.527+0800][991.246s] GC(411)   Post Evacuate Collection Set: 0.3ms
[2023-04-09T16:00:56.527+0800][991.246s] GC(411)   Other: 0.2ms
[2023-04-09T16:00:56.527+0800][991.246s] GC(411) Eden regions: 233->0(242)
[2023-04-09T16:00:56.527+0800][991.246s] GC(411) Survivor regions: 11->4(31)
[2023-04-09T16:00:56.527+0800][991.246s] GC(411) Old regions: 136->136
[2023-04-09T16:00:56.528+0800][991.246s] GC(411) Humongous regions: 67->58
[2023-04-09T16:00:56.528+0800][991.246s] GC(411) Metaspace: 62788K(64840K)->62788K(64840K) NonClass: 55551K(56700K)->55551K(56700K) Class: 7236K(8140K)->7236K(8140K)
[2023-04-09T16:00:56.528+0800][991.246s] GC(411) Pause Young (Normal) (G1 Evacuation Pause) 445M->196M(512M) 2.831ms
[2023-04-09T16:00:56.528+0800][991.246s] GC(411) User=0.01s Sys=0.00s Real=0.00s
[2023-04-09T16:00:57.502+0800][992.220s] GC(412) Pause Young (Normal) (G1 Evacuation Pause)
[2023-04-09T16:00:57.502+0800][992.220s] GC(412) Using 8 workers of 8 for evacuation
[2023-04-09T16:00:57.505+0800][992.223s] GC(412)   Pre Evacuate Collection Set: 0.0ms
[2023-04-09T16:00:57.505+0800][992.223s] GC(412)   Evacuate Collection Set: 2.3ms
[2023-04-09T16:00:57.505+0800][992.224s] GC(412)   Post Evacuate Collection Set: 0.3ms
[2023-04-09T16:00:57.505+0800][992.224s] GC(412)   Other: 0.2ms
[2023-04-09T16:00:57.505+0800][992.224s] GC(412) Eden regions: 242->0(238)
[2023-04-09T16:00:57.505+0800][992.224s] GC(412) Survivor regions: 4->10(31)
[2023-04-09T16:00:57.505+0800][992.224s] GC(412) Old regions: 136->136
[2023-04-09T16:00:57.505+0800][992.224s] GC(412) Humongous regions: 60->59
[2023-04-09T16:00:57.505+0800][992.224s] GC(412) Metaspace: 62788K(64840K)->62788K(64840K) NonClass: 55551K(56700K)->55551K(56700K) Class: 7236K(8140K)->7236K(8140K)
[2023-04-09T16:00:57.505+0800][992.224s] GC(412) Pause Young (Normal) (G1 Evacuation Pause) 440M->203M(512M) 3.234ms
[2023-04-09T16:00:57.505+0800][992.224s] GC(412) User=0.01s Sys=0.00s Real=0.00s
[2023-04-09T16:00:58.344+0800][993.062s] GC(413) Pause Young (Normal) (G1 Evacuation Pause)
[2023-04-09T16:00:58.344+0800][993.062s] GC(413) Using 8 workers of 8 for evacuation
[2023-04-09T16:00:58.346+0800][993.064s] GC(413)   Pre Evacuate Collection Set: 0.0ms
[2023-04-09T16:00:58.346+0800][993.065s] GC(413)   Evacuate Collection Set: 2.1ms
[2023-04-09T16:00:58.346+0800][993.065s] GC(413)   Post Evacuate Collection Set: 0.3ms
[2023-04-09T16:00:58.346+0800][993.065s] GC(413)   Other: 0.2ms
[2023-04-09T16:00:58.346+0800][993.065s] GC(413) Eden regions: 238->0(233)
[2023-04-09T16:00:58.346+0800][993.065s] GC(413) Survivor regions: 10->10(31)
[2023-04-09T16:00:58.346+0800][993.065s] GC(413) Old regions: 136->136
[2023-04-09T16:00:58.346+0800][993.065s] GC(413) Humongous regions: 73->66
[2023-04-09T16:00:58.346+0800][993.065s] GC(413) Metaspace: 62788K(64840K)->62788K(64840K) NonClass: 55551K(56700K)->55551K(56700K) Class: 7236K(8140K)->7236K(8140K)
[2023-04-09T16:00:58.346+0800][993.065s] GC(413) Pause Young (Normal) (G1 Evacuation Pause) 455M->210M(512M) 2.771ms
[2023-04-09T16:00:58.346+0800][993.065s] GC(413) User=0.02s Sys=0.00s Real=0.00s
[2023-04-09T16:00:59.264+0800][993.982s] GC(414) Pause Young (Normal) (G1 Evacuation Pause)
[2023-04-09T16:00:59.264+0800][993.982s] GC(414) Using 8 workers of 8 for evacuation
[2023-04-09T16:00:59.269+0800][993.987s] GC(414)   Pre Evacuate Collection Set: 0.0ms
[2023-04-09T16:00:59.269+0800][993.988s] GC(414)   Evacuate Collection Set: 4.8ms
[2023-04-09T16:00:59.269+0800][993.988s] GC(414)   Post Evacuate Collection Set: 0.4ms
[2023-04-09T16:00:59.269+0800][993.988s] GC(414)   Other: 0.2ms
[2023-04-09T16:00:59.269+0800][993.988s] GC(414) Eden regions: 233->0(233)
[2023-04-09T16:00:59.269+0800][993.988s] GC(414) Survivor regions: 10->10(31)
[2023-04-09T16:00:59.269+0800][993.988s] GC(414) Old regions: 136->136
[2023-04-09T16:00:59.269+0800][993.988s] GC(414) Humongous regions: 71->66
[2023-04-09T16:00:59.269+0800][993.988s] GC(414) Metaspace: 62788K(64840K)->62788K(64840K) NonClass: 55551K(56700K)->55551K(56700K) Class: 7236K(8140K)->7236K(8140K)
[2023-04-09T16:00:59.269+0800][993.988s] GC(414) Pause Young (Normal) (G1 Evacuation Pause) 448M->211M(512M) 5.744ms
[2023-04-09T16:00:59.269+0800][993.988s] GC(414) User=0.01s Sys=0.00s Real=0.00s
[2023-04-09T16:01:00.297+0800][995.015s] GC(415) Pause Young (Normal) (G1 Evacuation Pause)
[2023-04-09T16:01:00.297+0800][995.015s] GC(415) Using 8 workers of 8 for evacuation
[2023-04-09T16:01:00.298+0800][995.016s] GC(415)   Pre Evacuate Collection Set: 0.0ms
[2023-04-09T16:01:00.298+0800][995.016s] GC(415)   Evacuate Collection Set: 0.5ms
[2023-04-09T16:01:00.298+0800][995.016s] GC(415)   Post Evacuate Collection Set: 0.3ms
[2023-04-09T16:01:00.298+0800][995.016s] GC(415)   Other: 0.2ms
[2023-04-09T16:01:00.298+0800][995.016s] GC(415) Eden regions: 233->0(243)
[2023-04-09T16:01:00.298+0800][995.016s] GC(415) Survivor regions: 10->4(31)
[2023-04-09T16:01:00.298+0800][995.016s] GC(415) Old regions: 136->136
[2023-04-09T16:01:00.298+0800][995.016s] GC(415) Humongous regions: 66->57
[2023-04-09T16:01:00.298+0800][995.016s] GC(415) Metaspace: 62788K(64840K)->62788K(64840K) NonClass: 55551K(56700K)->55551K(56700K) Class: 7236K(8140K)->7236K(8140K)
[2023-04-09T16:01:00.298+0800][995.016s] GC(415) Pause Young (Normal) (G1 Evacuation Pause) 444M->195M(512M) 1.167ms
[2023-04-09T16:01:00.298+0800][995.016s] GC(415) User=0.00s Sys=0.00s Real=0.00s
