[2023-04-01T11:07:10.536+0800][0.014s] Heap region size: 1M
[2023-04-01T11:07:10.891+0800][0.369s] Using G1
[2023-04-01T11:07:10.891+0800][0.369s] Heap address: 0x00000007e0000000, size: 512 MB, Compressed Oops mode: Zero based, Oop shift amount: 3
[2023-04-01T11:07:12.112+0800][1.590s] GC(0) Pause Young (Normal) (G1 Evacuation Pause)
[2023-04-01T11:07:12.113+0800][1.591s] GC(0) Using 8 workers of 8 for evacuation
[2023-04-01T11:07:12.120+0800][1.598s] GC(0)   Pre Evacuate Collection Set: 0.0ms
[2023-04-01T11:07:12.120+0800][1.598s] GC(0)   Evacuate Collection Set: 6.2ms
[2023-04-01T11:07:12.120+0800][1.598s] GC(0)   Post Evacuate Collection Set: 0.9ms
[2023-04-01T11:07:12.120+0800][1.598s] GC(0)   Other: 1.8ms
[2023-04-01T11:07:12.120+0800][1.598s] GC(0) Eden regions: 30->0(303)
[2023-04-01T11:07:12.120+0800][1.598s] GC(0) Survivor regions: 0->4(4)
[2023-04-01T11:07:12.120+0800][1.598s] GC(0) Old regions: 0->0
[2023-04-01T11:07:12.120+0800][1.598s] GC(0) Humongous regions: 0->0
[2023-04-01T11:07:12.120+0800][1.598s] GC(0) Metaspace: 14748K(15360K)->14748K(15360K) NonClass: 13197K(13568K)->13197K(13568K) Class: 1550K(1792K)->1550K(1792K)
[2023-04-01T11:07:12.120+0800][1.598s] GC(0) Pause Young (Normal) (G1 Evacuation Pause) 30M->3M(512M) 7.997ms
[2023-04-01T11:07:12.120+0800][1.598s] GC(0) User=0.05s Sys=0.01s Real=0.01s
[2023-04-01T11:07:12.764+0800][2.242s] GC(1) Pause Young (Concurrent Start) (Metadata GC Threshold)
[2023-04-01T11:07:12.764+0800][2.242s] GC(1) Using 8 workers of 8 for evacuation
[2023-04-01T11:07:12.778+0800][2.256s] GC(1)   Pre Evacuate Collection Set: 0.0ms
[2023-04-01T11:07:12.778+0800][2.256s] GC(1)   Evacuate Collection Set: 12.9ms
[2023-04-01T11:07:12.778+0800][2.256s] GC(1)   Post Evacuate Collection Set: 1.2ms
[2023-04-01T11:07:12.778+0800][2.256s] GC(1)   Other: 0.4ms
[2023-04-01T11:07:12.778+0800][2.256s] GC(1) Eden regions: 22->0(62)
[2023-04-01T11:07:12.778+0800][2.256s] GC(1) Survivor regions: 4->12(39)
[2023-04-01T11:07:12.778+0800][2.256s] GC(1) Old regions: 0->0
[2023-04-01T11:07:12.778+0800][2.256s] GC(1) Humongous regions: 4->4
[2023-04-01T11:07:12.778+0800][2.256s] GC(1) Metaspace: 20619K(21296K)->20619K(21296K) NonClass: 18373K(18864K)->18373K(18864K) Class: 2246K(2432K)->2246K(2432K)
[2023-04-01T11:07:12.778+0800][2.256s] GC(1) Pause Young (Concurrent Start) (Metadata GC Threshold) 29M->15M(512M) 14.682ms
[2023-04-01T11:07:12.778+0800][2.256s] GC(1) User=0.09s Sys=0.00s Real=0.01s
[2023-04-01T11:07:12.778+0800][2.256s] GC(2) Concurrent Cycle
[2023-04-01T11:07:12.779+0800][2.256s] GC(2) Concurrent Clear Claimed Marks
[2023-04-01T11:07:12.779+0800][2.257s] GC(2) Concurrent Clear Claimed Marks 0.028ms
[2023-04-01T11:07:12.779+0800][2.257s] GC(2) Concurrent Scan Root Regions
[2023-04-01T11:07:12.783+0800][2.261s] GC(2) Concurrent Scan Root Regions 4.399ms
[2023-04-01T11:07:12.783+0800][2.261s] GC(2) Concurrent Mark (2.261s)
[2023-04-01T11:07:12.783+0800][2.261s] GC(2) Concurrent Mark From Roots
[2023-04-01T11:07:12.783+0800][2.261s] GC(2) Using 2 workers of 2 for marking
[2023-04-01T11:07:12.785+0800][2.262s] GC(2) Concurrent Mark From Roots 1.472ms
[2023-04-01T11:07:12.785+0800][2.262s] GC(2) Concurrent Preclean
[2023-04-01T11:07:12.785+0800][2.263s] GC(2) Concurrent Preclean 0.042ms
[2023-04-01T11:07:12.785+0800][2.263s] GC(2) Concurrent Mark (2.261s, 2.263s) 1.588ms
[2023-04-01T11:07:12.785+0800][2.263s] GC(2) Pause Remark
[2023-04-01T11:07:12.787+0800][2.265s] GC(2) Cleaned string and symbol table, strings: 10305 processed, 0 removed, symbols: 67949 processed, 17 removed
[2023-04-01T11:07:12.787+0800][2.265s] GC(2) Pause Remark 16M->16M(512M) 2.227ms
[2023-04-01T11:07:12.787+0800][2.265s] GC(2) User=0.01s Sys=0.00s Real=0.00s
[2023-04-01T11:07:12.787+0800][2.265s] GC(2) Concurrent Rebuild Remembered Sets
[2023-04-01T11:07:12.791+0800][2.269s] GC(2) Concurrent Rebuild Remembered Sets 3.796ms
[2023-04-01T11:07:12.791+0800][2.269s] GC(2) Pause Cleanup
[2023-04-01T11:07:12.791+0800][2.269s] GC(2) Pause Cleanup 16M->16M(512M) 0.136ms
[2023-04-01T11:07:12.791+0800][2.269s] GC(2) User=0.00s Sys=0.00s Real=0.00s
[2023-04-01T11:07:12.791+0800][2.269s] GC(2) Concurrent Cleanup for Next Mark
[2023-04-01T11:07:12.792+0800][2.270s] GC(2) Concurrent Cleanup for Next Mark 0.935ms
[2023-04-01T11:07:12.792+0800][2.270s] GC(2) Concurrent Cycle 13.843ms
[2023-04-01T11:07:13.452+0800][2.930s] GC(3) Pause Young (Normal) (G1 Evacuation Pause)
[2023-04-01T11:07:13.452+0800][2.930s] GC(3) Using 8 workers of 8 for evacuation
[2023-04-01T11:07:13.477+0800][2.955s] GC(3)   Pre Evacuate Collection Set: 0.0ms
[2023-04-01T11:07:13.477+0800][2.955s] GC(3)   Evacuate Collection Set: 23.6ms
[2023-04-01T11:07:13.477+0800][2.955s] GC(3)   Post Evacuate Collection Set: 1.2ms
[2023-04-01T11:07:13.477+0800][2.955s] GC(3)   Other: 0.2ms
[2023-04-01T11:07:13.477+0800][2.955s] GC(3) Eden regions: 39->0(63)
[2023-04-01T11:07:13.477+0800][2.955s] GC(3) Survivor regions: 12->5(7)
[2023-04-01T11:07:13.477+0800][2.955s] GC(3) Old regions: 0->12
[2023-04-01T11:07:13.477+0800][2.955s] GC(3) Humongous regions: 4->4
[2023-04-01T11:07:13.477+0800][2.955s] GC(3) Metaspace: 25065K(26032K)->25065K(26032K) NonClass: 22338K(22960K)->22338K(22960K) Class: 2727K(3072K)->2727K(3072K)
[2023-04-01T11:07:13.477+0800][2.955s] GC(3) Pause Young (Normal) (G1 Evacuation Pause) 54M->20M(512M) 25.133ms
[2023-04-01T11:07:13.477+0800][2.955s] GC(3) User=0.11s Sys=0.03s Real=0.02s
[2023-04-01T11:07:14.123+0800][3.600s] GC(4) Pause Young (Normal) (G1 Evacuation Pause)
[2023-04-01T11:07:14.123+0800][3.601s] GC(4) Using 8 workers of 8 for evacuation
[2023-04-01T11:07:14.128+0800][3.606s] GC(4)   Pre Evacuate Collection Set: 0.0ms
[2023-04-01T11:07:14.128+0800][3.606s] GC(4)   Evacuate Collection Set: 3.1ms
[2023-04-01T11:07:14.128+0800][3.606s] GC(4)   Post Evacuate Collection Set: 1.8ms
[2023-04-01T11:07:14.128+0800][3.606s] GC(4)   Other: 0.2ms
[2023-04-01T11:07:14.128+0800][3.606s] GC(4) Eden regions: 63->0(299)
[2023-04-01T11:07:14.128+0800][3.606s] GC(4) Survivor regions: 5->8(9)
[2023-04-01T11:07:14.128+0800][3.606s] GC(4) Old regions: 12->12
[2023-04-01T11:07:14.128+0800][3.606s] GC(4) Humongous regions: 5->4
[2023-04-01T11:07:14.128+0800][3.606s] GC(4) Metaspace: 28950K(29872K)->28950K(29872K) NonClass: 25775K(26288K)->25775K(26288K) Class: 3175K(3584K)->3175K(3584K)
[2023-04-01T11:07:14.128+0800][3.606s] GC(4) Pause Young (Normal) (G1 Evacuation Pause) 84M->23M(512M) 5.234ms
[2023-04-01T11:07:14.128+0800][3.606s] GC(4) User=0.03s Sys=0.00s Real=0.00s
[2023-04-01T11:07:15.106+0800][4.584s] GC(5) Pause Young (Concurrent Start) (Metadata GC Threshold)
[2023-04-01T11:07:15.106+0800][4.584s] GC(5) Using 8 workers of 8 for evacuation
[2023-04-01T11:07:15.110+0800][4.588s] GC(5)   Pre Evacuate Collection Set: 0.0ms
[2023-04-01T11:07:15.111+0800][4.588s] GC(5)   Evacuate Collection Set: 2.9ms
[2023-04-01T11:07:15.111+0800][4.588s] GC(5)   Post Evacuate Collection Set: 1.2ms
[2023-04-01T11:07:15.111+0800][4.588s] GC(5)   Other: 0.2ms
[2023-04-01T11:07:15.111+0800][4.588s] GC(5) Eden regions: 75->0(157)
[2023-04-01T11:07:15.111+0800][4.588s] GC(5) Survivor regions: 8->9(39)
[2023-04-01T11:07:15.111+0800][4.588s] GC(5) Old regions: 12->12
[2023-04-01T11:07:15.111+0800][4.588s] GC(5) Humongous regions: 4->4
[2023-04-01T11:07:15.111+0800][4.588s] GC(5) Metaspace: 34645K(35632K)->34645K(35632K) NonClass: 30776K(31408K)->30776K(31408K) Class: 3869K(4224K)->3869K(4224K)
[2023-04-01T11:07:15.111+0800][4.589s] GC(5) Pause Young (Concurrent Start) (Metadata GC Threshold) 98M->24M(512M) 4.520ms
[2023-04-01T11:07:15.111+0800][4.589s] GC(5) User=0.03s Sys=0.00s Real=0.01s
[2023-04-01T11:07:15.111+0800][4.589s] GC(6) Concurrent Cycle
[2023-04-01T11:07:15.111+0800][4.589s] GC(6) Concurrent Clear Claimed Marks
[2023-04-01T11:07:15.111+0800][4.589s] GC(6) Concurrent Clear Claimed Marks 0.037ms
[2023-04-01T11:07:15.111+0800][4.589s] GC(6) Concurrent Scan Root Regions
[2023-04-01T11:07:15.113+0800][4.591s] GC(6) Concurrent Scan Root Regions 1.939ms
[2023-04-01T11:07:15.113+0800][4.591s] GC(6) Concurrent Mark (4.591s)
[2023-04-01T11:07:15.113+0800][4.591s] GC(6) Concurrent Mark From Roots
[2023-04-01T11:07:15.113+0800][4.591s] GC(6) Using 2 workers of 2 for marking
[2023-04-01T11:07:15.129+0800][4.607s] GC(6) Concurrent Mark From Roots 16.679ms
[2023-04-01T11:07:15.130+0800][4.607s] GC(6) Concurrent Preclean
[2023-04-01T11:07:15.130+0800][4.607s] GC(6) Concurrent Preclean 0.073ms
[2023-04-01T11:07:15.130+0800][4.608s] GC(6) Concurrent Mark (4.591s, 4.608s) 16.827ms
[2023-04-01T11:07:15.130+0800][4.608s] GC(6) Pause Remark
[2023-04-01T11:07:15.134+0800][4.612s] GC(6) Cleaned string and symbol table, strings: 16286 processed, 20 removed, symbols: 114256 processed, 29 removed
[2023-04-01T11:07:15.134+0800][4.612s] GC(6) Pause Remark 25M->25M(512M) 4.105ms
[2023-04-01T11:07:15.134+0800][4.612s] GC(6) User=0.02s Sys=0.00s Real=0.00s
[2023-04-01T11:07:15.134+0800][4.612s] GC(6) Concurrent Rebuild Remembered Sets
[2023-04-01T11:07:15.144+0800][4.622s] GC(6) Concurrent Rebuild Remembered Sets 10.086ms
[2023-04-01T11:07:15.144+0800][4.622s] GC(6) Pause Cleanup
[2023-04-01T11:07:15.144+0800][4.622s] GC(6) Pause Cleanup 26M->26M(512M) 0.148ms
[2023-04-01T11:07:15.144+0800][4.622s] GC(6) User=0.00s Sys=0.00s Real=0.00s
[2023-04-01T11:07:15.145+0800][4.622s] GC(6) Concurrent Cleanup for Next Mark
[2023-04-01T11:07:15.145+0800][4.623s] GC(6) Concurrent Cleanup for Next Mark 0.956ms
[2023-04-01T11:07:15.146+0800][4.623s] GC(6) Concurrent Cycle 34.777ms
[2023-04-01T11:07:16.566+0800][6.044s] GC(7) Pause Young (Normal) (G1 Evacuation Pause)
[2023-04-01T11:07:16.566+0800][6.044s] GC(7) Using 8 workers of 8 for evacuation
[2023-04-01T11:07:16.576+0800][6.054s] GC(7)   Pre Evacuate Collection Set: 0.0ms
[2023-04-01T11:07:16.579+0800][6.057s] GC(7)   Evacuate Collection Set: 8.3ms
[2023-04-01T11:07:16.579+0800][6.057s] GC(7)   Post Evacuate Collection Set: 0.9ms
[2023-04-01T11:07:16.579+0800][6.057s] GC(7)   Other: 0.6ms
[2023-04-01T11:07:16.579+0800][6.057s] GC(7) Eden regions: 164->0(242)
[2023-04-01T11:07:16.579+0800][6.057s] GC(7) Survivor regions: 9->15(22)
[2023-04-01T11:07:16.579+0800][6.057s] GC(7) Old regions: 12->12
[2023-04-01T11:07:16.579+0800][6.057s] GC(7) Humongous regions: 4->4
[2023-04-01T11:07:16.579+0800][6.057s] GC(7) Metaspace: 47446K(49072K)->47446K(49072K) NonClass: 41846K(42928K)->41846K(42928K) Class: 5600K(6144K)->5600K(6144K)
[2023-04-01T11:07:16.579+0800][6.057s] GC(7) Pause Young (Normal) (G1 Evacuation Pause) 188M->30M(512M) 13.059ms
[2023-04-01T11:07:16.579+0800][6.057s] GC(7) User=0.06s Sys=0.00s Real=0.01s
[2023-04-01T11:07:24.914+0800][14.392s] GC(8) Pause Young (Normal) (GCLocker Initiated GC)
[2023-04-01T11:07:24.914+0800][14.392s] GC(8) Using 8 workers of 8 for evacuation
[2023-04-01T11:07:24.955+0800][14.433s] GC(8)   Pre Evacuate Collection Set: 0.0ms
[2023-04-01T11:07:24.955+0800][14.433s] GC(8)   Evacuate Collection Set: 39.2ms
[2023-04-01T11:07:24.955+0800][14.433s] GC(8)   Post Evacuate Collection Set: 1.5ms
[2023-04-01T11:07:24.955+0800][14.433s] GC(8)   Other: 0.4ms
[2023-04-01T11:07:24.955+0800][14.433s] GC(8) Eden regions: 243->0(275)
[2023-04-01T11:07:24.955+0800][14.433s] GC(8) Survivor regions: 15->32(33)
[2023-04-01T11:07:24.955+0800][14.433s] GC(8) Old regions: 12->12
[2023-04-01T11:07:24.955+0800][14.433s] GC(8) Humongous regions: 4->4
[2023-04-01T11:07:24.955+0800][14.433s] GC(8) Metaspace: 56412K(58416K)->56412K(58416K) NonClass: 49661K(50864K)->49661K(50864K) Class: 6750K(7552K)->6750K(7552K)
[2023-04-01T11:07:24.955+0800][14.433s] GC(8) Pause Young (Normal) (GCLocker Initiated GC) 272M->47M(512M) 41.433ms
[2023-04-01T11:07:24.956+0800][14.433s] GC(8) User=0.12s Sys=0.04s Real=0.04s
[2023-04-01T11:29:21.772+0800][1331.234s] GC(9) Pause Young (Concurrent Start) (Metadata GC Threshold)
[2023-04-01T11:29:21.772+0800][1331.235s] GC(9) Using 8 workers of 8 for evacuation
[2023-04-01T11:29:21.903+0800][1331.365s] GC(9)   Pre Evacuate Collection Set: 0.8ms
[2023-04-01T11:29:21.903+0800][1331.365s] GC(9)   Evacuate Collection Set: 124.4ms
[2023-04-01T11:29:21.903+0800][1331.365s] GC(9)   Post Evacuate Collection Set: 4.3ms
[2023-04-01T11:29:21.903+0800][1331.365s] GC(9)   Other: 1.7ms
[2023-04-01T11:29:21.903+0800][1331.365s] GC(9) Eden regions: 79->0(287)
[2023-04-01T11:29:21.903+0800][1331.365s] GC(9) Survivor regions: 32->20(39)
[2023-04-01T11:29:21.903+0800][1331.365s] GC(9) Old regions: 12->27
[2023-04-01T11:29:21.903+0800][1331.365s] GC(9) Humongous regions: 4->4
[2023-04-01T11:29:21.903+0800][1331.365s] GC(9) Metaspace: 58060K(60028K)->58060K(60028K) NonClass: 51147K(52348K)->51147K(52348K) Class: 6913K(7680K)->6913K(7680K)
[2023-04-01T11:29:21.903+0800][1331.365s] GC(9) Pause Young (Concurrent Start) (Metadata GC Threshold) 126M->50M(512M) 131.474ms
[2023-04-01T11:29:21.903+0800][1331.365s] GC(9) User=0.16s Sys=0.40s Real=0.13s
[2023-04-01T11:29:21.903+0800][1331.365s] GC(10) Concurrent Cycle
[2023-04-01T11:29:21.903+0800][1331.365s] GC(10) Concurrent Clear Claimed Marks
[2023-04-01T11:29:21.903+0800][1331.366s] GC(10) Concurrent Clear Claimed Marks 0.110ms
[2023-04-01T11:29:21.903+0800][1331.366s] GC(10) Concurrent Scan Root Regions
[2023-04-01T11:29:21.913+0800][1331.375s] GC(10) Concurrent Scan Root Regions 9.566ms
[2023-04-01T11:29:21.913+0800][1331.375s] GC(10) Concurrent Mark (1331.375s)
[2023-04-01T11:29:21.913+0800][1331.375s] GC(10) Concurrent Mark From Roots
[2023-04-01T11:29:21.913+0800][1331.375s] GC(10) Using 2 workers of 2 for marking
[2023-04-01T11:29:21.954+0800][1331.416s] GC(10) Concurrent Mark From Roots 41.178ms
[2023-04-01T11:29:21.954+0800][1331.417s] GC(10) Concurrent Preclean
[2023-04-01T11:29:21.955+0800][1331.417s] GC(10) Concurrent Preclean 0.252ms
[2023-04-01T11:29:21.955+0800][1331.417s] GC(10) Concurrent Mark (1331.375s, 1331.417s) 41.525ms
[2023-04-01T11:29:21.955+0800][1331.417s] GC(10) Pause Remark
[2023-04-01T11:29:22.068+0800][1331.530s] GC(10) Cleaned string and symbol table, strings: 29690 processed, 389 removed, symbols: 171415 processed, 552 removed
[2023-04-01T11:29:22.069+0800][1331.531s] GC(10) Pause Remark 52M->52M(512M) 113.786ms
[2023-04-01T11:29:22.069+0800][1331.531s] GC(10) User=0.09s Sys=0.40s Real=0.11s
[2023-04-01T11:29:22.069+0800][1331.531s] GC(10) Concurrent Rebuild Remembered Sets
[2023-04-01T11:29:22.087+0800][1331.549s] GC(10) Concurrent Rebuild Remembered Sets 18.293ms
[2023-04-01T11:29:22.087+0800][1331.549s] GC(10) Pause Cleanup
[2023-04-01T11:29:22.087+0800][1331.550s] GC(10) Pause Cleanup 53M->53M(512M) 0.156ms
[2023-04-01T11:29:22.087+0800][1331.550s] GC(10) User=0.00s Sys=0.00s Real=0.00s
[2023-04-01T11:29:22.087+0800][1331.550s] GC(10) Concurrent Cleanup for Next Mark
[2023-04-01T11:29:22.092+0800][1331.555s] GC(10) Concurrent Cleanup for Next Mark 4.948ms
[2023-04-01T11:29:22.092+0800][1331.555s] GC(10) Concurrent Cycle 189.364ms
[2023-04-01T11:41:18.691+0800][2048.137s] GC(11) Pause Young (Normal) (G1 Evacuation Pause)
[2023-04-01T11:41:18.692+0800][2048.137s] GC(11) Using 8 workers of 8 for evacuation
[2023-04-01T11:41:18.803+0800][2048.248s] GC(11)   Pre Evacuate Collection Set: 0.2ms
[2023-04-01T11:41:18.803+0800][2048.248s] GC(11)   Evacuate Collection Set: 107.3ms
[2023-04-01T11:41:18.803+0800][2048.248s] GC(11)   Post Evacuate Collection Set: 2.9ms
[2023-04-01T11:41:18.803+0800][2048.248s] GC(11)   Other: 1.2ms
[2023-04-01T11:41:18.803+0800][2048.248s] GC(11) Eden regions: 287->0(270)
[2023-04-01T11:41:18.803+0800][2048.248s] GC(11) Survivor regions: 20->37(39)
[2023-04-01T11:41:18.803+0800][2048.248s] GC(11) Old regions: 27->27
[2023-04-01T11:41:18.803+0800][2048.248s] GC(11) Humongous regions: 4->4
[2023-04-01T11:41:18.803+0800][2048.248s] GC(11) Metaspace: 58425K(60668K)->58425K(60668K) NonClass: 51542K(52860K)->51542K(52860K) Class: 6882K(7808K)->6882K(7808K)
[2023-04-01T11:41:18.803+0800][2048.248s] GC(11) Pause Young (Normal) (G1 Evacuation Pause) 337M->67M(512M) 111.758ms
[2023-04-01T11:41:18.803+0800][2048.249s] GC(11) User=0.20s Sys=0.19s Real=0.11s
[2023-04-01T11:45:34.505+0800][2303.946s] GC(12) Pause Young (Normal) (G1 Evacuation Pause)
[2023-04-01T11:45:34.506+0800][2303.947s] GC(12) Using 8 workers of 8 for evacuation
[2023-04-01T11:45:34.534+0800][2303.975s] GC(12)   Pre Evacuate Collection Set: 0.0ms
[2023-04-01T11:45:34.534+0800][2303.975s] GC(12)   Evacuate Collection Set: 27.0ms
[2023-04-01T11:45:34.534+0800][2303.975s] GC(12)   Post Evacuate Collection Set: 0.5ms
[2023-04-01T11:45:34.534+0800][2303.975s] GC(12)   Other: 1.1ms
[2023-04-01T11:45:34.534+0800][2303.975s] GC(12) Eden regions: 270->0(289)
[2023-04-01T11:45:34.534+0800][2303.975s] GC(12) Survivor regions: 37->18(39)
[2023-04-01T11:45:34.534+0800][2303.975s] GC(12) Old regions: 27->47
[2023-04-01T11:45:34.534+0800][2303.975s] GC(12) Humongous regions: 4->4
[2023-04-01T11:45:34.534+0800][2303.975s] GC(12) Metaspace: 58455K(60668K)->58455K(60668K) NonClass: 51572K(52860K)->51572K(52860K) Class: 6883K(7808K)->6883K(7808K)
[2023-04-01T11:45:34.534+0800][2303.975s] GC(12) Pause Young (Normal) (G1 Evacuation Pause) 337M->68M(512M) 28.879ms
[2023-04-01T11:45:34.534+0800][2303.975s] GC(12) User=0.17s Sys=0.03s Real=0.03s
[2023-04-01T11:48:15.473+0800][2464.911s] GC(13) Pause Young (Normal) (G1 Evacuation Pause)
[2023-04-01T11:48:15.474+0800][2464.912s] GC(13) Using 8 workers of 8 for evacuation
[2023-04-01T11:48:15.484+0800][2464.922s] GC(13)   Pre Evacuate Collection Set: 0.0ms
[2023-04-01T11:48:15.484+0800][2464.922s] GC(13)   Evacuate Collection Set: 10.2ms
[2023-04-01T11:48:15.484+0800][2464.922s] GC(13)   Post Evacuate Collection Set: 0.3ms
[2023-04-01T11:48:15.485+0800][2464.922s] GC(13)   Other: 0.6ms
[2023-04-01T11:48:15.485+0800][2464.922s] GC(13) Eden regions: 289->0(288)
[2023-04-01T11:48:15.485+0800][2464.922s] GC(13) Survivor regions: 18->19(39)
[2023-04-01T11:48:15.485+0800][2464.922s] GC(13) Old regions: 47->47
[2023-04-01T11:48:15.485+0800][2464.922s] GC(13) Humongous regions: 4->4
[2023-04-01T11:48:15.485+0800][2464.922s] GC(13) Metaspace: 58514K(60668K)->58514K(60668K) NonClass: 51631K(52860K)->51631K(52860K) Class: 6883K(7808K)->6883K(7808K)
[2023-04-01T11:48:15.485+0800][2464.922s] GC(13) Pause Young (Normal) (G1 Evacuation Pause) 357M->69M(512M) 11.333ms
[2023-04-01T11:48:15.485+0800][2464.923s] GC(13) User=0.08s Sys=0.00s Real=0.01s
[2023-04-01T11:51:36.252+0800][2665.675s] GC(14) Pause Young (Normal) (G1 Evacuation Pause)
[2023-04-01T11:51:36.253+0800][2665.676s] GC(14) Using 8 workers of 8 for evacuation
[2023-04-01T11:51:36.376+0800][2665.799s] GC(14)   Pre Evacuate Collection Set: 0.2ms
[2023-04-01T11:51:36.376+0800][2665.799s] GC(14)   Evacuate Collection Set: 121.5ms
[2023-04-01T11:51:36.376+0800][2665.799s] GC(14)   Post Evacuate Collection Set: 0.8ms
[2023-04-01T11:51:36.376+0800][2665.799s] GC(14)   Other: 1.4ms
[2023-04-01T11:51:36.376+0800][2665.799s] GC(14) Eden regions: 288->0(285)
[2023-04-01T11:51:36.376+0800][2665.799s] GC(14) Survivor regions: 19->22(39)
[2023-04-01T11:51:36.376+0800][2665.799s] GC(14) Old regions: 47->47
[2023-04-01T11:51:36.376+0800][2665.799s] GC(14) Humongous regions: 4->4
[2023-04-01T11:51:36.376+0800][2665.799s] GC(14) Metaspace: 58523K(60668K)->58523K(60668K) NonClass: 51640K(52860K)->51640K(52860K) Class: 6883K(7808K)->6883K(7808K)
[2023-04-01T11:51:36.376+0800][2665.800s] GC(14) Pause Young (Normal) (G1 Evacuation Pause) 357M->72M(512M) 124.368ms
[2023-04-01T11:51:36.376+0800][2665.800s] GC(14) User=0.11s Sys=0.24s Real=0.12s
[2023-04-01T11:52:14.587+0800][2704.010s] GC(15) Pause Young (Normal) (G1 Evacuation Pause)
[2023-04-01T11:52:14.589+0800][2704.011s] GC(15) Using 8 workers of 8 for evacuation
[2023-04-01T11:52:14.608+0800][2704.030s] GC(15)   Pre Evacuate Collection Set: 0.0ms
[2023-04-01T11:52:14.608+0800][2704.030s] GC(15)   Evacuate Collection Set: 18.0ms
[2023-04-01T11:52:14.608+0800][2704.030s] GC(15)   Post Evacuate Collection Set: 0.4ms
[2023-04-01T11:52:14.608+0800][2704.030s] GC(15)   Other: 2.0ms
[2023-04-01T11:52:14.608+0800][2704.030s] GC(15) Eden regions: 285->0(298)
[2023-04-01T11:52:14.608+0800][2704.030s] GC(15) Survivor regions: 22->9(39)
[2023-04-01T11:52:14.608+0800][2704.030s] GC(15) Old regions: 47->61
[2023-04-01T11:52:14.608+0800][2704.030s] GC(15) Humongous regions: 4->4
[2023-04-01T11:52:14.608+0800][2704.030s] GC(15) Metaspace: 58531K(60668K)->58531K(60668K) NonClass: 51648K(52860K)->51648K(52860K) Class: 6883K(7808K)->6883K(7808K)
[2023-04-01T11:52:14.608+0800][2704.031s] GC(15) Pause Young (Normal) (G1 Evacuation Pause) 357M->72M(512M) 21.244ms
[2023-04-01T11:52:14.608+0800][2704.031s] GC(15) User=0.09s Sys=0.01s Real=0.02s
[2023-04-01T12:00:30.203+0800][3199.613s] GC(16) Pause Young (Normal) (G1 Evacuation Pause)
[2023-04-01T12:00:30.204+0800][3199.614s] GC(16) Using 8 workers of 8 for evacuation
[2023-04-01T12:00:30.228+0800][3199.638s] GC(16)   Pre Evacuate Collection Set: 0.2ms
[2023-04-01T12:00:30.228+0800][3199.638s] GC(16)   Evacuate Collection Set: 22.1ms
[2023-04-01T12:00:30.228+0800][3199.638s] GC(16)   Post Evacuate Collection Set: 1.0ms
[2023-04-01T12:00:30.228+0800][3199.638s] GC(16)   Other: 1.4ms
[2023-04-01T12:00:30.228+0800][3199.638s] GC(16) Eden regions: 298->0(299)
[2023-04-01T12:00:30.228+0800][3199.638s] GC(16) Survivor regions: 9->8(39)
[2023-04-01T12:00:30.228+0800][3199.638s] GC(16) Old regions: 61->61
[2023-04-01T12:00:30.228+0800][3199.638s] GC(16) Humongous regions: 4->4
[2023-04-01T12:00:30.228+0800][3199.638s] GC(16) Metaspace: 58549K(60668K)->58549K(60668K) NonClass: 51666K(52860K)->51666K(52860K) Class: 6883K(7808K)->6883K(7808K)
[2023-04-01T12:00:30.228+0800][3199.638s] GC(16) Pause Young (Normal) (G1 Evacuation Pause) 370M->72M(512M) 24.877ms
[2023-04-01T12:00:30.228+0800][3199.638s] GC(16) User=0.04s Sys=0.07s Real=0.02s
[2023-04-01T12:10:15.264+0800][3784.661s] GC(17) Pause Young (Normal) (GCLocker Initiated GC)
[2023-04-01T12:10:15.265+0800][3784.661s] GC(17) Using 8 workers of 8 for evacuation
[2023-04-01T12:10:15.278+0800][3784.674s] GC(17)   Pre Evacuate Collection Set: 0.0ms
[2023-04-01T12:10:15.278+0800][3784.674s] GC(17)   Evacuate Collection Set: 12.0ms
[2023-04-01T12:10:15.278+0800][3784.674s] GC(17)   Post Evacuate Collection Set: 0.3ms
[2023-04-01T12:10:15.278+0800][3784.674s] GC(17)   Other: 0.8ms
[2023-04-01T12:10:15.278+0800][3784.674s] GC(17) Eden regions: 300->0(299)
[2023-04-01T12:10:15.278+0800][3784.674s] GC(17) Survivor regions: 8->8(39)
[2023-04-01T12:10:15.278+0800][3784.674s] GC(17) Old regions: 61->61
[2023-04-01T12:10:15.278+0800][3784.674s] GC(17) Humongous regions: 4->4
[2023-04-01T12:10:15.278+0800][3784.674s] GC(17) Metaspace: 58559K(60668K)->58559K(60668K) NonClass: 51676K(52860K)->51676K(52860K) Class: 6883K(7808K)->6883K(7808K)
[2023-04-01T12:10:15.278+0800][3784.674s] GC(17) Pause Young (Normal) (GCLocker Initiated GC) 371M->72M(512M) 13.435ms
[2023-04-01T12:10:15.278+0800][3784.674s] GC(17) User=0.03s Sys=0.04s Real=0.01s
[2023-04-01T12:10:16.625+0800][3786.021s] GC(18) Pause Young (Normal) (GCLocker Initiated GC)
[2023-04-01T12:10:16.625+0800][3786.021s] GC(18) Using 8 workers of 8 for evacuation
[2023-04-01T12:10:16.632+0800][3786.028s] GC(18)   Pre Evacuate Collection Set: 0.0ms
[2023-04-01T12:10:16.632+0800][3786.028s] GC(18)   Evacuate Collection Set: 6.1ms
[2023-04-01T12:10:16.632+0800][3786.028s] GC(18)   Post Evacuate Collection Set: 0.4ms
[2023-04-01T12:10:16.632+0800][3786.028s] GC(18)   Other: 0.2ms
[2023-04-01T12:10:16.632+0800][3786.028s] GC(18) Eden regions: 299->0(297)
[2023-04-01T12:10:16.632+0800][3786.028s] GC(18) Survivor regions: 8->10(39)
[2023-04-01T12:10:16.632+0800][3786.028s] GC(18) Old regions: 61->61
[2023-04-01T12:10:16.632+0800][3786.028s] GC(18) Humongous regions: 4->4
[2023-04-01T12:10:16.632+0800][3786.028s] GC(18) Metaspace: 58559K(60668K)->58559K(60668K) NonClass: 51676K(52860K)->51676K(52860K) Class: 6883K(7808K)->6883K(7808K)
[2023-04-01T12:10:16.632+0800][3786.028s] GC(18) Pause Young (Normal) (GCLocker Initiated GC) 371M->73M(512M) 6.879ms
[2023-04-01T12:10:16.632+0800][3786.028s] GC(18) User=0.03s Sys=0.01s Real=0.01s
[2023-04-01T12:10:31.379+0800][3800.772s] GC(19) Pause Young (Normal) (G1 Evacuation Pause)
[2023-04-01T12:10:31.379+0800][3800.772s] GC(19) Using 8 workers of 8 for evacuation
[2023-04-01T12:10:31.385+0800][3800.778s] GC(19)   Pre Evacuate Collection Set: 0.0ms
[2023-04-01T12:10:31.386+0800][3800.778s] GC(19)   Evacuate Collection Set: 5.8ms
[2023-04-01T12:10:31.386+0800][3800.778s] GC(19)   Post Evacuate Collection Set: 0.3ms
[2023-04-01T12:10:31.386+0800][3800.779s] GC(19)   Other: 0.2ms
[2023-04-01T12:10:31.386+0800][3800.779s] GC(19) Eden regions: 297->0(297)
[2023-04-01T12:10:31.386+0800][3800.779s] GC(19) Survivor regions: 10->10(39)
[2023-04-01T12:10:31.386+0800][3800.779s] GC(19) Old regions: 61->61
[2023-04-01T12:10:31.386+0800][3800.779s] GC(19) Humongous regions: 4->4
[2023-04-01T12:10:31.386+0800][3800.779s] GC(19) Metaspace: 58567K(60668K)->58567K(60668K) NonClass: 51684K(52860K)->51684K(52860K) Class: 6883K(7808K)->6883K(7808K)
[2023-04-01T12:10:31.386+0800][3800.779s] GC(19) Pause Young (Normal) (G1 Evacuation Pause) 370M->73M(512M) 6.647ms
[2023-04-01T12:10:31.386+0800][3800.779s] GC(19) User=0.05s Sys=0.00s Real=0.01s
[2023-04-01T12:10:33.492+0800][3802.884s] GC(20) Pause Young (Normal) (G1 Evacuation Pause)
[2023-04-01T12:10:33.492+0800][3802.885s] GC(20) Using 8 workers of 8 for evacuation
[2023-04-01T12:10:33.502+0800][3802.894s] GC(20)   Pre Evacuate Collection Set: 0.0ms
[2023-04-01T12:10:33.502+0800][3802.894s] GC(20)   Evacuate Collection Set: 9.0ms
[2023-04-01T12:10:33.502+0800][3802.894s] GC(20)   Post Evacuate Collection Set: 0.4ms
[2023-04-01T12:10:33.502+0800][3802.894s] GC(20)   Other: 0.6ms
[2023-04-01T12:10:33.502+0800][3802.894s] GC(20) Eden regions: 297->0(296)
[2023-04-01T12:10:33.502+0800][3802.894s] GC(20) Survivor regions: 10->11(39)
[2023-04-01T12:10:33.502+0800][3802.894s] GC(20) Old regions: 61->61
[2023-04-01T12:10:33.502+0800][3802.894s] GC(20) Humongous regions: 4->4
[2023-04-01T12:10:33.502+0800][3802.894s] GC(20) Metaspace: 58574K(60924K)->58574K(60924K) NonClass: 51691K(53116K)->51691K(53116K) Class: 6883K(7808K)->6883K(7808K)
[2023-04-01T12:10:33.502+0800][3802.894s] GC(20) Pause Young (Normal) (G1 Evacuation Pause) 370M->75M(512M) 10.112ms
[2023-04-01T12:10:33.502+0800][3802.894s] GC(20) User=0.05s Sys=0.01s Real=0.01s
[2023-04-01T12:10:45.697+0800][3815.087s] GC(21) Pause Young (Normal) (G1 Evacuation Pause)
[2023-04-01T12:10:45.697+0800][3815.087s] GC(21) Using 8 workers of 8 for evacuation
[2023-04-01T12:10:45.708+0800][3815.098s] GC(21)   Pre Evacuate Collection Set: 0.0ms
[2023-04-01T12:10:45.708+0800][3815.098s] GC(21)   Evacuate Collection Set: 10.4ms
[2023-04-01T12:10:45.708+0800][3815.098s] GC(21)   Post Evacuate Collection Set: 0.3ms
[2023-04-01T12:10:45.708+0800][3815.098s] GC(21)   Other: 0.2ms
[2023-04-01T12:10:45.708+0800][3815.098s] GC(21) Eden regions: 296->0(294)
[2023-04-01T12:10:45.708+0800][3815.098s] GC(21) Survivor regions: 11->13(39)
[2023-04-01T12:10:45.708+0800][3815.098s] GC(21) Old regions: 61->61
[2023-04-01T12:10:45.708+0800][3815.098s] GC(21) Humongous regions: 4->4
[2023-04-01T12:10:45.708+0800][3815.098s] GC(21) Metaspace: 58583K(60924K)->58583K(60924K) NonClass: 51700K(53116K)->51700K(53116K) Class: 6883K(7808K)->6883K(7808K)
[2023-04-01T12:10:45.708+0800][3815.098s] GC(21) Pause Young (Normal) (G1 Evacuation Pause) 371M->77M(512M) 11.098ms
[2023-04-01T12:10:45.708+0800][3815.098s] GC(21) User=0.05s Sys=0.01s Real=0.01s
[2023-04-01T12:10:58.514+0800][3827.903s] GC(22) Pause Young (Normal) (G1 Evacuation Pause)
[2023-04-01T12:10:58.514+0800][3827.903s] GC(22) Using 8 workers of 8 for evacuation
[2023-04-01T12:10:58.524+0800][3827.912s] GC(22)   Pre Evacuate Collection Set: 0.0ms
[2023-04-01T12:10:58.524+0800][3827.912s] GC(22)   Evacuate Collection Set: 9.0ms
[2023-04-01T12:10:58.524+0800][3827.912s] GC(22)   Post Evacuate Collection Set: 0.4ms
[2023-04-01T12:10:58.524+0800][3827.912s] GC(22)   Other: 0.2ms
[2023-04-01T12:10:58.524+0800][3827.912s] GC(22) Eden regions: 294->0(293)
[2023-04-01T12:10:58.524+0800][3827.912s] GC(22) Survivor regions: 13->14(39)
[2023-04-01T12:10:58.524+0800][3827.912s] GC(22) Old regions: 61->61
[2023-04-01T12:10:58.524+0800][3827.912s] GC(22) Humongous regions: 4->4
[2023-04-01T12:10:58.524+0800][3827.912s] GC(22) Metaspace: 58597K(60924K)->58597K(60924K) NonClass: 51713K(53116K)->51713K(53116K) Class: 6883K(7808K)->6883K(7808K)
[2023-04-01T12:10:58.524+0800][3827.912s] GC(22) Pause Young (Normal) (G1 Evacuation Pause) 371M->78M(512M) 9.769ms
[2023-04-01T12:10:58.524+0800][3827.913s] GC(22) User=0.06s Sys=0.00s Real=0.01s
[2023-04-01T12:11:12.101+0800][3841.489s] GC(23) Pause Young (Normal) (G1 Evacuation Pause)
[2023-04-01T12:11:12.101+0800][3841.489s] GC(23) Using 8 workers of 8 for evacuation
[2023-04-01T12:11:12.110+0800][3841.498s] GC(23)   Pre Evacuate Collection Set: 0.0ms
[2023-04-01T12:11:12.110+0800][3841.498s] GC(23)   Evacuate Collection Set: 8.9ms
[2023-04-01T12:11:12.110+0800][3841.498s] GC(23)   Post Evacuate Collection Set: 0.4ms
[2023-04-01T12:11:12.110+0800][3841.498s] GC(23)   Other: 0.2ms
[2023-04-01T12:11:12.111+0800][3841.498s] GC(23) Eden regions: 293->0(291)
[2023-04-01T12:11:12.111+0800][3841.498s] GC(23) Survivor regions: 14->16(39)
[2023-04-01T12:11:12.111+0800][3841.498s] GC(23) Old regions: 61->61
[2023-04-01T12:11:12.111+0800][3841.499s] GC(23) Humongous regions: 4->4
[2023-04-01T12:11:12.111+0800][3841.499s] GC(23) Metaspace: 58604K(60924K)->58604K(60924K) NonClass: 51721K(53116K)->51721K(53116K) Class: 6883K(7808K)->6883K(7808K)
[2023-04-01T12:11:12.111+0800][3841.499s] GC(23) Pause Young (Normal) (G1 Evacuation Pause) 371M->79M(512M) 9.713ms
[2023-04-01T12:11:12.111+0800][3841.499s] GC(23) User=0.06s Sys=0.00s Real=0.01s
[2023-04-01T12:11:13.370+0800][3842.758s] GC(24) Pause Young (Normal) (G1 Evacuation Pause)
[2023-04-01T12:11:13.370+0800][3842.758s] GC(24) Using 8 workers of 8 for evacuation
[2023-04-01T12:11:13.379+0800][3842.767s] GC(24)   Pre Evacuate Collection Set: 0.0ms
[2023-04-01T12:11:13.379+0800][3842.767s] GC(24)   Evacuate Collection Set: 8.6ms
[2023-04-01T12:11:13.379+0800][3842.767s] GC(24)   Post Evacuate Collection Set: 0.3ms
[2023-04-01T12:11:13.379+0800][3842.767s] GC(24)   Other: 0.2ms
[2023-04-01T12:11:13.379+0800][3842.767s] GC(24) Eden regions: 291->0(292)
[2023-04-01T12:11:13.379+0800][3842.767s] GC(24) Survivor regions: 16->15(39)
[2023-04-01T12:11:13.379+0800][3842.767s] GC(24) Old regions: 61->61
[2023-04-01T12:11:13.379+0800][3842.767s] GC(24) Humongous regions: 4->4
[2023-04-01T12:11:13.379+0800][3842.767s] GC(24) Metaspace: 58604K(60924K)->58604K(60924K) NonClass: 51721K(53116K)->51721K(53116K) Class: 6883K(7808K)->6883K(7808K)
[2023-04-01T12:11:13.379+0800][3842.767s] GC(24) Pause Young (Normal) (G1 Evacuation Pause) 370M->79M(512M) 9.329ms
[2023-04-01T12:11:13.379+0800][3842.767s] GC(24) User=0.06s Sys=0.00s Real=0.00s
[2023-04-01T12:11:19.229+0800][3848.617s] GC(25) Pause Young (Normal) (G1 Evacuation Pause)
[2023-04-01T12:11:19.230+0800][3848.618s] GC(25) Using 8 workers of 8 for evacuation
[2023-04-01T12:11:19.241+0800][3848.629s] GC(25)   Pre Evacuate Collection Set: 0.0ms
[2023-04-01T12:11:19.241+0800][3848.629s] GC(25)   Evacuate Collection Set: 10.7ms
[2023-04-01T12:11:19.241+0800][3848.629s] GC(25)   Post Evacuate Collection Set: 0.3ms
[2023-04-01T12:11:19.241+0800][3848.629s] GC(25)   Other: 1.2ms
[2023-04-01T12:11:19.241+0800][3848.629s] GC(25) Eden regions: 292->0(291)
[2023-04-01T12:11:19.241+0800][3848.629s] GC(25) Survivor regions: 15->16(39)
[2023-04-01T12:11:19.241+0800][3848.629s] GC(25) Old regions: 61->61
[2023-04-01T12:11:19.241+0800][3848.629s] GC(25) Humongous regions: 4->4
[2023-04-01T12:11:19.241+0800][3848.629s] GC(25) Metaspace: 58632K(60924K)->58632K(60924K) NonClass: 51749K(53116K)->51749K(53116K) Class: 6883K(7808K)->6883K(7808K)
[2023-04-01T12:11:19.241+0800][3848.629s] GC(25) Pause Young (Normal) (G1 Evacuation Pause) 371M->79M(512M) 12.353ms
[2023-04-01T12:11:19.241+0800][3848.629s] GC(25) User=0.06s Sys=0.00s Real=0.02s
[2023-04-01T12:11:20.282+0800][3849.670s] GC(26) Pause Young (Normal) (GCLocker Initiated GC)
[2023-04-01T12:11:20.284+0800][3849.672s] GC(26) Using 8 workers of 8 for evacuation
[2023-04-01T12:11:20.297+0800][3849.685s] GC(26)   Pre Evacuate Collection Set: 0.0ms
[2023-04-01T12:11:20.297+0800][3849.685s] GC(26)   Evacuate Collection Set: 12.2ms
[2023-04-01T12:11:20.297+0800][3849.685s] GC(26)   Post Evacuate Collection Set: 0.3ms
[2023-04-01T12:11:20.297+0800][3849.685s] GC(26)   Other: 2.5ms
[2023-04-01T12:11:20.297+0800][3849.685s] GC(26) Eden regions: 291->0(288)
[2023-04-01T12:11:20.297+0800][3849.685s] GC(26) Survivor regions: 16->19(39)
[2023-04-01T12:11:20.297+0800][3849.685s] GC(26) Old regions: 61->61
[2023-04-01T12:11:20.297+0800][3849.685s] GC(26) Humongous regions: 4->4
[2023-04-01T12:11:20.297+0800][3849.685s] GC(26) Metaspace: 58632K(60924K)->58632K(60924K) NonClass: 51749K(53116K)->51749K(53116K) Class: 6883K(7808K)->6883K(7808K)
[2023-04-01T12:11:20.297+0800][3849.685s] GC(26) Pause Young (Normal) (GCLocker Initiated GC) 370M->82M(512M) 15.265ms
[2023-04-01T12:11:20.297+0800][3849.685s] GC(26) User=0.07s Sys=0.01s Real=0.01s
[2023-04-01T12:11:21.334+0800][3850.721s] GC(27) Pause Young (Normal) (G1 Evacuation Pause)
[2023-04-01T12:11:21.334+0800][3850.721s] GC(27) Using 8 workers of 8 for evacuation
[2023-04-01T12:11:21.350+0800][3850.737s] GC(27)   Pre Evacuate Collection Set: 0.0ms
[2023-04-01T12:11:21.350+0800][3850.737s] GC(27)   Evacuate Collection Set: 15.6ms
[2023-04-01T12:11:21.350+0800][3850.737s] GC(27)   Post Evacuate Collection Set: 0.3ms
[2023-04-01T12:11:21.350+0800][3850.737s] GC(27)   Other: 0.2ms
[2023-04-01T12:11:21.350+0800][3850.737s] GC(27) Eden regions: 288->0(286)
[2023-04-01T12:11:21.350+0800][3850.737s] GC(27) Survivor regions: 19->21(39)
[2023-04-01T12:11:21.350+0800][3850.737s] GC(27) Old regions: 61->61
[2023-04-01T12:11:21.350+0800][3850.737s] GC(27) Humongous regions: 4->4
[2023-04-01T12:11:21.350+0800][3850.737s] GC(27) Metaspace: 58632K(60924K)->58632K(60924K) NonClass: 51749K(53116K)->51749K(53116K) Class: 6883K(7808K)->6883K(7808K)
[2023-04-01T12:11:21.350+0800][3850.738s] GC(27) Pause Young (Normal) (G1 Evacuation Pause) 370M->85M(512M) 16.317ms
[2023-04-01T12:11:21.350+0800][3850.738s] GC(27) User=0.08s Sys=0.02s Real=0.02s
[2023-04-01T12:11:28.037+0800][3857.425s] GC(28) Pause Young (Normal) (G1 Evacuation Pause)
[2023-04-01T12:11:28.037+0800][3857.425s] GC(28) Using 8 workers of 8 for evacuation
[2023-04-01T12:11:28.051+0800][3857.439s] GC(28)   Pre Evacuate Collection Set: 0.0ms
[2023-04-01T12:11:28.051+0800][3857.439s] GC(28)   Evacuate Collection Set: 13.4ms
[2023-04-01T12:11:28.052+0800][3857.439s] GC(28)   Post Evacuate Collection Set: 0.4ms
[2023-04-01T12:11:28.052+0800][3857.439s] GC(28)   Other: 0.2ms
[2023-04-01T12:11:28.052+0800][3857.439s] GC(28) Eden regions: 286->0(286)
[2023-04-01T12:11:28.052+0800][3857.439s] GC(28) Survivor regions: 21->21(39)
[2023-04-01T12:11:28.052+0800][3857.439s] GC(28) Old regions: 61->62
[2023-04-01T12:11:28.052+0800][3857.439s] GC(28) Humongous regions: 4->4
[2023-04-01T12:11:28.052+0800][3857.439s] GC(28) Metaspace: 58638K(60924K)->58638K(60924K) NonClass: 51754K(53116K)->51754K(53116K) Class: 6883K(7808K)->6883K(7808K)
[2023-04-01T12:11:28.052+0800][3857.439s] GC(28) Pause Young (Normal) (G1 Evacuation Pause) 371M->86M(512M) 14.206ms
[2023-04-01T12:11:28.052+0800][3857.439s] GC(28) User=0.09s Sys=0.00s Real=0.02s
[2023-04-01T12:11:52.404+0800][3881.791s] GC(29) Pause Young (Normal) (G1 Evacuation Pause)
[2023-04-01T12:11:52.405+0800][3881.792s] GC(29) Using 8 workers of 8 for evacuation
[2023-04-01T12:11:52.423+0800][3881.809s] GC(29)   Pre Evacuate Collection Set: 0.0ms
[2023-04-01T12:11:52.423+0800][3881.809s] GC(29)   Evacuate Collection Set: 17.0ms
[2023-04-01T12:11:52.423+0800][3881.809s] GC(29)   Post Evacuate Collection Set: 0.3ms
[2023-04-01T12:11:52.423+0800][3881.809s] GC(29)   Other: 1.1ms
[2023-04-01T12:11:52.423+0800][3881.809s] GC(29) Eden regions: 286->0(284)
[2023-04-01T12:11:52.423+0800][3881.809s] GC(29) Survivor regions: 21->23(39)
[2023-04-01T12:11:52.423+0800][3881.809s] GC(29) Old regions: 62->62
[2023-04-01T12:11:52.423+0800][3881.809s] GC(29) Humongous regions: 4->4
[2023-04-01T12:11:52.423+0800][3881.809s] GC(29) Metaspace: 58663K(60924K)->58663K(60924K) NonClass: 51780K(53116K)->51780K(53116K) Class: 6883K(7808K)->6883K(7808K)
[2023-04-01T12:11:52.423+0800][3881.809s] GC(29) Pause Young (Normal) (G1 Evacuation Pause) 372M->88M(512M) 18.555ms
[2023-04-01T12:11:52.423+0800][3881.809s] GC(29) User=0.10s Sys=0.02s Real=0.02s
[2023-04-01T12:11:53.719+0800][3883.106s] GC(30) Pause Young (Normal) (G1 Evacuation Pause)
[2023-04-01T12:11:53.719+0800][3883.106s] GC(30) Using 8 workers of 8 for evacuation
[2023-04-01T12:11:53.733+0800][3883.119s] GC(30)   Pre Evacuate Collection Set: 0.0ms
[2023-04-01T12:11:53.733+0800][3883.119s] GC(30)   Evacuate Collection Set: 12.9ms
[2023-04-01T12:11:53.733+0800][3883.119s] GC(30)   Post Evacuate Collection Set: 0.3ms
[2023-04-01T12:11:53.733+0800][3883.119s] GC(30)   Other: 0.2ms
[2023-04-01T12:11:53.733+0800][3883.119s] GC(30) Eden regions: 284->0(286)
[2023-04-01T12:11:53.733+0800][3883.119s] GC(30) Survivor regions: 23->21(39)
[2023-04-01T12:11:53.733+0800][3883.119s] GC(30) Old regions: 62->64
[2023-04-01T12:11:53.733+0800][3883.119s] GC(30) Humongous regions: 4->4
[2023-04-01T12:11:53.733+0800][3883.119s] GC(30) Metaspace: 58663K(60924K)->58663K(60924K) NonClass: 51780K(53116K)->51780K(53116K) Class: 6883K(7808K)->6883K(7808K)
[2023-04-01T12:11:53.733+0800][3883.120s] GC(30) Pause Young (Normal) (G1 Evacuation Pause) 372M->88M(512M) 13.734ms
[2023-04-01T12:11:53.733+0800][3883.120s] GC(30) User=0.10s Sys=0.00s Real=0.02s
[2023-04-01T12:13:01.962+0800][3951.347s] GC(31) Pause Young (Normal) (GCLocker Initiated GC)
[2023-04-01T12:13:01.962+0800][3951.347s] GC(31) Using 8 workers of 8 for evacuation
[2023-04-01T12:13:01.975+0800][3951.359s] GC(31)   Pre Evacuate Collection Set: 0.0ms
[2023-04-01T12:13:01.975+0800][3951.359s] GC(31)   Evacuate Collection Set: 11.8ms
[2023-04-01T12:13:01.975+0800][3951.359s] GC(31)   Post Evacuate Collection Set: 0.3ms
[2023-04-01T12:13:01.975+0800][3951.359s] GC(31)   Other: 0.2ms
[2023-04-01T12:13:01.975+0800][3951.359s] GC(31) Eden regions: 287->0(286)
[2023-04-01T12:13:01.975+0800][3951.359s] GC(31) Survivor regions: 21->21(39)
[2023-04-01T12:13:01.975+0800][3951.359s] GC(31) Old regions: 64->64
[2023-04-01T12:13:01.975+0800][3951.359s] GC(31) Humongous regions: 4->4
[2023-04-01T12:13:01.975+0800][3951.359s] GC(31) Metaspace: 58668K(60924K)->58668K(60924K) NonClass: 51785K(53116K)->51785K(53116K) Class: 6883K(7808K)->6883K(7808K)
[2023-04-01T12:13:01.975+0800][3951.359s] GC(31) Pause Young (Normal) (GCLocker Initiated GC) 375M->87M(512M) 12.551ms
[2023-04-01T12:13:01.975+0800][3951.359s] GC(31) User=0.09s Sys=0.00s Real=0.01s
[2023-04-01T12:13:03.332+0800][3952.717s] GC(32) Pause Young (Normal) (G1 Evacuation Pause)
[2023-04-01T12:13:03.332+0800][3952.717s] GC(32) Using 8 workers of 8 for evacuation
[2023-04-01T12:13:03.346+0800][3952.730s] GC(32)   Pre Evacuate Collection Set: 0.0ms
[2023-04-01T12:13:03.346+0800][3952.730s] GC(32)   Evacuate Collection Set: 12.8ms
[2023-04-01T12:13:03.346+0800][3952.730s] GC(32)   Post Evacuate Collection Set: 0.3ms
[2023-04-01T12:13:03.346+0800][3952.730s] GC(32)   Other: 0.2ms
[2023-04-01T12:13:03.346+0800][3952.730s] GC(32) Eden regions: 286->0(286)
[2023-04-01T12:13:03.346+0800][3952.730s] GC(32) Survivor regions: 21->21(39)
[2023-04-01T12:13:03.346+0800][3952.730s] GC(32) Old regions: 64->64
[2023-04-01T12:13:03.346+0800][3952.730s] GC(32) Humongous regions: 4->4
[2023-04-01T12:13:03.346+0800][3952.730s] GC(32) Metaspace: 58669K(60924K)->58669K(60924K) NonClass: 51785K(53116K)->51785K(53116K) Class: 6883K(7808K)->6883K(7808K)
[2023-04-01T12:13:03.346+0800][3952.730s] GC(32) Pause Young (Normal) (G1 Evacuation Pause) 373M->88M(512M) 13.553ms
[2023-04-01T12:13:03.346+0800][3952.730s] GC(32) User=0.09s Sys=0.00s Real=0.01s
[2023-04-01T12:13:29.846+0800][3979.230s] GC(33) Pause Young (Normal) (G1 Evacuation Pause)
[2023-04-01T12:13:29.847+0800][3979.231s] GC(33) Using 8 workers of 8 for evacuation
[2023-04-01T12:13:29.859+0800][3979.243s] GC(33)   Pre Evacuate Collection Set: 0.0ms
[2023-04-01T12:13:29.859+0800][3979.243s] GC(33)   Evacuate Collection Set: 11.7ms
[2023-04-01T12:13:29.859+0800][3979.243s] GC(33)   Post Evacuate Collection Set: 0.4ms
[2023-04-01T12:13:29.860+0800][3979.243s] GC(33)   Other: 1.0ms
[2023-04-01T12:13:29.860+0800][3979.243s] GC(33) Eden regions: 286->0(286)
[2023-04-01T12:13:29.860+0800][3979.243s] GC(33) Survivor regions: 21->21(39)
[2023-04-01T12:13:29.860+0800][3979.243s] GC(33) Old regions: 64->64
[2023-04-01T12:13:29.860+0800][3979.243s] GC(33) Humongous regions: 4->4
[2023-04-01T12:13:29.860+0800][3979.243s] GC(33) Metaspace: 58688K(60924K)->58688K(60924K) NonClass: 51805K(53116K)->51805K(53116K) Class: 6883K(7808K)->6883K(7808K)
[2023-04-01T12:13:29.860+0800][3979.244s] GC(33) Pause Young (Normal) (G1 Evacuation Pause) 374M->88M(512M) 13.564ms
[2023-04-01T12:13:29.860+0800][3979.244s] GC(33) User=0.08s Sys=0.00s Real=0.02s
[2023-04-01T12:13:31.147+0800][3980.531s] GC(34) Pause Young (Normal) (G1 Evacuation Pause)
[2023-04-01T12:13:31.147+0800][3980.531s] GC(34) Using 8 workers of 8 for evacuation
[2023-04-01T12:13:31.158+0800][3980.542s] GC(34)   Pre Evacuate Collection Set: 0.0ms
[2023-04-01T12:13:31.158+0800][3980.542s] GC(34)   Evacuate Collection Set: 10.7ms
[2023-04-01T12:13:31.158+0800][3980.542s] GC(34)   Post Evacuate Collection Set: 0.3ms
[2023-04-01T12:13:31.158+0800][3980.542s] GC(34)   Other: 0.2ms
[2023-04-01T12:13:31.158+0800][3980.542s] GC(34) Eden regions: 286->0(286)
[2023-04-01T12:13:31.158+0800][3980.542s] GC(34) Survivor regions: 21->21(39)
[2023-04-01T12:13:31.158+0800][3980.542s] GC(34) Old regions: 64->65
[2023-04-01T12:13:31.158+0800][3980.542s] GC(34) Humongous regions: 4->4
[2023-04-01T12:13:31.158+0800][3980.542s] GC(34) Metaspace: 58689K(60924K)->58689K(60924K) NonClass: 51805K(53116K)->51805K(53116K) Class: 6883K(7808K)->6883K(7808K)
[2023-04-01T12:13:31.158+0800][3980.542s] GC(34) Pause Young (Normal) (G1 Evacuation Pause) 374M->88M(512M) 11.436ms
[2023-04-01T12:13:31.158+0800][3980.542s] GC(34) User=0.08s Sys=0.00s Real=0.01s
[2023-04-01T12:14:00.007+0800][4009.390s] GC(35) Pause Young (Normal) (G1 Evacuation Pause)
[2023-04-01T12:14:00.007+0800][4009.390s] GC(35) Using 8 workers of 8 for evacuation
[2023-04-01T12:14:00.019+0800][4009.402s] GC(35)   Pre Evacuate Collection Set: 0.0ms
[2023-04-01T12:14:00.019+0800][4009.402s] GC(35)   Evacuate Collection Set: 10.9ms
[2023-04-01T12:14:00.019+0800][4009.402s] GC(35)   Post Evacuate Collection Set: 0.3ms
[2023-04-01T12:14:00.019+0800][4009.402s] GC(35)   Other: 0.2ms
[2023-04-01T12:14:00.019+0800][4009.402s] GC(35) Eden regions: 286->0(287)
[2023-04-01T12:14:00.019+0800][4009.402s] GC(35) Survivor regions: 21->20(39)
[2023-04-01T12:14:00.019+0800][4009.402s] GC(35) Old regions: 65->65
[2023-04-01T12:14:00.019+0800][4009.402s] GC(35) Humongous regions: 4->4
[2023-04-01T12:14:00.019+0800][4009.402s] GC(35) Metaspace: 58721K(60924K)->58721K(60924K) NonClass: 51836K(53116K)->51836K(53116K) Class: 6884K(7808K)->6884K(7808K)
[2023-04-01T12:14:00.019+0800][4009.402s] GC(35) Pause Young (Normal) (G1 Evacuation Pause) 374M->88M(512M) 11.652ms
[2023-04-01T12:14:00.019+0800][4009.402s] GC(35) User=0.08s Sys=0.00s Real=0.01s
[2023-04-01T12:14:36.719+0800][4046.101s] GC(36) Pause Young (Normal) (G1 Evacuation Pause)
[2023-04-01T12:14:36.720+0800][4046.102s] GC(36) Using 8 workers of 8 for evacuation
[2023-04-01T12:14:36.732+0800][4046.114s] GC(36)   Pre Evacuate Collection Set: 0.0ms
[2023-04-01T12:14:36.732+0800][4046.114s] GC(36)   Evacuate Collection Set: 11.7ms
[2023-04-01T12:14:36.732+0800][4046.114s] GC(36)   Post Evacuate Collection Set: 0.3ms
[2023-04-01T12:14:36.732+0800][4046.114s] GC(36)   Other: 1.1ms
[2023-04-01T12:14:36.732+0800][4046.114s] GC(36) Eden regions: 287->0(286)
[2023-04-01T12:14:36.732+0800][4046.114s] GC(36) Survivor regions: 20->21(39)
[2023-04-01T12:14:36.732+0800][4046.114s] GC(36) Old regions: 65->65
[2023-04-01T12:14:36.732+0800][4046.114s] GC(36) Humongous regions: 4->4
[2023-04-01T12:14:36.732+0800][4046.114s] GC(36) Metaspace: 58735K(60924K)->58735K(60924K) NonClass: 51851K(53116K)->51851K(53116K) Class: 6884K(7808K)->6884K(7808K)
[2023-04-01T12:14:36.732+0800][4046.114s] GC(36) Pause Young (Normal) (G1 Evacuation Pause) 375M->88M(512M) 13.217ms
[2023-04-01T12:14:36.732+0800][4046.114s] GC(36) User=0.09s Sys=0.00s Real=0.02s
[2023-04-01T12:14:56.314+0800][4065.696s] GC(37) Pause Young (Normal) (G1 Evacuation Pause)
[2023-04-01T12:14:56.315+0800][4065.696s] GC(37) Using 8 workers of 8 for evacuation
[2023-04-01T12:14:56.327+0800][4065.708s] GC(37)   Pre Evacuate Collection Set: 0.0ms
[2023-04-01T12:14:56.327+0800][4065.708s] GC(37)   Evacuate Collection Set: 11.7ms
[2023-04-01T12:14:56.327+0800][4065.708s] GC(37)   Post Evacuate Collection Set: 0.4ms
[2023-04-01T12:14:56.327+0800][4065.708s] GC(37)   Other: 0.3ms
[2023-04-01T12:14:56.327+0800][4065.708s] GC(37) Eden regions: 286->0(287)
[2023-04-01T12:14:56.327+0800][4065.708s] GC(37) Survivor regions: 21->20(39)
[2023-04-01T12:14:56.327+0800][4065.708s] GC(37) Old regions: 65->65
[2023-04-01T12:14:56.327+0800][4065.708s] GC(37) Humongous regions: 4->4
[2023-04-01T12:14:56.327+0800][4065.708s] GC(37) Metaspace: 58735K(60924K)->58735K(60924K) NonClass: 51851K(53116K)->51851K(53116K) Class: 6884K(7808K)->6884K(7808K)
[2023-04-01T12:14:56.327+0800][4065.708s] GC(37) Pause Young (Normal) (G1 Evacuation Pause) 374M->88M(512M) 12.799ms
[2023-04-01T12:14:56.327+0800][4065.709s] GC(37) User=0.09s Sys=0.01s Real=0.01s
[2023-04-02T00:47:45.556+0800][18910.548s] GC(38) Pause Young (Normal) (G1 Evacuation Pause)
[2023-04-02T00:47:45.560+0800][18910.551s] GC(38) Using 8 workers of 8 for evacuation
[2023-04-02T00:47:45.656+0800][18910.647s] GC(38)   Pre Evacuate Collection Set: 1.1ms
[2023-04-02T00:47:45.656+0800][18910.647s] GC(38)   Evacuate Collection Set: 85.3ms
[2023-04-02T00:47:45.656+0800][18910.648s] GC(38)   Post Evacuate Collection Set: 3.1ms
[2023-04-02T00:47:45.657+0800][18910.648s] GC(38)   Other: 17.1ms
[2023-04-02T00:47:45.657+0800][18910.648s] GC(38) Eden regions: 287->0(287)
[2023-04-02T00:47:45.657+0800][18910.648s] GC(38) Survivor regions: 20->20(39)
[2023-04-02T00:47:45.657+0800][18910.648s] GC(38) Old regions: 65->65
[2023-04-02T00:47:45.657+0800][18910.648s] GC(38) Humongous regions: 4->4
[2023-04-02T00:47:45.657+0800][18910.649s] GC(38) Metaspace: 58752K(60924K)->58752K(60924K) NonClass: 51868K(53116K)->51868K(53116K) Class: 6884K(7808K)->6884K(7808K)
[2023-04-02T00:47:45.658+0800][18910.649s] GC(38) Pause Young (Normal) (G1 Evacuation Pause) 375M->88M(512M) 103.371ms
[2023-04-02T00:47:45.658+0800][18910.649s] GC(38) User=0.10s Sys=0.32s Real=0.10s
[2023-04-02T02:36:23.000+0800][25397.024s] Heap
[2023-04-02T02:36:23.001+0800][25397.025s]  garbage-first heap   total 524288K, used 129937K [0x00000007e0000000, 0x0000000800000000)
[2023-04-02T02:36:23.001+0800][25397.025s]   region size 1024K, 59 young (60416K), 20 survivors (20480K)
[2023-04-02T02:36:23.001+0800][25397.025s]  Metaspace       used 59241K, capacity 61063K, committed 61436K, reserved 1103872K
[2023-04-02T02:36:23.001+0800][25397.025s]   class space    used 6962K, capacity 7723K, committed 7808K, reserved 1048576K
