[2023-04-09T18:41:04.515+0800][0.024s] Heap region size: 1M
[2023-04-09T18:41:04.797+0800][0.306s] Using G1
[2023-04-09T18:41:04.797+0800][0.306s] Heap address: 0x00000000e0000000, size: 512 MB, Compressed Oops mode: 32-bit
[2023-04-09T18:41:05.753+0800][1.262s] GC(0) Pause Young (Normal) (G1 Evacuation Pause)
[2023-04-09T18:41:05.753+0800][1.262s] GC(0) Using 8 workers of 8 for evacuation
[2023-04-09T18:41:05.773+0800][1.281s] GC(0)   Pre Evacuate Collection Set: 0.0ms
[2023-04-09T18:41:05.773+0800][1.281s] GC(0)   Evacuate Collection Set: 18.4ms
[2023-04-09T18:41:05.773+0800][1.281s] GC(0)   Post Evacuate Collection Set: 0.5ms
[2023-04-09T18:41:05.773+0800][1.281s] GC(0)   Other: 0.6ms
[2023-04-09T18:41:05.773+0800][1.281s] GC(0) Eden regions: 30->0(303)
[2023-04-09T18:41:05.773+0800][1.282s] GC(0) Survivor regions: 0->4(4)
[2023-04-09T18:41:05.773+0800][1.282s] GC(0) Old regions: 0->0
[2023-04-09T18:41:05.773+0800][1.282s] GC(0) Humongous regions: 0->0
[2023-04-09T18:41:05.773+0800][1.282s] GC(0) Metaspace: 13294K(13824K)->13294K(13824K) NonClass: 11925K(12288K)->11925K(12288K) Class: 1369K(1536K)->1369K(1536K)
[2023-04-09T18:41:05.773+0800][1.282s] GC(0) Pause Young (Normal) (G1 Evacuation Pause) 30M->3M(512M) 20.262ms
[2023-04-09T18:41:05.773+0800][1.282s] GC(0) User=0.09s Sys=0.00s Real=0.02s
[2023-04-09T18:41:06.289+0800][1.798s] GC(1) Pause Young (Concurrent Start) (Metadata GC Threshold)
[2023-04-09T18:41:06.289+0800][1.798s] GC(1) Using 8 workers of 8 for evacuation
[2023-04-09T18:41:06.298+0800][1.807s] GC(1)   Pre Evacuate Collection Set: 0.0ms
[2023-04-09T18:41:06.298+0800][1.807s] GC(1)   Evacuate Collection Set: 8.3ms
[2023-04-09T18:41:06.298+0800][1.807s] GC(1)   Post Evacuate Collection Set: 0.6ms
[2023-04-09T18:41:06.298+0800][1.807s] GC(1)   Other: 0.2ms
[2023-04-09T18:41:06.298+0800][1.807s] GC(1) Eden regions: 29->0(181)
[2023-04-09T18:41:06.298+0800][1.807s] GC(1) Survivor regions: 4->12(39)
[2023-04-09T18:41:06.298+0800][1.807s] GC(1) Old regions: 0->0
[2023-04-09T18:41:06.298+0800][1.807s] GC(1) Humongous regions: 4->4
[2023-04-09T18:41:06.298+0800][1.807s] GC(1) Metaspace: 20632K(21296K)->20632K(21296K) NonClass: 18382K(18864K)->18382K(18864K) Class: 2250K(2432K)->2250K(2432K)
[2023-04-09T18:41:06.298+0800][1.807s] GC(1) Pause Young (Concurrent Start) (Metadata GC Threshold) 35M->15M(512M) 9.385ms
[2023-04-09T18:41:06.298+0800][1.807s] GC(1) User=0.12s Sys=0.00s Real=0.01s
[2023-04-09T18:41:06.298+0800][1.807s] GC(2) Concurrent Cycle
[2023-04-09T18:41:06.298+0800][1.807s] GC(2) Concurrent Clear Claimed Marks
[2023-04-09T18:41:06.298+0800][1.807s] GC(2) Concurrent Clear Claimed Marks 0.048ms
[2023-04-09T18:41:06.298+0800][1.807s] GC(2) Concurrent Scan Root Regions
[2023-04-09T18:41:06.302+0800][1.811s] GC(2) Concurrent Scan Root Regions 3.624ms
[2023-04-09T18:41:06.302+0800][1.811s] GC(2) Concurrent Mark (1.811s)
[2023-04-09T18:41:06.302+0800][1.811s] GC(2) Concurrent Mark From Roots
[2023-04-09T18:41:06.302+0800][1.811s] GC(2) Using 2 workers of 2 for marking
[2023-04-09T18:41:06.303+0800][1.812s] GC(2) Concurrent Mark From Roots 1.028ms
[2023-04-09T18:41:06.303+0800][1.812s] GC(2) Concurrent Preclean
[2023-04-09T18:41:06.303+0800][1.812s] GC(2) Concurrent Preclean 0.169ms
[2023-04-09T18:41:06.303+0800][1.812s] GC(2) Concurrent Mark (1.811s, 1.812s) 1.278ms
[2023-04-09T18:41:06.303+0800][1.812s] GC(2) Pause Remark
[2023-04-09T18:41:06.304+0800][1.814s] GC(2) Cleaned string and symbol table, strings: 10441 processed, 0 removed, symbols: 68324 processed, 18 removed
[2023-04-09T18:41:06.305+0800][1.814s] GC(2) Pause Remark 16M->16M(512M) 1.321ms
[2023-04-09T18:41:06.305+0800][1.814s] GC(2) User=0.00s Sys=0.00s Real=0.00s
[2023-04-09T18:41:06.305+0800][1.814s] GC(2) Concurrent Rebuild Remembered Sets
[2023-04-09T18:41:06.306+0800][1.815s] GC(2) Concurrent Rebuild Remembered Sets 1.361ms
[2023-04-09T18:41:06.306+0800][1.815s] GC(2) Pause Cleanup
[2023-04-09T18:41:06.306+0800][1.816s] GC(2) Pause Cleanup 16M->16M(512M) 0.124ms
[2023-04-09T18:41:06.307+0800][1.816s] GC(2) User=0.00s Sys=0.00s Real=0.00s
[2023-04-09T18:41:06.307+0800][1.816s] GC(2) Concurrent Cleanup for Next Mark
[2023-04-09T18:41:06.307+0800][1.816s] GC(2) Concurrent Cleanup for Next Mark 0.663ms
[2023-04-09T18:41:06.307+0800][1.816s] GC(2) Concurrent Cycle 9.247ms
[2023-04-09T18:41:06.925+0800][2.435s] GC(3) Pause Young (Normal) (G1 Evacuation Pause)
[2023-04-09T18:41:06.925+0800][2.435s] GC(3) Using 8 workers of 8 for evacuation
[2023-04-09T18:41:06.933+0800][2.443s] GC(3)   Pre Evacuate Collection Set: 0.0ms
[2023-04-09T18:41:06.934+0800][2.443s] GC(3)   Evacuate Collection Set: 7.4ms
[2023-04-09T18:41:06.934+0800][2.443s] GC(3)   Post Evacuate Collection Set: 0.7ms
[2023-04-09T18:41:06.934+0800][2.443s] GC(3)   Other: 0.1ms
[2023-04-09T18:41:06.934+0800][2.443s] GC(3) Eden regions: 95->0(121)
[2023-04-09T18:41:06.934+0800][2.443s] GC(3) Survivor regions: 12->5(14)
[2023-04-09T18:41:06.934+0800][2.443s] GC(3) Old regions: 0->12
[2023-04-09T18:41:06.934+0800][2.443s] GC(3) Humongous regions: 4->4
[2023-04-09T18:41:06.934+0800][2.443s] GC(3) Metaspace: 25139K(26032K)->25139K(26032K) NonClass: 22409K(22960K)->22409K(22960K) Class: 2729K(3072K)->2729K(3072K)
[2023-04-09T18:41:06.934+0800][2.443s] GC(3) Pause Young (Normal) (G1 Evacuation Pause) 110M->20M(512M) 8.527ms
[2023-04-09T18:41:06.934+0800][2.443s] GC(3) User=0.11s Sys=0.00s Real=0.01s
[2023-04-09T18:41:07.465+0800][2.974s] GC(4) Pause Young (Normal) (G1 Evacuation Pause)
[2023-04-09T18:41:07.465+0800][2.974s] GC(4) Using 8 workers of 8 for evacuation
[2023-04-09T18:41:07.468+0800][2.976s] GC(4)   Pre Evacuate Collection Set: 0.0ms
[2023-04-09T18:41:07.468+0800][2.976s] GC(4)   Evacuate Collection Set: 1.9ms
[2023-04-09T18:41:07.468+0800][2.976s] GC(4)   Post Evacuate Collection Set: 0.5ms
[2023-04-09T18:41:07.468+0800][2.976s] GC(4)   Other: 0.1ms
[2023-04-09T18:41:07.468+0800][2.976s] GC(4) Eden regions: 121->0(158)
[2023-04-09T18:41:07.468+0800][2.976s] GC(4) Survivor regions: 5->8(16)
[2023-04-09T18:41:07.468+0800][2.976s] GC(4) Old regions: 12->12
[2023-04-09T18:41:07.468+0800][2.976s] GC(4) Humongous regions: 4->4
[2023-04-09T18:41:07.468+0800][2.976s] GC(4) Metaspace: 28054K(28976K)->28054K(28976K) NonClass: 25000K(25520K)->25000K(25520K) Class: 3054K(3456K)->3054K(3456K)
[2023-04-09T18:41:07.468+0800][2.976s] GC(4) Pause Young (Normal) (G1 Evacuation Pause) 141M->22M(512M) 2.824ms
[2023-04-09T18:41:07.468+0800][2.977s] GC(4) User=0.00s Sys=0.00s Real=0.00s
[2023-04-09T18:41:08.212+0800][3.720s] GC(5) Pause Young (Normal) (G1 Evacuation Pause)
[2023-04-09T18:41:08.212+0800][3.720s] GC(5) Using 8 workers of 8 for evacuation
[2023-04-09T18:41:08.215+0800][3.723s] GC(5)   Pre Evacuate Collection Set: 0.0ms
[2023-04-09T18:41:08.215+0800][3.723s] GC(5)   Evacuate Collection Set: 2.3ms
[2023-04-09T18:41:08.215+0800][3.723s] GC(5)   Post Evacuate Collection Set: 0.5ms
[2023-04-09T18:41:08.215+0800][3.723s] GC(5)   Other: 0.2ms
[2023-04-09T18:41:08.215+0800][3.723s] GC(5) Eden regions: 158->0(298)
[2023-04-09T18:41:08.215+0800][3.723s] GC(5) Survivor regions: 8->9(21)
[2023-04-09T18:41:08.215+0800][3.723s] GC(5) Old regions: 12->12
[2023-04-09T18:41:08.215+0800][3.723s] GC(5) Humongous regions: 5->4
[2023-04-09T18:41:08.215+0800][3.723s] GC(5) Metaspace: 34837K(35708K)->34837K(35708K) NonClass: 30945K(31484K)->30945K(31484K) Class: 3892K(4224K)->3892K(4224K)
[2023-04-09T18:41:08.215+0800][3.723s] GC(5) Pause Young (Normal) (G1 Evacuation Pause) 181M->24M(512M) 3.248ms
[2023-04-09T18:41:08.215+0800][3.723s] GC(5) User=0.05s Sys=0.00s Real=0.00s
[2023-04-09T18:41:08.219+0800][3.728s] GC(6) Pause Young (Concurrent Start) (Metadata GC Threshold)
[2023-04-09T18:41:08.219+0800][3.728s] GC(6) Using 8 workers of 8 for evacuation
[2023-04-09T18:41:08.222+0800][3.731s] GC(6)   Pre Evacuate Collection Set: 0.0ms
[2023-04-09T18:41:08.222+0800][3.731s] GC(6)   Evacuate Collection Set: 2.7ms
[2023-04-09T18:41:08.222+0800][3.731s] GC(6)   Post Evacuate Collection Set: 0.4ms
[2023-04-09T18:41:08.222+0800][3.731s] GC(6)   Other: 0.2ms
[2023-04-09T18:41:08.222+0800][3.731s] GC(6) Eden regions: 2->0(298)
[2023-04-09T18:41:08.223+0800][3.731s] GC(6) Survivor regions: 9->9(39)
[2023-04-09T18:41:08.223+0800][3.731s] GC(6) Old regions: 12->12
[2023-04-09T18:41:08.223+0800][3.731s] GC(6) Humongous regions: 4->4
[2023-04-09T18:41:08.223+0800][3.731s] GC(6) Metaspace: 34885K(35708K)->34885K(35708K) NonClass: 30988K(31484K)->30988K(31484K) Class: 3897K(4224K)->3897K(4224K)
[2023-04-09T18:41:08.223+0800][3.731s] GC(6) Pause Young (Concurrent Start) (Metadata GC Threshold) 26M->24M(512M) 3.544ms
[2023-04-09T18:41:08.223+0800][3.731s] GC(6) User=0.00s Sys=0.00s Real=0.00s
[2023-04-09T18:41:08.223+0800][3.731s] GC(7) Concurrent Cycle
[2023-04-09T18:41:08.223+0800][3.731s] GC(7) Concurrent Clear Claimed Marks
[2023-04-09T18:41:08.223+0800][3.731s] GC(7) Concurrent Clear Claimed Marks 0.056ms
[2023-04-09T18:41:08.223+0800][3.731s] GC(7) Concurrent Scan Root Regions
[2023-04-09T18:41:08.224+0800][3.733s] GC(7) Concurrent Scan Root Regions 1.597ms
[2023-04-09T18:41:08.224+0800][3.733s] GC(7) Concurrent Mark (3.733s)
[2023-04-09T18:41:08.224+0800][3.733s] GC(7) Concurrent Mark From Roots
[2023-04-09T18:41:08.224+0800][3.733s] GC(7) Using 2 workers of 2 for marking
[2023-04-09T18:41:08.238+0800][3.746s] GC(7) Concurrent Mark From Roots 13.174ms
[2023-04-09T18:41:08.238+0800][3.746s] GC(7) Concurrent Preclean
[2023-04-09T18:41:08.238+0800][3.746s] GC(7) Concurrent Preclean 0.189ms
[2023-04-09T18:41:08.238+0800][3.746s] GC(7) Concurrent Mark (3.733s, 3.746s) 13.443ms
[2023-04-09T18:41:08.238+0800][3.747s] GC(7) Pause Remark
[2023-04-09T18:41:08.240+0800][3.749s] GC(7) Cleaned string and symbol table, strings: 16535 processed, 21 removed, symbols: 115608 processed, 31 removed
[2023-04-09T18:41:08.240+0800][3.749s] GC(7) Pause Remark 28M->28M(512M) 2.333ms
[2023-04-09T18:41:08.240+0800][3.749s] GC(7) User=0.00s Sys=0.00s Real=0.00s
[2023-04-09T18:41:08.240+0800][3.749s] GC(7) Concurrent Rebuild Remembered Sets
[2023-04-09T18:41:08.247+0800][3.755s] GC(7) Concurrent Rebuild Remembered Sets 6.428ms
[2023-04-09T18:41:08.247+0800][3.756s] GC(7) Pause Cleanup
[2023-04-09T18:41:08.247+0800][3.756s] GC(7) Pause Cleanup 29M->29M(512M) 0.154ms
[2023-04-09T18:41:08.247+0800][3.756s] GC(7) User=0.00s Sys=0.00s Real=0.00s
[2023-04-09T18:41:08.247+0800][3.756s] GC(7) Concurrent Cleanup for Next Mark
[2023-04-09T18:41:08.248+0800][3.757s] GC(7) Concurrent Cleanup for Next Mark 0.775ms
[2023-04-09T18:41:08.248+0800][3.757s] GC(7) Concurrent Cycle 25.493ms
[2023-04-09T18:41:23.375+0800][18.884s] GC(8) Pause Young (Normal) (G1 Evacuation Pause)
[2023-04-09T18:41:23.375+0800][18.884s] GC(8) Using 8 workers of 8 for evacuation
[2023-04-09T18:41:23.383+0800][18.892s] GC(8)   Pre Evacuate Collection Set: 0.0ms
[2023-04-09T18:41:23.384+0800][18.892s] GC(8)   Evacuate Collection Set: 6.7ms
[2023-04-09T18:41:23.384+0800][18.892s] GC(8)   Post Evacuate Collection Set: 1.1ms
[2023-04-09T18:41:23.384+0800][18.892s] GC(8)   Other: 0.3ms
[2023-04-09T18:41:23.384+0800][18.892s] GC(8) Eden regions: 298->0(291)
[2023-04-09T18:41:23.384+0800][18.892s] GC(8) Survivor regions: 9->16(39)
[2023-04-09T18:41:23.384+0800][18.892s] GC(8) Old regions: 12->12
[2023-04-09T18:41:23.384+0800][18.892s] GC(8) Humongous regions: 4->4
[2023-04-09T18:41:23.384+0800][18.892s] GC(8) Metaspace: 45031K(46384K)->45031K(46384K) NonClass: 39823K(40624K)->39823K(40624K) Class: 5207K(5760K)->5207K(5760K)
[2023-04-09T18:41:23.384+0800][18.892s] GC(8) Pause Young (Normal) (G1 Evacuation Pause) 322M->31M(512M) 8.419ms
[2023-04-09T18:41:23.384+0800][18.892s] GC(8) User=0.00s Sys=0.00s Real=0.01s
[2023-04-09T18:41:37.218+0800][32.727s] GC(9) Pause Young (Normal) (G1 Evacuation Pause)
[2023-04-09T18:41:37.218+0800][32.727s] GC(9) Using 8 workers of 8 for evacuation
[2023-04-09T18:41:37.226+0800][32.734s] GC(9)   Pre Evacuate Collection Set: 0.0ms
[2023-04-09T18:41:37.226+0800][32.734s] GC(9)   Evacuate Collection Set: 6.2ms
[2023-04-09T18:41:37.226+0800][32.734s] GC(9)   Post Evacuate Collection Set: 0.9ms
[2023-04-09T18:41:37.226+0800][32.734s] GC(9)   Other: 0.2ms
[2023-04-09T18:41:37.226+0800][32.734s] GC(9) Eden regions: 291->0(286)
[2023-04-09T18:41:37.226+0800][32.734s] GC(9) Survivor regions: 16->21(39)
[2023-04-09T18:41:37.226+0800][32.734s] GC(9) Old regions: 12->12
[2023-04-09T18:41:37.226+0800][32.734s] GC(9) Humongous regions: 4->4
[2023-04-09T18:41:37.226+0800][32.734s] GC(9) Metaspace: 52395K(53808K)->52395K(53808K) NonClass: 46257K(47024K)->46257K(47024K) Class: 6138K(6784K)->6138K(6784K)
[2023-04-09T18:41:37.226+0800][32.734s] GC(9) Pause Young (Normal) (G1 Evacuation Pause) 322M->36M(512M) 7.639ms
[2023-04-09T18:41:37.226+0800][32.734s] GC(9) User=0.00s Sys=0.00s Real=0.01s
[2023-04-09T18:42:19.109+0800][74.618s] GC(10) Pause Young (Normal) (G1 Evacuation Pause)
[2023-04-09T18:42:19.109+0800][74.618s] GC(10) Using 8 workers of 8 for evacuation
[2023-04-09T18:42:19.118+0800][74.627s] GC(10)   Pre Evacuate Collection Set: 0.0ms
[2023-04-09T18:42:19.118+0800][74.627s] GC(10)   Evacuate Collection Set: 7.5ms
[2023-04-09T18:42:19.118+0800][74.627s] GC(10)   Post Evacuate Collection Set: 1.1ms
[2023-04-09T18:42:19.118+0800][74.627s] GC(10)   Other: 0.3ms
[2023-04-09T18:42:19.118+0800][74.627s] GC(10) Eden regions: 286->0(273)
[2023-04-09T18:42:19.118+0800][74.627s] GC(10) Survivor regions: 21->34(39)
[2023-04-09T18:42:19.118+0800][74.627s] GC(10) Old regions: 12->12
[2023-04-09T18:42:19.118+0800][74.627s] GC(10) Humongous regions: 38->14
[2023-04-09T18:42:19.118+0800][74.628s] GC(10) Metaspace: 56813K(58544K)->56813K(58544K) NonClass: 50144K(51120K)->50144K(51120K) Class: 6669K(7424K)->6669K(7424K)
[2023-04-09T18:42:19.118+0800][74.628s] GC(10) Pause Young (Normal) (G1 Evacuation Pause) 356M->59M(512M) 9.289ms
[2023-04-09T18:42:19.118+0800][74.628s] GC(10) User=0.00s Sys=0.00s Real=0.01s
[2023-04-09T18:42:19.979+0800][75.488s] GC(11) Pause Young (Normal) (G1 Evacuation Pause)
[2023-04-09T18:42:19.979+0800][75.488s] GC(11) Using 8 workers of 8 for evacuation
[2023-04-09T18:42:19.991+0800][75.500s] GC(11)   Pre Evacuate Collection Set: 0.0ms
[2023-04-09T18:42:19.991+0800][75.500s] GC(11)   Evacuate Collection Set: 10.7ms
[2023-04-09T18:42:19.991+0800][75.500s] GC(11)   Post Evacuate Collection Set: 1.2ms
[2023-04-09T18:42:19.991+0800][75.500s] GC(11)   Other: 0.2ms
[2023-04-09T18:42:19.991+0800][75.500s] GC(11) Eden regions: 273->0(277)
[2023-04-09T18:42:19.991+0800][75.500s] GC(11) Survivor regions: 34->30(39)
[2023-04-09T18:42:19.991+0800][75.500s] GC(11) Old regions: 12->28
[2023-04-09T18:42:19.991+0800][75.500s] GC(11) Humongous regions: 48->24
[2023-04-09T18:42:19.991+0800][75.500s] GC(11) Metaspace: 57992K(59696K)->57992K(59696K) NonClass: 51214K(52144K)->51214K(52144K) Class: 6778K(7552K)->6778K(7552K)
[2023-04-09T18:42:19.992+0800][75.500s] GC(11) Pause Young (Normal) (G1 Evacuation Pause) 366M->81M(512M) 12.409ms
[2023-04-09T18:42:19.992+0800][75.500s] GC(11) User=0.11s Sys=0.00s Real=0.01s
[2023-04-09T18:42:20.516+0800][76.025s] GC(12) Pause Young (Normal) (G1 Evacuation Pause)
[2023-04-09T18:42:20.516+0800][76.025s] GC(12) Using 8 workers of 8 for evacuation
[2023-04-09T18:42:20.523+0800][76.032s] GC(12)   Pre Evacuate Collection Set: 0.0ms
[2023-04-09T18:42:20.523+0800][76.032s] GC(12)   Evacuate Collection Set: 5.6ms
[2023-04-09T18:42:20.523+0800][76.032s] GC(12)   Post Evacuate Collection Set: 0.8ms
[2023-04-09T18:42:20.523+0800][76.032s] GC(12)   Other: 0.2ms
[2023-04-09T18:42:20.523+0800][76.032s] GC(12) Eden regions: 277->0(286)
[2023-04-09T18:42:20.523+0800][76.032s] GC(12) Survivor regions: 30->21(39)
[2023-04-09T18:42:20.523+0800][76.032s] GC(12) Old regions: 28->44
[2023-04-09T18:42:20.523+0800][76.032s] GC(12) Humongous regions: 78->33
[2023-04-09T18:42:20.523+0800][76.032s] GC(12) Metaspace: 58019K(59696K)->58019K(59696K) NonClass: 51241K(52144K)->51241K(52144K) Class: 6778K(7552K)->6778K(7552K)
[2023-04-09T18:42:20.523+0800][76.032s] GC(12) Pause Young (Normal) (G1 Evacuation Pause) 412M->97M(512M) 6.943ms
[2023-04-09T18:42:20.523+0800][76.032s] GC(12) User=0.00s Sys=0.00s Real=0.01s
[2023-04-09T18:42:20.594+0800][76.103s] GC(13) Pause Young (Concurrent Start) (Metadata GC Threshold)
[2023-04-09T18:42:20.594+0800][76.103s] GC(13) Using 8 workers of 8 for evacuation
[2023-04-09T18:42:20.598+0800][76.107s] GC(13)   Pre Evacuate Collection Set: 0.1ms
[2023-04-09T18:42:20.598+0800][76.107s] GC(13)   Evacuate Collection Set: 3.3ms
[2023-04-09T18:42:20.598+0800][76.107s] GC(13)   Post Evacuate Collection Set: 0.4ms
[2023-04-09T18:42:20.598+0800][76.107s] GC(13)   Other: 0.2ms
[2023-04-09T18:42:20.598+0800][76.107s] GC(13) Eden regions: 29->0(251)
[2023-04-09T18:42:20.598+0800][76.107s] GC(13) Survivor regions: 21->22(39)
[2023-04-09T18:42:20.598+0800][76.107s] GC(13) Old regions: 44->44
[2023-04-09T18:42:20.598+0800][76.107s] GC(13) Humongous regions: 47->33
[2023-04-09T18:42:20.598+0800][76.107s] GC(13) Metaspace: 58254K(59940K)->58254K(59940K) NonClass: 51453K(52388K)->51453K(52388K) Class: 6800K(7552K)->6800K(7552K)
[2023-04-09T18:42:20.598+0800][76.107s] GC(13) Pause Young (Concurrent Start) (Metadata GC Threshold) 140M->98M(512M) 4.105ms
[2023-04-09T18:42:20.598+0800][76.107s] GC(13) User=0.00s Sys=0.00s Real=0.00s
[2023-04-09T18:42:20.598+0800][76.107s] GC(14) Concurrent Cycle
[2023-04-09T18:42:20.598+0800][76.107s] GC(14) Concurrent Clear Claimed Marks
[2023-04-09T18:42:20.598+0800][76.107s] GC(14) Concurrent Clear Claimed Marks 0.061ms
[2023-04-09T18:42:20.598+0800][76.107s] GC(14) Concurrent Scan Root Regions
[2023-04-09T18:42:20.599+0800][76.108s] GC(14) Concurrent Scan Root Regions 0.985ms
[2023-04-09T18:42:20.599+0800][76.108s] GC(14) Concurrent Mark (76.108s)
[2023-04-09T18:42:20.599+0800][76.108s] GC(14) Concurrent Mark From Roots
[2023-04-09T18:42:20.599+0800][76.108s] GC(14) Using 2 workers of 2 for marking
[2023-04-09T18:42:20.638+0800][76.147s] GC(14) Concurrent Mark From Roots 38.753ms
[2023-04-09T18:42:20.638+0800][76.147s] GC(14) Concurrent Preclean
[2023-04-09T18:42:20.638+0800][76.147s] GC(14) Concurrent Preclean 0.350ms
[2023-04-09T18:42:20.638+0800][76.147s] GC(14) Concurrent Mark (76.108s, 76.147s) 39.223ms
[2023-04-09T18:42:20.638+0800][76.147s] GC(14) Pause Remark
[2023-04-09T18:42:20.643+0800][76.152s] GC(14) Cleaned string and symbol table, strings: 27559 processed, 38 removed, symbols: 168603 processed, 553 removed
[2023-04-09T18:42:20.643+0800][76.152s] GC(14) Pause Remark 118M->115M(512M) 4.738ms
[2023-04-09T18:42:20.643+0800][76.152s] GC(14) User=0.00s Sys=0.00s Real=0.00s
[2023-04-09T18:42:20.643+0800][76.152s] GC(14) Concurrent Rebuild Remembered Sets
[2023-04-09T18:42:20.663+0800][76.172s] GC(14) Concurrent Rebuild Remembered Sets 19.548ms
[2023-04-09T18:42:20.663+0800][76.172s] GC(14) Pause Cleanup
[2023-04-09T18:42:20.663+0800][76.172s] GC(14) Pause Cleanup 122M->122M(512M) 0.140ms
[2023-04-09T18:42:20.663+0800][76.172s] GC(14) User=0.00s Sys=0.00s Real=0.00s
[2023-04-09T18:42:20.663+0800][76.172s] GC(14) Concurrent Cleanup for Next Mark
[2023-04-09T18:42:20.664+0800][76.173s] GC(14) Concurrent Cleanup for Next Mark 0.974ms
[2023-04-09T18:42:20.664+0800][76.173s] GC(14) Concurrent Cycle 66.398ms
[2023-04-09T18:42:21.149+0800][76.658s] GC(15) Pause Young (Normal) (G1 Evacuation Pause)
[2023-04-09T18:42:21.150+0800][76.658s] GC(15) Using 8 workers of 8 for evacuation
[2023-04-09T18:42:21.155+0800][76.663s] GC(15)   Pre Evacuate Collection Set: 0.0ms
[2023-04-09T18:42:21.155+0800][76.663s] GC(15)   Evacuate Collection Set: 4.4ms
[2023-04-09T18:42:21.155+0800][76.663s] GC(15)   Post Evacuate Collection Set: 0.6ms
[2023-04-09T18:42:21.155+0800][76.663s] GC(15)   Other: 0.2ms
[2023-04-09T18:42:21.155+0800][76.663s] GC(15) Eden regions: 251->0(264)
[2023-04-09T18:42:21.155+0800][76.663s] GC(15) Survivor regions: 22->21(35)
[2023-04-09T18:42:21.155+0800][76.663s] GC(15) Old regions: 44->53
[2023-04-09T18:42:21.155+0800][76.663s] GC(15) Humongous regions: 72->23
[2023-04-09T18:42:21.155+0800][76.663s] GC(15) Metaspace: 58600K(60528K)->58600K(60528K) NonClass: 51730K(52900K)->51730K(52900K) Class: 6870K(7628K)->6870K(7628K)
[2023-04-09T18:42:21.155+0800][76.664s] GC(15) Pause Young (Normal) (G1 Evacuation Pause) 388M->96M(512M) 5.626ms
[2023-04-09T18:42:21.155+0800][76.664s] GC(15) User=0.09s Sys=0.02s Real=0.01s
[2023-04-09T18:42:21.601+0800][77.110s] GC(16) Pause Young (Normal) (G1 Evacuation Pause)
[2023-04-09T18:42:21.601+0800][77.110s] GC(16) Using 8 workers of 8 for evacuation
[2023-04-09T18:42:21.605+0800][77.114s] GC(16)   Pre Evacuate Collection Set: 0.0ms
[2023-04-09T18:42:21.605+0800][77.114s] GC(16)   Evacuate Collection Set: 3.1ms
[2023-04-09T18:42:21.605+0800][77.114s] GC(16)   Post Evacuate Collection Set: 0.6ms
[2023-04-09T18:42:21.605+0800][77.114s] GC(16)   Other: 0.2ms
[2023-04-09T18:42:21.605+0800][77.114s] GC(16) Eden regions: 264->0(261)
[2023-04-09T18:42:21.605+0800][77.114s] GC(16) Survivor regions: 21->24(36)
[2023-04-09T18:42:21.605+0800][77.114s] GC(16) Old regions: 53->59
[2023-04-09T18:42:21.605+0800][77.114s] GC(16) Humongous regions: 75->35
[2023-04-09T18:42:21.605+0800][77.114s] GC(16) Metaspace: 58604K(60528K)->58604K(60528K) NonClass: 51734K(52900K)->51734K(52900K) Class: 6870K(7628K)->6870K(7628K)
[2023-04-09T18:42:21.605+0800][77.114s] GC(16) Pause Young (Normal) (G1 Evacuation Pause) 412M->117M(512M) 4.052ms
[2023-04-09T18:42:21.605+0800][77.114s] GC(16) User=0.05s Sys=0.00s Real=0.00s
[2023-04-09T18:42:21.930+0800][77.439s] GC(17) Pause Young (Normal) (G1 Evacuation Pause)
[2023-04-09T18:42:21.930+0800][77.439s] GC(17) Using 8 workers of 8 for evacuation
[2023-04-09T18:42:21.934+0800][77.443s] GC(17)   Pre Evacuate Collection Set: 0.0ms
[2023-04-09T18:42:21.934+0800][77.443s] GC(17)   Evacuate Collection Set: 3.5ms
[2023-04-09T18:42:21.934+0800][77.443s] GC(17)   Post Evacuate Collection Set: 0.6ms
[2023-04-09T18:42:21.934+0800][77.443s] GC(17)   Other: 0.2ms
[2023-04-09T18:42:21.934+0800][77.443s] GC(17) Eden regions: 261->0(264)
[2023-04-09T18:42:21.934+0800][77.443s] GC(17) Survivor regions: 24->20(36)
[2023-04-09T18:42:21.934+0800][77.443s] GC(17) Old regions: 59->68
[2023-04-09T18:42:21.934+0800][77.443s] GC(17) Humongous regions: 59->37
[2023-04-09T18:42:21.934+0800][77.443s] GC(17) Metaspace: 58606K(60528K)->58606K(60528K) NonClass: 51736K(52900K)->51736K(52900K) Class: 6870K(7628K)->6870K(7628K)
[2023-04-09T18:42:21.934+0800][77.443s] GC(17) Pause Young (Normal) (G1 Evacuation Pause) 402M->124M(512M) 4.523ms
[2023-04-09T18:42:21.934+0800][77.443s] GC(17) User=0.12s Sys=0.00s Real=0.00s
[2023-04-09T18:42:22.290+0800][77.800s] GC(18) Pause Young (Normal) (G1 Evacuation Pause)
[2023-04-09T18:42:22.290+0800][77.800s] GC(18) Using 8 workers of 8 for evacuation
[2023-04-09T18:42:22.294+0800][77.803s] GC(18)   Pre Evacuate Collection Set: 0.0ms
[2023-04-09T18:42:22.294+0800][77.803s] GC(18)   Evacuate Collection Set: 3.1ms
[2023-04-09T18:42:22.294+0800][77.803s] GC(18)   Post Evacuate Collection Set: 0.4ms
[2023-04-09T18:42:22.294+0800][77.803s] GC(18)   Other: 0.2ms
[2023-04-09T18:42:22.294+0800][77.803s] GC(18) Eden regions: 264->0(264)
[2023-04-09T18:42:22.294+0800][77.803s] GC(18) Survivor regions: 20->29(36)
[2023-04-09T18:42:22.294+0800][77.803s] GC(18) Old regions: 68->68
[2023-04-09T18:42:22.294+0800][77.803s] GC(18) Humongous regions: 58->37
[2023-04-09T18:42:22.294+0800][77.803s] GC(18) Metaspace: 58606K(60528K)->58606K(60528K) NonClass: 51736K(52900K)->51736K(52900K) Class: 6870K(7628K)->6870K(7628K)
[2023-04-09T18:42:22.294+0800][77.803s] GC(18) Pause Young (Normal) (G1 Evacuation Pause) 409M->133M(512M) 3.938ms
[2023-04-09T18:42:22.294+0800][77.803s] GC(18) User=0.12s Sys=0.00s Real=0.00s
[2023-04-09T18:42:22.639+0800][78.148s] GC(19) Pause Young (Normal) (G1 Evacuation Pause)
[2023-04-09T18:42:22.639+0800][78.148s] GC(19) Using 8 workers of 8 for evacuation
[2023-04-09T18:42:22.644+0800][78.153s] GC(19)   Pre Evacuate Collection Set: 0.0ms
[2023-04-09T18:42:22.644+0800][78.153s] GC(19)   Evacuate Collection Set: 4.3ms
[2023-04-09T18:42:22.644+0800][78.153s] GC(19)   Post Evacuate Collection Set: 0.4ms
[2023-04-09T18:42:22.644+0800][78.153s] GC(19)   Other: 0.2ms
[2023-04-09T18:42:22.644+0800][78.153s] GC(19) Eden regions: 264->0(259)
[2023-04-09T18:42:22.644+0800][78.153s] GC(19) Survivor regions: 29->20(37)
[2023-04-09T18:42:22.644+0800][78.153s] GC(19) Old regions: 68->84
[2023-04-09T18:42:22.644+0800][78.153s] GC(19) Humongous regions: 65->44
[2023-04-09T18:42:22.644+0800][78.153s] GC(19) Metaspace: 58606K(60528K)->58606K(60528K) NonClass: 51736K(52900K)->51736K(52900K) Class: 6870K(7628K)->6870K(7628K)
[2023-04-09T18:42:22.644+0800][78.153s] GC(19) Pause Young (Normal) (G1 Evacuation Pause) 425M->146M(512M) 5.190ms
[2023-04-09T18:42:22.644+0800][78.153s] GC(19) User=0.00s Sys=0.00s Real=0.01s
[2023-04-09T18:42:22.916+0800][78.425s] GC(20) Pause Young (Normal) (G1 Evacuation Pause)
[2023-04-09T18:42:22.916+0800][78.425s] GC(20) Using 8 workers of 8 for evacuation
[2023-04-09T18:42:22.919+0800][78.428s] GC(20)   Pre Evacuate Collection Set: 0.0ms
[2023-04-09T18:42:22.919+0800][78.428s] GC(20)   Evacuate Collection Set: 2.6ms
[2023-04-09T18:42:22.919+0800][78.428s] GC(20)   Post Evacuate Collection Set: 0.5ms
[2023-04-09T18:42:22.919+0800][78.428s] GC(20)   Other: 0.2ms
[2023-04-09T18:42:22.919+0800][78.428s] GC(20) Eden regions: 259->0(254)
[2023-04-09T18:42:22.919+0800][78.428s] GC(20) Survivor regions: 20->25(35)
[2023-04-09T18:42:22.919+0800][78.428s] GC(20) Old regions: 84->84
[2023-04-09T18:42:22.919+0800][78.428s] GC(20) Humongous regions: 80->51
[2023-04-09T18:42:22.919+0800][78.428s] GC(20) Metaspace: 58639K(60528K)->58639K(60528K) NonClass: 51764K(52900K)->51764K(52900K) Class: 6874K(7628K)->6874K(7628K)
[2023-04-09T18:42:22.919+0800][78.428s] GC(20) Pause Young (Normal) (G1 Evacuation Pause) 441M->158M(512M) 3.600ms
[2023-04-09T18:42:22.920+0800][78.428s] GC(20) User=0.12s Sys=0.00s Real=0.00s
[2023-04-09T18:42:23.445+0800][78.953s] GC(21) Pause Young (Normal) (G1 Evacuation Pause)
[2023-04-09T18:42:23.445+0800][78.953s] GC(21) Using 8 workers of 8 for evacuation
[2023-04-09T18:42:23.450+0800][78.958s] GC(21)   Pre Evacuate Collection Set: 0.0ms
[2023-04-09T18:42:23.450+0800][78.958s] GC(21)   Evacuate Collection Set: 4.2ms
[2023-04-09T18:42:23.450+0800][78.959s] GC(21)   Post Evacuate Collection Set: 0.6ms
[2023-04-09T18:42:23.450+0800][78.959s] GC(21)   Other: 0.2ms
[2023-04-09T18:42:23.450+0800][78.959s] GC(21) Eden regions: 254->0(232)
[2023-04-09T18:42:23.450+0800][78.959s] GC(21) Survivor regions: 25->25(35)
[2023-04-09T18:42:23.450+0800][78.959s] GC(21) Old regions: 84->91
[2023-04-09T18:42:23.450+0800][78.959s] GC(21) Humongous regions: 105->74
[2023-04-09T18:42:23.450+0800][78.959s] GC(21) Metaspace: 58815K(60784K)->58815K(60784K) NonClass: 51931K(53156K)->51931K(53156K) Class: 6884K(7628K)->6884K(7628K)
[2023-04-09T18:42:23.450+0800][78.959s] GC(21) Pause Young (Normal) (G1 Evacuation Pause) 466M->189M(512M) 5.357ms
[2023-04-09T18:42:23.450+0800][78.959s] GC(21) User=0.12s Sys=0.00s Real=0.01s
[2023-04-09T18:42:24.203+0800][79.712s] GC(22) Pause Young (Normal) (G1 Evacuation Pause)
[2023-04-09T18:42:24.203+0800][79.712s] GC(22) Using 8 workers of 8 for evacuation
[2023-04-09T18:42:24.207+0800][79.716s] GC(22)   Pre Evacuate Collection Set: 0.0ms
[2023-04-09T18:42:24.208+0800][79.716s] GC(22)   Evacuate Collection Set: 3.9ms
[2023-04-09T18:42:24.208+0800][79.716s] GC(22)   Post Evacuate Collection Set: 0.5ms
[2023-04-09T18:42:24.208+0800][79.716s] GC(22)   Other: 0.2ms
[2023-04-09T18:42:24.208+0800][79.716s] GC(22) Eden regions: 232->0(241)
[2023-04-09T18:42:24.208+0800][79.716s] GC(22) Survivor regions: 25->14(33)
[2023-04-09T18:42:24.208+0800][79.716s] GC(22) Old regions: 91->105
[2023-04-09T18:42:24.208+0800][79.716s] GC(22) Humongous regions: 109->65
[2023-04-09T18:42:24.208+0800][79.716s] GC(22) Metaspace: 58844K(60784K)->58844K(60784K) NonClass: 51956K(53156K)->51956K(53156K) Class: 6887K(7628K)->6887K(7628K)
[2023-04-09T18:42:24.208+0800][79.716s] GC(22) Pause Young (Normal) (G1 Evacuation Pause) 456M->183M(512M) 4.757ms
[2023-04-09T18:42:24.208+0800][79.716s] GC(22) User=0.00s Sys=0.00s Real=0.00s
[2023-04-09T18:42:24.754+0800][80.263s] GC(23) Pause Young (Normal) (G1 Evacuation Pause)
[2023-04-09T18:42:24.754+0800][80.263s] GC(23) Using 8 workers of 8 for evacuation
[2023-04-09T18:42:24.757+0800][80.266s] GC(23)   Pre Evacuate Collection Set: 0.0ms
[2023-04-09T18:42:24.757+0800][80.266s] GC(23)   Evacuate Collection Set: 2.4ms
[2023-04-09T18:42:24.757+0800][80.266s] GC(23)   Post Evacuate Collection Set: 0.4ms
[2023-04-09T18:42:24.757+0800][80.266s] GC(23)   Other: 0.2ms
[2023-04-09T18:42:24.757+0800][80.266s] GC(23) Eden regions: 241->0(239)
[2023-04-09T18:42:24.757+0800][80.266s] GC(23) Survivor regions: 14->20(32)
[2023-04-09T18:42:24.757+0800][80.266s] GC(23) Old regions: 105->105
[2023-04-09T18:42:24.757+0800][80.266s] GC(23) Humongous regions: 66->66
[2023-04-09T18:42:24.757+0800][80.266s] GC(23) Metaspace: 58844K(60784K)->58844K(60784K) NonClass: 51956K(53156K)->51956K(53156K) Class: 6887K(7628K)->6887K(7628K)
[2023-04-09T18:42:24.757+0800][80.266s] GC(23) Pause Young (Normal) (G1 Evacuation Pause) 425M->189M(512M) 3.101ms
[2023-04-09T18:42:24.757+0800][80.267s] GC(23) User=0.00s Sys=0.00s Real=0.00s
[2023-04-09T18:42:25.159+0800][80.668s] GC(24) Pause Young (Normal) (G1 Evacuation Pause)
[2023-04-09T18:42:25.159+0800][80.668s] GC(24) Using 8 workers of 8 for evacuation
[2023-04-09T18:42:25.162+0800][80.671s] GC(24)   Pre Evacuate Collection Set: 0.0ms
[2023-04-09T18:42:25.162+0800][80.671s] GC(24)   Evacuate Collection Set: 2.4ms
[2023-04-09T18:42:25.162+0800][80.671s] GC(24)   Post Evacuate Collection Set: 0.6ms
[2023-04-09T18:42:25.162+0800][80.671s] GC(24)   Other: 0.2ms
[2023-04-09T18:42:25.162+0800][80.671s] GC(24) Eden regions: 239->0(236)
[2023-04-09T18:42:25.162+0800][80.671s] GC(24) Survivor regions: 20->16(33)
[2023-04-09T18:42:25.162+0800][80.671s] GC(24) Old regions: 105->113
[2023-04-09T18:42:25.162+0800][80.671s] GC(24) Humongous regions: 69->68
[2023-04-09T18:42:25.162+0800][80.671s] GC(24) Metaspace: 58844K(60784K)->58844K(60784K) NonClass: 51956K(53156K)->51956K(53156K) Class: 6887K(7628K)->6887K(7628K)
[2023-04-09T18:42:25.162+0800][80.671s] GC(24) Pause Young (Normal) (G1 Evacuation Pause) 431M->195M(512M) 3.352ms
[2023-04-09T18:42:25.162+0800][80.671s] GC(24) User=0.00s Sys=0.00s Real=0.00s
[2023-04-09T18:42:25.528+0800][81.037s] GC(25) Pause Young (Normal) (G1 Evacuation Pause)
[2023-04-09T18:42:25.528+0800][81.037s] GC(25) Using 8 workers of 8 for evacuation
[2023-04-09T18:42:25.531+0800][81.040s] GC(25)   Pre Evacuate Collection Set: 0.0ms
[2023-04-09T18:42:25.531+0800][81.040s] GC(25)   Evacuate Collection Set: 1.9ms
[2023-04-09T18:42:25.532+0800][81.040s] GC(25)   Post Evacuate Collection Set: 0.5ms
[2023-04-09T18:42:25.532+0800][81.040s] GC(25)   Other: 0.2ms
[2023-04-09T18:42:25.532+0800][81.040s] GC(25) Eden regions: 236->0(236)
[2023-04-09T18:42:25.532+0800][81.040s] GC(25) Survivor regions: 16->18(32)
[2023-04-09T18:42:25.532+0800][81.040s] GC(25) Old regions: 113->113
[2023-04-09T18:42:25.532+0800][81.040s] GC(25) Humongous regions: 68->68
[2023-04-09T18:42:25.532+0800][81.040s] GC(25) Metaspace: 58844K(60784K)->58844K(60784K) NonClass: 51956K(53156K)->51956K(53156K) Class: 6887K(7628K)->6887K(7628K)
[2023-04-09T18:42:25.532+0800][81.040s] GC(25) Pause Young (Normal) (G1 Evacuation Pause) 431M->197M(512M) 2.901ms
[2023-04-09T18:42:25.532+0800][81.040s] GC(25) User=0.00s Sys=0.00s Real=0.00s
[2023-04-09T18:42:25.876+0800][81.384s] GC(26) Pause Young (Normal) (G1 Evacuation Pause)
[2023-04-09T18:42:25.876+0800][81.384s] GC(26) Using 8 workers of 8 for evacuation
[2023-04-09T18:42:25.879+0800][81.387s] GC(26)   Pre Evacuate Collection Set: 0.0ms
[2023-04-09T18:42:25.879+0800][81.387s] GC(26)   Evacuate Collection Set: 2.3ms
[2023-04-09T18:42:25.879+0800][81.388s] GC(26)   Post Evacuate Collection Set: 0.5ms
[2023-04-09T18:42:25.879+0800][81.388s] GC(26)   Other: 0.2ms
[2023-04-09T18:42:25.879+0800][81.388s] GC(26) Eden regions: 236->0(229)
[2023-04-09T18:42:25.879+0800][81.388s] GC(26) Survivor regions: 18->14(32)
[2023-04-09T18:42:25.879+0800][81.388s] GC(26) Old regions: 113->118
[2023-04-09T18:42:25.879+0800][81.388s] GC(26) Humongous regions: 80->75
[2023-04-09T18:42:25.879+0800][81.388s] GC(26) Metaspace: 58857K(60784K)->58857K(60784K) NonClass: 51969K(53156K)->51969K(53156K) Class: 6887K(7628K)->6887K(7628K)
[2023-04-09T18:42:25.879+0800][81.388s] GC(26) Pause Young (Normal) (G1 Evacuation Pause) 445M->206M(512M) 3.488ms
[2023-04-09T18:42:25.879+0800][81.388s] GC(26) User=0.00s Sys=0.00s Real=0.00s
[2023-04-09T18:42:26.340+0800][81.849s] GC(27) Pause Young (Normal) (G1 Evacuation Pause)
[2023-04-09T18:42:26.340+0800][81.849s] GC(27) Using 8 workers of 8 for evacuation
[2023-04-09T18:42:26.342+0800][81.851s] GC(27)   Pre Evacuate Collection Set: 0.0ms
[2023-04-09T18:42:26.342+0800][81.851s] GC(27)   Evacuate Collection Set: 1.5ms
[2023-04-09T18:42:26.342+0800][81.851s] GC(27)   Post Evacuate Collection Set: 0.5ms
[2023-04-09T18:42:26.342+0800][81.851s] GC(27)   Other: 0.2ms
[2023-04-09T18:42:26.342+0800][81.851s] GC(27) Eden regions: 229->0(232)
[2023-04-09T18:42:26.343+0800][81.851s] GC(27) Survivor regions: 14->12(31)
[2023-04-09T18:42:26.343+0800][81.851s] GC(27) Old regions: 118->118
[2023-04-09T18:42:26.343+0800][81.851s] GC(27) Humongous regions: 76->75
[2023-04-09T18:42:26.343+0800][81.851s] GC(27) Metaspace: 58866K(60784K)->58866K(60784K) NonClass: 51978K(53156K)->51978K(53156K) Class: 6887K(7628K)->6887K(7628K)
[2023-04-09T18:42:26.343+0800][81.851s] GC(27) Pause Young (Normal) (G1 Evacuation Pause) 436M->204M(512M) 2.581ms
[2023-04-09T18:42:26.343+0800][81.851s] GC(27) User=0.00s Sys=0.00s Real=0.00s
[2023-04-09T18:42:26.651+0800][82.161s] GC(28) Pause Young (Normal) (G1 Evacuation Pause)
[2023-04-09T18:42:26.651+0800][82.161s] GC(28) Using 8 workers of 8 for evacuation
[2023-04-09T18:42:26.654+0800][82.163s] GC(28)   Pre Evacuate Collection Set: 0.0ms
[2023-04-09T18:42:26.654+0800][82.163s] GC(28)   Evacuate Collection Set: 1.5ms
[2023-04-09T18:42:26.654+0800][82.163s] GC(28)   Post Evacuate Collection Set: 0.4ms
[2023-04-09T18:42:26.654+0800][82.163s] GC(28)   Other: 0.2ms
[2023-04-09T18:42:26.654+0800][82.163s] GC(28) Eden regions: 232->0(233)
[2023-04-09T18:42:26.654+0800][82.163s] GC(28) Survivor regions: 12->13(31)
[2023-04-09T18:42:26.654+0800][82.163s] GC(28) Old regions: 118->118
[2023-04-09T18:42:26.654+0800][82.163s] GC(28) Humongous regions: 75->75
[2023-04-09T18:42:26.654+0800][82.163s] GC(28) Metaspace: 58867K(60784K)->58867K(60784K) NonClass: 51979K(53156K)->51979K(53156K) Class: 6887K(7628K)->6887K(7628K)
[2023-04-09T18:42:26.654+0800][82.163s] GC(28) Pause Young (Normal) (G1 Evacuation Pause) 436M->204M(512M) 2.348ms
[2023-04-09T18:42:26.654+0800][82.163s] GC(28) User=0.06s Sys=0.00s Real=0.00s
[2023-04-09T18:42:26.973+0800][82.482s] GC(29) Pause Young (Normal) (G1 Evacuation Pause)
[2023-04-09T18:42:26.973+0800][82.482s] GC(29) Using 8 workers of 8 for evacuation
[2023-04-09T18:42:26.975+0800][82.484s] GC(29)   Pre Evacuate Collection Set: 0.0ms
[2023-04-09T18:42:26.975+0800][82.484s] GC(29)   Evacuate Collection Set: 1.5ms
[2023-04-09T18:42:26.975+0800][82.484s] GC(29)   Post Evacuate Collection Set: 0.4ms
[2023-04-09T18:42:26.975+0800][82.484s] GC(29)   Other: 0.2ms
[2023-04-09T18:42:26.975+0800][82.484s] GC(29) Eden regions: 233->0(234)
[2023-04-09T18:42:26.975+0800][82.484s] GC(29) Survivor regions: 13->13(31)
[2023-04-09T18:42:26.975+0800][82.484s] GC(29) Old regions: 118->118
[2023-04-09T18:42:26.975+0800][82.484s] GC(29) Humongous regions: 75->75
[2023-04-09T18:42:26.975+0800][82.484s] GC(29) Metaspace: 58868K(60784K)->58868K(60784K) NonClass: 51980K(53156K)->51980K(53156K) Class: 6887K(7628K)->6887K(7628K)
[2023-04-09T18:42:26.975+0800][82.484s] GC(29) Pause Young (Normal) (G1 Evacuation Pause) 437M->205M(512M) 2.306ms
[2023-04-09T18:42:26.975+0800][82.484s] GC(29) User=0.00s Sys=0.00s Real=0.00s
[2023-04-09T18:42:27.167+0800][82.676s] GC(30) Pause Young (Normal) (G1 Evacuation Pause)
[2023-04-09T18:42:27.167+0800][82.676s] GC(30) Using 8 workers of 8 for evacuation
[2023-04-09T18:42:27.170+0800][82.679s] GC(30)   Pre Evacuate Collection Set: 0.0ms
[2023-04-09T18:42:27.170+0800][82.679s] GC(30)   Evacuate Collection Set: 1.9ms
[2023-04-09T18:42:27.170+0800][82.679s] GC(30)   Post Evacuate Collection Set: 0.5ms
[2023-04-09T18:42:27.170+0800][82.679s] GC(30)   Other: 0.2ms
[2023-04-09T18:42:27.170+0800][82.679s] GC(30) Eden regions: 234->0(233)
[2023-04-09T18:42:27.170+0800][82.679s] GC(30) Survivor regions: 13->16(31)
[2023-04-09T18:42:27.170+0800][82.679s] GC(30) Old regions: 118->118
[2023-04-09T18:42:27.170+0800][82.679s] GC(30) Humongous regions: 75->75
[2023-04-09T18:42:27.170+0800][82.679s] GC(30) Metaspace: 58868K(60784K)->58868K(60784K) NonClass: 51980K(53156K)->51980K(53156K) Class: 6887K(7628K)->6887K(7628K)
[2023-04-09T18:42:27.170+0800][82.679s] GC(30) Pause Young (Normal) (G1 Evacuation Pause) 439M->207M(512M) 3.183ms
[2023-04-09T18:42:27.170+0800][82.679s] GC(30) User=0.00s Sys=0.00s Real=0.00s
[2023-04-09T18:42:27.379+0800][82.888s] GC(31) Pause Young (Normal) (G1 Evacuation Pause)
[2023-04-09T18:42:27.379+0800][82.888s] GC(31) Using 8 workers of 8 for evacuation
[2023-04-09T18:42:27.381+0800][82.890s] GC(31)   Pre Evacuate Collection Set: 0.0ms
[2023-04-09T18:42:27.381+0800][82.890s] GC(31)   Evacuate Collection Set: 1.9ms
[2023-04-09T18:42:27.381+0800][82.890s] GC(31)   Post Evacuate Collection Set: 0.4ms
[2023-04-09T18:42:27.381+0800][82.890s] GC(31)   Other: 0.2ms
[2023-04-09T18:42:27.381+0800][82.890s] GC(31) Eden regions: 233->0(230)
[2023-04-09T18:42:27.381+0800][82.890s] GC(31) Survivor regions: 16->18(32)
[2023-04-09T18:42:27.381+0800][82.890s] GC(31) Old regions: 118->118
[2023-04-09T18:42:27.381+0800][82.890s] GC(31) Humongous regions: 76->76
[2023-04-09T18:42:27.381+0800][82.890s] GC(31) Metaspace: 58868K(60784K)->58868K(60784K) NonClass: 51980K(53156K)->51980K(53156K) Class: 6887K(7628K)->6887K(7628K)
[2023-04-09T18:42:27.381+0800][82.890s] GC(31) Pause Young (Normal) (G1 Evacuation Pause) 441M->210M(512M) 2.737ms
[2023-04-09T18:42:27.381+0800][82.890s] GC(31) User=0.00s Sys=0.00s Real=0.00s
[2023-04-09T18:42:27.557+0800][83.066s] GC(32) Pause Young (Normal) (G1 Evacuation Pause)
[2023-04-09T18:42:27.557+0800][83.066s] GC(32) Using 8 workers of 8 for evacuation
[2023-04-09T18:42:27.560+0800][83.069s] GC(32)   Pre Evacuate Collection Set: 0.0ms
[2023-04-09T18:42:27.560+0800][83.069s] GC(32)   Evacuate Collection Set: 2.1ms
[2023-04-09T18:42:27.560+0800][83.069s] GC(32)   Post Evacuate Collection Set: 0.5ms
[2023-04-09T18:42:27.560+0800][83.069s] GC(32)   Other: 0.2ms
[2023-04-09T18:42:27.560+0800][83.069s] GC(32) Eden regions: 230->0(228)
[2023-04-09T18:42:27.560+0800][83.069s] GC(32) Survivor regions: 18->17(31)
[2023-04-09T18:42:27.560+0800][83.069s] GC(32) Old regions: 118->121
[2023-04-09T18:42:27.560+0800][83.069s] GC(32) Humongous regions: 78->77
[2023-04-09T18:42:27.560+0800][83.069s] GC(32) Metaspace: 58868K(60784K)->58868K(60784K) NonClass: 51980K(53156K)->51980K(53156K) Class: 6887K(7628K)->6887K(7628K)
[2023-04-09T18:42:27.560+0800][83.069s] GC(32) Pause Young (Normal) (G1 Evacuation Pause) 442M->213M(512M) 3.209ms
[2023-04-09T18:42:27.560+0800][83.069s] GC(32) User=0.12s Sys=0.00s Real=0.00s
[2023-04-09T18:42:27.749+0800][83.258s] GC(33) Pause Young (Normal) (G1 Evacuation Pause)
[2023-04-09T18:42:27.749+0800][83.258s] GC(33) Using 8 workers of 8 for evacuation
[2023-04-09T18:42:27.751+0800][83.260s] GC(33)   Pre Evacuate Collection Set: 0.0ms
[2023-04-09T18:42:27.752+0800][83.260s] GC(33)   Evacuate Collection Set: 1.9ms
[2023-04-09T18:42:27.752+0800][83.260s] GC(33)   Post Evacuate Collection Set: 0.3ms
[2023-04-09T18:42:27.752+0800][83.260s] GC(33)   Other: 0.2ms
[2023-04-09T18:42:27.752+0800][83.260s] GC(33) Eden regions: 228->0(227)
[2023-04-09T18:42:27.752+0800][83.260s] GC(33) Survivor regions: 17->17(31)
[2023-04-09T18:42:27.752+0800][83.260s] GC(33) Old regions: 121->121
[2023-04-09T18:42:27.752+0800][83.260s] GC(33) Humongous regions: 78->78
[2023-04-09T18:42:27.752+0800][83.260s] GC(33) Metaspace: 58868K(60784K)->58868K(60784K) NonClass: 51980K(53156K)->51980K(53156K) Class: 6887K(7628K)->6887K(7628K)
[2023-04-09T18:42:27.752+0800][83.260s] GC(33) Pause Young (Normal) (G1 Evacuation Pause) 442M->215M(512M) 2.711ms
[2023-04-09T18:42:27.752+0800][83.260s] GC(33) User=0.00s Sys=0.00s Real=0.00s
[2023-04-09T18:42:27.963+0800][83.472s] GC(34) Pause Young (Normal) (G1 Evacuation Pause)
[2023-04-09T18:42:27.963+0800][83.472s] GC(34) Using 8 workers of 8 for evacuation
[2023-04-09T18:42:27.967+0800][83.475s] GC(34)   Pre Evacuate Collection Set: 0.0ms
[2023-04-09T18:42:27.967+0800][83.475s] GC(34)   Evacuate Collection Set: 2.6ms
[2023-04-09T18:42:27.967+0800][83.475s] GC(34)   Post Evacuate Collection Set: 0.4ms
[2023-04-09T18:42:27.967+0800][83.475s] GC(34)   Other: 0.2ms
[2023-04-09T18:42:27.967+0800][83.475s] GC(34) Eden regions: 227->0(221)
[2023-04-09T18:42:27.967+0800][83.475s] GC(34) Survivor regions: 17->19(31)
[2023-04-09T18:42:27.967+0800][83.475s] GC(34) Old regions: 121->123
[2023-04-09T18:42:27.967+0800][83.475s] GC(34) Humongous regions: 78->78
[2023-04-09T18:42:27.967+0800][83.475s] GC(34) Metaspace: 58921K(60784K)->58921K(60784K) NonClass: 52027K(53156K)->52027K(53156K) Class: 6893K(7628K)->6893K(7628K)
[2023-04-09T18:42:27.967+0800][83.475s] GC(34) Pause Young (Normal) (G1 Evacuation Pause) 442M->219M(512M) 3.448ms
[2023-04-09T18:42:27.967+0800][83.475s] GC(34) User=0.11s Sys=0.00s Real=0.00s
[2023-04-09T18:42:28.212+0800][83.721s] GC(35) Pause Young (Normal) (G1 Evacuation Pause)
[2023-04-09T18:42:28.212+0800][83.721s] GC(35) Using 8 workers of 8 for evacuation
[2023-04-09T18:42:28.215+0800][83.725s] GC(35)   Pre Evacuate Collection Set: 0.0ms
[2023-04-09T18:42:28.216+0800][83.725s] GC(35)   Evacuate Collection Set: 2.6ms
[2023-04-09T18:42:28.216+0800][83.725s] GC(35)   Post Evacuate Collection Set: 0.5ms
[2023-04-09T18:42:28.216+0800][83.725s] GC(35)   Other: 0.2ms
[2023-04-09T18:42:28.216+0800][83.725s] GC(35) Eden regions: 221->0(205)
[2023-04-09T18:42:28.216+0800][83.725s] GC(35) Survivor regions: 19->19(30)
[2023-04-09T18:42:28.216+0800][83.725s] GC(35) Old regions: 123->129
[2023-04-09T18:42:28.216+0800][83.725s] GC(35) Humongous regions: 91->88
[2023-04-09T18:42:28.216+0800][83.725s] GC(35) Metaspace: 58921K(60784K)->58921K(60784K) NonClass: 52027K(53156K)->52027K(53156K) Class: 6893K(7628K)->6893K(7628K)
[2023-04-09T18:42:28.216+0800][83.725s] GC(35) Pause Young (Normal) (G1 Evacuation Pause) 453M->235M(512M) 3.449ms
[2023-04-09T18:42:28.216+0800][83.725s] GC(35) User=0.12s Sys=0.00s Real=0.00s
[2023-04-09T18:42:28.254+0800][83.763s] GC(36) Pause Young (Concurrent Start) (G1 Humongous Allocation)
[2023-04-09T18:42:28.254+0800][83.763s] GC(36) Using 8 workers of 8 for evacuation
[2023-04-09T18:42:28.257+0800][83.766s] GC(36)   Pre Evacuate Collection Set: 0.1ms
[2023-04-09T18:42:28.257+0800][83.767s] GC(36)   Evacuate Collection Set: 2.7ms
[2023-04-09T18:42:28.257+0800][83.767s] GC(36)   Post Evacuate Collection Set: 0.4ms
[2023-04-09T18:42:28.257+0800][83.767s] GC(36)   Other: 0.3ms
[2023-04-09T18:42:28.258+0800][83.767s] GC(36) Eden regions: 32->0(124)
[2023-04-09T18:42:28.258+0800][83.767s] GC(36) Survivor regions: 19->16(28)
[2023-04-09T18:42:28.258+0800][83.767s] GC(36) Old regions: 129->133
[2023-04-09T18:42:28.258+0800][83.767s] GC(36) Humongous regions: 101->94
[2023-04-09T18:42:28.258+0800][83.767s] GC(36) Metaspace: 58921K(60784K)->58921K(60784K) NonClass: 52027K(53156K)->52027K(53156K) Class: 6893K(7628K)->6893K(7628K)
[2023-04-09T18:42:28.258+0800][83.767s] GC(36) Pause Young (Concurrent Start) (G1 Humongous Allocation) 280M->241M(512M) 3.788ms
[2023-04-09T18:42:28.258+0800][83.767s] GC(36) User=0.00s Sys=0.00s Real=0.00s
[2023-04-09T18:42:28.258+0800][83.767s] GC(37) Concurrent Cycle
[2023-04-09T18:42:28.258+0800][83.767s] GC(37) Concurrent Clear Claimed Marks
[2023-04-09T18:42:28.258+0800][83.767s] GC(37) Concurrent Clear Claimed Marks 0.148ms
[2023-04-09T18:42:28.258+0800][83.767s] GC(37) Concurrent Scan Root Regions
[2023-04-09T18:42:28.259+0800][83.768s] GC(37) Concurrent Scan Root Regions 0.741ms
[2023-04-09T18:42:28.259+0800][83.768s] GC(37) Concurrent Mark (83.768s)
[2023-04-09T18:42:28.259+0800][83.768s] GC(37) Concurrent Mark From Roots
[2023-04-09T18:42:28.259+0800][83.768s] GC(37) Using 2 workers of 2 for marking
[2023-04-09T18:42:28.300+0800][83.810s] GC(37) Concurrent Mark From Roots 41.593ms
[2023-04-09T18:42:28.300+0800][83.810s] GC(37) Concurrent Preclean
[2023-04-09T18:42:28.301+0800][83.810s] GC(37) Concurrent Preclean 0.409ms
[2023-04-09T18:42:28.301+0800][83.810s] GC(37) Concurrent Mark (83.768s, 83.810s) 42.144ms
[2023-04-09T18:42:28.301+0800][83.810s] GC(37) Pause Remark
[2023-04-09T18:42:28.305+0800][83.814s] GC(37) Cleaned string and symbol table, strings: 28287 processed, 6 removed, symbols: 168404 processed, 0 removed
[2023-04-09T18:42:28.306+0800][83.815s] GC(37) Pause Remark 266M->181M(512M) 4.574ms
[2023-04-09T18:42:28.306+0800][83.815s] GC(37) User=0.00s Sys=0.00s Real=0.00s
[2023-04-09T18:42:28.306+0800][83.815s] GC(37) Concurrent Rebuild Remembered Sets
[2023-04-09T18:42:28.326+0800][83.835s] GC(37) Concurrent Rebuild Remembered Sets 20.183ms
[2023-04-09T18:42:28.326+0800][83.835s] GC(37) Pause Cleanup
[2023-04-09T18:42:28.326+0800][83.836s] GC(37) Pause Cleanup 192M->192M(512M) 0.183ms
[2023-04-09T18:42:28.326+0800][83.836s] GC(37) User=0.00s Sys=0.00s Real=0.00s
[2023-04-09T18:42:28.326+0800][83.836s] GC(37) Concurrent Cleanup for Next Mark
[2023-04-09T18:42:28.328+0800][83.837s] GC(37) Concurrent Cleanup for Next Mark 1.297ms
[2023-04-09T18:42:28.328+0800][83.837s] GC(37) Concurrent Cycle 70.117ms
[2023-04-09T18:42:28.426+0800][83.935s] GC(38) Pause Young (Prepare Mixed) (G1 Evacuation Pause)
[2023-04-09T18:42:28.426+0800][83.935s] GC(38) Using 8 workers of 8 for evacuation
[2023-04-09T18:42:28.429+0800][83.938s] GC(38)   Pre Evacuate Collection Set: 0.0ms
[2023-04-09T18:42:28.429+0800][83.938s] GC(38)   Evacuate Collection Set: 2.1ms
[2023-04-09T18:42:28.429+0800][83.938s] GC(38)   Post Evacuate Collection Set: 0.5ms
[2023-04-09T18:42:28.429+0800][83.938s] GC(38)   Other: 0.2ms
[2023-04-09T18:42:28.429+0800][83.938s] GC(38) Eden regions: 124->0(18)
[2023-04-09T18:42:28.429+0800][83.938s] GC(38) Survivor regions: 16->7(18)
[2023-04-09T18:42:28.429+0800][83.938s] GC(38) Old regions: 119->129
[2023-04-09T18:42:28.429+0800][83.938s] GC(38) Humongous regions: 43->22
[2023-04-09T18:42:28.429+0800][83.938s] GC(38) Metaspace: 58921K(60784K)->58921K(60784K) NonClass: 52027K(53156K)->52027K(53156K) Class: 6893K(7628K)->6893K(7628K)
[2023-04-09T18:42:28.429+0800][83.938s] GC(38) Pause Young (Prepare Mixed) (G1 Evacuation Pause) 300M->157M(512M) 3.001ms
[2023-04-09T18:42:28.429+0800][83.938s] GC(38) User=0.00s Sys=0.00s Real=0.00s
[2023-04-09T18:42:28.449+0800][83.958s] GC(39) Pause Young (Mixed) (G1 Evacuation Pause)
[2023-04-09T18:42:28.449+0800][83.958s] GC(39) Using 8 workers of 8 for evacuation
[2023-04-09T18:42:28.452+0800][83.961s] GC(39)   Pre Evacuate Collection Set: 0.1ms
[2023-04-09T18:42:28.452+0800][83.961s] GC(39)   Evacuate Collection Set: 1.9ms
[2023-04-09T18:42:28.452+0800][83.961s] GC(39)   Post Evacuate Collection Set: 0.4ms
[2023-04-09T18:42:28.452+0800][83.961s] GC(39)   Other: 0.2ms
[2023-04-09T18:42:28.452+0800][83.961s] GC(39) Eden regions: 18->0(198)
[2023-04-09T18:42:28.452+0800][83.961s] GC(39) Survivor regions: 7->1(4)
[2023-04-09T18:42:28.452+0800][83.961s] GC(39) Old regions: 129->90
[2023-04-09T18:42:28.452+0800][83.961s] GC(39) Humongous regions: 29->22
[2023-04-09T18:42:28.452+0800][83.961s] GC(39) Metaspace: 58921K(60784K)->58921K(60784K) NonClass: 52027K(53156K)->52027K(53156K) Class: 6893K(7628K)->6893K(7628K)
[2023-04-09T18:42:28.452+0800][83.961s] GC(39) Pause Young (Mixed) (G1 Evacuation Pause) 182M->112M(512M) 2.835ms
[2023-04-09T18:42:28.452+0800][83.961s] GC(39) User=0.00s Sys=0.00s Real=0.00s
[2023-04-09T18:42:28.795+0800][84.304s] GC(40) Pause Young (Normal) (G1 Evacuation Pause)
[2023-04-09T18:42:28.795+0800][84.304s] GC(40) Using 8 workers of 8 for evacuation
[2023-04-09T18:42:28.796+0800][84.306s] GC(40)   Pre Evacuate Collection Set: 0.0ms
[2023-04-09T18:42:28.796+0800][84.306s] GC(40)   Evacuate Collection Set: 1.4ms
[2023-04-09T18:42:28.796+0800][84.306s] GC(40)   Post Evacuate Collection Set: 0.3ms
[2023-04-09T18:42:28.797+0800][84.306s] GC(40)   Other: 0.2ms
[2023-04-09T18:42:28.797+0800][84.306s] GC(40) Eden regions: 198->0(203)
[2023-04-09T18:42:28.797+0800][84.306s] GC(40) Survivor regions: 1->9(25)
[2023-04-09T18:42:28.797+0800][84.306s] GC(40) Old regions: 90->90
[2023-04-09T18:42:28.797+0800][84.306s] GC(40) Humongous regions: 74->32
[2023-04-09T18:42:28.797+0800][84.306s] GC(40) Metaspace: 58925K(60784K)->58925K(60784K) NonClass: 52032K(53156K)->52032K(53156K) Class: 6893K(7628K)->6893K(7628K)
[2023-04-09T18:42:28.797+0800][84.306s] GC(40) Pause Young (Normal) (G1 Evacuation Pause) 362M->130M(512M) 2.145ms
[2023-04-09T18:42:28.797+0800][84.306s] GC(40) User=0.00s Sys=0.00s Real=0.00s
[2023-04-09T18:42:28.998+0800][84.507s] GC(41) Pause Young (Normal) (G1 Evacuation Pause)
[2023-04-09T18:42:28.998+0800][84.507s] GC(41) Using 8 workers of 8 for evacuation
[2023-04-09T18:42:29.000+0800][84.509s] GC(41)   Pre Evacuate Collection Set: 0.0ms
[2023-04-09T18:42:29.000+0800][84.509s] GC(41)   Evacuate Collection Set: 1.8ms
[2023-04-09T18:42:29.000+0800][84.509s] GC(41)   Post Evacuate Collection Set: 0.4ms
[2023-04-09T18:42:29.000+0800][84.509s] GC(41)   Other: 0.2ms
[2023-04-09T18:42:29.000+0800][84.509s] GC(41) Eden regions: 203->0(211)
[2023-04-09T18:42:29.000+0800][84.509s] GC(41) Survivor regions: 9->14(27)
[2023-04-09T18:42:29.000+0800][84.510s] GC(41) Old regions: 90->90
[2023-04-09T18:42:29.000+0800][84.510s] GC(41) Humongous regions: 46->32
[2023-04-09T18:42:29.000+0800][84.510s] GC(41) Metaspace: 58926K(60784K)->58926K(60784K) NonClass: 52033K(53156K)->52033K(53156K) Class: 6893K(7628K)->6893K(7628K)
[2023-04-09T18:42:29.000+0800][84.510s] GC(41) Pause Young (Normal) (G1 Evacuation Pause) 347M->135M(512M) 2.786ms
[2023-04-09T18:42:29.001+0800][84.510s] GC(41) User=0.00s Sys=0.00s Real=0.00s
[2023-04-09T18:42:29.955+0800][85.464s] GC(42) Pause Young (Normal) (G1 Evacuation Pause)
[2023-04-09T18:42:29.955+0800][85.464s] GC(42) Using 8 workers of 8 for evacuation
[2023-04-09T18:42:29.958+0800][85.467s] GC(42)   Pre Evacuate Collection Set: 0.0ms
[2023-04-09T18:42:29.958+0800][85.467s] GC(42)   Evacuate Collection Set: 2.7ms
[2023-04-09T18:42:29.958+0800][85.467s] GC(42)   Post Evacuate Collection Set: 0.6ms
[2023-04-09T18:42:29.958+0800][85.467s] GC(42)   Other: 0.2ms
[2023-04-09T18:42:29.958+0800][85.467s] GC(42) Eden regions: 211->0(214)
[2023-04-09T18:42:29.958+0800][85.467s] GC(42) Survivor regions: 14->21(29)
[2023-04-09T18:42:29.958+0800][85.467s] GC(42) Old regions: 90->90
[2023-04-09T18:42:29.958+0800][85.467s] GC(42) Humongous regions: 81->39
[2023-04-09T18:42:29.958+0800][85.467s] GC(42) Metaspace: 59023K(60912K)->59023K(60912K) NonClass: 52118K(53156K)->52118K(53156K) Class: 6905K(7756K)->6905K(7756K)
[2023-04-09T18:42:29.958+0800][85.467s] GC(42) Pause Young (Normal) (G1 Evacuation Pause) 395M->148M(512M) 3.783ms
[2023-04-09T18:42:29.958+0800][85.468s] GC(42) User=0.00s Sys=0.00s Real=0.00s
[2023-04-09T18:42:30.199+0800][85.708s] GC(43) Pause Young (Normal) (G1 Evacuation Pause)
[2023-04-09T18:42:30.199+0800][85.708s] GC(43) Using 8 workers of 8 for evacuation
[2023-04-09T18:42:30.203+0800][85.711s] GC(43)   Pre Evacuate Collection Set: 0.0ms
[2023-04-09T18:42:30.203+0800][85.711s] GC(43)   Evacuate Collection Set: 2.5ms
[2023-04-09T18:42:30.203+0800][85.711s] GC(43)   Post Evacuate Collection Set: 0.5ms
[2023-04-09T18:42:30.203+0800][85.711s] GC(43)   Other: 0.2ms
[2023-04-09T18:42:30.203+0800][85.711s] GC(43) Eden regions: 214->0(223)
[2023-04-09T18:42:30.203+0800][85.711s] GC(43) Survivor regions: 21->13(30)
[2023-04-09T18:42:30.203+0800][85.711s] GC(43) Old regions: 90->98
[2023-04-09T18:42:30.203+0800][85.711s] GC(43) Humongous regions: 39->39
[2023-04-09T18:42:30.203+0800][85.711s] GC(43) Metaspace: 59023K(60912K)->59023K(60912K) NonClass: 52118K(53156K)->52118K(53156K) Class: 6905K(7756K)->6905K(7756K)
[2023-04-09T18:42:30.203+0800][85.711s] GC(43) Pause Young (Normal) (G1 Evacuation Pause) 362M->148M(512M) 3.520ms
[2023-04-09T18:42:30.203+0800][85.712s] GC(43) User=0.00s Sys=0.00s Real=0.00s
[2023-04-09T18:42:30.440+0800][85.948s] GC(44) Pause Young (Normal) (G1 Evacuation Pause)
[2023-04-09T18:42:30.440+0800][85.948s] GC(44) Using 8 workers of 8 for evacuation
[2023-04-09T18:42:30.442+0800][85.950s] GC(44)   Pre Evacuate Collection Set: 0.0ms
[2023-04-09T18:42:30.442+0800][85.950s] GC(44)   Evacuate Collection Set: 1.5ms
[2023-04-09T18:42:30.442+0800][85.950s] GC(44)   Post Evacuate Collection Set: 0.4ms
[2023-04-09T18:42:30.442+0800][85.950s] GC(44)   Other: 0.2ms
[2023-04-09T18:42:30.442+0800][85.950s] GC(44) Eden regions: 223->0(232)
[2023-04-09T18:42:30.442+0800][85.950s] GC(44) Survivor regions: 13->13(30)
[2023-04-09T18:42:30.442+0800][85.950s] GC(44) Old regions: 98->98
[2023-04-09T18:42:30.442+0800][85.950s] GC(44) Humongous regions: 39->39
[2023-04-09T18:42:30.442+0800][85.951s] GC(44) Metaspace: 59023K(60912K)->59023K(60912K) NonClass: 52118K(53156K)->52118K(53156K) Class: 6905K(7756K)->6905K(7756K)
[2023-04-09T18:42:30.442+0800][85.951s] GC(44) Pause Young (Normal) (G1 Evacuation Pause) 371M->148M(512M) 2.416ms
[2023-04-09T18:42:30.442+0800][85.951s] GC(44) User=0.00s Sys=0.00s Real=0.00s
[2023-04-09T18:42:30.711+0800][86.220s] GC(45) Pause Young (Normal) (G1 Evacuation Pause)
[2023-04-09T18:42:30.711+0800][86.220s] GC(45) Using 8 workers of 8 for evacuation
[2023-04-09T18:42:30.714+0800][86.223s] GC(45)   Pre Evacuate Collection Set: 0.0ms
[2023-04-09T18:42:30.715+0800][86.223s] GC(45)   Evacuate Collection Set: 2.8ms
[2023-04-09T18:42:30.715+0800][86.224s] GC(45)   Post Evacuate Collection Set: 0.5ms
[2023-04-09T18:42:30.715+0800][86.224s] GC(45)   Other: 0.2ms
[2023-04-09T18:42:30.715+0800][86.224s] GC(45) Eden regions: 232->0(233)
[2023-04-09T18:42:30.715+0800][86.224s] GC(45) Survivor regions: 13->21(31)
[2023-04-09T18:42:30.715+0800][86.224s] GC(45) Old regions: 98->98
[2023-04-09T18:42:30.715+0800][86.224s] GC(45) Humongous regions: 42->41
[2023-04-09T18:42:30.715+0800][86.224s] GC(45) Metaspace: 59128K(61168K)->59128K(61168K) NonClass: 52210K(53412K)->52210K(53412K) Class: 6917K(7756K)->6917K(7756K)
[2023-04-09T18:42:30.715+0800][86.224s] GC(45) Pause Young (Normal) (G1 Evacuation Pause) 383M->158M(512M) 3.767ms
[2023-04-09T18:42:30.715+0800][86.224s] GC(45) User=0.06s Sys=0.00s Real=0.00s
[2023-04-09T18:42:31.060+0800][86.569s] GC(46) Pause Young (Normal) (G1 Evacuation Pause)
[2023-04-09T18:42:31.060+0800][86.569s] GC(46) Using 8 workers of 8 for evacuation
[2023-04-09T18:42:31.063+0800][86.572s] GC(46)   Pre Evacuate Collection Set: 0.0ms
[2023-04-09T18:42:31.063+0800][86.572s] GC(46)   Evacuate Collection Set: 2.8ms
[2023-04-09T18:42:31.063+0800][86.572s] GC(46)   Post Evacuate Collection Set: 0.6ms
[2023-04-09T18:42:31.063+0800][86.572s] GC(46)   Other: 0.2ms
[2023-04-09T18:42:31.063+0800][86.572s] GC(46) Eden regions: 233->0(236)
[2023-04-09T18:42:31.063+0800][86.572s] GC(46) Survivor regions: 21->20(32)
[2023-04-09T18:42:31.063+0800][86.572s] GC(46) Old regions: 98->102
[2023-04-09T18:42:31.063+0800][86.572s] GC(46) Humongous regions: 42->42
[2023-04-09T18:42:31.063+0800][86.572s] GC(46) Metaspace: 59128K(61168K)->59128K(61168K) NonClass: 52210K(53412K)->52210K(53412K) Class: 6917K(7756K)->6917K(7756K)
[2023-04-09T18:42:31.063+0800][86.572s] GC(46) Pause Young (Normal) (G1 Evacuation Pause) 392M->163M(512M) 3.683ms
[2023-04-09T18:42:31.063+0800][86.572s] GC(46) User=0.00s Sys=0.00s Real=0.00s
[2023-04-09T18:42:31.410+0800][86.919s] GC(47) Pause Young (Normal) (G1 Evacuation Pause)
[2023-04-09T18:42:31.410+0800][86.919s] GC(47) Using 8 workers of 8 for evacuation
[2023-04-09T18:42:31.413+0800][86.923s] GC(47)   Pre Evacuate Collection Set: 0.0ms
[2023-04-09T18:42:31.414+0800][86.923s] GC(47)   Evacuate Collection Set: 2.6ms
[2023-04-09T18:42:31.414+0800][86.923s] GC(47)   Post Evacuate Collection Set: 0.6ms
[2023-04-09T18:42:31.414+0800][86.923s] GC(47)   Other: 0.2ms
[2023-04-09T18:42:31.414+0800][86.923s] GC(47) Eden regions: 236->0(237)
[2023-04-09T18:42:31.414+0800][86.923s] GC(47) Survivor regions: 20->18(32)
[2023-04-09T18:42:31.414+0800][86.923s] GC(47) Old regions: 102->109
[2023-04-09T18:42:31.414+0800][86.923s] GC(47) Humongous regions: 45->44
[2023-04-09T18:42:31.414+0800][86.923s] GC(47) Metaspace: 59128K(61168K)->59128K(61168K) NonClass: 52210K(53412K)->52210K(53412K) Class: 6917K(7756K)->6917K(7756K)
[2023-04-09T18:42:31.414+0800][86.923s] GC(47) Pause Young (Normal) (G1 Evacuation Pause) 402M->169M(512M) 3.588ms
[2023-04-09T18:42:31.414+0800][86.923s] GC(47) User=0.00s Sys=0.00s Real=0.00s
[2023-04-09T18:42:31.950+0800][87.458s] GC(48) Pause Young (Normal) (G1 Evacuation Pause)
[2023-04-09T18:42:31.950+0800][87.458s] GC(48) Using 8 workers of 8 for evacuation
[2023-04-09T18:42:31.952+0800][87.461s] GC(48)   Pre Evacuate Collection Set: 0.0ms
[2023-04-09T18:42:31.952+0800][87.461s] GC(48)   Evacuate Collection Set: 2.0ms
[2023-04-09T18:42:31.952+0800][87.461s] GC(48)   Post Evacuate Collection Set: 0.4ms
[2023-04-09T18:42:31.952+0800][87.461s] GC(48)   Other: 0.2ms
[2023-04-09T18:42:31.952+0800][87.461s] GC(48) Eden regions: 237->0(238)
[2023-04-09T18:42:31.952+0800][87.461s] GC(48) Survivor regions: 18->9(32)
[2023-04-09T18:42:31.952+0800][87.461s] GC(48) Old regions: 109->117
[2023-04-09T18:42:31.952+0800][87.461s] GC(48) Humongous regions: 62->50
[2023-04-09T18:42:31.952+0800][87.461s] GC(48) Metaspace: 59130K(61168K)->59130K(61168K) NonClass: 52213K(53412K)->52213K(53412K) Class: 6917K(7756K)->6917K(7756K)
[2023-04-09T18:42:31.952+0800][87.461s] GC(48) Pause Young (Normal) (G1 Evacuation Pause) 424M->175M(512M) 2.820ms
[2023-04-09T18:42:31.952+0800][87.461s] GC(48) User=0.00s Sys=0.00s Real=0.00s
[2023-04-09T18:42:32.354+0800][87.863s] GC(49) Pause Young (Normal) (G1 Evacuation Pause)
[2023-04-09T18:42:32.354+0800][87.863s] GC(49) Using 8 workers of 8 for evacuation
[2023-04-09T18:42:32.356+0800][87.865s] GC(49)   Pre Evacuate Collection Set: 0.0ms
[2023-04-09T18:42:32.356+0800][87.865s] GC(49)   Evacuate Collection Set: 1.1ms
[2023-04-09T18:42:32.356+0800][87.865s] GC(49)   Post Evacuate Collection Set: 0.5ms
[2023-04-09T18:42:32.356+0800][87.865s] GC(49)   Other: 0.2ms
[2023-04-09T18:42:32.356+0800][87.865s] GC(49) Eden regions: 238->0(241)
[2023-04-09T18:42:32.356+0800][87.865s] GC(49) Survivor regions: 9->10(31)
[2023-04-09T18:42:32.356+0800][87.865s] GC(49) Old regions: 117->117
[2023-04-09T18:42:32.356+0800][87.865s] GC(49) Humongous regions: 50->50
[2023-04-09T18:42:32.356+0800][87.865s] GC(49) Metaspace: 59131K(61168K)->59131K(61168K) NonClass: 52213K(53412K)->52213K(53412K) Class: 6917K(7756K)->6917K(7756K)
[2023-04-09T18:42:32.356+0800][87.865s] GC(49) Pause Young (Normal) (G1 Evacuation Pause) 413M->176M(512M) 1.910ms
[2023-04-09T18:42:32.356+0800][87.865s] GC(49) User=0.11s Sys=0.00s Real=0.00s
[2023-04-09T18:42:32.741+0800][88.250s] GC(50) Pause Young (Normal) (G1 Evacuation Pause)
[2023-04-09T18:42:32.741+0800][88.250s] GC(50) Using 8 workers of 8 for evacuation
[2023-04-09T18:42:32.744+0800][88.252s] GC(50)   Pre Evacuate Collection Set: 0.0ms
[2023-04-09T18:42:32.744+0800][88.252s] GC(50)   Evacuate Collection Set: 1.6ms
[2023-04-09T18:42:32.744+0800][88.252s] GC(50)   Post Evacuate Collection Set: 0.4ms
[2023-04-09T18:42:32.744+0800][88.252s] GC(50)   Other: 0.2ms
[2023-04-09T18:42:32.744+0800][88.252s] GC(50) Eden regions: 241->0(241)
[2023-04-09T18:42:32.744+0800][88.252s] GC(50) Survivor regions: 10->15(32)
[2023-04-09T18:42:32.744+0800][88.252s] GC(50) Old regions: 117->117
[2023-04-09T18:42:32.744+0800][88.252s] GC(50) Humongous regions: 51->51
[2023-04-09T18:42:32.744+0800][88.252s] GC(50) Metaspace: 59131K(61168K)->59131K(61168K) NonClass: 52213K(53412K)->52213K(53412K) Class: 6917K(7756K)->6917K(7756K)
[2023-04-09T18:42:32.744+0800][88.252s] GC(50) Pause Young (Normal) (G1 Evacuation Pause) 418M->181M(512M) 2.568ms
[2023-04-09T18:42:32.744+0800][88.252s] GC(50) User=0.00s Sys=0.00s Real=0.00s
[2023-04-09T18:42:33.174+0800][88.682s] GC(51) Pause Young (Normal) (G1 Evacuation Pause)
[2023-04-09T18:42:33.174+0800][88.682s] GC(51) Using 8 workers of 8 for evacuation
[2023-04-09T18:42:33.177+0800][88.685s] GC(51)   Pre Evacuate Collection Set: 0.1ms
[2023-04-09T18:42:33.177+0800][88.685s] GC(51)   Evacuate Collection Set: 2.0ms
[2023-04-09T18:42:33.177+0800][88.685s] GC(51)   Post Evacuate Collection Set: 0.5ms
[2023-04-09T18:42:33.177+0800][88.685s] GC(51)   Other: 0.3ms
[2023-04-09T18:42:33.177+0800][88.685s] GC(51) Eden regions: 241->0(240)
[2023-04-09T18:42:33.177+0800][88.685s] GC(51) Survivor regions: 15->19(32)
[2023-04-09T18:42:33.177+0800][88.685s] GC(51) Old regions: 117->117
[2023-04-09T18:42:33.177+0800][88.685s] GC(51) Humongous regions: 54->53
[2023-04-09T18:42:33.177+0800][88.685s] GC(51) Metaspace: 59131K(61168K)->59131K(61168K) NonClass: 52213K(53412K)->52213K(53412K) Class: 6917K(7756K)->6917K(7756K)
[2023-04-09T18:42:33.177+0800][88.685s] GC(51) Pause Young (Normal) (G1 Evacuation Pause) 425M->187M(512M) 3.151ms
[2023-04-09T18:42:33.177+0800][88.686s] GC(51) User=0.00s Sys=0.00s Real=0.00s
[2023-04-09T18:42:33.497+0800][89.006s] GC(52) Pause Young (Normal) (G1 Evacuation Pause)
[2023-04-09T18:42:33.497+0800][89.006s] GC(52) Using 8 workers of 8 for evacuation
[2023-04-09T18:42:33.500+0800][89.009s] GC(52)   Pre Evacuate Collection Set: 0.0ms
[2023-04-09T18:42:33.500+0800][89.009s] GC(52)   Evacuate Collection Set: 2.0ms
[2023-04-09T18:42:33.500+0800][89.009s] GC(52)   Post Evacuate Collection Set: 0.6ms
[2023-04-09T18:42:33.500+0800][89.009s] GC(52)   Other: 0.2ms
[2023-04-09T18:42:33.500+0800][89.009s] GC(52) Eden regions: 240->0(239)
[2023-04-09T18:42:33.500+0800][89.009s] GC(52) Survivor regions: 19->16(33)
[2023-04-09T18:42:33.500+0800][89.009s] GC(52) Old regions: 117->119
[2023-04-09T18:42:33.500+0800][89.009s] GC(52) Humongous regions: 66->59
[2023-04-09T18:42:33.500+0800][89.009s] GC(52) Metaspace: 59142K(61168K)->59142K(61168K) NonClass: 52224K(53412K)->52224K(53412K) Class: 6917K(7756K)->6917K(7756K)
[2023-04-09T18:42:33.500+0800][89.009s] GC(52) Pause Young (Normal) (G1 Evacuation Pause) 440M->193M(512M) 3.033ms
[2023-04-09T18:42:33.500+0800][89.009s] GC(52) User=0.00s Sys=0.00s Real=0.00s
[2023-04-09T18:42:33.962+0800][89.472s] GC(53) Pause Young (Normal) (G1 Evacuation Pause)
[2023-04-09T18:42:33.962+0800][89.472s] GC(53) Using 8 workers of 8 for evacuation
[2023-04-09T18:42:33.965+0800][89.474s] GC(53)   Pre Evacuate Collection Set: 0.0ms
[2023-04-09T18:42:33.965+0800][89.474s] GC(53)   Evacuate Collection Set: 1.7ms
[2023-04-09T18:42:33.965+0800][89.474s] GC(53)   Post Evacuate Collection Set: 0.6ms
[2023-04-09T18:42:33.965+0800][89.474s] GC(53)   Other: 0.1ms
[2023-04-09T18:42:33.965+0800][89.474s] GC(53) Eden regions: 239->0(240)
[2023-04-09T18:42:33.965+0800][89.474s] GC(53) Survivor regions: 16->17(32)
[2023-04-09T18:42:33.965+0800][89.474s] GC(53) Old regions: 119->119
[2023-04-09T18:42:33.965+0800][89.474s] GC(53) Humongous regions: 64->59
[2023-04-09T18:42:33.965+0800][89.474s] GC(53) Metaspace: 59151K(61168K)->59151K(61168K) NonClass: 52232K(53412K)->52232K(53412K) Class: 6918K(7756K)->6918K(7756K)
[2023-04-09T18:42:33.965+0800][89.474s] GC(53) Pause Young (Normal) (G1 Evacuation Pause) 437M->194M(512M) 2.633ms
[2023-04-09T18:42:33.965+0800][89.474s] GC(53) User=0.12s Sys=0.00s Real=0.00s
[2023-04-09T18:42:34.396+0800][89.905s] GC(54) Pause Young (Normal) (G1 Evacuation Pause)
[2023-04-09T18:42:34.396+0800][89.905s] GC(54) Using 8 workers of 8 for evacuation
[2023-04-09T18:42:34.398+0800][89.907s] GC(54)   Pre Evacuate Collection Set: 0.0ms
[2023-04-09T18:42:34.398+0800][89.907s] GC(54)   Evacuate Collection Set: 1.2ms
[2023-04-09T18:42:34.398+0800][89.907s] GC(54)   Post Evacuate Collection Set: 0.6ms
[2023-04-09T18:42:34.398+0800][89.907s] GC(54)   Other: 0.2ms
[2023-04-09T18:42:34.398+0800][89.907s] GC(54) Eden regions: 240->0(249)
[2023-04-09T18:42:34.398+0800][89.907s] GC(54) Survivor regions: 17->10(33)
[2023-04-09T18:42:34.398+0800][89.907s] GC(54) Old regions: 119->119
[2023-04-09T18:42:34.398+0800][89.907s] GC(54) Humongous regions: 60->51
[2023-04-09T18:42:34.398+0800][89.907s] GC(54) Metaspace: 59152K(61168K)->59152K(61168K) NonClass: 52234K(53412K)->52234K(53412K) Class: 6918K(7756K)->6918K(7756K)
[2023-04-09T18:42:34.398+0800][89.907s] GC(54) Pause Young (Normal) (G1 Evacuation Pause) 435M->179M(512M) 2.284ms
[2023-04-09T18:42:34.398+0800][89.907s] GC(54) User=0.00s Sys=0.00s Real=0.00s
[2023-04-09T18:42:34.802+0800][90.310s] GC(55) Pause Young (Normal) (G1 Evacuation Pause)
[2023-04-09T18:42:34.802+0800][90.310s] GC(55) Using 8 workers of 8 for evacuation
[2023-04-09T18:42:34.804+0800][90.312s] GC(55)   Pre Evacuate Collection Set: 0.0ms
[2023-04-09T18:42:34.804+0800][90.313s] GC(55)   Evacuate Collection Set: 1.6ms
[2023-04-09T18:42:34.804+0800][90.313s] GC(55)   Post Evacuate Collection Set: 0.6ms
[2023-04-09T18:42:34.804+0800][90.313s] GC(55)   Other: 0.2ms
[2023-04-09T18:42:34.804+0800][90.313s] GC(55) Eden regions: 249->0(247)
[2023-04-09T18:42:34.804+0800][90.313s] GC(55) Survivor regions: 10->15(33)
[2023-04-09T18:42:34.804+0800][90.313s] GC(55) Old regions: 119->119
[2023-04-09T18:42:34.804+0800][90.313s] GC(55) Humongous regions: 53->52
[2023-04-09T18:42:34.804+0800][90.313s] GC(55) Metaspace: 59152K(61168K)->59152K(61168K) NonClass: 52234K(53412K)->52234K(53412K) Class: 6918K(7756K)->6918K(7756K)
[2023-04-09T18:42:34.804+0800][90.313s] GC(55) Pause Young (Normal) (G1 Evacuation Pause) 430M->185M(512M) 2.624ms
[2023-04-09T18:42:34.804+0800][90.313s] GC(55) User=0.00s Sys=0.00s Real=0.00s
[2023-04-09T18:42:35.180+0800][90.689s] GC(56) Pause Young (Normal) (G1 Evacuation Pause)
[2023-04-09T18:42:35.180+0800][90.689s] GC(56) Using 8 workers of 8 for evacuation
[2023-04-09T18:42:35.183+0800][90.691s] GC(56)   Pre Evacuate Collection Set: 0.0ms
[2023-04-09T18:42:35.183+0800][90.691s] GC(56)   Evacuate Collection Set: 1.7ms
[2023-04-09T18:42:35.183+0800][90.691s] GC(56)   Post Evacuate Collection Set: 0.7ms
[2023-04-09T18:42:35.183+0800][90.691s] GC(56)   Other: 0.2ms
[2023-04-09T18:42:35.183+0800][90.691s] GC(56) Eden regions: 247->0(244)
[2023-04-09T18:42:35.183+0800][90.691s] GC(56) Survivor regions: 15->16(33)
[2023-04-09T18:42:35.183+0800][90.691s] GC(56) Old regions: 119->119
[2023-04-09T18:42:35.183+0800][90.691s] GC(56) Humongous regions: 66->59
[2023-04-09T18:42:35.183+0800][90.691s] GC(56) Metaspace: 59152K(61168K)->59152K(61168K) NonClass: 52234K(53412K)->52234K(53412K) Class: 6918K(7756K)->6918K(7756K)
[2023-04-09T18:42:35.183+0800][90.691s] GC(56) Pause Young (Normal) (G1 Evacuation Pause) 446M->193M(512M) 2.759ms
[2023-04-09T18:42:35.183+0800][90.691s] GC(56) User=0.00s Sys=0.00s Real=0.00s
[2023-04-09T18:42:35.639+0800][91.147s] GC(57) Pause Young (Normal) (G1 Evacuation Pause)
[2023-04-09T18:42:35.639+0800][91.148s] GC(57) Using 8 workers of 8 for evacuation
[2023-04-09T18:42:35.641+0800][91.150s] GC(57)   Pre Evacuate Collection Set: 0.0ms
[2023-04-09T18:42:35.641+0800][91.150s] GC(57)   Evacuate Collection Set: 1.7ms
[2023-04-09T18:42:35.641+0800][91.150s] GC(57)   Post Evacuate Collection Set: 0.6ms
[2023-04-09T18:42:35.641+0800][91.150s] GC(57)   Other: 0.2ms
[2023-04-09T18:42:35.641+0800][91.150s] GC(57) Eden regions: 244->0(244)
[2023-04-09T18:42:35.641+0800][91.150s] GC(57) Survivor regions: 16->17(33)
[2023-04-09T18:42:35.641+0800][91.150s] GC(57) Old regions: 119->119
[2023-04-09T18:42:35.641+0800][91.150s] GC(57) Humongous regions: 64->59
[2023-04-09T18:42:35.641+0800][91.150s] GC(57) Metaspace: 59154K(61168K)->59154K(61168K) NonClass: 52236K(53412K)->52236K(53412K) Class: 6918K(7756K)->6918K(7756K)
[2023-04-09T18:42:35.641+0800][91.150s] GC(57) Pause Young (Normal) (G1 Evacuation Pause) 442M->194M(512M) 2.816ms
[2023-04-09T18:42:35.641+0800][91.150s] GC(57) User=0.00s Sys=0.00s Real=0.00s
[2023-04-09T18:42:36.093+0800][91.602s] GC(58) Pause Young (Normal) (G1 Evacuation Pause)
[2023-04-09T18:42:36.093+0800][91.602s] GC(58) Using 8 workers of 8 for evacuation
[2023-04-09T18:42:36.094+0800][91.604s] GC(58)   Pre Evacuate Collection Set: 0.0ms
[2023-04-09T18:42:36.094+0800][91.604s] GC(58)   Evacuate Collection Set: 1.1ms
[2023-04-09T18:42:36.094+0800][91.604s] GC(58)   Post Evacuate Collection Set: 0.6ms
[2023-04-09T18:42:36.095+0800][91.604s] GC(58)   Other: 0.2ms
[2023-04-09T18:42:36.095+0800][91.604s] GC(58) Eden regions: 244->0(252)
[2023-04-09T18:42:36.095+0800][91.604s] GC(58) Survivor regions: 17->11(33)
[2023-04-09T18:42:36.095+0800][91.604s] GC(58) Old regions: 119->119
[2023-04-09T18:42:36.095+0800][91.604s] GC(58) Humongous regions: 60->51
[2023-04-09T18:42:36.095+0800][91.604s] GC(58) Metaspace: 59157K(61168K)->59157K(61168K) NonClass: 52238K(53412K)->52238K(53412K) Class: 6918K(7756K)->6918K(7756K)
[2023-04-09T18:42:36.095+0800][91.604s] GC(58) Pause Young (Normal) (G1 Evacuation Pause) 439M->179M(512M) 2.082ms
[2023-04-09T18:42:36.095+0800][91.604s] GC(58) User=0.00s Sys=0.00s Real=0.00s
[2023-04-09T18:42:36.452+0800][91.961s] GC(59) Pause Young (Normal) (G1 Evacuation Pause)
[2023-04-09T18:42:36.452+0800][91.961s] GC(59) Using 8 workers of 8 for evacuation
[2023-04-09T18:42:36.454+0800][91.963s] GC(59)   Pre Evacuate Collection Set: 0.0ms
[2023-04-09T18:42:36.454+0800][91.963s] GC(59)   Evacuate Collection Set: 1.6ms
[2023-04-09T18:42:36.454+0800][91.963s] GC(59)   Post Evacuate Collection Set: 0.5ms
[2023-04-09T18:42:36.454+0800][91.963s] GC(59)   Other: 0.2ms
[2023-04-09T18:42:36.454+0800][91.963s] GC(59) Eden regions: 252->0(250)
[2023-04-09T18:42:36.454+0800][91.963s] GC(59) Survivor regions: 11->15(33)
[2023-04-09T18:42:36.454+0800][91.963s] GC(59) Old regions: 119->119
[2023-04-09T18:42:36.454+0800][91.963s] GC(59) Humongous regions: 53->52
[2023-04-09T18:42:36.455+0800][91.963s] GC(59) Metaspace: 59157K(61168K)->59157K(61168K) NonClass: 52238K(53412K)->52238K(53412K) Class: 6918K(7756K)->6918K(7756K)
[2023-04-09T18:42:36.455+0800][91.963s] GC(59) Pause Young (Normal) (G1 Evacuation Pause) 433M->185M(512M) 2.562ms
[2023-04-09T18:42:36.455+0800][91.963s] GC(59) User=0.00s Sys=0.00s Real=0.00s
[2023-04-09T18:42:36.830+0800][92.339s] GC(60) Pause Young (Normal) (G1 Evacuation Pause)
[2023-04-09T18:42:36.830+0800][92.339s] GC(60) Using 8 workers of 8 for evacuation
[2023-04-09T18:42:36.833+0800][92.341s] GC(60)   Pre Evacuate Collection Set: 0.0ms
[2023-04-09T18:42:36.833+0800][92.341s] GC(60)   Evacuate Collection Set: 1.8ms
[2023-04-09T18:42:36.833+0800][92.341s] GC(60)   Post Evacuate Collection Set: 0.6ms
[2023-04-09T18:42:36.833+0800][92.341s] GC(60)   Other: 0.2ms
[2023-04-09T18:42:36.833+0800][92.341s] GC(60) Eden regions: 250->0(247)
[2023-04-09T18:42:36.833+0800][92.341s] GC(60) Survivor regions: 15->16(34)
[2023-04-09T18:42:36.833+0800][92.341s] GC(60) Old regions: 119->119
[2023-04-09T18:42:36.833+0800][92.342s] GC(60) Humongous regions: 66->59
[2023-04-09T18:42:36.833+0800][92.342s] GC(60) Metaspace: 59157K(61168K)->59157K(61168K) NonClass: 52238K(53412K)->52238K(53412K) Class: 6918K(7756K)->6918K(7756K)
[2023-04-09T18:42:36.833+0800][92.342s] GC(60) Pause Young (Normal) (G1 Evacuation Pause) 449M->193M(512M) 2.770ms
[2023-04-09T18:42:36.833+0800][92.342s] GC(60) User=0.00s Sys=0.00s Real=0.00s
[2023-04-09T18:42:37.250+0800][92.760s] GC(61) Pause Young (Normal) (G1 Evacuation Pause)
[2023-04-09T18:42:37.250+0800][92.760s] GC(61) Using 8 workers of 8 for evacuation
[2023-04-09T18:42:37.253+0800][92.762s] GC(61)   Pre Evacuate Collection Set: 0.0ms
[2023-04-09T18:42:37.253+0800][92.762s] GC(61)   Evacuate Collection Set: 1.7ms
[2023-04-09T18:42:37.253+0800][92.762s] GC(61)   Post Evacuate Collection Set: 0.6ms
[2023-04-09T18:42:37.253+0800][92.762s] GC(61)   Other: 0.1ms
[2023-04-09T18:42:37.253+0800][92.762s] GC(61) Eden regions: 247->0(247)
[2023-04-09T18:42:37.253+0800][92.762s] GC(61) Survivor regions: 16->17(33)
[2023-04-09T18:42:37.253+0800][92.762s] GC(61) Old regions: 119->119
[2023-04-09T18:42:37.253+0800][92.762s] GC(61) Humongous regions: 64->59
[2023-04-09T18:42:37.253+0800][92.762s] GC(61) Metaspace: 59159K(61168K)->59159K(61168K) NonClass: 52240K(53412K)->52240K(53412K) Class: 6918K(7756K)->6918K(7756K)
[2023-04-09T18:42:37.253+0800][92.762s] GC(61) Pause Young (Normal) (G1 Evacuation Pause) 445M->194M(512M) 2.690ms
[2023-04-09T18:42:37.253+0800][92.763s] GC(61) User=0.00s Sys=0.00s Real=0.00s
[2023-04-09T18:42:37.716+0800][93.226s] GC(62) Pause Young (Normal) (G1 Evacuation Pause)
[2023-04-09T18:42:37.716+0800][93.226s] GC(62) Using 8 workers of 8 for evacuation
[2023-04-09T18:42:37.718+0800][93.228s] GC(62)   Pre Evacuate Collection Set: 0.0ms
[2023-04-09T18:42:37.718+0800][93.228s] GC(62)   Evacuate Collection Set: 1.1ms
[2023-04-09T18:42:37.718+0800][93.228s] GC(62)   Post Evacuate Collection Set: 0.6ms
[2023-04-09T18:42:37.718+0800][93.228s] GC(62)   Other: 0.2ms
[2023-04-09T18:42:37.718+0800][93.228s] GC(62) Eden regions: 247->0(255)
[2023-04-09T18:42:37.719+0800][93.228s] GC(62) Survivor regions: 17->9(33)
[2023-04-09T18:42:37.719+0800][93.228s] GC(62) Old regions: 119->122
[2023-04-09T18:42:37.719+0800][93.228s] GC(62) Humongous regions: 60->51
[2023-04-09T18:42:37.719+0800][93.228s] GC(62) Metaspace: 59160K(61168K)->59160K(61168K) NonClass: 52241K(53412K)->52241K(53412K) Class: 6918K(7756K)->6918K(7756K)
[2023-04-09T18:42:37.719+0800][93.228s] GC(62) Pause Young (Normal) (G1 Evacuation Pause) 442M->180M(512M) 2.332ms
[2023-04-09T18:42:37.719+0800][93.228s] GC(62) User=0.00s Sys=0.00s Real=0.00s
[2023-04-09T18:42:38.089+0800][93.597s] GC(63) Pause Young (Normal) (G1 Evacuation Pause)
[2023-04-09T18:42:38.089+0800][93.597s] GC(63) Using 8 workers of 8 for evacuation
[2023-04-09T18:42:38.091+0800][93.600s] GC(63)   Pre Evacuate Collection Set: 0.0ms
[2023-04-09T18:42:38.091+0800][93.600s] GC(63)   Evacuate Collection Set: 1.5ms
[2023-04-09T18:42:38.091+0800][93.600s] GC(63)   Post Evacuate Collection Set: 0.5ms
[2023-04-09T18:42:38.091+0800][93.600s] GC(63)   Other: 0.2ms
[2023-04-09T18:42:38.091+0800][93.600s] GC(63) Eden regions: 255->0(252)
[2023-04-09T18:42:38.091+0800][93.600s] GC(63) Survivor regions: 9->10(33)
[2023-04-09T18:42:38.091+0800][93.600s] GC(63) Old regions: 122->125
[2023-04-09T18:42:38.091+0800][93.600s] GC(63) Humongous regions: 54->53
[2023-04-09T18:42:38.091+0800][93.600s] GC(63) Metaspace: 59160K(61168K)->59160K(61168K) NonClass: 52241K(53412K)->52241K(53412K) Class: 6918K(7756K)->6918K(7756K)
[2023-04-09T18:42:38.092+0800][93.600s] GC(63) Pause Young (Normal) (G1 Evacuation Pause) 438M->187M(512M) 2.571ms
[2023-04-09T18:42:38.092+0800][93.600s] GC(63) User=0.09s Sys=0.00s Real=0.00s
[2023-04-09T18:42:38.479+0800][93.988s] GC(64) Pause Young (Normal) (G1 Evacuation Pause)
[2023-04-09T18:42:38.479+0800][93.988s] GC(64) Using 8 workers of 8 for evacuation
[2023-04-09T18:42:38.481+0800][93.990s] GC(64)   Pre Evacuate Collection Set: 0.0ms
[2023-04-09T18:42:38.481+0800][93.990s] GC(64)   Evacuate Collection Set: 1.2ms
[2023-04-09T18:42:38.481+0800][93.990s] GC(64)   Post Evacuate Collection Set: 0.5ms
[2023-04-09T18:42:38.481+0800][93.990s] GC(64)   Other: 0.2ms
[2023-04-09T18:42:38.481+0800][93.990s] GC(64) Eden regions: 252->0(248)
[2023-04-09T18:42:38.482+0800][93.990s] GC(64) Survivor regions: 10->11(33)
[2023-04-09T18:42:38.482+0800][93.990s] GC(64) Old regions: 125->125
[2023-04-09T18:42:38.482+0800][93.990s] GC(64) Humongous regions: 66->59
[2023-04-09T18:42:38.482+0800][93.990s] GC(64) Metaspace: 59160K(61168K)->59160K(61168K) NonClass: 52241K(53412K)->52241K(53412K) Class: 6918K(7756K)->6918K(7756K)
[2023-04-09T18:42:38.482+0800][93.990s] GC(64) Pause Young (Normal) (G1 Evacuation Pause) 452M->194M(512M) 2.278ms
[2023-04-09T18:42:38.482+0800][93.990s] GC(64) User=0.08s Sys=0.00s Real=0.00s
[2023-04-09T18:42:39.067+0800][94.575s] GC(65) Pause Young (Normal) (G1 Evacuation Pause)
[2023-04-09T18:42:39.067+0800][94.575s] GC(65) Using 8 workers of 8 for evacuation
[2023-04-09T18:42:39.068+0800][94.576s] GC(65)   Pre Evacuate Collection Set: 0.0ms
[2023-04-09T18:42:39.068+0800][94.576s] GC(65)   Evacuate Collection Set: 0.3ms
[2023-04-09T18:42:39.068+0800][94.576s] GC(65)   Post Evacuate Collection Set: 0.6ms
[2023-04-09T18:42:39.068+0800][94.576s] GC(65)   Other: 0.1ms
[2023-04-09T18:42:39.068+0800][94.576s] GC(65) Eden regions: 248->0(263)
[2023-04-09T18:42:39.068+0800][94.576s] GC(65) Survivor regions: 11->1(33)
[2023-04-09T18:42:39.068+0800][94.576s] GC(65) Old regions: 125->125
[2023-04-09T18:42:39.068+0800][94.576s] GC(65) Humongous regions: 64->50
[2023-04-09T18:42:39.068+0800][94.576s] GC(65) Metaspace: 59166K(61168K)->59166K(61168K) NonClass: 52248K(53412K)->52248K(53412K) Class: 6918K(7756K)->6918K(7756K)
[2023-04-09T18:42:39.068+0800][94.576s] GC(65) Pause Young (Normal) (G1 Evacuation Pause) 447M->175M(512M) 1.229ms
[2023-04-09T18:42:39.068+0800][94.576s] GC(65) User=0.00s Sys=0.00s Real=0.00s
[2023-04-09T18:42:39.432+0800][94.941s] GC(66) Pause Young (Normal) (G1 Evacuation Pause)
[2023-04-09T18:42:39.432+0800][94.941s] GC(66) Using 8 workers of 8 for evacuation
[2023-04-09T18:42:39.433+0800][94.942s] GC(66)   Pre Evacuate Collection Set: 0.0ms
[2023-04-09T18:42:39.433+0800][94.942s] GC(66)   Evacuate Collection Set: 0.7ms
[2023-04-09T18:42:39.433+0800][94.943s] GC(66)   Post Evacuate Collection Set: 0.6ms
[2023-04-09T18:42:39.433+0800][94.943s] GC(66)   Other: 0.2ms
[2023-04-09T18:42:39.433+0800][94.943s] GC(66) Eden regions: 263->0(259)
[2023-04-09T18:42:39.433+0800][94.943s] GC(66) Survivor regions: 1->7(33)
[2023-04-09T18:42:39.433+0800][94.943s] GC(66) Old regions: 125->125
[2023-04-09T18:42:39.434+0800][94.943s] GC(66) Humongous regions: 51->51
[2023-04-09T18:42:39.434+0800][94.943s] GC(66) Metaspace: 59166K(61168K)->59166K(61168K) NonClass: 52248K(53412K)->52248K(53412K) Class: 6918K(7756K)->6918K(7756K)
[2023-04-09T18:42:39.434+0800][94.943s] GC(66) Pause Young (Normal) (G1 Evacuation Pause) 439M->181M(512M) 1.641ms
[2023-04-09T18:42:39.434+0800][94.943s] GC(66) User=0.12s Sys=0.00s Real=0.00s
[2023-04-09T18:42:39.844+0800][95.353s] GC(67) Pause Young (Normal) (G1 Evacuation Pause)
[2023-04-09T18:42:39.844+0800][95.353s] GC(67) Using 8 workers of 8 for evacuation
[2023-04-09T18:42:39.846+0800][95.355s] GC(67)   Pre Evacuate Collection Set: 0.0ms
[2023-04-09T18:42:39.846+0800][95.355s] GC(67)   Evacuate Collection Set: 1.1ms
[2023-04-09T18:42:39.846+0800][95.355s] GC(67)   Post Evacuate Collection Set: 0.7ms
[2023-04-09T18:42:39.846+0800][95.355s] GC(67)   Other: 0.2ms
[2023-04-09T18:42:39.846+0800][95.355s] GC(67) Eden regions: 259->0(254)
[2023-04-09T18:42:39.846+0800][95.355s] GC(67) Survivor regions: 7->11(34)
[2023-04-09T18:42:39.846+0800][95.355s] GC(67) Old regions: 125->125
[2023-04-09T18:42:39.846+0800][95.355s] GC(67) Humongous regions: 54->53
[2023-04-09T18:42:39.846+0800][95.355s] GC(67) Metaspace: 59166K(61168K)->59166K(61168K) NonClass: 52248K(53412K)->52248K(53412K) Class: 6918K(7756K)->6918K(7756K)
[2023-04-09T18:42:39.846+0800][95.355s] GC(67) Pause Young (Normal) (G1 Evacuation Pause) 443M->188M(512M) 2.136ms
[2023-04-09T18:42:39.846+0800][95.355s] GC(67) User=0.00s Sys=0.00s Real=0.00s
[2023-04-09T18:42:40.378+0800][95.887s] GC(68) Pause Young (Normal) (G1 Evacuation Pause)
[2023-04-09T18:42:40.378+0800][95.887s] GC(68) Using 8 workers of 8 for evacuation
[2023-04-09T18:42:40.379+0800][95.888s] GC(68)   Pre Evacuate Collection Set: 0.0ms
[2023-04-09T18:42:40.380+0800][95.888s] GC(68)   Evacuate Collection Set: 1.2ms
[2023-04-09T18:42:40.380+0800][95.888s] GC(68)   Post Evacuate Collection Set: 0.4ms
[2023-04-09T18:42:40.380+0800][95.888s] GC(68)   Other: 0.2ms
[2023-04-09T18:42:40.380+0800][95.889s] GC(68) Eden regions: 254->0(249)
[2023-04-09T18:42:40.380+0800][95.889s] GC(68) Survivor regions: 11->11(34)
[2023-04-09T18:42:40.380+0800][95.889s] GC(68) Old regions: 125->125
[2023-04-09T18:42:40.380+0800][95.889s] GC(68) Humongous regions: 71->59
[2023-04-09T18:42:40.380+0800][95.889s] GC(68) Metaspace: 59168K(61168K)->59168K(61168K) NonClass: 52250K(53412K)->52250K(53412K) Class: 6918K(7756K)->6918K(7756K)
[2023-04-09T18:42:40.380+0800][95.889s] GC(68) Pause Young (Normal) (G1 Evacuation Pause) 460M->194M(512M) 2.077ms
[2023-04-09T18:42:40.380+0800][95.889s] GC(68) User=0.00s Sys=0.00s Real=0.00s
[2023-04-09T18:42:40.807+0800][96.316s] GC(69) Pause Young (Normal) (G1 Evacuation Pause)
[2023-04-09T18:42:40.807+0800][96.316s] GC(69) Using 8 workers of 8 for evacuation
[2023-04-09T18:42:40.809+0800][96.317s] GC(69)   Pre Evacuate Collection Set: 0.0ms
[2023-04-09T18:42:40.809+0800][96.317s] GC(69)   Evacuate Collection Set: 0.4ms
[2023-04-09T18:42:40.809+0800][96.317s] GC(69)   Post Evacuate Collection Set: 0.6ms
[2023-04-09T18:42:40.809+0800][96.317s] GC(69)   Other: 0.2ms
[2023-04-09T18:42:40.809+0800][96.317s] GC(69) Eden regions: 249->0(265)
[2023-04-09T18:42:40.809+0800][96.317s] GC(69) Survivor regions: 11->2(33)
[2023-04-09T18:42:40.809+0800][96.317s] GC(69) Old regions: 125->125
[2023-04-09T18:42:40.809+0800][96.317s] GC(69) Humongous regions: 59->50
[2023-04-09T18:42:40.809+0800][96.317s] GC(69) Metaspace: 59172K(61168K)->59172K(61168K) NonClass: 52254K(53412K)->52254K(53412K) Class: 6918K(7756K)->6918K(7756K)
[2023-04-09T18:42:40.809+0800][96.317s] GC(69) Pause Young (Normal) (G1 Evacuation Pause) 443M->176M(512M) 1.405ms
[2023-04-09T18:42:40.809+0800][96.317s] GC(69) User=0.02s Sys=0.00s Real=0.00s
[2023-04-09T18:42:41.184+0800][96.693s] GC(70) Pause Young (Normal) (G1 Evacuation Pause)
[2023-04-09T18:42:41.184+0800][96.693s] GC(70) Using 8 workers of 8 for evacuation
[2023-04-09T18:42:41.186+0800][96.694s] GC(70)   Pre Evacuate Collection Set: 0.0ms
[2023-04-09T18:42:41.186+0800][96.694s] GC(70)   Evacuate Collection Set: 0.8ms
[2023-04-09T18:42:41.186+0800][96.694s] GC(70)   Post Evacuate Collection Set: 0.7ms
[2023-04-09T18:42:41.186+0800][96.694s] GC(70)   Other: 0.1ms
[2023-04-09T18:42:41.186+0800][96.694s] GC(70) Eden regions: 265->0(259)
[2023-04-09T18:42:41.186+0800][96.694s] GC(70) Survivor regions: 2->7(34)
[2023-04-09T18:42:41.186+0800][96.694s] GC(70) Old regions: 125->125
[2023-04-09T18:42:41.186+0800][96.694s] GC(70) Humongous regions: 53->52
[2023-04-09T18:42:41.186+0800][96.694s] GC(70) Metaspace: 59172K(61168K)->59172K(61168K) NonClass: 52254K(53412K)->52254K(53412K) Class: 6918K(7756K)->6918K(7756K)
[2023-04-09T18:42:41.186+0800][96.694s] GC(70) Pause Young (Normal) (G1 Evacuation Pause) 444M->183M(512M) 1.835ms
[2023-04-09T18:42:41.186+0800][96.694s] GC(70) User=0.00s Sys=0.00s Real=0.00s
[2023-04-09T18:42:41.557+0800][97.066s] GC(71) Pause Young (Normal) (G1 Evacuation Pause)
[2023-04-09T18:42:41.557+0800][97.066s] GC(71) Using 8 workers of 8 for evacuation
[2023-04-09T18:42:41.559+0800][97.067s] GC(71)   Pre Evacuate Collection Set: 0.0ms
[2023-04-09T18:42:41.559+0800][97.067s] GC(71)   Evacuate Collection Set: 1.0ms
[2023-04-09T18:42:41.559+0800][97.067s] GC(71)   Post Evacuate Collection Set: 0.6ms
[2023-04-09T18:42:41.559+0800][97.067s] GC(71)   Other: 0.2ms
[2023-04-09T18:42:41.559+0800][97.067s] GC(71) Eden regions: 259->0(252)
[2023-04-09T18:42:41.559+0800][97.067s] GC(71) Survivor regions: 7->9(34)
[2023-04-09T18:42:41.559+0800][97.067s] GC(71) Old regions: 125->125
[2023-04-09T18:42:41.559+0800][97.067s] GC(71) Humongous regions: 58->58
[2023-04-09T18:42:41.559+0800][97.068s] GC(71) Metaspace: 59172K(61168K)->59172K(61168K) NonClass: 52254K(53412K)->52254K(53412K) Class: 6918K(7756K)->6918K(7756K)
[2023-04-09T18:42:41.559+0800][97.068s] GC(71) Pause Young (Normal) (G1 Evacuation Pause) 448M->191M(512M) 2.011ms
[2023-04-09T18:42:41.559+0800][97.068s] GC(71) User=0.00s Sys=0.00s Real=0.00s
[2023-04-09T18:42:42.046+0800][97.555s] GC(72) Pause Young (Normal) (G1 Evacuation Pause)
[2023-04-09T18:42:42.046+0800][97.555s] GC(72) Using 8 workers of 8 for evacuation
[2023-04-09T18:42:42.048+0800][97.557s] GC(72)   Pre Evacuate Collection Set: 0.0ms
[2023-04-09T18:42:42.048+0800][97.557s] GC(72)   Evacuate Collection Set: 1.2ms
[2023-04-09T18:42:42.048+0800][97.557s] GC(72)   Post Evacuate Collection Set: 0.6ms
[2023-04-09T18:42:42.048+0800][97.557s] GC(72)   Other: 0.2ms
[2023-04-09T18:42:42.048+0800][97.557s] GC(72) Eden regions: 252->0(250)
[2023-04-09T18:42:42.048+0800][97.557s] GC(72) Survivor regions: 9->11(33)
[2023-04-09T18:42:42.048+0800][97.557s] GC(72) Old regions: 125->125
[2023-04-09T18:42:42.048+0800][97.557s] GC(72) Humongous regions: 71->59
[2023-04-09T18:42:42.048+0800][97.557s] GC(72) Metaspace: 59183K(61168K)->59183K(61168K) NonClass: 52264K(53412K)->52264K(53412K) Class: 6918K(7756K)->6918K(7756K)
[2023-04-09T18:42:42.048+0800][97.557s] GC(72) Pause Young (Normal) (G1 Evacuation Pause) 456M->194M(512M) 2.140ms
[2023-04-09T18:42:42.048+0800][97.557s] GC(72) User=0.00s Sys=0.00s Real=0.00s
[2023-04-09T18:42:42.507+0800][98.016s] GC(73) Pause Young (Normal) (G1 Evacuation Pause)
[2023-04-09T18:42:42.507+0800][98.016s] GC(73) Using 8 workers of 8 for evacuation
[2023-04-09T18:42:42.508+0800][98.017s] GC(73)   Pre Evacuate Collection Set: 0.0ms
[2023-04-09T18:42:42.508+0800][98.017s] GC(73)   Evacuate Collection Set: 0.5ms
[2023-04-09T18:42:42.508+0800][98.017s] GC(73)   Post Evacuate Collection Set: 0.4ms
[2023-04-09T18:42:42.508+0800][98.017s] GC(73)   Other: 0.2ms
[2023-04-09T18:42:42.508+0800][98.017s] GC(73) Eden regions: 250->0(259)
[2023-04-09T18:42:42.508+0800][98.017s] GC(73) Survivor regions: 11->4(33)
[2023-04-09T18:42:42.508+0800][98.017s] GC(73) Old regions: 125->126
[2023-04-09T18:42:42.508+0800][98.017s] GC(73) Humongous regions: 59->50
[2023-04-09T18:42:42.508+0800][98.017s] GC(73) Metaspace: 59186K(61168K)->59186K(61168K) NonClass: 52268K(53412K)->52268K(53412K) Class: 6918K(7756K)->6918K(7756K)
[2023-04-09T18:42:42.508+0800][98.017s] GC(73) Pause Young (Normal) (G1 Evacuation Pause) 444M->178M(512M) 1.369ms
[2023-04-09T18:42:42.508+0800][98.017s] GC(73) User=0.00s Sys=0.00s Real=0.00s
[2023-04-09T18:42:42.961+0800][98.470s] GC(74) Pause Young (Normal) (G1 Evacuation Pause)
[2023-04-09T18:42:42.961+0800][98.470s] GC(74) Using 8 workers of 8 for evacuation
[2023-04-09T18:42:42.963+0800][98.472s] GC(74)   Pre Evacuate Collection Set: 0.0ms
[2023-04-09T18:42:42.963+0800][98.472s] GC(74)   Evacuate Collection Set: 0.9ms
[2023-04-09T18:42:42.963+0800][98.472s] GC(74)   Post Evacuate Collection Set: 0.4ms
[2023-04-09T18:42:42.963+0800][98.472s] GC(74)   Other: 0.2ms
[2023-04-09T18:42:42.963+0800][98.472s] GC(74) Eden regions: 259->0(256)
[2023-04-09T18:42:42.963+0800][98.472s] GC(74) Survivor regions: 4->8(33)
[2023-04-09T18:42:42.963+0800][98.472s] GC(74) Old regions: 126->126
[2023-04-09T18:42:42.963+0800][98.472s] GC(74) Humongous regions: 53->52
[2023-04-09T18:42:42.963+0800][98.472s] GC(74) Metaspace: 59186K(61168K)->59186K(61168K) NonClass: 52268K(53412K)->52268K(53412K) Class: 6918K(7756K)->6918K(7756K)
[2023-04-09T18:42:42.963+0800][98.472s] GC(74) Pause Young (Normal) (G1 Evacuation Pause) 440M->184M(512M) 1.765ms
[2023-04-09T18:42:42.963+0800][98.472s] GC(74) User=0.00s Sys=0.00s Real=0.00s
[2023-04-09T18:42:43.412+0800][98.921s] GC(75) Pause Young (Normal) (G1 Evacuation Pause)
[2023-04-09T18:42:43.412+0800][98.921s] GC(75) Using 8 workers of 8 for evacuation
[2023-04-09T18:42:43.413+0800][98.923s] GC(75)   Pre Evacuate Collection Set: 0.0ms
[2023-04-09T18:42:43.413+0800][98.923s] GC(75)   Evacuate Collection Set: 1.0ms
[2023-04-09T18:42:43.413+0800][98.923s] GC(75)   Post Evacuate Collection Set: 0.6ms
[2023-04-09T18:42:43.414+0800][98.923s] GC(75)   Other: 0.2ms
[2023-04-09T18:42:43.414+0800][98.923s] GC(75) Eden regions: 256->0(250)
[2023-04-09T18:42:43.414+0800][98.923s] GC(75) Survivor regions: 8->10(33)
[2023-04-09T18:42:43.414+0800][98.923s] GC(75) Old regions: 126->126
[2023-04-09T18:42:43.414+0800][98.923s] GC(75) Humongous regions: 61->59
[2023-04-09T18:42:43.414+0800][98.923s] GC(75) Metaspace: 59186K(61168K)->59186K(61168K) NonClass: 52268K(53412K)->52268K(53412K) Class: 6918K(7756K)->6918K(7756K)
[2023-04-09T18:42:43.414+0800][98.923s] GC(75) Pause Young (Normal) (G1 Evacuation Pause) 449M->193M(512M) 1.988ms
[2023-04-09T18:42:43.414+0800][98.923s] GC(75) User=0.00s Sys=0.00s Real=0.00s
[2023-04-09T18:42:43.864+0800][99.373s] GC(76) Pause Young (Normal) (G1 Evacuation Pause)
[2023-04-09T18:42:43.864+0800][99.373s] GC(76) Using 8 workers of 8 for evacuation
[2023-04-09T18:42:43.866+0800][99.375s] GC(76)   Pre Evacuate Collection Set: 0.0ms
[2023-04-09T18:42:43.866+0800][99.375s] GC(76)   Evacuate Collection Set: 1.3ms
[2023-04-09T18:42:43.866+0800][99.375s] GC(76)   Post Evacuate Collection Set: 0.6ms
[2023-04-09T18:42:43.866+0800][99.375s] GC(76)   Other: 0.1ms
[2023-04-09T18:42:43.866+0800][99.375s] GC(76) Eden regions: 250->0(250)
[2023-04-09T18:42:43.866+0800][99.375s] GC(76) Survivor regions: 10->10(33)
[2023-04-09T18:42:43.866+0800][99.375s] GC(76) Old regions: 126->126
[2023-04-09T18:42:43.866+0800][99.375s] GC(76) Humongous regions: 69->59
[2023-04-09T18:42:43.866+0800][99.375s] GC(76) Metaspace: 59193K(61168K)->59193K(61168K) NonClass: 52275K(53412K)->52275K(53412K) Class: 6918K(7756K)->6918K(7756K)
[2023-04-09T18:42:43.866+0800][99.375s] GC(76) Pause Young (Normal) (G1 Evacuation Pause) 453M->193M(512M) 2.271ms
[2023-04-09T18:42:43.866+0800][99.375s] GC(76) User=0.00s Sys=0.00s Real=0.00s
[2023-04-09T18:42:44.319+0800][99.827s] GC(77) Pause Young (Normal) (G1 Evacuation Pause)
[2023-04-09T18:42:44.319+0800][99.828s] GC(77) Using 8 workers of 8 for evacuation
[2023-04-09T18:42:44.320+0800][99.829s] GC(77)   Pre Evacuate Collection Set: 0.0ms
[2023-04-09T18:42:44.321+0800][99.829s] GC(77)   Evacuate Collection Set: 0.7ms
[2023-04-09T18:42:44.321+0800][99.829s] GC(77)   Post Evacuate Collection Set: 0.5ms
[2023-04-09T18:42:44.321+0800][99.829s] GC(77)   Other: 0.3ms
[2023-04-09T18:42:44.321+0800][99.829s] GC(77) Eden regions: 250->0(259)
[2023-04-09T18:42:44.321+0800][99.829s] GC(77) Survivor regions: 10->4(33)
[2023-04-09T18:42:44.321+0800][99.829s] GC(77) Old regions: 126->126
[2023-04-09T18:42:44.321+0800][99.829s] GC(77) Humongous regions: 60->51
[2023-04-09T18:42:44.321+0800][99.829s] GC(77) Metaspace: 59195K(61168K)->59195K(61168K) NonClass: 52276K(53412K)->52276K(53412K) Class: 6918K(7756K)->6918K(7756K)
[2023-04-09T18:42:44.321+0800][99.829s] GC(77) Pause Young (Normal) (G1 Evacuation Pause) 444M->179M(512M) 1.910ms
[2023-04-09T18:42:44.321+0800][99.829s] GC(77) User=0.00s Sys=0.00s Real=0.00s
[2023-04-09T18:42:44.793+0800][100.302s] GC(78) Pause Young (Normal) (G1 Evacuation Pause)
[2023-04-09T18:42:44.793+0800][100.302s] GC(78) Using 8 workers of 8 for evacuation
[2023-04-09T18:42:44.795+0800][100.303s] GC(78)   Pre Evacuate Collection Set: 0.0ms
[2023-04-09T18:42:44.795+0800][100.303s] GC(78)   Evacuate Collection Set: 0.9ms
[2023-04-09T18:42:44.795+0800][100.304s] GC(78)   Post Evacuate Collection Set: 0.5ms
[2023-04-09T18:42:44.795+0800][100.304s] GC(78)   Other: 0.2ms
[2023-04-09T18:42:44.795+0800][100.304s] GC(78) Eden regions: 259->0(254)
[2023-04-09T18:42:44.795+0800][100.304s] GC(78) Survivor regions: 4->10(33)
[2023-04-09T18:42:44.795+0800][100.304s] GC(78) Old regions: 126->126
[2023-04-09T18:42:44.795+0800][100.304s] GC(78) Humongous regions: 53->52
[2023-04-09T18:42:44.795+0800][100.304s] GC(78) Metaspace: 59195K(61168K)->59195K(61168K) NonClass: 52276K(53412K)->52276K(53412K) Class: 6918K(7756K)->6918K(7756K)
[2023-04-09T18:42:44.795+0800][100.304s] GC(78) Pause Young (Normal) (G1 Evacuation Pause) 440M->186M(512M) 1.755ms
[2023-04-09T18:42:44.795+0800][100.304s] GC(78) User=0.00s Sys=0.00s Real=0.00s
[2023-04-09T18:42:45.234+0800][100.743s] GC(79) Pause Young (Normal) (G1 Evacuation Pause)
[2023-04-09T18:42:45.234+0800][100.743s] GC(79) Using 8 workers of 8 for evacuation
[2023-04-09T18:42:45.236+0800][100.744s] GC(79)   Pre Evacuate Collection Set: 0.0ms
[2023-04-09T18:42:45.236+0800][100.744s] GC(79)   Evacuate Collection Set: 1.1ms
[2023-04-09T18:42:45.236+0800][100.745s] GC(79)   Post Evacuate Collection Set: 0.5ms
[2023-04-09T18:42:45.236+0800][100.745s] GC(79)   Other: 0.3ms
[2023-04-09T18:42:45.236+0800][100.745s] GC(79) Eden regions: 254->0(249)
[2023-04-09T18:42:45.236+0800][100.745s] GC(79) Survivor regions: 10->10(33)
[2023-04-09T18:42:45.236+0800][100.745s] GC(79) Old regions: 126->126
[2023-04-09T18:42:45.236+0800][100.745s] GC(79) Humongous regions: 66->59
[2023-04-09T18:42:45.236+0800][100.745s] GC(79) Metaspace: 59195K(61168K)->59195K(61168K) NonClass: 52276K(53412K)->52276K(53412K) Class: 6918K(7756K)->6918K(7756K)
[2023-04-09T18:42:45.236+0800][100.745s] GC(79) Pause Young (Normal) (G1 Evacuation Pause) 454M->193M(512M) 2.260ms
[2023-04-09T18:42:45.236+0800][100.745s] GC(79) User=0.00s Sys=0.00s Real=0.00s
[2023-04-09T18:42:45.725+0800][101.234s] GC(80) Pause Young (Normal) (G1 Evacuation Pause)
[2023-04-09T18:42:45.725+0800][101.234s] GC(80) Using 8 workers of 8 for evacuation
[2023-04-09T18:42:45.727+0800][101.236s] GC(80)   Pre Evacuate Collection Set: 0.0ms
[2023-04-09T18:42:45.727+0800][101.236s] GC(80)   Evacuate Collection Set: 1.1ms
[2023-04-09T18:42:45.727+0800][101.236s] GC(80)   Post Evacuate Collection Set: 0.6ms
[2023-04-09T18:42:45.727+0800][101.236s] GC(80)   Other: 0.1ms
[2023-04-09T18:42:45.727+0800][101.236s] GC(80) Eden regions: 249->0(249)
[2023-04-09T18:42:45.727+0800][101.236s] GC(80) Survivor regions: 10->11(33)
[2023-04-09T18:42:45.727+0800][101.236s] GC(80) Old regions: 126->126
[2023-04-09T18:42:45.727+0800][101.236s] GC(80) Humongous regions: 64->59
[2023-04-09T18:42:45.727+0800][101.236s] GC(80) Metaspace: 59195K(61168K)->59195K(61168K) NonClass: 52276K(53412K)->52276K(53412K) Class: 6918K(7756K)->6918K(7756K)
[2023-04-09T18:42:45.727+0800][101.236s] GC(80) Pause Young (Normal) (G1 Evacuation Pause) 447M->194M(512M) 2.013ms
[2023-04-09T18:42:45.727+0800][101.236s] GC(80) User=0.00s Sys=0.00s Real=0.00s
[2023-04-09T18:42:46.253+0800][101.761s] GC(81) Pause Young (Normal) (G1 Evacuation Pause)
[2023-04-09T18:42:46.253+0800][101.762s] GC(81) Using 8 workers of 8 for evacuation
[2023-04-09T18:42:46.254+0800][101.763s] GC(81)   Pre Evacuate Collection Set: 0.0ms
[2023-04-09T18:42:46.254+0800][101.763s] GC(81)   Evacuate Collection Set: 0.6ms
[2023-04-09T18:42:46.254+0800][101.763s] GC(81)   Post Evacuate Collection Set: 0.5ms
[2023-04-09T18:42:46.254+0800][101.763s] GC(81)   Other: 0.1ms
[2023-04-09T18:42:46.254+0800][101.763s] GC(81) Eden regions: 249->0(256)
[2023-04-09T18:42:46.254+0800][101.763s] GC(81) Survivor regions: 11->5(33)
[2023-04-09T18:42:46.254+0800][101.763s] GC(81) Old regions: 126->126
[2023-04-09T18:42:46.254+0800][101.763s] GC(81) Humongous regions: 60->51
[2023-04-09T18:42:46.254+0800][101.763s] GC(81) Metaspace: 59199K(61168K)->59199K(61168K) NonClass: 52280K(53412K)->52280K(53412K) Class: 6918K(7756K)->6918K(7756K)
[2023-04-09T18:42:46.254+0800][101.763s] GC(81) Pause Young (Normal) (G1 Evacuation Pause) 444M->180M(512M) 1.503ms
[2023-04-09T18:42:46.255+0800][101.763s] GC(81) User=0.00s Sys=0.00s Real=0.00s
[2023-04-09T18:42:46.649+0800][102.158s] GC(82) Pause Young (Normal) (G1 Evacuation Pause)
[2023-04-09T18:42:46.649+0800][102.158s] GC(82) Using 8 workers of 8 for evacuation
[2023-04-09T18:42:46.651+0800][102.160s] GC(82)   Pre Evacuate Collection Set: 0.0ms
[2023-04-09T18:42:46.651+0800][102.160s] GC(82)   Evacuate Collection Set: 1.0ms
[2023-04-09T18:42:46.651+0800][102.160s] GC(82)   Post Evacuate Collection Set: 0.4ms
[2023-04-09T18:42:46.651+0800][102.160s] GC(82)   Other: 0.2ms
[2023-04-09T18:42:46.651+0800][102.160s] GC(82) Eden regions: 256->0(253)
[2023-04-09T18:42:46.651+0800][102.160s] GC(82) Survivor regions: 5->9(33)
[2023-04-09T18:42:46.651+0800][102.160s] GC(82) Old regions: 126->126
[2023-04-09T18:42:46.651+0800][102.160s] GC(82) Humongous regions: 54->53
[2023-04-09T18:42:46.651+0800][102.160s] GC(82) Metaspace: 59199K(61168K)->59199K(61168K) NonClass: 52280K(53412K)->52280K(53412K) Class: 6918K(7756K)->6918K(7756K)
[2023-04-09T18:42:46.651+0800][102.160s] GC(82) Pause Young (Normal) (G1 Evacuation Pause) 439M->186M(512M) 1.808ms
[2023-04-09T18:42:46.651+0800][102.160s] GC(82) User=0.00s Sys=0.00s Real=0.00s
[2023-04-09T18:42:47.044+0800][102.552s] GC(83) Pause Young (Normal) (G1 Evacuation Pause)
[2023-04-09T18:42:47.044+0800][102.552s] GC(83) Using 8 workers of 8 for evacuation
[2023-04-09T18:42:47.046+0800][102.554s] GC(83)   Pre Evacuate Collection Set: 0.0ms
[2023-04-09T18:42:47.046+0800][102.554s] GC(83)   Evacuate Collection Set: 1.1ms
[2023-04-09T18:42:47.046+0800][102.554s] GC(83)   Post Evacuate Collection Set: 0.7ms
[2023-04-09T18:42:47.046+0800][102.554s] GC(83)   Other: 0.2ms
[2023-04-09T18:42:47.046+0800][102.554s] GC(83) Eden regions: 253->0(248)
[2023-04-09T18:42:47.046+0800][102.554s] GC(83) Survivor regions: 9->11(33)
[2023-04-09T18:42:47.046+0800][102.554s] GC(83) Old regions: 126->126
[2023-04-09T18:42:47.046+0800][102.554s] GC(83) Humongous regions: 66->59
[2023-04-09T18:42:47.046+0800][102.554s] GC(83) Metaspace: 59199K(61168K)->59199K(61168K) NonClass: 52280K(53412K)->52280K(53412K) Class: 6918K(7756K)->6918K(7756K)
[2023-04-09T18:42:47.046+0800][102.554s] GC(83) Pause Young (Normal) (G1 Evacuation Pause) 452M->194M(512M) 2.159ms
[2023-04-09T18:42:47.046+0800][102.554s] GC(83) User=0.00s Sys=0.00s Real=0.00s
[2023-04-09T18:42:47.640+0800][103.149s] GC(84) Pause Young (Normal) (G1 Evacuation Pause)
[2023-04-09T18:42:47.640+0800][103.149s] GC(84) Using 8 workers of 8 for evacuation
[2023-04-09T18:42:47.641+0800][103.149s] GC(84)   Pre Evacuate Collection Set: 0.0ms
[2023-04-09T18:42:47.641+0800][103.149s] GC(84)   Evacuate Collection Set: 0.3ms
[2023-04-09T18:42:47.641+0800][103.149s] GC(84)   Post Evacuate Collection Set: 0.3ms
[2023-04-09T18:42:47.641+0800][103.150s] GC(84)   Other: 0.2ms
[2023-04-09T18:42:47.641+0800][103.150s] GC(84) Eden regions: 248->0(260)
[2023-04-09T18:42:47.641+0800][103.150s] GC(84) Survivor regions: 11->1(33)
[2023-04-09T18:42:47.641+0800][103.150s] GC(84) Old regions: 126->126
[2023-04-09T18:42:47.641+0800][103.150s] GC(84) Humongous regions: 64->50
[2023-04-09T18:42:47.641+0800][103.150s] GC(84) Metaspace: 59200K(61168K)->59200K(61168K) NonClass: 52281K(53412K)->52281K(53412K) Class: 6918K(7756K)->6918K(7756K)
[2023-04-09T18:42:47.641+0800][103.150s] GC(84) Pause Young (Normal) (G1 Evacuation Pause) 447M->175M(512M) 1.086ms
[2023-04-09T18:42:47.641+0800][103.150s] GC(84) User=0.00s Sys=0.00s Real=0.00s
[2023-04-09T18:42:48.017+0800][103.526s] GC(85) Pause Young (Normal) (G1 Evacuation Pause)
[2023-04-09T18:42:48.017+0800][103.526s] GC(85) Using 8 workers of 8 for evacuation
[2023-04-09T18:42:48.019+0800][103.527s] GC(85)   Pre Evacuate Collection Set: 0.0ms
[2023-04-09T18:42:48.019+0800][103.527s] GC(85)   Evacuate Collection Set: 0.7ms
[2023-04-09T18:42:48.019+0800][103.527s] GC(85)   Post Evacuate Collection Set: 0.5ms
[2023-04-09T18:42:48.019+0800][103.527s] GC(85)   Other: 0.2ms
[2023-04-09T18:42:48.019+0800][103.527s] GC(85) Eden regions: 260->0(258)
[2023-04-09T18:42:48.019+0800][103.527s] GC(85) Survivor regions: 1->6(33)
[2023-04-09T18:42:48.019+0800][103.528s] GC(85) Old regions: 126->126
[2023-04-09T18:42:48.019+0800][103.528s] GC(85) Humongous regions: 51->51
[2023-04-09T18:42:48.019+0800][103.528s] GC(85) Metaspace: 59200K(61168K)->59200K(61168K) NonClass: 52281K(53412K)->52281K(53412K) Class: 6918K(7756K)->6918K(7756K)
[2023-04-09T18:42:48.019+0800][103.528s] GC(85) Pause Young (Normal) (G1 Evacuation Pause) 436M->181M(512M) 1.619ms
[2023-04-09T18:42:48.019+0800][103.528s] GC(85) User=0.00s Sys=0.00s Real=0.00s
[2023-04-09T18:42:48.396+0800][103.904s] GC(86) Pause Young (Normal) (G1 Evacuation Pause)
[2023-04-09T18:42:48.396+0800][103.904s] GC(86) Using 8 workers of 8 for evacuation
[2023-04-09T18:42:48.398+0800][103.906s] GC(86)   Pre Evacuate Collection Set: 0.0ms
[2023-04-09T18:42:48.398+0800][103.906s] GC(86)   Evacuate Collection Set: 1.2ms
[2023-04-09T18:42:48.398+0800][103.906s] GC(86)   Post Evacuate Collection Set: 0.5ms
[2023-04-09T18:42:48.398+0800][103.906s] GC(86)   Other: 0.2ms
[2023-04-09T18:42:48.398+0800][103.906s] GC(86) Eden regions: 258->0(253)
[2023-04-09T18:42:48.398+0800][103.906s] GC(86) Survivor regions: 6->11(33)
[2023-04-09T18:42:48.398+0800][103.906s] GC(86) Old regions: 126->126
[2023-04-09T18:42:48.398+0800][103.906s] GC(86) Humongous regions: 54->53
[2023-04-09T18:42:48.398+0800][103.906s] GC(86) Metaspace: 59200K(61168K)->59200K(61168K) NonClass: 52281K(53412K)->52281K(53412K) Class: 6918K(7756K)->6918K(7756K)
[2023-04-09T18:42:48.398+0800][103.906s] GC(86) Pause Young (Normal) (G1 Evacuation Pause) 442M->188M(512M) 2.142ms
[2023-04-09T18:42:48.398+0800][103.906s] GC(86) User=0.00s Sys=0.00s Real=0.00s
[2023-04-09T18:42:48.930+0800][104.439s] GC(87) Pause Young (Normal) (G1 Evacuation Pause)
[2023-04-09T18:42:48.930+0800][104.439s] GC(87) Using 8 workers of 8 for evacuation
[2023-04-09T18:42:48.932+0800][104.441s] GC(87)   Pre Evacuate Collection Set: 0.0ms
[2023-04-09T18:42:48.932+0800][104.441s] GC(87)   Evacuate Collection Set: 1.1ms
[2023-04-09T18:42:48.932+0800][104.441s] GC(87)   Post Evacuate Collection Set: 0.6ms
[2023-04-09T18:42:48.932+0800][104.441s] GC(87)   Other: 0.1ms
[2023-04-09T18:42:48.932+0800][104.441s] GC(87) Eden regions: 253->0(249)
[2023-04-09T18:42:48.932+0800][104.441s] GC(87) Survivor regions: 11->11(33)
[2023-04-09T18:42:48.932+0800][104.441s] GC(87) Old regions: 126->126
[2023-04-09T18:42:48.932+0800][104.441s] GC(87) Humongous regions: 71->59
[2023-04-09T18:42:48.932+0800][104.441s] GC(87) Metaspace: 59202K(61168K)->59202K(61168K) NonClass: 52284K(53412K)->52284K(53412K) Class: 6918K(7756K)->6918K(7756K)
[2023-04-09T18:42:48.932+0800][104.441s] GC(87) Pause Young (Normal) (G1 Evacuation Pause) 459M->194M(512M) 2.133ms
[2023-04-09T18:42:48.932+0800][104.441s] GC(87) User=0.00s Sys=0.00s Real=0.00s
[2023-04-09T18:42:49.329+0800][104.838s] GC(88) Pause Young (Normal) (G1 Evacuation Pause)
[2023-04-09T18:42:49.329+0800][104.838s] GC(88) Using 8 workers of 8 for evacuation
[2023-04-09T18:42:49.330+0800][104.839s] GC(88)   Pre Evacuate Collection Set: 0.0ms
[2023-04-09T18:42:49.330+0800][104.839s] GC(88)   Evacuate Collection Set: 0.3ms
[2023-04-09T18:42:49.330+0800][104.839s] GC(88)   Post Evacuate Collection Set: 0.5ms
[2023-04-09T18:42:49.330+0800][104.839s] GC(88)   Other: 0.2ms
[2023-04-09T18:42:49.330+0800][104.839s] GC(88) Eden regions: 249->0(262)
[2023-04-09T18:42:49.330+0800][104.839s] GC(88) Survivor regions: 11->2(33)
[2023-04-09T18:42:49.330+0800][104.839s] GC(88) Old regions: 126->126
[2023-04-09T18:42:49.330+0800][104.839s] GC(88) Humongous regions: 59->50
[2023-04-09T18:42:49.330+0800][104.839s] GC(88) Metaspace: 59204K(61168K)->59204K(61168K) NonClass: 52285K(53412K)->52285K(53412K) Class: 6918K(7756K)->6918K(7756K)
[2023-04-09T18:42:49.330+0800][104.839s] GC(88) Pause Young (Normal) (G1 Evacuation Pause) 443M->176M(512M) 1.219ms
[2023-04-09T18:42:49.330+0800][104.839s] GC(88) User=0.00s Sys=0.00s Real=0.00s
[2023-04-09T18:42:49.762+0800][105.271s] GC(89) Pause Young (Normal) (G1 Evacuation Pause)
[2023-04-09T18:42:49.762+0800][105.271s] GC(89) Using 8 workers of 8 for evacuation
[2023-04-09T18:42:49.763+0800][105.272s] GC(89)   Pre Evacuate Collection Set: 0.0ms
[2023-04-09T18:42:49.763+0800][105.272s] GC(89)   Evacuate Collection Set: 0.7ms
[2023-04-09T18:42:49.763+0800][105.272s] GC(89)   Post Evacuate Collection Set: 0.4ms
[2023-04-09T18:42:49.764+0800][105.272s] GC(89)   Other: 0.2ms
[2023-04-09T18:42:49.764+0800][105.272s] GC(89) Eden regions: 262->0(258)
[2023-04-09T18:42:49.764+0800][105.272s] GC(89) Survivor regions: 2->7(33)
[2023-04-09T18:42:49.764+0800][105.272s] GC(89) Old regions: 126->126
[2023-04-09T18:42:49.764+0800][105.272s] GC(89) Humongous regions: 53->52
[2023-04-09T18:42:49.764+0800][105.272s] GC(89) Metaspace: 59204K(61168K)->59204K(61168K) NonClass: 52285K(53412K)->52285K(53412K) Class: 6918K(7756K)->6918K(7756K)
[2023-04-09T18:42:49.764+0800][105.272s] GC(89) Pause Young (Normal) (G1 Evacuation Pause) 441M->183M(512M) 1.542ms
[2023-04-09T18:42:49.764+0800][105.272s] GC(89) User=0.00s Sys=0.00s Real=0.00s
[2023-04-09T18:42:50.134+0800][105.643s] GC(90) Pause Young (Normal) (G1 Evacuation Pause)
[2023-04-09T18:42:50.134+0800][105.643s] GC(90) Using 8 workers of 8 for evacuation
[2023-04-09T18:42:50.136+0800][105.645s] GC(90)   Pre Evacuate Collection Set: 0.0ms
[2023-04-09T18:42:50.136+0800][105.645s] GC(90)   Evacuate Collection Set: 0.9ms
[2023-04-09T18:42:50.136+0800][105.645s] GC(90)   Post Evacuate Collection Set: 0.7ms
[2023-04-09T18:42:50.136+0800][105.645s] GC(90)   Other: 0.2ms
[2023-04-09T18:42:50.136+0800][105.645s] GC(90) Eden regions: 258->0(252)
[2023-04-09T18:42:50.136+0800][105.645s] GC(90) Survivor regions: 7->9(34)
[2023-04-09T18:42:50.136+0800][105.645s] GC(90) Old regions: 126->126
[2023-04-09T18:42:50.136+0800][105.645s] GC(90) Humongous regions: 58->58
[2023-04-09T18:42:50.136+0800][105.645s] GC(90) Metaspace: 59204K(61168K)->59204K(61168K) NonClass: 52285K(53412K)->52285K(53412K) Class: 6918K(7756K)->6918K(7756K)
[2023-04-09T18:42:50.136+0800][105.645s] GC(90) Pause Young (Normal) (G1 Evacuation Pause) 447M->191M(512M) 1.934ms
[2023-04-09T18:42:50.136+0800][105.645s] GC(90) User=0.00s Sys=0.00s Real=0.00s
[2023-04-09T18:42:50.666+0800][106.175s] GC(91) Pause Young (Normal) (G1 Evacuation Pause)
[2023-04-09T18:42:50.666+0800][106.175s] GC(91) Using 8 workers of 8 for evacuation
[2023-04-09T18:42:50.668+0800][106.177s] GC(91)   Pre Evacuate Collection Set: 0.0ms
[2023-04-09T18:42:50.668+0800][106.177s] GC(91)   Evacuate Collection Set: 1.1ms
[2023-04-09T18:42:50.668+0800][106.177s] GC(91)   Post Evacuate Collection Set: 0.7ms
[2023-04-09T18:42:50.668+0800][106.177s] GC(91)   Other: 0.1ms
[2023-04-09T18:42:50.668+0800][106.177s] GC(91) Eden regions: 252->0(251)
[2023-04-09T18:42:50.668+0800][106.177s] GC(91) Survivor regions: 9->10(33)
[2023-04-09T18:42:50.668+0800][106.177s] GC(91) Old regions: 126->126
[2023-04-09T18:42:50.668+0800][106.177s] GC(91) Humongous regions: 71->59
[2023-04-09T18:42:50.668+0800][106.177s] GC(91) Metaspace: 59206K(61168K)->59206K(61168K) NonClass: 52288K(53412K)->52288K(53412K) Class: 6918K(7756K)->6918K(7756K)
[2023-04-09T18:42:50.668+0800][106.177s] GC(91) Pause Young (Normal) (G1 Evacuation Pause) 456M->193M(512M) 2.174ms
[2023-04-09T18:42:50.668+0800][106.177s] GC(91) User=0.02s Sys=0.00s Real=0.00s
[2023-04-09T18:42:51.165+0800][106.673s] GC(92) Pause Young (Normal) (G1 Evacuation Pause)
[2023-04-09T18:42:51.165+0800][106.673s] GC(92) Using 8 workers of 8 for evacuation
[2023-04-09T18:42:51.166+0800][106.675s] GC(92)   Pre Evacuate Collection Set: 0.0ms
[2023-04-09T18:42:51.166+0800][106.675s] GC(92)   Evacuate Collection Set: 0.6ms
[2023-04-09T18:42:51.166+0800][106.675s] GC(92)   Post Evacuate Collection Set: 0.4ms
[2023-04-09T18:42:51.166+0800][106.675s] GC(92)   Other: 0.2ms
[2023-04-09T18:42:51.166+0800][106.675s] GC(92) Eden regions: 251->0(264)
[2023-04-09T18:42:51.166+0800][106.675s] GC(92) Survivor regions: 10->3(33)
[2023-04-09T18:42:51.166+0800][106.675s] GC(92) Old regions: 126->126
[2023-04-09T18:42:51.166+0800][106.675s] GC(92) Humongous regions: 59->50
[2023-04-09T18:42:51.166+0800][106.675s] GC(92) Metaspace: 59437K(61424K)->59437K(61424K) NonClass: 52483K(53668K)->52483K(53668K) Class: 6953K(7756K)->6953K(7756K)
[2023-04-09T18:42:51.166+0800][106.675s] GC(92) Pause Young (Normal) (G1 Evacuation Pause) 444M->177M(512M) 1.346ms
[2023-04-09T18:42:51.166+0800][106.675s] GC(92) User=0.00s Sys=0.00s Real=0.00s
[2023-04-09T18:42:51.498+0800][107.006s] GC(93) Pause Young (Normal) (G1 Evacuation Pause)
[2023-04-09T18:42:51.498+0800][107.006s] GC(93) Using 8 workers of 8 for evacuation
[2023-04-09T18:42:51.499+0800][107.008s] GC(93)   Pre Evacuate Collection Set: 0.0ms
[2023-04-09T18:42:51.499+0800][107.008s] GC(93)   Evacuate Collection Set: 0.9ms
[2023-04-09T18:42:51.499+0800][107.008s] GC(93)   Post Evacuate Collection Set: 0.4ms
[2023-04-09T18:42:51.499+0800][107.008s] GC(93)   Other: 0.2ms
[2023-04-09T18:42:51.499+0800][107.008s] GC(93) Eden regions: 264->0(261)
[2023-04-09T18:42:51.499+0800][107.008s] GC(93) Survivor regions: 3->6(34)
[2023-04-09T18:42:51.499+0800][107.008s] GC(93) Old regions: 126->126
[2023-04-09T18:42:51.499+0800][107.008s] GC(93) Humongous regions: 51->51
[2023-04-09T18:42:51.499+0800][107.008s] GC(93) Metaspace: 59529K(61424K)->59529K(61424K) NonClass: 52563K(53668K)->52563K(53668K) Class: 6966K(7756K)->6966K(7756K)
[2023-04-09T18:42:51.499+0800][107.008s] GC(93) Pause Young (Normal) (G1 Evacuation Pause) 442M->181M(512M) 1.614ms
[2023-04-09T18:42:51.499+0800][107.008s] GC(93) User=0.00s Sys=0.00s Real=0.00s
[2023-04-09T18:42:51.740+0800][107.249s] GC(94) Pause Young (Normal) (G1 Evacuation Pause)
[2023-04-09T18:42:51.740+0800][107.249s] GC(94) Using 8 workers of 8 for evacuation
[2023-04-09T18:42:51.742+0800][107.251s] GC(94)   Pre Evacuate Collection Set: 0.0ms
[2023-04-09T18:42:51.742+0800][107.251s] GC(94)   Evacuate Collection Set: 1.0ms
[2023-04-09T18:42:51.742+0800][107.251s] GC(94)   Post Evacuate Collection Set: 0.4ms
[2023-04-09T18:42:51.742+0800][107.251s] GC(94)   Other: 0.2ms
[2023-04-09T18:42:51.742+0800][107.251s] GC(94) Eden regions: 261->0(258)
[2023-04-09T18:42:51.742+0800][107.251s] GC(94) Survivor regions: 6->9(34)
[2023-04-09T18:42:51.742+0800][107.251s] GC(94) Old regions: 126->126
[2023-04-09T18:42:51.742+0800][107.251s] GC(94) Humongous regions: 53->52
[2023-04-09T18:42:51.742+0800][107.251s] GC(94) Metaspace: 59529K(61424K)->59529K(61424K) NonClass: 52563K(53668K)->52563K(53668K) Class: 6966K(7756K)->6966K(7756K)
[2023-04-09T18:42:51.742+0800][107.251s] GC(94) Pause Young (Normal) (G1 Evacuation Pause) 444M->185M(512M) 1.885ms
[2023-04-09T18:42:51.742+0800][107.251s] GC(94) User=0.00s Sys=0.00s Real=0.00s
[2023-04-09T18:42:51.936+0800][107.445s] GC(95) Pause Young (Normal) (G1 Evacuation Pause)
[2023-04-09T18:42:51.936+0800][107.445s] GC(95) Using 8 workers of 8 for evacuation
[2023-04-09T18:42:51.938+0800][107.447s] GC(95)   Pre Evacuate Collection Set: 0.0ms
[2023-04-09T18:42:51.938+0800][107.447s] GC(95)   Evacuate Collection Set: 1.3ms
[2023-04-09T18:42:51.938+0800][107.447s] GC(95)   Post Evacuate Collection Set: 0.5ms
[2023-04-09T18:42:51.938+0800][107.447s] GC(95)   Other: 0.2ms
[2023-04-09T18:42:51.938+0800][107.447s] GC(95) Eden regions: 258->0(257)
[2023-04-09T18:42:51.938+0800][107.447s] GC(95) Survivor regions: 9->11(34)
[2023-04-09T18:42:51.938+0800][107.447s] GC(95) Old regions: 126->126
[2023-04-09T18:42:51.938+0800][107.447s] GC(95) Humongous regions: 52->52
[2023-04-09T18:42:51.938+0800][107.447s] GC(95) Metaspace: 59529K(61424K)->59529K(61424K) NonClass: 52563K(53668K)->52563K(53668K) Class: 6966K(7756K)->6966K(7756K)
[2023-04-09T18:42:51.938+0800][107.447s] GC(95) Pause Young (Normal) (G1 Evacuation Pause) 443M->187M(512M) 2.347ms
[2023-04-09T18:42:51.938+0800][107.447s] GC(95) User=0.00s Sys=0.00s Real=0.00s
[2023-04-09T18:42:52.139+0800][107.648s] GC(96) Pause Young (Normal) (G1 Evacuation Pause)
[2023-04-09T18:42:52.139+0800][107.648s] GC(96) Using 8 workers of 8 for evacuation
[2023-04-09T18:42:52.141+0800][107.650s] GC(96)   Pre Evacuate Collection Set: 0.0ms
[2023-04-09T18:42:52.141+0800][107.650s] GC(96)   Evacuate Collection Set: 1.4ms
[2023-04-09T18:42:52.141+0800][107.650s] GC(96)   Post Evacuate Collection Set: 0.5ms
[2023-04-09T18:42:52.141+0800][107.650s] GC(96)   Other: 0.2ms
[2023-04-09T18:42:52.142+0800][107.650s] GC(96) Eden regions: 257->0(253)
[2023-04-09T18:42:52.142+0800][107.650s] GC(96) Survivor regions: 11->10(34)
[2023-04-09T18:42:52.142+0800][107.650s] GC(96) Old regions: 126->126
[2023-04-09T18:42:52.142+0800][107.650s] GC(96) Humongous regions: 58->58
[2023-04-09T18:42:52.142+0800][107.650s] GC(96) Metaspace: 59539K(61424K)->59539K(61424K) NonClass: 52571K(53668K)->52571K(53668K) Class: 6967K(7756K)->6967K(7756K)
[2023-04-09T18:42:52.142+0800][107.650s] GC(96) Pause Young (Normal) (G1 Evacuation Pause) 450M->192M(512M) 2.453ms
[2023-04-09T18:42:52.142+0800][107.650s] GC(96) User=0.00s Sys=0.00s Real=0.00s
[2023-04-09T18:42:52.516+0800][108.025s] GC(97) Pause Young (Normal) (G1 Evacuation Pause)
[2023-04-09T18:42:52.516+0800][108.025s] GC(97) Using 8 workers of 8 for evacuation
[2023-04-09T18:42:52.519+0800][108.027s] GC(97)   Pre Evacuate Collection Set: 0.0ms
[2023-04-09T18:42:52.519+0800][108.027s] GC(97)   Evacuate Collection Set: 1.6ms
[2023-04-09T18:42:52.519+0800][108.027s] GC(97)   Post Evacuate Collection Set: 0.6ms
[2023-04-09T18:42:52.519+0800][108.028s] GC(97)   Other: 0.3ms
[2023-04-09T18:42:52.519+0800][108.028s] GC(97) Eden regions: 253->0(251)
[2023-04-09T18:42:52.519+0800][108.028s] GC(97) Survivor regions: 10->12(33)
[2023-04-09T18:42:52.519+0800][108.028s] GC(97) Old regions: 126->126
[2023-04-09T18:42:52.519+0800][108.028s] GC(97) Humongous regions: 66->59
[2023-04-09T18:42:52.519+0800][108.028s] GC(97) Metaspace: 59575K(61424K)->59575K(61424K) NonClass: 52605K(53668K)->52605K(53668K) Class: 6970K(7756K)->6970K(7756K)
[2023-04-09T18:42:52.519+0800][108.028s] GC(97) Pause Young (Normal) (G1 Evacuation Pause) 453M->195M(512M) 2.689ms
[2023-04-09T18:42:52.519+0800][108.028s] GC(97) User=0.00s Sys=0.00s Real=0.00s
[2023-04-09T18:42:52.980+0800][108.488s] GC(98) Pause Young (Normal) (G1 Evacuation Pause)
[2023-04-09T18:42:52.980+0800][108.488s] GC(98) Using 8 workers of 8 for evacuation
[2023-04-09T18:42:52.981+0800][108.490s] GC(98)   Pre Evacuate Collection Set: 0.0ms
[2023-04-09T18:42:52.982+0800][108.490s] GC(98)   Evacuate Collection Set: 1.3ms
[2023-04-09T18:42:52.982+0800][108.490s] GC(98)   Post Evacuate Collection Set: 0.5ms
[2023-04-09T18:42:52.982+0800][108.490s] GC(98)   Other: 0.2ms
[2023-04-09T18:42:52.982+0800][108.490s] GC(98) Eden regions: 251->0(251)
[2023-04-09T18:42:52.982+0800][108.490s] GC(98) Survivor regions: 12->12(33)
[2023-04-09T18:42:52.982+0800][108.490s] GC(98) Old regions: 126->126
[2023-04-09T18:42:52.982+0800][108.490s] GC(98) Humongous regions: 64->59
[2023-04-09T18:42:52.982+0800][108.490s] GC(98) Metaspace: 59576K(61424K)->59576K(61424K) NonClass: 52606K(53668K)->52606K(53668K) Class: 6970K(7756K)->6970K(7756K)
[2023-04-09T18:42:52.982+0800][108.491s] GC(98) Pause Young (Normal) (G1 Evacuation Pause) 451M->195M(512M) 2.338ms
[2023-04-09T18:42:52.982+0800][108.491s] GC(98) User=0.00s Sys=0.00s Real=0.00s
[2023-04-09T18:42:53.215+0800][108.724s] GC(99) Pause Young (Normal) (G1 Evacuation Pause)
[2023-04-09T18:42:53.215+0800][108.724s] GC(99) Using 8 workers of 8 for evacuation
[2023-04-09T18:42:53.217+0800][108.726s] GC(99)   Pre Evacuate Collection Set: 0.0ms
[2023-04-09T18:42:53.217+0800][108.726s] GC(99)   Evacuate Collection Set: 1.4ms
[2023-04-09T18:42:53.217+0800][108.726s] GC(99)   Post Evacuate Collection Set: 0.5ms
[2023-04-09T18:42:53.217+0800][108.726s] GC(99)   Other: 0.2ms
[2023-04-09T18:42:53.217+0800][108.726s] GC(99) Eden regions: 251->0(251)
[2023-04-09T18:42:53.217+0800][108.726s] GC(99) Survivor regions: 12->12(33)
[2023-04-09T18:42:53.217+0800][108.726s] GC(99) Old regions: 126->126
[2023-04-09T18:42:53.217+0800][108.726s] GC(99) Humongous regions: 59->59
[2023-04-09T18:42:53.217+0800][108.726s] GC(99) Metaspace: 59576K(61424K)->59576K(61424K) NonClass: 52606K(53668K)->52606K(53668K) Class: 6970K(7756K)->6970K(7756K)
[2023-04-09T18:42:53.217+0800][108.726s] GC(99) Pause Young (Normal) (G1 Evacuation Pause) 446M->195M(512M) 2.422ms
[2023-04-09T18:42:53.217+0800][108.726s] GC(99) User=0.00s Sys=0.00s Real=0.00s
[2023-04-09T18:42:53.529+0800][109.039s] GC(100) Pause Young (Normal) (G1 Evacuation Pause)
[2023-04-09T18:42:53.529+0800][109.039s] GC(100) Using 8 workers of 8 for evacuation
[2023-04-09T18:42:53.531+0800][109.040s] GC(100)   Pre Evacuate Collection Set: 0.0ms
[2023-04-09T18:42:53.531+0800][109.040s] GC(100)   Evacuate Collection Set: 0.8ms
[2023-04-09T18:42:53.531+0800][109.040s] GC(100)   Post Evacuate Collection Set: 0.5ms
[2023-04-09T18:42:53.531+0800][109.040s] GC(100)   Other: 0.1ms
[2023-04-09T18:42:53.531+0800][109.040s] GC(100) Eden regions: 251->0(264)
[2023-04-09T18:42:53.531+0800][109.040s] GC(100) Survivor regions: 12->5(33)
[2023-04-09T18:42:53.531+0800][109.040s] GC(100) Old regions: 126->126
[2023-04-09T18:42:53.531+0800][109.040s] GC(100) Humongous regions: 59->50
[2023-04-09T18:42:53.531+0800][109.040s] GC(100) Metaspace: 59576K(61424K)->59576K(61424K) NonClass: 52606K(53668K)->52606K(53668K) Class: 6970K(7756K)->6970K(7756K)
[2023-04-09T18:42:53.531+0800][109.040s] GC(100) Pause Young (Normal) (G1 Evacuation Pause) 446M->179M(512M) 1.633ms
[2023-04-09T18:42:53.531+0800][109.040s] GC(100) User=0.00s Sys=0.00s Real=0.00s
[2023-04-09T18:42:53.771+0800][109.279s] GC(101) Pause Young (Normal) (G1 Evacuation Pause)
[2023-04-09T18:42:53.771+0800][109.280s] GC(101) Using 8 workers of 8 for evacuation
[2023-04-09T18:42:53.773+0800][109.281s] GC(101)   Pre Evacuate Collection Set: 0.0ms
[2023-04-09T18:42:53.773+0800][109.281s] GC(101)   Evacuate Collection Set: 1.3ms
[2023-04-09T18:42:53.773+0800][109.281s] GC(101)   Post Evacuate Collection Set: 0.4ms
[2023-04-09T18:42:53.773+0800][109.281s] GC(101)   Other: 0.2ms
[2023-04-09T18:42:53.773+0800][109.282s] GC(101) Eden regions: 264->0(262)
[2023-04-09T18:42:53.773+0800][109.282s] GC(101) Survivor regions: 5->7(34)
[2023-04-09T18:42:53.773+0800][109.282s] GC(101) Old regions: 126->126
[2023-04-09T18:42:53.773+0800][109.282s] GC(101) Humongous regions: 51->51
[2023-04-09T18:42:53.773+0800][109.282s] GC(101) Metaspace: 59576K(61424K)->59576K(61424K) NonClass: 52606K(53668K)->52606K(53668K) Class: 6970K(7756K)->6970K(7756K)
[2023-04-09T18:42:53.773+0800][109.282s] GC(101) Pause Young (Normal) (G1 Evacuation Pause) 444M->182M(512M) 2.184ms
[2023-04-09T18:42:53.773+0800][109.282s] GC(101) User=0.00s Sys=0.00s Real=0.00s
[2023-04-09T18:42:54.063+0800][109.571s] GC(102) Pause Young (Normal) (G1 Evacuation Pause)
[2023-04-09T18:42:54.063+0800][109.572s] GC(102) Using 8 workers of 8 for evacuation
[2023-04-09T18:42:54.065+0800][109.573s] GC(102)   Pre Evacuate Collection Set: 0.0ms
[2023-04-09T18:42:54.065+0800][109.574s] GC(102)   Evacuate Collection Set: 1.3ms
[2023-04-09T18:42:54.065+0800][109.574s] GC(102)   Post Evacuate Collection Set: 0.4ms
[2023-04-09T18:42:54.065+0800][109.574s] GC(102)   Other: 0.3ms
[2023-04-09T18:42:54.065+0800][109.574s] GC(102) Eden regions: 262->0(259)
[2023-04-09T18:42:54.065+0800][109.574s] GC(102) Survivor regions: 7->10(34)
[2023-04-09T18:42:54.065+0800][109.574s] GC(102) Old regions: 126->126
[2023-04-09T18:42:54.065+0800][109.574s] GC(102) Humongous regions: 53->52
[2023-04-09T18:42:54.065+0800][109.574s] GC(102) Metaspace: 59576K(61424K)->59576K(61424K) NonClass: 52606K(53668K)->52606K(53668K) Class: 6970K(7756K)->6970K(7756K)
[2023-04-09T18:42:54.065+0800][109.574s] GC(102) Pause Young (Normal) (G1 Evacuation Pause) 446M->186M(512M) 2.289ms
[2023-04-09T18:42:54.065+0800][109.574s] GC(102) User=0.00s Sys=0.00s Real=0.00s
[2023-04-09T18:42:54.330+0800][109.839s] GC(103) Pause Young (Normal) (G1 Evacuation Pause)
[2023-04-09T18:42:54.330+0800][109.839s] GC(103) Using 8 workers of 8 for evacuation
[2023-04-09T18:42:54.332+0800][109.841s] GC(103)   Pre Evacuate Collection Set: 0.0ms
[2023-04-09T18:42:54.332+0800][109.841s] GC(103)   Evacuate Collection Set: 1.2ms
[2023-04-09T18:42:54.332+0800][109.841s] GC(103)   Post Evacuate Collection Set: 0.5ms
[2023-04-09T18:42:54.332+0800][109.841s] GC(103)   Other: 0.2ms
[2023-04-09T18:42:54.332+0800][109.841s] GC(103) Eden regions: 259->0(255)
[2023-04-09T18:42:54.332+0800][109.841s] GC(103) Survivor regions: 10->10(34)
[2023-04-09T18:42:54.332+0800][109.841s] GC(103) Old regions: 126->126
[2023-04-09T18:42:54.332+0800][109.841s] GC(103) Humongous regions: 58->58
[2023-04-09T18:42:54.332+0800][109.841s] GC(103) Metaspace: 59576K(61424K)->59576K(61424K) NonClass: 52606K(53668K)->52606K(53668K) Class: 6970K(7756K)->6970K(7756K)
[2023-04-09T18:42:54.332+0800][109.841s] GC(103) Pause Young (Normal) (G1 Evacuation Pause) 451M->192M(512M) 2.159ms
[2023-04-09T18:42:54.332+0800][109.841s] GC(103) User=0.00s Sys=0.00s Real=0.00s
[2023-04-09T18:42:54.613+0800][110.121s] GC(104) Pause Young (Normal) (G1 Evacuation Pause)
[2023-04-09T18:42:54.613+0800][110.121s] GC(104) Using 8 workers of 8 for evacuation
[2023-04-09T18:42:54.615+0800][110.123s] GC(104)   Pre Evacuate Collection Set: 0.0ms
[2023-04-09T18:42:54.615+0800][110.123s] GC(104)   Evacuate Collection Set: 1.4ms
[2023-04-09T18:42:54.615+0800][110.123s] GC(104)   Post Evacuate Collection Set: 0.5ms
[2023-04-09T18:42:54.615+0800][110.123s] GC(104)   Other: 0.2ms
[2023-04-09T18:42:54.615+0800][110.123s] GC(104) Eden regions: 255->0(251)
[2023-04-09T18:42:54.615+0800][110.123s] GC(104) Survivor regions: 10->12(34)
[2023-04-09T18:42:54.615+0800][110.123s] GC(104) Old regions: 126->126
[2023-04-09T18:42:54.615+0800][110.123s] GC(104) Humongous regions: 71->59
[2023-04-09T18:42:54.615+0800][110.123s] GC(104) Metaspace: 59576K(61424K)->59576K(61424K) NonClass: 52606K(53668K)->52606K(53668K) Class: 6970K(7756K)->6970K(7756K)
[2023-04-09T18:42:54.615+0800][110.123s] GC(104) Pause Young (Normal) (G1 Evacuation Pause) 460M->195M(512M) 2.221ms
[2023-04-09T18:42:54.615+0800][110.123s] GC(104) User=0.00s Sys=0.00s Real=0.00s
[2023-04-09T18:42:55.022+0800][110.532s] GC(105) Pause Young (Normal) (G1 Evacuation Pause)
[2023-04-09T18:42:55.022+0800][110.532s] GC(105) Using 8 workers of 8 for evacuation
[2023-04-09T18:42:55.024+0800][110.534s] GC(105)   Pre Evacuate Collection Set: 0.0ms
[2023-04-09T18:42:55.025+0800][110.534s] GC(105)   Evacuate Collection Set: 1.5ms
[2023-04-09T18:42:55.025+0800][110.534s] GC(105)   Post Evacuate Collection Set: 0.6ms
[2023-04-09T18:42:55.025+0800][110.534s] GC(105)   Other: 0.2ms
[2023-04-09T18:42:55.025+0800][110.534s] GC(105) Eden regions: 251->0(251)
[2023-04-09T18:42:55.025+0800][110.534s] GC(105) Survivor regions: 12->12(33)
[2023-04-09T18:42:55.025+0800][110.534s] GC(105) Old regions: 126->126
[2023-04-09T18:42:55.025+0800][110.534s] GC(105) Humongous regions: 59->59
[2023-04-09T18:42:55.025+0800][110.534s] GC(105) Metaspace: 59576K(61424K)->59576K(61424K) NonClass: 52606K(53668K)->52606K(53668K) Class: 6970K(7756K)->6970K(7756K)
[2023-04-09T18:42:55.025+0800][110.534s] GC(105) Pause Young (Normal) (G1 Evacuation Pause) 446M->195M(512M) 2.499ms
[2023-04-09T18:42:55.025+0800][110.534s] GC(105) User=0.00s Sys=0.00s Real=0.00s
[2023-04-09T18:42:55.496+0800][111.005s] GC(106) Pause Young (Normal) (G1 Evacuation Pause)
[2023-04-09T18:42:55.496+0800][111.005s] GC(106) Using 8 workers of 8 for evacuation
[2023-04-09T18:42:55.498+0800][111.006s] GC(106)   Pre Evacuate Collection Set: 0.0ms
[2023-04-09T18:42:55.498+0800][111.006s] GC(106)   Evacuate Collection Set: 0.6ms
[2023-04-09T18:42:55.498+0800][111.006s] GC(106)   Post Evacuate Collection Set: 0.5ms
[2023-04-09T18:42:55.498+0800][111.006s] GC(106)   Other: 0.1ms
[2023-04-09T18:42:55.498+0800][111.006s] GC(106) Eden regions: 251->0(261)
[2023-04-09T18:42:55.498+0800][111.006s] GC(106) Survivor regions: 12->4(33)
[2023-04-09T18:42:55.498+0800][111.006s] GC(106) Old regions: 126->126
[2023-04-09T18:42:55.498+0800][111.006s] GC(106) Humongous regions: 59->50
[2023-04-09T18:42:55.498+0800][111.006s] GC(106) Metaspace: 59607K(61424K)->59607K(61424K) NonClass: 52633K(53668K)->52633K(53668K) Class: 6974K(7756K)->6974K(7756K)
[2023-04-09T18:42:55.498+0800][111.006s] GC(106) Pause Young (Normal) (G1 Evacuation Pause) 446M->178M(512M) 1.347ms
[2023-04-09T18:42:55.498+0800][111.006s] GC(106) User=0.00s Sys=0.00s Real=0.00s
[2023-04-09T18:42:55.924+0800][111.432s] GC(107) Pause Young (Normal) (G1 Evacuation Pause)
[2023-04-09T18:42:55.924+0800][111.432s] GC(107) Using 8 workers of 8 for evacuation
[2023-04-09T18:42:55.925+0800][111.434s] GC(107)   Pre Evacuate Collection Set: 0.0ms
[2023-04-09T18:42:55.925+0800][111.434s] GC(107)   Evacuate Collection Set: 1.0ms
[2023-04-09T18:42:55.925+0800][111.434s] GC(107)   Post Evacuate Collection Set: 0.5ms
[2023-04-09T18:42:55.925+0800][111.434s] GC(107)   Other: 0.2ms
[2023-04-09T18:42:55.925+0800][111.434s] GC(107) Eden regions: 261->0(257)
[2023-04-09T18:42:55.925+0800][111.434s] GC(107) Survivor regions: 4->8(34)
[2023-04-09T18:42:55.925+0800][111.434s] GC(107) Old regions: 126->126
[2023-04-09T18:42:55.926+0800][111.434s] GC(107) Humongous regions: 53->52
[2023-04-09T18:42:55.926+0800][111.434s] GC(107) Metaspace: 59607K(61424K)->59607K(61424K) NonClass: 52633K(53668K)->52633K(53668K) Class: 6974K(7756K)->6974K(7756K)
[2023-04-09T18:42:55.926+0800][111.434s] GC(107) Pause Young (Normal) (G1 Evacuation Pause) 442M->185M(512M) 1.976ms
[2023-04-09T18:42:55.926+0800][111.434s] GC(107) User=0.00s Sys=0.00s Real=0.00s
[2023-04-09T18:42:56.381+0800][111.890s] GC(108) Pause Young (Normal) (G1 Evacuation Pause)
[2023-04-09T18:42:56.381+0800][111.890s] GC(108) Using 8 workers of 8 for evacuation
[2023-04-09T18:42:56.382+0800][111.892s] GC(108)   Pre Evacuate Collection Set: 0.0ms
[2023-04-09T18:42:56.383+0800][111.892s] GC(108)   Evacuate Collection Set: 1.1ms
[2023-04-09T18:42:56.383+0800][111.892s] GC(108)   Post Evacuate Collection Set: 0.5ms
[2023-04-09T18:42:56.383+0800][111.892s] GC(108)   Other: 0.2ms
[2023-04-09T18:42:56.383+0800][111.892s] GC(108) Eden regions: 257->0(253)
[2023-04-09T18:42:56.383+0800][111.892s] GC(108) Survivor regions: 8->9(34)
[2023-04-09T18:42:56.383+0800][111.892s] GC(108) Old regions: 126->126
[2023-04-09T18:42:56.383+0800][111.892s] GC(108) Humongous regions: 59->58
[2023-04-09T18:42:56.383+0800][111.892s] GC(108) Metaspace: 59647K(61424K)->59647K(61424K) NonClass: 52667K(53668K)->52667K(53668K) Class: 6980K(7756K)->6980K(7756K)
[2023-04-09T18:42:56.383+0800][111.892s] GC(108) Pause Young (Normal) (G1 Evacuation Pause) 449M->192M(512M) 1.996ms
[2023-04-09T18:42:56.383+0800][111.892s] GC(108) User=0.00s Sys=0.00s Real=0.00s
[2023-04-09T18:42:56.862+0800][112.370s] GC(109) Pause Young (Normal) (G1 Evacuation Pause)
[2023-04-09T18:42:56.862+0800][112.370s] GC(109) Using 8 workers of 8 for evacuation
[2023-04-09T18:42:56.864+0800][112.372s] GC(109)   Pre Evacuate Collection Set: 0.1ms
[2023-04-09T18:42:56.864+0800][112.372s] GC(109)   Evacuate Collection Set: 1.3ms
[2023-04-09T18:42:56.864+0800][112.372s] GC(109)   Post Evacuate Collection Set: 0.5ms
[2023-04-09T18:42:56.864+0800][112.372s] GC(109)   Other: 0.2ms
[2023-04-09T18:42:56.864+0800][112.372s] GC(109) Eden regions: 253->0(251)
[2023-04-09T18:42:56.864+0800][112.372s] GC(109) Survivor regions: 9->11(33)
[2023-04-09T18:42:56.864+0800][112.372s] GC(109) Old regions: 126->126
[2023-04-09T18:42:56.864+0800][112.372s] GC(109) Humongous regions: 71->59
[2023-04-09T18:42:56.864+0800][112.372s] GC(109) Metaspace: 59648K(61424K)->59648K(61424K) NonClass: 52667K(53668K)->52667K(53668K) Class: 6980K(7756K)->6980K(7756K)
[2023-04-09T18:42:56.864+0800][112.373s] GC(109) Pause Young (Normal) (G1 Evacuation Pause) 458M->194M(512M) 2.241ms
[2023-04-09T18:42:56.864+0800][112.373s] GC(109) User=0.00s Sys=0.00s Real=0.00s
[2023-04-09T18:42:57.310+0800][112.820s] GC(110) Pause Young (Normal) (G1 Evacuation Pause)
[2023-04-09T18:42:57.311+0800][112.820s] GC(110) Using 8 workers of 8 for evacuation
[2023-04-09T18:42:57.312+0800][112.821s] GC(110)   Pre Evacuate Collection Set: 0.0ms
[2023-04-09T18:42:57.312+0800][112.821s] GC(110)   Evacuate Collection Set: 0.5ms
[2023-04-09T18:42:57.312+0800][112.821s] GC(110)   Post Evacuate Collection Set: 0.6ms
[2023-04-09T18:42:57.312+0800][112.821s] GC(110)   Other: 0.2ms
[2023-04-09T18:42:57.312+0800][112.821s] GC(110) Eden regions: 251->0(259)
[2023-04-09T18:42:57.312+0800][112.821s] GC(110) Survivor regions: 11->4(33)
[2023-04-09T18:42:57.312+0800][112.821s] GC(110) Old regions: 126->126
[2023-04-09T18:42:57.312+0800][112.821s] GC(110) Humongous regions: 60->51
[2023-04-09T18:42:57.312+0800][112.821s] GC(110) Metaspace: 59652K(61424K)->59652K(61424K) NonClass: 52672K(53668K)->52672K(53668K) Class: 6980K(7756K)->6980K(7756K)
[2023-04-09T18:42:57.312+0800][112.821s] GC(110) Pause Young (Normal) (G1 Evacuation Pause) 446M->179M(512M) 1.549ms
[2023-04-09T18:42:57.312+0800][112.821s] GC(110) User=0.00s Sys=0.00s Real=0.00s
[2023-04-09T18:42:57.708+0800][113.217s] GC(111) Pause Young (Normal) (G1 Evacuation Pause)
[2023-04-09T18:42:57.708+0800][113.217s] GC(111) Using 8 workers of 8 for evacuation
[2023-04-09T18:42:57.710+0800][113.219s] GC(111)   Pre Evacuate Collection Set: 0.0ms
[2023-04-09T18:42:57.710+0800][113.219s] GC(111)   Evacuate Collection Set: 1.1ms
[2023-04-09T18:42:57.710+0800][113.219s] GC(111)   Post Evacuate Collection Set: 0.5ms
[2023-04-09T18:42:57.710+0800][113.219s] GC(111)   Other: 0.3ms
[2023-04-09T18:42:57.710+0800][113.219s] GC(111) Eden regions: 259->0(256)
[2023-04-09T18:42:57.710+0800][113.219s] GC(111) Survivor regions: 4->9(33)
[2023-04-09T18:42:57.710+0800][113.219s] GC(111) Old regions: 126->126
[2023-04-09T18:42:57.710+0800][113.219s] GC(111) Humongous regions: 53->52
[2023-04-09T18:42:57.710+0800][113.219s] GC(111) Metaspace: 59652K(61424K)->59652K(61424K) NonClass: 52672K(53668K)->52672K(53668K) Class: 6980K(7756K)->6980K(7756K)
[2023-04-09T18:42:57.710+0800][113.219s] GC(111) Pause Young (Normal) (G1 Evacuation Pause) 440M->186M(512M) 2.091ms
[2023-04-09T18:42:57.710+0800][113.219s] GC(111) User=0.00s Sys=0.00s Real=0.00s
[2023-04-09T18:42:58.121+0800][113.630s] GC(112) Pause Young (Normal) (G1 Evacuation Pause)
[2023-04-09T18:42:58.121+0800][113.630s] GC(112) Using 8 workers of 8 for evacuation
[2023-04-09T18:42:58.123+0800][113.632s] GC(112)   Pre Evacuate Collection Set: 0.0ms
[2023-04-09T18:42:58.123+0800][113.632s] GC(112)   Evacuate Collection Set: 1.2ms
[2023-04-09T18:42:58.123+0800][113.632s] GC(112)   Post Evacuate Collection Set: 0.5ms
[2023-04-09T18:42:58.123+0800][113.632s] GC(112)   Other: 0.2ms
[2023-04-09T18:42:58.123+0800][113.632s] GC(112) Eden regions: 256->0(250)
[2023-04-09T18:42:58.123+0800][113.632s] GC(112) Survivor regions: 9->10(34)
[2023-04-09T18:42:58.123+0800][113.632s] GC(112) Old regions: 126->126
[2023-04-09T18:42:58.123+0800][113.632s] GC(112) Humongous regions: 66->59
[2023-04-09T18:42:58.123+0800][113.632s] GC(112) Metaspace: 59652K(61424K)->59652K(61424K) NonClass: 52672K(53668K)->52672K(53668K) Class: 6980K(7756K)->6980K(7756K)
[2023-04-09T18:42:58.123+0800][113.632s] GC(112) Pause Young (Normal) (G1 Evacuation Pause) 456M->194M(512M) 2.223ms
[2023-04-09T18:42:58.123+0800][113.632s] GC(112) User=0.00s Sys=0.00s Real=0.00s
[2023-04-09T18:42:58.604+0800][114.113s] GC(113) Pause Young (Normal) (G1 Evacuation Pause)
[2023-04-09T18:42:58.604+0800][114.113s] GC(113) Using 8 workers of 8 for evacuation
[2023-04-09T18:42:58.607+0800][114.116s] GC(113)   Pre Evacuate Collection Set: 0.1ms
[2023-04-09T18:42:58.607+0800][114.116s] GC(113)   Evacuate Collection Set: 1.5ms
[2023-04-09T18:42:58.607+0800][114.116s] GC(113)   Post Evacuate Collection Set: 0.6ms
[2023-04-09T18:42:58.607+0800][114.116s] GC(113)   Other: 0.2ms
[2023-04-09T18:42:58.607+0800][114.116s] GC(113) Eden regions: 250->0(250)
[2023-04-09T18:42:58.607+0800][114.116s] GC(113) Survivor regions: 10->10(33)
[2023-04-09T18:42:58.607+0800][114.116s] GC(113) Old regions: 126->126
[2023-04-09T18:42:58.607+0800][114.116s] GC(113) Humongous regions: 64->59
[2023-04-09T18:42:58.607+0800][114.116s] GC(113) Metaspace: 59653K(61424K)->59653K(61424K) NonClass: 52673K(53668K)->52673K(53668K) Class: 6980K(7756K)->6980K(7756K)
[2023-04-09T18:42:58.607+0800][114.116s] GC(113) Pause Young (Normal) (G1 Evacuation Pause) 449M->194M(512M) 2.664ms
[2023-04-09T18:42:58.607+0800][114.116s] GC(113) User=0.02s Sys=0.00s Real=0.00s
[2023-04-09T18:42:59.087+0800][114.596s] GC(114) Pause Young (Normal) (G1 Evacuation Pause)
[2023-04-09T18:42:59.087+0800][114.596s] GC(114) Using 8 workers of 8 for evacuation
[2023-04-09T18:42:59.089+0800][114.597s] GC(114)   Pre Evacuate Collection Set: 0.0ms
[2023-04-09T18:42:59.089+0800][114.597s] GC(114)   Evacuate Collection Set: 0.6ms
[2023-04-09T18:42:59.089+0800][114.598s] GC(114)   Post Evacuate Collection Set: 0.6ms
[2023-04-09T18:42:59.089+0800][114.598s] GC(114)   Other: 0.2ms
[2023-04-09T18:42:59.089+0800][114.598s] GC(114) Eden regions: 250->0(258)
[2023-04-09T18:42:59.089+0800][114.598s] GC(114) Survivor regions: 10->5(33)
[2023-04-09T18:42:59.089+0800][114.598s] GC(114) Old regions: 126->126
[2023-04-09T18:42:59.089+0800][114.598s] GC(114) Humongous regions: 60->51
[2023-04-09T18:42:59.089+0800][114.598s] GC(114) Metaspace: 59655K(61424K)->59655K(61424K) NonClass: 52674K(53668K)->52674K(53668K) Class: 6980K(7756K)->6980K(7756K)
[2023-04-09T18:42:59.089+0800][114.598s] GC(114) Pause Young (Normal) (G1 Evacuation Pause) 445M->181M(512M) 1.818ms
[2023-04-09T18:42:59.089+0800][114.598s] GC(114) User=0.00s Sys=0.00s Real=0.00s
[2023-04-09T18:42:59.521+0800][115.030s] GC(115) Pause Young (Normal) (G1 Evacuation Pause)
[2023-04-09T18:42:59.521+0800][115.030s] GC(115) Using 8 workers of 8 for evacuation
[2023-04-09T18:42:59.523+0800][115.032s] GC(115)   Pre Evacuate Collection Set: 0.0ms
[2023-04-09T18:42:59.523+0800][115.032s] GC(115)   Evacuate Collection Set: 1.1ms
[2023-04-09T18:42:59.523+0800][115.032s] GC(115)   Post Evacuate Collection Set: 0.4ms
[2023-04-09T18:42:59.523+0800][115.032s] GC(115)   Other: 0.3ms
[2023-04-09T18:42:59.523+0800][115.032s] GC(115) Eden regions: 258->0(254)
[2023-04-09T18:42:59.523+0800][115.032s] GC(115) Survivor regions: 5->10(33)
[2023-04-09T18:42:59.523+0800][115.032s] GC(115) Old regions: 126->126
[2023-04-09T18:42:59.523+0800][115.032s] GC(115) Humongous regions: 53->52
[2023-04-09T18:42:59.523+0800][115.032s] GC(115) Metaspace: 59655K(61424K)->59655K(61424K) NonClass: 52674K(53668K)->52674K(53668K) Class: 6980K(7756K)->6980K(7756K)
[2023-04-09T18:42:59.523+0800][115.032s] GC(115) Pause Young (Normal) (G1 Evacuation Pause) 441M->186M(512M) 2.124ms
[2023-04-09T18:42:59.523+0800][115.032s] GC(115) User=0.00s Sys=0.00s Real=0.00s
[2023-04-09T18:42:59.960+0800][115.469s] GC(116) Pause Young (Normal) (G1 Evacuation Pause)
[2023-04-09T18:42:59.960+0800][115.469s] GC(116) Using 8 workers of 8 for evacuation
[2023-04-09T18:42:59.962+0800][115.471s] GC(116)   Pre Evacuate Collection Set: 0.0ms
[2023-04-09T18:42:59.962+0800][115.471s] GC(116)   Evacuate Collection Set: 1.3ms
[2023-04-09T18:42:59.962+0800][115.471s] GC(116)   Post Evacuate Collection Set: 0.6ms
[2023-04-09T18:42:59.962+0800][115.471s] GC(116)   Other: 0.2ms
[2023-04-09T18:42:59.962+0800][115.471s] GC(116) Eden regions: 254->0(249)
[2023-04-09T18:42:59.962+0800][115.471s] GC(116) Survivor regions: 10->11(33)
[2023-04-09T18:42:59.962+0800][115.471s] GC(116) Old regions: 126->126
[2023-04-09T18:42:59.962+0800][115.471s] GC(116) Humongous regions: 66->59
[2023-04-09T18:42:59.962+0800][115.471s] GC(116) Metaspace: 59655K(61424K)->59655K(61424K) NonClass: 52674K(53668K)->52674K(53668K) Class: 6980K(7756K)->6980K(7756K)
[2023-04-09T18:42:59.962+0800][115.471s] GC(116) Pause Young (Normal) (G1 Evacuation Pause) 454M->194M(512M) 2.286ms
[2023-04-09T18:42:59.962+0800][115.471s] GC(116) User=0.00s Sys=0.00s Real=0.00s
[2023-04-09T18:43:00.397+0800][115.906s] GC(117) Pause Young (Normal) (G1 Evacuation Pause)
[2023-04-09T18:43:00.397+0800][115.906s] GC(117) Using 8 workers of 8 for evacuation
[2023-04-09T18:43:00.399+0800][115.908s] GC(117)   Pre Evacuate Collection Set: 0.0ms
[2023-04-09T18:43:00.399+0800][115.908s] GC(117)   Evacuate Collection Set: 1.1ms
[2023-04-09T18:43:00.399+0800][115.908s] GC(117)   Post Evacuate Collection Set: 0.5ms
[2023-04-09T18:43:00.399+0800][115.908s] GC(117)   Other: 0.2ms
[2023-04-09T18:43:00.399+0800][115.908s] GC(117) Eden regions: 249->0(250)
[2023-04-09T18:43:00.399+0800][115.908s] GC(117) Survivor regions: 11->11(33)
[2023-04-09T18:43:00.399+0800][115.908s] GC(117) Old regions: 126->126
[2023-04-09T18:43:00.399+0800][115.908s] GC(117) Humongous regions: 64->59
[2023-04-09T18:43:00.399+0800][115.908s] GC(117) Metaspace: 59655K(61424K)->59655K(61424K) NonClass: 52675K(53668K)->52675K(53668K) Class: 6980K(7756K)->6980K(7756K)
[2023-04-09T18:43:00.399+0800][115.908s] GC(117) Pause Young (Normal) (G1 Evacuation Pause) 448M->194M(512M) 2.259ms
[2023-04-09T18:43:00.399+0800][115.908s] GC(117) User=0.00s Sys=0.00s Real=0.00s
[2023-04-09T18:43:00.868+0800][116.377s] GC(118) Pause Young (Normal) (G1 Evacuation Pause)
[2023-04-09T18:43:00.868+0800][116.377s] GC(118) Using 8 workers of 8 for evacuation
[2023-04-09T18:43:00.869+0800][116.379s] GC(118)   Pre Evacuate Collection Set: 0.1ms
[2023-04-09T18:43:00.869+0800][116.379s] GC(118)   Evacuate Collection Set: 0.7ms
[2023-04-09T18:43:00.869+0800][116.379s] GC(118)   Post Evacuate Collection Set: 0.4ms
[2023-04-09T18:43:00.870+0800][116.379s] GC(118)   Other: 0.2ms
[2023-04-09T18:43:00.870+0800][116.379s] GC(118) Eden regions: 250->0(259)
[2023-04-09T18:43:00.870+0800][116.379s] GC(118) Survivor regions: 11->6(33)
[2023-04-09T18:43:00.870+0800][116.379s] GC(118) Old regions: 126->126
[2023-04-09T18:43:00.870+0800][116.379s] GC(118) Humongous regions: 60->51
[2023-04-09T18:43:00.870+0800][116.379s] GC(118) Metaspace: 59656K(61424K)->59656K(61424K) NonClass: 52675K(53668K)->52675K(53668K) Class: 6980K(7756K)->6980K(7756K)
[2023-04-09T18:43:00.870+0800][116.379s] GC(118) Pause Young (Normal) (G1 Evacuation Pause) 445M->181M(512M) 1.609ms
[2023-04-09T18:43:00.870+0800][116.379s] GC(118) User=0.00s Sys=0.00s Real=0.00s
[2023-04-09T18:43:01.245+0800][116.754s] GC(119) Pause Young (Normal) (G1 Evacuation Pause)
[2023-04-09T18:43:01.246+0800][116.754s] GC(119) Using 8 workers of 8 for evacuation
[2023-04-09T18:43:01.247+0800][116.756s] GC(119)   Pre Evacuate Collection Set: 0.0ms
[2023-04-09T18:43:01.247+0800][116.756s] GC(119)   Evacuate Collection Set: 1.0ms
[2023-04-09T18:43:01.247+0800][116.756s] GC(119)   Post Evacuate Collection Set: 0.6ms
[2023-04-09T18:43:01.247+0800][116.756s] GC(119)   Other: 0.3ms
[2023-04-09T18:43:01.247+0800][116.756s] GC(119) Eden regions: 259->0(253)
[2023-04-09T18:43:01.247+0800][116.756s] GC(119) Survivor regions: 6->11(34)
[2023-04-09T18:43:01.247+0800][116.756s] GC(119) Old regions: 126->126
[2023-04-09T18:43:01.247+0800][116.756s] GC(119) Humongous regions: 54->53
[2023-04-09T18:43:01.247+0800][116.756s] GC(119) Metaspace: 59656K(61424K)->59656K(61424K) NonClass: 52675K(53668K)->52675K(53668K) Class: 6980K(7756K)->6980K(7756K)
[2023-04-09T18:43:01.247+0800][116.756s] GC(119) Pause Young (Normal) (G1 Evacuation Pause) 443M->189M(512M) 2.017ms
[2023-04-09T18:43:01.247+0800][116.756s] GC(119) User=0.00s Sys=0.02s Real=0.00s
[2023-04-09T18:43:01.635+0800][117.143s] GC(120) Pause Young (Normal) (G1 Evacuation Pause)
[2023-04-09T18:43:01.635+0800][117.143s] GC(120) Using 8 workers of 8 for evacuation
[2023-04-09T18:43:01.637+0800][117.145s] GC(120)   Pre Evacuate Collection Set: 0.0ms
[2023-04-09T18:43:01.637+0800][117.145s] GC(120)   Evacuate Collection Set: 1.2ms
[2023-04-09T18:43:01.637+0800][117.145s] GC(120)   Post Evacuate Collection Set: 0.6ms
[2023-04-09T18:43:01.637+0800][117.145s] GC(120)   Other: 0.2ms
[2023-04-09T18:43:01.637+0800][117.145s] GC(120) Eden regions: 253->0(249)
[2023-04-09T18:43:01.637+0800][117.145s] GC(120) Survivor regions: 11->11(33)
[2023-04-09T18:43:01.637+0800][117.145s] GC(120) Old regions: 126->126
[2023-04-09T18:43:01.637+0800][117.145s] GC(120) Humongous regions: 71->59
[2023-04-09T18:43:01.637+0800][117.145s] GC(120) Metaspace: 59656K(61424K)->59656K(61424K) NonClass: 52675K(53668K)->52675K(53668K) Class: 6980K(7756K)->6980K(7756K)
[2023-04-09T18:43:01.637+0800][117.145s] GC(120) Pause Young (Normal) (G1 Evacuation Pause) 460M->195M(512M) 2.190ms
[2023-04-09T18:43:01.637+0800][117.145s] GC(120) User=0.00s Sys=0.02s Real=0.00s
[2023-04-09T18:43:02.179+0800][117.687s] GC(121) Pause Young (Normal) (G1 Evacuation Pause)
[2023-04-09T18:43:02.179+0800][117.687s] GC(121) Using 8 workers of 8 for evacuation
[2023-04-09T18:43:02.180+0800][117.689s] GC(121)   Pre Evacuate Collection Set: 0.0ms
[2023-04-09T18:43:02.180+0800][117.689s] GC(121)   Evacuate Collection Set: 0.4ms
[2023-04-09T18:43:02.180+0800][117.689s] GC(121)   Post Evacuate Collection Set: 0.6ms
[2023-04-09T18:43:02.180+0800][117.689s] GC(121)   Other: 0.2ms
[2023-04-09T18:43:02.180+0800][117.689s] GC(121) Eden regions: 249->0(263)
[2023-04-09T18:43:02.180+0800][117.689s] GC(121) Survivor regions: 11->1(33)
[2023-04-09T18:43:02.180+0800][117.689s] GC(121) Old regions: 126->126
[2023-04-09T18:43:02.180+0800][117.689s] GC(121) Humongous regions: 59->50
[2023-04-09T18:43:02.180+0800][117.689s] GC(121) Metaspace: 59660K(61424K)->59660K(61424K) NonClass: 52680K(53668K)->52680K(53668K) Class: 6980K(7756K)->6980K(7756K)
[2023-04-09T18:43:02.180+0800][117.689s] GC(121) Pause Young (Normal) (G1 Evacuation Pause) 444M->176M(512M) 1.438ms
[2023-04-09T18:43:02.180+0800][117.689s] GC(121) User=0.00s Sys=0.00s Real=0.00s
[2023-04-09T18:43:02.564+0800][118.072s] GC(122) Pause Young (Normal) (G1 Evacuation Pause)
[2023-04-09T18:43:02.564+0800][118.073s] GC(122) Using 8 workers of 8 for evacuation
[2023-04-09T18:43:02.565+0800][118.074s] GC(122)   Pre Evacuate Collection Set: 0.0ms
[2023-04-09T18:43:02.565+0800][118.074s] GC(122)   Evacuate Collection Set: 0.7ms
[2023-04-09T18:43:02.565+0800][118.074s] GC(122)   Post Evacuate Collection Set: 0.6ms
[2023-04-09T18:43:02.565+0800][118.074s] GC(122)   Other: 0.2ms
[2023-04-09T18:43:02.565+0800][118.074s] GC(122) Eden regions: 263->0(260)
[2023-04-09T18:43:02.565+0800][118.074s] GC(122) Survivor regions: 1->6(33)
[2023-04-09T18:43:02.565+0800][118.074s] GC(122) Old regions: 126->126
[2023-04-09T18:43:02.565+0800][118.074s] GC(122) Humongous regions: 51->51
[2023-04-09T18:43:02.565+0800][118.074s] GC(122) Metaspace: 59660K(61424K)->59660K(61424K) NonClass: 52680K(53668K)->52680K(53668K) Class: 6980K(7756K)->6980K(7756K)
[2023-04-09T18:43:02.565+0800][118.074s] GC(122) Pause Young (Normal) (G1 Evacuation Pause) 440M->182M(512M) 1.664ms
[2023-04-09T18:43:02.565+0800][118.074s] GC(122) User=0.00s Sys=0.00s Real=0.00s
[2023-04-09T18:43:02.954+0800][118.463s] GC(123) Pause Young (Normal) (G1 Evacuation Pause)
[2023-04-09T18:43:02.954+0800][118.463s] GC(123) Using 8 workers of 8 for evacuation
[2023-04-09T18:43:02.956+0800][118.465s] GC(123)   Pre Evacuate Collection Set: 0.0ms
[2023-04-09T18:43:02.956+0800][118.465s] GC(123)   Evacuate Collection Set: 1.2ms
[2023-04-09T18:43:02.956+0800][118.465s] GC(123)   Post Evacuate Collection Set: 0.6ms
[2023-04-09T18:43:02.956+0800][118.465s] GC(123)   Other: 0.2ms
[2023-04-09T18:43:02.956+0800][118.465s] GC(123) Eden regions: 260->0(254)
[2023-04-09T18:43:02.956+0800][118.465s] GC(123) Survivor regions: 6->11(34)
[2023-04-09T18:43:02.956+0800][118.465s] GC(123) Old regions: 126->126
[2023-04-09T18:43:02.956+0800][118.465s] GC(123) Humongous regions: 54->53
[2023-04-09T18:43:02.956+0800][118.465s] GC(123) Metaspace: 59660K(61424K)->59660K(61424K) NonClass: 52680K(53668K)->52680K(53668K) Class: 6980K(7756K)->6980K(7756K)
[2023-04-09T18:43:02.956+0800][118.465s] GC(123) Pause Young (Normal) (G1 Evacuation Pause) 445M->189M(512M) 2.185ms
[2023-04-09T18:43:02.957+0800][118.465s] GC(123) User=0.00s Sys=0.00s Real=0.00s
[2023-04-09T18:43:03.616+0800][119.124s] GC(124) Pause Young (Normal) (G1 Evacuation Pause)
[2023-04-09T18:43:03.616+0800][119.124s] GC(124) Using 8 workers of 8 for evacuation
[2023-04-09T18:43:03.617+0800][119.126s] GC(124)   Pre Evacuate Collection Set: 0.0ms
[2023-04-09T18:43:03.617+0800][119.126s] GC(124)   Evacuate Collection Set: 1.1ms
[2023-04-09T18:43:03.617+0800][119.126s] GC(124)   Post Evacuate Collection Set: 0.6ms
[2023-04-09T18:43:03.617+0800][119.126s] GC(124)   Other: 0.2ms
[2023-04-09T18:43:03.617+0800][119.126s] GC(124) Eden regions: 254->0(250)
[2023-04-09T18:43:03.617+0800][119.126s] GC(124) Survivor regions: 11->10(34)
[2023-04-09T18:43:03.617+0800][119.126s] GC(124) Old regions: 126->126
[2023-04-09T18:43:03.617+0800][119.126s] GC(124) Humongous regions: 71->59
[2023-04-09T18:43:03.617+0800][119.127s] GC(124) Metaspace: 59660K(61424K)->59660K(61424K) NonClass: 52680K(53668K)->52680K(53668K) Class: 6980K(7756K)->6980K(7756K)
[2023-04-09T18:43:03.617+0800][119.127s] GC(124) Pause Young (Normal) (G1 Evacuation Pause) 461M->194M(512M) 2.285ms
[2023-04-09T18:43:03.617+0800][119.127s] GC(124) User=0.00s Sys=0.00s Real=0.00s
[2023-04-09T18:43:04.149+0800][119.657s] GC(125) Pause Young (Normal) (G1 Evacuation Pause)
[2023-04-09T18:43:04.149+0800][119.657s] GC(125) Using 8 workers of 8 for evacuation
[2023-04-09T18:43:04.150+0800][119.658s] GC(125)   Pre Evacuate Collection Set: 0.0ms
[2023-04-09T18:43:04.150+0800][119.658s] GC(125)   Evacuate Collection Set: 0.5ms
[2023-04-09T18:43:04.150+0800][119.658s] GC(125)   Post Evacuate Collection Set: 0.5ms
[2023-04-09T18:43:04.150+0800][119.658s] GC(125)   Other: 0.2ms
[2023-04-09T18:43:04.150+0800][119.658s] GC(125) Eden regions: 250->0(262)
[2023-04-09T18:43:04.150+0800][119.658s] GC(125) Survivor regions: 10->3(33)
[2023-04-09T18:43:04.150+0800][119.658s] GC(125) Old regions: 126->126
[2023-04-09T18:43:04.150+0800][119.658s] GC(125) Humongous regions: 59->50
[2023-04-09T18:43:04.150+0800][119.658s] GC(125) Metaspace: 59660K(61424K)->59660K(61424K) NonClass: 52680K(53668K)->52680K(53668K) Class: 6980K(7756K)->6980K(7756K)
[2023-04-09T18:43:04.150+0800][119.659s] GC(125) Pause Young (Normal) (G1 Evacuation Pause) 444M->177M(512M) 1.408ms
[2023-04-09T18:43:04.150+0800][119.659s] GC(125) User=0.00s Sys=0.00s Real=0.00s
[2023-04-09T18:43:04.646+0800][120.154s] GC(126) Pause Young (Normal) (G1 Evacuation Pause)
[2023-04-09T18:43:04.646+0800][120.154s] GC(126) Using 8 workers of 8 for evacuation
[2023-04-09T18:43:04.647+0800][120.156s] GC(126)   Pre Evacuate Collection Set: 0.0ms
[2023-04-09T18:43:04.647+0800][120.156s] GC(126)   Evacuate Collection Set: 0.9ms
[2023-04-09T18:43:04.647+0800][120.156s] GC(126)   Post Evacuate Collection Set: 0.4ms
[2023-04-09T18:43:04.647+0800][120.156s] GC(126)   Other: 0.2ms
[2023-04-09T18:43:04.647+0800][120.156s] GC(126) Eden regions: 262->0(258)
[2023-04-09T18:43:04.647+0800][120.156s] GC(126) Survivor regions: 3->7(34)
[2023-04-09T18:43:04.647+0800][120.156s] GC(126) Old regions: 126->126
[2023-04-09T18:43:04.647+0800][120.156s] GC(126) Humongous regions: 53->52
[2023-04-09T18:43:04.647+0800][120.156s] GC(126) Metaspace: 59660K(61424K)->59660K(61424K) NonClass: 52680K(53668K)->52680K(53668K) Class: 6980K(7756K)->6980K(7756K)
[2023-04-09T18:43:04.647+0800][120.156s] GC(126) Pause Young (Normal) (G1 Evacuation Pause) 442M->184M(512M) 1.745ms
[2023-04-09T18:43:04.647+0800][120.156s] GC(126) User=0.00s Sys=0.00s Real=0.00s
[2023-04-09T18:43:05.085+0800][120.594s] GC(127) Pause Young (Normal) (G1 Evacuation Pause)
[2023-04-09T18:43:05.085+0800][120.594s] GC(127) Using 8 workers of 8 for evacuation
[2023-04-09T18:43:05.087+0800][120.596s] GC(127)   Pre Evacuate Collection Set: 0.0ms
[2023-04-09T18:43:05.087+0800][120.596s] GC(127)   Evacuate Collection Set: 1.1ms
[2023-04-09T18:43:05.087+0800][120.596s] GC(127)   Post Evacuate Collection Set: 0.4ms
[2023-04-09T18:43:05.087+0800][120.596s] GC(127)   Other: 0.2ms
[2023-04-09T18:43:05.087+0800][120.596s] GC(127) Eden regions: 258->0(252)
[2023-04-09T18:43:05.087+0800][120.596s] GC(127) Survivor regions: 7->9(34)
[2023-04-09T18:43:05.087+0800][120.596s] GC(127) Old regions: 126->126
[2023-04-09T18:43:05.087+0800][120.596s] GC(127) Humongous regions: 58->58
[2023-04-09T18:43:05.087+0800][120.596s] GC(127) Metaspace: 59660K(61424K)->59660K(61424K) NonClass: 52680K(53668K)->52680K(53668K) Class: 6980K(7756K)->6980K(7756K)
[2023-04-09T18:43:05.087+0800][120.596s] GC(127) Pause Young (Normal) (G1 Evacuation Pause) 448M->192M(512M) 1.908ms
[2023-04-09T18:43:05.087+0800][120.596s] GC(127) User=0.00s Sys=0.00s Real=0.00s
[2023-04-09T18:43:05.703+0800][121.211s] GC(128) Pause Young (Normal) (G1 Evacuation Pause)
[2023-04-09T18:43:05.703+0800][121.211s] GC(128) Using 8 workers of 8 for evacuation
[2023-04-09T18:43:05.705+0800][121.213s] GC(128)   Pre Evacuate Collection Set: 0.0ms
[2023-04-09T18:43:05.705+0800][121.213s] GC(128)   Evacuate Collection Set: 1.1ms
[2023-04-09T18:43:05.705+0800][121.213s] GC(128)   Post Evacuate Collection Set: 0.6ms
[2023-04-09T18:43:05.705+0800][121.213s] GC(128)   Other: 0.1ms
[2023-04-09T18:43:05.705+0800][121.213s] GC(128) Eden regions: 252->0(250)
[2023-04-09T18:43:05.705+0800][121.213s] GC(128) Survivor regions: 9->10(33)
[2023-04-09T18:43:05.705+0800][121.213s] GC(128) Old regions: 126->126
[2023-04-09T18:43:05.705+0800][121.213s] GC(128) Humongous regions: 71->59
[2023-04-09T18:43:05.705+0800][121.213s] GC(128) Metaspace: 59660K(61424K)->59660K(61424K) NonClass: 52680K(53668K)->52680K(53668K) Class: 6980K(7756K)->6980K(7756K)
[2023-04-09T18:43:05.705+0800][121.213s] GC(128) Pause Young (Normal) (G1 Evacuation Pause) 457M->194M(512M) 2.006ms
[2023-04-09T18:43:05.705+0800][121.213s] GC(128) User=0.00s Sys=0.00s Real=0.00s
[2023-04-09T18:43:06.196+0800][121.705s] GC(129) Pause Young (Normal) (G1 Evacuation Pause)
[2023-04-09T18:43:06.197+0800][121.705s] GC(129) Using 8 workers of 8 for evacuation
[2023-04-09T18:43:06.198+0800][121.706s] GC(129)   Pre Evacuate Collection Set: 0.0ms
[2023-04-09T18:43:06.198+0800][121.706s] GC(129)   Evacuate Collection Set: 0.5ms
[2023-04-09T18:43:06.198+0800][121.706s] GC(129)   Post Evacuate Collection Set: 0.5ms
[2023-04-09T18:43:06.198+0800][121.706s] GC(129)   Other: 0.2ms
[2023-04-09T18:43:06.198+0800][121.706s] GC(129) Eden regions: 250->0(260)
[2023-04-09T18:43:06.198+0800][121.706s] GC(129) Survivor regions: 10->4(33)
[2023-04-09T18:43:06.198+0800][121.706s] GC(129) Old regions: 126->126
[2023-04-09T18:43:06.198+0800][121.706s] GC(129) Humongous regions: 59->50
[2023-04-09T18:43:06.198+0800][121.706s] GC(129) Metaspace: 59662K(61424K)->59662K(61424K) NonClass: 52681K(53668K)->52681K(53668K) Class: 6980K(7756K)->6980K(7756K)
[2023-04-09T18:43:06.198+0800][121.706s] GC(129) Pause Young (Normal) (G1 Evacuation Pause) 444M->179M(512M) 1.296ms
[2023-04-09T18:43:06.198+0800][121.706s] GC(129) User=0.00s Sys=0.00s Real=0.00s
[2023-04-09T18:43:06.683+0800][122.191s] GC(130) Pause Young (Normal) (G1 Evacuation Pause)
[2023-04-09T18:43:06.683+0800][122.191s] GC(130) Using 8 workers of 8 for evacuation
[2023-04-09T18:43:06.684+0800][122.193s] GC(130)   Pre Evacuate Collection Set: 0.0ms
[2023-04-09T18:43:06.684+0800][122.193s] GC(130)   Evacuate Collection Set: 1.0ms
[2023-04-09T18:43:06.684+0800][122.193s] GC(130)   Post Evacuate Collection Set: 0.5ms
[2023-04-09T18:43:06.685+0800][122.193s] GC(130)   Other: 0.3ms
[2023-04-09T18:43:06.685+0800][122.193s] GC(130) Eden regions: 260->0(256)
[2023-04-09T18:43:06.685+0800][122.193s] GC(130) Survivor regions: 4->9(33)
[2023-04-09T18:43:06.685+0800][122.193s] GC(130) Old regions: 126->126
[2023-04-09T18:43:06.685+0800][122.193s] GC(130) Humongous regions: 53->52
[2023-04-09T18:43:06.685+0800][122.193s] GC(130) Metaspace: 59700K(61680K)->59700K(61680K) NonClass: 52718K(53924K)->52718K(53924K) Class: 6981K(7756K)->6981K(7756K)
[2023-04-09T18:43:06.685+0800][122.193s] GC(130) Pause Young (Normal) (G1 Evacuation Pause) 442M->185M(512M) 2.049ms
[2023-04-09T18:43:06.685+0800][122.193s] GC(130) User=0.12s Sys=0.00s Real=0.00s
[2023-04-09T18:43:07.186+0800][122.694s] GC(131) Pause Young (Normal) (G1 Evacuation Pause)
[2023-04-09T18:43:07.186+0800][122.694s] GC(131) Using 8 workers of 8 for evacuation
[2023-04-09T18:43:07.188+0800][122.696s] GC(131)   Pre Evacuate Collection Set: 0.0ms
[2023-04-09T18:43:07.188+0800][122.696s] GC(131)   Evacuate Collection Set: 1.1ms
[2023-04-09T18:43:07.188+0800][122.696s] GC(131)   Post Evacuate Collection Set: 0.5ms
[2023-04-09T18:43:07.188+0800][122.696s] GC(131)   Other: 0.2ms
[2023-04-09T18:43:07.188+0800][122.696s] GC(131) Eden regions: 256->0(250)
[2023-04-09T18:43:07.188+0800][122.696s] GC(131) Survivor regions: 9->10(34)
[2023-04-09T18:43:07.188+0800][122.696s] GC(131) Old regions: 126->126
[2023-04-09T18:43:07.188+0800][122.696s] GC(131) Humongous regions: 61->59
[2023-04-09T18:43:07.188+0800][122.696s] GC(131) Metaspace: 59700K(61680K)->59700K(61680K) NonClass: 52718K(53924K)->52718K(53924K) Class: 6981K(7756K)->6981K(7756K)
[2023-04-09T18:43:07.188+0800][122.696s] GC(131) Pause Young (Normal) (G1 Evacuation Pause) 450M->194M(512M) 2.115ms
[2023-04-09T18:43:07.188+0800][122.697s] GC(131) User=0.00s Sys=0.00s Real=0.00s
[2023-04-09T18:43:07.753+0800][123.262s] GC(132) Pause Young (Normal) (G1 Evacuation Pause)
[2023-04-09T18:43:07.753+0800][123.262s] GC(132) Using 8 workers of 8 for evacuation
[2023-04-09T18:43:07.755+0800][123.264s] GC(132)   Pre Evacuate Collection Set: 0.0ms
[2023-04-09T18:43:07.755+0800][123.264s] GC(132)   Evacuate Collection Set: 1.3ms
[2023-04-09T18:43:07.755+0800][123.264s] GC(132)   Post Evacuate Collection Set: 0.5ms
[2023-04-09T18:43:07.755+0800][123.264s] GC(132)   Other: 0.2ms
[2023-04-09T18:43:07.755+0800][123.264s] GC(132) Eden regions: 250->0(249)
[2023-04-09T18:43:07.755+0800][123.264s] GC(132) Survivor regions: 10->11(33)
[2023-04-09T18:43:07.755+0800][123.264s] GC(132) Old regions: 126->126
[2023-04-09T18:43:07.755+0800][123.264s] GC(132) Humongous regions: 64->59
[2023-04-09T18:43:07.755+0800][123.264s] GC(132) Metaspace: 60241K(62064K)->60241K(62064K) NonClass: 53198K(54180K)->53198K(54180K) Class: 7043K(7884K)->7043K(7884K)
[2023-04-09T18:43:07.755+0800][123.264s] GC(132) Pause Young (Normal) (G1 Evacuation Pause) 449M->195M(512M) 2.144ms
[2023-04-09T18:43:07.755+0800][123.264s] GC(132) User=0.00s Sys=0.00s Real=0.00s
[2023-04-09T18:43:08.291+0800][123.800s] GC(133) Pause Young (Normal) (G1 Evacuation Pause)
[2023-04-09T18:43:08.291+0800][123.800s] GC(133) Using 8 workers of 8 for evacuation
[2023-04-09T18:43:08.292+0800][123.801s] GC(133)   Pre Evacuate Collection Set: 0.1ms
[2023-04-09T18:43:08.292+0800][123.801s] GC(133)   Evacuate Collection Set: 0.7ms
[2023-04-09T18:43:08.292+0800][123.801s] GC(133)   Post Evacuate Collection Set: 0.3ms
[2023-04-09T18:43:08.292+0800][123.801s] GC(133)   Other: 0.2ms
[2023-04-09T18:43:08.292+0800][123.801s] GC(133) Eden regions: 249->0(259)
[2023-04-09T18:43:08.292+0800][123.801s] GC(133) Survivor regions: 11->4(33)
[2023-04-09T18:43:08.292+0800][123.801s] GC(133) Old regions: 126->126
[2023-04-09T18:43:08.292+0800][123.801s] GC(133) Humongous regions: 60->51
[2023-04-09T18:43:08.292+0800][123.801s] GC(133) Metaspace: 60242K(62064K)->60242K(62064K) NonClass: 53199K(54180K)->53199K(54180K) Class: 7043K(7884K)->7043K(7884K)
[2023-04-09T18:43:08.292+0800][123.801s] GC(133) Pause Young (Normal) (G1 Evacuation Pause) 445M->180M(512M) 1.449ms
[2023-04-09T18:43:08.292+0800][123.801s] GC(133) User=0.08s Sys=0.02s Real=0.00s
[2023-04-09T18:43:08.698+0800][124.207s] GC(134) Pause Young (Normal) (G1 Evacuation Pause)
[2023-04-09T18:43:08.698+0800][124.207s] GC(134) Using 8 workers of 8 for evacuation
[2023-04-09T18:43:08.700+0800][124.209s] GC(134)   Pre Evacuate Collection Set: 0.0ms
[2023-04-09T18:43:08.700+0800][124.209s] GC(134)   Evacuate Collection Set: 1.1ms
[2023-04-09T18:43:08.700+0800][124.209s] GC(134)   Post Evacuate Collection Set: 0.5ms
[2023-04-09T18:43:08.700+0800][124.209s] GC(134)   Other: 0.2ms
[2023-04-09T18:43:08.700+0800][124.209s] GC(134) Eden regions: 259->0(255)
[2023-04-09T18:43:08.700+0800][124.209s] GC(134) Survivor regions: 4->9(33)
[2023-04-09T18:43:08.700+0800][124.209s] GC(134) Old regions: 126->126
[2023-04-09T18:43:08.700+0800][124.209s] GC(134) Humongous regions: 53->52
[2023-04-09T18:43:08.700+0800][124.209s] GC(134) Metaspace: 60242K(62064K)->60242K(62064K) NonClass: 53199K(54180K)->53199K(54180K) Class: 7043K(7884K)->7043K(7884K)
[2023-04-09T18:43:08.700+0800][124.209s] GC(134) Pause Young (Normal) (G1 Evacuation Pause) 441M->186M(512M) 2.024ms
[2023-04-09T18:43:08.700+0800][124.209s] GC(134) User=0.11s Sys=0.00s Real=0.00s
[2023-04-09T18:43:09.116+0800][124.625s] GC(135) Pause Young (Normal) (G1 Evacuation Pause)
[2023-04-09T18:43:09.116+0800][124.625s] GC(135) Using 8 workers of 8 for evacuation
[2023-04-09T18:43:09.118+0800][124.627s] GC(135)   Pre Evacuate Collection Set: 0.0ms
[2023-04-09T18:43:09.118+0800][124.627s] GC(135)   Evacuate Collection Set: 1.3ms
[2023-04-09T18:43:09.118+0800][124.627s] GC(135)   Post Evacuate Collection Set: 0.6ms
[2023-04-09T18:43:09.118+0800][124.627s] GC(135)   Other: 0.1ms
[2023-04-09T18:43:09.118+0800][124.627s] GC(135) Eden regions: 255->0(249)
[2023-04-09T18:43:09.118+0800][124.627s] GC(135) Survivor regions: 9->11(33)
[2023-04-09T18:43:09.118+0800][124.627s] GC(135) Old regions: 126->126
[2023-04-09T18:43:09.118+0800][124.627s] GC(135) Humongous regions: 66->59
[2023-04-09T18:43:09.118+0800][124.627s] GC(135) Metaspace: 60242K(62064K)->60242K(62064K) NonClass: 53199K(54180K)->53199K(54180K) Class: 7043K(7884K)->7043K(7884K)
[2023-04-09T18:43:09.118+0800][124.627s] GC(135) Pause Young (Normal) (G1 Evacuation Pause) 455M->195M(512M) 2.331ms
[2023-04-09T18:43:09.118+0800][124.627s] GC(135) User=0.00s Sys=0.00s Real=0.00s
[2023-04-09T18:43:09.680+0800][125.189s] GC(136) Pause Young (Normal) (G1 Evacuation Pause)
[2023-04-09T18:43:09.680+0800][125.189s] GC(136) Using 8 workers of 8 for evacuation
[2023-04-09T18:43:09.682+0800][125.191s] GC(136)   Pre Evacuate Collection Set: 0.0ms
[2023-04-09T18:43:09.682+0800][125.191s] GC(136)   Evacuate Collection Set: 1.5ms
[2023-04-09T18:43:09.682+0800][125.191s] GC(136)   Post Evacuate Collection Set: 0.5ms
[2023-04-09T18:43:09.682+0800][125.191s] GC(136)   Other: 0.2ms
[2023-04-09T18:43:09.682+0800][125.191s] GC(136) Eden regions: 249->0(250)
[2023-04-09T18:43:09.682+0800][125.191s] GC(136) Survivor regions: 11->11(33)
[2023-04-09T18:43:09.682+0800][125.191s] GC(136) Old regions: 126->126
[2023-04-09T18:43:09.682+0800][125.191s] GC(136) Humongous regions: 64->59
[2023-04-09T18:43:09.682+0800][125.191s] GC(136) Metaspace: 60243K(62320K)->60243K(62320K) NonClass: 53200K(54436K)->53200K(54436K) Class: 7043K(7884K)->7043K(7884K)
[2023-04-09T18:43:09.682+0800][125.191s] GC(136) Pause Young (Normal) (G1 Evacuation Pause) 449M->195M(512M) 2.407ms
[2023-04-09T18:43:09.682+0800][125.191s] GC(136) User=0.00s Sys=0.00s Real=0.00s
[2023-04-09T18:43:10.071+0800][125.580s] GC(137) Pause Young (Normal) (G1 Evacuation Pause)
[2023-04-09T18:43:10.071+0800][125.580s] GC(137) Using 8 workers of 8 for evacuation
[2023-04-09T18:43:10.072+0800][125.581s] GC(137)   Pre Evacuate Collection Set: 0.0ms
[2023-04-09T18:43:10.072+0800][125.581s] GC(137)   Evacuate Collection Set: 0.9ms
[2023-04-09T18:43:10.072+0800][125.581s] GC(137)   Post Evacuate Collection Set: 0.4ms
[2023-04-09T18:43:10.072+0800][125.581s] GC(137)   Other: 0.2ms
[2023-04-09T18:43:10.072+0800][125.581s] GC(137) Eden regions: 250->0(259)
[2023-04-09T18:43:10.072+0800][125.581s] GC(137) Survivor regions: 11->5(33)
[2023-04-09T18:43:10.072+0800][125.581s] GC(137) Old regions: 126->126
[2023-04-09T18:43:10.072+0800][125.581s] GC(137) Humongous regions: 59->50
[2023-04-09T18:43:10.072+0800][125.581s] GC(137) Metaspace: 60258K(62320K)->60258K(62320K) NonClass: 53215K(54436K)->53215K(54436K) Class: 7043K(7884K)->7043K(7884K)
[2023-04-09T18:43:10.072+0800][125.581s] GC(137) Pause Young (Normal) (G1 Evacuation Pause) 445M->180M(512M) 1.725ms
[2023-04-09T18:43:10.072+0800][125.581s] GC(137) User=0.00s Sys=0.00s Real=0.00s
[2023-04-09T18:43:10.329+0800][125.837s] GC(138) Pause Young (Normal) (G1 Evacuation Pause)
[2023-04-09T18:43:10.329+0800][125.837s] GC(138) Using 8 workers of 8 for evacuation
[2023-04-09T18:43:10.330+0800][125.839s] GC(138)   Pre Evacuate Collection Set: 0.0ms
[2023-04-09T18:43:10.330+0800][125.839s] GC(138)   Evacuate Collection Set: 1.2ms
[2023-04-09T18:43:10.330+0800][125.839s] GC(138)   Post Evacuate Collection Set: 0.4ms
[2023-04-09T18:43:10.331+0800][125.839s] GC(138)   Other: 0.2ms
[2023-04-09T18:43:10.331+0800][125.839s] GC(138) Eden regions: 259->0(258)
[2023-04-09T18:43:10.331+0800][125.839s] GC(138) Survivor regions: 5->7(33)
[2023-04-09T18:43:10.331+0800][125.839s] GC(138) Old regions: 126->126
[2023-04-09T18:43:10.331+0800][125.839s] GC(138) Humongous regions: 51->51
[2023-04-09T18:43:10.331+0800][125.839s] GC(138) Metaspace: 60258K(62320K)->60258K(62320K) NonClass: 53215K(54436K)->53215K(54436K) Class: 7043K(7884K)->7043K(7884K)
[2023-04-09T18:43:10.331+0800][125.839s] GC(138) Pause Young (Normal) (G1 Evacuation Pause) 440M->183M(512M) 2.124ms
[2023-04-09T18:43:10.331+0800][125.839s] GC(138) User=0.00s Sys=0.00s Real=0.00s
[2023-04-09T18:43:10.520+0800][126.028s] GC(139) Pause Young (Normal) (G1 Evacuation Pause)
[2023-04-09T18:43:10.520+0800][126.028s] GC(139) Using 8 workers of 8 for evacuation
[2023-04-09T18:43:10.522+0800][126.030s] GC(139)   Pre Evacuate Collection Set: 0.0ms
[2023-04-09T18:43:10.522+0800][126.030s] GC(139)   Evacuate Collection Set: 1.2ms
[2023-04-09T18:43:10.522+0800][126.030s] GC(139)   Post Evacuate Collection Set: 0.4ms
[2023-04-09T18:43:10.522+0800][126.030s] GC(139)   Other: 0.2ms
[2023-04-09T18:43:10.522+0800][126.030s] GC(139) Eden regions: 258->0(257)
[2023-04-09T18:43:10.522+0800][126.030s] GC(139) Survivor regions: 7->9(34)
[2023-04-09T18:43:10.522+0800][126.030s] GC(139) Old regions: 126->126
[2023-04-09T18:43:10.522+0800][126.030s] GC(139) Humongous regions: 53->52
[2023-04-09T18:43:10.522+0800][126.030s] GC(139) Metaspace: 60258K(62320K)->60258K(62320K) NonClass: 53215K(54436K)->53215K(54436K) Class: 7043K(7884K)->7043K(7884K)
[2023-04-09T18:43:10.522+0800][126.030s] GC(139) Pause Young (Normal) (G1 Evacuation Pause) 443M->186M(512M) 1.905ms
[2023-04-09T18:43:10.522+0800][126.030s] GC(139) User=0.00s Sys=0.00s Real=0.00s
[2023-04-09T18:43:10.718+0800][126.227s] GC(140) Pause Young (Normal) (G1 Evacuation Pause)
[2023-04-09T18:43:10.718+0800][126.227s] GC(140) Using 8 workers of 8 for evacuation
[2023-04-09T18:43:10.720+0800][126.229s] GC(140)   Pre Evacuate Collection Set: 0.1ms
[2023-04-09T18:43:10.720+0800][126.229s] GC(140)   Evacuate Collection Set: 1.5ms
[2023-04-09T18:43:10.720+0800][126.229s] GC(140)   Post Evacuate Collection Set: 0.5ms
[2023-04-09T18:43:10.721+0800][126.229s] GC(140)   Other: 0.2ms
[2023-04-09T18:43:10.721+0800][126.229s] GC(140) Eden regions: 257->0(255)
[2023-04-09T18:43:10.721+0800][126.229s] GC(140) Survivor regions: 9->11(34)
[2023-04-09T18:43:10.721+0800][126.229s] GC(140) Old regions: 126->126
[2023-04-09T18:43:10.721+0800][126.230s] GC(140) Humongous regions: 53->53
[2023-04-09T18:43:10.721+0800][126.230s] GC(140) Metaspace: 60258K(62320K)->60258K(62320K) NonClass: 53215K(54436K)->53215K(54436K) Class: 7043K(7884K)->7043K(7884K)
[2023-04-09T18:43:10.721+0800][126.230s] GC(140) Pause Young (Normal) (G1 Evacuation Pause) 444M->189M(512M) 2.693ms
[2023-04-09T18:43:10.721+0800][126.230s] GC(140) User=0.00s Sys=0.00s Real=0.00s
[2023-04-09T18:43:10.997+0800][126.507s] GC(141) Pause Young (Normal) (G1 Evacuation Pause)
[2023-04-09T18:43:10.998+0800][126.507s] GC(141) Using 8 workers of 8 for evacuation
[2023-04-09T18:43:11.000+0800][126.509s] GC(141)   Pre Evacuate Collection Set: 0.0ms
[2023-04-09T18:43:11.000+0800][126.509s] GC(141)   Evacuate Collection Set: 1.4ms
[2023-04-09T18:43:11.000+0800][126.509s] GC(141)   Post Evacuate Collection Set: 0.5ms
[2023-04-09T18:43:11.000+0800][126.509s] GC(141)   Other: 0.2ms
[2023-04-09T18:43:11.000+0800][126.509s] GC(141) Eden regions: 255->0(252)
[2023-04-09T18:43:11.000+0800][126.509s] GC(141) Survivor regions: 11->10(34)
[2023-04-09T18:43:11.000+0800][126.509s] GC(141) Old regions: 126->126
[2023-04-09T18:43:11.000+0800][126.509s] GC(141) Humongous regions: 58->58
[2023-04-09T18:43:11.000+0800][126.509s] GC(141) Metaspace: 60258K(62320K)->60258K(62320K) NonClass: 53215K(54436K)->53215K(54436K) Class: 7043K(7884K)->7043K(7884K)
[2023-04-09T18:43:11.000+0800][126.509s] GC(141) Pause Young (Normal) (G1 Evacuation Pause) 449M->193M(512M) 2.302ms
[2023-04-09T18:43:11.000+0800][126.509s] GC(141) User=0.00s Sys=0.00s Real=0.00s
[2023-04-09T18:43:11.325+0800][126.834s] GC(142) Pause Young (Normal) (G1 Evacuation Pause)
[2023-04-09T18:43:11.325+0800][126.834s] GC(142) Using 8 workers of 8 for evacuation
[2023-04-09T18:43:11.327+0800][126.836s] GC(142)   Pre Evacuate Collection Set: 0.0ms
[2023-04-09T18:43:11.327+0800][126.836s] GC(142)   Evacuate Collection Set: 1.3ms
[2023-04-09T18:43:11.327+0800][126.836s] GC(142)   Post Evacuate Collection Set: 0.4ms
[2023-04-09T18:43:11.327+0800][126.836s] GC(142)   Other: 0.2ms
[2023-04-09T18:43:11.327+0800][126.836s] GC(142) Eden regions: 252->0(251)
[2023-04-09T18:43:11.327+0800][126.836s] GC(142) Survivor regions: 10->11(33)
[2023-04-09T18:43:11.327+0800][126.836s] GC(142) Old regions: 126->126
[2023-04-09T18:43:11.327+0800][126.836s] GC(142) Humongous regions: 71->59
[2023-04-09T18:43:11.327+0800][126.836s] GC(142) Metaspace: 60258K(62320K)->60258K(62320K) NonClass: 53215K(54436K)->53215K(54436K) Class: 7043K(7884K)->7043K(7884K)
[2023-04-09T18:43:11.327+0800][126.836s] GC(142) Pause Young (Normal) (G1 Evacuation Pause) 458M->195M(512M) 2.175ms
[2023-04-09T18:43:11.327+0800][126.836s] GC(142) User=0.00s Sys=0.00s Real=0.00s
[2023-04-09T18:43:11.599+0800][127.108s] GC(143) Pause Young (Normal) (G1 Evacuation Pause)
[2023-04-09T18:43:11.599+0800][127.108s] GC(143) Using 8 workers of 8 for evacuation
[2023-04-09T18:43:11.601+0800][127.110s] GC(143)   Pre Evacuate Collection Set: 0.0ms
[2023-04-09T18:43:11.601+0800][127.110s] GC(143)   Evacuate Collection Set: 1.5ms
[2023-04-09T18:43:11.602+0800][127.110s] GC(143)   Post Evacuate Collection Set: 0.6ms
[2023-04-09T18:43:11.602+0800][127.110s] GC(143)   Other: 0.2ms
[2023-04-09T18:43:11.602+0800][127.110s] GC(143) Eden regions: 251->0(251)
[2023-04-09T18:43:11.602+0800][127.110s] GC(143) Survivor regions: 11->12(33)
[2023-04-09T18:43:11.602+0800][127.110s] GC(143) Old regions: 126->126
[2023-04-09T18:43:11.602+0800][127.111s] GC(143) Humongous regions: 59->59
[2023-04-09T18:43:11.602+0800][127.111s] GC(143) Metaspace: 60258K(62320K)->60258K(62320K) NonClass: 53215K(54436K)->53215K(54436K) Class: 7043K(7884K)->7043K(7884K)
[2023-04-09T18:43:11.602+0800][127.111s] GC(143) Pause Young (Normal) (G1 Evacuation Pause) 446M->196M(512M) 2.591ms
[2023-04-09T18:43:11.602+0800][127.111s] GC(143) User=0.00s Sys=0.00s Real=0.00s
[2023-04-09T18:43:11.896+0800][127.404s] GC(144) Pause Young (Normal) (G1 Evacuation Pause)
[2023-04-09T18:43:11.896+0800][127.404s] GC(144) Using 8 workers of 8 for evacuation
[2023-04-09T18:43:11.897+0800][127.406s] GC(144)   Pre Evacuate Collection Set: 0.0ms
[2023-04-09T18:43:11.897+0800][127.406s] GC(144)   Evacuate Collection Set: 0.6ms
[2023-04-09T18:43:11.897+0800][127.406s] GC(144)   Post Evacuate Collection Set: 0.4ms
[2023-04-09T18:43:11.897+0800][127.406s] GC(144)   Other: 0.2ms
[2023-04-09T18:43:11.897+0800][127.406s] GC(144) Eden regions: 251->0(260)
[2023-04-09T18:43:11.897+0800][127.406s] GC(144) Survivor regions: 12->3(33)
[2023-04-09T18:43:11.897+0800][127.406s] GC(144) Old regions: 126->126
[2023-04-09T18:43:11.897+0800][127.406s] GC(144) Humongous regions: 59->50
[2023-04-09T18:43:11.897+0800][127.406s] GC(144) Metaspace: 60261K(62320K)->60261K(62320K) NonClass: 53218K(54436K)->53218K(54436K) Class: 7043K(7884K)->7043K(7884K)
[2023-04-09T18:43:11.897+0800][127.406s] GC(144) Pause Young (Normal) (G1 Evacuation Pause) 447M->178M(512M) 1.396ms
[2023-04-09T18:43:11.897+0800][127.406s] GC(144) User=0.00s Sys=0.00s Real=0.00s
[2023-04-09T18:43:12.151+0800][127.660s] GC(145) Pause Young (Normal) (G1 Evacuation Pause)
[2023-04-09T18:43:12.151+0800][127.660s] GC(145) Using 8 workers of 8 for evacuation
[2023-04-09T18:43:12.152+0800][127.661s] GC(145)   Pre Evacuate Collection Set: 0.0ms
[2023-04-09T18:43:12.152+0800][127.661s] GC(145)   Evacuate Collection Set: 0.8ms
[2023-04-09T18:43:12.152+0800][127.661s] GC(145)   Post Evacuate Collection Set: 0.4ms
[2023-04-09T18:43:12.152+0800][127.661s] GC(145)   Other: 0.2ms
[2023-04-09T18:43:12.152+0800][127.661s] GC(145) Eden regions: 260->0(259)
[2023-04-09T18:43:12.152+0800][127.661s] GC(145) Survivor regions: 3->6(33)
[2023-04-09T18:43:12.152+0800][127.661s] GC(145) Old regions: 126->126
[2023-04-09T18:43:12.152+0800][127.661s] GC(145) Humongous regions: 51->51
[2023-04-09T18:43:12.152+0800][127.661s] GC(145) Metaspace: 60261K(62320K)->60261K(62320K) NonClass: 53218K(54436K)->53218K(54436K) Class: 7043K(7884K)->7043K(7884K)
[2023-04-09T18:43:12.152+0800][127.661s] GC(145) Pause Young (Normal) (G1 Evacuation Pause) 439M->182M(512M) 1.566ms
[2023-04-09T18:43:12.152+0800][127.661s] GC(145) User=0.11s Sys=0.00s Real=0.00s
[2023-04-09T18:43:12.422+0800][127.930s] GC(146) Pause Young (Normal) (G1 Evacuation Pause)
[2023-04-09T18:43:12.422+0800][127.930s] GC(146) Using 8 workers of 8 for evacuation
[2023-04-09T18:43:12.424+0800][127.932s] GC(146)   Pre Evacuate Collection Set: 0.0ms
[2023-04-09T18:43:12.424+0800][127.932s] GC(146)   Evacuate Collection Set: 1.1ms
[2023-04-09T18:43:12.424+0800][127.932s] GC(146)   Post Evacuate Collection Set: 0.6ms
[2023-04-09T18:43:12.424+0800][127.932s] GC(146)   Other: 0.2ms
[2023-04-09T18:43:12.424+0800][127.932s] GC(146) Eden regions: 259->0(257)
[2023-04-09T18:43:12.424+0800][127.932s] GC(146) Survivor regions: 6->9(34)
[2023-04-09T18:43:12.424+0800][127.932s] GC(146) Old regions: 126->126
[2023-04-09T18:43:12.424+0800][127.932s] GC(146) Humongous regions: 53->52
[2023-04-09T18:43:12.424+0800][127.932s] GC(146) Metaspace: 60261K(62320K)->60261K(62320K) NonClass: 53218K(54436K)->53218K(54436K) Class: 7043K(7884K)->7043K(7884K)
[2023-04-09T18:43:12.424+0800][127.932s] GC(146) Pause Young (Normal) (G1 Evacuation Pause) 443M->186M(512M) 2.150ms
[2023-04-09T18:43:12.424+0800][127.932s] GC(146) User=0.00s Sys=0.00s Real=0.00s
[2023-04-09T18:43:12.646+0800][128.154s] GC(147) Pause Young (Normal) (G1 Evacuation Pause)
[2023-04-09T18:43:12.646+0800][128.154s] GC(147) Using 8 workers of 8 for evacuation
[2023-04-09T18:43:12.648+0800][128.156s] GC(147)   Pre Evacuate Collection Set: 0.0ms
[2023-04-09T18:43:12.648+0800][128.156s] GC(147)   Evacuate Collection Set: 1.3ms
[2023-04-09T18:43:12.648+0800][128.156s] GC(147)   Post Evacuate Collection Set: 0.6ms
[2023-04-09T18:43:12.648+0800][128.156s] GC(147)   Other: 0.2ms
[2023-04-09T18:43:12.648+0800][128.156s] GC(147) Eden regions: 257->0(255)
[2023-04-09T18:43:12.648+0800][128.156s] GC(147) Survivor regions: 9->11(34)
[2023-04-09T18:43:12.648+0800][128.157s] GC(147) Old regions: 126->126
[2023-04-09T18:43:12.648+0800][128.157s] GC(147) Humongous regions: 53->53
[2023-04-09T18:43:12.648+0800][128.157s] GC(147) Metaspace: 60261K(62320K)->60261K(62320K) NonClass: 53218K(54436K)->53218K(54436K) Class: 7043K(7884K)->7043K(7884K)
[2023-04-09T18:43:12.648+0800][128.157s] GC(147) Pause Young (Normal) (G1 Evacuation Pause) 444M->189M(512M) 2.332ms
[2023-04-09T18:43:12.648+0800][128.157s] GC(147) User=0.00s Sys=0.00s Real=0.00s
[2023-04-09T18:43:12.920+0800][128.429s] GC(148) Pause Young (Normal) (G1 Evacuation Pause)
[2023-04-09T18:43:12.920+0800][128.429s] GC(148) Using 8 workers of 8 for evacuation
[2023-04-09T18:43:12.922+0800][128.431s] GC(148)   Pre Evacuate Collection Set: 0.0ms
[2023-04-09T18:43:12.922+0800][128.431s] GC(148)   Evacuate Collection Set: 1.3ms
[2023-04-09T18:43:12.922+0800][128.431s] GC(148)   Post Evacuate Collection Set: 0.5ms
[2023-04-09T18:43:12.922+0800][128.431s] GC(148)   Other: 0.1ms
[2023-04-09T18:43:12.922+0800][128.431s] GC(148) Eden regions: 255->0(249)
[2023-04-09T18:43:12.922+0800][128.431s] GC(148) Survivor regions: 11->11(34)
[2023-04-09T18:43:12.922+0800][128.431s] GC(148) Old regions: 126->127
[2023-04-09T18:43:12.922+0800][128.431s] GC(148) Humongous regions: 61->61
[2023-04-09T18:43:12.922+0800][128.431s] GC(148) Metaspace: 60261K(62320K)->60261K(62320K) NonClass: 53218K(54436K)->53218K(54436K) Class: 7043K(7884K)->7043K(7884K)
[2023-04-09T18:43:12.922+0800][128.431s] GC(148) Pause Young (Normal) (G1 Evacuation Pause) 452M->197M(512M) 2.167ms
[2023-04-09T18:43:12.922+0800][128.431s] GC(148) User=0.00s Sys=0.00s Real=0.00s
[2023-04-09T18:43:13.297+0800][128.806s] GC(149) Pause Young (Normal) (G1 Evacuation Pause)
[2023-04-09T18:43:13.298+0800][128.806s] GC(149) Using 8 workers of 8 for evacuation
[2023-04-09T18:43:13.300+0800][128.808s] GC(149)   Pre Evacuate Collection Set: 0.1ms
[2023-04-09T18:43:13.300+0800][128.808s] GC(149)   Evacuate Collection Set: 1.3ms
[2023-04-09T18:43:13.300+0800][128.808s] GC(149)   Post Evacuate Collection Set: 0.5ms
[2023-04-09T18:43:13.300+0800][128.808s] GC(149)   Other: 0.3ms
[2023-04-09T18:43:13.300+0800][128.809s] GC(149) Eden regions: 249->0(250)
[2023-04-09T18:43:13.300+0800][128.809s] GC(149) Survivor regions: 11->11(33)
[2023-04-09T18:43:13.300+0800][128.809s] GC(149) Old regions: 127->127
[2023-04-09T18:43:13.300+0800][128.809s] GC(149) Humongous regions: 71->59
[2023-04-09T18:43:13.300+0800][128.809s] GC(149) Metaspace: 60262K(62320K)->60262K(62320K) NonClass: 53219K(54436K)->53219K(54436K) Class: 7043K(7884K)->7043K(7884K)
[2023-04-09T18:43:13.300+0800][128.809s] GC(149) Pause Young (Normal) (G1 Evacuation Pause) 456M->195M(512M) 2.398ms
[2023-04-09T18:43:13.300+0800][128.809s] GC(149) User=0.00s Sys=0.00s Real=0.00s
[2023-04-09T18:43:13.709+0800][129.218s] GC(150) Pause Young (Normal) (G1 Evacuation Pause)
[2023-04-09T18:43:13.709+0800][129.218s] GC(150) Using 8 workers of 8 for evacuation
[2023-04-09T18:43:13.709+0800][129.219s] GC(150)   Pre Evacuate Collection Set: 0.1ms
[2023-04-09T18:43:13.709+0800][129.219s] GC(150)   Evacuate Collection Set: 0.6ms
[2023-04-09T18:43:13.710+0800][129.219s] GC(150)   Post Evacuate Collection Set: 0.4ms
[2023-04-09T18:43:13.710+0800][129.219s] GC(150)   Other: 0.2ms
[2023-04-09T18:43:13.710+0800][129.219s] GC(150) Eden regions: 250->0(263)
[2023-04-09T18:43:13.710+0800][129.219s] GC(150) Survivor regions: 11->2(33)
[2023-04-09T18:43:13.710+0800][129.219s] GC(150) Old regions: 127->127
[2023-04-09T18:43:13.710+0800][129.219s] GC(150) Humongous regions: 59->50
[2023-04-09T18:43:13.710+0800][129.219s] GC(150) Metaspace: 60263K(62320K)->60263K(62320K) NonClass: 53220K(54436K)->53220K(54436K) Class: 7043K(7884K)->7043K(7884K)
[2023-04-09T18:43:13.710+0800][129.219s] GC(150) Pause Young (Normal) (G1 Evacuation Pause) 445M->177M(512M) 1.369ms
[2023-04-09T18:43:13.710+0800][129.219s] GC(150) User=0.00s Sys=0.00s Real=0.00s
[2023-04-09T18:43:14.107+0800][129.615s] GC(151) Pause Young (Normal) (G1 Evacuation Pause)
[2023-04-09T18:43:14.107+0800][129.615s] GC(151) Using 8 workers of 8 for evacuation
[2023-04-09T18:43:14.108+0800][129.617s] GC(151)   Pre Evacuate Collection Set: 0.0ms
[2023-04-09T18:43:14.108+0800][129.617s] GC(151)   Evacuate Collection Set: 0.9ms
[2023-04-09T18:43:14.108+0800][129.617s] GC(151)   Post Evacuate Collection Set: 0.5ms
[2023-04-09T18:43:14.108+0800][129.617s] GC(151)   Other: 0.3ms
[2023-04-09T18:43:14.108+0800][129.617s] GC(151) Eden regions: 263->0(259)
[2023-04-09T18:43:14.108+0800][129.617s] GC(151) Survivor regions: 2->7(34)
[2023-04-09T18:43:14.108+0800][129.617s] GC(151) Old regions: 127->127
[2023-04-09T18:43:14.108+0800][129.617s] GC(151) Humongous regions: 53->52
[2023-04-09T18:43:14.109+0800][129.617s] GC(151) Metaspace: 60263K(62320K)->60263K(62320K) NonClass: 53220K(54436K)->53220K(54436K) Class: 7043K(7884K)->7043K(7884K)
[2023-04-09T18:43:14.109+0800][129.617s] GC(151) Pause Young (Normal) (G1 Evacuation Pause) 443M->184M(512M) 1.946ms
[2023-04-09T18:43:14.109+0800][129.617s] GC(151) User=0.00s Sys=0.00s Real=0.00s
[2023-04-09T18:43:14.507+0800][130.017s] GC(152) Pause Young (Normal) (G1 Evacuation Pause)
[2023-04-09T18:43:14.507+0800][130.017s] GC(152) Using 8 workers of 8 for evacuation
[2023-04-09T18:43:14.509+0800][130.019s] GC(152)   Pre Evacuate Collection Set: 0.1ms
[2023-04-09T18:43:14.509+0800][130.019s] GC(152)   Evacuate Collection Set: 1.2ms
[2023-04-09T18:43:14.509+0800][130.019s] GC(152)   Post Evacuate Collection Set: 0.5ms
[2023-04-09T18:43:14.509+0800][130.019s] GC(152)   Other: 0.2ms
[2023-04-09T18:43:14.509+0800][130.019s] GC(152) Eden regions: 259->0(254)
[2023-04-09T18:43:14.509+0800][130.019s] GC(152) Survivor regions: 7->8(34)
[2023-04-09T18:43:14.509+0800][130.019s] GC(152) Old regions: 127->127
[2023-04-09T18:43:14.509+0800][130.019s] GC(152) Humongous regions: 58->58
[2023-04-09T18:43:14.509+0800][130.019s] GC(152) Metaspace: 60268K(62320K)->60268K(62320K) NonClass: 53225K(54436K)->53225K(54436K) Class: 7043K(7884K)->7043K(7884K)
[2023-04-09T18:43:14.510+0800][130.019s] GC(152) Pause Young (Normal) (G1 Evacuation Pause) 449M->192M(512M) 2.107ms
[2023-04-09T18:43:14.510+0800][130.019s] GC(152) User=0.00s Sys=0.00s Real=0.00s
[2023-04-09T18:43:15.105+0800][130.614s] GC(153) Pause Young (Normal) (G1 Evacuation Pause)
[2023-04-09T18:43:15.105+0800][130.614s] GC(153) Using 8 workers of 8 for evacuation
[2023-04-09T18:43:15.107+0800][130.616s] GC(153)   Pre Evacuate Collection Set: 0.0ms
[2023-04-09T18:43:15.107+0800][130.616s] GC(153)   Evacuate Collection Set: 1.1ms
[2023-04-09T18:43:15.107+0800][130.616s] GC(153)   Post Evacuate Collection Set: 0.7ms
[2023-04-09T18:43:15.107+0800][130.616s] GC(153)   Other: 0.2ms
[2023-04-09T18:43:15.107+0800][130.616s] GC(153) Eden regions: 254->0(251)
[2023-04-09T18:43:15.107+0800][130.616s] GC(153) Survivor regions: 8->10(33)
[2023-04-09T18:43:15.107+0800][130.616s] GC(153) Old regions: 127->127
[2023-04-09T18:43:15.107+0800][130.616s] GC(153) Humongous regions: 72->59
[2023-04-09T18:43:15.107+0800][130.616s] GC(153) Metaspace: 60270K(62320K)->60270K(62320K) NonClass: 53227K(54436K)->53227K(54436K) Class: 7043K(7884K)->7043K(7884K)
[2023-04-09T18:43:15.107+0800][130.616s] GC(153) Pause Young (Normal) (G1 Evacuation Pause) 460M->195M(512M) 2.396ms
[2023-04-09T18:43:15.107+0800][130.616s] GC(153) User=0.00s Sys=0.00s Real=0.00s
[2023-04-09T18:43:15.535+0800][131.044s] GC(154) Pause Young (Normal) (G1 Evacuation Pause)
[2023-04-09T18:43:15.535+0800][131.044s] GC(154) Using 8 workers of 8 for evacuation
[2023-04-09T18:43:15.536+0800][131.045s] GC(154)   Pre Evacuate Collection Set: 0.0ms
[2023-04-09T18:43:15.536+0800][131.045s] GC(154)   Evacuate Collection Set: 0.5ms
[2023-04-09T18:43:15.536+0800][131.045s] GC(154)   Post Evacuate Collection Set: 0.6ms
[2023-04-09T18:43:15.536+0800][131.045s] GC(154)   Other: 0.2ms
[2023-04-09T18:43:15.536+0800][131.045s] GC(154) Eden regions: 251->0(261)
[2023-04-09T18:43:15.536+0800][131.045s] GC(154) Survivor regions: 10->3(33)
[2023-04-09T18:43:15.536+0800][131.045s] GC(154) Old regions: 127->127
[2023-04-09T18:43:15.536+0800][131.045s] GC(154) Humongous regions: 59->50
[2023-04-09T18:43:15.536+0800][131.045s] GC(154) Metaspace: 60271K(62320K)->60271K(62320K) NonClass: 53228K(54436K)->53228K(54436K) Class: 7043K(7884K)->7043K(7884K)
[2023-04-09T18:43:15.536+0800][131.045s] GC(154) Pause Young (Normal) (G1 Evacuation Pause) 446M->178M(512M) 1.363ms
[2023-04-09T18:43:15.536+0800][131.045s] GC(154) User=0.00s Sys=0.00s Real=0.00s
[2023-04-09T18:43:15.948+0800][131.457s] GC(155) Pause Young (Normal) (G1 Evacuation Pause)
[2023-04-09T18:43:15.948+0800][131.457s] GC(155) Using 8 workers of 8 for evacuation
[2023-04-09T18:43:15.950+0800][131.458s] GC(155)   Pre Evacuate Collection Set: 0.0ms
[2023-04-09T18:43:15.950+0800][131.458s] GC(155)   Evacuate Collection Set: 0.8ms
[2023-04-09T18:43:15.950+0800][131.458s] GC(155)   Post Evacuate Collection Set: 0.6ms
[2023-04-09T18:43:15.950+0800][131.458s] GC(155)   Other: 0.2ms
[2023-04-09T18:43:15.950+0800][131.458s] GC(155) Eden regions: 261->0(256)
[2023-04-09T18:43:15.950+0800][131.458s] GC(155) Survivor regions: 3->8(33)
[2023-04-09T18:43:15.950+0800][131.458s] GC(155) Old regions: 127->127
[2023-04-09T18:43:15.950+0800][131.458s] GC(155) Humongous regions: 53->52
[2023-04-09T18:43:15.950+0800][131.458s] GC(155) Metaspace: 60271K(62320K)->60271K(62320K) NonClass: 53228K(54436K)->53228K(54436K) Class: 7043K(7884K)->7043K(7884K)
[2023-04-09T18:43:15.950+0800][131.458s] GC(155) Pause Young (Normal) (G1 Evacuation Pause) 442M->185M(512M) 1.889ms
[2023-04-09T18:43:15.950+0800][131.459s] GC(155) User=0.12s Sys=0.00s Real=0.00s
[2023-04-09T18:43:16.324+0800][131.832s] GC(156) Pause Young (Normal) (G1 Evacuation Pause)
[2023-04-09T18:43:16.324+0800][131.832s] GC(156) Using 8 workers of 8 for evacuation
[2023-04-09T18:43:16.325+0800][131.834s] GC(156)   Pre Evacuate Collection Set: 0.0ms
[2023-04-09T18:43:16.325+0800][131.834s] GC(156)   Evacuate Collection Set: 1.0ms
[2023-04-09T18:43:16.325+0800][131.834s] GC(156)   Post Evacuate Collection Set: 0.5ms
[2023-04-09T18:43:16.325+0800][131.834s] GC(156)   Other: 0.2ms
[2023-04-09T18:43:16.325+0800][131.834s] GC(156) Eden regions: 256->0(252)
[2023-04-09T18:43:16.325+0800][131.834s] GC(156) Survivor regions: 8->9(33)
[2023-04-09T18:43:16.325+0800][131.834s] GC(156) Old regions: 127->127
[2023-04-09T18:43:16.325+0800][131.834s] GC(156) Humongous regions: 58->58
[2023-04-09T18:43:16.326+0800][131.834s] GC(156) Metaspace: 60271K(62320K)->60271K(62320K) NonClass: 53228K(54436K)->53228K(54436K) Class: 7043K(7884K)->7043K(7884K)
[2023-04-09T18:43:16.326+0800][131.834s] GC(156) Pause Young (Normal) (G1 Evacuation Pause) 447M->193M(512M) 1.923ms
[2023-04-09T18:43:16.326+0800][131.834s] GC(156) User=0.00s Sys=0.00s Real=0.00s
[2023-04-09T18:43:16.832+0800][132.341s] GC(157) Pause Young (Normal) (G1 Evacuation Pause)
[2023-04-09T18:43:16.832+0800][132.341s] GC(157) Using 8 workers of 8 for evacuation
[2023-04-09T18:43:16.834+0800][132.343s] GC(157)   Pre Evacuate Collection Set: 0.0ms
[2023-04-09T18:43:16.834+0800][132.343s] GC(157)   Evacuate Collection Set: 1.1ms
[2023-04-09T18:43:16.834+0800][132.343s] GC(157)   Post Evacuate Collection Set: 0.6ms
[2023-04-09T18:43:16.834+0800][132.343s] GC(157)   Other: 0.2ms
[2023-04-09T18:43:16.834+0800][132.343s] GC(157) Eden regions: 252->0(249)
[2023-04-09T18:43:16.834+0800][132.343s] GC(157) Survivor regions: 9->11(33)
[2023-04-09T18:43:16.834+0800][132.343s] GC(157) Old regions: 127->127
[2023-04-09T18:43:16.834+0800][132.343s] GC(157) Humongous regions: 71->59
[2023-04-09T18:43:16.834+0800][132.343s] GC(157) Metaspace: 60271K(62320K)->60271K(62320K) NonClass: 53228K(54436K)->53228K(54436K) Class: 7043K(7884K)->7043K(7884K)
[2023-04-09T18:43:16.834+0800][132.343s] GC(157) Pause Young (Normal) (G1 Evacuation Pause) 458M->195M(512M) 2.079ms
[2023-04-09T18:43:16.834+0800][132.343s] GC(157) User=0.00s Sys=0.00s Real=0.00s
[2023-04-09T18:43:17.259+0800][132.768s] GC(158) Pause Young (Normal) (G1 Evacuation Pause)
[2023-04-09T18:43:17.259+0800][132.768s] GC(158) Using 8 workers of 8 for evacuation
[2023-04-09T18:43:17.261+0800][132.770s] GC(158)   Pre Evacuate Collection Set: 0.0ms
[2023-04-09T18:43:17.261+0800][132.770s] GC(158)   Evacuate Collection Set: 0.5ms
[2023-04-09T18:43:17.261+0800][132.770s] GC(158)   Post Evacuate Collection Set: 0.7ms
[2023-04-09T18:43:17.261+0800][132.770s] GC(158)   Other: 0.2ms
[2023-04-09T18:43:17.261+0800][132.770s] GC(158) Eden regions: 249->0(260)
[2023-04-09T18:43:17.261+0800][132.770s] GC(158) Survivor regions: 11->4(33)
[2023-04-09T18:43:17.261+0800][132.770s] GC(158) Old regions: 127->127
[2023-04-09T18:43:17.261+0800][132.770s] GC(158) Humongous regions: 59->50
[2023-04-09T18:43:17.261+0800][132.770s] GC(158) Metaspace: 60271K(62320K)->60271K(62320K) NonClass: 53228K(54436K)->53228K(54436K) Class: 7043K(7884K)->7043K(7884K)
[2023-04-09T18:43:17.261+0800][132.770s] GC(158) Pause Young (Normal) (G1 Evacuation Pause) 444M->179M(512M) 1.677ms
[2023-04-09T18:43:17.261+0800][132.770s] GC(158) User=0.00s Sys=0.02s Real=0.00s
[2023-04-09T18:43:17.632+0800][133.141s] GC(159) Pause Young (Normal) (G1 Evacuation Pause)
[2023-04-09T18:43:17.632+0800][133.141s] GC(159) Using 8 workers of 8 for evacuation
[2023-04-09T18:43:17.633+0800][133.142s] GC(159)   Pre Evacuate Collection Set: 0.0ms
[2023-04-09T18:43:17.633+0800][133.142s] GC(159)   Evacuate Collection Set: 0.9ms
[2023-04-09T18:43:17.633+0800][133.142s] GC(159)   Post Evacuate Collection Set: 0.6ms
[2023-04-09T18:43:17.633+0800][133.142s] GC(159)   Other: 0.2ms
[2023-04-09T18:43:17.633+0800][133.142s] GC(159) Eden regions: 260->0(256)
[2023-04-09T18:43:17.633+0800][133.142s] GC(159) Survivor regions: 4->8(33)
[2023-04-09T18:43:17.633+0800][133.142s] GC(159) Old regions: 127->127
[2023-04-09T18:43:17.633+0800][133.142s] GC(159) Humongous regions: 53->52
[2023-04-09T18:43:17.633+0800][133.142s] GC(159) Metaspace: 60271K(62320K)->60271K(62320K) NonClass: 53228K(54436K)->53228K(54436K) Class: 7043K(7884K)->7043K(7884K)
[2023-04-09T18:43:17.633+0800][133.142s] GC(159) Pause Young (Normal) (G1 Evacuation Pause) 442M->186M(512M) 1.806ms
[2023-04-09T18:43:17.633+0800][133.143s] GC(159) User=0.00s Sys=0.00s Real=0.00s
[2023-04-09T18:43:18.019+0800][133.528s] GC(160) Pause Young (Normal) (G1 Evacuation Pause)
[2023-04-09T18:43:18.019+0800][133.528s] GC(160) Using 8 workers of 8 for evacuation
[2023-04-09T18:43:18.022+0800][133.530s] GC(160)   Pre Evacuate Collection Set: 0.0ms
[2023-04-09T18:43:18.022+0800][133.530s] GC(160)   Evacuate Collection Set: 1.1ms
[2023-04-09T18:43:18.022+0800][133.530s] GC(160)   Post Evacuate Collection Set: 0.7ms
[2023-04-09T18:43:18.022+0800][133.530s] GC(160)   Other: 0.2ms
[2023-04-09T18:43:18.022+0800][133.530s] GC(160) Eden regions: 256->0(250)
[2023-04-09T18:43:18.022+0800][133.530s] GC(160) Survivor regions: 8->9(33)
[2023-04-09T18:43:18.022+0800][133.530s] GC(160) Old regions: 127->127
[2023-04-09T18:43:18.022+0800][133.530s] GC(160) Humongous regions: 66->59
[2023-04-09T18:43:18.022+0800][133.530s] GC(160) Metaspace: 60271K(62320K)->60271K(62320K) NonClass: 53228K(54436K)->53228K(54436K) Class: 7043K(7884K)->7043K(7884K)
[2023-04-09T18:43:18.022+0800][133.530s] GC(160) Pause Young (Normal) (G1 Evacuation Pause) 456M->194M(512M) 2.090ms
[2023-04-09T18:43:18.022+0800][133.530s] GC(160) User=0.00s Sys=0.00s Real=0.00s
[2023-04-09T18:43:18.496+0800][134.004s] GC(161) Pause Young (Normal) (G1 Evacuation Pause)
[2023-04-09T18:43:18.496+0800][134.005s] GC(161) Using 8 workers of 8 for evacuation
[2023-04-09T18:43:18.498+0800][134.006s] GC(161)   Pre Evacuate Collection Set: 0.0ms
[2023-04-09T18:43:18.498+0800][134.006s] GC(161)   Evacuate Collection Set: 1.1ms
[2023-04-09T18:43:18.498+0800][134.007s] GC(161)   Post Evacuate Collection Set: 0.6ms
[2023-04-09T18:43:18.498+0800][134.007s] GC(161)   Other: 0.2ms
[2023-04-09T18:43:18.498+0800][134.007s] GC(161) Eden regions: 250->0(249)
[2023-04-09T18:43:18.498+0800][134.007s] GC(161) Survivor regions: 9->11(33)
[2023-04-09T18:43:18.498+0800][134.007s] GC(161) Old regions: 127->127
[2023-04-09T18:43:18.498+0800][134.007s] GC(161) Humongous regions: 64->59
[2023-04-09T18:43:18.498+0800][134.007s] GC(161) Metaspace: 60272K(62320K)->60272K(62320K) NonClass: 53229K(54436K)->53229K(54436K) Class: 7043K(7884K)->7043K(7884K)
[2023-04-09T18:43:18.498+0800][134.007s] GC(161) Pause Young (Normal) (G1 Evacuation Pause) 449M->195M(512M) 2.191ms
[2023-04-09T18:43:18.498+0800][134.007s] GC(161) User=0.00s Sys=0.00s Real=0.00s
[2023-04-09T18:43:18.985+0800][134.494s] GC(162) Pause Young (Normal) (G1 Evacuation Pause)
[2023-04-09T18:43:18.985+0800][134.494s] GC(162) Using 8 workers of 8 for evacuation
[2023-04-09T18:43:18.986+0800][134.495s] GC(162)   Pre Evacuate Collection Set: 0.0ms
[2023-04-09T18:43:18.986+0800][134.495s] GC(162)   Evacuate Collection Set: 0.5ms
[2023-04-09T18:43:18.986+0800][134.495s] GC(162)   Post Evacuate Collection Set: 0.6ms
[2023-04-09T18:43:18.986+0800][134.495s] GC(162)   Other: 0.2ms
[2023-04-09T18:43:18.986+0800][134.495s] GC(162) Eden regions: 249->0(257)
[2023-04-09T18:43:18.986+0800][134.495s] GC(162) Survivor regions: 11->4(33)
[2023-04-09T18:43:18.986+0800][134.495s] GC(162) Old regions: 127->127
[2023-04-09T18:43:18.986+0800][134.495s] GC(162) Humongous regions: 60->51
[2023-04-09T18:43:18.986+0800][134.495s] GC(162) Metaspace: 60274K(62320K)->60274K(62320K) NonClass: 53231K(54436K)->53231K(54436K) Class: 7043K(7884K)->7043K(7884K)
[2023-04-09T18:43:18.986+0800][134.495s] GC(162) Pause Young (Normal) (G1 Evacuation Pause) 445M->180M(512M) 1.401ms
[2023-04-09T18:43:18.986+0800][134.495s] GC(162) User=0.00s Sys=0.00s Real=0.00s
[2023-04-09T18:43:19.377+0800][134.887s] GC(163) Pause Young (Normal) (G1 Evacuation Pause)
[2023-04-09T18:43:19.378+0800][134.887s] GC(163) Using 8 workers of 8 for evacuation
[2023-04-09T18:43:19.379+0800][134.888s] GC(163)   Pre Evacuate Collection Set: 0.0ms
[2023-04-09T18:43:19.379+0800][134.889s] GC(163)   Evacuate Collection Set: 1.0ms
[2023-04-09T18:43:19.379+0800][134.889s] GC(163)   Post Evacuate Collection Set: 0.4ms
[2023-04-09T18:43:19.379+0800][134.889s] GC(163)   Other: 0.3ms
[2023-04-09T18:43:19.379+0800][134.889s] GC(163) Eden regions: 257->0(254)
[2023-04-09T18:43:19.379+0800][134.889s] GC(163) Survivor regions: 4->9(33)
[2023-04-09T18:43:19.379+0800][134.889s] GC(163) Old regions: 127->127
[2023-04-09T18:43:19.380+0800][134.889s] GC(163) Humongous regions: 53->52
[2023-04-09T18:43:19.380+0800][134.889s] GC(163) Metaspace: 60274K(62320K)->60274K(62320K) NonClass: 53231K(54436K)->53231K(54436K) Class: 7043K(7884K)->7043K(7884K)
[2023-04-09T18:43:19.380+0800][134.889s] GC(163) Pause Young (Normal) (G1 Evacuation Pause) 439M->186M(512M) 2.124ms
[2023-04-09T18:43:19.380+0800][134.889s] GC(163) User=0.00s Sys=0.00s Real=0.00s
[2023-04-09T18:43:19.880+0800][135.389s] GC(164) Pause Young (Normal) (G1 Evacuation Pause)
[2023-04-09T18:43:19.880+0800][135.389s] GC(164) Using 8 workers of 8 for evacuation
[2023-04-09T18:43:19.882+0800][135.390s] GC(164)   Pre Evacuate Collection Set: 0.0ms
[2023-04-09T18:43:19.882+0800][135.390s] GC(164)   Evacuate Collection Set: 1.1ms
[2023-04-09T18:43:19.882+0800][135.390s] GC(164)   Post Evacuate Collection Set: 0.6ms
[2023-04-09T18:43:19.882+0800][135.391s] GC(164)   Other: 0.2ms
[2023-04-09T18:43:19.882+0800][135.391s] GC(164) Eden regions: 254->0(249)
[2023-04-09T18:43:19.882+0800][135.391s] GC(164) Survivor regions: 9->10(33)
[2023-04-09T18:43:19.882+0800][135.391s] GC(164) Old regions: 127->127
[2023-04-09T18:43:19.882+0800][135.391s] GC(164) Humongous regions: 66->59
[2023-04-09T18:43:19.882+0800][135.391s] GC(164) Metaspace: 60274K(62320K)->60274K(62320K) NonClass: 53231K(54436K)->53231K(54436K) Class: 7043K(7884K)->7043K(7884K)
[2023-04-09T18:43:19.882+0800][135.391s] GC(164) Pause Young (Normal) (G1 Evacuation Pause) 454M->195M(512M) 2.079ms
[2023-04-09T18:43:19.882+0800][135.391s] GC(164) User=0.00s Sys=0.00s Real=0.00s
[2023-04-09T18:43:20.328+0800][135.837s] GC(165) Pause Young (Normal) (G1 Evacuation Pause)
[2023-04-09T18:43:20.328+0800][135.837s] GC(165) Using 8 workers of 8 for evacuation
[2023-04-09T18:43:20.330+0800][135.839s] GC(165)   Pre Evacuate Collection Set: 0.0ms
[2023-04-09T18:43:20.330+0800][135.839s] GC(165)   Evacuate Collection Set: 1.2ms
[2023-04-09T18:43:20.330+0800][135.839s] GC(165)   Post Evacuate Collection Set: 0.7ms
[2023-04-09T18:43:20.330+0800][135.839s] GC(165)   Other: 0.1ms
[2023-04-09T18:43:20.330+0800][135.839s] GC(165) Eden regions: 249->0(249)
[2023-04-09T18:43:20.330+0800][135.839s] GC(165) Survivor regions: 10->11(33)
[2023-04-09T18:43:20.330+0800][135.839s] GC(165) Old regions: 127->127
[2023-04-09T18:43:20.330+0800][135.839s] GC(165) Humongous regions: 64->59
[2023-04-09T18:43:20.330+0800][135.839s] GC(165) Metaspace: 60274K(62320K)->60274K(62320K) NonClass: 53231K(54436K)->53231K(54436K) Class: 7043K(7884K)->7043K(7884K)
[2023-04-09T18:43:20.331+0800][135.839s] GC(165) Pause Young (Normal) (G1 Evacuation Pause) 449M->195M(512M) 2.273ms
[2023-04-09T18:43:20.331+0800][135.839s] GC(165) User=0.00s Sys=0.00s Real=0.00s
[2023-04-09T18:43:20.817+0800][136.326s] GC(166) Pause Young (Normal) (G1 Evacuation Pause)
[2023-04-09T18:43:20.817+0800][136.326s] GC(166) Using 8 workers of 8 for evacuation
[2023-04-09T18:43:20.819+0800][136.327s] GC(166)   Pre Evacuate Collection Set: 0.0ms
[2023-04-09T18:43:20.819+0800][136.327s] GC(166)   Evacuate Collection Set: 0.6ms
[2023-04-09T18:43:20.819+0800][136.327s] GC(166)   Post Evacuate Collection Set: 0.4ms
[2023-04-09T18:43:20.819+0800][136.327s] GC(166)   Other: 0.2ms
[2023-04-09T18:43:20.819+0800][136.327s] GC(166) Eden regions: 249->0(257)
[2023-04-09T18:43:20.819+0800][136.327s] GC(166) Survivor regions: 11->5(33)
[2023-04-09T18:43:20.819+0800][136.327s] GC(166) Old regions: 127->127
[2023-04-09T18:43:20.819+0800][136.327s] GC(166) Humongous regions: 60->51
[2023-04-09T18:43:20.819+0800][136.327s] GC(166) Metaspace: 60275K(62320K)->60275K(62320K) NonClass: 53232K(54436K)->53232K(54436K) Class: 7043K(7884K)->7043K(7884K)
[2023-04-09T18:43:20.819+0800][136.327s] GC(166) Pause Young (Normal) (G1 Evacuation Pause) 445M->181M(512M) 1.404ms
[2023-04-09T18:43:20.819+0800][136.327s] GC(166) User=0.00s Sys=0.00s Real=0.00s
[2023-04-09T18:43:21.186+0800][136.695s] GC(167) Pause Young (Normal) (G1 Evacuation Pause)
[2023-04-09T18:43:21.186+0800][136.695s] GC(167) Using 8 workers of 8 for evacuation
[2023-04-09T18:43:21.188+0800][136.697s] GC(167)   Pre Evacuate Collection Set: 0.1ms
[2023-04-09T18:43:21.188+0800][136.697s] GC(167)   Evacuate Collection Set: 0.9ms
[2023-04-09T18:43:21.188+0800][136.697s] GC(167)   Post Evacuate Collection Set: 0.6ms
[2023-04-09T18:43:21.188+0800][136.697s] GC(167)   Other: 0.3ms
[2023-04-09T18:43:21.188+0800][136.697s] GC(167) Eden regions: 257->0(253)
[2023-04-09T18:43:21.188+0800][136.697s] GC(167) Survivor regions: 5->10(33)
[2023-04-09T18:43:21.188+0800][136.697s] GC(167) Old regions: 127->127
[2023-04-09T18:43:21.188+0800][136.697s] GC(167) Humongous regions: 53->52
[2023-04-09T18:43:21.188+0800][136.697s] GC(167) Metaspace: 60275K(62320K)->60275K(62320K) NonClass: 53232K(54436K)->53232K(54436K) Class: 7043K(7884K)->7043K(7884K)
[2023-04-09T18:43:21.188+0800][136.697s] GC(167) Pause Young (Normal) (G1 Evacuation Pause) 440M->187M(512M) 2.063ms
[2023-04-09T18:43:21.188+0800][136.697s] GC(167) User=0.00s Sys=0.00s Real=0.00s
[2023-04-09T18:43:21.579+0800][137.087s] GC(168) Pause Young (Normal) (G1 Evacuation Pause)
[2023-04-09T18:43:21.579+0800][137.087s] GC(168) Using 8 workers of 8 for evacuation
[2023-04-09T18:43:21.581+0800][137.089s] GC(168)   Pre Evacuate Collection Set: 0.0ms
[2023-04-09T18:43:21.581+0800][137.089s] GC(168)   Evacuate Collection Set: 1.3ms
[2023-04-09T18:43:21.581+0800][137.089s] GC(168)   Post Evacuate Collection Set: 0.6ms
[2023-04-09T18:43:21.581+0800][137.089s] GC(168)   Other: 0.2ms
[2023-04-09T18:43:21.581+0800][137.089s] GC(168) Eden regions: 253->0(248)
[2023-04-09T18:43:21.581+0800][137.089s] GC(168) Survivor regions: 10->11(33)
[2023-04-09T18:43:21.581+0800][137.089s] GC(168) Old regions: 127->127
[2023-04-09T18:43:21.581+0800][137.089s] GC(168) Humongous regions: 66->59
[2023-04-09T18:43:21.581+0800][137.089s] GC(168) Metaspace: 60275K(62320K)->60275K(62320K) NonClass: 53232K(54436K)->53232K(54436K) Class: 7043K(7884K)->7043K(7884K)
[2023-04-09T18:43:21.581+0800][137.089s] GC(168) Pause Young (Normal) (G1 Evacuation Pause) 454M->195M(512M) 2.382ms
[2023-04-09T18:43:21.581+0800][137.089s] GC(168) User=0.00s Sys=0.00s Real=0.00s
[2023-04-09T18:43:22.000+0800][137.509s] GC(169) Pause Young (Normal) (G1 Evacuation Pause)
[2023-04-09T18:43:22.000+0800][137.509s] GC(169) Using 8 workers of 8 for evacuation
[2023-04-09T18:43:22.002+0800][137.511s] GC(169)   Pre Evacuate Collection Set: 0.0ms
[2023-04-09T18:43:22.002+0800][137.511s] GC(169)   Evacuate Collection Set: 1.2ms
[2023-04-09T18:43:22.002+0800][137.511s] GC(169)   Post Evacuate Collection Set: 0.7ms
[2023-04-09T18:43:22.002+0800][137.511s] GC(169)   Other: 0.2ms
[2023-04-09T18:43:22.002+0800][137.512s] GC(169) Eden regions: 248->0(249)
[2023-04-09T18:43:22.002+0800][137.512s] GC(169) Survivor regions: 11->11(33)
[2023-04-09T18:43:22.002+0800][137.512s] GC(169) Old regions: 127->127
[2023-04-09T18:43:22.002+0800][137.512s] GC(169) Humongous regions: 64->59
[2023-04-09T18:43:22.002+0800][137.512s] GC(169) Metaspace: 60275K(62320K)->60275K(62320K) NonClass: 53232K(54436K)->53232K(54436K) Class: 7043K(7884K)->7043K(7884K)
[2023-04-09T18:43:22.002+0800][137.512s] GC(169) Pause Young (Normal) (G1 Evacuation Pause) 448M->195M(512M) 2.193ms
[2023-04-09T18:43:22.002+0800][137.512s] GC(169) User=0.00s Sys=0.00s Real=0.00s
[2023-04-09T18:43:22.443+0800][137.953s] GC(170) Pause Young (Normal) (G1 Evacuation Pause)
[2023-04-09T18:43:22.444+0800][137.953s] GC(170) Using 8 workers of 8 for evacuation
[2023-04-09T18:43:22.446+0800][137.954s] GC(170)   Pre Evacuate Collection Set: 0.0ms
[2023-04-09T18:43:22.446+0800][137.954s] GC(170)   Evacuate Collection Set: 0.7ms
[2023-04-09T18:43:22.446+0800][137.954s] GC(170)   Post Evacuate Collection Set: 0.6ms
[2023-04-09T18:43:22.446+0800][137.954s] GC(170)   Other: 0.2ms
[2023-04-09T18:43:22.446+0800][137.954s] GC(170) Eden regions: 249->0(259)
[2023-04-09T18:43:22.446+0800][137.954s] GC(170) Survivor regions: 11->5(33)
[2023-04-09T18:43:22.446+0800][137.954s] GC(170) Old regions: 127->127
[2023-04-09T18:43:22.446+0800][137.954s] GC(170) Humongous regions: 60->51
[2023-04-09T18:43:22.446+0800][137.954s] GC(170) Metaspace: 60276K(62320K)->60276K(62320K) NonClass: 53233K(54436K)->53233K(54436K) Class: 7043K(7884K)->7043K(7884K)
[2023-04-09T18:43:22.446+0800][137.954s] GC(170) Pause Young (Normal) (G1 Evacuation Pause) 445M->182M(512M) 1.622ms
[2023-04-09T18:43:22.446+0800][137.954s] GC(170) User=0.00s Sys=0.00s Real=0.00s
[2023-04-09T18:43:22.825+0800][138.334s] GC(171) Pause Young (Normal) (G1 Evacuation Pause)
[2023-04-09T18:43:22.825+0800][138.334s] GC(171) Using 8 workers of 8 for evacuation
[2023-04-09T18:43:22.827+0800][138.335s] GC(171)   Pre Evacuate Collection Set: 0.0ms
[2023-04-09T18:43:22.827+0800][138.335s] GC(171)   Evacuate Collection Set: 1.0ms
[2023-04-09T18:43:22.827+0800][138.335s] GC(171)   Post Evacuate Collection Set: 0.5ms
[2023-04-09T18:43:22.827+0800][138.335s] GC(171)   Other: 0.2ms
[2023-04-09T18:43:22.827+0800][138.335s] GC(171) Eden regions: 259->0(253)
[2023-04-09T18:43:22.827+0800][138.335s] GC(171) Survivor regions: 5->10(33)
[2023-04-09T18:43:22.827+0800][138.335s] GC(171) Old regions: 127->127
[2023-04-09T18:43:22.827+0800][138.336s] GC(171) Humongous regions: 54->53
[2023-04-09T18:43:22.827+0800][138.336s] GC(171) Metaspace: 60276K(62320K)->60276K(62320K) NonClass: 53233K(54436K)->53233K(54436K) Class: 7043K(7884K)->7043K(7884K)
[2023-04-09T18:43:22.827+0800][138.336s] GC(171) Pause Young (Normal) (G1 Evacuation Pause) 444M->188M(512M) 1.926ms
[2023-04-09T18:43:22.827+0800][138.336s] GC(171) User=0.00s Sys=0.00s Real=0.00s
[2023-04-09T18:43:23.250+0800][138.759s] GC(172) Pause Young (Normal) (G1 Evacuation Pause)
[2023-04-09T18:43:23.250+0800][138.759s] GC(172) Using 8 workers of 8 for evacuation
[2023-04-09T18:43:23.252+0800][138.761s] GC(172)   Pre Evacuate Collection Set: 0.0ms
[2023-04-09T18:43:23.252+0800][138.761s] GC(172)   Evacuate Collection Set: 1.1ms
[2023-04-09T18:43:23.252+0800][138.761s] GC(172)   Post Evacuate Collection Set: 0.6ms
[2023-04-09T18:43:23.252+0800][138.761s] GC(172)   Other: 0.2ms
[2023-04-09T18:43:23.252+0800][138.761s] GC(172) Eden regions: 253->0(249)
[2023-04-09T18:43:23.252+0800][138.761s] GC(172) Survivor regions: 10->10(33)
[2023-04-09T18:43:23.252+0800][138.761s] GC(172) Old regions: 127->127
[2023-04-09T18:43:23.252+0800][138.761s] GC(172) Humongous regions: 71->59
[2023-04-09T18:43:23.252+0800][138.761s] GC(172) Metaspace: 60276K(62320K)->60276K(62320K) NonClass: 53233K(54436K)->53233K(54436K) Class: 7043K(7884K)->7043K(7884K)
[2023-04-09T18:43:23.252+0800][138.761s] GC(172) Pause Young (Normal) (G1 Evacuation Pause) 459M->195M(512M) 2.065ms
[2023-04-09T18:43:23.252+0800][138.761s] GC(172) User=0.00s Sys=0.00s Real=0.00s
[2023-04-09T18:43:23.792+0800][139.301s] GC(173) Pause Young (Normal) (G1 Evacuation Pause)
[2023-04-09T18:43:23.792+0800][139.301s] GC(173) Using 8 workers of 8 for evacuation
[2023-04-09T18:43:23.793+0800][139.302s] GC(173)   Pre Evacuate Collection Set: 0.0ms
[2023-04-09T18:43:23.793+0800][139.302s] GC(173)   Evacuate Collection Set: 0.4ms
[2023-04-09T18:43:23.793+0800][139.302s] GC(173)   Post Evacuate Collection Set: 0.5ms
[2023-04-09T18:43:23.793+0800][139.302s] GC(173)   Other: 0.2ms
[2023-04-09T18:43:23.793+0800][139.302s] GC(173) Eden regions: 249->0(262)
[2023-04-09T18:43:23.793+0800][139.302s] GC(173) Survivor regions: 10->1(33)
[2023-04-09T18:43:23.793+0800][139.302s] GC(173) Old regions: 127->127
[2023-04-09T18:43:23.793+0800][139.302s] GC(173) Humongous regions: 59->50
[2023-04-09T18:43:23.793+0800][139.302s] GC(173) Metaspace: 60276K(62320K)->60276K(62320K) NonClass: 53233K(54436K)->53233K(54436K) Class: 7043K(7884K)->7043K(7884K)
[2023-04-09T18:43:23.793+0800][139.302s] GC(173) Pause Young (Normal) (G1 Evacuation Pause) 444M->177M(512M) 1.248ms
[2023-04-09T18:43:23.793+0800][139.302s] GC(173) User=0.02s Sys=0.00s Real=0.00s
[2023-04-09T18:43:24.373+0800][139.882s] GC(174) Pause Young (Normal) (G1 Evacuation Pause)
[2023-04-09T18:43:24.373+0800][139.882s] GC(174) Using 8 workers of 8 for evacuation
[2023-04-09T18:43:24.374+0800][139.883s] GC(174)   Pre Evacuate Collection Set: 0.0ms
[2023-04-09T18:43:24.375+0800][139.884s] GC(174)   Evacuate Collection Set: 0.7ms
[2023-04-09T18:43:24.375+0800][139.884s] GC(174)   Post Evacuate Collection Set: 0.5ms
[2023-04-09T18:43:24.375+0800][139.884s] GC(174)   Other: 0.2ms
[2023-04-09T18:43:24.375+0800][139.884s] GC(174) Eden regions: 262->0(261)
[2023-04-09T18:43:24.375+0800][139.884s] GC(174) Survivor regions: 1->4(33)
[2023-04-09T18:43:24.375+0800][139.884s] GC(174) Old regions: 127->127
[2023-04-09T18:43:24.375+0800][139.884s] GC(174) Humongous regions: 50->50
[2023-04-09T18:43:24.375+0800][139.884s] GC(174) Metaspace: 60328K(62320K)->60328K(62320K) NonClass: 53275K(54436K)->53275K(54436K) Class: 7052K(7884K)->7052K(7884K)
[2023-04-09T18:43:24.375+0800][139.884s] GC(174) Pause Young (Normal) (G1 Evacuation Pause) 439M->180M(512M) 1.623ms
[2023-04-09T18:43:24.375+0800][139.884s] GC(174) User=0.00s Sys=0.00s Real=0.00s
[2023-04-09T18:43:24.801+0800][140.309s] GC(175) Pause Young (Normal) (G1 Evacuation Pause)
[2023-04-09T18:43:24.801+0800][140.309s] GC(175) Using 8 workers of 8 for evacuation
[2023-04-09T18:43:24.803+0800][140.311s] GC(175)   Pre Evacuate Collection Set: 0.0ms
[2023-04-09T18:43:24.803+0800][140.311s] GC(175)   Evacuate Collection Set: 1.1ms
[2023-04-09T18:43:24.803+0800][140.311s] GC(175)   Post Evacuate Collection Set: 0.5ms
[2023-04-09T18:43:24.803+0800][140.311s] GC(175)   Other: 0.2ms
[2023-04-09T18:43:24.803+0800][140.311s] GC(175) Eden regions: 261->0(256)
[2023-04-09T18:43:24.803+0800][140.311s] GC(175) Survivor regions: 4->9(34)
[2023-04-09T18:43:24.803+0800][140.311s] GC(175) Old regions: 127->127
[2023-04-09T18:43:24.803+0800][140.311s] GC(175) Humongous regions: 53->52
[2023-04-09T18:43:24.803+0800][140.311s] GC(175) Metaspace: 60328K(62320K)->60328K(62320K) NonClass: 53275K(54436K)->53275K(54436K) Class: 7052K(7884K)->7052K(7884K)
[2023-04-09T18:43:24.803+0800][140.311s] GC(175) Pause Young (Normal) (G1 Evacuation Pause) 444M->186M(512M) 2.002ms
[2023-04-09T18:43:24.803+0800][140.311s] GC(175) User=0.00s Sys=0.00s Real=0.00s
[2023-04-09T18:43:25.214+0800][140.723s] GC(176) Pause Young (Normal) (G1 Evacuation Pause)
[2023-04-09T18:43:25.214+0800][140.723s] GC(176) Using 8 workers of 8 for evacuation
[2023-04-09T18:43:25.216+0800][140.725s] GC(176)   Pre Evacuate Collection Set: 0.0ms
[2023-04-09T18:43:25.216+0800][140.725s] GC(176)   Evacuate Collection Set: 1.2ms
[2023-04-09T18:43:25.216+0800][140.725s] GC(176)   Post Evacuate Collection Set: 0.6ms
[2023-04-09T18:43:25.216+0800][140.725s] GC(176)   Other: 0.2ms
[2023-04-09T18:43:25.216+0800][140.725s] GC(176) Eden regions: 256->0(249)
[2023-04-09T18:43:25.216+0800][140.725s] GC(176) Survivor regions: 9->10(34)
[2023-04-09T18:43:25.216+0800][140.725s] GC(176) Old regions: 127->127
[2023-04-09T18:43:25.216+0800][140.725s] GC(176) Humongous regions: 61->59
[2023-04-09T18:43:25.216+0800][140.725s] GC(176) Metaspace: 60328K(62320K)->60328K(62320K) NonClass: 53275K(54436K)->53275K(54436K) Class: 7052K(7884K)->7052K(7884K)
[2023-04-09T18:43:25.216+0800][140.725s] GC(176) Pause Young (Normal) (G1 Evacuation Pause) 451M->195M(512M) 2.198ms
[2023-04-09T18:43:25.216+0800][140.725s] GC(176) User=0.12s Sys=0.00s Real=0.00s
[2023-04-09T18:43:25.661+0800][141.170s] GC(177) Pause Young (Normal) (G1 Evacuation Pause)
[2023-04-09T18:43:25.661+0800][141.170s] GC(177) Using 8 workers of 8 for evacuation
[2023-04-09T18:43:25.663+0800][141.172s] GC(177)   Pre Evacuate Collection Set: 0.0ms
[2023-04-09T18:43:25.663+0800][141.172s] GC(177)   Evacuate Collection Set: 1.4ms
[2023-04-09T18:43:25.663+0800][141.172s] GC(177)   Post Evacuate Collection Set: 0.6ms
[2023-04-09T18:43:25.664+0800][141.172s] GC(177)   Other: 0.2ms
[2023-04-09T18:43:25.664+0800][141.172s] GC(177) Eden regions: 249->0(248)
[2023-04-09T18:43:25.664+0800][141.172s] GC(177) Survivor regions: 10->11(33)
[2023-04-09T18:43:25.664+0800][141.172s] GC(177) Old regions: 127->127
[2023-04-09T18:43:25.664+0800][141.172s] GC(177) Humongous regions: 69->59
[2023-04-09T18:43:25.664+0800][141.172s] GC(177) Metaspace: 60329K(62320K)->60329K(62320K) NonClass: 53277K(54436K)->53277K(54436K) Class: 7052K(7884K)->7052K(7884K)
[2023-04-09T18:43:25.664+0800][141.172s] GC(177) Pause Young (Normal) (G1 Evacuation Pause) 454M->196M(512M) 2.446ms
[2023-04-09T18:43:25.664+0800][141.172s] GC(177) User=0.00s Sys=0.00s Real=0.00s
[2023-04-09T18:43:26.162+0800][141.670s] GC(178) Pause Young (Normal) (G1 Evacuation Pause)
[2023-04-09T18:43:26.162+0800][141.670s] GC(178) Using 8 workers of 8 for evacuation
[2023-04-09T18:43:26.163+0800][141.672s] GC(178)   Pre Evacuate Collection Set: 0.0ms
[2023-04-09T18:43:26.163+0800][141.672s] GC(178)   Evacuate Collection Set: 0.7ms
[2023-04-09T18:43:26.163+0800][141.672s] GC(178)   Post Evacuate Collection Set: 0.4ms
[2023-04-09T18:43:26.163+0800][141.672s] GC(178)   Other: 0.2ms
[2023-04-09T18:43:26.163+0800][141.672s] GC(178) Eden regions: 248->0(259)
[2023-04-09T18:43:26.163+0800][141.672s] GC(178) Survivor regions: 11->4(33)
[2023-04-09T18:43:26.163+0800][141.672s] GC(178) Old regions: 127->127
[2023-04-09T18:43:26.163+0800][141.672s] GC(178) Humongous regions: 60->51
[2023-04-09T18:43:26.163+0800][141.672s] GC(178) Metaspace: 60334K(62320K)->60334K(62320K) NonClass: 53282K(54436K)->53282K(54436K) Class: 7052K(7884K)->7052K(7884K)
[2023-04-09T18:43:26.163+0800][141.672s] GC(178) Pause Young (Normal) (G1 Evacuation Pause) 445M->181M(512M) 1.534ms
[2023-04-09T18:43:26.163+0800][141.672s] GC(178) User=0.00s Sys=0.00s Real=0.00s
[2023-04-09T18:43:26.603+0800][142.112s] GC(179) Pause Young (Normal) (G1 Evacuation Pause)
[2023-04-09T18:43:26.603+0800][142.112s] GC(179) Using 8 workers of 8 for evacuation
[2023-04-09T18:43:26.604+0800][142.114s] GC(179)   Pre Evacuate Collection Set: 0.0ms
[2023-04-09T18:43:26.604+0800][142.114s] GC(179)   Evacuate Collection Set: 1.1ms
[2023-04-09T18:43:26.604+0800][142.114s] GC(179)   Post Evacuate Collection Set: 0.5ms
[2023-04-09T18:43:26.605+0800][142.114s] GC(179)   Other: 0.2ms
[2023-04-09T18:43:26.605+0800][142.114s] GC(179) Eden regions: 259->0(253)
[2023-04-09T18:43:26.605+0800][142.114s] GC(179) Survivor regions: 4->10(33)
[2023-04-09T18:43:26.605+0800][142.114s] GC(179) Old regions: 127->127
[2023-04-09T18:43:26.605+0800][142.114s] GC(179) Humongous regions: 53->52
[2023-04-09T18:43:26.605+0800][142.114s] GC(179) Metaspace: 60334K(62320K)->60334K(62320K) NonClass: 53282K(54436K)->53282K(54436K) Class: 7052K(7884K)->7052K(7884K)
[2023-04-09T18:43:26.605+0800][142.114s] GC(179) Pause Young (Normal) (G1 Evacuation Pause) 442M->187M(512M) 1.914ms
[2023-04-09T18:43:26.605+0800][142.114s] GC(179) User=0.02s Sys=0.00s Real=0.00s
[2023-04-09T18:43:26.985+0800][142.494s] GC(180) Pause Young (Normal) (G1 Evacuation Pause)
[2023-04-09T18:43:26.985+0800][142.494s] GC(180) Using 8 workers of 8 for evacuation
[2023-04-09T18:43:26.987+0800][142.496s] GC(180)   Pre Evacuate Collection Set: 0.0ms
[2023-04-09T18:43:26.987+0800][142.496s] GC(180)   Evacuate Collection Set: 1.3ms
[2023-04-09T18:43:26.987+0800][142.496s] GC(180)   Post Evacuate Collection Set: 0.7ms
[2023-04-09T18:43:26.987+0800][142.496s] GC(180)   Other: 0.1ms
[2023-04-09T18:43:26.987+0800][142.496s] GC(180) Eden regions: 253->0(248)
[2023-04-09T18:43:26.987+0800][142.496s] GC(180) Survivor regions: 10->11(33)
[2023-04-09T18:43:26.987+0800][142.496s] GC(180) Old regions: 127->127
[2023-04-09T18:43:26.987+0800][142.496s] GC(180) Humongous regions: 66->59
[2023-04-09T18:43:26.987+0800][142.496s] GC(180) Metaspace: 60334K(62320K)->60334K(62320K) NonClass: 53282K(54436K)->53282K(54436K) Class: 7052K(7884K)->7052K(7884K)
[2023-04-09T18:43:26.987+0800][142.496s] GC(180) Pause Young (Normal) (G1 Evacuation Pause) 454M->195M(512M) 2.310ms
[2023-04-09T18:43:26.987+0800][142.496s] GC(180) User=0.00s Sys=0.00s Real=0.00s
[2023-04-09T18:43:27.415+0800][142.923s] GC(181) Pause Young (Normal) (G1 Evacuation Pause)
[2023-04-09T18:43:27.415+0800][142.924s] GC(181) Using 8 workers of 8 for evacuation
[2023-04-09T18:43:27.417+0800][142.925s] GC(181)   Pre Evacuate Collection Set: 0.0ms
[2023-04-09T18:43:27.417+0800][142.926s] GC(181)   Evacuate Collection Set: 1.3ms
[2023-04-09T18:43:27.417+0800][142.926s] GC(181)   Post Evacuate Collection Set: 0.5ms
[2023-04-09T18:43:27.417+0800][142.926s] GC(181)   Other: 0.2ms
[2023-04-09T18:43:27.417+0800][142.926s] GC(181) Eden regions: 248->0(249)
[2023-04-09T18:43:27.417+0800][142.926s] GC(181) Survivor regions: 11->11(33)
[2023-04-09T18:43:27.417+0800][142.926s] GC(181) Old regions: 127->127
[2023-04-09T18:43:27.417+0800][142.926s] GC(181) Humongous regions: 64->59
[2023-04-09T18:43:27.417+0800][142.926s] GC(181) Metaspace: 60334K(62320K)->60334K(62320K) NonClass: 53282K(54436K)->53282K(54436K) Class: 7052K(7884K)->7052K(7884K)
[2023-04-09T18:43:27.417+0800][142.926s] GC(181) Pause Young (Normal) (G1 Evacuation Pause) 448M->196M(512M) 2.189ms
[2023-04-09T18:43:27.417+0800][142.926s] GC(181) User=0.00s Sys=0.00s Real=0.00s
[2023-04-09T18:43:27.847+0800][143.356s] GC(182) Pause Young (Normal) (G1 Evacuation Pause)
[2023-04-09T18:43:27.847+0800][143.356s] GC(182) Using 8 workers of 8 for evacuation
[2023-04-09T18:43:27.849+0800][143.357s] GC(182)   Pre Evacuate Collection Set: 0.0ms
[2023-04-09T18:43:27.849+0800][143.357s] GC(182)   Evacuate Collection Set: 0.7ms
[2023-04-09T18:43:27.849+0800][143.357s] GC(182)   Post Evacuate Collection Set: 0.6ms
[2023-04-09T18:43:27.849+0800][143.358s] GC(182)   Other: 0.1ms
[2023-04-09T18:43:27.849+0800][143.358s] GC(182) Eden regions: 249->0(260)
[2023-04-09T18:43:27.849+0800][143.358s] GC(182) Survivor regions: 11->5(33)
[2023-04-09T18:43:27.849+0800][143.358s] GC(182) Old regions: 127->127
[2023-04-09T18:43:27.849+0800][143.358s] GC(182) Humongous regions: 60->51
[2023-04-09T18:43:27.849+0800][143.358s] GC(182) Metaspace: 60334K(62320K)->60334K(62320K) NonClass: 53282K(54436K)->53282K(54436K) Class: 7052K(7884K)->7052K(7884K)
[2023-04-09T18:43:27.849+0800][143.358s] GC(182) Pause Young (Normal) (G1 Evacuation Pause) 446M->182M(512M) 1.823ms
[2023-04-09T18:43:27.849+0800][143.358s] GC(182) User=0.00s Sys=0.00s Real=0.00s
[2023-04-09T18:43:28.210+0800][143.718s] GC(183) Pause Young (Normal) (G1 Evacuation Pause)
[2023-04-09T18:43:28.210+0800][143.718s] GC(183) Using 8 workers of 8 for evacuation
[2023-04-09T18:43:28.212+0800][143.720s] GC(183)   Pre Evacuate Collection Set: 0.0ms
[2023-04-09T18:43:28.212+0800][143.720s] GC(183)   Evacuate Collection Set: 1.3ms
[2023-04-09T18:43:28.212+0800][143.720s] GC(183)   Post Evacuate Collection Set: 0.6ms
[2023-04-09T18:43:28.212+0800][143.720s] GC(183)   Other: 0.2ms
[2023-04-09T18:43:28.212+0800][143.720s] GC(183) Eden regions: 260->0(254)
[2023-04-09T18:43:28.212+0800][143.720s] GC(183) Survivor regions: 5->10(34)
[2023-04-09T18:43:28.212+0800][143.720s] GC(183) Old regions: 127->127
[2023-04-09T18:43:28.212+0800][143.720s] GC(183) Humongous regions: 53->52
[2023-04-09T18:43:28.212+0800][143.720s] GC(183) Metaspace: 60334K(62320K)->60334K(62320K) NonClass: 53282K(54436K)->53282K(54436K) Class: 7052K(7884K)->7052K(7884K)
[2023-04-09T18:43:28.212+0800][143.720s] GC(183) Pause Young (Normal) (G1 Evacuation Pause) 444M->188M(512M) 2.197ms
[2023-04-09T18:43:28.212+0800][143.721s] GC(183) User=0.00s Sys=0.00s Real=0.00s
[2023-04-09T18:43:28.584+0800][144.092s] GC(184) Pause Young (Normal) (G1 Evacuation Pause)
[2023-04-09T18:43:28.584+0800][144.092s] GC(184) Using 8 workers of 8 for evacuation
[2023-04-09T18:43:28.586+0800][144.094s] GC(184)   Pre Evacuate Collection Set: 0.0ms
[2023-04-09T18:43:28.586+0800][144.094s] GC(184)   Evacuate Collection Set: 1.3ms
[2023-04-09T18:43:28.586+0800][144.094s] GC(184)   Post Evacuate Collection Set: 0.6ms
[2023-04-09T18:43:28.586+0800][144.094s] GC(184)   Other: 0.2ms
[2023-04-09T18:43:28.586+0800][144.094s] GC(184) Eden regions: 254->0(248)
[2023-04-09T18:43:28.586+0800][144.094s] GC(184) Survivor regions: 10->11(33)
[2023-04-09T18:43:28.586+0800][144.094s] GC(184) Old regions: 127->127
[2023-04-09T18:43:28.586+0800][144.094s] GC(184) Humongous regions: 71->59
[2023-04-09T18:43:28.586+0800][144.095s] GC(184) Metaspace: 60334K(62320K)->60334K(62320K) NonClass: 53282K(54436K)->53282K(54436K) Class: 7052K(7884K)->7052K(7884K)
[2023-04-09T18:43:28.586+0800][144.095s] GC(184) Pause Young (Normal) (G1 Evacuation Pause) 461M->196M(512M) 2.343ms
[2023-04-09T18:43:28.586+0800][144.095s] GC(184) User=0.00s Sys=0.00s Real=0.00s
[2023-04-09T18:43:29.010+0800][144.520s] GC(185) Pause Young (Normal) (G1 Evacuation Pause)
[2023-04-09T18:43:29.010+0800][144.520s] GC(185) Using 8 workers of 8 for evacuation
[2023-04-09T18:43:29.013+0800][144.522s] GC(185)   Pre Evacuate Collection Set: 0.0ms
[2023-04-09T18:43:29.013+0800][144.522s] GC(185)   Evacuate Collection Set: 1.3ms
[2023-04-09T18:43:29.013+0800][144.522s] GC(185)   Post Evacuate Collection Set: 0.7ms
[2023-04-09T18:43:29.013+0800][144.522s] GC(185)   Other: 0.2ms
[2023-04-09T18:43:29.013+0800][144.522s] GC(185) Eden regions: 248->0(248)
[2023-04-09T18:43:29.013+0800][144.522s] GC(185) Survivor regions: 11->11(33)
[2023-04-09T18:43:29.013+0800][144.522s] GC(185) Old regions: 127->127
[2023-04-09T18:43:29.013+0800][144.522s] GC(185) Humongous regions: 59->59
[2023-04-09T18:43:29.013+0800][144.522s] GC(185) Metaspace: 60334K(62320K)->60334K(62320K) NonClass: 53282K(54436K)->53282K(54436K) Class: 7052K(7884K)->7052K(7884K)
[2023-04-09T18:43:29.013+0800][144.522s] GC(185) Pause Young (Normal) (G1 Evacuation Pause) 444M->195M(512M) 2.377ms
[2023-04-09T18:43:29.013+0800][144.522s] GC(185) User=0.02s Sys=0.00s Real=0.00s
[2023-04-09T18:43:29.447+0800][144.957s] GC(186) Pause Young (Normal) (G1 Evacuation Pause)
[2023-04-09T18:43:29.447+0800][144.957s] GC(186) Using 8 workers of 8 for evacuation
[2023-04-09T18:43:29.449+0800][144.958s] GC(186)   Pre Evacuate Collection Set: 0.0ms
[2023-04-09T18:43:29.450+0800][144.958s] GC(186)   Evacuate Collection Set: 0.9ms
[2023-04-09T18:43:29.450+0800][144.958s] GC(186)   Post Evacuate Collection Set: 0.4ms
[2023-04-09T18:43:29.450+0800][144.958s] GC(186)   Other: 0.2ms
[2023-04-09T18:43:29.450+0800][144.958s] GC(186) Eden regions: 248->0(256)
[2023-04-09T18:43:29.450+0800][144.959s] GC(186) Survivor regions: 11->6(33)
[2023-04-09T18:43:29.450+0800][144.959s] GC(186) Old regions: 127->127
[2023-04-09T18:43:29.450+0800][144.959s] GC(186) Humongous regions: 60->51
[2023-04-09T18:43:29.450+0800][144.959s] GC(186) Metaspace: 60335K(62320K)->60335K(62320K) NonClass: 53282K(54436K)->53282K(54436K) Class: 7052K(7884K)->7052K(7884K)
[2023-04-09T18:43:29.450+0800][144.959s] GC(186) Pause Young (Normal) (G1 Evacuation Pause) 444M->183M(512M) 1.944ms
[2023-04-09T18:43:29.450+0800][144.959s] GC(186) User=0.09s Sys=0.00s Real=0.00s
[2023-04-09T18:43:29.867+0800][145.375s] GC(187) Pause Young (Normal) (G1 Evacuation Pause)
[2023-04-09T18:43:29.867+0800][145.376s] GC(187) Using 8 workers of 8 for evacuation
[2023-04-09T18:43:29.869+0800][145.377s] GC(187)   Pre Evacuate Collection Set: 0.0ms
[2023-04-09T18:43:29.869+0800][145.378s] GC(187)   Evacuate Collection Set: 1.2ms
[2023-04-09T18:43:29.869+0800][145.378s] GC(187)   Post Evacuate Collection Set: 0.6ms
[2023-04-09T18:43:29.869+0800][145.378s] GC(187)   Other: 0.1ms
[2023-04-09T18:43:29.869+0800][145.378s] GC(187) Eden regions: 256->0(251)
[2023-04-09T18:43:29.869+0800][145.378s] GC(187) Survivor regions: 6->11(33)
[2023-04-09T18:43:29.869+0800][145.378s] GC(187) Old regions: 127->127
[2023-04-09T18:43:29.869+0800][145.378s] GC(187) Humongous regions: 54->53
[2023-04-09T18:43:29.869+0800][145.378s] GC(187) Metaspace: 60335K(62320K)->60335K(62320K) NonClass: 53282K(54436K)->53282K(54436K) Class: 7052K(7884K)->7052K(7884K)
[2023-04-09T18:43:29.869+0800][145.378s] GC(187) Pause Young (Normal) (G1 Evacuation Pause) 442M->189M(512M) 2.239ms
[2023-04-09T18:43:29.869+0800][145.378s] GC(187) User=0.00s Sys=0.00s Real=0.00s
[2023-04-09T18:43:30.273+0800][145.782s] GC(188) Pause Young (Normal) (G1 Evacuation Pause)
[2023-04-09T18:43:30.273+0800][145.782s] GC(188) Using 8 workers of 8 for evacuation
[2023-04-09T18:43:30.275+0800][145.784s] GC(188)   Pre Evacuate Collection Set: 0.0ms
[2023-04-09T18:43:30.275+0800][145.784s] GC(188)   Evacuate Collection Set: 1.2ms
[2023-04-09T18:43:30.275+0800][145.784s] GC(188)   Post Evacuate Collection Set: 0.5ms
[2023-04-09T18:43:30.275+0800][145.784s] GC(188)   Other: 0.2ms
[2023-04-09T18:43:30.275+0800][145.784s] GC(188) Eden regions: 251->0(248)
[2023-04-09T18:43:30.275+0800][145.784s] GC(188) Survivor regions: 11->10(33)
[2023-04-09T18:43:30.275+0800][145.784s] GC(188) Old regions: 127->127
[2023-04-09T18:43:30.275+0800][145.784s] GC(188) Humongous regions: 71->59
[2023-04-09T18:43:30.275+0800][145.784s] GC(188) Metaspace: 60335K(62320K)->60335K(62320K) NonClass: 53282K(54436K)->53282K(54436K) Class: 7052K(7884K)->7052K(7884K)
[2023-04-09T18:43:30.276+0800][145.784s] GC(188) Pause Young (Normal) (G1 Evacuation Pause) 458M->195M(512M) 2.297ms
[2023-04-09T18:43:30.276+0800][145.784s] GC(188) User=0.00s Sys=0.00s Real=0.00s
[2023-04-09T18:43:30.813+0800][146.322s] GC(189) Pause Young (Normal) (G1 Evacuation Pause)
[2023-04-09T18:43:30.813+0800][146.322s] GC(189) Using 8 workers of 8 for evacuation
[2023-04-09T18:43:30.814+0800][146.324s] GC(189)   Pre Evacuate Collection Set: 0.0ms
[2023-04-09T18:43:30.815+0800][146.324s] GC(189)   Evacuate Collection Set: 0.5ms
[2023-04-09T18:43:30.815+0800][146.324s] GC(189)   Post Evacuate Collection Set: 0.5ms
[2023-04-09T18:43:30.815+0800][146.324s] GC(189)   Other: 0.1ms
[2023-04-09T18:43:30.815+0800][146.324s] GC(189) Eden regions: 248->0(262)
[2023-04-09T18:43:30.815+0800][146.324s] GC(189) Survivor regions: 10->1(33)
[2023-04-09T18:43:30.815+0800][146.324s] GC(189) Old regions: 127->128
[2023-04-09T18:43:30.815+0800][146.324s] GC(189) Humongous regions: 59->50
[2023-04-09T18:43:30.815+0800][146.324s] GC(189) Metaspace: 60335K(62320K)->60335K(62320K) NonClass: 53282K(54436K)->53282K(54436K) Class: 7052K(7884K)->7052K(7884K)
[2023-04-09T18:43:30.815+0800][146.324s] GC(189) Pause Young (Normal) (G1 Evacuation Pause) 443M->177M(512M) 1.396ms
[2023-04-09T18:43:30.815+0800][146.324s] GC(189) User=0.00s Sys=0.00s Real=0.00s
[2023-04-09T18:43:31.189+0800][146.699s] GC(190) Pause Young (Normal) (G1 Evacuation Pause)
[2023-04-09T18:43:31.189+0800][146.699s] GC(190) Using 8 workers of 8 for evacuation
[2023-04-09T18:43:31.191+0800][146.700s] GC(190)   Pre Evacuate Collection Set: 0.0ms
[2023-04-09T18:43:31.191+0800][146.700s] GC(190)   Evacuate Collection Set: 0.9ms
[2023-04-09T18:43:31.191+0800][146.700s] GC(190)   Post Evacuate Collection Set: 0.5ms
[2023-04-09T18:43:31.191+0800][146.700s] GC(190)   Other: 0.2ms
[2023-04-09T18:43:31.191+0800][146.700s] GC(190) Eden regions: 262->0(257)
[2023-04-09T18:43:31.191+0800][146.700s] GC(190) Survivor regions: 1->7(33)
[2023-04-09T18:43:31.191+0800][146.700s] GC(190) Old regions: 128->128
[2023-04-09T18:43:31.191+0800][146.700s] GC(190) Humongous regions: 51->51
[2023-04-09T18:43:31.191+0800][146.700s] GC(190) Metaspace: 60335K(62320K)->60335K(62320K) NonClass: 53282K(54436K)->53282K(54436K) Class: 7052K(7884K)->7052K(7884K)
[2023-04-09T18:43:31.191+0800][146.700s] GC(190) Pause Young (Normal) (G1 Evacuation Pause) 440M->184M(512M) 1.930ms
[2023-04-09T18:43:31.191+0800][146.701s] GC(190) User=0.00s Sys=0.00s Real=0.00s
[2023-04-09T18:43:31.577+0800][147.087s] GC(191) Pause Young (Normal) (G1 Evacuation Pause)
[2023-04-09T18:43:31.577+0800][147.087s] GC(191) Using 8 workers of 8 for evacuation
[2023-04-09T18:43:31.580+0800][147.089s] GC(191)   Pre Evacuate Collection Set: 0.0ms
[2023-04-09T18:43:31.580+0800][147.089s] GC(191)   Evacuate Collection Set: 1.3ms
[2023-04-09T18:43:31.580+0800][147.089s] GC(191)   Post Evacuate Collection Set: 0.6ms
[2023-04-09T18:43:31.580+0800][147.089s] GC(191)   Other: 0.2ms
[2023-04-09T18:43:31.580+0800][147.089s] GC(191) Eden regions: 257->0(251)
[2023-04-09T18:43:31.580+0800][147.089s] GC(191) Survivor regions: 7->11(33)
[2023-04-09T18:43:31.580+0800][147.089s] GC(191) Old regions: 128->128
[2023-04-09T18:43:31.581+0800][147.089s] GC(191) Humongous regions: 54->53
[2023-04-09T18:43:31.581+0800][147.089s] GC(191) Metaspace: 60335K(62320K)->60335K(62320K) NonClass: 53282K(54436K)->53282K(54436K) Class: 7052K(7884K)->7052K(7884K)
[2023-04-09T18:43:31.581+0800][147.089s] GC(191) Pause Young (Normal) (G1 Evacuation Pause) 444M->190M(512M) 2.312ms
[2023-04-09T18:43:31.581+0800][147.089s] GC(191) User=0.00s Sys=0.00s Real=0.00s
[2023-04-09T18:43:32.094+0800][147.603s] GC(192) Pause Young (Normal) (G1 Evacuation Pause)
[2023-04-09T18:43:32.094+0800][147.603s] GC(192) Using 8 workers of 8 for evacuation
[2023-04-09T18:43:32.096+0800][147.605s] GC(192)   Pre Evacuate Collection Set: 0.0ms
[2023-04-09T18:43:32.096+0800][147.605s] GC(192)   Evacuate Collection Set: 1.1ms
[2023-04-09T18:43:32.096+0800][147.605s] GC(192)   Post Evacuate Collection Set: 0.6ms
[2023-04-09T18:43:32.096+0800][147.605s] GC(192)   Other: 0.2ms
[2023-04-09T18:43:32.096+0800][147.605s] GC(192) Eden regions: 251->0(246)
[2023-04-09T18:43:32.096+0800][147.605s] GC(192) Survivor regions: 11->11(33)
[2023-04-09T18:43:32.096+0800][147.605s] GC(192) Old regions: 128->128
[2023-04-09T18:43:32.096+0800][147.605s] GC(192) Humongous regions: 71->59
[2023-04-09T18:43:32.096+0800][147.605s] GC(192) Metaspace: 60335K(62320K)->60335K(62320K) NonClass: 53282K(54436K)->53282K(54436K) Class: 7052K(7884K)->7052K(7884K)
[2023-04-09T18:43:32.096+0800][147.605s] GC(192) Pause Young (Normal) (G1 Evacuation Pause) 459M->196M(512M) 2.072ms
[2023-04-09T18:43:32.096+0800][147.605s] GC(192) User=0.00s Sys=0.00s Real=0.00s
[2023-04-09T18:43:32.610+0800][148.120s] GC(193) Pause Young (Normal) (G1 Evacuation Pause)
[2023-04-09T18:43:32.610+0800][148.120s] GC(193) Using 8 workers of 8 for evacuation
[2023-04-09T18:43:32.612+0800][148.121s] GC(193)   Pre Evacuate Collection Set: 0.0ms
[2023-04-09T18:43:32.612+0800][148.121s] GC(193)   Evacuate Collection Set: 0.4ms
[2023-04-09T18:43:32.612+0800][148.121s] GC(193)   Post Evacuate Collection Set: 0.7ms
[2023-04-09T18:43:32.612+0800][148.121s] GC(193)   Other: 0.2ms
[2023-04-09T18:43:32.612+0800][148.121s] GC(193) Eden regions: 246->0(261)
[2023-04-09T18:43:32.612+0800][148.121s] GC(193) Survivor regions: 11->3(33)
[2023-04-09T18:43:32.612+0800][148.121s] GC(193) Old regions: 128->128
[2023-04-09T18:43:32.612+0800][148.121s] GC(193) Humongous regions: 59->50
[2023-04-09T18:43:32.612+0800][148.121s] GC(193) Metaspace: 60335K(62320K)->60335K(62320K) NonClass: 53282K(54436K)->53282K(54436K) Class: 7052K(7884K)->7052K(7884K)
[2023-04-09T18:43:32.612+0800][148.121s] GC(193) Pause Young (Normal) (G1 Evacuation Pause) 442M->179M(512M) 1.510ms
[2023-04-09T18:43:32.612+0800][148.121s] GC(193) User=0.00s Sys=0.00s Real=0.00s
[2023-04-09T18:43:32.991+0800][148.500s] GC(194) Pause Young (Normal) (G1 Evacuation Pause)
[2023-04-09T18:43:32.991+0800][148.500s] GC(194) Using 8 workers of 8 for evacuation
[2023-04-09T18:43:32.993+0800][148.501s] GC(194)   Pre Evacuate Collection Set: 0.0ms
[2023-04-09T18:43:32.993+0800][148.502s] GC(194)   Evacuate Collection Set: 0.8ms
[2023-04-09T18:43:32.993+0800][148.502s] GC(194)   Post Evacuate Collection Set: 0.4ms
[2023-04-09T18:43:32.993+0800][148.502s] GC(194)   Other: 0.2ms
[2023-04-09T18:43:32.993+0800][148.502s] GC(194) Eden regions: 261->0(255)
[2023-04-09T18:43:32.993+0800][148.502s] GC(194) Survivor regions: 3->8(33)
[2023-04-09T18:43:32.993+0800][148.502s] GC(194) Old regions: 128->128
[2023-04-09T18:43:32.993+0800][148.502s] GC(194) Humongous regions: 53->52
[2023-04-09T18:43:32.993+0800][148.502s] GC(194) Metaspace: 60335K(62320K)->60335K(62320K) NonClass: 53282K(54436K)->53282K(54436K) Class: 7052K(7884K)->7052K(7884K)
[2023-04-09T18:43:32.993+0800][148.502s] GC(194) Pause Young (Normal) (G1 Evacuation Pause) 443M->186M(512M) 1.672ms
[2023-04-09T18:43:32.993+0800][148.502s] GC(194) User=0.00s Sys=0.00s Real=0.00s
[2023-04-09T18:43:33.377+0800][148.885s] GC(195) Pause Young (Normal) (G1 Evacuation Pause)
[2023-04-09T18:43:33.377+0800][148.885s] GC(195) Using 8 workers of 8 for evacuation
[2023-04-09T18:43:33.379+0800][148.887s] GC(195)   Pre Evacuate Collection Set: 0.0ms
[2023-04-09T18:43:33.379+0800][148.887s] GC(195)   Evacuate Collection Set: 1.0ms
[2023-04-09T18:43:33.379+0800][148.887s] GC(195)   Post Evacuate Collection Set: 0.5ms
[2023-04-09T18:43:33.379+0800][148.887s] GC(195)   Other: 0.2ms
[2023-04-09T18:43:33.379+0800][148.887s] GC(195) Eden regions: 255->0(250)
[2023-04-09T18:43:33.379+0800][148.887s] GC(195) Survivor regions: 8->9(33)
[2023-04-09T18:43:33.379+0800][148.887s] GC(195) Old regions: 128->128
[2023-04-09T18:43:33.379+0800][148.887s] GC(195) Humongous regions: 58->58
[2023-04-09T18:43:33.379+0800][148.887s] GC(195) Metaspace: 60335K(62320K)->60335K(62320K) NonClass: 53282K(54436K)->53282K(54436K) Class: 7052K(7884K)->7052K(7884K)
[2023-04-09T18:43:33.379+0800][148.887s] GC(195) Pause Young (Normal) (G1 Evacuation Pause) 447M->193M(512M) 1.920ms
[2023-04-09T18:43:33.379+0800][148.887s] GC(195) User=0.00s Sys=0.00s Real=0.00s
[2023-04-09T18:43:33.874+0800][149.383s] GC(196) Pause Young (Normal) (G1 Evacuation Pause)
[2023-04-09T18:43:33.874+0800][149.383s] GC(196) Using 8 workers of 8 for evacuation
[2023-04-09T18:43:33.877+0800][149.385s] GC(196)   Pre Evacuate Collection Set: 0.1ms
[2023-04-09T18:43:33.877+0800][149.385s] GC(196)   Evacuate Collection Set: 1.5ms
[2023-04-09T18:43:33.877+0800][149.385s] GC(196)   Post Evacuate Collection Set: 0.5ms
[2023-04-09T18:43:33.877+0800][149.385s] GC(196)   Other: 0.2ms
[2023-04-09T18:43:33.877+0800][149.386s] GC(196) Eden regions: 250->0(247)
[2023-04-09T18:43:33.877+0800][149.386s] GC(196) Survivor regions: 9->11(33)
[2023-04-09T18:43:33.877+0800][149.386s] GC(196) Old regions: 128->128
[2023-04-09T18:43:33.877+0800][149.386s] GC(196) Humongous regions: 71->59
[2023-04-09T18:43:33.877+0800][149.386s] GC(196) Metaspace: 60335K(62320K)->60335K(62320K) NonClass: 53283K(54436K)->53283K(54436K) Class: 7052K(7884K)->7052K(7884K)
[2023-04-09T18:43:33.877+0800][149.386s] GC(196) Pause Young (Normal) (G1 Evacuation Pause) 456M->196M(512M) 2.488ms
[2023-04-09T18:43:33.877+0800][149.386s] GC(196) User=0.00s Sys=0.00s Real=0.00s
[2023-04-09T18:43:34.325+0800][149.834s] GC(197) Pause Young (Normal) (G1 Evacuation Pause)
[2023-04-09T18:43:34.325+0800][149.834s] GC(197) Using 8 workers of 8 for evacuation
[2023-04-09T18:43:34.326+0800][149.835s] GC(197)   Pre Evacuate Collection Set: 0.1ms
[2023-04-09T18:43:34.326+0800][149.835s] GC(197)   Evacuate Collection Set: 0.6ms
[2023-04-09T18:43:34.326+0800][149.835s] GC(197)   Post Evacuate Collection Set: 0.6ms
[2023-04-09T18:43:34.326+0800][149.835s] GC(197)   Other: 0.2ms
[2023-04-09T18:43:34.326+0800][149.835s] GC(197) Eden regions: 247->0(258)
[2023-04-09T18:43:34.326+0800][149.835s] GC(197) Survivor regions: 11->4(33)
[2023-04-09T18:43:34.326+0800][149.835s] GC(197) Old regions: 128->128
[2023-04-09T18:43:34.327+0800][149.835s] GC(197) Humongous regions: 59->50
[2023-04-09T18:43:34.327+0800][149.835s] GC(197) Metaspace: 60336K(62320K)->60336K(62320K) NonClass: 53284K(54436K)->53284K(54436K) Class: 7052K(7884K)->7052K(7884K)
[2023-04-09T18:43:34.327+0800][149.835s] GC(197) Pause Young (Normal) (G1 Evacuation Pause) 443M->180M(512M) 1.655ms
[2023-04-09T18:43:34.327+0800][149.835s] GC(197) User=0.00s Sys=0.00s Real=0.00s
[2023-04-09T18:43:34.767+0800][150.276s] GC(198) Pause Young (Normal) (G1 Evacuation Pause)
[2023-04-09T18:43:34.767+0800][150.276s] GC(198) Using 8 workers of 8 for evacuation
[2023-04-09T18:43:34.769+0800][150.278s] GC(198)   Pre Evacuate Collection Set: 0.0ms
[2023-04-09T18:43:34.769+0800][150.278s] GC(198)   Evacuate Collection Set: 1.0ms
[2023-04-09T18:43:34.769+0800][150.278s] GC(198)   Post Evacuate Collection Set: 0.4ms
[2023-04-09T18:43:34.769+0800][150.278s] GC(198)   Other: 0.3ms
[2023-04-09T18:43:34.769+0800][150.278s] GC(198) Eden regions: 258->0(255)
[2023-04-09T18:43:34.769+0800][150.278s] GC(198) Survivor regions: 4->8(33)
[2023-04-09T18:43:34.769+0800][150.278s] GC(198) Old regions: 128->128
[2023-04-09T18:43:34.769+0800][150.278s] GC(198) Humongous regions: 53->52
[2023-04-09T18:43:34.769+0800][150.278s] GC(198) Metaspace: 60336K(62320K)->60336K(62320K) NonClass: 53284K(54436K)->53284K(54436K) Class: 7052K(7884K)->7052K(7884K)
[2023-04-09T18:43:34.769+0800][150.278s] GC(198) Pause Young (Normal) (G1 Evacuation Pause) 441M->186M(512M) 1.923ms
[2023-04-09T18:43:34.769+0800][150.278s] GC(198) User=0.00s Sys=0.00s Real=0.00s
[2023-04-09T18:43:35.190+0800][150.699s] GC(199) Pause Young (Normal) (G1 Evacuation Pause)
[2023-04-09T18:43:35.190+0800][150.699s] GC(199) Using 8 workers of 8 for evacuation
[2023-04-09T18:43:35.192+0800][150.701s] GC(199)   Pre Evacuate Collection Set: 0.0ms
[2023-04-09T18:43:35.192+0800][150.701s] GC(199)   Evacuate Collection Set: 1.3ms
[2023-04-09T18:43:35.192+0800][150.701s] GC(199)   Post Evacuate Collection Set: 0.5ms
[2023-04-09T18:43:35.192+0800][150.701s] GC(199)   Other: 0.2ms
[2023-04-09T18:43:35.192+0800][150.701s] GC(199) Eden regions: 255->0(248)
[2023-04-09T18:43:35.192+0800][150.701s] GC(199) Survivor regions: 8->10(33)
[2023-04-09T18:43:35.192+0800][150.701s] GC(199) Old regions: 128->128
[2023-04-09T18:43:35.192+0800][150.701s] GC(199) Humongous regions: 61->59
[2023-04-09T18:43:35.192+0800][150.701s] GC(199) Metaspace: 60336K(62320K)->60336K(62320K) NonClass: 53284K(54436K)->53284K(54436K) Class: 7052K(7884K)->7052K(7884K)
[2023-04-09T18:43:35.192+0800][150.701s] GC(199) Pause Young (Normal) (G1 Evacuation Pause) 450M->195M(512M) 2.190ms
[2023-04-09T18:43:35.192+0800][150.701s] GC(199) User=0.00s Sys=0.00s Real=0.00s
[2023-04-09T18:43:35.706+0800][151.215s] GC(200) Pause Young (Normal) (G1 Evacuation Pause)
[2023-04-09T18:43:35.706+0800][151.215s] GC(200) Using 8 workers of 8 for evacuation
[2023-04-09T18:43:35.708+0800][151.217s] GC(200)   Pre Evacuate Collection Set: 0.0ms
[2023-04-09T18:43:35.708+0800][151.217s] GC(200)   Evacuate Collection Set: 1.1ms
[2023-04-09T18:43:35.708+0800][151.217s] GC(200)   Post Evacuate Collection Set: 0.7ms
[2023-04-09T18:43:35.708+0800][151.217s] GC(200)   Other: 0.2ms
[2023-04-09T18:43:35.708+0800][151.217s] GC(200) Eden regions: 248->0(247)
[2023-04-09T18:43:35.708+0800][151.217s] GC(200) Survivor regions: 10->11(33)
[2023-04-09T18:43:35.708+0800][151.217s] GC(200) Old regions: 128->128
[2023-04-09T18:43:35.708+0800][151.217s] GC(200) Humongous regions: 69->59
[2023-04-09T18:43:35.708+0800][151.217s] GC(200) Metaspace: 60337K(62320K)->60337K(62320K) NonClass: 53284K(54436K)->53284K(54436K) Class: 7052K(7884K)->7052K(7884K)
[2023-04-09T18:43:35.709+0800][151.217s] GC(200) Pause Young (Normal) (G1 Evacuation Pause) 453M->196M(512M) 2.348ms
[2023-04-09T18:43:35.709+0800][151.217s] GC(200) User=0.00s Sys=0.00s Real=0.00s
[2023-04-09T18:43:36.210+0800][151.719s] GC(201) Pause Young (Normal) (G1 Evacuation Pause)
[2023-04-09T18:43:36.211+0800][151.719s] GC(201) Using 8 workers of 8 for evacuation
[2023-04-09T18:43:36.212+0800][151.720s] GC(201)   Pre Evacuate Collection Set: 0.0ms
[2023-04-09T18:43:36.212+0800][151.720s] GC(201)   Evacuate Collection Set: 0.5ms
[2023-04-09T18:43:36.212+0800][151.720s] GC(201)   Post Evacuate Collection Set: 0.5ms
[2023-04-09T18:43:36.212+0800][151.720s] GC(201)   Other: 0.2ms
[2023-04-09T18:43:36.212+0800][151.720s] GC(201) Eden regions: 247->0(257)
[2023-04-09T18:43:36.212+0800][151.720s] GC(201) Survivor regions: 11->4(33)
[2023-04-09T18:43:36.212+0800][151.720s] GC(201) Old regions: 128->128
[2023-04-09T18:43:36.212+0800][151.720s] GC(201) Humongous regions: 60->51
[2023-04-09T18:43:36.212+0800][151.720s] GC(201) Metaspace: 60337K(62320K)->60337K(62320K) NonClass: 53284K(54436K)->53284K(54436K) Class: 7052K(7884K)->7052K(7884K)
[2023-04-09T18:43:36.212+0800][151.720s] GC(201) Pause Young (Normal) (G1 Evacuation Pause) 444M->181M(512M) 1.440ms
[2023-04-09T18:43:36.212+0800][151.720s] GC(201) User=0.00s Sys=0.00s Real=0.00s
[2023-04-09T18:43:36.629+0800][152.137s] GC(202) Pause Young (Normal) (G1 Evacuation Pause)
[2023-04-09T18:43:36.629+0800][152.137s] GC(202) Using 8 workers of 8 for evacuation
[2023-04-09T18:43:36.630+0800][152.139s] GC(202)   Pre Evacuate Collection Set: 0.0ms
[2023-04-09T18:43:36.630+0800][152.139s] GC(202)   Evacuate Collection Set: 1.1ms
[2023-04-09T18:43:36.630+0800][152.139s] GC(202)   Post Evacuate Collection Set: 0.6ms
[2023-04-09T18:43:36.630+0800][152.139s] GC(202)   Other: 0.3ms
[2023-04-09T18:43:36.630+0800][152.139s] GC(202) Eden regions: 257->0(253)
[2023-04-09T18:43:36.630+0800][152.139s] GC(202) Survivor regions: 4->9(33)
[2023-04-09T18:43:36.630+0800][152.139s] GC(202) Old regions: 128->128
[2023-04-09T18:43:36.630+0800][152.139s] GC(202) Humongous regions: 53->52
[2023-04-09T18:43:36.630+0800][152.139s] GC(202) Metaspace: 60337K(62320K)->60337K(62320K) NonClass: 53284K(54436K)->53284K(54436K) Class: 7052K(7884K)->7052K(7884K)
[2023-04-09T18:43:36.630+0800][152.139s] GC(202) Pause Young (Normal) (G1 Evacuation Pause) 440M->187M(512M) 2.215ms
[2023-04-09T18:43:36.630+0800][152.139s] GC(202) User=0.00s Sys=0.00s Real=0.00s
[2023-04-09T18:43:37.083+0800][152.592s] GC(203) Pause Young (Normal) (G1 Evacuation Pause)
[2023-04-09T18:43:37.083+0800][152.592s] GC(203) Using 8 workers of 8 for evacuation
[2023-04-09T18:43:37.086+0800][152.594s] GC(203)   Pre Evacuate Collection Set: 0.0ms
[2023-04-09T18:43:37.086+0800][152.594s] GC(203)   Evacuate Collection Set: 1.8ms
[2023-04-09T18:43:37.086+0800][152.594s] GC(203)   Post Evacuate Collection Set: 0.4ms
[2023-04-09T18:43:37.086+0800][152.594s] GC(203)   Other: 0.2ms
[2023-04-09T18:43:37.086+0800][152.594s] GC(203) Eden regions: 253->0(247)
[2023-04-09T18:43:37.086+0800][152.594s] GC(203) Survivor regions: 9->10(33)
[2023-04-09T18:43:37.086+0800][152.594s] GC(203) Old regions: 128->128
[2023-04-09T18:43:37.086+0800][152.594s] GC(203) Humongous regions: 66->59
[2023-04-09T18:43:37.086+0800][152.594s] GC(203) Metaspace: 60337K(62320K)->60337K(62320K) NonClass: 53284K(54436K)->53284K(54436K) Class: 7052K(7884K)->7052K(7884K)
[2023-04-09T18:43:37.086+0800][152.595s] GC(203) Pause Young (Normal) (G1 Evacuation Pause) 454M->195M(512M) 2.668ms
[2023-04-09T18:43:37.086+0800][152.595s] GC(203) User=0.00s Sys=0.00s Real=0.00s
[2023-04-09T18:43:37.584+0800][153.093s] GC(204) Pause Young (Normal) (G1 Evacuation Pause)
[2023-04-09T18:43:37.584+0800][153.093s] GC(204) Using 8 workers of 8 for evacuation
[2023-04-09T18:43:37.586+0800][153.095s] GC(204)   Pre Evacuate Collection Set: 0.0ms
[2023-04-09T18:43:37.586+0800][153.095s] GC(204)   Evacuate Collection Set: 1.2ms
[2023-04-09T18:43:37.586+0800][153.095s] GC(204)   Post Evacuate Collection Set: 0.6ms
[2023-04-09T18:43:37.586+0800][153.095s] GC(204)   Other: 0.1ms
[2023-04-09T18:43:37.586+0800][153.095s] GC(204) Eden regions: 247->0(247)
[2023-04-09T18:43:37.586+0800][153.095s] GC(204) Survivor regions: 10->11(33)
[2023-04-09T18:43:37.586+0800][153.095s] GC(204) Old regions: 128->128
[2023-04-09T18:43:37.586+0800][153.095s] GC(204) Humongous regions: 64->59
[2023-04-09T18:43:37.586+0800][153.095s] GC(204) Metaspace: 60337K(62320K)->60337K(62320K) NonClass: 53284K(54436K)->53284K(54436K) Class: 7052K(7884K)->7052K(7884K)
[2023-04-09T18:43:37.586+0800][153.095s] GC(204) Pause Young (Normal) (G1 Evacuation Pause) 447M->196M(512M) 2.099ms
[2023-04-09T18:43:37.586+0800][153.095s] GC(204) User=0.00s Sys=0.00s Real=0.00s
[2023-04-09T18:43:38.070+0800][153.579s] GC(205) Pause Young (Normal) (G1 Evacuation Pause)
[2023-04-09T18:43:38.070+0800][153.579s] GC(205) Using 8 workers of 8 for evacuation
[2023-04-09T18:43:38.072+0800][153.580s] GC(205)   Pre Evacuate Collection Set: 0.0ms
[2023-04-09T18:43:38.072+0800][153.580s] GC(205)   Evacuate Collection Set: 0.7ms
[2023-04-09T18:43:38.072+0800][153.580s] GC(205)   Post Evacuate Collection Set: 0.5ms
[2023-04-09T18:43:38.072+0800][153.580s] GC(205)   Other: 0.1ms
[2023-04-09T18:43:38.072+0800][153.580s] GC(205) Eden regions: 247->0(255)
[2023-04-09T18:43:38.072+0800][153.580s] GC(205) Survivor regions: 11->5(33)
[2023-04-09T18:43:38.072+0800][153.580s] GC(205) Old regions: 128->128
[2023-04-09T18:43:38.072+0800][153.580s] GC(205) Humongous regions: 60->51
[2023-04-09T18:43:38.072+0800][153.580s] GC(205) Metaspace: 60337K(62320K)->60337K(62320K) NonClass: 53284K(54436K)->53284K(54436K) Class: 7052K(7884K)->7052K(7884K)
[2023-04-09T18:43:38.072+0800][153.580s] GC(205) Pause Young (Normal) (G1 Evacuation Pause) 444M->182M(512M) 1.499ms
[2023-04-09T18:43:38.072+0800][153.581s] GC(205) User=0.00s Sys=0.00s Real=0.00s
[2023-04-09T18:43:38.472+0800][153.981s] GC(206) Pause Young (Normal) (G1 Evacuation Pause)
[2023-04-09T18:43:38.472+0800][153.981s] GC(206) Using 8 workers of 8 for evacuation
[2023-04-09T18:43:38.474+0800][153.983s] GC(206)   Pre Evacuate Collection Set: 0.0ms
[2023-04-09T18:43:38.474+0800][153.983s] GC(206)   Evacuate Collection Set: 1.2ms
[2023-04-09T18:43:38.474+0800][153.983s] GC(206)   Post Evacuate Collection Set: 0.6ms
[2023-04-09T18:43:38.474+0800][153.983s] GC(206)   Other: 0.2ms
[2023-04-09T18:43:38.474+0800][153.983s] GC(206) Eden regions: 255->0(249)
[2023-04-09T18:43:38.474+0800][153.983s] GC(206) Survivor regions: 5->11(33)
[2023-04-09T18:43:38.474+0800][153.983s] GC(206) Old regions: 128->128
[2023-04-09T18:43:38.474+0800][153.983s] GC(206) Humongous regions: 54->53
[2023-04-09T18:43:38.474+0800][153.983s] GC(206) Metaspace: 60337K(62320K)->60337K(62320K) NonClass: 53284K(54436K)->53284K(54436K) Class: 7052K(7884K)->7052K(7884K)
[2023-04-09T18:43:38.474+0800][153.983s] GC(206) Pause Young (Normal) (G1 Evacuation Pause) 440M->190M(512M) 2.150ms
[2023-04-09T18:43:38.474+0800][153.983s] GC(206) User=0.00s Sys=0.00s Real=0.00s
[2023-04-09T18:43:38.858+0800][154.367s] GC(207) Pause Young (Normal) (G1 Evacuation Pause)
[2023-04-09T18:43:38.858+0800][154.367s] GC(207) Using 8 workers of 8 for evacuation
[2023-04-09T18:43:38.860+0800][154.369s] GC(207)   Pre Evacuate Collection Set: 0.1ms
[2023-04-09T18:43:38.860+0800][154.369s] GC(207)   Evacuate Collection Set: 1.4ms
[2023-04-09T18:43:38.860+0800][154.370s] GC(207)   Post Evacuate Collection Set: 0.5ms
[2023-04-09T18:43:38.860+0800][154.370s] GC(207)   Other: 0.2ms
[2023-04-09T18:43:38.860+0800][154.370s] GC(207) Eden regions: 249->0(246)
[2023-04-09T18:43:38.860+0800][154.370s] GC(207) Survivor regions: 11->11(33)
[2023-04-09T18:43:38.860+0800][154.370s] GC(207) Old regions: 128->128
[2023-04-09T18:43:38.860+0800][154.370s] GC(207) Humongous regions: 66->59
[2023-04-09T18:43:38.860+0800][154.370s] GC(207) Metaspace: 60337K(62320K)->60337K(62320K) NonClass: 53284K(54436K)->53284K(54436K) Class: 7052K(7884K)->7052K(7884K)
[2023-04-09T18:43:38.860+0800][154.370s] GC(207) Pause Young (Normal) (G1 Evacuation Pause) 452M->196M(512M) 2.345ms
[2023-04-09T18:43:38.860+0800][154.370s] GC(207) User=0.00s Sys=0.00s Real=0.00s
[2023-04-09T18:43:39.320+0800][154.829s] GC(208) Pause Young (Normal) (G1 Evacuation Pause)
[2023-04-09T18:43:39.320+0800][154.829s] GC(208) Using 8 workers of 8 for evacuation
[2023-04-09T18:43:39.322+0800][154.831s] GC(208)   Pre Evacuate Collection Set: 0.0ms
[2023-04-09T18:43:39.322+0800][154.831s] GC(208)   Evacuate Collection Set: 1.2ms
[2023-04-09T18:43:39.322+0800][154.831s] GC(208)   Post Evacuate Collection Set: 0.6ms
[2023-04-09T18:43:39.322+0800][154.831s] GC(208)   Other: 0.2ms
[2023-04-09T18:43:39.322+0800][154.831s] GC(208) Eden regions: 246->0(247)
[2023-04-09T18:43:39.322+0800][154.831s] GC(208) Survivor regions: 11->11(33)
[2023-04-09T18:43:39.322+0800][154.831s] GC(208) Old regions: 128->128
[2023-04-09T18:43:39.322+0800][154.831s] GC(208) Humongous regions: 64->59
[2023-04-09T18:43:39.322+0800][154.831s] GC(208) Metaspace: 60338K(62320K)->60338K(62320K) NonClass: 53286K(54436K)->53286K(54436K) Class: 7052K(7884K)->7052K(7884K)
[2023-04-09T18:43:39.322+0800][154.831s] GC(208) Pause Young (Normal) (G1 Evacuation Pause) 447M->196M(512M) 2.183ms
[2023-04-09T18:43:39.322+0800][154.831s] GC(208) User=0.00s Sys=0.00s Real=0.00s
[2023-04-09T18:43:39.821+0800][155.331s] GC(209) Pause Young (Normal) (G1 Evacuation Pause)
[2023-04-09T18:43:39.821+0800][155.331s] GC(209) Using 8 workers of 8 for evacuation
[2023-04-09T18:43:39.823+0800][155.332s] GC(209)   Pre Evacuate Collection Set: 0.0ms
[2023-04-09T18:43:39.823+0800][155.332s] GC(209)   Evacuate Collection Set: 0.6ms
[2023-04-09T18:43:39.823+0800][155.332s] GC(209)   Post Evacuate Collection Set: 0.5ms
[2023-04-09T18:43:39.823+0800][155.332s] GC(209)   Other: 0.1ms
[2023-04-09T18:43:39.823+0800][155.332s] GC(209) Eden regions: 247->0(256)
[2023-04-09T18:43:39.823+0800][155.332s] GC(209) Survivor regions: 11->5(33)
[2023-04-09T18:43:39.823+0800][155.332s] GC(209) Old regions: 128->128
[2023-04-09T18:43:39.823+0800][155.332s] GC(209) Humongous regions: 60->51
[2023-04-09T18:43:39.823+0800][155.332s] GC(209) Metaspace: 60341K(62320K)->60341K(62320K) NonClass: 53289K(54436K)->53289K(54436K) Class: 7052K(7884K)->7052K(7884K)
[2023-04-09T18:43:39.823+0800][155.332s] GC(209) Pause Young (Normal) (G1 Evacuation Pause) 444M->182M(512M) 1.437ms
[2023-04-09T18:43:39.823+0800][155.332s] GC(209) User=0.00s Sys=0.00s Real=0.00s
[2023-04-09T18:43:40.202+0800][155.712s] GC(210) Pause Young (Normal) (G1 Evacuation Pause)
[2023-04-09T18:43:40.202+0800][155.712s] GC(210) Using 8 workers of 8 for evacuation
[2023-04-09T18:43:40.204+0800][155.713s] GC(210)   Pre Evacuate Collection Set: 0.0ms
[2023-04-09T18:43:40.204+0800][155.713s] GC(210)   Evacuate Collection Set: 1.0ms
[2023-04-09T18:43:40.204+0800][155.713s] GC(210)   Post Evacuate Collection Set: 0.6ms
[2023-04-09T18:43:40.204+0800][155.713s] GC(210)   Other: 0.2ms
[2023-04-09T18:43:40.204+0800][155.713s] GC(210) Eden regions: 256->0(251)
[2023-04-09T18:43:40.204+0800][155.713s] GC(210) Survivor regions: 5->10(33)
[2023-04-09T18:43:40.204+0800][155.713s] GC(210) Old regions: 128->128
[2023-04-09T18:43:40.204+0800][155.713s] GC(210) Humongous regions: 54->53
[2023-04-09T18:43:40.204+0800][155.713s] GC(210) Metaspace: 60341K(62320K)->60341K(62320K) NonClass: 53289K(54436K)->53289K(54436K) Class: 7052K(7884K)->7052K(7884K)
[2023-04-09T18:43:40.204+0800][155.713s] GC(210) Pause Young (Normal) (G1 Evacuation Pause) 441M->189M(512M) 1.933ms
[2023-04-09T18:43:40.204+0800][155.713s] GC(210) User=0.00s Sys=0.00s Real=0.00s
[2023-04-09T18:43:40.648+0800][156.156s] GC(211) Pause Young (Normal) (G1 Evacuation Pause)
[2023-04-09T18:43:40.648+0800][156.156s] GC(211) Using 8 workers of 8 for evacuation
[2023-04-09T18:43:40.649+0800][156.158s] GC(211)   Pre Evacuate Collection Set: 0.0ms
[2023-04-09T18:43:40.650+0800][156.158s] GC(211)   Evacuate Collection Set: 1.2ms
[2023-04-09T18:43:40.650+0800][156.158s] GC(211)   Post Evacuate Collection Set: 0.5ms
[2023-04-09T18:43:40.650+0800][156.158s] GC(211)   Other: 0.2ms
[2023-04-09T18:43:40.650+0800][156.158s] GC(211) Eden regions: 251->0(247)
[2023-04-09T18:43:40.650+0800][156.158s] GC(211) Survivor regions: 10->11(33)
[2023-04-09T18:43:40.650+0800][156.158s] GC(211) Old regions: 128->128
[2023-04-09T18:43:40.650+0800][156.158s] GC(211) Humongous regions: 71->59
[2023-04-09T18:43:40.650+0800][156.158s] GC(211) Metaspace: 60341K(62320K)->60341K(62320K) NonClass: 53289K(54436K)->53289K(54436K) Class: 7052K(7884K)->7052K(7884K)
[2023-04-09T18:43:40.650+0800][156.158s] GC(211) Pause Young (Normal) (G1 Evacuation Pause) 458M->196M(512M) 2.130ms
[2023-04-09T18:43:40.650+0800][156.158s] GC(211) User=0.00s Sys=0.00s Real=0.00s
[2023-04-09T18:43:41.680+0800][157.189s] GC(212) Pause Young (Normal) (G1 Evacuation Pause)
[2023-04-09T18:43:41.680+0800][157.189s] GC(212) Using 8 workers of 8 for evacuation
[2023-04-09T18:43:41.681+0800][157.190s] GC(212)   Pre Evacuate Collection Set: 0.0ms
[2023-04-09T18:43:41.681+0800][157.190s] GC(212)   Evacuate Collection Set: 0.3ms
[2023-04-09T18:43:41.681+0800][157.190s] GC(212)   Post Evacuate Collection Set: 0.4ms
[2023-04-09T18:43:41.681+0800][157.190s] GC(212)   Other: 0.1ms
[2023-04-09T18:43:41.681+0800][157.190s] GC(212) Eden regions: 247->0(263)
[2023-04-09T18:43:41.681+0800][157.190s] GC(212) Survivor regions: 11->1(33)
[2023-04-09T18:43:41.681+0800][157.190s] GC(212) Old regions: 128->128
[2023-04-09T18:43:41.681+0800][157.190s] GC(212) Humongous regions: 59->50
[2023-04-09T18:43:41.681+0800][157.190s] GC(212) Metaspace: 60342K(62320K)->60342K(62320K) NonClass: 53290K(54436K)->53290K(54436K) Class: 7052K(7884K)->7052K(7884K)
[2023-04-09T18:43:41.681+0800][157.190s] GC(212) Pause Young (Normal) (G1 Evacuation Pause) 443M->177M(512M) 1.103ms
[2023-04-09T18:43:41.681+0800][157.190s] GC(212) User=0.00s Sys=0.00s Real=0.00s
[2023-04-09T18:43:42.073+0800][157.582s] GC(213) Pause Young (Normal) (G1 Evacuation Pause)
[2023-04-09T18:43:42.073+0800][157.582s] GC(213) Using 8 workers of 8 for evacuation
[2023-04-09T18:43:42.075+0800][157.584s] GC(213)   Pre Evacuate Collection Set: 0.0ms
[2023-04-09T18:43:42.075+0800][157.584s] GC(213)   Evacuate Collection Set: 0.7ms
[2023-04-09T18:43:42.075+0800][157.584s] GC(213)   Post Evacuate Collection Set: 0.6ms
[2023-04-09T18:43:42.075+0800][157.584s] GC(213)   Other: 0.2ms
[2023-04-09T18:43:42.075+0800][157.584s] GC(213) Eden regions: 263->0(258)
[2023-04-09T18:43:42.075+0800][157.584s] GC(213) Survivor regions: 1->6(33)
[2023-04-09T18:43:42.075+0800][157.584s] GC(213) Old regions: 128->128
[2023-04-09T18:43:42.075+0800][157.584s] GC(213) Humongous regions: 51->51
[2023-04-09T18:43:42.075+0800][157.584s] GC(213) Metaspace: 60342K(62320K)->60342K(62320K) NonClass: 53290K(54436K)->53290K(54436K) Class: 7052K(7884K)->7052K(7884K)
[2023-04-09T18:43:42.075+0800][157.584s] GC(213) Pause Young (Normal) (G1 Evacuation Pause) 441M->183M(512M) 1.717ms
[2023-04-09T18:43:42.075+0800][157.584s] GC(213) User=0.12s Sys=0.00s Real=0.00s
[2023-04-09T18:43:42.503+0800][158.012s] GC(214) Pause Young (Normal) (G1 Evacuation Pause)
[2023-04-09T18:43:42.503+0800][158.012s] GC(214) Using 8 workers of 8 for evacuation
[2023-04-09T18:43:42.505+0800][158.014s] GC(214)   Pre Evacuate Collection Set: 0.0ms
[2023-04-09T18:43:42.505+0800][158.014s] GC(214)   Evacuate Collection Set: 1.1ms
[2023-04-09T18:43:42.505+0800][158.014s] GC(214)   Post Evacuate Collection Set: 0.7ms
[2023-04-09T18:43:42.505+0800][158.014s] GC(214)   Other: 0.2ms
[2023-04-09T18:43:42.505+0800][158.014s] GC(214) Eden regions: 258->0(252)
[2023-04-09T18:43:42.505+0800][158.014s] GC(214) Survivor regions: 6->11(33)
[2023-04-09T18:43:42.505+0800][158.014s] GC(214) Old regions: 128->128
[2023-04-09T18:43:42.505+0800][158.014s] GC(214) Humongous regions: 54->53
[2023-04-09T18:43:42.505+0800][158.014s] GC(214) Metaspace: 60342K(62320K)->60342K(62320K) NonClass: 53290K(54436K)->53290K(54436K) Class: 7052K(7884K)->7052K(7884K)
[2023-04-09T18:43:42.506+0800][158.014s] GC(214) Pause Young (Normal) (G1 Evacuation Pause) 444M->190M(512M) 2.124ms
[2023-04-09T18:43:42.506+0800][158.014s] GC(214) User=0.00s Sys=0.00s Real=0.00s
[2023-04-09T18:43:43.073+0800][158.581s] GC(215) Pause Young (Normal) (G1 Evacuation Pause)
[2023-04-09T18:43:43.073+0800][158.581s] GC(215) Using 8 workers of 8 for evacuation
[2023-04-09T18:43:43.075+0800][158.583s] GC(215)   Pre Evacuate Collection Set: 0.0ms
[2023-04-09T18:43:43.075+0800][158.583s] GC(215)   Evacuate Collection Set: 1.2ms
[2023-04-09T18:43:43.075+0800][158.583s] GC(215)   Post Evacuate Collection Set: 0.6ms
[2023-04-09T18:43:43.075+0800][158.583s] GC(215)   Other: 0.1ms
[2023-04-09T18:43:43.075+0800][158.583s] GC(215) Eden regions: 252->0(247)
[2023-04-09T18:43:43.075+0800][158.583s] GC(215) Survivor regions: 11->10(33)
[2023-04-09T18:43:43.075+0800][158.583s] GC(215) Old regions: 128->128
[2023-04-09T18:43:43.075+0800][158.583s] GC(215) Humongous regions: 71->59
[2023-04-09T18:43:43.075+0800][158.583s] GC(215) Metaspace: 60343K(62320K)->60343K(62320K) NonClass: 53291K(54436K)->53291K(54436K) Class: 7052K(7884K)->7052K(7884K)
[2023-04-09T18:43:43.075+0800][158.583s] GC(215) Pause Young (Normal) (G1 Evacuation Pause) 460M->195M(512M) 2.205ms
[2023-04-09T18:43:43.075+0800][158.584s] GC(215) User=0.11s Sys=0.00s Real=0.00s
[2023-04-09T18:43:43.485+0800][158.994s] GC(216) Pause Young (Normal) (G1 Evacuation Pause)
[2023-04-09T18:43:43.485+0800][158.994s] GC(216) Using 8 workers of 8 for evacuation
[2023-04-09T18:43:43.486+0800][158.995s] GC(216)   Pre Evacuate Collection Set: 0.0ms
[2023-04-09T18:43:43.486+0800][158.995s] GC(216)   Evacuate Collection Set: 0.4ms
[2023-04-09T18:43:43.486+0800][158.995s] GC(216)   Post Evacuate Collection Set: 0.7ms
[2023-04-09T18:43:43.486+0800][158.995s] GC(216)   Other: 0.2ms
[2023-04-09T18:43:43.486+0800][158.995s] GC(216) Eden regions: 247->0(262)
[2023-04-09T18:43:43.486+0800][158.995s] GC(216) Survivor regions: 10->2(33)
[2023-04-09T18:43:43.486+0800][158.995s] GC(216) Old regions: 128->128
[2023-04-09T18:43:43.486+0800][158.995s] GC(216) Humongous regions: 59->50
[2023-04-09T18:43:43.486+0800][158.995s] GC(216) Metaspace: 60343K(62320K)->60343K(62320K) NonClass: 53291K(54436K)->53291K(54436K) Class: 7052K(7884K)->7052K(7884K)
[2023-04-09T18:43:43.486+0800][158.995s] GC(216) Pause Young (Normal) (G1 Evacuation Pause) 442M->178M(512M) 1.337ms
[2023-04-09T18:43:43.486+0800][158.995s] GC(216) User=0.00s Sys=0.00s Real=0.00s
[2023-04-09T18:43:43.882+0800][159.391s] GC(217) Pause Young (Normal) (G1 Evacuation Pause)
[2023-04-09T18:43:43.882+0800][159.391s] GC(217) Using 8 workers of 8 for evacuation
[2023-04-09T18:43:43.883+0800][159.392s] GC(217)   Pre Evacuate Collection Set: 0.0ms
[2023-04-09T18:43:43.883+0800][159.392s] GC(217)   Evacuate Collection Set: 0.8ms
[2023-04-09T18:43:43.883+0800][159.392s] GC(217)   Post Evacuate Collection Set: 0.4ms
[2023-04-09T18:43:43.883+0800][159.392s] GC(217)   Other: 0.2ms
[2023-04-09T18:43:43.883+0800][159.392s] GC(217) Eden regions: 262->0(257)
[2023-04-09T18:43:43.883+0800][159.392s] GC(217) Survivor regions: 2->7(33)
[2023-04-09T18:43:43.883+0800][159.392s] GC(217) Old regions: 128->128
[2023-04-09T18:43:43.883+0800][159.392s] GC(217) Humongous regions: 53->52
[2023-04-09T18:43:43.883+0800][159.392s] GC(217) Metaspace: 60343K(62320K)->60343K(62320K) NonClass: 53291K(54436K)->53291K(54436K) Class: 7052K(7884K)->7052K(7884K)
[2023-04-09T18:43:43.884+0800][159.392s] GC(217) Pause Young (Normal) (G1 Evacuation Pause) 443M->185M(512M) 1.627ms
[2023-04-09T18:43:43.884+0800][159.392s] GC(217) User=0.00s Sys=0.00s Real=0.00s
[2023-04-09T18:43:44.268+0800][159.777s] GC(218) Pause Young (Normal) (G1 Evacuation Pause)
[2023-04-09T18:43:44.268+0800][159.777s] GC(218) Using 8 workers of 8 for evacuation
[2023-04-09T18:43:44.270+0800][159.779s] GC(218)   Pre Evacuate Collection Set: 0.0ms
[2023-04-09T18:43:44.270+0800][159.779s] GC(218)   Evacuate Collection Set: 1.0ms
[2023-04-09T18:43:44.270+0800][159.779s] GC(218)   Post Evacuate Collection Set: 0.6ms
[2023-04-09T18:43:44.270+0800][159.779s] GC(218)   Other: 0.2ms
[2023-04-09T18:43:44.270+0800][159.779s] GC(218) Eden regions: 257->0(251)
[2023-04-09T18:43:44.270+0800][159.779s] GC(218) Survivor regions: 7->9(33)
[2023-04-09T18:43:44.270+0800][159.779s] GC(218) Old regions: 128->128
[2023-04-09T18:43:44.270+0800][159.779s] GC(218) Humongous regions: 58->58
[2023-04-09T18:43:44.270+0800][159.779s] GC(218) Metaspace: 60343K(62320K)->60343K(62320K) NonClass: 53291K(54436K)->53291K(54436K) Class: 7052K(7884K)->7052K(7884K)
[2023-04-09T18:43:44.270+0800][159.779s] GC(218) Pause Young (Normal) (G1 Evacuation Pause) 448M->193M(512M) 2.024ms
[2023-04-09T18:43:44.270+0800][159.779s] GC(218) User=0.00s Sys=0.00s Real=0.00s
[2023-04-09T18:43:44.833+0800][160.342s] GC(219) Pause Young (Normal) (G1 Evacuation Pause)
[2023-04-09T18:43:44.833+0800][160.342s] GC(219) Using 8 workers of 8 for evacuation
[2023-04-09T18:43:44.835+0800][160.344s] GC(219)   Pre Evacuate Collection Set: 0.0ms
[2023-04-09T18:43:44.835+0800][160.344s] GC(219)   Evacuate Collection Set: 1.1ms
[2023-04-09T18:43:44.835+0800][160.344s] GC(219)   Post Evacuate Collection Set: 0.5ms
[2023-04-09T18:43:44.835+0800][160.344s] GC(219)   Other: 0.2ms
[2023-04-09T18:43:44.835+0800][160.344s] GC(219) Eden regions: 251->0(248)
[2023-04-09T18:43:44.835+0800][160.344s] GC(219) Survivor regions: 9->11(33)
[2023-04-09T18:43:44.835+0800][160.344s] GC(219) Old regions: 128->128
[2023-04-09T18:43:44.835+0800][160.344s] GC(219) Humongous regions: 71->59
[2023-04-09T18:43:44.835+0800][160.344s] GC(219) Metaspace: 60343K(62320K)->60343K(62320K) NonClass: 53291K(54436K)->53291K(54436K) Class: 7052K(7884K)->7052K(7884K)
[2023-04-09T18:43:44.835+0800][160.344s] GC(219) Pause Young (Normal) (G1 Evacuation Pause) 457M->196M(512M) 1.935ms
[2023-04-09T18:43:44.835+0800][160.344s] GC(219) User=0.00s Sys=0.00s Real=0.00s
[2023-04-09T18:43:45.257+0800][160.765s] GC(220) Pause Young (Normal) (G1 Evacuation Pause)
[2023-04-09T18:43:45.257+0800][160.765s] GC(220) Using 8 workers of 8 for evacuation
[2023-04-09T18:43:45.258+0800][160.766s] GC(220)   Pre Evacuate Collection Set: 0.0ms
[2023-04-09T18:43:45.258+0800][160.766s] GC(220)   Evacuate Collection Set: 0.5ms
[2023-04-09T18:43:45.258+0800][160.766s] GC(220)   Post Evacuate Collection Set: 0.4ms
[2023-04-09T18:43:45.258+0800][160.766s] GC(220)   Other: 0.2ms
[2023-04-09T18:43:45.258+0800][160.766s] GC(220) Eden regions: 248->0(262)
[2023-04-09T18:43:45.258+0800][160.766s] GC(220) Survivor regions: 11->3(33)
[2023-04-09T18:43:45.258+0800][160.766s] GC(220) Old regions: 128->128
[2023-04-09T18:43:45.258+0800][160.766s] GC(220) Humongous regions: 59->50
[2023-04-09T18:43:45.258+0800][160.766s] GC(220) Metaspace: 60344K(62320K)->60344K(62320K) NonClass: 53292K(54436K)->53292K(54436K) Class: 7052K(7884K)->7052K(7884K)
[2023-04-09T18:43:45.258+0800][160.766s] GC(220) Pause Young (Normal) (G1 Evacuation Pause) 444M->179M(512M) 1.273ms
[2023-04-09T18:43:45.258+0800][160.766s] GC(220) User=0.00s Sys=0.00s Real=0.00s
[2023-04-09T18:43:45.441+0800][160.950s] GC(221) Pause Young (Normal) (G1 Evacuation Pause)
[2023-04-09T18:43:45.442+0800][160.950s] GC(221) Using 8 workers of 8 for evacuation
[2023-04-09T18:43:45.443+0800][160.952s] GC(221)   Pre Evacuate Collection Set: 0.0ms
[2023-04-09T18:43:45.443+0800][160.952s] GC(221)   Evacuate Collection Set: 0.8ms
[2023-04-09T18:43:45.443+0800][160.952s] GC(221)   Post Evacuate Collection Set: 0.5ms
[2023-04-09T18:43:45.443+0800][160.952s] GC(221)   Other: 0.2ms
[2023-04-09T18:43:45.443+0800][160.952s] GC(221) Eden regions: 262->0(261)
[2023-04-09T18:43:45.443+0800][160.952s] GC(221) Survivor regions: 3->5(34)
[2023-04-09T18:43:45.443+0800][160.952s] GC(221) Old regions: 128->128
[2023-04-09T18:43:45.443+0800][160.952s] GC(221) Humongous regions: 51->51
[2023-04-09T18:43:45.443+0800][160.952s] GC(221) Metaspace: 60344K(62320K)->60344K(62320K) NonClass: 53292K(54436K)->53292K(54436K) Class: 7052K(7884K)->7052K(7884K)
[2023-04-09T18:43:45.443+0800][160.952s] GC(221) Pause Young (Normal) (G1 Evacuation Pause) 442M->182M(512M) 1.876ms
[2023-04-09T18:43:45.443+0800][160.952s] GC(221) User=0.00s Sys=0.00s Real=0.00s
[2023-04-09T18:43:45.620+0800][161.128s] GC(222) Pause Young (Normal) (G1 Evacuation Pause)
[2023-04-09T18:43:45.620+0800][161.128s] GC(222) Using 8 workers of 8 for evacuation
[2023-04-09T18:43:45.621+0800][161.130s] GC(222)   Pre Evacuate Collection Set: 0.1ms
[2023-04-09T18:43:45.621+0800][161.130s] GC(222)   Evacuate Collection Set: 0.9ms
[2023-04-09T18:43:45.621+0800][161.130s] GC(222)   Post Evacuate Collection Set: 0.6ms
[2023-04-09T18:43:45.621+0800][161.130s] GC(222)   Other: 0.2ms
[2023-04-09T18:43:45.621+0800][161.130s] GC(222) Eden regions: 261->0(260)
[2023-04-09T18:43:45.621+0800][161.130s] GC(222) Survivor regions: 5->7(34)
[2023-04-09T18:43:45.622+0800][161.130s] GC(222) Old regions: 128->128
[2023-04-09T18:43:45.622+0800][161.130s] GC(222) Humongous regions: 51->51
[2023-04-09T18:43:45.622+0800][161.130s] GC(222) Metaspace: 60344K(62320K)->60344K(62320K) NonClass: 53292K(54436K)->53292K(54436K) Class: 7052K(7884K)->7052K(7884K)
[2023-04-09T18:43:45.622+0800][161.130s] GC(222) Pause Young (Normal) (G1 Evacuation Pause) 443M->185M(512M) 1.897ms
[2023-04-09T18:43:45.622+0800][161.130s] GC(222) User=0.12s Sys=0.00s Real=0.00s
[2023-04-09T18:43:45.821+0800][161.330s] GC(223) Pause Young (Normal) (G1 Evacuation Pause)
[2023-04-09T18:43:45.821+0800][161.330s] GC(223) Using 8 workers of 8 for evacuation
[2023-04-09T18:43:45.823+0800][161.331s] GC(223)   Pre Evacuate Collection Set: 0.0ms
[2023-04-09T18:43:45.823+0800][161.332s] GC(223)   Evacuate Collection Set: 1.0ms
[2023-04-09T18:43:45.823+0800][161.332s] GC(223)   Post Evacuate Collection Set: 0.5ms
[2023-04-09T18:43:45.823+0800][161.332s] GC(223)   Other: 0.4ms
[2023-04-09T18:43:45.823+0800][161.332s] GC(223) Eden regions: 260->0(258)
[2023-04-09T18:43:45.823+0800][161.332s] GC(223) Survivor regions: 7->9(34)
[2023-04-09T18:43:45.823+0800][161.332s] GC(223) Old regions: 128->128
[2023-04-09T18:43:45.823+0800][161.332s] GC(223) Humongous regions: 53->52
[2023-04-09T18:43:45.823+0800][161.332s] GC(223) Metaspace: 60344K(62320K)->60344K(62320K) NonClass: 53292K(54436K)->53292K(54436K) Class: 7052K(7884K)->7052K(7884K)
[2023-04-09T18:43:45.823+0800][161.332s] GC(223) Pause Young (Normal) (G1 Evacuation Pause) 447M->187M(512M) 2.009ms
[2023-04-09T18:43:45.823+0800][161.332s] GC(223) User=0.00s Sys=0.00s Real=0.00s
[2023-04-09T18:43:46.043+0800][161.552s] GC(224) Pause Young (Normal) (G1 Evacuation Pause)
[2023-04-09T18:43:46.043+0800][161.552s] GC(224) Using 8 workers of 8 for evacuation
[2023-04-09T18:43:46.045+0800][161.554s] GC(224)   Pre Evacuate Collection Set: 0.0ms
[2023-04-09T18:43:46.045+0800][161.554s] GC(224)   Evacuate Collection Set: 1.3ms
[2023-04-09T18:43:46.045+0800][161.554s] GC(224)   Post Evacuate Collection Set: 0.6ms
[2023-04-09T18:43:46.045+0800][161.554s] GC(224)   Other: 0.2ms
[2023-04-09T18:43:46.045+0800][161.554s] GC(224) Eden regions: 258->0(254)
[2023-04-09T18:43:46.045+0800][161.554s] GC(224) Survivor regions: 9->11(34)
[2023-04-09T18:43:46.045+0800][161.554s] GC(224) Old regions: 128->128
[2023-04-09T18:43:46.045+0800][161.554s] GC(224) Humongous regions: 53->53
[2023-04-09T18:43:46.045+0800][161.554s] GC(224) Metaspace: 60347K(62320K)->60347K(62320K) NonClass: 53294K(54436K)->53294K(54436K) Class: 7052K(7884K)->7052K(7884K)
[2023-04-09T18:43:46.045+0800][161.554s] GC(224) Pause Young (Normal) (G1 Evacuation Pause) 446M->191M(512M) 2.427ms
[2023-04-09T18:43:46.045+0800][161.554s] GC(224) User=0.00s Sys=0.00s Real=0.00s
[2023-04-09T18:43:46.292+0800][161.801s] GC(225) Pause Young (Normal) (G1 Evacuation Pause)
[2023-04-09T18:43:46.292+0800][161.801s] GC(225) Using 8 workers of 8 for evacuation
[2023-04-09T18:43:46.294+0800][161.803s] GC(225)   Pre Evacuate Collection Set: 0.0ms
[2023-04-09T18:43:46.294+0800][161.803s] GC(225)   Evacuate Collection Set: 1.5ms
[2023-04-09T18:43:46.294+0800][161.803s] GC(225)   Post Evacuate Collection Set: 0.5ms
[2023-04-09T18:43:46.294+0800][161.803s] GC(225)   Other: 0.2ms
[2023-04-09T18:43:46.294+0800][161.803s] GC(225) Eden regions: 254->0(249)
[2023-04-09T18:43:46.294+0800][161.803s] GC(225) Survivor regions: 11->11(34)
[2023-04-09T18:43:46.294+0800][161.803s] GC(225) Old regions: 128->128
[2023-04-09T18:43:46.294+0800][161.803s] GC(225) Humongous regions: 66->59
[2023-04-09T18:43:46.294+0800][161.803s] GC(225) Metaspace: 60347K(62320K)->60347K(62320K) NonClass: 53294K(54436K)->53294K(54436K) Class: 7052K(7884K)->7052K(7884K)
[2023-04-09T18:43:46.294+0800][161.803s] GC(225) Pause Young (Normal) (G1 Evacuation Pause) 458M->196M(512M) 2.555ms
[2023-04-09T18:43:46.294+0800][161.803s] GC(225) User=0.11s Sys=0.00s Real=0.00s
[2023-04-09T18:43:46.608+0800][162.117s] GC(226) Pause Young (Normal) (G1 Evacuation Pause)
[2023-04-09T18:43:46.608+0800][162.117s] GC(226) Using 8 workers of 8 for evacuation
[2023-04-09T18:43:46.610+0800][162.119s] GC(226)   Pre Evacuate Collection Set: 0.0ms
[2023-04-09T18:43:46.610+0800][162.119s] GC(226)   Evacuate Collection Set: 1.7ms
[2023-04-09T18:43:46.610+0800][162.119s] GC(226)   Post Evacuate Collection Set: 0.5ms
[2023-04-09T18:43:46.610+0800][162.119s] GC(226)   Other: 0.2ms
[2023-04-09T18:43:46.610+0800][162.120s] GC(226) Eden regions: 249->0(249)
[2023-04-09T18:43:46.610+0800][162.120s] GC(226) Survivor regions: 11->11(33)
[2023-04-09T18:43:46.610+0800][162.120s] GC(226) Old regions: 128->128
[2023-04-09T18:43:46.611+0800][162.120s] GC(226) Humongous regions: 64->59
[2023-04-09T18:43:46.611+0800][162.120s] GC(226) Metaspace: 60347K(62320K)->60347K(62320K) NonClass: 53294K(54436K)->53294K(54436K) Class: 7052K(7884K)->7052K(7884K)
[2023-04-09T18:43:46.611+0800][162.120s] GC(226) Pause Young (Normal) (G1 Evacuation Pause) 450M->197M(512M) 2.760ms
[2023-04-09T18:43:46.611+0800][162.120s] GC(226) User=0.00s Sys=0.00s Real=0.00s
[2023-04-09T18:43:46.825+0800][162.334s] GC(227) Pause Young (Normal) (G1 Evacuation Pause)
[2023-04-09T18:43:46.825+0800][162.334s] GC(227) Using 8 workers of 8 for evacuation
[2023-04-09T18:43:46.828+0800][162.337s] GC(227)   Pre Evacuate Collection Set: 0.1ms
[2023-04-09T18:43:46.828+0800][162.337s] GC(227)   Evacuate Collection Set: 1.5ms
[2023-04-09T18:43:46.828+0800][162.337s] GC(227)   Post Evacuate Collection Set: 0.5ms
[2023-04-09T18:43:46.828+0800][162.337s] GC(227)   Other: 0.3ms
[2023-04-09T18:43:46.828+0800][162.337s] GC(227) Eden regions: 249->0(249)
[2023-04-09T18:43:46.828+0800][162.337s] GC(227) Survivor regions: 11->12(33)
[2023-04-09T18:43:46.828+0800][162.337s] GC(227) Old regions: 128->128
[2023-04-09T18:43:46.828+0800][162.337s] GC(227) Humongous regions: 59->59
[2023-04-09T18:43:46.828+0800][162.337s] GC(227) Metaspace: 60347K(62320K)->60347K(62320K) NonClass: 53294K(54436K)->53294K(54436K) Class: 7052K(7884K)->7052K(7884K)
[2023-04-09T18:43:46.828+0800][162.337s] GC(227) Pause Young (Normal) (G1 Evacuation Pause) 446M->197M(512M) 2.505ms
[2023-04-09T18:43:46.828+0800][162.337s] GC(227) User=0.00s Sys=0.00s Real=0.00s
[2023-04-09T18:43:47.094+0800][162.603s] GC(228) Pause Young (Normal) (G1 Evacuation Pause)
[2023-04-09T18:43:47.094+0800][162.603s] GC(228) Using 8 workers of 8 for evacuation
[2023-04-09T18:43:47.095+0800][162.604s] GC(228)   Pre Evacuate Collection Set: 0.0ms
[2023-04-09T18:43:47.095+0800][162.604s] GC(228)   Evacuate Collection Set: 0.5ms
[2023-04-09T18:43:47.095+0800][162.604s] GC(228)   Post Evacuate Collection Set: 0.4ms
[2023-04-09T18:43:47.095+0800][162.604s] GC(228)   Other: 0.1ms
[2023-04-09T18:43:47.095+0800][162.604s] GC(228) Eden regions: 249->0(259)
[2023-04-09T18:43:47.095+0800][162.604s] GC(228) Survivor regions: 12->3(33)
[2023-04-09T18:43:47.095+0800][162.604s] GC(228) Old regions: 128->128
[2023-04-09T18:43:47.095+0800][162.604s] GC(228) Humongous regions: 59->50
[2023-04-09T18:43:47.095+0800][162.604s] GC(228) Metaspace: 60347K(62320K)->60347K(62320K) NonClass: 53294K(54436K)->53294K(54436K) Class: 7052K(7884K)->7052K(7884K)
[2023-04-09T18:43:47.095+0800][162.604s] GC(228) Pause Young (Normal) (G1 Evacuation Pause) 446M->180M(512M) 1.249ms
[2023-04-09T18:43:47.095+0800][162.604s] GC(228) User=0.00s Sys=0.00s Real=0.00s
[2023-04-09T18:43:47.348+0800][162.857s] GC(229) Pause Young (Normal) (G1 Evacuation Pause)
[2023-04-09T18:43:47.348+0800][162.857s] GC(229) Using 8 workers of 8 for evacuation
[2023-04-09T18:43:47.350+0800][162.859s] GC(229)   Pre Evacuate Collection Set: 0.1ms
[2023-04-09T18:43:47.350+0800][162.859s] GC(229)   Evacuate Collection Set: 0.9ms
[2023-04-09T18:43:47.350+0800][162.859s] GC(229)   Post Evacuate Collection Set: 0.5ms
[2023-04-09T18:43:47.350+0800][162.859s] GC(229)   Other: 0.2ms
[2023-04-09T18:43:47.350+0800][162.859s] GC(229) Eden regions: 259->0(258)
[2023-04-09T18:43:47.350+0800][162.859s] GC(229) Survivor regions: 3->6(33)
[2023-04-09T18:43:47.350+0800][162.859s] GC(229) Old regions: 128->128
[2023-04-09T18:43:47.350+0800][162.859s] GC(229) Humongous regions: 51->51
[2023-04-09T18:43:47.350+0800][162.859s] GC(229) Metaspace: 60347K(62320K)->60347K(62320K) NonClass: 53294K(54436K)->53294K(54436K) Class: 7052K(7884K)->7052K(7884K)
[2023-04-09T18:43:47.350+0800][162.859s] GC(229) Pause Young (Normal) (G1 Evacuation Pause) 440M->183M(512M) 1.960ms
[2023-04-09T18:43:47.350+0800][162.859s] GC(229) User=0.00s Sys=0.00s Real=0.00s
[2023-04-09T18:43:47.597+0800][163.106s] GC(230) Pause Young (Normal) (G1 Evacuation Pause)
[2023-04-09T18:43:47.597+0800][163.106s] GC(230) Using 8 workers of 8 for evacuation
[2023-04-09T18:43:47.598+0800][163.108s] GC(230)   Pre Evacuate Collection Set: 0.0ms
[2023-04-09T18:43:47.598+0800][163.108s] GC(230)   Evacuate Collection Set: 1.1ms
[2023-04-09T18:43:47.598+0800][163.108s] GC(230)   Post Evacuate Collection Set: 0.5ms
[2023-04-09T18:43:47.598+0800][163.108s] GC(230)   Other: 0.2ms
[2023-04-09T18:43:47.599+0800][163.108s] GC(230) Eden regions: 258->0(255)
[2023-04-09T18:43:47.599+0800][163.108s] GC(230) Survivor regions: 6->10(33)
[2023-04-09T18:43:47.599+0800][163.108s] GC(230) Old regions: 128->128
[2023-04-09T18:43:47.599+0800][163.108s] GC(230) Humongous regions: 53->52
[2023-04-09T18:43:47.599+0800][163.108s] GC(230) Metaspace: 60347K(62320K)->60347K(62320K) NonClass: 53294K(54436K)->53294K(54436K) Class: 7052K(7884K)->7052K(7884K)
[2023-04-09T18:43:47.599+0800][163.108s] GC(230) Pause Young (Normal) (G1 Evacuation Pause) 443M->188M(512M) 2.015ms
[2023-04-09T18:43:47.599+0800][163.108s] GC(230) User=0.00s Sys=0.00s Real=0.00s
[2023-04-09T18:43:47.847+0800][163.356s] GC(231) Pause Young (Normal) (G1 Evacuation Pause)
[2023-04-09T18:43:47.847+0800][163.356s] GC(231) Using 8 workers of 8 for evacuation
[2023-04-09T18:43:47.849+0800][163.358s] GC(231)   Pre Evacuate Collection Set: 0.0ms
[2023-04-09T18:43:47.849+0800][163.358s] GC(231)   Evacuate Collection Set: 1.3ms
[2023-04-09T18:43:47.849+0800][163.358s] GC(231)   Post Evacuate Collection Set: 0.5ms
[2023-04-09T18:43:47.849+0800][163.358s] GC(231)   Other: 0.2ms
[2023-04-09T18:43:47.849+0800][163.358s] GC(231) Eden regions: 255->0(253)
[2023-04-09T18:43:47.849+0800][163.358s] GC(231) Survivor regions: 10->12(34)
[2023-04-09T18:43:47.849+0800][163.358s] GC(231) Old regions: 128->128
[2023-04-09T18:43:47.849+0800][163.358s] GC(231) Humongous regions: 53->53
[2023-04-09T18:43:47.849+0800][163.358s] GC(231) Metaspace: 60347K(62320K)->60347K(62320K) NonClass: 53294K(54436K)->53294K(54436K) Class: 7052K(7884K)->7052K(7884K)
[2023-04-09T18:43:47.849+0800][163.358s] GC(231) Pause Young (Normal) (G1 Evacuation Pause) 444M->192M(512M) 2.173ms
[2023-04-09T18:43:47.849+0800][163.358s] GC(231) User=0.00s Sys=0.00s Real=0.00s
[2023-04-09T18:43:48.095+0800][163.604s] GC(232) Pause Young (Normal) (G1 Evacuation Pause)
[2023-04-09T18:43:48.095+0800][163.604s] GC(232) Using 8 workers of 8 for evacuation
[2023-04-09T18:43:48.097+0800][163.606s] GC(232)   Pre Evacuate Collection Set: 0.0ms
[2023-04-09T18:43:48.097+0800][163.606s] GC(232)   Evacuate Collection Set: 1.2ms
[2023-04-09T18:43:48.097+0800][163.606s] GC(232)   Post Evacuate Collection Set: 0.5ms
[2023-04-09T18:43:48.097+0800][163.606s] GC(232)   Other: 0.2ms
[2023-04-09T18:43:48.097+0800][163.606s] GC(232) Eden regions: 253->0(250)
[2023-04-09T18:43:48.097+0800][163.606s] GC(232) Survivor regions: 12->11(34)
[2023-04-09T18:43:48.097+0800][163.606s] GC(232) Old regions: 128->128
[2023-04-09T18:43:48.097+0800][163.606s] GC(232) Humongous regions: 66->59
[2023-04-09T18:43:48.097+0800][163.606s] GC(232) Metaspace: 60347K(62320K)->60347K(62320K) NonClass: 53295K(54436K)->53295K(54436K) Class: 7052K(7884K)->7052K(7884K)
[2023-04-09T18:43:48.097+0800][163.606s] GC(232) Pause Young (Normal) (G1 Evacuation Pause) 458M->196M(512M) 2.098ms
[2023-04-09T18:43:48.097+0800][163.606s] GC(232) User=0.00s Sys=0.00s Real=0.00s
[2023-04-09T18:43:48.560+0800][164.068s] GC(233) Pause Young (Normal) (G1 Evacuation Pause)
[2023-04-09T18:43:48.560+0800][164.068s] GC(233) Using 8 workers of 8 for evacuation
[2023-04-09T18:43:48.562+0800][164.070s] GC(233)   Pre Evacuate Collection Set: 0.0ms
[2023-04-09T18:43:48.562+0800][164.070s] GC(233)   Evacuate Collection Set: 1.3ms
[2023-04-09T18:43:48.562+0800][164.070s] GC(233)   Post Evacuate Collection Set: 0.5ms
[2023-04-09T18:43:48.562+0800][164.070s] GC(233)   Other: 0.2ms
[2023-04-09T18:43:48.562+0800][164.070s] GC(233) Eden regions: 250->0(249)
[2023-04-09T18:43:48.562+0800][164.070s] GC(233) Survivor regions: 11->11(33)
[2023-04-09T18:43:48.562+0800][164.070s] GC(233) Old regions: 128->128
[2023-04-09T18:43:48.562+0800][164.070s] GC(233) Humongous regions: 64->59
[2023-04-09T18:43:48.562+0800][164.070s] GC(233) Metaspace: 60347K(62320K)->60347K(62320K) NonClass: 53295K(54436K)->53295K(54436K) Class: 7052K(7884K)->7052K(7884K)
[2023-04-09T18:43:48.562+0800][164.070s] GC(233) Pause Young (Normal) (G1 Evacuation Pause) 451M->197M(512M) 2.372ms
[2023-04-09T18:43:48.562+0800][164.071s] GC(233) User=0.00s Sys=0.00s Real=0.00s
[2023-04-09T18:43:48.991+0800][164.499s] GC(234) Pause Young (Normal) (G1 Evacuation Pause)
[2023-04-09T18:43:48.991+0800][164.499s] GC(234) Using 8 workers of 8 for evacuation
[2023-04-09T18:43:48.992+0800][164.500s] GC(234)   Pre Evacuate Collection Set: 0.0ms
[2023-04-09T18:43:48.992+0800][164.500s] GC(234)   Evacuate Collection Set: 0.5ms
[2023-04-09T18:43:48.992+0800][164.500s] GC(234)   Post Evacuate Collection Set: 0.5ms
[2023-04-09T18:43:48.992+0800][164.500s] GC(234)   Other: 0.2ms
[2023-04-09T18:43:48.992+0800][164.500s] GC(234) Eden regions: 249->0(258)
[2023-04-09T18:43:48.992+0800][164.500s] GC(234) Survivor regions: 11->4(33)
[2023-04-09T18:43:48.992+0800][164.500s] GC(234) Old regions: 128->128
[2023-04-09T18:43:48.992+0800][164.500s] GC(234) Humongous regions: 59->50
[2023-04-09T18:43:48.992+0800][164.500s] GC(234) Metaspace: 60349K(62320K)->60349K(62320K) NonClass: 53297K(54436K)->53297K(54436K) Class: 7052K(7884K)->7052K(7884K)
[2023-04-09T18:43:48.992+0800][164.501s] GC(234) Pause Young (Normal) (G1 Evacuation Pause) 446M->180M(512M) 1.396ms
[2023-04-09T18:43:48.992+0800][164.501s] GC(234) User=0.00s Sys=0.00s Real=0.00s
[2023-04-09T18:43:49.354+0800][164.862s] GC(235) Pause Young (Normal) (G1 Evacuation Pause)
[2023-04-09T18:43:49.354+0800][164.862s] GC(235) Using 8 workers of 8 for evacuation
[2023-04-09T18:43:49.355+0800][164.864s] GC(235)   Pre Evacuate Collection Set: 0.0ms
[2023-04-09T18:43:49.355+0800][164.864s] GC(235)   Evacuate Collection Set: 0.9ms
[2023-04-09T18:43:49.355+0800][164.864s] GC(235)   Post Evacuate Collection Set: 0.4ms
[2023-04-09T18:43:49.355+0800][164.864s] GC(235)   Other: 0.1ms
[2023-04-09T18:43:49.355+0800][164.864s] GC(235) Eden regions: 258->0(255)
[2023-04-09T18:43:49.355+0800][164.864s] GC(235) Survivor regions: 4->8(33)
[2023-04-09T18:43:49.355+0800][164.864s] GC(235) Old regions: 128->128
[2023-04-09T18:43:49.355+0800][164.864s] GC(235) Humongous regions: 53->52
[2023-04-09T18:43:49.355+0800][164.864s] GC(235) Metaspace: 60349K(62320K)->60349K(62320K) NonClass: 53297K(54436K)->53297K(54436K) Class: 7052K(7884K)->7052K(7884K)
[2023-04-09T18:43:49.355+0800][164.864s] GC(235) Pause Young (Normal) (G1 Evacuation Pause) 441M->187M(512M) 1.670ms
[2023-04-09T18:43:49.355+0800][164.864s] GC(235) User=0.00s Sys=0.00s Real=0.00s
[2023-04-09T18:43:49.842+0800][165.350s] GC(236) Pause Young (Normal) (G1 Evacuation Pause)
[2023-04-09T18:43:49.842+0800][165.350s] GC(236) Using 8 workers of 8 for evacuation
[2023-04-09T18:43:49.843+0800][165.352s] GC(236)   Pre Evacuate Collection Set: 0.0ms
[2023-04-09T18:43:49.843+0800][165.352s] GC(236)   Evacuate Collection Set: 1.1ms
[2023-04-09T18:43:49.843+0800][165.352s] GC(236)   Post Evacuate Collection Set: 0.5ms
[2023-04-09T18:43:49.844+0800][165.352s] GC(236)   Other: 0.3ms
[2023-04-09T18:43:49.844+0800][165.352s] GC(236) Eden regions: 255->0(250)
[2023-04-09T18:43:49.844+0800][165.352s] GC(236) Survivor regions: 8->9(33)
[2023-04-09T18:43:49.844+0800][165.352s] GC(236) Old regions: 128->128
[2023-04-09T18:43:49.844+0800][165.352s] GC(236) Humongous regions: 62->59
[2023-04-09T18:43:49.844+0800][165.352s] GC(236) Metaspace: 60354K(62320K)->60354K(62320K) NonClass: 53301K(54436K)->53301K(54436K) Class: 7052K(7884K)->7052K(7884K)
[2023-04-09T18:43:49.844+0800][165.352s] GC(236) Pause Young (Normal) (G1 Evacuation Pause) 452M->195M(512M) 2.261ms
[2023-04-09T18:43:49.844+0800][165.352s] GC(236) User=0.00s Sys=0.00s Real=0.00s
[2023-04-09T18:43:50.415+0800][165.924s] GC(237) Pause Young (Normal) (G1 Evacuation Pause)
[2023-04-09T18:43:50.415+0800][165.924s] GC(237) Using 8 workers of 8 for evacuation
[2023-04-09T18:43:50.417+0800][165.926s] GC(237)   Pre Evacuate Collection Set: 0.0ms
[2023-04-09T18:43:50.417+0800][165.926s] GC(237)   Evacuate Collection Set: 1.2ms
[2023-04-09T18:43:50.417+0800][165.926s] GC(237)   Post Evacuate Collection Set: 0.5ms
[2023-04-09T18:43:50.417+0800][165.926s] GC(237)   Other: 0.2ms
[2023-04-09T18:43:50.417+0800][165.926s] GC(237) Eden regions: 250->0(249)
[2023-04-09T18:43:50.417+0800][165.926s] GC(237) Survivor regions: 9->10(33)
[2023-04-09T18:43:50.417+0800][165.926s] GC(237) Old regions: 128->128
[2023-04-09T18:43:50.417+0800][165.926s] GC(237) Humongous regions: 69->59
[2023-04-09T18:43:50.417+0800][165.926s] GC(237) Metaspace: 60356K(62320K)->60356K(62320K) NonClass: 53304K(54436K)->53304K(54436K) Class: 7052K(7884K)->7052K(7884K)
[2023-04-09T18:43:50.417+0800][165.926s] GC(237) Pause Young (Normal) (G1 Evacuation Pause) 455M->196M(512M) 2.154ms
[2023-04-09T18:43:50.417+0800][165.926s] GC(237) User=0.00s Sys=0.00s Real=0.00s
[2023-04-09T18:43:50.904+0800][166.413s] GC(238) Pause Young (Normal) (G1 Evacuation Pause)
[2023-04-09T18:43:50.905+0800][166.413s] GC(238) Using 8 workers of 8 for evacuation
[2023-04-09T18:43:50.905+0800][166.414s] GC(238)   Pre Evacuate Collection Set: 0.0ms
[2023-04-09T18:43:50.905+0800][166.414s] GC(238)   Evacuate Collection Set: 0.4ms
[2023-04-09T18:43:50.906+0800][166.414s] GC(238)   Post Evacuate Collection Set: 0.3ms
[2023-04-09T18:43:50.906+0800][166.414s] GC(238)   Other: 0.2ms
[2023-04-09T18:43:50.906+0800][166.414s] GC(238) Eden regions: 249->0(259)
[2023-04-09T18:43:50.906+0800][166.414s] GC(238) Survivor regions: 10->3(33)
[2023-04-09T18:43:50.906+0800][166.414s] GC(238) Old regions: 128->128
[2023-04-09T18:43:50.906+0800][166.414s] GC(238) Humongous regions: 59->50
[2023-04-09T18:43:50.906+0800][166.414s] GC(238) Metaspace: 60358K(62320K)->60358K(62320K) NonClass: 53305K(54436K)->53305K(54436K) Class: 7052K(7884K)->7052K(7884K)
[2023-04-09T18:43:50.906+0800][166.414s] GC(238) Pause Young (Normal) (G1 Evacuation Pause) 445M->180M(512M) 1.255ms
[2023-04-09T18:43:50.906+0800][166.414s] GC(238) User=0.00s Sys=0.00s Real=0.00s
[2023-04-09T18:43:51.344+0800][166.853s] GC(239) Pause Young (Normal) (G1 Evacuation Pause)
[2023-04-09T18:43:51.344+0800][166.853s] GC(239) Using 8 workers of 8 for evacuation
[2023-04-09T18:43:51.345+0800][166.854s] GC(239)   Pre Evacuate Collection Set: 0.0ms
[2023-04-09T18:43:51.346+0800][166.854s] GC(239)   Evacuate Collection Set: 0.9ms
[2023-04-09T18:43:51.346+0800][166.854s] GC(239)   Post Evacuate Collection Set: 0.4ms
[2023-04-09T18:43:51.346+0800][166.854s] GC(239)   Other: 0.2ms
[2023-04-09T18:43:51.346+0800][166.854s] GC(239) Eden regions: 259->0(255)
[2023-04-09T18:43:51.346+0800][166.854s] GC(239) Survivor regions: 3->8(33)
[2023-04-09T18:43:51.346+0800][166.854s] GC(239) Old regions: 128->128
[2023-04-09T18:43:51.346+0800][166.854s] GC(239) Humongous regions: 53->52
[2023-04-09T18:43:51.346+0800][166.855s] GC(239) Metaspace: 60358K(62320K)->60358K(62320K) NonClass: 53305K(54436K)->53305K(54436K) Class: 7052K(7884K)->7052K(7884K)
[2023-04-09T18:43:51.346+0800][166.855s] GC(239) Pause Young (Normal) (G1 Evacuation Pause) 442M->187M(512M) 1.745ms
[2023-04-09T18:43:51.346+0800][166.855s] GC(239) User=0.00s Sys=0.00s Real=0.00s
[2023-04-09T18:43:51.732+0800][167.241s] GC(240) Pause Young (Normal) (G1 Evacuation Pause)
[2023-04-09T18:43:51.732+0800][167.241s] GC(240) Using 8 workers of 8 for evacuation
[2023-04-09T18:43:51.734+0800][167.243s] GC(240)   Pre Evacuate Collection Set: 0.0ms
[2023-04-09T18:43:51.734+0800][167.243s] GC(240)   Evacuate Collection Set: 1.0ms
[2023-04-09T18:43:51.734+0800][167.243s] GC(240)   Post Evacuate Collection Set: 0.6ms
[2023-04-09T18:43:51.734+0800][167.243s] GC(240)   Other: 0.2ms
[2023-04-09T18:43:51.734+0800][167.243s] GC(240) Eden regions: 255->0(249)
[2023-04-09T18:43:51.734+0800][167.243s] GC(240) Survivor regions: 8->10(33)
[2023-04-09T18:43:51.734+0800][167.243s] GC(240) Old regions: 128->128
[2023-04-09T18:43:51.734+0800][167.243s] GC(240) Humongous regions: 58->58
[2023-04-09T18:43:51.734+0800][167.243s] GC(240) Metaspace: 60358K(62320K)->60358K(62320K) NonClass: 53305K(54436K)->53305K(54436K) Class: 7052K(7884K)->7052K(7884K)
[2023-04-09T18:43:51.734+0800][167.243s] GC(240) Pause Young (Normal) (G1 Evacuation Pause) 448M->194M(512M) 1.998ms
[2023-04-09T18:43:51.734+0800][167.243s] GC(240) User=0.00s Sys=0.00s Real=0.00s
[2023-04-09T18:43:52.236+0800][167.745s] GC(241) Pause Young (Normal) (G1 Evacuation Pause)
[2023-04-09T18:43:52.236+0800][167.745s] GC(241) Using 8 workers of 8 for evacuation
[2023-04-09T18:43:52.238+0800][167.747s] GC(241)   Pre Evacuate Collection Set: 0.1ms
[2023-04-09T18:43:52.238+0800][167.747s] GC(241)   Evacuate Collection Set: 1.1ms
[2023-04-09T18:43:52.238+0800][167.747s] GC(241)   Post Evacuate Collection Set: 0.6ms
[2023-04-09T18:43:52.238+0800][167.747s] GC(241)   Other: 0.2ms
[2023-04-09T18:43:52.238+0800][167.747s] GC(241) Eden regions: 249->0(249)
[2023-04-09T18:43:52.238+0800][167.747s] GC(241) Survivor regions: 10->10(33)
[2023-04-09T18:43:52.238+0800][167.747s] GC(241) Old regions: 128->128
[2023-04-09T18:43:52.238+0800][167.747s] GC(241) Humongous regions: 71->59
[2023-04-09T18:43:52.238+0800][167.747s] GC(241) Metaspace: 60358K(62320K)->60358K(62320K) NonClass: 53306K(54436K)->53306K(54436K) Class: 7052K(7884K)->7052K(7884K)
[2023-04-09T18:43:52.238+0800][167.747s] GC(241) Pause Young (Normal) (G1 Evacuation Pause) 456M->196M(512M) 2.029ms
[2023-04-09T18:43:52.238+0800][167.747s] GC(241) User=0.00s Sys=0.00s Real=0.00s
[2023-04-09T18:43:52.693+0800][168.202s] GC(242) Pause Young (Normal) (G1 Evacuation Pause)
[2023-04-09T18:43:52.693+0800][168.202s] GC(242) Using 8 workers of 8 for evacuation
[2023-04-09T18:43:52.694+0800][168.203s] GC(242)   Pre Evacuate Collection Set: 0.1ms
[2023-04-09T18:43:52.695+0800][168.203s] GC(242)   Evacuate Collection Set: 0.5ms
[2023-04-09T18:43:52.695+0800][168.203s] GC(242)   Post Evacuate Collection Set: 0.5ms
[2023-04-09T18:43:52.695+0800][168.203s] GC(242)   Other: 0.2ms
[2023-04-09T18:43:52.695+0800][168.203s] GC(242) Eden regions: 249->0(258)
[2023-04-09T18:43:52.695+0800][168.203s] GC(242) Survivor regions: 10->4(33)
[2023-04-09T18:43:52.695+0800][168.203s] GC(242) Old regions: 128->128
[2023-04-09T18:43:52.695+0800][168.204s] GC(242) Humongous regions: 60->51
[2023-04-09T18:43:52.695+0800][168.204s] GC(242) Metaspace: 60358K(62320K)->60358K(62320K) NonClass: 53306K(54436K)->53306K(54436K) Class: 7052K(7884K)->7052K(7884K)
[2023-04-09T18:43:52.695+0800][168.204s] GC(242) Pause Young (Normal) (G1 Evacuation Pause) 446M->182M(512M) 1.648ms
[2023-04-09T18:43:52.695+0800][168.204s] GC(242) User=0.00s Sys=0.00s Real=0.00s
[2023-04-09T18:43:53.074+0800][168.583s] GC(243) Pause Young (Normal) (G1 Evacuation Pause)
[2023-04-09T18:43:53.074+0800][168.583s] GC(243) Using 8 workers of 8 for evacuation
[2023-04-09T18:43:53.076+0800][168.585s] GC(243)   Pre Evacuate Collection Set: 0.0ms
[2023-04-09T18:43:53.076+0800][168.585s] GC(243)   Evacuate Collection Set: 1.0ms
[2023-04-09T18:43:53.076+0800][168.585s] GC(243)   Post Evacuate Collection Set: 0.5ms
[2023-04-09T18:43:53.076+0800][168.585s] GC(243)   Other: 0.2ms
[2023-04-09T18:43:53.076+0800][168.585s] GC(243) Eden regions: 258->0(254)
[2023-04-09T18:43:53.076+0800][168.585s] GC(243) Survivor regions: 4->9(33)
[2023-04-09T18:43:53.076+0800][168.585s] GC(243) Old regions: 128->128
[2023-04-09T18:43:53.076+0800][168.585s] GC(243) Humongous regions: 53->52
[2023-04-09T18:43:53.076+0800][168.585s] GC(243) Metaspace: 60358K(62320K)->60358K(62320K) NonClass: 53306K(54436K)->53306K(54436K) Class: 7052K(7884K)->7052K(7884K)
[2023-04-09T18:43:53.076+0800][168.585s] GC(243) Pause Young (Normal) (G1 Evacuation Pause) 442M->188M(512M) 2.184ms
[2023-04-09T18:43:53.076+0800][168.586s] GC(243) User=0.00s Sys=0.00s Real=0.00s
[2023-04-09T18:43:53.461+0800][168.969s] GC(244) Pause Young (Normal) (G1 Evacuation Pause)
[2023-04-09T18:43:53.461+0800][168.969s] GC(244) Using 8 workers of 8 for evacuation
[2023-04-09T18:43:53.462+0800][168.971s] GC(244)   Pre Evacuate Collection Set: 0.0ms
[2023-04-09T18:43:53.462+0800][168.971s] GC(244)   Evacuate Collection Set: 1.1ms
[2023-04-09T18:43:53.462+0800][168.971s] GC(244)   Post Evacuate Collection Set: 0.5ms
[2023-04-09T18:43:53.463+0800][168.971s] GC(244)   Other: 0.2ms
[2023-04-09T18:43:53.463+0800][168.971s] GC(244) Eden regions: 254->0(248)
[2023-04-09T18:43:53.463+0800][168.971s] GC(244) Survivor regions: 9->10(33)
[2023-04-09T18:43:53.463+0800][168.971s] GC(244) Old regions: 128->128
[2023-04-09T18:43:53.463+0800][168.971s] GC(244) Humongous regions: 66->59
[2023-04-09T18:43:53.463+0800][168.971s] GC(244) Metaspace: 60358K(62320K)->60358K(62320K) NonClass: 53306K(54436K)->53306K(54436K) Class: 7052K(7884K)->7052K(7884K)
[2023-04-09T18:43:53.463+0800][168.971s] GC(244) Pause Young (Normal) (G1 Evacuation Pause) 456M->196M(512M) 2.094ms
[2023-04-09T18:43:53.463+0800][168.971s] GC(244) User=0.00s Sys=0.00s Real=0.00s
[2023-04-09T18:43:53.933+0800][169.442s] GC(245) Pause Young (Normal) (G1 Evacuation Pause)
[2023-04-09T18:43:53.933+0800][169.442s] GC(245) Using 8 workers of 8 for evacuation
[2023-04-09T18:43:53.935+0800][169.444s] GC(245)   Pre Evacuate Collection Set: 0.0ms
[2023-04-09T18:43:53.935+0800][169.444s] GC(245)   Evacuate Collection Set: 1.1ms
[2023-04-09T18:43:53.935+0800][169.444s] GC(245)   Post Evacuate Collection Set: 0.5ms
[2023-04-09T18:43:53.935+0800][169.444s] GC(245)   Other: 0.2ms
[2023-04-09T18:43:53.935+0800][169.444s] GC(245) Eden regions: 248->0(248)
[2023-04-09T18:43:53.935+0800][169.444s] GC(245) Survivor regions: 10->10(33)
[2023-04-09T18:43:53.935+0800][169.444s] GC(245) Old regions: 128->128
[2023-04-09T18:43:53.935+0800][169.444s] GC(245) Humongous regions: 64->59
[2023-04-09T18:43:53.935+0800][169.444s] GC(245) Metaspace: 60358K(62320K)->60358K(62320K) NonClass: 53306K(54436K)->53306K(54436K) Class: 7052K(7884K)->7052K(7884K)
[2023-04-09T18:43:53.935+0800][169.444s] GC(245) Pause Young (Normal) (G1 Evacuation Pause) 449M->196M(512M) 1.891ms
[2023-04-09T18:43:53.935+0800][169.444s] GC(245) User=0.00s Sys=0.00s Real=0.00s
[2023-04-09T18:43:54.365+0800][169.875s] GC(246) Pause Young (Normal) (G1 Evacuation Pause)
[2023-04-09T18:43:54.365+0800][169.875s] GC(246) Using 8 workers of 8 for evacuation
[2023-04-09T18:43:54.367+0800][169.876s] GC(246)   Pre Evacuate Collection Set: 0.0ms
[2023-04-09T18:43:54.367+0800][169.876s] GC(246)   Evacuate Collection Set: 0.6ms
[2023-04-09T18:43:54.367+0800][169.876s] GC(246)   Post Evacuate Collection Set: 0.6ms
[2023-04-09T18:43:54.367+0800][169.876s] GC(246)   Other: 0.2ms
[2023-04-09T18:43:54.367+0800][169.876s] GC(246) Eden regions: 248->0(256)
[2023-04-09T18:43:54.367+0800][169.876s] GC(246) Survivor regions: 10->4(33)
[2023-04-09T18:43:54.367+0800][169.876s] GC(246) Old regions: 128->128
[2023-04-09T18:43:54.367+0800][169.876s] GC(246) Humongous regions: 60->51
[2023-04-09T18:43:54.367+0800][169.876s] GC(246) Metaspace: 60359K(62320K)->60359K(62320K) NonClass: 53306K(54436K)->53306K(54436K) Class: 7052K(7884K)->7052K(7884K)
[2023-04-09T18:43:54.367+0800][169.876s] GC(246) Pause Young (Normal) (G1 Evacuation Pause) 445M->182M(512M) 1.475ms
[2023-04-09T18:43:54.367+0800][169.876s] GC(246) User=0.00s Sys=0.00s Real=0.00s
[2023-04-09T18:43:54.846+0800][170.355s] GC(247) Pause Young (Normal) (G1 Evacuation Pause)
[2023-04-09T18:43:54.846+0800][170.355s] GC(247) Using 8 workers of 8 for evacuation
[2023-04-09T18:43:54.848+0800][170.357s] GC(247)   Pre Evacuate Collection Set: 0.0ms
[2023-04-09T18:43:54.848+0800][170.357s] GC(247)   Evacuate Collection Set: 1.0ms
[2023-04-09T18:43:54.848+0800][170.357s] GC(247)   Post Evacuate Collection Set: 0.4ms
[2023-04-09T18:43:54.848+0800][170.357s] GC(247)   Other: 0.3ms
[2023-04-09T18:43:54.848+0800][170.357s] GC(247) Eden regions: 256->0(252)
[2023-04-09T18:43:54.848+0800][170.357s] GC(247) Survivor regions: 4->10(33)
[2023-04-09T18:43:54.848+0800][170.357s] GC(247) Old regions: 128->128
[2023-04-09T18:43:54.848+0800][170.357s] GC(247) Humongous regions: 53->52
[2023-04-09T18:43:54.848+0800][170.357s] GC(247) Metaspace: 60359K(62320K)->60359K(62320K) NonClass: 53306K(54436K)->53306K(54436K) Class: 7052K(7884K)->7052K(7884K)
[2023-04-09T18:43:54.848+0800][170.357s] GC(247) Pause Young (Normal) (G1 Evacuation Pause) 440M->188M(512M) 2.053ms
[2023-04-09T18:43:54.848+0800][170.357s] GC(247) User=0.00s Sys=0.00s Real=0.00s
[2023-04-09T18:43:55.272+0800][170.781s] GC(248) Pause Young (Normal) (G1 Evacuation Pause)
[2023-04-09T18:43:55.272+0800][170.781s] GC(248) Using 8 workers of 8 for evacuation
[2023-04-09T18:43:55.274+0800][170.783s] GC(248)   Pre Evacuate Collection Set: 0.0ms
[2023-04-09T18:43:55.274+0800][170.783s] GC(248)   Evacuate Collection Set: 1.1ms
[2023-04-09T18:43:55.274+0800][170.783s] GC(248)   Post Evacuate Collection Set: 0.6ms
[2023-04-09T18:43:55.274+0800][170.783s] GC(248)   Other: 0.2ms
[2023-04-09T18:43:55.274+0800][170.783s] GC(248) Eden regions: 252->0(247)
[2023-04-09T18:43:55.274+0800][170.783s] GC(248) Survivor regions: 10->10(33)
[2023-04-09T18:43:55.274+0800][170.783s] GC(248) Old regions: 128->128
[2023-04-09T18:43:55.274+0800][170.783s] GC(248) Humongous regions: 66->59
[2023-04-09T18:43:55.274+0800][170.783s] GC(248) Metaspace: 60359K(62320K)->60359K(62320K) NonClass: 53306K(54436K)->53306K(54436K) Class: 7052K(7884K)->7052K(7884K)
[2023-04-09T18:43:55.274+0800][170.783s] GC(248) Pause Young (Normal) (G1 Evacuation Pause) 454M->196M(512M) 2.044ms
[2023-04-09T18:43:55.274+0800][170.783s] GC(248) User=0.00s Sys=0.00s Real=0.00s
[2023-04-09T18:43:55.736+0800][171.245s] GC(249) Pause Young (Normal) (G1 Evacuation Pause)
[2023-04-09T18:43:55.736+0800][171.245s] GC(249) Using 8 workers of 8 for evacuation
[2023-04-09T18:43:55.738+0800][171.247s] GC(249)   Pre Evacuate Collection Set: 0.0ms
[2023-04-09T18:43:55.738+0800][171.247s] GC(249)   Evacuate Collection Set: 1.1ms
[2023-04-09T18:43:55.738+0800][171.247s] GC(249)   Post Evacuate Collection Set: 0.5ms
[2023-04-09T18:43:55.738+0800][171.247s] GC(249)   Other: 0.2ms
[2023-04-09T18:43:55.738+0800][171.247s] GC(249) Eden regions: 247->0(247)
[2023-04-09T18:43:55.738+0800][171.247s] GC(249) Survivor regions: 10->11(33)
[2023-04-09T18:43:55.738+0800][171.247s] GC(249) Old regions: 128->128
[2023-04-09T18:43:55.738+0800][171.247s] GC(249) Humongous regions: 64->59
[2023-04-09T18:43:55.738+0800][171.247s] GC(249) Metaspace: 60359K(62320K)->60359K(62320K) NonClass: 53307K(54436K)->53307K(54436K) Class: 7052K(7884K)->7052K(7884K)
[2023-04-09T18:43:55.738+0800][171.247s] GC(249) Pause Young (Normal) (G1 Evacuation Pause) 448M->196M(512M) 1.946ms
[2023-04-09T18:43:55.738+0800][171.247s] GC(249) User=0.00s Sys=0.00s Real=0.00s
[2023-04-09T18:43:56.307+0800][171.816s] GC(250) Pause Young (Normal) (G1 Evacuation Pause)
[2023-04-09T18:43:56.307+0800][171.816s] GC(250) Using 8 workers of 8 for evacuation
[2023-04-09T18:43:56.308+0800][171.817s] GC(250)   Pre Evacuate Collection Set: 0.0ms
[2023-04-09T18:43:56.308+0800][171.817s] GC(250)   Evacuate Collection Set: 0.7ms
[2023-04-09T18:43:56.308+0800][171.817s] GC(250)   Post Evacuate Collection Set: 0.4ms
[2023-04-09T18:43:56.308+0800][171.817s] GC(250)   Other: 0.1ms
[2023-04-09T18:43:56.308+0800][171.817s] GC(250) Eden regions: 247->0(254)
[2023-04-09T18:43:56.308+0800][171.817s] GC(250) Survivor regions: 11->5(33)
[2023-04-09T18:43:56.308+0800][171.817s] GC(250) Old regions: 128->128
[2023-04-09T18:43:56.308+0800][171.817s] GC(250) Humongous regions: 60->51
[2023-04-09T18:43:56.308+0800][171.817s] GC(250) Metaspace: 60359K(62320K)->60359K(62320K) NonClass: 53307K(54436K)->53307K(54436K) Class: 7052K(7884K)->7052K(7884K)
[2023-04-09T18:43:56.309+0800][171.817s] GC(250) Pause Young (Normal) (G1 Evacuation Pause) 444M->183M(512M) 1.514ms
[2023-04-09T18:43:56.309+0800][171.817s] GC(250) User=0.11s Sys=0.00s Real=0.00s
[2023-04-09T18:43:56.756+0800][172.265s] GC(251) Pause Young (Normal) (G1 Evacuation Pause)
[2023-04-09T18:43:56.756+0800][172.265s] GC(251) Using 8 workers of 8 for evacuation
[2023-04-09T18:43:56.757+0800][172.266s] GC(251)   Pre Evacuate Collection Set: 0.0ms
[2023-04-09T18:43:56.757+0800][172.266s] GC(251)   Evacuate Collection Set: 1.0ms
[2023-04-09T18:43:56.757+0800][172.266s] GC(251)   Post Evacuate Collection Set: 0.4ms
[2023-04-09T18:43:56.757+0800][172.266s] GC(251)   Other: 0.2ms
[2023-04-09T18:43:56.757+0800][172.266s] GC(251) Eden regions: 254->0(250)
[2023-04-09T18:43:56.757+0800][172.266s] GC(251) Survivor regions: 5->10(33)
[2023-04-09T18:43:56.757+0800][172.266s] GC(251) Old regions: 128->128
[2023-04-09T18:43:56.757+0800][172.266s] GC(251) Humongous regions: 54->53
[2023-04-09T18:43:56.757+0800][172.266s] GC(251) Metaspace: 60359K(62320K)->60359K(62320K) NonClass: 53307K(54436K)->53307K(54436K) Class: 7052K(7884K)->7052K(7884K)
[2023-04-09T18:43:56.757+0800][172.267s] GC(251) Pause Young (Normal) (G1 Evacuation Pause) 440M->190M(512M) 1.870ms
[2023-04-09T18:43:56.757+0800][172.267s] GC(251) User=0.00s Sys=0.00s Real=0.00s
[2023-04-09T18:43:57.259+0800][172.768s] GC(252) Pause Young (Normal) (G1 Evacuation Pause)
[2023-04-09T18:43:57.259+0800][172.768s] GC(252) Using 8 workers of 8 for evacuation
[2023-04-09T18:43:57.262+0800][172.770s] GC(252)   Pre Evacuate Collection Set: 0.2ms
[2023-04-09T18:43:57.262+0800][172.771s] GC(252)   Evacuate Collection Set: 1.5ms
[2023-04-09T18:43:57.262+0800][172.771s] GC(252)   Post Evacuate Collection Set: 0.5ms
[2023-04-09T18:43:57.262+0800][172.771s] GC(252)   Other: 0.3ms
[2023-04-09T18:43:57.262+0800][172.771s] GC(252) Eden regions: 250->0(246)
[2023-04-09T18:43:57.262+0800][172.771s] GC(252) Survivor regions: 10->11(33)
[2023-04-09T18:43:57.262+0800][172.771s] GC(252) Old regions: 128->128
[2023-04-09T18:43:57.262+0800][172.771s] GC(252) Humongous regions: 71->59
[2023-04-09T18:43:57.262+0800][172.771s] GC(252) Metaspace: 60359K(62320K)->60359K(62320K) NonClass: 53307K(54436K)->53307K(54436K) Class: 7052K(7884K)->7052K(7884K)
[2023-04-09T18:43:57.262+0800][172.771s] GC(252) Pause Young (Normal) (G1 Evacuation Pause) 458M->196M(512M) 2.779ms
[2023-04-09T18:43:57.262+0800][172.771s] GC(252) User=0.09s Sys=0.00s Real=0.00s
[2023-04-09T18:43:57.745+0800][173.254s] GC(253) Pause Young (Normal) (G1 Evacuation Pause)
[2023-04-09T18:43:57.746+0800][173.254s] GC(253) Using 8 workers of 8 for evacuation
[2023-04-09T18:43:57.747+0800][173.256s] GC(253)   Pre Evacuate Collection Set: 0.0ms
[2023-04-09T18:43:57.747+0800][173.256s] GC(253)   Evacuate Collection Set: 1.1ms
[2023-04-09T18:43:57.747+0800][173.256s] GC(253)   Post Evacuate Collection Set: 0.5ms
[2023-04-09T18:43:57.747+0800][173.256s] GC(253)   Other: 0.2ms
[2023-04-09T18:43:57.747+0800][173.256s] GC(253) Eden regions: 246->0(248)
[2023-04-09T18:43:57.747+0800][173.256s] GC(253) Survivor regions: 11->10(33)
[2023-04-09T18:43:57.747+0800][173.256s] GC(253) Old regions: 128->128
[2023-04-09T18:43:57.747+0800][173.256s] GC(253) Humongous regions: 59->59
[2023-04-09T18:43:57.747+0800][173.256s] GC(253) Metaspace: 60360K(62320K)->60360K(62320K) NonClass: 53308K(54436K)->53308K(54436K) Class: 7052K(7884K)->7052K(7884K)
[2023-04-09T18:43:57.747+0800][173.256s] GC(253) Pause Young (Normal) (G1 Evacuation Pause) 442M->196M(512M) 2.002ms
[2023-04-09T18:43:57.747+0800][173.256s] GC(253) User=0.00s Sys=0.02s Real=0.00s
[2023-04-09T18:43:58.209+0800][173.718s] GC(254) Pause Young (Normal) (G1 Evacuation Pause)
[2023-04-09T18:43:58.209+0800][173.718s] GC(254) Using 8 workers of 8 for evacuation
[2023-04-09T18:43:58.211+0800][173.719s] GC(254)   Pre Evacuate Collection Set: 0.0ms
[2023-04-09T18:43:58.211+0800][173.719s] GC(254)   Evacuate Collection Set: 0.8ms
[2023-04-09T18:43:58.211+0800][173.719s] GC(254)   Post Evacuate Collection Set: 0.5ms
[2023-04-09T18:43:58.211+0800][173.719s] GC(254)   Other: 0.2ms
[2023-04-09T18:43:58.211+0800][173.719s] GC(254) Eden regions: 248->0(256)
[2023-04-09T18:43:58.211+0800][173.719s] GC(254) Survivor regions: 10->5(33)
[2023-04-09T18:43:58.211+0800][173.719s] GC(254) Old regions: 128->128
[2023-04-09T18:43:58.211+0800][173.720s] GC(254) Humongous regions: 60->51
[2023-04-09T18:43:58.211+0800][173.720s] GC(254) Metaspace: 60363K(62320K)->60363K(62320K) NonClass: 53311K(54436K)->53311K(54436K) Class: 7052K(7884K)->7052K(7884K)
[2023-04-09T18:43:58.211+0800][173.720s] GC(254) Pause Young (Normal) (G1 Evacuation Pause) 445M->183M(512M) 1.812ms
[2023-04-09T18:43:58.211+0800][173.720s] GC(254) User=0.00s Sys=0.00s Real=0.00s
[2023-04-09T18:43:58.612+0800][174.121s] GC(255) Pause Young (Normal) (G1 Evacuation Pause)
[2023-04-09T18:43:58.612+0800][174.121s] GC(255) Using 8 workers of 8 for evacuation
[2023-04-09T18:43:58.614+0800][174.123s] GC(255)   Pre Evacuate Collection Set: 0.0ms
[2023-04-09T18:43:58.614+0800][174.123s] GC(255)   Evacuate Collection Set: 1.0ms
[2023-04-09T18:43:58.614+0800][174.123s] GC(255)   Post Evacuate Collection Set: 0.6ms
[2023-04-09T18:43:58.614+0800][174.123s] GC(255)   Other: 0.2ms
[2023-04-09T18:43:58.614+0800][174.123s] GC(255) Eden regions: 256->0(252)
[2023-04-09T18:43:58.614+0800][174.123s] GC(255) Survivor regions: 5->10(33)
[2023-04-09T18:43:58.614+0800][174.123s] GC(255) Old regions: 128->128
[2023-04-09T18:43:58.614+0800][174.123s] GC(255) Humongous regions: 54->53
[2023-04-09T18:43:58.614+0800][174.123s] GC(255) Metaspace: 60363K(62320K)->60363K(62320K) NonClass: 53311K(54436K)->53311K(54436K) Class: 7052K(7884K)->7052K(7884K)
[2023-04-09T18:43:58.614+0800][174.123s] GC(255) Pause Young (Normal) (G1 Evacuation Pause) 442M->190M(512M) 2.005ms
[2023-04-09T18:43:58.614+0800][174.123s] GC(255) User=0.00s Sys=0.00s Real=0.00s
[2023-04-09T18:43:59.029+0800][174.538s] GC(256) Pause Young (Normal) (G1 Evacuation Pause)
[2023-04-09T18:43:59.029+0800][174.538s] GC(256) Using 8 workers of 8 for evacuation
[2023-04-09T18:43:59.031+0800][174.540s] GC(256)   Pre Evacuate Collection Set: 0.0ms
[2023-04-09T18:43:59.031+0800][174.540s] GC(256)   Evacuate Collection Set: 1.1ms
[2023-04-09T18:43:59.031+0800][174.540s] GC(256)   Post Evacuate Collection Set: 0.6ms
[2023-04-09T18:43:59.031+0800][174.540s] GC(256)   Other: 0.2ms
[2023-04-09T18:43:59.031+0800][174.540s] GC(256) Eden regions: 252->0(247)
[2023-04-09T18:43:59.031+0800][174.540s] GC(256) Survivor regions: 10->10(33)
[2023-04-09T18:43:59.031+0800][174.540s] GC(256) Old regions: 128->128
[2023-04-09T18:43:59.031+0800][174.540s] GC(256) Humongous regions: 71->59
[2023-04-09T18:43:59.031+0800][174.540s] GC(256) Metaspace: 60364K(62320K)->60364K(62320K) NonClass: 53311K(54436K)->53311K(54436K) Class: 7052K(7884K)->7052K(7884K)
[2023-04-09T18:43:59.031+0800][174.540s] GC(256) Pause Young (Normal) (G1 Evacuation Pause) 460M->196M(512M) 2.074ms
[2023-04-09T18:43:59.031+0800][174.540s] GC(256) User=0.00s Sys=0.00s Real=0.00s
[2023-04-09T18:43:59.573+0800][175.081s] GC(257) Pause Young (Normal) (G1 Evacuation Pause)
[2023-04-09T18:43:59.573+0800][175.081s] GC(257) Using 8 workers of 8 for evacuation
[2023-04-09T18:43:59.574+0800][175.082s] GC(257)   Pre Evacuate Collection Set: 0.1ms
[2023-04-09T18:43:59.574+0800][175.082s] GC(257)   Evacuate Collection Set: 0.3ms
[2023-04-09T18:43:59.574+0800][175.082s] GC(257)   Post Evacuate Collection Set: 0.5ms
[2023-04-09T18:43:59.574+0800][175.082s] GC(257)   Other: 0.2ms
[2023-04-09T18:43:59.574+0800][175.082s] GC(257) Eden regions: 247->0(259)
[2023-04-09T18:43:59.574+0800][175.082s] GC(257) Survivor regions: 10->1(33)
[2023-04-09T18:43:59.574+0800][175.082s] GC(257) Old regions: 128->128
[2023-04-09T18:43:59.574+0800][175.082s] GC(257) Humongous regions: 59->50
[2023-04-09T18:43:59.574+0800][175.082s] GC(257) Metaspace: 60365K(62320K)->60365K(62320K) NonClass: 53312K(54436K)->53312K(54436K) Class: 7052K(7884K)->7052K(7884K)
[2023-04-09T18:43:59.574+0800][175.082s] GC(257) Pause Young (Normal) (G1 Evacuation Pause) 443M->178M(512M) 1.245ms
[2023-04-09T18:43:59.574+0800][175.082s] GC(257) User=0.02s Sys=0.00s Real=0.00s
[2023-04-09T18:43:59.965+0800][175.474s] GC(258) Pause Young (Normal) (G1 Evacuation Pause)
[2023-04-09T18:43:59.965+0800][175.474s] GC(258) Using 8 workers of 8 for evacuation
[2023-04-09T18:43:59.967+0800][175.476s] GC(258)   Pre Evacuate Collection Set: 0.0ms
[2023-04-09T18:43:59.967+0800][175.476s] GC(258)   Evacuate Collection Set: 0.7ms
[2023-04-09T18:43:59.967+0800][175.476s] GC(258)   Post Evacuate Collection Set: 0.6ms
[2023-04-09T18:43:59.967+0800][175.476s] GC(258)   Other: 0.2ms
[2023-04-09T18:43:59.967+0800][175.476s] GC(258) Eden regions: 259->0(255)
[2023-04-09T18:43:59.967+0800][175.476s] GC(258) Survivor regions: 1->7(33)
[2023-04-09T18:43:59.967+0800][175.476s] GC(258) Old regions: 128->128
[2023-04-09T18:43:59.967+0800][175.476s] GC(258) Humongous regions: 53->52
[2023-04-09T18:43:59.967+0800][175.476s] GC(258) Metaspace: 60365K(62320K)->60365K(62320K) NonClass: 53312K(54436K)->53312K(54436K) Class: 7052K(7884K)->7052K(7884K)
[2023-04-09T18:43:59.967+0800][175.476s] GC(258) Pause Young (Normal) (G1 Evacuation Pause) 440M->186M(512M) 1.718ms
[2023-04-09T18:43:59.967+0800][175.476s] GC(258) User=0.00s Sys=0.00s Real=0.00s
[2023-04-09T18:44:00.338+0800][175.847s] GC(259) Pause Young (Normal) (G1 Evacuation Pause)
[2023-04-09T18:44:00.338+0800][175.847s] GC(259) Using 8 workers of 8 for evacuation
[2023-04-09T18:44:00.339+0800][175.849s] GC(259)   Pre Evacuate Collection Set: 0.0ms
[2023-04-09T18:44:00.339+0800][175.849s] GC(259)   Evacuate Collection Set: 1.2ms
[2023-04-09T18:44:00.339+0800][175.849s] GC(259)   Post Evacuate Collection Set: 0.6ms
[2023-04-09T18:44:00.339+0800][175.849s] GC(259)   Other: 0.2ms
[2023-04-09T18:44:00.339+0800][175.849s] GC(259) Eden regions: 255->0(252)
[2023-04-09T18:44:00.339+0800][175.849s] GC(259) Survivor regions: 7->11(33)
[2023-04-09T18:44:00.339+0800][175.849s] GC(259) Old regions: 128->128
[2023-04-09T18:44:00.339+0800][175.849s] GC(259) Humongous regions: 53->53
[2023-04-09T18:44:00.339+0800][175.849s] GC(259) Metaspace: 60365K(62320K)->60365K(62320K) NonClass: 53312K(54436K)->53312K(54436K) Class: 7052K(7884K)->7052K(7884K)
[2023-04-09T18:44:00.339+0800][175.849s] GC(259) Pause Young (Normal) (G1 Evacuation Pause) 442M->191M(512M) 2.254ms
[2023-04-09T18:44:00.339+0800][175.849s] GC(259) User=0.00s Sys=0.00s Real=0.00s
[2023-04-09T18:44:00.924+0800][176.433s] GC(260) Pause Young (Normal) (G1 Evacuation Pause)
[2023-04-09T18:44:00.924+0800][176.433s] GC(260) Using 8 workers of 8 for evacuation
[2023-04-09T18:44:00.926+0800][176.435s] GC(260)   Pre Evacuate Collection Set: 0.0ms
[2023-04-09T18:44:00.926+0800][176.435s] GC(260)   Evacuate Collection Set: 1.1ms
[2023-04-09T18:44:00.926+0800][176.435s] GC(260)   Post Evacuate Collection Set: 0.6ms
[2023-04-09T18:44:00.926+0800][176.435s] GC(260)   Other: 0.2ms
[2023-04-09T18:44:00.926+0800][176.435s] GC(260) Eden regions: 252->0(247)
[2023-04-09T18:44:00.926+0800][176.435s] GC(260) Survivor regions: 11->11(33)
[2023-04-09T18:44:00.926+0800][176.436s] GC(260) Old regions: 128->128
[2023-04-09T18:44:00.926+0800][176.436s] GC(260) Humongous regions: 71->59
[2023-04-09T18:44:00.927+0800][176.436s] GC(260) Metaspace: 60366K(62320K)->60366K(62320K) NonClass: 53313K(54436K)->53313K(54436K) Class: 7052K(7884K)->7052K(7884K)
[2023-04-09T18:44:00.927+0800][176.436s] GC(260) Pause Young (Normal) (G1 Evacuation Pause) 461M->197M(512M) 2.454ms
[2023-04-09T18:44:00.927+0800][176.436s] GC(260) User=0.00s Sys=0.00s Real=0.00s
[2023-04-09T18:44:01.384+0800][176.894s] GC(261) Pause Young (Normal) (G1 Evacuation Pause)
[2023-04-09T18:44:01.385+0800][176.894s] GC(261) Using 8 workers of 8 for evacuation
[2023-04-09T18:44:01.385+0800][176.895s] GC(261)   Pre Evacuate Collection Set: 0.0ms
[2023-04-09T18:44:01.386+0800][176.895s] GC(261)   Evacuate Collection Set: 0.4ms
[2023-04-09T18:44:01.386+0800][176.895s] GC(261)   Post Evacuate Collection Set: 0.4ms
[2023-04-09T18:44:01.386+0800][176.895s] GC(261)   Other: 0.2ms
[2023-04-09T18:44:01.386+0800][176.895s] GC(261) Eden regions: 247->0(260)
[2023-04-09T18:44:01.386+0800][176.895s] GC(261) Survivor regions: 11->3(33)
[2023-04-09T18:44:01.386+0800][176.895s] GC(261) Old regions: 128->128
[2023-04-09T18:44:01.386+0800][176.895s] GC(261) Humongous regions: 59->50
[2023-04-09T18:44:01.386+0800][176.895s] GC(261) Metaspace: 60368K(62320K)->60368K(62320K) NonClass: 53316K(54436K)->53316K(54436K) Class: 7052K(7884K)->7052K(7884K)
[2023-04-09T18:44:01.386+0800][176.895s] GC(261) Pause Young (Normal) (G1 Evacuation Pause) 444M->180M(512M) 1.296ms
[2023-04-09T18:44:01.386+0800][176.895s] GC(261) User=0.02s Sys=0.00s Real=0.00s
[2023-04-09T18:44:01.791+0800][177.299s] GC(262) Pause Young (Normal) (G1 Evacuation Pause)
[2023-04-09T18:44:01.791+0800][177.299s] GC(262) Using 8 workers of 8 for evacuation
[2023-04-09T18:44:01.792+0800][177.301s] GC(262)   Pre Evacuate Collection Set: 0.0ms
[2023-04-09T18:44:01.793+0800][177.301s] GC(262)   Evacuate Collection Set: 0.9ms
[2023-04-09T18:44:01.793+0800][177.301s] GC(262)   Post Evacuate Collection Set: 0.6ms
[2023-04-09T18:44:01.793+0800][177.301s] GC(262)   Other: 0.2ms
[2023-04-09T18:44:01.793+0800][177.301s] GC(262) Eden regions: 260->0(255)
[2023-04-09T18:44:01.793+0800][177.301s] GC(262) Survivor regions: 3->8(33)
[2023-04-09T18:44:01.793+0800][177.301s] GC(262) Old regions: 128->128
[2023-04-09T18:44:01.793+0800][177.301s] GC(262) Humongous regions: 53->52
[2023-04-09T18:44:01.793+0800][177.301s] GC(262) Metaspace: 60368K(62320K)->60368K(62320K) NonClass: 53316K(54436K)->53316K(54436K) Class: 7052K(7884K)->7052K(7884K)
[2023-04-09T18:44:01.793+0800][177.301s] GC(262) Pause Young (Normal) (G1 Evacuation Pause) 443M->187M(512M) 1.811ms
[2023-04-09T18:44:01.793+0800][177.301s] GC(262) User=0.02s Sys=0.00s Real=0.00s
[2023-04-09T18:44:02.241+0800][177.750s] GC(263) Pause Young (Normal) (G1 Evacuation Pause)
[2023-04-09T18:44:02.241+0800][177.750s] GC(263) Using 8 workers of 8 for evacuation
[2023-04-09T18:44:02.243+0800][177.752s] GC(263)   Pre Evacuate Collection Set: 0.0ms
[2023-04-09T18:44:02.243+0800][177.752s] GC(263)   Evacuate Collection Set: 1.1ms
[2023-04-09T18:44:02.243+0800][177.752s] GC(263)   Post Evacuate Collection Set: 0.6ms
[2023-04-09T18:44:02.243+0800][177.752s] GC(263)   Other: 0.2ms
[2023-04-09T18:44:02.243+0800][177.752s] GC(263) Eden regions: 255->0(249)
[2023-04-09T18:44:02.243+0800][177.752s] GC(263) Survivor regions: 8->10(33)
[2023-04-09T18:44:02.243+0800][177.752s] GC(263) Old regions: 128->128
[2023-04-09T18:44:02.243+0800][177.752s] GC(263) Humongous regions: 58->58
[2023-04-09T18:44:02.243+0800][177.752s] GC(263) Metaspace: 60396K(62320K)->60396K(62320K) NonClass: 53343K(54436K)->53343K(54436K) Class: 7052K(7884K)->7052K(7884K)
[2023-04-09T18:44:02.244+0800][177.752s] GC(263) Pause Young (Normal) (G1 Evacuation Pause) 448M->194M(512M) 2.229ms
[2023-04-09T18:44:02.244+0800][177.752s] GC(263) User=0.00s Sys=0.00s Real=0.00s
[2023-04-09T18:44:02.844+0800][178.353s] GC(264) Pause Young (Normal) (G1 Evacuation Pause)
[2023-04-09T18:44:02.844+0800][178.353s] GC(264) Using 8 workers of 8 for evacuation
[2023-04-09T18:44:02.846+0800][178.355s] GC(264)   Pre Evacuate Collection Set: 0.1ms
[2023-04-09T18:44:02.846+0800][178.355s] GC(264)   Evacuate Collection Set: 1.2ms
[2023-04-09T18:44:02.846+0800][178.355s] GC(264)   Post Evacuate Collection Set: 0.5ms
[2023-04-09T18:44:02.846+0800][178.355s] GC(264)   Other: 0.2ms
[2023-04-09T18:44:02.846+0800][178.355s] GC(264) Eden regions: 249->0(248)
[2023-04-09T18:44:02.846+0800][178.355s] GC(264) Survivor regions: 10->11(33)
[2023-04-09T18:44:02.846+0800][178.355s] GC(264) Old regions: 128->128
[2023-04-09T18:44:02.847+0800][178.355s] GC(264) Humongous regions: 66->59
[2023-04-09T18:44:02.847+0800][178.355s] GC(264) Metaspace: 60396K(62320K)->60396K(62320K) NonClass: 53343K(54436K)->53343K(54436K) Class: 7052K(7884K)->7052K(7884K)
[2023-04-09T18:44:02.847+0800][178.355s] GC(264) Pause Young (Normal) (G1 Evacuation Pause) 451M->197M(512M) 2.203ms
[2023-04-09T18:44:02.847+0800][178.355s] GC(264) User=0.00s Sys=0.00s Real=0.00s
[2023-04-09T18:44:03.289+0800][178.797s] GC(265) Pause Young (Normal) (G1 Evacuation Pause)
[2023-04-09T18:44:03.289+0800][178.797s] GC(265) Using 8 workers of 8 for evacuation
[2023-04-09T18:44:03.290+0800][178.799s] GC(265)   Pre Evacuate Collection Set: 0.0ms
[2023-04-09T18:44:03.290+0800][178.799s] GC(265)   Evacuate Collection Set: 0.8ms
[2023-04-09T18:44:03.290+0800][178.799s] GC(265)   Post Evacuate Collection Set: 0.3ms
[2023-04-09T18:44:03.290+0800][178.799s] GC(265)   Other: 0.2ms
[2023-04-09T18:44:03.290+0800][178.799s] GC(265) Eden regions: 248->0(260)
[2023-04-09T18:44:03.290+0800][178.799s] GC(265) Survivor regions: 11->4(33)
[2023-04-09T18:44:03.290+0800][178.799s] GC(265) Old regions: 128->128
[2023-04-09T18:44:03.290+0800][178.799s] GC(265) Humongous regions: 59->50
[2023-04-09T18:44:03.290+0800][178.799s] GC(265) Metaspace: 60411K(62320K)->60411K(62320K) NonClass: 53358K(54436K)->53358K(54436K) Class: 7052K(7884K)->7052K(7884K)
[2023-04-09T18:44:03.290+0800][178.799s] GC(265) Pause Young (Normal) (G1 Evacuation Pause) 445M->181M(512M) 1.584ms
[2023-04-09T18:44:03.290+0800][178.799s] GC(265) User=0.00s Sys=0.00s Real=0.00s
[2023-04-09T18:44:03.492+0800][179.001s] GC(266) Pause Young (Normal) (G1 Evacuation Pause)
[2023-04-09T18:44:03.492+0800][179.001s] GC(266) Using 8 workers of 8 for evacuation
[2023-04-09T18:44:03.493+0800][179.003s] GC(266)   Pre Evacuate Collection Set: 0.0ms
[2023-04-09T18:44:03.494+0800][179.003s] GC(266)   Evacuate Collection Set: 0.8ms
[2023-04-09T18:44:03.494+0800][179.003s] GC(266)   Post Evacuate Collection Set: 0.4ms
[2023-04-09T18:44:03.494+0800][179.003s] GC(266)   Other: 0.2ms
[2023-04-09T18:44:03.494+0800][179.003s] GC(266) Eden regions: 260->0(259)
[2023-04-09T18:44:03.494+0800][179.003s] GC(266) Survivor regions: 4->6(33)
[2023-04-09T18:44:03.494+0800][179.003s] GC(266) Old regions: 128->128
[2023-04-09T18:44:03.494+0800][179.003s] GC(266) Humongous regions: 51->51
[2023-04-09T18:44:03.494+0800][179.003s] GC(266) Metaspace: 60411K(62320K)->60411K(62320K) NonClass: 53358K(54436K)->53358K(54436K) Class: 7052K(7884K)->7052K(7884K)
[2023-04-09T18:44:03.494+0800][179.003s] GC(266) Pause Young (Normal) (G1 Evacuation Pause) 442M->183M(512M) 1.611ms
[2023-04-09T18:44:03.494+0800][179.003s] GC(266) User=0.00s Sys=0.00s Real=0.00s
[2023-04-09T18:44:03.676+0800][179.185s] GC(267) Pause Young (Normal) (G1 Evacuation Pause)
[2023-04-09T18:44:03.676+0800][179.185s] GC(267) Using 8 workers of 8 for evacuation
[2023-04-09T18:44:03.678+0800][179.187s] GC(267)   Pre Evacuate Collection Set: 0.1ms
[2023-04-09T18:44:03.678+0800][179.187s] GC(267)   Evacuate Collection Set: 1.0ms
[2023-04-09T18:44:03.678+0800][179.187s] GC(267)   Post Evacuate Collection Set: 0.6ms
[2023-04-09T18:44:03.678+0800][179.187s] GC(267)   Other: 0.2ms
[2023-04-09T18:44:03.678+0800][179.187s] GC(267) Eden regions: 259->0(258)
[2023-04-09T18:44:03.678+0800][179.187s] GC(267) Survivor regions: 6->8(34)
[2023-04-09T18:44:03.678+0800][179.187s] GC(267) Old regions: 128->128
[2023-04-09T18:44:03.678+0800][179.187s] GC(267) Humongous regions: 51->51
[2023-04-09T18:44:03.678+0800][179.188s] GC(267) Metaspace: 60411K(62320K)->60411K(62320K) NonClass: 53358K(54436K)->53358K(54436K) Class: 7052K(7884K)->7052K(7884K)
[2023-04-09T18:44:03.678+0800][179.188s] GC(267) Pause Young (Normal) (G1 Evacuation Pause) 442M->186M(512M) 2.234ms
[2023-04-09T18:44:03.678+0800][179.188s] GC(267) User=0.00s Sys=0.00s Real=0.00s
[2023-04-09T18:44:03.842+0800][179.351s] GC(268) Pause Young (Normal) (G1 Evacuation Pause)
[2023-04-09T18:44:03.842+0800][179.351s] GC(268) Using 8 workers of 8 for evacuation
[2023-04-09T18:44:03.844+0800][179.353s] GC(268)   Pre Evacuate Collection Set: 0.0ms
[2023-04-09T18:44:03.844+0800][179.353s] GC(268)   Evacuate Collection Set: 1.2ms
[2023-04-09T18:44:03.844+0800][179.353s] GC(268)   Post Evacuate Collection Set: 0.7ms
[2023-04-09T18:44:03.844+0800][179.353s] GC(268)   Other: 0.2ms
[2023-04-09T18:44:03.844+0800][179.353s] GC(268) Eden regions: 258->0(256)
[2023-04-09T18:44:03.844+0800][179.353s] GC(268) Survivor regions: 8->10(34)
[2023-04-09T18:44:03.844+0800][179.353s] GC(268) Old regions: 128->128
[2023-04-09T18:44:03.844+0800][179.353s] GC(268) Humongous regions: 53->52
[2023-04-09T18:44:03.844+0800][179.353s] GC(268) Metaspace: 60411K(62320K)->60411K(62320K) NonClass: 53358K(54436K)->53358K(54436K) Class: 7052K(7884K)->7052K(7884K)
[2023-04-09T18:44:03.844+0800][179.353s] GC(268) Pause Young (Normal) (G1 Evacuation Pause) 446M->189M(512M) 2.276ms
[2023-04-09T18:44:03.844+0800][179.353s] GC(268) User=0.00s Sys=0.00s Real=0.00s
[2023-04-09T18:44:04.114+0800][179.623s] GC(269) Pause Young (Normal) (G1 Evacuation Pause)
[2023-04-09T18:44:04.114+0800][179.623s] GC(269) Using 8 workers of 8 for evacuation
[2023-04-09T18:44:04.116+0800][179.625s] GC(269)   Pre Evacuate Collection Set: 0.0ms
[2023-04-09T18:44:04.116+0800][179.625s] GC(269)   Evacuate Collection Set: 1.5ms
[2023-04-09T18:44:04.116+0800][179.625s] GC(269)   Post Evacuate Collection Set: 0.5ms
[2023-04-09T18:44:04.117+0800][179.625s] GC(269)   Other: 0.2ms
[2023-04-09T18:44:04.117+0800][179.625s] GC(269) Eden regions: 256->0(252)
[2023-04-09T18:44:04.117+0800][179.625s] GC(269) Survivor regions: 10->12(34)
[2023-04-09T18:44:04.117+0800][179.625s] GC(269) Old regions: 128->128
[2023-04-09T18:44:04.117+0800][179.625s] GC(269) Humongous regions: 53->53
[2023-04-09T18:44:04.117+0800][179.625s] GC(269) Metaspace: 60458K(62576K)->60458K(62576K) NonClass: 53398K(54692K)->53398K(54692K) Class: 7059K(7884K)->7059K(7884K)
[2023-04-09T18:44:04.117+0800][179.625s] GC(269) Pause Young (Normal) (G1 Evacuation Pause) 446M->192M(512M) 2.332ms
[2023-04-09T18:44:04.117+0800][179.625s] GC(269) User=0.00s Sys=0.00s Real=0.00s
[2023-04-09T18:44:04.409+0800][179.918s] GC(270) Pause Young (Normal) (G1 Evacuation Pause)
[2023-04-09T18:44:04.409+0800][179.918s] GC(270) Using 8 workers of 8 for evacuation
[2023-04-09T18:44:04.411+0800][179.920s] GC(270)   Pre Evacuate Collection Set: 0.0ms
[2023-04-09T18:44:04.411+0800][179.920s] GC(270)   Evacuate Collection Set: 1.7ms
[2023-04-09T18:44:04.411+0800][179.920s] GC(270)   Post Evacuate Collection Set: 0.5ms
[2023-04-09T18:44:04.411+0800][179.920s] GC(270)   Other: 0.2ms
[2023-04-09T18:44:04.411+0800][179.920s] GC(270) Eden regions: 252->0(247)
[2023-04-09T18:44:04.411+0800][179.920s] GC(270) Survivor regions: 12->12(33)
[2023-04-09T18:44:04.411+0800][179.920s] GC(270) Old regions: 128->128
[2023-04-09T18:44:04.411+0800][179.920s] GC(270) Humongous regions: 66->59
[2023-04-09T18:44:04.411+0800][179.921s] GC(270) Metaspace: 60458K(62576K)->60458K(62576K) NonClass: 53398K(54692K)->53398K(54692K) Class: 7059K(7884K)->7059K(7884K)
[2023-04-09T18:44:04.411+0800][179.921s] GC(270) Pause Young (Normal) (G1 Evacuation Pause) 457M->198M(512M) 2.845ms
[2023-04-09T18:44:04.411+0800][179.921s] GC(270) User=0.00s Sys=0.00s Real=0.00s
[2023-04-09T18:44:04.790+0800][180.298s] GC(271) Pause Young (Normal) (G1 Evacuation Pause)
[2023-04-09T18:44:04.790+0800][180.298s] GC(271) Using 8 workers of 8 for evacuation
[2023-04-09T18:44:04.792+0800][180.301s] GC(271)   Pre Evacuate Collection Set: 0.0ms
[2023-04-09T18:44:04.792+0800][180.301s] GC(271)   Evacuate Collection Set: 1.4ms
[2023-04-09T18:44:04.792+0800][180.301s] GC(271)   Post Evacuate Collection Set: 0.5ms
[2023-04-09T18:44:04.792+0800][180.301s] GC(271)   Other: 0.2ms
[2023-04-09T18:44:04.792+0800][180.301s] GC(271) Eden regions: 247->0(248)
[2023-04-09T18:44:04.792+0800][180.301s] GC(271) Survivor regions: 12->12(33)
[2023-04-09T18:44:04.792+0800][180.301s] GC(271) Old regions: 128->128
[2023-04-09T18:44:04.792+0800][180.301s] GC(271) Humongous regions: 64->59
[2023-04-09T18:44:04.792+0800][180.301s] GC(271) Metaspace: 60458K(62576K)->60458K(62576K) NonClass: 53398K(54692K)->53398K(54692K) Class: 7059K(7884K)->7059K(7884K)
[2023-04-09T18:44:04.792+0800][180.301s] GC(271) Pause Young (Normal) (G1 Evacuation Pause) 450M->198M(512M) 2.366ms
[2023-04-09T18:44:04.792+0800][180.301s] GC(271) User=0.00s Sys=0.00s Real=0.00s
[2023-04-09T18:44:05.028+0800][180.537s] GC(272) Pause Young (Normal) (G1 Evacuation Pause)
[2023-04-09T18:44:05.029+0800][180.537s] GC(272) Using 8 workers of 8 for evacuation
[2023-04-09T18:44:05.031+0800][180.540s] GC(272)   Pre Evacuate Collection Set: 0.1ms
[2023-04-09T18:44:05.031+0800][180.540s] GC(272)   Evacuate Collection Set: 1.6ms
[2023-04-09T18:44:05.031+0800][180.540s] GC(272)   Post Evacuate Collection Set: 0.5ms
[2023-04-09T18:44:05.031+0800][180.540s] GC(272)   Other: 0.3ms
[2023-04-09T18:44:05.031+0800][180.540s] GC(272) Eden regions: 248->0(249)
[2023-04-09T18:44:05.031+0800][180.540s] GC(272) Survivor regions: 12->12(33)
[2023-04-09T18:44:05.031+0800][180.540s] GC(272) Old regions: 128->128
[2023-04-09T18:44:05.031+0800][180.540s] GC(272) Humongous regions: 59->59
[2023-04-09T18:44:05.031+0800][180.540s] GC(272) Metaspace: 60476K(62576K)->60476K(62576K) NonClass: 53416K(54692K)->53416K(54692K) Class: 7059K(7884K)->7059K(7884K)
[2023-04-09T18:44:05.031+0800][180.540s] GC(272) Pause Young (Normal) (G1 Evacuation Pause) 446M->198M(512M) 2.760ms
[2023-04-09T18:44:05.031+0800][180.540s] GC(272) User=0.00s Sys=0.00s Real=0.00s
[2023-04-09T18:44:05.338+0800][180.847s] GC(273) Pause Young (Normal) (G1 Evacuation Pause)
[2023-04-09T18:44:05.338+0800][180.847s] GC(273) Using 8 workers of 8 for evacuation
[2023-04-09T18:44:05.339+0800][180.848s] GC(273)   Pre Evacuate Collection Set: 0.0ms
[2023-04-09T18:44:05.339+0800][180.848s] GC(273)   Evacuate Collection Set: 0.7ms
[2023-04-09T18:44:05.339+0800][180.848s] GC(273)   Post Evacuate Collection Set: 0.4ms
[2023-04-09T18:44:05.339+0800][180.848s] GC(273)   Other: 0.2ms
[2023-04-09T18:44:05.339+0800][180.848s] GC(273) Eden regions: 249->0(259)
[2023-04-09T18:44:05.339+0800][180.848s] GC(273) Survivor regions: 12->5(33)
[2023-04-09T18:44:05.339+0800][180.848s] GC(273) Old regions: 128->128
[2023-04-09T18:44:05.339+0800][180.848s] GC(273) Humongous regions: 59->50
[2023-04-09T18:44:05.339+0800][180.848s] GC(273) Metaspace: 60492K(62576K)->60492K(62576K) NonClass: 53431K(54692K)->53431K(54692K) Class: 7060K(7884K)->7060K(7884K)
[2023-04-09T18:44:05.339+0800][180.848s] GC(273) Pause Young (Normal) (G1 Evacuation Pause) 447M->181M(512M) 1.483ms
[2023-04-09T18:44:05.339+0800][180.848s] GC(273) User=0.00s Sys=0.00s Real=0.00s
[2023-04-09T18:44:05.578+0800][181.087s] GC(274) Pause Young (Normal) (G1 Evacuation Pause)
[2023-04-09T18:44:05.578+0800][181.087s] GC(274) Using 8 workers of 8 for evacuation
[2023-04-09T18:44:05.580+0800][181.089s] GC(274)   Pre Evacuate Collection Set: 0.0ms
[2023-04-09T18:44:05.580+0800][181.089s] GC(274)   Evacuate Collection Set: 1.0ms
[2023-04-09T18:44:05.580+0800][181.089s] GC(274)   Post Evacuate Collection Set: 0.5ms
[2023-04-09T18:44:05.580+0800][181.089s] GC(274)   Other: 0.1ms
[2023-04-09T18:44:05.580+0800][181.089s] GC(274) Eden regions: 259->0(257)
[2023-04-09T18:44:05.580+0800][181.089s] GC(274) Survivor regions: 5->8(33)
[2023-04-09T18:44:05.580+0800][181.089s] GC(274) Old regions: 128->128
[2023-04-09T18:44:05.580+0800][181.089s] GC(274) Humongous regions: 51->51
[2023-04-09T18:44:05.580+0800][181.089s] GC(274) Metaspace: 60492K(62576K)->60492K(62576K) NonClass: 53431K(54692K)->53431K(54692K) Class: 7060K(7884K)->7060K(7884K)
[2023-04-09T18:44:05.580+0800][181.089s] GC(274) Pause Young (Normal) (G1 Evacuation Pause) 441M->186M(512M) 1.908ms
[2023-04-09T18:44:05.580+0800][181.089s] GC(274) User=0.00s Sys=0.00s Real=0.00s
[2023-04-09T18:44:05.837+0800][181.346s] GC(275) Pause Young (Normal) (G1 Evacuation Pause)
[2023-04-09T18:44:05.837+0800][181.346s] GC(275) Using 8 workers of 8 for evacuation
[2023-04-09T18:44:05.839+0800][181.347s] GC(275)   Pre Evacuate Collection Set: 0.0ms
[2023-04-09T18:44:05.839+0800][181.347s] GC(275)   Evacuate Collection Set: 1.2ms
[2023-04-09T18:44:05.839+0800][181.347s] GC(275)   Post Evacuate Collection Set: 0.4ms
[2023-04-09T18:44:05.839+0800][181.348s] GC(275)   Other: 0.2ms
[2023-04-09T18:44:05.839+0800][181.348s] GC(275) Eden regions: 257->0(255)
[2023-04-09T18:44:05.839+0800][181.348s] GC(275) Survivor regions: 8->10(34)
[2023-04-09T18:44:05.839+0800][181.348s] GC(275) Old regions: 128->128
[2023-04-09T18:44:05.839+0800][181.348s] GC(275) Humongous regions: 53->52
[2023-04-09T18:44:05.839+0800][181.348s] GC(275) Metaspace: 60492K(62576K)->60492K(62576K) NonClass: 53431K(54692K)->53431K(54692K) Class: 7060K(7884K)->7060K(7884K)
[2023-04-09T18:44:05.839+0800][181.348s] GC(275) Pause Young (Normal) (G1 Evacuation Pause) 445M->189M(512M) 2.253ms
[2023-04-09T18:44:05.839+0800][181.348s] GC(275) User=0.00s Sys=0.00s Real=0.00s
[2023-04-09T18:44:06.120+0800][181.629s] GC(276) Pause Young (Normal) (G1 Evacuation Pause)
[2023-04-09T18:44:06.120+0800][181.629s] GC(276) Using 8 workers of 8 for evacuation
[2023-04-09T18:44:06.122+0800][181.631s] GC(276)   Pre Evacuate Collection Set: 0.0ms
[2023-04-09T18:44:06.122+0800][181.631s] GC(276)   Evacuate Collection Set: 1.5ms
[2023-04-09T18:44:06.122+0800][181.631s] GC(276)   Post Evacuate Collection Set: 0.4ms
[2023-04-09T18:44:06.122+0800][181.631s] GC(276)   Other: 0.2ms
[2023-04-09T18:44:06.122+0800][181.631s] GC(276) Eden regions: 255->0(251)
[2023-04-09T18:44:06.122+0800][181.631s] GC(276) Survivor regions: 10->13(34)
[2023-04-09T18:44:06.122+0800][181.631s] GC(276) Old regions: 128->128
[2023-04-09T18:44:06.122+0800][181.631s] GC(276) Humongous regions: 53->53
[2023-04-09T18:44:06.122+0800][181.631s] GC(276) Metaspace: 60492K(62576K)->60492K(62576K) NonClass: 53431K(54692K)->53431K(54692K) Class: 7060K(7884K)->7060K(7884K)
[2023-04-09T18:44:06.122+0800][181.631s] GC(276) Pause Young (Normal) (G1 Evacuation Pause) 445M->193M(512M) 2.351ms
[2023-04-09T18:44:06.123+0800][181.631s] GC(276) User=0.09s Sys=0.00s Real=0.00s
[2023-04-09T18:44:06.372+0800][181.881s] GC(277) Pause Young (Normal) (G1 Evacuation Pause)
[2023-04-09T18:44:06.372+0800][181.881s] GC(277) Using 8 workers of 8 for evacuation
[2023-04-09T18:44:06.374+0800][181.883s] GC(277)   Pre Evacuate Collection Set: 0.0ms
[2023-04-09T18:44:06.374+0800][181.883s] GC(277)   Evacuate Collection Set: 1.4ms
[2023-04-09T18:44:06.374+0800][181.883s] GC(277)   Post Evacuate Collection Set: 0.6ms
[2023-04-09T18:44:06.374+0800][181.883s] GC(277)   Other: 0.2ms
[2023-04-09T18:44:06.374+0800][181.883s] GC(277) Eden regions: 251->0(248)
[2023-04-09T18:44:06.374+0800][181.883s] GC(277) Survivor regions: 13->12(33)
[2023-04-09T18:44:06.374+0800][181.883s] GC(277) Old regions: 128->128
[2023-04-09T18:44:06.374+0800][181.883s] GC(277) Humongous regions: 66->59
[2023-04-09T18:44:06.374+0800][181.883s] GC(277) Metaspace: 60492K(62576K)->60492K(62576K) NonClass: 53431K(54692K)->53431K(54692K) Class: 7060K(7884K)->7060K(7884K)
[2023-04-09T18:44:06.374+0800][181.883s] GC(277) Pause Young (Normal) (G1 Evacuation Pause) 457M->198M(512M) 2.365ms
[2023-04-09T18:44:06.375+0800][181.883s] GC(277) User=0.00s Sys=0.00s Real=0.00s
[2023-04-09T18:44:06.768+0800][182.277s] GC(278) Pause Young (Normal) (G1 Evacuation Pause)
[2023-04-09T18:44:06.768+0800][182.277s] GC(278) Using 8 workers of 8 for evacuation
[2023-04-09T18:44:06.770+0800][182.279s] GC(278)   Pre Evacuate Collection Set: 0.0ms
[2023-04-09T18:44:06.770+0800][182.279s] GC(278)   Evacuate Collection Set: 1.5ms
[2023-04-09T18:44:06.770+0800][182.279s] GC(278)   Post Evacuate Collection Set: 0.6ms
[2023-04-09T18:44:06.770+0800][182.279s] GC(278)   Other: 0.2ms
[2023-04-09T18:44:06.770+0800][182.279s] GC(278) Eden regions: 248->0(249)
[2023-04-09T18:44:06.770+0800][182.279s] GC(278) Survivor regions: 12->11(33)
[2023-04-09T18:44:06.770+0800][182.279s] GC(278) Old regions: 128->128
[2023-04-09T18:44:06.770+0800][182.279s] GC(278) Humongous regions: 64->59
[2023-04-09T18:44:06.770+0800][182.279s] GC(278) Metaspace: 60492K(62576K)->60492K(62576K) NonClass: 53431K(54692K)->53431K(54692K) Class: 7060K(7884K)->7060K(7884K)
[2023-04-09T18:44:06.770+0800][182.279s] GC(278) Pause Young (Normal) (G1 Evacuation Pause) 451M->197M(512M) 2.576ms
[2023-04-09T18:44:06.770+0800][182.279s] GC(278) User=0.00s Sys=0.00s Real=0.00s
[2023-04-09T18:44:07.187+0800][182.696s] GC(279) Pause Young (Normal) (G1 Evacuation Pause)
[2023-04-09T18:44:07.187+0800][182.696s] GC(279) Using 8 workers of 8 for evacuation
[2023-04-09T18:44:07.188+0800][182.697s] GC(279)   Pre Evacuate Collection Set: 0.0ms
[2023-04-09T18:44:07.188+0800][182.697s] GC(279)   Evacuate Collection Set: 0.7ms
[2023-04-09T18:44:07.188+0800][182.697s] GC(279)   Post Evacuate Collection Set: 0.4ms
[2023-04-09T18:44:07.188+0800][182.697s] GC(279)   Other: 0.1ms
[2023-04-09T18:44:07.188+0800][182.697s] GC(279) Eden regions: 249->0(260)
[2023-04-09T18:44:07.188+0800][182.697s] GC(279) Survivor regions: 11->5(33)
[2023-04-09T18:44:07.188+0800][182.697s] GC(279) Old regions: 128->128
[2023-04-09T18:44:07.188+0800][182.697s] GC(279) Humongous regions: 60->51
[2023-04-09T18:44:07.188+0800][182.697s] GC(279) Metaspace: 60492K(62576K)->60492K(62576K) NonClass: 53431K(54692K)->53431K(54692K) Class: 7060K(7884K)->7060K(7884K)
[2023-04-09T18:44:07.188+0800][182.697s] GC(279) Pause Young (Normal) (G1 Evacuation Pause) 447M->183M(512M) 1.432ms
[2023-04-09T18:44:07.188+0800][182.697s] GC(279) User=0.00s Sys=0.00s Real=0.00s
[2023-04-09T18:44:07.556+0800][183.064s] GC(280) Pause Young (Normal) (G1 Evacuation Pause)
[2023-04-09T18:44:07.556+0800][183.064s] GC(280) Using 8 workers of 8 for evacuation
[2023-04-09T18:44:07.558+0800][183.066s] GC(280)   Pre Evacuate Collection Set: 0.0ms
[2023-04-09T18:44:07.558+0800][183.066s] GC(280)   Evacuate Collection Set: 1.1ms
[2023-04-09T18:44:07.558+0800][183.066s] GC(280)   Post Evacuate Collection Set: 0.6ms
[2023-04-09T18:44:07.558+0800][183.066s] GC(280)   Other: 0.2ms
[2023-04-09T18:44:07.558+0800][183.066s] GC(280) Eden regions: 260->0(254)
[2023-04-09T18:44:07.558+0800][183.066s] GC(280) Survivor regions: 5->9(34)
[2023-04-09T18:44:07.558+0800][183.066s] GC(280) Old regions: 128->129
[2023-04-09T18:44:07.558+0800][183.066s] GC(280) Humongous regions: 53->52
[2023-04-09T18:44:07.558+0800][183.066s] GC(280) Metaspace: 60492K(62576K)->60492K(62576K) NonClass: 53431K(54692K)->53431K(54692K) Class: 7060K(7884K)->7060K(7884K)
[2023-04-09T18:44:07.558+0800][183.066s] GC(280) Pause Young (Normal) (G1 Evacuation Pause) 445M->189M(512M) 2.092ms
[2023-04-09T18:44:07.558+0800][183.066s] GC(280) User=0.00s Sys=0.00s Real=0.00s
[2023-04-09T18:44:07.948+0800][183.457s] GC(281) Pause Young (Normal) (G1 Evacuation Pause)
[2023-04-09T18:44:07.949+0800][183.457s] GC(281) Using 8 workers of 8 for evacuation
[2023-04-09T18:44:07.951+0800][183.459s] GC(281)   Pre Evacuate Collection Set: 0.0ms
[2023-04-09T18:44:07.951+0800][183.459s] GC(281)   Evacuate Collection Set: 1.3ms
[2023-04-09T18:44:07.951+0800][183.459s] GC(281)   Post Evacuate Collection Set: 0.6ms
[2023-04-09T18:44:07.951+0800][183.459s] GC(281)   Other: 0.2ms
[2023-04-09T18:44:07.951+0800][183.459s] GC(281) Eden regions: 254->0(247)
[2023-04-09T18:44:07.951+0800][183.459s] GC(281) Survivor regions: 9->10(33)
[2023-04-09T18:44:07.951+0800][183.459s] GC(281) Old regions: 129->129
[2023-04-09T18:44:07.951+0800][183.459s] GC(281) Humongous regions: 67->59
[2023-04-09T18:44:07.951+0800][183.459s] GC(281) Metaspace: 60495K(62576K)->60495K(62576K) NonClass: 53435K(54692K)->53435K(54692K) Class: 7060K(7884K)->7060K(7884K)
[2023-04-09T18:44:07.951+0800][183.459s] GC(281) Pause Young (Normal) (G1 Evacuation Pause) 458M->197M(512M) 2.345ms
[2023-04-09T18:44:07.951+0800][183.459s] GC(281) User=0.02s Sys=0.02s Real=0.00s
[2023-04-09T18:44:08.398+0800][183.907s] GC(282) Pause Young (Normal) (G1 Evacuation Pause)
[2023-04-09T18:44:08.398+0800][183.907s] GC(282) Using 8 workers of 8 for evacuation
[2023-04-09T18:44:08.400+0800][183.909s] GC(282)   Pre Evacuate Collection Set: 0.0ms
[2023-04-09T18:44:08.400+0800][183.909s] GC(282)   Evacuate Collection Set: 1.2ms
[2023-04-09T18:44:08.400+0800][183.909s] GC(282)   Post Evacuate Collection Set: 0.6ms
[2023-04-09T18:44:08.400+0800][183.909s] GC(282)   Other: 0.2ms
[2023-04-09T18:44:08.400+0800][183.909s] GC(282) Eden regions: 247->0(246)
[2023-04-09T18:44:08.400+0800][183.909s] GC(282) Survivor regions: 10->11(33)
[2023-04-09T18:44:08.400+0800][183.909s] GC(282) Old regions: 129->129
[2023-04-09T18:44:08.400+0800][183.909s] GC(282) Humongous regions: 64->59
[2023-04-09T18:44:08.400+0800][183.909s] GC(282) Metaspace: 60495K(62576K)->60495K(62576K) NonClass: 53435K(54692K)->53435K(54692K) Class: 7060K(7884K)->7060K(7884K)
[2023-04-09T18:44:08.400+0800][183.909s] GC(282) Pause Young (Normal) (G1 Evacuation Pause) 449M->197M(512M) 2.293ms
[2023-04-09T18:44:08.400+0800][183.909s] GC(282) User=0.00s Sys=0.00s Real=0.00s
[2023-04-09T18:44:08.824+0800][184.333s] GC(283) Pause Young (Normal) (G1 Evacuation Pause)
[2023-04-09T18:44:08.824+0800][184.333s] GC(283) Using 8 workers of 8 for evacuation
[2023-04-09T18:44:08.826+0800][184.334s] GC(283)   Pre Evacuate Collection Set: 0.0ms
[2023-04-09T18:44:08.826+0800][184.334s] GC(283)   Evacuate Collection Set: 0.7ms
[2023-04-09T18:44:08.826+0800][184.334s] GC(283)   Post Evacuate Collection Set: 0.5ms
[2023-04-09T18:44:08.826+0800][184.334s] GC(283)   Other: 0.2ms
[2023-04-09T18:44:08.826+0800][184.334s] GC(283) Eden regions: 246->0(254)
[2023-04-09T18:44:08.826+0800][184.334s] GC(283) Survivor regions: 11->5(33)
[2023-04-09T18:44:08.826+0800][184.334s] GC(283) Old regions: 129->129
[2023-04-09T18:44:08.826+0800][184.334s] GC(283) Humongous regions: 60->51
[2023-04-09T18:44:08.826+0800][184.335s] GC(283) Metaspace: 60495K(62576K)->60495K(62576K) NonClass: 53435K(54692K)->53435K(54692K) Class: 7060K(7884K)->7060K(7884K)
[2023-04-09T18:44:08.826+0800][184.335s] GC(283) Pause Young (Normal) (G1 Evacuation Pause) 444M->183M(512M) 1.663ms
[2023-04-09T18:44:08.826+0800][184.335s] GC(283) User=0.00s Sys=0.00s Real=0.00s
[2023-04-09T18:44:09.182+0800][184.691s] GC(284) Pause Young (Normal) (G1 Evacuation Pause)
[2023-04-09T18:44:09.182+0800][184.691s] GC(284) Using 8 workers of 8 for evacuation
[2023-04-09T18:44:09.184+0800][184.692s] GC(284)   Pre Evacuate Collection Set: 0.0ms
[2023-04-09T18:44:09.184+0800][184.693s] GC(284)   Evacuate Collection Set: 1.1ms
[2023-04-09T18:44:09.184+0800][184.693s] GC(284)   Post Evacuate Collection Set: 0.6ms
[2023-04-09T18:44:09.184+0800][184.693s] GC(284)   Other: 0.2ms
[2023-04-09T18:44:09.184+0800][184.693s] GC(284) Eden regions: 254->0(250)
[2023-04-09T18:44:09.184+0800][184.693s] GC(284) Survivor regions: 5->10(33)
[2023-04-09T18:44:09.184+0800][184.693s] GC(284) Old regions: 129->129
[2023-04-09T18:44:09.184+0800][184.693s] GC(284) Humongous regions: 53->52
[2023-04-09T18:44:09.184+0800][184.693s] GC(284) Metaspace: 60495K(62576K)->60495K(62576K) NonClass: 53435K(54692K)->53435K(54692K) Class: 7060K(7884K)->7060K(7884K)
[2023-04-09T18:44:09.184+0800][184.693s] GC(284) Pause Young (Normal) (G1 Evacuation Pause) 439M->190M(512M) 1.951ms
[2023-04-09T18:44:09.184+0800][184.693s] GC(284) User=0.02s Sys=0.00s Real=0.00s
[2023-04-09T18:44:09.587+0800][185.096s] GC(285) Pause Young (Normal) (G1 Evacuation Pause)
[2023-04-09T18:44:09.587+0800][185.096s] GC(285) Using 8 workers of 8 for evacuation
[2023-04-09T18:44:09.589+0800][185.098s] GC(285)   Pre Evacuate Collection Set: 0.0ms
[2023-04-09T18:44:09.589+0800][185.098s] GC(285)   Evacuate Collection Set: 1.4ms
[2023-04-09T18:44:09.589+0800][185.098s] GC(285)   Post Evacuate Collection Set: 0.6ms
[2023-04-09T18:44:09.589+0800][185.098s] GC(285)   Other: 0.2ms
[2023-04-09T18:44:09.589+0800][185.098s] GC(285) Eden regions: 250->0(245)
[2023-04-09T18:44:09.589+0800][185.098s] GC(285) Survivor regions: 10->11(33)
[2023-04-09T18:44:09.589+0800][185.098s] GC(285) Old regions: 129->129
[2023-04-09T18:44:09.589+0800][185.099s] GC(285) Humongous regions: 71->59
[2023-04-09T18:44:09.589+0800][185.099s] GC(285) Metaspace: 60495K(62576K)->60495K(62576K) NonClass: 53435K(54692K)->53435K(54692K) Class: 7060K(7884K)->7060K(7884K)
[2023-04-09T18:44:09.589+0800][185.099s] GC(285) Pause Young (Normal) (G1 Evacuation Pause) 459M->197M(512M) 2.538ms
[2023-04-09T18:44:09.589+0800][185.099s] GC(285) User=0.00s Sys=0.02s Real=0.00s
[2023-04-09T18:44:10.050+0800][185.559s] GC(286) Pause Young (Normal) (G1 Evacuation Pause)
[2023-04-09T18:44:10.050+0800][185.559s] GC(286) Using 8 workers of 8 for evacuation
[2023-04-09T18:44:10.052+0800][185.561s] GC(286)   Pre Evacuate Collection Set: 0.0ms
[2023-04-09T18:44:10.052+0800][185.561s] GC(286)   Evacuate Collection Set: 1.2ms
[2023-04-09T18:44:10.052+0800][185.561s] GC(286)   Post Evacuate Collection Set: 0.6ms
[2023-04-09T18:44:10.052+0800][185.561s] GC(286)   Other: 0.2ms
[2023-04-09T18:44:10.052+0800][185.561s] GC(286) Eden regions: 245->0(246)
[2023-04-09T18:44:10.052+0800][185.561s] GC(286) Survivor regions: 11->11(32)
[2023-04-09T18:44:10.052+0800][185.561s] GC(286) Old regions: 129->129
[2023-04-09T18:44:10.052+0800][185.561s] GC(286) Humongous regions: 59->59
[2023-04-09T18:44:10.052+0800][185.561s] GC(286) Metaspace: 60495K(62576K)->60495K(62576K) NonClass: 53435K(54692K)->53435K(54692K) Class: 7060K(7884K)->7060K(7884K)
[2023-04-09T18:44:10.052+0800][185.561s] GC(286) Pause Young (Normal) (G1 Evacuation Pause) 442M->197M(512M) 2.223ms
[2023-04-09T18:44:10.052+0800][185.561s] GC(286) User=0.00s Sys=0.00s Real=0.00s
[2023-04-09T18:44:10.494+0800][186.003s] GC(287) Pause Young (Normal) (G1 Evacuation Pause)
[2023-04-09T18:44:10.494+0800][186.003s] GC(287) Using 8 workers of 8 for evacuation
[2023-04-09T18:44:10.496+0800][186.005s] GC(287)   Pre Evacuate Collection Set: 0.0ms
[2023-04-09T18:44:10.496+0800][186.005s] GC(287)   Evacuate Collection Set: 0.7ms
[2023-04-09T18:44:10.496+0800][186.005s] GC(287)   Post Evacuate Collection Set: 0.5ms
[2023-04-09T18:44:10.496+0800][186.005s] GC(287)   Other: 0.2ms
[2023-04-09T18:44:10.496+0800][186.005s] GC(287) Eden regions: 246->0(254)
[2023-04-09T18:44:10.496+0800][186.005s] GC(287) Survivor regions: 11->6(33)
[2023-04-09T18:44:10.496+0800][186.005s] GC(287) Old regions: 129->129
[2023-04-09T18:44:10.496+0800][186.005s] GC(287) Humongous regions: 60->51
[2023-04-09T18:44:10.496+0800][186.005s] GC(287) Metaspace: 60497K(62576K)->60497K(62576K) NonClass: 53436K(54692K)->53436K(54692K) Class: 7060K(7884K)->7060K(7884K)
[2023-04-09T18:44:10.496+0800][186.005s] GC(287) Pause Young (Normal) (G1 Evacuation Pause) 444M->184M(512M) 1.640ms
[2023-04-09T18:44:10.496+0800][186.005s] GC(287) User=0.00s Sys=0.00s Real=0.00s
[2023-04-09T18:44:10.894+0800][186.403s] GC(288) Pause Young (Normal) (G1 Evacuation Pause)
[2023-04-09T18:44:10.894+0800][186.403s] GC(288) Using 8 workers of 8 for evacuation
[2023-04-09T18:44:10.895+0800][186.404s] GC(288)   Pre Evacuate Collection Set: 0.0ms
[2023-04-09T18:44:10.896+0800][186.404s] GC(288)   Evacuate Collection Set: 1.1ms
[2023-04-09T18:44:10.896+0800][186.404s] GC(288)   Post Evacuate Collection Set: 0.4ms
[2023-04-09T18:44:10.896+0800][186.405s] GC(288)   Other: 0.2ms
[2023-04-09T18:44:10.896+0800][186.405s] GC(288) Eden regions: 254->0(250)
[2023-04-09T18:44:10.896+0800][186.405s] GC(288) Survivor regions: 6->10(33)
[2023-04-09T18:44:10.896+0800][186.405s] GC(288) Old regions: 129->129
[2023-04-09T18:44:10.896+0800][186.405s] GC(288) Humongous regions: 54->53
[2023-04-09T18:44:10.896+0800][186.405s] GC(288) Metaspace: 60497K(62576K)->60497K(62576K) NonClass: 53436K(54692K)->53436K(54692K) Class: 7060K(7884K)->7060K(7884K)
[2023-04-09T18:44:10.896+0800][186.405s] GC(288) Pause Young (Normal) (G1 Evacuation Pause) 441M->191M(512M) 1.972ms
[2023-04-09T18:44:10.896+0800][186.405s] GC(288) User=0.00s Sys=0.00s Real=0.00s
[2023-04-09T18:44:11.279+0800][186.788s] GC(289) Pause Young (Normal) (G1 Evacuation Pause)
[2023-04-09T18:44:11.279+0800][186.788s] GC(289) Using 8 workers of 8 for evacuation
[2023-04-09T18:44:11.281+0800][186.790s] GC(289)   Pre Evacuate Collection Set: 0.0ms
[2023-04-09T18:44:11.281+0800][186.790s] GC(289)   Evacuate Collection Set: 1.2ms
[2023-04-09T18:44:11.281+0800][186.790s] GC(289)   Post Evacuate Collection Set: 0.5ms
[2023-04-09T18:44:11.281+0800][186.790s] GC(289)   Other: 0.2ms
[2023-04-09T18:44:11.281+0800][186.790s] GC(289) Eden regions: 250->0(245)
[2023-04-09T18:44:11.281+0800][186.790s] GC(289) Survivor regions: 10->11(33)
[2023-04-09T18:44:11.281+0800][186.790s] GC(289) Old regions: 129->129
[2023-04-09T18:44:11.281+0800][186.790s] GC(289) Humongous regions: 71->59
[2023-04-09T18:44:11.281+0800][186.790s] GC(289) Metaspace: 60497K(62576K)->60497K(62576K) NonClass: 53436K(54692K)->53436K(54692K) Class: 7060K(7884K)->7060K(7884K)
[2023-04-09T18:44:11.281+0800][186.790s] GC(289) Pause Young (Normal) (G1 Evacuation Pause) 459M->198M(512M) 2.156ms
[2023-04-09T18:44:11.281+0800][186.790s] GC(289) User=0.00s Sys=0.00s Real=0.00s
[2023-04-09T18:44:11.836+0800][187.344s] GC(290) Pause Young (Normal) (G1 Evacuation Pause)
[2023-04-09T18:44:11.836+0800][187.345s] GC(290) Using 8 workers of 8 for evacuation
[2023-04-09T18:44:11.837+0800][187.345s] GC(290)   Pre Evacuate Collection Set: 0.0ms
[2023-04-09T18:44:11.837+0800][187.345s] GC(290)   Evacuate Collection Set: 0.3ms
[2023-04-09T18:44:11.837+0800][187.346s] GC(290)   Post Evacuate Collection Set: 0.5ms
[2023-04-09T18:44:11.837+0800][187.346s] GC(290)   Other: 0.2ms
[2023-04-09T18:44:11.837+0800][187.346s] GC(290) Eden regions: 245->0(261)
[2023-04-09T18:44:11.837+0800][187.346s] GC(290) Survivor regions: 11->1(32)
[2023-04-09T18:44:11.837+0800][187.346s] GC(290) Old regions: 129->129
[2023-04-09T18:44:11.837+0800][187.346s] GC(290) Humongous regions: 59->50
[2023-04-09T18:44:11.837+0800][187.346s] GC(290) Metaspace: 60497K(62576K)->60497K(62576K) NonClass: 53436K(54692K)->53436K(54692K) Class: 7060K(7884K)->7060K(7884K)
[2023-04-09T18:44:11.837+0800][187.346s] GC(290) Pause Young (Normal) (G1 Evacuation Pause) 443M->179M(512M) 1.218ms
[2023-04-09T18:44:11.837+0800][187.346s] GC(290) User=0.00s Sys=0.00s Real=0.00s
[2023-04-09T18:44:12.218+0800][187.727s] GC(291) Pause Young (Normal) (G1 Evacuation Pause)
[2023-04-09T18:44:12.218+0800][187.727s] GC(291) Using 8 workers of 8 for evacuation
[2023-04-09T18:44:12.220+0800][187.728s] GC(291)   Pre Evacuate Collection Set: 0.0ms
[2023-04-09T18:44:12.220+0800][187.728s] GC(291)   Evacuate Collection Set: 0.7ms
[2023-04-09T18:44:12.220+0800][187.728s] GC(291)   Post Evacuate Collection Set: 0.5ms
[2023-04-09T18:44:12.220+0800][187.728s] GC(291)   Other: 0.2ms
[2023-04-09T18:44:12.220+0800][187.728s] GC(291) Eden regions: 261->0(256)
[2023-04-09T18:44:12.220+0800][187.728s] GC(291) Survivor regions: 1->6(33)
[2023-04-09T18:44:12.220+0800][187.728s] GC(291) Old regions: 129->129
[2023-04-09T18:44:12.220+0800][187.728s] GC(291) Humongous regions: 51->51
[2023-04-09T18:44:12.220+0800][187.728s] GC(291) Metaspace: 60497K(62576K)->60497K(62576K) NonClass: 53436K(54692K)->53436K(54692K) Class: 7060K(7884K)->7060K(7884K)
[2023-04-09T18:44:12.220+0800][187.728s] GC(291) Pause Young (Normal) (G1 Evacuation Pause) 441M->185M(512M) 1.621ms
[2023-04-09T18:44:12.220+0800][187.729s] GC(291) User=0.00s Sys=0.00s Real=0.00s
[2023-04-09T18:44:12.645+0800][188.153s] GC(292) Pause Young (Normal) (G1 Evacuation Pause)
[2023-04-09T18:44:12.645+0800][188.154s] GC(292) Using 8 workers of 8 for evacuation
[2023-04-09T18:44:12.647+0800][188.156s] GC(292)   Pre Evacuate Collection Set: 0.0ms
[2023-04-09T18:44:12.647+0800][188.156s] GC(292)   Evacuate Collection Set: 1.5ms
[2023-04-09T18:44:12.647+0800][188.156s] GC(292)   Post Evacuate Collection Set: 0.4ms
[2023-04-09T18:44:12.647+0800][188.156s] GC(292)   Other: 0.2ms
[2023-04-09T18:44:12.647+0800][188.156s] GC(292) Eden regions: 256->0(250)
[2023-04-09T18:44:12.647+0800][188.156s] GC(292) Survivor regions: 6->11(33)
[2023-04-09T18:44:12.647+0800][188.156s] GC(292) Old regions: 129->129
[2023-04-09T18:44:12.647+0800][188.156s] GC(292) Humongous regions: 54->53
[2023-04-09T18:44:12.647+0800][188.156s] GC(292) Metaspace: 60497K(62576K)->60497K(62576K) NonClass: 53436K(54692K)->53436K(54692K) Class: 7060K(7884K)->7060K(7884K)
[2023-04-09T18:44:12.647+0800][188.156s] GC(292) Pause Young (Normal) (G1 Evacuation Pause) 444M->192M(512M) 2.429ms
[2023-04-09T18:44:12.647+0800][188.156s] GC(292) User=0.00s Sys=0.00s Real=0.00s
[2023-04-09T18:44:13.264+0800][188.773s] GC(293) Pause Young (Normal) (G1 Evacuation Pause)
[2023-04-09T18:44:13.264+0800][188.773s] GC(293) Using 8 workers of 8 for evacuation
[2023-04-09T18:44:13.265+0800][188.775s] GC(293)   Pre Evacuate Collection Set: 0.0ms
[2023-04-09T18:44:13.266+0800][188.775s] GC(293)   Evacuate Collection Set: 1.1ms
[2023-04-09T18:44:13.266+0800][188.775s] GC(293)   Post Evacuate Collection Set: 0.6ms
[2023-04-09T18:44:13.266+0800][188.775s] GC(293)   Other: 0.2ms
[2023-04-09T18:44:13.266+0800][188.775s] GC(293) Eden regions: 250->0(246)
[2023-04-09T18:44:13.266+0800][188.775s] GC(293) Survivor regions: 11->10(33)
[2023-04-09T18:44:13.266+0800][188.775s] GC(293) Old regions: 129->129
[2023-04-09T18:44:13.266+0800][188.775s] GC(293) Humongous regions: 71->59
[2023-04-09T18:44:13.266+0800][188.775s] GC(293) Metaspace: 60497K(62576K)->60497K(62576K) NonClass: 53436K(54692K)->53436K(54692K) Class: 7060K(7884K)->7060K(7884K)
[2023-04-09T18:44:13.266+0800][188.775s] GC(293) Pause Young (Normal) (G1 Evacuation Pause) 460M->197M(512M) 2.196ms
[2023-04-09T18:44:13.266+0800][188.775s] GC(293) User=0.00s Sys=0.00s Real=0.00s
[2023-04-09T18:44:13.694+0800][189.203s] GC(294) Pause Young (Normal) (G1 Evacuation Pause)
[2023-04-09T18:44:13.694+0800][189.203s] GC(294) Using 8 workers of 8 for evacuation
[2023-04-09T18:44:13.695+0800][189.204s] GC(294)   Pre Evacuate Collection Set: 0.0ms
[2023-04-09T18:44:13.695+0800][189.204s] GC(294)   Evacuate Collection Set: 0.3ms
[2023-04-09T18:44:13.695+0800][189.204s] GC(294)   Post Evacuate Collection Set: 0.6ms
[2023-04-09T18:44:13.696+0800][189.204s] GC(294)   Other: 0.2ms
[2023-04-09T18:44:13.696+0800][189.204s] GC(294) Eden regions: 246->0(260)
[2023-04-09T18:44:13.696+0800][189.204s] GC(294) Survivor regions: 10->1(32)
[2023-04-09T18:44:13.696+0800][189.204s] GC(294) Old regions: 129->129
[2023-04-09T18:44:13.696+0800][189.205s] GC(294) Humongous regions: 59->50
[2023-04-09T18:44:13.696+0800][189.205s] GC(294) Metaspace: 60497K(62576K)->60497K(62576K) NonClass: 53436K(54692K)->53436K(54692K) Class: 7060K(7884K)->7060K(7884K)
[2023-04-09T18:44:13.696+0800][189.205s] GC(294) Pause Young (Normal) (G1 Evacuation Pause) 443M->179M(512M) 1.401ms
[2023-04-09T18:44:13.696+0800][189.205s] GC(294) User=0.00s Sys=0.00s Real=0.00s
[2023-04-09T18:44:14.072+0800][189.581s] GC(295) Pause Young (Normal) (G1 Evacuation Pause)
[2023-04-09T18:44:14.072+0800][189.581s] GC(295) Using 8 workers of 8 for evacuation
[2023-04-09T18:44:14.074+0800][189.583s] GC(295)   Pre Evacuate Collection Set: 0.0ms
[2023-04-09T18:44:14.074+0800][189.583s] GC(295)   Evacuate Collection Set: 0.7ms
[2023-04-09T18:44:14.074+0800][189.583s] GC(295)   Post Evacuate Collection Set: 0.6ms
[2023-04-09T18:44:14.074+0800][189.583s] GC(295)   Other: 0.2ms
[2023-04-09T18:44:14.074+0800][189.583s] GC(295) Eden regions: 260->0(256)
[2023-04-09T18:44:14.074+0800][189.583s] GC(295) Survivor regions: 1->7(33)
[2023-04-09T18:44:14.074+0800][189.583s] GC(295) Old regions: 129->129
[2023-04-09T18:44:14.074+0800][189.583s] GC(295) Humongous regions: 51->51
[2023-04-09T18:44:14.074+0800][189.583s] GC(295) Metaspace: 60497K(62576K)->60497K(62576K) NonClass: 53436K(54692K)->53436K(54692K) Class: 7060K(7884K)->7060K(7884K)
[2023-04-09T18:44:14.074+0800][189.583s] GC(295) Pause Young (Normal) (G1 Evacuation Pause) 440M->185M(512M) 1.720ms
[2023-04-09T18:44:14.074+0800][189.583s] GC(295) User=0.02s Sys=0.00s Real=0.00s
[2023-04-09T18:44:14.492+0800][190.001s] GC(296) Pause Young (Normal) (G1 Evacuation Pause)
[2023-04-09T18:44:14.492+0800][190.001s] GC(296) Using 8 workers of 8 for evacuation
[2023-04-09T18:44:14.494+0800][190.003s] GC(296)   Pre Evacuate Collection Set: 0.1ms
[2023-04-09T18:44:14.494+0800][190.003s] GC(296)   Evacuate Collection Set: 1.3ms
[2023-04-09T18:44:14.494+0800][190.003s] GC(296)   Post Evacuate Collection Set: 0.5ms
[2023-04-09T18:44:14.494+0800][190.003s] GC(296)   Other: 0.3ms
[2023-04-09T18:44:14.494+0800][190.003s] GC(296) Eden regions: 256->0(251)
[2023-04-09T18:44:14.494+0800][190.003s] GC(296) Survivor regions: 7->11(33)
[2023-04-09T18:44:14.494+0800][190.003s] GC(296) Old regions: 129->129
[2023-04-09T18:44:14.494+0800][190.003s] GC(296) Humongous regions: 54->53
[2023-04-09T18:44:14.494+0800][190.003s] GC(296) Metaspace: 60497K(62576K)->60497K(62576K) NonClass: 53436K(54692K)->53436K(54692K) Class: 7060K(7884K)->7060K(7884K)
[2023-04-09T18:44:14.494+0800][190.004s] GC(296) Pause Young (Normal) (G1 Evacuation Pause) 444M->192M(512M) 2.408ms
[2023-04-09T18:44:14.495+0800][190.004s] GC(296) User=0.00s Sys=0.00s Real=0.00s
[2023-04-09T18:44:15.074+0800][190.582s] GC(297) Pause Young (Normal) (G1 Evacuation Pause)
[2023-04-09T18:44:15.074+0800][190.582s] GC(297) Using 8 workers of 8 for evacuation
[2023-04-09T18:44:15.076+0800][190.585s] GC(297)   Pre Evacuate Collection Set: 0.0ms
[2023-04-09T18:44:15.076+0800][190.585s] GC(297)   Evacuate Collection Set: 1.5ms
[2023-04-09T18:44:15.076+0800][190.585s] GC(297)   Post Evacuate Collection Set: 0.6ms
[2023-04-09T18:44:15.076+0800][190.585s] GC(297)   Other: 0.2ms
[2023-04-09T18:44:15.076+0800][190.585s] GC(297) Eden regions: 251->0(247)
[2023-04-09T18:44:15.076+0800][190.585s] GC(297) Survivor regions: 11->10(33)
[2023-04-09T18:44:15.076+0800][190.585s] GC(297) Old regions: 129->129
[2023-04-09T18:44:15.076+0800][190.585s] GC(297) Humongous regions: 71->59
[2023-04-09T18:44:15.076+0800][190.585s] GC(297) Metaspace: 60497K(62576K)->60497K(62576K) NonClass: 53436K(54692K)->53436K(54692K) Class: 7060K(7884K)->7060K(7884K)
[2023-04-09T18:44:15.076+0800][190.585s] GC(297) Pause Young (Normal) (G1 Evacuation Pause) 461M->197M(512M) 2.410ms
[2023-04-09T18:44:15.076+0800][190.585s] GC(297) User=0.00s Sys=0.00s Real=0.00s
[2023-04-09T18:44:15.543+0800][191.052s] GC(298) Pause Young (Normal) (G1 Evacuation Pause)
[2023-04-09T18:44:15.544+0800][191.052s] GC(298) Using 8 workers of 8 for evacuation
[2023-04-09T18:44:15.545+0800][191.053s] GC(298)   Pre Evacuate Collection Set: 0.0ms
[2023-04-09T18:44:15.545+0800][191.053s] GC(298)   Evacuate Collection Set: 0.4ms
[2023-04-09T18:44:15.545+0800][191.053s] GC(298)   Post Evacuate Collection Set: 0.6ms
[2023-04-09T18:44:15.545+0800][191.053s] GC(298)   Other: 0.2ms
[2023-04-09T18:44:15.545+0800][191.053s] GC(298) Eden regions: 247->0(260)
[2023-04-09T18:44:15.545+0800][191.053s] GC(298) Survivor regions: 10->3(33)
[2023-04-09T18:44:15.545+0800][191.053s] GC(298) Old regions: 129->129
[2023-04-09T18:44:15.545+0800][191.053s] GC(298) Humongous regions: 59->50
[2023-04-09T18:44:15.545+0800][191.053s] GC(298) Metaspace: 60497K(62576K)->60497K(62576K) NonClass: 53437K(54692K)->53437K(54692K) Class: 7060K(7884K)->7060K(7884K)
[2023-04-09T18:44:15.545+0800][191.053s] GC(298) Pause Young (Normal) (G1 Evacuation Pause) 444M->180M(512M) 1.303ms
[2023-04-09T18:44:15.545+0800][191.053s] GC(298) User=0.00s Sys=0.00s Real=0.00s
[2023-04-09T18:44:15.941+0800][191.450s] GC(299) Pause Young (Normal) (G1 Evacuation Pause)
[2023-04-09T18:44:15.941+0800][191.450s] GC(299) Using 8 workers of 8 for evacuation
[2023-04-09T18:44:15.942+0800][191.452s] GC(299)   Pre Evacuate Collection Set: 0.0ms
[2023-04-09T18:44:15.942+0800][191.452s] GC(299)   Evacuate Collection Set: 0.8ms
[2023-04-09T18:44:15.942+0800][191.452s] GC(299)   Post Evacuate Collection Set: 0.4ms
[2023-04-09T18:44:15.942+0800][191.452s] GC(299)   Other: 0.1ms
[2023-04-09T18:44:15.942+0800][191.452s] GC(299) Eden regions: 260->0(255)
[2023-04-09T18:44:15.942+0800][191.452s] GC(299) Survivor regions: 3->8(33)
[2023-04-09T18:44:15.942+0800][191.452s] GC(299) Old regions: 129->129
[2023-04-09T18:44:15.942+0800][191.452s] GC(299) Humongous regions: 53->52
[2023-04-09T18:44:15.942+0800][191.452s] GC(299) Metaspace: 60497K(62576K)->60497K(62576K) NonClass: 53437K(54692K)->53437K(54692K) Class: 7060K(7884K)->7060K(7884K)
[2023-04-09T18:44:15.942+0800][191.452s] GC(299) Pause Young (Normal) (G1 Evacuation Pause) 443M->187M(512M) 1.520ms
[2023-04-09T18:44:15.942+0800][191.452s] GC(299) User=0.00s Sys=0.00s Real=0.00s
[2023-04-09T18:44:16.326+0800][191.836s] GC(300) Pause Young (Normal) (G1 Evacuation Pause)
[2023-04-09T18:44:16.326+0800][191.836s] GC(300) Using 8 workers of 8 for evacuation
[2023-04-09T18:44:16.329+0800][191.838s] GC(300)   Pre Evacuate Collection Set: 0.0ms
[2023-04-09T18:44:16.329+0800][191.838s] GC(300)   Evacuate Collection Set: 1.2ms
[2023-04-09T18:44:16.329+0800][191.838s] GC(300)   Post Evacuate Collection Set: 0.6ms
[2023-04-09T18:44:16.330+0800][191.838s] GC(300)   Other: 0.2ms
[2023-04-09T18:44:16.330+0800][191.838s] GC(300) Eden regions: 255->0(249)
[2023-04-09T18:44:16.330+0800][191.838s] GC(300) Survivor regions: 8->9(33)
[2023-04-09T18:44:16.330+0800][191.838s] GC(300) Old regions: 129->129
[2023-04-09T18:44:16.330+0800][191.838s] GC(300) Humongous regions: 58->58
[2023-04-09T18:44:16.330+0800][191.838s] GC(300) Metaspace: 60497K(62576K)->60497K(62576K) NonClass: 53437K(54692K)->53437K(54692K) Class: 7060K(7884K)->7060K(7884K)
[2023-04-09T18:44:16.330+0800][191.838s] GC(300) Pause Young (Normal) (G1 Evacuation Pause) 448M->195M(512M) 2.515ms
[2023-04-09T18:44:16.330+0800][191.838s] GC(300) User=0.00s Sys=0.00s Real=0.00s
[2023-04-09T18:44:16.867+0800][192.376s] GC(301) Pause Young (Normal) (G1 Evacuation Pause)
[2023-04-09T18:44:16.867+0800][192.376s] GC(301) Using 8 workers of 8 for evacuation
[2023-04-09T18:44:16.869+0800][192.377s] GC(301)   Pre Evacuate Collection Set: 0.0ms
[2023-04-09T18:44:16.869+0800][192.377s] GC(301)   Evacuate Collection Set: 1.1ms
[2023-04-09T18:44:16.869+0800][192.378s] GC(301)   Post Evacuate Collection Set: 0.5ms
[2023-04-09T18:44:16.869+0800][192.378s] GC(301)   Other: 0.2ms
[2023-04-09T18:44:16.869+0800][192.378s] GC(301) Eden regions: 249->0(247)
[2023-04-09T18:44:16.869+0800][192.378s] GC(301) Survivor regions: 9->11(33)
[2023-04-09T18:44:16.869+0800][192.378s] GC(301) Old regions: 129->129
[2023-04-09T18:44:16.869+0800][192.378s] GC(301) Humongous regions: 71->59
[2023-04-09T18:44:16.869+0800][192.378s] GC(301) Metaspace: 60498K(62576K)->60498K(62576K) NonClass: 53438K(54692K)->53438K(54692K) Class: 7060K(7884K)->7060K(7884K)
[2023-04-09T18:44:16.869+0800][192.378s] GC(301) Pause Young (Normal) (G1 Evacuation Pause) 457M->197M(512M) 2.165ms
[2023-04-09T18:44:16.869+0800][192.378s] GC(301) User=0.00s Sys=0.00s Real=0.00s
[2023-04-09T18:44:17.283+0800][192.792s] GC(302) Pause Young (Normal) (G1 Evacuation Pause)
[2023-04-09T18:44:17.283+0800][192.792s] GC(302) Using 8 workers of 8 for evacuation
[2023-04-09T18:44:17.284+0800][192.793s] GC(302)   Pre Evacuate Collection Set: 0.0ms
[2023-04-09T18:44:17.284+0800][192.793s] GC(302)   Evacuate Collection Set: 0.4ms
[2023-04-09T18:44:17.284+0800][192.793s] GC(302)   Post Evacuate Collection Set: 0.6ms
[2023-04-09T18:44:17.284+0800][192.793s] GC(302)   Other: 0.2ms
[2023-04-09T18:44:17.284+0800][192.793s] GC(302) Eden regions: 247->0(259)
[2023-04-09T18:44:17.284+0800][192.793s] GC(302) Survivor regions: 11->3(33)
[2023-04-09T18:44:17.284+0800][192.793s] GC(302) Old regions: 129->129
[2023-04-09T18:44:17.284+0800][192.793s] GC(302) Humongous regions: 59->50
[2023-04-09T18:44:17.284+0800][192.793s] GC(302) Metaspace: 60500K(62576K)->60500K(62576K) NonClass: 53440K(54692K)->53440K(54692K) Class: 7060K(7884K)->7060K(7884K)
[2023-04-09T18:44:17.284+0800][192.793s] GC(302) Pause Young (Normal) (G1 Evacuation Pause) 444M->181M(512M) 1.346ms
[2023-04-09T18:44:17.284+0800][192.793s] GC(302) User=0.00s Sys=0.00s Real=0.00s
[2023-04-09T18:44:17.656+0800][193.165s] GC(303) Pause Young (Normal) (G1 Evacuation Pause)
[2023-04-09T18:44:17.656+0800][193.165s] GC(303) Using 8 workers of 8 for evacuation
[2023-04-09T18:44:17.658+0800][193.167s] GC(303)   Pre Evacuate Collection Set: 0.0ms
[2023-04-09T18:44:17.658+0800][193.167s] GC(303)   Evacuate Collection Set: 0.9ms
[2023-04-09T18:44:17.658+0800][193.167s] GC(303)   Post Evacuate Collection Set: 0.6ms
[2023-04-09T18:44:17.658+0800][193.167s] GC(303)   Other: 0.2ms
[2023-04-09T18:44:17.658+0800][193.167s] GC(303) Eden regions: 259->0(254)
[2023-04-09T18:44:17.658+0800][193.167s] GC(303) Survivor regions: 3->8(33)
[2023-04-09T18:44:17.658+0800][193.167s] GC(303) Old regions: 129->129
[2023-04-09T18:44:17.658+0800][193.167s] GC(303) Humongous regions: 53->52
[2023-04-09T18:44:17.658+0800][193.167s] GC(303) Metaspace: 60500K(62576K)->60500K(62576K) NonClass: 53440K(54692K)->53440K(54692K) Class: 7060K(7884K)->7060K(7884K)
[2023-04-09T18:44:17.658+0800][193.167s] GC(303) Pause Young (Normal) (G1 Evacuation Pause) 443M->188M(512M) 1.796ms
[2023-04-09T18:44:17.658+0800][193.167s] GC(303) User=0.00s Sys=0.00s Real=0.00s
[2023-04-09T18:44:18.046+0800][193.555s] GC(304) Pause Young (Normal) (G1 Evacuation Pause)
[2023-04-09T18:44:18.046+0800][193.555s] GC(304) Using 8 workers of 8 for evacuation
[2023-04-09T18:44:18.048+0800][193.556s] GC(304)   Pre Evacuate Collection Set: 0.0ms
[2023-04-09T18:44:18.048+0800][193.556s] GC(304)   Evacuate Collection Set: 1.0ms
[2023-04-09T18:44:18.048+0800][193.556s] GC(304)   Post Evacuate Collection Set: 0.5ms
[2023-04-09T18:44:18.048+0800][193.556s] GC(304)   Other: 0.2ms
[2023-04-09T18:44:18.048+0800][193.556s] GC(304) Eden regions: 254->0(248)
[2023-04-09T18:44:18.048+0800][193.556s] GC(304) Survivor regions: 8->10(33)
[2023-04-09T18:44:18.048+0800][193.556s] GC(304) Old regions: 129->129
[2023-04-09T18:44:18.048+0800][193.556s] GC(304) Humongous regions: 61->59
[2023-04-09T18:44:18.048+0800][193.556s] GC(304) Metaspace: 60500K(62576K)->60500K(62576K) NonClass: 53440K(54692K)->53440K(54692K) Class: 7060K(7884K)->7060K(7884K)
[2023-04-09T18:44:18.048+0800][193.556s] GC(304) Pause Young (Normal) (G1 Evacuation Pause) 451M->196M(512M) 1.839ms
[2023-04-09T18:44:18.048+0800][193.556s] GC(304) User=0.00s Sys=0.00s Real=0.00s
[2023-04-09T18:44:18.501+0800][194.009s] GC(305) Pause Young (Normal) (G1 Evacuation Pause)
[2023-04-09T18:44:18.501+0800][194.009s] GC(305) Using 8 workers of 8 for evacuation
[2023-04-09T18:44:18.503+0800][194.011s] GC(305)   Pre Evacuate Collection Set: 0.0ms
[2023-04-09T18:44:18.503+0800][194.011s] GC(305)   Evacuate Collection Set: 1.2ms
[2023-04-09T18:44:18.503+0800][194.011s] GC(305)   Post Evacuate Collection Set: 0.6ms
[2023-04-09T18:44:18.503+0800][194.011s] GC(305)   Other: 0.2ms
[2023-04-09T18:44:18.503+0800][194.011s] GC(305) Eden regions: 248->0(247)
[2023-04-09T18:44:18.503+0800][194.011s] GC(305) Survivor regions: 10->11(33)
[2023-04-09T18:44:18.503+0800][194.011s] GC(305) Old regions: 129->129
[2023-04-09T18:44:18.503+0800][194.011s] GC(305) Humongous regions: 69->59
[2023-04-09T18:44:18.503+0800][194.011s] GC(305) Metaspace: 60500K(62576K)->60500K(62576K) NonClass: 53440K(54692K)->53440K(54692K) Class: 7060K(7884K)->7060K(7884K)
[2023-04-09T18:44:18.503+0800][194.011s] GC(305) Pause Young (Normal) (G1 Evacuation Pause) 454M->197M(512M) 2.151ms
[2023-04-09T18:44:18.503+0800][194.011s] GC(305) User=0.00s Sys=0.00s Real=0.00s
[2023-04-09T18:44:18.924+0800][194.433s] GC(306) Pause Young (Normal) (G1 Evacuation Pause)
[2023-04-09T18:44:18.924+0800][194.433s] GC(306) Using 8 workers of 8 for evacuation
[2023-04-09T18:44:18.925+0800][194.434s] GC(306)   Pre Evacuate Collection Set: 0.0ms
[2023-04-09T18:44:18.925+0800][194.434s] GC(306)   Evacuate Collection Set: 0.6ms
[2023-04-09T18:44:18.925+0800][194.434s] GC(306)   Post Evacuate Collection Set: 0.5ms
[2023-04-09T18:44:18.925+0800][194.434s] GC(306)   Other: 0.1ms
[2023-04-09T18:44:18.925+0800][194.434s] GC(306) Eden regions: 247->0(258)
[2023-04-09T18:44:18.925+0800][194.434s] GC(306) Survivor regions: 11->4(33)
[2023-04-09T18:44:18.925+0800][194.434s] GC(306) Old regions: 129->129
[2023-04-09T18:44:18.925+0800][194.434s] GC(306) Humongous regions: 60->51
[2023-04-09T18:44:18.925+0800][194.434s] GC(306) Metaspace: 60501K(62576K)->60501K(62576K) NonClass: 53441K(54692K)->53441K(54692K) Class: 7060K(7884K)->7060K(7884K)
[2023-04-09T18:44:18.925+0800][194.434s] GC(306) Pause Young (Normal) (G1 Evacuation Pause) 445M->183M(512M) 1.463ms
[2023-04-09T18:44:18.925+0800][194.434s] GC(306) User=0.00s Sys=0.00s Real=0.00s
[2023-04-09T18:44:54.652+0800][230.162s] GC(307) Pause Young (Normal) (G1 Evacuation Pause)
[2023-04-09T18:44:54.652+0800][230.162s] GC(307) Using 8 workers of 8 for evacuation
[2023-04-09T18:44:54.655+0800][230.164s] GC(307)   Pre Evacuate Collection Set: 0.1ms
[2023-04-09T18:44:54.655+0800][230.164s] GC(307)   Evacuate Collection Set: 0.9ms
[2023-04-09T18:44:54.655+0800][230.164s] GC(307)   Post Evacuate Collection Set: 1.0ms
[2023-04-09T18:44:54.655+0800][230.164s] GC(307)   Other: 0.2ms
[2023-04-09T18:44:54.655+0800][230.164s] GC(307) Eden regions: 258->0(261)
[2023-04-09T18:44:54.655+0800][230.164s] GC(307) Survivor regions: 4->3(33)
[2023-04-09T18:44:54.655+0800][230.164s] GC(307) Old regions: 129->129
[2023-04-09T18:44:54.655+0800][230.164s] GC(307) Humongous regions: 51->50
[2023-04-09T18:44:54.655+0800][230.164s] GC(307) Metaspace: 60678K(62576K)->60678K(62576K) NonClass: 53593K(54692K)->53593K(54692K) Class: 7085K(7884K)->7085K(7884K)
[2023-04-09T18:44:54.655+0800][230.164s] GC(307) Pause Young (Normal) (G1 Evacuation Pause) 440M->180M(512M) 2.440ms
[2023-04-09T18:44:54.655+0800][230.164s] GC(307) User=0.00s Sys=0.00s Real=0.00s
[2023-04-09T18:44:55.084+0800][230.593s] GC(308) Pause Young (Normal) (G1 Evacuation Pause)
[2023-04-09T18:44:55.084+0800][230.593s] GC(308) Using 8 workers of 8 for evacuation
[2023-04-09T18:44:55.086+0800][230.595s] GC(308)   Pre Evacuate Collection Set: 0.0ms
[2023-04-09T18:44:55.086+0800][230.595s] GC(308)   Evacuate Collection Set: 1.3ms
[2023-04-09T18:44:55.086+0800][230.595s] GC(308)   Post Evacuate Collection Set: 0.6ms
[2023-04-09T18:44:55.086+0800][230.595s] GC(308)   Other: 0.2ms
[2023-04-09T18:44:55.086+0800][230.595s] GC(308) Eden regions: 261->0(256)
[2023-04-09T18:44:55.086+0800][230.595s] GC(308) Survivor regions: 3->7(33)
[2023-04-09T18:44:55.086+0800][230.595s] GC(308) Old regions: 129->129
[2023-04-09T18:44:55.086+0800][230.595s] GC(308) Humongous regions: 53->52
[2023-04-09T18:44:55.086+0800][230.595s] GC(308) Metaspace: 60678K(62576K)->60678K(62576K) NonClass: 53593K(54692K)->53593K(54692K) Class: 7085K(7884K)->7085K(7884K)
[2023-04-09T18:44:55.086+0800][230.595s] GC(308) Pause Young (Normal) (G1 Evacuation Pause) 444M->187M(512M) 2.244ms
[2023-04-09T18:44:55.086+0800][230.595s] GC(308) User=0.00s Sys=0.00s Real=0.00s
[2023-04-09T18:44:55.463+0800][230.972s] GC(309) Pause Young (Normal) (G1 Evacuation Pause)
[2023-04-09T18:44:55.463+0800][230.972s] GC(309) Using 8 workers of 8 for evacuation
[2023-04-09T18:44:55.465+0800][230.974s] GC(309)   Pre Evacuate Collection Set: 0.0ms
[2023-04-09T18:44:55.465+0800][230.974s] GC(309)   Evacuate Collection Set: 1.6ms
[2023-04-09T18:44:55.465+0800][230.974s] GC(309)   Post Evacuate Collection Set: 0.7ms
[2023-04-09T18:44:55.465+0800][230.975s] GC(309)   Other: 0.2ms
[2023-04-09T18:44:55.465+0800][230.975s] GC(309) Eden regions: 256->0(250)
[2023-04-09T18:44:55.465+0800][230.975s] GC(309) Survivor regions: 7->12(33)
[2023-04-09T18:44:55.466+0800][230.975s] GC(309) Old regions: 129->129
[2023-04-09T18:44:55.466+0800][230.975s] GC(309) Humongous regions: 53->53
[2023-04-09T18:44:55.466+0800][230.975s] GC(309) Metaspace: 60678K(62576K)->60678K(62576K) NonClass: 53593K(54692K)->53593K(54692K) Class: 7085K(7884K)->7085K(7884K)
[2023-04-09T18:44:55.466+0800][230.975s] GC(309) Pause Young (Normal) (G1 Evacuation Pause) 444M->192M(512M) 2.862ms
[2023-04-09T18:44:55.466+0800][230.975s] GC(309) User=0.12s Sys=0.00s Real=0.00s
[2023-04-09T18:44:55.988+0800][231.497s] GC(310) Pause Young (Normal) (G1 Evacuation Pause)
[2023-04-09T18:44:55.988+0800][231.497s] GC(310) Using 8 workers of 8 for evacuation
[2023-04-09T18:44:55.990+0800][231.500s] GC(310)   Pre Evacuate Collection Set: 0.0ms
[2023-04-09T18:44:55.990+0800][231.500s] GC(310)   Evacuate Collection Set: 1.4ms
[2023-04-09T18:44:55.990+0800][231.500s] GC(310)   Post Evacuate Collection Set: 0.6ms
[2023-04-09T18:44:55.991+0800][231.500s] GC(310)   Other: 0.2ms
[2023-04-09T18:44:55.991+0800][231.500s] GC(310) Eden regions: 250->0(246)
[2023-04-09T18:44:55.991+0800][231.500s] GC(310) Survivor regions: 12->11(33)
[2023-04-09T18:44:55.991+0800][231.500s] GC(310) Old regions: 129->129
[2023-04-09T18:44:55.991+0800][231.500s] GC(310) Humongous regions: 71->59
[2023-04-09T18:44:55.991+0800][231.500s] GC(310) Metaspace: 60679K(62576K)->60679K(62576K) NonClass: 53594K(54692K)->53594K(54692K) Class: 7085K(7884K)->7085K(7884K)
[2023-04-09T18:44:55.991+0800][231.500s] GC(310) Pause Young (Normal) (G1 Evacuation Pause) 460M->198M(512M) 2.599ms
[2023-04-09T18:44:55.991+0800][231.500s] GC(310) User=0.00s Sys=0.00s Real=0.00s
[2023-04-09T18:44:56.410+0800][231.919s] GC(311) Pause Young (Normal) (G1 Evacuation Pause)
[2023-04-09T18:44:56.410+0800][231.919s] GC(311) Using 8 workers of 8 for evacuation
[2023-04-09T18:44:56.411+0800][231.921s] GC(311)   Pre Evacuate Collection Set: 0.0ms
[2023-04-09T18:44:56.412+0800][231.921s] GC(311)   Evacuate Collection Set: 0.7ms
[2023-04-09T18:44:56.412+0800][231.921s] GC(311)   Post Evacuate Collection Set: 0.6ms
[2023-04-09T18:44:56.412+0800][231.921s] GC(311)   Other: 0.1ms
[2023-04-09T18:44:56.412+0800][231.921s] GC(311) Eden regions: 246->0(259)
[2023-04-09T18:44:56.412+0800][231.921s] GC(311) Survivor regions: 11->3(33)
[2023-04-09T18:44:56.412+0800][231.921s] GC(311) Old regions: 129->129
[2023-04-09T18:44:56.412+0800][231.921s] GC(311) Humongous regions: 59->50
[2023-04-09T18:44:56.412+0800][231.921s] GC(311) Metaspace: 60680K(62576K)->60680K(62576K) NonClass: 53595K(54692K)->53595K(54692K) Class: 7085K(7884K)->7085K(7884K)
[2023-04-09T18:44:56.412+0800][231.921s] GC(311) Pause Young (Normal) (G1 Evacuation Pause) 444M->181M(512M) 1.592ms
[2023-04-09T18:44:56.412+0800][231.921s] GC(311) User=0.00s Sys=0.00s Real=0.00s
[2023-04-09T18:44:56.797+0800][232.306s] GC(312) Pause Young (Normal) (G1 Evacuation Pause)
[2023-04-09T18:44:56.797+0800][232.307s] GC(312) Using 8 workers of 8 for evacuation
[2023-04-09T18:44:56.799+0800][232.309s] GC(312)   Pre Evacuate Collection Set: 0.0ms
[2023-04-09T18:44:56.799+0800][232.309s] GC(312)   Evacuate Collection Set: 1.3ms
[2023-04-09T18:44:56.799+0800][232.309s] GC(312)   Post Evacuate Collection Set: 0.5ms
[2023-04-09T18:44:56.799+0800][232.309s] GC(312)   Other: 0.3ms
[2023-04-09T18:44:56.799+0800][232.309s] GC(312) Eden regions: 259->0(255)
[2023-04-09T18:44:56.799+0800][232.309s] GC(312) Survivor regions: 3->8(33)
[2023-04-09T18:44:56.799+0800][232.309s] GC(312) Old regions: 129->129
[2023-04-09T18:44:56.800+0800][232.309s] GC(312) Humongous regions: 53->52
[2023-04-09T18:44:56.800+0800][232.309s] GC(312) Metaspace: 60680K(62576K)->60680K(62576K) NonClass: 53595K(54692K)->53595K(54692K) Class: 7085K(7884K)->7085K(7884K)
[2023-04-09T18:44:56.800+0800][232.309s] GC(312) Pause Young (Normal) (G1 Evacuation Pause) 443M->188M(512M) 2.479ms
[2023-04-09T18:44:56.800+0800][232.309s] GC(312) User=0.00s Sys=0.00s Real=0.00s
[2023-04-09T18:44:57.182+0800][232.691s] GC(313) Pause Young (Normal) (G1 Evacuation Pause)
[2023-04-09T18:44:57.182+0800][232.691s] GC(313) Using 8 workers of 8 for evacuation
[2023-04-09T18:44:57.184+0800][232.693s] GC(313)   Pre Evacuate Collection Set: 0.1ms
[2023-04-09T18:44:57.184+0800][232.693s] GC(313)   Evacuate Collection Set: 1.4ms
[2023-04-09T18:44:57.184+0800][232.693s] GC(313)   Post Evacuate Collection Set: 0.6ms
[2023-04-09T18:44:57.184+0800][232.693s] GC(313)   Other: 0.2ms
[2023-04-09T18:44:57.184+0800][232.693s] GC(313) Eden regions: 255->0(249)
[2023-04-09T18:44:57.184+0800][232.693s] GC(313) Survivor regions: 8->10(33)
[2023-04-09T18:44:57.184+0800][232.693s] GC(313) Old regions: 129->129
[2023-04-09T18:44:57.184+0800][232.693s] GC(313) Humongous regions: 58->58
[2023-04-09T18:44:57.184+0800][232.693s] GC(313) Metaspace: 60680K(62576K)->60680K(62576K) NonClass: 53595K(54692K)->53595K(54692K) Class: 7085K(7884K)->7085K(7884K)
[2023-04-09T18:44:57.184+0800][232.693s] GC(313) Pause Young (Normal) (G1 Evacuation Pause) 449M->195M(512M) 2.412ms
[2023-04-09T18:44:57.184+0800][232.693s] GC(313) User=0.11s Sys=0.00s Real=0.00s
[2023-04-09T18:44:57.662+0800][233.171s] GC(314) Pause Young (Normal) (G1 Evacuation Pause)
[2023-04-09T18:44:57.662+0800][233.171s] GC(314) Using 8 workers of 8 for evacuation
[2023-04-09T18:44:57.664+0800][233.173s] GC(314)   Pre Evacuate Collection Set: 0.0ms
[2023-04-09T18:44:57.664+0800][233.173s] GC(314)   Evacuate Collection Set: 1.3ms
[2023-04-09T18:44:57.664+0800][233.173s] GC(314)   Post Evacuate Collection Set: 0.6ms
[2023-04-09T18:44:57.664+0800][233.173s] GC(314)   Other: 0.3ms
[2023-04-09T18:44:57.664+0800][233.173s] GC(314) Eden regions: 249->0(247)
[2023-04-09T18:44:57.664+0800][233.173s] GC(314) Survivor regions: 10->11(33)
[2023-04-09T18:44:57.664+0800][233.173s] GC(314) Old regions: 129->129
[2023-04-09T18:44:57.664+0800][233.173s] GC(314) Humongous regions: 71->59
[2023-04-09T18:44:57.664+0800][233.173s] GC(314) Metaspace: 60680K(62576K)->60680K(62576K) NonClass: 53595K(54692K)->53595K(54692K) Class: 7085K(7884K)->7085K(7884K)
[2023-04-09T18:44:57.664+0800][233.173s] GC(314) Pause Young (Normal) (G1 Evacuation Pause) 457M->198M(512M) 2.629ms
[2023-04-09T18:44:57.664+0800][233.173s] GC(314) User=0.00s Sys=0.00s Real=0.00s
[2023-04-09T18:44:58.104+0800][233.613s] GC(315) Pause Young (Normal) (G1 Evacuation Pause)
[2023-04-09T18:44:58.104+0800][233.613s] GC(315) Using 8 workers of 8 for evacuation
[2023-04-09T18:44:58.106+0800][233.615s] GC(315)   Pre Evacuate Collection Set: 0.0ms
[2023-04-09T18:44:58.106+0800][233.615s] GC(315)   Evacuate Collection Set: 0.7ms
[2023-04-09T18:44:58.106+0800][233.615s] GC(315)   Post Evacuate Collection Set: 0.6ms
[2023-04-09T18:44:58.106+0800][233.615s] GC(315)   Other: 0.1ms
[2023-04-09T18:44:58.106+0800][233.615s] GC(315) Eden regions: 247->0(258)
[2023-04-09T18:44:58.106+0800][233.615s] GC(315) Survivor regions: 11->4(33)
[2023-04-09T18:44:58.106+0800][233.615s] GC(315) Old regions: 129->129
[2023-04-09T18:44:58.106+0800][233.615s] GC(315) Humongous regions: 59->50
[2023-04-09T18:44:58.106+0800][233.615s] GC(315) Metaspace: 60682K(62576K)->60682K(62576K) NonClass: 53597K(54692K)->53597K(54692K) Class: 7085K(7884K)->7085K(7884K)
[2023-04-09T18:44:58.106+0800][233.615s] GC(315) Pause Young (Normal) (G1 Evacuation Pause) 445M->182M(512M) 1.689ms
[2023-04-09T18:44:58.106+0800][233.615s] GC(315) User=0.12s Sys=0.00s Real=0.00s
[2023-04-09T18:44:58.481+0800][233.990s] GC(316) Pause Young (Normal) (G1 Evacuation Pause)
[2023-04-09T18:44:58.481+0800][233.990s] GC(316) Using 8 workers of 8 for evacuation
[2023-04-09T18:44:58.483+0800][233.992s] GC(316)   Pre Evacuate Collection Set: 0.1ms
[2023-04-09T18:44:58.483+0800][233.993s] GC(316)   Evacuate Collection Set: 1.5ms
[2023-04-09T18:44:58.483+0800][233.993s] GC(316)   Post Evacuate Collection Set: 0.5ms
[2023-04-09T18:44:58.483+0800][233.993s] GC(316)   Other: 0.2ms
[2023-04-09T18:44:58.483+0800][233.993s] GC(316) Eden regions: 258->0(254)
[2023-04-09T18:44:58.483+0800][233.993s] GC(316) Survivor regions: 4->9(33)
[2023-04-09T18:44:58.483+0800][233.993s] GC(316) Old regions: 129->129
[2023-04-09T18:44:58.483+0800][233.993s] GC(316) Humongous regions: 53->52
[2023-04-09T18:44:58.483+0800][233.993s] GC(316) Metaspace: 60682K(62576K)->60682K(62576K) NonClass: 53597K(54692K)->53597K(54692K) Class: 7085K(7884K)->7085K(7884K)
[2023-04-09T18:44:58.483+0800][233.993s] GC(316) Pause Young (Normal) (G1 Evacuation Pause) 443M->189M(512M) 2.421ms
[2023-04-09T18:44:58.483+0800][233.993s] GC(316) User=0.00s Sys=0.00s Real=0.00s
[2023-04-09T18:44:58.876+0800][234.385s] GC(317) Pause Young (Normal) (G1 Evacuation Pause)
[2023-04-09T18:44:58.876+0800][234.385s] GC(317) Using 8 workers of 8 for evacuation
[2023-04-09T18:44:58.878+0800][234.387s] GC(317)   Pre Evacuate Collection Set: 0.0ms
[2023-04-09T18:44:58.878+0800][234.387s] GC(317)   Evacuate Collection Set: 1.3ms
[2023-04-09T18:44:58.878+0800][234.387s] GC(317)   Post Evacuate Collection Set: 0.7ms
[2023-04-09T18:44:58.878+0800][234.387s] GC(317)   Other: 0.2ms
[2023-04-09T18:44:58.878+0800][234.387s] GC(317) Eden regions: 254->0(248)
[2023-04-09T18:44:58.878+0800][234.387s] GC(317) Survivor regions: 9->10(33)
[2023-04-09T18:44:58.878+0800][234.388s] GC(317) Old regions: 129->129
[2023-04-09T18:44:58.879+0800][234.388s] GC(317) Humongous regions: 66->59
[2023-04-09T18:44:58.879+0800][234.388s] GC(317) Metaspace: 60682K(62576K)->60682K(62576K) NonClass: 53597K(54692K)->53597K(54692K) Class: 7085K(7884K)->7085K(7884K)
[2023-04-09T18:44:58.879+0800][234.388s] GC(317) Pause Young (Normal) (G1 Evacuation Pause) 457M->197M(512M) 2.359ms
[2023-04-09T18:44:58.879+0800][234.388s] GC(317) User=0.00s Sys=0.00s Real=0.00s
[2023-04-09T18:44:59.348+0800][234.857s] GC(318) Pause Young (Normal) (G1 Evacuation Pause)
[2023-04-09T18:44:59.348+0800][234.857s] GC(318) Using 8 workers of 8 for evacuation
[2023-04-09T18:44:59.350+0800][234.859s] GC(318)   Pre Evacuate Collection Set: 0.0ms
[2023-04-09T18:44:59.350+0800][234.859s] GC(318)   Evacuate Collection Set: 1.7ms
[2023-04-09T18:44:59.350+0800][234.859s] GC(318)   Post Evacuate Collection Set: 0.6ms
[2023-04-09T18:44:59.350+0800][234.859s] GC(318)   Other: 0.2ms
[2023-04-09T18:44:59.350+0800][234.859s] GC(318) Eden regions: 248->0(247)
[2023-04-09T18:44:59.350+0800][234.859s] GC(318) Survivor regions: 10->11(33)
[2023-04-09T18:44:59.350+0800][234.859s] GC(318) Old regions: 129->129
[2023-04-09T18:44:59.350+0800][234.859s] GC(318) Humongous regions: 64->59
[2023-04-09T18:44:59.351+0800][234.859s] GC(318) Metaspace: 60682K(62576K)->60682K(62576K) NonClass: 53597K(54692K)->53597K(54692K) Class: 7085K(7884K)->7085K(7884K)
[2023-04-09T18:44:59.351+0800][234.859s] GC(318) Pause Young (Normal) (G1 Evacuation Pause) 450M->198M(512M) 2.898ms
[2023-04-09T18:44:59.351+0800][234.859s] GC(318) User=0.00s Sys=0.00s Real=0.00s
[2023-04-09T18:44:59.830+0800][235.339s] GC(319) Pause Young (Normal) (G1 Evacuation Pause)
[2023-04-09T18:44:59.830+0800][235.339s] GC(319) Using 8 workers of 8 for evacuation
[2023-04-09T18:44:59.831+0800][235.340s] GC(319)   Pre Evacuate Collection Set: 0.0ms
[2023-04-09T18:44:59.831+0800][235.340s] GC(319)   Evacuate Collection Set: 0.8ms
[2023-04-09T18:44:59.831+0800][235.340s] GC(319)   Post Evacuate Collection Set: 0.5ms
[2023-04-09T18:44:59.831+0800][235.341s] GC(319)   Other: 0.2ms
[2023-04-09T18:44:59.831+0800][235.341s] GC(319) Eden regions: 247->0(255)
[2023-04-09T18:44:59.831+0800][235.341s] GC(319) Survivor regions: 11->5(33)
[2023-04-09T18:44:59.832+0800][235.341s] GC(319) Old regions: 129->129
[2023-04-09T18:44:59.832+0800][235.341s] GC(319) Humongous regions: 60->51
[2023-04-09T18:44:59.832+0800][235.341s] GC(319) Metaspace: 60682K(62576K)->60682K(62576K) NonClass: 53597K(54692K)->53597K(54692K) Class: 7085K(7884K)->7085K(7884K)
[2023-04-09T18:44:59.832+0800][235.341s] GC(319) Pause Young (Normal) (G1 Evacuation Pause) 446M->183M(512M) 1.915ms
[2023-04-09T18:44:59.832+0800][235.341s] GC(319) User=0.00s Sys=0.00s Real=0.00s
[2023-04-09T18:45:00.213+0800][235.722s] GC(320) Pause Young (Normal) (G1 Evacuation Pause)
[2023-04-09T18:45:00.213+0800][235.722s] GC(320) Using 8 workers of 8 for evacuation
[2023-04-09T18:45:00.215+0800][235.724s] GC(320)   Pre Evacuate Collection Set: 0.0ms
[2023-04-09T18:45:00.215+0800][235.724s] GC(320)   Evacuate Collection Set: 1.2ms
[2023-04-09T18:45:00.215+0800][235.724s] GC(320)   Post Evacuate Collection Set: 0.5ms
[2023-04-09T18:45:00.215+0800][235.724s] GC(320)   Other: 0.2ms
[2023-04-09T18:45:00.215+0800][235.724s] GC(320) Eden regions: 255->0(251)
[2023-04-09T18:45:00.215+0800][235.724s] GC(320) Survivor regions: 5->10(33)
[2023-04-09T18:45:00.215+0800][235.724s] GC(320) Old regions: 129->129
[2023-04-09T18:45:00.215+0800][235.724s] GC(320) Humongous regions: 53->52
[2023-04-09T18:45:00.215+0800][235.724s] GC(320) Metaspace: 60682K(62576K)->60682K(62576K) NonClass: 53597K(54692K)->53597K(54692K) Class: 7085K(7884K)->7085K(7884K)
[2023-04-09T18:45:00.215+0800][235.724s] GC(320) Pause Young (Normal) (G1 Evacuation Pause) 440M->189M(512M) 2.229ms
[2023-04-09T18:45:00.215+0800][235.724s] GC(320) User=0.12s Sys=0.00s Real=0.00s
[2023-04-09T18:45:00.606+0800][236.114s] GC(321) Pause Young (Normal) (G1 Evacuation Pause)
[2023-04-09T18:45:00.606+0800][236.115s] GC(321) Using 8 workers of 8 for evacuation
[2023-04-09T18:45:00.608+0800][236.117s] GC(321)   Pre Evacuate Collection Set: 0.0ms
[2023-04-09T18:45:00.608+0800][236.117s] GC(321)   Evacuate Collection Set: 1.3ms
[2023-04-09T18:45:00.608+0800][236.117s] GC(321)   Post Evacuate Collection Set: 0.7ms
[2023-04-09T18:45:00.608+0800][236.117s] GC(321)   Other: 0.2ms
[2023-04-09T18:45:00.608+0800][236.117s] GC(321) Eden regions: 251->0(246)
[2023-04-09T18:45:00.608+0800][236.117s] GC(321) Survivor regions: 10->11(33)
[2023-04-09T18:45:00.608+0800][236.117s] GC(321) Old regions: 129->129
[2023-04-09T18:45:00.608+0800][236.117s] GC(321) Humongous regions: 66->59
[2023-04-09T18:45:00.608+0800][236.117s] GC(321) Metaspace: 60682K(62576K)->60682K(62576K) NonClass: 53597K(54692K)->53597K(54692K) Class: 7085K(7884K)->7085K(7884K)
[2023-04-09T18:45:00.608+0800][236.117s] GC(321) Pause Young (Normal) (G1 Evacuation Pause) 454M->197M(512M) 2.303ms
[2023-04-09T18:45:00.608+0800][236.117s] GC(321) User=0.00s Sys=0.00s Real=0.00s
[2023-04-09T18:45:01.090+0800][236.599s] GC(322) Pause Young (Normal) (G1 Evacuation Pause)
[2023-04-09T18:45:01.090+0800][236.599s] GC(322) Using 8 workers of 8 for evacuation
[2023-04-09T18:45:01.092+0800][236.601s] GC(322)   Pre Evacuate Collection Set: 0.0ms
[2023-04-09T18:45:01.092+0800][236.601s] GC(322)   Evacuate Collection Set: 1.4ms
[2023-04-09T18:45:01.092+0800][236.601s] GC(322)   Post Evacuate Collection Set: 0.5ms
[2023-04-09T18:45:01.092+0800][236.601s] GC(322)   Other: 0.2ms
[2023-04-09T18:45:01.092+0800][236.601s] GC(322) Eden regions: 246->0(246)
[2023-04-09T18:45:01.092+0800][236.601s] GC(322) Survivor regions: 11->11(33)
[2023-04-09T18:45:01.092+0800][236.601s] GC(322) Old regions: 129->130
[2023-04-09T18:45:01.092+0800][236.601s] GC(322) Humongous regions: 64->59
[2023-04-09T18:45:01.092+0800][236.601s] GC(322) Metaspace: 60682K(62576K)->60682K(62576K) NonClass: 53597K(54692K)->53597K(54692K) Class: 7085K(7884K)->7085K(7884K)
[2023-04-09T18:45:01.092+0800][236.601s] GC(322) Pause Young (Normal) (G1 Evacuation Pause) 448M->198M(512M) 2.238ms
[2023-04-09T18:45:01.092+0800][236.601s] GC(322) User=0.00s Sys=0.00s Real=0.00s
[2023-04-09T18:45:01.546+0800][237.054s] GC(323) Pause Young (Normal) (G1 Evacuation Pause)
[2023-04-09T18:45:01.546+0800][237.054s] GC(323) Using 8 workers of 8 for evacuation
[2023-04-09T18:45:01.546+0800][237.056s] GC(323)   Pre Evacuate Collection Set: 0.0ms
[2023-04-09T18:45:01.546+0800][237.056s] GC(323)   Evacuate Collection Set: 0.6ms
[2023-04-09T18:45:01.546+0800][237.056s] GC(323)   Post Evacuate Collection Set: 0.6ms
[2023-04-09T18:45:01.546+0800][237.056s] GC(323)   Other: 0.2ms
[2023-04-09T18:45:01.546+0800][237.056s] GC(323) Eden regions: 246->0(256)
[2023-04-09T18:45:01.546+0800][237.056s] GC(323) Survivor regions: 11->5(33)
[2023-04-09T18:45:01.546+0800][237.056s] GC(323) Old regions: 130->130
[2023-04-09T18:45:01.546+0800][237.056s] GC(323) Humongous regions: 60->51
[2023-04-09T18:45:01.546+0800][237.056s] GC(323) Metaspace: 60682K(62576K)->60682K(62576K) NonClass: 53597K(54692K)->53597K(54692K) Class: 7085K(7884K)->7085K(7884K)
[2023-04-09T18:45:01.548+0800][237.056s] GC(323) Pause Young (Normal) (G1 Evacuation Pause) 445M->184M(512M) 1.551ms
[2023-04-09T18:45:01.548+0800][237.056s] GC(323) User=0.00s Sys=0.00s Real=0.00s
[2023-04-09T18:45:01.932+0800][237.441s] GC(324) Pause Young (Normal) (G1 Evacuation Pause)
[2023-04-09T18:45:01.933+0800][237.441s] GC(324) Using 8 workers of 8 for evacuation
[2023-04-09T18:45:01.934+0800][237.443s] GC(324)   Pre Evacuate Collection Set: 0.0ms
[2023-04-09T18:45:01.934+0800][237.443s] GC(324)   Evacuate Collection Set: 1.1ms
[2023-04-09T18:45:01.934+0800][237.443s] GC(324)   Post Evacuate Collection Set: 0.6ms
[2023-04-09T18:45:01.934+0800][237.443s] GC(324)   Other: 0.2ms
[2023-04-09T18:45:01.934+0800][237.443s] GC(324) Eden regions: 256->0(251)
[2023-04-09T18:45:01.934+0800][237.443s] GC(324) Survivor regions: 5->10(33)
[2023-04-09T18:45:01.934+0800][237.443s] GC(324) Old regions: 130->130
[2023-04-09T18:45:01.934+0800][237.443s] GC(324) Humongous regions: 53->52
[2023-04-09T18:45:01.934+0800][237.443s] GC(324) Metaspace: 60682K(62576K)->60682K(62576K) NonClass: 53597K(54692K)->53597K(54692K) Class: 7085K(7884K)->7085K(7884K)
[2023-04-09T18:45:01.934+0800][237.443s] GC(324) Pause Young (Normal) (G1 Evacuation Pause) 442M->190M(512M) 2.032ms
[2023-04-09T18:45:01.935+0800][237.443s] GC(324) User=0.11s Sys=0.00s Real=0.00s
[2023-04-09T18:45:02.341+0800][237.850s] GC(325) Pause Young (Normal) (G1 Evacuation Pause)
[2023-04-09T18:45:02.341+0800][237.850s] GC(325) Using 8 workers of 8 for evacuation
[2023-04-09T18:45:02.343+0800][237.851s] GC(325)   Pre Evacuate Collection Set: 0.0ms
[2023-04-09T18:45:02.343+0800][237.851s] GC(325)   Evacuate Collection Set: 1.1ms
[2023-04-09T18:45:02.343+0800][237.851s] GC(325)   Post Evacuate Collection Set: 0.6ms
[2023-04-09T18:45:02.343+0800][237.851s] GC(325)   Other: 0.2ms
[2023-04-09T18:45:02.343+0800][237.851s] GC(325) Eden regions: 251->0(245)
[2023-04-09T18:45:02.343+0800][237.851s] GC(325) Survivor regions: 10->11(33)
[2023-04-09T18:45:02.343+0800][237.851s] GC(325) Old regions: 130->130
[2023-04-09T18:45:02.343+0800][237.852s] GC(325) Humongous regions: 66->59
[2023-04-09T18:45:02.343+0800][237.852s] GC(325) Metaspace: 60682K(62576K)->60682K(62576K) NonClass: 53597K(54692K)->53597K(54692K) Class: 7085K(7884K)->7085K(7884K)
[2023-04-09T18:45:02.343+0800][237.852s] GC(325) Pause Young (Normal) (G1 Evacuation Pause) 455M->198M(512M) 2.056ms
[2023-04-09T18:45:02.343+0800][237.852s] GC(325) User=0.00s Sys=0.00s Real=0.00s
[2023-04-09T18:45:02.839+0800][238.347s] GC(326) Pause Young (Normal) (G1 Evacuation Pause)
[2023-04-09T18:45:02.839+0800][238.347s] GC(326) Using 8 workers of 8 for evacuation
[2023-04-09T18:45:02.840+0800][238.349s] GC(326)   Pre Evacuate Collection Set: 0.0ms
[2023-04-09T18:45:02.840+0800][238.349s] GC(326)   Evacuate Collection Set: 1.1ms
[2023-04-09T18:45:02.840+0800][238.349s] GC(326)   Post Evacuate Collection Set: 0.5ms
[2023-04-09T18:45:02.841+0800][238.349s] GC(326)   Other: 0.2ms
[2023-04-09T18:45:02.841+0800][238.349s] GC(326) Eden regions: 245->0(247)
[2023-04-09T18:45:02.841+0800][238.349s] GC(326) Survivor regions: 11->10(32)
[2023-04-09T18:45:02.841+0800][238.349s] GC(326) Old regions: 130->130
[2023-04-09T18:45:02.841+0800][238.349s] GC(326) Humongous regions: 64->59
[2023-04-09T18:45:02.841+0800][238.349s] GC(326) Metaspace: 60682K(62576K)->60682K(62576K) NonClass: 53597K(54692K)->53597K(54692K) Class: 7085K(7884K)->7085K(7884K)
[2023-04-09T18:45:02.841+0800][238.349s] GC(326) Pause Young (Normal) (G1 Evacuation Pause) 448M->198M(512M) 2.134ms
[2023-04-09T18:45:02.841+0800][238.350s] GC(326) User=0.11s Sys=0.00s Real=0.00s
[2023-04-09T18:45:03.255+0800][238.763s] GC(327) Pause Young (Normal) (G1 Evacuation Pause)
[2023-04-09T18:45:03.255+0800][238.763s] GC(327) Using 8 workers of 8 for evacuation
[2023-04-09T18:45:03.256+0800][238.765s] GC(327)   Pre Evacuate Collection Set: 0.0ms
[2023-04-09T18:45:03.256+0800][238.765s] GC(327)   Evacuate Collection Set: 0.7ms
[2023-04-09T18:45:03.256+0800][238.765s] GC(327)   Post Evacuate Collection Set: 0.6ms
[2023-04-09T18:45:03.256+0800][238.765s] GC(327)   Other: 0.2ms
[2023-04-09T18:45:03.256+0800][238.765s] GC(327) Eden regions: 247->0(256)
[2023-04-09T18:45:03.256+0800][238.765s] GC(327) Survivor regions: 10->6(33)
[2023-04-09T18:45:03.256+0800][238.765s] GC(327) Old regions: 130->130
[2023-04-09T18:45:03.256+0800][238.765s] GC(327) Humongous regions: 60->51
[2023-04-09T18:45:03.256+0800][238.765s] GC(327) Metaspace: 60683K(62576K)->60683K(62576K) NonClass: 53598K(54692K)->53598K(54692K) Class: 7085K(7884K)->7085K(7884K)
[2023-04-09T18:45:03.256+0800][238.765s] GC(327) Pause Young (Normal) (G1 Evacuation Pause) 446M->185M(512M) 1.615ms
[2023-04-09T18:45:03.256+0800][238.765s] GC(327) User=0.00s Sys=0.00s Real=0.00s
[2023-04-09T18:45:03.647+0800][239.156s] GC(328) Pause Young (Normal) (G1 Evacuation Pause)
[2023-04-09T18:45:03.647+0800][239.156s] GC(328) Using 8 workers of 8 for evacuation
[2023-04-09T18:45:03.649+0800][239.158s] GC(328)   Pre Evacuate Collection Set: 0.0ms
[2023-04-09T18:45:03.649+0800][239.158s] GC(328)   Evacuate Collection Set: 1.2ms
[2023-04-09T18:45:03.649+0800][239.158s] GC(328)   Post Evacuate Collection Set: 0.6ms
[2023-04-09T18:45:03.650+0800][239.158s] GC(328)   Other: 0.3ms
[2023-04-09T18:45:03.650+0800][239.158s] GC(328) Eden regions: 256->0(251)
[2023-04-09T18:45:03.650+0800][239.158s] GC(328) Survivor regions: 6->10(33)
[2023-04-09T18:45:03.650+0800][239.158s] GC(328) Old regions: 130->130
[2023-04-09T18:45:03.650+0800][239.158s] GC(328) Humongous regions: 54->53
[2023-04-09T18:45:03.650+0800][239.158s] GC(328) Metaspace: 60683K(62576K)->60683K(62576K) NonClass: 53598K(54692K)->53598K(54692K) Class: 7085K(7884K)->7085K(7884K)
[2023-04-09T18:45:03.650+0800][239.158s] GC(328) Pause Young (Normal) (G1 Evacuation Pause) 444M->191M(512M) 2.390ms
[2023-04-09T18:45:03.650+0800][239.158s] GC(328) User=0.00s Sys=0.00s Real=0.00s
[2023-04-09T18:45:04.047+0800][239.556s] GC(329) Pause Young (Normal) (G1 Evacuation Pause)
[2023-04-09T18:45:04.047+0800][239.556s] GC(329) Using 8 workers of 8 for evacuation
[2023-04-09T18:45:04.050+0800][239.559s] GC(329)   Pre Evacuate Collection Set: 0.0ms
[2023-04-09T18:45:04.050+0800][239.559s] GC(329)   Evacuate Collection Set: 1.8ms
[2023-04-09T18:45:04.050+0800][239.559s] GC(329)   Post Evacuate Collection Set: 0.6ms
[2023-04-09T18:45:04.050+0800][239.559s] GC(329)   Other: 0.2ms
[2023-04-09T18:45:04.050+0800][239.559s] GC(329) Eden regions: 251->0(241)
[2023-04-09T18:45:04.050+0800][239.559s] GC(329) Survivor regions: 10->13(33)
[2023-04-09T18:45:04.050+0800][239.559s] GC(329) Old regions: 130->130
[2023-04-09T18:45:04.050+0800][239.559s] GC(329) Humongous regions: 71->59
[2023-04-09T18:45:04.050+0800][239.559s] GC(329) Metaspace: 60683K(62576K)->60683K(62576K) NonClass: 53598K(54692K)->53598K(54692K) Class: 7085K(7884K)->7085K(7884K)
[2023-04-09T18:45:04.050+0800][239.559s] GC(329) Pause Young (Normal) (G1 Evacuation Pause) 460M->200M(512M) 2.885ms
[2023-04-09T18:45:04.050+0800][239.559s] GC(329) User=0.00s Sys=0.00s Real=0.00s
[2023-04-09T18:45:04.608+0800][240.117s] GC(330) Pause Young (Normal) (G1 Evacuation Pause)
[2023-04-09T18:45:04.608+0800][240.117s] GC(330) Using 8 workers of 8 for evacuation
[2023-04-09T18:45:04.610+0800][240.118s] GC(330)   Pre Evacuate Collection Set: 0.0ms
[2023-04-09T18:45:04.610+0800][240.118s] GC(330)   Evacuate Collection Set: 0.3ms
[2023-04-09T18:45:04.610+0800][240.118s] GC(330)   Post Evacuate Collection Set: 0.5ms
[2023-04-09T18:45:04.610+0800][240.118s] GC(330)   Other: 0.2ms
[2023-04-09T18:45:04.610+0800][240.118s] GC(330) Eden regions: 241->0(260)
[2023-04-09T18:45:04.610+0800][240.118s] GC(330) Survivor regions: 13->1(32)
[2023-04-09T18:45:04.610+0800][240.118s] GC(330) Old regions: 130->130
[2023-04-09T18:45:04.610+0800][240.118s] GC(330) Humongous regions: 59->50
[2023-04-09T18:45:04.610+0800][240.118s] GC(330) Metaspace: 60683K(62576K)->60683K(62576K) NonClass: 53598K(54692K)->53598K(54692K) Class: 7085K(7884K)->7085K(7884K)
[2023-04-09T18:45:04.610+0800][240.118s] GC(330) Pause Young (Normal) (G1 Evacuation Pause) 441M->179M(512M) 1.254ms
[2023-04-09T18:45:04.610+0800][240.118s] GC(330) User=0.00s Sys=0.00s Real=0.00s
[2023-04-09T18:45:05.005+0800][240.513s] GC(331) Pause Young (Normal) (G1 Evacuation Pause)
[2023-04-09T18:45:05.005+0800][240.514s] GC(331) Using 8 workers of 8 for evacuation
[2023-04-09T18:45:05.006+0800][240.515s] GC(331)   Pre Evacuate Collection Set: 0.0ms
[2023-04-09T18:45:05.006+0800][240.515s] GC(331)   Evacuate Collection Set: 0.7ms
[2023-04-09T18:45:05.006+0800][240.515s] GC(331)   Post Evacuate Collection Set: 0.6ms
[2023-04-09T18:45:05.007+0800][240.515s] GC(331)   Other: 0.1ms
[2023-04-09T18:45:05.007+0800][240.515s] GC(331) Eden regions: 260->0(256)
[2023-04-09T18:45:05.007+0800][240.515s] GC(331) Survivor regions: 1->6(33)
[2023-04-09T18:45:05.007+0800][240.515s] GC(331) Old regions: 130->130
[2023-04-09T18:45:05.007+0800][240.515s] GC(331) Humongous regions: 51->51
[2023-04-09T18:45:05.007+0800][240.515s] GC(331) Metaspace: 60683K(62576K)->60683K(62576K) NonClass: 53598K(54692K)->53598K(54692K) Class: 7085K(7884K)->7085K(7884K)
[2023-04-09T18:45:05.007+0800][240.515s] GC(331) Pause Young (Normal) (G1 Evacuation Pause) 440M->185M(512M) 1.765ms
[2023-04-09T18:45:05.007+0800][240.515s] GC(331) User=0.00s Sys=0.00s Real=0.00s
[2023-04-09T18:45:05.397+0800][240.906s] GC(332) Pause Young (Normal) (G1 Evacuation Pause)
[2023-04-09T18:45:05.398+0800][240.906s] GC(332) Using 8 workers of 8 for evacuation
[2023-04-09T18:45:05.399+0800][240.908s] GC(332)   Pre Evacuate Collection Set: 0.0ms
[2023-04-09T18:45:05.400+0800][240.908s] GC(332)   Evacuate Collection Set: 1.3ms
[2023-04-09T18:45:05.400+0800][240.909s] GC(332)   Post Evacuate Collection Set: 0.5ms
[2023-04-09T18:45:05.400+0800][240.909s] GC(332)   Other: 0.2ms
[2023-04-09T18:45:05.400+0800][240.909s] GC(332) Eden regions: 256->0(250)
[2023-04-09T18:45:05.400+0800][240.909s] GC(332) Survivor regions: 6->11(33)
[2023-04-09T18:45:05.400+0800][240.909s] GC(332) Old regions: 130->130
[2023-04-09T18:45:05.400+0800][240.909s] GC(332) Humongous regions: 54->53
[2023-04-09T18:45:05.400+0800][240.909s] GC(332) Metaspace: 60683K(62576K)->60683K(62576K) NonClass: 53598K(54692K)->53598K(54692K) Class: 7085K(7884K)->7085K(7884K)
[2023-04-09T18:45:05.400+0800][240.909s] GC(332) Pause Young (Normal) (G1 Evacuation Pause) 444M->192M(512M) 2.360ms
[2023-04-09T18:45:05.400+0800][240.909s] GC(332) User=0.00s Sys=0.00s Real=0.00s
[2023-04-09T18:45:05.961+0800][241.470s] GC(333) Pause Young (Normal) (G1 Evacuation Pause)
[2023-04-09T18:45:05.961+0800][241.470s] GC(333) Using 8 workers of 8 for evacuation
[2023-04-09T18:45:05.963+0800][241.472s] GC(333)   Pre Evacuate Collection Set: 0.1ms
[2023-04-09T18:45:05.963+0800][241.472s] GC(333)   Evacuate Collection Set: 1.1ms
[2023-04-09T18:45:05.963+0800][241.472s] GC(333)   Post Evacuate Collection Set: 0.6ms
[2023-04-09T18:45:05.963+0800][241.472s] GC(333)   Other: 0.2ms
[2023-04-09T18:45:05.963+0800][241.472s] GC(333) Eden regions: 250->0(245)
[2023-04-09T18:45:05.963+0800][241.472s] GC(333) Survivor regions: 11->10(33)
[2023-04-09T18:45:05.963+0800][241.472s] GC(333) Old regions: 130->130
[2023-04-09T18:45:05.963+0800][241.472s] GC(333) Humongous regions: 71->59
[2023-04-09T18:45:05.963+0800][241.472s] GC(333) Metaspace: 60684K(62576K)->60684K(62576K) NonClass: 53599K(54692K)->53599K(54692K) Class: 7085K(7884K)->7085K(7884K)
[2023-04-09T18:45:05.963+0800][241.472s] GC(333) Pause Young (Normal) (G1 Evacuation Pause) 460M->198M(512M) 2.078ms
[2023-04-09T18:45:05.963+0800][241.472s] GC(333) User=0.00s Sys=0.00s Real=0.00s
[2023-04-09T18:45:06.373+0800][241.882s] GC(334) Pause Young (Normal) (G1 Evacuation Pause)
[2023-04-09T18:45:06.373+0800][241.882s] GC(334) Using 8 workers of 8 for evacuation
[2023-04-09T18:45:06.374+0800][241.883s] GC(334)   Pre Evacuate Collection Set: 0.0ms
[2023-04-09T18:45:06.374+0800][241.883s] GC(334)   Evacuate Collection Set: 0.4ms
[2023-04-09T18:45:06.374+0800][241.883s] GC(334)   Post Evacuate Collection Set: 0.7ms
[2023-04-09T18:45:06.374+0800][241.883s] GC(334)   Other: 0.2ms
[2023-04-09T18:45:06.374+0800][241.883s] GC(334) Eden regions: 245->0(259)
[2023-04-09T18:45:06.374+0800][241.883s] GC(334) Survivor regions: 10->2(32)
[2023-04-09T18:45:06.374+0800][241.883s] GC(334) Old regions: 130->130
[2023-04-09T18:45:06.374+0800][241.883s] GC(334) Humongous regions: 59->50
[2023-04-09T18:45:06.374+0800][241.883s] GC(334) Metaspace: 60685K(62576K)->60685K(62576K) NonClass: 53600K(54692K)->53600K(54692K) Class: 7085K(7884K)->7085K(7884K)
[2023-04-09T18:45:06.374+0800][241.883s] GC(334) Pause Young (Normal) (G1 Evacuation Pause) 443M->180M(512M) 1.379ms
[2023-04-09T18:45:06.374+0800][241.883s] GC(334) User=0.00s Sys=0.00s Real=0.00s
[2023-04-09T18:45:06.759+0800][242.268s] GC(335) Pause Young (Normal) (G1 Evacuation Pause)
[2023-04-09T18:45:06.759+0800][242.268s] GC(335) Using 8 workers of 8 for evacuation
[2023-04-09T18:45:06.760+0800][242.270s] GC(335)   Pre Evacuate Collection Set: 0.0ms
[2023-04-09T18:45:06.760+0800][242.270s] GC(335)   Evacuate Collection Set: 0.8ms
[2023-04-09T18:45:06.760+0800][242.270s] GC(335)   Post Evacuate Collection Set: 0.6ms
[2023-04-09T18:45:06.760+0800][242.270s] GC(335)   Other: 0.2ms
[2023-04-09T18:45:06.760+0800][242.270s] GC(335) Eden regions: 259->0(255)
[2023-04-09T18:45:06.760+0800][242.270s] GC(335) Survivor regions: 2->7(33)
[2023-04-09T18:45:06.762+0800][242.270s] GC(335) Old regions: 130->130
[2023-04-09T18:45:06.762+0800][242.270s] GC(335) Humongous regions: 53->52
[2023-04-09T18:45:06.762+0800][242.270s] GC(335) Metaspace: 60685K(62576K)->60685K(62576K) NonClass: 53600K(54692K)->53600K(54692K) Class: 7085K(7884K)->7085K(7884K)
[2023-04-09T18:45:06.762+0800][242.270s] GC(335) Pause Young (Normal) (G1 Evacuation Pause) 442M->188M(512M) 1.850ms
[2023-04-09T18:45:06.762+0800][242.270s] GC(335) User=0.00s Sys=0.02s Real=0.00s
[2023-04-09T18:45:07.147+0800][242.656s] GC(336) Pause Young (Normal) (G1 Evacuation Pause)
[2023-04-09T18:45:07.147+0800][242.656s] GC(336) Using 8 workers of 8 for evacuation
[2023-04-09T18:45:07.149+0800][242.658s] GC(336)   Pre Evacuate Collection Set: 0.0ms
[2023-04-09T18:45:07.150+0800][242.658s] GC(336)   Evacuate Collection Set: 1.5ms
[2023-04-09T18:45:07.150+0800][242.658s] GC(336)   Post Evacuate Collection Set: 0.7ms
[2023-04-09T18:45:07.150+0800][242.658s] GC(336)   Other: 0.2ms
[2023-04-09T18:45:07.150+0800][242.658s] GC(336) Eden regions: 255->0(249)
[2023-04-09T18:45:07.150+0800][242.658s] GC(336) Survivor regions: 7->12(33)
[2023-04-09T18:45:07.150+0800][242.658s] GC(336) Old regions: 130->130
[2023-04-09T18:45:07.150+0800][242.658s] GC(336) Humongous regions: 53->53
[2023-04-09T18:45:07.150+0800][242.658s] GC(336) Metaspace: 60685K(62576K)->60685K(62576K) NonClass: 53600K(54692K)->53600K(54692K) Class: 7085K(7884K)->7085K(7884K)
[2023-04-09T18:45:07.150+0800][242.659s] GC(336) Pause Young (Normal) (G1 Evacuation Pause) 444M->193M(512M) 2.833ms
[2023-04-09T18:45:07.150+0800][242.659s] GC(336) User=0.00s Sys=0.00s Real=0.00s
[2023-04-09T18:45:07.652+0800][243.161s] GC(337) Pause Young (Normal) (G1 Evacuation Pause)
[2023-04-09T18:45:07.652+0800][243.161s] GC(337) Using 8 workers of 8 for evacuation
[2023-04-09T18:45:07.654+0800][243.162s] GC(337)   Pre Evacuate Collection Set: 0.0ms
[2023-04-09T18:45:07.654+0800][243.162s] GC(337)   Evacuate Collection Set: 1.1ms
[2023-04-09T18:45:07.654+0800][243.162s] GC(337)   Post Evacuate Collection Set: 0.5ms
[2023-04-09T18:45:07.654+0800][243.162s] GC(337)   Other: 0.2ms
[2023-04-09T18:45:07.654+0800][243.162s] GC(337) Eden regions: 249->0(245)
[2023-04-09T18:45:07.654+0800][243.162s] GC(337) Survivor regions: 12->10(33)
[2023-04-09T18:45:07.654+0800][243.162s] GC(337) Old regions: 130->130
[2023-04-09T18:45:07.654+0800][243.162s] GC(337) Humongous regions: 71->59
[2023-04-09T18:45:07.654+0800][243.162s] GC(337) Metaspace: 60685K(62576K)->60685K(62576K) NonClass: 53600K(54692K)->53600K(54692K) Class: 7085K(7884K)->7085K(7884K)
[2023-04-09T18:45:07.654+0800][243.162s] GC(337) Pause Young (Normal) (G1 Evacuation Pause) 460M->198M(512M) 1.964ms
[2023-04-09T18:45:07.654+0800][243.162s] GC(337) User=0.12s Sys=0.00s Real=0.00s
[2023-04-09T18:45:08.072+0800][243.581s] GC(338) Pause Young (Normal) (G1 Evacuation Pause)
[2023-04-09T18:45:08.072+0800][243.581s] GC(338) Using 8 workers of 8 for evacuation
[2023-04-09T18:45:08.073+0800][243.582s] GC(338)   Pre Evacuate Collection Set: 0.0ms
[2023-04-09T18:45:08.073+0800][243.582s] GC(338)   Evacuate Collection Set: 0.4ms
[2023-04-09T18:45:08.073+0800][243.582s] GC(338)   Post Evacuate Collection Set: 0.7ms
[2023-04-09T18:45:08.073+0800][243.582s] GC(338)   Other: 0.2ms
[2023-04-09T18:45:08.073+0800][243.582s] GC(338) Eden regions: 245->0(257)
[2023-04-09T18:45:08.073+0800][243.582s] GC(338) Survivor regions: 10->3(32)
[2023-04-09T18:45:08.073+0800][243.582s] GC(338) Old regions: 130->130
[2023-04-09T18:45:08.073+0800][243.582s] GC(338) Humongous regions: 59->50
[2023-04-09T18:45:08.073+0800][243.582s] GC(338) Metaspace: 60685K(62576K)->60685K(62576K) NonClass: 53600K(54692K)->53600K(54692K) Class: 7085K(7884K)->7085K(7884K)
[2023-04-09T18:45:08.073+0800][243.582s] GC(338) Pause Young (Normal) (G1 Evacuation Pause) 443M->181M(512M) 1.410ms
[2023-04-09T18:45:08.073+0800][243.582s] GC(338) User=0.00s Sys=0.00s Real=0.00s
[2023-04-09T18:45:08.457+0800][243.965s] GC(339) Pause Young (Normal) (G1 Evacuation Pause)
[2023-04-09T18:45:08.457+0800][243.965s] GC(339) Using 8 workers of 8 for evacuation
[2023-04-09T18:45:08.458+0800][243.967s] GC(339)   Pre Evacuate Collection Set: 0.0ms
[2023-04-09T18:45:08.458+0800][243.967s] GC(339)   Evacuate Collection Set: 0.8ms
[2023-04-09T18:45:08.458+0800][243.967s] GC(339)   Post Evacuate Collection Set: 0.6ms
[2023-04-09T18:45:08.458+0800][243.967s] GC(339)   Other: 0.1ms
[2023-04-09T18:45:08.458+0800][243.967s] GC(339) Eden regions: 257->0(253)
[2023-04-09T18:45:08.458+0800][243.967s] GC(339) Survivor regions: 3->8(33)
[2023-04-09T18:45:08.458+0800][243.967s] GC(339) Old regions: 130->130
[2023-04-09T18:45:08.458+0800][243.967s] GC(339) Humongous regions: 53->52
[2023-04-09T18:45:08.458+0800][243.967s] GC(339) Metaspace: 60685K(62576K)->60685K(62576K) NonClass: 53600K(54692K)->53600K(54692K) Class: 7085K(7884K)->7085K(7884K)
[2023-04-09T18:45:08.458+0800][243.967s] GC(339) Pause Young (Normal) (G1 Evacuation Pause) 441M->188M(512M) 1.748ms
[2023-04-09T18:45:08.458+0800][243.967s] GC(339) User=0.00s Sys=0.00s Real=0.00s
[2023-04-09T18:45:08.850+0800][244.359s] GC(340) Pause Young (Normal) (G1 Evacuation Pause)
[2023-04-09T18:45:08.850+0800][244.359s] GC(340) Using 8 workers of 8 for evacuation
[2023-04-09T18:45:08.851+0800][244.360s] GC(340)   Pre Evacuate Collection Set: 0.0ms
[2023-04-09T18:45:08.851+0800][244.360s] GC(340)   Evacuate Collection Set: 1.1ms
[2023-04-09T18:45:08.851+0800][244.360s] GC(340)   Post Evacuate Collection Set: 0.4ms
[2023-04-09T18:45:08.851+0800][244.360s] GC(340)   Other: 0.2ms
[2023-04-09T18:45:08.851+0800][244.360s] GC(340) Eden regions: 253->0(248)
[2023-04-09T18:45:08.851+0800][244.360s] GC(340) Survivor regions: 8->9(33)
[2023-04-09T18:45:08.852+0800][244.360s] GC(340) Old regions: 130->130
[2023-04-09T18:45:08.852+0800][244.360s] GC(340) Humongous regions: 58->58
[2023-04-09T18:45:08.852+0800][244.361s] GC(340) Metaspace: 60685K(62576K)->60685K(62576K) NonClass: 53600K(54692K)->53600K(54692K) Class: 7085K(7884K)->7085K(7884K)
[2023-04-09T18:45:08.852+0800][244.361s] GC(340) Pause Young (Normal) (G1 Evacuation Pause) 447M->196M(512M) 2.006ms
[2023-04-09T18:45:08.852+0800][244.361s] GC(340) User=0.00s Sys=0.00s Real=0.00s
[2023-04-09T18:45:09.397+0800][244.906s] GC(341) Pause Young (Normal) (G1 Evacuation Pause)
[2023-04-09T18:45:09.397+0800][244.906s] GC(341) Using 8 workers of 8 for evacuation
[2023-04-09T18:45:09.399+0800][244.908s] GC(341)   Pre Evacuate Collection Set: 0.0ms
[2023-04-09T18:45:09.399+0800][244.908s] GC(341)   Evacuate Collection Set: 1.2ms
[2023-04-09T18:45:09.399+0800][244.908s] GC(341)   Post Evacuate Collection Set: 0.6ms
[2023-04-09T18:45:09.399+0800][244.908s] GC(341)   Other: 0.2ms
[2023-04-09T18:45:09.399+0800][244.908s] GC(341) Eden regions: 248->0(245)
[2023-04-09T18:45:09.399+0800][244.908s] GC(341) Survivor regions: 9->11(33)
[2023-04-09T18:45:09.399+0800][244.908s] GC(341) Old regions: 130->130
[2023-04-09T18:45:09.399+0800][244.908s] GC(341) Humongous regions: 71->59
[2023-04-09T18:45:09.399+0800][244.908s] GC(341) Metaspace: 60685K(62576K)->60685K(62576K) NonClass: 53600K(54692K)->53600K(54692K) Class: 7085K(7884K)->7085K(7884K)
[2023-04-09T18:45:09.399+0800][244.908s] GC(341) Pause Young (Normal) (G1 Evacuation Pause) 457M->198M(512M) 2.240ms
[2023-04-09T18:45:09.399+0800][244.908s] GC(341) User=0.00s Sys=0.00s Real=0.00s
[2023-04-09T18:45:09.858+0800][245.366s] GC(342) Pause Young (Normal) (G1 Evacuation Pause)
[2023-04-09T18:45:09.858+0800][245.366s] GC(342) Using 8 workers of 8 for evacuation
[2023-04-09T18:45:09.859+0800][245.367s] GC(342)   Pre Evacuate Collection Set: 0.0ms
[2023-04-09T18:45:09.859+0800][245.367s] GC(342)   Evacuate Collection Set: 0.4ms
[2023-04-09T18:45:09.859+0800][245.367s] GC(342)   Post Evacuate Collection Set: 0.6ms
[2023-04-09T18:45:09.859+0800][245.368s] GC(342)   Other: 0.2ms
[2023-04-09T18:45:09.859+0800][245.368s] GC(342) Eden regions: 245->0(256)
[2023-04-09T18:45:09.859+0800][245.368s] GC(342) Survivor regions: 11->3(32)
[2023-04-09T18:45:09.859+0800][245.368s] GC(342) Old regions: 130->130
[2023-04-09T18:45:09.859+0800][245.368s] GC(342) Humongous regions: 59->50
[2023-04-09T18:45:09.859+0800][245.368s] GC(342) Metaspace: 60687K(62576K)->60687K(62576K) NonClass: 53602K(54692K)->53602K(54692K) Class: 7085K(7884K)->7085K(7884K)
[2023-04-09T18:45:09.859+0800][245.368s] GC(342) Pause Young (Normal) (G1 Evacuation Pause) 443M->182M(512M) 1.396ms
[2023-04-09T18:45:09.859+0800][245.368s] GC(342) User=0.00s Sys=0.00s Real=0.00s
[2023-04-09T18:45:10.237+0800][245.746s] GC(343) Pause Young (Normal) (G1 Evacuation Pause)
[2023-04-09T18:45:10.237+0800][245.746s] GC(343) Using 8 workers of 8 for evacuation
[2023-04-09T18:45:10.239+0800][245.748s] GC(343)   Pre Evacuate Collection Set: 0.0ms
[2023-04-09T18:45:10.239+0800][245.748s] GC(343)   Evacuate Collection Set: 1.1ms
[2023-04-09T18:45:10.239+0800][245.748s] GC(343)   Post Evacuate Collection Set: 0.5ms
[2023-04-09T18:45:10.239+0800][245.748s] GC(343)   Other: 0.2ms
[2023-04-09T18:45:10.239+0800][245.748s] GC(343) Eden regions: 256->0(250)
[2023-04-09T18:45:10.239+0800][245.748s] GC(343) Survivor regions: 3->10(33)
[2023-04-09T18:45:10.239+0800][245.748s] GC(343) Old regions: 130->130
[2023-04-09T18:45:10.239+0800][245.748s] GC(343) Humongous regions: 53->52
[2023-04-09T18:45:10.239+0800][245.748s] GC(343) Metaspace: 60687K(62576K)->60687K(62576K) NonClass: 53602K(54692K)->53602K(54692K) Class: 7085K(7884K)->7085K(7884K)
[2023-04-09T18:45:10.239+0800][245.748s] GC(343) Pause Young (Normal) (G1 Evacuation Pause) 441M->191M(512M) 2.014ms
[2023-04-09T18:45:10.239+0800][245.748s] GC(343) User=0.00s Sys=0.00s Real=0.00s
[2023-04-09T18:45:10.638+0800][246.146s] GC(344) Pause Young (Normal) (G1 Evacuation Pause)
[2023-04-09T18:45:10.638+0800][246.146s] GC(344) Using 8 workers of 8 for evacuation
[2023-04-09T18:45:10.640+0800][246.148s] GC(344)   Pre Evacuate Collection Set: 0.0ms
[2023-04-09T18:45:10.640+0800][246.148s] GC(344)   Evacuate Collection Set: 1.0ms
[2023-04-09T18:45:10.640+0800][246.148s] GC(344)   Post Evacuate Collection Set: 0.7ms
[2023-04-09T18:45:10.640+0800][246.148s] GC(344)   Other: 0.2ms
[2023-04-09T18:45:10.640+0800][246.148s] GC(344) Eden regions: 250->0(245)
[2023-04-09T18:45:10.640+0800][246.148s] GC(344) Survivor regions: 10->10(33)
[2023-04-09T18:45:10.640+0800][246.148s] GC(344) Old regions: 130->130
[2023-04-09T18:45:10.640+0800][246.148s] GC(344) Humongous regions: 61->59
[2023-04-09T18:45:10.640+0800][246.148s] GC(344) Metaspace: 60687K(62576K)->60687K(62576K) NonClass: 53602K(54692K)->53602K(54692K) Class: 7085K(7884K)->7085K(7884K)
[2023-04-09T18:45:10.640+0800][246.148s] GC(344) Pause Young (Normal) (G1 Evacuation Pause) 450M->197M(512M) 2.130ms
[2023-04-09T18:45:10.640+0800][246.148s] GC(344) User=0.00s Sys=0.00s Real=0.00s
[2023-04-09T18:45:11.123+0800][246.632s] GC(345) Pause Young (Normal) (G1 Evacuation Pause)
[2023-04-09T18:45:11.123+0800][246.632s] GC(345) Using 8 workers of 8 for evacuation
[2023-04-09T18:45:11.125+0800][246.634s] GC(345)   Pre Evacuate Collection Set: 0.0ms
[2023-04-09T18:45:11.125+0800][246.634s] GC(345)   Evacuate Collection Set: 1.1ms
[2023-04-09T18:45:11.125+0800][246.634s] GC(345)   Post Evacuate Collection Set: 0.6ms
[2023-04-09T18:45:11.125+0800][246.634s] GC(345)   Other: 0.1ms
[2023-04-09T18:45:11.125+0800][246.634s] GC(345) Eden regions: 245->0(245)
[2023-04-09T18:45:11.125+0800][246.634s] GC(345) Survivor regions: 10->11(32)
[2023-04-09T18:45:11.125+0800][246.634s] GC(345) Old regions: 130->130
[2023-04-09T18:45:11.125+0800][246.634s] GC(345) Humongous regions: 69->59
[2023-04-09T18:45:11.125+0800][246.634s] GC(345) Metaspace: 60687K(62576K)->60687K(62576K) NonClass: 53602K(54692K)->53602K(54692K) Class: 7085K(7884K)->7085K(7884K)
[2023-04-09T18:45:11.125+0800][246.634s] GC(345) Pause Young (Normal) (G1 Evacuation Pause) 452M->198M(512M) 2.017ms
[2023-04-09T18:45:11.125+0800][246.634s] GC(345) User=0.00s Sys=0.00s Real=0.00s
[2023-04-09T18:45:11.589+0800][247.098s] GC(346) Pause Young (Normal) (G1 Evacuation Pause)
[2023-04-09T18:45:11.589+0800][247.098s] GC(346) Using 8 workers of 8 for evacuation
[2023-04-09T18:45:11.591+0800][247.099s] GC(346)   Pre Evacuate Collection Set: 0.0ms
[2023-04-09T18:45:11.591+0800][247.099s] GC(346)   Evacuate Collection Set: 0.5ms
[2023-04-09T18:45:11.591+0800][247.099s] GC(346)   Post Evacuate Collection Set: 0.5ms
[2023-04-09T18:45:11.591+0800][247.099s] GC(346)   Other: 0.2ms
[2023-04-09T18:45:11.591+0800][247.099s] GC(346) Eden regions: 245->0(255)
[2023-04-09T18:45:11.591+0800][247.099s] GC(346) Survivor regions: 11->4(32)
[2023-04-09T18:45:11.591+0800][247.099s] GC(346) Old regions: 130->130
[2023-04-09T18:45:11.591+0800][247.099s] GC(346) Humongous regions: 60->51
[2023-04-09T18:45:11.591+0800][247.099s] GC(346) Metaspace: 60687K(62576K)->60687K(62576K) NonClass: 53602K(54692K)->53602K(54692K) Class: 7085K(7884K)->7085K(7884K)
[2023-04-09T18:45:11.591+0800][247.099s] GC(346) Pause Young (Normal) (G1 Evacuation Pause) 444M->183M(512M) 1.419ms
[2023-04-09T18:45:11.591+0800][247.099s] GC(346) User=0.02s Sys=0.00s Real=0.00s
[2023-04-09T18:45:11.971+0800][247.480s] GC(347) Pause Young (Normal) (G1 Evacuation Pause)
[2023-04-09T18:45:11.971+0800][247.480s] GC(347) Using 8 workers of 8 for evacuation
[2023-04-09T18:45:11.972+0800][247.482s] GC(347)   Pre Evacuate Collection Set: 0.0ms
[2023-04-09T18:45:11.972+0800][247.482s] GC(347)   Evacuate Collection Set: 0.9ms
[2023-04-09T18:45:11.972+0800][247.482s] GC(347)   Post Evacuate Collection Set: 0.6ms
[2023-04-09T18:45:11.972+0800][247.482s] GC(347)   Other: 0.2ms
[2023-04-09T18:45:11.972+0800][247.482s] GC(347) Eden regions: 255->0(252)
[2023-04-09T18:45:11.972+0800][247.482s] GC(347) Survivor regions: 4->9(33)
[2023-04-09T18:45:11.972+0800][247.482s] GC(347) Old regions: 130->130
[2023-04-09T18:45:11.972+0800][247.482s] GC(347) Humongous regions: 53->52
[2023-04-09T18:45:11.972+0800][247.482s] GC(347) Metaspace: 60687K(62576K)->60687K(62576K) NonClass: 53602K(54692K)->53602K(54692K) Class: 7085K(7884K)->7085K(7884K)
[2023-04-09T18:45:11.972+0800][247.482s] GC(347) Pause Young (Normal) (G1 Evacuation Pause) 440M->189M(512M) 1.911ms
[2023-04-09T18:45:11.972+0800][247.482s] GC(347) User=0.00s Sys=0.00s Real=0.00s
[2023-04-09T18:45:12.440+0800][247.948s] GC(348) Pause Young (Normal) (G1 Evacuation Pause)
[2023-04-09T18:45:12.440+0800][247.948s] GC(348) Using 8 workers of 8 for evacuation
[2023-04-09T18:45:12.441+0800][247.950s] GC(348)   Pre Evacuate Collection Set: 0.0ms
[2023-04-09T18:45:12.441+0800][247.950s] GC(348)   Evacuate Collection Set: 1.0ms
[2023-04-09T18:45:12.441+0800][247.950s] GC(348)   Post Evacuate Collection Set: 0.4ms
[2023-04-09T18:45:12.441+0800][247.950s] GC(348)   Other: 0.2ms
[2023-04-09T18:45:12.441+0800][247.950s] GC(348) Eden regions: 252->0(246)
[2023-04-09T18:45:12.442+0800][247.950s] GC(348) Survivor regions: 9->10(33)
[2023-04-09T18:45:12.442+0800][247.950s] GC(348) Old regions: 130->130
[2023-04-09T18:45:12.442+0800][247.950s] GC(348) Humongous regions: 66->59
[2023-04-09T18:45:12.442+0800][247.950s] GC(348) Metaspace: 60687K(62576K)->60687K(62576K) NonClass: 53602K(54692K)->53602K(54692K) Class: 7085K(7884K)->7085K(7884K)
[2023-04-09T18:45:12.442+0800][247.950s] GC(348) Pause Young (Normal) (G1 Evacuation Pause) 455M->197M(512M) 1.876ms
[2023-04-09T18:45:12.442+0800][247.950s] GC(348) User=0.00s Sys=0.00s Real=0.00s
[2023-04-09T18:45:12.928+0800][248.437s] GC(349) Pause Young (Normal) (G1 Evacuation Pause)
[2023-04-09T18:45:12.928+0800][248.437s] GC(349) Using 8 workers of 8 for evacuation
[2023-04-09T18:45:12.930+0800][248.439s] GC(349)   Pre Evacuate Collection Set: 0.0ms
[2023-04-09T18:45:12.930+0800][248.439s] GC(349)   Evacuate Collection Set: 1.1ms
[2023-04-09T18:45:12.930+0800][248.439s] GC(349)   Post Evacuate Collection Set: 0.7ms
[2023-04-09T18:45:12.930+0800][248.439s] GC(349)   Other: 0.2ms
[2023-04-09T18:45:12.930+0800][248.439s] GC(349) Eden regions: 246->0(245)
[2023-04-09T18:45:12.930+0800][248.439s] GC(349) Survivor regions: 10->11(32)
[2023-04-09T18:45:12.930+0800][248.439s] GC(349) Old regions: 130->130
[2023-04-09T18:45:12.930+0800][248.439s] GC(349) Humongous regions: 64->59
[2023-04-09T18:45:12.930+0800][248.439s] GC(349) Metaspace: 60687K(62576K)->60687K(62576K) NonClass: 53602K(54692K)->53602K(54692K) Class: 7085K(7884K)->7085K(7884K)
[2023-04-09T18:45:12.930+0800][248.439s] GC(349) Pause Young (Normal) (G1 Evacuation Pause) 448M->198M(512M) 2.226ms
[2023-04-09T18:45:12.930+0800][248.439s] GC(349) User=0.00s Sys=0.00s Real=0.00s
[2023-04-09T18:45:13.376+0800][248.885s] GC(350) Pause Young (Normal) (G1 Evacuation Pause)
[2023-04-09T18:45:13.376+0800][248.885s] GC(350) Using 8 workers of 8 for evacuation
[2023-04-09T18:45:13.377+0800][248.886s] GC(350)   Pre Evacuate Collection Set: 0.0ms
[2023-04-09T18:45:13.377+0800][248.886s] GC(350)   Evacuate Collection Set: 0.5ms
[2023-04-09T18:45:13.377+0800][248.886s] GC(350)   Post Evacuate Collection Set: 0.6ms
[2023-04-09T18:45:13.377+0800][248.886s] GC(350)   Other: 0.1ms
[2023-04-09T18:45:13.377+0800][248.886s] GC(350) Eden regions: 245->0(255)
[2023-04-09T18:45:13.377+0800][248.886s] GC(350) Survivor regions: 11->4(32)
[2023-04-09T18:45:13.377+0800][248.886s] GC(350) Old regions: 130->130
[2023-04-09T18:45:13.377+0800][248.886s] GC(350) Humongous regions: 60->51
[2023-04-09T18:45:13.377+0800][248.886s] GC(350) Metaspace: 60688K(62576K)->60688K(62576K) NonClass: 53602K(54692K)->53602K(54692K) Class: 7085K(7884K)->7085K(7884K)
[2023-04-09T18:45:13.377+0800][248.886s] GC(350) Pause Young (Normal) (G1 Evacuation Pause) 444M->184M(512M) 1.459ms
[2023-04-09T18:45:13.377+0800][248.886s] GC(350) User=0.00s Sys=0.00s Real=0.00s
[2023-04-09T18:45:13.753+0800][249.262s] GC(351) Pause Young (Normal) (G1 Evacuation Pause)
[2023-04-09T18:45:13.754+0800][249.262s] GC(351) Using 8 workers of 8 for evacuation
[2023-04-09T18:45:13.756+0800][249.264s] GC(351)   Pre Evacuate Collection Set: 0.0ms
[2023-04-09T18:45:13.756+0800][249.264s] GC(351)   Evacuate Collection Set: 1.0ms
[2023-04-09T18:45:13.756+0800][249.264s] GC(351)   Post Evacuate Collection Set: 0.6ms
[2023-04-09T18:45:13.756+0800][249.264s] GC(351)   Other: 0.2ms
[2023-04-09T18:45:13.756+0800][249.264s] GC(351) Eden regions: 255->0(250)
[2023-04-09T18:45:13.756+0800][249.264s] GC(351) Survivor regions: 4->10(33)
[2023-04-09T18:45:13.756+0800][249.264s] GC(351) Old regions: 130->130
[2023-04-09T18:45:13.756+0800][249.264s] GC(351) Humongous regions: 53->52
[2023-04-09T18:45:13.756+0800][249.264s] GC(351) Metaspace: 60688K(62576K)->60688K(62576K) NonClass: 53602K(54692K)->53602K(54692K) Class: 7085K(7884K)->7085K(7884K)
[2023-04-09T18:45:13.756+0800][249.264s] GC(351) Pause Young (Normal) (G1 Evacuation Pause) 441M->190M(512M) 2.083ms
[2023-04-09T18:45:13.756+0800][249.264s] GC(351) User=0.00s Sys=0.00s Real=0.00s
[2023-04-09T18:45:14.144+0800][249.653s] GC(352) Pause Young (Normal) (G1 Evacuation Pause)
[2023-04-09T18:45:14.144+0800][249.653s] GC(352) Using 8 workers of 8 for evacuation
[2023-04-09T18:45:14.146+0800][249.654s] GC(352)   Pre Evacuate Collection Set: 0.0ms
[2023-04-09T18:45:14.146+0800][249.655s] GC(352)   Evacuate Collection Set: 1.0ms
[2023-04-09T18:45:14.146+0800][249.655s] GC(352)   Post Evacuate Collection Set: 0.6ms
[2023-04-09T18:45:14.146+0800][249.655s] GC(352)   Other: 0.2ms
[2023-04-09T18:45:14.146+0800][249.655s] GC(352) Eden regions: 250->0(245)
[2023-04-09T18:45:14.146+0800][249.655s] GC(352) Survivor regions: 10->10(33)
[2023-04-09T18:45:14.146+0800][249.655s] GC(352) Old regions: 130->130
[2023-04-09T18:45:14.146+0800][249.655s] GC(352) Humongous regions: 66->59
[2023-04-09T18:45:14.146+0800][249.655s] GC(352) Metaspace: 60688K(62576K)->60688K(62576K) NonClass: 53602K(54692K)->53602K(54692K) Class: 7085K(7884K)->7085K(7884K)
[2023-04-09T18:45:14.146+0800][249.655s] GC(352) Pause Young (Normal) (G1 Evacuation Pause) 454M->197M(512M) 2.049ms
[2023-04-09T18:45:14.146+0800][249.655s] GC(352) User=0.00s Sys=0.00s Real=0.00s
[2023-04-09T18:45:14.658+0800][250.167s] GC(353) Pause Young (Normal) (G1 Evacuation Pause)
[2023-04-09T18:45:14.658+0800][250.167s] GC(353) Using 8 workers of 8 for evacuation
[2023-04-09T18:45:14.660+0800][250.169s] GC(353)   Pre Evacuate Collection Set: 0.0ms
[2023-04-09T18:45:14.660+0800][250.169s] GC(353)   Evacuate Collection Set: 1.3ms
[2023-04-09T18:45:14.660+0800][250.169s] GC(353)   Post Evacuate Collection Set: 0.6ms
[2023-04-09T18:45:14.660+0800][250.169s] GC(353)   Other: 0.2ms
[2023-04-09T18:45:14.660+0800][250.169s] GC(353) Eden regions: 245->0(245)
[2023-04-09T18:45:14.660+0800][250.169s] GC(353) Survivor regions: 10->11(32)
[2023-04-09T18:45:14.660+0800][250.169s] GC(353) Old regions: 130->130
[2023-04-09T18:45:14.660+0800][250.169s] GC(353) Humongous regions: 64->59
[2023-04-09T18:45:14.660+0800][250.169s] GC(353) Metaspace: 60689K(62576K)->60689K(62576K) NonClass: 53604K(54692K)->53604K(54692K) Class: 7085K(7884K)->7085K(7884K)
[2023-04-09T18:45:14.661+0800][250.169s] GC(353) Pause Young (Normal) (G1 Evacuation Pause) 447M->198M(512M) 2.267ms
[2023-04-09T18:45:14.661+0800][250.169s] GC(353) User=0.00s Sys=0.00s Real=0.00s
[2023-04-09T18:45:15.025+0800][250.534s] GC(354) Pause Young (Normal) (G1 Evacuation Pause)
[2023-04-09T18:45:15.025+0800][250.534s] GC(354) Using 8 workers of 8 for evacuation
[2023-04-09T18:45:15.027+0800][250.536s] GC(354)   Pre Evacuate Collection Set: 0.0ms
[2023-04-09T18:45:15.027+0800][250.536s] GC(354)   Evacuate Collection Set: 0.8ms
[2023-04-09T18:45:15.027+0800][250.536s] GC(354)   Post Evacuate Collection Set: 0.6ms
[2023-04-09T18:45:15.027+0800][250.536s] GC(354)   Other: 0.3ms
[2023-04-09T18:45:15.027+0800][250.536s] GC(354) Eden regions: 245->0(255)
[2023-04-09T18:45:15.027+0800][250.536s] GC(354) Survivor regions: 11->4(32)
[2023-04-09T18:45:15.027+0800][250.536s] GC(354) Old regions: 130->130
[2023-04-09T18:45:15.027+0800][250.536s] GC(354) Humongous regions: 59->50
[2023-04-09T18:45:15.027+0800][250.536s] GC(354) Metaspace: 60694K(62576K)->60694K(62576K) NonClass: 53608K(54692K)->53608K(54692K) Class: 7085K(7884K)->7085K(7884K)
[2023-04-09T18:45:15.027+0800][250.536s] GC(354) Pause Young (Normal) (G1 Evacuation Pause) 443M->182M(512M) 1.843ms
[2023-04-09T18:45:15.027+0800][250.536s] GC(354) User=0.02s Sys=0.00s Real=0.00s
[2023-04-09T18:45:15.198+0800][250.707s] GC(355) Pause Young (Normal) (G1 Evacuation Pause)
[2023-04-09T18:45:15.198+0800][250.707s] GC(355) Using 8 workers of 8 for evacuation
[2023-04-09T18:45:15.200+0800][250.709s] GC(355)   Pre Evacuate Collection Set: 0.0ms
[2023-04-09T18:45:15.200+0800][250.709s] GC(355)   Evacuate Collection Set: 1.1ms
[2023-04-09T18:45:15.200+0800][250.709s] GC(355)   Post Evacuate Collection Set: 0.5ms
[2023-04-09T18:45:15.200+0800][250.709s] GC(355)   Other: 0.2ms
[2023-04-09T18:45:15.200+0800][250.709s] GC(355) Eden regions: 255->0(255)
[2023-04-09T18:45:15.200+0800][250.709s] GC(355) Survivor regions: 4->6(33)
[2023-04-09T18:45:15.200+0800][250.709s] GC(355) Old regions: 130->130
[2023-04-09T18:45:15.200+0800][250.709s] GC(355) Humongous regions: 51->51
[2023-04-09T18:45:15.200+0800][250.709s] GC(355) Metaspace: 60694K(62576K)->60694K(62576K) NonClass: 53608K(54692K)->53608K(54692K) Class: 7085K(7884K)->7085K(7884K)
[2023-04-09T18:45:15.200+0800][250.709s] GC(355) Pause Young (Normal) (G1 Evacuation Pause) 438M->185M(512M) 2.039ms
[2023-04-09T18:45:15.200+0800][250.709s] GC(355) User=0.06s Sys=0.00s Real=0.00s
[2023-04-09T18:45:15.383+0800][250.892s] GC(356) Pause Young (Normal) (G1 Evacuation Pause)
[2023-04-09T18:45:15.383+0800][250.892s] GC(356) Using 8 workers of 8 for evacuation
[2023-04-09T18:45:15.385+0800][250.894s] GC(356)   Pre Evacuate Collection Set: 0.1ms
[2023-04-09T18:45:15.385+0800][250.894s] GC(356)   Evacuate Collection Set: 1.0ms
[2023-04-09T18:45:15.385+0800][250.894s] GC(356)   Post Evacuate Collection Set: 0.6ms
[2023-04-09T18:45:15.385+0800][250.894s] GC(356)   Other: 0.2ms
[2023-04-09T18:45:15.385+0800][250.894s] GC(356) Eden regions: 255->0(254)
[2023-04-09T18:45:15.385+0800][250.894s] GC(356) Survivor regions: 6->8(33)
[2023-04-09T18:45:15.385+0800][250.894s] GC(356) Old regions: 130->130
[2023-04-09T18:45:15.385+0800][250.894s] GC(356) Humongous regions: 53->52
[2023-04-09T18:45:15.385+0800][250.894s] GC(356) Metaspace: 60694K(62576K)->60694K(62576K) NonClass: 53608K(54692K)->53608K(54692K) Class: 7085K(7884K)->7085K(7884K)
[2023-04-09T18:45:15.385+0800][250.894s] GC(356) Pause Young (Normal) (G1 Evacuation Pause) 442M->189M(512M) 2.112ms
[2023-04-09T18:45:15.385+0800][250.894s] GC(356) User=0.00s Sys=0.00s Real=0.00s
[2023-04-09T18:45:15.561+0800][251.070s] GC(357) Pause Young (Normal) (G1 Evacuation Pause)
[2023-04-09T18:45:15.561+0800][251.071s] GC(357) Using 8 workers of 8 for evacuation
[2023-04-09T18:45:15.563+0800][251.072s] GC(357)   Pre Evacuate Collection Set: 0.0ms
[2023-04-09T18:45:15.563+0800][251.072s] GC(357)   Evacuate Collection Set: 1.1ms
[2023-04-09T18:45:15.563+0800][251.072s] GC(357)   Post Evacuate Collection Set: 0.5ms
[2023-04-09T18:45:15.563+0800][251.072s] GC(357)   Other: 0.2ms
[2023-04-09T18:45:15.563+0800][251.072s] GC(357) Eden regions: 254->0(253)
[2023-04-09T18:45:15.563+0800][251.072s] GC(357) Survivor regions: 8->10(33)
[2023-04-09T18:45:15.563+0800][251.072s] GC(357) Old regions: 130->130
[2023-04-09T18:45:15.563+0800][251.072s] GC(357) Humongous regions: 52->52
[2023-04-09T18:45:15.563+0800][251.072s] GC(357) Metaspace: 60694K(62576K)->60694K(62576K) NonClass: 53608K(54692K)->53608K(54692K) Class: 7085K(7884K)->7085K(7884K)
[2023-04-09T18:45:15.563+0800][251.072s] GC(357) Pause Young (Normal) (G1 Evacuation Pause) 443M->190M(512M) 1.952ms
[2023-04-09T18:45:15.563+0800][251.072s] GC(357) User=0.00s Sys=0.00s Real=0.00s
[2023-04-09T18:45:15.818+0800][251.326s] GC(358) Pause Young (Normal) (G1 Evacuation Pause)
[2023-04-09T18:45:15.818+0800][251.326s] GC(358) Using 8 workers of 8 for evacuation
[2023-04-09T18:45:15.820+0800][251.328s] GC(358)   Pre Evacuate Collection Set: 0.0ms
[2023-04-09T18:45:15.820+0800][251.328s] GC(358)   Evacuate Collection Set: 1.2ms
[2023-04-09T18:45:15.820+0800][251.328s] GC(358)   Post Evacuate Collection Set: 0.6ms
[2023-04-09T18:45:15.820+0800][251.328s] GC(358)   Other: 0.2ms
[2023-04-09T18:45:15.820+0800][251.328s] GC(358) Eden regions: 253->0(248)
[2023-04-09T18:45:15.820+0800][251.329s] GC(358) Survivor regions: 10->13(33)
[2023-04-09T18:45:15.820+0800][251.329s] GC(358) Old regions: 130->130
[2023-04-09T18:45:15.820+0800][251.329s] GC(358) Humongous regions: 53->53
[2023-04-09T18:45:15.820+0800][251.329s] GC(358) Metaspace: 60694K(62576K)->60694K(62576K) NonClass: 53608K(54692K)->53608K(54692K) Class: 7085K(7884K)->7085K(7884K)
[2023-04-09T18:45:15.820+0800][251.329s] GC(358) Pause Young (Normal) (G1 Evacuation Pause) 444M->194M(512M) 2.206ms
[2023-04-09T18:45:15.820+0800][251.329s] GC(358) User=0.00s Sys=0.00s Real=0.00s
[2023-04-09T18:45:16.073+0800][251.582s] GC(359) Pause Young (Normal) (G1 Evacuation Pause)
[2023-04-09T18:45:16.073+0800][251.582s] GC(359) Using 8 workers of 8 for evacuation
[2023-04-09T18:45:16.075+0800][251.584s] GC(359)   Pre Evacuate Collection Set: 0.0ms
[2023-04-09T18:45:16.075+0800][251.584s] GC(359)   Evacuate Collection Set: 1.3ms
[2023-04-09T18:45:16.075+0800][251.584s] GC(359)   Post Evacuate Collection Set: 0.5ms
[2023-04-09T18:45:16.075+0800][251.584s] GC(359)   Other: 0.2ms
[2023-04-09T18:45:16.075+0800][251.584s] GC(359) Eden regions: 248->0(245)
[2023-04-09T18:45:16.075+0800][251.584s] GC(359) Survivor regions: 13->12(33)
[2023-04-09T18:45:16.075+0800][251.584s] GC(359) Old regions: 130->130
[2023-04-09T18:45:16.075+0800][251.584s] GC(359) Humongous regions: 66->59
[2023-04-09T18:45:16.075+0800][251.584s] GC(359) Metaspace: 60694K(62576K)->60694K(62576K) NonClass: 53608K(54692K)->53608K(54692K) Class: 7085K(7884K)->7085K(7884K)
[2023-04-09T18:45:16.075+0800][251.584s] GC(359) Pause Young (Normal) (G1 Evacuation Pause) 455M->199M(512M) 2.216ms
[2023-04-09T18:45:16.075+0800][251.584s] GC(359) User=0.12s Sys=0.00s Real=0.00s
[2023-04-09T18:45:16.369+0800][251.878s] GC(360) Pause Young (Normal) (G1 Evacuation Pause)
[2023-04-09T18:45:16.369+0800][251.878s] GC(360) Using 8 workers of 8 for evacuation
[2023-04-09T18:45:16.371+0800][251.880s] GC(360)   Pre Evacuate Collection Set: 0.0ms
[2023-04-09T18:45:16.371+0800][251.880s] GC(360)   Evacuate Collection Set: 1.4ms
[2023-04-09T18:45:16.371+0800][251.880s] GC(360)   Post Evacuate Collection Set: 0.6ms
[2023-04-09T18:45:16.371+0800][251.881s] GC(360)   Other: 0.2ms
[2023-04-09T18:45:16.371+0800][251.881s] GC(360) Eden regions: 245->0(246)
[2023-04-09T18:45:16.371+0800][251.881s] GC(360) Survivor regions: 12->12(33)
[2023-04-09T18:45:16.371+0800][251.881s] GC(360) Old regions: 130->130
[2023-04-09T18:45:16.371+0800][251.881s] GC(360) Humongous regions: 64->59
[2023-04-09T18:45:16.371+0800][251.881s] GC(360) Metaspace: 60696K(62576K)->60696K(62576K) NonClass: 53611K(54692K)->53611K(54692K) Class: 7085K(7884K)->7085K(7884K)
[2023-04-09T18:45:16.371+0800][251.881s] GC(360) Pause Young (Normal) (G1 Evacuation Pause) 449M->199M(512M) 2.414ms
[2023-04-09T18:45:16.371+0800][251.881s] GC(360) User=0.09s Sys=0.00s Real=0.00s
[2023-04-09T18:45:16.573+0800][252.083s] GC(361) Pause Young (Normal) (G1 Evacuation Pause)
[2023-04-09T18:45:16.573+0800][252.083s] GC(361) Using 8 workers of 8 for evacuation
[2023-04-09T18:45:16.576+0800][252.085s] GC(361)   Pre Evacuate Collection Set: 0.0ms
[2023-04-09T18:45:16.576+0800][252.085s] GC(361)   Evacuate Collection Set: 1.3ms
[2023-04-09T18:45:16.576+0800][252.085s] GC(361)   Post Evacuate Collection Set: 0.7ms
[2023-04-09T18:45:16.576+0800][252.085s] GC(361)   Other: 0.2ms
[2023-04-09T18:45:16.576+0800][252.085s] GC(361) Eden regions: 246->0(247)
[2023-04-09T18:45:16.576+0800][252.085s] GC(361) Survivor regions: 12->12(33)
[2023-04-09T18:45:16.576+0800][252.085s] GC(361) Old regions: 130->130
[2023-04-09T18:45:16.576+0800][252.085s] GC(361) Humongous regions: 59->59
[2023-04-09T18:45:16.576+0800][252.085s] GC(361) Metaspace: 60696K(62576K)->60696K(62576K) NonClass: 53611K(54692K)->53611K(54692K) Class: 7085K(7884K)->7085K(7884K)
[2023-04-09T18:45:16.576+0800][252.085s] GC(361) Pause Young (Normal) (G1 Evacuation Pause) 445M->199M(512M) 2.374ms
[2023-04-09T18:45:16.576+0800][252.085s] GC(361) User=0.02s Sys=0.00s Real=0.00s
[2023-04-09T18:45:16.855+0800][252.364s] GC(362) Pause Young (Normal) (G1 Evacuation Pause)
[2023-04-09T18:45:16.855+0800][252.364s] GC(362) Using 8 workers of 8 for evacuation
[2023-04-09T18:45:16.856+0800][252.365s] GC(362)   Pre Evacuate Collection Set: 0.0ms
[2023-04-09T18:45:16.856+0800][252.365s] GC(362)   Evacuate Collection Set: 0.7ms
[2023-04-09T18:45:16.856+0800][252.365s] GC(362)   Post Evacuate Collection Set: 0.4ms
[2023-04-09T18:45:16.856+0800][252.365s] GC(362)   Other: 0.1ms
[2023-04-09T18:45:16.856+0800][252.365s] GC(362) Eden regions: 247->0(261)
[2023-04-09T18:45:16.856+0800][252.365s] GC(362) Survivor regions: 12->4(33)
[2023-04-09T18:45:16.856+0800][252.365s] GC(362) Old regions: 130->130
[2023-04-09T18:45:16.856+0800][252.365s] GC(362) Humongous regions: 59->50
[2023-04-09T18:45:16.856+0800][252.365s] GC(362) Metaspace: 60697K(62576K)->60697K(62576K) NonClass: 53611K(54692K)->53611K(54692K) Class: 7085K(7884K)->7085K(7884K)
[2023-04-09T18:45:16.856+0800][252.365s] GC(362) Pause Young (Normal) (G1 Evacuation Pause) 446M->183M(512M) 1.359ms
[2023-04-09T18:45:16.856+0800][252.365s] GC(362) User=0.00s Sys=0.00s Real=0.00s
[2023-04-09T18:45:17.101+0800][252.610s] GC(363) Pause Young (Normal) (G1 Evacuation Pause)
[2023-04-09T18:45:17.101+0800][252.610s] GC(363) Using 8 workers of 8 for evacuation
[2023-04-09T18:45:17.103+0800][252.611s] GC(363)   Pre Evacuate Collection Set: 0.1ms
[2023-04-09T18:45:17.103+0800][252.611s] GC(363)   Evacuate Collection Set: 0.9ms
[2023-04-09T18:45:17.103+0800][252.611s] GC(363)   Post Evacuate Collection Set: 0.5ms
[2023-04-09T18:45:17.103+0800][252.611s] GC(363)   Other: 0.3ms
[2023-04-09T18:45:17.103+0800][252.611s] GC(363) Eden regions: 261->0(258)
[2023-04-09T18:45:17.103+0800][252.611s] GC(363) Survivor regions: 4->7(34)
[2023-04-09T18:45:17.103+0800][252.611s] GC(363) Old regions: 130->130
[2023-04-09T18:45:17.103+0800][252.611s] GC(363) Humongous regions: 51->51
[2023-04-09T18:45:17.103+0800][252.611s] GC(363) Metaspace: 60697K(62576K)->60697K(62576K) NonClass: 53611K(54692K)->53611K(54692K) Class: 7085K(7884K)->7085K(7884K)
[2023-04-09T18:45:17.103+0800][252.611s] GC(363) Pause Young (Normal) (G1 Evacuation Pause) 445M->187M(512M) 1.905ms
[2023-04-09T18:45:17.103+0800][252.611s] GC(363) User=0.00s Sys=0.00s Real=0.00s
[2023-04-09T18:45:17.424+0800][252.933s] GC(364) Pause Young (Normal) (G1 Evacuation Pause)
[2023-04-09T18:45:17.424+0800][252.933s] GC(364) Using 8 workers of 8 for evacuation
[2023-04-09T18:45:17.426+0800][252.935s] GC(364)   Pre Evacuate Collection Set: 0.0ms
[2023-04-09T18:45:17.426+0800][252.935s] GC(364)   Evacuate Collection Set: 1.1ms
[2023-04-09T18:45:17.426+0800][252.935s] GC(364)   Post Evacuate Collection Set: 0.6ms
[2023-04-09T18:45:17.426+0800][252.935s] GC(364)   Other: 0.2ms
[2023-04-09T18:45:17.426+0800][252.935s] GC(364) Eden regions: 258->0(254)
[2023-04-09T18:45:17.426+0800][252.935s] GC(364) Survivor regions: 7->10(34)
[2023-04-09T18:45:17.426+0800][252.935s] GC(364) Old regions: 130->130
[2023-04-09T18:45:17.426+0800][252.935s] GC(364) Humongous regions: 53->52
[2023-04-09T18:45:17.426+0800][252.935s] GC(364) Metaspace: 60697K(62576K)->60697K(62576K) NonClass: 53611K(54692K)->53611K(54692K) Class: 7085K(7884K)->7085K(7884K)
[2023-04-09T18:45:17.426+0800][252.935s] GC(364) Pause Young (Normal) (G1 Evacuation Pause) 447M->191M(512M) 2.098ms
[2023-04-09T18:45:17.426+0800][252.935s] GC(364) User=0.00s Sys=0.00s Real=0.00s
[2023-04-09T18:45:17.652+0800][253.161s] GC(365) Pause Young (Normal) (G1 Evacuation Pause)
[2023-04-09T18:45:17.652+0800][253.161s] GC(365) Using 8 workers of 8 for evacuation
[2023-04-09T18:45:17.654+0800][253.163s] GC(365)   Pre Evacuate Collection Set: 0.0ms
[2023-04-09T18:45:17.654+0800][253.163s] GC(365)   Evacuate Collection Set: 1.3ms
[2023-04-09T18:45:17.654+0800][253.163s] GC(365)   Post Evacuate Collection Set: 0.5ms
[2023-04-09T18:45:17.654+0800][253.163s] GC(365)   Other: 0.2ms
[2023-04-09T18:45:17.654+0800][253.163s] GC(365) Eden regions: 254->0(251)
[2023-04-09T18:45:17.654+0800][253.163s] GC(365) Survivor regions: 10->12(33)
[2023-04-09T18:45:17.654+0800][253.163s] GC(365) Old regions: 130->130
[2023-04-09T18:45:17.654+0800][253.163s] GC(365) Humongous regions: 53->53
[2023-04-09T18:45:17.654+0800][253.163s] GC(365) Metaspace: 60697K(62576K)->60697K(62576K) NonClass: 53611K(54692K)->53611K(54692K) Class: 7085K(7884K)->7085K(7884K)
[2023-04-09T18:45:17.654+0800][253.163s] GC(365) Pause Young (Normal) (G1 Evacuation Pause) 446M->194M(512M) 2.125ms
[2023-04-09T18:45:17.654+0800][253.163s] GC(365) User=0.00s Sys=0.00s Real=0.00s
[2023-04-09T18:45:17.926+0800][253.434s] GC(366) Pause Young (Normal) (G1 Evacuation Pause)
[2023-04-09T18:45:17.926+0800][253.434s] GC(366) Using 8 workers of 8 for evacuation
[2023-04-09T18:45:17.928+0800][253.436s] GC(366)   Pre Evacuate Collection Set: 0.0ms
[2023-04-09T18:45:17.928+0800][253.436s] GC(366)   Evacuate Collection Set: 1.4ms
[2023-04-09T18:45:17.928+0800][253.436s] GC(366)   Post Evacuate Collection Set: 0.4ms
[2023-04-09T18:45:17.928+0800][253.437s] GC(366)   Other: 0.2ms
[2023-04-09T18:45:17.928+0800][253.437s] GC(366) Eden regions: 251->0(246)
[2023-04-09T18:45:17.928+0800][253.437s] GC(366) Survivor regions: 12->12(33)
[2023-04-09T18:45:17.928+0800][253.437s] GC(366) Old regions: 130->130
[2023-04-09T18:45:17.928+0800][253.437s] GC(366) Humongous regions: 66->59
[2023-04-09T18:45:17.928+0800][253.437s] GC(366) Metaspace: 60697K(62576K)->60697K(62576K) NonClass: 53611K(54692K)->53611K(54692K) Class: 7085K(7884K)->7085K(7884K)
[2023-04-09T18:45:17.928+0800][253.437s] GC(366) Pause Young (Normal) (G1 Evacuation Pause) 458M->199M(512M) 2.266ms
[2023-04-09T18:45:17.928+0800][253.437s] GC(366) User=0.00s Sys=0.00s Real=0.00s
[2023-04-09T18:45:18.422+0800][253.931s] GC(367) Pause Young (Normal) (G1 Evacuation Pause)
[2023-04-09T18:45:18.422+0800][253.931s] GC(367) Using 8 workers of 8 for evacuation
[2023-04-09T18:45:18.424+0800][253.933s] GC(367)   Pre Evacuate Collection Set: 0.0ms
[2023-04-09T18:45:18.424+0800][253.933s] GC(367)   Evacuate Collection Set: 1.2ms
[2023-04-09T18:45:18.424+0800][253.933s] GC(367)   Post Evacuate Collection Set: 0.6ms
[2023-04-09T18:45:18.424+0800][253.933s] GC(367)   Other: 0.2ms
[2023-04-09T18:45:18.424+0800][253.933s] GC(367) Eden regions: 246->0(247)
[2023-04-09T18:45:18.424+0800][253.933s] GC(367) Survivor regions: 12->11(33)
[2023-04-09T18:45:18.424+0800][253.933s] GC(367) Old regions: 130->130
[2023-04-09T18:45:18.424+0800][253.933s] GC(367) Humongous regions: 64->59
[2023-04-09T18:45:18.424+0800][253.933s] GC(367) Metaspace: 60697K(62576K)->60697K(62576K) NonClass: 53611K(54692K)->53611K(54692K) Class: 7085K(7884K)->7085K(7884K)
[2023-04-09T18:45:18.424+0800][253.934s] GC(367) Pause Young (Normal) (G1 Evacuation Pause) 450M->199M(512M) 2.214ms
[2023-04-09T18:45:18.424+0800][253.934s] GC(367) User=0.00s Sys=0.00s Real=0.00s
[2023-04-09T18:45:19.042+0800][254.551s] GC(368) Pause Young (Normal) (G1 Evacuation Pause)
[2023-04-09T18:45:19.042+0800][254.551s] GC(368) Using 8 workers of 8 for evacuation
[2023-04-09T18:45:19.043+0800][254.552s] GC(368)   Pre Evacuate Collection Set: 0.0ms
[2023-04-09T18:45:19.043+0800][254.552s] GC(368)   Evacuate Collection Set: 0.6ms
[2023-04-09T18:45:19.043+0800][254.552s] GC(368)   Post Evacuate Collection Set: 0.4ms
[2023-04-09T18:45:19.043+0800][254.552s] GC(368)   Other: 0.2ms
[2023-04-09T18:45:19.043+0800][254.552s] GC(368) Eden regions: 247->0(256)
[2023-04-09T18:45:19.044+0800][254.552s] GC(368) Survivor regions: 11->4(33)
[2023-04-09T18:45:19.044+0800][254.552s] GC(368) Old regions: 130->130
[2023-04-09T18:45:19.044+0800][254.552s] GC(368) Humongous regions: 60->51
[2023-04-09T18:45:19.044+0800][254.552s] GC(368) Metaspace: 60697K(62576K)->60697K(62576K) NonClass: 53612K(54692K)->53612K(54692K) Class: 7085K(7884K)->7085K(7884K)
[2023-04-09T18:45:19.044+0800][254.552s] GC(368) Pause Young (Normal) (G1 Evacuation Pause) 447M->184M(512M) 1.472ms
[2023-04-09T18:45:19.044+0800][254.552s] GC(368) User=0.11s Sys=0.00s Real=0.00s
[2023-04-09T18:45:19.458+0800][254.966s] GC(369) Pause Young (Normal) (G1 Evacuation Pause)
[2023-04-09T18:45:19.458+0800][254.966s] GC(369) Using 8 workers of 8 for evacuation
[2023-04-09T18:45:19.459+0800][254.968s] GC(369)   Pre Evacuate Collection Set: 0.0ms
[2023-04-09T18:45:19.459+0800][254.968s] GC(369)   Evacuate Collection Set: 1.0ms
[2023-04-09T18:45:19.459+0800][254.968s] GC(369)   Post Evacuate Collection Set: 0.6ms
[2023-04-09T18:45:19.459+0800][254.968s] GC(369)   Other: 0.2ms
[2023-04-09T18:45:19.459+0800][254.968s] GC(369) Eden regions: 256->0(253)
[2023-04-09T18:45:19.459+0800][254.968s] GC(369) Survivor regions: 4->8(33)
[2023-04-09T18:45:19.459+0800][254.968s] GC(369) Old regions: 130->130
[2023-04-09T18:45:19.459+0800][254.968s] GC(369) Humongous regions: 54->52
[2023-04-09T18:45:19.459+0800][254.968s] GC(369) Metaspace: 60698K(62576K)->60698K(62576K) NonClass: 53612K(54692K)->53612K(54692K) Class: 7085K(7884K)->7085K(7884K)
[2023-04-09T18:45:19.459+0800][254.968s] GC(369) Pause Young (Normal) (G1 Evacuation Pause) 443M->189M(512M) 2.108ms
[2023-04-09T18:45:19.459+0800][254.968s] GC(369) User=0.00s Sys=0.00s Real=0.00s
[2023-04-09T18:45:19.920+0800][255.429s] GC(370) Pause Young (Normal) (G1 Evacuation Pause)
[2023-04-09T18:45:19.920+0800][255.429s] GC(370) Using 8 workers of 8 for evacuation
[2023-04-09T18:45:19.921+0800][255.430s] GC(370)   Pre Evacuate Collection Set: 0.0ms
[2023-04-09T18:45:19.921+0800][255.430s] GC(370)   Evacuate Collection Set: 1.1ms
[2023-04-09T18:45:19.922+0800][255.430s] GC(370)   Post Evacuate Collection Set: 0.5ms
[2023-04-09T18:45:19.922+0800][255.430s] GC(370)   Other: 0.2ms
[2023-04-09T18:45:19.922+0800][255.430s] GC(370) Eden regions: 253->0(247)
[2023-04-09T18:45:19.922+0800][255.430s] GC(370) Survivor regions: 8->10(33)
[2023-04-09T18:45:19.922+0800][255.430s] GC(370) Old regions: 130->130
[2023-04-09T18:45:19.922+0800][255.431s] GC(370) Humongous regions: 66->59
[2023-04-09T18:45:19.922+0800][255.431s] GC(370) Metaspace: 60698K(62576K)->60698K(62576K) NonClass: 53612K(54692K)->53612K(54692K) Class: 7085K(7884K)->7085K(7884K)
[2023-04-09T18:45:19.922+0800][255.431s] GC(370) Pause Young (Normal) (G1 Evacuation Pause) 456M->197M(512M) 1.975ms
[2023-04-09T18:45:19.922+0800][255.431s] GC(370) User=0.00s Sys=0.00s Real=0.00s
[2023-04-09T18:45:20.460+0800][255.969s] GC(371) Pause Young (Normal) (G1 Evacuation Pause)
[2023-04-09T18:45:20.460+0800][255.969s] GC(371) Using 8 workers of 8 for evacuation
[2023-04-09T18:45:20.462+0800][255.971s] GC(371)   Pre Evacuate Collection Set: 0.0ms
[2023-04-09T18:45:20.462+0800][255.971s] GC(371)   Evacuate Collection Set: 1.2ms
[2023-04-09T18:45:20.462+0800][255.971s] GC(371)   Post Evacuate Collection Set: 0.5ms
[2023-04-09T18:45:20.462+0800][255.971s] GC(371)   Other: 0.2ms
[2023-04-09T18:45:20.462+0800][255.971s] GC(371) Eden regions: 247->0(246)
[2023-04-09T18:45:20.462+0800][255.971s] GC(371) Survivor regions: 10->11(33)
[2023-04-09T18:45:20.462+0800][255.971s] GC(371) Old regions: 130->130
[2023-04-09T18:45:20.462+0800][255.971s] GC(371) Humongous regions: 64->59
[2023-04-09T18:45:20.462+0800][255.971s] GC(371) Metaspace: 60699K(62576K)->60699K(62576K) NonClass: 53613K(54692K)->53613K(54692K) Class: 7085K(7884K)->7085K(7884K)
[2023-04-09T18:45:20.462+0800][255.971s] GC(371) Pause Young (Normal) (G1 Evacuation Pause) 449M->198M(512M) 2.057ms
[2023-04-09T18:45:20.462+0800][255.971s] GC(371) User=0.00s Sys=0.00s Real=0.00s
[2023-04-09T18:45:20.943+0800][256.451s] GC(372) Pause Young (Normal) (G1 Evacuation Pause)
[2023-04-09T18:45:20.943+0800][256.451s] GC(372) Using 8 workers of 8 for evacuation
[2023-04-09T18:45:20.944+0800][256.453s] GC(372)   Pre Evacuate Collection Set: 0.0ms
[2023-04-09T18:45:20.944+0800][256.453s] GC(372)   Evacuate Collection Set: 0.5ms
[2023-04-09T18:45:20.944+0800][256.453s] GC(372)   Post Evacuate Collection Set: 0.6ms
[2023-04-09T18:45:20.944+0800][256.453s] GC(372)   Other: 0.3ms
[2023-04-09T18:45:20.944+0800][256.453s] GC(372) Eden regions: 246->0(255)
[2023-04-09T18:45:20.944+0800][256.453s] GC(372) Survivor regions: 11->4(33)
[2023-04-09T18:45:20.944+0800][256.453s] GC(372) Old regions: 130->130
[2023-04-09T18:45:20.944+0800][256.453s] GC(372) Humongous regions: 60->51
[2023-04-09T18:45:20.944+0800][256.453s] GC(372) Metaspace: 60699K(62576K)->60699K(62576K) NonClass: 53613K(54692K)->53613K(54692K) Class: 7085K(7884K)->7085K(7884K)
[2023-04-09T18:45:20.944+0800][256.453s] GC(372) Pause Young (Normal) (G1 Evacuation Pause) 445M->184M(512M) 1.545ms
[2023-04-09T18:45:20.944+0800][256.453s] GC(372) User=0.00s Sys=0.00s Real=0.00s
[2023-04-09T18:45:21.362+0800][256.871s] GC(373) Pause Young (Normal) (G1 Evacuation Pause)
[2023-04-09T18:45:21.362+0800][256.871s] GC(373) Using 8 workers of 8 for evacuation
[2023-04-09T18:45:21.364+0800][256.873s] GC(373)   Pre Evacuate Collection Set: 0.0ms
[2023-04-09T18:45:21.364+0800][256.873s] GC(373)   Evacuate Collection Set: 0.9ms
[2023-04-09T18:45:21.364+0800][256.873s] GC(373)   Post Evacuate Collection Set: 0.6ms
[2023-04-09T18:45:21.364+0800][256.873s] GC(373)   Other: 0.1ms
[2023-04-09T18:45:21.364+0800][256.873s] GC(373) Eden regions: 255->0(252)
[2023-04-09T18:45:21.364+0800][256.873s] GC(373) Survivor regions: 4->9(33)
[2023-04-09T18:45:21.364+0800][256.873s] GC(373) Old regions: 130->130
[2023-04-09T18:45:21.364+0800][256.873s] GC(373) Humongous regions: 53->52
[2023-04-09T18:45:21.364+0800][256.873s] GC(373) Metaspace: 60699K(62576K)->60699K(62576K) NonClass: 53613K(54692K)->53613K(54692K) Class: 7085K(7884K)->7085K(7884K)
[2023-04-09T18:45:21.364+0800][256.873s] GC(373) Pause Young (Normal) (G1 Evacuation Pause) 441M->189M(512M) 1.875ms
[2023-04-09T18:45:21.364+0800][256.873s] GC(373) User=0.00s Sys=0.00s Real=0.00s
[2023-04-09T18:45:21.799+0800][257.308s] GC(374) Pause Young (Normal) (G1 Evacuation Pause)
[2023-04-09T18:45:21.799+0800][257.308s] GC(374) Using 8 workers of 8 for evacuation
[2023-04-09T18:45:21.801+0800][257.310s] GC(374)   Pre Evacuate Collection Set: 0.0ms
[2023-04-09T18:45:21.801+0800][257.310s] GC(374)   Evacuate Collection Set: 1.5ms
[2023-04-09T18:45:21.801+0800][257.310s] GC(374)   Post Evacuate Collection Set: 0.6ms
[2023-04-09T18:45:21.801+0800][257.310s] GC(374)   Other: 0.2ms
[2023-04-09T18:45:21.801+0800][257.310s] GC(374) Eden regions: 252->0(246)
[2023-04-09T18:45:21.801+0800][257.310s] GC(374) Survivor regions: 9->10(33)
[2023-04-09T18:45:21.801+0800][257.310s] GC(374) Old regions: 130->130
[2023-04-09T18:45:21.801+0800][257.310s] GC(374) Humongous regions: 66->59
[2023-04-09T18:45:21.801+0800][257.310s] GC(374) Metaspace: 60699K(62576K)->60699K(62576K) NonClass: 53613K(54692K)->53613K(54692K) Class: 7085K(7884K)->7085K(7884K)
[2023-04-09T18:45:21.801+0800][257.310s] GC(374) Pause Young (Normal) (G1 Evacuation Pause) 455M->198M(512M) 2.620ms
[2023-04-09T18:45:21.801+0800][257.310s] GC(374) User=0.00s Sys=0.00s Real=0.00s
[2023-04-09T18:45:22.289+0800][257.797s] GC(375) Pause Young (Normal) (G1 Evacuation Pause)
[2023-04-09T18:45:22.289+0800][257.797s] GC(375) Using 8 workers of 8 for evacuation
[2023-04-09T18:45:22.291+0800][257.799s] GC(375)   Pre Evacuate Collection Set: 0.0ms
[2023-04-09T18:45:22.291+0800][257.799s] GC(375)   Evacuate Collection Set: 1.2ms
[2023-04-09T18:45:22.291+0800][257.799s] GC(375)   Post Evacuate Collection Set: 0.4ms
[2023-04-09T18:45:22.291+0800][257.799s] GC(375)   Other: 0.2ms
[2023-04-09T18:45:22.291+0800][257.799s] GC(375) Eden regions: 246->0(246)
[2023-04-09T18:45:22.291+0800][257.799s] GC(375) Survivor regions: 10->10(32)
[2023-04-09T18:45:22.291+0800][257.799s] GC(375) Old regions: 130->130
[2023-04-09T18:45:22.291+0800][257.799s] GC(375) Humongous regions: 64->59
[2023-04-09T18:45:22.291+0800][257.799s] GC(375) Metaspace: 60702K(62576K)->60702K(62576K) NonClass: 53617K(54692K)->53617K(54692K) Class: 7085K(7884K)->7085K(7884K)
[2023-04-09T18:45:22.291+0800][257.799s] GC(375) Pause Young (Normal) (G1 Evacuation Pause) 449M->198M(512M) 2.103ms
[2023-04-09T18:45:22.291+0800][257.799s] GC(375) User=0.00s Sys=0.00s Real=0.00s
[2023-04-09T18:45:22.757+0800][258.266s] GC(376) Pause Young (Normal) (G1 Evacuation Pause)
[2023-04-09T18:45:22.757+0800][258.266s] GC(376) Using 8 workers of 8 for evacuation
[2023-04-09T18:45:22.759+0800][258.267s] GC(376)   Pre Evacuate Collection Set: 0.0ms
[2023-04-09T18:45:22.759+0800][258.267s] GC(376)   Evacuate Collection Set: 0.6ms
[2023-04-09T18:45:22.759+0800][258.267s] GC(376)   Post Evacuate Collection Set: 0.6ms
[2023-04-09T18:45:22.759+0800][258.267s] GC(376)   Other: 0.2ms
[2023-04-09T18:45:22.759+0800][258.267s] GC(376) Eden regions: 246->0(254)
[2023-04-09T18:45:22.759+0800][258.267s] GC(376) Survivor regions: 10->5(32)
[2023-04-09T18:45:22.759+0800][258.267s] GC(376) Old regions: 130->130
[2023-04-09T18:45:22.759+0800][258.267s] GC(376) Humongous regions: 60->51
[2023-04-09T18:45:22.759+0800][258.268s] GC(376) Metaspace: 60702K(62576K)->60702K(62576K) NonClass: 53617K(54692K)->53617K(54692K) Class: 7085K(7884K)->7085K(7884K)
[2023-04-09T18:45:22.759+0800][258.268s] GC(376) Pause Young (Normal) (G1 Evacuation Pause) 445M->184M(512M) 1.516ms
[2023-04-09T18:45:22.759+0800][258.268s] GC(376) User=0.00s Sys=0.00s Real=0.00s
[2023-04-09T18:45:23.146+0800][258.654s] GC(377) Pause Young (Normal) (G1 Evacuation Pause)
[2023-04-09T18:45:23.146+0800][258.654s] GC(377) Using 8 workers of 8 for evacuation
[2023-04-09T18:45:23.148+0800][258.656s] GC(377)   Pre Evacuate Collection Set: 0.0ms
[2023-04-09T18:45:23.148+0800][258.656s] GC(377)   Evacuate Collection Set: 1.0ms
[2023-04-09T18:45:23.148+0800][258.656s] GC(377)   Post Evacuate Collection Set: 0.6ms
[2023-04-09T18:45:23.148+0800][258.656s] GC(377)   Other: 0.2ms
[2023-04-09T18:45:23.148+0800][258.656s] GC(377) Eden regions: 254->0(251)
[2023-04-09T18:45:23.148+0800][258.656s] GC(377) Survivor regions: 5->9(33)
[2023-04-09T18:45:23.148+0800][258.656s] GC(377) Old regions: 130->130
[2023-04-09T18:45:23.148+0800][258.656s] GC(377) Humongous regions: 54->53
[2023-04-09T18:45:23.148+0800][258.656s] GC(377) Metaspace: 60702K(62576K)->60702K(62576K) NonClass: 53617K(54692K)->53617K(54692K) Class: 7085K(7884K)->7085K(7884K)
[2023-04-09T18:45:23.148+0800][258.656s] GC(377) Pause Young (Normal) (G1 Evacuation Pause) 441M->191M(512M) 1.971ms
[2023-04-09T18:45:23.148+0800][258.656s] GC(377) User=0.00s Sys=0.00s Real=0.00s
[2023-04-09T18:45:23.597+0800][259.106s] GC(378) Pause Young (Normal) (G1 Evacuation Pause)
[2023-04-09T18:45:23.597+0800][259.106s] GC(378) Using 8 workers of 8 for evacuation
[2023-04-09T18:45:23.599+0800][259.108s] GC(378)   Pre Evacuate Collection Set: 0.0ms
[2023-04-09T18:45:23.599+0800][259.108s] GC(378)   Evacuate Collection Set: 1.1ms
[2023-04-09T18:45:23.599+0800][259.108s] GC(378)   Post Evacuate Collection Set: 0.7ms
[2023-04-09T18:45:23.599+0800][259.108s] GC(378)   Other: 0.2ms
[2023-04-09T18:45:23.599+0800][259.108s] GC(378) Eden regions: 251->0(246)
[2023-04-09T18:45:23.599+0800][259.108s] GC(378) Survivor regions: 9->10(33)
[2023-04-09T18:45:23.599+0800][259.108s] GC(378) Old regions: 130->130
[2023-04-09T18:45:23.599+0800][259.108s] GC(378) Humongous regions: 66->59
[2023-04-09T18:45:23.599+0800][259.108s] GC(378) Metaspace: 60702K(62576K)->60702K(62576K) NonClass: 53617K(54692K)->53617K(54692K) Class: 7085K(7884K)->7085K(7884K)
[2023-04-09T18:45:23.599+0800][259.109s] GC(378) Pause Young (Normal) (G1 Evacuation Pause) 455M->198M(512M) 2.463ms
[2023-04-09T18:45:23.599+0800][259.109s] GC(378) User=0.00s Sys=0.00s Real=0.00s
[2023-04-09T18:45:24.096+0800][259.605s] GC(379) Pause Young (Normal) (G1 Evacuation Pause)
[2023-04-09T18:45:24.096+0800][259.605s] GC(379) Using 8 workers of 8 for evacuation
[2023-04-09T18:45:24.098+0800][259.607s] GC(379)   Pre Evacuate Collection Set: 0.1ms
[2023-04-09T18:45:24.098+0800][259.607s] GC(379)   Evacuate Collection Set: 1.1ms
[2023-04-09T18:45:24.098+0800][259.607s] GC(379)   Post Evacuate Collection Set: 0.6ms
[2023-04-09T18:45:24.098+0800][259.607s] GC(379)   Other: 0.2ms
[2023-04-09T18:45:24.098+0800][259.607s] GC(379) Eden regions: 246->0(245)
[2023-04-09T18:45:24.098+0800][259.607s] GC(379) Survivor regions: 10->11(32)
[2023-04-09T18:45:24.098+0800][259.607s] GC(379) Old regions: 130->130
[2023-04-09T18:45:24.098+0800][259.607s] GC(379) Humongous regions: 64->59
[2023-04-09T18:45:24.098+0800][259.607s] GC(379) Metaspace: 60703K(62576K)->60703K(62576K) NonClass: 53618K(54692K)->53618K(54692K) Class: 7085K(7884K)->7085K(7884K)
[2023-04-09T18:45:24.098+0800][259.607s] GC(379) Pause Young (Normal) (G1 Evacuation Pause) 449M->198M(512M) 2.156ms
[2023-04-09T18:45:24.098+0800][259.607s] GC(379) User=0.00s Sys=0.00s Real=0.00s
[2023-04-09T18:45:24.582+0800][260.091s] GC(380) Pause Young (Normal) (G1 Evacuation Pause)
[2023-04-09T18:45:24.583+0800][260.091s] GC(380) Using 8 workers of 8 for evacuation
[2023-04-09T18:45:24.584+0800][260.093s] GC(380)   Pre Evacuate Collection Set: 0.0ms
[2023-04-09T18:45:24.584+0800][260.093s] GC(380)   Evacuate Collection Set: 0.7ms
[2023-04-09T18:45:24.584+0800][260.093s] GC(380)   Post Evacuate Collection Set: 0.6ms
[2023-04-09T18:45:24.584+0800][260.093s] GC(380)   Other: 0.2ms
[2023-04-09T18:45:24.584+0800][260.093s] GC(380) Eden regions: 245->0(252)
[2023-04-09T18:45:24.584+0800][260.093s] GC(380) Survivor regions: 11->5(32)
[2023-04-09T18:45:24.584+0800][260.093s] GC(380) Old regions: 130->130
[2023-04-09T18:45:24.584+0800][260.093s] GC(380) Humongous regions: 60->51
[2023-04-09T18:45:24.584+0800][260.093s] GC(380) Metaspace: 60704K(62576K)->60704K(62576K) NonClass: 53619K(54692K)->53619K(54692K) Class: 7085K(7884K)->7085K(7884K)
[2023-04-09T18:45:24.584+0800][260.093s] GC(380) Pause Young (Normal) (G1 Evacuation Pause) 444M->185M(512M) 1.885ms
[2023-04-09T18:45:24.584+0800][260.093s] GC(380) User=0.00s Sys=0.00s Real=0.00s
[2023-04-09T18:45:25.008+0800][260.516s] GC(381) Pause Young (Normal) (G1 Evacuation Pause)
[2023-04-09T18:45:25.008+0800][260.516s] GC(381) Using 8 workers of 8 for evacuation
[2023-04-09T18:45:25.009+0800][260.518s] GC(381)   Pre Evacuate Collection Set: 0.0ms
[2023-04-09T18:45:25.009+0800][260.518s] GC(381)   Evacuate Collection Set: 1.0ms
[2023-04-09T18:45:25.009+0800][260.518s] GC(381)   Post Evacuate Collection Set: 0.5ms
[2023-04-09T18:45:25.009+0800][260.518s] GC(381)   Other: 0.1ms
[2023-04-09T18:45:25.009+0800][260.518s] GC(381) Eden regions: 252->0(249)
[2023-04-09T18:45:25.009+0800][260.518s] GC(381) Survivor regions: 5->10(33)
[2023-04-09T18:45:25.009+0800][260.518s] GC(381) Old regions: 130->130
[2023-04-09T18:45:25.009+0800][260.518s] GC(381) Humongous regions: 54->53
[2023-04-09T18:45:25.009+0800][260.518s] GC(381) Metaspace: 60704K(62576K)->60704K(62576K) NonClass: 53619K(54692K)->53619K(54692K) Class: 7085K(7884K)->7085K(7884K)
[2023-04-09T18:45:25.009+0800][260.518s] GC(381) Pause Young (Normal) (G1 Evacuation Pause) 440M->192M(512M) 1.875ms
[2023-04-09T18:45:25.009+0800][260.518s] GC(381) User=0.00s Sys=0.00s Real=0.00s
[2023-04-09T18:45:25.414+0800][260.923s] GC(382) Pause Young (Normal) (G1 Evacuation Pause)
[2023-04-09T18:45:25.414+0800][260.923s] GC(382) Using 8 workers of 8 for evacuation
[2023-04-09T18:45:25.416+0800][260.925s] GC(382)   Pre Evacuate Collection Set: 0.0ms
[2023-04-09T18:45:25.416+0800][260.925s] GC(382)   Evacuate Collection Set: 1.4ms
[2023-04-09T18:45:25.416+0800][260.925s] GC(382)   Post Evacuate Collection Set: 0.5ms
[2023-04-09T18:45:25.416+0800][260.925s] GC(382)   Other: 0.2ms
[2023-04-09T18:45:25.416+0800][260.925s] GC(382) Eden regions: 249->0(245)
[2023-04-09T18:45:25.416+0800][260.925s] GC(382) Survivor regions: 10->11(33)
[2023-04-09T18:45:25.416+0800][260.925s] GC(382) Old regions: 130->130
[2023-04-09T18:45:25.416+0800][260.925s] GC(382) Humongous regions: 71->59
[2023-04-09T18:45:25.416+0800][260.925s] GC(382) Metaspace: 60704K(62576K)->60704K(62576K) NonClass: 53619K(54692K)->53619K(54692K) Class: 7085K(7884K)->7085K(7884K)
[2023-04-09T18:45:25.416+0800][260.925s] GC(382) Pause Young (Normal) (G1 Evacuation Pause) 459M->198M(512M) 2.310ms
[2023-04-09T18:45:25.416+0800][260.925s] GC(382) User=0.00s Sys=0.00s Real=0.00s
[2023-04-09T18:45:26.113+0800][261.622s] GC(383) Pause Young (Normal) (G1 Evacuation Pause)
[2023-04-09T18:45:26.113+0800][261.622s] GC(383) Using 8 workers of 8 for evacuation
[2023-04-09T18:45:26.114+0800][261.623s] GC(383)   Pre Evacuate Collection Set: 0.0ms
[2023-04-09T18:45:26.114+0800][261.623s] GC(383)   Evacuate Collection Set: 0.3ms
[2023-04-09T18:45:26.114+0800][261.623s] GC(383)   Post Evacuate Collection Set: 0.4ms
[2023-04-09T18:45:26.114+0800][261.623s] GC(383)   Other: 0.1ms
[2023-04-09T18:45:26.114+0800][261.623s] GC(383) Eden regions: 245->0(257)
[2023-04-09T18:45:26.114+0800][261.623s] GC(383) Survivor regions: 11->1(32)
[2023-04-09T18:45:26.114+0800][261.623s] GC(383) Old regions: 130->130
[2023-04-09T18:45:26.114+0800][261.623s] GC(383) Humongous regions: 59->50
[2023-04-09T18:45:26.114+0800][261.623s] GC(383) Metaspace: 60704K(62576K)->60704K(62576K) NonClass: 53619K(54692K)->53619K(54692K) Class: 7085K(7884K)->7085K(7884K)
[2023-04-09T18:45:26.114+0800][261.623s] GC(383) Pause Young (Normal) (G1 Evacuation Pause) 443M->179M(512M) 1.081ms
[2023-04-09T18:45:26.114+0800][261.623s] GC(383) User=0.00s Sys=0.00s Real=0.00s
[2023-04-09T18:45:26.487+0800][261.996s] GC(384) Pause Young (Normal) (G1 Evacuation Pause)
[2023-04-09T18:45:26.487+0800][261.996s] GC(384) Using 8 workers of 8 for evacuation
[2023-04-09T18:45:26.488+0800][261.997s] GC(384)   Pre Evacuate Collection Set: 0.0ms
[2023-04-09T18:45:26.488+0800][261.997s] GC(384)   Evacuate Collection Set: 0.7ms
[2023-04-09T18:45:26.488+0800][261.997s] GC(384)   Post Evacuate Collection Set: 0.5ms
[2023-04-09T18:45:26.488+0800][261.997s] GC(384)   Other: 0.2ms
[2023-04-09T18:45:26.488+0800][261.998s] GC(384) Eden regions: 257->0(254)
[2023-04-09T18:45:26.488+0800][261.998s] GC(384) Survivor regions: 1->6(33)
[2023-04-09T18:45:26.488+0800][261.998s] GC(384) Old regions: 130->130
[2023-04-09T18:45:26.488+0800][261.998s] GC(384) Humongous regions: 51->51
[2023-04-09T18:45:26.488+0800][261.998s] GC(384) Metaspace: 60704K(62576K)->60704K(62576K) NonClass: 53619K(54692K)->53619K(54692K) Class: 7085K(7884K)->7085K(7884K)
[2023-04-09T18:45:26.488+0800][261.998s] GC(384) Pause Young (Normal) (G1 Evacuation Pause) 437M->185M(512M) 1.673ms
[2023-04-09T18:45:26.489+0800][261.998s] GC(384) User=0.00s Sys=0.00s Real=0.00s
[2023-04-09T18:45:26.893+0800][262.402s] GC(385) Pause Young (Normal) (G1 Evacuation Pause)
[2023-04-09T18:45:26.893+0800][262.402s] GC(385) Using 8 workers of 8 for evacuation
[2023-04-09T18:45:26.895+0800][262.404s] GC(385)   Pre Evacuate Collection Set: 0.0ms
[2023-04-09T18:45:26.895+0800][262.404s] GC(385)   Evacuate Collection Set: 1.0ms
[2023-04-09T18:45:26.895+0800][262.404s] GC(385)   Post Evacuate Collection Set: 0.6ms
[2023-04-09T18:45:26.895+0800][262.404s] GC(385)   Other: 0.1ms
[2023-04-09T18:45:26.895+0800][262.404s] GC(385) Eden regions: 254->0(250)
[2023-04-09T18:45:26.895+0800][262.404s] GC(385) Survivor regions: 6->10(33)
[2023-04-09T18:45:26.895+0800][262.404s] GC(385) Old regions: 130->130
[2023-04-09T18:45:26.895+0800][262.404s] GC(385) Humongous regions: 54->53
[2023-04-09T18:45:26.895+0800][262.404s] GC(385) Metaspace: 60704K(62576K)->60704K(62576K) NonClass: 53619K(54692K)->53619K(54692K) Class: 7085K(7884K)->7085K(7884K)
[2023-04-09T18:45:26.895+0800][262.404s] GC(385) Pause Young (Normal) (G1 Evacuation Pause) 442M->191M(512M) 1.925ms
[2023-04-09T18:45:26.895+0800][262.404s] GC(385) User=0.00s Sys=0.00s Real=0.00s
[2023-04-09T18:45:27.315+0800][262.824s] GC(386) Pause Young (Normal) (G1 Evacuation Pause)
[2023-04-09T18:45:27.315+0800][262.824s] GC(386) Using 8 workers of 8 for evacuation
[2023-04-09T18:45:27.317+0800][262.826s] GC(386)   Pre Evacuate Collection Set: 0.0ms
[2023-04-09T18:45:27.317+0800][262.826s] GC(386)   Evacuate Collection Set: 1.3ms
[2023-04-09T18:45:27.317+0800][262.826s] GC(386)   Post Evacuate Collection Set: 0.7ms
[2023-04-09T18:45:27.317+0800][262.826s] GC(386)   Other: 0.2ms
[2023-04-09T18:45:27.317+0800][262.826s] GC(386) Eden regions: 250->0(244)
[2023-04-09T18:45:27.317+0800][262.826s] GC(386) Survivor regions: 10->12(33)
[2023-04-09T18:45:27.317+0800][262.826s] GC(386) Old regions: 130->130
[2023-04-09T18:45:27.317+0800][262.826s] GC(386) Humongous regions: 71->59
[2023-04-09T18:45:27.317+0800][262.826s] GC(386) Metaspace: 60704K(62576K)->60704K(62576K) NonClass: 53619K(54692K)->53619K(54692K) Class: 7085K(7884K)->7085K(7884K)
[2023-04-09T18:45:27.317+0800][262.826s] GC(386) Pause Young (Normal) (G1 Evacuation Pause) 459M->200M(512M) 2.428ms
[2023-04-09T18:45:27.317+0800][262.826s] GC(386) User=0.00s Sys=0.00s Real=0.00s
[2023-04-09T18:45:27.860+0800][263.370s] GC(387) Pause Young (Normal) (G1 Evacuation Pause)
[2023-04-09T18:45:27.860+0800][263.370s] GC(387) Using 8 workers of 8 for evacuation
[2023-04-09T18:45:27.861+0800][263.370s] GC(387)   Pre Evacuate Collection Set: 0.0ms
[2023-04-09T18:45:27.861+0800][263.371s] GC(387)   Evacuate Collection Set: 0.3ms
[2023-04-09T18:45:27.861+0800][263.371s] GC(387)   Post Evacuate Collection Set: 0.5ms
[2023-04-09T18:45:27.861+0800][263.371s] GC(387)   Other: 0.1ms
[2023-04-09T18:45:27.861+0800][263.371s] GC(387) Eden regions: 244->0(260)
[2023-04-09T18:45:27.861+0800][263.371s] GC(387) Survivor regions: 12->1(32)
[2023-04-09T18:45:27.861+0800][263.371s] GC(387) Old regions: 130->130
[2023-04-09T18:45:27.861+0800][263.371s] GC(387) Humongous regions: 59->50
[2023-04-09T18:45:27.861+0800][263.371s] GC(387) Metaspace: 60707K(62576K)->60707K(62576K) NonClass: 53621K(54692K)->53621K(54692K) Class: 7085K(7884K)->7085K(7884K)
[2023-04-09T18:45:27.861+0800][263.371s] GC(387) Pause Young (Normal) (G1 Evacuation Pause) 444M->180M(512M) 1.079ms
[2023-04-09T18:45:27.861+0800][263.371s] GC(387) User=0.00s Sys=0.00s Real=0.00s
[2023-04-09T18:45:28.246+0800][263.755s] GC(388) Pause Young (Normal) (G1 Evacuation Pause)
[2023-04-09T18:45:28.246+0800][263.755s] GC(388) Using 8 workers of 8 for evacuation
[2023-04-09T18:45:28.247+0800][263.756s] GC(388)   Pre Evacuate Collection Set: 0.0ms
[2023-04-09T18:45:28.247+0800][263.756s] GC(388)   Evacuate Collection Set: 0.7ms
[2023-04-09T18:45:28.247+0800][263.756s] GC(388)   Post Evacuate Collection Set: 0.6ms
[2023-04-09T18:45:28.247+0800][263.756s] GC(388)   Other: 0.2ms
[2023-04-09T18:45:28.247+0800][263.756s] GC(388) Eden regions: 260->0(256)
[2023-04-09T18:45:28.247+0800][263.756s] GC(388) Survivor regions: 1->6(33)
[2023-04-09T18:45:28.247+0800][263.756s] GC(388) Old regions: 130->130
[2023-04-09T18:45:28.247+0800][263.756s] GC(388) Humongous regions: 51->51
[2023-04-09T18:45:28.247+0800][263.756s] GC(388) Metaspace: 60707K(62576K)->60707K(62576K) NonClass: 53621K(54692K)->53621K(54692K) Class: 7085K(7884K)->7085K(7884K)
[2023-04-09T18:45:28.247+0800][263.756s] GC(388) Pause Young (Normal) (G1 Evacuation Pause) 441M->186M(512M) 1.557ms
[2023-04-09T18:45:28.247+0800][263.756s] GC(388) User=0.00s Sys=0.00s Real=0.00s
[2023-04-09T18:45:28.638+0800][264.147s] GC(389) Pause Young (Normal) (G1 Evacuation Pause)
[2023-04-09T18:45:28.638+0800][264.147s] GC(389) Using 8 workers of 8 for evacuation
[2023-04-09T18:45:28.640+0800][264.149s] GC(389)   Pre Evacuate Collection Set: 0.0ms
[2023-04-09T18:45:28.640+0800][264.149s] GC(389)   Evacuate Collection Set: 1.2ms
[2023-04-09T18:45:28.640+0800][264.149s] GC(389)   Post Evacuate Collection Set: 0.6ms
[2023-04-09T18:45:28.640+0800][264.149s] GC(389)   Other: 0.2ms
[2023-04-09T18:45:28.640+0800][264.149s] GC(389) Eden regions: 256->0(250)
[2023-04-09T18:45:28.640+0800][264.149s] GC(389) Survivor regions: 6->11(33)
[2023-04-09T18:45:28.640+0800][264.149s] GC(389) Old regions: 130->130
[2023-04-09T18:45:28.640+0800][264.149s] GC(389) Humongous regions: 54->53
[2023-04-09T18:45:28.640+0800][264.149s] GC(389) Metaspace: 60707K(62576K)->60707K(62576K) NonClass: 53621K(54692K)->53621K(54692K) Class: 7085K(7884K)->7085K(7884K)
[2023-04-09T18:45:28.640+0800][264.149s] GC(389) Pause Young (Normal) (G1 Evacuation Pause) 445M->193M(512M) 2.301ms
[2023-04-09T18:45:28.640+0800][264.149s] GC(389) User=0.00s Sys=0.00s Real=0.00s
[2023-04-09T18:45:29.182+0800][264.692s] GC(390) Pause Young (Normal) (G1 Evacuation Pause)
[2023-04-09T18:45:29.183+0800][264.692s] GC(390) Using 8 workers of 8 for evacuation
[2023-04-09T18:45:29.185+0800][264.694s] GC(390)   Pre Evacuate Collection Set: 0.0ms
[2023-04-09T18:45:29.185+0800][264.694s] GC(390)   Evacuate Collection Set: 1.3ms
[2023-04-09T18:45:29.185+0800][264.694s] GC(390)   Post Evacuate Collection Set: 0.6ms
[2023-04-09T18:45:29.185+0800][264.694s] GC(390)   Other: 0.2ms
[2023-04-09T18:45:29.185+0800][264.694s] GC(390) Eden regions: 250->0(246)
[2023-04-09T18:45:29.185+0800][264.694s] GC(390) Survivor regions: 11->10(33)
[2023-04-09T18:45:29.185+0800][264.694s] GC(390) Old regions: 130->130
[2023-04-09T18:45:29.185+0800][264.694s] GC(390) Humongous regions: 71->59
[2023-04-09T18:45:29.185+0800][264.694s] GC(390) Metaspace: 60708K(62576K)->60708K(62576K) NonClass: 53622K(54692K)->53622K(54692K) Class: 7085K(7884K)->7085K(7884K)
[2023-04-09T18:45:29.185+0800][264.694s] GC(390) Pause Young (Normal) (G1 Evacuation Pause) 461M->198M(512M) 2.563ms
[2023-04-09T18:45:29.185+0800][264.694s] GC(390) User=0.02s Sys=0.00s Real=0.00s
[2023-04-09T18:45:29.639+0800][265.147s] GC(391) Pause Young (Normal) (G1 Evacuation Pause)
[2023-04-09T18:45:29.639+0800][265.147s] GC(391) Using 8 workers of 8 for evacuation
[2023-04-09T18:45:29.640+0800][265.148s] GC(391)   Pre Evacuate Collection Set: 0.0ms
[2023-04-09T18:45:29.640+0800][265.148s] GC(391)   Evacuate Collection Set: 0.4ms
[2023-04-09T18:45:29.640+0800][265.148s] GC(391)   Post Evacuate Collection Set: 0.4ms
[2023-04-09T18:45:29.640+0800][265.148s] GC(391)   Other: 0.2ms
[2023-04-09T18:45:29.640+0800][265.148s] GC(391) Eden regions: 246->0(258)
[2023-04-09T18:45:29.640+0800][265.148s] GC(391) Survivor regions: 10->2(32)
[2023-04-09T18:45:29.640+0800][265.148s] GC(391) Old regions: 130->130
[2023-04-09T18:45:29.640+0800][265.148s] GC(391) Humongous regions: 59->50
[2023-04-09T18:45:29.640+0800][265.148s] GC(391) Metaspace: 60723K(62576K)->60723K(62576K) NonClass: 53637K(54692K)->53637K(54692K) Class: 7085K(7884K)->7085K(7884K)
[2023-04-09T18:45:29.640+0800][265.148s] GC(391) Pause Young (Normal) (G1 Evacuation Pause) 444M->181M(512M) 1.117ms
[2023-04-09T18:45:29.640+0800][265.148s] GC(391) User=0.00s Sys=0.00s Real=0.00s
[2023-04-09T18:45:30.036+0800][265.545s] GC(392) Pause Young (Normal) (G1 Evacuation Pause)
[2023-04-09T18:45:30.036+0800][265.545s] GC(392) Using 8 workers of 8 for evacuation
[2023-04-09T18:45:30.038+0800][265.546s] GC(392)   Pre Evacuate Collection Set: 0.0ms
[2023-04-09T18:45:30.038+0800][265.546s] GC(392)   Evacuate Collection Set: 0.7ms
[2023-04-09T18:45:30.038+0800][265.546s] GC(392)   Post Evacuate Collection Set: 0.5ms
[2023-04-09T18:45:30.038+0800][265.546s] GC(392)   Other: 0.2ms
[2023-04-09T18:45:30.038+0800][265.546s] GC(392) Eden regions: 258->0(254)
[2023-04-09T18:45:30.038+0800][265.546s] GC(392) Survivor regions: 2->7(33)
[2023-04-09T18:45:30.038+0800][265.546s] GC(392) Old regions: 130->130
[2023-04-09T18:45:30.038+0800][265.546s] GC(392) Humongous regions: 53->52
[2023-04-09T18:45:30.038+0800][265.546s] GC(392) Metaspace: 60723K(62576K)->60723K(62576K) NonClass: 53637K(54692K)->53637K(54692K) Class: 7085K(7884K)->7085K(7884K)
[2023-04-09T18:45:30.038+0800][265.546s] GC(392) Pause Young (Normal) (G1 Evacuation Pause) 442M->188M(512M) 1.640ms
[2023-04-09T18:45:30.038+0800][265.546s] GC(392) User=0.00s Sys=0.00s Real=0.00s
[2023-04-09T18:45:30.425+0800][265.934s] GC(393) Pause Young (Normal) (G1 Evacuation Pause)
[2023-04-09T18:45:30.425+0800][265.934s] GC(393) Using 8 workers of 8 for evacuation
[2023-04-09T18:45:30.427+0800][265.936s] GC(393)   Pre Evacuate Collection Set: 0.0ms
[2023-04-09T18:45:30.427+0800][265.936s] GC(393)   Evacuate Collection Set: 1.0ms
[2023-04-09T18:45:30.427+0800][265.936s] GC(393)   Post Evacuate Collection Set: 0.5ms
[2023-04-09T18:45:30.427+0800][265.936s] GC(393)   Other: 0.2ms
[2023-04-09T18:45:30.427+0800][265.936s] GC(393) Eden regions: 254->0(249)
[2023-04-09T18:45:30.427+0800][265.936s] GC(393) Survivor regions: 7->9(33)
[2023-04-09T18:45:30.427+0800][265.936s] GC(393) Old regions: 130->130
[2023-04-09T18:45:30.427+0800][265.936s] GC(393) Humongous regions: 58->58
[2023-04-09T18:45:30.427+0800][265.936s] GC(393) Metaspace: 60723K(62576K)->60723K(62576K) NonClass: 53637K(54692K)->53637K(54692K) Class: 7085K(7884K)->7085K(7884K)
[2023-04-09T18:45:30.427+0800][265.936s] GC(393) Pause Young (Normal) (G1 Evacuation Pause) 448M->196M(512M) 1.871ms
[2023-04-09T18:45:30.427+0800][265.936s] GC(393) User=0.00s Sys=0.00s Real=0.00s
[2023-04-09T18:45:30.976+0800][266.485s] GC(394) Pause Young (Normal) (G1 Evacuation Pause)
[2023-04-09T18:45:30.977+0800][266.485s] GC(394) Using 8 workers of 8 for evacuation
[2023-04-09T18:45:30.978+0800][266.487s] GC(394)   Pre Evacuate Collection Set: 0.1ms
[2023-04-09T18:45:30.978+0800][266.487s] GC(394)   Evacuate Collection Set: 1.1ms
[2023-04-09T18:45:30.978+0800][266.487s] GC(394)   Post Evacuate Collection Set: 0.6ms
[2023-04-09T18:45:30.978+0800][266.487s] GC(394)   Other: 0.2ms
[2023-04-09T18:45:30.978+0800][266.487s] GC(394) Eden regions: 249->0(247)
[2023-04-09T18:45:30.978+0800][266.487s] GC(394) Survivor regions: 9->10(33)
[2023-04-09T18:45:30.978+0800][266.487s] GC(394) Old regions: 130->130
[2023-04-09T18:45:30.979+0800][266.487s] GC(394) Humongous regions: 71->59
[2023-04-09T18:45:30.979+0800][266.487s] GC(394) Metaspace: 60723K(62576K)->60723K(62576K) NonClass: 53637K(54692K)->53637K(54692K) Class: 7085K(7884K)->7085K(7884K)
[2023-04-09T18:45:30.979+0800][266.488s] GC(394) Pause Young (Normal) (G1 Evacuation Pause) 458M->198M(512M) 2.161ms
[2023-04-09T18:45:30.979+0800][266.488s] GC(394) User=0.00s Sys=0.00s Real=0.00s
[2023-04-09T18:45:31.430+0800][266.939s] GC(395) Pause Young (Normal) (G1 Evacuation Pause)
[2023-04-09T18:45:31.430+0800][266.939s] GC(395) Using 8 workers of 8 for evacuation
[2023-04-09T18:45:31.432+0800][266.940s] GC(395)   Pre Evacuate Collection Set: 0.0ms
[2023-04-09T18:45:31.432+0800][266.940s] GC(395)   Evacuate Collection Set: 0.5ms
[2023-04-09T18:45:31.432+0800][266.940s] GC(395)   Post Evacuate Collection Set: 0.5ms
[2023-04-09T18:45:31.432+0800][266.940s] GC(395)   Other: 0.2ms
[2023-04-09T18:45:31.432+0800][266.940s] GC(395) Eden regions: 247->0(257)
[2023-04-09T18:45:31.432+0800][266.940s] GC(395) Survivor regions: 10->3(33)
[2023-04-09T18:45:31.432+0800][266.940s] GC(395) Old regions: 130->130
[2023-04-09T18:45:31.432+0800][266.940s] GC(395) Humongous regions: 59->50
[2023-04-09T18:45:31.432+0800][266.940s] GC(395) Metaspace: 60723K(62576K)->60723K(62576K) NonClass: 53637K(54692K)->53637K(54692K) Class: 7085K(7884K)->7085K(7884K)
[2023-04-09T18:45:31.432+0800][266.940s] GC(395) Pause Young (Normal) (G1 Evacuation Pause) 445M->182M(512M) 1.388ms
[2023-04-09T18:45:31.432+0800][266.940s] GC(395) User=0.00s Sys=0.00s Real=0.00s
[2023-04-09T18:45:31.822+0800][267.331s] GC(396) Pause Young (Normal) (G1 Evacuation Pause)
[2023-04-09T18:45:31.822+0800][267.331s] GC(396) Using 8 workers of 8 for evacuation
[2023-04-09T18:45:31.824+0800][267.333s] GC(396)   Pre Evacuate Collection Set: 0.0ms
[2023-04-09T18:45:31.824+0800][267.333s] GC(396)   Evacuate Collection Set: 0.8ms
[2023-04-09T18:45:31.824+0800][267.333s] GC(396)   Post Evacuate Collection Set: 0.6ms
[2023-04-09T18:45:31.824+0800][267.333s] GC(396)   Other: 0.2ms
[2023-04-09T18:45:31.824+0800][267.333s] GC(396) Eden regions: 257->0(253)
[2023-04-09T18:45:31.824+0800][267.333s] GC(396) Survivor regions: 3->8(33)
[2023-04-09T18:45:31.824+0800][267.333s] GC(396) Old regions: 130->130
[2023-04-09T18:45:31.824+0800][267.333s] GC(396) Humongous regions: 53->52
[2023-04-09T18:45:31.824+0800][267.333s] GC(396) Metaspace: 60723K(62576K)->60723K(62576K) NonClass: 53637K(54692K)->53637K(54692K) Class: 7085K(7884K)->7085K(7884K)
[2023-04-09T18:45:31.824+0800][267.333s] GC(396) Pause Young (Normal) (G1 Evacuation Pause) 442M->189M(512M) 1.806ms
[2023-04-09T18:45:31.824+0800][267.333s] GC(396) User=0.02s Sys=0.00s Real=0.00s
[2023-04-09T18:45:32.214+0800][267.723s] GC(397) Pause Young (Normal) (G1 Evacuation Pause)
[2023-04-09T18:45:32.214+0800][267.723s] GC(397) Using 8 workers of 8 for evacuation
[2023-04-09T18:45:32.216+0800][267.725s] GC(397)   Pre Evacuate Collection Set: 0.0ms
[2023-04-09T18:45:32.216+0800][267.725s] GC(397)   Evacuate Collection Set: 1.1ms
[2023-04-09T18:45:32.216+0800][267.725s] GC(397)   Post Evacuate Collection Set: 0.6ms
[2023-04-09T18:45:32.216+0800][267.725s] GC(397)   Other: 0.2ms
[2023-04-09T18:45:32.216+0800][267.725s] GC(397) Eden regions: 253->0(247)
[2023-04-09T18:45:32.216+0800][267.725s] GC(397) Survivor regions: 8->10(33)
[2023-04-09T18:45:32.216+0800][267.725s] GC(397) Old regions: 130->130
[2023-04-09T18:45:32.216+0800][267.725s] GC(397) Humongous regions: 58->58
[2023-04-09T18:45:32.216+0800][267.725s] GC(397) Metaspace: 60723K(62576K)->60723K(62576K) NonClass: 53637K(54692K)->53637K(54692K) Class: 7085K(7884K)->7085K(7884K)
[2023-04-09T18:45:32.216+0800][267.725s] GC(397) Pause Young (Normal) (G1 Evacuation Pause) 448M->197M(512M) 1.973ms
[2023-04-09T18:45:32.216+0800][267.725s] GC(397) User=0.12s Sys=0.00s Real=0.00s
[2023-04-09T18:45:32.735+0800][268.244s] GC(398) Pause Young (Normal) (G1 Evacuation Pause)
[2023-04-09T18:45:32.735+0800][268.244s] GC(398) Using 8 workers of 8 for evacuation
[2023-04-09T18:45:32.737+0800][268.246s] GC(398)   Pre Evacuate Collection Set: 0.0ms
[2023-04-09T18:45:32.737+0800][268.246s] GC(398)   Evacuate Collection Set: 1.2ms
[2023-04-09T18:45:32.737+0800][268.246s] GC(398)   Post Evacuate Collection Set: 0.6ms
[2023-04-09T18:45:32.737+0800][268.246s] GC(398)   Other: 0.2ms
[2023-04-09T18:45:32.737+0800][268.246s] GC(398) Eden regions: 247->0(246)
[2023-04-09T18:45:32.737+0800][268.246s] GC(398) Survivor regions: 10->11(33)
[2023-04-09T18:45:32.737+0800][268.246s] GC(398) Old regions: 130->130
[2023-04-09T18:45:32.737+0800][268.246s] GC(398) Humongous regions: 66->59
[2023-04-09T18:45:32.737+0800][268.246s] GC(398) Metaspace: 60723K(62576K)->60723K(62576K) NonClass: 53637K(54692K)->53637K(54692K) Class: 7085K(7884K)->7085K(7884K)
[2023-04-09T18:45:32.737+0800][268.246s] GC(398) Pause Young (Normal) (G1 Evacuation Pause) 452M->199M(512M) 2.252ms
[2023-04-09T18:45:32.737+0800][268.246s] GC(398) User=0.00s Sys=0.00s Real=0.00s
[2023-04-09T18:45:33.086+0800][268.595s] GC(399) Pause Young (Normal) (G1 Evacuation Pause)
[2023-04-09T18:45:33.086+0800][268.595s] GC(399) Using 8 workers of 8 for evacuation
[2023-04-09T18:45:33.087+0800][268.597s] GC(399)   Pre Evacuate Collection Set: 0.0ms
[2023-04-09T18:45:33.087+0800][268.597s] GC(399)   Evacuate Collection Set: 0.6ms
[2023-04-09T18:45:33.087+0800][268.597s] GC(399)   Post Evacuate Collection Set: 0.6ms
[2023-04-09T18:45:33.087+0800][268.597s] GC(399)   Other: 0.1ms
[2023-04-09T18:45:33.087+0800][268.597s] GC(399) Eden regions: 246->0(256)
[2023-04-09T18:45:33.087+0800][268.597s] GC(399) Survivor regions: 11->4(33)
[2023-04-09T18:45:33.087+0800][268.597s] GC(399) Old regions: 130->130
[2023-04-09T18:45:33.087+0800][268.597s] GC(399) Humongous regions: 59->50
[2023-04-09T18:45:33.087+0800][268.597s] GC(399) Metaspace: 60729K(62576K)->60729K(62576K) NonClass: 53644K(54692K)->53644K(54692K) Class: 7085K(7884K)->7085K(7884K)
[2023-04-09T18:45:33.087+0800][268.597s] GC(399) Pause Young (Normal) (G1 Evacuation Pause) 445M->182M(512M) 1.513ms
[2023-04-09T18:45:33.087+0800][268.597s] GC(399) User=0.00s Sys=0.00s Real=0.00s
[2023-04-09T18:45:33.266+0800][268.776s] GC(400) Pause Young (Normal) (G1 Evacuation Pause)
[2023-04-09T18:45:33.267+0800][268.776s] GC(400) Using 8 workers of 8 for evacuation
[2023-04-09T18:45:33.268+0800][268.777s] GC(400)   Pre Evacuate Collection Set: 0.0ms
[2023-04-09T18:45:33.268+0800][268.777s] GC(400)   Evacuate Collection Set: 0.8ms
[2023-04-09T18:45:33.268+0800][268.777s] GC(400)   Post Evacuate Collection Set: 0.5ms
[2023-04-09T18:45:33.268+0800][268.778s] GC(400)   Other: 0.2ms
[2023-04-09T18:45:33.268+0800][268.778s] GC(400) Eden regions: 256->0(256)
[2023-04-09T18:45:33.268+0800][268.778s] GC(400) Survivor regions: 4->6(33)
[2023-04-09T18:45:33.268+0800][268.778s] GC(400) Old regions: 130->130
[2023-04-09T18:45:33.268+0800][268.778s] GC(400) Humongous regions: 51->51
[2023-04-09T18:45:33.268+0800][268.778s] GC(400) Metaspace: 60729K(62576K)->60729K(62576K) NonClass: 53644K(54692K)->53644K(54692K) Class: 7085K(7884K)->7085K(7884K)
[2023-04-09T18:45:33.268+0800][268.778s] GC(400) Pause Young (Normal) (G1 Evacuation Pause) 439M->185M(512M) 1.842ms
[2023-04-09T18:45:33.268+0800][268.778s] GC(400) User=0.00s Sys=0.00s Real=0.00s
[2023-04-09T18:45:33.450+0800][268.959s] GC(401) Pause Young (Normal) (G1 Evacuation Pause)
[2023-04-09T18:45:33.450+0800][268.959s] GC(401) Using 8 workers of 8 for evacuation
[2023-04-09T18:45:33.452+0800][268.961s] GC(401)   Pre Evacuate Collection Set: 0.0ms
[2023-04-09T18:45:33.452+0800][268.961s] GC(401)   Evacuate Collection Set: 1.2ms
[2023-04-09T18:45:33.452+0800][268.961s] GC(401)   Post Evacuate Collection Set: 0.5ms
[2023-04-09T18:45:33.452+0800][268.961s] GC(401)   Other: 0.2ms
[2023-04-09T18:45:33.452+0800][268.961s] GC(401) Eden regions: 256->0(255)
[2023-04-09T18:45:33.452+0800][268.961s] GC(401) Survivor regions: 6->8(33)
[2023-04-09T18:45:33.452+0800][268.961s] GC(401) Old regions: 130->130
[2023-04-09T18:45:33.452+0800][268.961s] GC(401) Humongous regions: 51->51
[2023-04-09T18:45:33.452+0800][268.961s] GC(401) Metaspace: 60729K(62576K)->60729K(62576K) NonClass: 53644K(54692K)->53644K(54692K) Class: 7085K(7884K)->7085K(7884K)
[2023-04-09T18:45:33.452+0800][268.961s] GC(401) Pause Young (Normal) (G1 Evacuation Pause) 441M->188M(512M) 2.243ms
[2023-04-09T18:45:33.452+0800][268.961s] GC(401) User=0.00s Sys=0.00s Real=0.00s
[2023-04-09T18:45:33.621+0800][269.130s] GC(402) Pause Young (Normal) (G1 Evacuation Pause)
[2023-04-09T18:45:33.621+0800][269.130s] GC(402) Using 8 workers of 8 for evacuation
[2023-04-09T18:45:33.623+0800][269.132s] GC(402)   Pre Evacuate Collection Set: 0.0ms
[2023-04-09T18:45:33.623+0800][269.132s] GC(402)   Evacuate Collection Set: 1.1ms
[2023-04-09T18:45:33.623+0800][269.132s] GC(402)   Post Evacuate Collection Set: 0.4ms
[2023-04-09T18:45:33.623+0800][269.132s] GC(402)   Other: 0.2ms
[2023-04-09T18:45:33.623+0800][269.132s] GC(402) Eden regions: 255->0(253)
[2023-04-09T18:45:33.623+0800][269.132s] GC(402) Survivor regions: 8->10(33)
[2023-04-09T18:45:33.623+0800][269.132s] GC(402) Old regions: 130->130
[2023-04-09T18:45:33.623+0800][269.132s] GC(402) Humongous regions: 53->52
[2023-04-09T18:45:33.623+0800][269.132s] GC(402) Metaspace: 60729K(62576K)->60729K(62576K) NonClass: 53644K(54692K)->53644K(54692K) Class: 7085K(7884K)->7085K(7884K)
[2023-04-09T18:45:33.623+0800][269.132s] GC(402) Pause Young (Normal) (G1 Evacuation Pause) 445M->191M(512M) 1.959ms
[2023-04-09T18:45:33.623+0800][269.132s] GC(402) User=0.00s Sys=0.00s Real=0.00s
[2023-04-09T18:45:33.877+0800][269.386s] GC(403) Pause Young (Normal) (G1 Evacuation Pause)
[2023-04-09T18:45:33.877+0800][269.386s] GC(403) Using 8 workers of 8 for evacuation
[2023-04-09T18:45:33.879+0800][269.388s] GC(403)   Pre Evacuate Collection Set: 0.0ms
[2023-04-09T18:45:33.879+0800][269.388s] GC(403)   Evacuate Collection Set: 1.4ms
[2023-04-09T18:45:33.879+0800][269.388s] GC(403)   Post Evacuate Collection Set: 0.6ms
[2023-04-09T18:45:33.879+0800][269.388s] GC(403)   Other: 0.2ms
[2023-04-09T18:45:33.879+0800][269.388s] GC(403) Eden regions: 253->0(249)
[2023-04-09T18:45:33.879+0800][269.388s] GC(403) Survivor regions: 10->13(33)
[2023-04-09T18:45:33.879+0800][269.388s] GC(403) Old regions: 130->130
[2023-04-09T18:45:33.879+0800][269.388s] GC(403) Humongous regions: 53->53
[2023-04-09T18:45:33.879+0800][269.388s] GC(403) Metaspace: 60729K(62576K)->60729K(62576K) NonClass: 53644K(54692K)->53644K(54692K) Class: 7085K(7884K)->7085K(7884K)
[2023-04-09T18:45:33.879+0800][269.388s] GC(403) Pause Young (Normal) (G1 Evacuation Pause) 445M->195M(512M) 2.404ms
[2023-04-09T18:45:33.880+0800][269.389s] GC(403) User=0.00s Sys=0.00s Real=0.00s
[2023-04-09T18:45:34.134+0800][269.642s] GC(404) Pause Young (Normal) (G1 Evacuation Pause)
[2023-04-09T18:45:34.134+0800][269.642s] GC(404) Using 8 workers of 8 for evacuation
[2023-04-09T18:45:34.136+0800][269.644s] GC(404)   Pre Evacuate Collection Set: 0.0ms
[2023-04-09T18:45:34.136+0800][269.645s] GC(404)   Evacuate Collection Set: 1.6ms
[2023-04-09T18:45:34.136+0800][269.645s] GC(404)   Post Evacuate Collection Set: 0.5ms
[2023-04-09T18:45:34.136+0800][269.645s] GC(404)   Other: 0.2ms
[2023-04-09T18:45:34.136+0800][269.645s] GC(404) Eden regions: 249->0(245)
[2023-04-09T18:45:34.136+0800][269.645s] GC(404) Survivor regions: 13->12(33)
[2023-04-09T18:45:34.136+0800][269.645s] GC(404) Old regions: 130->130
[2023-04-09T18:45:34.136+0800][269.645s] GC(404) Humongous regions: 66->59
[2023-04-09T18:45:34.136+0800][269.645s] GC(404) Metaspace: 60729K(62576K)->60729K(62576K) NonClass: 53644K(54692K)->53644K(54692K) Class: 7085K(7884K)->7085K(7884K)
[2023-04-09T18:45:34.136+0800][269.645s] GC(404) Pause Young (Normal) (G1 Evacuation Pause) 457M->200M(512M) 2.515ms
[2023-04-09T18:45:34.136+0800][269.645s] GC(404) User=0.00s Sys=0.00s Real=0.00s
[2023-04-09T18:45:34.481+0800][269.990s] GC(405) Pause Young (Normal) (G1 Evacuation Pause)
[2023-04-09T18:45:34.481+0800][269.990s] GC(405) Using 8 workers of 8 for evacuation
[2023-04-09T18:45:34.483+0800][269.992s] GC(405)   Pre Evacuate Collection Set: 0.0ms
[2023-04-09T18:45:34.483+0800][269.992s] GC(405)   Evacuate Collection Set: 1.5ms
[2023-04-09T18:45:34.483+0800][269.993s] GC(405)   Post Evacuate Collection Set: 0.5ms
[2023-04-09T18:45:34.483+0800][269.993s] GC(405)   Other: 0.2ms
[2023-04-09T18:45:34.483+0800][269.993s] GC(405) Eden regions: 245->0(245)
[2023-04-09T18:45:34.483+0800][269.993s] GC(405) Survivor regions: 12->12(33)
[2023-04-09T18:45:34.484+0800][269.993s] GC(405) Old regions: 130->130
[2023-04-09T18:45:34.484+0800][269.993s] GC(405) Humongous regions: 64->59
[2023-04-09T18:45:34.484+0800][269.993s] GC(405) Metaspace: 60729K(62576K)->60729K(62576K) NonClass: 53644K(54692K)->53644K(54692K) Class: 7085K(7884K)->7085K(7884K)
[2023-04-09T18:45:34.484+0800][269.993s] GC(405) Pause Young (Normal) (G1 Evacuation Pause) 450M->200M(512M) 2.610ms
[2023-04-09T18:45:34.484+0800][269.993s] GC(405) User=0.00s Sys=0.00s Real=0.00s
[2023-04-09T18:45:34.764+0800][270.273s] GC(406) Pause Young (Normal) (G1 Evacuation Pause)
[2023-04-09T18:45:34.764+0800][270.273s] GC(406) Using 8 workers of 8 for evacuation
[2023-04-09T18:45:34.766+0800][270.275s] GC(406)   Pre Evacuate Collection Set: 0.0ms
[2023-04-09T18:45:34.766+0800][270.275s] GC(406)   Evacuate Collection Set: 1.3ms
[2023-04-09T18:45:34.766+0800][270.275s] GC(406)   Post Evacuate Collection Set: 0.4ms
[2023-04-09T18:45:34.766+0800][270.275s] GC(406)   Other: 0.2ms
[2023-04-09T18:45:34.766+0800][270.275s] GC(406) Eden regions: 245->0(246)
[2023-04-09T18:45:34.766+0800][270.275s] GC(406) Survivor regions: 12->12(33)
[2023-04-09T18:45:34.766+0800][270.275s] GC(406) Old regions: 130->130
[2023-04-09T18:45:34.766+0800][270.275s] GC(406) Humongous regions: 59->59
[2023-04-09T18:45:34.766+0800][270.275s] GC(406) Metaspace: 60729K(62576K)->60729K(62576K) NonClass: 53644K(54692K)->53644K(54692K) Class: 7085K(7884K)->7085K(7884K)
[2023-04-09T18:45:34.766+0800][270.275s] GC(406) Pause Young (Normal) (G1 Evacuation Pause) 445M->199M(512M) 2.115ms
[2023-04-09T18:45:34.767+0800][270.275s] GC(406) User=0.00s Sys=0.00s Real=0.00s
[2023-04-09T18:45:35.075+0800][270.584s] GC(407) Pause Young (Normal) (G1 Evacuation Pause)
[2023-04-09T18:45:35.075+0800][270.584s] GC(407) Using 8 workers of 8 for evacuation
[2023-04-09T18:45:35.077+0800][270.585s] GC(407)   Pre Evacuate Collection Set: 0.0ms
[2023-04-09T18:45:35.077+0800][270.585s] GC(407)   Evacuate Collection Set: 0.7ms
[2023-04-09T18:45:35.077+0800][270.585s] GC(407)   Post Evacuate Collection Set: 0.5ms
[2023-04-09T18:45:35.077+0800][270.585s] GC(407)   Other: 0.2ms
[2023-04-09T18:45:35.077+0800][270.585s] GC(407) Eden regions: 246->0(255)
[2023-04-09T18:45:35.077+0800][270.585s] GC(407) Survivor regions: 12->5(33)
[2023-04-09T18:45:35.077+0800][270.585s] GC(407) Old regions: 130->130
[2023-04-09T18:45:35.077+0800][270.585s] GC(407) Humongous regions: 59->50
[2023-04-09T18:45:35.077+0800][270.586s] GC(407) Metaspace: 60730K(62576K)->60730K(62576K) NonClass: 53644K(54692K)->53644K(54692K) Class: 7085K(7884K)->7085K(7884K)
[2023-04-09T18:45:35.077+0800][270.586s] GC(407) Pause Young (Normal) (G1 Evacuation Pause) 445M->183M(512M) 1.574ms
[2023-04-09T18:45:35.077+0800][270.586s] GC(407) User=0.00s Sys=0.00s Real=0.00s
[2023-04-09T18:45:35.330+0800][270.839s] GC(408) Pause Young (Normal) (G1 Evacuation Pause)
[2023-04-09T18:45:35.330+0800][270.839s] GC(408) Using 8 workers of 8 for evacuation
[2023-04-09T18:45:35.332+0800][270.841s] GC(408)   Pre Evacuate Collection Set: 0.0ms
[2023-04-09T18:45:35.332+0800][270.841s] GC(408)   Evacuate Collection Set: 0.9ms
[2023-04-09T18:45:35.332+0800][270.841s] GC(408)   Post Evacuate Collection Set: 0.5ms
[2023-04-09T18:45:35.332+0800][270.841s] GC(408)   Other: 0.1ms
[2023-04-09T18:45:35.332+0800][270.841s] GC(408) Eden regions: 255->0(254)
[2023-04-09T18:45:35.332+0800][270.841s] GC(408) Survivor regions: 5->8(33)
[2023-04-09T18:45:35.332+0800][270.841s] GC(408) Old regions: 130->130
[2023-04-09T18:45:35.332+0800][270.841s] GC(408) Humongous regions: 51->51
[2023-04-09T18:45:35.332+0800][270.841s] GC(408) Metaspace: 60730K(62576K)->60730K(62576K) NonClass: 53644K(54692K)->53644K(54692K) Class: 7085K(7884K)->7085K(7884K)
[2023-04-09T18:45:35.332+0800][270.841s] GC(408) Pause Young (Normal) (G1 Evacuation Pause) 439M->187M(512M) 1.777ms
[2023-04-09T18:45:35.332+0800][270.841s] GC(408) User=0.00s Sys=0.00s Real=0.00s
[2023-04-09T18:45:35.560+0800][271.069s] GC(409) Pause Young (Normal) (G1 Evacuation Pause)
[2023-04-09T18:45:35.560+0800][271.069s] GC(409) Using 8 workers of 8 for evacuation
[2023-04-09T18:45:35.562+0800][271.070s] GC(409)   Pre Evacuate Collection Set: 0.0ms
[2023-04-09T18:45:35.562+0800][271.070s] GC(409)   Evacuate Collection Set: 1.1ms
[2023-04-09T18:45:35.562+0800][271.071s] GC(409)   Post Evacuate Collection Set: 0.6ms
[2023-04-09T18:45:35.562+0800][271.071s] GC(409)   Other: 0.2ms
[2023-04-09T18:45:35.562+0800][271.071s] GC(409) Eden regions: 254->0(252)
[2023-04-09T18:45:35.562+0800][271.071s] GC(409) Survivor regions: 8->10(33)
[2023-04-09T18:45:35.562+0800][271.071s] GC(409) Old regions: 130->130
[2023-04-09T18:45:35.562+0800][271.071s] GC(409) Humongous regions: 53->52
[2023-04-09T18:45:35.562+0800][271.071s] GC(409) Metaspace: 60730K(62576K)->60730K(62576K) NonClass: 53644K(54692K)->53644K(54692K) Class: 7085K(7884K)->7085K(7884K)
[2023-04-09T18:45:35.562+0800][271.071s] GC(409) Pause Young (Normal) (G1 Evacuation Pause) 443M->191M(512M) 2.097ms
[2023-04-09T18:45:35.562+0800][271.071s] GC(409) User=0.00s Sys=0.00s Real=0.00s
[2023-04-09T18:45:35.829+0800][271.338s] GC(410) Pause Young (Normal) (G1 Evacuation Pause)
[2023-04-09T18:45:35.829+0800][271.338s] GC(410) Using 8 workers of 8 for evacuation
[2023-04-09T18:45:35.831+0800][271.340s] GC(410)   Pre Evacuate Collection Set: 0.0ms
[2023-04-09T18:45:35.831+0800][271.340s] GC(410)   Evacuate Collection Set: 1.4ms
[2023-04-09T18:45:35.831+0800][271.340s] GC(410)   Post Evacuate Collection Set: 0.4ms
[2023-04-09T18:45:35.831+0800][271.340s] GC(410)   Other: 0.2ms
[2023-04-09T18:45:35.831+0800][271.340s] GC(410) Eden regions: 252->0(250)
[2023-04-09T18:45:35.831+0800][271.340s] GC(410) Survivor regions: 10->12(33)
[2023-04-09T18:45:35.831+0800][271.340s] GC(410) Old regions: 130->130
[2023-04-09T18:45:35.831+0800][271.340s] GC(410) Humongous regions: 53->53
[2023-04-09T18:45:35.831+0800][271.340s] GC(410) Metaspace: 60730K(62576K)->60730K(62576K) NonClass: 53644K(54692K)->53644K(54692K) Class: 7085K(7884K)->7085K(7884K)
[2023-04-09T18:45:35.831+0800][271.340s] GC(410) Pause Young (Normal) (G1 Evacuation Pause) 444M->194M(512M) 2.289ms
[2023-04-09T18:45:35.831+0800][271.340s] GC(410) User=0.00s Sys=0.00s Real=0.00s
[2023-04-09T18:45:36.067+0800][271.576s] GC(411) Pause Young (Normal) (G1 Evacuation Pause)
[2023-04-09T18:45:36.067+0800][271.576s] GC(411) Using 8 workers of 8 for evacuation
[2023-04-09T18:45:36.070+0800][271.579s] GC(411)   Pre Evacuate Collection Set: 0.1ms
[2023-04-09T18:45:36.070+0800][271.579s] GC(411)   Evacuate Collection Set: 1.8ms
[2023-04-09T18:45:36.070+0800][271.579s] GC(411)   Post Evacuate Collection Set: 0.6ms
[2023-04-09T18:45:36.070+0800][271.579s] GC(411)   Other: 0.3ms
[2023-04-09T18:45:36.070+0800][271.579s] GC(411) Eden regions: 250->0(246)
[2023-04-09T18:45:36.070+0800][271.579s] GC(411) Survivor regions: 12->12(33)
[2023-04-09T18:45:36.070+0800][271.579s] GC(411) Old regions: 130->130
[2023-04-09T18:45:36.070+0800][271.579s] GC(411) Humongous regions: 66->59
[2023-04-09T18:45:36.070+0800][271.579s] GC(411) Metaspace: 60730K(62576K)->60730K(62576K) NonClass: 53644K(54692K)->53644K(54692K) Class: 7085K(7884K)->7085K(7884K)
[2023-04-09T18:45:36.070+0800][271.579s] GC(411) Pause Young (Normal) (G1 Evacuation Pause) 457M->200M(512M) 3.023ms
[2023-04-09T18:45:36.070+0800][271.579s] GC(411) User=0.00s Sys=0.00s Real=0.00s
[2023-04-09T18:45:36.495+0800][272.003s] GC(412) Pause Young (Normal) (G1 Evacuation Pause)
[2023-04-09T18:45:36.495+0800][272.003s] GC(412) Using 8 workers of 8 for evacuation
[2023-04-09T18:45:36.497+0800][272.005s] GC(412)   Pre Evacuate Collection Set: 0.1ms
[2023-04-09T18:45:36.497+0800][272.005s] GC(412)   Evacuate Collection Set: 1.3ms
[2023-04-09T18:45:36.497+0800][272.005s] GC(412)   Post Evacuate Collection Set: 0.6ms
[2023-04-09T18:45:36.497+0800][272.006s] GC(412)   Other: 0.2ms
[2023-04-09T18:45:36.497+0800][272.006s] GC(412) Eden regions: 246->0(247)
[2023-04-09T18:45:36.497+0800][272.006s] GC(412) Survivor regions: 12->11(33)
[2023-04-09T18:45:36.497+0800][272.006s] GC(412) Old regions: 130->130
[2023-04-09T18:45:36.497+0800][272.006s] GC(412) Humongous regions: 64->59
[2023-04-09T18:45:36.497+0800][272.006s] GC(412) Metaspace: 60730K(62576K)->60730K(62576K) NonClass: 53644K(54692K)->53644K(54692K) Class: 7085K(7884K)->7085K(7884K)
[2023-04-09T18:45:36.497+0800][272.006s] GC(412) Pause Young (Normal) (G1 Evacuation Pause) 451M->199M(512M) 2.313ms
[2023-04-09T18:45:36.497+0800][272.006s] GC(412) User=0.12s Sys=0.00s Real=0.00s
[2023-04-09T18:45:36.951+0800][272.460s] GC(413) Pause Young (Normal) (G1 Evacuation Pause)
[2023-04-09T18:45:36.951+0800][272.460s] GC(413) Using 8 workers of 8 for evacuation
[2023-04-09T18:45:36.953+0800][272.461s] GC(413)   Pre Evacuate Collection Set: 0.1ms
[2023-04-09T18:45:36.953+0800][272.461s] GC(413)   Evacuate Collection Set: 0.7ms
[2023-04-09T18:45:36.953+0800][272.461s] GC(413)   Post Evacuate Collection Set: 0.4ms
[2023-04-09T18:45:36.953+0800][272.461s] GC(413)   Other: 0.2ms
[2023-04-09T18:45:36.953+0800][272.461s] GC(413) Eden regions: 247->0(256)
[2023-04-09T18:45:36.953+0800][272.461s] GC(413) Survivor regions: 11->4(33)
[2023-04-09T18:45:36.953+0800][272.461s] GC(413) Old regions: 130->130
[2023-04-09T18:45:36.953+0800][272.461s] GC(413) Humongous regions: 60->51
[2023-04-09T18:45:36.953+0800][272.461s] GC(413) Metaspace: 60730K(62576K)->60730K(62576K) NonClass: 53645K(54692K)->53645K(54692K) Class: 7085K(7884K)->7085K(7884K)
[2023-04-09T18:45:36.953+0800][272.461s] GC(413) Pause Young (Normal) (G1 Evacuation Pause) 447M->184M(512M) 1.729ms
[2023-04-09T18:45:36.953+0800][272.461s] GC(413) User=0.00s Sys=0.00s Real=0.00s
[2023-04-09T18:45:37.345+0800][272.854s] GC(414) Pause Young (Normal) (G1 Evacuation Pause)
[2023-04-09T18:45:37.345+0800][272.854s] GC(414) Using 8 workers of 8 for evacuation
[2023-04-09T18:45:37.347+0800][272.856s] GC(414)   Pre Evacuate Collection Set: 0.0ms
[2023-04-09T18:45:37.347+0800][272.856s] GC(414)   Evacuate Collection Set: 1.2ms
[2023-04-09T18:45:37.347+0800][272.856s] GC(414)   Post Evacuate Collection Set: 0.7ms
[2023-04-09T18:45:37.347+0800][272.856s] GC(414)   Other: 0.2ms
[2023-04-09T18:45:37.347+0800][272.856s] GC(414) Eden regions: 256->0(251)
[2023-04-09T18:45:37.347+0800][272.856s] GC(414) Survivor regions: 4->9(33)
[2023-04-09T18:45:37.347+0800][272.856s] GC(414) Old regions: 130->131
[2023-04-09T18:45:37.347+0800][272.856s] GC(414) Humongous regions: 53->52
[2023-04-09T18:45:37.347+0800][272.856s] GC(414) Metaspace: 60730K(62576K)->60730K(62576K) NonClass: 53645K(54692K)->53645K(54692K) Class: 7085K(7884K)->7085K(7884K)
[2023-04-09T18:45:37.347+0800][272.856s] GC(414) Pause Young (Normal) (G1 Evacuation Pause) 442M->190M(512M) 2.304ms
[2023-04-09T18:45:37.347+0800][272.856s] GC(414) User=0.00s Sys=0.00s Real=0.00s
[2023-04-09T18:45:37.763+0800][273.272s] GC(415) Pause Young (Normal) (G1 Evacuation Pause)
[2023-04-09T18:45:37.763+0800][273.272s] GC(415) Using 8 workers of 8 for evacuation
[2023-04-09T18:45:37.765+0800][273.274s] GC(415)   Pre Evacuate Collection Set: 0.0ms
[2023-04-09T18:45:37.765+0800][273.274s] GC(415)   Evacuate Collection Set: 1.2ms
[2023-04-09T18:45:37.765+0800][273.274s] GC(415)   Post Evacuate Collection Set: 0.6ms
[2023-04-09T18:45:37.765+0800][273.274s] GC(415)   Other: 0.1ms
[2023-04-09T18:45:37.765+0800][273.274s] GC(415) Eden regions: 251->0(246)
[2023-04-09T18:45:37.765+0800][273.274s] GC(415) Survivor regions: 9->10(33)
[2023-04-09T18:45:37.765+0800][273.274s] GC(415) Old regions: 131->131
[2023-04-09T18:45:37.765+0800][273.274s] GC(415) Humongous regions: 67->59
[2023-04-09T18:45:37.765+0800][273.274s] GC(415) Metaspace: 60732K(62576K)->60732K(62576K) NonClass: 53646K(54692K)->53646K(54692K) Class: 7085K(7884K)->7085K(7884K)
[2023-04-09T18:45:37.765+0800][273.274s] GC(415) Pause Young (Normal) (G1 Evacuation Pause) 456M->198M(512M) 2.095ms
[2023-04-09T18:45:37.765+0800][273.274s] GC(415) User=0.00s Sys=0.00s Real=0.00s
[2023-04-09T18:45:38.231+0800][273.739s] GC(416) Pause Young (Normal) (G1 Evacuation Pause)
[2023-04-09T18:45:38.231+0800][273.739s] GC(416) Using 8 workers of 8 for evacuation
[2023-04-09T18:45:38.232+0800][273.741s] GC(416)   Pre Evacuate Collection Set: 0.0ms
[2023-04-09T18:45:38.233+0800][273.741s] GC(416)   Evacuate Collection Set: 1.2ms
[2023-04-09T18:45:38.233+0800][273.741s] GC(416)   Post Evacuate Collection Set: 0.5ms
[2023-04-09T18:45:38.233+0800][273.741s] GC(416)   Other: 0.2ms
[2023-04-09T18:45:38.233+0800][273.741s] GC(416) Eden regions: 246->0(245)
[2023-04-09T18:45:38.233+0800][273.741s] GC(416) Survivor regions: 10->11(32)
[2023-04-09T18:45:38.233+0800][273.741s] GC(416) Old regions: 131->131
[2023-04-09T18:45:38.233+0800][273.741s] GC(416) Humongous regions: 64->59
[2023-04-09T18:45:38.233+0800][273.741s] GC(416) Metaspace: 60732K(62576K)->60732K(62576K) NonClass: 53646K(54692K)->53646K(54692K) Class: 7085K(7884K)->7085K(7884K)
[2023-04-09T18:45:38.233+0800][273.741s] GC(416) Pause Young (Normal) (G1 Evacuation Pause) 449M->199M(512M) 2.266ms
[2023-04-09T18:45:38.233+0800][273.741s] GC(416) User=0.00s Sys=0.00s Real=0.00s
[2023-04-09T18:45:38.681+0800][274.189s] GC(417) Pause Young (Normal) (G1 Evacuation Pause)
[2023-04-09T18:45:38.681+0800][274.190s] GC(417) Using 8 workers of 8 for evacuation
[2023-04-09T18:45:38.682+0800][274.191s] GC(417)   Pre Evacuate Collection Set: 0.0ms
[2023-04-09T18:45:38.682+0800][274.191s] GC(417)   Evacuate Collection Set: 0.6ms
[2023-04-09T18:45:38.682+0800][274.191s] GC(417)   Post Evacuate Collection Set: 0.6ms
[2023-04-09T18:45:38.682+0800][274.191s] GC(417)   Other: 0.1ms
[2023-04-09T18:45:38.682+0800][274.191s] GC(417) Eden regions: 245->0(254)
[2023-04-09T18:45:38.682+0800][274.191s] GC(417) Survivor regions: 11->5(32)
[2023-04-09T18:45:38.682+0800][274.191s] GC(417) Old regions: 131->131
[2023-04-09T18:45:38.683+0800][274.191s] GC(417) Humongous regions: 60->51
[2023-04-09T18:45:38.683+0800][274.191s] GC(417) Metaspace: 60732K(62576K)->60732K(62576K) NonClass: 53646K(54692K)->53646K(54692K) Class: 7085K(7884K)->7085K(7884K)
[2023-04-09T18:45:38.683+0800][274.191s] GC(417) Pause Young (Normal) (G1 Evacuation Pause) 445M->185M(512M) 1.542ms
[2023-04-09T18:45:38.683+0800][274.191s] GC(417) User=0.00s Sys=0.00s Real=0.00s
[2023-04-09T18:45:39.059+0800][274.568s] GC(418) Pause Young (Normal) (G1 Evacuation Pause)
[2023-04-09T18:45:39.060+0800][274.568s] GC(418) Using 8 workers of 8 for evacuation
[2023-04-09T18:45:39.061+0800][274.570s] GC(418)   Pre Evacuate Collection Set: 0.0ms
[2023-04-09T18:45:39.061+0800][274.570s] GC(418)   Evacuate Collection Set: 1.0ms
[2023-04-09T18:45:39.061+0800][274.570s] GC(418)   Post Evacuate Collection Set: 0.6ms
[2023-04-09T18:45:39.061+0800][274.570s] GC(418)   Other: 0.2ms
[2023-04-09T18:45:39.061+0800][274.570s] GC(418) Eden regions: 254->0(251)
[2023-04-09T18:45:39.061+0800][274.570s] GC(418) Survivor regions: 5->9(33)
[2023-04-09T18:45:39.061+0800][274.570s] GC(418) Old regions: 131->131
[2023-04-09T18:45:39.061+0800][274.570s] GC(418) Humongous regions: 53->52
[2023-04-09T18:45:39.062+0800][274.570s] GC(418) Metaspace: 60732K(62576K)->60732K(62576K) NonClass: 53646K(54692K)->53646K(54692K) Class: 7085K(7884K)->7085K(7884K)
[2023-04-09T18:45:39.062+0800][274.570s] GC(418) Pause Young (Normal) (G1 Evacuation Pause) 441M->190M(512M) 2.038ms
[2023-04-09T18:45:39.062+0800][274.570s] GC(418) User=0.00s Sys=0.00s Real=0.00s
[2023-04-09T18:45:39.465+0800][274.974s] GC(419) Pause Young (Normal) (G1 Evacuation Pause)
[2023-04-09T18:45:39.465+0800][274.974s] GC(419) Using 8 workers of 8 for evacuation
[2023-04-09T18:45:39.467+0800][274.976s] GC(419)   Pre Evacuate Collection Set: 0.0ms
[2023-04-09T18:45:39.467+0800][274.976s] GC(419)   Evacuate Collection Set: 1.1ms
[2023-04-09T18:45:39.467+0800][274.976s] GC(419)   Post Evacuate Collection Set: 0.6ms
[2023-04-09T18:45:39.467+0800][274.976s] GC(419)   Other: 0.1ms
[2023-04-09T18:45:39.467+0800][274.976s] GC(419) Eden regions: 251->0(245)
[2023-04-09T18:45:39.467+0800][274.976s] GC(419) Survivor regions: 9->10(33)
[2023-04-09T18:45:39.467+0800][274.976s] GC(419) Old regions: 131->131
[2023-04-09T18:45:39.467+0800][274.976s] GC(419) Humongous regions: 71->59
[2023-04-09T18:45:39.467+0800][274.976s] GC(419) Metaspace: 60732K(62576K)->60732K(62576K) NonClass: 53646K(54692K)->53646K(54692K) Class: 7085K(7884K)->7085K(7884K)
[2023-04-09T18:45:39.467+0800][274.976s] GC(419) Pause Young (Normal) (G1 Evacuation Pause) 460M->199M(512M) 2.134ms
[2023-04-09T18:45:39.467+0800][274.976s] GC(419) User=0.00s Sys=0.00s Real=0.00s
[2023-04-09T18:45:39.974+0800][275.482s] GC(420) Pause Young (Normal) (G1 Evacuation Pause)
[2023-04-09T18:45:39.974+0800][275.482s] GC(420) Using 8 workers of 8 for evacuation
[2023-04-09T18:45:39.975+0800][275.484s] GC(420)   Pre Evacuate Collection Set: 0.0ms
[2023-04-09T18:45:39.975+0800][275.484s] GC(420)   Evacuate Collection Set: 1.1ms
[2023-04-09T18:45:39.975+0800][275.484s] GC(420)   Post Evacuate Collection Set: 0.5ms
[2023-04-09T18:45:39.976+0800][275.484s] GC(420)   Other: 0.1ms
[2023-04-09T18:45:39.976+0800][275.484s] GC(420) Eden regions: 245->0(245)
[2023-04-09T18:45:39.976+0800][275.484s] GC(420) Survivor regions: 10->11(32)
[2023-04-09T18:45:39.976+0800][275.484s] GC(420) Old regions: 131->131
[2023-04-09T18:45:39.976+0800][275.484s] GC(420) Humongous regions: 59->59
[2023-04-09T18:45:39.976+0800][275.484s] GC(420) Metaspace: 60732K(62576K)->60732K(62576K) NonClass: 53646K(54692K)->53646K(54692K) Class: 7085K(7884K)->7085K(7884K)
[2023-04-09T18:45:39.976+0800][275.485s] GC(420) Pause Young (Normal) (G1 Evacuation Pause) 444M->199M(512M) 2.060ms
[2023-04-09T18:45:39.976+0800][275.485s] GC(420) User=0.00s Sys=0.00s Real=0.00s
[2023-04-09T18:45:40.470+0800][275.978s] GC(421) Pause Young (Normal) (G1 Evacuation Pause)
[2023-04-09T18:45:40.470+0800][275.978s] GC(421) Using 8 workers of 8 for evacuation
[2023-04-09T18:45:40.471+0800][275.980s] GC(421)   Pre Evacuate Collection Set: 0.0ms
[2023-04-09T18:45:40.471+0800][275.980s] GC(421)   Evacuate Collection Set: 0.7ms
[2023-04-09T18:45:40.471+0800][275.980s] GC(421)   Post Evacuate Collection Set: 0.4ms
[2023-04-09T18:45:40.471+0800][275.980s] GC(421)   Other: 0.2ms
[2023-04-09T18:45:40.471+0800][275.980s] GC(421) Eden regions: 245->0(251)
[2023-04-09T18:45:40.471+0800][275.980s] GC(421) Survivor regions: 11->5(32)
[2023-04-09T18:45:40.471+0800][275.980s] GC(421) Old regions: 131->131
[2023-04-09T18:45:40.471+0800][275.980s] GC(421) Humongous regions: 60->51
[2023-04-09T18:45:40.471+0800][275.980s] GC(421) Metaspace: 60732K(62576K)->60732K(62576K) NonClass: 53647K(54692K)->53647K(54692K) Class: 7085K(7884K)->7085K(7884K)
[2023-04-09T18:45:40.471+0800][275.980s] GC(421) Pause Young (Normal) (G1 Evacuation Pause) 445M->185M(512M) 1.567ms
[2023-04-09T18:45:40.471+0800][275.980s] GC(421) User=0.00s Sys=0.00s Real=0.00s
[2023-04-09T18:45:40.896+0800][276.405s] GC(422) Pause Young (Normal) (G1 Evacuation Pause)
[2023-04-09T18:45:40.896+0800][276.405s] GC(422) Using 8 workers of 8 for evacuation
[2023-04-09T18:45:40.898+0800][276.406s] GC(422)   Pre Evacuate Collection Set: 0.0ms
[2023-04-09T18:45:40.898+0800][276.406s] GC(422)   Evacuate Collection Set: 1.0ms
[2023-04-09T18:45:40.898+0800][276.406s] GC(422)   Post Evacuate Collection Set: 0.5ms
[2023-04-09T18:45:40.898+0800][276.406s] GC(422)   Other: 0.1ms
[2023-04-09T18:45:40.898+0800][276.406s] GC(422) Eden regions: 251->0(248)
[2023-04-09T18:45:40.898+0800][276.406s] GC(422) Survivor regions: 5->9(32)
[2023-04-09T18:45:40.898+0800][276.406s] GC(422) Old regions: 131->131
[2023-04-09T18:45:40.898+0800][276.407s] GC(422) Humongous regions: 54->53
[2023-04-09T18:45:40.898+0800][276.407s] GC(422) Metaspace: 60732K(62576K)->60732K(62576K) NonClass: 53647K(54692K)->53647K(54692K) Class: 7085K(7884K)->7085K(7884K)
[2023-04-09T18:45:40.898+0800][276.407s] GC(422) Pause Young (Normal) (G1 Evacuation Pause) 439M->191M(512M) 1.800ms
[2023-04-09T18:45:40.898+0800][276.407s] GC(422) User=0.00s Sys=0.00s Real=0.00s
[2023-04-09T18:45:41.302+0800][276.810s] GC(423) Pause Young (Normal) (G1 Evacuation Pause)
[2023-04-09T18:45:41.302+0800][276.810s] GC(423) Using 8 workers of 8 for evacuation
[2023-04-09T18:45:41.304+0800][276.813s] GC(423)   Pre Evacuate Collection Set: 0.0ms
[2023-04-09T18:45:41.304+0800][276.813s] GC(423)   Evacuate Collection Set: 1.4ms
[2023-04-09T18:45:41.304+0800][276.813s] GC(423)   Post Evacuate Collection Set: 0.7ms
[2023-04-09T18:45:41.304+0800][276.813s] GC(423)   Other: 0.2ms
[2023-04-09T18:45:41.304+0800][276.813s] GC(423) Eden regions: 248->0(244)
[2023-04-09T18:45:41.304+0800][276.813s] GC(423) Survivor regions: 9->11(33)
[2023-04-09T18:45:41.304+0800][276.813s] GC(423) Old regions: 131->131
[2023-04-09T18:45:41.304+0800][276.813s] GC(423) Humongous regions: 71->59
[2023-04-09T18:45:41.304+0800][276.813s] GC(423) Metaspace: 60732K(62576K)->60732K(62576K) NonClass: 53647K(54692K)->53647K(54692K) Class: 7085K(7884K)->7085K(7884K)
[2023-04-09T18:45:41.304+0800][276.813s] GC(423) Pause Young (Normal) (G1 Evacuation Pause) 457M->199M(512M) 2.517ms
[2023-04-09T18:45:41.304+0800][276.813s] GC(423) User=0.00s Sys=0.00s Real=0.00s
[2023-04-09T18:45:41.878+0800][277.386s] GC(424) Pause Young (Normal) (G1 Evacuation Pause)
[2023-04-09T18:45:41.878+0800][277.386s] GC(424) Using 8 workers of 8 for evacuation
[2023-04-09T18:45:41.879+0800][277.388s] GC(424)   Pre Evacuate Collection Set: 0.0ms
[2023-04-09T18:45:41.879+0800][277.388s] GC(424)   Evacuate Collection Set: 1.1ms
[2023-04-09T18:45:41.879+0800][277.388s] GC(424)   Post Evacuate Collection Set: 0.5ms
[2023-04-09T18:45:41.879+0800][277.388s] GC(424)   Other: 0.1ms
[2023-04-09T18:45:41.879+0800][277.388s] GC(424) Eden regions: 244->0(246)
[2023-04-09T18:45:41.879+0800][277.388s] GC(424) Survivor regions: 11->10(32)
[2023-04-09T18:45:41.880+0800][277.388s] GC(424) Old regions: 131->131
[2023-04-09T18:45:41.880+0800][277.388s] GC(424) Humongous regions: 59->59
[2023-04-09T18:45:41.880+0800][277.388s] GC(424) Metaspace: 60732K(62576K)->60732K(62576K) NonClass: 53647K(54692K)->53647K(54692K) Class: 7085K(7884K)->7085K(7884K)
[2023-04-09T18:45:41.880+0800][277.388s] GC(424) Pause Young (Normal) (G1 Evacuation Pause) 443M->198M(512M) 2.050ms
[2023-04-09T18:45:41.880+0800][277.388s] GC(424) User=0.00s Sys=0.00s Real=0.00s
[2023-04-09T18:45:42.309+0800][277.817s] GC(425) Pause Young (Normal) (G1 Evacuation Pause)
[2023-04-09T18:45:42.309+0800][277.817s] GC(425) Using 8 workers of 8 for evacuation
[2023-04-09T18:45:42.310+0800][277.819s] GC(425)   Pre Evacuate Collection Set: 0.0ms
[2023-04-09T18:45:42.310+0800][277.819s] GC(425)   Evacuate Collection Set: 0.8ms
[2023-04-09T18:45:42.310+0800][277.819s] GC(425)   Post Evacuate Collection Set: 0.4ms
[2023-04-09T18:45:42.310+0800][277.819s] GC(425)   Other: 0.2ms
[2023-04-09T18:45:42.310+0800][277.819s] GC(425) Eden regions: 246->0(252)
[2023-04-09T18:45:42.310+0800][277.819s] GC(425) Survivor regions: 10->6(32)
[2023-04-09T18:45:42.310+0800][277.819s] GC(425) Old regions: 131->131
[2023-04-09T18:45:42.310+0800][277.819s] GC(425) Humongous regions: 60->51
[2023-04-09T18:45:42.310+0800][277.819s] GC(425) Metaspace: 60734K(62576K)->60734K(62576K) NonClass: 53648K(54692K)->53648K(54692K) Class: 7085K(7884K)->7085K(7884K)
[2023-04-09T18:45:42.310+0800][277.819s] GC(425) Pause Young (Normal) (G1 Evacuation Pause) 445M->186M(512M) 1.626ms
[2023-04-09T18:45:42.310+0800][277.819s] GC(425) User=0.00s Sys=0.00s Real=0.00s
[2023-04-09T18:45:42.701+0800][278.209s] GC(426) Pause Young (Normal) (G1 Evacuation Pause)
[2023-04-09T18:45:42.701+0800][278.209s] GC(426) Using 8 workers of 8 for evacuation
[2023-04-09T18:45:42.703+0800][278.211s] GC(426)   Pre Evacuate Collection Set: 0.0ms
[2023-04-09T18:45:42.703+0800][278.212s] GC(426)   Evacuate Collection Set: 1.4ms
[2023-04-09T18:45:42.703+0800][278.212s] GC(426)   Post Evacuate Collection Set: 0.6ms
[2023-04-09T18:45:42.703+0800][278.212s] GC(426)   Other: 0.2ms
[2023-04-09T18:45:42.703+0800][278.212s] GC(426) Eden regions: 252->0(249)
[2023-04-09T18:45:42.703+0800][278.212s] GC(426) Survivor regions: 6->10(33)
[2023-04-09T18:45:42.703+0800][278.212s] GC(426) Old regions: 131->131
[2023-04-09T18:45:42.703+0800][278.212s] GC(426) Humongous regions: 54->53
[2023-04-09T18:45:42.703+0800][278.212s] GC(426) Metaspace: 60734K(62576K)->60734K(62576K) NonClass: 53648K(54692K)->53648K(54692K) Class: 7085K(7884K)->7085K(7884K)
[2023-04-09T18:45:42.703+0800][278.212s] GC(426) Pause Young (Normal) (G1 Evacuation Pause) 441M->193M(512M) 2.458ms
[2023-04-09T18:45:42.703+0800][278.212s] GC(426) User=0.00s Sys=0.00s Real=0.00s
[2023-04-09T18:45:43.118+0800][278.627s] GC(427) Pause Young (Normal) (G1 Evacuation Pause)
[2023-04-09T18:45:43.118+0800][278.627s] GC(427) Using 8 workers of 8 for evacuation
[2023-04-09T18:45:43.121+0800][278.629s] GC(427)   Pre Evacuate Collection Set: 0.1ms
[2023-04-09T18:45:43.121+0800][278.630s] GC(427)   Evacuate Collection Set: 1.7ms
[2023-04-09T18:45:43.121+0800][278.630s] GC(427)   Post Evacuate Collection Set: 0.7ms
[2023-04-09T18:45:43.121+0800][278.630s] GC(427)   Other: 0.3ms
[2023-04-09T18:45:43.121+0800][278.630s] GC(427) Eden regions: 249->0(244)
[2023-04-09T18:45:43.121+0800][278.630s] GC(427) Survivor regions: 10->11(33)
[2023-04-09T18:45:43.121+0800][278.630s] GC(427) Old regions: 131->131
[2023-04-09T18:45:43.121+0800][278.630s] GC(427) Humongous regions: 71->59
[2023-04-09T18:45:43.121+0800][278.630s] GC(427) Metaspace: 60734K(62576K)->60734K(62576K) NonClass: 53648K(54692K)->53648K(54692K) Class: 7085K(7884K)->7085K(7884K)
[2023-04-09T18:45:43.121+0800][278.630s] GC(427) Pause Young (Normal) (G1 Evacuation Pause) 460M->199M(512M) 3.013ms
[2023-04-09T18:45:43.121+0800][278.630s] GC(427) User=0.02s Sys=0.02s Real=0.00s
[2023-04-09T18:45:43.570+0800][279.079s] GC(428) Pause Young (Normal) (G1 Evacuation Pause)
[2023-04-09T18:45:43.570+0800][279.079s] GC(428) Using 8 workers of 8 for evacuation
[2023-04-09T18:45:43.572+0800][279.081s] GC(428)   Pre Evacuate Collection Set: 0.1ms
[2023-04-09T18:45:43.572+0800][279.081s] GC(428)   Evacuate Collection Set: 1.1ms
[2023-04-09T18:45:43.572+0800][279.081s] GC(428)   Post Evacuate Collection Set: 0.5ms
[2023-04-09T18:45:43.572+0800][279.081s] GC(428)   Other: 0.2ms
[2023-04-09T18:45:43.572+0800][279.081s] GC(428) Eden regions: 244->0(245)
[2023-04-09T18:45:43.572+0800][279.081s] GC(428) Survivor regions: 11->11(32)
[2023-04-09T18:45:43.572+0800][279.081s] GC(428) Old regions: 131->131
[2023-04-09T18:45:43.572+0800][279.081s] GC(428) Humongous regions: 59->59
[2023-04-09T18:45:43.572+0800][279.081s] GC(428) Metaspace: 60734K(62576K)->60734K(62576K) NonClass: 53648K(54692K)->53648K(54692K) Class: 7085K(7884K)->7085K(7884K)
[2023-04-09T18:45:43.572+0800][279.081s] GC(428) Pause Young (Normal) (G1 Evacuation Pause) 443M->199M(512M) 2.191ms
[2023-04-09T18:45:43.572+0800][279.081s] GC(428) User=0.00s Sys=0.00s Real=0.00s
[2023-04-09T18:45:44.043+0800][279.551s] GC(429) Pause Young (Normal) (G1 Evacuation Pause)
[2023-04-09T18:45:44.043+0800][279.551s] GC(429) Using 8 workers of 8 for evacuation
[2023-04-09T18:45:44.044+0800][279.553s] GC(429)   Pre Evacuate Collection Set: 0.0ms
[2023-04-09T18:45:44.044+0800][279.553s] GC(429)   Evacuate Collection Set: 0.6ms
[2023-04-09T18:45:44.044+0800][279.553s] GC(429)   Post Evacuate Collection Set: 0.7ms
[2023-04-09T18:45:44.044+0800][279.553s] GC(429)   Other: 0.1ms
[2023-04-09T18:45:44.044+0800][279.553s] GC(429) Eden regions: 245->0(253)
[2023-04-09T18:45:44.044+0800][279.553s] GC(429) Survivor regions: 11->5(32)
[2023-04-09T18:45:44.044+0800][279.553s] GC(429) Old regions: 131->131
[2023-04-09T18:45:44.044+0800][279.553s] GC(429) Humongous regions: 60->51
[2023-04-09T18:45:44.044+0800][279.553s] GC(429) Metaspace: 60734K(62576K)->60734K(62576K) NonClass: 53648K(54692K)->53648K(54692K) Class: 7085K(7884K)->7085K(7884K)
[2023-04-09T18:45:44.044+0800][279.553s] GC(429) Pause Young (Normal) (G1 Evacuation Pause) 445M->186M(512M) 1.621ms
[2023-04-09T18:45:44.044+0800][279.553s] GC(429) User=0.00s Sys=0.00s Real=0.00s
[2023-04-09T18:45:44.441+0800][279.950s] GC(430) Pause Young (Normal) (G1 Evacuation Pause)
[2023-04-09T18:45:44.441+0800][279.950s] GC(430) Using 8 workers of 8 for evacuation
[2023-04-09T18:45:44.443+0800][279.952s] GC(430)   Pre Evacuate Collection Set: 0.0ms
[2023-04-09T18:45:44.443+0800][279.952s] GC(430)   Evacuate Collection Set: 1.0ms
[2023-04-09T18:45:44.443+0800][279.952s] GC(430)   Post Evacuate Collection Set: 0.6ms
[2023-04-09T18:45:44.443+0800][279.952s] GC(430)   Other: 0.2ms
[2023-04-09T18:45:44.443+0800][279.952s] GC(430) Eden regions: 253->0(248)
[2023-04-09T18:45:44.443+0800][279.952s] GC(430) Survivor regions: 5->10(33)
[2023-04-09T18:45:44.443+0800][279.952s] GC(430) Old regions: 131->131
[2023-04-09T18:45:44.443+0800][279.952s] GC(430) Humongous regions: 54->53
[2023-04-09T18:45:44.443+0800][279.952s] GC(430) Metaspace: 60734K(62576K)->60734K(62576K) NonClass: 53648K(54692K)->53648K(54692K) Class: 7085K(7884K)->7085K(7884K)
[2023-04-09T18:45:44.443+0800][279.952s] GC(430) Pause Young (Normal) (G1 Evacuation Pause) 442M->192M(512M) 2.004ms
[2023-04-09T18:45:44.443+0800][279.952s] GC(430) User=0.00s Sys=0.00s Real=0.00s
[2023-04-09T18:45:44.887+0800][280.395s] GC(431) Pause Young (Normal) (G1 Evacuation Pause)
[2023-04-09T18:45:44.887+0800][280.395s] GC(431) Using 8 workers of 8 for evacuation
[2023-04-09T18:45:44.889+0800][280.397s] GC(431)   Pre Evacuate Collection Set: 0.0ms
[2023-04-09T18:45:44.889+0800][280.397s] GC(431)   Evacuate Collection Set: 1.2ms
[2023-04-09T18:45:44.889+0800][280.397s] GC(431)   Post Evacuate Collection Set: 0.5ms
[2023-04-09T18:45:44.889+0800][280.397s] GC(431)   Other: 0.2ms
[2023-04-09T18:45:44.889+0800][280.397s] GC(431) Eden regions: 248->0(244)
[2023-04-09T18:45:44.889+0800][280.398s] GC(431) Survivor regions: 10->11(33)
[2023-04-09T18:45:44.889+0800][280.398s] GC(431) Old regions: 131->131
[2023-04-09T18:45:44.889+0800][280.398s] GC(431) Humongous regions: 71->59
[2023-04-09T18:45:44.889+0800][280.398s] GC(431) Metaspace: 60734K(62576K)->60734K(62576K) NonClass: 53648K(54692K)->53648K(54692K) Class: 7085K(7884K)->7085K(7884K)
[2023-04-09T18:45:44.889+0800][280.398s] GC(431) Pause Young (Normal) (G1 Evacuation Pause) 458M->199M(512M) 2.162ms
[2023-04-09T18:45:44.889+0800][280.398s] GC(431) User=0.00s Sys=0.00s Real=0.00s
[2023-04-09T18:45:45.423+0800][280.931s] GC(432) Pause Young (Normal) (G1 Evacuation Pause)
[2023-04-09T18:45:45.423+0800][280.931s] GC(432) Using 8 workers of 8 for evacuation
[2023-04-09T18:45:45.424+0800][280.932s] GC(432)   Pre Evacuate Collection Set: 0.1ms
[2023-04-09T18:45:45.424+0800][280.932s] GC(432)   Evacuate Collection Set: 0.3ms
[2023-04-09T18:45:45.424+0800][280.932s] GC(432)   Post Evacuate Collection Set: 0.5ms
[2023-04-09T18:45:45.424+0800][280.932s] GC(432)   Other: 0.2ms
[2023-04-09T18:45:45.424+0800][280.932s] GC(432) Eden regions: 244->0(259)
[2023-04-09T18:45:45.424+0800][280.932s] GC(432) Survivor regions: 11->1(32)
[2023-04-09T18:45:45.424+0800][280.932s] GC(432) Old regions: 131->131
[2023-04-09T18:45:45.424+0800][280.932s] GC(432) Humongous regions: 59->50
[2023-04-09T18:45:45.424+0800][280.932s] GC(432) Metaspace: 60734K(62576K)->60734K(62576K) NonClass: 53648K(54692K)->53648K(54692K) Class: 7085K(7884K)->7085K(7884K)
[2023-04-09T18:45:45.424+0800][280.932s] GC(432) Pause Young (Normal) (G1 Evacuation Pause) 443M->180M(512M) 1.200ms
[2023-04-09T18:45:45.424+0800][280.932s] GC(432) User=0.00s Sys=0.00s Real=0.00s
[2023-04-09T18:45:45.828+0800][281.338s] GC(433) Pause Young (Normal) (G1 Evacuation Pause)
[2023-04-09T18:45:45.828+0800][281.338s] GC(433) Using 8 workers of 8 for evacuation
[2023-04-09T18:45:45.830+0800][281.339s] GC(433)   Pre Evacuate Collection Set: 0.0ms
[2023-04-09T18:45:45.830+0800][281.339s] GC(433)   Evacuate Collection Set: 1.1ms
[2023-04-09T18:45:45.830+0800][281.339s] GC(433)   Post Evacuate Collection Set: 0.5ms
[2023-04-09T18:45:45.830+0800][281.339s] GC(433)   Other: 0.2ms
[2023-04-09T18:45:45.830+0800][281.339s] GC(433) Eden regions: 259->0(255)
[2023-04-09T18:45:45.830+0800][281.339s] GC(433) Survivor regions: 1->6(33)
[2023-04-09T18:45:45.830+0800][281.339s] GC(433) Old regions: 131->131
[2023-04-09T18:45:45.830+0800][281.339s] GC(433) Humongous regions: 51->51
[2023-04-09T18:45:45.830+0800][281.339s] GC(433) Metaspace: 60734K(62576K)->60734K(62576K) NonClass: 53648K(54692K)->53648K(54692K) Class: 7085K(7884K)->7085K(7884K)
[2023-04-09T18:45:45.830+0800][281.339s] GC(433) Pause Young (Normal) (G1 Evacuation Pause) 440M->186M(512M) 1.915ms
[2023-04-09T18:45:45.830+0800][281.340s] GC(433) User=0.00s Sys=0.00s Real=0.00s
[2023-04-09T18:45:46.238+0800][281.747s] GC(434) Pause Young (Normal) (G1 Evacuation Pause)
[2023-04-09T18:45:46.238+0800][281.747s] GC(434) Using 8 workers of 8 for evacuation
[2023-04-09T18:45:46.241+0800][281.750s] GC(434)   Pre Evacuate Collection Set: 0.1ms
[2023-04-09T18:45:46.241+0800][281.750s] GC(434)   Evacuate Collection Set: 1.4ms
[2023-04-09T18:45:46.241+0800][281.750s] GC(434)   Post Evacuate Collection Set: 0.6ms
[2023-04-09T18:45:46.241+0800][281.750s] GC(434)   Other: 0.2ms
[2023-04-09T18:45:46.241+0800][281.750s] GC(434) Eden regions: 255->0(249)
[2023-04-09T18:45:46.241+0800][281.750s] GC(434) Survivor regions: 6->11(33)
[2023-04-09T18:45:46.241+0800][281.750s] GC(434) Old regions: 131->131
[2023-04-09T18:45:46.241+0800][281.750s] GC(434) Humongous regions: 54->53
[2023-04-09T18:45:46.241+0800][281.750s] GC(434) Metaspace: 60734K(62576K)->60734K(62576K) NonClass: 53648K(54692K)->53648K(54692K) Class: 7085K(7884K)->7085K(7884K)
[2023-04-09T18:45:46.241+0800][281.750s] GC(434) Pause Young (Normal) (G1 Evacuation Pause) 444M->193M(512M) 2.518ms
[2023-04-09T18:45:46.241+0800][281.750s] GC(434) User=0.00s Sys=0.00s Real=0.00s
[2023-04-09T18:45:46.785+0800][282.294s] GC(435) Pause Young (Normal) (G1 Evacuation Pause)
[2023-04-09T18:45:46.785+0800][282.294s] GC(435) Using 8 workers of 8 for evacuation
[2023-04-09T18:45:46.787+0800][282.296s] GC(435)   Pre Evacuate Collection Set: 0.1ms
[2023-04-09T18:45:46.787+0800][282.296s] GC(435)   Evacuate Collection Set: 1.4ms
[2023-04-09T18:45:46.787+0800][282.296s] GC(435)   Post Evacuate Collection Set: 0.4ms
[2023-04-09T18:45:46.787+0800][282.296s] GC(435)   Other: 0.2ms
[2023-04-09T18:45:46.787+0800][282.296s] GC(435) Eden regions: 249->0(244)
[2023-04-09T18:45:46.787+0800][282.296s] GC(435) Survivor regions: 11->11(33)
[2023-04-09T18:45:46.787+0800][282.296s] GC(435) Old regions: 131->131
[2023-04-09T18:45:46.787+0800][282.296s] GC(435) Humongous regions: 71->59
[2023-04-09T18:45:46.787+0800][282.296s] GC(435) Metaspace: 60734K(62576K)->60734K(62576K) NonClass: 53648K(54692K)->53648K(54692K) Class: 7085K(7884K)->7085K(7884K)
[2023-04-09T18:45:46.787+0800][282.296s] GC(435) Pause Young (Normal) (G1 Evacuation Pause) 460M->199M(512M) 2.314ms
[2023-04-09T18:45:46.787+0800][282.296s] GC(435) User=0.00s Sys=0.00s Real=0.00s
[2023-04-09T18:45:47.247+0800][282.756s] GC(436) Pause Young (Normal) (G1 Evacuation Pause)
[2023-04-09T18:45:47.247+0800][282.756s] GC(436) Using 8 workers of 8 for evacuation
[2023-04-09T18:45:47.248+0800][282.757s] GC(436)   Pre Evacuate Collection Set: 0.0ms
[2023-04-09T18:45:47.248+0800][282.757s] GC(436)   Evacuate Collection Set: 0.4ms
[2023-04-09T18:45:47.248+0800][282.757s] GC(436)   Post Evacuate Collection Set: 0.3ms
[2023-04-09T18:45:47.248+0800][282.757s] GC(436)   Other: 0.2ms
[2023-04-09T18:45:47.248+0800][282.757s] GC(436) Eden regions: 244->0(258)
[2023-04-09T18:45:47.248+0800][282.757s] GC(436) Survivor regions: 11->2(32)
[2023-04-09T18:45:47.248+0800][282.757s] GC(436) Old regions: 131->131
[2023-04-09T18:45:47.248+0800][282.757s] GC(436) Humongous regions: 59->50
[2023-04-09T18:45:47.248+0800][282.757s] GC(436) Metaspace: 60749K(62576K)->60749K(62576K) NonClass: 53664K(54692K)->53664K(54692K) Class: 7085K(7884K)->7085K(7884K)
[2023-04-09T18:45:47.248+0800][282.757s] GC(436) Pause Young (Normal) (G1 Evacuation Pause) 443M->181M(512M) 1.041ms
[2023-04-09T18:45:47.248+0800][282.757s] GC(436) User=0.00s Sys=0.00s Real=0.00s
[2023-04-09T18:45:47.664+0800][283.173s] GC(437) Pause Young (Normal) (G1 Evacuation Pause)
[2023-04-09T18:45:47.664+0800][283.173s] GC(437) Using 8 workers of 8 for evacuation
[2023-04-09T18:45:47.665+0800][283.174s] GC(437)   Pre Evacuate Collection Set: 0.0ms
[2023-04-09T18:45:47.666+0800][283.174s] GC(437)   Evacuate Collection Set: 0.7ms
[2023-04-09T18:45:47.666+0800][283.174s] GC(437)   Post Evacuate Collection Set: 0.4ms
[2023-04-09T18:45:47.666+0800][283.174s] GC(437)   Other: 0.1ms
[2023-04-09T18:45:47.666+0800][283.174s] GC(437) Eden regions: 258->0(254)
[2023-04-09T18:45:47.666+0800][283.174s] GC(437) Survivor regions: 2->7(33)
[2023-04-09T18:45:47.666+0800][283.174s] GC(437) Old regions: 131->131
[2023-04-09T18:45:47.666+0800][283.174s] GC(437) Humongous regions: 53->52
[2023-04-09T18:45:47.666+0800][283.174s] GC(437) Metaspace: 60749K(62576K)->60749K(62576K) NonClass: 53664K(54692K)->53664K(54692K) Class: 7085K(7884K)->7085K(7884K)
[2023-04-09T18:45:47.666+0800][283.174s] GC(437) Pause Young (Normal) (G1 Evacuation Pause) 442M->188M(512M) 1.612ms
[2023-04-09T18:45:47.666+0800][283.174s] GC(437) User=0.00s Sys=0.00s Real=0.00s
[2023-04-09T18:45:48.054+0800][283.563s] GC(438) Pause Young (Normal) (G1 Evacuation Pause)
[2023-04-09T18:45:48.054+0800][283.563s] GC(438) Using 8 workers of 8 for evacuation
[2023-04-09T18:45:48.055+0800][283.565s] GC(438)   Pre Evacuate Collection Set: 0.0ms
[2023-04-09T18:45:48.055+0800][283.565s] GC(438)   Evacuate Collection Set: 1.0ms
[2023-04-09T18:45:48.055+0800][283.565s] GC(438)   Post Evacuate Collection Set: 0.4ms
[2023-04-09T18:45:48.055+0800][283.565s] GC(438)   Other: 0.2ms
[2023-04-09T18:45:48.055+0800][283.565s] GC(438) Eden regions: 254->0(248)
[2023-04-09T18:45:48.055+0800][283.565s] GC(438) Survivor regions: 7->9(33)
[2023-04-09T18:45:48.055+0800][283.565s] GC(438) Old regions: 131->131
[2023-04-09T18:45:48.055+0800][283.565s] GC(438) Humongous regions: 58->58
[2023-04-09T18:45:48.056+0800][283.565s] GC(438) Metaspace: 60749K(62576K)->60749K(62576K) NonClass: 53664K(54692K)->53664K(54692K) Class: 7085K(7884K)->7085K(7884K)
[2023-04-09T18:45:48.056+0800][283.565s] GC(438) Pause Young (Normal) (G1 Evacuation Pause) 448M->196M(512M) 1.884ms
[2023-04-09T18:45:48.056+0800][283.565s] GC(438) User=0.00s Sys=0.00s Real=0.00s
[2023-04-09T18:45:48.635+0800][284.144s] GC(439) Pause Young (Normal) (G1 Evacuation Pause)
[2023-04-09T18:45:48.635+0800][284.144s] GC(439) Using 8 workers of 8 for evacuation
[2023-04-09T18:45:48.637+0800][284.146s] GC(439)   Pre Evacuate Collection Set: 0.1ms
[2023-04-09T18:45:48.637+0800][284.146s] GC(439)   Evacuate Collection Set: 1.3ms
[2023-04-09T18:45:48.637+0800][284.146s] GC(439)   Post Evacuate Collection Set: 0.5ms
[2023-04-09T18:45:48.637+0800][284.146s] GC(439)   Other: 0.2ms
[2023-04-09T18:45:48.637+0800][284.146s] GC(439) Eden regions: 248->0(246)
[2023-04-09T18:45:48.637+0800][284.146s] GC(439) Survivor regions: 9->10(33)
[2023-04-09T18:45:48.637+0800][284.146s] GC(439) Old regions: 131->131
[2023-04-09T18:45:48.637+0800][284.146s] GC(439) Humongous regions: 71->59
[2023-04-09T18:45:48.637+0800][284.146s] GC(439) Metaspace: 60749K(62576K)->60749K(62576K) NonClass: 53664K(54692K)->53664K(54692K) Class: 7085K(7884K)->7085K(7884K)
[2023-04-09T18:45:48.637+0800][284.146s] GC(439) Pause Young (Normal) (G1 Evacuation Pause) 457M->199M(512M) 2.305ms
[2023-04-09T18:45:48.637+0800][284.146s] GC(439) User=0.08s Sys=0.00s Real=0.00s
[2023-04-09T18:45:49.062+0800][284.571s] GC(440) Pause Young (Normal) (G1 Evacuation Pause)
[2023-04-09T18:45:49.062+0800][284.571s] GC(440) Using 8 workers of 8 for evacuation
[2023-04-09T18:45:49.063+0800][284.572s] GC(440)   Pre Evacuate Collection Set: 0.0ms
[2023-04-09T18:45:49.063+0800][284.572s] GC(440)   Evacuate Collection Set: 0.4ms
[2023-04-09T18:45:49.063+0800][284.572s] GC(440)   Post Evacuate Collection Set: 0.6ms
[2023-04-09T18:45:49.063+0800][284.572s] GC(440)   Other: 0.1ms
[2023-04-09T18:45:49.063+0800][284.572s] GC(440) Eden regions: 246->0(259)
[2023-04-09T18:45:49.063+0800][284.572s] GC(440) Survivor regions: 10->3(32)
[2023-04-09T18:45:49.063+0800][284.572s] GC(440) Old regions: 131->131
[2023-04-09T18:45:49.063+0800][284.572s] GC(440) Humongous regions: 59->50
[2023-04-09T18:45:49.063+0800][284.573s] GC(440) Metaspace: 60750K(62576K)->60750K(62576K) NonClass: 53665K(54692K)->53665K(54692K) Class: 7085K(7884K)->7085K(7884K)
[2023-04-09T18:45:49.063+0800][284.573s] GC(440) Pause Young (Normal) (G1 Evacuation Pause) 445M->182M(512M) 1.317ms
[2023-04-09T18:45:49.063+0800][284.573s] GC(440) User=0.00s Sys=0.00s Real=0.00s
[2023-04-09T18:53:49.948+0800][765.457s] GC(441) Pause Young (Normal) (G1 Evacuation Pause)
[2023-04-09T18:53:49.948+0800][765.457s] GC(441) Using 8 workers of 8 for evacuation
[2023-04-09T18:53:49.949+0800][765.459s] GC(441)   Pre Evacuate Collection Set: 0.1ms
[2023-04-09T18:53:49.949+0800][765.459s] GC(441)   Evacuate Collection Set: 0.8ms
[2023-04-09T18:53:49.949+0800][765.459s] GC(441)   Post Evacuate Collection Set: 0.6ms
[2023-04-09T18:53:49.949+0800][765.459s] GC(441)   Other: 0.3ms
[2023-04-09T18:53:49.949+0800][765.459s] GC(441) Eden regions: 259->0(263)
[2023-04-09T18:53:49.949+0800][765.459s] GC(441) Survivor regions: 3->1(33)
[2023-04-09T18:53:49.949+0800][765.459s] GC(441) Old regions: 131->131
[2023-04-09T18:53:49.949+0800][765.459s] GC(441) Humongous regions: 51->50
[2023-04-09T18:53:49.949+0800][765.459s] GC(441) Metaspace: 61201K(63216K)->61201K(63216K) NonClass: 54057K(55204K)->54057K(55204K) Class: 7144K(8012K)->7144K(8012K)
[2023-04-09T18:53:49.949+0800][765.459s] GC(441) Pause Young (Normal) (G1 Evacuation Pause) 442M->180M(512M) 1.881ms
[2023-04-09T18:53:49.949+0800][765.459s] GC(441) User=0.11s Sys=0.00s Real=0.00s
[2023-04-09T19:12:18.388+0800][1873.897s] GC(442) Pause Young (Normal) (G1 Evacuation Pause)
[2023-04-09T19:12:18.388+0800][1873.897s] GC(442) Using 8 workers of 8 for evacuation
[2023-04-09T19:12:18.393+0800][1873.902s] GC(442)   Pre Evacuate Collection Set: 0.1ms
[2023-04-09T19:12:18.393+0800][1873.902s] GC(442)   Evacuate Collection Set: 3.6ms
[2023-04-09T19:12:18.393+0800][1873.902s] GC(442)   Post Evacuate Collection Set: 1.0ms
[2023-04-09T19:12:18.393+0800][1873.902s] GC(442)   Other: 0.3ms
[2023-04-09T19:12:18.393+0800][1873.902s] GC(442) Eden regions: 263->0(234)
[2023-04-09T19:12:18.393+0800][1873.902s] GC(442) Survivor regions: 1->15(33)
[2023-04-09T19:12:18.393+0800][1873.902s] GC(442) Old regions: 131->131
[2023-04-09T19:12:18.393+0800][1873.902s] GC(442) Humongous regions: 91->60
[2023-04-09T19:12:18.393+0800][1873.902s] GC(442) Metaspace: 62218K(64368K)->62218K(64368K) NonClass: 54990K(56228K)->54990K(56228K) Class: 7228K(8140K)->7228K(8140K)
[2023-04-09T19:12:18.393+0800][1873.902s] GC(442) Pause Young (Normal) (G1 Evacuation Pause) 484M->204M(512M) 5.132ms
[2023-04-09T19:12:18.393+0800][1873.902s] GC(442) User=0.00s Sys=0.00s Real=0.00s
[2023-04-09T19:12:18.667+0800][1874.176s] GC(443) Pause Young (Concurrent Start) (G1 Humongous Allocation)
[2023-04-09T19:12:18.667+0800][1874.177s] GC(443) Using 8 workers of 8 for evacuation
[2023-04-09T19:12:18.673+0800][1874.182s] GC(443)   Pre Evacuate Collection Set: 0.2ms
[2023-04-09T19:12:18.673+0800][1874.182s] GC(443)   Evacuate Collection Set: 4.5ms
[2023-04-09T19:12:18.673+0800][1874.182s] GC(443)   Post Evacuate Collection Set: 0.9ms
[2023-04-09T19:12:18.673+0800][1874.182s] GC(443)   Other: 0.3ms
[2023-04-09T19:12:18.673+0800][1874.182s] GC(443) Eden regions: 108->0(220)
[2023-04-09T19:12:18.673+0800][1874.182s] GC(443) Survivor regions: 15->20(32)
[2023-04-09T19:12:18.673+0800][1874.182s] GC(443) Old regions: 131->131
[2023-04-09T19:12:18.673+0800][1874.182s] GC(443) Humongous regions: 100->69
[2023-04-09T19:12:18.673+0800][1874.182s] GC(443) Metaspace: 62218K(64368K)->62218K(64368K) NonClass: 54990K(56228K)->54990K(56228K) Class: 7228K(8140K)->7228K(8140K)
[2023-04-09T19:12:18.673+0800][1874.182s] GC(443) Pause Young (Concurrent Start) (G1 Humongous Allocation) 351M->218M(512M) 5.986ms
[2023-04-09T19:12:18.673+0800][1874.182s] GC(443) User=0.03s Sys=0.00s Real=0.01s
[2023-04-09T19:12:18.673+0800][1874.183s] GC(444) Concurrent Cycle
[2023-04-09T19:12:18.673+0800][1874.183s] GC(444) Concurrent Clear Claimed Marks
[2023-04-09T19:12:18.674+0800][1874.183s] GC(444) Concurrent Clear Claimed Marks 0.236ms
[2023-04-09T19:12:18.674+0800][1874.183s] GC(444) Concurrent Scan Root Regions
[2023-04-09T19:12:18.676+0800][1874.185s] GC(444) Concurrent Scan Root Regions 2.155ms
[2023-04-09T19:12:18.676+0800][1874.185s] GC(444) Concurrent Mark (1874.185s)
[2023-04-09T19:12:18.676+0800][1874.185s] GC(444) Concurrent Mark From Roots
[2023-04-09T19:12:18.676+0800][1874.185s] GC(444) Using 2 workers of 2 for marking
[2023-04-09T19:12:18.702+0800][1874.211s] GC(444) Concurrent Mark From Roots 25.939ms
[2023-04-09T19:12:18.702+0800][1874.211s] GC(444) Concurrent Preclean
[2023-04-09T19:12:18.702+0800][1874.212s] GC(444) Concurrent Preclean 0.419ms
[2023-04-09T19:12:18.702+0800][1874.212s] GC(444) Concurrent Mark (1874.185s, 1874.212s) 26.478ms
[2023-04-09T19:12:18.703+0800][1874.212s] GC(444) Pause Remark
[2023-04-09T19:12:18.711+0800][1874.220s] GC(444) Cleaned string and symbol table, strings: 29353 processed, 1479 removed, symbols: 172482 processed, 8 removed
[2023-04-09T19:12:18.712+0800][1874.221s] GC(444) Pause Remark 244M->154M(512M) 9.537ms
[2023-04-09T19:12:18.712+0800][1874.221s] GC(444) User=0.00s Sys=0.00s Real=0.01s
[2023-04-09T19:12:18.712+0800][1874.222s] GC(444) Concurrent Rebuild Remembered Sets
[2023-04-09T19:12:18.726+0800][1874.235s] GC(444) Concurrent Rebuild Remembered Sets 13.614ms
[2023-04-09T19:12:18.726+0800][1874.235s] GC(444) Pause Cleanup
[2023-04-09T19:12:18.726+0800][1874.236s] GC(444) Pause Cleanup 160M->160M(512M) 0.139ms
[2023-04-09T19:12:18.726+0800][1874.236s] GC(444) User=0.00s Sys=0.00s Real=0.00s
[2023-04-09T19:12:18.727+0800][1874.236s] GC(444) Concurrent Cleanup for Next Mark
[2023-04-09T19:12:18.729+0800][1874.238s] GC(444) Concurrent Cleanup for Next Mark 2.607ms
[2023-04-09T19:12:18.729+0800][1874.238s] GC(444) Concurrent Cycle 55.746ms
[2023-04-09T19:12:19.156+0800][1874.664s] GC(445) Pause Young (Prepare Mixed) (G1 Evacuation Pause)
[2023-04-09T19:12:19.156+0800][1874.664s] GC(445) Using 8 workers of 8 for evacuation
[2023-04-09T19:12:19.163+0800][1874.671s] GC(445)   Pre Evacuate Collection Set: 0.0ms
[2023-04-09T19:12:19.163+0800][1874.671s] GC(445)   Evacuate Collection Set: 6.3ms
[2023-04-09T19:12:19.163+0800][1874.672s] GC(445)   Post Evacuate Collection Set: 0.6ms
[2023-04-09T19:12:19.163+0800][1874.672s] GC(445)   Other: 0.2ms
[2023-04-09T19:12:19.163+0800][1874.672s] GC(445) Eden regions: 220->0(2)
[2023-04-09T19:12:19.163+0800][1874.672s] GC(445) Survivor regions: 20->23(30)
[2023-04-09T19:12:19.163+0800][1874.672s] GC(445) Old regions: 87->99
[2023-04-09T19:12:19.163+0800][1874.672s] GC(445) Humongous regions: 68->25
[2023-04-09T19:12:19.163+0800][1874.672s] GC(445) Metaspace: 61232K(64368K)->61232K(64368K) NonClass: 54274K(56228K)->54274K(56228K) Class: 6958K(8140K)->6958K(8140K)
[2023-04-09T19:12:19.163+0800][1874.672s] GC(445) Pause Young (Prepare Mixed) (G1 Evacuation Pause) 393M->145M(512M) 7.388ms
[2023-04-09T19:12:19.163+0800][1874.672s] GC(445) User=0.00s Sys=0.00s Real=0.01s
[2023-04-09T19:12:19.169+0800][1874.677s] GC(446) Pause Young (Mixed) (G1 Evacuation Pause)
[2023-04-09T19:12:19.169+0800][1874.677s] GC(446) Using 8 workers of 8 for evacuation
[2023-04-09T19:12:19.172+0800][1874.681s] GC(446)   Pre Evacuate Collection Set: 0.0ms
[2023-04-09T19:12:19.172+0800][1874.681s] GC(446)   Evacuate Collection Set: 3.0ms
[2023-04-09T19:12:19.173+0800][1874.681s] GC(446)   Post Evacuate Collection Set: 0.5ms
[2023-04-09T19:12:19.173+0800][1874.681s] GC(446)   Other: 0.3ms
[2023-04-09T19:12:19.173+0800][1874.681s] GC(446) Eden regions: 2->0(293)
[2023-04-09T19:12:19.173+0800][1874.681s] GC(446) Survivor regions: 23->1(4)
[2023-04-09T19:12:19.173+0800][1874.681s] GC(446) Old regions: 99->90
[2023-04-09T19:12:19.173+0800][1874.681s] GC(446) Humongous regions: 32->32
[2023-04-09T19:12:19.173+0800][1874.681s] GC(446) Metaspace: 61232K(64368K)->61232K(64368K) NonClass: 54274K(56228K)->54274K(56228K) Class: 6958K(8140K)->6958K(8140K)
[2023-04-09T19:12:19.173+0800][1874.681s] GC(446) Pause Young (Mixed) (G1 Evacuation Pause) 154M->121M(512M) 4.026ms
[2023-04-09T19:12:19.173+0800][1874.681s] GC(446) User=0.00s Sys=0.00s Real=0.00s
[2023-04-09T19:12:19.602+0800][1875.111s] GC(447) Pause Young (Normal) (G1 Evacuation Pause)
[2023-04-09T19:12:19.602+0800][1875.111s] GC(447) Using 8 workers of 8 for evacuation
[2023-04-09T19:12:19.604+0800][1875.113s] GC(447)   Pre Evacuate Collection Set: 0.0ms
[2023-04-09T19:12:19.604+0800][1875.113s] GC(447)   Evacuate Collection Set: 1.3ms
[2023-04-09T19:12:19.604+0800][1875.113s] GC(447)   Post Evacuate Collection Set: 0.6ms
[2023-04-09T19:12:19.604+0800][1875.113s] GC(447)   Other: 0.2ms
[2023-04-09T19:12:19.604+0800][1875.113s] GC(447) Eden regions: 293->0(282)
[2023-04-09T19:12:19.604+0800][1875.113s] GC(447) Survivor regions: 1->9(37)
[2023-04-09T19:12:19.604+0800][1875.113s] GC(447) Old regions: 90->90
[2023-04-09T19:12:19.604+0800][1875.113s] GC(447) Humongous regions: 103->42
[2023-04-09T19:12:19.604+0800][1875.113s] GC(447) Metaspace: 61236K(64368K)->61236K(64368K) NonClass: 54277K(56228K)->54277K(56228K) Class: 6958K(8140K)->6958K(8140K)
[2023-04-09T19:12:19.604+0800][1875.113s] GC(447) Pause Young (Normal) (G1 Evacuation Pause) 485M->139M(512M) 2.372ms
[2023-04-09T19:12:19.604+0800][1875.113s] GC(447) User=0.00s Sys=0.00s Real=0.00s
[2023-04-09T19:12:19.823+0800][1875.331s] GC(448) Pause Young (Normal) (G1 Evacuation Pause)
[2023-04-09T19:12:19.823+0800][1875.331s] GC(448) Using 8 workers of 8 for evacuation
[2023-04-09T19:12:19.825+0800][1875.333s] GC(448)   Pre Evacuate Collection Set: 0.0ms
[2023-04-09T19:12:19.825+0800][1875.333s] GC(448)   Evacuate Collection Set: 1.6ms
[2023-04-09T19:12:19.825+0800][1875.333s] GC(448)   Post Evacuate Collection Set: 0.4ms
[2023-04-09T19:12:19.825+0800][1875.333s] GC(448)   Other: 0.2ms
[2023-04-09T19:12:19.825+0800][1875.333s] GC(448) Eden regions: 282->0(281)
[2023-04-09T19:12:19.825+0800][1875.334s] GC(448) Survivor regions: 9->14(37)
[2023-04-09T19:12:19.825+0800][1875.334s] GC(448) Old regions: 90->90
[2023-04-09T19:12:19.825+0800][1875.334s] GC(448) Humongous regions: 70->42
[2023-04-09T19:12:19.825+0800][1875.334s] GC(448) Metaspace: 61236K(64368K)->61236K(64368K) NonClass: 54277K(56228K)->54277K(56228K) Class: 6958K(8140K)->6958K(8140K)
[2023-04-09T19:12:19.825+0800][1875.334s] GC(448) Pause Young (Normal) (G1 Evacuation Pause) 449M->144M(512M) 2.356ms
[2023-04-09T19:12:19.825+0800][1875.334s] GC(448) User=0.12s Sys=0.00s Real=0.00s
[2023-04-09T19:12:20.075+0800][1875.585s] GC(449) Pause Young (Normal) (G1 Evacuation Pause)
[2023-04-09T19:12:20.075+0800][1875.585s] GC(449) Using 8 workers of 8 for evacuation
[2023-04-09T19:12:20.080+0800][1875.589s] GC(449)   Pre Evacuate Collection Set: 0.0ms
[2023-04-09T19:12:20.080+0800][1875.589s] GC(449)   Evacuate Collection Set: 3.6ms
[2023-04-09T19:12:20.080+0800][1875.589s] GC(449)   Post Evacuate Collection Set: 0.5ms
[2023-04-09T19:12:20.080+0800][1875.589s] GC(449)   Other: 0.2ms
[2023-04-09T19:12:20.080+0800][1875.589s] GC(449) Eden regions: 281->0(276)
[2023-04-09T19:12:20.080+0800][1875.589s] GC(449) Survivor regions: 14->22(37)
[2023-04-09T19:12:20.080+0800][1875.589s] GC(449) Old regions: 90->90
[2023-04-09T19:12:20.080+0800][1875.589s] GC(449) Humongous regions: 70->42
[2023-04-09T19:12:20.080+0800][1875.589s] GC(449) Metaspace: 61241K(64368K)->61241K(64368K) NonClass: 54283K(56228K)->54283K(56228K) Class: 6958K(8140K)->6958K(8140K)
[2023-04-09T19:12:20.080+0800][1875.589s] GC(449) Pause Young (Normal) (G1 Evacuation Pause) 453M->152M(512M) 4.630ms
[2023-04-09T19:12:20.080+0800][1875.589s] GC(449) User=0.00s Sys=0.00s Real=0.00s
[2023-04-09T19:12:20.386+0800][1875.895s] GC(450) Pause Young (Normal) (G1 Evacuation Pause)
[2023-04-09T19:12:20.386+0800][1875.895s] GC(450) Using 8 workers of 8 for evacuation
[2023-04-09T19:12:20.390+0800][1875.899s] GC(450)   Pre Evacuate Collection Set: 0.0ms
[2023-04-09T19:12:20.390+0800][1875.899s] GC(450)   Evacuate Collection Set: 3.4ms
[2023-04-09T19:12:20.390+0800][1875.899s] GC(450)   Post Evacuate Collection Set: 0.5ms
[2023-04-09T19:12:20.390+0800][1875.899s] GC(450)   Other: 0.2ms
[2023-04-09T19:12:20.390+0800][1875.899s] GC(450) Eden regions: 276->0(258)
[2023-04-09T19:12:20.390+0800][1875.899s] GC(450) Survivor regions: 22->23(38)
[2023-04-09T19:12:20.390+0800][1875.899s] GC(450) Old regions: 90->96
[2023-04-09T19:12:20.390+0800][1875.899s] GC(450) Humongous regions: 75->56
[2023-04-09T19:12:20.390+0800][1875.899s] GC(450) Metaspace: 61241K(64368K)->61241K(64368K) NonClass: 54283K(56228K)->54283K(56228K) Class: 6958K(8140K)->6958K(8140K)
[2023-04-09T19:12:20.390+0800][1875.899s] GC(450) Pause Young (Normal) (G1 Evacuation Pause) 461M->173M(512M) 4.385ms
[2023-04-09T19:12:20.390+0800][1875.900s] GC(450) User=0.00s Sys=0.00s Real=0.00s
[2023-04-09T19:12:20.617+0800][1876.126s] GC(451) Pause Young (Normal) (G1 Evacuation Pause)
[2023-04-09T19:12:20.617+0800][1876.126s] GC(451) Using 8 workers of 8 for evacuation
[2023-04-09T19:12:20.621+0800][1876.130s] GC(451)   Pre Evacuate Collection Set: 0.0ms
[2023-04-09T19:12:20.622+0800][1876.130s] GC(451)   Evacuate Collection Set: 3.5ms
[2023-04-09T19:12:20.622+0800][1876.130s] GC(451)   Post Evacuate Collection Set: 0.4ms
[2023-04-09T19:12:20.622+0800][1876.130s] GC(451)   Other: 0.2ms
[2023-04-09T19:12:20.622+0800][1876.130s] GC(451) Eden regions: 258->0(252)
[2023-04-09T19:12:20.622+0800][1876.130s] GC(451) Survivor regions: 23->23(36)
[2023-04-09T19:12:20.622+0800][1876.130s] GC(451) Old regions: 96->103
[2023-04-09T19:12:20.622+0800][1876.130s] GC(451) Humongous regions: 78->56
[2023-04-09T19:12:20.622+0800][1876.130s] GC(451) Metaspace: 61241K(64368K)->61241K(64368K) NonClass: 54283K(56228K)->54283K(56228K) Class: 6958K(8140K)->6958K(8140K)
[2023-04-09T19:12:20.622+0800][1876.130s] GC(451) Pause Young (Normal) (G1 Evacuation Pause) 453M->180M(512M) 4.310ms
[2023-04-09T19:12:20.622+0800][1876.130s] GC(451) User=0.09s Sys=0.02s Real=0.00s
[2023-04-09T19:12:20.868+0800][1876.377s] GC(452) Pause Young (Normal) (G1 Evacuation Pause)
[2023-04-09T19:12:20.868+0800][1876.377s] GC(452) Using 8 workers of 8 for evacuation
[2023-04-09T19:12:20.872+0800][1876.382s] GC(452)   Pre Evacuate Collection Set: 0.0ms
[2023-04-09T19:12:20.872+0800][1876.382s] GC(452)   Evacuate Collection Set: 3.6ms
[2023-04-09T19:12:20.872+0800][1876.382s] GC(452)   Post Evacuate Collection Set: 0.6ms
[2023-04-09T19:12:20.872+0800][1876.382s] GC(452)   Other: 0.3ms
[2023-04-09T19:12:20.872+0800][1876.382s] GC(452) Eden regions: 252->0(239)
[2023-04-09T19:12:20.872+0800][1876.382s] GC(452) Survivor regions: 23->27(35)
[2023-04-09T19:12:20.872+0800][1876.382s] GC(452) Old regions: 103->108
[2023-04-09T19:12:20.873+0800][1876.382s] GC(452) Humongous regions: 98->56
[2023-04-09T19:12:20.873+0800][1876.382s] GC(452) Metaspace: 61241K(64368K)->61241K(64368K) NonClass: 54283K(56228K)->54283K(56228K) Class: 6958K(8140K)->6958K(8140K)
[2023-04-09T19:12:20.873+0800][1876.382s] GC(452) Pause Young (Normal) (G1 Evacuation Pause) 474M->190M(512M) 4.704ms
[2023-04-09T19:12:20.873+0800][1876.382s] GC(452) User=0.11s Sys=0.00s Real=0.00s
[2023-04-09T19:12:21.140+0800][1876.649s] GC(453) Pause Young (Normal) (G1 Evacuation Pause)
[2023-04-09T19:12:21.140+0800][1876.649s] GC(453) Using 8 workers of 8 for evacuation
[2023-04-09T19:12:21.144+0800][1876.653s] GC(453)   Pre Evacuate Collection Set: 0.0ms
[2023-04-09T19:12:21.144+0800][1876.653s] GC(453)   Evacuate Collection Set: 3.6ms
[2023-04-09T19:12:21.144+0800][1876.653s] GC(453)   Post Evacuate Collection Set: 0.4ms
[2023-04-09T19:12:21.144+0800][1876.653s] GC(453)   Other: 0.2ms
[2023-04-09T19:12:21.144+0800][1876.653s] GC(453) Eden regions: 239->0(223)
[2023-04-09T19:12:21.144+0800][1876.653s] GC(453) Survivor regions: 27->19(34)
[2023-04-09T19:12:21.144+0800][1876.653s] GC(453) Old regions: 108->120
[2023-04-09T19:12:21.144+0800][1876.653s] GC(453) Humongous regions: 97->69
[2023-04-09T19:12:21.144+0800][1876.653s] GC(453) Metaspace: 61241K(64368K)->61241K(64368K) NonClass: 54283K(56228K)->54283K(56228K) Class: 6958K(8140K)->6958K(8140K)
[2023-04-09T19:12:21.144+0800][1876.653s] GC(453) Pause Young (Normal) (G1 Evacuation Pause) 470M->207M(512M) 4.441ms
[2023-04-09T19:12:21.144+0800][1876.653s] GC(453) User=0.00s Sys=0.00s Real=0.00s
[2023-04-09T19:12:21.434+0800][1876.943s] GC(454) Pause Young (Normal) (G1 Evacuation Pause)
[2023-04-09T19:12:21.434+0800][1876.943s] GC(454) Using 8 workers of 8 for evacuation
[2023-04-09T19:12:21.438+0800][1876.946s] GC(454)   Pre Evacuate Collection Set: 0.0ms
[2023-04-09T19:12:21.438+0800][1876.946s] GC(454)   Evacuate Collection Set: 3.0ms
[2023-04-09T19:12:21.438+0800][1876.946s] GC(454)   Post Evacuate Collection Set: 0.5ms
[2023-04-09T19:12:21.438+0800][1876.946s] GC(454)   Other: 0.1ms
[2023-04-09T19:12:21.438+0800][1876.946s] GC(454) Eden regions: 223->0(218)
[2023-04-09T19:12:21.438+0800][1876.946s] GC(454) Survivor regions: 19->16(31)
[2023-04-09T19:12:21.438+0800][1876.947s] GC(454) Old regions: 120->130
[2023-04-09T19:12:21.438+0800][1876.947s] GC(454) Humongous regions: 97->69
[2023-04-09T19:12:21.438+0800][1876.947s] GC(454) Metaspace: 61241K(64368K)->61241K(64368K) NonClass: 54283K(56228K)->54283K(56228K) Class: 6958K(8140K)->6958K(8140K)
[2023-04-09T19:12:21.438+0800][1876.947s] GC(454) Pause Young (Normal) (G1 Evacuation Pause) 458M->213M(512M) 3.832ms
[2023-04-09T19:12:21.438+0800][1876.947s] GC(454) User=0.00s Sys=0.00s Real=0.00s
[2023-04-09T19:12:21.635+0800][1877.143s] GC(455) Pause Young (Normal) (G1 Evacuation Pause)
[2023-04-09T19:12:21.635+0800][1877.143s] GC(455) Using 8 workers of 8 for evacuation
[2023-04-09T19:12:21.638+0800][1877.146s] GC(455)   Pre Evacuate Collection Set: 0.0ms
[2023-04-09T19:12:21.638+0800][1877.146s] GC(455)   Evacuate Collection Set: 2.4ms
[2023-04-09T19:12:21.638+0800][1877.146s] GC(455)   Post Evacuate Collection Set: 0.5ms
[2023-04-09T19:12:21.638+0800][1877.146s] GC(455)   Other: 0.2ms
[2023-04-09T19:12:21.638+0800][1877.146s] GC(455) Eden regions: 218->0(215)
[2023-04-09T19:12:21.638+0800][1877.146s] GC(455) Survivor regions: 16->21(30)
[2023-04-09T19:12:21.638+0800][1877.147s] GC(455) Old regions: 130->130
[2023-04-09T19:12:21.638+0800][1877.147s] GC(455) Humongous regions: 69->69
[2023-04-09T19:12:21.638+0800][1877.147s] GC(455) Metaspace: 61242K(64368K)->61242K(64368K) NonClass: 54283K(56228K)->54283K(56228K) Class: 6958K(8140K)->6958K(8140K)
[2023-04-09T19:12:21.638+0800][1877.147s] GC(455) Pause Young (Normal) (G1 Evacuation Pause) 431M->218M(512M) 3.384ms
[2023-04-09T19:12:21.638+0800][1877.147s] GC(455) User=0.12s Sys=0.00s Real=0.00s
[2023-04-09T19:12:21.670+0800][1877.179s] GC(456) Pause Young (Concurrent Start) (G1 Humongous Allocation)
[2023-04-09T19:12:21.670+0800][1877.179s] GC(456) Using 8 workers of 8 for evacuation
[2023-04-09T19:12:21.674+0800][1877.182s] GC(456)   Pre Evacuate Collection Set: 0.1ms
[2023-04-09T19:12:21.674+0800][1877.182s] GC(456)   Evacuate Collection Set: 2.8ms
[2023-04-09T19:12:21.674+0800][1877.182s] GC(456)   Post Evacuate Collection Set: 0.4ms
[2023-04-09T19:12:21.674+0800][1877.182s] GC(456)   Other: 0.2ms
[2023-04-09T19:12:21.674+0800][1877.182s] GC(456) Eden regions: 15->0(181)
[2023-04-09T19:12:21.674+0800][1877.182s] GC(456) Survivor regions: 21->14(30)
[2023-04-09T19:12:21.674+0800][1877.182s] GC(456) Old regions: 130->137
[2023-04-09T19:12:21.674+0800][1877.182s] GC(456) Humongous regions: 99->99
[2023-04-09T19:12:21.674+0800][1877.182s] GC(456) Metaspace: 61242K(64368K)->61242K(64368K) NonClass: 54283K(56228K)->54283K(56228K) Class: 6958K(8140K)->6958K(8140K)
[2023-04-09T19:12:21.674+0800][1877.183s] GC(456) Pause Young (Concurrent Start) (G1 Humongous Allocation) 263M->248M(512M) 3.646ms
[2023-04-09T19:12:21.674+0800][1877.183s] GC(456) User=0.00s Sys=0.00s Real=0.00s
[2023-04-09T19:12:21.674+0800][1877.183s] GC(457) Concurrent Cycle
[2023-04-09T19:12:21.674+0800][1877.183s] GC(457) Concurrent Clear Claimed Marks
[2023-04-09T19:12:21.674+0800][1877.183s] GC(457) Concurrent Clear Claimed Marks 0.130ms
[2023-04-09T19:12:21.674+0800][1877.183s] GC(457) Concurrent Scan Root Regions
[2023-04-09T19:12:21.675+0800][1877.184s] GC(457) Concurrent Scan Root Regions 1.167ms
[2023-04-09T19:12:21.675+0800][1877.184s] GC(457) Concurrent Mark (1877.184s)
[2023-04-09T19:12:21.675+0800][1877.184s] GC(457) Concurrent Mark From Roots
[2023-04-09T19:12:21.675+0800][1877.184s] GC(457) Using 2 workers of 2 for marking
[2023-04-09T19:12:21.705+0800][1877.214s] GC(457) Concurrent Mark From Roots 29.753ms
[2023-04-09T19:12:21.705+0800][1877.214s] GC(457) Concurrent Preclean
[2023-04-09T19:12:21.705+0800][1877.214s] GC(457) Concurrent Preclean 0.249ms
[2023-04-09T19:12:21.705+0800][1877.214s] GC(457) Concurrent Mark (1877.184s, 1877.214s) 30.088ms
[2023-04-09T19:12:21.706+0800][1877.214s] GC(457) Pause Remark
[2023-04-09T19:12:21.713+0800][1877.221s] GC(457) Cleaned string and symbol table, strings: 27883 processed, 38 removed, symbols: 172474 processed, 58 removed
[2023-04-09T19:12:21.713+0800][1877.222s] GC(457) Pause Remark 265M->241M(512M) 7.385ms
[2023-04-09T19:12:21.713+0800][1877.222s] GC(457) User=0.00s Sys=0.00s Real=0.01s
[2023-04-09T19:12:21.713+0800][1877.222s] GC(457) Concurrent Rebuild Remembered Sets
[2023-04-09T19:12:21.729+0800][1877.238s] GC(457) Concurrent Rebuild Remembered Sets 16.073ms
[2023-04-09T19:12:21.730+0800][1877.238s] GC(457) Pause Cleanup
[2023-04-09T19:12:21.730+0800][1877.238s] GC(457) Pause Cleanup 247M->247M(512M) 0.153ms
[2023-04-09T19:12:21.730+0800][1877.238s] GC(457) User=0.00s Sys=0.00s Real=0.00s
[2023-04-09T19:12:21.730+0800][1877.238s] GC(457) Concurrent Cleanup for Next Mark
[2023-04-09T19:12:21.732+0800][1877.240s] GC(457) Concurrent Cleanup for Next Mark 1.963ms
[2023-04-09T19:12:21.732+0800][1877.241s] GC(457) Concurrent Cycle 57.917ms
[2023-04-09T19:12:21.937+0800][1877.445s] GC(458) Pause Young (Prepare Mixed) (G1 Evacuation Pause)
[2023-04-09T19:12:21.937+0800][1877.446s] GC(458) Using 8 workers of 8 for evacuation
[2023-04-09T19:12:21.940+0800][1877.449s] GC(458)   Pre Evacuate Collection Set: 0.0ms
[2023-04-09T19:12:21.940+0800][1877.449s] GC(458)   Evacuate Collection Set: 2.4ms
[2023-04-09T19:12:21.940+0800][1877.449s] GC(458)   Post Evacuate Collection Set: 0.7ms
[2023-04-09T19:12:21.940+0800][1877.449s] GC(458)   Other: 0.2ms
[2023-04-09T19:12:21.940+0800][1877.449s] GC(458) Eden regions: 181->0(13)
[2023-04-09T19:12:21.940+0800][1877.449s] GC(458) Survivor regions: 14->12(25)
[2023-04-09T19:12:21.940+0800][1877.449s] GC(458) Old regions: 132->139
[2023-04-09T19:12:21.940+0800][1877.449s] GC(458) Humongous regions: 102->74
[2023-04-09T19:12:21.940+0800][1877.449s] GC(458) Metaspace: 61198K(64368K)->61198K(64368K) NonClass: 54251K(56228K)->54251K(56228K) Class: 6946K(8140K)->6946K(8140K)
[2023-04-09T19:12:21.940+0800][1877.449s] GC(458) Pause Young (Prepare Mixed) (G1 Evacuation Pause) 427M->224M(512M) 3.516ms
[2023-04-09T19:12:21.940+0800][1877.449s] GC(458) User=0.00s Sys=0.00s Real=0.00s
[2023-04-09T19:12:21.966+0800][1877.475s] GC(459) Pause Young (Mixed) (G1 Evacuation Pause)
[2023-04-09T19:12:21.966+0800][1877.475s] GC(459) Using 8 workers of 8 for evacuation
[2023-04-09T19:12:21.970+0800][1877.478s] GC(459)   Pre Evacuate Collection Set: 0.1ms
[2023-04-09T19:12:21.970+0800][1877.478s] GC(459)   Evacuate Collection Set: 2.5ms
[2023-04-09T19:12:21.970+0800][1877.478s] GC(459)   Post Evacuate Collection Set: 0.6ms
[2023-04-09T19:12:21.970+0800][1877.478s] GC(459)   Other: 0.3ms
[2023-04-09T19:12:21.970+0800][1877.478s] GC(459) Eden regions: 13->0(213)
[2023-04-09T19:12:21.970+0800][1877.478s] GC(459) Survivor regions: 12->2(4)
[2023-04-09T19:12:21.970+0800][1877.478s] GC(459) Old regions: 139->129
[2023-04-09T19:12:21.970+0800][1877.478s] GC(459) Humongous regions: 74->74
[2023-04-09T19:12:21.970+0800][1877.478s] GC(459) Metaspace: 61198K(64368K)->61198K(64368K) NonClass: 54251K(56228K)->54251K(56228K) Class: 6946K(8140K)->6946K(8140K)
[2023-04-09T19:12:21.970+0800][1877.478s] GC(459) Pause Young (Mixed) (G1 Evacuation Pause) 237M->203M(512M) 3.639ms
[2023-04-09T19:12:21.970+0800][1877.478s] GC(459) User=0.00s Sys=0.00s Real=0.00s
[2023-04-09T19:12:22.218+0800][1877.727s] GC(460) Pause Young (Normal) (G1 Evacuation Pause)
[2023-04-09T19:12:22.218+0800][1877.727s] GC(460) Using 8 workers of 8 for evacuation
[2023-04-09T19:12:22.220+0800][1877.729s] GC(460)   Pre Evacuate Collection Set: 0.0ms
[2023-04-09T19:12:22.220+0800][1877.729s] GC(460)   Evacuate Collection Set: 1.2ms
[2023-04-09T19:12:22.220+0800][1877.729s] GC(460)   Post Evacuate Collection Set: 0.4ms
[2023-04-09T19:12:22.220+0800][1877.729s] GC(460)   Other: 0.2ms
[2023-04-09T19:12:22.220+0800][1877.729s] GC(460) Eden regions: 213->0(218)
[2023-04-09T19:12:22.220+0800][1877.729s] GC(460) Survivor regions: 2->8(27)
[2023-04-09T19:12:22.220+0800][1877.729s] GC(460) Old regions: 129->129
[2023-04-09T19:12:22.220+0800][1877.729s] GC(460) Humongous regions: 75->66
[2023-04-09T19:12:22.220+0800][1877.729s] GC(460) Metaspace: 61198K(64368K)->61198K(64368K) NonClass: 54251K(56228K)->54251K(56228K) Class: 6946K(8140K)->6946K(8140K)
[2023-04-09T19:12:22.220+0800][1877.729s] GC(460) Pause Young (Normal) (G1 Evacuation Pause) 417M->202M(512M) 1.975ms
[2023-04-09T19:12:22.220+0800][1877.729s] GC(460) User=0.00s Sys=0.00s Real=0.00s
[2023-04-09T19:12:22.247+0800][1877.756s] GC(461) Pause Young (Concurrent Start) (G1 Humongous Allocation)
[2023-04-09T19:12:22.247+0800][1877.756s] GC(461) Using 8 workers of 8 for evacuation
[2023-04-09T19:12:22.249+0800][1877.758s] GC(461)   Pre Evacuate Collection Set: 0.1ms
[2023-04-09T19:12:22.249+0800][1877.758s] GC(461)   Evacuate Collection Set: 1.4ms
[2023-04-09T19:12:22.249+0800][1877.758s] GC(461)   Post Evacuate Collection Set: 0.4ms
[2023-04-09T19:12:22.249+0800][1877.758s] GC(461)   Other: 0.3ms
[2023-04-09T19:12:22.249+0800][1877.758s] GC(461) Eden regions: 24->0(158)
[2023-04-09T19:12:22.249+0800][1877.758s] GC(461) Survivor regions: 8->9(29)
[2023-04-09T19:12:22.249+0800][1877.758s] GC(461) Old regions: 129->129
[2023-04-09T19:12:22.249+0800][1877.758s] GC(461) Humongous regions: 66->66
[2023-04-09T19:12:22.249+0800][1877.758s] GC(461) Metaspace: 61198K(64368K)->61198K(64368K) NonClass: 54251K(56228K)->54251K(56228K) Class: 6946K(8140K)->6946K(8140K)
[2023-04-09T19:12:22.249+0800][1877.758s] GC(461) Pause Young (Concurrent Start) (G1 Humongous Allocation) 226M->202M(512M) 2.331ms
[2023-04-09T19:12:22.249+0800][1877.758s] GC(461) User=0.00s Sys=0.00s Real=0.00s
[2023-04-09T19:12:22.249+0800][1877.758s] GC(462) Concurrent Cycle
[2023-04-09T19:12:22.249+0800][1877.759s] GC(462) Concurrent Clear Claimed Marks
[2023-04-09T19:12:22.249+0800][1877.759s] GC(462) Concurrent Clear Claimed Marks 0.105ms
[2023-04-09T19:12:22.249+0800][1877.759s] GC(462) Concurrent Scan Root Regions
[2023-04-09T19:12:22.250+0800][1877.759s] GC(462) Concurrent Scan Root Regions 0.588ms
[2023-04-09T19:12:22.250+0800][1877.759s] GC(462) Concurrent Mark (1877.759s)
[2023-04-09T19:12:22.250+0800][1877.759s] GC(462) Concurrent Mark From Roots
[2023-04-09T19:12:22.250+0800][1877.759s] GC(462) Using 2 workers of 2 for marking
[2023-04-09T19:12:22.286+0800][1877.795s] GC(462) Concurrent Mark From Roots 35.878ms
[2023-04-09T19:12:22.286+0800][1877.795s] GC(462) Concurrent Preclean
[2023-04-09T19:12:22.286+0800][1877.796s] GC(462) Concurrent Preclean 0.277ms
[2023-04-09T19:12:22.286+0800][1877.796s] GC(462) Concurrent Mark (1877.759s, 1877.796s) 36.257ms
[2023-04-09T19:12:22.286+0800][1877.796s] GC(462) Pause Remark
[2023-04-09T19:12:22.290+0800][1877.800s] GC(462) Cleaned string and symbol table, strings: 27845 processed, 0 removed, symbols: 172416 processed, 5 removed
[2023-04-09T19:12:22.291+0800][1877.800s] GC(462) Pause Remark 254M->245M(512M) 4.074ms
[2023-04-09T19:12:22.291+0800][1877.800s] GC(462) User=0.00s Sys=0.00s Real=0.00s
[2023-04-09T19:12:22.291+0800][1877.800s] GC(462) Concurrent Rebuild Remembered Sets
[2023-04-09T19:12:22.310+0800][1877.819s] GC(462) Concurrent Rebuild Remembered Sets 19.354ms
[2023-04-09T19:12:22.310+0800][1877.820s] GC(462) Pause Cleanup
[2023-04-09T19:12:22.310+0800][1877.820s] GC(462) Pause Cleanup 255M->255M(512M) 0.137ms
[2023-04-09T19:12:22.311+0800][1877.820s] GC(462) User=0.00s Sys=0.00s Real=0.00s
[2023-04-09T19:12:22.311+0800][1877.820s] GC(462) Concurrent Cleanup for Next Mark
[2023-04-09T19:12:22.311+0800][1877.821s] GC(462) Concurrent Cleanup for Next Mark 0.862ms
[2023-04-09T19:12:22.312+0800][1877.821s] GC(462) Concurrent Cycle 62.392ms
[2023-04-09T19:12:22.535+0800][1878.044s] GC(463) Pause Young (Prepare Mixed) (G1 Evacuation Pause)
[2023-04-09T19:12:22.535+0800][1878.044s] GC(463) Using 8 workers of 8 for evacuation
[2023-04-09T19:12:22.537+0800][1878.046s] GC(463)   Pre Evacuate Collection Set: 0.0ms
[2023-04-09T19:12:22.537+0800][1878.046s] GC(463)   Evacuate Collection Set: 1.5ms
[2023-04-09T19:12:22.537+0800][1878.046s] GC(463)   Post Evacuate Collection Set: 0.4ms
[2023-04-09T19:12:22.537+0800][1878.046s] GC(463)   Other: 0.3ms
[2023-04-09T19:12:22.537+0800][1878.046s] GC(463) Eden regions: 158->0(13)
[2023-04-09T19:12:22.537+0800][1878.046s] GC(463) Survivor regions: 9->12(21)
[2023-04-09T19:12:22.537+0800][1878.046s] GC(463) Old regions: 129->129
[2023-04-09T19:12:22.537+0800][1878.046s] GC(463) Humongous regions: 95->94
[2023-04-09T19:12:22.537+0800][1878.046s] GC(463) Metaspace: 61201K(64368K)->61201K(64368K) NonClass: 54254K(56228K)->54254K(56228K) Class: 6946K(8140K)->6946K(8140K)
[2023-04-09T19:12:22.537+0800][1878.046s] GC(463) Pause Young (Prepare Mixed) (G1 Evacuation Pause) 389M->233M(512M) 2.385ms
[2023-04-09T19:12:22.537+0800][1878.046s] GC(463) User=0.00s Sys=0.00s Real=0.00s
[2023-04-09T19:12:22.556+0800][1878.065s] GC(464) Pause Young (Mixed) (G1 Evacuation Pause)
[2023-04-09T19:12:22.556+0800][1878.065s] GC(464) Using 8 workers of 8 for evacuation
[2023-04-09T19:12:22.559+0800][1878.068s] GC(464)   Pre Evacuate Collection Set: 0.0ms
[2023-04-09T19:12:22.559+0800][1878.068s] GC(464)   Evacuate Collection Set: 2.0ms
[2023-04-09T19:12:22.559+0800][1878.068s] GC(464)   Post Evacuate Collection Set: 0.6ms
[2023-04-09T19:12:22.559+0800][1878.068s] GC(464)   Other: 0.2ms
[2023-04-09T19:12:22.559+0800][1878.068s] GC(464) Eden regions: 13->0(157)
[2023-04-09T19:12:22.559+0800][1878.068s] GC(464) Survivor regions: 12->1(4)
[2023-04-09T19:12:22.559+0800][1878.068s] GC(464) Old regions: 129->130
[2023-04-09T19:12:22.559+0800][1878.068s] GC(464) Humongous regions: 94->94
[2023-04-09T19:12:22.559+0800][1878.068s] GC(464) Metaspace: 61201K(64368K)->61201K(64368K) NonClass: 54254K(56228K)->54254K(56228K) Class: 6946K(8140K)->6946K(8140K)
[2023-04-09T19:12:22.559+0800][1878.068s] GC(464) Pause Young (Mixed) (G1 Evacuation Pause) 246M->223M(512M) 3.022ms
[2023-04-09T19:12:22.559+0800][1878.068s] GC(464) User=0.12s Sys=0.00s Real=0.00s
[2023-04-09T19:12:22.806+0800][1878.315s] GC(465) Pause Young (Normal) (G1 Evacuation Pause)
[2023-04-09T19:12:22.806+0800][1878.315s] GC(465) Using 8 workers of 8 for evacuation
[2023-04-09T19:12:22.807+0800][1878.316s] GC(465)   Pre Evacuate Collection Set: 0.0ms
[2023-04-09T19:12:22.807+0800][1878.316s] GC(465)   Evacuate Collection Set: 0.7ms
[2023-04-09T19:12:22.807+0800][1878.316s] GC(465)   Post Evacuate Collection Set: 0.6ms
[2023-04-09T19:12:22.807+0800][1878.316s] GC(465)   Other: 0.3ms
[2023-04-09T19:12:22.807+0800][1878.316s] GC(465) Eden regions: 157->0(162)
[2023-04-09T19:12:22.807+0800][1878.316s] GC(465) Survivor regions: 1->6(20)
[2023-04-09T19:12:22.807+0800][1878.316s] GC(465) Old regions: 130->130
[2023-04-09T19:12:22.807+0800][1878.316s] GC(465) Humongous regions: 94->94
[2023-04-09T19:12:22.807+0800][1878.316s] GC(465) Metaspace: 61201K(64368K)->61201K(64368K) NonClass: 54254K(56228K)->54254K(56228K) Class: 6946K(8140K)->6946K(8140K)
[2023-04-09T19:12:22.807+0800][1878.316s] GC(465) Pause Young (Normal) (G1 Evacuation Pause) 380M->229M(512M) 1.711ms
[2023-04-09T19:12:22.807+0800][1878.317s] GC(465) User=0.00s Sys=0.00s Real=0.00s
[2023-04-09T19:12:22.989+0800][1878.499s] GC(466) Pause Young (Concurrent Start) (G1 Humongous Allocation)
[2023-04-09T19:12:22.990+0800][1878.499s] GC(466) Using 8 workers of 8 for evacuation
[2023-04-09T19:12:22.991+0800][1878.500s] GC(466)   Pre Evacuate Collection Set: 0.1ms
[2023-04-09T19:12:22.991+0800][1878.500s] GC(466)   Evacuate Collection Set: 1.0ms
[2023-04-09T19:12:22.991+0800][1878.500s] GC(466)   Post Evacuate Collection Set: 0.4ms
[2023-04-09T19:12:22.991+0800][1878.500s] GC(466)   Other: 0.2ms
[2023-04-09T19:12:22.991+0800][1878.500s] GC(466) Eden regions: 105->0(168)
[2023-04-09T19:12:22.991+0800][1878.500s] GC(466) Survivor regions: 6->5(21)
[2023-04-09T19:12:22.991+0800][1878.501s] GC(466) Old regions: 130->130
[2023-04-09T19:12:22.991+0800][1878.501s] GC(466) Humongous regions: 102->100
[2023-04-09T19:12:22.991+0800][1878.501s] GC(466) Metaspace: 61201K(64368K)->61201K(64368K) NonClass: 54254K(56228K)->54254K(56228K) Class: 6946K(8140K)->6946K(8140K)
[2023-04-09T19:12:22.991+0800][1878.501s] GC(466) Pause Young (Concurrent Start) (G1 Humongous Allocation) 342M->233M(512M) 1.900ms
[2023-04-09T19:12:22.991+0800][1878.501s] GC(466) User=0.00s Sys=0.00s Real=0.00s
[2023-04-09T19:12:22.991+0800][1878.501s] GC(467) Concurrent Cycle
[2023-04-09T19:12:22.991+0800][1878.501s] GC(467) Concurrent Clear Claimed Marks
[2023-04-09T19:12:22.992+0800][1878.501s] GC(467) Concurrent Clear Claimed Marks 0.089ms
[2023-04-09T19:12:22.992+0800][1878.501s] GC(467) Concurrent Scan Root Regions
[2023-04-09T19:12:22.992+0800][1878.501s] GC(467) Concurrent Scan Root Regions 0.623ms
[2023-04-09T19:12:22.992+0800][1878.502s] GC(467) Concurrent Mark (1878.501s)
[2023-04-09T19:12:22.992+0800][1878.502s] GC(467) Concurrent Mark From Roots
[2023-04-09T19:12:22.992+0800][1878.502s] GC(467) Using 2 workers of 2 for marking
[2023-04-09T19:12:23.028+0800][1878.536s] GC(467) Concurrent Mark From Roots 34.570ms
[2023-04-09T19:12:23.028+0800][1878.536s] GC(467) Concurrent Preclean
[2023-04-09T19:12:23.028+0800][1878.537s] GC(467) Concurrent Preclean 0.476ms
[2023-04-09T19:12:23.028+0800][1878.537s] GC(467) Concurrent Mark (1878.501s, 1878.537s) 35.187ms
[2023-04-09T19:12:23.028+0800][1878.537s] GC(467) Pause Remark
[2023-04-09T19:12:23.033+0800][1878.541s] GC(467) Cleaned string and symbol table, strings: 27845 processed, 0 removed, symbols: 172411 processed, 0 removed
[2023-04-09T19:12:23.033+0800][1878.542s] GC(467) Pause Remark 251M->216M(512M) 4.855ms
[2023-04-09T19:12:23.033+0800][1878.542s] GC(467) User=0.00s Sys=0.00s Real=0.00s
[2023-04-09T19:12:23.033+0800][1878.542s] GC(467) Concurrent Rebuild Remembered Sets
[2023-04-09T19:12:23.052+0800][1878.561s] GC(467) Concurrent Rebuild Remembered Sets 19.494ms
[2023-04-09T19:12:23.052+0800][1878.562s] GC(467) Pause Cleanup
[2023-04-09T19:12:23.053+0800][1878.562s] GC(467) Pause Cleanup 224M->224M(512M) 0.238ms
[2023-04-09T19:12:23.053+0800][1878.562s] GC(467) User=0.00s Sys=0.00s Real=0.00s
[2023-04-09T19:12:23.053+0800][1878.562s] GC(467) Concurrent Cleanup for Next Mark
[2023-04-09T19:12:23.054+0800][1878.563s] GC(467) Concurrent Cleanup for Next Mark 0.740ms
[2023-04-09T19:12:23.054+0800][1878.563s] GC(467) Concurrent Cycle 62.105ms
[2023-04-09T19:12:23.411+0800][1878.920s] GC(468) Pause Young (Prepare Mixed) (G1 Evacuation Pause)
[2023-04-09T19:12:23.411+0800][1878.920s] GC(468) Using 8 workers of 8 for evacuation
[2023-04-09T19:12:23.413+0800][1878.922s] GC(468)   Pre Evacuate Collection Set: 0.0ms
[2023-04-09T19:12:23.413+0800][1878.922s] GC(468)   Evacuate Collection Set: 0.9ms
[2023-04-09T19:12:23.413+0800][1878.922s] GC(468)   Post Evacuate Collection Set: 0.5ms
[2023-04-09T19:12:23.413+0800][1878.922s] GC(468)   Other: 0.2ms
[2023-04-09T19:12:23.413+0800][1878.922s] GC(468) Eden regions: 168->0(19)
[2023-04-09T19:12:23.413+0800][1878.922s] GC(468) Survivor regions: 5->6(22)
[2023-04-09T19:12:23.413+0800][1878.922s] GC(468) Old regions: 130->130
[2023-04-09T19:12:23.413+0800][1878.922s] GC(468) Humongous regions: 70->65
[2023-04-09T19:12:23.413+0800][1878.922s] GC(468) Metaspace: 61201K(64368K)->61201K(64368K) NonClass: 54254K(56228K)->54254K(56228K) Class: 6946K(8140K)->6946K(8140K)
[2023-04-09T19:12:23.413+0800][1878.922s] GC(468) Pause Young (Prepare Mixed) (G1 Evacuation Pause) 371M->199M(512M) 1.790ms
[2023-04-09T19:12:23.413+0800][1878.922s] GC(468) User=0.00s Sys=0.00s Real=0.00s
[2023-04-09T19:12:23.442+0800][1878.951s] GC(469) Pause Young (Mixed) (G1 Evacuation Pause)
[2023-04-09T19:12:23.442+0800][1878.951s] GC(469) Using 8 workers of 8 for evacuation
[2023-04-09T19:12:23.445+0800][1878.954s] GC(469)   Pre Evacuate Collection Set: 0.0ms
[2023-04-09T19:12:23.445+0800][1878.954s] GC(469)   Evacuate Collection Set: 2.2ms
[2023-04-09T19:12:23.445+0800][1878.954s] GC(469)   Post Evacuate Collection Set: 0.4ms
[2023-04-09T19:12:23.445+0800][1878.954s] GC(469)   Other: 0.3ms
[2023-04-09T19:12:23.445+0800][1878.954s] GC(469) Eden regions: 19->0(193)
[2023-04-09T19:12:23.445+0800][1878.954s] GC(469) Survivor regions: 6->1(4)
[2023-04-09T19:12:23.445+0800][1878.954s] GC(469) Old regions: 130->131
[2023-04-09T19:12:23.445+0800][1878.954s] GC(469) Humongous regions: 65->65
[2023-04-09T19:12:23.445+0800][1878.954s] GC(469) Metaspace: 61201K(64368K)->61201K(64368K) NonClass: 54254K(56228K)->54254K(56228K) Class: 6946K(8140K)->6946K(8140K)
[2023-04-09T19:12:23.445+0800][1878.954s] GC(469) Pause Young (Mixed) (G1 Evacuation Pause) 218M->195M(512M) 3.337ms
[2023-04-09T19:12:23.445+0800][1878.954s] GC(469) User=0.00s Sys=0.00s Real=0.00s
[2023-04-09T19:12:23.875+0800][1879.384s] GC(470) Pause Young (Normal) (G1 Evacuation Pause)
[2023-04-09T19:12:23.875+0800][1879.384s] GC(470) Using 8 workers of 8 for evacuation
[2023-04-09T19:12:23.876+0800][1879.385s] GC(470)   Pre Evacuate Collection Set: 0.0ms
[2023-04-09T19:12:23.876+0800][1879.385s] GC(470)   Evacuate Collection Set: 0.7ms
[2023-04-09T19:12:23.876+0800][1879.385s] GC(470)   Post Evacuate Collection Set: 0.4ms
[2023-04-09T19:12:23.876+0800][1879.385s] GC(470)   Other: 0.2ms
[2023-04-09T19:12:23.876+0800][1879.386s] GC(470) Eden regions: 193->0(198)
[2023-04-09T19:12:23.876+0800][1879.386s] GC(470) Survivor regions: 1->4(25)
[2023-04-09T19:12:23.876+0800][1879.386s] GC(470) Old regions: 131->131
[2023-04-09T19:12:23.876+0800][1879.386s] GC(470) Humongous regions: 65->65
[2023-04-09T19:12:23.876+0800][1879.386s] GC(470) Metaspace: 61205K(64368K)->61205K(64368K) NonClass: 54258K(56228K)->54258K(56228K) Class: 6946K(8140K)->6946K(8140K)
[2023-04-09T19:12:23.876+0800][1879.386s] GC(470) Pause Young (Normal) (G1 Evacuation Pause) 388M->199M(512M) 1.425ms
[2023-04-09T19:12:23.877+0800][1879.386s] GC(470) User=0.00s Sys=0.00s Real=0.00s
[2023-04-09T19:12:24.142+0800][1879.652s] GC(471) Pause Young (Normal) (G1 Evacuation Pause)
[2023-04-09T19:12:24.142+0800][1879.652s] GC(471) Using 8 workers of 8 for evacuation
[2023-04-09T19:12:24.144+0800][1879.653s] GC(471)   Pre Evacuate Collection Set: 0.1ms
[2023-04-09T19:12:24.144+0800][1879.653s] GC(471)   Evacuate Collection Set: 1.0ms
[2023-04-09T19:12:24.144+0800][1879.653s] GC(471)   Post Evacuate Collection Set: 0.4ms
[2023-04-09T19:12:24.144+0800][1879.653s] GC(471)   Other: 0.2ms
[2023-04-09T19:12:24.144+0800][1879.653s] GC(471) Eden regions: 198->0(202)
[2023-04-09T19:12:24.144+0800][1879.653s] GC(471) Survivor regions: 4->7(26)
[2023-04-09T19:12:24.144+0800][1879.653s] GC(471) Old regions: 131->131
[2023-04-09T19:12:24.144+0800][1879.653s] GC(471) Humongous regions: 66->66
[2023-04-09T19:12:24.144+0800][1879.653s] GC(471) Metaspace: 61205K(64368K)->61205K(64368K) NonClass: 54258K(56228K)->54258K(56228K) Class: 6946K(8140K)->6946K(8140K)
[2023-04-09T19:12:24.144+0800][1879.654s] GC(471) Pause Young (Normal) (G1 Evacuation Pause) 398M->203M(512M) 1.915ms
[2023-04-09T19:12:24.144+0800][1879.654s] GC(471) User=0.00s Sys=0.00s Real=0.00s
[2023-04-09T19:12:24.228+0800][1879.738s] GC(472) Pause Young (Concurrent Start) (G1 Humongous Allocation)
[2023-04-09T19:12:24.229+0800][1879.738s] GC(472) Using 8 workers of 8 for evacuation
[2023-04-09T19:12:24.230+0800][1879.740s] GC(472)   Pre Evacuate Collection Set: 0.1ms
[2023-04-09T19:12:24.230+0800][1879.740s] GC(472)   Evacuate Collection Set: 1.1ms
[2023-04-09T19:12:24.230+0800][1879.740s] GC(472)   Post Evacuate Collection Set: 0.4ms
[2023-04-09T19:12:24.230+0800][1879.740s] GC(472)   Other: 0.2ms
[2023-04-09T19:12:24.230+0800][1879.740s] GC(472) Eden regions: 95->0(196)
[2023-04-09T19:12:24.230+0800][1879.740s] GC(472) Survivor regions: 7->7(27)
[2023-04-09T19:12:24.230+0800][1879.740s] GC(472) Old regions: 131->131
[2023-04-09T19:12:24.230+0800][1879.740s] GC(472) Humongous regions: 66->66
[2023-04-09T19:12:24.231+0800][1879.740s] GC(472) Metaspace: 61205K(64368K)->61205K(64368K) NonClass: 54258K(56228K)->54258K(56228K) Class: 6946K(8140K)->6946K(8140K)
[2023-04-09T19:12:24.231+0800][1879.740s] GC(472) Pause Young (Concurrent Start) (G1 Humongous Allocation) 297M->203M(512M) 2.122ms
[2023-04-09T19:12:24.231+0800][1879.740s] GC(472) User=0.09s Sys=0.00s Real=0.00s
[2023-04-09T19:12:24.231+0800][1879.740s] GC(473) Concurrent Cycle
[2023-04-09T19:12:24.231+0800][1879.740s] GC(473) Concurrent Clear Claimed Marks
[2023-04-09T19:12:24.231+0800][1879.740s] GC(473) Concurrent Clear Claimed Marks 0.088ms
[2023-04-09T19:12:24.231+0800][1879.740s] GC(473) Concurrent Scan Root Regions
[2023-04-09T19:12:24.231+0800][1879.741s] GC(473) Concurrent Scan Root Regions 0.552ms
[2023-04-09T19:12:24.231+0800][1879.741s] GC(473) Concurrent Mark (1879.741s)
[2023-04-09T19:12:24.231+0800][1879.741s] GC(473) Concurrent Mark From Roots
[2023-04-09T19:12:24.231+0800][1879.741s] GC(473) Using 2 workers of 2 for marking
[2023-04-09T19:12:24.272+0800][1879.781s] GC(473) Concurrent Mark From Roots 40.258ms
[2023-04-09T19:12:24.272+0800][1879.781s] GC(473) Concurrent Preclean
[2023-04-09T19:12:24.272+0800][1879.781s] GC(473) Concurrent Preclean 0.386ms
[2023-04-09T19:12:24.272+0800][1879.781s] GC(473) Concurrent Mark (1879.741s, 1879.781s) 40.755ms
[2023-04-09T19:12:24.272+0800][1879.782s] GC(473) Pause Remark
[2023-04-09T19:12:24.280+0800][1879.789s] GC(473) Cleaned string and symbol table, strings: 27845 processed, 0 removed, symbols: 172411 processed, 0 removed
[2023-04-09T19:12:24.280+0800][1879.789s] GC(473) Pause Remark 243M->234M(512M) 7.791ms
[2023-04-09T19:12:24.280+0800][1879.789s] GC(473) User=0.09s Sys=0.00s Real=0.01s
[2023-04-09T19:12:24.280+0800][1879.790s] GC(473) Concurrent Rebuild Remembered Sets
[2023-04-09T19:12:24.304+0800][1879.813s] GC(473) Concurrent Rebuild Remembered Sets 23.509ms
[2023-04-09T19:12:24.304+0800][1879.813s] GC(473) Pause Cleanup
[2023-04-09T19:12:24.304+0800][1879.813s] GC(473) Pause Cleanup 245M->245M(512M) 0.163ms
[2023-04-09T19:12:24.304+0800][1879.813s] GC(473) User=0.00s Sys=0.00s Real=0.00s
[2023-04-09T19:12:24.304+0800][1879.814s] GC(473) Concurrent Cleanup for Next Mark
[2023-04-09T19:12:24.305+0800][1879.814s] GC(473) Concurrent Cleanup for Next Mark 0.721ms
[2023-04-09T19:12:24.305+0800][1879.814s] GC(473) Concurrent Cycle 74.323ms
[2023-04-09T19:12:24.423+0800][1879.933s] GC(474) Pause Young (Prepare Mixed) (G1 Evacuation Pause)
[2023-04-09T19:12:24.423+0800][1879.933s] GC(474) Using 8 workers of 8 for evacuation
[2023-04-09T19:12:24.425+0800][1879.934s] GC(474)   Pre Evacuate Collection Set: 0.0ms
[2023-04-09T19:12:24.425+0800][1879.934s] GC(474)   Evacuate Collection Set: 1.0ms
[2023-04-09T19:12:24.425+0800][1879.934s] GC(474)   Post Evacuate Collection Set: 0.4ms
[2023-04-09T19:12:24.425+0800][1879.934s] GC(474)   Other: 0.3ms
[2023-04-09T19:12:24.425+0800][1879.935s] GC(474) Eden regions: 196->0(16)
[2023-04-09T19:12:24.425+0800][1879.935s] GC(474) Survivor regions: 7->9(26)
[2023-04-09T19:12:24.425+0800][1879.935s] GC(474) Old regions: 131->131
[2023-04-09T19:12:24.425+0800][1879.935s] GC(474) Humongous regions: 59->58
[2023-04-09T19:12:24.425+0800][1879.935s] GC(474) Metaspace: 61205K(64368K)->61205K(64368K) NonClass: 54258K(56228K)->54258K(56228K) Class: 6946K(8140K)->6946K(8140K)
[2023-04-09T19:12:24.425+0800][1879.935s] GC(474) Pause Young (Prepare Mixed) (G1 Evacuation Pause) 392M->197M(512M) 1.989ms
[2023-04-09T19:12:24.425+0800][1879.935s] GC(474) User=0.00s Sys=0.00s Real=0.00s
[2023-04-09T19:12:24.441+0800][1879.949s] GC(475) Pause Young (Mixed) (G1 Evacuation Pause)
[2023-04-09T19:12:24.441+0800][1879.949s] GC(475) Using 8 workers of 8 for evacuation
[2023-04-09T19:12:24.442+0800][1879.951s] GC(475)   Pre Evacuate Collection Set: 0.0ms
[2023-04-09T19:12:24.442+0800][1879.951s] GC(475)   Evacuate Collection Set: 1.5ms
[2023-04-09T19:12:24.442+0800][1879.951s] GC(475)   Post Evacuate Collection Set: 0.3ms
[2023-04-09T19:12:24.442+0800][1879.951s] GC(475)   Other: 0.3ms
[2023-04-09T19:12:24.442+0800][1879.951s] GC(475) Eden regions: 16->0(205)
[2023-04-09T19:12:24.442+0800][1879.951s] GC(475) Survivor regions: 9->1(4)
[2023-04-09T19:12:24.442+0800][1879.951s] GC(475) Old regions: 131->137
[2023-04-09T19:12:24.442+0800][1879.952s] GC(475) Humongous regions: 58->58
[2023-04-09T19:12:24.442+0800][1879.952s] GC(475) Metaspace: 61205K(64368K)->61205K(64368K) NonClass: 54258K(56228K)->54258K(56228K) Class: 6946K(8140K)->6946K(8140K)
[2023-04-09T19:12:24.442+0800][1879.952s] GC(475) Pause Young (Mixed) (G1 Evacuation Pause) 213M->194M(512M) 2.411ms
[2023-04-09T19:12:24.442+0800][1879.952s] GC(475) User=0.00s Sys=0.00s Real=0.00s
[2023-04-09T19:12:24.628+0800][1880.137s] GC(476) Pause Young (Normal) (G1 Evacuation Pause)
[2023-04-09T19:12:24.628+0800][1880.137s] GC(476) Using 8 workers of 8 for evacuation
[2023-04-09T19:12:24.629+0800][1880.138s] GC(476)   Pre Evacuate Collection Set: 0.0ms
[2023-04-09T19:12:24.629+0800][1880.138s] GC(476)   Evacuate Collection Set: 0.7ms
[2023-04-09T19:12:24.629+0800][1880.138s] GC(476)   Post Evacuate Collection Set: 0.3ms
[2023-04-09T19:12:24.629+0800][1880.138s] GC(476)   Other: 0.2ms
[2023-04-09T19:12:24.629+0800][1880.138s] GC(476) Eden regions: 205->0(208)
[2023-04-09T19:12:24.629+0800][1880.138s] GC(476) Survivor regions: 1->5(26)
[2023-04-09T19:12:24.629+0800][1880.139s] GC(476) Old regions: 137->137
[2023-04-09T19:12:24.629+0800][1880.139s] GC(476) Humongous regions: 59->59
[2023-04-09T19:12:24.629+0800][1880.139s] GC(476) Metaspace: 61205K(64368K)->61205K(64368K) NonClass: 54258K(56228K)->54258K(56228K) Class: 6946K(8140K)->6946K(8140K)
[2023-04-09T19:12:24.629+0800][1880.139s] GC(476) Pause Young (Normal) (G1 Evacuation Pause) 400M->200M(512M) 1.510ms
[2023-04-09T19:12:24.629+0800][1880.139s] GC(476) User=0.00s Sys=0.00s Real=0.00s
[2023-04-09T19:12:24.775+0800][1880.283s] GC(477) Pause Young (Normal) (G1 Evacuation Pause)
[2023-04-09T19:12:24.775+0800][1880.283s] GC(477) Using 8 workers of 8 for evacuation
[2023-04-09T19:12:24.776+0800][1880.285s] GC(477)   Pre Evacuate Collection Set: 0.0ms
[2023-04-09T19:12:24.776+0800][1880.285s] GC(477)   Evacuate Collection Set: 0.7ms
[2023-04-09T19:12:24.776+0800][1880.285s] GC(477)   Post Evacuate Collection Set: 0.4ms
[2023-04-09T19:12:24.776+0800][1880.285s] GC(477)   Other: 0.2ms
[2023-04-09T19:12:24.776+0800][1880.285s] GC(477) Eden regions: 208->0(212)
[2023-04-09T19:12:24.776+0800][1880.285s] GC(477) Survivor regions: 5->6(27)
[2023-04-09T19:12:24.776+0800][1880.285s] GC(477) Old regions: 137->137
[2023-04-09T19:12:24.776+0800][1880.285s] GC(477) Humongous regions: 59->59
[2023-04-09T19:12:24.776+0800][1880.285s] GC(477) Metaspace: 61205K(64368K)->61205K(64368K) NonClass: 54258K(56228K)->54258K(56228K) Class: 6946K(8140K)->6946K(8140K)
[2023-04-09T19:12:24.776+0800][1880.285s] GC(477) Pause Young (Normal) (G1 Evacuation Pause) 408M->201M(512M) 1.451ms
[2023-04-09T19:12:24.776+0800][1880.285s] GC(477) User=0.00s Sys=0.00s Real=0.00s
[2023-04-09T19:12:24.874+0800][1880.383s] GC(478) Pause Young (Concurrent Start) (G1 Humongous Allocation)
[2023-04-09T19:12:24.874+0800][1880.383s] GC(478) Using 8 workers of 8 for evacuation
[2023-04-09T19:12:24.876+0800][1880.384s] GC(478)   Pre Evacuate Collection Set: 0.1ms
[2023-04-09T19:12:24.876+0800][1880.384s] GC(478)   Evacuate Collection Set: 1.1ms
[2023-04-09T19:12:24.876+0800][1880.384s] GC(478)   Post Evacuate Collection Set: 0.4ms
[2023-04-09T19:12:24.876+0800][1880.384s] GC(478)   Other: 0.2ms
[2023-04-09T19:12:24.876+0800][1880.384s] GC(478) Eden regions: 128->0(202)
[2023-04-09T19:12:24.876+0800][1880.384s] GC(478) Survivor regions: 6->7(28)
[2023-04-09T19:12:24.876+0800][1880.384s] GC(478) Old regions: 137->137
[2023-04-09T19:12:24.876+0800][1880.384s] GC(478) Humongous regions: 59->59
[2023-04-09T19:12:24.876+0800][1880.384s] GC(478) Metaspace: 61205K(64368K)->61205K(64368K) NonClass: 54258K(56228K)->54258K(56228K) Class: 6946K(8140K)->6946K(8140K)
[2023-04-09T19:12:24.876+0800][1880.384s] GC(478) Pause Young (Concurrent Start) (G1 Humongous Allocation) 328M->201M(512M) 1.935ms
[2023-04-09T19:12:24.876+0800][1880.384s] GC(478) User=0.00s Sys=0.00s Real=0.00s
[2023-04-09T19:12:24.876+0800][1880.385s] GC(479) Concurrent Cycle
[2023-04-09T19:12:24.876+0800][1880.385s] GC(479) Concurrent Clear Claimed Marks
[2023-04-09T19:12:24.876+0800][1880.385s] GC(479) Concurrent Clear Claimed Marks 0.102ms
[2023-04-09T19:12:24.876+0800][1880.385s] GC(479) Concurrent Scan Root Regions
[2023-04-09T19:12:24.877+0800][1880.385s] GC(479) Concurrent Scan Root Regions 0.608ms
[2023-04-09T19:12:24.877+0800][1880.385s] GC(479) Concurrent Mark (1880.385s)
[2023-04-09T19:12:24.877+0800][1880.385s] GC(479) Concurrent Mark From Roots
[2023-04-09T19:12:24.877+0800][1880.385s] GC(479) Using 2 workers of 2 for marking
[2023-04-09T19:12:24.913+0800][1880.421s] GC(479) Concurrent Mark From Roots 36.011ms
[2023-04-09T19:12:24.913+0800][1880.421s] GC(479) Concurrent Preclean
[2023-04-09T19:12:24.913+0800][1880.422s] GC(479) Concurrent Preclean 0.348ms
[2023-04-09T19:12:24.913+0800][1880.422s] GC(479) Concurrent Mark (1880.385s, 1880.422s) 36.459ms
[2023-04-09T19:12:24.913+0800][1880.422s] GC(479) Pause Remark
[2023-04-09T19:12:24.918+0800][1880.426s] GC(479) Cleaned string and symbol table, strings: 27845 processed, 0 removed, symbols: 172411 processed, 0 removed
[2023-04-09T19:12:24.918+0800][1880.426s] GC(479) Pause Remark 236M->234M(512M) 4.484ms
[2023-04-09T19:12:24.918+0800][1880.427s] GC(479) User=0.11s Sys=0.02s Real=0.00s
[2023-04-09T19:12:24.918+0800][1880.427s] GC(479) Concurrent Rebuild Remembered Sets
[2023-04-09T19:12:24.939+0800][1880.447s] GC(479) Concurrent Rebuild Remembered Sets 20.586ms
[2023-04-09T19:12:24.939+0800][1880.447s] GC(479) Pause Cleanup
[2023-04-09T19:12:24.939+0800][1880.448s] GC(479) Pause Cleanup 256M->256M(512M) 0.217ms
[2023-04-09T19:12:24.939+0800][1880.448s] GC(479) User=0.00s Sys=0.00s Real=0.00s
[2023-04-09T19:12:24.939+0800][1880.448s] GC(479) Concurrent Cleanup for Next Mark
[2023-04-09T19:12:24.940+0800][1880.449s] GC(479) Concurrent Cleanup for Next Mark 0.946ms
[2023-04-09T19:12:24.940+0800][1880.449s] GC(479) Concurrent Cycle 64.182ms
[2023-04-09T19:12:25.155+0800][1880.664s] GC(480) Pause Young (Prepare Mixed) (G1 Evacuation Pause)
[2023-04-09T19:12:25.155+0800][1880.664s] GC(480) Using 8 workers of 8 for evacuation
[2023-04-09T19:12:25.156+0800][1880.665s] GC(480)   Pre Evacuate Collection Set: 0.0ms
[2023-04-09T19:12:25.156+0800][1880.665s] GC(480)   Evacuate Collection Set: 0.7ms
[2023-04-09T19:12:25.156+0800][1880.665s] GC(480)   Post Evacuate Collection Set: 0.3ms
[2023-04-09T19:12:25.156+0800][1880.665s] GC(480)   Other: 0.2ms
[2023-04-09T19:12:25.156+0800][1880.665s] GC(480) Eden regions: 202->0(19)
[2023-04-09T19:12:25.156+0800][1880.665s] GC(480) Survivor regions: 7->6(27)
[2023-04-09T19:12:25.156+0800][1880.665s] GC(480) Old regions: 135->135
[2023-04-09T19:12:25.156+0800][1880.665s] GC(480) Humongous regions: 67->65
[2023-04-09T19:12:25.156+0800][1880.665s] GC(480) Metaspace: 61205K(64368K)->61205K(64368K) NonClass: 54258K(56228K)->54258K(56228K) Class: 6946K(8140K)->6946K(8140K)
[2023-04-09T19:12:25.156+0800][1880.665s] GC(480) Pause Young (Prepare Mixed) (G1 Evacuation Pause) 409M->204M(512M) 1.437ms
[2023-04-09T19:12:25.156+0800][1880.665s] GC(480) User=0.00s Sys=0.00s Real=0.00s
[2023-04-09T19:12:25.169+0800][1880.678s] GC(481) Pause Young (Mixed) (G1 Evacuation Pause)
[2023-04-09T19:12:25.169+0800][1880.678s] GC(481) Using 8 workers of 8 for evacuation
[2023-04-09T19:12:25.171+0800][1880.680s] GC(481)   Pre Evacuate Collection Set: 0.0ms
[2023-04-09T19:12:25.171+0800][1880.680s] GC(481)   Evacuate Collection Set: 1.2ms
[2023-04-09T19:12:25.171+0800][1880.680s] GC(481)   Post Evacuate Collection Set: 0.3ms
[2023-04-09T19:12:25.171+0800][1880.680s] GC(481)   Other: 0.2ms
[2023-04-09T19:12:25.171+0800][1880.680s] GC(481) Eden regions: 19->0(212)
[2023-04-09T19:12:25.171+0800][1880.680s] GC(481) Survivor regions: 6->1(4)
[2023-04-09T19:12:25.171+0800][1880.680s] GC(481) Old regions: 135->131
[2023-04-09T19:12:25.171+0800][1880.680s] GC(481) Humongous regions: 65->65
[2023-04-09T19:12:25.171+0800][1880.680s] GC(481) Metaspace: 61205K(64368K)->61205K(64368K) NonClass: 54258K(56228K)->54258K(56228K) Class: 6946K(8140K)->6946K(8140K)
[2023-04-09T19:12:25.171+0800][1880.680s] GC(481) Pause Young (Mixed) (G1 Evacuation Pause) 223M->195M(512M) 1.889ms
[2023-04-09T19:12:25.171+0800][1880.680s] GC(481) User=0.00s Sys=0.00s Real=0.00s
[2023-04-09T19:12:25.342+0800][1880.851s] GC(482) Pause Young (Normal) (G1 Evacuation Pause)
[2023-04-09T19:12:25.342+0800][1880.851s] GC(482) Using 8 workers of 8 for evacuation
[2023-04-09T19:12:25.343+0800][1880.852s] GC(482)   Pre Evacuate Collection Set: 0.0ms
[2023-04-09T19:12:25.343+0800][1880.852s] GC(482)   Evacuate Collection Set: 0.5ms
[2023-04-09T19:12:25.343+0800][1880.852s] GC(482)   Post Evacuate Collection Set: 0.3ms
[2023-04-09T19:12:25.343+0800][1880.852s] GC(482)   Other: 0.2ms
[2023-04-09T19:12:25.343+0800][1880.852s] GC(482) Eden regions: 212->0(213)
[2023-04-09T19:12:25.343+0800][1880.852s] GC(482) Survivor regions: 1->3(27)
[2023-04-09T19:12:25.343+0800][1880.852s] GC(482) Old regions: 131->131
[2023-04-09T19:12:25.343+0800][1880.852s] GC(482) Humongous regions: 70->70
[2023-04-09T19:12:25.343+0800][1880.852s] GC(482) Metaspace: 61205K(64368K)->61205K(64368K) NonClass: 54258K(56228K)->54258K(56228K) Class: 6946K(8140K)->6946K(8140K)
[2023-04-09T19:12:25.343+0800][1880.852s] GC(482) Pause Young (Normal) (G1 Evacuation Pause) 412M->202M(512M) 1.292ms
[2023-04-09T19:12:25.343+0800][1880.852s] GC(482) User=0.00s Sys=0.00s Real=0.00s
[2023-04-09T19:12:25.563+0800][1881.072s] GC(483) Pause Young (Normal) (G1 Evacuation Pause)
[2023-04-09T19:12:25.563+0800][1881.072s] GC(483) Using 8 workers of 8 for evacuation
[2023-04-09T19:12:25.564+0800][1881.073s] GC(483)   Pre Evacuate Collection Set: 0.0ms
[2023-04-09T19:12:25.564+0800][1881.073s] GC(483)   Evacuate Collection Set: 0.6ms
[2023-04-09T19:12:25.564+0800][1881.073s] GC(483)   Post Evacuate Collection Set: 0.3ms
[2023-04-09T19:12:25.564+0800][1881.073s] GC(483)   Other: 0.2ms
[2023-04-09T19:12:25.564+0800][1881.073s] GC(483) Eden regions: 213->0(217)
[2023-04-09T19:12:25.564+0800][1881.073s] GC(483) Survivor regions: 3->4(27)
[2023-04-09T19:12:25.564+0800][1881.073s] GC(483) Old regions: 131->131
[2023-04-09T19:12:25.564+0800][1881.073s] GC(483) Humongous regions: 70->70
[2023-04-09T19:12:25.564+0800][1881.073s] GC(483) Metaspace: 61205K(64368K)->61205K(64368K) NonClass: 54258K(56228K)->54258K(56228K) Class: 6946K(8140K)->6946K(8140K)
[2023-04-09T19:12:25.564+0800][1881.073s] GC(483) Pause Young (Normal) (G1 Evacuation Pause) 415M->203M(512M) 1.256ms
[2023-04-09T19:12:25.564+0800][1881.073s] GC(483) User=0.00s Sys=0.00s Real=0.00s
[2023-04-09T19:12:25.723+0800][1881.232s] GC(484) Pause Young (Concurrent Start) (G1 Evacuation Pause)
[2023-04-09T19:12:25.723+0800][1881.232s] GC(484) Using 8 workers of 8 for evacuation
[2023-04-09T19:12:25.725+0800][1881.233s] GC(484)   Pre Evacuate Collection Set: 0.1ms
[2023-04-09T19:12:25.725+0800][1881.234s] GC(484)   Evacuate Collection Set: 0.9ms
[2023-04-09T19:12:25.725+0800][1881.234s] GC(484)   Post Evacuate Collection Set: 0.3ms
[2023-04-09T19:12:25.725+0800][1881.234s] GC(484)   Other: 0.2ms
[2023-04-09T19:12:25.725+0800][1881.234s] GC(484) Eden regions: 217->0(221)
[2023-04-09T19:12:25.725+0800][1881.234s] GC(484) Survivor regions: 4->4(28)
[2023-04-09T19:12:25.725+0800][1881.234s] GC(484) Old regions: 131->131
[2023-04-09T19:12:25.725+0800][1881.234s] GC(484) Humongous regions: 70->70
[2023-04-09T19:12:25.725+0800][1881.234s] GC(484) Metaspace: 61205K(64368K)->61205K(64368K) NonClass: 54258K(56228K)->54258K(56228K) Class: 6946K(8140K)->6946K(8140K)
[2023-04-09T19:12:25.725+0800][1881.234s] GC(484) Pause Young (Concurrent Start) (G1 Evacuation Pause) 420M->203M(512M) 1.849ms
[2023-04-09T19:12:25.725+0800][1881.234s] GC(484) User=0.00s Sys=0.00s Real=0.00s
[2023-04-09T19:12:25.725+0800][1881.234s] GC(485) Concurrent Cycle
[2023-04-09T19:12:25.725+0800][1881.234s] GC(485) Concurrent Clear Claimed Marks
[2023-04-09T19:12:25.725+0800][1881.234s] GC(485) Concurrent Clear Claimed Marks 0.062ms
[2023-04-09T19:12:25.725+0800][1881.234s] GC(485) Concurrent Scan Root Regions
[2023-04-09T19:12:25.726+0800][1881.235s] GC(485) Concurrent Scan Root Regions 0.527ms
[2023-04-09T19:12:25.726+0800][1881.235s] GC(485) Concurrent Mark (1881.235s)
[2023-04-09T19:12:25.726+0800][1881.235s] GC(485) Concurrent Mark From Roots
[2023-04-09T19:12:25.726+0800][1881.235s] GC(485) Using 2 workers of 2 for marking
[2023-04-09T19:12:25.768+0800][1881.276s] GC(485) Concurrent Mark From Roots 41.772ms
[2023-04-09T19:12:25.768+0800][1881.276s] GC(485) Concurrent Preclean
[2023-04-09T19:12:25.768+0800][1881.277s] GC(485) Concurrent Preclean 0.325ms
[2023-04-09T19:12:25.768+0800][1881.277s] GC(485) Concurrent Mark (1881.235s, 1881.277s) 42.209ms
[2023-04-09T19:12:25.768+0800][1881.277s] GC(485) Pause Remark
[2023-04-09T19:12:25.773+0800][1881.282s] GC(485) Cleaned string and symbol table, strings: 27846 processed, 0 removed, symbols: 172411 processed, 0 removed
[2023-04-09T19:12:25.774+0800][1881.282s] GC(485) Pause Remark 239M->234M(512M) 5.228ms
[2023-04-09T19:12:25.774+0800][1881.282s] GC(485) User=0.00s Sys=0.00s Real=0.01s
[2023-04-09T19:12:25.774+0800][1881.282s] GC(485) Concurrent Rebuild Remembered Sets
[2023-04-09T19:12:25.795+0800][1881.304s] GC(485) Concurrent Rebuild Remembered Sets 21.730ms
[2023-04-09T19:12:25.796+0800][1881.304s] GC(485) Pause Cleanup
[2023-04-09T19:12:25.796+0800][1881.304s] GC(485) Pause Cleanup 254M->254M(512M) 0.148ms
[2023-04-09T19:12:25.796+0800][1881.304s] GC(485) User=0.00s Sys=0.00s Real=0.00s
[2023-04-09T19:12:25.796+0800][1881.304s] GC(485) Concurrent Cleanup for Next Mark
[2023-04-09T19:12:25.797+0800][1881.305s] GC(485) Concurrent Cleanup for Next Mark 0.886ms
[2023-04-09T19:12:25.797+0800][1881.305s] GC(485) Concurrent Cycle 71.535ms
[2023-04-09T19:12:26.020+0800][1881.528s] GC(486) Pause Young (Prepare Mixed) (G1 Evacuation Pause)
[2023-04-09T19:12:26.020+0800][1881.528s] GC(486) Using 8 workers of 8 for evacuation
[2023-04-09T19:12:26.022+0800][1881.530s] GC(486)   Pre Evacuate Collection Set: 0.0ms
[2023-04-09T19:12:26.022+0800][1881.531s] GC(486)   Evacuate Collection Set: 1.4ms
[2023-04-09T19:12:26.022+0800][1881.531s] GC(486)   Post Evacuate Collection Set: 0.5ms
[2023-04-09T19:12:26.022+0800][1881.531s] GC(486)   Other: 0.2ms
[2023-04-09T19:12:26.022+0800][1881.531s] GC(486) Eden regions: 221->0(16)
[2023-04-09T19:12:26.022+0800][1881.531s] GC(486) Survivor regions: 4->9(29)
[2023-04-09T19:12:26.022+0800][1881.531s] GC(486) Old regions: 131->131
[2023-04-09T19:12:26.022+0800][1881.531s] GC(486) Humongous regions: 66->66
[2023-04-09T19:12:26.022+0800][1881.531s] GC(486) Metaspace: 61208K(64368K)->61208K(64368K) NonClass: 54262K(56228K)->54262K(56228K) Class: 6946K(8140K)->6946K(8140K)
[2023-04-09T19:12:26.022+0800][1881.531s] GC(486) Pause Young (Prepare Mixed) (G1 Evacuation Pause) 420M->204M(512M) 2.390ms
[2023-04-09T19:12:26.022+0800][1881.531s] GC(486) User=0.00s Sys=0.00s Real=0.00s
[2023-04-09T19:12:26.034+0800][1881.543s] GC(487) Pause Young (Mixed) (G1 Evacuation Pause)
[2023-04-09T19:12:26.034+0800][1881.543s] GC(487) Using 8 workers of 8 for evacuation
[2023-04-09T19:12:26.036+0800][1881.545s] GC(487)   Pre Evacuate Collection Set: 0.0ms
[2023-04-09T19:12:26.036+0800][1881.545s] GC(487)   Evacuate Collection Set: 1.5ms
[2023-04-09T19:12:26.036+0800][1881.545s] GC(487)   Post Evacuate Collection Set: 0.3ms
[2023-04-09T19:12:26.036+0800][1881.545s] GC(487)   Other: 0.2ms
[2023-04-09T19:12:26.036+0800][1881.545s] GC(487) Eden regions: 16->0(222)
[2023-04-09T19:12:26.036+0800][1881.545s] GC(487) Survivor regions: 9->4(4)
[2023-04-09T19:12:26.036+0800][1881.545s] GC(487) Old regions: 131->135
[2023-04-09T19:12:26.036+0800][1881.545s] GC(487) Humongous regions: 66->66
[2023-04-09T19:12:26.037+0800][1881.545s] GC(487) Metaspace: 61208K(64368K)->61208K(64368K) NonClass: 54262K(56228K)->54262K(56228K) Class: 6946K(8140K)->6946K(8140K)
[2023-04-09T19:12:26.037+0800][1881.545s] GC(487) Pause Young (Mixed) (G1 Evacuation Pause) 220M->203M(512M) 2.224ms
[2023-04-09T19:12:26.037+0800][1881.545s] GC(487) User=0.00s Sys=0.00s Real=0.00s
[2023-04-09T19:12:26.236+0800][1881.744s] GC(488) Pause Young (Normal) (G1 Evacuation Pause)
[2023-04-09T19:12:26.236+0800][1881.744s] GC(488) Using 8 workers of 8 for evacuation
[2023-04-09T19:12:26.237+0800][1881.746s] GC(488)   Pre Evacuate Collection Set: 0.0ms
[2023-04-09T19:12:26.237+0800][1881.746s] GC(488)   Evacuate Collection Set: 1.1ms
[2023-04-09T19:12:26.237+0800][1881.746s] GC(488)   Post Evacuate Collection Set: 0.4ms
[2023-04-09T19:12:26.237+0800][1881.746s] GC(488)   Other: 0.2ms
[2023-04-09T19:12:26.237+0800][1881.746s] GC(488) Eden regions: 222->0(214)
[2023-04-09T19:12:26.237+0800][1881.746s] GC(488) Survivor regions: 4->8(29)
[2023-04-09T19:12:26.237+0800][1881.746s] GC(488) Old regions: 135->135
[2023-04-09T19:12:26.237+0800][1881.746s] GC(488) Humongous regions: 86->76
[2023-04-09T19:12:26.238+0800][1881.746s] GC(488) Metaspace: 61208K(64368K)->61208K(64368K) NonClass: 54262K(56228K)->54262K(56228K) Class: 6946K(8140K)->6946K(8140K)
[2023-04-09T19:12:26.238+0800][1881.746s] GC(488) Pause Young (Normal) (G1 Evacuation Pause) 445M->218M(512M) 2.007ms
[2023-04-09T19:12:26.238+0800][1881.746s] GC(488) User=0.00s Sys=0.00s Real=0.00s
[2023-04-09T19:12:26.262+0800][1881.771s] GC(489) Pause Young (Concurrent Start) (G1 Humongous Allocation)
[2023-04-09T19:12:26.262+0800][1881.771s] GC(489) Using 8 workers of 8 for evacuation
[2023-04-09T19:12:26.264+0800][1881.773s] GC(489)   Pre Evacuate Collection Set: 0.1ms
[2023-04-09T19:12:26.264+0800][1881.773s] GC(489)   Evacuate Collection Set: 1.3ms
[2023-04-09T19:12:26.264+0800][1881.773s] GC(489)   Post Evacuate Collection Set: 0.3ms
[2023-04-09T19:12:26.264+0800][1881.773s] GC(489)   Other: 0.2ms
[2023-04-09T19:12:26.264+0800][1881.773s] GC(489) Eden regions: 26->0(135)
[2023-04-09T19:12:26.264+0800][1881.773s] GC(489) Survivor regions: 8->9(28)
[2023-04-09T19:12:26.264+0800][1881.773s] GC(489) Old regions: 135->135
[2023-04-09T19:12:26.264+0800][1881.773s] GC(489) Humongous regions: 76->76
[2023-04-09T19:12:26.264+0800][1881.773s] GC(489) Metaspace: 61208K(64368K)->61208K(64368K) NonClass: 54262K(56228K)->54262K(56228K) Class: 6946K(8140K)->6946K(8140K)
[2023-04-09T19:12:26.264+0800][1881.773s] GC(489) Pause Young (Concurrent Start) (G1 Humongous Allocation) 244M->218M(512M) 2.028ms
[2023-04-09T19:12:26.264+0800][1881.773s] GC(489) User=0.00s Sys=0.00s Real=0.00s
[2023-04-09T19:12:26.264+0800][1881.773s] GC(490) Concurrent Cycle
[2023-04-09T19:12:26.264+0800][1881.773s] GC(490) Concurrent Clear Claimed Marks
[2023-04-09T19:12:26.264+0800][1881.773s] GC(490) Concurrent Clear Claimed Marks 0.122ms
[2023-04-09T19:12:26.265+0800][1881.773s] GC(490) Concurrent Scan Root Regions
[2023-04-09T19:12:26.265+0800][1881.774s] GC(490) Concurrent Scan Root Regions 0.680ms
[2023-04-09T19:12:26.265+0800][1881.774s] GC(490) Concurrent Mark (1881.774s)
[2023-04-09T19:12:26.265+0800][1881.774s] GC(490) Concurrent Mark From Roots
[2023-04-09T19:12:26.265+0800][1881.774s] GC(490) Using 2 workers of 2 for marking
[2023-04-09T19:12:26.292+0800][1881.801s] GC(490) Concurrent Mark From Roots 27.201ms
[2023-04-09T19:12:26.293+0800][1881.801s] GC(490) Concurrent Preclean
[2023-04-09T19:12:26.293+0800][1881.802s] GC(490) Concurrent Preclean 0.299ms
[2023-04-09T19:12:26.293+0800][1881.802s] GC(490) Concurrent Mark (1881.774s, 1881.802s) 27.596ms
[2023-04-09T19:12:26.293+0800][1881.802s] GC(490) Pause Remark
[2023-04-09T19:12:26.297+0800][1881.806s] GC(490) Cleaned string and symbol table, strings: 27846 processed, 0 removed, symbols: 172411 processed, 0 removed
[2023-04-09T19:12:26.297+0800][1881.806s] GC(490) Pause Remark 253M->178M(512M) 4.443ms
[2023-04-09T19:12:26.298+0800][1881.806s] GC(490) User=0.00s Sys=0.00s Real=0.01s
[2023-04-09T19:12:26.298+0800][1881.806s] GC(490) Concurrent Rebuild Remembered Sets
[2023-04-09T19:12:26.313+0800][1881.822s] GC(490) Concurrent Rebuild Remembered Sets 15.873ms
[2023-04-09T19:12:26.314+0800][1881.822s] GC(490) Pause Cleanup
[2023-04-09T19:12:26.314+0800][1881.823s] GC(490) Pause Cleanup 201M->201M(512M) 0.167ms
[2023-04-09T19:12:26.314+0800][1881.823s] GC(490) User=0.00s Sys=0.00s Real=0.00s
[2023-04-09T19:12:26.314+0800][1881.823s] GC(490) Concurrent Cleanup for Next Mark
[2023-04-09T19:12:26.315+0800][1881.824s] GC(490) Concurrent Cleanup for Next Mark 0.838ms
[2023-04-09T19:12:26.315+0800][1881.824s] GC(490) Concurrent Cycle 50.485ms
[2023-04-09T19:12:26.402+0800][1881.910s] GC(491) Pause Young (Prepare Mixed) (G1 Evacuation Pause)
[2023-04-09T19:12:26.402+0800][1881.910s] GC(491) Using 8 workers of 8 for evacuation
[2023-04-09T19:12:26.404+0800][1881.913s] GC(491)   Pre Evacuate Collection Set: 0.0ms
[2023-04-09T19:12:26.404+0800][1881.913s] GC(491)   Evacuate Collection Set: 1.9ms
[2023-04-09T19:12:26.404+0800][1881.913s] GC(491)   Post Evacuate Collection Set: 0.5ms
[2023-04-09T19:12:26.404+0800][1881.913s] GC(491)   Other: 0.2ms
[2023-04-09T19:12:26.404+0800][1881.913s] GC(491) Eden regions: 135->0(12)
[2023-04-09T19:12:26.404+0800][1881.913s] GC(491) Survivor regions: 9->13(18)
[2023-04-09T19:12:26.404+0800][1881.913s] GC(491) Old regions: 121->121
[2023-04-09T19:12:26.404+0800][1881.913s] GC(491) Humongous regions: 36->15
[2023-04-09T19:12:26.404+0800][1881.913s] GC(491) Metaspace: 61208K(64368K)->61208K(64368K) NonClass: 54262K(56228K)->54262K(56228K) Class: 6946K(8140K)->6946K(8140K)
[2023-04-09T19:12:26.404+0800][1881.913s] GC(491) Pause Young (Prepare Mixed) (G1 Evacuation Pause) 299M->148M(512M) 2.852ms
[2023-04-09T19:12:26.405+0800][1881.913s] GC(491) User=0.00s Sys=0.00s Real=0.00s
[2023-04-09T19:12:26.419+0800][1881.928s] GC(492) Pause Young (Mixed) (G1 Evacuation Pause)
[2023-04-09T19:12:26.419+0800][1881.928s] GC(492) Using 8 workers of 8 for evacuation
[2023-04-09T19:12:26.422+0800][1881.931s] GC(492)   Pre Evacuate Collection Set: 0.0ms
[2023-04-09T19:12:26.422+0800][1881.931s] GC(492)   Evacuate Collection Set: 2.6ms
[2023-04-09T19:12:26.423+0800][1881.931s] GC(492)   Post Evacuate Collection Set: 0.4ms
[2023-04-09T19:12:26.423+0800][1881.931s] GC(492)   Other: 0.2ms
[2023-04-09T19:12:26.423+0800][1881.931s] GC(492) Eden regions: 12->0(24)
[2023-04-09T19:12:26.423+0800][1881.931s] GC(492) Survivor regions: 13->1(4)
[2023-04-09T19:12:26.423+0800][1881.931s] GC(492) Old regions: 121->86
[2023-04-09T19:12:26.423+0800][1881.931s] GC(492) Humongous regions: 15->15
[2023-04-09T19:12:26.423+0800][1881.931s] GC(492) Metaspace: 61208K(64368K)->61208K(64368K) NonClass: 54262K(56228K)->54262K(56228K) Class: 6946K(8140K)->6946K(8140K)
[2023-04-09T19:12:26.423+0800][1881.931s] GC(492) Pause Young (Mixed) (G1 Evacuation Pause) 160M->100M(512M) 3.369ms
[2023-04-09T19:12:26.423+0800][1881.931s] GC(492) User=0.00s Sys=0.00s Real=0.00s
[2023-04-09T19:12:26.453+0800][1881.962s] GC(493) Pause Young (Mixed) (G1 Evacuation Pause)
[2023-04-09T19:12:26.453+0800][1881.962s] GC(493) Using 8 workers of 8 for evacuation
[2023-04-09T19:12:26.454+0800][1881.963s] GC(493)   Pre Evacuate Collection Set: 0.0ms
[2023-04-09T19:12:26.454+0800][1881.963s] GC(493)   Evacuate Collection Set: 0.6ms
[2023-04-09T19:12:26.454+0800][1881.963s] GC(493)   Post Evacuate Collection Set: 0.3ms
[2023-04-09T19:12:26.454+0800][1881.963s] GC(493)   Other: 0.3ms
[2023-04-09T19:12:26.454+0800][1881.963s] GC(493) Eden regions: 24->0(205)
[2023-04-09T19:12:26.454+0800][1881.963s] GC(493) Survivor regions: 1->3(4)
[2023-04-09T19:12:26.454+0800][1881.963s] GC(493) Old regions: 86->84
[2023-04-09T19:12:26.454+0800][1881.963s] GC(493) Humongous regions: 22->22
[2023-04-09T19:12:26.454+0800][1881.963s] GC(493) Metaspace: 61208K(64368K)->61208K(64368K) NonClass: 54262K(56228K)->54262K(56228K) Class: 6946K(8140K)->6946K(8140K)
[2023-04-09T19:12:26.455+0800][1881.963s] GC(493) Pause Young (Mixed) (G1 Evacuation Pause) 131M->108M(512M) 1.373ms
[2023-04-09T19:12:26.455+0800][1881.963s] GC(493) User=0.00s Sys=0.00s Real=0.00s
[2023-04-09T19:12:26.702+0800][1882.211s] GC(494) Pause Young (Normal) (G1 Evacuation Pause)
[2023-04-09T19:12:26.702+0800][1882.211s] GC(494) Using 8 workers of 8 for evacuation
[2023-04-09T19:12:26.704+0800][1882.213s] GC(494)   Pre Evacuate Collection Set: 0.0ms
[2023-04-09T19:12:26.704+0800][1882.213s] GC(494)   Evacuate Collection Set: 1.2ms
[2023-04-09T19:12:26.704+0800][1882.213s] GC(494)   Post Evacuate Collection Set: 0.3ms
[2023-04-09T19:12:26.704+0800][1882.213s] GC(494)   Other: 0.2ms
[2023-04-09T19:12:26.704+0800][1882.213s] GC(494) Eden regions: 205->0(212)
[2023-04-09T19:12:26.704+0800][1882.213s] GC(494) Survivor regions: 3->10(26)
[2023-04-09T19:12:26.704+0800][1882.213s] GC(494) Old regions: 84->84
[2023-04-09T19:12:26.704+0800][1882.213s] GC(494) Humongous regions: 71->32
[2023-04-09T19:12:26.704+0800][1882.213s] GC(494) Metaspace: 61208K(64368K)->61208K(64368K) NonClass: 54262K(56228K)->54262K(56228K) Class: 6946K(8140K)->6946K(8140K)
[2023-04-09T19:12:26.704+0800][1882.213s] GC(494) Pause Young (Normal) (G1 Evacuation Pause) 362M->125M(512M) 1.945ms
[2023-04-09T19:12:26.704+0800][1882.213s] GC(494) User=0.00s Sys=0.00s Real=0.00s
[2023-04-09T19:12:26.950+0800][1882.458s] GC(495) Pause Young (Normal) (G1 Evacuation Pause)
[2023-04-09T19:12:26.950+0800][1882.458s] GC(495) Using 8 workers of 8 for evacuation
[2023-04-09T19:12:26.953+0800][1882.461s] GC(495)   Pre Evacuate Collection Set: 0.0ms
[2023-04-09T19:12:26.953+0800][1882.461s] GC(495)   Evacuate Collection Set: 2.2ms
[2023-04-09T19:12:26.953+0800][1882.461s] GC(495)   Post Evacuate Collection Set: 0.3ms
[2023-04-09T19:12:26.953+0800][1882.461s] GC(495)   Other: 0.2ms
[2023-04-09T19:12:26.953+0800][1882.461s] GC(495) Eden regions: 212->0(217)
[2023-04-09T19:12:26.953+0800][1882.461s] GC(495) Survivor regions: 10->17(28)
[2023-04-09T19:12:26.953+0800][1882.461s] GC(495) Old regions: 84->84
[2023-04-09T19:12:26.953+0800][1882.461s] GC(495) Humongous regions: 47->33
[2023-04-09T19:12:26.953+0800][1882.461s] GC(495) Metaspace: 61213K(64368K)->61213K(64368K) NonClass: 54266K(56228K)->54266K(56228K) Class: 6946K(8140K)->6946K(8140K)
[2023-04-09T19:12:26.953+0800][1882.461s] GC(495) Pause Young (Normal) (G1 Evacuation Pause) 352M->133M(512M) 2.895ms
[2023-04-09T19:12:26.953+0800][1882.461s] GC(495) User=0.00s Sys=0.00s Real=0.00s
[2023-04-09T19:12:27.323+0800][1882.831s] GC(496) Pause Young (Normal) (G1 Evacuation Pause)
[2023-04-09T19:12:27.323+0800][1882.831s] GC(496) Using 8 workers of 8 for evacuation
[2023-04-09T19:12:27.325+0800][1882.834s] GC(496)   Pre Evacuate Collection Set: 0.0ms
[2023-04-09T19:12:27.325+0800][1882.834s] GC(496)   Evacuate Collection Set: 2.0ms
[2023-04-09T19:12:27.325+0800][1882.834s] GC(496)   Post Evacuate Collection Set: 0.5ms
[2023-04-09T19:12:27.325+0800][1882.834s] GC(496)   Other: 0.2ms
[2023-04-09T19:12:27.325+0800][1882.834s] GC(496) Eden regions: 217->0(223)
[2023-04-09T19:12:27.325+0800][1882.834s] GC(496) Survivor regions: 17->12(30)
[2023-04-09T19:12:27.325+0800][1882.834s] GC(496) Old regions: 84->91
[2023-04-09T19:12:27.325+0800][1882.834s] GC(496) Humongous regions: 46->39
[2023-04-09T19:12:27.325+0800][1882.834s] GC(496) Metaspace: 61213K(64368K)->61213K(64368K) NonClass: 54266K(56228K)->54266K(56228K) Class: 6946K(8140K)->6946K(8140K)
[2023-04-09T19:12:27.325+0800][1882.834s] GC(496) Pause Young (Normal) (G1 Evacuation Pause) 363M->140M(512M) 2.913ms
[2023-04-09T19:12:27.326+0800][1882.834s] GC(496) User=0.11s Sys=0.00s Real=0.00s
[2023-04-09T19:12:27.721+0800][1883.230s] GC(497) Pause Young (Normal) (G1 Evacuation Pause)
[2023-04-09T19:12:27.721+0800][1883.230s] GC(497) Using 8 workers of 8 for evacuation
[2023-04-09T19:12:27.723+0800][1883.232s] GC(497)   Pre Evacuate Collection Set: 0.0ms
[2023-04-09T19:12:27.724+0800][1883.232s] GC(497)   Evacuate Collection Set: 1.5ms
[2023-04-09T19:12:27.724+0800][1883.232s] GC(497)   Post Evacuate Collection Set: 0.4ms
[2023-04-09T19:12:27.724+0800][1883.232s] GC(497)   Other: 0.2ms
[2023-04-09T19:12:27.724+0800][1883.232s] GC(497) Eden regions: 223->0(230)
[2023-04-09T19:12:27.724+0800][1883.232s] GC(497) Survivor regions: 12->13(30)
[2023-04-09T19:12:27.724+0800][1883.232s] GC(497) Old regions: 91->91
[2023-04-09T19:12:27.724+0800][1883.232s] GC(497) Humongous regions: 39->39
[2023-04-09T19:12:27.724+0800][1883.232s] GC(497) Metaspace: 61213K(64368K)->61213K(64368K) NonClass: 54266K(56228K)->54266K(56228K) Class: 6946K(8140K)->6946K(8140K)
[2023-04-09T19:12:27.724+0800][1883.232s] GC(497) Pause Young (Normal) (G1 Evacuation Pause) 363M->141M(512M) 2.243ms
[2023-04-09T19:12:27.724+0800][1883.232s] GC(497) User=0.00s Sys=0.00s Real=0.00s
[2023-04-09T19:12:28.119+0800][1883.627s] GC(498) Pause Young (Normal) (G1 Evacuation Pause)
[2023-04-09T19:12:28.119+0800][1883.627s] GC(498) Using 8 workers of 8 for evacuation
[2023-04-09T19:12:28.121+0800][1883.630s] GC(498)   Pre Evacuate Collection Set: 0.0ms
[2023-04-09T19:12:28.121+0800][1883.630s] GC(498)   Evacuate Collection Set: 1.9ms
[2023-04-09T19:12:28.121+0800][1883.630s] GC(498)   Post Evacuate Collection Set: 0.6ms
[2023-04-09T19:12:28.121+0800][1883.630s] GC(498)   Other: 0.2ms
[2023-04-09T19:12:28.121+0800][1883.630s] GC(498) Eden regions: 230->0(236)
[2023-04-09T19:12:28.121+0800][1883.630s] GC(498) Survivor regions: 13->16(31)
[2023-04-09T19:12:28.122+0800][1883.630s] GC(498) Old regions: 91->91
[2023-04-09T19:12:28.122+0800][1883.630s] GC(498) Humongous regions: 40->40
[2023-04-09T19:12:28.122+0800][1883.630s] GC(498) Metaspace: 61213K(64368K)->61213K(64368K) NonClass: 54266K(56228K)->54266K(56228K) Class: 6946K(8140K)->6946K(8140K)
[2023-04-09T19:12:28.122+0800][1883.630s] GC(498) Pause Young (Normal) (G1 Evacuation Pause) 372M->146M(512M) 2.990ms
[2023-04-09T19:12:28.122+0800][1883.630s] GC(498) User=0.11s Sys=0.00s Real=0.00s
[2023-04-09T19:12:28.535+0800][1884.043s] GC(499) Pause Young (Normal) (G1 Evacuation Pause)
[2023-04-09T19:12:28.535+0800][1884.043s] GC(499) Using 8 workers of 8 for evacuation
[2023-04-09T19:12:28.538+0800][1884.046s] GC(499)   Pre Evacuate Collection Set: 0.0ms
[2023-04-09T19:12:28.538+0800][1884.047s] GC(499)   Evacuate Collection Set: 2.4ms
[2023-04-09T19:12:28.538+0800][1884.047s] GC(499)   Post Evacuate Collection Set: 0.4ms
[2023-04-09T19:12:28.538+0800][1884.047s] GC(499)   Other: 0.2ms
[2023-04-09T19:12:28.538+0800][1884.047s] GC(499) Eden regions: 236->0(238)
[2023-04-09T19:12:28.538+0800][1884.047s] GC(499) Survivor regions: 16->21(32)
[2023-04-09T19:12:28.538+0800][1884.047s] GC(499) Old regions: 91->91
[2023-04-09T19:12:28.538+0800][1884.047s] GC(499) Humongous regions: 42->41
[2023-04-09T19:12:28.538+0800][1884.047s] GC(499) Metaspace: 61213K(64368K)->61213K(64368K) NonClass: 54266K(56228K)->54266K(56228K) Class: 6946K(8140K)->6946K(8140K)
[2023-04-09T19:12:28.538+0800][1884.047s] GC(499) Pause Young (Normal) (G1 Evacuation Pause) 384M->152M(512M) 3.363ms
[2023-04-09T19:12:28.538+0800][1884.047s] GC(499) User=0.00s Sys=0.00s Real=0.00s
[2023-04-09T19:12:28.971+0800][1884.480s] GC(500) Pause Young (Normal) (G1 Evacuation Pause)
[2023-04-09T19:12:28.972+0800][1884.480s] GC(500) Using 8 workers of 8 for evacuation
[2023-04-09T19:12:28.975+0800][1884.483s] GC(500)   Pre Evacuate Collection Set: 0.0ms
[2023-04-09T19:12:28.975+0800][1884.484s] GC(500)   Evacuate Collection Set: 2.3ms
[2023-04-09T19:12:28.975+0800][1884.484s] GC(500)   Post Evacuate Collection Set: 0.6ms
[2023-04-09T19:12:28.975+0800][1884.484s] GC(500)   Other: 0.2ms
[2023-04-09T19:12:28.975+0800][1884.484s] GC(500) Eden regions: 238->0(240)
[2023-04-09T19:12:28.975+0800][1884.484s] GC(500) Survivor regions: 21->14(33)
[2023-04-09T19:12:28.975+0800][1884.484s] GC(500) Old regions: 91->98
[2023-04-09T19:12:28.975+0800][1884.484s] GC(500) Humongous regions: 47->47
[2023-04-09T19:12:28.975+0800][1884.484s] GC(500) Metaspace: 61213K(64368K)->61213K(64368K) NonClass: 54266K(56228K)->54266K(56228K) Class: 6946K(8140K)->6946K(8140K)
[2023-04-09T19:12:28.975+0800][1884.484s] GC(500) Pause Young (Normal) (G1 Evacuation Pause) 396M->158M(512M) 3.452ms
[2023-04-09T19:12:28.975+0800][1884.484s] GC(500) User=0.00s Sys=0.00s Real=0.00s
[2023-04-09T19:12:29.463+0800][1884.972s] GC(501) Pause Young (Normal) (G1 Evacuation Pause)
[2023-04-09T19:12:29.463+0800][1884.972s] GC(501) Using 8 workers of 8 for evacuation
[2023-04-09T19:12:29.466+0800][1884.974s] GC(501)   Pre Evacuate Collection Set: 0.0ms
[2023-04-09T19:12:29.466+0800][1884.974s] GC(501)   Evacuate Collection Set: 1.6ms
[2023-04-09T19:12:29.466+0800][1884.974s] GC(501)   Post Evacuate Collection Set: 0.6ms
[2023-04-09T19:12:29.466+0800][1884.975s] GC(501)   Other: 0.2ms
[2023-04-09T19:12:29.466+0800][1884.975s] GC(501) Eden regions: 240->0(243)
[2023-04-09T19:12:29.466+0800][1884.975s] GC(501) Survivor regions: 14->15(32)
[2023-04-09T19:12:29.466+0800][1884.975s] GC(501) Old regions: 98->98
[2023-04-09T19:12:29.466+0800][1884.975s] GC(501) Humongous regions: 55->48
[2023-04-09T19:12:29.466+0800][1884.975s] GC(501) Metaspace: 61213K(64368K)->61213K(64368K) NonClass: 54266K(56228K)->54266K(56228K) Class: 6946K(8140K)->6946K(8140K)
[2023-04-09T19:12:29.466+0800][1884.975s] GC(501) Pause Young (Normal) (G1 Evacuation Pause) 406M->160M(512M) 2.570ms
[2023-04-09T19:12:29.466+0800][1884.975s] GC(501) User=0.11s Sys=0.00s Real=0.00s
[2023-04-09T19:12:29.910+0800][1885.419s] GC(502) Pause Young (Normal) (G1 Evacuation Pause)
[2023-04-09T19:12:29.910+0800][1885.419s] GC(502) Using 8 workers of 8 for evacuation
[2023-04-09T19:12:29.912+0800][1885.421s] GC(502)   Pre Evacuate Collection Set: 0.0ms
[2023-04-09T19:12:29.912+0800][1885.421s] GC(502)   Evacuate Collection Set: 0.9ms
[2023-04-09T19:12:29.912+0800][1885.421s] GC(502)   Post Evacuate Collection Set: 0.6ms
[2023-04-09T19:12:29.912+0800][1885.421s] GC(502)   Other: 0.2ms
[2023-04-09T19:12:29.912+0800][1885.421s] GC(502) Eden regions: 243->0(253)
[2023-04-09T19:12:29.912+0800][1885.421s] GC(502) Survivor regions: 15->8(33)
[2023-04-09T19:12:29.912+0800][1885.421s] GC(502) Old regions: 98->98
[2023-04-09T19:12:29.912+0800][1885.421s] GC(502) Humongous regions: 49->40
[2023-04-09T19:12:29.912+0800][1885.421s] GC(502) Metaspace: 61213K(64368K)->61213K(64368K) NonClass: 54266K(56228K)->54266K(56228K) Class: 6946K(8140K)->6946K(8140K)
[2023-04-09T19:12:29.912+0800][1885.421s] GC(502) Pause Young (Normal) (G1 Evacuation Pause) 404M->145M(512M) 1.911ms
[2023-04-09T19:12:29.912+0800][1885.421s] GC(502) User=0.00s Sys=0.00s Real=0.00s
[2023-04-09T19:12:30.343+0800][1885.852s] GC(503) Pause Young (Normal) (G1 Evacuation Pause)
[2023-04-09T19:12:30.343+0800][1885.852s] GC(503) Using 8 workers of 8 for evacuation
[2023-04-09T19:12:30.346+0800][1885.854s] GC(503)   Pre Evacuate Collection Set: 0.0ms
[2023-04-09T19:12:30.346+0800][1885.854s] GC(503)   Evacuate Collection Set: 1.5ms
[2023-04-09T19:12:30.346+0800][1885.854s] GC(503)   Post Evacuate Collection Set: 0.5ms
[2023-04-09T19:12:30.346+0800][1885.854s] GC(503)   Other: 0.2ms
[2023-04-09T19:12:30.346+0800][1885.854s] GC(503) Eden regions: 253->0(254)
[2023-04-09T19:12:30.346+0800][1885.854s] GC(503) Survivor regions: 8->13(33)
[2023-04-09T19:12:30.346+0800][1885.854s] GC(503) Old regions: 98->98
[2023-04-09T19:12:30.346+0800][1885.854s] GC(503) Humongous regions: 42->41
[2023-04-09T19:12:30.346+0800][1885.854s] GC(503) Metaspace: 61213K(64368K)->61213K(64368K) NonClass: 54266K(56228K)->54266K(56228K) Class: 6946K(8140K)->6946K(8140K)
[2023-04-09T19:12:30.346+0800][1885.854s] GC(503) Pause Young (Normal) (G1 Evacuation Pause) 400M->151M(512M) 2.523ms
[2023-04-09T19:12:30.346+0800][1885.854s] GC(503) User=0.00s Sys=0.00s Real=0.00s
[2023-04-09T19:12:30.785+0800][1886.293s] GC(504) Pause Young (Normal) (G1 Evacuation Pause)
[2023-04-09T19:12:30.785+0800][1886.293s] GC(504) Using 8 workers of 8 for evacuation
[2023-04-09T19:12:30.787+0800][1886.296s] GC(504)   Pre Evacuate Collection Set: 0.0ms
[2023-04-09T19:12:30.787+0800][1886.296s] GC(504)   Evacuate Collection Set: 1.6ms
[2023-04-09T19:12:30.787+0800][1886.296s] GC(504)   Post Evacuate Collection Set: 0.5ms
[2023-04-09T19:12:30.787+0800][1886.296s] GC(504)   Other: 0.2ms
[2023-04-09T19:12:30.787+0800][1886.296s] GC(504) Eden regions: 254->0(255)
[2023-04-09T19:12:30.787+0800][1886.296s] GC(504) Survivor regions: 13->14(34)
[2023-04-09T19:12:30.787+0800][1886.296s] GC(504) Old regions: 98->98
[2023-04-09T19:12:30.787+0800][1886.296s] GC(504) Humongous regions: 47->47
[2023-04-09T19:12:30.787+0800][1886.296s] GC(504) Metaspace: 61213K(64368K)->61213K(64368K) NonClass: 54266K(56228K)->54266K(56228K) Class: 6946K(8140K)->6946K(8140K)
[2023-04-09T19:12:30.787+0800][1886.296s] GC(504) Pause Young (Normal) (G1 Evacuation Pause) 411M->158M(512M) 2.537ms
[2023-04-09T19:12:30.787+0800][1886.296s] GC(504) User=0.00s Sys=0.00s Real=0.00s
[2023-04-09T19:12:30.913+0800][1886.422s] GC(505) Pause Young (Concurrent Start) (G1 Humongous Allocation)
[2023-04-09T19:12:30.913+0800][1886.422s] GC(505) Using 8 workers of 8 for evacuation
[2023-04-09T19:12:30.916+0800][1886.425s] GC(505)   Pre Evacuate Collection Set: 0.2ms
[2023-04-09T19:12:30.916+0800][1886.425s] GC(505)   Evacuate Collection Set: 1.9ms
[2023-04-09T19:12:30.916+0800][1886.425s] GC(505)   Post Evacuate Collection Set: 0.4ms
[2023-04-09T19:12:30.916+0800][1886.425s] GC(505)   Other: 0.3ms
[2023-04-09T19:12:30.916+0800][1886.425s] GC(505) Eden regions: 58->0(198)
[2023-04-09T19:12:30.916+0800][1886.425s] GC(505) Survivor regions: 14->15(34)
[2023-04-09T19:12:30.916+0800][1886.425s] GC(505) Old regions: 98->98
[2023-04-09T19:12:30.916+0800][1886.425s] GC(505) Humongous regions: 52->50
[2023-04-09T19:12:30.916+0800][1886.425s] GC(505) Metaspace: 61213K(64368K)->61213K(64368K) NonClass: 54266K(56228K)->54266K(56228K) Class: 6946K(8140K)->6946K(8140K)
[2023-04-09T19:12:30.916+0800][1886.425s] GC(505) Pause Young (Concurrent Start) (G1 Humongous Allocation) 220M->162M(512M) 3.008ms
[2023-04-09T19:12:30.916+0800][1886.425s] GC(505) User=0.00s Sys=0.00s Real=0.00s
[2023-04-09T19:12:30.916+0800][1886.425s] GC(506) Concurrent Cycle
[2023-04-09T19:12:30.916+0800][1886.425s] GC(506) Concurrent Clear Claimed Marks
[2023-04-09T19:12:30.916+0800][1886.425s] GC(506) Concurrent Clear Claimed Marks 0.119ms
[2023-04-09T19:12:30.916+0800][1886.425s] GC(506) Concurrent Scan Root Regions
[2023-04-09T19:12:30.917+0800][1886.426s] GC(506) Concurrent Scan Root Regions 0.525ms
[2023-04-09T19:12:30.917+0800][1886.426s] GC(506) Concurrent Mark (1886.426s)
[2023-04-09T19:12:30.917+0800][1886.426s] GC(506) Concurrent Mark From Roots
[2023-04-09T19:12:30.917+0800][1886.426s] GC(506) Using 2 workers of 2 for marking
[2023-04-09T19:12:30.951+0800][1886.460s] GC(506) Concurrent Mark From Roots 34.529ms
[2023-04-09T19:12:30.952+0800][1886.460s] GC(506) Concurrent Preclean
[2023-04-09T19:12:30.952+0800][1886.461s] GC(506) Concurrent Preclean 0.329ms
[2023-04-09T19:12:30.952+0800][1886.461s] GC(506) Concurrent Mark (1886.426s, 1886.461s) 34.956ms
[2023-04-09T19:12:30.952+0800][1886.461s] GC(506) Pause Remark
[2023-04-09T19:12:30.956+0800][1886.464s] GC(506) Cleaned string and symbol table, strings: 27847 processed, 1 removed, symbols: 172411 processed, 0 removed
[2023-04-09T19:12:30.956+0800][1886.465s] GC(506) Pause Remark 181M->170M(512M) 3.863ms
[2023-04-09T19:12:30.956+0800][1886.465s] GC(506) User=0.00s Sys=0.00s Real=0.00s
[2023-04-09T19:12:30.956+0800][1886.465s] GC(506) Concurrent Rebuild Remembered Sets
[2023-04-09T19:12:30.971+0800][1886.480s] GC(506) Concurrent Rebuild Remembered Sets 15.094ms
[2023-04-09T19:12:30.971+0800][1886.480s] GC(506) Pause Cleanup
[2023-04-09T19:12:30.971+0800][1886.480s] GC(506) Pause Cleanup 178M->178M(512M) 0.156ms
[2023-04-09T19:12:30.971+0800][1886.480s] GC(506) User=0.00s Sys=0.00s Real=0.00s
[2023-04-09T19:12:30.972+0800][1886.480s] GC(506) Concurrent Cleanup for Next Mark
[2023-04-09T19:12:30.972+0800][1886.481s] GC(506) Concurrent Cleanup for Next Mark 0.689ms
[2023-04-09T19:12:30.972+0800][1886.481s] GC(506) Concurrent Cycle 56.098ms
[2023-04-09T19:12:31.346+0800][1886.854s] GC(507) Pause Young (Prepare Mixed) (G1 Evacuation Pause)
[2023-04-09T19:12:31.346+0800][1886.854s] GC(507) Using 8 workers of 8 for evacuation
[2023-04-09T19:12:31.348+0800][1886.856s] GC(507)   Pre Evacuate Collection Set: 0.0ms
[2023-04-09T19:12:31.348+0800][1886.856s] GC(507)   Evacuate Collection Set: 1.4ms
[2023-04-09T19:12:31.348+0800][1886.857s] GC(507)   Post Evacuate Collection Set: 0.5ms
[2023-04-09T19:12:31.348+0800][1886.857s] GC(507)   Other: 0.2ms
[2023-04-09T19:12:31.348+0800][1886.857s] GC(507) Eden regions: 198->0(14)
[2023-04-09T19:12:31.348+0800][1886.857s] GC(507) Survivor regions: 15->11(27)
[2023-04-09T19:12:31.348+0800][1886.857s] GC(507) Old regions: 98->98
[2023-04-09T19:12:31.348+0800][1886.857s] GC(507) Humongous regions: 42->32
[2023-04-09T19:12:31.348+0800][1886.857s] GC(507) Metaspace: 61213K(64368K)->61213K(64368K) NonClass: 54266K(56228K)->54266K(56228K) Class: 6946K(8140K)->6946K(8140K)
[2023-04-09T19:12:31.348+0800][1886.857s] GC(507) Pause Young (Prepare Mixed) (G1 Evacuation Pause) 352M->140M(512M) 2.267ms
[2023-04-09T19:12:31.348+0800][1886.857s] GC(507) User=0.00s Sys=0.00s Real=0.00s
[2023-04-09T19:12:31.366+0800][1886.875s] GC(508) Pause Young (Mixed) (G1 Evacuation Pause)
[2023-04-09T19:12:31.366+0800][1886.875s] GC(508) Using 8 workers of 8 for evacuation
[2023-04-09T19:12:31.368+0800][1886.877s] GC(508)   Pre Evacuate Collection Set: 0.0ms
[2023-04-09T19:12:31.368+0800][1886.877s] GC(508)   Evacuate Collection Set: 1.2ms
[2023-04-09T19:12:31.368+0800][1886.877s] GC(508)   Post Evacuate Collection Set: 0.6ms
[2023-04-09T19:12:31.368+0800][1886.877s] GC(508)   Other: 0.2ms
[2023-04-09T19:12:31.368+0800][1886.877s] GC(508) Eden regions: 14->0(223)
[2023-04-09T19:12:31.368+0800][1886.877s] GC(508) Survivor regions: 11->1(4)
[2023-04-09T19:12:31.368+0800][1886.877s] GC(508) Old regions: 98->105
[2023-04-09T19:12:31.368+0800][1886.877s] GC(508) Humongous regions: 32->32
[2023-04-09T19:12:31.368+0800][1886.877s] GC(508) Metaspace: 61213K(64368K)->61213K(64368K) NonClass: 54266K(56228K)->54266K(56228K) Class: 6946K(8140K)->6946K(8140K)
[2023-04-09T19:12:31.368+0800][1886.877s] GC(508) Pause Young (Mixed) (G1 Evacuation Pause) 154M->136M(512M) 2.196ms
[2023-04-09T19:12:31.368+0800][1886.877s] GC(508) User=0.00s Sys=0.00s Real=0.00s
[2023-04-09T19:12:31.747+0800][1887.255s] GC(509) Pause Young (Normal) (G1 Evacuation Pause)
[2023-04-09T19:12:31.747+0800][1887.255s] GC(509) Using 8 workers of 8 for evacuation
[2023-04-09T19:12:31.748+0800][1887.256s] GC(509)   Pre Evacuate Collection Set: 0.0ms
[2023-04-09T19:12:31.748+0800][1887.256s] GC(509)   Evacuate Collection Set: 0.6ms
[2023-04-09T19:12:31.748+0800][1887.256s] GC(509)   Post Evacuate Collection Set: 0.4ms
[2023-04-09T19:12:31.748+0800][1887.256s] GC(509)   Other: 0.2ms
[2023-04-09T19:12:31.748+0800][1887.256s] GC(509) Eden regions: 223->0(233)
[2023-04-09T19:12:31.748+0800][1887.256s] GC(509) Survivor regions: 1->4(28)
[2023-04-09T19:12:31.748+0800][1887.256s] GC(509) Old regions: 105->105
[2023-04-09T19:12:31.748+0800][1887.256s] GC(509) Humongous regions: 32->32
[2023-04-09T19:12:31.748+0800][1887.256s] GC(509) Metaspace: 61216K(64368K)->61216K(64368K) NonClass: 54269K(56228K)->54269K(56228K) Class: 6946K(8140K)->6946K(8140K)
[2023-04-09T19:12:31.748+0800][1887.256s] GC(509) Pause Young (Normal) (G1 Evacuation Pause) 359M->140M(512M) 1.242ms
[2023-04-09T19:12:31.748+0800][1887.257s] GC(509) User=0.00s Sys=0.00s Real=0.00s
[2023-04-09T19:12:32.099+0800][1887.607s] GC(510) Pause Young (Normal) (G1 Evacuation Pause)
[2023-04-09T19:12:32.099+0800][1887.607s] GC(510) Using 8 workers of 8 for evacuation
[2023-04-09T19:12:32.100+0800][1887.609s] GC(510)   Pre Evacuate Collection Set: 0.0ms
[2023-04-09T19:12:32.100+0800][1887.609s] GC(510)   Evacuate Collection Set: 0.8ms
[2023-04-09T19:12:32.100+0800][1887.609s] GC(510)   Post Evacuate Collection Set: 0.4ms
[2023-04-09T19:12:32.100+0800][1887.609s] GC(510)   Other: 0.2ms
[2023-04-09T19:12:32.100+0800][1887.609s] GC(510) Eden regions: 233->0(239)
[2023-04-09T19:12:32.100+0800][1887.609s] GC(510) Survivor regions: 4->8(30)
[2023-04-09T19:12:32.100+0800][1887.609s] GC(510) Old regions: 105->105
[2023-04-09T19:12:32.101+0800][1887.609s] GC(510) Humongous regions: 35->34
[2023-04-09T19:12:32.101+0800][1887.609s] GC(510) Metaspace: 61216K(64368K)->61216K(64368K) NonClass: 54269K(56228K)->54269K(56228K) Class: 6946K(8140K)->6946K(8140K)
[2023-04-09T19:12:32.101+0800][1887.609s] GC(510) Pause Young (Normal) (G1 Evacuation Pause) 376M->146M(512M) 1.687ms
[2023-04-09T19:12:32.101+0800][1887.609s] GC(510) User=0.00s Sys=0.00s Real=0.00s
[2023-04-09T19:12:32.448+0800][1887.957s] GC(511) Pause Young (Normal) (G1 Evacuation Pause)
[2023-04-09T19:12:32.448+0800][1887.957s] GC(511) Using 8 workers of 8 for evacuation
[2023-04-09T19:12:32.450+0800][1887.959s] GC(511)   Pre Evacuate Collection Set: 0.0ms
[2023-04-09T19:12:32.450+0800][1887.959s] GC(511)   Evacuate Collection Set: 1.4ms
[2023-04-09T19:12:32.450+0800][1887.959s] GC(511)   Post Evacuate Collection Set: 0.4ms
[2023-04-09T19:12:32.450+0800][1887.959s] GC(511)   Other: 0.3ms
[2023-04-09T19:12:32.450+0800][1887.959s] GC(511) Eden regions: 239->0(243)
[2023-04-09T19:12:32.450+0800][1887.959s] GC(511) Survivor regions: 8->12(31)
[2023-04-09T19:12:32.450+0800][1887.959s] GC(511) Old regions: 105->105
[2023-04-09T19:12:32.450+0800][1887.959s] GC(511) Humongous regions: 35->35
[2023-04-09T19:12:32.450+0800][1887.959s] GC(511) Metaspace: 61216K(64368K)->61216K(64368K) NonClass: 54269K(56228K)->54269K(56228K) Class: 6946K(8140K)->6946K(8140K)
[2023-04-09T19:12:32.450+0800][1887.959s] GC(511) Pause Young (Normal) (G1 Evacuation Pause) 386M->151M(512M) 2.444ms
[2023-04-09T19:12:32.450+0800][1887.959s] GC(511) User=0.09s Sys=0.00s Real=0.00s
[2023-04-09T19:12:32.950+0800][1888.459s] GC(512) Pause Young (Normal) (G1 Evacuation Pause)
[2023-04-09T19:12:32.950+0800][1888.459s] GC(512) Using 8 workers of 8 for evacuation
[2023-04-09T19:12:32.952+0800][1888.461s] GC(512)   Pre Evacuate Collection Set: 0.0ms
[2023-04-09T19:12:32.952+0800][1888.461s] GC(512)   Evacuate Collection Set: 1.2ms
[2023-04-09T19:12:32.952+0800][1888.461s] GC(512)   Post Evacuate Collection Set: 0.4ms
[2023-04-09T19:12:32.952+0800][1888.461s] GC(512)   Other: 0.2ms
[2023-04-09T19:12:32.952+0800][1888.461s] GC(512) Eden regions: 243->0(248)
[2023-04-09T19:12:32.952+0800][1888.461s] GC(512) Survivor regions: 12->10(32)
[2023-04-09T19:12:32.952+0800][1888.461s] GC(512) Old regions: 105->105
[2023-04-09T19:12:32.952+0800][1888.461s] GC(512) Humongous regions: 48->41
[2023-04-09T19:12:32.952+0800][1888.461s] GC(512) Metaspace: 61228K(64368K)->61228K(64368K) NonClass: 54281K(56228K)->54281K(56228K) Class: 6946K(8140K)->6946K(8140K)
[2023-04-09T19:12:32.952+0800][1888.461s] GC(512) Pause Young (Normal) (G1 Evacuation Pause) 407M->155M(512M) 1.993ms
[2023-04-09T19:12:32.952+0800][1888.461s] GC(512) User=0.00s Sys=0.00s Real=0.00s
[2023-04-09T19:12:33.444+0800][1888.953s] GC(513) Pause Young (Normal) (G1 Evacuation Pause)
[2023-04-09T19:12:33.444+0800][1888.953s] GC(513) Using 8 workers of 8 for evacuation
[2023-04-09T19:12:33.445+0800][1888.954s] GC(513)   Pre Evacuate Collection Set: 0.0ms
[2023-04-09T19:12:33.445+0800][1888.954s] GC(513)   Evacuate Collection Set: 0.5ms
[2023-04-09T19:12:33.445+0800][1888.954s] GC(513)   Post Evacuate Collection Set: 0.6ms
[2023-04-09T19:12:33.445+0800][1888.954s] GC(513)   Other: 0.1ms
[2023-04-09T19:12:33.445+0800][1888.954s] GC(513) Eden regions: 248->0(267)
[2023-04-09T19:12:33.445+0800][1888.954s] GC(513) Survivor regions: 10->2(33)
[2023-04-09T19:12:33.445+0800][1888.954s] GC(513) Old regions: 105->105
[2023-04-09T19:12:33.445+0800][1888.954s] GC(513) Humongous regions: 41->32
[2023-04-09T19:12:33.445+0800][1888.954s] GC(513) Metaspace: 61242K(64368K)->61242K(64368K) NonClass: 54295K(56228K)->54295K(56228K) Class: 6946K(8140K)->6946K(8140K)
[2023-04-09T19:12:33.445+0800][1888.954s] GC(513) Pause Young (Normal) (G1 Evacuation Pause) 403M->137M(512M) 1.411ms
[2023-04-09T19:12:33.445+0800][1888.955s] GC(513) User=0.00s Sys=0.00s Real=0.00s
[2023-04-09T19:12:33.796+0800][1889.305s] GC(514) Pause Young (Normal) (G1 Evacuation Pause)
[2023-04-09T19:12:33.796+0800][1889.305s] GC(514) Using 8 workers of 8 for evacuation
[2023-04-09T19:12:33.797+0800][1889.306s] GC(514)   Pre Evacuate Collection Set: 0.0ms
[2023-04-09T19:12:33.797+0800][1889.306s] GC(514)   Evacuate Collection Set: 0.6ms
[2023-04-09T19:12:33.797+0800][1889.306s] GC(514)   Post Evacuate Collection Set: 0.5ms
[2023-04-09T19:12:33.797+0800][1889.306s] GC(514)   Other: 0.1ms
[2023-04-09T19:12:33.797+0800][1889.306s] GC(514) Eden regions: 267->0(275)
[2023-04-09T19:12:33.797+0800][1889.306s] GC(514) Survivor regions: 2->2(34)
[2023-04-09T19:12:33.798+0800][1889.307s] GC(514) Old regions: 105->105
[2023-04-09T19:12:33.798+0800][1889.307s] GC(514) Humongous regions: 32->32
[2023-04-09T19:12:33.798+0800][1889.307s] GC(514) Metaspace: 61251K(64368K)->61251K(64368K) NonClass: 54304K(56228K)->54304K(56228K) Class: 6946K(8140K)->6946K(8140K)
[2023-04-09T19:12:33.798+0800][1889.307s] GC(514) Pause Young (Normal) (G1 Evacuation Pause) 404M->138M(512M) 1.505ms
[2023-04-09T19:12:33.798+0800][1889.307s] GC(514) User=0.00s Sys=0.00s Real=0.00s
[2023-04-09T19:12:34.175+0800][1889.684s] GC(515) Pause Young (Normal) (G1 Evacuation Pause)
[2023-04-09T19:12:34.175+0800][1889.684s] GC(515) Using 8 workers of 8 for evacuation
[2023-04-09T19:12:34.177+0800][1889.686s] GC(515)   Pre Evacuate Collection Set: 0.0ms
[2023-04-09T19:12:34.177+0800][1889.686s] GC(515)   Evacuate Collection Set: 0.9ms
[2023-04-09T19:12:34.177+0800][1889.686s] GC(515)   Post Evacuate Collection Set: 0.6ms
[2023-04-09T19:12:34.177+0800][1889.686s] GC(515)   Other: 0.1ms
[2023-04-09T19:12:34.177+0800][1889.686s] GC(515) Eden regions: 275->0(275)
[2023-04-09T19:12:34.177+0800][1889.686s] GC(515) Survivor regions: 2->7(35)
[2023-04-09T19:12:34.177+0800][1889.686s] GC(515) Old regions: 105->105
[2023-04-09T19:12:34.177+0800][1889.686s] GC(515) Humongous regions: 33->33
[2023-04-09T19:12:34.177+0800][1889.686s] GC(515) Metaspace: 61251K(64368K)->61251K(64368K) NonClass: 54304K(56228K)->54304K(56228K) Class: 6946K(8140K)->6946K(8140K)
[2023-04-09T19:12:34.177+0800][1889.686s] GC(515) Pause Young (Normal) (G1 Evacuation Pause) 414M->144M(512M) 1.883ms
[2023-04-09T19:12:34.177+0800][1889.686s] GC(515) User=0.00s Sys=0.00s Real=0.00s
[2023-04-09T19:12:34.391+0800][1889.900s] GC(516) Pause Young (Concurrent Start) (G1 Humongous Allocation)
[2023-04-09T19:12:34.391+0800][1889.900s] GC(516) Using 8 workers of 8 for evacuation
[2023-04-09T19:12:34.394+0800][1889.902s] GC(516)   Pre Evacuate Collection Set: 0.1ms
[2023-04-09T19:12:34.394+0800][1889.902s] GC(516)   Evacuate Collection Set: 1.5ms
[2023-04-09T19:12:34.394+0800][1889.902s] GC(516)   Post Evacuate Collection Set: 0.6ms
[2023-04-09T19:12:34.394+0800][1889.902s] GC(516)   Other: 0.2ms
[2023-04-09T19:12:34.394+0800][1889.902s] GC(516) Eden regions: 136->0(232)
[2023-04-09T19:12:34.394+0800][1889.902s] GC(516) Survivor regions: 7->10(36)
[2023-04-09T19:12:34.394+0800][1889.902s] GC(516) Old regions: 105->105
[2023-04-09T19:12:34.394+0800][1889.902s] GC(516) Humongous regions: 35->34
[2023-04-09T19:12:34.394+0800][1889.903s] GC(516) Metaspace: 61251K(64368K)->61251K(64368K) NonClass: 54304K(56228K)->54304K(56228K) Class: 6946K(8140K)->6946K(8140K)
[2023-04-09T19:12:34.394+0800][1889.903s] GC(516) Pause Young (Concurrent Start) (G1 Humongous Allocation) 281M->147M(512M) 2.457ms
[2023-04-09T19:12:34.394+0800][1889.903s] GC(516) User=0.00s Sys=0.00s Real=0.00s
[2023-04-09T19:12:34.394+0800][1889.903s] GC(517) Concurrent Cycle
[2023-04-09T19:12:34.394+0800][1889.903s] GC(517) Concurrent Clear Claimed Marks
[2023-04-09T19:12:34.394+0800][1889.903s] GC(517) Concurrent Clear Claimed Marks 0.114ms
[2023-04-09T19:12:34.394+0800][1889.903s] GC(517) Concurrent Scan Root Regions
[2023-04-09T19:12:34.395+0800][1889.904s] GC(517) Concurrent Scan Root Regions 0.722ms
[2023-04-09T19:12:34.395+0800][1889.904s] GC(517) Concurrent Mark (1889.904s)
[2023-04-09T19:12:34.395+0800][1889.904s] GC(517) Concurrent Mark From Roots
[2023-04-09T19:12:34.395+0800][1889.904s] GC(517) Using 2 workers of 2 for marking
[2023-04-09T19:12:34.427+0800][1889.935s] GC(517) Concurrent Mark From Roots 31.701ms
[2023-04-09T19:12:34.427+0800][1889.935s] GC(517) Concurrent Preclean
[2023-04-09T19:12:34.427+0800][1889.936s] GC(517) Concurrent Preclean 0.290ms
[2023-04-09T19:12:34.427+0800][1889.936s] GC(517) Concurrent Mark (1889.904s, 1889.936s) 32.079ms
[2023-04-09T19:12:34.428+0800][1889.936s] GC(517) Pause Remark
[2023-04-09T19:12:34.432+0800][1889.940s] GC(517) Cleaned string and symbol table, strings: 27886 processed, 0 removed, symbols: 172411 processed, 0 removed
[2023-04-09T19:12:34.432+0800][1889.940s] GC(517) Pause Remark 162M->125M(512M) 4.395ms
[2023-04-09T19:12:34.432+0800][1889.941s] GC(517) User=0.00s Sys=0.00s Real=0.00s
[2023-04-09T19:12:34.432+0800][1889.941s] GC(517) Concurrent Rebuild Remembered Sets
[2023-04-09T19:12:34.448+0800][1889.957s] GC(517) Concurrent Rebuild Remembered Sets 16.186ms
[2023-04-09T19:12:34.448+0800][1889.957s] GC(517) Pause Cleanup
[2023-04-09T19:12:34.448+0800][1889.957s] GC(517) Pause Cleanup 133M->133M(512M) 0.183ms
[2023-04-09T19:12:34.448+0800][1889.957s] GC(517) User=0.00s Sys=0.00s Real=0.00s
[2023-04-09T19:12:34.448+0800][1889.957s] GC(517) Concurrent Cleanup for Next Mark
[2023-04-09T19:12:34.449+0800][1889.958s] GC(517) Concurrent Cleanup for Next Mark 0.869ms
[2023-04-09T19:12:34.449+0800][1889.958s] GC(517) Concurrent Cycle 55.663ms
[2023-04-09T19:12:34.796+0800][1890.305s] GC(518) Pause Young (Prepare Mixed) (G1 Evacuation Pause)
[2023-04-09T19:12:34.796+0800][1890.305s] GC(518) Using 8 workers of 8 for evacuation
[2023-04-09T19:12:34.798+0800][1890.307s] GC(518)   Pre Evacuate Collection Set: 0.0ms
[2023-04-09T19:12:34.798+0800][1890.307s] GC(518)   Evacuate Collection Set: 1.4ms
[2023-04-09T19:12:34.798+0800][1890.307s] GC(518)   Post Evacuate Collection Set: 0.6ms
[2023-04-09T19:12:34.798+0800][1890.307s] GC(518)   Other: 0.3ms
[2023-04-09T19:12:34.798+0800][1890.307s] GC(518) Eden regions: 232->0(15)
[2023-04-09T19:12:34.798+0800][1890.307s] GC(518) Survivor regions: 10->10(31)
[2023-04-09T19:12:34.798+0800][1890.307s] GC(518) Old regions: 96->96
[2023-04-09T19:12:34.798+0800][1890.307s] GC(518) Humongous regions: 15->13
[2023-04-09T19:12:34.798+0800][1890.307s] GC(518) Metaspace: 61251K(64368K)->61251K(64368K) NonClass: 54304K(56228K)->54304K(56228K) Class: 6946K(8140K)->6946K(8140K)
[2023-04-09T19:12:34.798+0800][1890.307s] GC(518) Pause Young (Prepare Mixed) (G1 Evacuation Pause) 351M->118M(512M) 2.433ms
[2023-04-09T19:12:34.798+0800][1890.307s] GC(518) User=0.00s Sys=0.00s Real=0.00s
[2023-04-09T19:12:34.820+0800][1890.329s] GC(519) Pause Young (Mixed) (G1 Evacuation Pause)
[2023-04-09T19:12:34.820+0800][1890.329s] GC(519) Using 8 workers of 8 for evacuation
[2023-04-09T19:12:34.822+0800][1890.331s] GC(519)   Pre Evacuate Collection Set: 0.0ms
[2023-04-09T19:12:34.822+0800][1890.331s] GC(519)   Evacuate Collection Set: 1.4ms
[2023-04-09T19:12:34.822+0800][1890.331s] GC(519)   Post Evacuate Collection Set: 0.5ms
[2023-04-09T19:12:34.822+0800][1890.331s] GC(519)   Other: 0.2ms
[2023-04-09T19:12:34.822+0800][1890.331s] GC(519) Eden regions: 15->0(272)
[2023-04-09T19:12:34.822+0800][1890.331s] GC(519) Survivor regions: 10->1(4)
[2023-04-09T19:12:34.822+0800][1890.332s] GC(519) Old regions: 96->87
[2023-04-09T19:12:34.822+0800][1890.332s] GC(519) Humongous regions: 18->13
[2023-04-09T19:12:34.822+0800][1890.332s] GC(519) Metaspace: 61251K(64368K)->61251K(64368K) NonClass: 54304K(56228K)->54304K(56228K) Class: 6946K(8140K)->6946K(8140K)
[2023-04-09T19:12:34.822+0800][1890.332s] GC(519) Pause Young (Mixed) (G1 Evacuation Pause) 138M->99M(512M) 2.296ms
[2023-04-09T19:12:34.822+0800][1890.332s] GC(519) User=0.00s Sys=0.00s Real=0.00s
[2023-04-09T19:12:35.288+0800][1890.797s] GC(520) Pause Young (Normal) (G1 Evacuation Pause)
[2023-04-09T19:12:35.288+0800][1890.797s] GC(520) Using 8 workers of 8 for evacuation
[2023-04-09T19:12:35.289+0800][1890.799s] GC(520)   Pre Evacuate Collection Set: 0.0ms
[2023-04-09T19:12:35.289+0800][1890.799s] GC(520)   Evacuate Collection Set: 0.7ms
[2023-04-09T19:12:35.289+0800][1890.799s] GC(520)   Post Evacuate Collection Set: 0.4ms
[2023-04-09T19:12:35.289+0800][1890.799s] GC(520)   Other: 0.2ms
[2023-04-09T19:12:35.289+0800][1890.799s] GC(520) Eden regions: 272->0(281)
[2023-04-09T19:12:35.289+0800][1890.799s] GC(520) Survivor regions: 1->4(35)
[2023-04-09T19:12:35.289+0800][1890.799s] GC(520) Old regions: 87->87
[2023-04-09T19:12:35.289+0800][1890.799s] GC(520) Humongous regions: 18->13
[2023-04-09T19:12:35.289+0800][1890.799s] GC(520) Metaspace: 61251K(64368K)->61251K(64368K) NonClass: 54304K(56228K)->54304K(56228K) Class: 6946K(8140K)->6946K(8140K)
[2023-04-09T19:12:35.289+0800][1890.799s] GC(520) Pause Young (Normal) (G1 Evacuation Pause) 376M->102M(512M) 1.523ms
[2023-04-09T19:12:35.289+0800][1890.799s] GC(520) User=0.00s Sys=0.00s Real=0.00s
[2023-04-09T19:12:35.809+0800][1891.318s] GC(521) Pause Young (Normal) (G1 Evacuation Pause)
[2023-04-09T19:12:35.809+0800][1891.318s] GC(521) Using 8 workers of 8 for evacuation
[2023-04-09T19:12:35.811+0800][1891.320s] GC(521)   Pre Evacuate Collection Set: 0.0ms
[2023-04-09T19:12:35.811+0800][1891.320s] GC(521)   Evacuate Collection Set: 1.0ms
[2023-04-09T19:12:35.811+0800][1891.320s] GC(521)   Post Evacuate Collection Set: 0.5ms
[2023-04-09T19:12:35.811+0800][1891.320s] GC(521)   Other: 0.1ms
[2023-04-09T19:12:35.811+0800][1891.320s] GC(521) Eden regions: 281->0(286)
[2023-04-09T19:12:35.811+0800][1891.320s] GC(521) Survivor regions: 4->8(36)
[2023-04-09T19:12:35.811+0800][1891.320s] GC(521) Old regions: 87->87
[2023-04-09T19:12:35.811+0800][1891.320s] GC(521) Humongous regions: 14->14
[2023-04-09T19:12:35.811+0800][1891.320s] GC(521) Metaspace: 61251K(64368K)->61251K(64368K) NonClass: 54304K(56228K)->54304K(56228K) Class: 6946K(8140K)->6946K(8140K)
[2023-04-09T19:12:35.811+0800][1891.320s] GC(521) Pause Young (Normal) (G1 Evacuation Pause) 384M->107M(512M) 1.888ms
[2023-04-09T19:12:35.811+0800][1891.320s] GC(521) User=0.00s Sys=0.00s Real=0.00s
[2023-04-09T19:12:36.309+0800][1891.818s] GC(522) Pause Young (Normal) (G1 Evacuation Pause)
[2023-04-09T19:12:36.309+0800][1891.818s] GC(522) Using 8 workers of 8 for evacuation
[2023-04-09T19:12:36.312+0800][1891.820s] GC(522)   Pre Evacuate Collection Set: 0.0ms
[2023-04-09T19:12:36.312+0800][1891.820s] GC(522)   Evacuate Collection Set: 1.4ms
[2023-04-09T19:12:36.312+0800][1891.820s] GC(522)   Post Evacuate Collection Set: 0.5ms
[2023-04-09T19:12:36.312+0800][1891.820s] GC(522)   Other: 0.2ms
[2023-04-09T19:12:36.312+0800][1891.820s] GC(522) Eden regions: 286->0(287)
[2023-04-09T19:12:36.312+0800][1891.820s] GC(522) Survivor regions: 8->14(37)
[2023-04-09T19:12:36.312+0800][1891.820s] GC(522) Old regions: 87->87
[2023-04-09T19:12:36.312+0800][1891.820s] GC(522) Humongous regions: 17->16
[2023-04-09T19:12:36.312+0800][1891.820s] GC(522) Metaspace: 61251K(64368K)->61251K(64368K) NonClass: 54304K(56228K)->54304K(56228K) Class: 6946K(8140K)->6946K(8140K)
[2023-04-09T19:12:36.312+0800][1891.820s] GC(522) Pause Young (Normal) (G1 Evacuation Pause) 396M->115M(512M) 2.464ms
[2023-04-09T19:12:36.312+0800][1891.821s] GC(522) User=0.00s Sys=0.00s Real=0.00s
[2023-04-09T19:12:36.888+0800][1892.397s] GC(523) Pause Young (Normal) (G1 Evacuation Pause)
[2023-04-09T19:12:36.888+0800][1892.397s] GC(523) Using 8 workers of 8 for evacuation
[2023-04-09T19:12:36.890+0800][1892.399s] GC(523)   Pre Evacuate Collection Set: 0.0ms
[2023-04-09T19:12:36.890+0800][1892.399s] GC(523)   Evacuate Collection Set: 1.6ms
[2023-04-09T19:12:36.890+0800][1892.399s] GC(523)   Post Evacuate Collection Set: 0.6ms
[2023-04-09T19:12:36.890+0800][1892.399s] GC(523)   Other: 0.2ms
[2023-04-09T19:12:36.890+0800][1892.399s] GC(523) Eden regions: 287->0(289)
[2023-04-09T19:12:36.890+0800][1892.399s] GC(523) Survivor regions: 14->13(38)
[2023-04-09T19:12:36.890+0800][1892.399s] GC(523) Old regions: 87->87
[2023-04-09T19:12:36.890+0800][1892.399s] GC(523) Humongous regions: 34->22
[2023-04-09T19:12:36.890+0800][1892.399s] GC(523) Metaspace: 61251K(64368K)->61251K(64368K) NonClass: 54304K(56228K)->54304K(56228K) Class: 6946K(8140K)->6946K(8140K)
[2023-04-09T19:12:36.890+0800][1892.399s] GC(523) Pause Young (Normal) (G1 Evacuation Pause) 420M->120M(512M) 2.610ms
[2023-04-09T19:12:36.890+0800][1892.399s] GC(523) User=0.00s Sys=0.00s Real=0.00s
[2023-04-09T19:12:37.411+0800][1892.920s] GC(524) Pause Young (Normal) (G1 Evacuation Pause)
[2023-04-09T19:12:37.411+0800][1892.920s] GC(524) Using 8 workers of 8 for evacuation
[2023-04-09T19:12:37.412+0800][1892.922s] GC(524)   Pre Evacuate Collection Set: 0.0ms
[2023-04-09T19:12:37.412+0800][1892.922s] GC(524)   Evacuate Collection Set: 0.7ms
[2023-04-09T19:12:37.412+0800][1892.922s] GC(524)   Post Evacuate Collection Set: 0.5ms
[2023-04-09T19:12:37.413+0800][1892.922s] GC(524)   Other: 0.2ms
[2023-04-09T19:12:37.413+0800][1892.922s] GC(524) Eden regions: 289->0(301)
[2023-04-09T19:12:37.413+0800][1892.922s] GC(524) Survivor regions: 13->6(38)
[2023-04-09T19:12:37.413+0800][1892.922s] GC(524) Old regions: 87->87
[2023-04-09T19:12:37.413+0800][1892.922s] GC(524) Humongous regions: 22->13
[2023-04-09T19:12:37.413+0800][1892.922s] GC(524) Metaspace: 61251K(64368K)->61251K(64368K) NonClass: 54304K(56228K)->54304K(56228K) Class: 6946K(8140K)->6946K(8140K)
[2023-04-09T19:12:37.413+0800][1892.922s] GC(524) Pause Young (Normal) (G1 Evacuation Pause) 409M->104M(512M) 1.626ms
[2023-04-09T19:12:37.413+0800][1892.922s] GC(524) User=0.00s Sys=0.00s Real=0.00s
[2023-04-09T19:12:37.887+0800][1893.396s] GC(525) Pause Young (Normal) (G1 Evacuation Pause)
[2023-04-09T19:12:37.887+0800][1893.396s] GC(525) Using 8 workers of 8 for evacuation
[2023-04-09T19:12:37.889+0800][1893.398s] GC(525)   Pre Evacuate Collection Set: 0.0ms
[2023-04-09T19:12:37.889+0800][1893.398s] GC(525)   Evacuate Collection Set: 1.2ms
[2023-04-09T19:12:37.889+0800][1893.398s] GC(525)   Post Evacuate Collection Set: 0.7ms
[2023-04-09T19:12:37.889+0800][1893.398s] GC(525)   Other: 0.2ms
[2023-04-09T19:12:37.889+0800][1893.398s] GC(525) Eden regions: 301->0(295)
[2023-04-09T19:12:37.889+0800][1893.398s] GC(525) Survivor regions: 6->12(39)
[2023-04-09T19:12:37.889+0800][1893.398s] GC(525) Old regions: 87->87
[2023-04-09T19:12:37.889+0800][1893.398s] GC(525) Humongous regions: 16->15
[2023-04-09T19:12:37.889+0800][1893.398s] GC(525) Metaspace: 61251K(64368K)->61251K(64368K) NonClass: 54304K(56228K)->54304K(56228K) Class: 6946K(8140K)->6946K(8140K)
[2023-04-09T19:12:37.889+0800][1893.398s] GC(525) Pause Young (Normal) (G1 Evacuation Pause) 408M->112M(512M) 2.363ms
[2023-04-09T19:12:37.889+0800][1893.398s] GC(525) User=0.00s Sys=0.00s Real=0.00s
[2023-04-09T19:12:38.329+0800][1893.839s] GC(526) Pause Young (Concurrent Start) (G1 Humongous Allocation)
[2023-04-09T19:12:38.330+0800][1893.839s] GC(526) Using 8 workers of 8 for evacuation
[2023-04-09T19:12:38.332+0800][1893.841s] GC(526)   Pre Evacuate Collection Set: 0.1ms
[2023-04-09T19:12:38.332+0800][1893.841s] GC(526)   Evacuate Collection Set: 1.8ms
[2023-04-09T19:12:38.332+0800][1893.841s] GC(526)   Post Evacuate Collection Set: 0.6ms
[2023-04-09T19:12:38.332+0800][1893.842s] GC(526)   Other: 0.2ms
[2023-04-09T19:12:38.332+0800][1893.842s] GC(526) Eden regions: 269->0(294)
[2023-04-09T19:12:38.332+0800][1893.842s] GC(526) Survivor regions: 12->13(39)
[2023-04-09T19:12:38.332+0800][1893.842s] GC(526) Old regions: 87->87
[2023-04-09T19:12:38.332+0800][1893.842s] GC(526) Humongous regions: 30->23
[2023-04-09T19:12:38.332+0800][1893.842s] GC(526) Metaspace: 61251K(64368K)->61251K(64368K) NonClass: 54304K(56228K)->54304K(56228K) Class: 6946K(8140K)->6946K(8140K)
[2023-04-09T19:12:38.332+0800][1893.842s] GC(526) Pause Young (Concurrent Start) (G1 Humongous Allocation) 395M->121M(512M) 2.908ms
[2023-04-09T19:12:38.332+0800][1893.842s] GC(526) User=0.00s Sys=0.00s Real=0.00s
[2023-04-09T19:12:38.332+0800][1893.842s] GC(527) Concurrent Cycle
[2023-04-09T19:12:38.333+0800][1893.842s] GC(527) Concurrent Clear Claimed Marks
[2023-04-09T19:12:38.333+0800][1893.842s] GC(527) Concurrent Clear Claimed Marks 0.152ms
[2023-04-09T19:12:38.333+0800][1893.842s] GC(527) Concurrent Scan Root Regions
[2023-04-09T19:12:38.333+0800][1893.842s] GC(527) Concurrent Scan Root Regions 0.480ms
[2023-04-09T19:12:38.333+0800][1893.842s] GC(527) Concurrent Mark (1893.842s)
[2023-04-09T19:12:38.333+0800][1893.842s] GC(527) Concurrent Mark From Roots
[2023-04-09T19:12:38.333+0800][1893.842s] GC(527) Using 2 workers of 2 for marking
[2023-04-09T19:12:38.360+0800][1893.869s] GC(527) Concurrent Mark From Roots 26.807ms
[2023-04-09T19:12:38.360+0800][1893.869s] GC(527) Concurrent Preclean
[2023-04-09T19:12:38.360+0800][1893.870s] GC(527) Concurrent Preclean 0.430ms
[2023-04-09T19:12:38.361+0800][1893.870s] GC(527) Concurrent Mark (1893.842s, 1893.870s) 27.338ms
[2023-04-09T19:12:38.361+0800][1893.870s] GC(527) Pause Remark
[2023-04-09T19:12:38.365+0800][1893.874s] GC(527) Cleaned string and symbol table, strings: 27887 processed, 1 removed, symbols: 172411 processed, 0 removed
[2023-04-09T19:12:38.365+0800][1893.874s] GC(527) Pause Remark 138M->125M(512M) 4.444ms
[2023-04-09T19:12:38.365+0800][1893.874s] GC(527) User=0.00s Sys=0.00s Real=0.00s
[2023-04-09T19:12:38.365+0800][1893.875s] GC(527) Concurrent Rebuild Remembered Sets
[2023-04-09T19:12:38.377+0800][1893.887s] GC(527) Concurrent Rebuild Remembered Sets 12.034ms
[2023-04-09T19:12:38.377+0800][1893.887s] GC(527) Pause Cleanup
[2023-04-09T19:12:38.378+0800][1893.887s] GC(527) Pause Cleanup 133M->133M(512M) 0.157ms
[2023-04-09T19:12:38.378+0800][1893.887s] GC(527) User=0.00s Sys=0.00s Real=0.00s
[2023-04-09T19:12:38.378+0800][1893.887s] GC(527) Concurrent Cleanup for Next Mark
[2023-04-09T19:12:38.379+0800][1893.888s] GC(527) Concurrent Cleanup for Next Mark 1.008ms
[2023-04-09T19:12:38.379+0800][1893.888s] GC(527) Concurrent Cycle 46.375ms
[2023-04-09T19:12:38.984+0800][1894.493s] GC(528) Pause Young (Prepare Mixed) (G1 Evacuation Pause)
[2023-04-09T19:12:38.984+0800][1894.493s] GC(528) Using 8 workers of 8 for evacuation
[2023-04-09T19:12:38.985+0800][1894.494s] GC(528)   Pre Evacuate Collection Set: 0.0ms
[2023-04-09T19:12:38.985+0800][1894.494s] GC(528)   Evacuate Collection Set: 0.6ms
[2023-04-09T19:12:38.985+0800][1894.494s] GC(528)   Post Evacuate Collection Set: 0.5ms
[2023-04-09T19:12:38.985+0800][1894.494s] GC(528)   Other: 0.1ms
[2023-04-09T19:12:38.985+0800][1894.494s] GC(528) Eden regions: 294->0(24)
[2023-04-09T19:12:38.985+0800][1894.494s] GC(528) Survivor regions: 13->1(39)
[2023-04-09T19:12:38.985+0800][1894.494s] GC(528) Old regions: 78->78
[2023-04-09T19:12:38.985+0800][1894.494s] GC(528) Humongous regions: 23->4
[2023-04-09T19:12:38.985+0800][1894.494s] GC(528) Metaspace: 61251K(64368K)->61251K(64368K) NonClass: 54304K(56228K)->54304K(56228K) Class: 6946K(8140K)->6946K(8140K)
[2023-04-09T19:12:38.985+0800][1894.494s] GC(528) Pause Young (Prepare Mixed) (G1 Evacuation Pause) 406M->81M(512M) 1.404ms
[2023-04-09T19:12:38.985+0800][1894.494s] GC(528) User=0.00s Sys=0.00s Real=0.00s
[2023-04-09T19:12:39.021+0800][1894.530s] GC(529) Pause Young (Mixed) (G1 Evacuation Pause)
[2023-04-09T19:12:39.021+0800][1894.530s] GC(529) Using 8 workers of 8 for evacuation
[2023-04-09T19:12:39.022+0800][1894.531s] GC(529)   Pre Evacuate Collection Set: 0.0ms
[2023-04-09T19:12:39.022+0800][1894.531s] GC(529)   Evacuate Collection Set: 0.5ms
[2023-04-09T19:12:39.022+0800][1894.531s] GC(529)   Post Evacuate Collection Set: 0.4ms
[2023-04-09T19:12:39.022+0800][1894.531s] GC(529)   Other: 0.2ms
[2023-04-09T19:12:39.022+0800][1894.531s] GC(529) Eden regions: 24->0(305)
[2023-04-09T19:12:39.022+0800][1894.531s] GC(529) Survivor regions: 1->2(4)
[2023-04-09T19:12:39.022+0800][1894.531s] GC(529) Old regions: 78->74
[2023-04-09T19:12:39.022+0800][1894.531s] GC(529) Humongous regions: 4->4
[2023-04-09T19:12:39.022+0800][1894.531s] GC(529) Metaspace: 61251K(64368K)->61251K(64368K) NonClass: 54304K(56228K)->54304K(56228K) Class: 6946K(8140K)->6946K(8140K)
[2023-04-09T19:12:39.022+0800][1894.531s] GC(529) Pause Young (Mixed) (G1 Evacuation Pause) 105M->78M(512M) 1.165ms
[2023-04-09T19:12:39.022+0800][1894.531s] GC(529) User=0.00s Sys=0.00s Real=0.00s
[2023-04-09T19:12:39.519+0800][1895.028s] GC(530) Pause Young (Normal) (G1 Evacuation Pause)
[2023-04-09T19:12:39.519+0800][1895.028s] GC(530) Using 8 workers of 8 for evacuation
[2023-04-09T19:12:39.521+0800][1895.030s] GC(530)   Pre Evacuate Collection Set: 0.0ms
[2023-04-09T19:12:39.521+0800][1895.030s] GC(530)   Evacuate Collection Set: 1.0ms
[2023-04-09T19:12:39.521+0800][1895.030s] GC(530)   Post Evacuate Collection Set: 0.5ms
[2023-04-09T19:12:39.521+0800][1895.030s] GC(530)   Other: 0.3ms
[2023-04-09T19:12:39.521+0800][1895.030s] GC(530) Eden regions: 305->0(299)
[2023-04-09T19:12:39.521+0800][1895.030s] GC(530) Survivor regions: 2->8(39)
[2023-04-09T19:12:39.521+0800][1895.030s] GC(530) Old regions: 74->74
[2023-04-09T19:12:39.521+0800][1895.030s] GC(530) Humongous regions: 7->6
[2023-04-09T19:12:39.521+0800][1895.030s] GC(530) Metaspace: 61251K(64368K)->61251K(64368K) NonClass: 54304K(56228K)->54304K(56228K) Class: 6946K(8140K)->6946K(8140K)
[2023-04-09T19:12:39.521+0800][1895.030s] GC(530) Pause Young (Normal) (G1 Evacuation Pause) 386M->86M(512M) 2.010ms
[2023-04-09T19:12:39.521+0800][1895.030s] GC(530) User=0.00s Sys=0.00s Real=0.00s
[2023-04-09T19:12:40.030+0800][1895.539s] GC(531) Pause Young (Normal) (G1 Evacuation Pause)
[2023-04-09T19:12:40.030+0800][1895.539s] GC(531) Using 8 workers of 8 for evacuation
[2023-04-09T19:12:40.032+0800][1895.541s] GC(531)   Pre Evacuate Collection Set: 0.0ms
[2023-04-09T19:12:40.032+0800][1895.541s] GC(531)   Evacuate Collection Set: 1.1ms
[2023-04-09T19:12:40.032+0800][1895.541s] GC(531)   Post Evacuate Collection Set: 0.5ms
[2023-04-09T19:12:40.032+0800][1895.541s] GC(531)   Other: 0.2ms
[2023-04-09T19:12:40.032+0800][1895.541s] GC(531) Eden regions: 299->0(297)
[2023-04-09T19:12:40.032+0800][1895.541s] GC(531) Survivor regions: 8->10(39)
[2023-04-09T19:12:40.032+0800][1895.541s] GC(531) Old regions: 74->74
[2023-04-09T19:12:40.032+0800][1895.541s] GC(531) Humongous regions: 20->13
[2023-04-09T19:12:40.032+0800][1895.541s] GC(531) Metaspace: 61251K(64368K)->61251K(64368K) NonClass: 54304K(56228K)->54304K(56228K) Class: 6946K(8140K)->6946K(8140K)
[2023-04-09T19:12:40.032+0800][1895.541s] GC(531) Pause Young (Normal) (G1 Evacuation Pause) 399M->95M(512M) 1.934ms
[2023-04-09T19:12:40.032+0800][1895.541s] GC(531) User=0.00s Sys=0.00s Real=0.00s
[2023-04-09T19:12:40.578+0800][1896.086s] GC(532) Pause Young (Normal) (G1 Evacuation Pause)
[2023-04-09T19:12:40.578+0800][1896.086s] GC(532) Using 8 workers of 8 for evacuation
[2023-04-09T19:12:40.580+0800][1896.089s] GC(532)   Pre Evacuate Collection Set: 0.0ms
[2023-04-09T19:12:40.580+0800][1896.089s] GC(532)   Evacuate Collection Set: 1.6ms
[2023-04-09T19:12:40.580+0800][1896.089s] GC(532)   Post Evacuate Collection Set: 0.6ms
[2023-04-09T19:12:40.580+0800][1896.089s] GC(532)   Other: 0.2ms
[2023-04-09T19:12:40.580+0800][1896.089s] GC(532) Eden regions: 297->0(297)
[2023-04-09T19:12:40.580+0800][1896.089s] GC(532) Survivor regions: 10->10(39)
[2023-04-09T19:12:40.580+0800][1896.089s] GC(532) Old regions: 74->74
[2023-04-09T19:12:40.580+0800][1896.089s] GC(532) Humongous regions: 18->13
[2023-04-09T19:12:40.580+0800][1896.089s] GC(532) Metaspace: 61251K(64368K)->61251K(64368K) NonClass: 54304K(56228K)->54304K(56228K) Class: 6946K(8140K)->6946K(8140K)
[2023-04-09T19:12:40.580+0800][1896.089s] GC(532) Pause Young (Normal) (G1 Evacuation Pause) 397M->96M(512M) 2.604ms
[2023-04-09T19:12:40.580+0800][1896.089s] GC(532) User=0.00s Sys=0.00s Real=0.00s
[2023-04-09T19:12:41.123+0800][1896.632s] GC(533) Pause Young (Normal) (G1 Evacuation Pause)
[2023-04-09T19:12:41.123+0800][1896.632s] GC(533) Using 8 workers of 8 for evacuation
[2023-04-09T19:12:41.124+0800][1896.633s] GC(533)   Pre Evacuate Collection Set: 0.0ms
[2023-04-09T19:12:41.124+0800][1896.633s] GC(533)   Evacuate Collection Set: 0.7ms
[2023-04-09T19:12:41.124+0800][1896.634s] GC(533)   Post Evacuate Collection Set: 0.5ms
[2023-04-09T19:12:41.124+0800][1896.634s] GC(533)   Other: 0.1ms
[2023-04-09T19:12:41.124+0800][1896.634s] GC(533) Eden regions: 297->0(301)
[2023-04-09T19:12:41.124+0800][1896.634s] GC(533) Survivor regions: 10->6(39)
[2023-04-09T19:12:41.124+0800][1896.634s] GC(533) Old regions: 74->74
[2023-04-09T19:12:41.124+0800][1896.634s] GC(533) Humongous regions: 14->5
[2023-04-09T19:12:41.124+0800][1896.634s] GC(533) Metaspace: 61251K(64368K)->61251K(64368K) NonClass: 54304K(56228K)->54304K(56228K) Class: 6946K(8140K)->6946K(8140K)
[2023-04-09T19:12:41.124+0800][1896.634s] GC(533) Pause Young (Normal) (G1 Evacuation Pause) 394M->83M(512M) 1.476ms
[2023-04-09T19:12:41.124+0800][1896.634s] GC(533) User=0.00s Sys=0.00s Real=0.00s
[2023-04-09T19:12:41.583+0800][1897.092s] GC(534) Pause Young (Normal) (G1 Evacuation Pause)
[2023-04-09T19:12:41.584+0800][1897.092s] GC(534) Using 8 workers of 8 for evacuation
[2023-04-09T19:12:41.585+0800][1897.094s] GC(534)   Pre Evacuate Collection Set: 0.0ms
[2023-04-09T19:12:41.585+0800][1897.094s] GC(534)   Evacuate Collection Set: 1.0ms
[2023-04-09T19:12:41.585+0800][1897.094s] GC(534)   Post Evacuate Collection Set: 0.6ms
[2023-04-09T19:12:41.585+0800][1897.094s] GC(534)   Other: 0.2ms
[2023-04-09T19:12:41.585+0800][1897.094s] GC(534) Eden regions: 301->0(298)
[2023-04-09T19:12:41.585+0800][1897.094s] GC(534) Survivor regions: 6->9(39)
[2023-04-09T19:12:41.585+0800][1897.094s] GC(534) Old regions: 74->74
[2023-04-09T19:12:41.585+0800][1897.094s] GC(534) Humongous regions: 13->12
[2023-04-09T19:12:41.585+0800][1897.094s] GC(534) Metaspace: 61251K(64368K)->61251K(64368K) NonClass: 54304K(56228K)->54304K(56228K) Class: 6946K(8140K)->6946K(8140K)
[2023-04-09T19:12:41.585+0800][1897.094s] GC(534) Pause Young (Normal) (G1 Evacuation Pause) 392M->93M(512M) 1.975ms
[2023-04-09T19:12:41.585+0800][1897.094s] GC(534) User=0.00s Sys=0.00s Real=0.00s
[2023-04-09T19:12:42.158+0800][1897.667s] GC(535) Pause Young (Normal) (G1 Evacuation Pause)
[2023-04-09T19:12:42.158+0800][1897.667s] GC(535) Using 8 workers of 8 for evacuation
[2023-04-09T19:12:42.160+0800][1897.669s] GC(535)   Pre Evacuate Collection Set: 0.0ms
[2023-04-09T19:12:42.160+0800][1897.669s] GC(535)   Evacuate Collection Set: 1.1ms
[2023-04-09T19:12:42.160+0800][1897.669s] GC(535)   Post Evacuate Collection Set: 0.6ms
[2023-04-09T19:12:42.160+0800][1897.669s] GC(535)   Other: 0.2ms
[2023-04-09T19:12:42.160+0800][1897.669s] GC(535) Eden regions: 298->0(296)
[2023-04-09T19:12:42.160+0800][1897.669s] GC(535) Survivor regions: 9->11(39)
[2023-04-09T19:12:42.160+0800][1897.669s] GC(535) Old regions: 74->74
[2023-04-09T19:12:42.160+0800][1897.669s] GC(535) Humongous regions: 25->13
[2023-04-09T19:12:42.160+0800][1897.669s] GC(535) Metaspace: 61251K(64368K)->61251K(64368K) NonClass: 54304K(56228K)->54304K(56228K) Class: 6946K(8140K)->6946K(8140K)
[2023-04-09T19:12:42.160+0800][1897.669s] GC(535) Pause Young (Normal) (G1 Evacuation Pause) 404M->96M(512M) 2.257ms
[2023-04-09T19:12:42.160+0800][1897.669s] GC(535) User=0.00s Sys=0.00s Real=0.00s
[2023-04-09T19:12:42.660+0800][1898.169s] GC(536) Pause Young (Normal) (G1 Evacuation Pause)
[2023-04-09T19:12:42.660+0800][1898.169s] GC(536) Using 8 workers of 8 for evacuation
[2023-04-09T19:12:42.662+0800][1898.170s] GC(536)   Pre Evacuate Collection Set: 0.0ms
[2023-04-09T19:12:42.662+0800][1898.170s] GC(536)   Evacuate Collection Set: 0.6ms
[2023-04-09T19:12:42.662+0800][1898.170s] GC(536)   Post Evacuate Collection Set: 0.7ms
[2023-04-09T19:12:42.662+0800][1898.170s] GC(536)   Other: 0.2ms
[2023-04-09T19:12:42.662+0800][1898.170s] GC(536) Eden regions: 296->0(302)
[2023-04-09T19:12:42.662+0800][1898.170s] GC(536) Survivor regions: 11->5(39)
[2023-04-09T19:12:42.662+0800][1898.170s] GC(536) Old regions: 74->74
[2023-04-09T19:12:42.662+0800][1898.170s] GC(536) Humongous regions: 14->5
[2023-04-09T19:12:42.662+0800][1898.170s] GC(536) Metaspace: 61251K(64368K)->61251K(64368K) NonClass: 54304K(56228K)->54304K(56228K) Class: 6946K(8140K)->6946K(8140K)
[2023-04-09T19:12:42.662+0800][1898.170s] GC(536) Pause Young (Normal) (G1 Evacuation Pause) 393M->82M(512M) 1.745ms
[2023-04-09T19:12:42.662+0800][1898.170s] GC(536) User=0.00s Sys=0.00s Real=0.00s
[2023-04-09T19:12:43.101+0800][1898.610s] GC(537) Pause Young (Normal) (G1 Evacuation Pause)
[2023-04-09T19:12:43.101+0800][1898.610s] GC(537) Using 8 workers of 8 for evacuation
[2023-04-09T19:12:43.103+0800][1898.612s] GC(537)   Pre Evacuate Collection Set: 0.0ms
[2023-04-09T19:12:43.103+0800][1898.612s] GC(537)   Evacuate Collection Set: 1.1ms
[2023-04-09T19:12:43.103+0800][1898.612s] GC(537)   Post Evacuate Collection Set: 0.6ms
[2023-04-09T19:12:43.103+0800][1898.612s] GC(537)   Other: 0.2ms
[2023-04-09T19:12:43.103+0800][1898.612s] GC(537) Eden regions: 302->0(296)
[2023-04-09T19:12:43.103+0800][1898.612s] GC(537) Survivor regions: 5->11(39)
[2023-04-09T19:12:43.103+0800][1898.612s] GC(537) Old regions: 74->74
[2023-04-09T19:12:43.103+0800][1898.612s] GC(537) Humongous regions: 8->7
[2023-04-09T19:12:43.103+0800][1898.612s] GC(537) Metaspace: 61251K(64368K)->61251K(64368K) NonClass: 54304K(56228K)->54304K(56228K) Class: 6946K(8140K)->6946K(8140K)
[2023-04-09T19:12:43.103+0800][1898.612s] GC(537) Pause Young (Normal) (G1 Evacuation Pause) 387M->90M(512M) 2.043ms
[2023-04-09T19:12:43.103+0800][1898.612s] GC(537) User=0.00s Sys=0.00s Real=0.00s
[2023-04-09T19:12:43.671+0800][1899.180s] GC(538) Pause Young (Normal) (G1 Evacuation Pause)
[2023-04-09T19:12:43.671+0800][1899.180s] GC(538) Using 8 workers of 8 for evacuation
[2023-04-09T19:12:43.673+0800][1899.182s] GC(538)   Pre Evacuate Collection Set: 0.0ms
[2023-04-09T19:12:43.673+0800][1899.182s] GC(538)   Evacuate Collection Set: 1.2ms
[2023-04-09T19:12:43.673+0800][1899.182s] GC(538)   Post Evacuate Collection Set: 0.5ms
[2023-04-09T19:12:43.673+0800][1899.182s] GC(538)   Other: 0.1ms
[2023-04-09T19:12:43.673+0800][1899.182s] GC(538) Eden regions: 296->0(296)
[2023-04-09T19:12:43.673+0800][1899.182s] GC(538) Survivor regions: 11->11(39)
[2023-04-09T19:12:43.673+0800][1899.182s] GC(538) Old regions: 74->74
[2023-04-09T19:12:43.673+0800][1899.182s] GC(538) Humongous regions: 25->13
[2023-04-09T19:12:43.673+0800][1899.182s] GC(538) Metaspace: 61251K(64368K)->61251K(64368K) NonClass: 54304K(56228K)->54304K(56228K) Class: 6946K(8140K)->6946K(8140K)
[2023-04-09T19:12:43.673+0800][1899.182s] GC(538) Pause Young (Normal) (G1 Evacuation Pause) 404M->96M(512M) 2.030ms
[2023-04-09T19:12:43.673+0800][1899.182s] GC(538) User=0.00s Sys=0.00s Real=0.00s
[2023-04-09T19:12:44.147+0800][1899.655s] GC(539) Pause Young (Normal) (G1 Evacuation Pause)
[2023-04-09T19:12:44.147+0800][1899.655s] GC(539) Using 8 workers of 8 for evacuation
[2023-04-09T19:12:44.148+0800][1899.656s] GC(539)   Pre Evacuate Collection Set: 0.0ms
[2023-04-09T19:12:44.148+0800][1899.656s] GC(539)   Evacuate Collection Set: 0.5ms
[2023-04-09T19:12:44.148+0800][1899.656s] GC(539)   Post Evacuate Collection Set: 0.5ms
[2023-04-09T19:12:44.148+0800][1899.656s] GC(539)   Other: 0.2ms
[2023-04-09T19:12:44.148+0800][1899.656s] GC(539) Eden regions: 296->0(303)
[2023-04-09T19:12:44.148+0800][1899.656s] GC(539) Survivor regions: 11->4(39)
[2023-04-09T19:12:44.148+0800][1899.656s] GC(539) Old regions: 74->74
[2023-04-09T19:12:44.148+0800][1899.656s] GC(539) Humongous regions: 13->4
[2023-04-09T19:12:44.148+0800][1899.656s] GC(539) Metaspace: 61251K(64368K)->61251K(64368K) NonClass: 54304K(56228K)->54304K(56228K) Class: 6946K(8140K)->6946K(8140K)
[2023-04-09T19:12:44.148+0800][1899.656s] GC(539) Pause Young (Normal) (G1 Evacuation Pause) 392M->80M(512M) 1.328ms
[2023-04-09T19:12:44.148+0800][1899.656s] GC(539) User=0.00s Sys=0.00s Real=0.00s
[2023-04-09T19:12:44.619+0800][1900.128s] GC(540) Pause Young (Normal) (G1 Evacuation Pause)
[2023-04-09T19:12:44.620+0800][1900.128s] GC(540) Using 8 workers of 8 for evacuation
[2023-04-09T19:12:44.621+0800][1900.130s] GC(540)   Pre Evacuate Collection Set: 0.0ms
[2023-04-09T19:12:44.621+0800][1900.130s] GC(540)   Evacuate Collection Set: 1.1ms
[2023-04-09T19:12:44.621+0800][1900.130s] GC(540)   Post Evacuate Collection Set: 0.4ms
[2023-04-09T19:12:44.621+0800][1900.130s] GC(540)   Other: 0.2ms
[2023-04-09T19:12:44.621+0800][1900.130s] GC(540) Eden regions: 303->0(298)
[2023-04-09T19:12:44.621+0800][1900.130s] GC(540) Survivor regions: 4->9(39)
[2023-04-09T19:12:44.621+0800][1900.130s] GC(540) Old regions: 74->74
[2023-04-09T19:12:44.621+0800][1900.130s] GC(540) Humongous regions: 8->7
[2023-04-09T19:12:44.621+0800][1900.130s] GC(540) Metaspace: 61251K(64368K)->61251K(64368K) NonClass: 54304K(56228K)->54304K(56228K) Class: 6946K(8140K)->6946K(8140K)
[2023-04-09T19:12:44.622+0800][1900.130s] GC(540) Pause Young (Normal) (G1 Evacuation Pause) 387M->88M(512M) 2.066ms
[2023-04-09T19:12:44.622+0800][1900.130s] GC(540) User=0.08s Sys=0.00s Real=0.00s
[2023-04-09T19:12:45.075+0800][1900.584s] GC(541) Pause Young (Normal) (G1 Evacuation Pause)
[2023-04-09T19:12:45.076+0800][1900.584s] GC(541) Using 8 workers of 8 for evacuation
[2023-04-09T19:12:45.077+0800][1900.586s] GC(541)   Pre Evacuate Collection Set: 0.0ms
[2023-04-09T19:12:45.077+0800][1900.586s] GC(541)   Evacuate Collection Set: 1.2ms
[2023-04-09T19:12:45.077+0800][1900.586s] GC(541)   Post Evacuate Collection Set: 0.6ms
[2023-04-09T19:12:45.077+0800][1900.586s] GC(541)   Other: 0.2ms
[2023-04-09T19:12:45.077+0800][1900.586s] GC(541) Eden regions: 298->0(296)
[2023-04-09T19:12:45.078+0800][1900.586s] GC(541) Survivor regions: 9->11(39)
[2023-04-09T19:12:45.078+0800][1900.586s] GC(541) Old regions: 74->74
[2023-04-09T19:12:45.078+0800][1900.586s] GC(541) Humongous regions: 20->13
[2023-04-09T19:12:45.078+0800][1900.586s] GC(541) Metaspace: 61251K(64368K)->61251K(64368K) NonClass: 54304K(56228K)->54304K(56228K) Class: 6946K(8140K)->6946K(8140K)
[2023-04-09T19:12:45.078+0800][1900.586s] GC(541) Pause Young (Normal) (G1 Evacuation Pause) 399M->96M(512M) 2.121ms
[2023-04-09T19:12:45.078+0800][1900.587s] GC(541) User=0.00s Sys=0.00s Real=0.00s
[2023-04-09T19:12:45.671+0800][1901.180s] GC(542) Pause Young (Normal) (G1 Evacuation Pause)
[2023-04-09T19:12:45.671+0800][1901.180s] GC(542) Using 8 workers of 8 for evacuation
[2023-04-09T19:12:45.672+0800][1901.181s] GC(542)   Pre Evacuate Collection Set: 0.0ms
[2023-04-09T19:12:45.672+0800][1901.181s] GC(542)   Evacuate Collection Set: 0.4ms
[2023-04-09T19:12:45.672+0800][1901.181s] GC(542)   Post Evacuate Collection Set: 0.5ms
[2023-04-09T19:12:45.673+0800][1901.181s] GC(542)   Other: 0.2ms
[2023-04-09T19:12:45.673+0800][1901.181s] GC(542) Eden regions: 296->0(305)
[2023-04-09T19:12:45.673+0800][1901.181s] GC(542) Survivor regions: 11->2(39)
[2023-04-09T19:12:45.673+0800][1901.181s] GC(542) Old regions: 74->74
[2023-04-09T19:12:45.673+0800][1901.181s] GC(542) Humongous regions: 18->4
[2023-04-09T19:12:45.673+0800][1901.181s] GC(542) Metaspace: 61251K(64368K)->61251K(64368K) NonClass: 54304K(56228K)->54304K(56228K) Class: 6946K(8140K)->6946K(8140K)
[2023-04-09T19:12:45.673+0800][1901.181s] GC(542) Pause Young (Normal) (G1 Evacuation Pause) 397M->78M(512M) 1.238ms
[2023-04-09T19:12:45.673+0800][1901.181s] GC(542) User=0.00s Sys=0.00s Real=0.00s
[2023-04-09T19:12:46.143+0800][1901.652s] GC(543) Pause Young (Normal) (G1 Evacuation Pause)
[2023-04-09T19:12:46.143+0800][1901.652s] GC(543) Using 8 workers of 8 for evacuation
[2023-04-09T19:12:46.145+0800][1901.654s] GC(543)   Pre Evacuate Collection Set: 0.0ms
[2023-04-09T19:12:46.145+0800][1901.654s] GC(543)   Evacuate Collection Set: 0.9ms
[2023-04-09T19:12:46.145+0800][1901.654s] GC(543)   Post Evacuate Collection Set: 0.7ms
[2023-04-09T19:12:46.145+0800][1901.654s] GC(543)   Other: 0.2ms
[2023-04-09T19:12:46.145+0800][1901.654s] GC(543) Eden regions: 305->0(299)
[2023-04-09T19:12:46.145+0800][1901.654s] GC(543) Survivor regions: 2->8(39)
[2023-04-09T19:12:46.145+0800][1901.654s] GC(543) Old regions: 74->74
[2023-04-09T19:12:46.145+0800][1901.654s] GC(543) Humongous regions: 7->6
[2023-04-09T19:12:46.145+0800][1901.654s] GC(543) Metaspace: 61251K(64368K)->61251K(64368K) NonClass: 54304K(56228K)->54304K(56228K) Class: 6946K(8140K)->6946K(8140K)
[2023-04-09T19:12:46.145+0800][1901.654s] GC(543) Pause Young (Normal) (G1 Evacuation Pause) 386M->86M(512M) 2.083ms
[2023-04-09T19:12:46.145+0800][1901.654s] GC(543) User=0.00s Sys=0.00s Real=0.00s
[2023-04-09T19:12:46.593+0800][1902.102s] GC(544) Pause Young (Normal) (G1 Evacuation Pause)
[2023-04-09T19:12:46.593+0800][1902.102s] GC(544) Using 8 workers of 8 for evacuation
[2023-04-09T19:12:46.595+0800][1902.104s] GC(544)   Pre Evacuate Collection Set: 0.0ms
[2023-04-09T19:12:46.595+0800][1902.104s] GC(544)   Evacuate Collection Set: 1.1ms
[2023-04-09T19:12:46.595+0800][1902.104s] GC(544)   Post Evacuate Collection Set: 0.5ms
[2023-04-09T19:12:46.595+0800][1902.104s] GC(544)   Other: 0.2ms
[2023-04-09T19:12:46.595+0800][1902.104s] GC(544) Eden regions: 299->0(297)
[2023-04-09T19:12:46.595+0800][1902.104s] GC(544) Survivor regions: 8->10(39)
[2023-04-09T19:12:46.595+0800][1902.104s] GC(544) Old regions: 74->74
[2023-04-09T19:12:46.595+0800][1902.104s] GC(544) Humongous regions: 20->13
[2023-04-09T19:12:46.595+0800][1902.104s] GC(544) Metaspace: 61251K(64368K)->61251K(64368K) NonClass: 54304K(56228K)->54304K(56228K) Class: 6946K(8140K)->6946K(8140K)
[2023-04-09T19:12:46.595+0800][1902.104s] GC(544) Pause Young (Normal) (G1 Evacuation Pause) 399M->95M(512M) 1.965ms
[2023-04-09T19:12:46.595+0800][1902.104s] GC(544) User=0.00s Sys=0.00s Real=0.00s
[2023-04-09T19:12:47.215+0800][1902.724s] GC(545) Pause Young (Normal) (G1 Evacuation Pause)
[2023-04-09T19:12:47.215+0800][1902.724s] GC(545) Using 8 workers of 8 for evacuation
[2023-04-09T19:12:47.216+0800][1902.725s] GC(545)   Pre Evacuate Collection Set: 0.0ms
[2023-04-09T19:12:47.216+0800][1902.725s] GC(545)   Evacuate Collection Set: 0.3ms
[2023-04-09T19:12:47.216+0800][1902.725s] GC(545)   Post Evacuate Collection Set: 0.4ms
[2023-04-09T19:12:47.216+0800][1902.725s] GC(545)   Other: 0.2ms
[2023-04-09T19:12:47.216+0800][1902.725s] GC(545) Eden regions: 297->0(306)
[2023-04-09T19:12:47.216+0800][1902.725s] GC(545) Survivor regions: 10->1(39)
[2023-04-09T19:12:47.216+0800][1902.725s] GC(545) Old regions: 74->74
[2023-04-09T19:12:47.216+0800][1902.725s] GC(545) Humongous regions: 18->4
[2023-04-09T19:12:47.216+0800][1902.725s] GC(545) Metaspace: 61251K(64368K)->61251K(64368K) NonClass: 54304K(56228K)->54304K(56228K) Class: 6946K(8140K)->6946K(8140K)
[2023-04-09T19:12:47.216+0800][1902.725s] GC(545) Pause Young (Normal) (G1 Evacuation Pause) 397M->77M(512M) 1.150ms
[2023-04-09T19:12:47.216+0800][1902.725s] GC(545) User=0.00s Sys=0.00s Real=0.00s
[2023-04-09T19:12:47.651+0800][1903.160s] GC(546) Pause Young (Normal) (G1 Evacuation Pause)
[2023-04-09T19:12:47.651+0800][1903.160s] GC(546) Using 8 workers of 8 for evacuation
[2023-04-09T19:12:47.652+0800][1903.161s] GC(546)   Pre Evacuate Collection Set: 0.0ms
[2023-04-09T19:12:47.652+0800][1903.162s] GC(546)   Evacuate Collection Set: 0.8ms
[2023-04-09T19:12:47.653+0800][1903.162s] GC(546)   Post Evacuate Collection Set: 0.6ms
[2023-04-09T19:12:47.653+0800][1903.162s] GC(546)   Other: 0.1ms
[2023-04-09T19:12:47.653+0800][1903.162s] GC(546) Eden regions: 306->0(300)
[2023-04-09T19:12:47.653+0800][1903.162s] GC(546) Survivor regions: 1->7(39)
[2023-04-09T19:12:47.653+0800][1903.162s] GC(546) Old regions: 74->74
[2023-04-09T19:12:47.653+0800][1903.162s] GC(546) Humongous regions: 7->6
[2023-04-09T19:12:47.653+0800][1903.162s] GC(546) Metaspace: 61251K(64368K)->61251K(64368K) NonClass: 54305K(56228K)->54305K(56228K) Class: 6946K(8140K)->6946K(8140K)
[2023-04-09T19:12:47.653+0800][1903.162s] GC(546) Pause Young (Normal) (G1 Evacuation Pause) 386M->85M(512M) 1.698ms
[2023-04-09T19:12:47.653+0800][1903.162s] GC(546) User=0.11s Sys=0.00s Real=0.00s
[2023-04-09T19:12:48.081+0800][1903.590s] GC(547) Pause Young (Normal) (G1 Evacuation Pause)
[2023-04-09T19:12:48.081+0800][1903.590s] GC(547) Using 8 workers of 8 for evacuation
[2023-04-09T19:12:48.083+0800][1903.592s] GC(547)   Pre Evacuate Collection Set: 0.0ms
[2023-04-09T19:12:48.083+0800][1903.592s] GC(547)   Evacuate Collection Set: 1.0ms
[2023-04-09T19:12:48.083+0800][1903.592s] GC(547)   Post Evacuate Collection Set: 0.6ms
[2023-04-09T19:12:48.083+0800][1903.592s] GC(547)   Other: 0.2ms
[2023-04-09T19:12:48.083+0800][1903.592s] GC(547) Eden regions: 300->0(298)
[2023-04-09T19:12:48.083+0800][1903.592s] GC(547) Survivor regions: 7->9(39)
[2023-04-09T19:12:48.083+0800][1903.592s] GC(547) Old regions: 74->74
[2023-04-09T19:12:48.083+0800][1903.592s] GC(547) Humongous regions: 12->12
[2023-04-09T19:12:48.083+0800][1903.592s] GC(547) Metaspace: 61251K(64368K)->61251K(64368K) NonClass: 54305K(56228K)->54305K(56228K) Class: 6946K(8140K)->6946K(8140K)
[2023-04-09T19:12:48.083+0800][1903.592s] GC(547) Pause Young (Normal) (G1 Evacuation Pause) 391M->94M(512M) 2.063ms
[2023-04-09T19:12:48.083+0800][1903.592s] GC(547) User=0.00s Sys=0.00s Real=0.00s
[2023-04-09T19:12:48.609+0800][1904.118s] GC(548) Pause Young (Normal) (G1 Evacuation Pause)
[2023-04-09T19:12:48.609+0800][1904.118s] GC(548) Using 8 workers of 8 for evacuation
[2023-04-09T19:12:48.611+0800][1904.120s] GC(548)   Pre Evacuate Collection Set: 0.0ms
[2023-04-09T19:12:48.611+0800][1904.121s] GC(548)   Evacuate Collection Set: 1.2ms
[2023-04-09T19:12:48.611+0800][1904.121s] GC(548)   Post Evacuate Collection Set: 0.7ms
[2023-04-09T19:12:48.611+0800][1904.121s] GC(548)   Other: 0.2ms
[2023-04-09T19:12:48.611+0800][1904.121s] GC(548) Eden regions: 298->0(296)
[2023-04-09T19:12:48.611+0800][1904.121s] GC(548) Survivor regions: 9->11(39)
[2023-04-09T19:12:48.611+0800][1904.121s] GC(548) Old regions: 74->74
[2023-04-09T19:12:48.611+0800][1904.121s] GC(548) Humongous regions: 25->13
[2023-04-09T19:12:48.611+0800][1904.121s] GC(548) Metaspace: 61251K(64368K)->61251K(64368K) NonClass: 54305K(56228K)->54305K(56228K) Class: 6946K(8140K)->6946K(8140K)
[2023-04-09T19:12:48.612+0800][1904.121s] GC(548) Pause Young (Normal) (G1 Evacuation Pause) 405M->96M(512M) 2.366ms
[2023-04-09T19:12:48.612+0800][1904.121s] GC(548) User=0.00s Sys=0.00s Real=0.00s
[2023-04-09T19:12:49.099+0800][1904.608s] GC(549) Pause Young (Normal) (G1 Evacuation Pause)
[2023-04-09T19:12:49.099+0800][1904.608s] GC(549) Using 8 workers of 8 for evacuation
[2023-04-09T19:12:49.100+0800][1904.609s] GC(549)   Pre Evacuate Collection Set: 0.0ms
[2023-04-09T19:12:49.100+0800][1904.609s] GC(549)   Evacuate Collection Set: 0.7ms
[2023-04-09T19:12:49.100+0800][1904.610s] GC(549)   Post Evacuate Collection Set: 0.5ms
[2023-04-09T19:12:49.100+0800][1904.610s] GC(549)   Other: 0.3ms
[2023-04-09T19:12:49.100+0800][1904.610s] GC(549) Eden regions: 296->0(302)
[2023-04-09T19:12:49.100+0800][1904.610s] GC(549) Survivor regions: 11->5(39)
[2023-04-09T19:12:49.100+0800][1904.610s] GC(549) Old regions: 74->74
[2023-04-09T19:12:49.100+0800][1904.610s] GC(549) Humongous regions: 14->5
[2023-04-09T19:12:49.100+0800][1904.610s] GC(549) Metaspace: 61251K(64368K)->61251K(64368K) NonClass: 54305K(56228K)->54305K(56228K) Class: 6946K(8140K)->6946K(8140K)
[2023-04-09T19:12:49.100+0800][1904.610s] GC(549) Pause Young (Normal) (G1 Evacuation Pause) 393M->82M(512M) 1.662ms
[2023-04-09T19:12:49.100+0800][1904.610s] GC(549) User=0.00s Sys=0.00s Real=0.00s
[2023-04-09T19:12:49.554+0800][1905.063s] GC(550) Pause Young (Normal) (G1 Evacuation Pause)
[2023-04-09T19:12:49.554+0800][1905.063s] GC(550) Using 8 workers of 8 for evacuation
[2023-04-09T19:12:49.556+0800][1905.065s] GC(550)   Pre Evacuate Collection Set: 0.0ms
[2023-04-09T19:12:49.556+0800][1905.065s] GC(550)   Evacuate Collection Set: 1.1ms
[2023-04-09T19:12:49.556+0800][1905.065s] GC(550)   Post Evacuate Collection Set: 0.5ms
[2023-04-09T19:12:49.556+0800][1905.065s] GC(550)   Other: 0.2ms
[2023-04-09T19:12:49.556+0800][1905.065s] GC(550) Eden regions: 302->0(297)
[2023-04-09T19:12:49.556+0800][1905.065s] GC(550) Survivor regions: 5->10(39)
[2023-04-09T19:12:49.556+0800][1905.065s] GC(550) Old regions: 74->74
[2023-04-09T19:12:49.557+0800][1905.065s] GC(550) Humongous regions: 8->7
[2023-04-09T19:12:49.557+0800][1905.065s] GC(550) Metaspace: 61251K(64368K)->61251K(64368K) NonClass: 54305K(56228K)->54305K(56228K) Class: 6946K(8140K)->6946K(8140K)
[2023-04-09T19:12:49.557+0800][1905.065s] GC(550) Pause Young (Normal) (G1 Evacuation Pause) 387M->90M(512M) 2.087ms
[2023-04-09T19:12:49.557+0800][1905.065s] GC(550) User=0.00s Sys=0.00s Real=0.00s
[2023-04-09T19:12:50.122+0800][1905.631s] GC(551) Pause Young (Normal) (G1 Evacuation Pause)
[2023-04-09T19:12:50.122+0800][1905.631s] GC(551) Using 8 workers of 8 for evacuation
[2023-04-09T19:12:50.124+0800][1905.633s] GC(551)   Pre Evacuate Collection Set: 0.0ms
[2023-04-09T19:12:50.124+0800][1905.633s] GC(551)   Evacuate Collection Set: 1.1ms
[2023-04-09T19:12:50.124+0800][1905.633s] GC(551)   Post Evacuate Collection Set: 0.5ms
[2023-04-09T19:12:50.124+0800][1905.633s] GC(551)   Other: 0.1ms
[2023-04-09T19:12:50.124+0800][1905.633s] GC(551) Eden regions: 297->0(296)
[2023-04-09T19:12:50.124+0800][1905.633s] GC(551) Survivor regions: 10->11(39)
[2023-04-09T19:12:50.124+0800][1905.633s] GC(551) Old regions: 74->74
[2023-04-09T19:12:50.124+0800][1905.633s] GC(551) Humongous regions: 25->13
[2023-04-09T19:12:50.124+0800][1905.633s] GC(551) Metaspace: 61253K(64368K)->61253K(64368K) NonClass: 54306K(56228K)->54306K(56228K) Class: 6946K(8140K)->6946K(8140K)
[2023-04-09T19:12:50.124+0800][1905.633s] GC(551) Pause Young (Normal) (G1 Evacuation Pause) 405M->96M(512M) 1.929ms
[2023-04-09T19:12:50.124+0800][1905.633s] GC(551) User=0.00s Sys=0.00s Real=0.00s
[2023-04-09T19:12:50.598+0800][1906.107s] GC(552) Pause Young (Normal) (G1 Evacuation Pause)
[2023-04-09T19:12:50.598+0800][1906.107s] GC(552) Using 8 workers of 8 for evacuation
[2023-04-09T19:12:50.599+0800][1906.108s] GC(552)   Pre Evacuate Collection Set: 0.0ms
[2023-04-09T19:12:50.599+0800][1906.108s] GC(552)   Evacuate Collection Set: 0.5ms
[2023-04-09T19:12:50.599+0800][1906.108s] GC(552)   Post Evacuate Collection Set: 0.5ms
[2023-04-09T19:12:50.599+0800][1906.108s] GC(552)   Other: 0.2ms
[2023-04-09T19:12:50.599+0800][1906.108s] GC(552) Eden regions: 296->0(303)
[2023-04-09T19:12:50.599+0800][1906.108s] GC(552) Survivor regions: 11->4(39)
[2023-04-09T19:12:50.599+0800][1906.108s] GC(552) Old regions: 74->74
[2023-04-09T19:12:50.599+0800][1906.109s] GC(552) Humongous regions: 14->5
[2023-04-09T19:12:50.599+0800][1906.109s] GC(552) Metaspace: 61254K(64368K)->61254K(64368K) NonClass: 54307K(56228K)->54307K(56228K) Class: 6946K(8140K)->6946K(8140K)
[2023-04-09T19:12:50.599+0800][1906.109s] GC(552) Pause Young (Normal) (G1 Evacuation Pause) 393M->81M(512M) 1.431ms
[2023-04-09T19:12:50.599+0800][1906.109s] GC(552) User=0.00s Sys=0.00s Real=0.00s
[2023-04-09T19:12:51.054+0800][1906.562s] GC(553) Pause Young (Normal) (G1 Evacuation Pause)
[2023-04-09T19:12:51.054+0800][1906.562s] GC(553) Using 8 workers of 8 for evacuation
[2023-04-09T19:12:51.055+0800][1906.564s] GC(553)   Pre Evacuate Collection Set: 0.0ms
[2023-04-09T19:12:51.055+0800][1906.564s] GC(553)   Evacuate Collection Set: 1.0ms
[2023-04-09T19:12:51.055+0800][1906.564s] GC(553)   Post Evacuate Collection Set: 0.5ms
[2023-04-09T19:12:51.055+0800][1906.564s] GC(553)   Other: 0.2ms
[2023-04-09T19:12:51.055+0800][1906.564s] GC(553) Eden regions: 303->0(297)
[2023-04-09T19:12:51.055+0800][1906.564s] GC(553) Survivor regions: 4->10(39)
[2023-04-09T19:12:51.055+0800][1906.564s] GC(553) Old regions: 74->74
[2023-04-09T19:12:51.055+0800][1906.564s] GC(553) Humongous regions: 7->6
[2023-04-09T19:12:51.055+0800][1906.564s] GC(553) Metaspace: 61254K(64368K)->61254K(64368K) NonClass: 54307K(56228K)->54307K(56228K) Class: 6946K(8140K)->6946K(8140K)
[2023-04-09T19:12:51.055+0800][1906.564s] GC(553) Pause Young (Normal) (G1 Evacuation Pause) 386M->88M(512M) 1.819ms
[2023-04-09T19:12:51.055+0800][1906.564s] GC(553) User=0.00s Sys=0.00s Real=0.00s
[2023-04-09T19:12:51.523+0800][1907.032s] GC(554) Pause Young (Normal) (G1 Evacuation Pause)
[2023-04-09T19:12:51.523+0800][1907.032s] GC(554) Using 8 workers of 8 for evacuation
[2023-04-09T19:12:51.525+0800][1907.034s] GC(554)   Pre Evacuate Collection Set: 0.0ms
[2023-04-09T19:12:51.525+0800][1907.034s] GC(554)   Evacuate Collection Set: 1.0ms
[2023-04-09T19:12:51.525+0800][1907.034s] GC(554)   Post Evacuate Collection Set: 0.5ms
[2023-04-09T19:12:51.525+0800][1907.034s] GC(554)   Other: 0.1ms
[2023-04-09T19:12:51.525+0800][1907.034s] GC(554) Eden regions: 297->0(297)
[2023-04-09T19:12:51.525+0800][1907.034s] GC(554) Survivor regions: 10->10(39)
[2023-04-09T19:12:51.525+0800][1907.034s] GC(554) Old regions: 74->74
[2023-04-09T19:12:51.525+0800][1907.034s] GC(554) Humongous regions: 25->13
[2023-04-09T19:12:51.525+0800][1907.034s] GC(554) Metaspace: 61254K(64368K)->61254K(64368K) NonClass: 54307K(56228K)->54307K(56228K) Class: 6946K(8140K)->6946K(8140K)
[2023-04-09T19:12:51.525+0800][1907.034s] GC(554) Pause Young (Normal) (G1 Evacuation Pause) 404M->95M(512M) 1.811ms
[2023-04-09T19:12:51.525+0800][1907.034s] GC(554) User=0.00s Sys=0.00s Real=0.00s
[2023-04-09T19:12:52.094+0800][1907.603s] GC(555) Pause Young (Normal) (G1 Evacuation Pause)
[2023-04-09T19:12:52.094+0800][1907.603s] GC(555) Using 8 workers of 8 for evacuation
[2023-04-09T19:12:52.095+0800][1907.604s] GC(555)   Pre Evacuate Collection Set: 0.0ms
[2023-04-09T19:12:52.095+0800][1907.604s] GC(555)   Evacuate Collection Set: 0.5ms
[2023-04-09T19:12:52.095+0800][1907.604s] GC(555)   Post Evacuate Collection Set: 0.5ms
[2023-04-09T19:12:52.095+0800][1907.604s] GC(555)   Other: 0.1ms
[2023-04-09T19:12:52.095+0800][1907.604s] GC(555) Eden regions: 297->0(304)
[2023-04-09T19:12:52.095+0800][1907.604s] GC(555) Survivor regions: 10->3(39)
[2023-04-09T19:12:52.096+0800][1907.604s] GC(555) Old regions: 74->74
[2023-04-09T19:12:52.096+0800][1907.604s] GC(555) Humongous regions: 13->4
[2023-04-09T19:12:52.096+0800][1907.604s] GC(555) Metaspace: 61254K(64368K)->61254K(64368K) NonClass: 54307K(56228K)->54307K(56228K) Class: 6946K(8140K)->6946K(8140K)
[2023-04-09T19:12:52.096+0800][1907.604s] GC(555) Pause Young (Normal) (G1 Evacuation Pause) 392M->79M(512M) 1.548ms
[2023-04-09T19:12:52.096+0800][1907.604s] GC(555) User=0.00s Sys=0.00s Real=0.00s
[2023-04-09T19:12:52.539+0800][1908.048s] GC(556) Pause Young (Normal) (G1 Evacuation Pause)
[2023-04-09T19:12:52.539+0800][1908.048s] GC(556) Using 8 workers of 8 for evacuation
[2023-04-09T19:12:52.540+0800][1908.049s] GC(556)   Pre Evacuate Collection Set: 0.0ms
[2023-04-09T19:12:52.540+0800][1908.049s] GC(556)   Evacuate Collection Set: 1.0ms
[2023-04-09T19:12:52.540+0800][1908.049s] GC(556)   Post Evacuate Collection Set: 0.6ms
[2023-04-09T19:12:52.541+0800][1908.049s] GC(556)   Other: 0.2ms
[2023-04-09T19:12:52.541+0800][1908.049s] GC(556) Eden regions: 304->0(299)
[2023-04-09T19:12:52.541+0800][1908.049s] GC(556) Survivor regions: 3->8(39)
[2023-04-09T19:12:52.541+0800][1908.050s] GC(556) Old regions: 74->74
[2023-04-09T19:12:52.541+0800][1908.050s] GC(556) Humongous regions: 7->6
[2023-04-09T19:12:52.541+0800][1908.050s] GC(556) Metaspace: 61254K(64368K)->61254K(64368K) NonClass: 54307K(56228K)->54307K(56228K) Class: 6946K(8140K)->6946K(8140K)
[2023-04-09T19:12:52.541+0800][1908.050s] GC(556) Pause Young (Normal) (G1 Evacuation Pause) 386M->87M(512M) 2.077ms
[2023-04-09T19:12:52.541+0800][1908.050s] GC(556) User=0.00s Sys=0.00s Real=0.00s
[2023-04-09T19:12:52.981+0800][1908.489s] GC(557) Pause Young (Normal) (G1 Evacuation Pause)
[2023-04-09T19:12:52.981+0800][1908.489s] GC(557) Using 8 workers of 8 for evacuation
[2023-04-09T19:12:52.983+0800][1908.491s] GC(557)   Pre Evacuate Collection Set: 0.0ms
[2023-04-09T19:12:52.983+0800][1908.491s] GC(557)   Evacuate Collection Set: 1.1ms
[2023-04-09T19:12:52.983+0800][1908.491s] GC(557)   Post Evacuate Collection Set: 0.7ms
[2023-04-09T19:12:52.983+0800][1908.492s] GC(557)   Other: 0.2ms
[2023-04-09T19:12:52.983+0800][1908.492s] GC(557) Eden regions: 299->0(297)
[2023-04-09T19:12:52.983+0800][1908.492s] GC(557) Survivor regions: 8->10(39)
[2023-04-09T19:12:52.983+0800][1908.492s] GC(557) Old regions: 74->74
[2023-04-09T19:12:52.983+0800][1908.492s] GC(557) Humongous regions: 20->13
[2023-04-09T19:12:52.983+0800][1908.492s] GC(557) Metaspace: 61254K(64368K)->61254K(64368K) NonClass: 54307K(56228K)->54307K(56228K) Class: 6946K(8140K)->6946K(8140K)
[2023-04-09T19:12:52.983+0800][1908.492s] GC(557) Pause Young (Normal) (G1 Evacuation Pause) 400M->95M(512M) 2.315ms
[2023-04-09T19:12:52.983+0800][1908.492s] GC(557) User=0.00s Sys=0.00s Real=0.00s
[2023-04-09T19:12:53.488+0800][1908.996s] GC(558) Pause Young (Normal) (G1 Evacuation Pause)
[2023-04-09T19:12:53.488+0800][1908.997s] GC(558) Using 8 workers of 8 for evacuation
[2023-04-09T19:12:53.490+0800][1908.998s] GC(558)   Pre Evacuate Collection Set: 0.0ms
[2023-04-09T19:12:53.490+0800][1908.998s] GC(558)   Evacuate Collection Set: 1.1ms
[2023-04-09T19:12:53.490+0800][1908.998s] GC(558)   Post Evacuate Collection Set: 0.6ms
[2023-04-09T19:12:53.490+0800][1908.998s] GC(558)   Other: 0.2ms
[2023-04-09T19:12:53.490+0800][1908.998s] GC(558) Eden regions: 297->0(296)
[2023-04-09T19:12:53.490+0800][1908.998s] GC(558) Survivor regions: 10->11(39)
[2023-04-09T19:12:53.490+0800][1908.999s] GC(558) Old regions: 74->74
[2023-04-09T19:12:53.490+0800][1908.999s] GC(558) Humongous regions: 18->13
[2023-04-09T19:12:53.490+0800][1908.999s] GC(558) Metaspace: 61254K(64368K)->61254K(64368K) NonClass: 54307K(56228K)->54307K(56228K) Class: 6946K(8140K)->6946K(8140K)
[2023-04-09T19:12:53.490+0800][1908.999s] GC(558) Pause Young (Normal) (G1 Evacuation Pause) 397M->96M(512M) 2.095ms
[2023-04-09T19:12:53.490+0800][1908.999s] GC(558) User=0.00s Sys=0.00s Real=0.00s
[2023-04-09T19:12:53.822+0800][1909.331s] GC(559) Pause Young (Normal) (G1 Evacuation Pause)
[2023-04-09T19:12:53.822+0800][1909.331s] GC(559) Using 8 workers of 8 for evacuation
[2023-04-09T19:12:53.823+0800][1909.332s] GC(559)   Pre Evacuate Collection Set: 0.0ms
[2023-04-09T19:12:53.823+0800][1909.332s] GC(559)   Evacuate Collection Set: 0.7ms
[2023-04-09T19:12:53.824+0800][1909.332s] GC(559)   Post Evacuate Collection Set: 0.5ms
[2023-04-09T19:12:53.824+0800][1909.332s] GC(559)   Other: 0.1ms
[2023-04-09T19:12:53.824+0800][1909.332s] GC(559) Eden regions: 296->0(302)
[2023-04-09T19:12:53.824+0800][1909.332s] GC(559) Survivor regions: 11->5(39)
[2023-04-09T19:12:53.824+0800][1909.333s] GC(559) Old regions: 74->74
[2023-04-09T19:12:53.824+0800][1909.333s] GC(559) Humongous regions: 14->5
[2023-04-09T19:12:53.824+0800][1909.333s] GC(559) Metaspace: 61264K(64368K)->61264K(64368K) NonClass: 54318K(56228K)->54318K(56228K) Class: 6946K(8140K)->6946K(8140K)
[2023-04-09T19:12:53.824+0800][1909.333s] GC(559) Pause Young (Normal) (G1 Evacuation Pause) 393M->82M(512M) 1.550ms
[2023-04-09T19:12:53.824+0800][1909.333s] GC(559) User=0.02s Sys=0.00s Real=0.00s
[2023-04-09T19:12:54.017+0800][1909.526s] GC(560) Pause Young (Normal) (G1 Evacuation Pause)
[2023-04-09T19:12:54.017+0800][1909.526s] GC(560) Using 8 workers of 8 for evacuation
[2023-04-09T19:12:54.018+0800][1909.527s] GC(560)   Pre Evacuate Collection Set: 0.0ms
[2023-04-09T19:12:54.018+0800][1909.527s] GC(560)   Evacuate Collection Set: 0.9ms
[2023-04-09T19:12:54.018+0800][1909.527s] GC(560)   Post Evacuate Collection Set: 0.6ms
[2023-04-09T19:12:54.018+0800][1909.527s] GC(560)   Other: 0.2ms
[2023-04-09T19:12:54.018+0800][1909.527s] GC(560) Eden regions: 302->0(300)
[2023-04-09T19:12:54.018+0800][1909.527s] GC(560) Survivor regions: 5->7(39)
[2023-04-09T19:12:54.018+0800][1909.527s] GC(560) Old regions: 74->74
[2023-04-09T19:12:54.018+0800][1909.527s] GC(560) Humongous regions: 5->5
[2023-04-09T19:12:54.019+0800][1909.527s] GC(560) Metaspace: 61264K(64368K)->61264K(64368K) NonClass: 54318K(56228K)->54318K(56228K) Class: 6946K(8140K)->6946K(8140K)
[2023-04-09T19:12:54.019+0800][1909.527s] GC(560) Pause Young (Normal) (G1 Evacuation Pause) 384M->85M(512M) 1.892ms
[2023-04-09T19:12:54.019+0800][1909.527s] GC(560) User=0.00s Sys=0.00s Real=0.00s
[2023-04-09T19:12:54.213+0800][1909.722s] GC(561) Pause Young (Normal) (G1 Evacuation Pause)
[2023-04-09T19:12:54.213+0800][1909.722s] GC(561) Using 8 workers of 8 for evacuation
[2023-04-09T19:12:54.215+0800][1909.724s] GC(561)   Pre Evacuate Collection Set: 0.0ms
[2023-04-09T19:12:54.215+0800][1909.724s] GC(561)   Evacuate Collection Set: 1.1ms
[2023-04-09T19:12:54.215+0800][1909.724s] GC(561)   Post Evacuate Collection Set: 0.6ms
[2023-04-09T19:12:54.215+0800][1909.724s] GC(561)   Other: 0.2ms
[2023-04-09T19:12:54.215+0800][1909.724s] GC(561) Eden regions: 300->0(297)
[2023-04-09T19:12:54.215+0800][1909.724s] GC(561) Survivor regions: 7->10(39)
[2023-04-09T19:12:54.215+0800][1909.724s] GC(561) Old regions: 74->74
[2023-04-09T19:12:54.215+0800][1909.724s] GC(561) Humongous regions: 7->6
[2023-04-09T19:12:54.215+0800][1909.724s] GC(561) Metaspace: 61264K(64368K)->61264K(64368K) NonClass: 54318K(56228K)->54318K(56228K) Class: 6946K(8140K)->6946K(8140K)
[2023-04-09T19:12:54.215+0800][1909.724s] GC(561) Pause Young (Normal) (G1 Evacuation Pause) 387M->88M(512M) 1.975ms
[2023-04-09T19:12:54.215+0800][1909.724s] GC(561) User=0.09s Sys=0.03s Real=0.00s
[2023-04-09T19:12:54.478+0800][1909.987s] GC(562) Pause Young (Normal) (G1 Evacuation Pause)
[2023-04-09T19:12:54.478+0800][1909.987s] GC(562) Using 8 workers of 8 for evacuation
[2023-04-09T19:12:54.480+0800][1909.989s] GC(562)   Pre Evacuate Collection Set: 0.0ms
[2023-04-09T19:12:54.480+0800][1909.989s] GC(562)   Evacuate Collection Set: 1.5ms
[2023-04-09T19:12:54.480+0800][1909.989s] GC(562)   Post Evacuate Collection Set: 0.5ms
[2023-04-09T19:12:54.480+0800][1909.989s] GC(562)   Other: 0.2ms
[2023-04-09T19:12:54.480+0800][1909.989s] GC(562) Eden regions: 297->0(295)
[2023-04-09T19:12:54.480+0800][1909.989s] GC(562) Survivor regions: 10->12(39)
[2023-04-09T19:12:54.480+0800][1909.989s] GC(562) Old regions: 74->74
[2023-04-09T19:12:54.480+0800][1909.989s] GC(562) Humongous regions: 7->7
[2023-04-09T19:12:54.480+0800][1909.989s] GC(562) Metaspace: 61266K(64368K)->61266K(64368K) NonClass: 54319K(56228K)->54319K(56228K) Class: 6946K(8140K)->6946K(8140K)
[2023-04-09T19:12:54.480+0800][1909.989s] GC(562) Pause Young (Normal) (G1 Evacuation Pause) 386M->92M(512M) 2.529ms
[2023-04-09T19:12:54.480+0800][1909.989s] GC(562) User=0.02s Sys=0.00s Real=0.00s
[2023-04-09T19:12:54.794+0800][1910.302s] GC(563) Pause Young (Normal) (G1 Evacuation Pause)
[2023-04-09T19:12:54.794+0800][1910.302s] GC(563) Using 8 workers of 8 for evacuation
[2023-04-09T19:12:54.796+0800][1910.304s] GC(563)   Pre Evacuate Collection Set: 0.0ms
[2023-04-09T19:12:54.796+0800][1910.305s] GC(563)   Evacuate Collection Set: 1.3ms
[2023-04-09T19:12:54.796+0800][1910.305s] GC(563)   Post Evacuate Collection Set: 0.6ms
[2023-04-09T19:12:54.796+0800][1910.305s] GC(563)   Other: 0.2ms
[2023-04-09T19:12:54.796+0800][1910.305s] GC(563) Eden regions: 295->0(295)
[2023-04-09T19:12:54.796+0800][1910.305s] GC(563) Survivor regions: 12->12(39)
[2023-04-09T19:12:54.796+0800][1910.305s] GC(563) Old regions: 74->74
[2023-04-09T19:12:54.796+0800][1910.305s] GC(563) Humongous regions: 20->13
[2023-04-09T19:12:54.796+0800][1910.305s] GC(563) Metaspace: 61266K(64368K)->61266K(64368K) NonClass: 54319K(56228K)->54319K(56228K) Class: 6946K(8140K)->6946K(8140K)
[2023-04-09T19:12:54.796+0800][1910.305s] GC(563) Pause Young (Normal) (G1 Evacuation Pause) 400M->97M(512M) 2.324ms
[2023-04-09T19:12:54.796+0800][1910.305s] GC(563) User=0.00s Sys=0.00s Real=0.00s
[2023-04-09T19:12:55.110+0800][1910.618s] GC(564) Pause Young (Normal) (G1 Evacuation Pause)
[2023-04-09T19:12:55.110+0800][1910.619s] GC(564) Using 8 workers of 8 for evacuation
[2023-04-09T19:12:55.112+0800][1910.621s] GC(564)   Pre Evacuate Collection Set: 0.0ms
[2023-04-09T19:12:55.112+0800][1910.621s] GC(564)   Evacuate Collection Set: 1.4ms
[2023-04-09T19:12:55.112+0800][1910.621s] GC(564)   Post Evacuate Collection Set: 0.7ms
[2023-04-09T19:12:55.112+0800][1910.621s] GC(564)   Other: 0.2ms
[2023-04-09T19:12:55.112+0800][1910.621s] GC(564) Eden regions: 295->0(295)
[2023-04-09T19:12:55.112+0800][1910.621s] GC(564) Survivor regions: 12->12(39)
[2023-04-09T19:12:55.112+0800][1910.621s] GC(564) Old regions: 74->74
[2023-04-09T19:12:55.112+0800][1910.621s] GC(564) Humongous regions: 18->13
[2023-04-09T19:12:55.112+0800][1910.621s] GC(564) Metaspace: 61266K(64368K)->61266K(64368K) NonClass: 54319K(56228K)->54319K(56228K) Class: 6946K(8140K)->6946K(8140K)
[2023-04-09T19:12:55.112+0800][1910.621s] GC(564) Pause Young (Normal) (G1 Evacuation Pause) 397M->97M(512M) 2.605ms
[2023-04-09T19:12:55.112+0800][1910.621s] GC(564) User=0.00s Sys=0.00s Real=0.00s
[2023-04-09T19:12:55.411+0800][1910.920s] GC(565) Pause Young (Normal) (G1 Evacuation Pause)
[2023-04-09T19:12:55.411+0800][1910.920s] GC(565) Using 8 workers of 8 for evacuation
[2023-04-09T19:12:55.412+0800][1910.921s] GC(565)   Pre Evacuate Collection Set: 0.0ms
[2023-04-09T19:12:55.413+0800][1910.921s] GC(565)   Evacuate Collection Set: 0.5ms
[2023-04-09T19:12:55.413+0800][1910.921s] GC(565)   Post Evacuate Collection Set: 0.6ms
[2023-04-09T19:12:55.413+0800][1910.921s] GC(565)   Other: 0.2ms
[2023-04-09T19:12:55.413+0800][1910.921s] GC(565) Eden regions: 295->0(304)
[2023-04-09T19:12:55.413+0800][1910.921s] GC(565) Survivor regions: 12->3(39)
[2023-04-09T19:12:55.413+0800][1910.921s] GC(565) Old regions: 74->74
[2023-04-09T19:12:55.413+0800][1910.921s] GC(565) Humongous regions: 13->4
[2023-04-09T19:12:55.413+0800][1910.922s] GC(565) Metaspace: 61266K(64368K)->61266K(64368K) NonClass: 54319K(56228K)->54319K(56228K) Class: 6946K(8140K)->6946K(8140K)
[2023-04-09T19:12:55.413+0800][1910.922s] GC(565) Pause Young (Normal) (G1 Evacuation Pause) 392M->79M(512M) 1.498ms
[2023-04-09T19:12:55.413+0800][1910.922s] GC(565) User=0.00s Sys=0.00s Real=0.00s
[2023-04-09T19:12:55.666+0800][1911.175s] GC(566) Pause Young (Normal) (G1 Evacuation Pause)
[2023-04-09T19:12:55.666+0800][1911.175s] GC(566) Using 8 workers of 8 for evacuation
[2023-04-09T19:12:55.668+0800][1911.177s] GC(566)   Pre Evacuate Collection Set: 0.0ms
[2023-04-09T19:12:55.668+0800][1911.177s] GC(566)   Evacuate Collection Set: 0.8ms
[2023-04-09T19:12:55.668+0800][1911.177s] GC(566)   Post Evacuate Collection Set: 0.6ms
[2023-04-09T19:12:55.668+0800][1911.177s] GC(566)   Other: 0.2ms
[2023-04-09T19:12:55.668+0800][1911.177s] GC(566) Eden regions: 304->0(301)
[2023-04-09T19:12:55.668+0800][1911.177s] GC(566) Survivor regions: 3->6(39)
[2023-04-09T19:12:55.668+0800][1911.177s] GC(566) Old regions: 74->74
[2023-04-09T19:12:55.668+0800][1911.177s] GC(566) Humongous regions: 5->5
[2023-04-09T19:12:55.668+0800][1911.177s] GC(566) Metaspace: 61266K(64368K)->61266K(64368K) NonClass: 54319K(56228K)->54319K(56228K) Class: 6946K(8140K)->6946K(8140K)
[2023-04-09T19:12:55.668+0800][1911.177s] GC(566) Pause Young (Normal) (G1 Evacuation Pause) 384M->84M(512M) 1.847ms
[2023-04-09T19:12:55.668+0800][1911.177s] GC(566) User=0.02s Sys=0.00s Real=0.00s
[2023-04-09T19:12:55.967+0800][1911.476s] GC(567) Pause Young (Normal) (G1 Evacuation Pause)
[2023-04-09T19:12:55.967+0800][1911.476s] GC(567) Using 8 workers of 8 for evacuation
[2023-04-09T19:12:55.969+0800][1911.478s] GC(567)   Pre Evacuate Collection Set: 0.0ms
[2023-04-09T19:12:55.969+0800][1911.478s] GC(567)   Evacuate Collection Set: 1.1ms
[2023-04-09T19:12:55.969+0800][1911.478s] GC(567)   Post Evacuate Collection Set: 0.6ms
[2023-04-09T19:12:55.969+0800][1911.478s] GC(567)   Other: 0.2ms
[2023-04-09T19:12:55.969+0800][1911.478s] GC(567) Eden regions: 301->0(297)
[2023-04-09T19:12:55.969+0800][1911.478s] GC(567) Survivor regions: 6->10(39)
[2023-04-09T19:12:55.969+0800][1911.478s] GC(567) Old regions: 74->74
[2023-04-09T19:12:55.969+0800][1911.478s] GC(567) Humongous regions: 7->6
[2023-04-09T19:12:55.969+0800][1911.478s] GC(567) Metaspace: 61266K(64368K)->61266K(64368K) NonClass: 54319K(56228K)->54319K(56228K) Class: 6946K(8140K)->6946K(8140K)
[2023-04-09T19:12:55.969+0800][1911.478s] GC(567) Pause Young (Normal) (G1 Evacuation Pause) 387M->88M(512M) 2.054ms
[2023-04-09T19:12:55.969+0800][1911.478s] GC(567) User=0.00s Sys=0.00s Real=0.00s
[2023-04-09T19:12:56.224+0800][1911.733s] GC(568) Pause Young (Normal) (G1 Evacuation Pause)
[2023-04-09T19:12:56.224+0800][1911.733s] GC(568) Using 8 workers of 8 for evacuation
[2023-04-09T19:12:56.226+0800][1911.735s] GC(568)   Pre Evacuate Collection Set: 0.0ms
[2023-04-09T19:12:56.226+0800][1911.735s] GC(568)   Evacuate Collection Set: 1.1ms
[2023-04-09T19:12:56.226+0800][1911.735s] GC(568)   Post Evacuate Collection Set: 0.7ms
[2023-04-09T19:12:56.226+0800][1911.735s] GC(568)   Other: 0.1ms
[2023-04-09T19:12:56.226+0800][1911.735s] GC(568) Eden regions: 297->0(297)
[2023-04-09T19:12:56.226+0800][1911.735s] GC(568) Survivor regions: 10->10(39)
[2023-04-09T19:12:56.226+0800][1911.735s] GC(568) Old regions: 74->74
[2023-04-09T19:12:56.226+0800][1911.735s] GC(568) Humongous regions: 12->12
[2023-04-09T19:12:56.226+0800][1911.736s] GC(568) Metaspace: 61266K(64368K)->61266K(64368K) NonClass: 54319K(56228K)->54319K(56228K) Class: 6946K(8140K)->6946K(8140K)
[2023-04-09T19:12:56.226+0800][1911.736s] GC(568) Pause Young (Normal) (G1 Evacuation Pause) 391M->94M(512M) 2.085ms
[2023-04-09T19:12:56.226+0800][1911.736s] GC(568) User=0.00s Sys=0.00s Real=0.00s
[2023-04-09T19:12:56.491+0800][1912.000s] GC(569) Pause Young (Normal) (G1 Evacuation Pause)
[2023-04-09T19:12:56.491+0800][1912.000s] GC(569) Using 8 workers of 8 for evacuation
[2023-04-09T19:12:56.493+0800][1912.002s] GC(569)   Pre Evacuate Collection Set: 0.0ms
[2023-04-09T19:12:56.493+0800][1912.002s] GC(569)   Evacuate Collection Set: 1.3ms
[2023-04-09T19:12:56.493+0800][1912.002s] GC(569)   Post Evacuate Collection Set: 0.7ms
[2023-04-09T19:12:56.493+0800][1912.003s] GC(569)   Other: 0.2ms
[2023-04-09T19:12:56.493+0800][1912.003s] GC(569) Eden regions: 297->0(295)
[2023-04-09T19:12:56.493+0800][1912.003s] GC(569) Survivor regions: 10->12(39)
[2023-04-09T19:12:56.493+0800][1912.003s] GC(569) Old regions: 74->74
[2023-04-09T19:12:56.493+0800][1912.003s] GC(569) Humongous regions: 25->13
[2023-04-09T19:12:56.493+0800][1912.003s] GC(569) Metaspace: 61266K(64368K)->61266K(64368K) NonClass: 54319K(56228K)->54319K(56228K) Class: 6946K(8140K)->6946K(8140K)
[2023-04-09T19:12:56.493+0800][1912.003s] GC(569) Pause Young (Normal) (G1 Evacuation Pause) 404M->98M(512M) 2.373ms
[2023-04-09T19:12:56.493+0800][1912.003s] GC(569) User=0.00s Sys=0.00s Real=0.00s
[2023-04-09T19:12:57.081+0800][1912.590s] GC(570) Pause Young (Normal) (G1 Evacuation Pause)
[2023-04-09T19:12:57.081+0800][1912.590s] GC(570) Using 8 workers of 8 for evacuation
[2023-04-09T19:12:57.082+0800][1912.591s] GC(570)   Pre Evacuate Collection Set: 0.0ms
[2023-04-09T19:12:57.082+0800][1912.591s] GC(570)   Evacuate Collection Set: 0.4ms
[2023-04-09T19:12:57.082+0800][1912.591s] GC(570)   Post Evacuate Collection Set: 0.6ms
[2023-04-09T19:12:57.082+0800][1912.591s] GC(570)   Other: 0.2ms
[2023-04-09T19:12:57.082+0800][1912.591s] GC(570) Eden regions: 295->0(305)
[2023-04-09T19:12:57.082+0800][1912.591s] GC(570) Survivor regions: 12->2(39)
[2023-04-09T19:12:57.082+0800][1912.591s] GC(570) Old regions: 74->74
[2023-04-09T19:12:57.082+0800][1912.591s] GC(570) Humongous regions: 13->4
[2023-04-09T19:12:57.082+0800][1912.591s] GC(570) Metaspace: 61270K(64368K)->61270K(64368K) NonClass: 54323K(56228K)->54323K(56228K) Class: 6946K(8140K)->6946K(8140K)
[2023-04-09T19:12:57.083+0800][1912.592s] GC(570) Pause Young (Normal) (G1 Evacuation Pause) 393M->78M(512M) 1.390ms
[2023-04-09T19:12:57.083+0800][1912.592s] GC(570) User=0.00s Sys=0.00s Real=0.00s
[2023-04-09T19:12:57.510+0800][1913.019s] GC(571) Pause Young (Normal) (G1 Evacuation Pause)
[2023-04-09T19:12:57.510+0800][1913.019s] GC(571) Using 8 workers of 8 for evacuation
[2023-04-09T19:12:57.511+0800][1913.020s] GC(571)   Pre Evacuate Collection Set: 0.0ms
[2023-04-09T19:12:57.511+0800][1913.020s] GC(571)   Evacuate Collection Set: 0.8ms
[2023-04-09T19:12:57.511+0800][1913.020s] GC(571)   Post Evacuate Collection Set: 0.7ms
[2023-04-09T19:12:57.511+0800][1913.020s] GC(571)   Other: 0.1ms
[2023-04-09T19:12:57.511+0800][1913.020s] GC(571) Eden regions: 305->0(300)
[2023-04-09T19:12:57.511+0800][1913.020s] GC(571) Survivor regions: 2->7(39)
[2023-04-09T19:12:57.511+0800][1913.020s] GC(571) Old regions: 74->74
[2023-04-09T19:12:57.511+0800][1913.020s] GC(571) Humongous regions: 7->6
[2023-04-09T19:12:57.511+0800][1913.020s] GC(571) Metaspace: 61270K(64368K)->61270K(64368K) NonClass: 54323K(56228K)->54323K(56228K) Class: 6946K(8140K)->6946K(8140K)
[2023-04-09T19:12:57.511+0800][1913.020s] GC(571) Pause Young (Normal) (G1 Evacuation Pause) 386M->86M(512M) 1.901ms
[2023-04-09T19:12:57.511+0800][1913.020s] GC(571) User=0.00s Sys=0.00s Real=0.00s
[2023-04-09T19:12:57.966+0800][1913.475s] GC(572) Pause Young (Normal) (G1 Evacuation Pause)
[2023-04-09T19:12:57.966+0800][1913.475s] GC(572) Using 8 workers of 8 for evacuation
[2023-04-09T19:12:57.968+0800][1913.477s] GC(572)   Pre Evacuate Collection Set: 0.0ms
[2023-04-09T19:12:57.968+0800][1913.477s] GC(572)   Evacuate Collection Set: 1.0ms
[2023-04-09T19:12:57.968+0800][1913.477s] GC(572)   Post Evacuate Collection Set: 0.6ms
[2023-04-09T19:12:57.968+0800][1913.477s] GC(572)   Other: 0.2ms
[2023-04-09T19:12:57.968+0800][1913.477s] GC(572) Eden regions: 300->0(298)
[2023-04-09T19:12:57.968+0800][1913.477s] GC(572) Survivor regions: 7->9(39)
[2023-04-09T19:12:57.968+0800][1913.477s] GC(572) Old regions: 74->74
[2023-04-09T19:12:57.968+0800][1913.477s] GC(572) Humongous regions: 16->13
[2023-04-09T19:12:57.968+0800][1913.477s] GC(572) Metaspace: 61277K(64368K)->61277K(64368K) NonClass: 54331K(56228K)->54331K(56228K) Class: 6946K(8140K)->6946K(8140K)
[2023-04-09T19:12:57.968+0800][1913.477s] GC(572) Pause Young (Normal) (G1 Evacuation Pause) 396M->95M(512M) 2.001ms
[2023-04-09T19:12:57.968+0800][1913.477s] GC(572) User=0.00s Sys=0.00s Real=0.00s
[2023-04-09T19:12:58.491+0800][1914.000s] GC(573) Pause Young (Normal) (G1 Evacuation Pause)
[2023-04-09T19:12:58.491+0800][1914.000s] GC(573) Using 8 workers of 8 for evacuation
[2023-04-09T19:12:58.493+0800][1914.002s] GC(573)   Pre Evacuate Collection Set: 0.0ms
[2023-04-09T19:12:58.493+0800][1914.002s] GC(573)   Evacuate Collection Set: 1.2ms
[2023-04-09T19:12:58.493+0800][1914.002s] GC(573)   Post Evacuate Collection Set: 0.6ms
[2023-04-09T19:12:58.493+0800][1914.002s] GC(573)   Other: 0.1ms
[2023-04-09T19:12:58.493+0800][1914.002s] GC(573) Eden regions: 298->0(296)
[2023-04-09T19:12:58.493+0800][1914.002s] GC(573) Survivor regions: 9->11(39)
[2023-04-09T19:12:58.493+0800][1914.002s] GC(573) Old regions: 74->74
[2023-04-09T19:12:58.493+0800][1914.002s] GC(573) Humongous regions: 23->13
[2023-04-09T19:12:58.493+0800][1914.002s] GC(573) Metaspace: 61277K(64368K)->61277K(64368K) NonClass: 54331K(56228K)->54331K(56228K) Class: 6946K(8140K)->6946K(8140K)
[2023-04-09T19:12:58.493+0800][1914.002s] GC(573) Pause Young (Normal) (G1 Evacuation Pause) 403M->96M(512M) 2.127ms
[2023-04-09T19:12:58.493+0800][1914.002s] GC(573) User=0.00s Sys=0.00s Real=0.00s
[2023-04-09T19:12:58.987+0800][1914.495s] GC(574) Pause Young (Normal) (G1 Evacuation Pause)
[2023-04-09T19:12:58.987+0800][1914.495s] GC(574) Using 8 workers of 8 for evacuation
[2023-04-09T19:12:58.988+0800][1914.496s] GC(574)   Pre Evacuate Collection Set: 0.0ms
[2023-04-09T19:12:58.988+0800][1914.496s] GC(574)   Evacuate Collection Set: 0.6ms
[2023-04-09T19:12:58.988+0800][1914.496s] GC(574)   Post Evacuate Collection Set: 0.4ms
[2023-04-09T19:12:58.988+0800][1914.497s] GC(574)   Other: 0.1ms
[2023-04-09T19:12:58.988+0800][1914.497s] GC(574) Eden regions: 296->0(302)
[2023-04-09T19:12:58.988+0800][1914.497s] GC(574) Survivor regions: 11->5(39)
[2023-04-09T19:12:58.988+0800][1914.497s] GC(574) Old regions: 74->74
[2023-04-09T19:12:58.988+0800][1914.497s] GC(574) Humongous regions: 14->5
[2023-04-09T19:12:58.988+0800][1914.497s] GC(574) Metaspace: 61279K(64368K)->61279K(64368K) NonClass: 54333K(56228K)->54333K(56228K) Class: 6946K(8140K)->6946K(8140K)
[2023-04-09T19:12:58.988+0800][1914.497s] GC(574) Pause Young (Normal) (G1 Evacuation Pause) 393M->83M(512M) 1.324ms
[2023-04-09T19:12:58.988+0800][1914.497s] GC(574) User=0.00s Sys=0.00s Real=0.00s
[2023-04-09T19:12:59.420+0800][1914.928s] GC(575) Pause Young (Normal) (G1 Evacuation Pause)
[2023-04-09T19:12:59.420+0800][1914.928s] GC(575) Using 8 workers of 8 for evacuation
[2023-04-09T19:12:59.421+0800][1914.930s] GC(575)   Pre Evacuate Collection Set: 0.0ms
[2023-04-09T19:12:59.422+0800][1914.930s] GC(575)   Evacuate Collection Set: 1.1ms
[2023-04-09T19:12:59.422+0800][1914.930s] GC(575)   Post Evacuate Collection Set: 0.6ms
[2023-04-09T19:12:59.422+0800][1914.930s] GC(575)   Other: 0.2ms
[2023-04-09T19:12:59.422+0800][1914.930s] GC(575) Eden regions: 302->0(296)
[2023-04-09T19:12:59.422+0800][1914.930s] GC(575) Survivor regions: 5->11(39)
[2023-04-09T19:12:59.422+0800][1914.930s] GC(575) Old regions: 74->74
[2023-04-09T19:12:59.422+0800][1914.930s] GC(575) Humongous regions: 8->7
[2023-04-09T19:12:59.422+0800][1914.931s] GC(575) Metaspace: 61279K(64368K)->61279K(64368K) NonClass: 54333K(56228K)->54333K(56228K) Class: 6946K(8140K)->6946K(8140K)
[2023-04-09T19:12:59.422+0800][1914.931s] GC(575) Pause Young (Normal) (G1 Evacuation Pause) 388M->90M(512M) 2.182ms
[2023-04-09T19:12:59.422+0800][1914.931s] GC(575) User=0.00s Sys=0.00s Real=0.00s
[2023-04-09T19:13:00.018+0800][1915.527s] GC(576) Pause Young (Normal) (G1 Evacuation Pause)
[2023-04-09T19:13:00.018+0800][1915.527s] GC(576) Using 8 workers of 8 for evacuation
[2023-04-09T19:13:00.020+0800][1915.529s] GC(576)   Pre Evacuate Collection Set: 0.0ms
[2023-04-09T19:13:00.020+0800][1915.529s] GC(576)   Evacuate Collection Set: 1.1ms
[2023-04-09T19:13:00.020+0800][1915.529s] GC(576)   Post Evacuate Collection Set: 0.5ms
[2023-04-09T19:13:00.020+0800][1915.529s] GC(576)   Other: 0.2ms
[2023-04-09T19:13:00.020+0800][1915.529s] GC(576) Eden regions: 296->0(297)
[2023-04-09T19:13:00.020+0800][1915.529s] GC(576) Survivor regions: 11->10(39)
[2023-04-09T19:13:00.020+0800][1915.529s] GC(576) Old regions: 74->74
[2023-04-09T19:13:00.020+0800][1915.529s] GC(576) Humongous regions: 25->13
[2023-04-09T19:13:00.020+0800][1915.529s] GC(576) Metaspace: 61296K(64368K)->61296K(64368K) NonClass: 54349K(56228K)->54349K(56228K) Class: 6946K(8140K)->6946K(8140K)
[2023-04-09T19:13:00.020+0800][1915.529s] GC(576) Pause Young (Normal) (G1 Evacuation Pause) 404M->96M(512M) 2.085ms
[2023-04-09T19:13:00.020+0800][1915.529s] GC(576) User=0.00s Sys=0.00s Real=0.00s
[2023-04-09T19:13:00.504+0800][1916.013s] GC(577) Pause Young (Normal) (G1 Evacuation Pause)
[2023-04-09T19:13:00.504+0800][1916.013s] GC(577) Using 8 workers of 8 for evacuation
[2023-04-09T19:13:00.505+0800][1916.014s] GC(577)   Pre Evacuate Collection Set: 0.0ms
[2023-04-09T19:13:00.505+0800][1916.014s] GC(577)   Evacuate Collection Set: 0.5ms
[2023-04-09T19:13:00.505+0800][1916.014s] GC(577)   Post Evacuate Collection Set: 0.6ms
[2023-04-09T19:13:00.505+0800][1916.014s] GC(577)   Other: 0.1ms
[2023-04-09T19:13:00.505+0800][1916.014s] GC(577) Eden regions: 297->0(303)
[2023-04-09T19:13:00.505+0800][1916.014s] GC(577) Survivor regions: 10->4(39)
[2023-04-09T19:13:00.505+0800][1916.014s] GC(577) Old regions: 74->74
[2023-04-09T19:13:00.505+0800][1916.014s] GC(577) Humongous regions: 14->5
[2023-04-09T19:13:00.505+0800][1916.014s] GC(577) Metaspace: 61296K(64368K)->61296K(64368K) NonClass: 54349K(56228K)->54349K(56228K) Class: 6946K(8140K)->6946K(8140K)
[2023-04-09T19:13:00.505+0800][1916.014s] GC(577) Pause Young (Normal) (G1 Evacuation Pause) 394M->81M(512M) 1.385ms
[2023-04-09T19:13:00.505+0800][1916.014s] GC(577) User=0.00s Sys=0.00s Real=0.00s
[2023-04-09T19:13:00.960+0800][1916.469s] GC(578) Pause Young (Normal) (G1 Evacuation Pause)
[2023-04-09T19:13:00.960+0800][1916.469s] GC(578) Using 8 workers of 8 for evacuation
[2023-04-09T19:13:00.962+0800][1916.471s] GC(578)   Pre Evacuate Collection Set: 0.0ms
[2023-04-09T19:13:00.962+0800][1916.471s] GC(578)   Evacuate Collection Set: 1.0ms
[2023-04-09T19:13:00.962+0800][1916.471s] GC(578)   Post Evacuate Collection Set: 0.7ms
[2023-04-09T19:13:00.962+0800][1916.471s] GC(578)   Other: 0.2ms
[2023-04-09T19:13:00.962+0800][1916.471s] GC(578) Eden regions: 303->0(298)
[2023-04-09T19:13:00.962+0800][1916.471s] GC(578) Survivor regions: 4->9(39)
[2023-04-09T19:13:00.962+0800][1916.471s] GC(578) Old regions: 74->74
[2023-04-09T19:13:00.962+0800][1916.471s] GC(578) Humongous regions: 8->7
[2023-04-09T19:13:00.962+0800][1916.471s] GC(578) Metaspace: 61296K(64368K)->61296K(64368K) NonClass: 54349K(56228K)->54349K(56228K) Class: 6946K(8140K)->6946K(8140K)
[2023-04-09T19:13:00.962+0800][1916.471s] GC(578) Pause Young (Normal) (G1 Evacuation Pause) 387M->89M(512M) 2.116ms
[2023-04-09T19:13:00.962+0800][1916.471s] GC(578) User=0.00s Sys=0.00s Real=0.00s
[2023-04-09T19:13:01.424+0800][1916.932s] GC(579) Pause Young (Normal) (G1 Evacuation Pause)
[2023-04-09T19:13:01.424+0800][1916.932s] GC(579) Using 8 workers of 8 for evacuation
[2023-04-09T19:13:01.426+0800][1916.934s] GC(579)   Pre Evacuate Collection Set: 0.0ms
[2023-04-09T19:13:01.426+0800][1916.934s] GC(579)   Evacuate Collection Set: 1.3ms
[2023-04-09T19:13:01.426+0800][1916.934s] GC(579)   Post Evacuate Collection Set: 0.5ms
[2023-04-09T19:13:01.426+0800][1916.934s] GC(579)   Other: 0.2ms
[2023-04-09T19:13:01.426+0800][1916.934s] GC(579) Eden regions: 298->0(295)
[2023-04-09T19:13:01.426+0800][1916.934s] GC(579) Survivor regions: 9->12(39)
[2023-04-09T19:13:01.426+0800][1916.934s] GC(579) Old regions: 74->74
[2023-04-09T19:13:01.426+0800][1916.934s] GC(579) Humongous regions: 25->13
[2023-04-09T19:13:01.426+0800][1916.934s] GC(579) Metaspace: 61296K(64368K)->61296K(64368K) NonClass: 54349K(56228K)->54349K(56228K) Class: 6946K(8140K)->6946K(8140K)
[2023-04-09T19:13:01.426+0800][1916.934s] GC(579) Pause Young (Normal) (G1 Evacuation Pause) 405M->97M(512M) 2.127ms
[2023-04-09T19:13:01.426+0800][1916.934s] GC(579) User=0.00s Sys=0.00s Real=0.00s
[2023-04-09T19:13:02.005+0800][1917.514s] GC(580) Pause Young (Normal) (G1 Evacuation Pause)
[2023-04-09T19:13:02.005+0800][1917.514s] GC(580) Using 8 workers of 8 for evacuation
[2023-04-09T19:13:02.006+0800][1917.515s] GC(580)   Pre Evacuate Collection Set: 0.0ms
[2023-04-09T19:13:02.006+0800][1917.515s] GC(580)   Evacuate Collection Set: 0.4ms
[2023-04-09T19:13:02.006+0800][1917.515s] GC(580)   Post Evacuate Collection Set: 0.6ms
[2023-04-09T19:13:02.006+0800][1917.515s] GC(580)   Other: 0.1ms
[2023-04-09T19:13:02.006+0800][1917.515s] GC(580) Eden regions: 295->0(305)
[2023-04-09T19:13:02.006+0800][1917.515s] GC(580) Survivor regions: 12->2(39)
[2023-04-09T19:13:02.006+0800][1917.515s] GC(580) Old regions: 74->74
[2023-04-09T19:13:02.006+0800][1917.515s] GC(580) Humongous regions: 13->4
[2023-04-09T19:13:02.006+0800][1917.515s] GC(580) Metaspace: 61297K(64368K)->61297K(64368K) NonClass: 54351K(56228K)->54351K(56228K) Class: 6946K(8140K)->6946K(8140K)
[2023-04-09T19:13:02.006+0800][1917.515s] GC(580) Pause Young (Normal) (G1 Evacuation Pause) 392M->79M(512M) 1.265ms
[2023-04-09T19:13:02.006+0800][1917.515s] GC(580) User=0.00s Sys=0.00s Real=0.00s
[2023-04-09T19:13:02.439+0800][1917.948s] GC(581) Pause Young (Normal) (G1 Evacuation Pause)
[2023-04-09T19:13:02.439+0800][1917.948s] GC(581) Using 8 workers of 8 for evacuation
[2023-04-09T19:13:02.440+0800][1917.949s] GC(581)   Pre Evacuate Collection Set: 0.0ms
[2023-04-09T19:13:02.440+0800][1917.949s] GC(581)   Evacuate Collection Set: 1.0ms
[2023-04-09T19:13:02.440+0800][1917.949s] GC(581)   Post Evacuate Collection Set: 0.5ms
[2023-04-09T19:13:02.441+0800][1917.949s] GC(581)   Other: 0.2ms
[2023-04-09T19:13:02.441+0800][1917.949s] GC(581) Eden regions: 305->0(299)
[2023-04-09T19:13:02.441+0800][1917.949s] GC(581) Survivor regions: 2->8(39)
[2023-04-09T19:13:02.441+0800][1917.950s] GC(581) Old regions: 74->74
[2023-04-09T19:13:02.441+0800][1917.950s] GC(581) Humongous regions: 7->6
[2023-04-09T19:13:02.441+0800][1917.950s] GC(581) Metaspace: 61297K(64368K)->61297K(64368K) NonClass: 54351K(56228K)->54351K(56228K) Class: 6946K(8140K)->6946K(8140K)
[2023-04-09T19:13:02.441+0800][1917.950s] GC(581) Pause Young (Normal) (G1 Evacuation Pause) 387M->86M(512M) 1.938ms
[2023-04-09T19:13:02.441+0800][1917.950s] GC(581) User=0.00s Sys=0.00s Real=0.00s
[2023-04-09T19:13:02.910+0800][1918.419s] GC(582) Pause Young (Normal) (G1 Evacuation Pause)
[2023-04-09T19:13:02.910+0800][1918.419s] GC(582) Using 8 workers of 8 for evacuation
[2023-04-09T19:13:02.911+0800][1918.421s] GC(582)   Pre Evacuate Collection Set: 0.0ms
[2023-04-09T19:13:02.911+0800][1918.421s] GC(582)   Evacuate Collection Set: 1.2ms
[2023-04-09T19:13:02.911+0800][1918.421s] GC(582)   Post Evacuate Collection Set: 0.5ms
[2023-04-09T19:13:02.911+0800][1918.421s] GC(582)   Other: 0.2ms
[2023-04-09T19:13:02.912+0800][1918.421s] GC(582) Eden regions: 299->0(297)
[2023-04-09T19:13:02.912+0800][1918.421s] GC(582) Survivor regions: 8->10(39)
[2023-04-09T19:13:02.912+0800][1918.421s] GC(582) Old regions: 74->74
[2023-04-09T19:13:02.912+0800][1918.421s] GC(582) Humongous regions: 20->13
[2023-04-09T19:13:02.912+0800][1918.421s] GC(582) Metaspace: 61297K(64368K)->61297K(64368K) NonClass: 54351K(56228K)->54351K(56228K) Class: 6946K(8140K)->6946K(8140K)
[2023-04-09T19:13:02.912+0800][1918.421s] GC(582) Pause Young (Normal) (G1 Evacuation Pause) 399M->95M(512M) 2.058ms
[2023-04-09T19:13:02.912+0800][1918.421s] GC(582) User=0.00s Sys=0.00s Real=0.00s
[2023-04-09T19:13:03.563+0800][1919.072s] GC(583) Pause Young (Normal) (G1 Evacuation Pause)
[2023-04-09T19:13:03.563+0800][1919.072s] GC(583) Using 8 workers of 8 for evacuation
[2023-04-09T19:13:03.564+0800][1919.073s] GC(583)   Pre Evacuate Collection Set: 0.0ms
[2023-04-09T19:13:03.564+0800][1919.073s] GC(583)   Evacuate Collection Set: 0.3ms
[2023-04-09T19:13:03.564+0800][1919.073s] GC(583)   Post Evacuate Collection Set: 0.4ms
[2023-04-09T19:13:03.564+0800][1919.073s] GC(583)   Other: 0.2ms
[2023-04-09T19:13:03.564+0800][1919.073s] GC(583) Eden regions: 297->0(306)
[2023-04-09T19:13:03.564+0800][1919.073s] GC(583) Survivor regions: 10->1(39)
[2023-04-09T19:13:03.564+0800][1919.073s] GC(583) Old regions: 74->74
[2023-04-09T19:13:03.564+0800][1919.073s] GC(583) Humongous regions: 18->4
[2023-04-09T19:13:03.564+0800][1919.073s] GC(583) Metaspace: 61297K(64368K)->61297K(64368K) NonClass: 54351K(56228K)->54351K(56228K) Class: 6946K(8140K)->6946K(8140K)
[2023-04-09T19:13:03.564+0800][1919.073s] GC(583) Pause Young (Normal) (G1 Evacuation Pause) 397M->77M(512M) 1.132ms
[2023-04-09T19:13:03.564+0800][1919.073s] GC(583) User=0.00s Sys=0.00s Real=0.00s
[2023-04-09T19:13:03.986+0800][1919.495s] GC(584) Pause Young (Normal) (G1 Evacuation Pause)
[2023-04-09T19:13:03.986+0800][1919.495s] GC(584) Using 8 workers of 8 for evacuation
[2023-04-09T19:13:03.988+0800][1919.496s] GC(584)   Pre Evacuate Collection Set: 0.0ms
[2023-04-09T19:13:03.988+0800][1919.497s] GC(584)   Evacuate Collection Set: 0.7ms
[2023-04-09T19:13:03.988+0800][1919.497s] GC(584)   Post Evacuate Collection Set: 0.6ms
[2023-04-09T19:13:03.988+0800][1919.497s] GC(584)   Other: 0.2ms
[2023-04-09T19:13:03.988+0800][1919.497s] GC(584) Eden regions: 306->0(300)
[2023-04-09T19:13:03.988+0800][1919.497s] GC(584) Survivor regions: 1->7(39)
[2023-04-09T19:13:03.988+0800][1919.497s] GC(584) Old regions: 74->74
[2023-04-09T19:13:03.988+0800][1919.497s] GC(584) Humongous regions: 7->6
[2023-04-09T19:13:03.988+0800][1919.497s] GC(584) Metaspace: 61297K(64368K)->61297K(64368K) NonClass: 54351K(56228K)->54351K(56228K) Class: 6946K(8140K)->6946K(8140K)
[2023-04-09T19:13:03.988+0800][1919.497s] GC(584) Pause Young (Normal) (G1 Evacuation Pause) 386M->85M(512M) 1.702ms
[2023-04-09T19:13:03.988+0800][1919.497s] GC(584) User=0.00s Sys=0.00s Real=0.00s
[2023-04-09T19:13:04.467+0800][1919.976s] GC(585) Pause Young (Normal) (G1 Evacuation Pause)
[2023-04-09T19:13:04.467+0800][1919.976s] GC(585) Using 8 workers of 8 for evacuation
[2023-04-09T19:13:04.469+0800][1919.978s] GC(585)   Pre Evacuate Collection Set: 0.0ms
[2023-04-09T19:13:04.469+0800][1919.978s] GC(585)   Evacuate Collection Set: 1.1ms
[2023-04-09T19:13:04.469+0800][1919.978s] GC(585)   Post Evacuate Collection Set: 0.5ms
[2023-04-09T19:13:04.469+0800][1919.978s] GC(585)   Other: 0.2ms
[2023-04-09T19:13:04.469+0800][1919.978s] GC(585) Eden regions: 300->0(298)
[2023-04-09T19:13:04.469+0800][1919.978s] GC(585) Survivor regions: 7->9(39)
[2023-04-09T19:13:04.469+0800][1919.978s] GC(585) Old regions: 74->74
[2023-04-09T19:13:04.469+0800][1919.978s] GC(585) Humongous regions: 12->12
[2023-04-09T19:13:04.469+0800][1919.978s] GC(585) Metaspace: 61297K(64368K)->61297K(64368K) NonClass: 54351K(56228K)->54351K(56228K) Class: 6946K(8140K)->6946K(8140K)
[2023-04-09T19:13:04.469+0800][1919.978s] GC(585) Pause Young (Normal) (G1 Evacuation Pause) 391M->93M(512M) 2.086ms
[2023-04-09T19:13:04.469+0800][1919.978s] GC(585) User=0.00s Sys=0.00s Real=0.00s
[2023-04-09T19:13:06.185+0800][1921.695s] GC(586) Pause Young (Normal) (G1 Evacuation Pause)
[2023-04-09T19:13:06.185+0800][1921.695s] GC(586) Using 8 workers of 8 for evacuation
[2023-04-09T19:13:06.187+0800][1921.697s] GC(586)   Pre Evacuate Collection Set: 0.0ms
[2023-04-09T19:13:06.187+0800][1921.697s] GC(586)   Evacuate Collection Set: 1.1ms
[2023-04-09T19:13:06.187+0800][1921.697s] GC(586)   Post Evacuate Collection Set: 0.6ms
[2023-04-09T19:13:06.187+0800][1921.697s] GC(586)   Other: 0.2ms
[2023-04-09T19:13:06.187+0800][1921.697s] GC(586) Eden regions: 298->0(296)
[2023-04-09T19:13:06.187+0800][1921.697s] GC(586) Survivor regions: 9->11(39)
[2023-04-09T19:13:06.187+0800][1921.697s] GC(586) Old regions: 74->74
[2023-04-09T19:13:06.187+0800][1921.697s] GC(586) Humongous regions: 25->13
[2023-04-09T19:13:06.187+0800][1921.697s] GC(586) Metaspace: 61297K(64368K)->61297K(64368K) NonClass: 54351K(56228K)->54351K(56228K) Class: 6946K(8140K)->6946K(8140K)
[2023-04-09T19:13:06.188+0800][1921.697s] GC(586) Pause Young (Normal) (G1 Evacuation Pause) 404M->96M(512M) 2.138ms
[2023-04-09T19:13:06.188+0800][1921.697s] GC(586) User=0.00s Sys=0.00s Real=0.00s
[2023-04-09T19:13:06.684+0800][1922.193s] GC(587) Pause Young (Normal) (G1 Evacuation Pause)
[2023-04-09T19:13:06.684+0800][1922.193s] GC(587) Using 8 workers of 8 for evacuation
[2023-04-09T19:13:06.686+0800][1922.194s] GC(587)   Pre Evacuate Collection Set: 0.0ms
[2023-04-09T19:13:06.686+0800][1922.194s] GC(587)   Evacuate Collection Set: 0.6ms
[2023-04-09T19:13:06.686+0800][1922.194s] GC(587)   Post Evacuate Collection Set: 0.6ms
[2023-04-09T19:13:06.686+0800][1922.194s] GC(587)   Other: 0.2ms
[2023-04-09T19:13:06.686+0800][1922.194s] GC(587) Eden regions: 296->0(302)
[2023-04-09T19:13:06.686+0800][1922.194s] GC(587) Survivor regions: 11->5(39)
[2023-04-09T19:13:06.686+0800][1922.194s] GC(587) Old regions: 74->74
[2023-04-09T19:13:06.686+0800][1922.194s] GC(587) Humongous regions: 14->5
[2023-04-09T19:13:06.686+0800][1922.194s] GC(587) Metaspace: 61298K(64368K)->61298K(64368K) NonClass: 54351K(56228K)->54351K(56228K) Class: 6946K(8140K)->6946K(8140K)
[2023-04-09T19:13:06.686+0800][1922.194s] GC(587) Pause Young (Normal) (G1 Evacuation Pause) 393M->82M(512M) 1.502ms
[2023-04-09T19:13:06.686+0800][1922.194s] GC(587) User=0.00s Sys=0.00s Real=0.00s
[2023-04-09T19:13:07.120+0800][1922.629s] GC(588) Pause Young (Normal) (G1 Evacuation Pause)
[2023-04-09T19:13:07.120+0800][1922.629s] GC(588) Using 8 workers of 8 for evacuation
[2023-04-09T19:13:07.122+0800][1922.631s] GC(588)   Pre Evacuate Collection Set: 0.0ms
[2023-04-09T19:13:07.122+0800][1922.631s] GC(588)   Evacuate Collection Set: 1.1ms
[2023-04-09T19:13:07.122+0800][1922.631s] GC(588)   Post Evacuate Collection Set: 0.6ms
[2023-04-09T19:13:07.122+0800][1922.631s] GC(588)   Other: 0.2ms
[2023-04-09T19:13:07.122+0800][1922.631s] GC(588) Eden regions: 302->0(296)
[2023-04-09T19:13:07.122+0800][1922.631s] GC(588) Survivor regions: 5->11(39)
[2023-04-09T19:13:07.122+0800][1922.631s] GC(588) Old regions: 74->74
[2023-04-09T19:13:07.122+0800][1922.631s] GC(588) Humongous regions: 8->7
[2023-04-09T19:13:07.122+0800][1922.631s] GC(588) Metaspace: 61298K(64368K)->61298K(64368K) NonClass: 54351K(56228K)->54351K(56228K) Class: 6946K(8140K)->6946K(8140K)
[2023-04-09T19:13:07.122+0800][1922.631s] GC(588) Pause Young (Normal) (G1 Evacuation Pause) 387M->91M(512M) 2.110ms
[2023-04-09T19:13:07.122+0800][1922.631s] GC(588) User=0.09s Sys=0.00s Real=0.00s
[2023-04-09T19:13:07.691+0800][1923.200s] GC(589) Pause Young (Normal) (G1 Evacuation Pause)
[2023-04-09T19:13:07.691+0800][1923.200s] GC(589) Using 8 workers of 8 for evacuation
[2023-04-09T19:13:07.693+0800][1923.202s] GC(589)   Pre Evacuate Collection Set: 0.0ms
[2023-04-09T19:13:07.693+0800][1923.202s] GC(589)   Evacuate Collection Set: 1.1ms
[2023-04-09T19:13:07.693+0800][1923.202s] GC(589)   Post Evacuate Collection Set: 0.6ms
[2023-04-09T19:13:07.693+0800][1923.202s] GC(589)   Other: 0.2ms
[2023-04-09T19:13:07.693+0800][1923.202s] GC(589) Eden regions: 296->0(297)
[2023-04-09T19:13:07.693+0800][1923.202s] GC(589) Survivor regions: 11->10(39)
[2023-04-09T19:13:07.693+0800][1923.202s] GC(589) Old regions: 74->74
[2023-04-09T19:13:07.693+0800][1923.202s] GC(589) Humongous regions: 25->13
[2023-04-09T19:13:07.693+0800][1923.202s] GC(589) Metaspace: 61298K(64368K)->61298K(64368K) NonClass: 54351K(56228K)->54351K(56228K) Class: 6946K(8140K)->6946K(8140K)
[2023-04-09T19:13:07.693+0800][1923.202s] GC(589) Pause Young (Normal) (G1 Evacuation Pause) 405M->96M(512M) 2.172ms
[2023-04-09T19:13:07.693+0800][1923.202s] GC(589) User=0.00s Sys=0.00s Real=0.00s
[2023-04-09T19:13:08.175+0800][1923.683s] GC(590) Pause Young (Normal) (G1 Evacuation Pause)
[2023-04-09T19:13:08.175+0800][1923.683s] GC(590) Using 8 workers of 8 for evacuation
[2023-04-09T19:13:08.176+0800][1923.684s] GC(590)   Pre Evacuate Collection Set: 0.0ms
[2023-04-09T19:13:08.176+0800][1923.684s] GC(590)   Evacuate Collection Set: 0.5ms
[2023-04-09T19:13:08.176+0800][1923.684s] GC(590)   Post Evacuate Collection Set: 0.6ms
[2023-04-09T19:13:08.176+0800][1923.685s] GC(590)   Other: 0.1ms
[2023-04-09T19:13:08.176+0800][1923.685s] GC(590) Eden regions: 297->0(303)
[2023-04-09T19:13:08.176+0800][1923.685s] GC(590) Survivor regions: 10->4(39)
[2023-04-09T19:13:08.176+0800][1923.685s] GC(590) Old regions: 74->74
[2023-04-09T19:13:08.176+0800][1923.685s] GC(590) Humongous regions: 14->5
[2023-04-09T19:13:08.176+0800][1923.685s] GC(590) Metaspace: 61298K(64368K)->61298K(64368K) NonClass: 54351K(56228K)->54351K(56228K) Class: 6946K(8140K)->6946K(8140K)
[2023-04-09T19:13:08.176+0800][1923.685s] GC(590) Pause Young (Normal) (G1 Evacuation Pause) 394M->81M(512M) 1.340ms
[2023-04-09T19:13:08.176+0800][1923.685s] GC(590) User=0.00s Sys=0.00s Real=0.00s
[2023-04-09T19:13:08.609+0800][1924.118s] GC(591) Pause Young (Normal) (G1 Evacuation Pause)
[2023-04-09T19:13:08.609+0800][1924.118s] GC(591) Using 8 workers of 8 for evacuation
[2023-04-09T19:13:08.611+0800][1924.120s] GC(591)   Pre Evacuate Collection Set: 0.0ms
[2023-04-09T19:13:08.611+0800][1924.120s] GC(591)   Evacuate Collection Set: 1.0ms
[2023-04-09T19:13:08.611+0800][1924.120s] GC(591)   Post Evacuate Collection Set: 0.6ms
[2023-04-09T19:13:08.611+0800][1924.120s] GC(591)   Other: 0.2ms
[2023-04-09T19:13:08.611+0800][1924.120s] GC(591) Eden regions: 303->0(298)
[2023-04-09T19:13:08.611+0800][1924.120s] GC(591) Survivor regions: 4->9(39)
[2023-04-09T19:13:08.611+0800][1924.120s] GC(591) Old regions: 74->74
[2023-04-09T19:13:08.611+0800][1924.120s] GC(591) Humongous regions: 7->6
[2023-04-09T19:13:08.611+0800][1924.120s] GC(591) Metaspace: 61298K(64368K)->61298K(64368K) NonClass: 54351K(56228K)->54351K(56228K) Class: 6946K(8140K)->6946K(8140K)
[2023-04-09T19:13:08.611+0800][1924.120s] GC(591) Pause Young (Normal) (G1 Evacuation Pause) 386M->88M(512M) 2.116ms
[2023-04-09T19:13:08.611+0800][1924.120s] GC(591) User=0.00s Sys=0.00s Real=0.00s
[2023-04-09T19:13:09.219+0800][1924.729s] GC(592) Pause Young (Normal) (G1 Evacuation Pause)
[2023-04-09T19:13:09.220+0800][1924.729s] GC(592) Using 8 workers of 8 for evacuation
[2023-04-09T19:13:09.221+0800][1924.731s] GC(592)   Pre Evacuate Collection Set: 0.0ms
[2023-04-09T19:13:09.221+0800][1924.731s] GC(592)   Evacuate Collection Set: 1.1ms
[2023-04-09T19:13:09.221+0800][1924.731s] GC(592)   Post Evacuate Collection Set: 0.6ms
[2023-04-09T19:13:09.222+0800][1924.731s] GC(592)   Other: 0.2ms
[2023-04-09T19:13:09.222+0800][1924.731s] GC(592) Eden regions: 298->0(297)
[2023-04-09T19:13:09.222+0800][1924.731s] GC(592) Survivor regions: 9->10(39)
[2023-04-09T19:13:09.222+0800][1924.731s] GC(592) Old regions: 74->74
[2023-04-09T19:13:09.222+0800][1924.731s] GC(592) Humongous regions: 25->13
[2023-04-09T19:13:09.222+0800][1924.731s] GC(592) Metaspace: 61298K(64368K)->61298K(64368K) NonClass: 54351K(56228K)->54351K(56228K) Class: 6946K(8140K)->6946K(8140K)
[2023-04-09T19:13:09.222+0800][1924.731s] GC(592) Pause Young (Normal) (G1 Evacuation Pause) 405M->96M(512M) 2.207ms
[2023-04-09T19:13:09.222+0800][1924.731s] GC(592) User=0.00s Sys=0.00s Real=0.00s
[2023-04-09T19:13:09.714+0800][1925.223s] GC(593) Pause Young (Normal) (G1 Evacuation Pause)
[2023-04-09T19:13:09.714+0800][1925.223s] GC(593) Using 8 workers of 8 for evacuation
[2023-04-09T19:13:09.715+0800][1925.224s] GC(593)   Pre Evacuate Collection Set: 0.0ms
[2023-04-09T19:13:09.716+0800][1925.224s] GC(593)   Evacuate Collection Set: 0.4ms
[2023-04-09T19:13:09.716+0800][1925.224s] GC(593)   Post Evacuate Collection Set: 0.5ms
[2023-04-09T19:13:09.716+0800][1925.224s] GC(593)   Other: 0.2ms
[2023-04-09T19:13:09.716+0800][1925.224s] GC(593) Eden regions: 297->0(304)
[2023-04-09T19:13:09.716+0800][1925.224s] GC(593) Survivor regions: 10->3(39)
[2023-04-09T19:13:09.716+0800][1925.224s] GC(593) Old regions: 74->74
[2023-04-09T19:13:09.716+0800][1925.224s] GC(593) Humongous regions: 13->4
[2023-04-09T19:13:09.716+0800][1925.224s] GC(593) Metaspace: 61298K(64368K)->61298K(64368K) NonClass: 54351K(56228K)->54351K(56228K) Class: 6946K(8140K)->6946K(8140K)
[2023-04-09T19:13:09.716+0800][1925.224s] GC(593) Pause Young (Normal) (G1 Evacuation Pause) 393M->79M(512M) 1.633ms
[2023-04-09T19:13:09.716+0800][1925.224s] GC(593) User=0.00s Sys=0.00s Real=0.00s
[2023-04-09T19:13:10.154+0800][1925.663s] GC(594) Pause Young (Normal) (G1 Evacuation Pause)
[2023-04-09T19:13:10.154+0800][1925.663s] GC(594) Using 8 workers of 8 for evacuation
[2023-04-09T19:13:10.156+0800][1925.665s] GC(594)   Pre Evacuate Collection Set: 0.0ms
[2023-04-09T19:13:10.156+0800][1925.665s] GC(594)   Evacuate Collection Set: 0.9ms
[2023-04-09T19:13:10.156+0800][1925.665s] GC(594)   Post Evacuate Collection Set: 0.6ms
[2023-04-09T19:13:10.156+0800][1925.665s] GC(594)   Other: 0.2ms
[2023-04-09T19:13:10.156+0800][1925.665s] GC(594) Eden regions: 304->0(298)
[2023-04-09T19:13:10.156+0800][1925.665s] GC(594) Survivor regions: 3->9(39)
[2023-04-09T19:13:10.156+0800][1925.665s] GC(594) Old regions: 74->74
[2023-04-09T19:13:10.156+0800][1925.665s] GC(594) Humongous regions: 7->6
[2023-04-09T19:13:10.156+0800][1925.665s] GC(594) Metaspace: 61298K(64368K)->61298K(64368K) NonClass: 54351K(56228K)->54351K(56228K) Class: 6946K(8140K)->6946K(8140K)
[2023-04-09T19:13:10.156+0800][1925.665s] GC(594) Pause Young (Normal) (G1 Evacuation Pause) 386M->87M(512M) 2.066ms
[2023-04-09T19:13:10.156+0800][1925.665s] GC(594) User=0.00s Sys=0.00s Real=0.00s
[2023-04-09T19:13:10.615+0800][1926.124s] GC(595) Pause Young (Normal) (G1 Evacuation Pause)
[2023-04-09T19:13:10.615+0800][1926.124s] GC(595) Using 8 workers of 8 for evacuation
[2023-04-09T19:13:10.617+0800][1926.126s] GC(595)   Pre Evacuate Collection Set: 0.0ms
[2023-04-09T19:13:10.617+0800][1926.126s] GC(595)   Evacuate Collection Set: 1.2ms
[2023-04-09T19:13:10.617+0800][1926.126s] GC(595)   Post Evacuate Collection Set: 0.5ms
[2023-04-09T19:13:10.617+0800][1926.126s] GC(595)   Other: 0.2ms
[2023-04-09T19:13:10.617+0800][1926.126s] GC(595) Eden regions: 298->0(296)
[2023-04-09T19:13:10.617+0800][1926.126s] GC(595) Survivor regions: 9->11(39)
[2023-04-09T19:13:10.617+0800][1926.126s] GC(595) Old regions: 74->74
[2023-04-09T19:13:10.617+0800][1926.126s] GC(595) Humongous regions: 20->13
[2023-04-09T19:13:10.617+0800][1926.126s] GC(595) Metaspace: 61298K(64368K)->61298K(64368K) NonClass: 54351K(56228K)->54351K(56228K) Class: 6946K(8140K)->6946K(8140K)
[2023-04-09T19:13:10.617+0800][1926.126s] GC(595) Pause Young (Normal) (G1 Evacuation Pause) 399M->96M(512M) 2.057ms
[2023-04-09T19:13:10.617+0800][1926.126s] GC(595) User=0.00s Sys=0.00s Real=0.00s
[2023-04-09T19:13:11.250+0800][1926.760s] GC(596) Pause Young (Normal) (G1 Evacuation Pause)
[2023-04-09T19:13:11.251+0800][1926.760s] GC(596) Using 8 workers of 8 for evacuation
[2023-04-09T19:13:11.252+0800][1926.761s] GC(596)   Pre Evacuate Collection Set: 0.0ms
[2023-04-09T19:13:11.252+0800][1926.761s] GC(596)   Evacuate Collection Set: 0.6ms
[2023-04-09T19:13:11.252+0800][1926.761s] GC(596)   Post Evacuate Collection Set: 0.4ms
[2023-04-09T19:13:11.252+0800][1926.761s] GC(596)   Other: 0.2ms
[2023-04-09T19:13:11.252+0800][1926.761s] GC(596) Eden regions: 296->0(306)
[2023-04-09T19:13:11.252+0800][1926.761s] GC(596) Survivor regions: 11->1(39)
[2023-04-09T19:13:11.252+0800][1926.761s] GC(596) Old regions: 74->74
[2023-04-09T19:13:11.252+0800][1926.761s] GC(596) Humongous regions: 13->4
[2023-04-09T19:13:11.252+0800][1926.761s] GC(596) Metaspace: 61300K(64368K)->61300K(64368K) NonClass: 54354K(56228K)->54354K(56228K) Class: 6946K(8140K)->6946K(8140K)
[2023-04-09T19:13:11.252+0800][1926.761s] GC(596) Pause Young (Normal) (G1 Evacuation Pause) 392M->78M(512M) 1.470ms
[2023-04-09T19:13:11.252+0800][1926.761s] GC(596) User=0.00s Sys=0.00s Real=0.00s
[2023-04-09T19:13:11.474+0800][1926.983s] GC(597) Pause Young (Normal) (G1 Evacuation Pause)
[2023-04-09T19:13:11.474+0800][1926.984s] GC(597) Using 8 workers of 8 for evacuation
[2023-04-09T19:13:11.476+0800][1926.985s] GC(597)   Pre Evacuate Collection Set: 0.0ms
[2023-04-09T19:13:11.476+0800][1926.985s] GC(597)   Evacuate Collection Set: 0.7ms
[2023-04-09T19:13:11.476+0800][1926.985s] GC(597)   Post Evacuate Collection Set: 0.5ms
[2023-04-09T19:13:11.476+0800][1926.985s] GC(597)   Other: 0.2ms
[2023-04-09T19:13:11.476+0800][1926.985s] GC(597) Eden regions: 306->0(302)
[2023-04-09T19:13:11.476+0800][1926.985s] GC(597) Survivor regions: 1->5(39)
[2023-04-09T19:13:11.476+0800][1926.985s] GC(597) Old regions: 74->74
[2023-04-09T19:13:11.476+0800][1926.985s] GC(597) Humongous regions: 5->5
[2023-04-09T19:13:11.476+0800][1926.985s] GC(597) Metaspace: 61300K(64368K)->61300K(64368K) NonClass: 54354K(56228K)->54354K(56228K) Class: 6946K(8140K)->6946K(8140K)
[2023-04-09T19:13:11.476+0800][1926.985s] GC(597) Pause Young (Normal) (G1 Evacuation Pause) 385M->82M(512M) 1.633ms
[2023-04-09T19:13:11.476+0800][1926.985s] GC(597) User=0.00s Sys=0.00s Real=0.00s
[2023-04-09T19:13:11.665+0800][1927.174s] GC(598) Pause Young (Normal) (G1 Evacuation Pause)
[2023-04-09T19:13:11.665+0800][1927.174s] GC(598) Using 8 workers of 8 for evacuation
[2023-04-09T19:13:11.666+0800][1927.176s] GC(598)   Pre Evacuate Collection Set: 0.0ms
[2023-04-09T19:13:11.666+0800][1927.176s] GC(598)   Evacuate Collection Set: 0.9ms
[2023-04-09T19:13:11.666+0800][1927.176s] GC(598)   Post Evacuate Collection Set: 0.5ms
[2023-04-09T19:13:11.666+0800][1927.176s] GC(598)   Other: 0.1ms
[2023-04-09T19:13:11.666+0800][1927.176s] GC(598) Eden regions: 302->0(299)
[2023-04-09T19:13:11.666+0800][1927.176s] GC(598) Survivor regions: 5->8(39)
[2023-04-09T19:13:11.666+0800][1927.176s] GC(598) Old regions: 74->74
[2023-04-09T19:13:11.666+0800][1927.176s] GC(598) Humongous regions: 5->5
[2023-04-09T19:13:11.667+0800][1927.176s] GC(598) Metaspace: 61300K(64368K)->61300K(64368K) NonClass: 54354K(56228K)->54354K(56228K) Class: 6946K(8140K)->6946K(8140K)
[2023-04-09T19:13:11.667+0800][1927.176s] GC(598) Pause Young (Normal) (G1 Evacuation Pause) 384M->85M(512M) 1.828ms
[2023-04-09T19:13:11.667+0800][1927.176s] GC(598) User=0.00s Sys=0.02s Real=0.00s
[2023-04-09T19:13:11.858+0800][1927.368s] GC(599) Pause Young (Normal) (G1 Evacuation Pause)
[2023-04-09T19:13:11.858+0800][1927.368s] GC(599) Using 8 workers of 8 for evacuation
[2023-04-09T19:13:11.860+0800][1927.370s] GC(599)   Pre Evacuate Collection Set: 0.0ms
[2023-04-09T19:13:11.860+0800][1927.370s] GC(599)   Evacuate Collection Set: 1.2ms
[2023-04-09T19:13:11.860+0800][1927.370s] GC(599)   Post Evacuate Collection Set: 0.6ms
[2023-04-09T19:13:11.860+0800][1927.370s] GC(599)   Other: 0.2ms
[2023-04-09T19:13:11.860+0800][1927.370s] GC(599) Eden regions: 299->0(297)
[2023-04-09T19:13:11.860+0800][1927.370s] GC(599) Survivor regions: 8->10(39)
[2023-04-09T19:13:11.860+0800][1927.370s] GC(599) Old regions: 74->74
[2023-04-09T19:13:11.860+0800][1927.370s] GC(599) Humongous regions: 7->6
[2023-04-09T19:13:11.860+0800][1927.370s] GC(599) Metaspace: 61300K(64368K)->61300K(64368K) NonClass: 54354K(56228K)->54354K(56228K) Class: 6946K(8140K)->6946K(8140K)
[2023-04-09T19:13:11.861+0800][1927.370s] GC(599) Pause Young (Normal) (G1 Evacuation Pause) 386M->89M(512M) 2.253ms
[2023-04-09T19:13:11.861+0800][1927.370s] GC(599) User=0.00s Sys=0.00s Real=0.00s
[2023-04-09T19:13:12.128+0800][1927.637s] GC(600) Pause Young (Normal) (G1 Evacuation Pause)
[2023-04-09T19:13:12.128+0800][1927.637s] GC(600) Using 8 workers of 8 for evacuation
[2023-04-09T19:13:12.130+0800][1927.639s] GC(600)   Pre Evacuate Collection Set: 0.1ms
[2023-04-09T19:13:12.130+0800][1927.639s] GC(600)   Evacuate Collection Set: 1.3ms
[2023-04-09T19:13:12.130+0800][1927.640s] GC(600)   Post Evacuate Collection Set: 0.5ms
[2023-04-09T19:13:12.130+0800][1927.640s] GC(600)   Other: 0.2ms
[2023-04-09T19:13:12.130+0800][1927.640s] GC(600) Eden regions: 297->0(297)
[2023-04-09T19:13:12.130+0800][1927.640s] GC(600) Survivor regions: 10->10(39)
[2023-04-09T19:13:12.130+0800][1927.640s] GC(600) Old regions: 74->74
[2023-04-09T19:13:12.130+0800][1927.640s] GC(600) Humongous regions: 12->12
[2023-04-09T19:13:12.130+0800][1927.640s] GC(600) Metaspace: 61301K(64368K)->61301K(64368K) NonClass: 54354K(56228K)->54354K(56228K) Class: 6946K(8140K)->6946K(8140K)
[2023-04-09T19:13:12.130+0800][1927.640s] GC(600) Pause Young (Normal) (G1 Evacuation Pause) 392M->95M(512M) 2.319ms
[2023-04-09T19:13:12.130+0800][1927.640s] GC(600) User=0.00s Sys=0.00s Real=0.00s
[2023-04-09T19:13:12.436+0800][1927.945s] GC(601) Pause Young (Normal) (G1 Evacuation Pause)
[2023-04-09T19:13:12.436+0800][1927.946s] GC(601) Using 8 workers of 8 for evacuation
[2023-04-09T19:13:12.438+0800][1927.947s] GC(601)   Pre Evacuate Collection Set: 0.0ms
[2023-04-09T19:13:12.438+0800][1927.947s] GC(601)   Evacuate Collection Set: 1.2ms
[2023-04-09T19:13:12.438+0800][1927.947s] GC(601)   Post Evacuate Collection Set: 0.5ms
[2023-04-09T19:13:12.438+0800][1927.947s] GC(601)   Other: 0.2ms
[2023-04-09T19:13:12.438+0800][1927.947s] GC(601) Eden regions: 297->0(296)
[2023-04-09T19:13:12.438+0800][1927.948s] GC(601) Survivor regions: 10->11(39)
[2023-04-09T19:13:12.438+0800][1927.948s] GC(601) Old regions: 74->74
[2023-04-09T19:13:12.438+0800][1927.948s] GC(601) Humongous regions: 25->13
[2023-04-09T19:13:12.438+0800][1927.948s] GC(601) Metaspace: 61303K(64368K)->61303K(64368K) NonClass: 54356K(56228K)->54356K(56228K) Class: 6946K(8140K)->6946K(8140K)
[2023-04-09T19:13:12.438+0800][1927.948s] GC(601) Pause Young (Normal) (G1 Evacuation Pause) 405M->97M(512M) 2.123ms
[2023-04-09T19:13:12.438+0800][1927.948s] GC(601) User=0.00s Sys=0.00s Real=0.00s
[2023-04-09T19:13:12.769+0800][1928.277s] GC(602) Pause Young (Normal) (G1 Evacuation Pause)
[2023-04-09T19:13:12.769+0800][1928.277s] GC(602) Using 8 workers of 8 for evacuation
[2023-04-09T19:13:12.771+0800][1928.280s] GC(602)   Pre Evacuate Collection Set: 0.0ms
[2023-04-09T19:13:12.771+0800][1928.280s] GC(602)   Evacuate Collection Set: 1.6ms
[2023-04-09T19:13:12.771+0800][1928.280s] GC(602)   Post Evacuate Collection Set: 0.5ms
[2023-04-09T19:13:12.771+0800][1928.280s] GC(602)   Other: 0.2ms
[2023-04-09T19:13:12.771+0800][1928.280s] GC(602) Eden regions: 296->0(295)
[2023-04-09T19:13:12.771+0800][1928.280s] GC(602) Survivor regions: 11->12(39)
[2023-04-09T19:13:12.771+0800][1928.280s] GC(602) Old regions: 74->74
[2023-04-09T19:13:12.771+0800][1928.280s] GC(602) Humongous regions: 13->13
[2023-04-09T19:13:12.771+0800][1928.280s] GC(602) Metaspace: 61303K(64368K)->61303K(64368K) NonClass: 54356K(56228K)->54356K(56228K) Class: 6946K(8140K)->6946K(8140K)
[2023-04-09T19:13:12.771+0800][1928.280s] GC(602) Pause Young (Normal) (G1 Evacuation Pause) 393M->97M(512M) 2.437ms
[2023-04-09T19:13:12.771+0800][1928.280s] GC(602) User=0.00s Sys=0.00s Real=0.00s
[2023-04-09T19:13:13.074+0800][1928.583s] GC(603) Pause Young (Normal) (G1 Evacuation Pause)
[2023-04-09T19:13:13.075+0800][1928.583s] GC(603) Using 8 workers of 8 for evacuation
[2023-04-09T19:13:13.076+0800][1928.585s] GC(603)   Pre Evacuate Collection Set: 0.0ms
[2023-04-09T19:13:13.076+0800][1928.585s] GC(603)   Evacuate Collection Set: 0.6ms
[2023-04-09T19:13:13.076+0800][1928.585s] GC(603)   Post Evacuate Collection Set: 0.5ms
[2023-04-09T19:13:13.076+0800][1928.585s] GC(603)   Other: 0.2ms
[2023-04-09T19:13:13.076+0800][1928.585s] GC(603) Eden regions: 295->0(303)
[2023-04-09T19:13:13.076+0800][1928.585s] GC(603) Survivor regions: 12->4(39)
[2023-04-09T19:13:13.076+0800][1928.585s] GC(603) Old regions: 74->74
[2023-04-09T19:13:13.076+0800][1928.585s] GC(603) Humongous regions: 13->4
[2023-04-09T19:13:13.076+0800][1928.585s] GC(603) Metaspace: 61305K(64368K)->61305K(64368K) NonClass: 54358K(56228K)->54358K(56228K) Class: 6946K(8140K)->6946K(8140K)
[2023-04-09T19:13:13.076+0800][1928.585s] GC(603) Pause Young (Normal) (G1 Evacuation Pause) 392M->81M(512M) 1.531ms
[2023-04-09T19:13:13.076+0800][1928.585s] GC(603) User=0.00s Sys=0.00s Real=0.00s
[2023-04-09T19:13:13.361+0800][1928.871s] GC(604) Pause Young (Normal) (G1 Evacuation Pause)
[2023-04-09T19:13:13.361+0800][1928.871s] GC(604) Using 8 workers of 8 for evacuation
[2023-04-09T19:13:13.363+0800][1928.872s] GC(604)   Pre Evacuate Collection Set: 0.0ms
[2023-04-09T19:13:13.363+0800][1928.872s] GC(604)   Evacuate Collection Set: 0.9ms
[2023-04-09T19:13:13.363+0800][1928.873s] GC(604)   Post Evacuate Collection Set: 0.6ms
[2023-04-09T19:13:13.363+0800][1928.873s] GC(604)   Other: 0.2ms
[2023-04-09T19:13:13.363+0800][1928.873s] GC(604) Eden regions: 303->0(299)
[2023-04-09T19:13:13.363+0800][1928.873s] GC(604) Survivor regions: 4->8(39)
[2023-04-09T19:13:13.363+0800][1928.873s] GC(604) Old regions: 74->74
[2023-04-09T19:13:13.363+0800][1928.873s] GC(604) Humongous regions: 5->5
[2023-04-09T19:13:13.363+0800][1928.873s] GC(604) Metaspace: 61305K(64368K)->61305K(64368K) NonClass: 54358K(56228K)->54358K(56228K) Class: 6946K(8140K)->6946K(8140K)
[2023-04-09T19:13:13.363+0800][1928.873s] GC(604) Pause Young (Normal) (G1 Evacuation Pause) 385M->85M(512M) 2.025ms
[2023-04-09T19:13:13.363+0800][1928.873s] GC(604) User=0.00s Sys=0.00s Real=0.00s
[2023-04-09T19:13:13.617+0800][1929.126s] GC(605) Pause Young (Normal) (G1 Evacuation Pause)
[2023-04-09T19:13:13.617+0800][1929.126s] GC(605) Using 8 workers of 8 for evacuation
[2023-04-09T19:13:13.619+0800][1929.128s] GC(605)   Pre Evacuate Collection Set: 0.0ms
[2023-04-09T19:13:13.619+0800][1929.128s] GC(605)   Evacuate Collection Set: 1.3ms
[2023-04-09T19:13:13.619+0800][1929.128s] GC(605)   Post Evacuate Collection Set: 0.5ms
[2023-04-09T19:13:13.619+0800][1929.128s] GC(605)   Other: 0.2ms
[2023-04-09T19:13:13.619+0800][1929.128s] GC(605) Eden regions: 299->0(295)
[2023-04-09T19:13:13.619+0800][1929.128s] GC(605) Survivor regions: 8->12(39)
[2023-04-09T19:13:13.619+0800][1929.128s] GC(605) Old regions: 74->74
[2023-04-09T19:13:13.619+0800][1929.128s] GC(605) Humongous regions: 7->6
[2023-04-09T19:13:13.619+0800][1929.128s] GC(605) Metaspace: 61305K(64368K)->61305K(64368K) NonClass: 54358K(56228K)->54358K(56228K) Class: 6946K(8140K)->6946K(8140K)
[2023-04-09T19:13:13.619+0800][1929.128s] GC(605) Pause Young (Normal) (G1 Evacuation Pause) 386M->90M(512M) 2.190ms
[2023-04-09T19:13:13.619+0800][1929.128s] GC(605) User=0.00s Sys=0.00s Real=0.00s
[2023-04-09T19:13:13.899+0800][1929.408s] GC(606) Pause Young (Normal) (G1 Evacuation Pause)
[2023-04-09T19:13:13.899+0800][1929.408s] GC(606) Using 8 workers of 8 for evacuation
[2023-04-09T19:13:13.901+0800][1929.410s] GC(606)   Pre Evacuate Collection Set: 0.0ms
[2023-04-09T19:13:13.901+0800][1929.410s] GC(606)   Evacuate Collection Set: 1.4ms
[2023-04-09T19:13:13.901+0800][1929.410s] GC(606)   Post Evacuate Collection Set: 0.4ms
[2023-04-09T19:13:13.901+0800][1929.410s] GC(606)   Other: 0.2ms
[2023-04-09T19:13:13.901+0800][1929.410s] GC(606) Eden regions: 295->0(296)
[2023-04-09T19:13:13.901+0800][1929.410s] GC(606) Survivor regions: 12->11(39)
[2023-04-09T19:13:13.901+0800][1929.410s] GC(606) Old regions: 74->74
[2023-04-09T19:13:13.901+0800][1929.410s] GC(606) Humongous regions: 12->12
[2023-04-09T19:13:13.901+0800][1929.410s] GC(606) Metaspace: 61305K(64368K)->61305K(64368K) NonClass: 54358K(56228K)->54358K(56228K) Class: 6946K(8140K)->6946K(8140K)
[2023-04-09T19:13:13.901+0800][1929.410s] GC(606) Pause Young (Normal) (G1 Evacuation Pause) 391M->95M(512M) 2.195ms
[2023-04-09T19:13:13.901+0800][1929.410s] GC(606) User=0.00s Sys=0.00s Real=0.00s
[2023-04-09T19:13:14.302+0800][1929.811s] GC(607) Pause Young (Normal) (G1 Evacuation Pause)
[2023-04-09T19:13:14.302+0800][1929.811s] GC(607) Using 8 workers of 8 for evacuation
[2023-04-09T19:13:14.304+0800][1929.813s] GC(607)   Pre Evacuate Collection Set: 0.0ms
[2023-04-09T19:13:14.304+0800][1929.813s] GC(607)   Evacuate Collection Set: 1.2ms
[2023-04-09T19:13:14.304+0800][1929.813s] GC(607)   Post Evacuate Collection Set: 0.7ms
[2023-04-09T19:13:14.304+0800][1929.813s] GC(607)   Other: 0.2ms
[2023-04-09T19:13:14.305+0800][1929.813s] GC(607) Eden regions: 296->0(296)
[2023-04-09T19:13:14.305+0800][1929.813s] GC(607) Survivor regions: 11->11(39)
[2023-04-09T19:13:14.305+0800][1929.813s] GC(607) Old regions: 74->74
[2023-04-09T19:13:14.305+0800][1929.813s] GC(607) Humongous regions: 25->13
[2023-04-09T19:13:14.305+0800][1929.813s] GC(607) Metaspace: 61307K(64368K)->61307K(64368K) NonClass: 54360K(56228K)->54360K(56228K) Class: 6946K(8140K)->6946K(8140K)
[2023-04-09T19:13:14.305+0800][1929.813s] GC(607) Pause Young (Normal) (G1 Evacuation Pause) 404M->97M(512M) 2.204ms
[2023-04-09T19:13:14.305+0800][1929.813s] GC(607) User=0.00s Sys=0.00s Real=0.00s
[2023-04-09T19:13:14.801+0800][1930.310s] GC(608) Pause Young (Normal) (G1 Evacuation Pause)
[2023-04-09T19:13:14.801+0800][1930.310s] GC(608) Using 8 workers of 8 for evacuation
[2023-04-09T19:13:14.802+0800][1930.311s] GC(608)   Pre Evacuate Collection Set: 0.0ms
[2023-04-09T19:13:14.802+0800][1930.311s] GC(608)   Evacuate Collection Set: 0.5ms
[2023-04-09T19:13:14.802+0800][1930.311s] GC(608)   Post Evacuate Collection Set: 0.5ms
[2023-04-09T19:13:14.802+0800][1930.311s] GC(608)   Other: 0.2ms
[2023-04-09T19:13:14.802+0800][1930.312s] GC(608) Eden regions: 296->0(304)
[2023-04-09T19:13:14.802+0800][1930.312s] GC(608) Survivor regions: 11->3(39)
[2023-04-09T19:13:14.802+0800][1930.312s] GC(608) Old regions: 74->74
[2023-04-09T19:13:14.802+0800][1930.312s] GC(608) Humongous regions: 13->4
[2023-04-09T19:13:14.802+0800][1930.312s] GC(608) Metaspace: 61307K(64368K)->61307K(64368K) NonClass: 54360K(56228K)->54360K(56228K) Class: 6946K(8140K)->6946K(8140K)
[2023-04-09T19:13:14.802+0800][1930.312s] GC(608) Pause Young (Normal) (G1 Evacuation Pause) 393M->80M(512M) 1.381ms
[2023-04-09T19:13:14.802+0800][1930.312s] GC(608) User=0.00s Sys=0.00s Real=0.00s
[2023-04-09T19:13:15.233+0800][1930.742s] GC(609) Pause Young (Normal) (G1 Evacuation Pause)
[2023-04-09T19:13:15.233+0800][1930.742s] GC(609) Using 8 workers of 8 for evacuation
[2023-04-09T19:13:15.235+0800][1930.744s] GC(609)   Pre Evacuate Collection Set: 0.0ms
[2023-04-09T19:13:15.235+0800][1930.744s] GC(609)   Evacuate Collection Set: 1.0ms
[2023-04-09T19:13:15.235+0800][1930.744s] GC(609)   Post Evacuate Collection Set: 0.6ms
[2023-04-09T19:13:15.235+0800][1930.744s] GC(609)   Other: 0.2ms
[2023-04-09T19:13:15.235+0800][1930.744s] GC(609) Eden regions: 304->0(298)
[2023-04-09T19:13:15.235+0800][1930.744s] GC(609) Survivor regions: 3->9(39)
[2023-04-09T19:13:15.235+0800][1930.744s] GC(609) Old regions: 74->74
[2023-04-09T19:13:15.235+0800][1930.744s] GC(609) Humongous regions: 7->6
[2023-04-09T19:13:15.235+0800][1930.744s] GC(609) Metaspace: 61307K(64368K)->61307K(64368K) NonClass: 54360K(56228K)->54360K(56228K) Class: 6946K(8140K)->6946K(8140K)
[2023-04-09T19:13:15.235+0800][1930.744s] GC(609) Pause Young (Normal) (G1 Evacuation Pause) 387M->88M(512M) 2.031ms
[2023-04-09T19:13:15.235+0800][1930.744s] GC(609) User=0.00s Sys=0.00s Real=0.00s
[2023-04-09T19:13:15.691+0800][1931.200s] GC(610) Pause Young (Normal) (G1 Evacuation Pause)
[2023-04-09T19:13:15.691+0800][1931.200s] GC(610) Using 8 workers of 8 for evacuation
[2023-04-09T19:13:15.693+0800][1931.202s] GC(610)   Pre Evacuate Collection Set: 0.0ms
[2023-04-09T19:13:15.693+0800][1931.202s] GC(610)   Evacuate Collection Set: 1.3ms
[2023-04-09T19:13:15.693+0800][1931.202s] GC(610)   Post Evacuate Collection Set: 0.7ms
[2023-04-09T19:13:15.693+0800][1931.202s] GC(610)   Other: 0.2ms
[2023-04-09T19:13:15.693+0800][1931.202s] GC(610) Eden regions: 298->0(296)
[2023-04-09T19:13:15.693+0800][1931.202s] GC(610) Survivor regions: 9->11(39)
[2023-04-09T19:13:15.693+0800][1931.202s] GC(610) Old regions: 74->74
[2023-04-09T19:13:15.693+0800][1931.202s] GC(610) Humongous regions: 21->13
[2023-04-09T19:13:15.693+0800][1931.202s] GC(610) Metaspace: 61307K(64368K)->61307K(64368K) NonClass: 54360K(56228K)->54360K(56228K) Class: 6946K(8140K)->6946K(8140K)
[2023-04-09T19:13:15.693+0800][1931.202s] GC(610) Pause Young (Normal) (G1 Evacuation Pause) 401M->97M(512M) 2.326ms
[2023-04-09T19:13:15.693+0800][1931.202s] GC(610) User=0.00s Sys=0.00s Real=0.00s
[2023-04-09T19:13:16.309+0800][1931.818s] GC(611) Pause Young (Normal) (G1 Evacuation Pause)
[2023-04-09T19:13:16.309+0800][1931.818s] GC(611) Using 8 workers of 8 for evacuation
[2023-04-09T19:13:16.310+0800][1931.819s] GC(611)   Pre Evacuate Collection Set: 0.0ms
[2023-04-09T19:13:16.310+0800][1931.819s] GC(611)   Evacuate Collection Set: 0.3ms
[2023-04-09T19:13:16.310+0800][1931.819s] GC(611)   Post Evacuate Collection Set: 0.6ms
[2023-04-09T19:13:16.310+0800][1931.819s] GC(611)   Other: 0.2ms
[2023-04-09T19:13:16.310+0800][1931.819s] GC(611) Eden regions: 296->0(306)
[2023-04-09T19:13:16.310+0800][1931.819s] GC(611) Survivor regions: 11->1(39)
[2023-04-09T19:13:16.310+0800][1931.819s] GC(611) Old regions: 74->74
[2023-04-09T19:13:16.310+0800][1931.819s] GC(611) Humongous regions: 18->4
[2023-04-09T19:13:16.310+0800][1931.819s] GC(611) Metaspace: 61311K(64368K)->61311K(64368K) NonClass: 54364K(56228K)->54364K(56228K) Class: 6946K(8140K)->6946K(8140K)
[2023-04-09T19:13:16.310+0800][1931.819s] GC(611) Pause Young (Normal) (G1 Evacuation Pause) 398M->78M(512M) 1.365ms
[2023-04-09T19:13:16.310+0800][1931.819s] GC(611) User=0.00s Sys=0.00s Real=0.00s
[2023-04-09T19:13:16.743+0800][1932.252s] GC(612) Pause Young (Normal) (G1 Evacuation Pause)
[2023-04-09T19:13:16.743+0800][1932.252s] GC(612) Using 8 workers of 8 for evacuation
[2023-04-09T19:13:16.744+0800][1932.253s] GC(612)   Pre Evacuate Collection Set: 0.0ms
[2023-04-09T19:13:16.744+0800][1932.253s] GC(612)   Evacuate Collection Set: 0.8ms
[2023-04-09T19:13:16.744+0800][1932.253s] GC(612)   Post Evacuate Collection Set: 0.6ms
[2023-04-09T19:13:16.744+0800][1932.253s] GC(612)   Other: 0.1ms
[2023-04-09T19:13:16.744+0800][1932.253s] GC(612) Eden regions: 306->0(299)
[2023-04-09T19:13:16.744+0800][1932.253s] GC(612) Survivor regions: 1->8(39)
[2023-04-09T19:13:16.744+0800][1932.253s] GC(612) Old regions: 74->74
[2023-04-09T19:13:16.744+0800][1932.253s] GC(612) Humongous regions: 7->6
[2023-04-09T19:13:16.744+0800][1932.253s] GC(612) Metaspace: 61311K(64368K)->61311K(64368K) NonClass: 54364K(56228K)->54364K(56228K) Class: 6946K(8140K)->6946K(8140K)
[2023-04-09T19:13:16.744+0800][1932.253s] GC(612) Pause Young (Normal) (G1 Evacuation Pause) 387M->86M(512M) 1.747ms
[2023-04-09T19:13:16.744+0800][1932.253s] GC(612) User=0.00s Sys=0.00s Real=0.00s
[2023-04-09T19:13:17.180+0800][1932.689s] GC(613) Pause Young (Normal) (G1 Evacuation Pause)
[2023-04-09T19:13:17.180+0800][1932.689s] GC(613) Using 8 workers of 8 for evacuation
[2023-04-09T19:13:17.181+0800][1932.691s] GC(613)   Pre Evacuate Collection Set: 0.0ms
[2023-04-09T19:13:17.182+0800][1932.691s] GC(613)   Evacuate Collection Set: 1.1ms
[2023-04-09T19:13:17.182+0800][1932.691s] GC(613)   Post Evacuate Collection Set: 0.6ms
[2023-04-09T19:13:17.182+0800][1932.691s] GC(613)   Other: 0.2ms
[2023-04-09T19:13:17.182+0800][1932.691s] GC(613) Eden regions: 299->0(298)
[2023-04-09T19:13:17.182+0800][1932.691s] GC(613) Survivor regions: 8->9(39)
[2023-04-09T19:13:17.182+0800][1932.691s] GC(613) Old regions: 74->74
[2023-04-09T19:13:17.182+0800][1932.691s] GC(613) Humongous regions: 20->13
[2023-04-09T19:13:17.182+0800][1932.691s] GC(613) Metaspace: 61311K(64368K)->61311K(64368K) NonClass: 54364K(56228K)->54364K(56228K) Class: 6946K(8140K)->6946K(8140K)
[2023-04-09T19:13:17.182+0800][1932.691s] GC(613) Pause Young (Normal) (G1 Evacuation Pause) 399M->95M(512M) 2.236ms
[2023-04-09T19:13:17.182+0800][1932.691s] GC(613) User=0.00s Sys=0.00s Real=0.00s
[2023-04-09T19:13:17.717+0800][1933.225s] GC(614) Pause Young (Normal) (G1 Evacuation Pause)
[2023-04-09T19:13:17.717+0800][1933.225s] GC(614) Using 8 workers of 8 for evacuation
[2023-04-09T19:13:17.718+0800][1933.227s] GC(614)   Pre Evacuate Collection Set: 0.0ms
[2023-04-09T19:13:17.718+0800][1933.227s] GC(614)   Evacuate Collection Set: 1.1ms
[2023-04-09T19:13:17.718+0800][1933.227s] GC(614)   Post Evacuate Collection Set: 0.5ms
[2023-04-09T19:13:17.718+0800][1933.227s] GC(614)   Other: 0.2ms
[2023-04-09T19:13:17.718+0800][1933.227s] GC(614) Eden regions: 298->0(296)
[2023-04-09T19:13:17.718+0800][1933.227s] GC(614) Survivor regions: 9->11(39)
[2023-04-09T19:13:17.719+0800][1933.227s] GC(614) Old regions: 74->74
[2023-04-09T19:13:17.719+0800][1933.227s] GC(614) Humongous regions: 18->13
[2023-04-09T19:13:17.719+0800][1933.227s] GC(614) Metaspace: 61311K(64368K)->61311K(64368K) NonClass: 54364K(56228K)->54364K(56228K) Class: 6946K(8140K)->6946K(8140K)
[2023-04-09T19:13:17.719+0800][1933.227s] GC(614) Pause Young (Normal) (G1 Evacuation Pause) 398M->96M(512M) 2.014ms
[2023-04-09T19:13:17.719+0800][1933.227s] GC(614) User=0.00s Sys=0.00s Real=0.00s
[2023-04-09T19:13:18.226+0800][1933.735s] GC(615) Pause Young (Normal) (G1 Evacuation Pause)
[2023-04-09T19:13:18.226+0800][1933.735s] GC(615) Using 8 workers of 8 for evacuation
[2023-04-09T19:13:18.227+0800][1933.736s] GC(615)   Pre Evacuate Collection Set: 0.0ms
[2023-04-09T19:13:18.227+0800][1933.736s] GC(615)   Evacuate Collection Set: 0.7ms
[2023-04-09T19:13:18.227+0800][1933.736s] GC(615)   Post Evacuate Collection Set: 0.6ms
[2023-04-09T19:13:18.227+0800][1933.736s] GC(615)   Other: 0.2ms
[2023-04-09T19:13:18.227+0800][1933.736s] GC(615) Eden regions: 296->0(301)
[2023-04-09T19:13:18.227+0800][1933.736s] GC(615) Survivor regions: 11->6(39)
[2023-04-09T19:13:18.227+0800][1933.736s] GC(615) Old regions: 74->74
[2023-04-09T19:13:18.227+0800][1933.736s] GC(615) Humongous regions: 14->5
[2023-04-09T19:13:18.227+0800][1933.736s] GC(615) Metaspace: 61311K(64368K)->61311K(64368K) NonClass: 54364K(56228K)->54364K(56228K) Class: 6946K(8140K)->6946K(8140K)
[2023-04-09T19:13:18.227+0800][1933.736s] GC(615) Pause Young (Normal) (G1 Evacuation Pause) 393M->83M(512M) 1.593ms
[2023-04-09T19:13:18.227+0800][1933.736s] GC(615) User=0.00s Sys=0.00s Real=0.00s
[2023-04-09T19:13:18.658+0800][1934.167s] GC(616) Pause Young (Normal) (G1 Evacuation Pause)
[2023-04-09T19:13:18.658+0800][1934.167s] GC(616) Using 8 workers of 8 for evacuation
[2023-04-09T19:13:18.660+0800][1934.169s] GC(616)   Pre Evacuate Collection Set: 0.0ms
[2023-04-09T19:13:18.660+0800][1934.169s] GC(616)   Evacuate Collection Set: 1.0ms
[2023-04-09T19:13:18.660+0800][1934.169s] GC(616)   Post Evacuate Collection Set: 0.6ms
[2023-04-09T19:13:18.660+0800][1934.169s] GC(616)   Other: 0.2ms
[2023-04-09T19:13:18.660+0800][1934.169s] GC(616) Eden regions: 301->0(299)
[2023-04-09T19:13:18.660+0800][1934.169s] GC(616) Survivor regions: 6->8(39)
[2023-04-09T19:13:18.660+0800][1934.169s] GC(616) Old regions: 74->74
[2023-04-09T19:13:18.660+0800][1934.169s] GC(616) Humongous regions: 13->12
[2023-04-09T19:13:18.660+0800][1934.169s] GC(616) Metaspace: 61311K(64368K)->61311K(64368K) NonClass: 54364K(56228K)->54364K(56228K) Class: 6946K(8140K)->6946K(8140K)
[2023-04-09T19:13:18.660+0800][1934.169s] GC(616) Pause Young (Normal) (G1 Evacuation Pause) 392M->93M(512M) 2.044ms
[2023-04-09T19:13:18.660+0800][1934.169s] GC(616) User=0.00s Sys=0.00s Real=0.00s
[2023-04-09T19:13:19.220+0800][1934.729s] GC(617) Pause Young (Normal) (G1 Evacuation Pause)
[2023-04-09T19:13:19.220+0800][1934.730s] GC(617) Using 8 workers of 8 for evacuation
[2023-04-09T19:13:19.222+0800][1934.731s] GC(617)   Pre Evacuate Collection Set: 0.0ms
[2023-04-09T19:13:19.222+0800][1934.731s] GC(617)   Evacuate Collection Set: 1.1ms
[2023-04-09T19:13:19.222+0800][1934.731s] GC(617)   Post Evacuate Collection Set: 0.6ms
[2023-04-09T19:13:19.222+0800][1934.731s] GC(617)   Other: 0.2ms
[2023-04-09T19:13:19.222+0800][1934.731s] GC(617) Eden regions: 299->0(296)
[2023-04-09T19:13:19.222+0800][1934.731s] GC(617) Survivor regions: 8->11(39)
[2023-04-09T19:13:19.222+0800][1934.731s] GC(617) Old regions: 74->74
[2023-04-09T19:13:19.222+0800][1934.732s] GC(617) Humongous regions: 25->13
[2023-04-09T19:13:19.222+0800][1934.732s] GC(617) Metaspace: 61311K(64368K)->61311K(64368K) NonClass: 54364K(56228K)->54364K(56228K) Class: 6946K(8140K)->6946K(8140K)
[2023-04-09T19:13:19.222+0800][1934.732s] GC(617) Pause Young (Normal) (G1 Evacuation Pause) 405M->96M(512M) 2.053ms
[2023-04-09T19:13:19.222+0800][1934.732s] GC(617) User=0.00s Sys=0.00s Real=0.00s
[2023-04-09T19:13:19.746+0800][1935.255s] GC(618) Pause Young (Normal) (G1 Evacuation Pause)
[2023-04-09T19:13:19.746+0800][1935.255s] GC(618) Using 8 workers of 8 for evacuation
[2023-04-09T19:13:19.747+0800][1935.256s] GC(618)   Pre Evacuate Collection Set: 0.0ms
[2023-04-09T19:13:19.747+0800][1935.256s] GC(618)   Evacuate Collection Set: 0.5ms
[2023-04-09T19:13:19.747+0800][1935.256s] GC(618)   Post Evacuate Collection Set: 0.4ms
[2023-04-09T19:13:19.747+0800][1935.256s] GC(618)   Other: 0.2ms
[2023-04-09T19:13:19.747+0800][1935.256s] GC(618) Eden regions: 296->0(303)
[2023-04-09T19:13:19.747+0800][1935.256s] GC(618) Survivor regions: 11->4(39)
[2023-04-09T19:13:19.747+0800][1935.256s] GC(618) Old regions: 74->74
[2023-04-09T19:13:19.747+0800][1935.256s] GC(618) Humongous regions: 14->5
[2023-04-09T19:13:19.747+0800][1935.256s] GC(618) Metaspace: 61311K(64368K)->61311K(64368K) NonClass: 54364K(56228K)->54364K(56228K) Class: 6946K(8140K)->6946K(8140K)
[2023-04-09T19:13:19.747+0800][1935.256s] GC(618) Pause Young (Normal) (G1 Evacuation Pause) 393M->82M(512M) 1.322ms
[2023-04-09T19:13:19.747+0800][1935.256s] GC(618) User=0.00s Sys=0.00s Real=0.00s
[2023-04-09T19:13:20.180+0800][1935.689s] GC(619) Pause Young (Normal) (G1 Evacuation Pause)
[2023-04-09T19:13:20.180+0800][1935.689s] GC(619) Using 8 workers of 8 for evacuation
[2023-04-09T19:13:20.182+0800][1935.691s] GC(619)   Pre Evacuate Collection Set: 0.0ms
[2023-04-09T19:13:20.182+0800][1935.691s] GC(619)   Evacuate Collection Set: 1.3ms
[2023-04-09T19:13:20.182+0800][1935.691s] GC(619)   Post Evacuate Collection Set: 0.6ms
[2023-04-09T19:13:20.182+0800][1935.691s] GC(619)   Other: 0.2ms
[2023-04-09T19:13:20.183+0800][1935.691s] GC(619) Eden regions: 303->0(295)
[2023-04-09T19:13:20.183+0800][1935.691s] GC(619) Survivor regions: 4->12(39)
[2023-04-09T19:13:20.183+0800][1935.691s] GC(619) Old regions: 74->74
[2023-04-09T19:13:20.183+0800][1935.691s] GC(619) Humongous regions: 8->7
[2023-04-09T19:13:20.183+0800][1935.691s] GC(619) Metaspace: 61311K(64368K)->61311K(64368K) NonClass: 54364K(56228K)->54364K(56228K) Class: 6946K(8140K)->6946K(8140K)
[2023-04-09T19:13:20.183+0800][1935.691s] GC(619) Pause Young (Normal) (G1 Evacuation Pause) 388M->91M(512M) 2.325ms
[2023-04-09T19:13:20.183+0800][1935.691s] GC(619) User=0.00s Sys=0.00s Real=0.00s
[2023-04-09T19:13:20.811+0800][1936.320s] GC(620) Pause Young (Normal) (G1 Evacuation Pause)
[2023-04-09T19:13:20.811+0800][1936.320s] GC(620) Using 8 workers of 8 for evacuation
[2023-04-09T19:13:20.813+0800][1936.322s] GC(620)   Pre Evacuate Collection Set: 0.0ms
[2023-04-09T19:13:20.813+0800][1936.322s] GC(620)   Evacuate Collection Set: 1.1ms
[2023-04-09T19:13:20.813+0800][1936.322s] GC(620)   Post Evacuate Collection Set: 0.7ms
[2023-04-09T19:13:20.813+0800][1936.322s] GC(620)   Other: 0.3ms
[2023-04-09T19:13:20.813+0800][1936.322s] GC(620) Eden regions: 295->0(297)
[2023-04-09T19:13:20.813+0800][1936.322s] GC(620) Survivor regions: 12->10(39)
[2023-04-09T19:13:20.813+0800][1936.322s] GC(620) Old regions: 74->74
[2023-04-09T19:13:20.813+0800][1936.323s] GC(620) Humongous regions: 25->13
[2023-04-09T19:13:20.813+0800][1936.323s] GC(620) Metaspace: 61311K(64368K)->61311K(64368K) NonClass: 54364K(56228K)->54364K(56228K) Class: 6946K(8140K)->6946K(8140K)
[2023-04-09T19:13:20.813+0800][1936.323s] GC(620) Pause Young (Normal) (G1 Evacuation Pause) 404M->96M(512M) 2.194ms
[2023-04-09T19:13:20.813+0800][1936.323s] GC(620) User=0.00s Sys=0.00s Real=0.00s
[2023-04-09T19:13:21.431+0800][1936.940s] GC(621) Pause Young (Normal) (G1 Evacuation Pause)
[2023-04-09T19:13:21.431+0800][1936.940s] GC(621) Using 8 workers of 8 for evacuation
[2023-04-09T19:13:21.432+0800][1936.941s] GC(621)   Pre Evacuate Collection Set: 0.0ms
[2023-04-09T19:13:21.432+0800][1936.941s] GC(621)   Evacuate Collection Set: 0.4ms
[2023-04-09T19:13:21.432+0800][1936.941s] GC(621)   Post Evacuate Collection Set: 0.4ms
[2023-04-09T19:13:21.432+0800][1936.941s] GC(621)   Other: 0.2ms
[2023-04-09T19:13:21.432+0800][1936.941s] GC(621) Eden regions: 297->0(304)
[2023-04-09T19:13:21.432+0800][1936.941s] GC(621) Survivor regions: 10->3(39)
[2023-04-09T19:13:21.432+0800][1936.941s] GC(621) Old regions: 74->74
[2023-04-09T19:13:21.432+0800][1936.941s] GC(621) Humongous regions: 13->4
[2023-04-09T19:13:21.432+0800][1936.941s] GC(621) Metaspace: 61311K(64368K)->61311K(64368K) NonClass: 54364K(56228K)->54364K(56228K) Class: 6946K(8140K)->6946K(8140K)
[2023-04-09T19:13:21.432+0800][1936.941s] GC(621) Pause Young (Normal) (G1 Evacuation Pause) 393M->79M(512M) 1.358ms
[2023-04-09T19:13:21.432+0800][1936.941s] GC(621) User=0.00s Sys=0.00s Real=0.00s
[2023-04-09T19:13:21.875+0800][1937.385s] GC(622) Pause Young (Normal) (G1 Evacuation Pause)
[2023-04-09T19:13:21.875+0800][1937.385s] GC(622) Using 8 workers of 8 for evacuation
[2023-04-09T19:13:21.877+0800][1937.387s] GC(622)   Pre Evacuate Collection Set: 0.0ms
[2023-04-09T19:13:21.877+0800][1937.387s] GC(622)   Evacuate Collection Set: 0.9ms
[2023-04-09T19:13:21.877+0800][1937.387s] GC(622)   Post Evacuate Collection Set: 0.6ms
[2023-04-09T19:13:21.877+0800][1937.387s] GC(622)   Other: 0.2ms
[2023-04-09T19:13:21.877+0800][1937.387s] GC(622) Eden regions: 304->0(299)
[2023-04-09T19:13:21.877+0800][1937.387s] GC(622) Survivor regions: 3->8(39)
[2023-04-09T19:13:21.877+0800][1937.387s] GC(622) Old regions: 74->74
[2023-04-09T19:13:21.877+0800][1937.387s] GC(622) Humongous regions: 7->6
[2023-04-09T19:13:21.877+0800][1937.387s] GC(622) Metaspace: 61311K(64368K)->61311K(64368K) NonClass: 54364K(56228K)->54364K(56228K) Class: 6946K(8140K)->6946K(8140K)
[2023-04-09T19:13:21.877+0800][1937.387s] GC(622) Pause Young (Normal) (G1 Evacuation Pause) 386M->87M(512M) 1.958ms
[2023-04-09T19:13:21.877+0800][1937.387s] GC(622) User=0.00s Sys=0.00s Real=0.00s
[2023-04-09T19:13:22.330+0800][1937.839s] GC(623) Pause Young (Normal) (G1 Evacuation Pause)
[2023-04-09T19:13:22.330+0800][1937.839s] GC(623) Using 8 workers of 8 for evacuation
[2023-04-09T19:13:22.332+0800][1937.841s] GC(623)   Pre Evacuate Collection Set: 0.0ms
[2023-04-09T19:13:22.332+0800][1937.841s] GC(623)   Evacuate Collection Set: 1.2ms
[2023-04-09T19:13:22.332+0800][1937.841s] GC(623)   Post Evacuate Collection Set: 0.5ms
[2023-04-09T19:13:22.332+0800][1937.841s] GC(623)   Other: 0.2ms
[2023-04-09T19:13:22.332+0800][1937.841s] GC(623) Eden regions: 299->0(296)
[2023-04-09T19:13:22.332+0800][1937.841s] GC(623) Survivor regions: 8->11(39)
[2023-04-09T19:13:22.332+0800][1937.841s] GC(623) Old regions: 74->74
[2023-04-09T19:13:22.332+0800][1937.841s] GC(623) Humongous regions: 20->13
[2023-04-09T19:13:22.332+0800][1937.841s] GC(623) Metaspace: 61311K(64368K)->61311K(64368K) NonClass: 54364K(56228K)->54364K(56228K) Class: 6946K(8140K)->6946K(8140K)
[2023-04-09T19:13:22.332+0800][1937.841s] GC(623) Pause Young (Normal) (G1 Evacuation Pause) 400M->96M(512M) 2.217ms
[2023-04-09T19:13:22.332+0800][1937.841s] GC(623) User=0.00s Sys=0.00s Real=0.00s
[2023-04-09T19:13:23.073+0800][1938.583s] GC(624) Pause Young (Normal) (G1 Evacuation Pause)
[2023-04-09T19:13:23.073+0800][1938.583s] GC(624) Using 8 workers of 8 for evacuation
[2023-04-09T19:13:23.074+0800][1938.583s] GC(624)   Pre Evacuate Collection Set: 0.0ms
[2023-04-09T19:13:23.074+0800][1938.583s] GC(624)   Evacuate Collection Set: 0.3ms
[2023-04-09T19:13:23.074+0800][1938.583s] GC(624)   Post Evacuate Collection Set: 0.5ms
[2023-04-09T19:13:23.074+0800][1938.583s] GC(624)   Other: 0.1ms
[2023-04-09T19:13:23.074+0800][1938.583s] GC(624) Eden regions: 296->0(306)
[2023-04-09T19:13:23.074+0800][1938.584s] GC(624) Survivor regions: 11->1(39)
[2023-04-09T19:13:23.074+0800][1938.584s] GC(624) Old regions: 74->74
[2023-04-09T19:13:23.074+0800][1938.584s] GC(624) Humongous regions: 18->4
[2023-04-09T19:13:23.074+0800][1938.584s] GC(624) Metaspace: 61312K(64368K)->61312K(64368K) NonClass: 54365K(56228K)->54365K(56228K) Class: 6946K(8140K)->6946K(8140K)
[2023-04-09T19:13:23.074+0800][1938.584s] GC(624) Pause Young (Normal) (G1 Evacuation Pause) 397M->78M(512M) 1.084ms
[2023-04-09T19:13:23.074+0800][1938.584s] GC(624) User=0.11s Sys=0.00s Real=0.00s
[2023-04-09T19:13:23.504+0800][1939.013s] GC(625) Pause Young (Normal) (G1 Evacuation Pause)
[2023-04-09T19:13:23.504+0800][1939.013s] GC(625) Using 8 workers of 8 for evacuation
[2023-04-09T19:13:23.506+0800][1939.015s] GC(625)   Pre Evacuate Collection Set: 0.0ms
[2023-04-09T19:13:23.506+0800][1939.015s] GC(625)   Evacuate Collection Set: 0.9ms
[2023-04-09T19:13:23.506+0800][1939.015s] GC(625)   Post Evacuate Collection Set: 0.5ms
[2023-04-09T19:13:23.506+0800][1939.015s] GC(625)   Other: 0.2ms
[2023-04-09T19:13:23.506+0800][1939.015s] GC(625) Eden regions: 306->0(300)
[2023-04-09T19:13:23.506+0800][1939.015s] GC(625) Survivor regions: 1->7(39)
[2023-04-09T19:13:23.506+0800][1939.015s] GC(625) Old regions: 74->74
[2023-04-09T19:13:23.506+0800][1939.015s] GC(625) Humongous regions: 7->6
[2023-04-09T19:13:23.506+0800][1939.015s] GC(625) Metaspace: 61312K(64368K)->61312K(64368K) NonClass: 54365K(56228K)->54365K(56228K) Class: 6946K(8140K)->6946K(8140K)
[2023-04-09T19:13:23.506+0800][1939.015s] GC(625) Pause Young (Normal) (G1 Evacuation Pause) 387M->86M(512M) 1.789ms
[2023-04-09T19:13:23.506+0800][1939.015s] GC(625) User=0.00s Sys=0.00s Real=0.00s
[2023-04-09T19:13:23.946+0800][1939.454s] GC(626) Pause Young (Normal) (G1 Evacuation Pause)
[2023-04-09T19:13:23.946+0800][1939.455s] GC(626) Using 8 workers of 8 for evacuation
[2023-04-09T19:13:23.948+0800][1939.456s] GC(626)   Pre Evacuate Collection Set: 0.0ms
[2023-04-09T19:13:23.948+0800][1939.456s] GC(626)   Evacuate Collection Set: 1.0ms
[2023-04-09T19:13:23.948+0800][1939.456s] GC(626)   Post Evacuate Collection Set: 0.6ms
[2023-04-09T19:13:23.948+0800][1939.456s] GC(626)   Other: 0.1ms
[2023-04-09T19:13:23.948+0800][1939.456s] GC(626) Eden regions: 300->0(298)
[2023-04-09T19:13:23.948+0800][1939.456s] GC(626) Survivor regions: 7->9(39)
[2023-04-09T19:13:23.948+0800][1939.456s] GC(626) Old regions: 74->74
[2023-04-09T19:13:23.948+0800][1939.456s] GC(626) Humongous regions: 12->12
[2023-04-09T19:13:23.948+0800][1939.456s] GC(626) Metaspace: 61312K(64368K)->61312K(64368K) NonClass: 54365K(56228K)->54365K(56228K) Class: 6946K(8140K)->6946K(8140K)
[2023-04-09T19:13:23.948+0800][1939.457s] GC(626) Pause Young (Normal) (G1 Evacuation Pause) 392M->94M(512M) 2.039ms
[2023-04-09T19:13:23.948+0800][1939.457s] GC(626) User=0.00s Sys=0.00s Real=0.00s
[2023-04-09T19:13:24.480+0800][1939.989s] GC(627) Pause Young (Normal) (G1 Evacuation Pause)
[2023-04-09T19:13:24.480+0800][1939.989s] GC(627) Using 8 workers of 8 for evacuation
[2023-04-09T19:13:24.482+0800][1939.991s] GC(627)   Pre Evacuate Collection Set: 0.0ms
[2023-04-09T19:13:24.482+0800][1939.991s] GC(627)   Evacuate Collection Set: 1.4ms
[2023-04-09T19:13:24.482+0800][1939.991s] GC(627)   Post Evacuate Collection Set: 0.6ms
[2023-04-09T19:13:24.482+0800][1939.991s] GC(627)   Other: 0.2ms
[2023-04-09T19:13:24.482+0800][1939.991s] GC(627) Eden regions: 298->0(296)
[2023-04-09T19:13:24.482+0800][1939.991s] GC(627) Survivor regions: 9->11(39)
[2023-04-09T19:13:24.482+0800][1939.991s] GC(627) Old regions: 74->74
[2023-04-09T19:13:24.482+0800][1939.991s] GC(627) Humongous regions: 25->13
[2023-04-09T19:13:24.482+0800][1939.991s] GC(627) Metaspace: 61312K(64368K)->61312K(64368K) NonClass: 54365K(56228K)->54365K(56228K) Class: 6946K(8140K)->6946K(8140K)
[2023-04-09T19:13:24.483+0800][1939.991s] GC(627) Pause Young (Normal) (G1 Evacuation Pause) 405M->96M(512M) 2.507ms
[2023-04-09T19:13:24.483+0800][1939.991s] GC(627) User=0.08s Sys=0.00s Real=0.00s
[2023-04-09T19:13:25.017+0800][1940.526s] GC(628) Pause Young (Normal) (G1 Evacuation Pause)
[2023-04-09T19:13:25.017+0800][1940.526s] GC(628) Using 8 workers of 8 for evacuation
[2023-04-09T19:13:25.018+0800][1940.528s] GC(628)   Pre Evacuate Collection Set: 0.0ms
[2023-04-09T19:13:25.018+0800][1940.528s] GC(628)   Evacuate Collection Set: 0.7ms
[2023-04-09T19:13:25.018+0800][1940.528s] GC(628)   Post Evacuate Collection Set: 0.4ms
[2023-04-09T19:13:25.019+0800][1940.528s] GC(628)   Other: 0.2ms
[2023-04-09T19:13:25.019+0800][1940.528s] GC(628) Eden regions: 296->0(301)
[2023-04-09T19:13:25.019+0800][1940.528s] GC(628) Survivor regions: 11->6(39)
[2023-04-09T19:13:25.019+0800][1940.528s] GC(628) Old regions: 74->74
[2023-04-09T19:13:25.019+0800][1940.528s] GC(628) Humongous regions: 14->5
[2023-04-09T19:13:25.019+0800][1940.528s] GC(628) Metaspace: 61312K(64368K)->61312K(64368K) NonClass: 54365K(56228K)->54365K(56228K) Class: 6946K(8140K)->6946K(8140K)
[2023-04-09T19:13:25.019+0800][1940.528s] GC(628) Pause Young (Normal) (G1 Evacuation Pause) 393M->83M(512M) 1.707ms
[2023-04-09T19:13:25.019+0800][1940.528s] GC(628) User=0.00s Sys=0.00s Real=0.00s
[2023-04-09T19:13:25.456+0800][1940.964s] GC(629) Pause Young (Normal) (G1 Evacuation Pause)
[2023-04-09T19:13:25.456+0800][1940.964s] GC(629) Using 8 workers of 8 for evacuation
[2023-04-09T19:13:25.457+0800][1940.966s] GC(629)   Pre Evacuate Collection Set: 0.0ms
[2023-04-09T19:13:25.457+0800][1940.966s] GC(629)   Evacuate Collection Set: 1.1ms
[2023-04-09T19:13:25.458+0800][1940.966s] GC(629)   Post Evacuate Collection Set: 0.6ms
[2023-04-09T19:13:25.458+0800][1940.966s] GC(629)   Other: 0.2ms
[2023-04-09T19:13:25.458+0800][1940.966s] GC(629) Eden regions: 301->0(295)
[2023-04-09T19:13:25.458+0800][1940.966s] GC(629) Survivor regions: 6->12(39)
[2023-04-09T19:13:25.458+0800][1940.966s] GC(629) Old regions: 74->74
[2023-04-09T19:13:25.458+0800][1940.966s] GC(629) Humongous regions: 8->7
[2023-04-09T19:13:25.458+0800][1940.966s] GC(629) Metaspace: 61312K(64368K)->61312K(64368K) NonClass: 54365K(56228K)->54365K(56228K) Class: 6946K(8140K)->6946K(8140K)
[2023-04-09T19:13:25.458+0800][1940.966s] GC(629) Pause Young (Normal) (G1 Evacuation Pause) 387M->91M(512M) 2.064ms
[2023-04-09T19:13:25.458+0800][1940.966s] GC(629) User=0.00s Sys=0.00s Real=0.00s
[2023-04-09T19:13:26.074+0800][1941.582s] GC(630) Pause Young (Normal) (G1 Evacuation Pause)
[2023-04-09T19:13:26.074+0800][1941.582s] GC(630) Using 8 workers of 8 for evacuation
[2023-04-09T19:13:26.075+0800][1941.584s] GC(630)   Pre Evacuate Collection Set: 0.0ms
[2023-04-09T19:13:26.075+0800][1941.584s] GC(630)   Evacuate Collection Set: 1.1ms
[2023-04-09T19:13:26.075+0800][1941.584s] GC(630)   Post Evacuate Collection Set: 0.4ms
[2023-04-09T19:13:26.075+0800][1941.584s] GC(630)   Other: 0.2ms
[2023-04-09T19:13:26.075+0800][1941.584s] GC(630) Eden regions: 295->0(296)
[2023-04-09T19:13:26.075+0800][1941.584s] GC(630) Survivor regions: 12->11(39)
[2023-04-09T19:13:26.075+0800][1941.584s] GC(630) Old regions: 74->74
[2023-04-09T19:13:26.075+0800][1941.584s] GC(630) Humongous regions: 25->13
[2023-04-09T19:13:26.076+0800][1941.584s] GC(630) Metaspace: 61312K(64368K)->61312K(64368K) NonClass: 54365K(56228K)->54365K(56228K) Class: 6946K(8140K)->6946K(8140K)
[2023-04-09T19:13:26.076+0800][1941.584s] GC(630) Pause Young (Normal) (G1 Evacuation Pause) 404M->97M(512M) 2.011ms
[2023-04-09T19:13:26.076+0800][1941.584s] GC(630) User=0.00s Sys=0.00s Real=0.00s
[2023-04-09T19:13:26.672+0800][1942.182s] GC(631) Pause Young (Normal) (G1 Evacuation Pause)
[2023-04-09T19:13:26.672+0800][1942.182s] GC(631) Using 8 workers of 8 for evacuation
[2023-04-09T19:13:26.674+0800][1942.183s] GC(631)   Pre Evacuate Collection Set: 0.0ms
[2023-04-09T19:13:26.674+0800][1942.183s] GC(631)   Evacuate Collection Set: 0.5ms
[2023-04-09T19:13:26.674+0800][1942.183s] GC(631)   Post Evacuate Collection Set: 0.5ms
[2023-04-09T19:13:26.674+0800][1942.183s] GC(631)   Other: 0.2ms
[2023-04-09T19:13:26.674+0800][1942.183s] GC(631) Eden regions: 296->0(303)
[2023-04-09T19:13:26.674+0800][1942.183s] GC(631) Survivor regions: 11->4(39)
[2023-04-09T19:13:26.674+0800][1942.183s] GC(631) Old regions: 74->74
[2023-04-09T19:13:26.674+0800][1942.183s] GC(631) Humongous regions: 14->5
[2023-04-09T19:13:26.674+0800][1942.183s] GC(631) Metaspace: 61312K(64368K)->61312K(64368K) NonClass: 54365K(56228K)->54365K(56228K) Class: 6946K(8140K)->6946K(8140K)
[2023-04-09T19:13:26.674+0800][1942.183s] GC(631) Pause Young (Normal) (G1 Evacuation Pause) 394M->82M(512M) 1.443ms
[2023-04-09T19:13:26.674+0800][1942.183s] GC(631) User=0.00s Sys=0.00s Real=0.00s
[2023-04-09T19:14:09.483+0800][1984.992s] GC(632) Pause Young (Normal) (G1 Evacuation Pause)
[2023-04-09T19:14:09.483+0800][1984.992s] GC(632) Using 8 workers of 8 for evacuation
[2023-04-09T19:14:09.485+0800][1984.993s] GC(632)   Pre Evacuate Collection Set: 0.0ms
[2023-04-09T19:14:09.485+0800][1984.993s] GC(632)   Evacuate Collection Set: 0.8ms
[2023-04-09T19:14:09.485+0800][1984.993s] GC(632)   Post Evacuate Collection Set: 0.6ms
[2023-04-09T19:14:09.485+0800][1984.993s] GC(632)   Other: 0.2ms
[2023-04-09T19:14:09.485+0800][1984.993s] GC(632) Eden regions: 303->0(303)
[2023-04-09T19:14:09.485+0800][1984.993s] GC(632) Survivor regions: 4->4(39)
[2023-04-09T19:14:09.485+0800][1984.993s] GC(632) Old regions: 74->74
[2023-04-09T19:14:09.485+0800][1984.994s] GC(632) Humongous regions: 5->4
[2023-04-09T19:14:09.485+0800][1984.994s] GC(632) Metaspace: 61344K(64368K)->61344K(64368K) NonClass: 54397K(56228K)->54397K(56228K) Class: 6946K(8140K)->6946K(8140K)
[2023-04-09T19:14:09.485+0800][1984.994s] GC(632) Pause Young (Normal) (G1 Evacuation Pause) 385M->81M(512M) 1.909ms
[2023-04-09T19:14:09.485+0800][1984.994s] GC(632) User=0.00s Sys=0.00s Real=0.00s
[2023-04-09T19:14:09.964+0800][1985.472s] GC(633) Pause Young (Normal) (G1 Evacuation Pause)
[2023-04-09T19:14:09.964+0800][1985.472s] GC(633) Using 8 workers of 8 for evacuation
[2023-04-09T19:14:09.964+0800][1985.474s] GC(633)   Pre Evacuate Collection Set: 0.0ms
[2023-04-09T19:14:09.964+0800][1985.474s] GC(633)   Evacuate Collection Set: 1.1ms
[2023-04-09T19:14:09.964+0800][1985.474s] GC(633)   Post Evacuate Collection Set: 0.6ms
[2023-04-09T19:14:09.964+0800][1985.474s] GC(633)   Other: 0.2ms
[2023-04-09T19:14:09.964+0800][1985.474s] GC(633) Eden regions: 303->0(298)
[2023-04-09T19:14:09.964+0800][1985.474s] GC(633) Survivor regions: 4->9(39)
[2023-04-09T19:14:09.965+0800][1985.474s] GC(633) Old regions: 74->74
[2023-04-09T19:14:09.965+0800][1985.474s] GC(633) Humongous regions: 8->7
[2023-04-09T19:14:09.965+0800][1985.474s] GC(633) Metaspace: 61344K(64368K)->61344K(64368K) NonClass: 54397K(56228K)->54397K(56228K) Class: 6946K(8140K)->6946K(8140K)
[2023-04-09T19:14:09.965+0800][1985.474s] GC(633) Pause Young (Normal) (G1 Evacuation Pause) 388M->89M(512M) 2.031ms
[2023-04-09T19:14:09.965+0800][1985.474s] GC(633) User=0.12s Sys=0.00s Real=0.00s
[2023-04-09T19:14:10.422+0800][1985.930s] GC(634) Pause Young (Normal) (G1 Evacuation Pause)
[2023-04-09T19:14:10.422+0800][1985.930s] GC(634) Using 8 workers of 8 for evacuation
[2023-04-09T19:14:10.424+0800][1985.932s] GC(634)   Pre Evacuate Collection Set: 0.0ms
[2023-04-09T19:14:10.424+0800][1985.932s] GC(634)   Evacuate Collection Set: 1.3ms
[2023-04-09T19:14:10.424+0800][1985.933s] GC(634)   Post Evacuate Collection Set: 0.7ms
[2023-04-09T19:14:10.424+0800][1985.933s] GC(634)   Other: 0.2ms
[2023-04-09T19:14:10.424+0800][1985.933s] GC(634) Eden regions: 298->0(296)
[2023-04-09T19:14:10.424+0800][1985.933s] GC(634) Survivor regions: 9->11(39)
[2023-04-09T19:14:10.424+0800][1985.933s] GC(634) Old regions: 74->74
[2023-04-09T19:14:10.424+0800][1985.933s] GC(634) Humongous regions: 20->13
[2023-04-09T19:14:10.424+0800][1985.933s] GC(634) Metaspace: 61344K(64368K)->61344K(64368K) NonClass: 54397K(56228K)->54397K(56228K) Class: 6946K(8140K)->6946K(8140K)
[2023-04-09T19:14:10.424+0800][1985.933s] GC(634) Pause Young (Normal) (G1 Evacuation Pause) 400M->97M(512M) 2.376ms
[2023-04-09T19:14:10.424+0800][1985.933s] GC(634) User=0.00s Sys=0.00s Real=0.00s
[2023-04-09T19:14:11.043+0800][1986.552s] GC(635) Pause Young (Normal) (G1 Evacuation Pause)
[2023-04-09T19:14:11.043+0800][1986.552s] GC(635) Using 8 workers of 8 for evacuation
[2023-04-09T19:14:11.044+0800][1986.553s] GC(635)   Pre Evacuate Collection Set: 0.0ms
[2023-04-09T19:14:11.044+0800][1986.553s] GC(635)   Evacuate Collection Set: 0.5ms
[2023-04-09T19:14:11.044+0800][1986.553s] GC(635)   Post Evacuate Collection Set: 0.6ms
[2023-04-09T19:14:11.044+0800][1986.553s] GC(635)   Other: 0.2ms
[2023-04-09T19:14:11.044+0800][1986.553s] GC(635) Eden regions: 296->0(305)
[2023-04-09T19:14:11.044+0800][1986.553s] GC(635) Survivor regions: 11->2(39)
[2023-04-09T19:14:11.044+0800][1986.553s] GC(635) Old regions: 74->74
[2023-04-09T19:14:11.044+0800][1986.553s] GC(635) Humongous regions: 18->4
[2023-04-09T19:14:11.044+0800][1986.553s] GC(635) Metaspace: 61345K(64368K)->61345K(64368K) NonClass: 54398K(56228K)->54398K(56228K) Class: 6946K(8140K)->6946K(8140K)
[2023-04-09T19:14:11.044+0800][1986.553s] GC(635) Pause Young (Normal) (G1 Evacuation Pause) 398M->79M(512M) 1.373ms
[2023-04-09T19:14:11.044+0800][1986.553s] GC(635) User=0.00s Sys=0.00s Real=0.00s
[2023-04-09T19:14:11.484+0800][1986.993s] GC(636) Pause Young (Normal) (G1 Evacuation Pause)
[2023-04-09T19:14:11.484+0800][1986.993s] GC(636) Using 8 workers of 8 for evacuation
[2023-04-09T19:14:11.486+0800][1986.995s] GC(636)   Pre Evacuate Collection Set: 0.0ms
[2023-04-09T19:14:11.486+0800][1986.995s] GC(636)   Evacuate Collection Set: 1.1ms
[2023-04-09T19:14:11.486+0800][1986.995s] GC(636)   Post Evacuate Collection Set: 0.7ms
[2023-04-09T19:14:11.486+0800][1986.995s] GC(636)   Other: 0.2ms
[2023-04-09T19:14:11.486+0800][1986.995s] GC(636) Eden regions: 305->0(299)
[2023-04-09T19:14:11.486+0800][1986.995s] GC(636) Survivor regions: 2->8(39)
[2023-04-09T19:14:11.486+0800][1986.995s] GC(636) Old regions: 74->74
[2023-04-09T19:14:11.486+0800][1986.995s] GC(636) Humongous regions: 7->6
[2023-04-09T19:14:11.486+0800][1986.995s] GC(636) Metaspace: 61345K(64368K)->61345K(64368K) NonClass: 54398K(56228K)->54398K(56228K) Class: 6946K(8140K)->6946K(8140K)
[2023-04-09T19:14:11.486+0800][1986.995s] GC(636) Pause Young (Normal) (G1 Evacuation Pause) 387M->87M(512M) 2.257ms
[2023-04-09T19:14:11.486+0800][1986.995s] GC(636) User=0.00s Sys=0.00s Real=0.00s
[2023-04-09T19:14:11.944+0800][1987.453s] GC(637) Pause Young (Normal) (G1 Evacuation Pause)
[2023-04-09T19:14:11.944+0800][1987.453s] GC(637) Using 8 workers of 8 for evacuation
[2023-04-09T19:14:11.947+0800][1987.456s] GC(637)   Pre Evacuate Collection Set: 0.0ms
[2023-04-09T19:14:11.947+0800][1987.456s] GC(637)   Evacuate Collection Set: 1.2ms
[2023-04-09T19:14:11.947+0800][1987.456s] GC(637)   Post Evacuate Collection Set: 0.9ms
[2023-04-09T19:14:11.947+0800][1987.456s] GC(637)   Other: 0.2ms
[2023-04-09T19:14:11.947+0800][1987.456s] GC(637) Eden regions: 299->0(297)
[2023-04-09T19:14:11.947+0800][1987.456s] GC(637) Survivor regions: 8->10(39)
[2023-04-09T19:14:11.947+0800][1987.456s] GC(637) Old regions: 74->74
[2023-04-09T19:14:11.947+0800][1987.456s] GC(637) Humongous regions: 20->13
[2023-04-09T19:14:11.947+0800][1987.456s] GC(637) Metaspace: 61345K(64368K)->61345K(64368K) NonClass: 54398K(56228K)->54398K(56228K) Class: 6946K(8140K)->6946K(8140K)
[2023-04-09T19:14:11.947+0800][1987.456s] GC(637) Pause Young (Normal) (G1 Evacuation Pause) 400M->96M(512M) 2.343ms
[2023-04-09T19:14:11.947+0800][1987.456s] GC(637) User=0.00s Sys=0.00s Real=0.00s
[2023-04-09T19:14:12.530+0800][1988.040s] GC(638) Pause Young (Normal) (G1 Evacuation Pause)
[2023-04-09T19:14:12.530+0800][1988.040s] GC(638) Using 8 workers of 8 for evacuation
[2023-04-09T19:14:12.532+0800][1988.042s] GC(638)   Pre Evacuate Collection Set: 0.0ms
[2023-04-09T19:14:12.532+0800][1988.042s] GC(638)   Evacuate Collection Set: 1.3ms
[2023-04-09T19:14:12.532+0800][1988.042s] GC(638)   Post Evacuate Collection Set: 0.6ms
[2023-04-09T19:14:12.532+0800][1988.042s] GC(638)   Other: 0.2ms
[2023-04-09T19:14:12.532+0800][1988.042s] GC(638) Eden regions: 297->0(296)
[2023-04-09T19:14:12.532+0800][1988.042s] GC(638) Survivor regions: 10->11(39)
[2023-04-09T19:14:12.532+0800][1988.042s] GC(638) Old regions: 74->74
[2023-04-09T19:14:12.532+0800][1988.042s] GC(638) Humongous regions: 18->13
[2023-04-09T19:14:12.532+0800][1988.042s] GC(638) Metaspace: 61345K(64368K)->61345K(64368K) NonClass: 54398K(56228K)->54398K(56228K) Class: 6946K(8140K)->6946K(8140K)
[2023-04-09T19:14:12.532+0800][1988.042s] GC(638) Pause Young (Normal) (G1 Evacuation Pause) 398M->97M(512M) 2.227ms
[2023-04-09T19:14:12.532+0800][1988.042s] GC(638) User=0.00s Sys=0.00s Real=0.00s
[2023-04-09T19:14:13.049+0800][1988.558s] GC(639) Pause Young (Normal) (G1 Evacuation Pause)
[2023-04-09T19:14:13.049+0800][1988.558s] GC(639) Using 8 workers of 8 for evacuation
[2023-04-09T19:14:13.051+0800][1988.560s] GC(639)   Pre Evacuate Collection Set: 0.0ms
[2023-04-09T19:14:13.051+0800][1988.560s] GC(639)   Evacuate Collection Set: 1.1ms
[2023-04-09T19:14:13.051+0800][1988.560s] GC(639)   Post Evacuate Collection Set: 0.5ms
[2023-04-09T19:14:13.051+0800][1988.560s] GC(639)   Other: 0.2ms
[2023-04-09T19:14:13.051+0800][1988.560s] GC(639) Eden regions: 296->0(300)
[2023-04-09T19:14:13.051+0800][1988.560s] GC(639) Survivor regions: 11->7(39)
[2023-04-09T19:14:13.051+0800][1988.560s] GC(639) Old regions: 74->74
[2023-04-09T19:14:13.051+0800][1988.560s] GC(639) Humongous regions: 14->5
[2023-04-09T19:14:13.051+0800][1988.560s] GC(639) Metaspace: 61345K(64368K)->61345K(64368K) NonClass: 54398K(56228K)->54398K(56228K) Class: 6946K(8140K)->6946K(8140K)
[2023-04-09T19:14:13.051+0800][1988.560s] GC(639) Pause Young (Normal) (G1 Evacuation Pause) 394M->84M(512M) 2.015ms
[2023-04-09T19:14:13.051+0800][1988.560s] GC(639) User=0.00s Sys=0.00s Real=0.00s
[2023-04-09T19:14:13.494+0800][1989.003s] GC(640) Pause Young (Normal) (G1 Evacuation Pause)
[2023-04-09T19:14:13.494+0800][1989.003s] GC(640) Using 8 workers of 8 for evacuation
[2023-04-09T19:14:13.496+0800][1989.005s] GC(640)   Pre Evacuate Collection Set: 0.0ms
[2023-04-09T19:14:13.496+0800][1989.005s] GC(640)   Evacuate Collection Set: 1.1ms
[2023-04-09T19:14:13.496+0800][1989.005s] GC(640)   Post Evacuate Collection Set: 0.7ms
[2023-04-09T19:14:13.496+0800][1989.005s] GC(640)   Other: 0.2ms
[2023-04-09T19:14:13.496+0800][1989.005s] GC(640) Eden regions: 300->0(298)
[2023-04-09T19:14:13.496+0800][1989.005s] GC(640) Survivor regions: 7->9(39)
[2023-04-09T19:14:13.496+0800][1989.005s] GC(640) Old regions: 74->74
[2023-04-09T19:14:13.496+0800][1989.005s] GC(640) Humongous regions: 13->12
[2023-04-09T19:14:13.496+0800][1989.005s] GC(640) Metaspace: 61345K(64368K)->61345K(64368K) NonClass: 54398K(56228K)->54398K(56228K) Class: 6946K(8140K)->6946K(8140K)
[2023-04-09T19:14:13.496+0800][1989.005s] GC(640) Pause Young (Normal) (G1 Evacuation Pause) 392M->94M(512M) 2.172ms
[2023-04-09T19:14:13.496+0800][1989.005s] GC(640) User=0.00s Sys=0.00s Real=0.00s
[2023-04-09T19:14:14.072+0800][1989.580s] GC(641) Pause Young (Normal) (G1 Evacuation Pause)
[2023-04-09T19:14:14.072+0800][1989.580s] GC(641) Using 8 workers of 8 for evacuation
[2023-04-09T19:14:14.073+0800][1989.582s] GC(641)   Pre Evacuate Collection Set: 0.0ms
[2023-04-09T19:14:14.073+0800][1989.582s] GC(641)   Evacuate Collection Set: 1.4ms
[2023-04-09T19:14:14.073+0800][1989.582s] GC(641)   Post Evacuate Collection Set: 0.6ms
[2023-04-09T19:14:14.073+0800][1989.582s] GC(641)   Other: 0.2ms
[2023-04-09T19:14:14.073+0800][1989.582s] GC(641) Eden regions: 298->0(296)
[2023-04-09T19:14:14.073+0800][1989.582s] GC(641) Survivor regions: 9->11(39)
[2023-04-09T19:14:14.073+0800][1989.582s] GC(641) Old regions: 74->74
[2023-04-09T19:14:14.073+0800][1989.582s] GC(641) Humongous regions: 25->13
[2023-04-09T19:14:14.073+0800][1989.582s] GC(641) Metaspace: 61345K(64368K)->61345K(64368K) NonClass: 54398K(56228K)->54398K(56228K) Class: 6946K(8140K)->6946K(8140K)
[2023-04-09T19:14:14.073+0800][1989.582s] GC(641) Pause Young (Normal) (G1 Evacuation Pause) 405M->97M(512M) 2.294ms
[2023-04-09T19:14:14.073+0800][1989.582s] GC(641) User=0.00s Sys=0.00s Real=0.00s
[2023-04-09T19:14:14.595+0800][1990.105s] GC(642) Pause Young (Normal) (G1 Evacuation Pause)
[2023-04-09T19:14:14.595+0800][1990.105s] GC(642) Using 8 workers of 8 for evacuation
[2023-04-09T19:14:14.597+0800][1990.106s] GC(642)   Pre Evacuate Collection Set: 0.0ms
[2023-04-09T19:14:14.597+0800][1990.106s] GC(642)   Evacuate Collection Set: 0.8ms
[2023-04-09T19:14:14.597+0800][1990.106s] GC(642)   Post Evacuate Collection Set: 0.4ms
[2023-04-09T19:14:14.597+0800][1990.106s] GC(642)   Other: 0.2ms
[2023-04-09T19:14:14.597+0800][1990.106s] GC(642) Eden regions: 296->0(302)
[2023-04-09T19:14:14.597+0800][1990.106s] GC(642) Survivor regions: 11->5(39)
[2023-04-09T19:14:14.597+0800][1990.106s] GC(642) Old regions: 74->74
[2023-04-09T19:14:14.597+0800][1990.106s] GC(642) Humongous regions: 14->5
[2023-04-09T19:14:14.597+0800][1990.106s] GC(642) Metaspace: 61345K(64368K)->61345K(64368K) NonClass: 54398K(56228K)->54398K(56228K) Class: 6946K(8140K)->6946K(8140K)
[2023-04-09T19:14:14.597+0800][1990.106s] GC(642) Pause Young (Normal) (G1 Evacuation Pause) 394M->83M(512M) 1.714ms
[2023-04-09T19:14:14.597+0800][1990.106s] GC(642) User=0.00s Sys=0.00s Real=0.00s
[2023-04-09T19:14:15.068+0800][1990.577s] GC(643) Pause Young (Normal) (G1 Evacuation Pause)
[2023-04-09T19:14:15.068+0800][1990.577s] GC(643) Using 8 workers of 8 for evacuation
[2023-04-09T19:14:15.070+0800][1990.579s] GC(643)   Pre Evacuate Collection Set: 0.0ms
[2023-04-09T19:14:15.070+0800][1990.579s] GC(643)   Evacuate Collection Set: 1.5ms
[2023-04-09T19:14:15.070+0800][1990.579s] GC(643)   Post Evacuate Collection Set: 0.7ms
[2023-04-09T19:14:15.070+0800][1990.579s] GC(643)   Other: 0.2ms
[2023-04-09T19:14:15.070+0800][1990.579s] GC(643) Eden regions: 302->0(297)
[2023-04-09T19:14:15.070+0800][1990.579s] GC(643) Survivor regions: 5->10(39)
[2023-04-09T19:14:15.070+0800][1990.579s] GC(643) Old regions: 74->74
[2023-04-09T19:14:15.070+0800][1990.579s] GC(643) Humongous regions: 8->7
[2023-04-09T19:14:15.070+0800][1990.579s] GC(643) Metaspace: 61345K(64368K)->61345K(64368K) NonClass: 54398K(56228K)->54398K(56228K) Class: 6946K(8140K)->6946K(8140K)
[2023-04-09T19:14:15.070+0800][1990.579s] GC(643) Pause Young (Normal) (G1 Evacuation Pause) 388M->90M(512M) 2.679ms
[2023-04-09T19:14:15.070+0800][1990.579s] GC(643) User=0.00s Sys=0.00s Real=0.00s
[2023-04-09T19:14:15.651+0800][1991.160s] GC(644) Pause Young (Normal) (G1 Evacuation Pause)
[2023-04-09T19:14:15.651+0800][1991.160s] GC(644) Using 8 workers of 8 for evacuation
[2023-04-09T19:14:15.653+0800][1991.162s] GC(644)   Pre Evacuate Collection Set: 0.0ms
[2023-04-09T19:14:15.653+0800][1991.162s] GC(644)   Evacuate Collection Set: 1.4ms
[2023-04-09T19:14:15.653+0800][1991.162s] GC(644)   Post Evacuate Collection Set: 0.6ms
[2023-04-09T19:14:15.653+0800][1991.162s] GC(644)   Other: 0.2ms
[2023-04-09T19:14:15.653+0800][1991.162s] GC(644) Eden regions: 297->0(296)
[2023-04-09T19:14:15.653+0800][1991.162s] GC(644) Survivor regions: 10->11(39)
[2023-04-09T19:14:15.653+0800][1991.162s] GC(644) Old regions: 74->74
[2023-04-09T19:14:15.653+0800][1991.162s] GC(644) Humongous regions: 25->13
[2023-04-09T19:14:15.653+0800][1991.162s] GC(644) Metaspace: 61345K(64368K)->61345K(64368K) NonClass: 54398K(56228K)->54398K(56228K) Class: 6946K(8140K)->6946K(8140K)
[2023-04-09T19:14:15.653+0800][1991.162s] GC(644) Pause Young (Normal) (G1 Evacuation Pause) 405M->97M(512M) 2.558ms
[2023-04-09T19:14:15.653+0800][1991.162s] GC(644) User=0.11s Sys=0.00s Real=0.00s
[2023-04-09T19:14:16.161+0800][1991.670s] GC(645) Pause Young (Normal) (G1 Evacuation Pause)
[2023-04-09T19:14:16.161+0800][1991.670s] GC(645) Using 8 workers of 8 for evacuation
[2023-04-09T19:14:16.163+0800][1991.671s] GC(645)   Pre Evacuate Collection Set: 0.0ms
[2023-04-09T19:14:16.163+0800][1991.671s] GC(645)   Evacuate Collection Set: 0.7ms
[2023-04-09T19:14:16.163+0800][1991.671s] GC(645)   Post Evacuate Collection Set: 0.6ms
[2023-04-09T19:14:16.163+0800][1991.671s] GC(645)   Other: 0.2ms
[2023-04-09T19:14:16.163+0800][1991.671s] GC(645) Eden regions: 296->0(303)
[2023-04-09T19:14:16.163+0800][1991.671s] GC(645) Survivor regions: 11->4(39)
[2023-04-09T19:14:16.163+0800][1991.671s] GC(645) Old regions: 74->74
[2023-04-09T19:14:16.163+0800][1991.671s] GC(645) Humongous regions: 13->4
[2023-04-09T19:14:16.163+0800][1991.671s] GC(645) Metaspace: 61346K(64368K)->61346K(64368K) NonClass: 54399K(56228K)->54399K(56228K) Class: 6946K(8140K)->6946K(8140K)
[2023-04-09T19:14:16.163+0800][1991.671s] GC(645) Pause Young (Normal) (G1 Evacuation Pause) 393M->80M(512M) 1.609ms
[2023-04-09T19:14:16.163+0800][1991.671s] GC(645) User=0.00s Sys=0.00s Real=0.00s
[2023-04-09T19:14:16.602+0800][1992.111s] GC(646) Pause Young (Normal) (G1 Evacuation Pause)
[2023-04-09T19:14:16.602+0800][1992.111s] GC(646) Using 8 workers of 8 for evacuation
[2023-04-09T19:14:16.605+0800][1992.113s] GC(646)   Pre Evacuate Collection Set: 0.0ms
[2023-04-09T19:14:16.605+0800][1992.113s] GC(646)   Evacuate Collection Set: 1.3ms
[2023-04-09T19:14:16.605+0800][1992.113s] GC(646)   Post Evacuate Collection Set: 0.7ms
[2023-04-09T19:14:16.605+0800][1992.113s] GC(646)   Other: 0.2ms
[2023-04-09T19:14:16.605+0800][1992.113s] GC(646) Eden regions: 303->0(298)
[2023-04-09T19:14:16.605+0800][1992.113s] GC(646) Survivor regions: 4->9(39)
[2023-04-09T19:14:16.605+0800][1992.113s] GC(646) Old regions: 74->74
[2023-04-09T19:14:16.605+0800][1992.113s] GC(646) Humongous regions: 7->6
[2023-04-09T19:14:16.605+0800][1992.113s] GC(646) Metaspace: 61346K(64368K)->61346K(64368K) NonClass: 54399K(56228K)->54399K(56228K) Class: 6946K(8140K)->6946K(8140K)
[2023-04-09T19:14:16.605+0800][1992.113s] GC(646) Pause Young (Normal) (G1 Evacuation Pause) 386M->88M(512M) 2.400ms
[2023-04-09T19:14:16.605+0800][1992.113s] GC(646) User=0.00s Sys=0.00s Real=0.00s
[2023-04-09T19:14:17.080+0800][1992.588s] GC(647) Pause Young (Normal) (G1 Evacuation Pause)
[2023-04-09T19:14:17.080+0800][1992.588s] GC(647) Using 8 workers of 8 for evacuation
[2023-04-09T19:14:17.082+0800][1992.590s] GC(647)   Pre Evacuate Collection Set: 0.0ms
[2023-04-09T19:14:17.082+0800][1992.590s] GC(647)   Evacuate Collection Set: 1.5ms
[2023-04-09T19:14:17.082+0800][1992.590s] GC(647)   Post Evacuate Collection Set: 0.6ms
[2023-04-09T19:14:17.082+0800][1992.590s] GC(647)   Other: 0.2ms
[2023-04-09T19:14:17.082+0800][1992.590s] GC(647) Eden regions: 298->0(296)
[2023-04-09T19:14:17.082+0800][1992.591s] GC(647) Survivor regions: 9->11(39)
[2023-04-09T19:14:17.082+0800][1992.591s] GC(647) Old regions: 74->75
[2023-04-09T19:14:17.082+0800][1992.591s] GC(647) Humongous regions: 20->13
[2023-04-09T19:14:17.082+0800][1992.591s] GC(647) Metaspace: 61346K(64368K)->61346K(64368K) NonClass: 54399K(56228K)->54399K(56228K) Class: 6946K(8140K)->6946K(8140K)
[2023-04-09T19:14:17.082+0800][1992.591s] GC(647) Pause Young (Normal) (G1 Evacuation Pause) 400M->97M(512M) 2.435ms
[2023-04-09T19:14:17.082+0800][1992.591s] GC(647) User=0.00s Sys=0.00s Real=0.00s
[2023-04-09T19:14:17.716+0800][1993.225s] GC(648) Pause Young (Normal) (G1 Evacuation Pause)
[2023-04-09T19:14:17.717+0800][1993.225s] GC(648) Using 8 workers of 8 for evacuation
[2023-04-09T19:14:17.717+0800][1993.226s] GC(648)   Pre Evacuate Collection Set: 0.0ms
[2023-04-09T19:14:17.717+0800][1993.226s] GC(648)   Evacuate Collection Set: 0.4ms
[2023-04-09T19:14:17.717+0800][1993.226s] GC(648)   Post Evacuate Collection Set: 0.4ms
[2023-04-09T19:14:17.718+0800][1993.226s] GC(648)   Other: 0.3ms
[2023-04-09T19:14:17.718+0800][1993.226s] GC(648) Eden regions: 296->0(305)
[2023-04-09T19:14:17.718+0800][1993.226s] GC(648) Survivor regions: 11->2(39)
[2023-04-09T19:14:17.718+0800][1993.226s] GC(648) Old regions: 75->75
[2023-04-09T19:14:17.718+0800][1993.226s] GC(648) Humongous regions: 18->4
[2023-04-09T19:14:17.718+0800][1993.226s] GC(648) Metaspace: 61346K(64368K)->61346K(64368K) NonClass: 54399K(56228K)->54399K(56228K) Class: 6946K(8140K)->6946K(8140K)
[2023-04-09T19:14:17.718+0800][1993.226s] GC(648) Pause Young (Normal) (G1 Evacuation Pause) 398M->79M(512M) 1.153ms
[2023-04-09T19:14:17.718+0800][1993.226s] GC(648) User=0.00s Sys=0.00s Real=0.00s
[2023-04-09T19:14:18.215+0800][1993.723s] GC(649) Pause Young (Normal) (G1 Evacuation Pause)
[2023-04-09T19:14:18.215+0800][1993.724s] GC(649) Using 8 workers of 8 for evacuation
[2023-04-09T19:14:18.216+0800][1993.725s] GC(649)   Pre Evacuate Collection Set: 0.0ms
[2023-04-09T19:14:18.216+0800][1993.725s] GC(649)   Evacuate Collection Set: 0.8ms
[2023-04-09T19:14:18.216+0800][1993.725s] GC(649)   Post Evacuate Collection Set: 0.4ms
[2023-04-09T19:14:18.216+0800][1993.725s] GC(649)   Other: 0.2ms
[2023-04-09T19:14:18.216+0800][1993.725s] GC(649) Eden regions: 305->0(299)
[2023-04-09T19:14:18.216+0800][1993.725s] GC(649) Survivor regions: 2->8(39)
[2023-04-09T19:14:18.217+0800][1993.725s] GC(649) Old regions: 75->75
[2023-04-09T19:14:18.217+0800][1993.725s] GC(649) Humongous regions: 7->6
[2023-04-09T19:14:18.217+0800][1993.725s] GC(649) Metaspace: 61346K(64368K)->61346K(64368K) NonClass: 54399K(56228K)->54399K(56228K) Class: 6946K(8140K)->6946K(8140K)
[2023-04-09T19:14:18.217+0800][1993.725s] GC(649) Pause Young (Normal) (G1 Evacuation Pause) 387M->87M(512M) 1.641ms
[2023-04-09T19:14:18.217+0800][1993.725s] GC(649) User=0.00s Sys=0.00s Real=0.00s
[2023-04-09T19:14:18.691+0800][1994.200s] GC(650) Pause Young (Normal) (G1 Evacuation Pause)
[2023-04-09T19:14:18.691+0800][1994.200s] GC(650) Using 8 workers of 8 for evacuation
[2023-04-09T19:14:18.693+0800][1994.202s] GC(650)   Pre Evacuate Collection Set: 0.0ms
[2023-04-09T19:14:18.693+0800][1994.202s] GC(650)   Evacuate Collection Set: 1.0ms
[2023-04-09T19:14:18.693+0800][1994.202s] GC(650)   Post Evacuate Collection Set: 0.6ms
[2023-04-09T19:14:18.693+0800][1994.202s] GC(650)   Other: 0.1ms
[2023-04-09T19:14:18.693+0800][1994.202s] GC(650) Eden regions: 299->0(297)
[2023-04-09T19:14:18.693+0800][1994.202s] GC(650) Survivor regions: 8->10(39)
[2023-04-09T19:14:18.693+0800][1994.202s] GC(650) Old regions: 75->75
[2023-04-09T19:14:18.693+0800][1994.202s] GC(650) Humongous regions: 20->13
[2023-04-09T19:14:18.693+0800][1994.202s] GC(650) Metaspace: 61346K(64368K)->61346K(64368K) NonClass: 54399K(56228K)->54399K(56228K) Class: 6946K(8140K)->6946K(8140K)
[2023-04-09T19:14:18.693+0800][1994.202s] GC(650) Pause Young (Normal) (G1 Evacuation Pause) 400M->96M(512M) 1.932ms
[2023-04-09T19:14:18.693+0800][1994.202s] GC(650) User=0.00s Sys=0.00s Real=0.00s
[2023-04-09T19:14:19.225+0800][1994.734s] GC(651) Pause Young (Normal) (G1 Evacuation Pause)
[2023-04-09T19:14:19.225+0800][1994.734s] GC(651) Using 8 workers of 8 for evacuation
[2023-04-09T19:14:19.227+0800][1994.736s] GC(651)   Pre Evacuate Collection Set: 0.0ms
[2023-04-09T19:14:19.227+0800][1994.736s] GC(651)   Evacuate Collection Set: 1.1ms
[2023-04-09T19:14:19.227+0800][1994.736s] GC(651)   Post Evacuate Collection Set: 0.6ms
[2023-04-09T19:14:19.227+0800][1994.736s] GC(651)   Other: 0.1ms
[2023-04-09T19:14:19.227+0800][1994.736s] GC(651) Eden regions: 297->0(296)
[2023-04-09T19:14:19.227+0800][1994.736s] GC(651) Survivor regions: 10->11(39)
[2023-04-09T19:14:19.227+0800][1994.736s] GC(651) Old regions: 75->75
[2023-04-09T19:14:19.227+0800][1994.736s] GC(651) Humongous regions: 18->13
[2023-04-09T19:14:19.227+0800][1994.736s] GC(651) Metaspace: 61346K(64368K)->61346K(64368K) NonClass: 54399K(56228K)->54399K(56228K) Class: 6946K(8140K)->6946K(8140K)
[2023-04-09T19:14:19.227+0800][1994.736s] GC(651) Pause Young (Normal) (G1 Evacuation Pause) 398M->97M(512M) 2.063ms
[2023-04-09T19:14:19.227+0800][1994.736s] GC(651) User=0.00s Sys=0.00s Real=0.00s
[2023-04-09T19:14:19.804+0800][1995.313s] GC(652) Pause Young (Normal) (G1 Evacuation Pause)
[2023-04-09T19:14:19.804+0800][1995.313s] GC(652) Using 8 workers of 8 for evacuation
[2023-04-09T19:14:19.806+0800][1995.314s] GC(652)   Pre Evacuate Collection Set: 0.0ms
[2023-04-09T19:14:19.806+0800][1995.314s] GC(652)   Evacuate Collection Set: 0.7ms
[2023-04-09T19:14:19.806+0800][1995.314s] GC(652)   Post Evacuate Collection Set: 0.6ms
[2023-04-09T19:14:19.806+0800][1995.314s] GC(652)   Other: 0.3ms
[2023-04-09T19:14:19.806+0800][1995.314s] GC(652) Eden regions: 296->0(301)
[2023-04-09T19:14:19.806+0800][1995.314s] GC(652) Survivor regions: 11->6(39)
[2023-04-09T19:14:19.806+0800][1995.314s] GC(652) Old regions: 75->75
[2023-04-09T19:14:19.806+0800][1995.314s] GC(652) Humongous regions: 14->5
[2023-04-09T19:14:19.806+0800][1995.314s] GC(652) Metaspace: 61346K(64368K)->61346K(64368K) NonClass: 54399K(56228K)->54399K(56228K) Class: 6946K(8140K)->6946K(8140K)
[2023-04-09T19:14:19.806+0800][1995.315s] GC(652) Pause Young (Normal) (G1 Evacuation Pause) 394M->84M(512M) 1.930ms
[2023-04-09T19:14:19.806+0800][1995.315s] GC(652) User=0.00s Sys=0.00s Real=0.00s
[2023-04-09T19:14:20.260+0800][1995.769s] GC(653) Pause Young (Normal) (G1 Evacuation Pause)
[2023-04-09T19:14:20.260+0800][1995.769s] GC(653) Using 8 workers of 8 for evacuation
[2023-04-09T19:14:20.262+0800][1995.771s] GC(653)   Pre Evacuate Collection Set: 0.0ms
[2023-04-09T19:14:20.262+0800][1995.771s] GC(653)   Evacuate Collection Set: 1.0ms
[2023-04-09T19:14:20.262+0800][1995.771s] GC(653)   Post Evacuate Collection Set: 0.5ms
[2023-04-09T19:14:20.262+0800][1995.771s] GC(653)   Other: 0.2ms
[2023-04-09T19:14:20.262+0800][1995.771s] GC(653) Eden regions: 301->0(298)
[2023-04-09T19:14:20.262+0800][1995.771s] GC(653) Survivor regions: 6->9(39)
[2023-04-09T19:14:20.262+0800][1995.771s] GC(653) Old regions: 75->75
[2023-04-09T19:14:20.262+0800][1995.771s] GC(653) Humongous regions: 13->12
[2023-04-09T19:14:20.262+0800][1995.771s] GC(653) Metaspace: 61346K(64368K)->61346K(64368K) NonClass: 54399K(56228K)->54399K(56228K) Class: 6946K(8140K)->6946K(8140K)
[2023-04-09T19:14:20.262+0800][1995.771s] GC(653) Pause Young (Normal) (G1 Evacuation Pause) 393M->94M(512M) 1.802ms
[2023-04-09T19:14:20.262+0800][1995.771s] GC(653) User=0.02s Sys=0.00s Real=0.00s
[2023-04-09T19:14:20.913+0800][1996.422s] GC(654) Pause Young (Normal) (G1 Evacuation Pause)
[2023-04-09T19:14:20.913+0800][1996.422s] GC(654) Using 8 workers of 8 for evacuation
[2023-04-09T19:14:20.914+0800][1996.423s] GC(654)   Pre Evacuate Collection Set: 0.0ms
[2023-04-09T19:14:20.915+0800][1996.424s] GC(654)   Evacuate Collection Set: 1.1ms
[2023-04-09T19:14:20.915+0800][1996.424s] GC(654)   Post Evacuate Collection Set: 0.6ms
[2023-04-09T19:14:20.915+0800][1996.424s] GC(654)   Other: 0.1ms
[2023-04-09T19:14:20.915+0800][1996.424s] GC(654) Eden regions: 298->0(296)
[2023-04-09T19:14:20.915+0800][1996.424s] GC(654) Survivor regions: 9->11(39)
[2023-04-09T19:14:20.915+0800][1996.424s] GC(654) Old regions: 75->75
[2023-04-09T19:14:20.915+0800][1996.424s] GC(654) Humongous regions: 25->13
[2023-04-09T19:14:20.915+0800][1996.424s] GC(654) Metaspace: 61346K(64368K)->61346K(64368K) NonClass: 54399K(56228K)->54399K(56228K) Class: 6946K(8140K)->6946K(8140K)
[2023-04-09T19:14:20.915+0800][1996.424s] GC(654) Pause Young (Normal) (G1 Evacuation Pause) 405M->97M(512M) 2.116ms
[2023-04-09T19:14:20.915+0800][1996.424s] GC(654) User=0.00s Sys=0.00s Real=0.00s
[2023-04-09T19:14:21.491+0800][1997.000s] GC(655) Pause Young (Normal) (G1 Evacuation Pause)
[2023-04-09T19:14:21.491+0800][1997.000s] GC(655) Using 8 workers of 8 for evacuation
[2023-04-09T19:14:21.492+0800][1997.001s] GC(655)   Pre Evacuate Collection Set: 0.0ms
[2023-04-09T19:14:21.492+0800][1997.001s] GC(655)   Evacuate Collection Set: 0.6ms
[2023-04-09T19:14:21.492+0800][1997.001s] GC(655)   Post Evacuate Collection Set: 0.5ms
[2023-04-09T19:14:21.492+0800][1997.001s] GC(655)   Other: 0.2ms
[2023-04-09T19:14:21.492+0800][1997.001s] GC(655) Eden regions: 296->0(302)
[2023-04-09T19:14:21.493+0800][1997.001s] GC(655) Survivor regions: 11->5(39)
[2023-04-09T19:14:21.493+0800][1997.001s] GC(655) Old regions: 75->75
[2023-04-09T19:14:21.493+0800][1997.001s] GC(655) Humongous regions: 14->5
[2023-04-09T19:14:21.493+0800][1997.001s] GC(655) Metaspace: 61346K(64368K)->61346K(64368K) NonClass: 54399K(56228K)->54399K(56228K) Class: 6946K(8140K)->6946K(8140K)
[2023-04-09T19:14:21.493+0800][1997.001s] GC(655) Pause Young (Normal) (G1 Evacuation Pause) 394M->83M(512M) 1.537ms
[2023-04-09T19:14:21.493+0800][1997.001s] GC(655) User=0.00s Sys=0.00s Real=0.00s
[2023-04-09T19:14:21.948+0800][1997.456s] GC(656) Pause Young (Normal) (G1 Evacuation Pause)
[2023-04-09T19:14:21.948+0800][1997.457s] GC(656) Using 8 workers of 8 for evacuation
[2023-04-09T19:14:21.949+0800][1997.458s] GC(656)   Pre Evacuate Collection Set: 0.0ms
[2023-04-09T19:14:21.950+0800][1997.458s] GC(656)   Evacuate Collection Set: 1.1ms
[2023-04-09T19:14:21.950+0800][1997.458s] GC(656)   Post Evacuate Collection Set: 0.5ms
[2023-04-09T19:14:21.950+0800][1997.458s] GC(656)   Other: 0.2ms
[2023-04-09T19:14:21.950+0800][1997.458s] GC(656) Eden regions: 302->0(296)
[2023-04-09T19:14:21.950+0800][1997.458s] GC(656) Survivor regions: 5->11(39)
[2023-04-09T19:14:21.950+0800][1997.458s] GC(656) Old regions: 75->75
[2023-04-09T19:14:21.950+0800][1997.458s] GC(656) Humongous regions: 8->7
[2023-04-09T19:14:21.950+0800][1997.458s] GC(656) Metaspace: 61346K(64368K)->61346K(64368K) NonClass: 54399K(56228K)->54399K(56228K) Class: 6946K(8140K)->6946K(8140K)
[2023-04-09T19:14:21.950+0800][1997.459s] GC(656) Pause Young (Normal) (G1 Evacuation Pause) 388M->91M(512M) 2.048ms
[2023-04-09T19:14:21.950+0800][1997.459s] GC(656) User=0.09s Sys=0.00s Real=0.00s
[2023-04-09T19:14:22.586+0800][1998.095s] GC(657) Pause Young (Normal) (G1 Evacuation Pause)
[2023-04-09T19:14:22.586+0800][1998.096s] GC(657) Using 8 workers of 8 for evacuation
[2023-04-09T19:14:22.588+0800][1998.098s] GC(657)   Pre Evacuate Collection Set: 0.0ms
[2023-04-09T19:14:22.588+0800][1998.098s] GC(657)   Evacuate Collection Set: 1.3ms
[2023-04-09T19:14:22.588+0800][1998.098s] GC(657)   Post Evacuate Collection Set: 0.6ms
[2023-04-09T19:14:22.588+0800][1998.098s] GC(657)   Other: 0.2ms
[2023-04-09T19:14:22.589+0800][1998.098s] GC(657) Eden regions: 296->0(296)
[2023-04-09T19:14:22.589+0800][1998.098s] GC(657) Survivor regions: 11->11(39)
[2023-04-09T19:14:22.589+0800][1998.098s] GC(657) Old regions: 75->75
[2023-04-09T19:14:22.589+0800][1998.098s] GC(657) Humongous regions: 25->13
[2023-04-09T19:14:22.589+0800][1998.098s] GC(657) Metaspace: 61346K(64368K)->61346K(64368K) NonClass: 54399K(56228K)->54399K(56228K) Class: 6946K(8140K)->6946K(8140K)
[2023-04-09T19:14:22.589+0800][1998.098s] GC(657) Pause Young (Normal) (G1 Evacuation Pause) 405M->97M(512M) 2.279ms
[2023-04-09T19:14:22.589+0800][1998.098s] GC(657) User=0.02s Sys=0.00s Real=0.00s
[2023-04-09T19:14:23.075+0800][1998.584s] GC(658) Pause Young (Normal) (G1 Evacuation Pause)
[2023-04-09T19:14:23.075+0800][1998.584s] GC(658) Using 8 workers of 8 for evacuation
[2023-04-09T19:14:23.076+0800][1998.586s] GC(658)   Pre Evacuate Collection Set: 0.0ms
[2023-04-09T19:14:23.076+0800][1998.586s] GC(658)   Evacuate Collection Set: 0.5ms
[2023-04-09T19:14:23.076+0800][1998.586s] GC(658)   Post Evacuate Collection Set: 0.6ms
[2023-04-09T19:14:23.076+0800][1998.586s] GC(658)   Other: 0.2ms
[2023-04-09T19:14:23.076+0800][1998.586s] GC(658) Eden regions: 296->0(303)
[2023-04-09T19:14:23.076+0800][1998.586s] GC(658) Survivor regions: 11->4(39)
[2023-04-09T19:14:23.076+0800][1998.586s] GC(658) Old regions: 75->75
[2023-04-09T19:14:23.076+0800][1998.586s] GC(658) Humongous regions: 13->4
[2023-04-09T19:14:23.076+0800][1998.586s] GC(658) Metaspace: 61349K(64368K)->61349K(64368K) NonClass: 54403K(56228K)->54403K(56228K) Class: 6946K(8140K)->6946K(8140K)
[2023-04-09T19:14:23.076+0800][1998.586s] GC(658) Pause Young (Normal) (G1 Evacuation Pause) 393M->81M(512M) 1.392ms
[2023-04-09T19:14:23.076+0800][1998.586s] GC(658) User=0.00s Sys=0.00s Real=0.00s
[2023-04-09T19:14:23.535+0800][1999.044s] GC(659) Pause Young (Normal) (G1 Evacuation Pause)
[2023-04-09T19:14:23.535+0800][1999.044s] GC(659) Using 8 workers of 8 for evacuation
[2023-04-09T19:14:23.537+0800][1999.045s] GC(659)   Pre Evacuate Collection Set: 0.0ms
[2023-04-09T19:14:23.537+0800][1999.045s] GC(659)   Evacuate Collection Set: 1.0ms
[2023-04-09T19:14:23.537+0800][1999.045s] GC(659)   Post Evacuate Collection Set: 0.5ms
[2023-04-09T19:14:23.537+0800][1999.045s] GC(659)   Other: 0.2ms
[2023-04-09T19:14:23.537+0800][1999.045s] GC(659) Eden regions: 303->0(298)
[2023-04-09T19:14:23.537+0800][1999.045s] GC(659) Survivor regions: 4->9(39)
[2023-04-09T19:14:23.537+0800][1999.045s] GC(659) Old regions: 75->75
[2023-04-09T19:14:23.537+0800][1999.045s] GC(659) Humongous regions: 7->6
[2023-04-09T19:14:23.537+0800][1999.046s] GC(659) Metaspace: 61349K(64368K)->61349K(64368K) NonClass: 54403K(56228K)->54403K(56228K) Class: 6946K(8140K)->6946K(8140K)
[2023-04-09T19:14:23.537+0800][1999.046s] GC(659) Pause Young (Normal) (G1 Evacuation Pause) 387M->88M(512M) 2.022ms
[2023-04-09T19:14:23.537+0800][1999.046s] GC(659) User=0.00s Sys=0.00s Real=0.00s
[2023-04-09T19:14:24.000+0800][1999.509s] GC(660) Pause Young (Normal) (G1 Evacuation Pause)
[2023-04-09T19:14:24.000+0800][1999.509s] GC(660) Using 8 workers of 8 for evacuation
[2023-04-09T19:14:24.002+0800][1999.511s] GC(660)   Pre Evacuate Collection Set: 0.0ms
[2023-04-09T19:14:24.002+0800][1999.511s] GC(660)   Evacuate Collection Set: 1.2ms
[2023-04-09T19:14:24.002+0800][1999.511s] GC(660)   Post Evacuate Collection Set: 0.7ms
[2023-04-09T19:14:24.002+0800][1999.511s] GC(660)   Other: 0.1ms
[2023-04-09T19:14:24.002+0800][1999.511s] GC(660) Eden regions: 298->0(296)
[2023-04-09T19:14:24.002+0800][1999.511s] GC(660) Survivor regions: 9->11(39)
[2023-04-09T19:14:24.002+0800][1999.511s] GC(660) Old regions: 75->75
[2023-04-09T19:14:24.002+0800][1999.511s] GC(660) Humongous regions: 20->13
[2023-04-09T19:14:24.002+0800][1999.511s] GC(660) Metaspace: 61349K(64368K)->61349K(64368K) NonClass: 54403K(56228K)->54403K(56228K) Class: 6946K(8140K)->6946K(8140K)
[2023-04-09T19:14:24.002+0800][1999.511s] GC(660) Pause Young (Normal) (G1 Evacuation Pause) 400M->97M(512M) 2.373ms
[2023-04-09T19:14:24.002+0800][1999.511s] GC(660) User=0.00s Sys=0.00s Real=0.00s
[2023-04-09T19:14:24.632+0800][2000.141s] GC(661) Pause Young (Normal) (G1 Evacuation Pause)
[2023-04-09T19:14:24.632+0800][2000.141s] GC(661) Using 8 workers of 8 for evacuation
[2023-04-09T19:14:24.633+0800][2000.142s] GC(661)   Pre Evacuate Collection Set: 0.0ms
[2023-04-09T19:14:24.633+0800][2000.142s] GC(661)   Evacuate Collection Set: 0.3ms
[2023-04-09T19:14:24.633+0800][2000.142s] GC(661)   Post Evacuate Collection Set: 0.5ms
[2023-04-09T19:14:24.633+0800][2000.142s] GC(661)   Other: 0.2ms
[2023-04-09T19:14:24.633+0800][2000.142s] GC(661) Eden regions: 296->0(305)
[2023-04-09T19:14:24.633+0800][2000.142s] GC(661) Survivor regions: 11->2(39)
[2023-04-09T19:14:24.633+0800][2000.142s] GC(661) Old regions: 75->75
[2023-04-09T19:14:24.633+0800][2000.142s] GC(661) Humongous regions: 18->4
[2023-04-09T19:14:24.633+0800][2000.142s] GC(661) Metaspace: 61350K(64368K)->61350K(64368K) NonClass: 54404K(56228K)->54404K(56228K) Class: 6946K(8140K)->6946K(8140K)
[2023-04-09T19:14:24.633+0800][2000.142s] GC(661) Pause Young (Normal) (G1 Evacuation Pause) 398M->79M(512M) 1.138ms
[2023-04-09T19:14:24.633+0800][2000.142s] GC(661) User=0.00s Sys=0.00s Real=0.00s
[2023-04-09T19:14:25.088+0800][2000.598s] GC(662) Pause Young (Normal) (G1 Evacuation Pause)
[2023-04-09T19:14:25.088+0800][2000.598s] GC(662) Using 8 workers of 8 for evacuation
[2023-04-09T19:14:25.090+0800][2000.599s] GC(662)   Pre Evacuate Collection Set: 0.0ms
[2023-04-09T19:14:25.090+0800][2000.599s] GC(662)   Evacuate Collection Set: 0.9ms
[2023-04-09T19:14:25.090+0800][2000.599s] GC(662)   Post Evacuate Collection Set: 0.6ms
[2023-04-09T19:14:25.090+0800][2000.599s] GC(662)   Other: 0.2ms
[2023-04-09T19:14:25.090+0800][2000.599s] GC(662) Eden regions: 305->0(300)
[2023-04-09T19:14:25.090+0800][2000.599s] GC(662) Survivor regions: 2->7(39)
[2023-04-09T19:14:25.090+0800][2000.599s] GC(662) Old regions: 75->75
[2023-04-09T19:14:25.090+0800][2000.599s] GC(662) Humongous regions: 7->6
[2023-04-09T19:14:25.090+0800][2000.599s] GC(662) Metaspace: 61350K(64368K)->61350K(64368K) NonClass: 54404K(56228K)->54404K(56228K) Class: 6946K(8140K)->6946K(8140K)
[2023-04-09T19:14:25.090+0800][2000.599s] GC(662) Pause Young (Normal) (G1 Evacuation Pause) 387M->87M(512M) 1.841ms
[2023-04-09T19:14:25.090+0800][2000.599s] GC(662) User=0.09s Sys=0.00s Real=0.00s
[2023-04-09T19:14:25.621+0800][2001.130s] GC(663) Pause Young (Normal) (G1 Evacuation Pause)
[2023-04-09T19:14:25.621+0800][2001.130s] GC(663) Using 8 workers of 8 for evacuation
[2023-04-09T19:14:25.623+0800][2001.132s] GC(663)   Pre Evacuate Collection Set: 0.0ms
[2023-04-09T19:14:25.623+0800][2001.132s] GC(663)   Evacuate Collection Set: 1.1ms
[2023-04-09T19:14:25.623+0800][2001.132s] GC(663)   Post Evacuate Collection Set: 0.5ms
[2023-04-09T19:14:25.623+0800][2001.132s] GC(663)   Other: 0.2ms
[2023-04-09T19:14:25.623+0800][2001.132s] GC(663) Eden regions: 300->0(297)
[2023-04-09T19:14:25.623+0800][2001.132s] GC(663) Survivor regions: 7->10(39)
[2023-04-09T19:14:25.623+0800][2001.132s] GC(663) Old regions: 75->75
[2023-04-09T19:14:25.623+0800][2001.132s] GC(663) Humongous regions: 20->13
[2023-04-09T19:14:25.623+0800][2001.132s] GC(663) Metaspace: 61350K(64368K)->61350K(64368K) NonClass: 54404K(56228K)->54404K(56228K) Class: 6946K(8140K)->6946K(8140K)
[2023-04-09T19:14:25.623+0800][2001.132s] GC(663) Pause Young (Normal) (G1 Evacuation Pause) 401M->97M(512M) 1.919ms
[2023-04-09T19:14:25.623+0800][2001.132s] GC(663) User=0.00s Sys=0.00s Real=0.00s
[2023-04-09T19:14:26.164+0800][2001.673s] GC(664) Pause Young (Normal) (G1 Evacuation Pause)
[2023-04-09T19:14:26.165+0800][2001.673s] GC(664) Using 8 workers of 8 for evacuation
[2023-04-09T19:14:26.166+0800][2001.675s] GC(664)   Pre Evacuate Collection Set: 0.0ms
[2023-04-09T19:14:26.166+0800][2001.675s] GC(664)   Evacuate Collection Set: 1.1ms
[2023-04-09T19:14:26.166+0800][2001.675s] GC(664)   Post Evacuate Collection Set: 0.6ms
[2023-04-09T19:14:26.166+0800][2001.675s] GC(664)   Other: 0.2ms
[2023-04-09T19:14:26.166+0800][2001.675s] GC(664) Eden regions: 297->0(297)
[2023-04-09T19:14:26.166+0800][2001.675s] GC(664) Survivor regions: 10->10(39)
[2023-04-09T19:14:26.166+0800][2001.675s] GC(664) Old regions: 75->75
[2023-04-09T19:14:26.166+0800][2001.675s] GC(664) Humongous regions: 18->13
[2023-04-09T19:14:26.166+0800][2001.675s] GC(664) Metaspace: 61350K(64368K)->61350K(64368K) NonClass: 54404K(56228K)->54404K(56228K) Class: 6946K(8140K)->6946K(8140K)
[2023-04-09T19:14:26.166+0800][2001.675s] GC(664) Pause Young (Normal) (G1 Evacuation Pause) 399M->96M(512M) 2.031ms
[2023-04-09T19:14:26.166+0800][2001.675s] GC(664) User=0.00s Sys=0.00s Real=0.00s
[2023-04-09T19:14:26.683+0800][2002.192s] GC(665) Pause Young (Normal) (G1 Evacuation Pause)
[2023-04-09T19:14:26.683+0800][2002.192s] GC(665) Using 8 workers of 8 for evacuation
[2023-04-09T19:14:26.685+0800][2002.193s] GC(665)   Pre Evacuate Collection Set: 0.0ms
[2023-04-09T19:14:26.685+0800][2002.193s] GC(665)   Evacuate Collection Set: 0.7ms
[2023-04-09T19:14:26.685+0800][2002.193s] GC(665)   Post Evacuate Collection Set: 0.7ms
[2023-04-09T19:14:26.685+0800][2002.193s] GC(665)   Other: 0.1ms
[2023-04-09T19:14:26.685+0800][2002.193s] GC(665) Eden regions: 297->0(301)
[2023-04-09T19:14:26.685+0800][2002.193s] GC(665) Survivor regions: 10->6(39)
[2023-04-09T19:14:26.685+0800][2002.193s] GC(665) Old regions: 75->75
[2023-04-09T19:14:26.685+0800][2002.193s] GC(665) Humongous regions: 14->5
[2023-04-09T19:14:26.685+0800][2002.193s] GC(665) Metaspace: 61350K(64368K)->61350K(64368K) NonClass: 54404K(56228K)->54404K(56228K) Class: 6946K(8140K)->6946K(8140K)
[2023-04-09T19:14:26.685+0800][2002.193s] GC(665) Pause Young (Normal) (G1 Evacuation Pause) 394M->85M(512M) 1.651ms
[2023-04-09T19:14:26.685+0800][2002.193s] GC(665) User=0.12s Sys=0.00s Real=0.00s
[2023-04-09T19:14:27.132+0800][2002.640s] GC(666) Pause Young (Normal) (G1 Evacuation Pause)
[2023-04-09T19:14:27.132+0800][2002.640s] GC(666) Using 8 workers of 8 for evacuation
[2023-04-09T19:14:27.134+0800][2002.642s] GC(666)   Pre Evacuate Collection Set: 0.0ms
[2023-04-09T19:14:27.134+0800][2002.642s] GC(666)   Evacuate Collection Set: 1.0ms
[2023-04-09T19:14:27.134+0800][2002.642s] GC(666)   Post Evacuate Collection Set: 0.7ms
[2023-04-09T19:14:27.134+0800][2002.642s] GC(666)   Other: 0.2ms
[2023-04-09T19:14:27.134+0800][2002.642s] GC(666) Eden regions: 301->0(298)
[2023-04-09T19:14:27.134+0800][2002.642s] GC(666) Survivor regions: 6->9(39)
[2023-04-09T19:14:27.134+0800][2002.642s] GC(666) Old regions: 75->75
[2023-04-09T19:14:27.134+0800][2002.642s] GC(666) Humongous regions: 13->12
[2023-04-09T19:14:27.134+0800][2002.642s] GC(666) Metaspace: 61350K(64368K)->61350K(64368K) NonClass: 54404K(56228K)->54404K(56228K) Class: 6946K(8140K)->6946K(8140K)
[2023-04-09T19:14:27.134+0800][2002.642s] GC(666) Pause Young (Normal) (G1 Evacuation Pause) 394M->94M(512M) 2.053ms
[2023-04-09T19:14:27.134+0800][2002.642s] GC(666) User=0.00s Sys=0.00s Real=0.00s
[2023-04-09T19:14:27.685+0800][2003.194s] GC(667) Pause Young (Normal) (G1 Evacuation Pause)
[2023-04-09T19:14:27.685+0800][2003.194s] GC(667) Using 8 workers of 8 for evacuation
[2023-04-09T19:14:27.687+0800][2003.196s] GC(667)   Pre Evacuate Collection Set: 0.0ms
[2023-04-09T19:14:27.687+0800][2003.196s] GC(667)   Evacuate Collection Set: 1.3ms
[2023-04-09T19:14:27.687+0800][2003.196s] GC(667)   Post Evacuate Collection Set: 0.7ms
[2023-04-09T19:14:27.687+0800][2003.196s] GC(667)   Other: 0.2ms
[2023-04-09T19:14:27.687+0800][2003.196s] GC(667) Eden regions: 298->0(296)
[2023-04-09T19:14:27.687+0800][2003.196s] GC(667) Survivor regions: 9->11(39)
[2023-04-09T19:14:27.687+0800][2003.196s] GC(667) Old regions: 75->75
[2023-04-09T19:14:27.687+0800][2003.196s] GC(667) Humongous regions: 25->13
[2023-04-09T19:14:27.687+0800][2003.196s] GC(667) Metaspace: 61350K(64368K)->61350K(64368K) NonClass: 54404K(56228K)->54404K(56228K) Class: 6946K(8140K)->6946K(8140K)
[2023-04-09T19:14:27.687+0800][2003.197s] GC(667) Pause Young (Normal) (G1 Evacuation Pause) 405M->97M(512M) 2.431ms
[2023-04-09T19:14:27.687+0800][2003.197s] GC(667) User=0.00s Sys=0.00s Real=0.00s
[2023-04-09T19:14:28.195+0800][2003.704s] GC(668) Pause Young (Normal) (G1 Evacuation Pause)
[2023-04-09T19:14:28.195+0800][2003.704s] GC(668) Using 8 workers of 8 for evacuation
[2023-04-09T19:14:28.197+0800][2003.705s] GC(668)   Pre Evacuate Collection Set: 0.0ms
[2023-04-09T19:14:28.197+0800][2003.705s] GC(668)   Evacuate Collection Set: 0.6ms
[2023-04-09T19:14:28.197+0800][2003.705s] GC(668)   Post Evacuate Collection Set: 0.6ms
[2023-04-09T19:14:28.197+0800][2003.705s] GC(668)   Other: 0.2ms
[2023-04-09T19:14:28.197+0800][2003.705s] GC(668) Eden regions: 296->0(302)
[2023-04-09T19:14:28.197+0800][2003.705s] GC(668) Survivor regions: 11->5(39)
[2023-04-09T19:14:28.197+0800][2003.705s] GC(668) Old regions: 75->75
[2023-04-09T19:14:28.197+0800][2003.705s] GC(668) Humongous regions: 14->5
[2023-04-09T19:14:28.197+0800][2003.705s] GC(668) Metaspace: 61350K(64368K)->61350K(64368K) NonClass: 54404K(56228K)->54404K(56228K) Class: 6946K(8140K)->6946K(8140K)
[2023-04-09T19:14:28.197+0800][2003.705s] GC(668) Pause Young (Normal) (G1 Evacuation Pause) 394M->83M(512M) 1.657ms
[2023-04-09T19:14:28.197+0800][2003.705s] GC(668) User=0.00s Sys=0.00s Real=0.00s
[2023-04-09T19:14:28.639+0800][2004.148s] GC(669) Pause Young (Normal) (G1 Evacuation Pause)
[2023-04-09T19:14:28.639+0800][2004.148s] GC(669) Using 8 workers of 8 for evacuation
[2023-04-09T19:14:28.641+0800][2004.150s] GC(669)   Pre Evacuate Collection Set: 0.0ms
[2023-04-09T19:14:28.641+0800][2004.150s] GC(669)   Evacuate Collection Set: 1.0ms
[2023-04-09T19:14:28.641+0800][2004.150s] GC(669)   Post Evacuate Collection Set: 0.5ms
[2023-04-09T19:14:28.641+0800][2004.150s] GC(669)   Other: 0.2ms
[2023-04-09T19:14:28.641+0800][2004.150s] GC(669) Eden regions: 302->0(297)
[2023-04-09T19:14:28.641+0800][2004.150s] GC(669) Survivor regions: 5->10(39)
[2023-04-09T19:14:28.641+0800][2004.150s] GC(669) Old regions: 75->75
[2023-04-09T19:14:28.641+0800][2004.150s] GC(669) Humongous regions: 8->7
[2023-04-09T19:14:28.641+0800][2004.150s] GC(669) Metaspace: 61350K(64368K)->61350K(64368K) NonClass: 54404K(56228K)->54404K(56228K) Class: 6946K(8140K)->6946K(8140K)
[2023-04-09T19:14:28.641+0800][2004.150s] GC(669) Pause Young (Normal) (G1 Evacuation Pause) 388M->90M(512M) 1.955ms
[2023-04-09T19:14:28.641+0800][2004.150s] GC(669) User=0.00s Sys=0.00s Real=0.00s
[2023-04-09T19:14:29.219+0800][2004.729s] GC(670) Pause Young (Normal) (G1 Evacuation Pause)
[2023-04-09T19:14:29.219+0800][2004.729s] GC(670) Using 8 workers of 8 for evacuation
[2023-04-09T19:14:29.222+0800][2004.731s] GC(670)   Pre Evacuate Collection Set: 0.0ms
[2023-04-09T19:14:29.222+0800][2004.731s] GC(670)   Evacuate Collection Set: 1.3ms
[2023-04-09T19:14:29.222+0800][2004.731s] GC(670)   Post Evacuate Collection Set: 0.5ms
[2023-04-09T19:14:29.222+0800][2004.731s] GC(670)   Other: 0.2ms
[2023-04-09T19:14:29.222+0800][2004.731s] GC(670) Eden regions: 297->0(297)
[2023-04-09T19:14:29.222+0800][2004.731s] GC(670) Survivor regions: 10->10(39)
[2023-04-09T19:14:29.222+0800][2004.731s] GC(670) Old regions: 75->75
[2023-04-09T19:14:29.222+0800][2004.731s] GC(670) Humongous regions: 25->13
[2023-04-09T19:14:29.222+0800][2004.731s] GC(670) Metaspace: 61350K(64368K)->61350K(64368K) NonClass: 54404K(56228K)->54404K(56228K) Class: 6946K(8140K)->6946K(8140K)
[2023-04-09T19:14:29.222+0800][2004.731s] GC(670) Pause Young (Normal) (G1 Evacuation Pause) 405M->97M(512M) 2.319ms
[2023-04-09T19:14:29.222+0800][2004.731s] GC(670) User=0.00s Sys=0.00s Real=0.00s
[2023-04-09T19:14:29.694+0800][2005.203s] GC(671) Pause Young (Normal) (G1 Evacuation Pause)
[2023-04-09T19:14:29.694+0800][2005.203s] GC(671) Using 8 workers of 8 for evacuation
[2023-04-09T19:14:29.695+0800][2005.204s] GC(671)   Pre Evacuate Collection Set: 0.0ms
[2023-04-09T19:14:29.695+0800][2005.204s] GC(671)   Evacuate Collection Set: 0.6ms
[2023-04-09T19:14:29.695+0800][2005.204s] GC(671)   Post Evacuate Collection Set: 0.3ms
[2023-04-09T19:14:29.695+0800][2005.204s] GC(671)   Other: 0.1ms
[2023-04-09T19:14:29.695+0800][2005.204s] GC(671) Eden regions: 297->0(304)
[2023-04-09T19:14:29.695+0800][2005.204s] GC(671) Survivor regions: 10->3(39)
[2023-04-09T19:14:29.695+0800][2005.204s] GC(671) Old regions: 75->75
[2023-04-09T19:14:29.695+0800][2005.204s] GC(671) Humongous regions: 13->4
[2023-04-09T19:14:29.695+0800][2005.204s] GC(671) Metaspace: 61353K(64368K)->61353K(64368K) NonClass: 54406K(56228K)->54406K(56228K) Class: 6946K(8140K)->6946K(8140K)
[2023-04-09T19:14:29.695+0800][2005.204s] GC(671) Pause Young (Normal) (G1 Evacuation Pause) 394M->81M(512M) 1.182ms
[2023-04-09T19:14:29.695+0800][2005.204s] GC(671) User=0.00s Sys=0.00s Real=0.00s
[2023-04-09T19:14:29.891+0800][2005.400s] GC(672) Pause Young (Normal) (G1 Evacuation Pause)
[2023-04-09T19:14:29.891+0800][2005.400s] GC(672) Using 8 workers of 8 for evacuation
[2023-04-09T19:14:29.892+0800][2005.401s] GC(672)   Pre Evacuate Collection Set: 0.0ms
[2023-04-09T19:14:29.892+0800][2005.401s] GC(672)   Evacuate Collection Set: 0.9ms
[2023-04-09T19:14:29.892+0800][2005.401s] GC(672)   Post Evacuate Collection Set: 0.5ms
[2023-04-09T19:14:29.892+0800][2005.401s] GC(672)   Other: 0.2ms
[2023-04-09T19:14:29.892+0800][2005.401s] GC(672) Eden regions: 304->0(301)
[2023-04-09T19:14:29.892+0800][2005.401s] GC(672) Survivor regions: 3->6(39)
[2023-04-09T19:14:29.892+0800][2005.401s] GC(672) Old regions: 75->75
[2023-04-09T19:14:29.892+0800][2005.401s] GC(672) Humongous regions: 5->5
[2023-04-09T19:14:29.892+0800][2005.401s] GC(672) Metaspace: 61353K(64368K)->61353K(64368K) NonClass: 54406K(56228K)->54406K(56228K) Class: 6946K(8140K)->6946K(8140K)
[2023-04-09T19:14:29.892+0800][2005.401s] GC(672) Pause Young (Normal) (G1 Evacuation Pause) 386M->84M(512M) 1.783ms
[2023-04-09T19:14:29.892+0800][2005.401s] GC(672) User=0.00s Sys=0.00s Real=0.00s
[2023-04-09T19:14:30.094+0800][2005.603s] GC(673) Pause Young (Normal) (G1 Evacuation Pause)
[2023-04-09T19:14:30.094+0800][2005.603s] GC(673) Using 8 workers of 8 for evacuation
[2023-04-09T19:14:30.096+0800][2005.605s] GC(673)   Pre Evacuate Collection Set: 0.0ms
[2023-04-09T19:14:30.096+0800][2005.605s] GC(673)   Evacuate Collection Set: 1.0ms
[2023-04-09T19:14:30.096+0800][2005.605s] GC(673)   Post Evacuate Collection Set: 0.5ms
[2023-04-09T19:14:30.096+0800][2005.605s] GC(673)   Other: 0.2ms
[2023-04-09T19:14:30.096+0800][2005.605s] GC(673) Eden regions: 301->0(299)
[2023-04-09T19:14:30.096+0800][2005.605s] GC(673) Survivor regions: 6->8(39)
[2023-04-09T19:14:30.096+0800][2005.605s] GC(673) Old regions: 75->75
[2023-04-09T19:14:30.096+0800][2005.605s] GC(673) Humongous regions: 7->6
[2023-04-09T19:14:30.096+0800][2005.605s] GC(673) Metaspace: 61353K(64368K)->61353K(64368K) NonClass: 54406K(56228K)->54406K(56228K) Class: 6946K(8140K)->6946K(8140K)
[2023-04-09T19:14:30.096+0800][2005.605s] GC(673) Pause Young (Normal) (G1 Evacuation Pause) 387M->88M(512M) 1.854ms
[2023-04-09T19:14:30.096+0800][2005.605s] GC(673) User=0.00s Sys=0.00s Real=0.00s
[2023-04-09T19:14:30.316+0800][2005.826s] GC(674) Pause Young (Normal) (G1 Evacuation Pause)
[2023-04-09T19:14:30.316+0800][2005.826s] GC(674) Using 8 workers of 8 for evacuation
[2023-04-09T19:14:30.318+0800][2005.827s] GC(674)   Pre Evacuate Collection Set: 0.0ms
[2023-04-09T19:14:30.318+0800][2005.827s] GC(674)   Evacuate Collection Set: 1.1ms
[2023-04-09T19:14:30.318+0800][2005.827s] GC(674)   Post Evacuate Collection Set: 0.6ms
[2023-04-09T19:14:30.318+0800][2005.828s] GC(674)   Other: 0.2ms
[2023-04-09T19:14:30.318+0800][2005.828s] GC(674) Eden regions: 299->0(296)
[2023-04-09T19:14:30.318+0800][2005.828s] GC(674) Survivor regions: 8->11(39)
[2023-04-09T19:14:30.318+0800][2005.828s] GC(674) Old regions: 75->75
[2023-04-09T19:14:30.318+0800][2005.828s] GC(674) Humongous regions: 6->6
[2023-04-09T19:14:30.318+0800][2005.828s] GC(674) Metaspace: 61353K(64368K)->61353K(64368K) NonClass: 54406K(56228K)->54406K(56228K) Class: 6946K(8140K)->6946K(8140K)
[2023-04-09T19:14:30.318+0800][2005.828s] GC(674) Pause Young (Normal) (G1 Evacuation Pause) 387M->91M(512M) 2.120ms
[2023-04-09T19:14:30.318+0800][2005.828s] GC(674) User=0.00s Sys=0.00s Real=0.00s
[2023-04-09T19:14:30.599+0800][2006.108s] GC(675) Pause Young (Normal) (G1 Evacuation Pause)
[2023-04-09T19:14:30.599+0800][2006.108s] GC(675) Using 8 workers of 8 for evacuation
[2023-04-09T19:14:30.601+0800][2006.110s] GC(675)   Pre Evacuate Collection Set: 0.0ms
[2023-04-09T19:14:30.601+0800][2006.110s] GC(675)   Evacuate Collection Set: 1.3ms
[2023-04-09T19:14:30.601+0800][2006.110s] GC(675)   Post Evacuate Collection Set: 0.5ms
[2023-04-09T19:14:30.601+0800][2006.110s] GC(675)   Other: 0.2ms
[2023-04-09T19:14:30.601+0800][2006.110s] GC(675) Eden regions: 296->0(297)
[2023-04-09T19:14:30.601+0800][2006.110s] GC(675) Survivor regions: 11->10(39)
[2023-04-09T19:14:30.601+0800][2006.110s] GC(675) Old regions: 75->75
[2023-04-09T19:14:30.601+0800][2006.110s] GC(675) Humongous regions: 15->13
[2023-04-09T19:14:30.601+0800][2006.110s] GC(675) Metaspace: 61353K(64368K)->61353K(64368K) NonClass: 54406K(56228K)->54406K(56228K) Class: 6946K(8140K)->6946K(8140K)
[2023-04-09T19:14:30.601+0800][2006.110s] GC(675) Pause Young (Normal) (G1 Evacuation Pause) 396M->97M(512M) 2.097ms
[2023-04-09T19:14:30.601+0800][2006.110s] GC(675) User=0.00s Sys=0.00s Real=0.00s
[2023-04-09T19:14:30.981+0800][2006.490s] GC(676) Pause Young (Normal) (G1 Evacuation Pause)
[2023-04-09T19:14:30.981+0800][2006.490s] GC(676) Using 8 workers of 8 for evacuation
[2023-04-09T19:14:30.983+0800][2006.492s] GC(676)   Pre Evacuate Collection Set: 0.0ms
[2023-04-09T19:14:30.983+0800][2006.492s] GC(676)   Evacuate Collection Set: 1.2ms
[2023-04-09T19:14:30.983+0800][2006.492s] GC(676)   Post Evacuate Collection Set: 0.5ms
[2023-04-09T19:14:30.983+0800][2006.492s] GC(676)   Other: 0.2ms
[2023-04-09T19:14:30.983+0800][2006.492s] GC(676) Eden regions: 297->0(296)
[2023-04-09T19:14:30.983+0800][2006.492s] GC(676) Survivor regions: 10->11(39)
[2023-04-09T19:14:30.983+0800][2006.492s] GC(676) Old regions: 75->75
[2023-04-09T19:14:30.983+0800][2006.492s] GC(676) Humongous regions: 23->13
[2023-04-09T19:14:30.983+0800][2006.492s] GC(676) Metaspace: 61353K(64368K)->61353K(64368K) NonClass: 54406K(56228K)->54406K(56228K) Class: 6946K(8140K)->6946K(8140K)
[2023-04-09T19:14:30.983+0800][2006.492s] GC(676) Pause Young (Normal) (G1 Evacuation Pause) 404M->98M(512M) 2.321ms
[2023-04-09T19:14:30.983+0800][2006.492s] GC(676) User=0.00s Sys=0.00s Real=0.00s
[2023-04-09T19:14:31.233+0800][2006.742s] GC(677) Pause Young (Normal) (G1 Evacuation Pause)
[2023-04-09T19:14:31.233+0800][2006.742s] GC(677) Using 8 workers of 8 for evacuation
[2023-04-09T19:14:31.235+0800][2006.744s] GC(677)   Pre Evacuate Collection Set: 0.0ms
[2023-04-09T19:14:31.235+0800][2006.744s] GC(677)   Evacuate Collection Set: 1.3ms
[2023-04-09T19:14:31.235+0800][2006.744s] GC(677)   Post Evacuate Collection Set: 0.6ms
[2023-04-09T19:14:31.235+0800][2006.744s] GC(677)   Other: 0.1ms
[2023-04-09T19:14:31.235+0800][2006.744s] GC(677) Eden regions: 296->0(295)
[2023-04-09T19:14:31.235+0800][2006.744s] GC(677) Survivor regions: 11->12(39)
[2023-04-09T19:14:31.235+0800][2006.744s] GC(677) Old regions: 75->75
[2023-04-09T19:14:31.235+0800][2006.744s] GC(677) Humongous regions: 13->13
[2023-04-09T19:14:31.235+0800][2006.744s] GC(677) Metaspace: 61353K(64368K)->61353K(64368K) NonClass: 54406K(56228K)->54406K(56228K) Class: 6946K(8140K)->6946K(8140K)
[2023-04-09T19:14:31.235+0800][2006.744s] GC(677) Pause Young (Normal) (G1 Evacuation Pause) 394M->98M(512M) 2.217ms
[2023-04-09T19:14:31.235+0800][2006.744s] GC(677) User=0.00s Sys=0.00s Real=0.00s
[2023-04-09T19:14:31.593+0800][2007.102s] GC(678) Pause Young (Normal) (G1 Evacuation Pause)
[2023-04-09T19:14:31.593+0800][2007.102s] GC(678) Using 8 workers of 8 for evacuation
[2023-04-09T19:14:31.594+0800][2007.104s] GC(678)   Pre Evacuate Collection Set: 0.0ms
[2023-04-09T19:14:31.594+0800][2007.104s] GC(678)   Evacuate Collection Set: 0.6ms
[2023-04-09T19:14:31.594+0800][2007.104s] GC(678)   Post Evacuate Collection Set: 0.5ms
[2023-04-09T19:14:31.594+0800][2007.104s] GC(678)   Other: 0.2ms
[2023-04-09T19:14:31.594+0800][2007.104s] GC(678) Eden regions: 295->0(302)
[2023-04-09T19:14:31.594+0800][2007.104s] GC(678) Survivor regions: 12->5(39)
[2023-04-09T19:14:31.595+0800][2007.104s] GC(678) Old regions: 75->75
[2023-04-09T19:14:31.595+0800][2007.104s] GC(678) Humongous regions: 13->4
[2023-04-09T19:14:31.595+0800][2007.104s] GC(678) Metaspace: 61354K(64368K)->61354K(64368K) NonClass: 54407K(56228K)->54407K(56228K) Class: 6946K(8140K)->6946K(8140K)
[2023-04-09T19:14:31.595+0800][2007.104s] GC(678) Pause Young (Normal) (G1 Evacuation Pause) 393M->82M(512M) 1.465ms
[2023-04-09T19:14:31.595+0800][2007.104s] GC(678) User=0.00s Sys=0.00s Real=0.00s
[2023-04-09T19:14:31.924+0800][2007.433s] GC(679) Pause Young (Normal) (G1 Evacuation Pause)
[2023-04-09T19:14:31.924+0800][2007.433s] GC(679) Using 8 workers of 8 for evacuation
[2023-04-09T19:14:31.926+0800][2007.435s] GC(679)   Pre Evacuate Collection Set: 0.0ms
[2023-04-09T19:14:31.926+0800][2007.435s] GC(679)   Evacuate Collection Set: 0.9ms
[2023-04-09T19:14:31.926+0800][2007.435s] GC(679)   Post Evacuate Collection Set: 0.4ms
[2023-04-09T19:14:31.926+0800][2007.435s] GC(679)   Other: 0.2ms
[2023-04-09T19:14:31.926+0800][2007.435s] GC(679) Eden regions: 302->0(299)
[2023-04-09T19:14:31.926+0800][2007.435s] GC(679) Survivor regions: 5->8(39)
[2023-04-09T19:14:31.926+0800][2007.435s] GC(679) Old regions: 75->75
[2023-04-09T19:14:31.926+0800][2007.435s] GC(679) Humongous regions: 5->5
[2023-04-09T19:14:31.926+0800][2007.435s] GC(679) Metaspace: 61354K(64368K)->61354K(64368K) NonClass: 54407K(56228K)->54407K(56228K) Class: 6946K(8140K)->6946K(8140K)
[2023-04-09T19:14:31.926+0800][2007.435s] GC(679) Pause Young (Normal) (G1 Evacuation Pause) 385M->86M(512M) 1.837ms
[2023-04-09T19:14:31.926+0800][2007.435s] GC(679) User=0.00s Sys=0.00s Real=0.00s
[2023-04-09T19:14:32.269+0800][2007.778s] GC(680) Pause Young (Normal) (G1 Evacuation Pause)
[2023-04-09T19:14:32.269+0800][2007.778s] GC(680) Using 8 workers of 8 for evacuation
[2023-04-09T19:14:32.271+0800][2007.780s] GC(680)   Pre Evacuate Collection Set: 0.0ms
[2023-04-09T19:14:32.271+0800][2007.780s] GC(680)   Evacuate Collection Set: 1.9ms
[2023-04-09T19:14:32.271+0800][2007.780s] GC(680)   Post Evacuate Collection Set: 0.5ms
[2023-04-09T19:14:32.271+0800][2007.780s] GC(680)   Other: 0.2ms
[2023-04-09T19:14:32.271+0800][2007.780s] GC(680) Eden regions: 299->0(296)
[2023-04-09T19:14:32.271+0800][2007.780s] GC(680) Survivor regions: 8->11(39)
[2023-04-09T19:14:32.272+0800][2007.780s] GC(680) Old regions: 75->75
[2023-04-09T19:14:32.272+0800][2007.781s] GC(680) Humongous regions: 7->6
[2023-04-09T19:14:32.272+0800][2007.781s] GC(680) Metaspace: 61354K(64368K)->61354K(64368K) NonClass: 54407K(56228K)->54407K(56228K) Class: 6946K(8140K)->6946K(8140K)
[2023-04-09T19:14:32.272+0800][2007.781s] GC(680) Pause Young (Normal) (G1 Evacuation Pause) 387M->91M(512M) 2.949ms
[2023-04-09T19:14:32.272+0800][2007.781s] GC(680) User=0.00s Sys=0.00s Real=0.00s
[2023-04-09T19:14:32.562+0800][2008.071s] GC(681) Pause Young (Normal) (G1 Evacuation Pause)
[2023-04-09T19:14:32.562+0800][2008.071s] GC(681) Using 8 workers of 8 for evacuation
[2023-04-09T19:14:32.564+0800][2008.073s] GC(681)   Pre Evacuate Collection Set: 0.0ms
[2023-04-09T19:14:32.564+0800][2008.073s] GC(681)   Evacuate Collection Set: 1.2ms
[2023-04-09T19:14:32.564+0800][2008.073s] GC(681)   Post Evacuate Collection Set: 0.6ms
[2023-04-09T19:14:32.564+0800][2008.073s] GC(681)   Other: 0.2ms
[2023-04-09T19:14:32.564+0800][2008.073s] GC(681) Eden regions: 296->0(296)
[2023-04-09T19:14:32.564+0800][2008.073s] GC(681) Survivor regions: 11->11(39)
[2023-04-09T19:14:32.564+0800][2008.073s] GC(681) Old regions: 75->75
[2023-04-09T19:14:32.564+0800][2008.073s] GC(681) Humongous regions: 20->13
[2023-04-09T19:14:32.564+0800][2008.073s] GC(681) Metaspace: 61354K(64368K)->61354K(64368K) NonClass: 54407K(56228K)->54407K(56228K) Class: 6946K(8140K)->6946K(8140K)
[2023-04-09T19:14:32.564+0800][2008.073s] GC(681) Pause Young (Normal) (G1 Evacuation Pause) 401M->97M(512M) 2.140ms
[2023-04-09T19:14:32.564+0800][2008.073s] GC(681) User=0.00s Sys=0.00s Real=0.00s
[2023-04-09T19:14:33.043+0800][2008.553s] GC(682) Pause Young (Normal) (G1 Evacuation Pause)
[2023-04-09T19:14:33.043+0800][2008.553s] GC(682) Using 8 workers of 8 for evacuation
[2023-04-09T19:14:33.045+0800][2008.555s] GC(682)   Pre Evacuate Collection Set: 0.0ms
[2023-04-09T19:14:33.045+0800][2008.555s] GC(682)   Evacuate Collection Set: 1.2ms
[2023-04-09T19:14:33.045+0800][2008.555s] GC(682)   Post Evacuate Collection Set: 0.6ms
[2023-04-09T19:14:33.045+0800][2008.555s] GC(682)   Other: 0.2ms
[2023-04-09T19:14:33.045+0800][2008.555s] GC(682) Eden regions: 296->0(296)
[2023-04-09T19:14:33.045+0800][2008.555s] GC(682) Survivor regions: 11->11(39)
[2023-04-09T19:14:33.045+0800][2008.555s] GC(682) Old regions: 75->75
[2023-04-09T19:14:33.045+0800][2008.555s] GC(682) Humongous regions: 18->13
[2023-04-09T19:14:33.045+0800][2008.555s] GC(682) Metaspace: 61354K(64368K)->61354K(64368K) NonClass: 54407K(56228K)->54407K(56228K) Class: 6946K(8140K)->6946K(8140K)
[2023-04-09T19:14:33.045+0800][2008.555s] GC(682) Pause Young (Normal) (G1 Evacuation Pause) 398M->98M(512M) 2.131ms
[2023-04-09T19:14:33.045+0800][2008.555s] GC(682) User=0.00s Sys=0.00s Real=0.00s
[2023-04-09T19:14:33.605+0800][2009.115s] GC(683) Pause Young (Normal) (G1 Evacuation Pause)
[2023-04-09T19:14:33.605+0800][2009.115s] GC(683) Using 8 workers of 8 for evacuation
[2023-04-09T19:14:33.606+0800][2009.116s] GC(683)   Pre Evacuate Collection Set: 0.0ms
[2023-04-09T19:14:33.606+0800][2009.116s] GC(683)   Evacuate Collection Set: 0.6ms
[2023-04-09T19:14:33.606+0800][2009.116s] GC(683)   Post Evacuate Collection Set: 0.4ms
[2023-04-09T19:14:33.606+0800][2009.116s] GC(683)   Other: 0.2ms
[2023-04-09T19:14:33.607+0800][2009.116s] GC(683) Eden regions: 296->0(303)
[2023-04-09T19:14:33.607+0800][2009.116s] GC(683) Survivor regions: 11->4(39)
[2023-04-09T19:14:33.607+0800][2009.116s] GC(683) Old regions: 75->75
[2023-04-09T19:14:33.607+0800][2009.116s] GC(683) Humongous regions: 14->5
[2023-04-09T19:14:33.607+0800][2009.116s] GC(683) Metaspace: 61355K(64368K)->61355K(64368K) NonClass: 54408K(56228K)->54408K(56228K) Class: 6946K(8140K)->6946K(8140K)
[2023-04-09T19:14:33.607+0800][2009.116s] GC(683) Pause Young (Normal) (G1 Evacuation Pause) 395M->83M(512M) 1.530ms
[2023-04-09T19:14:33.607+0800][2009.116s] GC(683) User=0.00s Sys=0.00s Real=0.00s
[2023-04-09T19:14:34.102+0800][2009.611s] GC(684) Pause Young (Normal) (G1 Evacuation Pause)
[2023-04-09T19:14:34.103+0800][2009.611s] GC(684) Using 8 workers of 8 for evacuation
[2023-04-09T19:14:34.104+0800][2009.613s] GC(684)   Pre Evacuate Collection Set: 0.0ms
[2023-04-09T19:14:34.105+0800][2009.613s] GC(684)   Evacuate Collection Set: 1.1ms
[2023-04-09T19:14:34.105+0800][2009.613s] GC(684)   Post Evacuate Collection Set: 0.5ms
[2023-04-09T19:14:34.105+0800][2009.614s] GC(684)   Other: 0.3ms
[2023-04-09T19:14:34.105+0800][2009.614s] GC(684) Eden regions: 303->0(297)
[2023-04-09T19:14:34.105+0800][2009.614s] GC(684) Survivor regions: 4->10(39)
[2023-04-09T19:14:34.105+0800][2009.614s] GC(684) Old regions: 75->75
[2023-04-09T19:14:34.105+0800][2009.614s] GC(684) Humongous regions: 8->6
[2023-04-09T19:14:34.105+0800][2009.614s] GC(684) Metaspace: 61357K(64368K)->61357K(64368K) NonClass: 54410K(56228K)->54410K(56228K) Class: 6946K(8140K)->6946K(8140K)
[2023-04-09T19:14:34.105+0800][2009.614s] GC(684) Pause Young (Normal) (G1 Evacuation Pause) 389M->89M(512M) 2.309ms
[2023-04-09T19:14:34.105+0800][2009.614s] GC(684) User=0.00s Sys=0.02s Real=0.00s
[2023-04-09T19:14:34.642+0800][2010.151s] GC(685) Pause Young (Normal) (G1 Evacuation Pause)
[2023-04-09T19:14:34.642+0800][2010.151s] GC(685) Using 8 workers of 8 for evacuation
[2023-04-09T19:14:34.644+0800][2010.153s] GC(685)   Pre Evacuate Collection Set: 0.0ms
[2023-04-09T19:14:34.644+0800][2010.153s] GC(685)   Evacuate Collection Set: 1.5ms
[2023-04-09T19:14:34.644+0800][2010.153s] GC(685)   Post Evacuate Collection Set: 0.4ms
[2023-04-09T19:14:34.644+0800][2010.153s] GC(685)   Other: 0.2ms
[2023-04-09T19:14:34.644+0800][2010.153s] GC(685) Eden regions: 297->0(296)
[2023-04-09T19:14:34.644+0800][2010.153s] GC(685) Survivor regions: 10->11(39)
[2023-04-09T19:14:34.644+0800][2010.153s] GC(685) Old regions: 75->75
[2023-04-09T19:14:34.644+0800][2010.153s] GC(685) Humongous regions: 25->13
[2023-04-09T19:14:34.644+0800][2010.153s] GC(685) Metaspace: 61357K(64368K)->61357K(64368K) NonClass: 54410K(56228K)->54410K(56228K) Class: 6946K(8140K)->6946K(8140K)
[2023-04-09T19:14:34.644+0800][2010.153s] GC(685) Pause Young (Normal) (G1 Evacuation Pause) 405M->97M(512M) 2.289ms
[2023-04-09T19:14:34.644+0800][2010.153s] GC(685) User=0.00s Sys=0.00s Real=0.00s
[2023-04-09T19:14:35.301+0800][2010.810s] GC(686) Pause Young (Normal) (G1 Evacuation Pause)
[2023-04-09T19:14:35.301+0800][2010.810s] GC(686) Using 8 workers of 8 for evacuation
[2023-04-09T19:14:35.302+0800][2010.811s] GC(686)   Pre Evacuate Collection Set: 0.0ms
[2023-04-09T19:14:35.302+0800][2010.811s] GC(686)   Evacuate Collection Set: 0.4ms
[2023-04-09T19:14:35.302+0800][2010.811s] GC(686)   Post Evacuate Collection Set: 0.6ms
[2023-04-09T19:14:35.302+0800][2010.811s] GC(686)   Other: 0.3ms
[2023-04-09T19:14:35.302+0800][2010.811s] GC(686) Eden regions: 296->0(305)
[2023-04-09T19:14:35.302+0800][2010.811s] GC(686) Survivor regions: 11->2(39)
[2023-04-09T19:14:35.302+0800][2010.811s] GC(686) Old regions: 75->75
[2023-04-09T19:14:35.302+0800][2010.811s] GC(686) Humongous regions: 13->4
[2023-04-09T19:14:35.302+0800][2010.811s] GC(686) Metaspace: 61357K(64368K)->61357K(64368K) NonClass: 54410K(56228K)->54410K(56228K) Class: 6946K(8140K)->6946K(8140K)
[2023-04-09T19:14:35.302+0800][2010.811s] GC(686) Pause Young (Normal) (G1 Evacuation Pause) 393M->79M(512M) 1.446ms
[2023-04-09T19:14:35.302+0800][2010.811s] GC(686) User=0.00s Sys=0.00s Real=0.00s
[2023-04-09T19:14:35.846+0800][2011.355s] GC(687) Pause Young (Normal) (G1 Evacuation Pause)
[2023-04-09T19:14:35.846+0800][2011.355s] GC(687) Using 8 workers of 8 for evacuation
[2023-04-09T19:14:35.848+0800][2011.357s] GC(687)   Pre Evacuate Collection Set: 0.0ms
[2023-04-09T19:14:35.848+0800][2011.357s] GC(687)   Evacuate Collection Set: 0.8ms
[2023-04-09T19:14:35.848+0800][2011.357s] GC(687)   Post Evacuate Collection Set: 0.5ms
[2023-04-09T19:14:35.848+0800][2011.357s] GC(687)   Other: 0.2ms
[2023-04-09T19:14:35.848+0800][2011.357s] GC(687) Eden regions: 305->0(299)
[2023-04-09T19:14:35.848+0800][2011.357s] GC(687) Survivor regions: 2->8(39)
[2023-04-09T19:14:35.848+0800][2011.357s] GC(687) Old regions: 75->75
[2023-04-09T19:14:35.848+0800][2011.357s] GC(687) Humongous regions: 7->6
[2023-04-09T19:14:35.848+0800][2011.357s] GC(687) Metaspace: 61357K(64368K)->61357K(64368K) NonClass: 54410K(56228K)->54410K(56228K) Class: 6946K(8140K)->6946K(8140K)
[2023-04-09T19:14:35.848+0800][2011.357s] GC(687) Pause Young (Normal) (G1 Evacuation Pause) 387M->87M(512M) 1.794ms
[2023-04-09T19:14:35.848+0800][2011.357s] GC(687) User=0.00s Sys=0.00s Real=0.00s
[2023-04-09T19:14:36.382+0800][2011.890s] GC(688) Pause Young (Normal) (G1 Evacuation Pause)
[2023-04-09T19:14:36.382+0800][2011.890s] GC(688) Using 8 workers of 8 for evacuation
[2023-04-09T19:14:36.384+0800][2011.892s] GC(688)   Pre Evacuate Collection Set: 0.0ms
[2023-04-09T19:14:36.384+0800][2011.892s] GC(688)   Evacuate Collection Set: 1.2ms
[2023-04-09T19:14:36.384+0800][2011.892s] GC(688)   Post Evacuate Collection Set: 0.7ms
[2023-04-09T19:14:36.384+0800][2011.892s] GC(688)   Other: 0.2ms
[2023-04-09T19:14:36.384+0800][2011.892s] GC(688) Eden regions: 299->0(297)
[2023-04-09T19:14:36.384+0800][2011.892s] GC(688) Survivor regions: 8->10(39)
[2023-04-09T19:14:36.384+0800][2011.892s] GC(688) Old regions: 75->75
[2023-04-09T19:14:36.384+0800][2011.893s] GC(688) Humongous regions: 20->13
[2023-04-09T19:14:36.384+0800][2011.893s] GC(688) Metaspace: 61357K(64368K)->61357K(64368K) NonClass: 54410K(56228K)->54410K(56228K) Class: 6946K(8140K)->6946K(8140K)
[2023-04-09T19:14:36.384+0800][2011.893s] GC(688) Pause Young (Normal) (G1 Evacuation Pause) 400M->96M(512M) 2.287ms
[2023-04-09T19:14:36.384+0800][2011.893s] GC(688) User=0.00s Sys=0.00s Real=0.00s
[2023-04-09T19:14:36.994+0800][2012.502s] GC(689) Pause Young (Normal) (G1 Evacuation Pause)
[2023-04-09T19:14:36.994+0800][2012.503s] GC(689) Using 8 workers of 8 for evacuation
[2023-04-09T19:14:36.995+0800][2012.504s] GC(689)   Pre Evacuate Collection Set: 0.0ms
[2023-04-09T19:14:36.996+0800][2012.504s] GC(689)   Evacuate Collection Set: 1.1ms
[2023-04-09T19:14:36.996+0800][2012.504s] GC(689)   Post Evacuate Collection Set: 0.6ms
[2023-04-09T19:14:36.996+0800][2012.504s] GC(689)   Other: 0.2ms
[2023-04-09T19:14:36.996+0800][2012.504s] GC(689) Eden regions: 297->0(297)
[2023-04-09T19:14:36.996+0800][2012.504s] GC(689) Survivor regions: 10->10(39)
[2023-04-09T19:14:36.996+0800][2012.504s] GC(689) Old regions: 75->75
[2023-04-09T19:14:36.996+0800][2012.504s] GC(689) Humongous regions: 18->13
[2023-04-09T19:14:36.996+0800][2012.504s] GC(689) Metaspace: 61357K(64368K)->61357K(64368K) NonClass: 54410K(56228K)->54410K(56228K) Class: 6946K(8140K)->6946K(8140K)
[2023-04-09T19:14:36.996+0800][2012.504s] GC(689) Pause Young (Normal) (G1 Evacuation Pause) 398M->97M(512M) 1.973ms
[2023-04-09T19:14:36.996+0800][2012.504s] GC(689) User=0.02s Sys=0.00s Real=0.00s
[2023-04-09T19:14:37.575+0800][2013.084s] GC(690) Pause Young (Normal) (G1 Evacuation Pause)
[2023-04-09T19:14:37.575+0800][2013.084s] GC(690) Using 8 workers of 8 for evacuation
[2023-04-09T19:14:37.577+0800][2013.085s] GC(690)   Pre Evacuate Collection Set: 0.0ms
[2023-04-09T19:14:37.577+0800][2013.085s] GC(690)   Evacuate Collection Set: 0.7ms
[2023-04-09T19:14:37.577+0800][2013.085s] GC(690)   Post Evacuate Collection Set: 0.6ms
[2023-04-09T19:14:37.577+0800][2013.086s] GC(690)   Other: 0.2ms
[2023-04-09T19:14:37.577+0800][2013.086s] GC(690) Eden regions: 297->0(301)
[2023-04-09T19:14:37.577+0800][2013.086s] GC(690) Survivor regions: 10->6(39)
[2023-04-09T19:14:37.577+0800][2013.086s] GC(690) Old regions: 75->75
[2023-04-09T19:14:37.577+0800][2013.086s] GC(690) Humongous regions: 14->5
[2023-04-09T19:14:37.577+0800][2013.086s] GC(690) Metaspace: 61357K(64368K)->61357K(64368K) NonClass: 54410K(56228K)->54410K(56228K) Class: 6946K(8140K)->6946K(8140K)
[2023-04-09T19:14:37.577+0800][2013.086s] GC(690) Pause Young (Normal) (G1 Evacuation Pause) 395M->85M(512M) 1.785ms
[2023-04-09T19:14:37.577+0800][2013.086s] GC(690) User=0.00s Sys=0.00s Real=0.00s
[2023-04-09T19:14:38.034+0800][2013.543s] GC(691) Pause Young (Normal) (G1 Evacuation Pause)
[2023-04-09T19:14:38.034+0800][2013.543s] GC(691) Using 8 workers of 8 for evacuation
[2023-04-09T19:14:38.036+0800][2013.544s] GC(691)   Pre Evacuate Collection Set: 0.0ms
[2023-04-09T19:14:38.036+0800][2013.544s] GC(691)   Evacuate Collection Set: 0.9ms
[2023-04-09T19:14:38.036+0800][2013.544s] GC(691)   Post Evacuate Collection Set: 0.5ms
[2023-04-09T19:14:38.036+0800][2013.545s] GC(691)   Other: 0.2ms
[2023-04-09T19:14:38.036+0800][2013.545s] GC(691) Eden regions: 301->0(298)
[2023-04-09T19:14:38.036+0800][2013.545s] GC(691) Survivor regions: 6->9(39)
[2023-04-09T19:14:38.036+0800][2013.545s] GC(691) Old regions: 75->75
[2023-04-09T19:14:38.036+0800][2013.545s] GC(691) Humongous regions: 13->12
[2023-04-09T19:14:38.036+0800][2013.545s] GC(691) Metaspace: 61357K(64368K)->61357K(64368K) NonClass: 54410K(56228K)->54410K(56228K) Class: 6946K(8140K)->6946K(8140K)
[2023-04-09T19:14:38.036+0800][2013.545s] GC(691) Pause Young (Normal) (G1 Evacuation Pause) 394M->94M(512M) 1.800ms
[2023-04-09T19:14:38.036+0800][2013.545s] GC(691) User=0.00s Sys=0.00s Real=0.00s
[2023-04-09T19:14:38.690+0800][2014.199s] GC(692) Pause Young (Normal) (G1 Evacuation Pause)
[2023-04-09T19:14:38.690+0800][2014.199s] GC(692) Using 8 workers of 8 for evacuation
[2023-04-09T19:14:38.691+0800][2014.201s] GC(692)   Pre Evacuate Collection Set: 0.0ms
[2023-04-09T19:14:38.692+0800][2014.201s] GC(692)   Evacuate Collection Set: 1.1ms
[2023-04-09T19:14:38.692+0800][2014.201s] GC(692)   Post Evacuate Collection Set: 0.6ms
[2023-04-09T19:14:38.692+0800][2014.201s] GC(692)   Other: 0.2ms
[2023-04-09T19:14:38.692+0800][2014.201s] GC(692) Eden regions: 298->0(297)
[2023-04-09T19:14:38.692+0800][2014.201s] GC(692) Survivor regions: 9->10(39)
[2023-04-09T19:14:38.692+0800][2014.201s] GC(692) Old regions: 75->75
[2023-04-09T19:14:38.692+0800][2014.201s] GC(692) Humongous regions: 25->13
[2023-04-09T19:14:38.692+0800][2014.201s] GC(692) Metaspace: 61357K(64368K)->61357K(64368K) NonClass: 54410K(56228K)->54410K(56228K) Class: 6946K(8140K)->6946K(8140K)
[2023-04-09T19:14:38.692+0800][2014.201s] GC(692) Pause Young (Normal) (G1 Evacuation Pause) 405M->97M(512M) 2.143ms
[2023-04-09T19:14:38.692+0800][2014.201s] GC(692) User=0.00s Sys=0.00s Real=0.00s
[2023-04-09T19:14:39.204+0800][2014.712s] GC(693) Pause Young (Normal) (G1 Evacuation Pause)
[2023-04-09T19:14:39.204+0800][2014.712s] GC(693) Using 8 workers of 8 for evacuation
[2023-04-09T19:14:39.205+0800][2014.714s] GC(693)   Pre Evacuate Collection Set: 0.0ms
[2023-04-09T19:14:39.205+0800][2014.714s] GC(693)   Evacuate Collection Set: 0.7ms
[2023-04-09T19:14:39.205+0800][2014.714s] GC(693)   Post Evacuate Collection Set: 0.5ms
[2023-04-09T19:14:39.205+0800][2014.714s] GC(693)   Other: 0.2ms
[2023-04-09T19:14:39.205+0800][2014.714s] GC(693) Eden regions: 297->0(302)
[2023-04-09T19:14:39.205+0800][2014.714s] GC(693) Survivor regions: 10->5(39)
[2023-04-09T19:14:39.205+0800][2014.714s] GC(693) Old regions: 75->75
[2023-04-09T19:14:39.205+0800][2014.714s] GC(693) Humongous regions: 14->5
[2023-04-09T19:14:39.205+0800][2014.714s] GC(693) Metaspace: 61357K(64368K)->61357K(64368K) NonClass: 54410K(56228K)->54410K(56228K) Class: 6946K(8140K)->6946K(8140K)
[2023-04-09T19:14:39.205+0800][2014.714s] GC(693) Pause Young (Normal) (G1 Evacuation Pause) 395M->83M(512M) 1.806ms
[2023-04-09T19:14:39.205+0800][2014.714s] GC(693) User=0.00s Sys=0.00s Real=0.00s
[2023-04-09T19:14:39.711+0800][2015.220s] GC(694) Pause Young (Normal) (G1 Evacuation Pause)
[2023-04-09T19:14:39.711+0800][2015.220s] GC(694) Using 8 workers of 8 for evacuation
[2023-04-09T19:14:39.713+0800][2015.222s] GC(694)   Pre Evacuate Collection Set: 0.0ms
[2023-04-09T19:14:39.713+0800][2015.222s] GC(694)   Evacuate Collection Set: 1.1ms
[2023-04-09T19:14:39.713+0800][2015.222s] GC(694)   Post Evacuate Collection Set: 0.6ms
[2023-04-09T19:14:39.713+0800][2015.222s] GC(694)   Other: 0.2ms
[2023-04-09T19:14:39.713+0800][2015.222s] GC(694) Eden regions: 302->0(297)
[2023-04-09T19:14:39.713+0800][2015.222s] GC(694) Survivor regions: 5->10(39)
[2023-04-09T19:14:39.713+0800][2015.222s] GC(694) Old regions: 75->75
[2023-04-09T19:14:39.713+0800][2015.222s] GC(694) Humongous regions: 8->7
[2023-04-09T19:14:39.713+0800][2015.222s] GC(694) Metaspace: 61357K(64368K)->61357K(64368K) NonClass: 54410K(56228K)->54410K(56228K) Class: 6946K(8140K)->6946K(8140K)
[2023-04-09T19:14:39.713+0800][2015.222s] GC(694) Pause Young (Normal) (G1 Evacuation Pause) 388M->91M(512M) 2.093ms
[2023-04-09T19:14:39.713+0800][2015.222s] GC(694) User=0.00s Sys=0.00s Real=0.00s
[2023-04-09T19:14:40.377+0800][2015.886s] GC(695) Pause Young (Normal) (G1 Evacuation Pause)
[2023-04-09T19:14:40.377+0800][2015.886s] GC(695) Using 8 workers of 8 for evacuation
[2023-04-09T19:14:40.379+0800][2015.888s] GC(695)   Pre Evacuate Collection Set: 0.0ms
[2023-04-09T19:14:40.379+0800][2015.888s] GC(695)   Evacuate Collection Set: 1.2ms
[2023-04-09T19:14:40.379+0800][2015.888s] GC(695)   Post Evacuate Collection Set: 0.5ms
[2023-04-09T19:14:40.379+0800][2015.888s] GC(695)   Other: 0.2ms
[2023-04-09T19:14:40.379+0800][2015.888s] GC(695) Eden regions: 297->0(296)
[2023-04-09T19:14:40.379+0800][2015.888s] GC(695) Survivor regions: 10->11(39)
[2023-04-09T19:14:40.379+0800][2015.888s] GC(695) Old regions: 75->75
[2023-04-09T19:14:40.379+0800][2015.888s] GC(695) Humongous regions: 25->13
[2023-04-09T19:14:40.379+0800][2015.888s] GC(695) Metaspace: 61357K(64368K)->61357K(64368K) NonClass: 54410K(56228K)->54410K(56228K) Class: 6946K(8140K)->6946K(8140K)
[2023-04-09T19:14:40.379+0800][2015.888s] GC(695) Pause Young (Normal) (G1 Evacuation Pause) 406M->97M(512M) 2.224ms
[2023-04-09T19:14:40.379+0800][2015.888s] GC(695) User=0.00s Sys=0.00s Real=0.00s
[2023-04-09T19:14:40.935+0800][2016.444s] GC(696) Pause Young (Normal) (G1 Evacuation Pause)
[2023-04-09T19:14:40.935+0800][2016.444s] GC(696) Using 8 workers of 8 for evacuation
[2023-04-09T19:14:40.936+0800][2016.445s] GC(696)   Pre Evacuate Collection Set: 0.0ms
[2023-04-09T19:14:40.936+0800][2016.445s] GC(696)   Evacuate Collection Set: 0.5ms
[2023-04-09T19:14:40.936+0800][2016.445s] GC(696)   Post Evacuate Collection Set: 0.5ms
[2023-04-09T19:14:40.936+0800][2016.445s] GC(696)   Other: 0.1ms
[2023-04-09T19:14:40.936+0800][2016.445s] GC(696) Eden regions: 296->0(303)
[2023-04-09T19:14:40.936+0800][2016.445s] GC(696) Survivor regions: 11->4(39)
[2023-04-09T19:14:40.936+0800][2016.445s] GC(696) Old regions: 75->75
[2023-04-09T19:14:40.936+0800][2016.445s] GC(696) Humongous regions: 13->4
[2023-04-09T19:14:40.936+0800][2016.445s] GC(696) Metaspace: 61357K(64368K)->61357K(64368K) NonClass: 54410K(56228K)->54410K(56228K) Class: 6946K(8140K)->6946K(8140K)
[2023-04-09T19:14:40.936+0800][2016.445s] GC(696) Pause Young (Normal) (G1 Evacuation Pause) 393M->81M(512M) 1.291ms
[2023-04-09T19:14:40.936+0800][2016.445s] GC(696) User=0.00s Sys=0.00s Real=0.00s
[2023-04-09T19:14:41.383+0800][2016.892s] GC(697) Pause Young (Normal) (G1 Evacuation Pause)
[2023-04-09T19:14:41.383+0800][2016.892s] GC(697) Using 8 workers of 8 for evacuation
[2023-04-09T19:14:41.385+0800][2016.894s] GC(697)   Pre Evacuate Collection Set: 0.0ms
[2023-04-09T19:14:41.385+0800][2016.894s] GC(697)   Evacuate Collection Set: 1.1ms
[2023-04-09T19:14:41.385+0800][2016.894s] GC(697)   Post Evacuate Collection Set: 0.7ms
[2023-04-09T19:14:41.385+0800][2016.894s] GC(697)   Other: 0.1ms
[2023-04-09T19:14:41.385+0800][2016.894s] GC(697) Eden regions: 303->0(296)
[2023-04-09T19:14:41.385+0800][2016.894s] GC(697) Survivor regions: 4->11(39)
[2023-04-09T19:14:41.385+0800][2016.894s] GC(697) Old regions: 75->75
[2023-04-09T19:14:41.385+0800][2016.894s] GC(697) Humongous regions: 7->6
[2023-04-09T19:14:41.385+0800][2016.894s] GC(697) Metaspace: 61357K(64368K)->61357K(64368K) NonClass: 54410K(56228K)->54410K(56228K) Class: 6946K(8140K)->6946K(8140K)
[2023-04-09T19:14:41.385+0800][2016.894s] GC(697) Pause Young (Normal) (G1 Evacuation Pause) 387M->91M(512M) 2.046ms
[2023-04-09T19:14:41.385+0800][2016.894s] GC(697) User=0.00s Sys=0.00s Real=0.00s
[2023-04-09T19:14:41.857+0800][2017.366s] GC(698) Pause Young (Normal) (G1 Evacuation Pause)
[2023-04-09T19:14:41.857+0800][2017.366s] GC(698) Using 8 workers of 8 for evacuation
[2023-04-09T19:14:41.859+0800][2017.368s] GC(698)   Pre Evacuate Collection Set: 0.0ms
[2023-04-09T19:14:41.859+0800][2017.368s] GC(698)   Evacuate Collection Set: 1.2ms
[2023-04-09T19:14:41.859+0800][2017.368s] GC(698)   Post Evacuate Collection Set: 0.5ms
[2023-04-09T19:14:41.859+0800][2017.368s] GC(698)   Other: 0.3ms
[2023-04-09T19:14:41.859+0800][2017.368s] GC(698) Eden regions: 296->0(296)
[2023-04-09T19:14:41.859+0800][2017.368s] GC(698) Survivor regions: 11->11(39)
[2023-04-09T19:14:41.859+0800][2017.368s] GC(698) Old regions: 75->75
[2023-04-09T19:14:41.859+0800][2017.368s] GC(698) Humongous regions: 25->13
[2023-04-09T19:14:41.859+0800][2017.368s] GC(698) Metaspace: 61357K(64368K)->61357K(64368K) NonClass: 54410K(56228K)->54410K(56228K) Class: 6946K(8140K)->6946K(8140K)
[2023-04-09T19:14:41.859+0800][2017.368s] GC(698) Pause Young (Normal) (G1 Evacuation Pause) 406M->97M(512M) 2.290ms
[2023-04-09T19:14:41.859+0800][2017.368s] GC(698) User=0.00s Sys=0.00s Real=0.00s
[2023-04-09T19:14:42.567+0800][2018.076s] GC(699) Pause Young (Normal) (G1 Evacuation Pause)
[2023-04-09T19:14:42.567+0800][2018.076s] GC(699) Using 8 workers of 8 for evacuation
[2023-04-09T19:14:42.568+0800][2018.077s] GC(699)   Pre Evacuate Collection Set: 0.0ms
[2023-04-09T19:14:42.568+0800][2018.077s] GC(699)   Evacuate Collection Set: 0.3ms
[2023-04-09T19:14:42.568+0800][2018.077s] GC(699)   Post Evacuate Collection Set: 0.5ms
[2023-04-09T19:14:42.568+0800][2018.077s] GC(699)   Other: 0.1ms
[2023-04-09T19:14:42.568+0800][2018.077s] GC(699) Eden regions: 296->0(305)
[2023-04-09T19:14:42.568+0800][2018.077s] GC(699) Survivor regions: 11->2(39)
[2023-04-09T19:14:42.568+0800][2018.077s] GC(699) Old regions: 75->75
[2023-04-09T19:14:42.568+0800][2018.077s] GC(699) Humongous regions: 13->4
[2023-04-09T19:14:42.568+0800][2018.077s] GC(699) Metaspace: 61359K(64368K)->61359K(64368K) NonClass: 54413K(56228K)->54413K(56228K) Class: 6946K(8140K)->6946K(8140K)
[2023-04-09T19:14:42.568+0800][2018.077s] GC(699) Pause Young (Normal) (G1 Evacuation Pause) 393M->79M(512M) 1.157ms
[2023-04-09T19:14:42.568+0800][2018.077s] GC(699) User=0.00s Sys=0.00s Real=0.00s
[2023-04-09T19:14:43.068+0800][2018.577s] GC(700) Pause Young (Normal) (G1 Evacuation Pause)
[2023-04-09T19:14:43.068+0800][2018.577s] GC(700) Using 8 workers of 8 for evacuation
[2023-04-09T19:14:43.069+0800][2018.578s] GC(700)   Pre Evacuate Collection Set: 0.0ms
[2023-04-09T19:14:43.069+0800][2018.578s] GC(700)   Evacuate Collection Set: 0.9ms
[2023-04-09T19:14:43.069+0800][2018.578s] GC(700)   Post Evacuate Collection Set: 0.5ms
[2023-04-09T19:14:43.069+0800][2018.578s] GC(700)   Other: 0.3ms
[2023-04-09T19:14:43.069+0800][2018.578s] GC(700) Eden regions: 305->0(300)
[2023-04-09T19:14:43.069+0800][2018.578s] GC(700) Survivor regions: 2->7(39)
[2023-04-09T19:14:43.069+0800][2018.578s] GC(700) Old regions: 75->75
[2023-04-09T19:14:43.069+0800][2018.578s] GC(700) Humongous regions: 7->6
[2023-04-09T19:14:43.069+0800][2018.578s] GC(700) Metaspace: 61359K(64368K)->61359K(64368K) NonClass: 54413K(56228K)->54413K(56228K) Class: 6946K(8140K)->6946K(8140K)
[2023-04-09T19:14:43.069+0800][2018.579s] GC(700) Pause Young (Normal) (G1 Evacuation Pause) 387M->87M(512M) 1.863ms
[2023-04-09T19:14:43.069+0800][2018.579s] GC(700) User=0.00s Sys=0.00s Real=0.00s
[2023-04-09T19:14:43.621+0800][2019.130s] GC(701) Pause Young (Normal) (G1 Evacuation Pause)
[2023-04-09T19:14:43.621+0800][2019.130s] GC(701) Using 8 workers of 8 for evacuation
[2023-04-09T19:14:43.623+0800][2019.132s] GC(701)   Pre Evacuate Collection Set: 0.0ms
[2023-04-09T19:14:43.623+0800][2019.132s] GC(701)   Evacuate Collection Set: 1.5ms
[2023-04-09T19:14:43.623+0800][2019.132s] GC(701)   Post Evacuate Collection Set: 0.5ms
[2023-04-09T19:14:43.623+0800][2019.132s] GC(701)   Other: 0.3ms
[2023-04-09T19:14:43.623+0800][2019.132s] GC(701) Eden regions: 300->0(297)
[2023-04-09T19:14:43.623+0800][2019.132s] GC(701) Survivor regions: 7->10(39)
[2023-04-09T19:14:43.623+0800][2019.132s] GC(701) Old regions: 75->75
[2023-04-09T19:14:43.623+0800][2019.132s] GC(701) Humongous regions: 15->13
[2023-04-09T19:14:43.623+0800][2019.132s] GC(701) Metaspace: 61359K(64368K)->61359K(64368K) NonClass: 54413K(56228K)->54413K(56228K) Class: 6946K(8140K)->6946K(8140K)
[2023-04-09T19:14:43.623+0800][2019.132s] GC(701) Pause Young (Normal) (G1 Evacuation Pause) 396M->96M(512M) 2.487ms
[2023-04-09T19:14:43.623+0800][2019.133s] GC(701) User=0.00s Sys=0.00s Real=0.00s
[2023-04-09T19:14:44.199+0800][2019.707s] GC(702) Pause Young (Normal) (G1 Evacuation Pause)
[2023-04-09T19:14:44.199+0800][2019.708s] GC(702) Using 8 workers of 8 for evacuation
[2023-04-09T19:14:44.200+0800][2019.710s] GC(702)   Pre Evacuate Collection Set: 0.0ms
[2023-04-09T19:14:44.200+0800][2019.710s] GC(702)   Evacuate Collection Set: 1.3ms
[2023-04-09T19:14:44.200+0800][2019.710s] GC(702)   Post Evacuate Collection Set: 0.5ms
[2023-04-09T19:14:44.201+0800][2019.710s] GC(702)   Other: 0.3ms
[2023-04-09T19:14:44.201+0800][2019.710s] GC(702) Eden regions: 297->0(297)
[2023-04-09T19:14:44.201+0800][2019.710s] GC(702) Survivor regions: 10->10(39)
[2023-04-09T19:14:44.201+0800][2019.710s] GC(702) Old regions: 75->75
[2023-04-09T19:14:44.201+0800][2019.710s] GC(702) Humongous regions: 23->13
[2023-04-09T19:14:44.201+0800][2019.710s] GC(702) Metaspace: 61359K(64368K)->61359K(64368K) NonClass: 54413K(56228K)->54413K(56228K) Class: 6946K(8140K)->6946K(8140K)
[2023-04-09T19:14:44.201+0800][2019.710s] GC(702) Pause Young (Normal) (G1 Evacuation Pause) 403M->97M(512M) 2.324ms
[2023-04-09T19:14:44.201+0800][2019.710s] GC(702) User=0.00s Sys=0.00s Real=0.00s
[2023-04-09T19:14:44.902+0800][2020.411s] GC(703) Pause Young (Normal) (G1 Evacuation Pause)
[2023-04-09T19:14:44.902+0800][2020.411s] GC(703) Using 8 workers of 8 for evacuation
[2023-04-09T19:14:44.903+0800][2020.412s] GC(703)   Pre Evacuate Collection Set: 0.0ms
[2023-04-09T19:14:44.903+0800][2020.412s] GC(703)   Evacuate Collection Set: 0.7ms
[2023-04-09T19:14:44.903+0800][2020.412s] GC(703)   Post Evacuate Collection Set: 0.4ms
[2023-04-09T19:14:44.903+0800][2020.412s] GC(703)   Other: 0.2ms
[2023-04-09T19:14:44.903+0800][2020.412s] GC(703) Eden regions: 297->0(301)
[2023-04-09T19:14:44.903+0800][2020.412s] GC(703) Survivor regions: 10->6(39)
[2023-04-09T19:14:44.903+0800][2020.412s] GC(703) Old regions: 75->75
[2023-04-09T19:14:44.903+0800][2020.412s] GC(703) Humongous regions: 14->5
[2023-04-09T19:14:44.903+0800][2020.412s] GC(703) Metaspace: 61359K(64368K)->61359K(64368K) NonClass: 54413K(56228K)->54413K(56228K) Class: 6946K(8140K)->6946K(8140K)
[2023-04-09T19:14:44.903+0800][2020.413s] GC(703) Pause Young (Normal) (G1 Evacuation Pause) 395M->85M(512M) 1.563ms
[2023-04-09T19:14:44.903+0800][2020.413s] GC(703) User=0.00s Sys=0.00s Real=0.00s
[2023-04-09T19:14:45.477+0800][2020.986s] GC(704) Pause Young (Normal) (G1 Evacuation Pause)
[2023-04-09T19:14:45.477+0800][2020.986s] GC(704) Using 8 workers of 8 for evacuation
[2023-04-09T19:14:45.478+0800][2020.988s] GC(704)   Pre Evacuate Collection Set: 0.0ms
[2023-04-09T19:14:45.478+0800][2020.988s] GC(704)   Evacuate Collection Set: 1.0ms
[2023-04-09T19:14:45.479+0800][2020.988s] GC(704)   Post Evacuate Collection Set: 0.4ms
[2023-04-09T19:14:45.479+0800][2020.988s] GC(704)   Other: 0.2ms
[2023-04-09T19:14:45.479+0800][2020.988s] GC(704) Eden regions: 301->0(298)
[2023-04-09T19:14:45.479+0800][2020.988s] GC(704) Survivor regions: 6->9(39)
[2023-04-09T19:14:45.479+0800][2020.988s] GC(704) Old regions: 75->75
[2023-04-09T19:14:45.479+0800][2020.988s] GC(704) Humongous regions: 13->12
[2023-04-09T19:14:45.479+0800][2020.988s] GC(704) Metaspace: 61359K(64368K)->61359K(64368K) NonClass: 54413K(56228K)->54413K(56228K) Class: 6946K(8140K)->6946K(8140K)
[2023-04-09T19:14:45.479+0800][2020.988s] GC(704) Pause Young (Normal) (G1 Evacuation Pause) 394M->94M(512M) 1.847ms
[2023-04-09T19:14:45.479+0800][2020.988s] GC(704) User=0.00s Sys=0.00s Real=0.00s
[2023-04-09T19:14:46.186+0800][2021.696s] GC(705) Pause Young (Normal) (G1 Evacuation Pause)
[2023-04-09T19:14:46.186+0800][2021.696s] GC(705) Using 8 workers of 8 for evacuation
[2023-04-09T19:14:46.189+0800][2021.698s] GC(705)   Pre Evacuate Collection Set: 0.0ms
[2023-04-09T19:14:46.189+0800][2021.698s] GC(705)   Evacuate Collection Set: 1.7ms
[2023-04-09T19:14:46.189+0800][2021.698s] GC(705)   Post Evacuate Collection Set: 0.7ms
[2023-04-09T19:14:46.189+0800][2021.698s] GC(705)   Other: 0.3ms
[2023-04-09T19:14:46.189+0800][2021.698s] GC(705) Eden regions: 298->0(296)
[2023-04-09T19:14:46.189+0800][2021.699s] GC(705) Survivor regions: 9->11(39)
[2023-04-09T19:14:46.189+0800][2021.699s] GC(705) Old regions: 75->75
[2023-04-09T19:14:46.189+0800][2021.699s] GC(705) Humongous regions: 25->13
[2023-04-09T19:14:46.189+0800][2021.699s] GC(705) Metaspace: 61360K(64368K)->61360K(64368K) NonClass: 54413K(56228K)->54413K(56228K) Class: 6946K(8140K)->6946K(8140K)
[2023-04-09T19:14:46.189+0800][2021.699s] GC(705) Pause Young (Normal) (G1 Evacuation Pause) 405M->97M(512M) 3.119ms
[2023-04-09T19:14:46.189+0800][2021.699s] GC(705) User=0.00s Sys=0.00s Real=0.00s
[2023-04-09T19:14:46.747+0800][2022.256s] GC(706) Pause Young (Normal) (G1 Evacuation Pause)
[2023-04-09T19:14:46.747+0800][2022.256s] GC(706) Using 8 workers of 8 for evacuation
[2023-04-09T19:14:46.748+0800][2022.257s] GC(706)   Pre Evacuate Collection Set: 0.0ms
[2023-04-09T19:14:46.748+0800][2022.257s] GC(706)   Evacuate Collection Set: 0.7ms
[2023-04-09T19:14:46.748+0800][2022.257s] GC(706)   Post Evacuate Collection Set: 0.5ms
[2023-04-09T19:14:46.748+0800][2022.257s] GC(706)   Other: 0.2ms
[2023-04-09T19:14:46.748+0800][2022.257s] GC(706) Eden regions: 296->0(302)
[2023-04-09T19:14:46.748+0800][2022.258s] GC(706) Survivor regions: 11->5(39)
[2023-04-09T19:14:46.748+0800][2022.258s] GC(706) Old regions: 75->75
[2023-04-09T19:14:46.748+0800][2022.258s] GC(706) Humongous regions: 14->5
[2023-04-09T19:14:46.748+0800][2022.258s] GC(706) Metaspace: 61360K(64368K)->61360K(64368K) NonClass: 54413K(56228K)->54413K(56228K) Class: 6946K(8140K)->6946K(8140K)
[2023-04-09T19:14:46.748+0800][2022.258s] GC(706) Pause Young (Normal) (G1 Evacuation Pause) 394M->83M(512M) 1.665ms
[2023-04-09T19:14:46.748+0800][2022.258s] GC(706) User=0.00s Sys=0.00s Real=0.00s
[2023-04-09T19:14:47.290+0800][2022.800s] GC(707) Pause Young (Normal) (G1 Evacuation Pause)
[2023-04-09T19:14:47.290+0800][2022.800s] GC(707) Using 8 workers of 8 for evacuation
[2023-04-09T19:14:47.292+0800][2022.801s] GC(707)   Pre Evacuate Collection Set: 0.0ms
[2023-04-09T19:14:47.292+0800][2022.801s] GC(707)   Evacuate Collection Set: 1.2ms
[2023-04-09T19:14:47.292+0800][2022.801s] GC(707)   Post Evacuate Collection Set: 0.5ms
[2023-04-09T19:14:47.292+0800][2022.801s] GC(707)   Other: 0.2ms
[2023-04-09T19:14:47.292+0800][2022.801s] GC(707) Eden regions: 302->0(296)
[2023-04-09T19:14:47.292+0800][2022.802s] GC(707) Survivor regions: 5->11(39)
[2023-04-09T19:14:47.292+0800][2022.802s] GC(707) Old regions: 75->75
[2023-04-09T19:14:47.292+0800][2022.802s] GC(707) Humongous regions: 8->7
[2023-04-09T19:14:47.292+0800][2022.802s] GC(707) Metaspace: 61360K(64368K)->61360K(64368K) NonClass: 54413K(56228K)->54413K(56228K) Class: 6946K(8140K)->6946K(8140K)
[2023-04-09T19:14:47.292+0800][2022.802s] GC(707) Pause Young (Normal) (G1 Evacuation Pause) 388M->91M(512M) 2.096ms
[2023-04-09T19:14:47.292+0800][2022.802s] GC(707) User=0.02s Sys=0.00s Real=0.00s
[2023-04-09T19:14:48.025+0800][2023.534s] GC(708) Pause Young (Normal) (G1 Evacuation Pause)
[2023-04-09T19:14:48.025+0800][2023.534s] GC(708) Using 8 workers of 8 for evacuation
[2023-04-09T19:14:48.027+0800][2023.536s] GC(708)   Pre Evacuate Collection Set: 0.0ms
[2023-04-09T19:14:48.027+0800][2023.536s] GC(708)   Evacuate Collection Set: 1.1ms
[2023-04-09T19:14:48.027+0800][2023.536s] GC(708)   Post Evacuate Collection Set: 0.4ms
[2023-04-09T19:14:48.027+0800][2023.536s] GC(708)   Other: 0.2ms
[2023-04-09T19:14:48.027+0800][2023.536s] GC(708) Eden regions: 296->0(296)
[2023-04-09T19:14:48.027+0800][2023.536s] GC(708) Survivor regions: 11->11(39)
[2023-04-09T19:14:48.027+0800][2023.536s] GC(708) Old regions: 75->75
[2023-04-09T19:14:48.027+0800][2023.536s] GC(708) Humongous regions: 20->13
[2023-04-09T19:14:48.027+0800][2023.536s] GC(708) Metaspace: 61360K(64368K)->61360K(64368K) NonClass: 54413K(56228K)->54413K(56228K) Class: 6946K(8140K)->6946K(8140K)
[2023-04-09T19:14:48.027+0800][2023.536s] GC(708) Pause Young (Normal) (G1 Evacuation Pause) 400M->97M(512M) 2.013ms
[2023-04-09T19:14:48.027+0800][2023.536s] GC(708) User=0.02s Sys=0.00s Real=0.00s
[2023-04-09T19:14:48.507+0800][2024.017s] GC(709) Pause Young (Normal) (G1 Evacuation Pause)
[2023-04-09T19:14:48.507+0800][2024.017s] GC(709) Using 8 workers of 8 for evacuation
[2023-04-09T19:14:48.509+0800][2024.018s] GC(709)   Pre Evacuate Collection Set: 0.0ms
[2023-04-09T19:14:48.509+0800][2024.018s] GC(709)   Evacuate Collection Set: 0.7ms
[2023-04-09T19:14:48.509+0800][2024.018s] GC(709)   Post Evacuate Collection Set: 0.4ms
[2023-04-09T19:14:48.509+0800][2024.018s] GC(709)   Other: 0.2ms
[2023-04-09T19:14:48.509+0800][2024.018s] GC(709) Eden regions: 296->0(303)
[2023-04-09T19:14:48.509+0800][2024.018s] GC(709) Survivor regions: 11->4(39)
[2023-04-09T19:14:48.509+0800][2024.018s] GC(709) Old regions: 75->75
[2023-04-09T19:14:48.509+0800][2024.018s] GC(709) Humongous regions: 13->4
[2023-04-09T19:14:48.509+0800][2024.018s] GC(709) Metaspace: 61365K(64368K)->61365K(64368K) NonClass: 54418K(56228K)->54418K(56228K) Class: 6946K(8140K)->6946K(8140K)
[2023-04-09T19:14:48.509+0800][2024.018s] GC(709) Pause Young (Normal) (G1 Evacuation Pause) 393M->81M(512M) 1.517ms
[2023-04-09T19:14:48.509+0800][2024.018s] GC(709) User=0.00s Sys=0.00s Real=0.00s
[2023-04-09T19:14:48.725+0800][2024.234s] GC(710) Pause Young (Normal) (G1 Evacuation Pause)
[2023-04-09T19:14:48.725+0800][2024.234s] GC(710) Using 8 workers of 8 for evacuation
[2023-04-09T19:14:48.727+0800][2024.235s] GC(710)   Pre Evacuate Collection Set: 0.0ms
[2023-04-09T19:14:48.727+0800][2024.235s] GC(710)   Evacuate Collection Set: 0.8ms
[2023-04-09T19:14:48.727+0800][2024.235s] GC(710)   Post Evacuate Collection Set: 0.5ms
[2023-04-09T19:14:48.727+0800][2024.235s] GC(710)   Other: 0.1ms
[2023-04-09T19:14:48.727+0800][2024.235s] GC(710) Eden regions: 303->0(301)
[2023-04-09T19:14:48.727+0800][2024.235s] GC(710) Survivor regions: 4->6(39)
[2023-04-09T19:14:48.727+0800][2024.235s] GC(710) Old regions: 75->75
[2023-04-09T19:14:48.727+0800][2024.235s] GC(710) Humongous regions: 5->5
[2023-04-09T19:14:48.727+0800][2024.235s] GC(710) Metaspace: 61365K(64368K)->61365K(64368K) NonClass: 54418K(56228K)->54418K(56228K) Class: 6946K(8140K)->6946K(8140K)
[2023-04-09T19:14:48.727+0800][2024.235s] GC(710) Pause Young (Normal) (G1 Evacuation Pause) 385M->84M(512M) 1.598ms
[2023-04-09T19:14:48.727+0800][2024.235s] GC(710) User=0.00s Sys=0.00s Real=0.00s
[2023-04-09T19:14:48.926+0800][2024.436s] GC(711) Pause Young (Normal) (G1 Evacuation Pause)
[2023-04-09T19:14:48.926+0800][2024.436s] GC(711) Using 8 workers of 8 for evacuation
[2023-04-09T19:14:48.928+0800][2024.438s] GC(711)   Pre Evacuate Collection Set: 0.0ms
[2023-04-09T19:14:48.928+0800][2024.438s] GC(711)   Evacuate Collection Set: 0.9ms
[2023-04-09T19:14:48.928+0800][2024.438s] GC(711)   Post Evacuate Collection Set: 0.7ms
[2023-04-09T19:14:48.928+0800][2024.438s] GC(711)   Other: 0.2ms
[2023-04-09T19:14:48.928+0800][2024.438s] GC(711) Eden regions: 301->0(298)
[2023-04-09T19:14:48.928+0800][2024.438s] GC(711) Survivor regions: 6->9(39)
[2023-04-09T19:14:48.928+0800][2024.438s] GC(711) Old regions: 75->75
[2023-04-09T19:14:48.928+0800][2024.438s] GC(711) Humongous regions: 7->6
[2023-04-09T19:14:48.928+0800][2024.438s] GC(711) Metaspace: 61365K(64368K)->61365K(64368K) NonClass: 54418K(56228K)->54418K(56228K) Class: 6946K(8140K)->6946K(8140K)
[2023-04-09T19:14:48.928+0800][2024.438s] GC(711) Pause Young (Normal) (G1 Evacuation Pause) 387M->88M(512M) 2.028ms
[2023-04-09T19:14:48.928+0800][2024.438s] GC(711) User=0.00s Sys=0.00s Real=0.00s
[2023-04-09T19:14:49.191+0800][2024.701s] GC(712) Pause Young (Normal) (G1 Evacuation Pause)
[2023-04-09T19:14:49.191+0800][2024.701s] GC(712) Using 8 workers of 8 for evacuation
[2023-04-09T19:14:49.194+0800][2024.703s] GC(712)   Pre Evacuate Collection Set: 0.0ms
[2023-04-09T19:14:49.194+0800][2024.703s] GC(712)   Evacuate Collection Set: 1.3ms
[2023-04-09T19:14:49.194+0800][2024.703s] GC(712)   Post Evacuate Collection Set: 0.5ms
[2023-04-09T19:14:49.194+0800][2024.703s] GC(712)   Other: 0.2ms
[2023-04-09T19:14:49.194+0800][2024.703s] GC(712) Eden regions: 298->0(296)
[2023-04-09T19:14:49.194+0800][2024.703s] GC(712) Survivor regions: 9->11(39)
[2023-04-09T19:14:49.194+0800][2024.703s] GC(712) Old regions: 75->75
[2023-04-09T19:14:49.194+0800][2024.703s] GC(712) Humongous regions: 7->7
[2023-04-09T19:14:49.194+0800][2024.703s] GC(712) Metaspace: 61365K(64368K)->61365K(64368K) NonClass: 54418K(56228K)->54418K(56228K) Class: 6946K(8140K)->6946K(8140K)
[2023-04-09T19:14:49.194+0800][2024.703s] GC(712) Pause Young (Normal) (G1 Evacuation Pause) 387M->91M(512M) 2.135ms
[2023-04-09T19:14:49.194+0800][2024.703s] GC(712) User=0.00s Sys=0.00s Real=0.00s
[2023-04-09T19:14:49.568+0800][2025.077s] GC(713) Pause Young (Normal) (G1 Evacuation Pause)
[2023-04-09T19:14:49.568+0800][2025.077s] GC(713) Using 8 workers of 8 for evacuation
[2023-04-09T19:14:49.570+0800][2025.079s] GC(713)   Pre Evacuate Collection Set: 0.0ms
[2023-04-09T19:14:49.570+0800][2025.079s] GC(713)   Evacuate Collection Set: 1.3ms
[2023-04-09T19:14:49.570+0800][2025.079s] GC(713)   Post Evacuate Collection Set: 0.4ms
[2023-04-09T19:14:49.570+0800][2025.079s] GC(713)   Other: 0.2ms
[2023-04-09T19:14:49.570+0800][2025.079s] GC(713) Eden regions: 296->0(296)
[2023-04-09T19:14:49.570+0800][2025.079s] GC(713) Survivor regions: 11->11(39)
[2023-04-09T19:14:49.570+0800][2025.079s] GC(713) Old regions: 75->75
[2023-04-09T19:14:49.570+0800][2025.079s] GC(713) Humongous regions: 20->13
[2023-04-09T19:14:49.570+0800][2025.079s] GC(713) Metaspace: 61365K(64368K)->61365K(64368K) NonClass: 54418K(56228K)->54418K(56228K) Class: 6946K(8140K)->6946K(8140K)
[2023-04-09T19:14:49.570+0800][2025.079s] GC(713) Pause Young (Normal) (G1 Evacuation Pause) 400M->98M(512M) 2.158ms
[2023-04-09T19:14:49.570+0800][2025.079s] GC(713) User=0.00s Sys=0.00s Real=0.00s
[2023-04-09T19:14:49.954+0800][2025.463s] GC(714) Pause Young (Normal) (G1 Evacuation Pause)
[2023-04-09T19:14:49.954+0800][2025.463s] GC(714) Using 8 workers of 8 for evacuation
[2023-04-09T19:14:49.956+0800][2025.465s] GC(714)   Pre Evacuate Collection Set: 0.0ms
[2023-04-09T19:14:49.956+0800][2025.465s] GC(714)   Evacuate Collection Set: 1.4ms
[2023-04-09T19:14:49.956+0800][2025.465s] GC(714)   Post Evacuate Collection Set: 0.7ms
[2023-04-09T19:14:49.956+0800][2025.465s] GC(714)   Other: 0.2ms
[2023-04-09T19:14:49.956+0800][2025.465s] GC(714) Eden regions: 296->0(295)
[2023-04-09T19:14:49.956+0800][2025.465s] GC(714) Survivor regions: 11->12(39)
[2023-04-09T19:14:49.956+0800][2025.465s] GC(714) Old regions: 75->75
[2023-04-09T19:14:49.956+0800][2025.465s] GC(714) Humongous regions: 18->13
[2023-04-09T19:14:49.957+0800][2025.465s] GC(714) Metaspace: 61365K(64368K)->61365K(64368K) NonClass: 54418K(56228K)->54418K(56228K) Class: 6946K(8140K)->6946K(8140K)
[2023-04-09T19:14:49.957+0800][2025.465s] GC(714) Pause Young (Normal) (G1 Evacuation Pause) 399M->98M(512M) 2.612ms
[2023-04-09T19:14:49.957+0800][2025.466s] GC(714) User=0.00s Sys=0.00s Real=0.00s
[2023-04-09T19:14:50.275+0800][2025.784s] GC(715) Pause Young (Normal) (G1 Evacuation Pause)
[2023-04-09T19:14:50.275+0800][2025.784s] GC(715) Using 8 workers of 8 for evacuation
[2023-04-09T19:14:50.277+0800][2025.785s] GC(715)   Pre Evacuate Collection Set: 0.0ms
[2023-04-09T19:14:50.277+0800][2025.785s] GC(715)   Evacuate Collection Set: 0.5ms
[2023-04-09T19:14:50.277+0800][2025.785s] GC(715)   Post Evacuate Collection Set: 0.4ms
[2023-04-09T19:14:50.277+0800][2025.785s] GC(715)   Other: 0.2ms
[2023-04-09T19:14:50.277+0800][2025.785s] GC(715) Eden regions: 295->0(305)
[2023-04-09T19:14:50.277+0800][2025.785s] GC(715) Survivor regions: 12->2(39)
[2023-04-09T19:14:50.277+0800][2025.785s] GC(715) Old regions: 75->75
[2023-04-09T19:14:50.277+0800][2025.785s] GC(715) Humongous regions: 13->4
[2023-04-09T19:14:50.277+0800][2025.785s] GC(715) Metaspace: 61365K(64368K)->61365K(64368K) NonClass: 54418K(56228K)->54418K(56228K) Class: 6946K(8140K)->6946K(8140K)
[2023-04-09T19:14:50.277+0800][2025.786s] GC(715) Pause Young (Normal) (G1 Evacuation Pause) 393M->79M(512M) 1.397ms
[2023-04-09T19:14:50.277+0800][2025.786s] GC(715) User=0.00s Sys=0.02s Real=0.00s
[2023-04-09T19:14:50.547+0800][2026.056s] GC(716) Pause Young (Normal) (G1 Evacuation Pause)
[2023-04-09T19:14:50.547+0800][2026.056s] GC(716) Using 8 workers of 8 for evacuation
[2023-04-09T19:14:50.549+0800][2026.058s] GC(716)   Pre Evacuate Collection Set: 0.0ms
[2023-04-09T19:14:50.549+0800][2026.058s] GC(716)   Evacuate Collection Set: 0.8ms
[2023-04-09T19:14:50.549+0800][2026.058s] GC(716)   Post Evacuate Collection Set: 0.6ms
[2023-04-09T19:14:50.549+0800][2026.058s] GC(716)   Other: 0.2ms
[2023-04-09T19:14:50.549+0800][2026.058s] GC(716) Eden regions: 305->0(301)
[2023-04-09T19:14:50.549+0800][2026.058s] GC(716) Survivor regions: 2->6(39)
[2023-04-09T19:14:50.549+0800][2026.058s] GC(716) Old regions: 75->75
[2023-04-09T19:14:50.549+0800][2026.058s] GC(716) Humongous regions: 5->5
[2023-04-09T19:14:50.549+0800][2026.058s] GC(716) Metaspace: 61365K(64368K)->61365K(64368K) NonClass: 54418K(56228K)->54418K(56228K) Class: 6946K(8140K)->6946K(8140K)
[2023-04-09T19:14:50.549+0800][2026.058s] GC(716) Pause Young (Normal) (G1 Evacuation Pause) 385M->84M(512M) 1.790ms
[2023-04-09T19:14:50.549+0800][2026.058s] GC(716) User=0.00s Sys=0.00s Real=0.00s
[2023-04-09T19:14:50.854+0800][2026.363s] GC(717) Pause Young (Normal) (G1 Evacuation Pause)
[2023-04-09T19:14:50.854+0800][2026.363s] GC(717) Using 8 workers of 8 for evacuation
[2023-04-09T19:14:50.856+0800][2026.365s] GC(717)   Pre Evacuate Collection Set: 0.0ms
[2023-04-09T19:14:50.856+0800][2026.365s] GC(717)   Evacuate Collection Set: 1.3ms
[2023-04-09T19:14:50.856+0800][2026.365s] GC(717)   Post Evacuate Collection Set: 0.5ms
[2023-04-09T19:14:50.856+0800][2026.365s] GC(717)   Other: 0.2ms
[2023-04-09T19:14:50.856+0800][2026.365s] GC(717) Eden regions: 301->0(298)
[2023-04-09T19:14:50.856+0800][2026.365s] GC(717) Survivor regions: 6->9(39)
[2023-04-09T19:14:50.856+0800][2026.365s] GC(717) Old regions: 75->75
[2023-04-09T19:14:50.856+0800][2026.365s] GC(717) Humongous regions: 7->6
[2023-04-09T19:14:50.856+0800][2026.365s] GC(717) Metaspace: 61365K(64368K)->61365K(64368K) NonClass: 54418K(56228K)->54418K(56228K) Class: 6946K(8140K)->6946K(8140K)
[2023-04-09T19:14:50.857+0800][2026.365s] GC(717) Pause Young (Normal) (G1 Evacuation Pause) 387M->89M(512M) 2.309ms
[2023-04-09T19:14:50.857+0800][2026.365s] GC(717) User=0.08s Sys=0.00s Real=0.00s
[2023-04-09T19:14:51.137+0800][2026.645s] GC(718) Pause Young (Normal) (G1 Evacuation Pause)
[2023-04-09T19:14:51.137+0800][2026.645s] GC(718) Using 8 workers of 8 for evacuation
[2023-04-09T19:14:51.139+0800][2026.647s] GC(718)   Pre Evacuate Collection Set: 0.0ms
[2023-04-09T19:14:51.139+0800][2026.647s] GC(718)   Evacuate Collection Set: 1.3ms
[2023-04-09T19:14:51.139+0800][2026.647s] GC(718)   Post Evacuate Collection Set: 0.6ms
[2023-04-09T19:14:51.139+0800][2026.647s] GC(718)   Other: 0.2ms
[2023-04-09T19:14:51.139+0800][2026.647s] GC(718) Eden regions: 298->0(294)
[2023-04-09T19:14:51.139+0800][2026.647s] GC(718) Survivor regions: 9->13(39)
[2023-04-09T19:14:51.139+0800][2026.647s] GC(718) Old regions: 75->75
[2023-04-09T19:14:51.139+0800][2026.647s] GC(718) Humongous regions: 7->7
[2023-04-09T19:14:51.139+0800][2026.647s] GC(718) Metaspace: 61365K(64368K)->61365K(64368K) NonClass: 54418K(56228K)->54418K(56228K) Class: 6946K(8140K)->6946K(8140K)
[2023-04-09T19:14:51.139+0800][2026.647s] GC(718) Pause Young (Normal) (G1 Evacuation Pause) 388M->93M(512M) 2.385ms
[2023-04-09T19:14:51.139+0800][2026.647s] GC(718) User=0.00s Sys=0.00s Real=0.00s
[2023-04-09T19:14:51.436+0800][2026.945s] GC(719) Pause Young (Normal) (G1 Evacuation Pause)
[2023-04-09T19:14:51.436+0800][2026.945s] GC(719) Using 8 workers of 8 for evacuation
[2023-04-09T19:14:51.438+0800][2026.947s] GC(719)   Pre Evacuate Collection Set: 0.0ms
[2023-04-09T19:14:51.438+0800][2026.947s] GC(719)   Evacuate Collection Set: 1.4ms
[2023-04-09T19:14:51.438+0800][2026.947s] GC(719)   Post Evacuate Collection Set: 0.6ms
[2023-04-09T19:14:51.438+0800][2026.947s] GC(719)   Other: 0.2ms
[2023-04-09T19:14:51.438+0800][2026.947s] GC(719) Eden regions: 294->0(295)
[2023-04-09T19:14:51.439+0800][2026.947s] GC(719) Survivor regions: 13->12(39)
[2023-04-09T19:14:51.439+0800][2026.947s] GC(719) Old regions: 75->75
[2023-04-09T19:14:51.439+0800][2026.947s] GC(719) Humongous regions: 20->13
[2023-04-09T19:14:51.439+0800][2026.947s] GC(719) Metaspace: 61365K(64368K)->61365K(64368K) NonClass: 54418K(56228K)->54418K(56228K) Class: 6946K(8140K)->6946K(8140K)
[2023-04-09T19:14:51.439+0800][2026.947s] GC(719) Pause Young (Normal) (G1 Evacuation Pause) 400M->98M(512M) 2.587ms
[2023-04-09T19:14:51.439+0800][2026.947s] GC(719) User=0.00s Sys=0.00s Real=0.00s
[2023-04-09T19:14:51.879+0800][2027.388s] GC(720) Pause Young (Normal) (G1 Evacuation Pause)
[2023-04-09T19:14:51.879+0800][2027.388s] GC(720) Using 8 workers of 8 for evacuation
[2023-04-09T19:14:51.881+0800][2027.390s] GC(720)   Pre Evacuate Collection Set: 0.0ms
[2023-04-09T19:14:51.881+0800][2027.390s] GC(720)   Evacuate Collection Set: 1.3ms
[2023-04-09T19:14:51.881+0800][2027.390s] GC(720)   Post Evacuate Collection Set: 0.6ms
[2023-04-09T19:14:51.881+0800][2027.390s] GC(720)   Other: 0.2ms
[2023-04-09T19:14:51.881+0800][2027.390s] GC(720) Eden regions: 295->0(296)
[2023-04-09T19:14:51.881+0800][2027.390s] GC(720) Survivor regions: 12->11(39)
[2023-04-09T19:14:51.881+0800][2027.390s] GC(720) Old regions: 75->75
[2023-04-09T19:14:51.881+0800][2027.390s] GC(720) Humongous regions: 18->13
[2023-04-09T19:14:51.882+0800][2027.390s] GC(720) Metaspace: 61365K(64368K)->61365K(64368K) NonClass: 54418K(56228K)->54418K(56228K) Class: 6946K(8140K)->6946K(8140K)
[2023-04-09T19:14:51.882+0800][2027.390s] GC(720) Pause Young (Normal) (G1 Evacuation Pause) 398M->98M(512M) 2.268ms
[2023-04-09T19:14:51.882+0800][2027.390s] GC(720) User=0.00s Sys=0.00s Real=0.00s
[2023-04-09T19:14:52.386+0800][2027.895s] GC(721) Pause Young (Normal) (G1 Evacuation Pause)
[2023-04-09T19:14:52.386+0800][2027.895s] GC(721) Using 8 workers of 8 for evacuation
[2023-04-09T19:14:52.388+0800][2027.897s] GC(721)   Pre Evacuate Collection Set: 0.0ms
[2023-04-09T19:14:52.388+0800][2027.897s] GC(721)   Evacuate Collection Set: 0.7ms
[2023-04-09T19:14:52.388+0800][2027.897s] GC(721)   Post Evacuate Collection Set: 0.7ms
[2023-04-09T19:14:52.388+0800][2027.897s] GC(721)   Other: 0.2ms
[2023-04-09T19:14:52.388+0800][2027.897s] GC(721) Eden regions: 296->0(301)
[2023-04-09T19:14:52.388+0800][2027.897s] GC(721) Survivor regions: 11->6(39)
[2023-04-09T19:14:52.388+0800][2027.897s] GC(721) Old regions: 75->75
[2023-04-09T19:14:52.388+0800][2027.897s] GC(721) Humongous regions: 14->5
[2023-04-09T19:14:52.388+0800][2027.897s] GC(721) Metaspace: 61366K(64368K)->61366K(64368K) NonClass: 54420K(56228K)->54420K(56228K) Class: 6946K(8140K)->6946K(8140K)
[2023-04-09T19:14:52.388+0800][2027.897s] GC(721) Pause Young (Normal) (G1 Evacuation Pause) 395M->84M(512M) 1.824ms
[2023-04-09T19:14:52.388+0800][2027.897s] GC(721) User=0.09s Sys=0.00s Real=0.00s
[2023-04-09T19:14:52.835+0800][2028.344s] GC(722) Pause Young (Normal) (G1 Evacuation Pause)
[2023-04-09T19:14:52.836+0800][2028.344s] GC(722) Using 8 workers of 8 for evacuation
[2023-04-09T19:14:52.838+0800][2028.346s] GC(722)   Pre Evacuate Collection Set: 0.0ms
[2023-04-09T19:14:52.838+0800][2028.346s] GC(722)   Evacuate Collection Set: 1.2ms
[2023-04-09T19:14:52.838+0800][2028.346s] GC(722)   Post Evacuate Collection Set: 0.6ms
[2023-04-09T19:14:52.838+0800][2028.346s] GC(722)   Other: 0.2ms
[2023-04-09T19:14:52.838+0800][2028.346s] GC(722) Eden regions: 301->0(296)
[2023-04-09T19:14:52.838+0800][2028.346s] GC(722) Survivor regions: 6->11(39)
[2023-04-09T19:14:52.838+0800][2028.346s] GC(722) Old regions: 75->75
[2023-04-09T19:14:52.838+0800][2028.346s] GC(722) Humongous regions: 8->7
[2023-04-09T19:14:52.838+0800][2028.346s] GC(722) Metaspace: 61366K(64368K)->61366K(64368K) NonClass: 54420K(56228K)->54420K(56228K) Class: 6946K(8140K)->6946K(8140K)
[2023-04-09T19:14:52.838+0800][2028.346s] GC(722) Pause Young (Normal) (G1 Evacuation Pause) 388M->92M(512M) 2.237ms
[2023-04-09T19:14:52.838+0800][2028.346s] GC(722) User=0.00s Sys=0.00s Real=0.00s
[2023-04-09T19:14:53.456+0800][2028.964s] GC(723) Pause Young (Normal) (G1 Evacuation Pause)
[2023-04-09T19:14:53.456+0800][2028.964s] GC(723) Using 8 workers of 8 for evacuation
[2023-04-09T19:14:53.458+0800][2028.966s] GC(723)   Pre Evacuate Collection Set: 0.0ms
[2023-04-09T19:14:53.458+0800][2028.966s] GC(723)   Evacuate Collection Set: 1.3ms
[2023-04-09T19:14:53.458+0800][2028.966s] GC(723)   Post Evacuate Collection Set: 0.5ms
[2023-04-09T19:14:53.458+0800][2028.966s] GC(723)   Other: 0.2ms
[2023-04-09T19:14:53.458+0800][2028.966s] GC(723) Eden regions: 296->0(297)
[2023-04-09T19:14:53.458+0800][2028.966s] GC(723) Survivor regions: 11->10(39)
[2023-04-09T19:14:53.458+0800][2028.966s] GC(723) Old regions: 75->75
[2023-04-09T19:14:53.458+0800][2028.966s] GC(723) Humongous regions: 26->13
[2023-04-09T19:14:53.458+0800][2028.966s] GC(723) Metaspace: 61369K(64368K)->61369K(64368K) NonClass: 54422K(56228K)->54422K(56228K) Class: 6946K(8140K)->6946K(8140K)
[2023-04-09T19:14:53.458+0800][2028.966s] GC(723) Pause Young (Normal) (G1 Evacuation Pause) 407M->97M(512M) 2.161ms
[2023-04-09T19:14:53.458+0800][2028.966s] GC(723) User=0.00s Sys=0.00s Real=0.00s
[2023-04-09T19:14:53.951+0800][2029.460s] GC(724) Pause Young (Normal) (G1 Evacuation Pause)
[2023-04-09T19:14:53.951+0800][2029.460s] GC(724) Using 8 workers of 8 for evacuation
[2023-04-09T19:14:53.952+0800][2029.461s] GC(724)   Pre Evacuate Collection Set: 0.0ms
[2023-04-09T19:14:53.952+0800][2029.461s] GC(724)   Evacuate Collection Set: 0.5ms
[2023-04-09T19:14:53.952+0800][2029.461s] GC(724)   Post Evacuate Collection Set: 0.7ms
[2023-04-09T19:14:53.952+0800][2029.461s] GC(724)   Other: 0.2ms
[2023-04-09T19:14:53.952+0800][2029.461s] GC(724) Eden regions: 297->0(303)
[2023-04-09T19:14:53.952+0800][2029.461s] GC(724) Survivor regions: 10->4(39)
[2023-04-09T19:14:53.952+0800][2029.461s] GC(724) Old regions: 75->75
[2023-04-09T19:14:53.952+0800][2029.461s] GC(724) Humongous regions: 14->5
[2023-04-09T19:14:53.952+0800][2029.461s] GC(724) Metaspace: 61369K(64368K)->61369K(64368K) NonClass: 54422K(56228K)->54422K(56228K) Class: 6946K(8140K)->6946K(8140K)
[2023-04-09T19:14:53.952+0800][2029.461s] GC(724) Pause Young (Normal) (G1 Evacuation Pause) 395M->82M(512M) 1.571ms
[2023-04-09T19:14:53.952+0800][2029.461s] GC(724) User=0.00s Sys=0.00s Real=0.00s
[2023-04-09T19:14:54.395+0800][2029.904s] GC(725) Pause Young (Normal) (G1 Evacuation Pause)
[2023-04-09T19:14:54.395+0800][2029.904s] GC(725) Using 8 workers of 8 for evacuation
[2023-04-09T19:14:54.397+0800][2029.906s] GC(725)   Pre Evacuate Collection Set: 0.0ms
[2023-04-09T19:14:54.397+0800][2029.906s] GC(725)   Evacuate Collection Set: 1.0ms
[2023-04-09T19:14:54.397+0800][2029.906s] GC(725)   Post Evacuate Collection Set: 0.7ms
[2023-04-09T19:14:54.397+0800][2029.906s] GC(725)   Other: 0.2ms
[2023-04-09T19:14:54.397+0800][2029.906s] GC(725) Eden regions: 303->0(297)
[2023-04-09T19:14:54.397+0800][2029.906s] GC(725) Survivor regions: 4->10(39)
[2023-04-09T19:14:54.397+0800][2029.906s] GC(725) Old regions: 75->75
[2023-04-09T19:14:54.397+0800][2029.906s] GC(725) Humongous regions: 7->6
[2023-04-09T19:14:54.397+0800][2029.906s] GC(725) Metaspace: 61369K(64368K)->61369K(64368K) NonClass: 54422K(56228K)->54422K(56228K) Class: 6946K(8140K)->6946K(8140K)
[2023-04-09T19:14:54.397+0800][2029.906s] GC(725) Pause Young (Normal) (G1 Evacuation Pause) 387M->89M(512M) 2.114ms
[2023-04-09T19:14:54.397+0800][2029.906s] GC(725) User=0.00s Sys=0.00s Real=0.00s
[2023-04-09T19:14:54.924+0800][2030.432s] GC(726) Pause Young (Normal) (G1 Evacuation Pause)
[2023-04-09T19:14:54.924+0800][2030.433s] GC(726) Using 8 workers of 8 for evacuation
[2023-04-09T19:14:54.925+0800][2030.434s] GC(726)   Pre Evacuate Collection Set: 0.0ms
[2023-04-09T19:14:54.925+0800][2030.434s] GC(726)   Evacuate Collection Set: 1.0ms
[2023-04-09T19:14:54.925+0800][2030.434s] GC(726)   Post Evacuate Collection Set: 0.5ms
[2023-04-09T19:14:54.925+0800][2030.434s] GC(726)   Other: 0.2ms
[2023-04-09T19:14:54.925+0800][2030.434s] GC(726) Eden regions: 297->0(297)
[2023-04-09T19:14:54.925+0800][2030.434s] GC(726) Survivor regions: 10->10(39)
[2023-04-09T19:14:54.926+0800][2030.434s] GC(726) Old regions: 75->75
[2023-04-09T19:14:54.926+0800][2030.434s] GC(726) Humongous regions: 25->13
[2023-04-09T19:14:54.926+0800][2030.434s] GC(726) Metaspace: 61369K(64368K)->61369K(64368K) NonClass: 54422K(56228K)->54422K(56228K) Class: 6946K(8140K)->6946K(8140K)
[2023-04-09T19:14:54.926+0800][2030.434s] GC(726) Pause Young (Normal) (G1 Evacuation Pause) 405M->97M(512M) 2.050ms
[2023-04-09T19:14:54.926+0800][2030.435s] GC(726) User=0.00s Sys=0.00s Real=0.00s
[2023-04-09T19:14:55.541+0800][2031.050s] GC(727) Pause Young (Normal) (G1 Evacuation Pause)
[2023-04-09T19:14:55.541+0800][2031.050s] GC(727) Using 8 workers of 8 for evacuation
[2023-04-09T19:14:55.542+0800][2031.051s] GC(727)   Pre Evacuate Collection Set: 0.0ms
[2023-04-09T19:14:55.542+0800][2031.051s] GC(727)   Evacuate Collection Set: 0.4ms
[2023-04-09T19:14:55.542+0800][2031.051s] GC(727)   Post Evacuate Collection Set: 0.6ms
[2023-04-09T19:14:55.542+0800][2031.051s] GC(727)   Other: 0.2ms
[2023-04-09T19:14:55.542+0800][2031.051s] GC(727) Eden regions: 297->0(305)
[2023-04-09T19:14:55.542+0800][2031.051s] GC(727) Survivor regions: 10->2(39)
[2023-04-09T19:14:55.542+0800][2031.051s] GC(727) Old regions: 75->75
[2023-04-09T19:14:55.542+0800][2031.051s] GC(727) Humongous regions: 13->4
[2023-04-09T19:14:55.542+0800][2031.051s] GC(727) Metaspace: 61369K(64368K)->61369K(64368K) NonClass: 54422K(56228K)->54422K(56228K) Class: 6946K(8140K)->6946K(8140K)
[2023-04-09T19:14:55.542+0800][2031.051s] GC(727) Pause Young (Normal) (G1 Evacuation Pause) 394M->80M(512M) 1.432ms
[2023-04-09T19:14:55.542+0800][2031.051s] GC(727) User=0.00s Sys=0.00s Real=0.00s
[2023-04-09T19:14:56.012+0800][2031.522s] GC(728) Pause Young (Normal) (G1 Evacuation Pause)
[2023-04-09T19:14:56.012+0800][2031.522s] GC(728) Using 8 workers of 8 for evacuation
[2023-04-09T19:14:56.014+0800][2031.523s] GC(728)   Pre Evacuate Collection Set: 0.0ms
[2023-04-09T19:14:56.014+0800][2031.523s] GC(728)   Evacuate Collection Set: 0.9ms
[2023-04-09T19:14:56.014+0800][2031.523s] GC(728)   Post Evacuate Collection Set: 0.7ms
[2023-04-09T19:14:56.014+0800][2031.523s] GC(728)   Other: 0.2ms
[2023-04-09T19:14:56.014+0800][2031.523s] GC(728) Eden regions: 305->0(299)
[2023-04-09T19:14:56.014+0800][2031.523s] GC(728) Survivor regions: 2->8(39)
[2023-04-09T19:14:56.014+0800][2031.523s] GC(728) Old regions: 75->75
[2023-04-09T19:14:56.014+0800][2031.523s] GC(728) Humongous regions: 7->6
[2023-04-09T19:14:56.014+0800][2031.523s] GC(728) Metaspace: 61369K(64368K)->61369K(64368K) NonClass: 54422K(56228K)->54422K(56228K) Class: 6946K(8140K)->6946K(8140K)
[2023-04-09T19:14:56.014+0800][2031.523s] GC(728) Pause Young (Normal) (G1 Evacuation Pause) 388M->87M(512M) 1.888ms
[2023-04-09T19:14:56.014+0800][2031.524s] GC(728) User=0.00s Sys=0.00s Real=0.00s
[2023-04-09T19:14:56.476+0800][2031.985s] GC(729) Pause Young (Normal) (G1 Evacuation Pause)
[2023-04-09T19:14:56.476+0800][2031.985s] GC(729) Using 8 workers of 8 for evacuation
[2023-04-09T19:14:56.478+0800][2031.987s] GC(729)   Pre Evacuate Collection Set: 0.0ms
[2023-04-09T19:14:56.478+0800][2031.987s] GC(729)   Evacuate Collection Set: 1.1ms
[2023-04-09T19:14:56.478+0800][2031.987s] GC(729)   Post Evacuate Collection Set: 0.6ms
[2023-04-09T19:14:56.478+0800][2031.987s] GC(729)   Other: 0.2ms
[2023-04-09T19:14:56.478+0800][2031.987s] GC(729) Eden regions: 299->0(297)
[2023-04-09T19:14:56.478+0800][2031.987s] GC(729) Survivor regions: 8->10(39)
[2023-04-09T19:14:56.478+0800][2031.987s] GC(729) Old regions: 75->75
[2023-04-09T19:14:56.478+0800][2031.987s] GC(729) Humongous regions: 20->13
[2023-04-09T19:14:56.478+0800][2031.987s] GC(729) Metaspace: 61369K(64368K)->61369K(64368K) NonClass: 54422K(56228K)->54422K(56228K) Class: 6946K(8140K)->6946K(8140K)
[2023-04-09T19:14:56.478+0800][2031.987s] GC(729) Pause Young (Normal) (G1 Evacuation Pause) 400M->97M(512M) 2.047ms
[2023-04-09T19:14:56.478+0800][2031.987s] GC(729) User=0.00s Sys=0.00s Real=0.00s
[2023-04-09T19:14:57.113+0800][2032.621s] GC(730) Pause Young (Normal) (G1 Evacuation Pause)
[2023-04-09T19:14:57.113+0800][2032.621s] GC(730) Using 8 workers of 8 for evacuation
[2023-04-09T19:14:57.114+0800][2032.622s] GC(730)   Pre Evacuate Collection Set: 0.0ms
[2023-04-09T19:14:57.114+0800][2032.622s] GC(730)   Evacuate Collection Set: 0.3ms
[2023-04-09T19:14:57.114+0800][2032.622s] GC(730)   Post Evacuate Collection Set: 0.5ms
[2023-04-09T19:14:57.114+0800][2032.622s] GC(730)   Other: 0.1ms
[2023-04-09T19:14:57.114+0800][2032.622s] GC(730) Eden regions: 297->0(306)
[2023-04-09T19:14:57.114+0800][2032.622s] GC(730) Survivor regions: 10->1(39)
[2023-04-09T19:14:57.114+0800][2032.622s] GC(730) Old regions: 75->75
[2023-04-09T19:14:57.114+0800][2032.622s] GC(730) Humongous regions: 18->4
[2023-04-09T19:14:57.114+0800][2032.622s] GC(730) Metaspace: 61369K(64368K)->61369K(64368K) NonClass: 54422K(56228K)->54422K(56228K) Class: 6946K(8140K)->6946K(8140K)
[2023-04-09T19:14:57.114+0800][2032.622s] GC(730) Pause Young (Normal) (G1 Evacuation Pause) 399M->78M(512M) 1.092ms
[2023-04-09T19:14:57.114+0800][2032.622s] GC(730) User=0.00s Sys=0.00s Real=0.00s
[2023-04-09T19:14:57.550+0800][2033.058s] GC(731) Pause Young (Normal) (G1 Evacuation Pause)
[2023-04-09T19:14:57.550+0800][2033.058s] GC(731) Using 8 workers of 8 for evacuation
[2023-04-09T19:14:57.551+0800][2033.060s] GC(731)   Pre Evacuate Collection Set: 0.0ms
[2023-04-09T19:14:57.551+0800][2033.060s] GC(731)   Evacuate Collection Set: 0.8ms
[2023-04-09T19:14:57.551+0800][2033.060s] GC(731)   Post Evacuate Collection Set: 0.5ms
[2023-04-09T19:14:57.551+0800][2033.060s] GC(731)   Other: 0.2ms
[2023-04-09T19:14:57.551+0800][2033.060s] GC(731) Eden regions: 306->0(300)
[2023-04-09T19:14:57.551+0800][2033.060s] GC(731) Survivor regions: 1->7(39)
[2023-04-09T19:14:57.552+0800][2033.060s] GC(731) Old regions: 75->75
[2023-04-09T19:14:57.552+0800][2033.060s] GC(731) Humongous regions: 7->6
[2023-04-09T19:14:57.552+0800][2033.060s] GC(731) Metaspace: 61369K(64368K)->61369K(64368K) NonClass: 54422K(56228K)->54422K(56228K) Class: 6946K(8140K)->6946K(8140K)
[2023-04-09T19:14:57.552+0800][2033.060s] GC(731) Pause Young (Normal) (G1 Evacuation Pause) 387M->86M(512M) 1.772ms
[2023-04-09T19:14:57.552+0800][2033.060s] GC(731) User=0.00s Sys=0.00s Real=0.00s
[2023-04-09T19:14:58.002+0800][2033.511s] GC(732) Pause Young (Normal) (G1 Evacuation Pause)
[2023-04-09T19:14:58.002+0800][2033.511s] GC(732) Using 8 workers of 8 for evacuation
[2023-04-09T19:14:58.003+0800][2033.512s] GC(732)   Pre Evacuate Collection Set: 0.0ms
[2023-04-09T19:14:58.003+0800][2033.512s] GC(732)   Evacuate Collection Set: 0.9ms
[2023-04-09T19:14:58.003+0800][2033.512s] GC(732)   Post Evacuate Collection Set: 0.6ms
[2023-04-09T19:14:58.003+0800][2033.512s] GC(732)   Other: 0.2ms
[2023-04-09T19:14:58.003+0800][2033.513s] GC(732) Eden regions: 300->0(298)
[2023-04-09T19:14:58.003+0800][2033.513s] GC(732) Survivor regions: 7->9(39)
[2023-04-09T19:14:58.003+0800][2033.513s] GC(732) Old regions: 75->75
[2023-04-09T19:14:58.003+0800][2033.513s] GC(732) Humongous regions: 15->13
[2023-04-09T19:14:58.003+0800][2033.513s] GC(732) Metaspace: 61369K(64368K)->61369K(64368K) NonClass: 54422K(56228K)->54422K(56228K) Class: 6946K(8140K)->6946K(8140K)
[2023-04-09T19:14:58.003+0800][2033.513s] GC(732) Pause Young (Normal) (G1 Evacuation Pause) 395M->95M(512M) 1.891ms
[2023-04-09T19:14:58.003+0800][2033.513s] GC(732) User=0.00s Sys=0.00s Real=0.00s
[2023-04-09T19:14:58.570+0800][2034.079s] GC(733) Pause Young (Normal) (G1 Evacuation Pause)
[2023-04-09T19:14:58.570+0800][2034.079s] GC(733) Using 8 workers of 8 for evacuation
[2023-04-09T19:14:58.572+0800][2034.081s] GC(733)   Pre Evacuate Collection Set: 0.0ms
[2023-04-09T19:14:58.572+0800][2034.081s] GC(733)   Evacuate Collection Set: 1.2ms
[2023-04-09T19:14:58.572+0800][2034.081s] GC(733)   Post Evacuate Collection Set: 0.7ms
[2023-04-09T19:14:58.572+0800][2034.081s] GC(733)   Other: 0.2ms
[2023-04-09T19:14:58.572+0800][2034.081s] GC(733) Eden regions: 298->0(296)
[2023-04-09T19:14:58.572+0800][2034.081s] GC(733) Survivor regions: 9->11(39)
[2023-04-09T19:14:58.572+0800][2034.081s] GC(733) Old regions: 75->75
[2023-04-09T19:14:58.572+0800][2034.081s] GC(733) Humongous regions: 23->13
[2023-04-09T19:14:58.572+0800][2034.081s] GC(733) Metaspace: 61369K(64368K)->61369K(64368K) NonClass: 54422K(56228K)->54422K(56228K) Class: 6946K(8140K)->6946K(8140K)
[2023-04-09T19:14:58.572+0800][2034.081s] GC(733) Pause Young (Normal) (G1 Evacuation Pause) 403M->97M(512M) 2.371ms
[2023-04-09T19:14:58.572+0800][2034.081s] GC(733) User=0.00s Sys=0.00s Real=0.00s
[2023-04-09T19:14:59.085+0800][2034.593s] GC(734) Pause Young (Normal) (G1 Evacuation Pause)
[2023-04-09T19:14:59.085+0800][2034.593s] GC(734) Using 8 workers of 8 for evacuation
[2023-04-09T19:14:59.086+0800][2034.595s] GC(734)   Pre Evacuate Collection Set: 0.0ms
[2023-04-09T19:14:59.086+0800][2034.595s] GC(734)   Evacuate Collection Set: 0.6ms
[2023-04-09T19:14:59.086+0800][2034.595s] GC(734)   Post Evacuate Collection Set: 0.5ms
[2023-04-09T19:14:59.086+0800][2034.595s] GC(734)   Other: 0.2ms
[2023-04-09T19:14:59.086+0800][2034.595s] GC(734) Eden regions: 296->0(302)
[2023-04-09T19:14:59.086+0800][2034.595s] GC(734) Survivor regions: 11->5(39)
[2023-04-09T19:14:59.086+0800][2034.595s] GC(734) Old regions: 75->75
[2023-04-09T19:14:59.086+0800][2034.595s] GC(734) Humongous regions: 14->5
[2023-04-09T19:14:59.086+0800][2034.595s] GC(734) Metaspace: 61369K(64368K)->61369K(64368K) NonClass: 54422K(56228K)->54422K(56228K) Class: 6946K(8140K)->6946K(8140K)
[2023-04-09T19:14:59.086+0800][2034.595s] GC(734) Pause Young (Normal) (G1 Evacuation Pause) 394M->83M(512M) 1.458ms
[2023-04-09T19:14:59.086+0800][2034.595s] GC(734) User=0.00s Sys=0.00s Real=0.00s
[2023-04-09T19:14:59.551+0800][2035.060s] GC(735) Pause Young (Normal) (G1 Evacuation Pause)
[2023-04-09T19:14:59.551+0800][2035.060s] GC(735) Using 8 workers of 8 for evacuation
[2023-04-09T19:14:59.553+0800][2035.062s] GC(735)   Pre Evacuate Collection Set: 0.0ms
[2023-04-09T19:14:59.553+0800][2035.062s] GC(735)   Evacuate Collection Set: 1.2ms
[2023-04-09T19:14:59.553+0800][2035.062s] GC(735)   Post Evacuate Collection Set: 0.6ms
[2023-04-09T19:14:59.553+0800][2035.062s] GC(735)   Other: 0.2ms
[2023-04-09T19:14:59.553+0800][2035.062s] GC(735) Eden regions: 302->0(297)
[2023-04-09T19:14:59.553+0800][2035.062s] GC(735) Survivor regions: 5->10(39)
[2023-04-09T19:14:59.553+0800][2035.062s] GC(735) Old regions: 75->75
[2023-04-09T19:14:59.553+0800][2035.062s] GC(735) Humongous regions: 8->7
[2023-04-09T19:14:59.553+0800][2035.062s] GC(735) Metaspace: 61369K(64368K)->61369K(64368K) NonClass: 54422K(56228K)->54422K(56228K) Class: 6946K(8140K)->6946K(8140K)
[2023-04-09T19:14:59.553+0800][2035.062s] GC(735) Pause Young (Normal) (G1 Evacuation Pause) 388M->91M(512M) 2.140ms
[2023-04-09T19:14:59.553+0800][2035.062s] GC(735) User=0.00s Sys=0.00s Real=0.00s
[2023-04-09T19:15:00.161+0800][2035.670s] GC(736) Pause Young (Normal) (G1 Evacuation Pause)
[2023-04-09T19:15:00.161+0800][2035.670s] GC(736) Using 8 workers of 8 for evacuation
[2023-04-09T19:15:00.163+0800][2035.672s] GC(736)   Pre Evacuate Collection Set: 0.0ms
[2023-04-09T19:15:00.163+0800][2035.672s] GC(736)   Evacuate Collection Set: 1.1ms
[2023-04-09T19:15:00.163+0800][2035.672s] GC(736)   Post Evacuate Collection Set: 0.7ms
[2023-04-09T19:15:00.163+0800][2035.672s] GC(736)   Other: 0.2ms
[2023-04-09T19:15:00.163+0800][2035.672s] GC(736) Eden regions: 297->0(296)
[2023-04-09T19:15:00.163+0800][2035.672s] GC(736) Survivor regions: 10->11(39)
[2023-04-09T19:15:00.163+0800][2035.672s] GC(736) Old regions: 75->75
[2023-04-09T19:15:00.163+0800][2035.672s] GC(736) Humongous regions: 25->13
[2023-04-09T19:15:00.163+0800][2035.672s] GC(736) Metaspace: 61369K(64368K)->61369K(64368K) NonClass: 54422K(56228K)->54422K(56228K) Class: 6946K(8140K)->6946K(8140K)
[2023-04-09T19:15:00.163+0800][2035.672s] GC(736) Pause Young (Normal) (G1 Evacuation Pause) 406M->97M(512M) 2.112ms
[2023-04-09T19:15:00.163+0800][2035.672s] GC(736) User=0.00s Sys=0.00s Real=0.00s
[2023-04-09T19:15:00.657+0800][2036.166s] GC(737) Pause Young (Normal) (G1 Evacuation Pause)
[2023-04-09T19:15:00.657+0800][2036.166s] GC(737) Using 8 workers of 8 for evacuation
[2023-04-09T19:15:00.658+0800][2036.167s] GC(737)   Pre Evacuate Collection Set: 0.0ms
[2023-04-09T19:15:00.658+0800][2036.167s] GC(737)   Evacuate Collection Set: 0.5ms
[2023-04-09T19:15:00.658+0800][2036.167s] GC(737)   Post Evacuate Collection Set: 0.6ms
[2023-04-09T19:15:00.658+0800][2036.167s] GC(737)   Other: 0.2ms
[2023-04-09T19:15:00.658+0800][2036.167s] GC(737) Eden regions: 296->0(303)
[2023-04-09T19:15:00.659+0800][2036.167s] GC(737) Survivor regions: 11->4(39)
[2023-04-09T19:15:00.659+0800][2036.167s] GC(737) Old regions: 75->75
[2023-04-09T19:15:00.659+0800][2036.167s] GC(737) Humongous regions: 14->5
[2023-04-09T19:15:00.659+0800][2036.167s] GC(737) Metaspace: 61369K(64368K)->61369K(64368K) NonClass: 54422K(56228K)->54422K(56228K) Class: 6946K(8140K)->6946K(8140K)
[2023-04-09T19:15:00.659+0800][2036.167s] GC(737) Pause Young (Normal) (G1 Evacuation Pause) 394M->82M(512M) 1.555ms
[2023-04-09T19:15:00.659+0800][2036.167s] GC(737) User=0.00s Sys=0.00s Real=0.00s
[2023-04-09T19:15:01.121+0800][2036.630s] GC(738) Pause Young (Normal) (G1 Evacuation Pause)
[2023-04-09T19:15:01.121+0800][2036.631s] GC(738) Using 8 workers of 8 for evacuation
[2023-04-09T19:15:01.123+0800][2036.632s] GC(738)   Pre Evacuate Collection Set: 0.0ms
[2023-04-09T19:15:01.123+0800][2036.632s] GC(738)   Evacuate Collection Set: 1.3ms
[2023-04-09T19:15:01.123+0800][2036.633s] GC(738)   Post Evacuate Collection Set: 0.5ms
[2023-04-09T19:15:01.123+0800][2036.633s] GC(738)   Other: 0.2ms
[2023-04-09T19:15:01.123+0800][2036.633s] GC(738) Eden regions: 303->0(298)
[2023-04-09T19:15:01.123+0800][2036.633s] GC(738) Survivor regions: 4->9(39)
[2023-04-09T19:15:01.123+0800][2036.633s] GC(738) Old regions: 75->75
[2023-04-09T19:15:01.123+0800][2036.633s] GC(738) Humongous regions: 7->6
[2023-04-09T19:15:01.123+0800][2036.633s] GC(738) Metaspace: 61369K(64368K)->61369K(64368K) NonClass: 54422K(56228K)->54422K(56228K) Class: 6946K(8140K)->6946K(8140K)
[2023-04-09T19:15:01.123+0800][2036.633s] GC(738) Pause Young (Normal) (G1 Evacuation Pause) 387M->89M(512M) 2.284ms
[2023-04-09T19:15:01.123+0800][2036.633s] GC(738) User=0.00s Sys=0.00s Real=0.00s
[2023-04-09T19:15:01.590+0800][2037.099s] GC(739) Pause Young (Normal) (G1 Evacuation Pause)
[2023-04-09T19:15:01.590+0800][2037.099s] GC(739) Using 8 workers of 8 for evacuation
[2023-04-09T19:15:01.592+0800][2037.101s] GC(739)   Pre Evacuate Collection Set: 0.0ms
[2023-04-09T19:15:01.592+0800][2037.101s] GC(739)   Evacuate Collection Set: 1.2ms
[2023-04-09T19:15:01.592+0800][2037.101s] GC(739)   Post Evacuate Collection Set: 0.6ms
[2023-04-09T19:15:01.592+0800][2037.101s] GC(739)   Other: 0.3ms
[2023-04-09T19:15:01.592+0800][2037.101s] GC(739) Eden regions: 298->0(296)
[2023-04-09T19:15:01.592+0800][2037.101s] GC(739) Survivor regions: 9->11(39)
[2023-04-09T19:15:01.592+0800][2037.101s] GC(739) Old regions: 75->75
[2023-04-09T19:15:01.592+0800][2037.101s] GC(739) Humongous regions: 25->13
[2023-04-09T19:15:01.592+0800][2037.101s] GC(739) Metaspace: 61369K(64368K)->61369K(64368K) NonClass: 54422K(56228K)->54422K(56228K) Class: 6946K(8140K)->6946K(8140K)
[2023-04-09T19:15:01.592+0800][2037.101s] GC(739) Pause Young (Normal) (G1 Evacuation Pause) 406M->98M(512M) 2.191ms
[2023-04-09T19:15:01.592+0800][2037.101s] GC(739) User=0.00s Sys=0.00s Real=0.00s
[2023-04-09T19:15:02.215+0800][2037.724s] GC(740) Pause Young (Normal) (G1 Evacuation Pause)
[2023-04-09T19:15:02.215+0800][2037.724s] GC(740) Using 8 workers of 8 for evacuation
[2023-04-09T19:15:02.216+0800][2037.725s] GC(740)   Pre Evacuate Collection Set: 0.0ms
[2023-04-09T19:15:02.216+0800][2037.725s] GC(740)   Evacuate Collection Set: 0.4ms
[2023-04-09T19:15:02.216+0800][2037.725s] GC(740)   Post Evacuate Collection Set: 0.5ms
[2023-04-09T19:15:02.216+0800][2037.725s] GC(740)   Other: 0.2ms
[2023-04-09T19:15:02.216+0800][2037.725s] GC(740) Eden regions: 296->0(305)
[2023-04-09T19:15:02.216+0800][2037.725s] GC(740) Survivor regions: 11->2(39)
[2023-04-09T19:15:02.216+0800][2037.725s] GC(740) Old regions: 75->75
[2023-04-09T19:15:02.216+0800][2037.725s] GC(740) Humongous regions: 13->4
[2023-04-09T19:15:02.216+0800][2037.725s] GC(740) Metaspace: 61370K(64368K)->61370K(64368K) NonClass: 54423K(56228K)->54423K(56228K) Class: 6946K(8140K)->6946K(8140K)
[2023-04-09T19:15:02.216+0800][2037.725s] GC(740) Pause Young (Normal) (G1 Evacuation Pause) 394M->80M(512M) 1.212ms
[2023-04-09T19:15:02.216+0800][2037.726s] GC(740) User=0.00s Sys=0.00s Real=0.00s
[2023-04-09T19:15:02.679+0800][2038.188s] GC(741) Pause Young (Normal) (G1 Evacuation Pause)
[2023-04-09T19:15:02.679+0800][2038.188s] GC(741) Using 8 workers of 8 for evacuation
[2023-04-09T19:15:02.681+0800][2038.190s] GC(741)   Pre Evacuate Collection Set: 0.0ms
[2023-04-09T19:15:02.681+0800][2038.190s] GC(741)   Evacuate Collection Set: 0.9ms
[2023-04-09T19:15:02.681+0800][2038.190s] GC(741)   Post Evacuate Collection Set: 0.5ms
[2023-04-09T19:15:02.681+0800][2038.190s] GC(741)   Other: 0.1ms
[2023-04-09T19:15:02.681+0800][2038.190s] GC(741) Eden regions: 305->0(299)
[2023-04-09T19:15:02.681+0800][2038.190s] GC(741) Survivor regions: 2->8(39)
[2023-04-09T19:15:02.681+0800][2038.190s] GC(741) Old regions: 75->75
[2023-04-09T19:15:02.681+0800][2038.190s] GC(741) Humongous regions: 7->6
[2023-04-09T19:15:02.681+0800][2038.190s] GC(741) Metaspace: 61370K(64368K)->61370K(64368K) NonClass: 54423K(56228K)->54423K(56228K) Class: 6946K(8140K)->6946K(8140K)
[2023-04-09T19:15:02.681+0800][2038.190s] GC(741) Pause Young (Normal) (G1 Evacuation Pause) 388M->87M(512M) 1.748ms
[2023-04-09T19:15:02.681+0800][2038.190s] GC(741) User=0.00s Sys=0.00s Real=0.00s
[2023-04-09T19:15:03.154+0800][2038.663s] GC(742) Pause Young (Normal) (G1 Evacuation Pause)
[2023-04-09T19:15:03.154+0800][2038.663s] GC(742) Using 8 workers of 8 for evacuation
[2023-04-09T19:15:03.156+0800][2038.665s] GC(742)   Pre Evacuate Collection Set: 0.0ms
[2023-04-09T19:15:03.156+0800][2038.665s] GC(742)   Evacuate Collection Set: 1.2ms
[2023-04-09T19:15:03.156+0800][2038.665s] GC(742)   Post Evacuate Collection Set: 0.5ms
[2023-04-09T19:15:03.156+0800][2038.665s] GC(742)   Other: 0.2ms
[2023-04-09T19:15:03.156+0800][2038.665s] GC(742) Eden regions: 299->0(297)
[2023-04-09T19:15:03.156+0800][2038.665s] GC(742) Survivor regions: 8->10(39)
[2023-04-09T19:15:03.156+0800][2038.665s] GC(742) Old regions: 75->75
[2023-04-09T19:15:03.156+0800][2038.665s] GC(742) Humongous regions: 20->13
[2023-04-09T19:15:03.156+0800][2038.665s] GC(742) Metaspace: 61370K(64368K)->61370K(64368K) NonClass: 54423K(56228K)->54423K(56228K) Class: 6946K(8140K)->6946K(8140K)
[2023-04-09T19:15:03.156+0800][2038.665s] GC(742) Pause Young (Normal) (G1 Evacuation Pause) 400M->97M(512M) 2.288ms
[2023-04-09T19:15:03.156+0800][2038.665s] GC(742) User=0.00s Sys=0.00s Real=0.00s
[2023-04-09T19:15:03.797+0800][2039.306s] GC(743) Pause Young (Normal) (G1 Evacuation Pause)
[2023-04-09T19:15:03.797+0800][2039.306s] GC(743) Using 8 workers of 8 for evacuation
[2023-04-09T19:15:03.798+0800][2039.307s] GC(743)   Pre Evacuate Collection Set: 0.0ms
[2023-04-09T19:15:03.798+0800][2039.307s] GC(743)   Evacuate Collection Set: 0.3ms
[2023-04-09T19:15:03.798+0800][2039.307s] GC(743)   Post Evacuate Collection Set: 0.5ms
[2023-04-09T19:15:03.798+0800][2039.307s] GC(743)   Other: 0.1ms
[2023-04-09T19:15:03.798+0800][2039.307s] GC(743) Eden regions: 297->0(306)
[2023-04-09T19:15:03.798+0800][2039.307s] GC(743) Survivor regions: 10->1(39)
[2023-04-09T19:15:03.798+0800][2039.307s] GC(743) Old regions: 75->75
[2023-04-09T19:15:03.798+0800][2039.307s] GC(743) Humongous regions: 18->4
[2023-04-09T19:15:03.798+0800][2039.307s] GC(743) Metaspace: 61370K(64368K)->61370K(64368K) NonClass: 54423K(56228K)->54423K(56228K) Class: 6946K(8140K)->6946K(8140K)
[2023-04-09T19:15:03.798+0800][2039.307s] GC(743) Pause Young (Normal) (G1 Evacuation Pause) 399M->78M(512M) 1.123ms
[2023-04-09T19:15:03.798+0800][2039.307s] GC(743) User=0.00s Sys=0.00s Real=0.00s
[2023-04-09T19:15:04.344+0800][2039.853s] GC(744) Pause Young (Normal) (G1 Evacuation Pause)
[2023-04-09T19:15:04.344+0800][2039.853s] GC(744) Using 8 workers of 8 for evacuation
[2023-04-09T19:15:04.345+0800][2039.855s] GC(744)   Pre Evacuate Collection Set: 0.0ms
[2023-04-09T19:15:04.346+0800][2039.855s] GC(744)   Evacuate Collection Set: 0.7ms
[2023-04-09T19:15:04.346+0800][2039.855s] GC(744)   Post Evacuate Collection Set: 0.5ms
[2023-04-09T19:15:04.346+0800][2039.855s] GC(744)   Other: 0.2ms
[2023-04-09T19:15:04.346+0800][2039.855s] GC(744) Eden regions: 306->0(302)
[2023-04-09T19:15:04.346+0800][2039.855s] GC(744) Survivor regions: 1->5(39)
[2023-04-09T19:15:04.346+0800][2039.855s] GC(744) Old regions: 75->75
[2023-04-09T19:15:04.346+0800][2039.855s] GC(744) Humongous regions: 5->5
[2023-04-09T19:15:04.346+0800][2039.855s] GC(744) Metaspace: 61370K(64368K)->61370K(64368K) NonClass: 54423K(56228K)->54423K(56228K) Class: 6946K(8140K)->6946K(8140K)
[2023-04-09T19:15:04.346+0800][2039.855s] GC(744) Pause Young (Normal) (G1 Evacuation Pause) 385M->84M(512M) 1.709ms
[2023-04-09T19:15:04.346+0800][2039.855s] GC(744) User=0.00s Sys=0.00s Real=0.00s
[2023-04-09T19:20:52.763+0800][2388.272s] GC(745) Pause Young (Concurrent Start) (G1 Humongous Allocation)
[2023-04-09T19:20:52.763+0800][2388.272s] GC(745) Using 8 workers of 8 for evacuation
[2023-04-09T19:20:52.769+0800][2388.277s] GC(745)   Pre Evacuate Collection Set: 0.1ms
[2023-04-09T19:20:52.769+0800][2388.277s] GC(745)   Evacuate Collection Set: 4.2ms
[2023-04-09T19:20:52.769+0800][2388.277s] GC(745)   Post Evacuate Collection Set: 0.8ms
[2023-04-09T19:20:52.769+0800][2388.277s] GC(745)   Other: 0.2ms
[2023-04-09T19:20:52.769+0800][2388.278s] GC(745) Eden regions: 290->0(291)
[2023-04-09T19:20:52.769+0800][2388.278s] GC(745) Survivor regions: 5->16(39)
[2023-04-09T19:20:52.769+0800][2388.278s] GC(745) Old regions: 75->75
[2023-04-09T19:20:52.769+0800][2388.278s] GC(745) Humongous regions: 50->18
[2023-04-09T19:20:52.769+0800][2388.278s] GC(745) Metaspace: 61919K(64880K)->61919K(64880K) NonClass: 54916K(56740K)->54916K(56740K) Class: 7003K(8140K)->7003K(8140K)
[2023-04-09T19:20:52.769+0800][2388.278s] GC(745) Pause Young (Concurrent Start) (G1 Humongous Allocation) 419M->108M(512M) 5.593ms
[2023-04-09T19:20:52.769+0800][2388.278s] GC(745) User=0.00s Sys=0.00s Real=0.01s
[2023-04-09T19:20:52.769+0800][2388.278s] GC(746) Concurrent Cycle
[2023-04-09T19:20:52.769+0800][2388.278s] GC(746) Concurrent Clear Claimed Marks
[2023-04-09T19:20:52.769+0800][2388.278s] GC(746) Concurrent Clear Claimed Marks 0.112ms
[2023-04-09T19:20:52.769+0800][2388.278s] GC(746) Concurrent Scan Root Regions
[2023-04-09T19:20:52.772+0800][2388.281s] GC(746) Concurrent Scan Root Regions 2.627ms
[2023-04-09T19:20:52.772+0800][2388.281s] GC(746) Concurrent Mark (2388.281s)
[2023-04-09T19:20:52.772+0800][2388.281s] GC(746) Concurrent Mark From Roots
[2023-04-09T19:20:52.772+0800][2388.281s] GC(746) Using 2 workers of 2 for marking
[2023-04-09T19:20:52.802+0800][2388.311s] GC(746) Concurrent Mark From Roots 30.218ms
[2023-04-09T19:20:52.802+0800][2388.311s] GC(746) Concurrent Preclean
[2023-04-09T19:20:52.802+0800][2388.311s] GC(746) Concurrent Preclean 0.355ms
[2023-04-09T19:20:52.802+0800][2388.311s] GC(746) Concurrent Mark (2388.281s, 2388.311s) 30.703ms
[2023-04-09T19:20:52.803+0800][2388.312s] GC(746) Pause Remark
[2023-04-09T19:20:52.807+0800][2388.316s] GC(746) Cleaned string and symbol table, strings: 28141 processed, 190 removed, symbols: 172447 processed, 5 removed
[2023-04-09T19:20:52.808+0800][2388.316s] GC(746) Pause Remark 123M->114M(512M) 4.878ms
[2023-04-09T19:20:52.808+0800][2388.316s] GC(746) User=0.09s Sys=0.00s Real=0.01s
[2023-04-09T19:20:52.808+0800][2388.317s] GC(746) Concurrent Rebuild Remembered Sets
[2023-04-09T19:20:52.823+0800][2388.332s] GC(746) Concurrent Rebuild Remembered Sets 15.491ms
[2023-04-09T19:20:52.823+0800][2388.332s] GC(746) Pause Cleanup
[2023-04-09T19:20:52.824+0800][2388.333s] GC(746) Pause Cleanup 120M->120M(512M) 0.213ms
[2023-04-09T19:20:52.824+0800][2388.333s] GC(746) User=0.08s Sys=0.00s Real=0.00s
[2023-04-09T19:20:52.824+0800][2388.333s] GC(746) Concurrent Cleanup for Next Mark
[2023-04-09T19:20:52.825+0800][2388.333s] GC(746) Concurrent Cleanup for Next Mark 0.795ms
[2023-04-09T19:20:52.825+0800][2388.333s] GC(746) Concurrent Cycle 55.670ms
[2023-04-09T19:20:53.459+0800][2388.968s] GC(747) Pause Young (Prepare Mixed) (G1 Evacuation Pause)
[2023-04-09T19:20:53.459+0800][2388.968s] GC(747) Using 8 workers of 8 for evacuation
[2023-04-09T19:20:53.469+0800][2388.978s] GC(747) To-space exhausted
[2023-04-09T19:20:53.469+0800][2388.978s] GC(747)   Pre Evacuate Collection Set: 0.0ms
[2023-04-09T19:20:53.469+0800][2388.978s] GC(747)   Evacuate Collection Set: 4.7ms
[2023-04-09T19:20:53.469+0800][2388.978s] GC(747)   Post Evacuate Collection Set: 5.5ms
[2023-04-09T19:20:53.469+0800][2388.978s] GC(747)   Other: 0.3ms
[2023-04-09T19:20:53.469+0800][2388.978s] GC(747) Eden regions: 291->0(1)
[2023-04-09T19:20:53.469+0800][2388.978s] GC(747) Survivor regions: 16->26(39)
[2023-04-09T19:20:53.469+0800][2388.978s] GC(747) Old regions: 66->283
[2023-04-09T19:20:53.469+0800][2388.978s] GC(747) Humongous regions: 113->25
[2023-04-09T19:20:53.469+0800][2388.978s] GC(747) Metaspace: 61922K(64880K)->61922K(64880K) NonClass: 54918K(56740K)->54918K(56740K) Class: 7003K(8140K)->7003K(8140K)
[2023-04-09T19:20:53.469+0800][2388.978s] GC(747) Pause Young (Prepare Mixed) (G1 Evacuation Pause) 485M->333M(512M) 10.584ms
[2023-04-09T19:20:53.469+0800][2388.978s] GC(747) User=0.12s Sys=0.00s Real=0.01s
[2023-04-09T19:20:53.472+0800][2388.981s] GC(748) Pause Young (Mixed) (G1 Evacuation Pause)
[2023-04-09T19:20:53.472+0800][2388.981s] GC(748) Using 8 workers of 8 for evacuation
[2023-04-09T19:20:53.477+0800][2388.986s] GC(748)   Pre Evacuate Collection Set: 0.0ms
[2023-04-09T19:20:53.477+0800][2388.986s] GC(748)   Evacuate Collection Set: 3.5ms
[2023-04-09T19:20:53.477+0800][2388.986s] GC(748)   Post Evacuate Collection Set: 0.6ms
[2023-04-09T19:20:53.477+0800][2388.986s] GC(748)   Other: 0.2ms
[2023-04-09T19:20:53.477+0800][2388.986s] GC(748) Eden regions: 1->0(118)
[2023-04-09T19:20:53.477+0800][2388.986s] GC(748) Survivor regions: 26->1(4)
[2023-04-09T19:20:53.477+0800][2388.986s] GC(748) Old regions: 283->301
[2023-04-09T19:20:53.477+0800][2388.986s] GC(748) Humongous regions: 25->25
[2023-04-09T19:20:53.477+0800][2388.986s] GC(748) Metaspace: 61922K(64880K)->61922K(64880K) NonClass: 54918K(56740K)->54918K(56740K) Class: 7003K(8140K)->7003K(8140K)
[2023-04-09T19:20:53.477+0800][2388.986s] GC(748) Pause Young (Mixed) (G1 Evacuation Pause) 334M->326M(512M) 4.479ms
[2023-04-09T19:20:53.477+0800][2388.986s] GC(748) User=0.00s Sys=0.00s Real=0.01s
[2023-04-09T19:20:53.751+0800][2389.260s] GC(749) Pause Young (Normal) (G1 Evacuation Pause)
[2023-04-09T19:20:53.751+0800][2389.260s] GC(749) Using 8 workers of 8 for evacuation
[2023-04-09T19:20:53.753+0800][2389.262s] GC(749)   Pre Evacuate Collection Set: 0.0ms
[2023-04-09T19:20:53.753+0800][2389.262s] GC(749)   Evacuate Collection Set: 1.3ms
[2023-04-09T19:20:53.753+0800][2389.262s] GC(749)   Post Evacuate Collection Set: 0.4ms
[2023-04-09T19:20:53.753+0800][2389.262s] GC(749)   Other: 0.2ms
[2023-04-09T19:20:53.753+0800][2389.262s] GC(749) Eden regions: 118->0(102)
[2023-04-09T19:20:53.753+0800][2389.262s] GC(749) Survivor regions: 1->8(15)
[2023-04-09T19:20:53.753+0800][2389.262s] GC(749) Old regions: 301->301
[2023-04-09T19:20:53.753+0800][2389.262s] GC(749) Humongous regions: 63->33
[2023-04-09T19:20:53.753+0800][2389.262s] GC(749) Metaspace: 61922K(64880K)->61922K(64880K) NonClass: 54918K(56740K)->54918K(56740K) Class: 7003K(8140K)->7003K(8140K)
[2023-04-09T19:20:53.753+0800][2389.262s] GC(749) Pause Young (Normal) (G1 Evacuation Pause) 482M->340M(512M) 2.113ms
[2023-04-09T19:20:53.753+0800][2389.262s] GC(749) User=0.00s Sys=0.00s Real=0.00s
[2023-04-09T19:20:53.767+0800][2389.276s] GC(750) Pause Young (Concurrent Start) (G1 Humongous Allocation)
[2023-04-09T19:20:53.767+0800][2389.276s] GC(750) Using 8 workers of 8 for evacuation
[2023-04-09T19:20:53.769+0800][2389.278s] GC(750)   Pre Evacuate Collection Set: 0.1ms
[2023-04-09T19:20:53.769+0800][2389.278s] GC(750)   Evacuate Collection Set: 1.3ms
[2023-04-09T19:20:53.769+0800][2389.278s] GC(750)   Post Evacuate Collection Set: 0.4ms
[2023-04-09T19:20:53.769+0800][2389.278s] GC(750)   Other: 0.2ms
[2023-04-09T19:20:53.769+0800][2389.278s] GC(750) Eden regions: 6->0(86)
[2023-04-09T19:20:53.769+0800][2389.278s] GC(750) Survivor regions: 8->1(14)
[2023-04-09T19:20:53.769+0800][2389.278s] GC(750) Old regions: 301->308
[2023-04-09T19:20:53.769+0800][2389.278s] GC(750) Humongous regions: 33->33
[2023-04-09T19:20:53.769+0800][2389.278s] GC(750) Metaspace: 61922K(64880K)->61922K(64880K) NonClass: 54918K(56740K)->54918K(56740K) Class: 7003K(8140K)->7003K(8140K)
[2023-04-09T19:20:53.769+0800][2389.278s] GC(750) Pause Young (Concurrent Start) (G1 Humongous Allocation) 346M->341M(512M) 2.472ms
[2023-04-09T19:20:53.769+0800][2389.278s] GC(750) User=0.00s Sys=0.00s Real=0.00s
[2023-04-09T19:20:53.770+0800][2389.278s] GC(751) Concurrent Cycle
[2023-04-09T19:20:53.770+0800][2389.279s] GC(751) Concurrent Clear Claimed Marks
[2023-04-09T19:20:53.770+0800][2389.279s] GC(751) Concurrent Clear Claimed Marks 0.146ms
[2023-04-09T19:20:53.770+0800][2389.279s] GC(751) Concurrent Scan Root Regions
[2023-04-09T19:20:53.771+0800][2389.280s] GC(751) Concurrent Scan Root Regions 0.842ms
[2023-04-09T19:20:53.771+0800][2389.280s] GC(751) Concurrent Mark (2389.280s)
[2023-04-09T19:20:53.771+0800][2389.280s] GC(751) Concurrent Mark From Roots
[2023-04-09T19:20:53.771+0800][2389.280s] GC(751) Using 2 workers of 2 for marking
[2023-04-09T19:20:53.801+0800][2389.310s] GC(751) Concurrent Mark From Roots 30.503ms
[2023-04-09T19:20:53.801+0800][2389.310s] GC(751) Concurrent Preclean
[2023-04-09T19:20:53.802+0800][2389.311s] GC(751) Concurrent Preclean 0.373ms
[2023-04-09T19:20:53.802+0800][2389.311s] GC(751) Concurrent Mark (2389.280s, 2389.311s) 30.997ms
[2023-04-09T19:20:53.802+0800][2389.311s] GC(751) Pause Remark
[2023-04-09T19:20:53.809+0800][2389.318s] GC(751) Cleaned string and symbol table, strings: 27951 processed, 29 removed, symbols: 172442 processed, 0 removed
[2023-04-09T19:20:53.809+0800][2389.318s] GC(751) Pause Remark 358M->349M(512M) 7.353ms
[2023-04-09T19:20:53.809+0800][2389.318s] GC(751) User=0.12s Sys=0.00s Real=0.01s
[2023-04-09T19:20:53.809+0800][2389.318s] GC(751) Concurrent Rebuild Remembered Sets
[2023-04-09T19:20:53.826+0800][2389.335s] GC(751) Concurrent Rebuild Remembered Sets 16.538ms
[2023-04-09T19:20:53.826+0800][2389.335s] GC(751) Pause Cleanup
[2023-04-09T19:20:53.826+0800][2389.335s] GC(751) Pause Cleanup 360M->360M(512M) 0.226ms
[2023-04-09T19:20:53.826+0800][2389.335s] GC(751) User=0.00s Sys=0.00s Real=0.00s
[2023-04-09T19:20:53.827+0800][2389.335s] GC(751) Concurrent Cleanup for Next Mark
[2023-04-09T19:20:53.827+0800][2389.336s] GC(751) Concurrent Cleanup for Next Mark 0.781ms
[2023-04-09T19:20:53.827+0800][2389.336s] GC(751) Concurrent Cycle 57.828ms
[2023-04-09T19:20:53.881+0800][2389.390s] GC(752) Pause Young (Prepare Mixed) (G1 Evacuation Pause)
[2023-04-09T19:20:53.881+0800][2389.390s] GC(752) Using 8 workers of 8 for evacuation
[2023-04-09T19:20:53.883+0800][2389.392s] GC(752)   Pre Evacuate Collection Set: 0.0ms
[2023-04-09T19:20:53.883+0800][2389.392s] GC(752)   Evacuate Collection Set: 0.8ms
[2023-04-09T19:20:53.883+0800][2389.392s] GC(752)   Post Evacuate Collection Set: 0.5ms
[2023-04-09T19:20:53.883+0800][2389.392s] GC(752)   Other: 0.2ms
[2023-04-09T19:20:53.883+0800][2389.392s] GC(752) Eden regions: 86->0(21)
[2023-04-09T19:20:53.883+0800][2389.392s] GC(752) Survivor regions: 1->4(11)
[2023-04-09T19:20:53.883+0800][2389.392s] GC(752) Old regions: 299->299
[2023-04-09T19:20:53.883+0800][2389.392s] GC(752) Humongous regions: 54->47
[2023-04-09T19:20:53.883+0800][2389.392s] GC(752) Metaspace: 61713K(64880K)->61713K(64880K) NonClass: 54762K(56740K)->54762K(56740K) Class: 6951K(8140K)->6951K(8140K)
[2023-04-09T19:20:53.883+0800][2389.392s] GC(752) Pause Young (Prepare Mixed) (G1 Evacuation Pause) 439M->348M(512M) 1.699ms
[2023-04-09T19:20:53.883+0800][2389.392s] GC(752) User=0.00s Sys=0.00s Real=0.00s
[2023-04-09T19:20:53.904+0800][2389.413s] GC(753) Pause Young (Mixed) (G1 Evacuation Pause)
[2023-04-09T19:20:53.904+0800][2389.413s] GC(753) Using 8 workers of 8 for evacuation
[2023-04-09T19:20:53.905+0800][2389.414s] GC(753)   Pre Evacuate Collection Set: 0.1ms
[2023-04-09T19:20:53.905+0800][2389.414s] GC(753)   Evacuate Collection Set: 0.5ms
[2023-04-09T19:20:53.905+0800][2389.414s] GC(753)   Post Evacuate Collection Set: 0.3ms
[2023-04-09T19:20:53.905+0800][2389.414s] GC(753)   Other: 0.1ms
[2023-04-09T19:20:53.905+0800][2389.414s] GC(753) Eden regions: 21->0(24)
[2023-04-09T19:20:53.905+0800][2389.414s] GC(753) Survivor regions: 4->1(4)
[2023-04-09T19:20:53.905+0800][2389.414s] GC(753) Old regions: 299->250
[2023-04-09T19:20:53.905+0800][2389.414s] GC(753) Humongous regions: 52->52
[2023-04-09T19:20:53.906+0800][2389.414s] GC(753) Metaspace: 61713K(64880K)->61713K(64880K) NonClass: 54762K(56740K)->54762K(56740K) Class: 6951K(8140K)->6951K(8140K)
[2023-04-09T19:20:53.906+0800][2389.414s] GC(753) Pause Young (Mixed) (G1 Evacuation Pause) 374M->302M(512M) 1.187ms
[2023-04-09T19:20:53.906+0800][2389.414s] GC(753) User=0.00s Sys=0.00s Real=0.00s
[2023-04-09T19:20:53.933+0800][2389.442s] GC(754) Pause Young (Mixed) (G1 Evacuation Pause)
[2023-04-09T19:20:53.933+0800][2389.442s] GC(754) Using 8 workers of 8 for evacuation
[2023-04-09T19:20:53.934+0800][2389.443s] GC(754)   Pre Evacuate Collection Set: 0.1ms
[2023-04-09T19:20:53.934+0800][2389.443s] GC(754)   Evacuate Collection Set: 0.4ms
[2023-04-09T19:20:53.934+0800][2389.443s] GC(754)   Post Evacuate Collection Set: 0.4ms
[2023-04-09T19:20:53.934+0800][2389.443s] GC(754)   Other: 0.1ms
[2023-04-09T19:20:53.934+0800][2389.443s] GC(754) Eden regions: 24->0(24)
[2023-04-09T19:20:53.934+0800][2389.443s] GC(754) Survivor regions: 1->1(4)
[2023-04-09T19:20:53.934+0800][2389.443s] GC(754) Old regions: 250->199
[2023-04-09T19:20:53.934+0800][2389.443s] GC(754) Humongous regions: 52->52
[2023-04-09T19:20:53.934+0800][2389.443s] GC(754) Metaspace: 61713K(64880K)->61713K(64880K) NonClass: 54762K(56740K)->54762K(56740K) Class: 6951K(8140K)->6951K(8140K)
[2023-04-09T19:20:53.934+0800][2389.444s] GC(754) Pause Young (Mixed) (G1 Evacuation Pause) 326M->250M(512M) 1.133ms
[2023-04-09T19:20:53.934+0800][2389.444s] GC(754) User=0.00s Sys=0.00s Real=0.00s
[2023-04-09T19:20:53.954+0800][2389.463s] GC(755) Pause Young (Mixed) (G1 Evacuation Pause)
[2023-04-09T19:20:53.954+0800][2389.463s] GC(755) Using 8 workers of 8 for evacuation
[2023-04-09T19:20:53.955+0800][2389.464s] GC(755)   Pre Evacuate Collection Set: 0.0ms
[2023-04-09T19:20:53.955+0800][2389.464s] GC(755)   Evacuate Collection Set: 0.5ms
[2023-04-09T19:20:53.955+0800][2389.464s] GC(755)   Post Evacuate Collection Set: 0.4ms
[2023-04-09T19:20:53.955+0800][2389.464s] GC(755)   Other: 0.1ms
[2023-04-09T19:20:53.955+0800][2389.464s] GC(755) Eden regions: 24->0(24)
[2023-04-09T19:20:53.955+0800][2389.464s] GC(755) Survivor regions: 1->1(4)
[2023-04-09T19:20:53.955+0800][2389.464s] GC(755) Old regions: 199->148
[2023-04-09T19:20:53.955+0800][2389.464s] GC(755) Humongous regions: 52->49
[2023-04-09T19:20:53.955+0800][2389.464s] GC(755) Metaspace: 61713K(64880K)->61713K(64880K) NonClass: 54762K(56740K)->54762K(56740K) Class: 6951K(8140K)->6951K(8140K)
[2023-04-09T19:20:53.955+0800][2389.464s] GC(755) Pause Young (Mixed) (G1 Evacuation Pause) 274M->196M(512M) 1.321ms
[2023-04-09T19:20:53.955+0800][2389.464s] GC(755) User=0.00s Sys=0.00s Real=0.00s
[2023-04-09T19:20:53.974+0800][2389.484s] GC(756) Pause Young (Mixed) (G1 Evacuation Pause)
[2023-04-09T19:20:53.974+0800][2389.484s] GC(756) Using 8 workers of 8 for evacuation
[2023-04-09T19:20:53.976+0800][2389.485s] GC(756)   Pre Evacuate Collection Set: 0.0ms
[2023-04-09T19:20:53.976+0800][2389.485s] GC(756)   Evacuate Collection Set: 0.6ms
[2023-04-09T19:20:53.976+0800][2389.485s] GC(756)   Post Evacuate Collection Set: 0.4ms
[2023-04-09T19:20:53.976+0800][2389.485s] GC(756)   Other: 0.1ms
[2023-04-09T19:20:53.976+0800][2389.485s] GC(756) Eden regions: 24->0(23)
[2023-04-09T19:20:53.976+0800][2389.485s] GC(756) Survivor regions: 1->2(4)
[2023-04-09T19:20:53.976+0800][2389.485s] GC(756) Old regions: 148->98
[2023-04-09T19:20:53.976+0800][2389.485s] GC(756) Humongous regions: 63->63
[2023-04-09T19:20:53.976+0800][2389.485s] GC(756) Metaspace: 61713K(64880K)->61713K(64880K) NonClass: 54762K(56740K)->54762K(56740K) Class: 6951K(8140K)->6951K(8140K)
[2023-04-09T19:20:53.976+0800][2389.485s] GC(756) Pause Young (Mixed) (G1 Evacuation Pause) 234M->161M(512M) 1.312ms
[2023-04-09T19:20:53.976+0800][2389.485s] GC(756) User=0.00s Sys=0.00s Real=0.00s
[2023-04-09T19:20:53.993+0800][2389.502s] GC(757) Pause Young (Mixed) (G1 Evacuation Pause)
[2023-04-09T19:20:53.993+0800][2389.502s] GC(757) Using 8 workers of 8 for evacuation
[2023-04-09T19:20:53.994+0800][2389.503s] GC(757)   Pre Evacuate Collection Set: 0.0ms
[2023-04-09T19:20:53.994+0800][2389.503s] GC(757)   Evacuate Collection Set: 0.5ms
[2023-04-09T19:20:53.994+0800][2389.503s] GC(757)   Post Evacuate Collection Set: 0.3ms
[2023-04-09T19:20:53.994+0800][2389.504s] GC(757)   Other: 0.2ms
[2023-04-09T19:20:53.994+0800][2389.504s] GC(757) Eden regions: 23->0(209)
[2023-04-09T19:20:53.994+0800][2389.504s] GC(757) Survivor regions: 2->2(4)
[2023-04-09T19:20:53.994+0800][2389.504s] GC(757) Old regions: 98->96
[2023-04-09T19:20:53.994+0800][2389.504s] GC(757) Humongous regions: 63->63
[2023-04-09T19:20:53.994+0800][2389.504s] GC(757) Metaspace: 61713K(64880K)->61713K(64880K) NonClass: 54762K(56740K)->54762K(56740K) Class: 6951K(8140K)->6951K(8140K)
[2023-04-09T19:20:53.994+0800][2389.504s] GC(757) Pause Young (Mixed) (G1 Evacuation Pause) 184M->160M(512M) 1.166ms
[2023-04-09T19:20:53.995+0800][2389.504s] GC(757) User=0.00s Sys=0.00s Real=0.00s
[2023-04-09T19:20:54.152+0800][2389.661s] GC(758) Pause Young (Normal) (G1 Evacuation Pause)
[2023-04-09T19:20:54.152+0800][2389.661s] GC(758) Using 8 workers of 8 for evacuation
[2023-04-09T19:20:54.153+0800][2389.662s] GC(758)   Pre Evacuate Collection Set: 0.0ms
[2023-04-09T19:20:54.154+0800][2389.662s] GC(758)   Evacuate Collection Set: 1.0ms
[2023-04-09T19:20:54.154+0800][2389.662s] GC(758)   Post Evacuate Collection Set: 0.5ms
[2023-04-09T19:20:54.154+0800][2389.662s] GC(758)   Other: 0.1ms
[2023-04-09T19:20:54.154+0800][2389.662s] GC(758) Eden regions: 209->0(215)
[2023-04-09T19:20:54.154+0800][2389.662s] GC(758) Survivor regions: 2->7(27)
[2023-04-09T19:20:54.154+0800][2389.662s] GC(758) Old regions: 96->96
[2023-04-09T19:20:54.154+0800][2389.662s] GC(758) Humongous regions: 91->63
[2023-04-09T19:20:54.154+0800][2389.662s] GC(758) Metaspace: 61713K(64880K)->61713K(64880K) NonClass: 54762K(56740K)->54762K(56740K) Class: 6951K(8140K)->6951K(8140K)
[2023-04-09T19:20:54.154+0800][2389.662s] GC(758) Pause Young (Normal) (G1 Evacuation Pause) 397M->164M(512M) 1.795ms
[2023-04-09T19:20:54.154+0800][2389.663s] GC(758) User=0.00s Sys=0.00s Real=0.00s
[2023-04-09T19:20:54.303+0800][2389.812s] GC(759) Pause Young (Normal) (G1 Evacuation Pause)
[2023-04-09T19:20:54.303+0800][2389.812s] GC(759) Using 8 workers of 8 for evacuation
[2023-04-09T19:20:54.306+0800][2389.815s] GC(759)   Pre Evacuate Collection Set: 0.0ms
[2023-04-09T19:20:54.306+0800][2389.815s] GC(759)   Evacuate Collection Set: 1.8ms
[2023-04-09T19:20:54.306+0800][2389.815s] GC(759)   Post Evacuate Collection Set: 0.5ms
[2023-04-09T19:20:54.306+0800][2389.815s] GC(759)   Other: 0.2ms
[2023-04-09T19:20:54.306+0800][2389.815s] GC(759) Eden regions: 215->0(221)
[2023-04-09T19:20:54.306+0800][2389.815s] GC(759) Survivor regions: 7->10(28)
[2023-04-09T19:20:54.306+0800][2389.815s] GC(759) Old regions: 96->96
[2023-04-09T19:20:54.306+0800][2389.815s] GC(759) Humongous regions: 77->63
[2023-04-09T19:20:54.306+0800][2389.815s] GC(759) Metaspace: 61714K(64880K)->61714K(64880K) NonClass: 54762K(56740K)->54762K(56740K) Class: 6951K(8140K)->6951K(8140K)
[2023-04-09T19:20:54.306+0800][2389.815s] GC(759) Pause Young (Normal) (G1 Evacuation Pause) 393M->168M(512M) 2.662ms
[2023-04-09T19:20:54.306+0800][2389.815s] GC(759) User=0.00s Sys=0.00s Real=0.00s
[2023-04-09T19:20:54.532+0800][2390.041s] GC(760) Pause Young (Concurrent Start) (G1 Humongous Allocation)
[2023-04-09T19:20:54.532+0800][2390.041s] GC(760) Using 8 workers of 8 for evacuation
[2023-04-09T19:20:54.535+0800][2390.045s] GC(760)   Pre Evacuate Collection Set: 0.1ms
[2023-04-09T19:20:54.536+0800][2390.045s] GC(760)   Evacuate Collection Set: 2.8ms
[2023-04-09T19:20:54.536+0800][2390.045s] GC(760)   Post Evacuate Collection Set: 0.5ms
[2023-04-09T19:20:54.536+0800][2390.045s] GC(760)   Other: 0.2ms
[2023-04-09T19:20:54.536+0800][2390.045s] GC(760) Eden regions: 214->0(217)
[2023-04-09T19:20:54.536+0800][2390.045s] GC(760) Survivor regions: 10->17(29)
[2023-04-09T19:20:54.536+0800][2390.045s] GC(760) Old regions: 96->96
[2023-04-09T19:20:54.536+0800][2390.045s] GC(760) Humongous regions: 86->72
[2023-04-09T19:20:54.536+0800][2390.045s] GC(760) Metaspace: 61717K(64880K)->61717K(64880K) NonClass: 54765K(56740K)->54765K(56740K) Class: 6951K(8140K)->6951K(8140K)
[2023-04-09T19:20:54.536+0800][2390.045s] GC(760) Pause Young (Concurrent Start) (G1 Humongous Allocation) 404M->183M(512M) 3.972ms
[2023-04-09T19:20:54.536+0800][2390.045s] GC(760) User=0.00s Sys=0.00s Real=0.00s
[2023-04-09T19:20:54.536+0800][2390.045s] GC(761) Concurrent Cycle
[2023-04-09T19:20:54.536+0800][2390.045s] GC(761) Concurrent Clear Claimed Marks
[2023-04-09T19:20:54.536+0800][2390.045s] GC(761) Concurrent Clear Claimed Marks 0.107ms
[2023-04-09T19:20:54.536+0800][2390.045s] GC(761) Concurrent Scan Root Regions
[2023-04-09T19:20:54.537+0800][2390.046s] GC(761) Concurrent Scan Root Regions 1.102ms
[2023-04-09T19:20:54.537+0800][2390.046s] GC(761) Concurrent Mark (2390.046s)
[2023-04-09T19:20:54.537+0800][2390.046s] GC(761) Concurrent Mark From Roots
[2023-04-09T19:20:54.537+0800][2390.046s] GC(761) Using 2 workers of 2 for marking
[2023-04-09T19:20:54.570+0800][2390.079s] GC(761) Concurrent Mark From Roots 32.833ms
[2023-04-09T19:20:54.570+0800][2390.079s] GC(761) Concurrent Preclean
[2023-04-09T19:20:54.570+0800][2390.080s] GC(761) Concurrent Preclean 0.426ms
[2023-04-09T19:20:54.570+0800][2390.080s] GC(761) Concurrent Mark (2390.046s, 2390.080s) 33.375ms
[2023-04-09T19:20:54.571+0800][2390.080s] GC(761) Pause Remark
[2023-04-09T19:20:54.575+0800][2390.084s] GC(761) Cleaned string and symbol table, strings: 27925 processed, 0 removed, symbols: 172442 processed, 31 removed
[2023-04-09T19:20:54.576+0800][2390.085s] GC(761) Pause Remark 217M->177M(512M) 4.578ms
[2023-04-09T19:20:54.576+0800][2390.085s] GC(761) User=0.11s Sys=0.00s Real=0.00s
[2023-04-09T19:20:54.576+0800][2390.085s] GC(761) Concurrent Rebuild Remembered Sets
[2023-04-09T19:20:54.594+0800][2390.102s] GC(761) Concurrent Rebuild Remembered Sets 17.415ms
[2023-04-09T19:20:54.594+0800][2390.102s] GC(761) Pause Cleanup
[2023-04-09T19:20:54.594+0800][2390.102s] GC(761) Pause Cleanup 191M->191M(512M) 0.157ms
[2023-04-09T19:20:54.594+0800][2390.102s] GC(761) User=0.00s Sys=0.00s Real=0.00s
[2023-04-09T19:20:54.594+0800][2390.103s] GC(761) Concurrent Cleanup for Next Mark
[2023-04-09T19:20:54.595+0800][2390.103s] GC(761) Concurrent Cleanup for Next Mark 0.764ms
[2023-04-09T19:20:54.595+0800][2390.103s] GC(761) Concurrent Cycle 58.264ms
[2023-04-09T19:20:54.814+0800][2390.323s] GC(762) Pause Young (Prepare Mixed) (G1 Evacuation Pause)
[2023-04-09T19:20:54.814+0800][2390.323s] GC(762) Using 8 workers of 8 for evacuation
[2023-04-09T19:20:54.817+0800][2390.327s] GC(762)   Pre Evacuate Collection Set: 0.0ms
[2023-04-09T19:20:54.817+0800][2390.327s] GC(762)   Evacuate Collection Set: 2.8ms
[2023-04-09T19:20:54.817+0800][2390.327s] GC(762)   Post Evacuate Collection Set: 0.5ms
[2023-04-09T19:20:54.817+0800][2390.327s] GC(762)   Other: 0.2ms
[2023-04-09T19:20:54.817+0800][2390.327s] GC(762) Eden regions: 217->0(4)
[2023-04-09T19:20:54.817+0800][2390.327s] GC(762) Survivor regions: 17->21(30)
[2023-04-09T19:20:54.818+0800][2390.327s] GC(762) Old regions: 96->97
[2023-04-09T19:20:54.818+0800][2390.327s] GC(762) Humongous regions: 54->35
[2023-04-09T19:20:54.818+0800][2390.327s] GC(762) Metaspace: 61717K(64880K)->61717K(64880K) NonClass: 54765K(56740K)->54765K(56740K) Class: 6951K(8140K)->6951K(8140K)
[2023-04-09T19:20:54.818+0800][2390.327s] GC(762) Pause Young (Prepare Mixed) (G1 Evacuation Pause) 382M->152M(512M) 3.793ms
[2023-04-09T19:20:54.818+0800][2390.327s] GC(762) User=0.00s Sys=0.00s Real=0.00s
[2023-04-09T19:20:54.821+0800][2390.331s] GC(763) Pause Young (Mixed) (G1 Evacuation Pause)
[2023-04-09T19:20:54.822+0800][2390.331s] GC(763) Using 8 workers of 8 for evacuation
[2023-04-09T19:20:54.824+0800][2390.334s] GC(763)   Pre Evacuate Collection Set: 0.0ms
[2023-04-09T19:20:54.824+0800][2390.334s] GC(763)   Evacuate Collection Set: 2.4ms
[2023-04-09T19:20:54.824+0800][2390.334s] GC(763)   Post Evacuate Collection Set: 0.3ms
[2023-04-09T19:20:54.824+0800][2390.334s] GC(763)   Other: 0.2ms
[2023-04-09T19:20:54.824+0800][2390.334s] GC(763) Eden regions: 4->0(237)
[2023-04-09T19:20:54.824+0800][2390.334s] GC(763) Survivor regions: 21->1(4)
[2023-04-09T19:20:54.825+0800][2390.334s] GC(763) Old regions: 97->114
[2023-04-09T19:20:54.825+0800][2390.334s] GC(763) Humongous regions: 35->35
[2023-04-09T19:20:54.825+0800][2390.334s] GC(763) Metaspace: 61717K(64880K)->61717K(64880K) NonClass: 54765K(56740K)->54765K(56740K) Class: 6951K(8140K)->6951K(8140K)
[2023-04-09T19:20:54.825+0800][2390.334s] GC(763) Pause Young (Mixed) (G1 Evacuation Pause) 156M->148M(512M) 3.263ms
[2023-04-09T19:20:54.825+0800][2390.334s] GC(763) User=0.12s Sys=0.00s Real=0.00s
[2023-04-09T19:20:55.025+0800][2390.534s] GC(764) Pause Young (Normal) (G1 Evacuation Pause)
[2023-04-09T19:20:55.025+0800][2390.534s] GC(764) Using 8 workers of 8 for evacuation
[2023-04-09T19:20:55.027+0800][2390.536s] GC(764)   Pre Evacuate Collection Set: 0.0ms
[2023-04-09T19:20:55.027+0800][2390.536s] GC(764)   Evacuate Collection Set: 1.2ms
[2023-04-09T19:20:55.027+0800][2390.536s] GC(764)   Post Evacuate Collection Set: 0.4ms
[2023-04-09T19:20:55.027+0800][2390.536s] GC(764)   Other: 0.1ms
[2023-04-09T19:20:55.027+0800][2390.536s] GC(764) Eden regions: 237->0(227)
[2023-04-09T19:20:55.027+0800][2390.536s] GC(764) Survivor regions: 1->9(30)
[2023-04-09T19:20:55.027+0800][2390.536s] GC(764) Old regions: 114->114
[2023-04-09T19:20:55.027+0800][2390.536s] GC(764) Humongous regions: 58->57
[2023-04-09T19:20:55.027+0800][2390.536s] GC(764) Metaspace: 61717K(64880K)->61717K(64880K) NonClass: 54765K(56740K)->54765K(56740K) Class: 6951K(8140K)->6951K(8140K)
[2023-04-09T19:20:55.027+0800][2390.536s] GC(764) Pause Young (Normal) (G1 Evacuation Pause) 408M->178M(512M) 1.946ms
[2023-04-09T19:20:55.027+0800][2390.536s] GC(764) User=0.00s Sys=0.00s Real=0.00s
[2023-04-09T19:20:55.046+0800][2390.555s] GC(765) Pause Young (Concurrent Start) (G1 Humongous Allocation)
[2023-04-09T19:20:55.046+0800][2390.555s] GC(765) Using 8 workers of 8 for evacuation
[2023-04-09T19:20:55.048+0800][2390.558s] GC(765)   Pre Evacuate Collection Set: 0.1ms
[2023-04-09T19:20:55.048+0800][2390.558s] GC(765)   Evacuate Collection Set: 1.8ms
[2023-04-09T19:20:55.048+0800][2390.558s] GC(765)   Post Evacuate Collection Set: 0.4ms
[2023-04-09T19:20:55.048+0800][2390.558s] GC(765)   Other: 0.2ms
[2023-04-09T19:20:55.048+0800][2390.558s] GC(765) Eden regions: 22->0(161)
[2023-04-09T19:20:55.048+0800][2390.558s] GC(765) Survivor regions: 9->13(30)
[2023-04-09T19:20:55.048+0800][2390.558s] GC(765) Old regions: 114->114
[2023-04-09T19:20:55.049+0800][2390.558s] GC(765) Humongous regions: 63->63
[2023-04-09T19:20:55.049+0800][2390.558s] GC(765) Metaspace: 61717K(64880K)->61717K(64880K) NonClass: 54765K(56740K)->54765K(56740K) Class: 6951K(8140K)->6951K(8140K)
[2023-04-09T19:20:55.049+0800][2390.558s] GC(765) Pause Young (Concurrent Start) (G1 Humongous Allocation) 206M->188M(512M) 2.753ms
[2023-04-09T19:20:55.049+0800][2390.558s] GC(765) User=0.00s Sys=0.00s Real=0.00s
[2023-04-09T19:20:55.049+0800][2390.558s] GC(766) Concurrent Cycle
[2023-04-09T19:20:55.049+0800][2390.558s] GC(766) Concurrent Clear Claimed Marks
[2023-04-09T19:20:55.049+0800][2390.558s] GC(766) Concurrent Clear Claimed Marks 0.144ms
[2023-04-09T19:20:55.049+0800][2390.558s] GC(766) Concurrent Scan Root Regions
[2023-04-09T19:20:55.050+0800][2390.559s] GC(766) Concurrent Scan Root Regions 1.260ms
[2023-04-09T19:20:55.050+0800][2390.560s] GC(766) Concurrent Mark (2390.560s)
[2023-04-09T19:20:55.050+0800][2390.560s] GC(766) Concurrent Mark From Roots
[2023-04-09T19:20:55.050+0800][2390.560s] GC(766) Using 2 workers of 2 for marking
[2023-04-09T19:20:55.078+0800][2390.588s] GC(766) Concurrent Mark From Roots 28.109ms
[2023-04-09T19:20:55.078+0800][2390.588s] GC(766) Concurrent Preclean
[2023-04-09T19:20:55.079+0800][2390.588s] GC(766) Concurrent Preclean 0.280ms
[2023-04-09T19:20:55.079+0800][2390.588s] GC(766) Concurrent Mark (2390.560s, 2390.588s) 28.483ms
[2023-04-09T19:20:55.079+0800][2390.588s] GC(766) Pause Remark
[2023-04-09T19:20:55.083+0800][2390.592s] GC(766) Cleaned string and symbol table, strings: 27925 processed, 0 removed, symbols: 172411 processed, 0 removed
[2023-04-09T19:20:55.083+0800][2390.592s] GC(766) Pause Remark 223M->199M(512M) 4.072ms
[2023-04-09T19:20:55.083+0800][2390.592s] GC(766) User=0.00s Sys=0.00s Real=0.00s
[2023-04-09T19:20:55.083+0800][2390.592s] GC(766) Concurrent Rebuild Remembered Sets
[2023-04-09T19:20:55.100+0800][2390.609s] GC(766) Concurrent Rebuild Remembered Sets 16.323ms
[2023-04-09T19:20:55.100+0800][2390.609s] GC(766) Pause Cleanup
[2023-04-09T19:20:55.100+0800][2390.609s] GC(766) Pause Cleanup 216M->216M(512M) 0.252ms
[2023-04-09T19:20:55.100+0800][2390.609s] GC(766) User=0.00s Sys=0.00s Real=0.00s
[2023-04-09T19:20:55.100+0800][2390.609s] GC(766) Concurrent Cleanup for Next Mark
[2023-04-09T19:20:55.101+0800][2390.610s] GC(766) Concurrent Cleanup for Next Mark 0.876ms
[2023-04-09T19:20:55.101+0800][2390.610s] GC(766) Concurrent Cycle 52.330ms
[2023-04-09T19:20:55.221+0800][2390.730s] GC(767) Pause Young (Prepare Mixed) (G1 Evacuation Pause)
[2023-04-09T19:20:55.221+0800][2390.730s] GC(767) Using 8 workers of 8 for evacuation
[2023-04-09T19:20:55.224+0800][2390.733s] GC(767)   Pre Evacuate Collection Set: 0.0ms
[2023-04-09T19:20:55.224+0800][2390.733s] GC(767)   Evacuate Collection Set: 2.3ms
[2023-04-09T19:20:55.224+0800][2390.733s] GC(767)   Post Evacuate Collection Set: 0.4ms
[2023-04-09T19:20:55.224+0800][2390.733s] GC(767)   Other: 0.2ms
[2023-04-09T19:20:55.224+0800][2390.733s] GC(767) Eden regions: 161->0(13)
[2023-04-09T19:20:55.224+0800][2390.733s] GC(767) Survivor regions: 13->12(22)
[2023-04-09T19:20:55.224+0800][2390.733s] GC(767) Old regions: 111->117
[2023-04-09T19:20:55.224+0800][2390.733s] GC(767) Humongous regions: 58->37
[2023-04-09T19:20:55.224+0800][2390.733s] GC(767) Metaspace: 61717K(64880K)->61717K(64880K) NonClass: 54765K(56740K)->54765K(56740K) Class: 6951K(8140K)->6951K(8140K)
[2023-04-09T19:20:55.224+0800][2390.733s] GC(767) Pause Young (Prepare Mixed) (G1 Evacuation Pause) 341M->164M(512M) 3.263ms
[2023-04-09T19:20:55.224+0800][2390.733s] GC(767) User=0.00s Sys=0.00s Real=0.00s
[2023-04-09T19:20:55.237+0800][2390.746s] GC(768) Pause Young (Mixed) (G1 Evacuation Pause)
[2023-04-09T19:20:55.237+0800][2390.746s] GC(768) Using 8 workers of 8 for evacuation
[2023-04-09T19:20:55.240+0800][2390.749s] GC(768)   Pre Evacuate Collection Set: 0.0ms
[2023-04-09T19:20:55.240+0800][2390.749s] GC(768)   Evacuate Collection Set: 2.3ms
[2023-04-09T19:20:55.240+0800][2390.750s] GC(768)   Post Evacuate Collection Set: 0.4ms
[2023-04-09T19:20:55.240+0800][2390.750s] GC(768)   Other: 0.3ms
[2023-04-09T19:20:55.240+0800][2390.750s] GC(768) Eden regions: 13->0(200)
[2023-04-09T19:20:55.240+0800][2390.750s] GC(768) Survivor regions: 12->1(4)
[2023-04-09T19:20:55.240+0800][2390.750s] GC(768) Old regions: 117->108
[2023-04-09T19:20:55.240+0800][2390.750s] GC(768) Humongous regions: 37->37
[2023-04-09T19:20:55.240+0800][2390.750s] GC(768) Metaspace: 61717K(64880K)->61717K(64880K) NonClass: 54765K(56740K)->54765K(56740K) Class: 6951K(8140K)->6951K(8140K)
[2023-04-09T19:20:55.240+0800][2390.750s] GC(768) Pause Young (Mixed) (G1 Evacuation Pause) 177M->144M(512M) 3.269ms
[2023-04-09T19:20:55.241+0800][2390.750s] GC(768) User=0.00s Sys=0.00s Real=0.00s
[2023-04-09T19:20:55.443+0800][2390.952s] GC(769) Pause Young (Normal) (G1 Evacuation Pause)
[2023-04-09T19:20:55.443+0800][2390.952s] GC(769) Using 8 workers of 8 for evacuation
[2023-04-09T19:20:55.444+0800][2390.953s] GC(769)   Pre Evacuate Collection Set: 0.0ms
[2023-04-09T19:20:55.444+0800][2390.954s] GC(769)   Evacuate Collection Set: 1.1ms
[2023-04-09T19:20:55.444+0800][2390.954s] GC(769)   Post Evacuate Collection Set: 0.5ms
[2023-04-09T19:20:55.444+0800][2390.954s] GC(769)   Other: 0.2ms
[2023-04-09T19:20:55.444+0800][2390.954s] GC(769) Eden regions: 200->0(192)
[2023-04-09T19:20:55.444+0800][2390.954s] GC(769) Survivor regions: 1->8(26)
[2023-04-09T19:20:55.444+0800][2390.954s] GC(769) Old regions: 108->108
[2023-04-09T19:20:55.444+0800][2390.954s] GC(769) Humongous regions: 63->63
[2023-04-09T19:20:55.444+0800][2390.954s] GC(769) Metaspace: 61717K(64880K)->61717K(64880K) NonClass: 54765K(56740K)->54765K(56740K) Class: 6951K(8140K)->6951K(8140K)
[2023-04-09T19:20:55.445+0800][2390.954s] GC(769) Pause Young (Normal) (G1 Evacuation Pause) 370M->177M(512M) 2.015ms
[2023-04-09T19:20:55.445+0800][2390.954s] GC(769) User=0.00s Sys=0.00s Real=0.00s
[2023-04-09T19:20:55.593+0800][2391.102s] GC(770) Pause Young (Concurrent Start) (G1 Humongous Allocation)
[2023-04-09T19:20:55.593+0800][2391.102s] GC(770) Using 8 workers of 8 for evacuation
[2023-04-09T19:20:55.595+0800][2391.104s] GC(770)   Pre Evacuate Collection Set: 0.1ms
[2023-04-09T19:20:55.595+0800][2391.104s] GC(770)   Evacuate Collection Set: 1.8ms
[2023-04-09T19:20:55.595+0800][2391.104s] GC(770)   Post Evacuate Collection Set: 0.6ms
[2023-04-09T19:20:55.595+0800][2391.104s] GC(770)   Other: 0.3ms
[2023-04-09T19:20:55.595+0800][2391.104s] GC(770) Eden regions: 160->0(186)
[2023-04-09T19:20:55.595+0800][2391.104s] GC(770) Survivor regions: 8->12(25)
[2023-04-09T19:20:55.595+0800][2391.104s] GC(770) Old regions: 108->108
[2023-04-09T19:20:55.595+0800][2391.105s] GC(770) Humongous regions: 97->74
[2023-04-09T19:20:55.595+0800][2391.105s] GC(770) Metaspace: 61717K(64880K)->61717K(64880K) NonClass: 54765K(56740K)->54765K(56740K) Class: 6951K(8140K)->6951K(8140K)
[2023-04-09T19:20:55.595+0800][2391.105s] GC(770) Pause Young (Concurrent Start) (G1 Humongous Allocation) 371M->193M(512M) 2.885ms
[2023-04-09T19:20:55.595+0800][2391.105s] GC(770) User=0.00s Sys=0.00s Real=0.00s
[2023-04-09T19:20:55.595+0800][2391.105s] GC(771) Concurrent Cycle
[2023-04-09T19:20:55.596+0800][2391.105s] GC(771) Concurrent Clear Claimed Marks
[2023-04-09T19:20:55.596+0800][2391.105s] GC(771) Concurrent Clear Claimed Marks 0.139ms
[2023-04-09T19:20:55.596+0800][2391.105s] GC(771) Concurrent Scan Root Regions
[2023-04-09T19:20:55.596+0800][2391.105s] GC(771) Concurrent Scan Root Regions 0.588ms
[2023-04-09T19:20:55.596+0800][2391.105s] GC(771) Concurrent Mark (2391.105s)
[2023-04-09T19:20:55.596+0800][2391.105s] GC(771) Concurrent Mark From Roots
[2023-04-09T19:20:55.596+0800][2391.105s] GC(771) Using 2 workers of 2 for marking
[2023-04-09T19:20:55.626+0800][2391.135s] GC(771) Concurrent Mark From Roots 29.804ms
[2023-04-09T19:20:55.626+0800][2391.135s] GC(771) Concurrent Preclean
[2023-04-09T19:20:55.626+0800][2391.136s] GC(771) Concurrent Preclean 0.260ms
[2023-04-09T19:20:55.626+0800][2391.136s] GC(771) Concurrent Mark (2391.105s, 2391.136s) 30.145ms
[2023-04-09T19:20:55.627+0800][2391.136s] GC(771) Pause Remark
[2023-04-09T19:20:55.631+0800][2391.140s] GC(771) Cleaned string and symbol table, strings: 27925 processed, 0 removed, symbols: 172411 processed, 0 removed
[2023-04-09T19:20:55.631+0800][2391.140s] GC(771) Pause Remark 224M->203M(512M) 4.349ms
[2023-04-09T19:20:55.631+0800][2391.140s] GC(771) User=0.00s Sys=0.00s Real=0.00s
[2023-04-09T19:20:55.631+0800][2391.140s] GC(771) Concurrent Rebuild Remembered Sets
[2023-04-09T19:20:55.650+0800][2391.159s] GC(771) Concurrent Rebuild Remembered Sets 18.345ms
[2023-04-09T19:20:55.650+0800][2391.159s] GC(771) Pause Cleanup
[2023-04-09T19:20:55.650+0800][2391.159s] GC(771) Pause Cleanup 219M->219M(512M) 0.157ms
[2023-04-09T19:20:55.650+0800][2391.159s] GC(771) User=0.00s Sys=0.00s Real=0.00s
[2023-04-09T19:20:55.650+0800][2391.159s] GC(771) Concurrent Cleanup for Next Mark
[2023-04-09T19:20:55.651+0800][2391.160s] GC(771) Concurrent Cleanup for Next Mark 0.970ms
[2023-04-09T19:20:55.651+0800][2391.160s] GC(771) Concurrent Cycle 55.619ms
[2023-04-09T19:20:55.866+0800][2391.376s] GC(772) Pause Young (Prepare Mixed) (G1 Evacuation Pause)
[2023-04-09T19:20:55.866+0800][2391.376s] GC(772) Using 8 workers of 8 for evacuation
[2023-04-09T19:20:55.870+0800][2391.379s] GC(772)   Pre Evacuate Collection Set: 0.0ms
[2023-04-09T19:20:55.870+0800][2391.379s] GC(772)   Evacuate Collection Set: 2.6ms
[2023-04-09T19:20:55.870+0800][2391.379s] GC(772)   Post Evacuate Collection Set: 0.5ms
[2023-04-09T19:20:55.870+0800][2391.379s] GC(772)   Other: 0.3ms
[2023-04-09T19:20:55.870+0800][2391.379s] GC(772) Eden regions: 186->0(6)
[2023-04-09T19:20:55.870+0800][2391.379s] GC(772) Survivor regions: 12->19(25)
[2023-04-09T19:20:55.870+0800][2391.379s] GC(772) Old regions: 108->108
[2023-04-09T19:20:55.870+0800][2391.379s] GC(772) Humongous regions: 83->50
[2023-04-09T19:20:55.870+0800][2391.379s] GC(772) Metaspace: 61717K(64880K)->61717K(64880K) NonClass: 54765K(56740K)->54765K(56740K) Class: 6951K(8140K)->6951K(8140K)
[2023-04-09T19:20:55.870+0800][2391.379s] GC(772) Pause Young (Prepare Mixed) (G1 Evacuation Pause) 388M->175M(512M) 3.677ms
[2023-04-09T19:20:55.870+0800][2391.379s] GC(772) User=0.00s Sys=0.00s Real=0.00s
[2023-04-09T19:20:55.887+0800][2391.396s] GC(773) Pause Young (Mixed) (G1 Evacuation Pause)
[2023-04-09T19:20:55.887+0800][2391.396s] GC(773) Using 8 workers of 8 for evacuation
[2023-04-09T19:20:55.890+0800][2391.399s] GC(773)   Pre Evacuate Collection Set: 0.0ms
[2023-04-09T19:20:55.890+0800][2391.399s] GC(773)   Evacuate Collection Set: 2.5ms
[2023-04-09T19:20:55.890+0800][2391.399s] GC(773)   Post Evacuate Collection Set: 0.5ms
[2023-04-09T19:20:55.890+0800][2391.399s] GC(773)   Other: 0.3ms
[2023-04-09T19:20:55.890+0800][2391.399s] GC(773) Eden regions: 6->0(201)
[2023-04-09T19:20:55.890+0800][2391.399s] GC(773) Survivor regions: 19->1(4)
[2023-04-09T19:20:55.890+0800][2391.400s] GC(773) Old regions: 108->122
[2023-04-09T19:20:55.890+0800][2391.400s] GC(773) Humongous regions: 50->50
[2023-04-09T19:20:55.890+0800][2391.400s] GC(773) Metaspace: 61717K(64880K)->61717K(64880K) NonClass: 54765K(56740K)->54765K(56740K) Class: 6951K(8140K)->6951K(8140K)
[2023-04-09T19:20:55.890+0800][2391.400s] GC(773) Pause Young (Mixed) (G1 Evacuation Pause) 181M->171M(512M) 3.478ms
[2023-04-09T19:20:55.890+0800][2391.400s] GC(773) User=0.00s Sys=0.00s Real=0.00s
[2023-04-09T19:20:56.094+0800][2391.603s] GC(774) Pause Young (Normal) (G1 Evacuation Pause)
[2023-04-09T19:20:56.094+0800][2391.603s] GC(774) Using 8 workers of 8 for evacuation
[2023-04-09T19:20:56.095+0800][2391.605s] GC(774)   Pre Evacuate Collection Set: 0.0ms
[2023-04-09T19:20:56.095+0800][2391.605s] GC(774)   Evacuate Collection Set: 1.0ms
[2023-04-09T19:20:56.095+0800][2391.605s] GC(774)   Post Evacuate Collection Set: 0.5ms
[2023-04-09T19:20:56.095+0800][2391.605s] GC(774)   Other: 0.2ms
[2023-04-09T19:20:56.095+0800][2391.605s] GC(774) Eden regions: 201->0(189)
[2023-04-09T19:20:56.096+0800][2391.605s] GC(774) Survivor regions: 1->6(26)
[2023-04-09T19:20:56.096+0800][2391.605s] GC(774) Old regions: 122->122
[2023-04-09T19:20:56.096+0800][2391.605s] GC(774) Humongous regions: 85->85
[2023-04-09T19:20:56.096+0800][2391.605s] GC(774) Metaspace: 61717K(64880K)->61717K(64880K) NonClass: 54765K(56740K)->54765K(56740K) Class: 6951K(8140K)->6951K(8140K)
[2023-04-09T19:20:56.096+0800][2391.605s] GC(774) Pause Young (Normal) (G1 Evacuation Pause) 407M->211M(512M) 1.894ms
[2023-04-09T19:20:56.096+0800][2391.605s] GC(774) User=0.00s Sys=0.00s Real=0.00s
[2023-04-09T19:20:56.190+0800][2391.699s] GC(775) Pause Young (Concurrent Start) (G1 Humongous Allocation)
[2023-04-09T19:20:56.190+0800][2391.699s] GC(775) Using 8 workers of 8 for evacuation
[2023-04-09T19:20:56.192+0800][2391.701s] GC(775)   Pre Evacuate Collection Set: 0.1ms
[2023-04-09T19:20:56.192+0800][2391.701s] GC(775)   Evacuate Collection Set: 1.2ms
[2023-04-09T19:20:56.192+0800][2391.701s] GC(775)   Post Evacuate Collection Set: 0.5ms
[2023-04-09T19:20:56.192+0800][2391.701s] GC(775)   Other: 0.2ms
[2023-04-09T19:20:56.192+0800][2391.701s] GC(775) Eden regions: 105->0(168)
[2023-04-09T19:20:56.192+0800][2391.701s] GC(775) Survivor regions: 6->8(25)
[2023-04-09T19:20:56.192+0800][2391.701s] GC(775) Old regions: 122->122
[2023-04-09T19:20:56.192+0800][2391.701s] GC(775) Humongous regions: 85->85
[2023-04-09T19:20:56.192+0800][2391.701s] GC(775) Metaspace: 61717K(64880K)->61717K(64880K) NonClass: 54765K(56740K)->54765K(56740K) Class: 6951K(8140K)->6951K(8140K)
[2023-04-09T19:20:56.192+0800][2391.701s] GC(775) Pause Young (Concurrent Start) (G1 Humongous Allocation) 316M->213M(512M) 2.194ms
[2023-04-09T19:20:56.192+0800][2391.701s] GC(775) User=0.00s Sys=0.00s Real=0.00s
[2023-04-09T19:20:56.192+0800][2391.701s] GC(776) Concurrent Cycle
[2023-04-09T19:20:56.192+0800][2391.701s] GC(776) Concurrent Clear Claimed Marks
[2023-04-09T19:20:56.192+0800][2391.701s] GC(776) Concurrent Clear Claimed Marks 0.124ms
[2023-04-09T19:20:56.192+0800][2391.701s] GC(776) Concurrent Scan Root Regions
[2023-04-09T19:20:56.194+0800][2391.703s] GC(776) Concurrent Scan Root Regions 1.440ms
[2023-04-09T19:20:56.194+0800][2391.703s] GC(776) Concurrent Mark (2391.703s)
[2023-04-09T19:20:56.194+0800][2391.703s] GC(776) Concurrent Mark From Roots
[2023-04-09T19:20:56.194+0800][2391.703s] GC(776) Using 2 workers of 2 for marking
[2023-04-09T19:20:56.220+0800][2391.730s] GC(776) Concurrent Mark From Roots 26.793ms
[2023-04-09T19:20:56.220+0800][2391.730s] GC(776) Concurrent Preclean
[2023-04-09T19:20:56.221+0800][2391.730s] GC(776) Concurrent Preclean 0.334ms
[2023-04-09T19:20:56.221+0800][2391.730s] GC(776) Concurrent Mark (2391.703s, 2391.730s) 27.211ms
[2023-04-09T19:20:56.221+0800][2391.730s] GC(776) Pause Remark
[2023-04-09T19:20:56.225+0800][2391.734s] GC(776) Cleaned string and symbol table, strings: 27925 processed, 0 removed, symbols: 172411 processed, 0 removed
[2023-04-09T19:20:56.225+0800][2391.734s] GC(776) Pause Remark 233M->205M(512M) 4.116ms
[2023-04-09T19:20:56.225+0800][2391.734s] GC(776) User=0.00s Sys=0.00s Real=0.00s
[2023-04-09T19:20:56.225+0800][2391.734s] GC(776) Concurrent Rebuild Remembered Sets
[2023-04-09T19:20:56.243+0800][2391.752s] GC(776) Concurrent Rebuild Remembered Sets 17.441ms
[2023-04-09T19:20:56.243+0800][2391.752s] GC(776) Pause Cleanup
[2023-04-09T19:20:56.243+0800][2391.752s] GC(776) Pause Cleanup 207M->207M(512M) 0.184ms
[2023-04-09T19:20:56.243+0800][2391.753s] GC(776) User=0.00s Sys=0.00s Real=0.00s
[2023-04-09T19:20:56.243+0800][2391.753s] GC(776) Concurrent Cleanup for Next Mark
[2023-04-09T19:20:56.244+0800][2391.753s] GC(776) Concurrent Cleanup for Next Mark 0.731ms
[2023-04-09T19:20:56.244+0800][2391.753s] GC(776) Concurrent Cycle 52.338ms
[2023-04-09T19:20:56.502+0800][2392.011s] GC(777) Pause Young (Prepare Mixed) (G1 Evacuation Pause)
[2023-04-09T19:20:56.502+0800][2392.011s] GC(777) Using 8 workers of 8 for evacuation
[2023-04-09T19:20:56.504+0800][2392.013s] GC(777)   Pre Evacuate Collection Set: 0.0ms
[2023-04-09T19:20:56.504+0800][2392.013s] GC(777)   Evacuate Collection Set: 1.5ms
[2023-04-09T19:20:56.504+0800][2392.013s] GC(777)   Post Evacuate Collection Set: 0.6ms
[2023-04-09T19:20:56.504+0800][2392.013s] GC(777)   Other: 0.2ms
[2023-04-09T19:20:56.504+0800][2392.013s] GC(777) Eden regions: 168->0(13)
[2023-04-09T19:20:56.504+0800][2392.013s] GC(777) Survivor regions: 8->12(22)
[2023-04-09T19:20:56.504+0800][2392.013s] GC(777) Old regions: 122->122
[2023-04-09T19:20:56.505+0800][2392.013s] GC(777) Humongous regions: 74->65
[2023-04-09T19:20:56.505+0800][2392.013s] GC(777) Metaspace: 61717K(64880K)->61717K(64880K) NonClass: 54765K(56740K)->54765K(56740K) Class: 6951K(8140K)->6951K(8140K)
[2023-04-09T19:20:56.505+0800][2392.014s] GC(777) Pause Young (Prepare Mixed) (G1 Evacuation Pause) 370M->197M(512M) 2.615ms
[2023-04-09T19:20:56.505+0800][2392.014s] GC(777) User=0.00s Sys=0.00s Real=0.00s
[2023-04-09T19:20:56.520+0800][2392.029s] GC(778) Pause Young (Mixed) (G1 Evacuation Pause)
[2023-04-09T19:20:56.520+0800][2392.029s] GC(778) Using 8 workers of 8 for evacuation
[2023-04-09T19:20:56.522+0800][2392.031s] GC(778)   Pre Evacuate Collection Set: 0.0ms
[2023-04-09T19:20:56.522+0800][2392.031s] GC(778)   Evacuate Collection Set: 1.6ms
[2023-04-09T19:20:56.522+0800][2392.031s] GC(778)   Post Evacuate Collection Set: 0.6ms
[2023-04-09T19:20:56.522+0800][2392.031s] GC(778)   Other: 0.3ms
[2023-04-09T19:20:56.522+0800][2392.031s] GC(778) Eden regions: 13->0(182)
[2023-04-09T19:20:56.522+0800][2392.031s] GC(778) Survivor regions: 12->2(4)
[2023-04-09T19:20:56.522+0800][2392.031s] GC(778) Old regions: 122->130
[2023-04-09T19:20:56.522+0800][2392.031s] GC(778) Humongous regions: 65->65
[2023-04-09T19:20:56.522+0800][2392.031s] GC(778) Metaspace: 61717K(64880K)->61717K(64880K) NonClass: 54765K(56740K)->54765K(56740K) Class: 6951K(8140K)->6951K(8140K)
[2023-04-09T19:20:56.522+0800][2392.031s] GC(778) Pause Young (Mixed) (G1 Evacuation Pause) 210M->195M(512M) 2.683ms
[2023-04-09T19:20:56.522+0800][2392.031s] GC(778) User=0.00s Sys=0.00s Real=0.00s
[2023-04-09T19:20:56.733+0800][2392.242s] GC(779) Pause Young (Normal) (G1 Evacuation Pause)
[2023-04-09T19:20:56.733+0800][2392.242s] GC(779) Using 8 workers of 8 for evacuation
[2023-04-09T19:20:56.735+0800][2392.244s] GC(779)   Pre Evacuate Collection Set: 0.0ms
[2023-04-09T19:20:56.735+0800][2392.244s] GC(779)   Evacuate Collection Set: 1.0ms
[2023-04-09T19:20:56.735+0800][2392.244s] GC(779)   Post Evacuate Collection Set: 0.5ms
[2023-04-09T19:20:56.735+0800][2392.244s] GC(779)   Other: 0.1ms
[2023-04-09T19:20:56.735+0800][2392.244s] GC(779) Eden regions: 182->0(168)
[2023-04-09T19:20:56.735+0800][2392.244s] GC(779) Survivor regions: 2->7(23)
[2023-04-09T19:20:56.735+0800][2392.244s] GC(779) Old regions: 130->130
[2023-04-09T19:20:56.735+0800][2392.244s] GC(779) Humongous regions: 101->101
[2023-04-09T19:20:56.735+0800][2392.244s] GC(779) Metaspace: 61717K(64880K)->61717K(64880K) NonClass: 54765K(56740K)->54765K(56740K) Class: 6951K(8140K)->6951K(8140K)
[2023-04-09T19:20:56.735+0800][2392.244s] GC(779) Pause Young (Normal) (G1 Evacuation Pause) 413M->236M(512M) 1.952ms
[2023-04-09T19:20:56.735+0800][2392.244s] GC(779) User=0.00s Sys=0.00s Real=0.00s
[2023-04-09T19:20:56.774+0800][2392.283s] GC(780) Pause Young (Concurrent Start) (G1 Humongous Allocation)
[2023-04-09T19:20:56.774+0800][2392.283s] GC(780) Using 8 workers of 8 for evacuation
[2023-04-09T19:20:56.776+0800][2392.285s] GC(780)   Pre Evacuate Collection Set: 0.1ms
[2023-04-09T19:20:56.776+0800][2392.285s] GC(780)   Evacuate Collection Set: 1.2ms
[2023-04-09T19:20:56.776+0800][2392.285s] GC(780)   Post Evacuate Collection Set: 0.5ms
[2023-04-09T19:20:56.776+0800][2392.285s] GC(780)   Other: 0.2ms
[2023-04-09T19:20:56.776+0800][2392.285s] GC(780) Eden regions: 27->0(132)
[2023-04-09T19:20:56.777+0800][2392.285s] GC(780) Survivor regions: 7->8(22)
[2023-04-09T19:20:56.777+0800][2392.286s] GC(780) Old regions: 130->130
[2023-04-09T19:20:56.777+0800][2392.286s] GC(780) Humongous regions: 101->101
[2023-04-09T19:20:56.777+0800][2392.286s] GC(780) Metaspace: 61717K(64880K)->61717K(64880K) NonClass: 54765K(56740K)->54765K(56740K) Class: 6951K(8140K)->6951K(8140K)
[2023-04-09T19:20:56.777+0800][2392.286s] GC(780) Pause Young (Concurrent Start) (G1 Humongous Allocation) 263M->237M(512M) 2.244ms
[2023-04-09T19:20:56.777+0800][2392.286s] GC(780) User=0.00s Sys=0.02s Real=0.00s
[2023-04-09T19:20:56.777+0800][2392.286s] GC(781) Concurrent Cycle
[2023-04-09T19:20:56.777+0800][2392.286s] GC(781) Concurrent Clear Claimed Marks
[2023-04-09T19:20:56.777+0800][2392.286s] GC(781) Concurrent Clear Claimed Marks 0.076ms
[2023-04-09T19:20:56.777+0800][2392.286s] GC(781) Concurrent Scan Root Regions
[2023-04-09T19:20:56.777+0800][2392.286s] GC(781) Concurrent Scan Root Regions 0.422ms
[2023-04-09T19:20:56.777+0800][2392.286s] GC(781) Concurrent Mark (2392.286s)
[2023-04-09T19:20:56.777+0800][2392.286s] GC(781) Concurrent Mark From Roots
[2023-04-09T19:20:56.777+0800][2392.286s] GC(781) Using 2 workers of 2 for marking
[2023-04-09T19:20:56.806+0800][2392.315s] GC(781) Concurrent Mark From Roots 28.493ms
[2023-04-09T19:20:56.806+0800][2392.315s] GC(781) Concurrent Preclean
[2023-04-09T19:20:56.806+0800][2392.315s] GC(781) Concurrent Preclean 0.315ms
[2023-04-09T19:20:56.806+0800][2392.315s] GC(781) Concurrent Mark (2392.286s, 2392.315s) 28.896ms
[2023-04-09T19:20:56.807+0800][2392.316s] GC(781) Pause Remark
[2023-04-09T19:20:56.811+0800][2392.320s] GC(781) Cleaned string and symbol table, strings: 27925 processed, 0 removed, symbols: 172411 processed, 0 removed
[2023-04-09T19:20:56.811+0800][2392.320s] GC(781) Pause Remark 252M->208M(512M) 4.382ms
[2023-04-09T19:20:56.811+0800][2392.320s] GC(781) User=0.11s Sys=0.02s Real=0.00s
[2023-04-09T19:20:56.811+0800][2392.320s] GC(781) Concurrent Rebuild Remembered Sets
[2023-04-09T19:20:56.830+0800][2392.339s] GC(781) Concurrent Rebuild Remembered Sets 19.258ms
[2023-04-09T19:20:56.831+0800][2392.340s] GC(781) Pause Cleanup
[2023-04-09T19:20:56.831+0800][2392.340s] GC(781) Pause Cleanup 219M->219M(512M) 0.212ms
[2023-04-09T19:20:56.831+0800][2392.340s] GC(781) User=0.00s Sys=0.00s Real=0.00s
[2023-04-09T19:20:56.831+0800][2392.340s] GC(781) Concurrent Cleanup for Next Mark
[2023-04-09T19:20:56.832+0800][2392.341s] GC(781) Concurrent Cleanup for Next Mark 0.770ms
[2023-04-09T19:20:56.832+0800][2392.341s] GC(781) Concurrent Cycle 55.370ms
[2023-04-09T19:20:56.990+0800][2392.499s] GC(782) Pause Young (Prepare Mixed) (G1 Evacuation Pause)
[2023-04-09T19:20:56.990+0800][2392.499s] GC(782) Using 8 workers of 8 for evacuation
[2023-04-09T19:20:56.992+0800][2392.501s] GC(782)   Pre Evacuate Collection Set: 0.0ms
[2023-04-09T19:20:56.992+0800][2392.501s] GC(782)   Evacuate Collection Set: 1.4ms
[2023-04-09T19:20:56.992+0800][2392.501s] GC(782)   Post Evacuate Collection Set: 0.4ms
[2023-04-09T19:20:56.992+0800][2392.501s] GC(782)   Other: 0.2ms
[2023-04-09T19:20:56.992+0800][2392.501s] GC(782) Eden regions: 132->0(15)
[2023-04-09T19:20:56.992+0800][2392.501s] GC(782) Survivor regions: 8->10(18)
[2023-04-09T19:20:56.992+0800][2392.501s] GC(782) Old regions: 130->130
[2023-04-09T19:20:56.992+0800][2392.501s] GC(782) Humongous regions: 59->58
[2023-04-09T19:20:56.992+0800][2392.501s] GC(782) Metaspace: 61717K(64880K)->61717K(64880K) NonClass: 54765K(56740K)->54765K(56740K) Class: 6951K(8140K)->6951K(8140K)
[2023-04-09T19:20:56.992+0800][2392.501s] GC(782) Pause Young (Prepare Mixed) (G1 Evacuation Pause) 327M->197M(512M) 2.134ms
[2023-04-09T19:20:56.992+0800][2392.501s] GC(782) User=0.00s Sys=0.00s Real=0.00s
[2023-04-09T19:20:57.018+0800][2392.527s] GC(783) Pause Young (Mixed) (G1 Evacuation Pause)
[2023-04-09T19:20:57.018+0800][2392.527s] GC(783) Using 8 workers of 8 for evacuation
[2023-04-09T19:20:57.021+0800][2392.530s] GC(783)   Pre Evacuate Collection Set: 0.1ms
[2023-04-09T19:20:57.021+0800][2392.530s] GC(783)   Evacuate Collection Set: 2.3ms
[2023-04-09T19:20:57.021+0800][2392.530s] GC(783)   Post Evacuate Collection Set: 0.4ms
[2023-04-09T19:20:57.021+0800][2392.530s] GC(783)   Other: 0.3ms
[2023-04-09T19:20:57.021+0800][2392.530s] GC(783) Eden regions: 15->0(171)
[2023-04-09T19:20:57.021+0800][2392.530s] GC(783) Survivor regions: 10->1(4)
[2023-04-09T19:20:57.021+0800][2392.530s] GC(783) Old regions: 130->128
[2023-04-09T19:20:57.021+0800][2392.530s] GC(783) Humongous regions: 59->59
[2023-04-09T19:20:57.021+0800][2392.530s] GC(783) Metaspace: 61717K(64880K)->61717K(64880K) NonClass: 54765K(56740K)->54765K(56740K) Class: 6951K(8140K)->6951K(8140K)
[2023-04-09T19:20:57.021+0800][2392.530s] GC(783) Pause Young (Mixed) (G1 Evacuation Pause) 213M->187M(512M) 3.490ms
[2023-04-09T19:20:57.021+0800][2392.530s] GC(783) User=0.00s Sys=0.00s Real=0.00s
[2023-04-09T19:20:57.279+0800][2392.789s] GC(784) Pause Young (Normal) (G1 Evacuation Pause)
[2023-04-09T19:20:57.280+0800][2392.789s] GC(784) Using 8 workers of 8 for evacuation
[2023-04-09T19:20:57.281+0800][2392.790s] GC(784)   Pre Evacuate Collection Set: 0.0ms
[2023-04-09T19:20:57.281+0800][2392.790s] GC(784)   Evacuate Collection Set: 0.8ms
[2023-04-09T19:20:57.281+0800][2392.790s] GC(784)   Post Evacuate Collection Set: 0.5ms
[2023-04-09T19:20:57.281+0800][2392.790s] GC(784)   Other: 0.2ms
[2023-04-09T19:20:57.281+0800][2392.790s] GC(784) Eden regions: 171->0(179)
[2023-04-09T19:20:57.281+0800][2392.790s] GC(784) Survivor regions: 1->4(22)
[2023-04-09T19:20:57.281+0800][2392.790s] GC(784) Old regions: 128->128
[2023-04-09T19:20:57.281+0800][2392.790s] GC(784) Humongous regions: 64->64
[2023-04-09T19:20:57.281+0800][2392.790s] GC(784) Metaspace: 61717K(64880K)->61717K(64880K) NonClass: 54765K(56740K)->54765K(56740K) Class: 6951K(8140K)->6951K(8140K)
[2023-04-09T19:20:57.281+0800][2392.790s] GC(784) Pause Young (Normal) (G1 Evacuation Pause) 363M->194M(512M) 1.689ms
[2023-04-09T19:20:57.281+0800][2392.790s] GC(784) User=0.00s Sys=0.00s Real=0.00s
[2023-04-09T19:20:57.732+0800][2393.241s] GC(785) Pause Young (Normal) (G1 Evacuation Pause)
[2023-04-09T19:20:57.732+0800][2393.241s] GC(785) Using 8 workers of 8 for evacuation
[2023-04-09T19:20:57.734+0800][2393.242s] GC(785)   Pre Evacuate Collection Set: 0.0ms
[2023-04-09T19:20:57.734+0800][2393.242s] GC(785)   Evacuate Collection Set: 0.8ms
[2023-04-09T19:20:57.734+0800][2393.242s] GC(785)   Post Evacuate Collection Set: 0.5ms
[2023-04-09T19:20:57.734+0800][2393.242s] GC(785)   Other: 0.2ms
[2023-04-09T19:20:57.734+0800][2393.242s] GC(785) Eden regions: 179->0(185)
[2023-04-09T19:20:57.734+0800][2393.242s] GC(785) Survivor regions: 4->7(23)
[2023-04-09T19:20:57.734+0800][2393.242s] GC(785) Old regions: 128->128
[2023-04-09T19:20:57.734+0800][2393.242s] GC(785) Humongous regions: 72->65
[2023-04-09T19:20:57.734+0800][2393.242s] GC(785) Metaspace: 61717K(64880K)->61717K(64880K) NonClass: 54765K(56740K)->54765K(56740K) Class: 6951K(8140K)->6951K(8140K)
[2023-04-09T19:20:57.734+0800][2393.242s] GC(785) Pause Young (Normal) (G1 Evacuation Pause) 381M->198M(512M) 1.713ms
[2023-04-09T19:20:57.734+0800][2393.242s] GC(785) User=0.00s Sys=0.00s Real=0.00s
[2023-04-09T19:20:57.957+0800][2393.465s] GC(786) Pause Young (Normal) (G1 Evacuation Pause)
[2023-04-09T19:20:57.957+0800][2393.465s] GC(786) Using 8 workers of 8 for evacuation
[2023-04-09T19:20:57.958+0800][2393.466s] GC(786)   Pre Evacuate Collection Set: 0.0ms
[2023-04-09T19:20:57.958+0800][2393.466s] GC(786)   Evacuate Collection Set: 0.7ms
[2023-04-09T19:20:57.958+0800][2393.466s] GC(786)   Post Evacuate Collection Set: 0.4ms
[2023-04-09T19:20:57.958+0800][2393.466s] GC(786)   Other: 0.2ms
[2023-04-09T19:20:57.958+0800][2393.466s] GC(786) Eden regions: 185->0(195)
[2023-04-09T19:20:57.958+0800][2393.466s] GC(786) Survivor regions: 7->6(24)
[2023-04-09T19:20:57.958+0800][2393.466s] GC(786) Old regions: 128->128
[2023-04-09T19:20:57.958+0800][2393.466s] GC(786) Humongous regions: 65->65
[2023-04-09T19:20:57.958+0800][2393.466s] GC(786) Metaspace: 61717K(64880K)->61717K(64880K) NonClass: 54765K(56740K)->54765K(56740K) Class: 6951K(8140K)->6951K(8140K)
[2023-04-09T19:20:57.958+0800][2393.467s] GC(786) Pause Young (Normal) (G1 Evacuation Pause) 383M->198M(512M) 1.455ms
[2023-04-09T19:20:57.958+0800][2393.467s] GC(786) User=0.00s Sys=0.00s Real=0.00s
[2023-04-09T19:20:58.270+0800][2393.778s] GC(787) Pause Young (Normal) (G1 Evacuation Pause)
[2023-04-09T19:20:58.270+0800][2393.778s] GC(787) Using 8 workers of 8 for evacuation
[2023-04-09T19:20:58.271+0800][2393.780s] GC(787)   Pre Evacuate Collection Set: 0.0ms
[2023-04-09T19:20:58.272+0800][2393.780s] GC(787)   Evacuate Collection Set: 1.1ms
[2023-04-09T19:20:58.272+0800][2393.780s] GC(787)   Post Evacuate Collection Set: 0.5ms
[2023-04-09T19:20:58.272+0800][2393.780s] GC(787)   Other: 0.2ms
[2023-04-09T19:20:58.272+0800][2393.780s] GC(787) Eden regions: 195->0(198)
[2023-04-09T19:20:58.272+0800][2393.780s] GC(787) Survivor regions: 6->10(26)
[2023-04-09T19:20:58.272+0800][2393.780s] GC(787) Old regions: 128->128
[2023-04-09T19:20:58.272+0800][2393.780s] GC(787) Humongous regions: 65->65
[2023-04-09T19:20:58.272+0800][2393.780s] GC(787) Metaspace: 61717K(64880K)->61717K(64880K) NonClass: 54765K(56740K)->54765K(56740K) Class: 6951K(8140K)->6951K(8140K)
[2023-04-09T19:20:58.272+0800][2393.780s] GC(787) Pause Young (Normal) (G1 Evacuation Pause) 393M->201M(512M) 2.079ms
[2023-04-09T19:20:58.272+0800][2393.780s] GC(787) User=0.00s Sys=0.00s Real=0.00s
[2023-04-09T19:20:58.400+0800][2393.909s] GC(788) Pause Young (Normal) (G1 Evacuation Pause)
[2023-04-09T19:20:58.400+0800][2393.909s] GC(788) Using 8 workers of 8 for evacuation
[2023-04-09T19:20:58.402+0800][2393.911s] GC(788)   Pre Evacuate Collection Set: 0.0ms
[2023-04-09T19:20:58.403+0800][2393.911s] GC(788)   Evacuate Collection Set: 1.6ms
[2023-04-09T19:20:58.403+0800][2393.911s] GC(788)   Post Evacuate Collection Set: 0.4ms
[2023-04-09T19:20:58.403+0800][2393.911s] GC(788)   Other: 0.2ms
[2023-04-09T19:20:58.403+0800][2393.911s] GC(788) Eden regions: 198->0(203)
[2023-04-09T19:20:58.403+0800][2393.911s] GC(788) Survivor regions: 10->11(26)
[2023-04-09T19:20:58.403+0800][2393.911s] GC(788) Old regions: 128->128
[2023-04-09T19:20:58.403+0800][2393.911s] GC(788) Humongous regions: 66->66
[2023-04-09T19:20:58.403+0800][2393.911s] GC(788) Metaspace: 61717K(64880K)->61717K(64880K) NonClass: 54765K(56740K)->54765K(56740K) Class: 6951K(8140K)->6951K(8140K)
[2023-04-09T19:20:58.403+0800][2393.911s] GC(788) Pause Young (Normal) (G1 Evacuation Pause) 400M->204M(512M) 2.364ms
[2023-04-09T19:20:58.403+0800][2393.911s] GC(788) User=0.09s Sys=0.00s Real=0.00s
[2023-04-09T19:20:58.536+0800][2394.044s] GC(789) Pause Young (Normal) (G1 Evacuation Pause)
[2023-04-09T19:20:58.536+0800][2394.044s] GC(789) Using 8 workers of 8 for evacuation
[2023-04-09T19:20:58.538+0800][2394.046s] GC(789)   Pre Evacuate Collection Set: 0.0ms
[2023-04-09T19:20:58.538+0800][2394.046s] GC(789)   Evacuate Collection Set: 1.4ms
[2023-04-09T19:20:58.538+0800][2394.046s] GC(789)   Post Evacuate Collection Set: 0.5ms
[2023-04-09T19:20:58.538+0800][2394.046s] GC(789)   Other: 0.2ms
[2023-04-09T19:20:58.538+0800][2394.046s] GC(789) Eden regions: 203->0(206)
[2023-04-09T19:20:58.538+0800][2394.047s] GC(789) Survivor regions: 11->13(27)
[2023-04-09T19:20:58.538+0800][2394.047s] GC(789) Old regions: 128->128
[2023-04-09T19:20:58.538+0800][2394.047s] GC(789) Humongous regions: 66->66
[2023-04-09T19:20:58.538+0800][2394.047s] GC(789) Metaspace: 61717K(64880K)->61717K(64880K) NonClass: 54765K(56740K)->54765K(56740K) Class: 6951K(8140K)->6951K(8140K)
[2023-04-09T19:20:58.538+0800][2394.047s] GC(789) Pause Young (Normal) (G1 Evacuation Pause) 407M->206M(512M) 2.253ms
[2023-04-09T19:20:58.538+0800][2394.047s] GC(789) User=0.00s Sys=0.00s Real=0.00s
[2023-04-09T19:20:58.543+0800][2394.051s] GC(790) Pause Young (Concurrent Start) (G1 Humongous Allocation)
[2023-04-09T19:20:58.543+0800][2394.051s] GC(790) Using 8 workers of 8 for evacuation
[2023-04-09T19:20:58.545+0800][2394.054s] GC(790)   Pre Evacuate Collection Set: 0.1ms
[2023-04-09T19:20:58.545+0800][2394.054s] GC(790)   Evacuate Collection Set: 1.6ms
[2023-04-09T19:20:58.545+0800][2394.054s] GC(790)   Post Evacuate Collection Set: 0.6ms
[2023-04-09T19:20:58.545+0800][2394.054s] GC(790)   Other: 0.3ms
[2023-04-09T19:20:58.545+0800][2394.054s] GC(790) Eden regions: 6->0(141)
[2023-04-09T19:20:58.545+0800][2394.054s] GC(790) Survivor regions: 13->13(28)
[2023-04-09T19:20:58.545+0800][2394.054s] GC(790) Old regions: 128->128
[2023-04-09T19:20:58.545+0800][2394.054s] GC(790) Humongous regions: 66->66
[2023-04-09T19:20:58.545+0800][2394.054s] GC(790) Metaspace: 61717K(64880K)->61717K(64880K) NonClass: 54765K(56740K)->54765K(56740K) Class: 6951K(8140K)->6951K(8140K)
[2023-04-09T19:20:58.545+0800][2394.054s] GC(790) Pause Young (Concurrent Start) (G1 Humongous Allocation) 212M->206M(512M) 2.597ms
[2023-04-09T19:20:58.545+0800][2394.054s] GC(790) User=0.00s Sys=0.00s Real=0.00s
[2023-04-09T19:20:58.545+0800][2394.054s] GC(791) Concurrent Cycle
[2023-04-09T19:20:58.545+0800][2394.054s] GC(791) Concurrent Clear Claimed Marks
[2023-04-09T19:20:58.545+0800][2394.054s] GC(791) Concurrent Clear Claimed Marks 0.089ms
[2023-04-09T19:20:58.545+0800][2394.054s] GC(791) Concurrent Scan Root Regions
[2023-04-09T19:20:58.546+0800][2394.054s] GC(791) Concurrent Scan Root Regions 0.447ms
[2023-04-09T19:20:58.546+0800][2394.055s] GC(791) Concurrent Mark (2394.055s)
[2023-04-09T19:20:58.546+0800][2394.055s] GC(791) Concurrent Mark From Roots
[2023-04-09T19:20:58.546+0800][2394.055s] GC(791) Using 2 workers of 2 for marking
[2023-04-09T19:20:58.577+0800][2394.086s] GC(791) Concurrent Mark From Roots 31.425ms
[2023-04-09T19:20:58.577+0800][2394.086s] GC(791) Concurrent Preclean
[2023-04-09T19:20:58.578+0800][2394.086s] GC(791) Concurrent Preclean 0.255ms
[2023-04-09T19:20:58.578+0800][2394.086s] GC(791) Concurrent Mark (2394.055s, 2394.086s) 31.770ms
[2023-04-09T19:20:58.578+0800][2394.087s] GC(791) Pause Remark
[2023-04-09T19:20:58.582+0800][2394.091s] GC(791) Cleaned string and symbol table, strings: 27925 processed, 0 removed, symbols: 172411 processed, 0 removed
[2023-04-09T19:20:58.582+0800][2394.091s] GC(791) Pause Remark 245M->241M(512M) 4.370ms
[2023-04-09T19:20:58.582+0800][2394.091s] GC(791) User=0.00s Sys=0.00s Real=0.00s
[2023-04-09T19:20:58.582+0800][2394.091s] GC(791) Concurrent Rebuild Remembered Sets
[2023-04-09T19:20:58.598+0800][2394.107s] GC(791) Concurrent Rebuild Remembered Sets 15.996ms
[2023-04-09T19:20:58.599+0800][2394.107s] GC(791) Pause Cleanup
[2023-04-09T19:20:58.599+0800][2394.108s] GC(791) Pause Cleanup 265M->265M(512M) 0.241ms
[2023-04-09T19:20:58.599+0800][2394.108s] GC(791) User=0.00s Sys=0.00s Real=0.00s
[2023-04-09T19:20:58.599+0800][2394.108s] GC(791) Concurrent Cleanup for Next Mark
[2023-04-09T19:20:58.600+0800][2394.109s] GC(791) Concurrent Cleanup for Next Mark 0.873ms
[2023-04-09T19:20:58.600+0800][2394.109s] GC(791) Concurrent Cycle 54.730ms
[2023-04-09T19:20:58.653+0800][2394.162s] GC(792) Pause Young (Prepare Mixed) (G1 Evacuation Pause)
[2023-04-09T19:20:58.653+0800][2394.162s] GC(792) Using 8 workers of 8 for evacuation
[2023-04-09T19:20:58.655+0800][2394.163s] GC(792)   Pre Evacuate Collection Set: 0.0ms
[2023-04-09T19:20:58.655+0800][2394.163s] GC(792)   Evacuate Collection Set: 1.0ms
[2023-04-09T19:20:58.655+0800][2394.163s] GC(792)   Post Evacuate Collection Set: 0.5ms
[2023-04-09T19:20:58.655+0800][2394.163s] GC(792)   Other: 0.2ms
[2023-04-09T19:20:58.655+0800][2394.163s] GC(792) Eden regions: 141->0(16)
[2023-04-09T19:20:58.655+0800][2394.163s] GC(792) Survivor regions: 13->9(20)
[2023-04-09T19:20:58.655+0800][2394.163s] GC(792) Old regions: 128->128
[2023-04-09T19:20:58.655+0800][2394.163s] GC(792) Humongous regions: 64->58
[2023-04-09T19:20:58.655+0800][2394.164s] GC(792) Metaspace: 61717K(64880K)->61717K(64880K) NonClass: 54765K(56740K)->54765K(56740K) Class: 6951K(8140K)->6951K(8140K)
[2023-04-09T19:20:58.655+0800][2394.164s] GC(792) Pause Young (Prepare Mixed) (G1 Evacuation Pause) 345M->193M(512M) 2.029ms
[2023-04-09T19:20:58.655+0800][2394.164s] GC(792) User=0.00s Sys=0.00s Real=0.00s
[2023-04-09T19:20:58.666+0800][2394.174s] GC(793) Pause Young (Mixed) (G1 Evacuation Pause)
[2023-04-09T19:20:58.666+0800][2394.174s] GC(793) Using 8 workers of 8 for evacuation
[2023-04-09T19:20:58.668+0800][2394.176s] GC(793)   Pre Evacuate Collection Set: 0.0ms
[2023-04-09T19:20:58.668+0800][2394.176s] GC(793)   Evacuate Collection Set: 1.3ms
[2023-04-09T19:20:58.668+0800][2394.176s] GC(793)   Post Evacuate Collection Set: 0.4ms
[2023-04-09T19:20:58.668+0800][2394.176s] GC(793)   Other: 0.3ms
[2023-04-09T19:20:58.668+0800][2394.176s] GC(793) Eden regions: 16->0(158)
[2023-04-09T19:20:58.668+0800][2394.176s] GC(793) Survivor regions: 9->1(4)
[2023-04-09T19:20:58.668+0800][2394.176s] GC(793) Old regions: 128->134
[2023-04-09T19:20:58.668+0800][2394.176s] GC(793) Humongous regions: 58->58
[2023-04-09T19:20:58.668+0800][2394.176s] GC(793) Metaspace: 61717K(64880K)->61717K(64880K) NonClass: 54765K(56740K)->54765K(56740K) Class: 6951K(8140K)->6951K(8140K)
[2023-04-09T19:20:58.668+0800][2394.176s] GC(793) Pause Young (Mixed) (G1 Evacuation Pause) 209M->191M(512M) 2.208ms
[2023-04-09T19:20:58.668+0800][2394.177s] GC(793) User=0.02s Sys=0.00s Real=0.00s
[2023-04-09T19:20:58.781+0800][2394.290s] GC(794) Pause Young (Normal) (G1 Evacuation Pause)
[2023-04-09T19:20:58.781+0800][2394.290s] GC(794) Using 8 workers of 8 for evacuation
[2023-04-09T19:20:58.782+0800][2394.291s] GC(794)   Pre Evacuate Collection Set: 0.0ms
[2023-04-09T19:20:58.782+0800][2394.291s] GC(794)   Evacuate Collection Set: 0.6ms
[2023-04-09T19:20:58.782+0800][2394.291s] GC(794)   Post Evacuate Collection Set: 0.5ms
[2023-04-09T19:20:58.782+0800][2394.291s] GC(794)   Other: 0.1ms
[2023-04-09T19:20:58.782+0800][2394.291s] GC(794) Eden regions: 158->0(167)
[2023-04-09T19:20:58.782+0800][2394.291s] GC(794) Survivor regions: 1->4(20)
[2023-04-09T19:20:58.782+0800][2394.291s] GC(794) Old regions: 134->134
[2023-04-09T19:20:58.782+0800][2394.291s] GC(794) Humongous regions: 59->59
[2023-04-09T19:20:58.782+0800][2394.291s] GC(794) Metaspace: 61717K(64880K)->61717K(64880K) NonClass: 54765K(56740K)->54765K(56740K) Class: 6951K(8140K)->6951K(8140K)
[2023-04-09T19:20:58.782+0800][2394.291s] GC(794) Pause Young (Normal) (G1 Evacuation Pause) 350M->196M(512M) 1.509ms
[2023-04-09T19:20:58.782+0800][2394.291s] GC(794) User=0.00s Sys=0.00s Real=0.00s
[2023-04-09T19:20:58.899+0800][2394.407s] GC(795) Pause Young (Normal) (G1 Evacuation Pause)
[2023-04-09T19:20:58.899+0800][2394.407s] GC(795) Using 8 workers of 8 for evacuation
[2023-04-09T19:20:58.900+0800][2394.409s] GC(795)   Pre Evacuate Collection Set: 0.0ms
[2023-04-09T19:20:58.900+0800][2394.409s] GC(795)   Evacuate Collection Set: 0.8ms
[2023-04-09T19:20:58.900+0800][2394.409s] GC(795)   Post Evacuate Collection Set: 0.6ms
[2023-04-09T19:20:58.900+0800][2394.409s] GC(795)   Other: 0.2ms
[2023-04-09T19:20:58.900+0800][2394.409s] GC(795) Eden regions: 167->0(176)
[2023-04-09T19:20:58.900+0800][2394.409s] GC(795) Survivor regions: 4->5(22)
[2023-04-09T19:20:58.900+0800][2394.409s] GC(795) Old regions: 134->134
[2023-04-09T19:20:58.900+0800][2394.409s] GC(795) Humongous regions: 59->59
[2023-04-09T19:20:58.900+0800][2394.409s] GC(795) Metaspace: 61717K(64880K)->61717K(64880K) NonClass: 54765K(56740K)->54765K(56740K) Class: 6951K(8140K)->6951K(8140K)
[2023-04-09T19:20:58.900+0800][2394.409s] GC(795) Pause Young (Normal) (G1 Evacuation Pause) 363M->197M(512M) 1.798ms
[2023-04-09T19:20:58.900+0800][2394.409s] GC(795) User=0.00s Sys=0.00s Real=0.00s
[2023-04-09T19:20:59.023+0800][2394.532s] GC(796) Pause Young (Normal) (G1 Evacuation Pause)
[2023-04-09T19:20:59.023+0800][2394.532s] GC(796) Using 8 workers of 8 for evacuation
[2023-04-09T19:20:59.024+0800][2394.533s] GC(796)   Pre Evacuate Collection Set: 0.0ms
[2023-04-09T19:20:59.024+0800][2394.533s] GC(796)   Evacuate Collection Set: 0.7ms
[2023-04-09T19:20:59.024+0800][2394.533s] GC(796)   Post Evacuate Collection Set: 0.5ms
[2023-04-09T19:20:59.024+0800][2394.533s] GC(796)   Other: 0.2ms
[2023-04-09T19:20:59.024+0800][2394.533s] GC(796) Eden regions: 176->0(181)
[2023-04-09T19:20:59.024+0800][2394.533s] GC(796) Survivor regions: 5->7(23)
[2023-04-09T19:20:59.024+0800][2394.533s] GC(796) Old regions: 134->134
[2023-04-09T19:20:59.024+0800][2394.533s] GC(796) Humongous regions: 59->59
[2023-04-09T19:20:59.024+0800][2394.533s] GC(796) Metaspace: 61717K(64880K)->61717K(64880K) NonClass: 54765K(56740K)->54765K(56740K) Class: 6951K(8140K)->6951K(8140K)
[2023-04-09T19:20:59.024+0800][2394.533s] GC(796) Pause Young (Normal) (G1 Evacuation Pause) 373M->199M(512M) 1.560ms
[2023-04-09T19:20:59.024+0800][2394.534s] GC(796) User=0.00s Sys=0.00s Real=0.00s
[2023-04-09T19:20:59.144+0800][2394.653s] GC(797) Pause Young (Normal) (G1 Evacuation Pause)
[2023-04-09T19:20:59.144+0800][2394.654s] GC(797) Using 8 workers of 8 for evacuation
[2023-04-09T19:20:59.146+0800][2394.655s] GC(797)   Pre Evacuate Collection Set: 0.1ms
[2023-04-09T19:20:59.146+0800][2394.655s] GC(797)   Evacuate Collection Set: 0.7ms
[2023-04-09T19:20:59.146+0800][2394.655s] GC(797)   Post Evacuate Collection Set: 0.5ms
[2023-04-09T19:20:59.146+0800][2394.655s] GC(797)   Other: 0.1ms
[2023-04-09T19:20:59.146+0800][2394.655s] GC(797) Eden regions: 181->0(186)
[2023-04-09T19:20:59.146+0800][2394.655s] GC(797) Survivor regions: 7->5(24)
[2023-04-09T19:20:59.146+0800][2394.655s] GC(797) Old regions: 134->134
[2023-04-09T19:20:59.146+0800][2394.655s] GC(797) Humongous regions: 64->64
[2023-04-09T19:20:59.146+0800][2394.655s] GC(797) Metaspace: 61717K(64880K)->61717K(64880K) NonClass: 54765K(56740K)->54765K(56740K) Class: 6951K(8140K)->6951K(8140K)
[2023-04-09T19:20:59.146+0800][2394.655s] GC(797) Pause Young (Normal) (G1 Evacuation Pause) 385M->202M(512M) 1.677ms
[2023-04-09T19:20:59.146+0800][2394.655s] GC(797) User=0.00s Sys=0.00s Real=0.00s
[2023-04-09T19:20:59.328+0800][2394.837s] GC(798) Pause Young (Normal) (G1 Evacuation Pause)
[2023-04-09T19:20:59.328+0800][2394.837s] GC(798) Using 8 workers of 8 for evacuation
[2023-04-09T19:20:59.329+0800][2394.838s] GC(798)   Pre Evacuate Collection Set: 0.0ms
[2023-04-09T19:20:59.329+0800][2394.838s] GC(798)   Evacuate Collection Set: 0.8ms
[2023-04-09T19:20:59.329+0800][2394.838s] GC(798)   Post Evacuate Collection Set: 0.3ms
[2023-04-09T19:20:59.329+0800][2394.838s] GC(798)   Other: 0.2ms
[2023-04-09T19:20:59.329+0800][2394.838s] GC(798) Eden regions: 186->0(190)
[2023-04-09T19:20:59.329+0800][2394.838s] GC(798) Survivor regions: 5->6(24)
[2023-04-09T19:20:59.329+0800][2394.838s] GC(798) Old regions: 134->134
[2023-04-09T19:20:59.329+0800][2394.838s] GC(798) Humongous regions: 72->65
[2023-04-09T19:20:59.329+0800][2394.838s] GC(798) Metaspace: 61717K(64880K)->61717K(64880K) NonClass: 54765K(56740K)->54765K(56740K) Class: 6951K(8140K)->6951K(8140K)
[2023-04-09T19:20:59.329+0800][2394.838s] GC(798) Pause Young (Normal) (G1 Evacuation Pause) 396M->204M(512M) 1.512ms
[2023-04-09T19:20:59.329+0800][2394.838s] GC(798) User=0.00s Sys=0.00s Real=0.00s
[2023-04-09T19:20:59.521+0800][2395.029s] GC(799) Pause Young (Normal) (G1 Evacuation Pause)
[2023-04-09T19:20:59.521+0800][2395.030s] GC(799) Using 8 workers of 8 for evacuation
[2023-04-09T19:20:59.523+0800][2395.031s] GC(799)   Pre Evacuate Collection Set: 0.0ms
[2023-04-09T19:20:59.523+0800][2395.031s] GC(799)   Evacuate Collection Set: 1.0ms
[2023-04-09T19:20:59.523+0800][2395.031s] GC(799)   Post Evacuate Collection Set: 0.4ms
[2023-04-09T19:20:59.523+0800][2395.031s] GC(799)   Other: 0.2ms
[2023-04-09T19:20:59.523+0800][2395.031s] GC(799) Eden regions: 190->0(194)
[2023-04-09T19:20:59.523+0800][2395.031s] GC(799) Survivor regions: 6->7(25)
[2023-04-09T19:20:59.523+0800][2395.031s] GC(799) Old regions: 134->134
[2023-04-09T19:20:59.523+0800][2395.031s] GC(799) Humongous regions: 65->65
[2023-04-09T19:20:59.523+0800][2395.031s] GC(799) Metaspace: 61717K(64880K)->61717K(64880K) NonClass: 54765K(56740K)->54765K(56740K) Class: 6951K(8140K)->6951K(8140K)
[2023-04-09T19:20:59.523+0800][2395.031s] GC(799) Pause Young (Normal) (G1 Evacuation Pause) 394M->205M(512M) 1.905ms
[2023-04-09T19:20:59.523+0800][2395.031s] GC(799) User=0.00s Sys=0.00s Real=0.00s
[2023-04-09T19:20:59.680+0800][2395.189s] GC(800) Pause Young (Normal) (G1 Evacuation Pause)
[2023-04-09T19:20:59.680+0800][2395.189s] GC(800) Using 8 workers of 8 for evacuation
[2023-04-09T19:20:59.681+0800][2395.190s] GC(800)   Pre Evacuate Collection Set: 0.0ms
[2023-04-09T19:20:59.681+0800][2395.190s] GC(800)   Evacuate Collection Set: 0.9ms
[2023-04-09T19:20:59.681+0800][2395.190s] GC(800)   Post Evacuate Collection Set: 0.3ms
[2023-04-09T19:20:59.681+0800][2395.190s] GC(800)   Other: 0.2ms
[2023-04-09T19:20:59.681+0800][2395.190s] GC(800) Eden regions: 194->0(198)
[2023-04-09T19:20:59.681+0800][2395.190s] GC(800) Survivor regions: 7->8(26)
[2023-04-09T19:20:59.681+0800][2395.190s] GC(800) Old regions: 134->134
[2023-04-09T19:20:59.681+0800][2395.190s] GC(800) Humongous regions: 65->65
[2023-04-09T19:20:59.681+0800][2395.190s] GC(800) Metaspace: 61717K(64880K)->61717K(64880K) NonClass: 54765K(56740K)->54765K(56740K) Class: 6951K(8140K)->6951K(8140K)
[2023-04-09T19:20:59.681+0800][2395.190s] GC(800) Pause Young (Normal) (G1 Evacuation Pause) 399M->205M(512M) 1.553ms
[2023-04-09T19:20:59.681+0800][2395.190s] GC(800) User=0.00s Sys=0.00s Real=0.00s
[2023-04-09T19:20:59.841+0800][2395.350s] GC(801) Pause Young (Normal) (G1 Evacuation Pause)
[2023-04-09T19:20:59.841+0800][2395.350s] GC(801) Using 8 workers of 8 for evacuation
[2023-04-09T19:20:59.843+0800][2395.352s] GC(801)   Pre Evacuate Collection Set: 0.0ms
[2023-04-09T19:20:59.843+0800][2395.353s] GC(801)   Evacuate Collection Set: 1.4ms
[2023-04-09T19:20:59.843+0800][2395.353s] GC(801)   Post Evacuate Collection Set: 0.6ms
[2023-04-09T19:20:59.843+0800][2395.353s] GC(801)   Other: 0.1ms
[2023-04-09T19:20:59.844+0800][2395.353s] GC(801) Eden regions: 198->0(199)
[2023-04-09T19:20:59.844+0800][2395.353s] GC(801) Survivor regions: 8->12(26)
[2023-04-09T19:20:59.844+0800][2395.353s] GC(801) Old regions: 134->134
[2023-04-09T19:20:59.844+0800][2395.353s] GC(801) Humongous regions: 66->66
[2023-04-09T19:20:59.844+0800][2395.353s] GC(801) Metaspace: 61718K(64880K)->61718K(64880K) NonClass: 54766K(56740K)->54766K(56740K) Class: 6951K(8140K)->6951K(8140K)
[2023-04-09T19:20:59.844+0800][2395.353s] GC(801) Pause Young (Normal) (G1 Evacuation Pause) 404M->211M(512M) 2.475ms
[2023-04-09T19:20:59.844+0800][2395.353s] GC(801) User=0.00s Sys=0.00s Real=0.00s
[2023-04-09T19:20:59.995+0800][2395.504s] GC(802) Pause Young (Concurrent Start) (G1 Humongous Allocation)
[2023-04-09T19:20:59.995+0800][2395.504s] GC(802) Using 8 workers of 8 for evacuation
[2023-04-09T19:20:59.998+0800][2395.508s] GC(802)   Pre Evacuate Collection Set: 0.1ms
[2023-04-09T19:20:59.998+0800][2395.508s] GC(802)   Evacuate Collection Set: 2.4ms
[2023-04-09T19:20:59.998+0800][2395.508s] GC(802)   Post Evacuate Collection Set: 0.6ms
[2023-04-09T19:20:59.998+0800][2395.508s] GC(802)   Other: 0.2ms
[2023-04-09T19:20:59.998+0800][2395.508s] GC(802) Eden regions: 128->0(176)
[2023-04-09T19:20:59.998+0800][2395.508s] GC(802) Survivor regions: 12->18(27)
[2023-04-09T19:20:59.999+0800][2395.508s] GC(802) Old regions: 134->134
[2023-04-09T19:20:59.999+0800][2395.508s] GC(802) Humongous regions: 72->71
[2023-04-09T19:20:59.999+0800][2395.508s] GC(802) Metaspace: 61718K(64880K)->61718K(64880K) NonClass: 54766K(56740K)->54766K(56740K) Class: 6951K(8140K)->6951K(8140K)
[2023-04-09T19:20:59.999+0800][2395.508s] GC(802) Pause Young (Concurrent Start) (G1 Humongous Allocation) 345M->222M(512M) 3.536ms
[2023-04-09T19:20:59.999+0800][2395.508s] GC(802) User=0.12s Sys=0.00s Real=0.00s
[2023-04-09T19:20:59.999+0800][2395.508s] GC(803) Concurrent Cycle
[2023-04-09T19:20:59.999+0800][2395.508s] GC(803) Concurrent Clear Claimed Marks
[2023-04-09T19:20:59.999+0800][2395.508s] GC(803) Concurrent Clear Claimed Marks 0.191ms
[2023-04-09T19:20:59.999+0800][2395.508s] GC(803) Concurrent Scan Root Regions
[2023-04-09T19:21:00.000+0800][2395.509s] GC(803) Concurrent Scan Root Regions 0.886ms
[2023-04-09T19:21:00.000+0800][2395.509s] GC(803) Concurrent Mark (2395.509s)
[2023-04-09T19:21:00.000+0800][2395.509s] GC(803) Concurrent Mark From Roots
[2023-04-09T19:21:00.000+0800][2395.509s] GC(803) Using 2 workers of 2 for marking
[2023-04-09T19:21:00.032+0800][2395.542s] GC(803) Concurrent Mark From Roots 32.569ms
[2023-04-09T19:21:00.032+0800][2395.542s] GC(803) Concurrent Preclean
[2023-04-09T19:21:00.033+0800][2395.542s] GC(803) Concurrent Preclean 0.314ms
[2023-04-09T19:21:00.033+0800][2395.542s] GC(803) Concurrent Mark (2395.509s, 2395.542s) 32.993ms
[2023-04-09T19:21:00.033+0800][2395.542s] GC(803) Pause Remark
[2023-04-09T19:21:00.037+0800][2395.546s] GC(803) Cleaned string and symbol table, strings: 27925 processed, 0 removed, symbols: 172411 processed, 0 removed
[2023-04-09T19:21:00.037+0800][2395.546s] GC(803) Pause Remark 252M->196M(512M) 3.889ms
[2023-04-09T19:21:00.037+0800][2395.546s] GC(803) User=0.00s Sys=0.00s Real=0.00s
[2023-04-09T19:21:00.037+0800][2395.546s] GC(803) Concurrent Rebuild Remembered Sets
[2023-04-09T19:21:00.055+0800][2395.564s] GC(803) Concurrent Rebuild Remembered Sets 17.960ms
[2023-04-09T19:21:00.055+0800][2395.565s] GC(803) Pause Cleanup
[2023-04-09T19:21:00.055+0800][2395.565s] GC(803) Pause Cleanup 209M->209M(512M) 0.193ms
[2023-04-09T19:21:00.055+0800][2395.565s] GC(803) User=0.00s Sys=0.00s Real=0.00s
[2023-04-09T19:21:00.056+0800][2395.565s] GC(803) Concurrent Cleanup for Next Mark
[2023-04-09T19:21:00.056+0800][2395.566s] GC(803) Concurrent Cleanup for Next Mark 0.805ms
[2023-04-09T19:21:00.056+0800][2395.566s] GC(803) Concurrent Cycle 57.821ms
[2023-04-09T19:21:00.176+0800][2395.686s] GC(804) Pause Young (Prepare Mixed) (G1 Evacuation Pause)
[2023-04-09T19:21:00.177+0800][2395.686s] GC(804) Using 8 workers of 8 for evacuation
[2023-04-09T19:21:00.179+0800][2395.688s] GC(804)   Pre Evacuate Collection Set: 0.0ms
[2023-04-09T19:21:00.179+0800][2395.689s] GC(804)   Evacuate Collection Set: 1.8ms
[2023-04-09T19:21:00.179+0800][2395.689s] GC(804)   Post Evacuate Collection Set: 0.5ms
[2023-04-09T19:21:00.179+0800][2395.689s] GC(804)   Other: 0.3ms
[2023-04-09T19:21:00.179+0800][2395.689s] GC(804) Eden regions: 176->0(12)
[2023-04-09T19:21:00.179+0800][2395.689s] GC(804) Survivor regions: 18->13(25)
[2023-04-09T19:21:00.179+0800][2395.689s] GC(804) Old regions: 134->134
[2023-04-09T19:21:00.179+0800][2395.689s] GC(804) Humongous regions: 42->14
[2023-04-09T19:21:00.179+0800][2395.689s] GC(804) Metaspace: 61718K(64880K)->61718K(64880K) NonClass: 54766K(56740K)->54766K(56740K) Class: 6951K(8140K)->6951K(8140K)
[2023-04-09T19:21:00.179+0800][2395.689s] GC(804) Pause Young (Prepare Mixed) (G1 Evacuation Pause) 369M->160M(512M) 2.931ms
[2023-04-09T19:21:00.179+0800][2395.689s] GC(804) User=0.00s Sys=0.00s Real=0.00s
[2023-04-09T19:21:00.192+0800][2395.701s] GC(805) Pause Young (Mixed) (G1 Evacuation Pause)
[2023-04-09T19:21:00.192+0800][2395.701s] GC(805) Using 8 workers of 8 for evacuation
[2023-04-09T19:21:00.195+0800][2395.704s] GC(805)   Pre Evacuate Collection Set: 0.0ms
[2023-04-09T19:21:00.195+0800][2395.704s] GC(805)   Evacuate Collection Set: 2.4ms
[2023-04-09T19:21:00.195+0800][2395.704s] GC(805)   Post Evacuate Collection Set: 0.4ms
[2023-04-09T19:21:00.195+0800][2395.704s] GC(805)   Other: 0.2ms
[2023-04-09T19:21:00.195+0800][2395.704s] GC(805) Eden regions: 12->0(211)
[2023-04-09T19:21:00.195+0800][2395.704s] GC(805) Survivor regions: 13->2(4)
[2023-04-09T19:21:00.195+0800][2395.704s] GC(805) Old regions: 134->134
[2023-04-09T19:21:00.195+0800][2395.704s] GC(805) Humongous regions: 22->15
[2023-04-09T19:21:00.195+0800][2395.704s] GC(805) Metaspace: 61718K(64880K)->61718K(64880K) NonClass: 54766K(56740K)->54766K(56740K) Class: 6951K(8140K)->6951K(8140K)
[2023-04-09T19:21:00.195+0800][2395.704s] GC(805) Pause Young (Mixed) (G1 Evacuation Pause) 180M->149M(512M) 3.151ms
[2023-04-09T19:21:00.195+0800][2395.704s] GC(805) User=0.00s Sys=0.00s Real=0.00s
[2023-04-09T19:21:00.476+0800][2395.986s] GC(806) Pause Young (Normal) (G1 Evacuation Pause)
[2023-04-09T19:21:00.476+0800][2395.986s] GC(806) Using 8 workers of 8 for evacuation
[2023-04-09T19:21:00.478+0800][2395.987s] GC(806)   Pre Evacuate Collection Set: 0.0ms
[2023-04-09T19:21:00.478+0800][2395.988s] GC(806)   Evacuate Collection Set: 1.2ms
[2023-04-09T19:21:00.478+0800][2395.988s] GC(806)   Post Evacuate Collection Set: 0.4ms
[2023-04-09T19:21:00.478+0800][2395.988s] GC(806)   Other: 0.2ms
[2023-04-09T19:21:00.478+0800][2395.988s] GC(806) Eden regions: 211->0(211)
[2023-04-09T19:21:00.478+0800][2395.988s] GC(806) Survivor regions: 2->9(27)
[2023-04-09T19:21:00.478+0800][2395.988s] GC(806) Old regions: 134->134
[2023-04-09T19:21:00.478+0800][2395.988s] GC(806) Humongous regions: 55->24
[2023-04-09T19:21:00.478+0800][2395.988s] GC(806) Metaspace: 61718K(64880K)->61718K(64880K) NonClass: 54766K(56740K)->54766K(56740K) Class: 6951K(8140K)->6951K(8140K)
[2023-04-09T19:21:00.478+0800][2395.988s] GC(806) Pause Young (Normal) (G1 Evacuation Pause) 400M->166M(512M) 2.081ms
[2023-04-09T19:21:00.478+0800][2395.988s] GC(806) User=0.00s Sys=0.00s Real=0.00s
[2023-04-09T19:21:00.704+0800][2396.213s] GC(807) Pause Young (Normal) (G1 Evacuation Pause)
[2023-04-09T19:21:00.704+0800][2396.213s] GC(807) Using 8 workers of 8 for evacuation
[2023-04-09T19:21:00.706+0800][2396.216s] GC(807)   Pre Evacuate Collection Set: 0.0ms
[2023-04-09T19:21:00.706+0800][2396.216s] GC(807)   Evacuate Collection Set: 1.8ms
[2023-04-09T19:21:00.706+0800][2396.216s] GC(807)   Post Evacuate Collection Set: 0.5ms
[2023-04-09T19:21:00.706+0800][2396.216s] GC(807)   Other: 0.2ms
[2023-04-09T19:21:00.706+0800][2396.216s] GC(807) Eden regions: 211->0(212)
[2023-04-09T19:21:00.706+0800][2396.216s] GC(807) Survivor regions: 9->17(28)
[2023-04-09T19:21:00.706+0800][2396.216s] GC(807) Old regions: 134->134
[2023-04-09T19:21:00.706+0800][2396.216s] GC(807) Humongous regions: 54->25
[2023-04-09T19:21:00.707+0800][2396.216s] GC(807) Metaspace: 61719K(64880K)->61719K(64880K) NonClass: 54767K(56740K)->54767K(56740K) Class: 6951K(8140K)->6951K(8140K)
[2023-04-09T19:21:00.707+0800][2396.216s] GC(807) Pause Young (Normal) (G1 Evacuation Pause) 407M->174M(512M) 2.668ms
[2023-04-09T19:21:00.707+0800][2396.216s] GC(807) User=0.00s Sys=0.00s Real=0.00s
[2023-04-09T19:21:01.026+0800][2396.534s] GC(808) Pause Young (Normal) (G1 Evacuation Pause)
[2023-04-09T19:21:01.026+0800][2396.534s] GC(808) Using 8 workers of 8 for evacuation
[2023-04-09T19:21:01.028+0800][2396.537s] GC(808)   Pre Evacuate Collection Set: 0.0ms
[2023-04-09T19:21:01.028+0800][2396.537s] GC(808)   Evacuate Collection Set: 1.9ms
[2023-04-09T19:21:01.028+0800][2396.537s] GC(808)   Post Evacuate Collection Set: 0.5ms
[2023-04-09T19:21:01.028+0800][2396.537s] GC(808)   Other: 0.2ms
[2023-04-09T19:21:01.028+0800][2396.537s] GC(808) Eden regions: 212->0(215)
[2023-04-09T19:21:01.028+0800][2396.537s] GC(808) Survivor regions: 17->11(29)
[2023-04-09T19:21:01.028+0800][2396.537s] GC(808) Old regions: 134->140
[2023-04-09T19:21:01.028+0800][2396.537s] GC(808) Humongous regions: 31->31
[2023-04-09T19:21:01.028+0800][2396.537s] GC(808) Metaspace: 61719K(64880K)->61719K(64880K) NonClass: 54767K(56740K)->54767K(56740K) Class: 6951K(8140K)->6951K(8140K)
[2023-04-09T19:21:01.028+0800][2396.537s] GC(808) Pause Young (Normal) (G1 Evacuation Pause) 392M->180M(512M) 2.700ms
[2023-04-09T19:21:01.028+0800][2396.537s] GC(808) User=0.09s Sys=0.00s Real=0.00s
[2023-04-09T19:21:01.462+0800][2396.971s] GC(809) Pause Young (Normal) (G1 Evacuation Pause)
[2023-04-09T19:21:01.462+0800][2396.971s] GC(809) Using 8 workers of 8 for evacuation
[2023-04-09T19:21:01.464+0800][2396.973s] GC(809)   Pre Evacuate Collection Set: 0.0ms
[2023-04-09T19:21:01.464+0800][2396.973s] GC(809)   Evacuate Collection Set: 1.5ms
[2023-04-09T19:21:01.464+0800][2396.973s] GC(809)   Post Evacuate Collection Set: 0.6ms
[2023-04-09T19:21:01.464+0800][2396.973s] GC(809)   Other: 0.2ms
[2023-04-09T19:21:01.464+0800][2396.973s] GC(809) Eden regions: 215->0(219)
[2023-04-09T19:21:01.464+0800][2396.973s] GC(809) Survivor regions: 11->13(29)
[2023-04-09T19:21:01.464+0800][2396.973s] GC(809) Old regions: 140->140
[2023-04-09T19:21:01.464+0800][2396.973s] GC(809) Humongous regions: 39->32
[2023-04-09T19:21:01.464+0800][2396.973s] GC(809) Metaspace: 61719K(64880K)->61719K(64880K) NonClass: 54767K(56740K)->54767K(56740K) Class: 6951K(8140K)->6951K(8140K)
[2023-04-09T19:21:01.464+0800][2396.973s] GC(809) Pause Young (Normal) (G1 Evacuation Pause) 403M->184M(512M) 2.475ms
[2023-04-09T19:21:01.464+0800][2396.973s] GC(809) User=0.02s Sys=0.00s Real=0.00s
[2023-04-09T19:21:01.811+0800][2397.320s] GC(810) Pause Young (Normal) (G1 Evacuation Pause)
[2023-04-09T19:21:01.811+0800][2397.320s] GC(810) Using 8 workers of 8 for evacuation
[2023-04-09T19:21:01.813+0800][2397.322s] GC(810)   Pre Evacuate Collection Set: 0.0ms
[2023-04-09T19:21:01.813+0800][2397.322s] GC(810)   Evacuate Collection Set: 1.5ms
[2023-04-09T19:21:01.813+0800][2397.322s] GC(810)   Post Evacuate Collection Set: 0.6ms
[2023-04-09T19:21:01.813+0800][2397.322s] GC(810)   Other: 0.2ms
[2023-04-09T19:21:01.813+0800][2397.322s] GC(810) Eden regions: 219->0(223)
[2023-04-09T19:21:01.813+0800][2397.322s] GC(810) Survivor regions: 13->14(29)
[2023-04-09T19:21:01.813+0800][2397.322s] GC(810) Old regions: 140->140
[2023-04-09T19:21:01.813+0800][2397.322s] GC(810) Humongous regions: 32->32
[2023-04-09T19:21:01.813+0800][2397.323s] GC(810) Metaspace: 61719K(64880K)->61719K(64880K) NonClass: 54767K(56740K)->54767K(56740K) Class: 6951K(8140K)->6951K(8140K)
[2023-04-09T19:21:01.813+0800][2397.323s] GC(810) Pause Young (Normal) (G1 Evacuation Pause) 403M->185M(512M) 2.502ms
[2023-04-09T19:21:01.813+0800][2397.323s] GC(810) User=0.00s Sys=0.00s Real=0.00s
[2023-04-09T19:21:02.124+0800][2397.633s] GC(811) Pause Young (Normal) (G1 Evacuation Pause)
[2023-04-09T19:21:02.124+0800][2397.633s] GC(811) Using 8 workers of 8 for evacuation
[2023-04-09T19:21:02.127+0800][2397.636s] GC(811)   Pre Evacuate Collection Set: 0.0ms
[2023-04-09T19:21:02.127+0800][2397.636s] GC(811)   Evacuate Collection Set: 2.0ms
[2023-04-09T19:21:02.127+0800][2397.636s] GC(811)   Post Evacuate Collection Set: 0.7ms
[2023-04-09T19:21:02.127+0800][2397.636s] GC(811)   Other: 0.2ms
[2023-04-09T19:21:02.127+0800][2397.636s] GC(811) Eden regions: 223->0(223)
[2023-04-09T19:21:02.127+0800][2397.636s] GC(811) Survivor regions: 14->19(30)
[2023-04-09T19:21:02.127+0800][2397.636s] GC(811) Old regions: 140->140
[2023-04-09T19:21:02.127+0800][2397.636s] GC(811) Humongous regions: 33->33
[2023-04-09T19:21:02.127+0800][2397.636s] GC(811) Metaspace: 61719K(64880K)->61719K(64880K) NonClass: 54767K(56740K)->54767K(56740K) Class: 6951K(8140K)->6951K(8140K)
[2023-04-09T19:21:02.127+0800][2397.636s] GC(811) Pause Young (Normal) (G1 Evacuation Pause) 408M->190M(512M) 3.005ms
[2023-04-09T19:21:02.127+0800][2397.636s] GC(811) User=0.00s Sys=0.00s Real=0.00s
[2023-04-09T19:21:02.439+0800][2397.948s] GC(812) Pause Young (Normal) (G1 Evacuation Pause)
[2023-04-09T19:21:02.439+0800][2397.948s] GC(812) Using 8 workers of 8 for evacuation
[2023-04-09T19:21:02.442+0800][2397.951s] GC(812)   Pre Evacuate Collection Set: 0.0ms
[2023-04-09T19:21:02.443+0800][2397.952s] GC(812)   Evacuate Collection Set: 2.6ms
[2023-04-09T19:21:02.443+0800][2397.952s] GC(812)   Post Evacuate Collection Set: 0.5ms
[2023-04-09T19:21:02.443+0800][2397.952s] GC(812)   Other: 0.2ms
[2023-04-09T19:21:02.443+0800][2397.952s] GC(812) Eden regions: 223->0(223)
[2023-04-09T19:21:02.443+0800][2397.952s] GC(812) Survivor regions: 19->16(31)
[2023-04-09T19:21:02.443+0800][2397.952s] GC(812) Old regions: 140->147
[2023-04-09T19:21:02.443+0800][2397.952s] GC(812) Humongous regions: 36->35
[2023-04-09T19:21:02.443+0800][2397.952s] GC(812) Metaspace: 61719K(64880K)->61719K(64880K) NonClass: 54767K(56740K)->54767K(56740K) Class: 6951K(8140K)->6951K(8140K)
[2023-04-09T19:21:02.443+0800][2397.952s] GC(812) Pause Young (Normal) (G1 Evacuation Pause) 416M->196M(512M) 3.618ms
[2023-04-09T19:21:02.443+0800][2397.952s] GC(812) User=0.00s Sys=0.00s Real=0.00s
[2023-04-09T19:21:02.629+0800][2398.138s] GC(813) Pause Young (Concurrent Start) (G1 Humongous Allocation)
[2023-04-09T19:21:02.629+0800][2398.138s] GC(813) Using 8 workers of 8 for evacuation
[2023-04-09T19:21:02.632+0800][2398.141s] GC(813)   Pre Evacuate Collection Set: 0.1ms
[2023-04-09T19:21:02.632+0800][2398.141s] GC(813)   Evacuate Collection Set: 2.2ms
[2023-04-09T19:21:02.632+0800][2398.141s] GC(813)   Post Evacuate Collection Set: 0.5ms
[2023-04-09T19:21:02.632+0800][2398.141s] GC(813)   Other: 0.3ms
[2023-04-09T19:21:02.632+0800][2398.141s] GC(813) Eden regions: 134->0(207)
[2023-04-09T19:21:02.632+0800][2398.141s] GC(813) Survivor regions: 16->18(30)
[2023-04-09T19:21:02.632+0800][2398.141s] GC(813) Old regions: 147->147
[2023-04-09T19:21:02.632+0800][2398.141s] GC(813) Humongous regions: 35->35
[2023-04-09T19:21:02.632+0800][2398.141s] GC(813) Metaspace: 61719K(64880K)->61719K(64880K) NonClass: 54767K(56740K)->54767K(56740K) Class: 6951K(8140K)->6951K(8140K)
[2023-04-09T19:21:02.632+0800][2398.141s] GC(813) Pause Young (Concurrent Start) (G1 Humongous Allocation) 330M->198M(512M) 3.280ms
[2023-04-09T19:21:02.632+0800][2398.141s] GC(813) User=0.00s Sys=0.00s Real=0.00s
[2023-04-09T19:21:02.632+0800][2398.141s] GC(814) Concurrent Cycle
[2023-04-09T19:21:02.632+0800][2398.141s] GC(814) Concurrent Clear Claimed Marks
[2023-04-09T19:21:02.633+0800][2398.141s] GC(814) Concurrent Clear Claimed Marks 0.135ms
[2023-04-09T19:21:02.633+0800][2398.141s] GC(814) Concurrent Scan Root Regions
[2023-04-09T19:21:02.633+0800][2398.142s] GC(814) Concurrent Scan Root Regions 0.588ms
[2023-04-09T19:21:02.633+0800][2398.142s] GC(814) Concurrent Mark (2398.142s)
[2023-04-09T19:21:02.633+0800][2398.142s] GC(814) Concurrent Mark From Roots
[2023-04-09T19:21:02.633+0800][2398.142s] GC(814) Using 2 workers of 2 for marking
[2023-04-09T19:21:02.664+0800][2398.173s] GC(814) Concurrent Mark From Roots 31.344ms
[2023-04-09T19:21:02.664+0800][2398.174s] GC(814) Concurrent Preclean
[2023-04-09T19:21:02.665+0800][2398.174s] GC(814) Concurrent Preclean 0.316ms
[2023-04-09T19:21:02.665+0800][2398.174s] GC(814) Concurrent Mark (2398.142s, 2398.174s) 31.773ms
[2023-04-09T19:21:02.665+0800][2398.174s] GC(814) Pause Remark
[2023-04-09T19:21:02.669+0800][2398.178s] GC(814) Cleaned string and symbol table, strings: 27926 processed, 1 removed, symbols: 172411 processed, 0 removed
[2023-04-09T19:21:02.669+0800][2398.178s] GC(814) Pause Remark 221M->204M(512M) 4.159ms
[2023-04-09T19:21:02.669+0800][2398.178s] GC(814) User=0.12s Sys=0.00s Real=0.00s
[2023-04-09T19:21:02.669+0800][2398.178s] GC(814) Concurrent Rebuild Remembered Sets
[2023-04-09T19:21:02.684+0800][2398.193s] GC(814) Concurrent Rebuild Remembered Sets 14.124ms
[2023-04-09T19:21:02.684+0800][2398.193s] GC(814) Pause Cleanup
[2023-04-09T19:21:02.684+0800][2398.193s] GC(814) Pause Cleanup 213M->213M(512M) 0.191ms
[2023-04-09T19:21:02.684+0800][2398.193s] GC(814) User=0.00s Sys=0.00s Real=0.00s
[2023-04-09T19:21:02.684+0800][2398.193s] GC(814) Concurrent Cleanup for Next Mark
[2023-04-09T19:21:02.685+0800][2398.194s] GC(814) Concurrent Cleanup for Next Mark 0.942ms
[2023-04-09T19:21:02.685+0800][2398.194s] GC(814) Concurrent Cycle 52.821ms
[2023-04-09T19:21:03.077+0800][2398.585s] GC(815) Pause Young (Prepare Mixed) (G1 Evacuation Pause)
[2023-04-09T19:21:03.077+0800][2398.585s] GC(815) Using 8 workers of 8 for evacuation
[2023-04-09T19:21:03.079+0800][2398.587s] GC(815)   Pre Evacuate Collection Set: 0.0ms
[2023-04-09T19:21:03.079+0800][2398.588s] GC(815)   Evacuate Collection Set: 1.3ms
[2023-04-09T19:21:03.079+0800][2398.588s] GC(815)   Post Evacuate Collection Set: 0.6ms
[2023-04-09T19:21:03.079+0800][2398.588s] GC(815)   Other: 0.2ms
[2023-04-09T19:21:03.079+0800][2398.588s] GC(815) Eden regions: 207->0(14)
[2023-04-09T19:21:03.079+0800][2398.588s] GC(815) Survivor regions: 18->11(29)
[2023-04-09T19:21:03.079+0800][2398.588s] GC(815) Old regions: 134->134
[2023-04-09T19:21:03.079+0800][2398.588s] GC(815) Humongous regions: 44->32
[2023-04-09T19:21:03.079+0800][2398.588s] GC(815) Metaspace: 61719K(64880K)->61719K(64880K) NonClass: 54767K(56740K)->54767K(56740K) Class: 6951K(8140K)->6951K(8140K)
[2023-04-09T19:21:03.079+0800][2398.588s] GC(815) Pause Young (Prepare Mixed) (G1 Evacuation Pause) 401M->175M(512M) 2.332ms
[2023-04-09T19:21:03.079+0800][2398.588s] GC(815) User=0.00s Sys=0.00s Real=0.00s
[2023-04-09T19:21:03.090+0800][2398.599s] GC(816) Pause Young (Mixed) (G1 Evacuation Pause)
[2023-04-09T19:21:03.090+0800][2398.599s] GC(816) Using 8 workers of 8 for evacuation
[2023-04-09T19:21:03.093+0800][2398.602s] GC(816)   Pre Evacuate Collection Set: 0.0ms
[2023-04-09T19:21:03.093+0800][2398.602s] GC(816)   Evacuate Collection Set: 1.9ms
[2023-04-09T19:21:03.093+0800][2398.602s] GC(816)   Post Evacuate Collection Set: 0.6ms
[2023-04-09T19:21:03.093+0800][2398.602s] GC(816)   Other: 0.2ms
[2023-04-09T19:21:03.093+0800][2398.602s] GC(816) Eden regions: 14->0(247)
[2023-04-09T19:21:03.093+0800][2398.602s] GC(816) Survivor regions: 11->1(4)
[2023-04-09T19:21:03.093+0800][2398.602s] GC(816) Old regions: 134->102
[2023-04-09T19:21:03.093+0800][2398.602s] GC(816) Humongous regions: 32->32
[2023-04-09T19:21:03.093+0800][2398.602s] GC(816) Metaspace: 61719K(64880K)->61719K(64880K) NonClass: 54767K(56740K)->54767K(56740K) Class: 6951K(8140K)->6951K(8140K)
[2023-04-09T19:21:03.093+0800][2398.602s] GC(816) Pause Young (Mixed) (G1 Evacuation Pause) 189M->133M(512M) 2.871ms
[2023-04-09T19:21:03.093+0800][2398.602s] GC(816) User=0.00s Sys=0.00s Real=0.00s
[2023-04-09T19:21:03.481+0800][2398.990s] GC(817) Pause Young (Normal) (G1 Evacuation Pause)
[2023-04-09T19:21:03.481+0800][2398.990s] GC(817) Using 8 workers of 8 for evacuation
[2023-04-09T19:21:03.482+0800][2398.991s] GC(817)   Pre Evacuate Collection Set: 0.0ms
[2023-04-09T19:21:03.482+0800][2398.991s] GC(817)   Evacuate Collection Set: 0.6ms
[2023-04-09T19:21:03.482+0800][2398.991s] GC(817)   Post Evacuate Collection Set: 0.5ms
[2023-04-09T19:21:03.482+0800][2398.991s] GC(817)   Other: 0.1ms
[2023-04-09T19:21:03.482+0800][2398.991s] GC(817) Eden regions: 247->0(255)
[2023-04-09T19:21:03.482+0800][2398.991s] GC(817) Survivor regions: 1->3(31)
[2023-04-09T19:21:03.482+0800][2398.991s] GC(817) Old regions: 102->102
[2023-04-09T19:21:03.482+0800][2398.991s] GC(817) Humongous regions: 32->32
[2023-04-09T19:21:03.482+0800][2398.991s] GC(817) Metaspace: 61719K(64880K)->61719K(64880K) NonClass: 54767K(56740K)->54767K(56740K) Class: 6951K(8140K)->6951K(8140K)
[2023-04-09T19:21:03.482+0800][2398.991s] GC(817) Pause Young (Normal) (G1 Evacuation Pause) 380M->135M(512M) 1.399ms
[2023-04-09T19:21:03.482+0800][2398.991s] GC(817) User=0.00s Sys=0.00s Real=0.00s
[2023-04-09T19:21:03.839+0800][2399.348s] GC(818) Pause Young (Normal) (G1 Evacuation Pause)
[2023-04-09T19:21:03.839+0800][2399.348s] GC(818) Using 8 workers of 8 for evacuation
[2023-04-09T19:21:03.841+0800][2399.350s] GC(818)   Pre Evacuate Collection Set: 0.0ms
[2023-04-09T19:21:03.841+0800][2399.350s] GC(818)   Evacuate Collection Set: 0.8ms
[2023-04-09T19:21:03.841+0800][2399.350s] GC(818)   Post Evacuate Collection Set: 0.6ms
[2023-04-09T19:21:03.841+0800][2399.350s] GC(818)   Other: 0.2ms
[2023-04-09T19:21:03.841+0800][2399.350s] GC(818) Eden regions: 255->0(257)
[2023-04-09T19:21:03.841+0800][2399.350s] GC(818) Survivor regions: 3->8(33)
[2023-04-09T19:21:03.841+0800][2399.350s] GC(818) Old regions: 102->102
[2023-04-09T19:21:03.841+0800][2399.350s] GC(818) Humongous regions: 35->34
[2023-04-09T19:21:03.841+0800][2399.350s] GC(818) Metaspace: 61719K(64880K)->61719K(64880K) NonClass: 54767K(56740K)->54767K(56740K) Class: 6951K(8140K)->6951K(8140K)
[2023-04-09T19:21:03.841+0800][2399.350s] GC(818) Pause Young (Normal) (G1 Evacuation Pause) 393M->142M(512M) 1.815ms
[2023-04-09T19:21:03.841+0800][2399.350s] GC(818) User=0.00s Sys=0.00s Real=0.00s
[2023-04-09T19:21:04.197+0800][2399.705s] GC(819) Pause Young (Normal) (G1 Evacuation Pause)
[2023-04-09T19:21:04.197+0800][2399.706s] GC(819) Using 8 workers of 8 for evacuation
[2023-04-09T19:21:04.199+0800][2399.707s] GC(819)   Pre Evacuate Collection Set: 0.0ms
[2023-04-09T19:21:04.199+0800][2399.707s] GC(819)   Evacuate Collection Set: 1.2ms
[2023-04-09T19:21:04.199+0800][2399.708s] GC(819)   Post Evacuate Collection Set: 0.6ms
[2023-04-09T19:21:04.199+0800][2399.708s] GC(819)   Other: 0.2ms
[2023-04-09T19:21:04.199+0800][2399.708s] GC(819) Eden regions: 257->0(259)
[2023-04-09T19:21:04.199+0800][2399.708s] GC(819) Survivor regions: 8->12(34)
[2023-04-09T19:21:04.199+0800][2399.708s] GC(819) Old regions: 102->102
[2023-04-09T19:21:04.199+0800][2399.708s] GC(819) Humongous regions: 35->35
[2023-04-09T19:21:04.199+0800][2399.708s] GC(819) Metaspace: 61719K(64880K)->61719K(64880K) NonClass: 54767K(56740K)->54767K(56740K) Class: 6951K(8140K)->6951K(8140K)
[2023-04-09T19:21:04.199+0800][2399.708s] GC(819) Pause Young (Normal) (G1 Evacuation Pause) 400M->147M(512M) 2.202ms
[2023-04-09T19:21:04.199+0800][2399.708s] GC(819) User=0.03s Sys=0.00s Real=0.00s
[2023-04-09T19:21:04.720+0800][2400.228s] GC(820) Pause Young (Normal) (G1 Evacuation Pause)
[2023-04-09T19:21:04.720+0800][2400.228s] GC(820) Using 8 workers of 8 for evacuation
[2023-04-09T19:21:04.722+0800][2400.230s] GC(820)   Pre Evacuate Collection Set: 0.0ms
[2023-04-09T19:21:04.722+0800][2400.230s] GC(820)   Evacuate Collection Set: 1.3ms
[2023-04-09T19:21:04.722+0800][2400.230s] GC(820)   Post Evacuate Collection Set: 0.5ms
[2023-04-09T19:21:04.722+0800][2400.230s] GC(820)   Other: 0.2ms
[2023-04-09T19:21:04.722+0800][2400.230s] GC(820) Eden regions: 259->0(261)
[2023-04-09T19:21:04.722+0800][2400.230s] GC(820) Survivor regions: 12->11(34)
[2023-04-09T19:21:04.722+0800][2400.230s] GC(820) Old regions: 102->102
[2023-04-09T19:21:04.722+0800][2400.230s] GC(820) Humongous regions: 48->41
[2023-04-09T19:21:04.722+0800][2400.230s] GC(820) Metaspace: 61719K(64880K)->61719K(64880K) NonClass: 54767K(56740K)->54767K(56740K) Class: 6951K(8140K)->6951K(8140K)
[2023-04-09T19:21:04.722+0800][2400.230s] GC(820) Pause Young (Normal) (G1 Evacuation Pause) 419M->152M(512M) 2.248ms
[2023-04-09T19:21:04.722+0800][2400.231s] GC(820) User=0.00s Sys=0.00s Real=0.00s
[2023-04-09T19:21:05.122+0800][2400.631s] GC(821) Pause Young (Normal) (G1 Evacuation Pause)
[2023-04-09T19:21:05.122+0800][2400.631s] GC(821) Using 8 workers of 8 for evacuation
[2023-04-09T19:21:05.124+0800][2400.633s] GC(821)   Pre Evacuate Collection Set: 0.0ms
[2023-04-09T19:21:05.124+0800][2400.633s] GC(821)   Evacuate Collection Set: 0.5ms
[2023-04-09T19:21:05.124+0800][2400.633s] GC(821)   Post Evacuate Collection Set: 0.7ms
[2023-04-09T19:21:05.124+0800][2400.633s] GC(821)   Other: 0.2ms
[2023-04-09T19:21:05.124+0800][2400.633s] GC(821) Eden regions: 261->0(277)
[2023-04-09T19:21:05.124+0800][2400.633s] GC(821) Survivor regions: 11->4(34)
[2023-04-09T19:21:05.124+0800][2400.633s] GC(821) Old regions: 102->102
[2023-04-09T19:21:05.124+0800][2400.633s] GC(821) Humongous regions: 41->32
[2023-04-09T19:21:05.124+0800][2400.633s] GC(821) Metaspace: 61719K(64880K)->61719K(64880K) NonClass: 54767K(56740K)->54767K(56740K) Class: 6951K(8140K)->6951K(8140K)
[2023-04-09T19:21:05.124+0800][2400.633s] GC(821) Pause Young (Normal) (G1 Evacuation Pause) 413M->136M(512M) 1.561ms
[2023-04-09T19:21:05.124+0800][2400.633s] GC(821) User=0.00s Sys=0.00s Real=0.00s
[2023-04-09T19:21:05.502+0800][2401.011s] GC(822) Pause Young (Normal) (G1 Evacuation Pause)
[2023-04-09T19:21:05.502+0800][2401.011s] GC(822) Using 8 workers of 8 for evacuation
[2023-04-09T19:21:05.504+0800][2401.013s] GC(822)   Pre Evacuate Collection Set: 0.1ms
[2023-04-09T19:21:05.504+0800][2401.013s] GC(822)   Evacuate Collection Set: 0.9ms
[2023-04-09T19:21:05.504+0800][2401.013s] GC(822)   Post Evacuate Collection Set: 0.6ms
[2023-04-09T19:21:05.504+0800][2401.013s] GC(822)   Other: 0.2ms
[2023-04-09T19:21:05.504+0800][2401.013s] GC(822) Eden regions: 277->0(276)
[2023-04-09T19:21:05.504+0800][2401.013s] GC(822) Survivor regions: 4->9(36)
[2023-04-09T19:21:05.504+0800][2401.013s] GC(822) Old regions: 102->102
[2023-04-09T19:21:05.504+0800][2401.013s] GC(822) Humongous regions: 35->34
[2023-04-09T19:21:05.504+0800][2401.013s] GC(822) Metaspace: 61719K(64880K)->61719K(64880K) NonClass: 54767K(56740K)->54767K(56740K) Class: 6951K(8140K)->6951K(8140K)
[2023-04-09T19:21:05.504+0800][2401.013s] GC(822) Pause Young (Normal) (G1 Evacuation Pause) 416M->144M(512M) 1.883ms
[2023-04-09T19:21:05.504+0800][2401.013s] GC(822) User=0.00s Sys=0.00s Real=0.00s
[2023-04-09T19:21:05.780+0800][2401.288s] GC(823) Pause Young (Concurrent Start) (G1 Humongous Allocation)
[2023-04-09T19:21:05.780+0800][2401.288s] GC(823) Using 8 workers of 8 for evacuation
[2023-04-09T19:21:05.782+0800][2401.291s] GC(823)   Pre Evacuate Collection Set: 0.1ms
[2023-04-09T19:21:05.782+0800][2401.291s] GC(823)   Evacuate Collection Set: 1.6ms
[2023-04-09T19:21:05.782+0800][2401.291s] GC(823)   Post Evacuate Collection Set: 0.5ms
[2023-04-09T19:21:05.782+0800][2401.291s] GC(823)   Other: 0.3ms
[2023-04-09T19:21:05.782+0800][2401.291s] GC(823) Eden regions: 175->0(242)
[2023-04-09T19:21:05.782+0800][2401.291s] GC(823) Survivor regions: 9->12(36)
[2023-04-09T19:21:05.782+0800][2401.291s] GC(823) Old regions: 102->102
[2023-04-09T19:21:05.782+0800][2401.291s] GC(823) Humongous regions: 37->37
[2023-04-09T19:21:05.782+0800][2401.291s] GC(823) Metaspace: 61719K(64880K)->61719K(64880K) NonClass: 54767K(56740K)->54767K(56740K) Class: 6951K(8140K)->6951K(8140K)
[2023-04-09T19:21:05.782+0800][2401.291s] GC(823) Pause Young (Concurrent Start) (G1 Humongous Allocation) 322M->149M(512M) 2.629ms
[2023-04-09T19:21:05.782+0800][2401.291s] GC(823) User=0.00s Sys=0.00s Real=0.00s
[2023-04-09T19:21:05.782+0800][2401.291s] GC(824) Concurrent Cycle
[2023-04-09T19:21:05.782+0800][2401.291s] GC(824) Concurrent Clear Claimed Marks
[2023-04-09T19:21:05.782+0800][2401.291s] GC(824) Concurrent Clear Claimed Marks 0.111ms
[2023-04-09T19:21:05.782+0800][2401.291s] GC(824) Concurrent Scan Root Regions
[2023-04-09T19:21:05.783+0800][2401.292s] GC(824) Concurrent Scan Root Regions 0.486ms
[2023-04-09T19:21:05.783+0800][2401.292s] GC(824) Concurrent Mark (2401.292s)
[2023-04-09T19:21:05.783+0800][2401.292s] GC(824) Concurrent Mark From Roots
[2023-04-09T19:21:05.783+0800][2401.292s] GC(824) Using 2 workers of 2 for marking
[2023-04-09T19:21:05.814+0800][2401.323s] GC(824) Concurrent Mark From Roots 31.337ms
[2023-04-09T19:21:05.814+0800][2401.323s] GC(824) Concurrent Preclean
[2023-04-09T19:21:05.814+0800][2401.324s] GC(824) Concurrent Preclean 0.238ms
[2023-04-09T19:21:05.814+0800][2401.324s] GC(824) Concurrent Mark (2401.292s, 2401.324s) 31.685ms
[2023-04-09T19:21:05.814+0800][2401.324s] GC(824) Pause Remark
[2023-04-09T19:21:05.818+0800][2401.328s] GC(824) Cleaned string and symbol table, strings: 27925 processed, 0 removed, symbols: 172411 processed, 0 removed
[2023-04-09T19:21:05.819+0800][2401.328s] GC(824) Pause Remark 167M->158M(512M) 4.249ms
[2023-04-09T19:21:05.819+0800][2401.328s] GC(824) User=0.00s Sys=0.00s Real=0.01s
[2023-04-09T19:21:05.819+0800][2401.328s] GC(824) Concurrent Rebuild Remembered Sets
[2023-04-09T19:21:05.833+0800][2401.342s] GC(824) Concurrent Rebuild Remembered Sets 13.868ms
[2023-04-09T19:21:05.833+0800][2401.342s] GC(824) Pause Cleanup
[2023-04-09T19:21:05.833+0800][2401.342s] GC(824) Pause Cleanup 167M->167M(512M) 0.162ms
[2023-04-09T19:21:05.833+0800][2401.342s] GC(824) User=0.00s Sys=0.00s Real=0.00s
[2023-04-09T19:21:05.833+0800][2401.342s] GC(824) Concurrent Cleanup for Next Mark
[2023-04-09T19:21:05.834+0800][2401.343s] GC(824) Concurrent Cleanup for Next Mark 0.944ms
[2023-04-09T19:21:05.834+0800][2401.343s] GC(824) Concurrent Cycle 52.314ms
[2023-04-09T19:21:06.300+0800][2401.809s] GC(825) Pause Young (Prepare Mixed) (G1 Evacuation Pause)
[2023-04-09T19:21:06.300+0800][2401.809s] GC(825) Using 8 workers of 8 for evacuation
[2023-04-09T19:21:06.303+0800][2401.811s] GC(825)   Pre Evacuate Collection Set: 0.0ms
[2023-04-09T19:21:06.303+0800][2401.811s] GC(825)   Evacuate Collection Set: 1.3ms
[2023-04-09T19:21:06.303+0800][2401.811s] GC(825)   Post Evacuate Collection Set: 0.7ms
[2023-04-09T19:21:06.303+0800][2401.811s] GC(825)   Other: 0.2ms
[2023-04-09T19:21:06.303+0800][2401.811s] GC(825) Eden regions: 242->0(14)
[2023-04-09T19:21:06.303+0800][2401.811s] GC(825) Survivor regions: 12->11(32)
[2023-04-09T19:21:06.303+0800][2401.811s] GC(825) Old regions: 102->102
[2023-04-09T19:21:06.303+0800][2401.811s] GC(825) Humongous regions: 44->32
[2023-04-09T19:21:06.303+0800][2401.811s] GC(825) Metaspace: 61719K(64880K)->61719K(64880K) NonClass: 54767K(56740K)->54767K(56740K) Class: 6951K(8140K)->6951K(8140K)
[2023-04-09T19:21:06.303+0800][2401.811s] GC(825) Pause Young (Prepare Mixed) (G1 Evacuation Pause) 398M->143M(512M) 2.515ms
[2023-04-09T19:21:06.303+0800][2401.812s] GC(825) User=0.00s Sys=0.00s Real=0.00s
[2023-04-09T19:21:06.315+0800][2401.823s] GC(826) Pause Young (Mixed) (G1 Evacuation Pause)
[2023-04-09T19:21:06.315+0800][2401.823s] GC(826) Using 8 workers of 8 for evacuation
[2023-04-09T19:21:06.317+0800][2401.826s] GC(826)   Pre Evacuate Collection Set: 0.0ms
[2023-04-09T19:21:06.317+0800][2401.826s] GC(826)   Evacuate Collection Set: 1.6ms
[2023-04-09T19:21:06.317+0800][2401.826s] GC(826)   Post Evacuate Collection Set: 0.6ms
[2023-04-09T19:21:06.317+0800][2401.826s] GC(826)   Other: 0.2ms
[2023-04-09T19:21:06.317+0800][2401.826s] GC(826) Eden regions: 14->0(257)
[2023-04-09T19:21:06.317+0800][2401.826s] GC(826) Survivor regions: 11->1(4)
[2023-04-09T19:21:06.317+0800][2401.826s] GC(826) Old regions: 102->106
[2023-04-09T19:21:06.317+0800][2401.826s] GC(826) Humongous regions: 32->32
[2023-04-09T19:21:06.317+0800][2401.826s] GC(826) Metaspace: 61719K(64880K)->61719K(64880K) NonClass: 54767K(56740K)->54767K(56740K) Class: 6951K(8140K)->6951K(8140K)
[2023-04-09T19:21:06.317+0800][2401.826s] GC(826) Pause Young (Mixed) (G1 Evacuation Pause) 157M->136M(512M) 2.592ms
[2023-04-09T19:21:06.317+0800][2401.826s] GC(826) User=0.00s Sys=0.00s Real=0.00s
[2023-04-09T19:21:06.712+0800][2402.221s] GC(827) Pause Young (Normal) (G1 Evacuation Pause)
[2023-04-09T19:21:06.712+0800][2402.221s] GC(827) Using 8 workers of 8 for evacuation
[2023-04-09T19:21:06.713+0800][2402.222s] GC(827)   Pre Evacuate Collection Set: 0.0ms
[2023-04-09T19:21:06.713+0800][2402.222s] GC(827)   Evacuate Collection Set: 0.5ms
[2023-04-09T19:21:06.713+0800][2402.222s] GC(827)   Post Evacuate Collection Set: 0.6ms
[2023-04-09T19:21:06.713+0800][2402.222s] GC(827)   Other: 0.2ms
[2023-04-09T19:21:06.713+0800][2402.222s] GC(827) Eden regions: 257->0(264)
[2023-04-09T19:21:06.713+0800][2402.222s] GC(827) Survivor regions: 1->3(33)
[2023-04-09T19:21:06.713+0800][2402.222s] GC(827) Old regions: 106->106
[2023-04-09T19:21:06.713+0800][2402.222s] GC(827) Humongous regions: 32->32
[2023-04-09T19:21:06.713+0800][2402.222s] GC(827) Metaspace: 61719K(64880K)->61719K(64880K) NonClass: 54767K(56740K)->54767K(56740K) Class: 6951K(8140K)->6951K(8140K)
[2023-04-09T19:21:06.713+0800][2402.222s] GC(827) Pause Young (Normal) (G1 Evacuation Pause) 393M->139M(512M) 1.453ms
[2023-04-09T19:21:06.713+0800][2402.222s] GC(827) User=0.00s Sys=0.00s Real=0.00s
[2023-04-09T19:21:07.083+0800][2402.592s] GC(828) Pause Young (Normal) (G1 Evacuation Pause)
[2023-04-09T19:21:07.083+0800][2402.592s] GC(828) Using 8 workers of 8 for evacuation
[2023-04-09T19:21:07.085+0800][2402.593s] GC(828)   Pre Evacuate Collection Set: 0.0ms
[2023-04-09T19:21:07.085+0800][2402.593s] GC(828)   Evacuate Collection Set: 0.8ms
[2023-04-09T19:21:07.085+0800][2402.593s] GC(828)   Post Evacuate Collection Set: 0.5ms
[2023-04-09T19:21:07.085+0800][2402.593s] GC(828)   Other: 0.2ms
[2023-04-09T19:21:07.085+0800][2402.593s] GC(828) Eden regions: 264->0(265)
[2023-04-09T19:21:07.085+0800][2402.593s] GC(828) Survivor regions: 3->7(34)
[2023-04-09T19:21:07.085+0800][2402.593s] GC(828) Old regions: 106->106
[2023-04-09T19:21:07.085+0800][2402.593s] GC(828) Humongous regions: 35->34
[2023-04-09T19:21:07.085+0800][2402.593s] GC(828) Metaspace: 61719K(64880K)->61719K(64880K) NonClass: 54767K(56740K)->54767K(56740K) Class: 6951K(8140K)->6951K(8140K)
[2023-04-09T19:21:07.085+0800][2402.593s] GC(828) Pause Young (Normal) (G1 Evacuation Pause) 406M->145M(512M) 1.715ms
[2023-04-09T19:21:07.085+0800][2402.593s] GC(828) User=0.00s Sys=0.00s Real=0.00s
[2023-04-09T19:21:07.532+0800][2403.041s] GC(829) Pause Young (Normal) (G1 Evacuation Pause)
[2023-04-09T19:21:07.532+0800][2403.041s] GC(829) Using 8 workers of 8 for evacuation
[2023-04-09T19:21:07.534+0800][2403.043s] GC(829)   Pre Evacuate Collection Set: 0.0ms
[2023-04-09T19:21:07.534+0800][2403.043s] GC(829)   Evacuate Collection Set: 1.1ms
[2023-04-09T19:21:07.534+0800][2403.043s] GC(829)   Post Evacuate Collection Set: 0.6ms
[2023-04-09T19:21:07.534+0800][2403.043s] GC(829)   Other: 0.1ms
[2023-04-09T19:21:07.534+0800][2403.043s] GC(829) Eden regions: 265->0(265)
[2023-04-09T19:21:07.534+0800][2403.043s] GC(829) Survivor regions: 7->11(34)
[2023-04-09T19:21:07.534+0800][2403.043s] GC(829) Old regions: 106->106
[2023-04-09T19:21:07.534+0800][2403.043s] GC(829) Humongous regions: 35->35
[2023-04-09T19:21:07.534+0800][2403.043s] GC(829) Metaspace: 61722K(64880K)->61722K(64880K) NonClass: 54770K(56740K)->54770K(56740K) Class: 6951K(8140K)->6951K(8140K)
[2023-04-09T19:21:07.534+0800][2403.043s] GC(829) Pause Young (Normal) (G1 Evacuation Pause) 411M->150M(512M) 2.167ms
[2023-04-09T19:21:07.534+0800][2403.043s] GC(829) User=0.00s Sys=0.00s Real=0.00s
[2023-04-09T19:21:07.824+0800][2403.333s] GC(830) Pause Young (Normal) (G1 Evacuation Pause)
[2023-04-09T19:21:07.824+0800][2403.333s] GC(830) Using 8 workers of 8 for evacuation
[2023-04-09T19:21:07.825+0800][2403.334s] GC(830)   Pre Evacuate Collection Set: 0.0ms
[2023-04-09T19:21:07.825+0800][2403.334s] GC(830)   Evacuate Collection Set: 0.4ms
[2023-04-09T19:21:07.825+0800][2403.334s] GC(830)   Post Evacuate Collection Set: 0.5ms
[2023-04-09T19:21:07.825+0800][2403.334s] GC(830)   Other: 0.1ms
[2023-04-09T19:21:07.825+0800][2403.334s] GC(830) Eden regions: 265->0(276)
[2023-04-09T19:21:07.825+0800][2403.334s] GC(830) Survivor regions: 11->1(35)
[2023-04-09T19:21:07.825+0800][2403.334s] GC(830) Old regions: 106->106
[2023-04-09T19:21:07.825+0800][2403.334s] GC(830) Humongous regions: 35->32
[2023-04-09T19:21:07.825+0800][2403.334s] GC(830) Metaspace: 61722K(64880K)->61722K(64880K) NonClass: 54770K(56740K)->54770K(56740K) Class: 6951K(8140K)->6951K(8140K)
[2023-04-09T19:21:07.825+0800][2403.334s] GC(830) Pause Young (Normal) (G1 Evacuation Pause) 415M->137M(512M) 1.189ms
[2023-04-09T19:21:07.825+0800][2403.334s] GC(830) User=0.00s Sys=0.00s Real=0.00s
[2023-04-09T19:21:08.201+0800][2403.710s] GC(831) Pause Young (Normal) (G1 Evacuation Pause)
[2023-04-09T19:21:08.201+0800][2403.710s] GC(831) Using 8 workers of 8 for evacuation
[2023-04-09T19:21:08.202+0800][2403.711s] GC(831)   Pre Evacuate Collection Set: 0.0ms
[2023-04-09T19:21:08.202+0800][2403.711s] GC(831)   Evacuate Collection Set: 0.6ms
[2023-04-09T19:21:08.202+0800][2403.711s] GC(831)   Post Evacuate Collection Set: 0.4ms
[2023-04-09T19:21:08.202+0800][2403.711s] GC(831)   Other: 0.3ms
[2023-04-09T19:21:08.202+0800][2403.711s] GC(831) Eden regions: 276->0(279)
[2023-04-09T19:21:08.202+0800][2403.711s] GC(831) Survivor regions: 1->3(35)
[2023-04-09T19:21:08.202+0800][2403.711s] GC(831) Old regions: 106->106
[2023-04-09T19:21:08.202+0800][2403.711s] GC(831) Humongous regions: 32->32
[2023-04-09T19:21:08.202+0800][2403.711s] GC(831) Metaspace: 61732K(64880K)->61732K(64880K) NonClass: 54780K(56740K)->54780K(56740K) Class: 6951K(8140K)->6951K(8140K)
[2023-04-09T19:21:08.202+0800][2403.711s] GC(831) Pause Young (Normal) (G1 Evacuation Pause) 413M->139M(512M) 1.457ms
[2023-04-09T19:21:08.202+0800][2403.711s] GC(831) User=0.00s Sys=0.00s Real=0.00s
[2023-04-09T19:21:08.592+0800][2404.101s] GC(832) Pause Young (Normal) (G1 Evacuation Pause)
[2023-04-09T19:21:08.592+0800][2404.101s] GC(832) Using 8 workers of 8 for evacuation
[2023-04-09T19:21:08.593+0800][2404.102s] GC(832)   Pre Evacuate Collection Set: 0.0ms
[2023-04-09T19:21:08.593+0800][2404.102s] GC(832)   Evacuate Collection Set: 1.0ms
[2023-04-09T19:21:08.593+0800][2404.102s] GC(832)   Post Evacuate Collection Set: 0.6ms
[2023-04-09T19:21:08.593+0800][2404.102s] GC(832)   Other: 0.2ms
[2023-04-09T19:21:08.594+0800][2404.102s] GC(832) Eden regions: 279->0(277)
[2023-04-09T19:21:08.594+0800][2404.102s] GC(832) Survivor regions: 3->9(36)
[2023-04-09T19:21:08.594+0800][2404.102s] GC(832) Old regions: 106->106
[2023-04-09T19:21:08.594+0800][2404.103s] GC(832) Humongous regions: 35->34
[2023-04-09T19:21:08.594+0800][2404.103s] GC(832) Metaspace: 61732K(64880K)->61732K(64880K) NonClass: 54780K(56740K)->54780K(56740K) Class: 6951K(8140K)->6951K(8140K)
[2023-04-09T19:21:08.594+0800][2404.103s] GC(832) Pause Young (Normal) (G1 Evacuation Pause) 421M->147M(512M) 1.988ms
[2023-04-09T19:21:08.594+0800][2404.103s] GC(832) User=0.00s Sys=0.00s Real=0.00s
[2023-04-09T19:21:08.672+0800][2404.181s] GC(833) Pause Young (Concurrent Start) (G1 Humongous Allocation)
[2023-04-09T19:21:08.672+0800][2404.181s] GC(833) Using 8 workers of 8 for evacuation
[2023-04-09T19:21:08.674+0800][2404.183s] GC(833)   Pre Evacuate Collection Set: 0.1ms
[2023-04-09T19:21:08.674+0800][2404.183s] GC(833)   Evacuate Collection Set: 1.3ms
[2023-04-09T19:21:08.674+0800][2404.183s] GC(833)   Post Evacuate Collection Set: 0.6ms
[2023-04-09T19:21:08.674+0800][2404.183s] GC(833)   Other: 0.2ms
[2023-04-09T19:21:08.674+0800][2404.183s] GC(833) Eden regions: 57->0(241)
[2023-04-09T19:21:08.674+0800][2404.183s] GC(833) Survivor regions: 9->10(36)
[2023-04-09T19:21:08.674+0800][2404.183s] GC(833) Old regions: 106->106
[2023-04-09T19:21:08.675+0800][2404.184s] GC(833) Humongous regions: 34->34
[2023-04-09T19:21:08.675+0800][2404.184s] GC(833) Metaspace: 61732K(64880K)->61732K(64880K) NonClass: 54780K(56740K)->54780K(56740K) Class: 6951K(8140K)->6951K(8140K)
[2023-04-09T19:21:08.675+0800][2404.184s] GC(833) Pause Young (Concurrent Start) (G1 Humongous Allocation) 203M->148M(512M) 2.355ms
[2023-04-09T19:21:08.675+0800][2404.184s] GC(833) User=0.00s Sys=0.00s Real=0.00s
[2023-04-09T19:21:08.675+0800][2404.184s] GC(834) Concurrent Cycle
[2023-04-09T19:21:08.675+0800][2404.184s] GC(834) Concurrent Clear Claimed Marks
[2023-04-09T19:21:08.675+0800][2404.184s] GC(834) Concurrent Clear Claimed Marks 0.062ms
[2023-04-09T19:21:08.675+0800][2404.184s] GC(834) Concurrent Scan Root Regions
[2023-04-09T19:21:08.675+0800][2404.184s] GC(834) Concurrent Scan Root Regions 0.539ms
[2023-04-09T19:21:08.675+0800][2404.184s] GC(834) Concurrent Mark (2404.184s)
[2023-04-09T19:21:08.675+0800][2404.184s] GC(834) Concurrent Mark From Roots
[2023-04-09T19:21:08.675+0800][2404.184s] GC(834) Using 2 workers of 2 for marking
[2023-04-09T19:21:08.698+0800][2404.207s] GC(834) Concurrent Mark From Roots 22.261ms
[2023-04-09T19:21:08.698+0800][2404.207s] GC(834) Concurrent Preclean
[2023-04-09T19:21:08.698+0800][2404.207s] GC(834) Concurrent Preclean 0.245ms
[2023-04-09T19:21:08.698+0800][2404.207s] GC(834) Concurrent Mark (2404.184s, 2404.207s) 22.596ms
[2023-04-09T19:21:08.698+0800][2404.207s] GC(834) Pause Remark
[2023-04-09T19:21:08.702+0800][2404.211s] GC(834) Cleaned string and symbol table, strings: 27934 processed, 0 removed, symbols: 172411 processed, 0 removed
[2023-04-09T19:21:08.702+0800][2404.211s] GC(834) Pause Remark 161M->124M(512M) 4.154ms
[2023-04-09T19:21:08.702+0800][2404.211s] GC(834) User=0.02s Sys=0.00s Real=0.00s
[2023-04-09T19:21:08.702+0800][2404.211s] GC(834) Concurrent Rebuild Remembered Sets
[2023-04-09T19:21:08.717+0800][2404.226s] GC(834) Concurrent Rebuild Remembered Sets 14.184ms
[2023-04-09T19:21:08.717+0800][2404.226s] GC(834) Pause Cleanup
[2023-04-09T19:21:08.717+0800][2404.226s] GC(834) Pause Cleanup 131M->131M(512M) 0.174ms
[2023-04-09T19:21:08.717+0800][2404.226s] GC(834) User=0.00s Sys=0.00s Real=0.00s
[2023-04-09T19:21:08.717+0800][2404.226s] GC(834) Concurrent Cleanup for Next Mark
[2023-04-09T19:21:08.718+0800][2404.227s] GC(834) Concurrent Cleanup for Next Mark 0.909ms
[2023-04-09T19:21:08.718+0800][2404.227s] GC(834) Concurrent Cycle 43.531ms
[2023-04-09T19:21:09.027+0800][2404.536s] GC(835) Pause Young (Prepare Mixed) (G1 Evacuation Pause)
[2023-04-09T19:21:09.027+0800][2404.536s] GC(835) Using 8 workers of 8 for evacuation
[2023-04-09T19:21:09.029+0800][2404.538s] GC(835)   Pre Evacuate Collection Set: 0.0ms
[2023-04-09T19:21:09.029+0800][2404.538s] GC(835)   Evacuate Collection Set: 1.3ms
[2023-04-09T19:21:09.029+0800][2404.538s] GC(835)   Post Evacuate Collection Set: 0.6ms
[2023-04-09T19:21:09.029+0800][2404.538s] GC(835)   Other: 0.2ms
[2023-04-09T19:21:09.029+0800][2404.538s] GC(835) Eden regions: 241->0(15)
[2023-04-09T19:21:09.029+0800][2404.538s] GC(835) Survivor regions: 10->10(32)
[2023-04-09T19:21:09.029+0800][2404.538s] GC(835) Old regions: 97->97
[2023-04-09T19:21:09.029+0800][2404.538s] GC(835) Humongous regions: 20->13
[2023-04-09T19:21:09.029+0800][2404.538s] GC(835) Metaspace: 61732K(64880K)->61732K(64880K) NonClass: 54780K(56740K)->54780K(56740K) Class: 6951K(8140K)->6951K(8140K)
[2023-04-09T19:21:09.029+0800][2404.538s] GC(835) Pause Young (Prepare Mixed) (G1 Evacuation Pause) 366M->118M(512M) 2.244ms
[2023-04-09T19:21:09.029+0800][2404.538s] GC(835) User=0.00s Sys=0.00s Real=0.00s
[2023-04-09T19:21:09.050+0800][2404.559s] GC(836) Pause Young (Mixed) (G1 Evacuation Pause)
[2023-04-09T19:21:09.051+0800][2404.560s] GC(836) Using 8 workers of 8 for evacuation
[2023-04-09T19:21:09.053+0800][2404.562s] GC(836)   Pre Evacuate Collection Set: 0.1ms
[2023-04-09T19:21:09.053+0800][2404.562s] GC(836)   Evacuate Collection Set: 1.6ms
[2023-04-09T19:21:09.053+0800][2404.562s] GC(836)   Post Evacuate Collection Set: 0.5ms
[2023-04-09T19:21:09.053+0800][2404.562s] GC(836)   Other: 0.3ms
[2023-04-09T19:21:09.053+0800][2404.562s] GC(836) Eden regions: 15->0(284)
[2023-04-09T19:21:09.053+0800][2404.562s] GC(836) Survivor regions: 10->1(4)
[2023-04-09T19:21:09.053+0800][2404.562s] GC(836) Old regions: 97->86
[2023-04-09T19:21:09.053+0800][2404.562s] GC(836) Humongous regions: 13->13
[2023-04-09T19:21:09.053+0800][2404.562s] GC(836) Metaspace: 61732K(64880K)->61732K(64880K) NonClass: 54780K(56740K)->54780K(56740K) Class: 6951K(8140K)->6951K(8140K)
[2023-04-09T19:21:09.053+0800][2404.562s] GC(836) Pause Young (Mixed) (G1 Evacuation Pause) 133M->98M(512M) 2.723ms
[2023-04-09T19:21:09.053+0800][2404.562s] GC(836) User=0.00s Sys=0.00s Real=0.00s
[2023-04-09T19:21:09.537+0800][2405.046s] GC(837) Pause Young (Normal) (G1 Evacuation Pause)
[2023-04-09T19:21:09.537+0800][2405.046s] GC(837) Using 8 workers of 8 for evacuation
[2023-04-09T19:21:09.538+0800][2405.047s] GC(837)   Pre Evacuate Collection Set: 0.0ms
[2023-04-09T19:21:09.538+0800][2405.047s] GC(837)   Evacuate Collection Set: 0.6ms
[2023-04-09T19:21:09.538+0800][2405.047s] GC(837)   Post Evacuate Collection Set: 0.4ms
[2023-04-09T19:21:09.538+0800][2405.047s] GC(837)   Other: 0.2ms
[2023-04-09T19:21:09.538+0800][2405.047s] GC(837) Eden regions: 284->0(289)
[2023-04-09T19:21:09.538+0800][2405.047s] GC(837) Survivor regions: 1->3(36)
[2023-04-09T19:21:09.538+0800][2405.047s] GC(837) Old regions: 86->86
[2023-04-09T19:21:09.538+0800][2405.047s] GC(837) Humongous regions: 18->18
[2023-04-09T19:21:09.538+0800][2405.047s] GC(837) Metaspace: 61733K(64880K)->61733K(64880K) NonClass: 54781K(56740K)->54781K(56740K) Class: 6951K(8140K)->6951K(8140K)
[2023-04-09T19:21:09.538+0800][2405.047s] GC(837) Pause Young (Normal) (G1 Evacuation Pause) 387M->105M(512M) 1.574ms
[2023-04-09T19:21:09.538+0800][2405.047s] GC(837) User=0.00s Sys=0.00s Real=0.00s
[2023-04-09T19:21:10.050+0800][2405.560s] GC(838) Pause Young (Normal) (G1 Evacuation Pause)
[2023-04-09T19:21:10.051+0800][2405.560s] GC(838) Using 8 workers of 8 for evacuation
[2023-04-09T19:21:10.052+0800][2405.561s] GC(838)   Pre Evacuate Collection Set: 0.0ms
[2023-04-09T19:21:10.052+0800][2405.561s] GC(838)   Evacuate Collection Set: 0.9ms
[2023-04-09T19:21:10.052+0800][2405.561s] GC(838)   Post Evacuate Collection Set: 0.6ms
[2023-04-09T19:21:10.052+0800][2405.562s] GC(838)   Other: 0.3ms
[2023-04-09T19:21:10.052+0800][2405.562s] GC(838) Eden regions: 289->0(291)
[2023-04-09T19:21:10.053+0800][2405.562s] GC(838) Survivor regions: 3->8(37)
[2023-04-09T19:21:10.053+0800][2405.562s] GC(838) Old regions: 86->86
[2023-04-09T19:21:10.053+0800][2405.562s] GC(838) Humongous regions: 19->19
[2023-04-09T19:21:10.053+0800][2405.562s] GC(838) Metaspace: 61733K(64880K)->61733K(64880K) NonClass: 54781K(56740K)->54781K(56740K) Class: 6951K(8140K)->6951K(8140K)
[2023-04-09T19:21:10.053+0800][2405.562s] GC(838) Pause Young (Normal) (G1 Evacuation Pause) 395M->111M(512M) 2.115ms
[2023-04-09T19:21:10.053+0800][2405.562s] GC(838) User=0.00s Sys=0.00s Real=0.00s
[2023-04-09T19:21:10.491+0800][2406.000s] GC(839) Pause Young (Normal) (G1 Evacuation Pause)
[2023-04-09T19:21:10.491+0800][2406.000s] GC(839) Using 8 workers of 8 for evacuation
[2023-04-09T19:21:10.493+0800][2406.002s] GC(839)   Pre Evacuate Collection Set: 0.0ms
[2023-04-09T19:21:10.493+0800][2406.002s] GC(839)   Evacuate Collection Set: 1.2ms
[2023-04-09T19:21:10.493+0800][2406.002s] GC(839)   Post Evacuate Collection Set: 0.6ms
[2023-04-09T19:21:10.493+0800][2406.002s] GC(839)   Other: 0.2ms
[2023-04-09T19:21:10.493+0800][2406.002s] GC(839) Eden regions: 291->0(290)
[2023-04-09T19:21:10.493+0800][2406.002s] GC(839) Survivor regions: 8->11(38)
[2023-04-09T19:21:10.493+0800][2406.002s] GC(839) Old regions: 86->86
[2023-04-09T19:21:10.493+0800][2406.002s] GC(839) Humongous regions: 27->26
[2023-04-09T19:21:10.493+0800][2406.002s] GC(839) Metaspace: 61733K(64880K)->61733K(64880K) NonClass: 54781K(56740K)->54781K(56740K) Class: 6951K(8140K)->6951K(8140K)
[2023-04-09T19:21:10.493+0800][2406.002s] GC(839) Pause Young (Normal) (G1 Evacuation Pause) 410M->121M(512M) 2.082ms
[2023-04-09T19:21:10.493+0800][2406.002s] GC(839) User=0.00s Sys=0.00s Real=0.00s
[2023-04-09T19:21:11.037+0800][2406.546s] GC(840) Pause Young (Normal) (G1 Evacuation Pause)
[2023-04-09T19:21:11.037+0800][2406.546s] GC(840) Using 8 workers of 8 for evacuation
[2023-04-09T19:21:11.039+0800][2406.548s] GC(840)   Pre Evacuate Collection Set: 0.0ms
[2023-04-09T19:21:11.039+0800][2406.548s] GC(840)   Evacuate Collection Set: 1.3ms
[2023-04-09T19:21:11.039+0800][2406.548s] GC(840)   Post Evacuate Collection Set: 0.6ms
[2023-04-09T19:21:11.039+0800][2406.548s] GC(840)   Other: 0.2ms
[2023-04-09T19:21:11.039+0800][2406.548s] GC(840) Eden regions: 290->0(292)
[2023-04-09T19:21:11.039+0800][2406.548s] GC(840) Survivor regions: 11->13(38)
[2023-04-09T19:21:11.039+0800][2406.548s] GC(840) Old regions: 86->86
[2023-04-09T19:21:11.039+0800][2406.548s] GC(840) Humongous regions: 39->27
[2023-04-09T19:21:11.039+0800][2406.548s] GC(840) Metaspace: 61733K(64880K)->61733K(64880K) NonClass: 54781K(56740K)->54781K(56740K) Class: 6951K(8140K)->6951K(8140K)
[2023-04-09T19:21:11.039+0800][2406.548s] GC(840) Pause Young (Normal) (G1 Evacuation Pause) 424M->124M(512M) 2.339ms
[2023-04-09T19:21:11.039+0800][2406.548s] GC(840) User=0.00s Sys=0.00s Real=0.00s
[2023-04-09T19:21:11.521+0800][2407.029s] GC(841) Pause Young (Normal) (G1 Evacuation Pause)
[2023-04-09T19:21:11.521+0800][2407.029s] GC(841) Using 8 workers of 8 for evacuation
[2023-04-09T19:21:11.522+0800][2407.031s] GC(841)   Pre Evacuate Collection Set: 0.0ms
[2023-04-09T19:21:11.522+0800][2407.031s] GC(841)   Evacuate Collection Set: 0.7ms
[2023-04-09T19:21:11.522+0800][2407.031s] GC(841)   Post Evacuate Collection Set: 0.6ms
[2023-04-09T19:21:11.522+0800][2407.031s] GC(841)   Other: 0.2ms
[2023-04-09T19:21:11.522+0800][2407.031s] GC(841) Eden regions: 292->0(300)
[2023-04-09T19:21:11.522+0800][2407.031s] GC(841) Survivor regions: 13->7(39)
[2023-04-09T19:21:11.523+0800][2407.031s] GC(841) Old regions: 86->86
[2023-04-09T19:21:11.523+0800][2407.031s] GC(841) Humongous regions: 28->19
[2023-04-09T19:21:11.523+0800][2407.031s] GC(841) Metaspace: 61736K(64880K)->61736K(64880K) NonClass: 54784K(56740K)->54784K(56740K) Class: 6951K(8140K)->6951K(8140K)
[2023-04-09T19:21:11.523+0800][2407.031s] GC(841) Pause Young (Normal) (G1 Evacuation Pause) 417M->109M(512M) 1.807ms
[2023-04-09T19:21:11.523+0800][2407.031s] GC(841) User=0.00s Sys=0.00s Real=0.00s
[2023-04-09T19:21:11.948+0800][2407.457s] GC(842) Pause Young (Normal) (G1 Evacuation Pause)
[2023-04-09T19:21:11.948+0800][2407.457s] GC(842) Using 8 workers of 8 for evacuation
[2023-04-09T19:21:11.950+0800][2407.459s] GC(842)   Pre Evacuate Collection Set: 0.0ms
[2023-04-09T19:21:11.950+0800][2407.459s] GC(842)   Evacuate Collection Set: 1.3ms
[2023-04-09T19:21:11.950+0800][2407.459s] GC(842)   Post Evacuate Collection Set: 0.6ms
[2023-04-09T19:21:11.950+0800][2407.459s] GC(842)   Other: 0.2ms
[2023-04-09T19:21:11.950+0800][2407.459s] GC(842) Eden regions: 300->0(295)
[2023-04-09T19:21:11.950+0800][2407.459s] GC(842) Survivor regions: 7->12(39)
[2023-04-09T19:21:11.950+0800][2407.459s] GC(842) Old regions: 86->86
[2023-04-09T19:21:11.950+0800][2407.459s] GC(842) Humongous regions: 22->21
[2023-04-09T19:21:11.950+0800][2407.460s] GC(842) Metaspace: 61736K(64880K)->61736K(64880K) NonClass: 54784K(56740K)->54784K(56740K) Class: 6951K(8140K)->6951K(8140K)
[2023-04-09T19:21:11.950+0800][2407.460s] GC(842) Pause Young (Normal) (G1 Evacuation Pause) 412M->117M(512M) 2.276ms
[2023-04-09T19:21:11.950+0800][2407.460s] GC(842) User=0.11s Sys=0.00s Real=0.00s
[2023-04-09T19:21:12.295+0800][2407.804s] GC(843) Pause Young (Concurrent Start) (G1 Humongous Allocation)
[2023-04-09T19:21:12.295+0800][2407.804s] GC(843) Using 8 workers of 8 for evacuation
[2023-04-09T19:21:12.297+0800][2407.807s] GC(843)   Pre Evacuate Collection Set: 0.1ms
[2023-04-09T19:21:12.297+0800][2407.807s] GC(843)   Evacuate Collection Set: 1.6ms
[2023-04-09T19:21:12.297+0800][2407.807s] GC(843)   Post Evacuate Collection Set: 0.6ms
[2023-04-09T19:21:12.297+0800][2407.807s] GC(843)   Other: 0.2ms
[2023-04-09T19:21:12.297+0800][2407.807s] GC(843) Eden regions: 230->0(273)
[2023-04-09T19:21:12.297+0800][2407.807s] GC(843) Survivor regions: 12->13(39)
[2023-04-09T19:21:12.297+0800][2407.807s] GC(843) Old regions: 86->86
[2023-04-09T19:21:12.297+0800][2407.807s] GC(843) Humongous regions: 34->27
[2023-04-09T19:21:12.297+0800][2407.807s] GC(843) Metaspace: 61736K(64880K)->61736K(64880K) NonClass: 54784K(56740K)->54784K(56740K) Class: 6951K(8140K)->6951K(8140K)
[2023-04-09T19:21:12.297+0800][2407.807s] GC(843) Pause Young (Concurrent Start) (G1 Humongous Allocation) 360M->124M(512M) 2.657ms
[2023-04-09T19:21:12.297+0800][2407.807s] GC(843) User=0.00s Sys=0.00s Real=0.00s
[2023-04-09T19:21:12.297+0800][2407.807s] GC(844) Concurrent Cycle
[2023-04-09T19:21:12.297+0800][2407.807s] GC(844) Concurrent Clear Claimed Marks
[2023-04-09T19:21:12.298+0800][2407.807s] GC(844) Concurrent Clear Claimed Marks 0.172ms
[2023-04-09T19:21:12.298+0800][2407.807s] GC(844) Concurrent Scan Root Regions
[2023-04-09T19:21:12.298+0800][2407.808s] GC(844) Concurrent Scan Root Regions 0.466ms
[2023-04-09T19:21:12.298+0800][2407.808s] GC(844) Concurrent Mark (2407.808s)
[2023-04-09T19:21:12.298+0800][2407.808s] GC(844) Concurrent Mark From Roots
[2023-04-09T19:21:12.298+0800][2407.808s] GC(844) Using 2 workers of 2 for marking
[2023-04-09T19:21:12.322+0800][2407.832s] GC(844) Concurrent Mark From Roots 24.243ms
[2023-04-09T19:21:12.323+0800][2407.832s] GC(844) Concurrent Preclean
[2023-04-09T19:21:12.323+0800][2407.832s] GC(844) Concurrent Preclean 0.270ms
[2023-04-09T19:21:12.323+0800][2407.832s] GC(844) Concurrent Mark (2407.808s, 2407.832s) 24.610ms
[2023-04-09T19:21:12.323+0800][2407.832s] GC(844) Pause Remark
[2023-04-09T19:21:12.327+0800][2407.836s] GC(844) Cleaned string and symbol table, strings: 27934 processed, 1 removed, symbols: 172411 processed, 0 removed
[2023-04-09T19:21:12.327+0800][2407.837s] GC(844) Pause Remark 143M->129M(512M) 4.249ms
[2023-04-09T19:21:12.327+0800][2407.837s] GC(844) User=0.12s Sys=0.00s Real=0.00s
[2023-04-09T19:21:12.327+0800][2407.837s] GC(844) Concurrent Rebuild Remembered Sets
[2023-04-09T19:21:12.341+0800][2407.850s] GC(844) Concurrent Rebuild Remembered Sets 13.231ms
[2023-04-09T19:21:12.341+0800][2407.850s] GC(844) Pause Cleanup
[2023-04-09T19:21:12.341+0800][2407.851s] GC(844) Pause Cleanup 137M->137M(512M) 0.168ms
[2023-04-09T19:21:12.341+0800][2407.851s] GC(844) User=0.00s Sys=0.00s Real=0.00s
[2023-04-09T19:21:12.341+0800][2407.851s] GC(844) Concurrent Cleanup for Next Mark
[2023-04-09T19:21:12.342+0800][2407.851s] GC(844) Concurrent Cleanup for Next Mark 0.787ms
[2023-04-09T19:21:12.342+0800][2407.851s] GC(844) Concurrent Cycle 44.665ms
[2023-04-09T19:21:12.865+0800][2408.374s] GC(845) Pause Young (Prepare Mixed) (G1 Evacuation Pause)
[2023-04-09T19:21:12.865+0800][2408.374s] GC(845) Using 8 workers of 8 for evacuation
[2023-04-09T19:21:12.866+0800][2408.375s] GC(845)   Pre Evacuate Collection Set: 0.0ms
[2023-04-09T19:21:12.866+0800][2408.375s] GC(845)   Evacuate Collection Set: 0.6ms
[2023-04-09T19:21:12.866+0800][2408.375s] GC(845)   Post Evacuate Collection Set: 0.6ms
[2023-04-09T19:21:12.866+0800][2408.375s] GC(845)   Other: 0.2ms
[2023-04-09T19:21:12.866+0800][2408.375s] GC(845) Eden regions: 273->0(24)
[2023-04-09T19:21:12.866+0800][2408.375s] GC(845) Survivor regions: 13->1(36)
[2023-04-09T19:21:12.866+0800][2408.375s] GC(845) Old regions: 81->81
[2023-04-09T19:21:12.866+0800][2408.375s] GC(845) Humongous regions: 23->4
[2023-04-09T19:21:12.866+0800][2408.375s] GC(845) Metaspace: 61736K(64880K)->61736K(64880K) NonClass: 54784K(56740K)->54784K(56740K) Class: 6951K(8140K)->6951K(8140K)
[2023-04-09T19:21:12.866+0800][2408.375s] GC(845) Pause Young (Prepare Mixed) (G1 Evacuation Pause) 388M->84M(512M) 1.495ms
[2023-04-09T19:21:12.866+0800][2408.375s] GC(845) User=0.00s Sys=0.00s Real=0.00s
[2023-04-09T19:21:12.897+0800][2408.406s] GC(846) Pause Young (Mixed) (G1 Evacuation Pause)
[2023-04-09T19:21:12.897+0800][2408.406s] GC(846) Using 8 workers of 8 for evacuation
[2023-04-09T19:21:12.898+0800][2408.407s] GC(846)   Pre Evacuate Collection Set: 0.0ms
[2023-04-09T19:21:12.898+0800][2408.407s] GC(846)   Evacuate Collection Set: 0.6ms
[2023-04-09T19:21:12.898+0800][2408.407s] GC(846)   Post Evacuate Collection Set: 0.5ms
[2023-04-09T19:21:12.898+0800][2408.407s] GC(846)   Other: 0.2ms
[2023-04-09T19:21:12.898+0800][2408.407s] GC(846) Eden regions: 24->0(305)
[2023-04-09T19:21:12.898+0800][2408.407s] GC(846) Survivor regions: 1->1(4)
[2023-04-09T19:21:12.898+0800][2408.407s] GC(846) Old regions: 81->74
[2023-04-09T19:21:12.898+0800][2408.407s] GC(846) Humongous regions: 4->4
[2023-04-09T19:21:12.898+0800][2408.407s] GC(846) Metaspace: 61736K(64880K)->61736K(64880K) NonClass: 54784K(56740K)->54784K(56740K) Class: 6951K(8140K)->6951K(8140K)
[2023-04-09T19:21:12.898+0800][2408.408s] GC(846) Pause Young (Mixed) (G1 Evacuation Pause) 108M->78M(512M) 1.544ms
[2023-04-09T19:21:12.898+0800][2408.408s] GC(846) User=0.00s Sys=0.00s Real=0.00s
[2023-04-09T19:21:13.324+0800][2408.832s] GC(847) Pause Young (Normal) (G1 Evacuation Pause)
[2023-04-09T19:21:13.324+0800][2408.832s] GC(847) Using 8 workers of 8 for evacuation
[2023-04-09T19:21:13.325+0800][2408.834s] GC(847)   Pre Evacuate Collection Set: 0.0ms
[2023-04-09T19:21:13.325+0800][2408.834s] GC(847)   Evacuate Collection Set: 0.8ms
[2023-04-09T19:21:13.325+0800][2408.834s] GC(847)   Post Evacuate Collection Set: 0.6ms
[2023-04-09T19:21:13.325+0800][2408.834s] GC(847)   Other: 0.2ms
[2023-04-09T19:21:13.325+0800][2408.834s] GC(847) Eden regions: 305->0(299)
[2023-04-09T19:21:13.325+0800][2408.834s] GC(847) Survivor regions: 1->8(39)
[2023-04-09T19:21:13.325+0800][2408.834s] GC(847) Old regions: 74->74
[2023-04-09T19:21:13.325+0800][2408.834s] GC(847) Humongous regions: 7->6
[2023-04-09T19:21:13.325+0800][2408.834s] GC(847) Metaspace: 61736K(64880K)->61736K(64880K) NonClass: 54784K(56740K)->54784K(56740K) Class: 6951K(8140K)->6951K(8140K)
[2023-04-09T19:21:13.325+0800][2408.834s] GC(847) Pause Young (Normal) (G1 Evacuation Pause) 386M->86M(512M) 1.811ms
[2023-04-09T19:21:13.325+0800][2408.834s] GC(847) User=0.00s Sys=0.00s Real=0.00s
[2023-04-09T19:21:13.762+0800][2409.271s] GC(848) Pause Young (Normal) (G1 Evacuation Pause)
[2023-04-09T19:21:13.762+0800][2409.271s] GC(848) Using 8 workers of 8 for evacuation
[2023-04-09T19:21:13.764+0800][2409.272s] GC(848)   Pre Evacuate Collection Set: 0.0ms
[2023-04-09T19:21:13.764+0800][2409.272s] GC(848)   Evacuate Collection Set: 1.0ms
[2023-04-09T19:21:13.764+0800][2409.272s] GC(848)   Post Evacuate Collection Set: 0.6ms
[2023-04-09T19:21:13.764+0800][2409.272s] GC(848)   Other: 0.2ms
[2023-04-09T19:21:13.764+0800][2409.273s] GC(848) Eden regions: 299->0(298)
[2023-04-09T19:21:13.764+0800][2409.273s] GC(848) Survivor regions: 8->9(39)
[2023-04-09T19:21:13.764+0800][2409.273s] GC(848) Old regions: 74->74
[2023-04-09T19:21:13.764+0800][2409.273s] GC(848) Humongous regions: 15->13
[2023-04-09T19:21:13.764+0800][2409.273s] GC(848) Metaspace: 61736K(64880K)->61736K(64880K) NonClass: 54784K(56740K)->54784K(56740K) Class: 6951K(8140K)->6951K(8140K)
[2023-04-09T19:21:13.764+0800][2409.273s] GC(848) Pause Young (Normal) (G1 Evacuation Pause) 394M->95M(512M) 1.979ms
[2023-04-09T19:21:13.764+0800][2409.273s] GC(848) User=0.00s Sys=0.00s Real=0.00s
[2023-04-09T19:21:14.266+0800][2409.774s] GC(849) Pause Young (Normal) (G1 Evacuation Pause)
[2023-04-09T19:21:14.266+0800][2409.774s] GC(849) Using 8 workers of 8 for evacuation
[2023-04-09T19:21:14.267+0800][2409.776s] GC(849)   Pre Evacuate Collection Set: 0.0ms
[2023-04-09T19:21:14.267+0800][2409.776s] GC(849)   Evacuate Collection Set: 1.1ms
[2023-04-09T19:21:14.267+0800][2409.776s] GC(849)   Post Evacuate Collection Set: 0.6ms
[2023-04-09T19:21:14.267+0800][2409.776s] GC(849)   Other: 0.1ms
[2023-04-09T19:21:14.267+0800][2409.776s] GC(849) Eden regions: 298->0(296)
[2023-04-09T19:21:14.268+0800][2409.776s] GC(849) Survivor regions: 9->11(39)
[2023-04-09T19:21:14.268+0800][2409.776s] GC(849) Old regions: 74->74
[2023-04-09T19:21:14.268+0800][2409.776s] GC(849) Humongous regions: 23->13
[2023-04-09T19:21:14.268+0800][2409.776s] GC(849) Metaspace: 61736K(64880K)->61736K(64880K) NonClass: 54784K(56740K)->54784K(56740K) Class: 6951K(8140K)->6951K(8140K)
[2023-04-09T19:21:14.268+0800][2409.777s] GC(849) Pause Young (Normal) (G1 Evacuation Pause) 403M->96M(512M) 2.123ms
[2023-04-09T19:21:14.268+0800][2409.777s] GC(849) User=0.00s Sys=0.00s Real=0.00s
[2023-04-09T19:21:14.797+0800][2410.306s] GC(850) Pause Young (Normal) (G1 Evacuation Pause)
[2023-04-09T19:21:14.797+0800][2410.306s] GC(850) Using 8 workers of 8 for evacuation
[2023-04-09T19:21:14.798+0800][2410.307s] GC(850)   Pre Evacuate Collection Set: 0.0ms
[2023-04-09T19:21:14.798+0800][2410.308s] GC(850)   Evacuate Collection Set: 0.7ms
[2023-04-09T19:21:14.798+0800][2410.308s] GC(850)   Post Evacuate Collection Set: 0.5ms
[2023-04-09T19:21:14.798+0800][2410.308s] GC(850)   Other: 0.2ms
[2023-04-09T19:21:14.798+0800][2410.308s] GC(850) Eden regions: 296->0(301)
[2023-04-09T19:21:14.798+0800][2410.308s] GC(850) Survivor regions: 11->6(39)
[2023-04-09T19:21:14.798+0800][2410.308s] GC(850) Old regions: 74->74
[2023-04-09T19:21:14.798+0800][2410.308s] GC(850) Humongous regions: 14->5
[2023-04-09T19:21:14.798+0800][2410.308s] GC(850) Metaspace: 61740K(64880K)->61740K(64880K) NonClass: 54788K(56740K)->54788K(56740K) Class: 6951K(8140K)->6951K(8140K)
[2023-04-09T19:21:14.798+0800][2410.308s] GC(850) Pause Young (Normal) (G1 Evacuation Pause) 393M->83M(512M) 1.594ms
[2023-04-09T19:21:14.799+0800][2410.308s] GC(850) User=0.00s Sys=0.00s Real=0.00s
[2023-04-09T19:21:15.226+0800][2410.735s] GC(851) Pause Young (Normal) (G1 Evacuation Pause)
[2023-04-09T19:21:15.226+0800][2410.735s] GC(851) Using 8 workers of 8 for evacuation
[2023-04-09T19:21:15.227+0800][2410.737s] GC(851)   Pre Evacuate Collection Set: 0.0ms
[2023-04-09T19:21:15.227+0800][2410.737s] GC(851)   Evacuate Collection Set: 1.2ms
[2023-04-09T19:21:15.227+0800][2410.737s] GC(851)   Post Evacuate Collection Set: 0.7ms
[2023-04-09T19:21:15.227+0800][2410.737s] GC(851)   Other: 0.2ms
[2023-04-09T19:21:15.227+0800][2410.737s] GC(851) Eden regions: 301->0(295)
[2023-04-09T19:21:15.227+0800][2410.737s] GC(851) Survivor regions: 6->12(39)
[2023-04-09T19:21:15.227+0800][2410.737s] GC(851) Old regions: 74->74
[2023-04-09T19:21:15.227+0800][2410.737s] GC(851) Humongous regions: 8->7
[2023-04-09T19:21:15.227+0800][2410.737s] GC(851) Metaspace: 61740K(64880K)->61740K(64880K) NonClass: 54788K(56740K)->54788K(56740K) Class: 6951K(8140K)->6951K(8140K)
[2023-04-09T19:21:15.227+0800][2410.737s] GC(851) Pause Young (Normal) (G1 Evacuation Pause) 387M->91M(512M) 2.183ms
[2023-04-09T19:21:15.227+0800][2410.737s] GC(851) User=0.00s Sys=0.00s Real=0.00s
[2023-04-09T19:21:15.777+0800][2411.286s] GC(852) Pause Young (Normal) (G1 Evacuation Pause)
[2023-04-09T19:21:15.777+0800][2411.286s] GC(852) Using 8 workers of 8 for evacuation
[2023-04-09T19:21:15.779+0800][2411.288s] GC(852)   Pre Evacuate Collection Set: 0.0ms
[2023-04-09T19:21:15.779+0800][2411.288s] GC(852)   Evacuate Collection Set: 1.1ms
[2023-04-09T19:21:15.779+0800][2411.288s] GC(852)   Post Evacuate Collection Set: 0.5ms
[2023-04-09T19:21:15.779+0800][2411.288s] GC(852)   Other: 0.2ms
[2023-04-09T19:21:15.779+0800][2411.288s] GC(852) Eden regions: 295->0(296)
[2023-04-09T19:21:15.779+0800][2411.288s] GC(852) Survivor regions: 12->11(39)
[2023-04-09T19:21:15.779+0800][2411.288s] GC(852) Old regions: 74->74
[2023-04-09T19:21:15.779+0800][2411.288s] GC(852) Humongous regions: 25->13
[2023-04-09T19:21:15.779+0800][2411.288s] GC(852) Metaspace: 61740K(64880K)->61740K(64880K) NonClass: 54788K(56740K)->54788K(56740K) Class: 6951K(8140K)->6951K(8140K)
[2023-04-09T19:21:15.780+0800][2411.288s] GC(852) Pause Young (Normal) (G1 Evacuation Pause) 404M->96M(512M) 2.121ms
[2023-04-09T19:21:15.780+0800][2411.288s] GC(852) User=0.02s Sys=0.00s Real=0.00s
[2023-04-09T19:21:16.273+0800][2411.782s] GC(853) Pause Young (Normal) (G1 Evacuation Pause)
[2023-04-09T19:21:16.273+0800][2411.782s] GC(853) Using 8 workers of 8 for evacuation
[2023-04-09T19:21:16.274+0800][2411.783s] GC(853)   Pre Evacuate Collection Set: 0.0ms
[2023-04-09T19:21:16.274+0800][2411.783s] GC(853)   Evacuate Collection Set: 0.6ms
[2023-04-09T19:21:16.274+0800][2411.783s] GC(853)   Post Evacuate Collection Set: 0.5ms
[2023-04-09T19:21:16.274+0800][2411.783s] GC(853)   Other: 0.2ms
[2023-04-09T19:21:16.274+0800][2411.783s] GC(853) Eden regions: 296->0(303)
[2023-04-09T19:21:16.274+0800][2411.783s] GC(853) Survivor regions: 11->4(39)
[2023-04-09T19:21:16.274+0800][2411.783s] GC(853) Old regions: 74->74
[2023-04-09T19:21:16.274+0800][2411.783s] GC(853) Humongous regions: 14->5
[2023-04-09T19:21:16.274+0800][2411.783s] GC(853) Metaspace: 61740K(64880K)->61740K(64880K) NonClass: 54788K(56740K)->54788K(56740K) Class: 6951K(8140K)->6951K(8140K)
[2023-04-09T19:21:16.274+0800][2411.784s] GC(853) Pause Young (Normal) (G1 Evacuation Pause) 393M->82M(512M) 1.469ms
[2023-04-09T19:21:16.274+0800][2411.784s] GC(853) User=0.00s Sys=0.00s Real=0.00s
[2023-04-09T19:21:16.694+0800][2412.203s] GC(854) Pause Young (Normal) (G1 Evacuation Pause)
[2023-04-09T19:21:16.694+0800][2412.204s] GC(854) Using 8 workers of 8 for evacuation
[2023-04-09T19:21:16.696+0800][2412.205s] GC(854)   Pre Evacuate Collection Set: 0.0ms
[2023-04-09T19:21:16.696+0800][2412.205s] GC(854)   Evacuate Collection Set: 1.0ms
[2023-04-09T19:21:16.696+0800][2412.205s] GC(854)   Post Evacuate Collection Set: 0.5ms
[2023-04-09T19:21:16.696+0800][2412.205s] GC(854)   Other: 0.2ms
[2023-04-09T19:21:16.696+0800][2412.205s] GC(854) Eden regions: 303->0(296)
[2023-04-09T19:21:16.696+0800][2412.205s] GC(854) Survivor regions: 4->11(39)
[2023-04-09T19:21:16.696+0800][2412.205s] GC(854) Old regions: 74->74
[2023-04-09T19:21:16.696+0800][2412.205s] GC(854) Humongous regions: 8->7
[2023-04-09T19:21:16.696+0800][2412.205s] GC(854) Metaspace: 61740K(64880K)->61740K(64880K) NonClass: 54788K(56740K)->54788K(56740K) Class: 6951K(8140K)->6951K(8140K)
[2023-04-09T19:21:16.696+0800][2412.205s] GC(854) Pause Young (Normal) (G1 Evacuation Pause) 388M->90M(512M) 1.889ms
[2023-04-09T19:21:16.696+0800][2412.205s] GC(854) User=0.00s Sys=0.00s Real=0.00s
[2023-04-09T19:21:17.265+0800][2412.774s] GC(855) Pause Young (Normal) (G1 Evacuation Pause)
[2023-04-09T19:21:17.265+0800][2412.774s] GC(855) Using 8 workers of 8 for evacuation
[2023-04-09T19:21:17.267+0800][2412.776s] GC(855)   Pre Evacuate Collection Set: 0.0ms
[2023-04-09T19:21:17.267+0800][2412.776s] GC(855)   Evacuate Collection Set: 1.1ms
[2023-04-09T19:21:17.267+0800][2412.776s] GC(855)   Post Evacuate Collection Set: 0.6ms
[2023-04-09T19:21:17.267+0800][2412.776s] GC(855)   Other: 0.2ms
[2023-04-09T19:21:17.267+0800][2412.776s] GC(855) Eden regions: 296->0(297)
[2023-04-09T19:21:17.267+0800][2412.776s] GC(855) Survivor regions: 11->10(39)
[2023-04-09T19:21:17.267+0800][2412.776s] GC(855) Old regions: 74->74
[2023-04-09T19:21:17.267+0800][2412.776s] GC(855) Humongous regions: 25->13
[2023-04-09T19:21:17.267+0800][2412.776s] GC(855) Metaspace: 61740K(64880K)->61740K(64880K) NonClass: 54788K(56740K)->54788K(56740K) Class: 6951K(8140K)->6951K(8140K)
[2023-04-09T19:21:17.267+0800][2412.776s] GC(855) Pause Young (Normal) (G1 Evacuation Pause) 404M->96M(512M) 2.145ms
[2023-04-09T19:21:17.267+0800][2412.776s] GC(855) User=0.00s Sys=0.00s Real=0.00s
[2023-04-09T19:21:17.738+0800][2413.248s] GC(856) Pause Young (Normal) (G1 Evacuation Pause)
[2023-04-09T19:21:17.738+0800][2413.248s] GC(856) Using 8 workers of 8 for evacuation
[2023-04-09T19:21:17.740+0800][2413.249s] GC(856)   Pre Evacuate Collection Set: 0.0ms
[2023-04-09T19:21:17.740+0800][2413.249s] GC(856)   Evacuate Collection Set: 0.5ms
[2023-04-09T19:21:17.740+0800][2413.249s] GC(856)   Post Evacuate Collection Set: 0.5ms
[2023-04-09T19:21:17.740+0800][2413.249s] GC(856)   Other: 0.3ms
[2023-04-09T19:21:17.740+0800][2413.249s] GC(856) Eden regions: 297->0(304)
[2023-04-09T19:21:17.740+0800][2413.249s] GC(856) Survivor regions: 10->3(39)
[2023-04-09T19:21:17.740+0800][2413.249s] GC(856) Old regions: 74->74
[2023-04-09T19:21:17.740+0800][2413.249s] GC(856) Humongous regions: 13->4
[2023-04-09T19:21:17.740+0800][2413.249s] GC(856) Metaspace: 61740K(64880K)->61740K(64880K) NonClass: 54788K(56740K)->54788K(56740K) Class: 6951K(8140K)->6951K(8140K)
[2023-04-09T19:21:17.740+0800][2413.249s] GC(856) Pause Young (Normal) (G1 Evacuation Pause) 393M->80M(512M) 1.571ms
[2023-04-09T19:21:17.740+0800][2413.249s] GC(856) User=0.00s Sys=0.00s Real=0.00s
[2023-04-09T19:21:18.167+0800][2413.676s] GC(857) Pause Young (Normal) (G1 Evacuation Pause)
[2023-04-09T19:21:18.167+0800][2413.676s] GC(857) Using 8 workers of 8 for evacuation
[2023-04-09T19:21:18.168+0800][2413.677s] GC(857)   Pre Evacuate Collection Set: 0.0ms
[2023-04-09T19:21:18.168+0800][2413.677s] GC(857)   Evacuate Collection Set: 0.9ms
[2023-04-09T19:21:18.168+0800][2413.677s] GC(857)   Post Evacuate Collection Set: 0.7ms
[2023-04-09T19:21:18.169+0800][2413.677s] GC(857)   Other: 0.1ms
[2023-04-09T19:21:18.169+0800][2413.677s] GC(857) Eden regions: 304->0(298)
[2023-04-09T19:21:18.169+0800][2413.677s] GC(857) Survivor regions: 3->9(39)
[2023-04-09T19:21:18.169+0800][2413.677s] GC(857) Old regions: 74->74
[2023-04-09T19:21:18.169+0800][2413.677s] GC(857) Humongous regions: 7->6
[2023-04-09T19:21:18.169+0800][2413.678s] GC(857) Metaspace: 61740K(64880K)->61740K(64880K) NonClass: 54788K(56740K)->54788K(56740K) Class: 6951K(8140K)->6951K(8140K)
[2023-04-09T19:21:18.169+0800][2413.678s] GC(857) Pause Young (Normal) (G1 Evacuation Pause) 387M->87M(512M) 2.046ms
[2023-04-09T19:21:18.169+0800][2413.678s] GC(857) User=0.11s Sys=0.02s Real=0.00s
[2023-04-09T19:21:18.621+0800][2414.130s] GC(858) Pause Young (Normal) (G1 Evacuation Pause)
[2023-04-09T19:21:18.621+0800][2414.130s] GC(858) Using 8 workers of 8 for evacuation
[2023-04-09T19:21:18.623+0800][2414.131s] GC(858)   Pre Evacuate Collection Set: 0.0ms
[2023-04-09T19:21:18.623+0800][2414.132s] GC(858)   Evacuate Collection Set: 1.2ms
[2023-04-09T19:21:18.623+0800][2414.132s] GC(858)   Post Evacuate Collection Set: 0.6ms
[2023-04-09T19:21:18.623+0800][2414.132s] GC(858)   Other: 0.2ms
[2023-04-09T19:21:18.623+0800][2414.132s] GC(858) Eden regions: 298->0(296)
[2023-04-09T19:21:18.623+0800][2414.132s] GC(858) Survivor regions: 9->11(39)
[2023-04-09T19:21:18.623+0800][2414.132s] GC(858) Old regions: 74->74
[2023-04-09T19:21:18.623+0800][2414.132s] GC(858) Humongous regions: 20->13
[2023-04-09T19:21:18.623+0800][2414.132s] GC(858) Metaspace: 61740K(64880K)->61740K(64880K) NonClass: 54788K(56740K)->54788K(56740K) Class: 6951K(8140K)->6951K(8140K)
[2023-04-09T19:21:18.623+0800][2414.132s] GC(858) Pause Young (Normal) (G1 Evacuation Pause) 399M->97M(512M) 2.135ms
[2023-04-09T19:21:18.623+0800][2414.132s] GC(858) User=0.00s Sys=0.00s Real=0.00s
[2023-04-09T19:21:19.215+0800][2414.724s] GC(859) Pause Young (Normal) (G1 Evacuation Pause)
[2023-04-09T19:21:19.215+0800][2414.724s] GC(859) Using 8 workers of 8 for evacuation
[2023-04-09T19:21:19.216+0800][2414.725s] GC(859)   Pre Evacuate Collection Set: 0.0ms
[2023-04-09T19:21:19.216+0800][2414.725s] GC(859)   Evacuate Collection Set: 0.3ms
[2023-04-09T19:21:19.216+0800][2414.725s] GC(859)   Post Evacuate Collection Set: 0.6ms
[2023-04-09T19:21:19.216+0800][2414.725s] GC(859)   Other: 0.2ms
[2023-04-09T19:21:19.216+0800][2414.725s] GC(859) Eden regions: 296->0(305)
[2023-04-09T19:21:19.216+0800][2414.725s] GC(859) Survivor regions: 11->2(39)
[2023-04-09T19:21:19.216+0800][2414.725s] GC(859) Old regions: 74->74
[2023-04-09T19:21:19.216+0800][2414.725s] GC(859) Humongous regions: 18->4
[2023-04-09T19:21:19.217+0800][2414.725s] GC(859) Metaspace: 61740K(64880K)->61740K(64880K) NonClass: 54788K(56740K)->54788K(56740K) Class: 6951K(8140K)->6951K(8140K)
[2023-04-09T19:21:19.217+0800][2414.725s] GC(859) Pause Young (Normal) (G1 Evacuation Pause) 398M->78M(512M) 1.345ms
[2023-04-09T19:21:19.217+0800][2414.725s] GC(859) User=0.00s Sys=0.00s Real=0.00s
[2023-04-09T19:21:19.693+0800][2415.202s] GC(860) Pause Young (Normal) (G1 Evacuation Pause)
[2023-04-09T19:21:19.693+0800][2415.202s] GC(860) Using 8 workers of 8 for evacuation
[2023-04-09T19:21:19.694+0800][2415.203s] GC(860)   Pre Evacuate Collection Set: 0.0ms
[2023-04-09T19:21:19.694+0800][2415.203s] GC(860)   Evacuate Collection Set: 0.8ms
[2023-04-09T19:21:19.694+0800][2415.203s] GC(860)   Post Evacuate Collection Set: 0.4ms
[2023-04-09T19:21:19.694+0800][2415.203s] GC(860)   Other: 0.1ms
[2023-04-09T19:21:19.694+0800][2415.203s] GC(860) Eden regions: 305->0(299)
[2023-04-09T19:21:19.694+0800][2415.203s] GC(860) Survivor regions: 2->8(39)
[2023-04-09T19:21:19.694+0800][2415.203s] GC(860) Old regions: 74->74
[2023-04-09T19:21:19.694+0800][2415.203s] GC(860) Humongous regions: 7->6
[2023-04-09T19:21:19.694+0800][2415.203s] GC(860) Metaspace: 61740K(64880K)->61740K(64880K) NonClass: 54788K(56740K)->54788K(56740K) Class: 6951K(8140K)->6951K(8140K)
[2023-04-09T19:21:19.695+0800][2415.203s] GC(860) Pause Young (Normal) (G1 Evacuation Pause) 386M->86M(512M) 1.571ms
[2023-04-09T19:21:19.695+0800][2415.203s] GC(860) User=0.00s Sys=0.00s Real=0.00s
[2023-04-09T19:21:20.204+0800][2415.712s] GC(861) Pause Young (Normal) (G1 Evacuation Pause)
[2023-04-09T19:21:20.204+0800][2415.712s] GC(861) Using 8 workers of 8 for evacuation
[2023-04-09T19:21:20.205+0800][2415.714s] GC(861)   Pre Evacuate Collection Set: 0.0ms
[2023-04-09T19:21:20.206+0800][2415.714s] GC(861)   Evacuate Collection Set: 1.1ms
[2023-04-09T19:21:20.206+0800][2415.714s] GC(861)   Post Evacuate Collection Set: 0.6ms
[2023-04-09T19:21:20.206+0800][2415.714s] GC(861)   Other: 0.2ms
[2023-04-09T19:21:20.206+0800][2415.714s] GC(861) Eden regions: 299->0(297)
[2023-04-09T19:21:20.206+0800][2415.714s] GC(861) Survivor regions: 8->10(39)
[2023-04-09T19:21:20.206+0800][2415.714s] GC(861) Old regions: 74->74
[2023-04-09T19:21:20.206+0800][2415.714s] GC(861) Humongous regions: 15->13
[2023-04-09T19:21:20.206+0800][2415.714s] GC(861) Metaspace: 61740K(64880K)->61740K(64880K) NonClass: 54788K(56740K)->54788K(56740K) Class: 6951K(8140K)->6951K(8140K)
[2023-04-09T19:21:20.206+0800][2415.714s] GC(861) Pause Young (Normal) (G1 Evacuation Pause) 394M->95M(512M) 2.090ms
[2023-04-09T19:21:20.206+0800][2415.714s] GC(861) User=0.00s Sys=0.00s Real=0.00s
[2023-04-09T19:21:20.702+0800][2416.211s] GC(862) Pause Young (Normal) (G1 Evacuation Pause)
[2023-04-09T19:21:20.702+0800][2416.211s] GC(862) Using 8 workers of 8 for evacuation
[2023-04-09T19:21:20.704+0800][2416.213s] GC(862)   Pre Evacuate Collection Set: 0.0ms
[2023-04-09T19:21:20.704+0800][2416.213s] GC(862)   Evacuate Collection Set: 1.0ms
[2023-04-09T19:21:20.704+0800][2416.213s] GC(862)   Post Evacuate Collection Set: 0.6ms
[2023-04-09T19:21:20.704+0800][2416.213s] GC(862)   Other: 0.2ms
[2023-04-09T19:21:20.704+0800][2416.213s] GC(862) Eden regions: 297->0(296)
[2023-04-09T19:21:20.704+0800][2416.213s] GC(862) Survivor regions: 10->11(39)
[2023-04-09T19:21:20.704+0800][2416.213s] GC(862) Old regions: 74->74
[2023-04-09T19:21:20.704+0800][2416.213s] GC(862) Humongous regions: 23->13
[2023-04-09T19:21:20.704+0800][2416.213s] GC(862) Metaspace: 61741K(64880K)->61741K(64880K) NonClass: 54789K(56740K)->54789K(56740K) Class: 6951K(8140K)->6951K(8140K)
[2023-04-09T19:21:20.704+0800][2416.213s] GC(862) Pause Young (Normal) (G1 Evacuation Pause) 402M->96M(512M) 2.181ms
[2023-04-09T19:21:20.704+0800][2416.213s] GC(862) User=0.00s Sys=0.00s Real=0.00s
[2023-04-09T19:21:21.221+0800][2416.730s] GC(863) Pause Young (Normal) (G1 Evacuation Pause)
[2023-04-09T19:21:21.221+0800][2416.730s] GC(863) Using 8 workers of 8 for evacuation
[2023-04-09T19:21:21.223+0800][2416.731s] GC(863)   Pre Evacuate Collection Set: 0.0ms
[2023-04-09T19:21:21.223+0800][2416.731s] GC(863)   Evacuate Collection Set: 0.7ms
[2023-04-09T19:21:21.223+0800][2416.731s] GC(863)   Post Evacuate Collection Set: 0.7ms
[2023-04-09T19:21:21.223+0800][2416.731s] GC(863)   Other: 0.2ms
[2023-04-09T19:21:21.223+0800][2416.731s] GC(863) Eden regions: 296->0(301)
[2023-04-09T19:21:21.223+0800][2416.731s] GC(863) Survivor regions: 11->6(39)
[2023-04-09T19:21:21.223+0800][2416.731s] GC(863) Old regions: 74->74
[2023-04-09T19:21:21.223+0800][2416.731s] GC(863) Humongous regions: 14->5
[2023-04-09T19:21:21.223+0800][2416.731s] GC(863) Metaspace: 61748K(64880K)->61748K(64880K) NonClass: 54796K(56740K)->54796K(56740K) Class: 6951K(8140K)->6951K(8140K)
[2023-04-09T19:21:21.223+0800][2416.731s] GC(863) Pause Young (Normal) (G1 Evacuation Pause) 393M->83M(512M) 1.729ms
[2023-04-09T19:21:21.223+0800][2416.731s] GC(863) User=0.00s Sys=0.00s Real=0.00s
[2023-04-09T19:21:21.649+0800][2417.158s] GC(864) Pause Young (Normal) (G1 Evacuation Pause)
[2023-04-09T19:21:21.649+0800][2417.158s] GC(864) Using 8 workers of 8 for evacuation
[2023-04-09T19:21:21.650+0800][2417.160s] GC(864)   Pre Evacuate Collection Set: 0.0ms
[2023-04-09T19:21:21.650+0800][2417.160s] GC(864)   Evacuate Collection Set: 1.2ms
[2023-04-09T19:21:21.650+0800][2417.160s] GC(864)   Post Evacuate Collection Set: 0.5ms
[2023-04-09T19:21:21.650+0800][2417.160s] GC(864)   Other: 0.2ms
[2023-04-09T19:21:21.650+0800][2417.160s] GC(864) Eden regions: 301->0(296)
[2023-04-09T19:21:21.650+0800][2417.160s] GC(864) Survivor regions: 6->11(39)
[2023-04-09T19:21:21.650+0800][2417.160s] GC(864) Old regions: 74->74
[2023-04-09T19:21:21.650+0800][2417.160s] GC(864) Humongous regions: 8->7
[2023-04-09T19:21:21.650+0800][2417.160s] GC(864) Metaspace: 61748K(64880K)->61748K(64880K) NonClass: 54796K(56740K)->54796K(56740K) Class: 6951K(8140K)->6951K(8140K)
[2023-04-09T19:21:21.650+0800][2417.160s] GC(864) Pause Young (Normal) (G1 Evacuation Pause) 387M->91M(512M) 2.058ms
[2023-04-09T19:21:21.650+0800][2417.160s] GC(864) User=0.00s Sys=0.00s Real=0.00s
[2023-04-09T19:21:22.381+0800][2417.890s] GC(865) Pause Young (Normal) (G1 Evacuation Pause)
[2023-04-09T19:21:22.381+0800][2417.890s] GC(865) Using 8 workers of 8 for evacuation
[2023-04-09T19:21:22.383+0800][2417.892s] GC(865)   Pre Evacuate Collection Set: 0.0ms
[2023-04-09T19:21:22.383+0800][2417.892s] GC(865)   Evacuate Collection Set: 1.2ms
[2023-04-09T19:21:22.383+0800][2417.892s] GC(865)   Post Evacuate Collection Set: 0.7ms
[2023-04-09T19:21:22.383+0800][2417.892s] GC(865)   Other: 0.2ms
[2023-04-09T19:21:22.383+0800][2417.892s] GC(865) Eden regions: 296->0(296)
[2023-04-09T19:21:22.383+0800][2417.892s] GC(865) Survivor regions: 11->11(39)
[2023-04-09T19:21:22.383+0800][2417.892s] GC(865) Old regions: 74->74
[2023-04-09T19:21:22.383+0800][2417.892s] GC(865) Humongous regions: 25->13
[2023-04-09T19:21:22.383+0800][2417.892s] GC(865) Metaspace: 61748K(64880K)->61748K(64880K) NonClass: 54796K(56740K)->54796K(56740K) Class: 6951K(8140K)->6951K(8140K)
[2023-04-09T19:21:22.383+0800][2417.892s] GC(865) Pause Young (Normal) (G1 Evacuation Pause) 405M->96M(512M) 2.288ms
[2023-04-09T19:21:22.383+0800][2417.892s] GC(865) User=0.00s Sys=0.00s Real=0.00s
[2023-04-09T19:21:22.862+0800][2418.371s] GC(866) Pause Young (Normal) (G1 Evacuation Pause)
[2023-04-09T19:21:22.862+0800][2418.371s] GC(866) Using 8 workers of 8 for evacuation
[2023-04-09T19:21:22.864+0800][2418.372s] GC(866)   Pre Evacuate Collection Set: 0.0ms
[2023-04-09T19:21:22.864+0800][2418.372s] GC(866)   Evacuate Collection Set: 0.5ms
[2023-04-09T19:21:22.864+0800][2418.372s] GC(866)   Post Evacuate Collection Set: 0.6ms
[2023-04-09T19:21:22.864+0800][2418.372s] GC(866)   Other: 0.2ms
[2023-04-09T19:21:22.864+0800][2418.372s] GC(866) Eden regions: 296->0(303)
[2023-04-09T19:21:22.864+0800][2418.372s] GC(866) Survivor regions: 11->4(39)
[2023-04-09T19:21:22.864+0800][2418.372s] GC(866) Old regions: 74->74
[2023-04-09T19:21:22.864+0800][2418.372s] GC(866) Humongous regions: 14->5
[2023-04-09T19:21:22.864+0800][2418.372s] GC(866) Metaspace: 61749K(64880K)->61749K(64880K) NonClass: 54797K(56740K)->54797K(56740K) Class: 6951K(8140K)->6951K(8140K)
[2023-04-09T19:21:22.864+0800][2418.372s] GC(866) Pause Young (Normal) (G1 Evacuation Pause) 393M->82M(512M) 1.447ms
[2023-04-09T19:21:22.864+0800][2418.372s] GC(866) User=0.00s Sys=0.00s Real=0.00s
[2023-04-09T19:21:23.293+0800][2418.802s] GC(867) Pause Young (Normal) (G1 Evacuation Pause)
[2023-04-09T19:21:23.293+0800][2418.802s] GC(867) Using 8 workers of 8 for evacuation
[2023-04-09T19:21:23.295+0800][2418.804s] GC(867)   Pre Evacuate Collection Set: 0.0ms
[2023-04-09T19:21:23.295+0800][2418.804s] GC(867)   Evacuate Collection Set: 1.2ms
[2023-04-09T19:21:23.295+0800][2418.804s] GC(867)   Post Evacuate Collection Set: 0.7ms
[2023-04-09T19:21:23.295+0800][2418.804s] GC(867)   Other: 0.2ms
[2023-04-09T19:21:23.295+0800][2418.804s] GC(867) Eden regions: 303->0(295)
[2023-04-09T19:21:23.295+0800][2418.804s] GC(867) Survivor regions: 4->12(39)
[2023-04-09T19:21:23.295+0800][2418.804s] GC(867) Old regions: 74->74
[2023-04-09T19:21:23.295+0800][2418.804s] GC(867) Humongous regions: 8->7
[2023-04-09T19:21:23.295+0800][2418.804s] GC(867) Metaspace: 61749K(64880K)->61749K(64880K) NonClass: 54797K(56740K)->54797K(56740K) Class: 6951K(8140K)->6951K(8140K)
[2023-04-09T19:21:23.295+0800][2418.804s] GC(867) Pause Young (Normal) (G1 Evacuation Pause) 388M->92M(512M) 2.193ms
[2023-04-09T19:21:23.295+0800][2418.804s] GC(867) User=0.00s Sys=0.00s Real=0.00s
[2023-04-09T19:21:23.859+0800][2419.368s] GC(868) Pause Young (Normal) (G1 Evacuation Pause)
[2023-04-09T19:21:23.859+0800][2419.368s] GC(868) Using 8 workers of 8 for evacuation
[2023-04-09T19:21:23.861+0800][2419.370s] GC(868)   Pre Evacuate Collection Set: 0.0ms
[2023-04-09T19:21:23.861+0800][2419.370s] GC(868)   Evacuate Collection Set: 1.2ms
[2023-04-09T19:21:23.861+0800][2419.370s] GC(868)   Post Evacuate Collection Set: 0.5ms
[2023-04-09T19:21:23.861+0800][2419.370s] GC(868)   Other: 0.2ms
[2023-04-09T19:21:23.861+0800][2419.370s] GC(868) Eden regions: 295->0(297)
[2023-04-09T19:21:23.861+0800][2419.370s] GC(868) Survivor regions: 12->10(39)
[2023-04-09T19:21:23.861+0800][2419.370s] GC(868) Old regions: 74->74
[2023-04-09T19:21:23.861+0800][2419.370s] GC(868) Humongous regions: 25->13
[2023-04-09T19:21:23.861+0800][2419.370s] GC(868) Metaspace: 61749K(64880K)->61749K(64880K) NonClass: 54797K(56740K)->54797K(56740K) Class: 6951K(8140K)->6951K(8140K)
[2023-04-09T19:21:23.861+0800][2419.370s] GC(868) Pause Young (Normal) (G1 Evacuation Pause) 405M->96M(512M) 2.099ms
[2023-04-09T19:21:23.861+0800][2419.370s] GC(868) User=0.00s Sys=0.00s Real=0.00s
[2023-04-09T19:21:24.317+0800][2419.826s] GC(869) Pause Young (Normal) (G1 Evacuation Pause)
[2023-04-09T19:21:24.317+0800][2419.826s] GC(869) Using 8 workers of 8 for evacuation
[2023-04-09T19:21:24.318+0800][2419.827s] GC(869)   Pre Evacuate Collection Set: 0.0ms
[2023-04-09T19:21:24.318+0800][2419.827s] GC(869)   Evacuate Collection Set: 0.5ms
[2023-04-09T19:21:24.318+0800][2419.827s] GC(869)   Post Evacuate Collection Set: 0.6ms
[2023-04-09T19:21:24.318+0800][2419.827s] GC(869)   Other: 0.2ms
[2023-04-09T19:21:24.318+0800][2419.827s] GC(869) Eden regions: 297->0(304)
[2023-04-09T19:21:24.318+0800][2419.827s] GC(869) Survivor regions: 10->3(39)
[2023-04-09T19:21:24.318+0800][2419.827s] GC(869) Old regions: 74->74
[2023-04-09T19:21:24.318+0800][2419.827s] GC(869) Humongous regions: 13->4
[2023-04-09T19:21:24.318+0800][2419.827s] GC(869) Metaspace: 61749K(64880K)->61749K(64880K) NonClass: 54797K(56740K)->54797K(56740K) Class: 6951K(8140K)->6951K(8140K)
[2023-04-09T19:21:24.318+0800][2419.827s] GC(869) Pause Young (Normal) (G1 Evacuation Pause) 393M->80M(512M) 1.430ms
[2023-04-09T19:21:24.318+0800][2419.827s] GC(869) User=0.00s Sys=0.00s Real=0.00s
[2023-04-09T19:21:24.781+0800][2420.289s] GC(870) Pause Young (Normal) (G1 Evacuation Pause)
[2023-04-09T19:21:24.781+0800][2420.289s] GC(870) Using 8 workers of 8 for evacuation
[2023-04-09T19:21:24.783+0800][2420.291s] GC(870)   Pre Evacuate Collection Set: 0.0ms
[2023-04-09T19:21:24.783+0800][2420.291s] GC(870)   Evacuate Collection Set: 0.9ms
[2023-04-09T19:21:24.783+0800][2420.291s] GC(870)   Post Evacuate Collection Set: 0.7ms
[2023-04-09T19:21:24.783+0800][2420.291s] GC(870)   Other: 0.2ms
[2023-04-09T19:21:24.783+0800][2420.291s] GC(870) Eden regions: 304->0(298)
[2023-04-09T19:21:24.783+0800][2420.291s] GC(870) Survivor regions: 3->9(39)
[2023-04-09T19:21:24.783+0800][2420.291s] GC(870) Old regions: 74->74
[2023-04-09T19:21:24.783+0800][2420.291s] GC(870) Humongous regions: 7->6
[2023-04-09T19:21:24.783+0800][2420.291s] GC(870) Metaspace: 61749K(64880K)->61749K(64880K) NonClass: 54797K(56740K)->54797K(56740K) Class: 6951K(8140K)->6951K(8140K)
[2023-04-09T19:21:24.783+0800][2420.291s] GC(870) Pause Young (Normal) (G1 Evacuation Pause) 387M->87M(512M) 1.918ms
[2023-04-09T19:21:24.783+0800][2420.291s] GC(870) User=0.00s Sys=0.00s Real=0.00s
[2023-04-09T19:21:25.231+0800][2420.740s] GC(871) Pause Young (Normal) (G1 Evacuation Pause)
[2023-04-09T19:21:25.231+0800][2420.740s] GC(871) Using 8 workers of 8 for evacuation
[2023-04-09T19:21:25.233+0800][2420.742s] GC(871)   Pre Evacuate Collection Set: 0.0ms
[2023-04-09T19:21:25.233+0800][2420.742s] GC(871)   Evacuate Collection Set: 1.1ms
[2023-04-09T19:21:25.233+0800][2420.742s] GC(871)   Post Evacuate Collection Set: 0.7ms
[2023-04-09T19:21:25.233+0800][2420.742s] GC(871)   Other: 0.2ms
[2023-04-09T19:21:25.233+0800][2420.742s] GC(871) Eden regions: 298->0(296)
[2023-04-09T19:21:25.233+0800][2420.742s] GC(871) Survivor regions: 9->11(39)
[2023-04-09T19:21:25.233+0800][2420.742s] GC(871) Old regions: 74->74
[2023-04-09T19:21:25.233+0800][2420.742s] GC(871) Humongous regions: 20->13
[2023-04-09T19:21:25.233+0800][2420.742s] GC(871) Metaspace: 61749K(64880K)->61749K(64880K) NonClass: 54797K(56740K)->54797K(56740K) Class: 6951K(8140K)->6951K(8140K)
[2023-04-09T19:21:25.233+0800][2420.742s] GC(871) Pause Young (Normal) (G1 Evacuation Pause) 399M->96M(512M) 2.228ms
[2023-04-09T19:21:25.233+0800][2420.742s] GC(871) User=0.00s Sys=0.00s Real=0.00s
[2023-04-09T19:21:25.834+0800][2421.343s] GC(872) Pause Young (Normal) (G1 Evacuation Pause)
[2023-04-09T19:21:25.835+0800][2421.344s] GC(872) Using 8 workers of 8 for evacuation
[2023-04-09T19:21:25.836+0800][2421.345s] GC(872)   Pre Evacuate Collection Set: 0.0ms
[2023-04-09T19:21:25.836+0800][2421.345s] GC(872)   Evacuate Collection Set: 0.3ms
[2023-04-09T19:21:25.836+0800][2421.345s] GC(872)   Post Evacuate Collection Set: 0.6ms
[2023-04-09T19:21:25.836+0800][2421.345s] GC(872)   Other: 0.1ms
[2023-04-09T19:21:25.836+0800][2421.345s] GC(872) Eden regions: 296->0(305)
[2023-04-09T19:21:25.836+0800][2421.345s] GC(872) Survivor regions: 11->2(39)
[2023-04-09T19:21:25.836+0800][2421.345s] GC(872) Old regions: 74->74
[2023-04-09T19:21:25.836+0800][2421.345s] GC(872) Humongous regions: 18->4
[2023-04-09T19:21:25.836+0800][2421.345s] GC(872) Metaspace: 61749K(64880K)->61749K(64880K) NonClass: 54797K(56740K)->54797K(56740K) Class: 6951K(8140K)->6951K(8140K)
[2023-04-09T19:21:25.836+0800][2421.345s] GC(872) Pause Young (Normal) (G1 Evacuation Pause) 397M->78M(512M) 1.502ms
[2023-04-09T19:21:25.836+0800][2421.345s] GC(872) User=0.00s Sys=0.00s Real=0.00s
[2023-04-09T19:21:26.277+0800][2421.785s] GC(873) Pause Young (Normal) (G1 Evacuation Pause)
[2023-04-09T19:21:26.277+0800][2421.785s] GC(873) Using 8 workers of 8 for evacuation
[2023-04-09T19:21:26.278+0800][2421.787s] GC(873)   Pre Evacuate Collection Set: 0.0ms
[2023-04-09T19:21:26.278+0800][2421.787s] GC(873)   Evacuate Collection Set: 0.9ms
[2023-04-09T19:21:26.278+0800][2421.787s] GC(873)   Post Evacuate Collection Set: 0.4ms
[2023-04-09T19:21:26.278+0800][2421.787s] GC(873)   Other: 0.2ms
[2023-04-09T19:21:26.278+0800][2421.787s] GC(873) Eden regions: 305->0(299)
[2023-04-09T19:21:26.278+0800][2421.787s] GC(873) Survivor regions: 2->8(39)
[2023-04-09T19:21:26.278+0800][2421.787s] GC(873) Old regions: 74->74
[2023-04-09T19:21:26.278+0800][2421.787s] GC(873) Humongous regions: 7->6
[2023-04-09T19:21:26.278+0800][2421.787s] GC(873) Metaspace: 61749K(64880K)->61749K(64880K) NonClass: 54797K(56740K)->54797K(56740K) Class: 6951K(8140K)->6951K(8140K)
[2023-04-09T19:21:26.279+0800][2421.787s] GC(873) Pause Young (Normal) (G1 Evacuation Pause) 386M->86M(512M) 1.758ms
[2023-04-09T19:21:26.279+0800][2421.787s] GC(873) User=0.00s Sys=0.00s Real=0.00s
[2023-04-09T19:21:26.715+0800][2422.224s] GC(874) Pause Young (Normal) (G1 Evacuation Pause)
[2023-04-09T19:21:26.715+0800][2422.224s] GC(874) Using 8 workers of 8 for evacuation
[2023-04-09T19:21:26.717+0800][2422.226s] GC(874)   Pre Evacuate Collection Set: 0.0ms
[2023-04-09T19:21:26.717+0800][2422.226s] GC(874)   Evacuate Collection Set: 1.0ms
[2023-04-09T19:21:26.717+0800][2422.226s] GC(874)   Post Evacuate Collection Set: 0.6ms
[2023-04-09T19:21:26.717+0800][2422.226s] GC(874)   Other: 0.2ms
[2023-04-09T19:21:26.717+0800][2422.226s] GC(874) Eden regions: 299->0(297)
[2023-04-09T19:21:26.717+0800][2422.226s] GC(874) Survivor regions: 8->10(39)
[2023-04-09T19:21:26.717+0800][2422.226s] GC(874) Old regions: 74->74
[2023-04-09T19:21:26.717+0800][2422.226s] GC(874) Humongous regions: 20->13
[2023-04-09T19:21:26.717+0800][2422.226s] GC(874) Metaspace: 61749K(64880K)->61749K(64880K) NonClass: 54797K(56740K)->54797K(56740K) Class: 6951K(8140K)->6951K(8140K)
[2023-04-09T19:21:26.718+0800][2422.226s] GC(874) Pause Young (Normal) (G1 Evacuation Pause) 399M->95M(512M) 2.045ms
[2023-04-09T19:21:26.718+0800][2422.226s] GC(874) User=0.00s Sys=0.00s Real=0.00s
[2023-04-09T19:21:27.217+0800][2422.726s] GC(875) Pause Young (Normal) (G1 Evacuation Pause)
[2023-04-09T19:21:27.217+0800][2422.726s] GC(875) Using 8 workers of 8 for evacuation
[2023-04-09T19:21:27.219+0800][2422.728s] GC(875)   Pre Evacuate Collection Set: 0.0ms
[2023-04-09T19:21:27.219+0800][2422.728s] GC(875)   Evacuate Collection Set: 1.1ms
[2023-04-09T19:21:27.219+0800][2422.728s] GC(875)   Post Evacuate Collection Set: 0.6ms
[2023-04-09T19:21:27.219+0800][2422.728s] GC(875)   Other: 0.2ms
[2023-04-09T19:21:27.219+0800][2422.728s] GC(875) Eden regions: 297->0(296)
[2023-04-09T19:21:27.219+0800][2422.728s] GC(875) Survivor regions: 10->11(39)
[2023-04-09T19:21:27.219+0800][2422.728s] GC(875) Old regions: 74->74
[2023-04-09T19:21:27.219+0800][2422.728s] GC(875) Humongous regions: 18->13
[2023-04-09T19:21:27.219+0800][2422.728s] GC(875) Metaspace: 61749K(64880K)->61749K(64880K) NonClass: 54797K(56740K)->54797K(56740K) Class: 6951K(8140K)->6951K(8140K)
[2023-04-09T19:21:27.219+0800][2422.728s] GC(875) Pause Young (Normal) (G1 Evacuation Pause) 397M->96M(512M) 2.220ms
[2023-04-09T19:21:27.219+0800][2422.728s] GC(875) User=0.00s Sys=0.00s Real=0.00s
[2023-04-09T19:21:27.565+0800][2423.073s] GC(876) Pause Young (Normal) (G1 Evacuation Pause)
[2023-04-09T19:21:27.565+0800][2423.074s] GC(876) Using 8 workers of 8 for evacuation
[2023-04-09T19:21:27.566+0800][2423.075s] GC(876)   Pre Evacuate Collection Set: 0.0ms
[2023-04-09T19:21:27.566+0800][2423.075s] GC(876)   Evacuate Collection Set: 0.7ms
[2023-04-09T19:21:27.566+0800][2423.075s] GC(876)   Post Evacuate Collection Set: 0.5ms
[2023-04-09T19:21:27.566+0800][2423.075s] GC(876)   Other: 0.1ms
[2023-04-09T19:21:27.566+0800][2423.075s] GC(876) Eden regions: 296->0(302)
[2023-04-09T19:21:27.566+0800][2423.075s] GC(876) Survivor regions: 11->5(39)
[2023-04-09T19:21:27.566+0800][2423.075s] GC(876) Old regions: 74->74
[2023-04-09T19:21:27.566+0800][2423.075s] GC(876) Humongous regions: 13->4
[2023-04-09T19:21:27.566+0800][2423.075s] GC(876) Metaspace: 61750K(64880K)->61750K(64880K) NonClass: 54798K(56740K)->54798K(56740K) Class: 6951K(8140K)->6951K(8140K)
[2023-04-09T19:21:27.566+0800][2423.075s] GC(876) Pause Young (Normal) (G1 Evacuation Pause) 392M->81M(512M) 1.504ms
[2023-04-09T19:21:27.566+0800][2423.075s] GC(876) User=0.00s Sys=0.00s Real=0.00s
[2023-04-09T19:21:27.793+0800][2423.302s] GC(877) Pause Young (Normal) (G1 Evacuation Pause)
[2023-04-09T19:21:27.793+0800][2423.302s] GC(877) Using 8 workers of 8 for evacuation
[2023-04-09T19:21:27.795+0800][2423.304s] GC(877)   Pre Evacuate Collection Set: 0.0ms
[2023-04-09T19:21:27.795+0800][2423.304s] GC(877)   Evacuate Collection Set: 0.9ms
[2023-04-09T19:21:27.795+0800][2423.304s] GC(877)   Post Evacuate Collection Set: 0.5ms
[2023-04-09T19:21:27.795+0800][2423.304s] GC(877)   Other: 0.2ms
[2023-04-09T19:21:27.795+0800][2423.304s] GC(877) Eden regions: 302->0(299)
[2023-04-09T19:21:27.795+0800][2423.304s] GC(877) Survivor regions: 5->8(39)
[2023-04-09T19:21:27.795+0800][2423.304s] GC(877) Old regions: 74->74
[2023-04-09T19:21:27.795+0800][2423.304s] GC(877) Humongous regions: 5->5
[2023-04-09T19:21:27.795+0800][2423.304s] GC(877) Metaspace: 61750K(64880K)->61750K(64880K) NonClass: 54798K(56740K)->54798K(56740K) Class: 6951K(8140K)->6951K(8140K)
[2023-04-09T19:21:27.795+0800][2423.304s] GC(877) Pause Young (Normal) (G1 Evacuation Pause) 384M->85M(512M) 1.740ms
[2023-04-09T19:21:27.795+0800][2423.304s] GC(877) User=0.00s Sys=0.00s Real=0.00s
[2023-04-09T19:21:27.992+0800][2423.500s] GC(878) Pause Young (Normal) (G1 Evacuation Pause)
[2023-04-09T19:21:27.992+0800][2423.501s] GC(878) Using 8 workers of 8 for evacuation
[2023-04-09T19:21:27.993+0800][2423.502s] GC(878)   Pre Evacuate Collection Set: 0.0ms
[2023-04-09T19:21:27.993+0800][2423.502s] GC(878)   Evacuate Collection Set: 1.0ms
[2023-04-09T19:21:27.993+0800][2423.502s] GC(878)   Post Evacuate Collection Set: 0.4ms
[2023-04-09T19:21:27.994+0800][2423.502s] GC(878)   Other: 0.2ms
[2023-04-09T19:21:27.994+0800][2423.502s] GC(878) Eden regions: 299->0(297)
[2023-04-09T19:21:27.994+0800][2423.502s] GC(878) Survivor regions: 8->10(39)
[2023-04-09T19:21:27.994+0800][2423.502s] GC(878) Old regions: 74->74
[2023-04-09T19:21:27.994+0800][2423.502s] GC(878) Humongous regions: 7->6
[2023-04-09T19:21:27.994+0800][2423.502s] GC(878) Metaspace: 61750K(64880K)->61750K(64880K) NonClass: 54798K(56740K)->54798K(56740K) Class: 6951K(8140K)->6951K(8140K)
[2023-04-09T19:21:27.994+0800][2423.502s] GC(878) Pause Young (Normal) (G1 Evacuation Pause) 386M->88M(512M) 1.810ms
[2023-04-09T19:21:27.994+0800][2423.502s] GC(878) User=0.00s Sys=0.00s Real=0.00s
[2023-04-09T19:21:28.215+0800][2423.724s] GC(879) Pause Young (Normal) (G1 Evacuation Pause)
[2023-04-09T19:21:28.215+0800][2423.724s] GC(879) Using 8 workers of 8 for evacuation
[2023-04-09T19:21:28.217+0800][2423.726s] GC(879)   Pre Evacuate Collection Set: 0.0ms
[2023-04-09T19:21:28.217+0800][2423.726s] GC(879)   Evacuate Collection Set: 1.3ms
[2023-04-09T19:21:28.217+0800][2423.726s] GC(879)   Post Evacuate Collection Set: 0.6ms
[2023-04-09T19:21:28.217+0800][2423.726s] GC(879)   Other: 0.2ms
[2023-04-09T19:21:28.217+0800][2423.726s] GC(879) Eden regions: 297->0(295)
[2023-04-09T19:21:28.217+0800][2423.726s] GC(879) Survivor regions: 10->12(39)
[2023-04-09T19:21:28.217+0800][2423.726s] GC(879) Old regions: 74->74
[2023-04-09T19:21:28.217+0800][2423.726s] GC(879) Humongous regions: 7->7
[2023-04-09T19:21:28.217+0800][2423.726s] GC(879) Metaspace: 61750K(64880K)->61750K(64880K) NonClass: 54798K(56740K)->54798K(56740K) Class: 6951K(8140K)->6951K(8140K)
[2023-04-09T19:21:28.217+0800][2423.726s] GC(879) Pause Young (Normal) (G1 Evacuation Pause) 386M->91M(512M) 2.364ms
[2023-04-09T19:21:28.217+0800][2423.726s] GC(879) User=0.00s Sys=0.00s Real=0.00s
[2023-04-09T19:21:28.481+0800][2423.990s] GC(880) Pause Young (Normal) (G1 Evacuation Pause)
[2023-04-09T19:21:28.481+0800][2423.990s] GC(880) Using 8 workers of 8 for evacuation
[2023-04-09T19:21:28.483+0800][2423.992s] GC(880)   Pre Evacuate Collection Set: 0.0ms
[2023-04-09T19:21:28.483+0800][2423.992s] GC(880)   Evacuate Collection Set: 1.4ms
[2023-04-09T19:21:28.483+0800][2423.992s] GC(880)   Post Evacuate Collection Set: 0.7ms
[2023-04-09T19:21:28.483+0800][2423.992s] GC(880)   Other: 0.2ms
[2023-04-09T19:21:28.483+0800][2423.992s] GC(880) Eden regions: 295->0(295)
[2023-04-09T19:21:28.483+0800][2423.992s] GC(880) Survivor regions: 12->12(39)
[2023-04-09T19:21:28.483+0800][2423.992s] GC(880) Old regions: 74->74
[2023-04-09T19:21:28.483+0800][2423.992s] GC(880) Humongous regions: 20->13
[2023-04-09T19:21:28.483+0800][2423.992s] GC(880) Metaspace: 61750K(64880K)->61750K(64880K) NonClass: 54798K(56740K)->54798K(56740K) Class: 6951K(8140K)->6951K(8140K)
[2023-04-09T19:21:28.483+0800][2423.992s] GC(880) Pause Young (Normal) (G1 Evacuation Pause) 399M->98M(512M) 2.392ms
[2023-04-09T19:21:28.483+0800][2423.992s] GC(880) User=0.00s Sys=0.00s Real=0.00s
[2023-04-09T19:21:28.808+0800][2424.317s] GC(881) Pause Young (Normal) (G1 Evacuation Pause)
[2023-04-09T19:21:28.808+0800][2424.317s] GC(881) Using 8 workers of 8 for evacuation
[2023-04-09T19:21:28.810+0800][2424.319s] GC(881)   Pre Evacuate Collection Set: 0.0ms
[2023-04-09T19:21:28.810+0800][2424.320s] GC(881)   Evacuate Collection Set: 1.4ms
[2023-04-09T19:21:28.810+0800][2424.320s] GC(881)   Post Evacuate Collection Set: 0.7ms
[2023-04-09T19:21:28.810+0800][2424.320s] GC(881)   Other: 0.2ms
[2023-04-09T19:21:28.810+0800][2424.320s] GC(881) Eden regions: 295->0(295)
[2023-04-09T19:21:28.810+0800][2424.320s] GC(881) Survivor regions: 12->12(39)
[2023-04-09T19:21:28.810+0800][2424.320s] GC(881) Old regions: 74->74
[2023-04-09T19:21:28.810+0800][2424.320s] GC(881) Humongous regions: 18->13
[2023-04-09T19:21:28.810+0800][2424.320s] GC(881) Metaspace: 61750K(64880K)->61750K(64880K) NonClass: 54798K(56740K)->54798K(56740K) Class: 6951K(8140K)->6951K(8140K)
[2023-04-09T19:21:28.810+0800][2424.320s] GC(881) Pause Young (Normal) (G1 Evacuation Pause) 398M->97M(512M) 2.404ms
[2023-04-09T19:21:28.810+0800][2424.320s] GC(881) User=0.00s Sys=0.00s Real=0.00s
[2023-04-09T19:21:29.121+0800][2424.631s] GC(882) Pause Young (Normal) (G1 Evacuation Pause)
[2023-04-09T19:21:29.121+0800][2424.631s] GC(882) Using 8 workers of 8 for evacuation
[2023-04-09T19:21:29.123+0800][2424.632s] GC(882)   Pre Evacuate Collection Set: 0.0ms
[2023-04-09T19:21:29.123+0800][2424.632s] GC(882)   Evacuate Collection Set: 0.6ms
[2023-04-09T19:21:29.123+0800][2424.632s] GC(882)   Post Evacuate Collection Set: 0.6ms
[2023-04-09T19:21:29.123+0800][2424.632s] GC(882)   Other: 0.1ms
[2023-04-09T19:21:29.123+0800][2424.632s] GC(882) Eden regions: 295->0(304)
[2023-04-09T19:21:29.123+0800][2424.632s] GC(882) Survivor regions: 12->3(39)
[2023-04-09T19:21:29.123+0800][2424.632s] GC(882) Old regions: 74->74
[2023-04-09T19:21:29.123+0800][2424.632s] GC(882) Humongous regions: 13->4
[2023-04-09T19:21:29.123+0800][2424.632s] GC(882) Metaspace: 61750K(64880K)->61750K(64880K) NonClass: 54798K(56740K)->54798K(56740K) Class: 6951K(8140K)->6951K(8140K)
[2023-04-09T19:21:29.123+0800][2424.632s] GC(882) Pause Young (Normal) (G1 Evacuation Pause) 392M->80M(512M) 1.456ms
[2023-04-09T19:21:29.123+0800][2424.632s] GC(882) User=0.00s Sys=0.00s Real=0.00s
[2023-04-09T19:21:29.384+0800][2424.893s] GC(883) Pause Young (Normal) (G1 Evacuation Pause)
[2023-04-09T19:21:29.384+0800][2424.893s] GC(883) Using 8 workers of 8 for evacuation
[2023-04-09T19:21:29.386+0800][2424.894s] GC(883)   Pre Evacuate Collection Set: 0.0ms
[2023-04-09T19:21:29.386+0800][2424.894s] GC(883)   Evacuate Collection Set: 0.8ms
[2023-04-09T19:21:29.386+0800][2424.894s] GC(883)   Post Evacuate Collection Set: 0.6ms
[2023-04-09T19:21:29.386+0800][2424.894s] GC(883)   Other: 0.2ms
[2023-04-09T19:21:29.386+0800][2424.894s] GC(883) Eden regions: 304->0(301)
[2023-04-09T19:21:29.386+0800][2424.894s] GC(883) Survivor regions: 3->6(39)
[2023-04-09T19:21:29.386+0800][2424.894s] GC(883) Old regions: 74->74
[2023-04-09T19:21:29.386+0800][2424.894s] GC(883) Humongous regions: 5->5
[2023-04-09T19:21:29.386+0800][2424.894s] GC(883) Metaspace: 61750K(64880K)->61750K(64880K) NonClass: 54798K(56740K)->54798K(56740K) Class: 6951K(8140K)->6951K(8140K)
[2023-04-09T19:21:29.386+0800][2424.894s] GC(883) Pause Young (Normal) (G1 Evacuation Pause) 385M->84M(512M) 1.731ms
[2023-04-09T19:21:29.386+0800][2424.894s] GC(883) User=0.00s Sys=0.00s Real=0.00s
[2023-04-09T19:21:29.706+0800][2425.215s] GC(884) Pause Young (Normal) (G1 Evacuation Pause)
[2023-04-09T19:21:29.706+0800][2425.215s] GC(884) Using 8 workers of 8 for evacuation
[2023-04-09T19:21:29.708+0800][2425.217s] GC(884)   Pre Evacuate Collection Set: 0.0ms
[2023-04-09T19:21:29.708+0800][2425.217s] GC(884)   Evacuate Collection Set: 1.1ms
[2023-04-09T19:21:29.708+0800][2425.217s] GC(884)   Post Evacuate Collection Set: 0.5ms
[2023-04-09T19:21:29.708+0800][2425.217s] GC(884)   Other: 0.2ms
[2023-04-09T19:21:29.708+0800][2425.217s] GC(884) Eden regions: 301->0(297)
[2023-04-09T19:21:29.708+0800][2425.217s] GC(884) Survivor regions: 6->10(39)
[2023-04-09T19:21:29.708+0800][2425.217s] GC(884) Old regions: 74->74
[2023-04-09T19:21:29.708+0800][2425.217s] GC(884) Humongous regions: 7->6
[2023-04-09T19:21:29.708+0800][2425.217s] GC(884) Metaspace: 61750K(64880K)->61750K(64880K) NonClass: 54798K(56740K)->54798K(56740K) Class: 6951K(8140K)->6951K(8140K)
[2023-04-09T19:21:29.708+0800][2425.217s] GC(884) Pause Young (Normal) (G1 Evacuation Pause) 387M->88M(512M) 2.016ms
[2023-04-09T19:21:29.708+0800][2425.217s] GC(884) User=0.00s Sys=0.00s Real=0.00s
[2023-04-09T19:21:29.983+0800][2425.493s] GC(885) Pause Young (Normal) (G1 Evacuation Pause)
[2023-04-09T19:21:29.983+0800][2425.493s] GC(885) Using 8 workers of 8 for evacuation
[2023-04-09T19:21:29.985+0800][2425.494s] GC(885)   Pre Evacuate Collection Set: 0.0ms
[2023-04-09T19:21:29.985+0800][2425.495s] GC(885)   Evacuate Collection Set: 1.2ms
[2023-04-09T19:21:29.985+0800][2425.495s] GC(885)   Post Evacuate Collection Set: 0.5ms
[2023-04-09T19:21:29.985+0800][2425.495s] GC(885)   Other: 0.2ms
[2023-04-09T19:21:29.985+0800][2425.495s] GC(885) Eden regions: 297->0(297)
[2023-04-09T19:21:29.985+0800][2425.495s] GC(885) Survivor regions: 10->10(39)
[2023-04-09T19:21:29.985+0800][2425.495s] GC(885) Old regions: 74->74
[2023-04-09T19:21:29.985+0800][2425.495s] GC(885) Humongous regions: 12->12
[2023-04-09T19:21:29.985+0800][2425.495s] GC(885) Metaspace: 61750K(64880K)->61750K(64880K) NonClass: 54798K(56740K)->54798K(56740K) Class: 6951K(8140K)->6951K(8140K)
[2023-04-09T19:21:29.985+0800][2425.495s] GC(885) Pause Young (Normal) (G1 Evacuation Pause) 391M->95M(512M) 2.063ms
[2023-04-09T19:21:29.986+0800][2425.495s] GC(885) User=0.00s Sys=0.00s Real=0.00s
[2023-04-09T19:21:30.247+0800][2425.756s] GC(886) Pause Young (Normal) (G1 Evacuation Pause)
[2023-04-09T19:21:30.247+0800][2425.756s] GC(886) Using 8 workers of 8 for evacuation
[2023-04-09T19:21:30.249+0800][2425.758s] GC(886)   Pre Evacuate Collection Set: 0.0ms
[2023-04-09T19:21:30.249+0800][2425.758s] GC(886)   Evacuate Collection Set: 1.5ms
[2023-04-09T19:21:30.249+0800][2425.758s] GC(886)   Post Evacuate Collection Set: 0.7ms
[2023-04-09T19:21:30.249+0800][2425.758s] GC(886)   Other: 0.2ms
[2023-04-09T19:21:30.249+0800][2425.758s] GC(886) Eden regions: 297->0(295)
[2023-04-09T19:21:30.249+0800][2425.758s] GC(886) Survivor regions: 10->12(39)
[2023-04-09T19:21:30.249+0800][2425.758s] GC(886) Old regions: 74->74
[2023-04-09T19:21:30.249+0800][2425.758s] GC(886) Humongous regions: 25->13
[2023-04-09T19:21:30.249+0800][2425.758s] GC(886) Metaspace: 61750K(64880K)->61750K(64880K) NonClass: 54798K(56740K)->54798K(56740K) Class: 6951K(8140K)->6951K(8140K)
[2023-04-09T19:21:30.249+0800][2425.758s] GC(886) Pause Young (Normal) (G1 Evacuation Pause) 405M->98M(512M) 2.488ms
[2023-04-09T19:21:30.249+0800][2425.758s] GC(886) User=0.00s Sys=0.00s Real=0.00s
[2023-04-09T19:21:30.781+0800][2426.290s] GC(887) Pause Young (Normal) (G1 Evacuation Pause)
[2023-04-09T19:21:30.781+0800][2426.290s] GC(887) Using 8 workers of 8 for evacuation
[2023-04-09T19:21:30.783+0800][2426.292s] GC(887)   Pre Evacuate Collection Set: 0.0ms
[2023-04-09T19:21:30.783+0800][2426.292s] GC(887)   Evacuate Collection Set: 1.2ms
[2023-04-09T19:21:30.783+0800][2426.292s] GC(887)   Post Evacuate Collection Set: 0.5ms
[2023-04-09T19:21:30.783+0800][2426.292s] GC(887)   Other: 0.2ms
[2023-04-09T19:21:30.783+0800][2426.292s] GC(887) Eden regions: 295->0(296)
[2023-04-09T19:21:30.783+0800][2426.292s] GC(887) Survivor regions: 12->11(39)
[2023-04-09T19:21:30.783+0800][2426.292s] GC(887) Old regions: 74->74
[2023-04-09T19:21:30.783+0800][2426.292s] GC(887) Humongous regions: 13->13
[2023-04-09T19:21:30.783+0800][2426.292s] GC(887) Metaspace: 61750K(64880K)->61750K(64880K) NonClass: 54798K(56740K)->54798K(56740K) Class: 6951K(8140K)->6951K(8140K)
[2023-04-09T19:21:30.783+0800][2426.292s] GC(887) Pause Young (Normal) (G1 Evacuation Pause) 393M->97M(512M) 2.005ms
[2023-04-09T19:21:30.783+0800][2426.292s] GC(887) User=0.00s Sys=0.00s Real=0.00s
[2023-04-09T19:21:31.226+0800][2426.735s] GC(888) Pause Young (Normal) (G1 Evacuation Pause)
[2023-04-09T19:21:31.226+0800][2426.735s] GC(888) Using 8 workers of 8 for evacuation
[2023-04-09T19:21:31.228+0800][2426.737s] GC(888)   Pre Evacuate Collection Set: 0.0ms
[2023-04-09T19:21:31.228+0800][2426.737s] GC(888)   Evacuate Collection Set: 0.8ms
[2023-04-09T19:21:31.228+0800][2426.737s] GC(888)   Post Evacuate Collection Set: 0.6ms
[2023-04-09T19:21:31.228+0800][2426.737s] GC(888)   Other: 0.2ms
[2023-04-09T19:21:31.228+0800][2426.737s] GC(888) Eden regions: 296->0(300)
[2023-04-09T19:21:31.228+0800][2426.737s] GC(888) Survivor regions: 11->7(39)
[2023-04-09T19:21:31.228+0800][2426.737s] GC(888) Old regions: 74->74
[2023-04-09T19:21:31.228+0800][2426.737s] GC(888) Humongous regions: 14->5
[2023-04-09T19:21:31.228+0800][2426.737s] GC(888) Metaspace: 61750K(64880K)->61750K(64880K) NonClass: 54798K(56740K)->54798K(56740K) Class: 6951K(8140K)->6951K(8140K)
[2023-04-09T19:21:31.228+0800][2426.737s] GC(888) Pause Young (Normal) (G1 Evacuation Pause) 394M->84M(512M) 1.867ms
[2023-04-09T19:21:31.228+0800][2426.737s] GC(888) User=0.00s Sys=0.00s Real=0.00s
[2023-04-09T19:21:31.660+0800][2427.169s] GC(889) Pause Young (Normal) (G1 Evacuation Pause)
[2023-04-09T19:21:31.660+0800][2427.169s] GC(889) Using 8 workers of 8 for evacuation
[2023-04-09T19:21:31.661+0800][2427.170s] GC(889)   Pre Evacuate Collection Set: 0.0ms
[2023-04-09T19:21:31.661+0800][2427.170s] GC(889)   Evacuate Collection Set: 1.1ms
[2023-04-09T19:21:31.662+0800][2427.170s] GC(889)   Post Evacuate Collection Set: 0.5ms
[2023-04-09T19:21:31.662+0800][2427.170s] GC(889)   Other: 0.2ms
[2023-04-09T19:21:31.662+0800][2427.171s] GC(889) Eden regions: 300->0(298)
[2023-04-09T19:21:31.662+0800][2427.171s] GC(889) Survivor regions: 7->9(39)
[2023-04-09T19:21:31.662+0800][2427.171s] GC(889) Old regions: 74->74
[2023-04-09T19:21:31.662+0800][2427.171s] GC(889) Humongous regions: 14->12
[2023-04-09T19:21:31.662+0800][2427.171s] GC(889) Metaspace: 61750K(64880K)->61750K(64880K) NonClass: 54798K(56740K)->54798K(56740K) Class: 6951K(8140K)->6951K(8140K)
[2023-04-09T19:21:31.662+0800][2427.171s] GC(889) Pause Young (Normal) (G1 Evacuation Pause) 393M->94M(512M) 2.044ms
[2023-04-09T19:21:31.662+0800][2427.171s] GC(889) User=0.00s Sys=0.00s Real=0.00s
[2023-04-09T19:21:32.220+0800][2427.729s] GC(890) Pause Young (Normal) (G1 Evacuation Pause)
[2023-04-09T19:21:32.220+0800][2427.729s] GC(890) Using 8 workers of 8 for evacuation
[2023-04-09T19:21:32.222+0800][2427.731s] GC(890)   Pre Evacuate Collection Set: 0.0ms
[2023-04-09T19:21:32.222+0800][2427.731s] GC(890)   Evacuate Collection Set: 1.2ms
[2023-04-09T19:21:32.222+0800][2427.731s] GC(890)   Post Evacuate Collection Set: 0.7ms
[2023-04-09T19:21:32.222+0800][2427.731s] GC(890)   Other: 0.2ms
[2023-04-09T19:21:32.222+0800][2427.731s] GC(890) Eden regions: 298->0(296)
[2023-04-09T19:21:32.222+0800][2427.731s] GC(890) Survivor regions: 9->11(39)
[2023-04-09T19:21:32.222+0800][2427.731s] GC(890) Old regions: 74->74
[2023-04-09T19:21:32.222+0800][2427.731s] GC(890) Humongous regions: 25->13
[2023-04-09T19:21:32.222+0800][2427.731s] GC(890) Metaspace: 61750K(64880K)->61750K(64880K) NonClass: 54798K(56740K)->54798K(56740K) Class: 6951K(8140K)->6951K(8140K)
[2023-04-09T19:21:32.222+0800][2427.731s] GC(890) Pause Young (Normal) (G1 Evacuation Pause) 405M->96M(512M) 2.326ms
[2023-04-09T19:21:32.222+0800][2427.731s] GC(890) User=0.00s Sys=0.00s Real=0.00s
[2023-04-09T19:21:32.712+0800][2428.220s] GC(891) Pause Young (Normal) (G1 Evacuation Pause)
[2023-04-09T19:21:32.712+0800][2428.221s] GC(891) Using 8 workers of 8 for evacuation
[2023-04-09T19:21:32.713+0800][2428.222s] GC(891)   Pre Evacuate Collection Set: 0.0ms
[2023-04-09T19:21:32.713+0800][2428.222s] GC(891)   Evacuate Collection Set: 0.5ms
[2023-04-09T19:21:32.713+0800][2428.222s] GC(891)   Post Evacuate Collection Set: 0.6ms
[2023-04-09T19:21:32.713+0800][2428.222s] GC(891)   Other: 0.2ms
[2023-04-09T19:21:32.713+0800][2428.222s] GC(891) Eden regions: 296->0(303)
[2023-04-09T19:21:32.713+0800][2428.222s] GC(891) Survivor regions: 11->4(39)
[2023-04-09T19:21:32.713+0800][2428.222s] GC(891) Old regions: 74->74
[2023-04-09T19:21:32.713+0800][2428.222s] GC(891) Humongous regions: 14->5
[2023-04-09T19:21:32.713+0800][2428.222s] GC(891) Metaspace: 61751K(64880K)->61751K(64880K) NonClass: 54799K(56740K)->54799K(56740K) Class: 6951K(8140K)->6951K(8140K)
[2023-04-09T19:21:32.713+0800][2428.222s] GC(891) Pause Young (Normal) (G1 Evacuation Pause) 393M->82M(512M) 1.453ms
[2023-04-09T19:21:32.713+0800][2428.222s] GC(891) User=0.00s Sys=0.00s Real=0.00s
[2023-04-09T19:21:33.151+0800][2428.660s] GC(892) Pause Young (Normal) (G1 Evacuation Pause)
[2023-04-09T19:21:33.151+0800][2428.660s] GC(892) Using 8 workers of 8 for evacuation
[2023-04-09T19:21:33.152+0800][2428.662s] GC(892)   Pre Evacuate Collection Set: 0.0ms
[2023-04-09T19:21:33.152+0800][2428.662s] GC(892)   Evacuate Collection Set: 1.0ms
[2023-04-09T19:21:33.153+0800][2428.662s] GC(892)   Post Evacuate Collection Set: 0.6ms
[2023-04-09T19:21:33.153+0800][2428.662s] GC(892)   Other: 0.2ms
[2023-04-09T19:21:33.153+0800][2428.662s] GC(892) Eden regions: 303->0(297)
[2023-04-09T19:21:33.153+0800][2428.662s] GC(892) Survivor regions: 4->10(39)
[2023-04-09T19:21:33.153+0800][2428.662s] GC(892) Old regions: 74->74
[2023-04-09T19:21:33.153+0800][2428.662s] GC(892) Humongous regions: 8->7
[2023-04-09T19:21:33.153+0800][2428.662s] GC(892) Metaspace: 61751K(64880K)->61751K(64880K) NonClass: 54799K(56740K)->54799K(56740K) Class: 6951K(8140K)->6951K(8140K)
[2023-04-09T19:21:33.153+0800][2428.662s] GC(892) Pause Young (Normal) (G1 Evacuation Pause) 388M->90M(512M) 2.261ms
[2023-04-09T19:21:33.153+0800][2428.662s] GC(892) User=0.11s Sys=0.00s Real=0.00s
[2023-04-09T19:21:33.721+0800][2429.231s] GC(893) Pause Young (Normal) (G1 Evacuation Pause)
[2023-04-09T19:21:33.721+0800][2429.231s] GC(893) Using 8 workers of 8 for evacuation
[2023-04-09T19:21:33.723+0800][2429.232s] GC(893)   Pre Evacuate Collection Set: 0.0ms
[2023-04-09T19:21:33.723+0800][2429.233s] GC(893)   Evacuate Collection Set: 1.1ms
[2023-04-09T19:21:33.723+0800][2429.233s] GC(893)   Post Evacuate Collection Set: 0.6ms
[2023-04-09T19:21:33.723+0800][2429.233s] GC(893)   Other: 0.2ms
[2023-04-09T19:21:33.723+0800][2429.233s] GC(893) Eden regions: 297->0(296)
[2023-04-09T19:21:33.723+0800][2429.233s] GC(893) Survivor regions: 10->11(39)
[2023-04-09T19:21:33.723+0800][2429.233s] GC(893) Old regions: 74->74
[2023-04-09T19:21:33.723+0800][2429.233s] GC(893) Humongous regions: 25->13
[2023-04-09T19:21:33.723+0800][2429.233s] GC(893) Metaspace: 61751K(64880K)->61751K(64880K) NonClass: 54799K(56740K)->54799K(56740K) Class: 6951K(8140K)->6951K(8140K)
[2023-04-09T19:21:33.723+0800][2429.233s] GC(893) Pause Young (Normal) (G1 Evacuation Pause) 405M->96M(512M) 2.044ms
[2023-04-09T19:21:33.723+0800][2429.233s] GC(893) User=0.00s Sys=0.00s Real=0.00s
[2023-04-09T19:21:34.177+0800][2429.687s] GC(894) Pause Young (Normal) (G1 Evacuation Pause)
[2023-04-09T19:21:34.177+0800][2429.687s] GC(894) Using 8 workers of 8 for evacuation
[2023-04-09T19:21:34.179+0800][2429.688s] GC(894)   Pre Evacuate Collection Set: 0.0ms
[2023-04-09T19:21:34.179+0800][2429.688s] GC(894)   Evacuate Collection Set: 0.5ms
[2023-04-09T19:21:34.179+0800][2429.688s] GC(894)   Post Evacuate Collection Set: 0.6ms
[2023-04-09T19:21:34.179+0800][2429.688s] GC(894)   Other: 0.2ms
[2023-04-09T19:21:34.179+0800][2429.688s] GC(894) Eden regions: 296->0(304)
[2023-04-09T19:21:34.179+0800][2429.688s] GC(894) Survivor regions: 11->3(39)
[2023-04-09T19:21:34.179+0800][2429.688s] GC(894) Old regions: 74->74
[2023-04-09T19:21:34.179+0800][2429.688s] GC(894) Humongous regions: 13->4
[2023-04-09T19:21:34.179+0800][2429.688s] GC(894) Metaspace: 61751K(64880K)->61751K(64880K) NonClass: 54799K(56740K)->54799K(56740K) Class: 6951K(8140K)->6951K(8140K)
[2023-04-09T19:21:34.179+0800][2429.688s] GC(894) Pause Young (Normal) (G1 Evacuation Pause) 392M->80M(512M) 1.530ms
[2023-04-09T19:21:34.179+0800][2429.688s] GC(894) User=0.00s Sys=0.00s Real=0.00s
[2023-04-09T19:21:34.660+0800][2430.169s] GC(895) Pause Young (Normal) (G1 Evacuation Pause)
[2023-04-09T19:21:34.660+0800][2430.169s] GC(895) Using 8 workers of 8 for evacuation
[2023-04-09T19:21:34.662+0800][2430.171s] GC(895)   Pre Evacuate Collection Set: 0.0ms
[2023-04-09T19:21:34.662+0800][2430.171s] GC(895)   Evacuate Collection Set: 1.0ms
[2023-04-09T19:21:34.662+0800][2430.171s] GC(895)   Post Evacuate Collection Set: 0.6ms
[2023-04-09T19:21:34.662+0800][2430.171s] GC(895)   Other: 0.2ms
[2023-04-09T19:21:34.662+0800][2430.171s] GC(895) Eden regions: 304->0(298)
[2023-04-09T19:21:34.662+0800][2430.171s] GC(895) Survivor regions: 3->9(39)
[2023-04-09T19:21:34.662+0800][2430.171s] GC(895) Old regions: 74->74
[2023-04-09T19:21:34.662+0800][2430.171s] GC(895) Humongous regions: 7->6
[2023-04-09T19:21:34.662+0800][2430.171s] GC(895) Metaspace: 61751K(64880K)->61751K(64880K) NonClass: 54799K(56740K)->54799K(56740K) Class: 6951K(8140K)->6951K(8140K)
[2023-04-09T19:21:34.662+0800][2430.171s] GC(895) Pause Young (Normal) (G1 Evacuation Pause) 387M->87M(512M) 1.903ms
[2023-04-09T19:21:34.662+0800][2430.171s] GC(895) User=0.00s Sys=0.00s Real=0.00s
[2023-04-09T19:21:35.107+0800][2430.616s] GC(896) Pause Young (Normal) (G1 Evacuation Pause)
[2023-04-09T19:21:35.107+0800][2430.616s] GC(896) Using 8 workers of 8 for evacuation
[2023-04-09T19:21:35.109+0800][2430.618s] GC(896)   Pre Evacuate Collection Set: 0.0ms
[2023-04-09T19:21:35.109+0800][2430.618s] GC(896)   Evacuate Collection Set: 1.3ms
[2023-04-09T19:21:35.109+0800][2430.618s] GC(896)   Post Evacuate Collection Set: 0.6ms
[2023-04-09T19:21:35.109+0800][2430.619s] GC(896)   Other: 0.2ms
[2023-04-09T19:21:35.109+0800][2430.619s] GC(896) Eden regions: 298->0(296)
[2023-04-09T19:21:35.109+0800][2430.619s] GC(896) Survivor regions: 9->11(39)
[2023-04-09T19:21:35.109+0800][2430.619s] GC(896) Old regions: 74->74
[2023-04-09T19:21:35.109+0800][2430.619s] GC(896) Humongous regions: 20->13
[2023-04-09T19:21:35.109+0800][2430.619s] GC(896) Metaspace: 61751K(64880K)->61751K(64880K) NonClass: 54799K(56740K)->54799K(56740K) Class: 6951K(8140K)->6951K(8140K)
[2023-04-09T19:21:35.109+0800][2430.619s] GC(896) Pause Young (Normal) (G1 Evacuation Pause) 399M->96M(512M) 2.255ms
[2023-04-09T19:21:35.110+0800][2430.619s] GC(896) User=0.00s Sys=0.00s Real=0.00s
[2023-04-09T19:21:35.715+0800][2431.223s] GC(897) Pause Young (Normal) (G1 Evacuation Pause)
[2023-04-09T19:21:35.715+0800][2431.223s] GC(897) Using 8 workers of 8 for evacuation
[2023-04-09T19:21:35.716+0800][2431.224s] GC(897)   Pre Evacuate Collection Set: 0.0ms
[2023-04-09T19:21:35.716+0800][2431.224s] GC(897)   Evacuate Collection Set: 0.3ms
[2023-04-09T19:21:35.716+0800][2431.224s] GC(897)   Post Evacuate Collection Set: 0.5ms
[2023-04-09T19:21:35.716+0800][2431.224s] GC(897)   Other: 0.2ms
[2023-04-09T19:21:35.716+0800][2431.224s] GC(897) Eden regions: 296->0(306)
[2023-04-09T19:21:35.716+0800][2431.224s] GC(897) Survivor regions: 11->1(39)
[2023-04-09T19:21:35.716+0800][2431.225s] GC(897) Old regions: 74->74
[2023-04-09T19:21:35.716+0800][2431.225s] GC(897) Humongous regions: 18->4
[2023-04-09T19:21:35.716+0800][2431.225s] GC(897) Metaspace: 61751K(64880K)->61751K(64880K) NonClass: 54799K(56740K)->54799K(56740K) Class: 6951K(8140K)->6951K(8140K)
[2023-04-09T19:21:35.716+0800][2431.225s] GC(897) Pause Young (Normal) (G1 Evacuation Pause) 397M->78M(512M) 1.329ms
[2023-04-09T19:21:35.716+0800][2431.225s] GC(897) User=0.00s Sys=0.00s Real=0.00s
[2023-04-09T19:21:36.198+0800][2431.707s] GC(898) Pause Young (Normal) (G1 Evacuation Pause)
[2023-04-09T19:21:36.198+0800][2431.707s] GC(898) Using 8 workers of 8 for evacuation
[2023-04-09T19:21:36.200+0800][2431.709s] GC(898)   Pre Evacuate Collection Set: 0.0ms
[2023-04-09T19:21:36.200+0800][2431.709s] GC(898)   Evacuate Collection Set: 0.9ms
[2023-04-09T19:21:36.200+0800][2431.709s] GC(898)   Post Evacuate Collection Set: 0.7ms
[2023-04-09T19:21:36.200+0800][2431.709s] GC(898)   Other: 0.1ms
[2023-04-09T19:21:36.200+0800][2431.709s] GC(898) Eden regions: 306->0(300)
[2023-04-09T19:21:36.200+0800][2431.709s] GC(898) Survivor regions: 1->7(39)
[2023-04-09T19:21:36.200+0800][2431.709s] GC(898) Old regions: 74->74
[2023-04-09T19:21:36.200+0800][2431.709s] GC(898) Humongous regions: 7->6
[2023-04-09T19:21:36.200+0800][2431.709s] GC(898) Metaspace: 61751K(64880K)->61751K(64880K) NonClass: 54799K(56740K)->54799K(56740K) Class: 6951K(8140K)->6951K(8140K)
[2023-04-09T19:21:36.200+0800][2431.709s] GC(898) Pause Young (Normal) (G1 Evacuation Pause) 387M->86M(512M) 1.913ms
[2023-04-09T19:21:36.200+0800][2431.709s] GC(898) User=0.12s Sys=0.00s Real=0.00s
[2023-04-09T19:21:36.648+0800][2432.157s] GC(899) Pause Young (Normal) (G1 Evacuation Pause)
[2023-04-09T19:21:36.648+0800][2432.157s] GC(899) Using 8 workers of 8 for evacuation
[2023-04-09T19:21:36.650+0800][2432.159s] GC(899)   Pre Evacuate Collection Set: 0.0ms
[2023-04-09T19:21:36.650+0800][2432.159s] GC(899)   Evacuate Collection Set: 1.1ms
[2023-04-09T19:21:36.650+0800][2432.159s] GC(899)   Post Evacuate Collection Set: 0.5ms
[2023-04-09T19:21:36.650+0800][2432.159s] GC(899)   Other: 0.2ms
[2023-04-09T19:21:36.650+0800][2432.159s] GC(899) Eden regions: 300->0(298)
[2023-04-09T19:21:36.650+0800][2432.159s] GC(899) Survivor regions: 7->9(39)
[2023-04-09T19:21:36.650+0800][2432.159s] GC(899) Old regions: 74->74
[2023-04-09T19:21:36.650+0800][2432.159s] GC(899) Humongous regions: 15->13
[2023-04-09T19:21:36.650+0800][2432.159s] GC(899) Metaspace: 61751K(64880K)->61751K(64880K) NonClass: 54799K(56740K)->54799K(56740K) Class: 6951K(8140K)->6951K(8140K)
[2023-04-09T19:21:36.650+0800][2432.159s] GC(899) Pause Young (Normal) (G1 Evacuation Pause) 395M->95M(512M) 2.033ms
[2023-04-09T19:21:36.650+0800][2432.159s] GC(899) User=0.00s Sys=0.00s Real=0.00s
[2023-04-09T19:21:37.412+0800][2432.921s] GC(900) Pause Young (Normal) (G1 Evacuation Pause)
[2023-04-09T19:21:37.412+0800][2432.921s] GC(900) Using 8 workers of 8 for evacuation
[2023-04-09T19:21:37.414+0800][2432.923s] GC(900)   Pre Evacuate Collection Set: 0.0ms
[2023-04-09T19:21:37.414+0800][2432.923s] GC(900)   Evacuate Collection Set: 1.1ms
[2023-04-09T19:21:37.414+0800][2432.923s] GC(900)   Post Evacuate Collection Set: 0.6ms
[2023-04-09T19:21:37.414+0800][2432.923s] GC(900)   Other: 0.2ms
[2023-04-09T19:21:37.414+0800][2432.923s] GC(900) Eden regions: 298->0(297)
[2023-04-09T19:21:37.414+0800][2432.923s] GC(900) Survivor regions: 9->10(39)
[2023-04-09T19:21:37.414+0800][2432.923s] GC(900) Old regions: 74->74
[2023-04-09T19:21:37.414+0800][2432.923s] GC(900) Humongous regions: 23->13
[2023-04-09T19:21:37.414+0800][2432.923s] GC(900) Metaspace: 61751K(64880K)->61751K(64880K) NonClass: 54799K(56740K)->54799K(56740K) Class: 6951K(8140K)->6951K(8140K)
[2023-04-09T19:21:37.414+0800][2432.923s] GC(900) Pause Young (Normal) (G1 Evacuation Pause) 403M->96M(512M) 2.127ms
[2023-04-09T19:21:37.414+0800][2432.923s] GC(900) User=0.00s Sys=0.00s Real=0.00s
[2023-04-09T19:21:37.918+0800][2433.426s] GC(901) Pause Young (Normal) (G1 Evacuation Pause)
[2023-04-09T19:21:37.918+0800][2433.426s] GC(901) Using 8 workers of 8 for evacuation
[2023-04-09T19:21:37.919+0800][2433.428s] GC(901)   Pre Evacuate Collection Set: 0.0ms
[2023-04-09T19:21:37.919+0800][2433.428s] GC(901)   Evacuate Collection Set: 0.7ms
[2023-04-09T19:21:37.919+0800][2433.428s] GC(901)   Post Evacuate Collection Set: 0.6ms
[2023-04-09T19:21:37.919+0800][2433.428s] GC(901)   Other: 0.2ms
[2023-04-09T19:21:37.919+0800][2433.428s] GC(901) Eden regions: 297->0(301)
[2023-04-09T19:21:37.919+0800][2433.428s] GC(901) Survivor regions: 10->6(39)
[2023-04-09T19:21:37.919+0800][2433.428s] GC(901) Old regions: 74->74
[2023-04-09T19:21:37.919+0800][2433.428s] GC(901) Humongous regions: 14->5
[2023-04-09T19:21:37.919+0800][2433.428s] GC(901) Metaspace: 61751K(64880K)->61751K(64880K) NonClass: 54799K(56740K)->54799K(56740K) Class: 6951K(8140K)->6951K(8140K)
[2023-04-09T19:21:37.920+0800][2433.428s] GC(901) Pause Young (Normal) (G1 Evacuation Pause) 394M->84M(512M) 1.756ms
[2023-04-09T19:21:37.920+0800][2433.428s] GC(901) User=0.00s Sys=0.00s Real=0.00s
[2023-04-09T19:21:38.345+0800][2433.854s] GC(902) Pause Young (Normal) (G1 Evacuation Pause)
[2023-04-09T19:21:38.345+0800][2433.854s] GC(902) Using 8 workers of 8 for evacuation
[2023-04-09T19:21:38.346+0800][2433.856s] GC(902)   Pre Evacuate Collection Set: 0.0ms
[2023-04-09T19:21:38.347+0800][2433.856s] GC(902)   Evacuate Collection Set: 1.1ms
[2023-04-09T19:21:38.347+0800][2433.856s] GC(902)   Post Evacuate Collection Set: 0.7ms
[2023-04-09T19:21:38.347+0800][2433.856s] GC(902)   Other: 0.2ms
[2023-04-09T19:21:38.347+0800][2433.856s] GC(902) Eden regions: 301->0(296)
[2023-04-09T19:21:38.347+0800][2433.856s] GC(902) Survivor regions: 6->11(39)
[2023-04-09T19:21:38.347+0800][2433.856s] GC(902) Old regions: 74->74
[2023-04-09T19:21:38.347+0800][2433.856s] GC(902) Humongous regions: 8->7
[2023-04-09T19:21:38.347+0800][2433.856s] GC(902) Metaspace: 61751K(64880K)->61751K(64880K) NonClass: 54799K(56740K)->54799K(56740K) Class: 6951K(8140K)->6951K(8140K)
[2023-04-09T19:21:38.347+0800][2433.856s] GC(902) Pause Young (Normal) (G1 Evacuation Pause) 388M->91M(512M) 2.142ms
[2023-04-09T19:21:38.347+0800][2433.856s] GC(902) User=0.00s Sys=0.00s Real=0.00s
[2023-04-09T19:21:39.055+0800][2434.563s] GC(903) Pause Young (Normal) (G1 Evacuation Pause)
[2023-04-09T19:21:39.055+0800][2434.563s] GC(903) Using 8 workers of 8 for evacuation
[2023-04-09T19:21:39.056+0800][2434.565s] GC(903)   Pre Evacuate Collection Set: 0.0ms
[2023-04-09T19:21:39.056+0800][2434.565s] GC(903)   Evacuate Collection Set: 1.0ms
[2023-04-09T19:21:39.056+0800][2434.565s] GC(903)   Post Evacuate Collection Set: 0.5ms
[2023-04-09T19:21:39.056+0800][2434.565s] GC(903)   Other: 0.2ms
[2023-04-09T19:21:39.056+0800][2434.565s] GC(903) Eden regions: 296->0(297)
[2023-04-09T19:21:39.056+0800][2434.565s] GC(903) Survivor regions: 11->10(39)
[2023-04-09T19:21:39.056+0800][2434.565s] GC(903) Old regions: 74->74
[2023-04-09T19:21:39.056+0800][2434.565s] GC(903) Humongous regions: 25->13
[2023-04-09T19:21:39.056+0800][2434.565s] GC(903) Metaspace: 61751K(64880K)->61751K(64880K) NonClass: 54799K(56740K)->54799K(56740K) Class: 6951K(8140K)->6951K(8140K)
[2023-04-09T19:21:39.057+0800][2434.565s] GC(903) Pause Young (Normal) (G1 Evacuation Pause) 405M->96M(512M) 1.898ms
[2023-04-09T19:21:39.057+0800][2434.565s] GC(903) User=0.00s Sys=0.00s Real=0.00s
[2023-04-09T19:21:39.638+0800][2435.147s] GC(904) Pause Young (Normal) (G1 Evacuation Pause)
[2023-04-09T19:21:39.638+0800][2435.147s] GC(904) Using 8 workers of 8 for evacuation
[2023-04-09T19:21:39.639+0800][2435.148s] GC(904)   Pre Evacuate Collection Set: 0.0ms
[2023-04-09T19:21:39.639+0800][2435.148s] GC(904)   Evacuate Collection Set: 0.7ms
[2023-04-09T19:21:39.639+0800][2435.148s] GC(904)   Post Evacuate Collection Set: 0.4ms
[2023-04-09T19:21:39.639+0800][2435.148s] GC(904)   Other: 0.3ms
[2023-04-09T19:21:39.639+0800][2435.148s] GC(904) Eden regions: 297->0(303)
[2023-04-09T19:21:39.639+0800][2435.148s] GC(904) Survivor regions: 10->4(39)
[2023-04-09T19:21:39.639+0800][2435.149s] GC(904) Old regions: 74->74
[2023-04-09T19:21:39.639+0800][2435.149s] GC(904) Humongous regions: 14->5
[2023-04-09T19:21:39.639+0800][2435.149s] GC(904) Metaspace: 61770K(64880K)->61770K(64880K) NonClass: 54818K(56740K)->54818K(56740K) Class: 6951K(8140K)->6951K(8140K)
[2023-04-09T19:21:39.639+0800][2435.149s] GC(904) Pause Young (Normal) (G1 Evacuation Pause) 394M->82M(512M) 1.649ms
[2023-04-09T19:21:39.639+0800][2435.149s] GC(904) User=0.00s Sys=0.00s Real=0.00s
[2023-04-09T19:21:40.160+0800][2435.669s] GC(905) Pause Young (Normal) (G1 Evacuation Pause)
[2023-04-09T19:21:40.160+0800][2435.669s] GC(905) Using 8 workers of 8 for evacuation
[2023-04-09T19:21:40.162+0800][2435.671s] GC(905)   Pre Evacuate Collection Set: 0.0ms
[2023-04-09T19:21:40.162+0800][2435.671s] GC(905)   Evacuate Collection Set: 1.1ms
[2023-04-09T19:21:40.162+0800][2435.671s] GC(905)   Post Evacuate Collection Set: 0.5ms
[2023-04-09T19:21:40.162+0800][2435.671s] GC(905)   Other: 0.2ms
[2023-04-09T19:21:40.162+0800][2435.671s] GC(905) Eden regions: 303->0(298)
[2023-04-09T19:21:40.162+0800][2435.671s] GC(905) Survivor regions: 4->9(39)
[2023-04-09T19:21:40.162+0800][2435.671s] GC(905) Old regions: 74->74
[2023-04-09T19:21:40.162+0800][2435.671s] GC(905) Humongous regions: 8->7
[2023-04-09T19:21:40.162+0800][2435.671s] GC(905) Metaspace: 61770K(64880K)->61770K(64880K) NonClass: 54818K(56740K)->54818K(56740K) Class: 6951K(8140K)->6951K(8140K)
[2023-04-09T19:21:40.162+0800][2435.671s] GC(905) Pause Young (Normal) (G1 Evacuation Pause) 388M->89M(512M) 1.945ms
[2023-04-09T19:21:40.162+0800][2435.671s] GC(905) User=0.00s Sys=0.00s Real=0.00s
[2023-04-09T19:21:40.899+0800][2436.408s] GC(906) Pause Young (Normal) (G1 Evacuation Pause)
[2023-04-09T19:21:40.900+0800][2436.408s] GC(906) Using 8 workers of 8 for evacuation
[2023-04-09T19:21:40.901+0800][2436.410s] GC(906)   Pre Evacuate Collection Set: 0.0ms
[2023-04-09T19:21:40.901+0800][2436.410s] GC(906)   Evacuate Collection Set: 1.2ms
[2023-04-09T19:21:40.901+0800][2436.410s] GC(906)   Post Evacuate Collection Set: 0.4ms
[2023-04-09T19:21:40.901+0800][2436.410s] GC(906)   Other: 0.2ms
[2023-04-09T19:21:40.901+0800][2436.410s] GC(906) Eden regions: 298->0(297)
[2023-04-09T19:21:40.901+0800][2436.410s] GC(906) Survivor regions: 9->10(39)
[2023-04-09T19:21:40.901+0800][2436.410s] GC(906) Old regions: 74->74
[2023-04-09T19:21:40.901+0800][2436.410s] GC(906) Humongous regions: 25->13
[2023-04-09T19:21:40.902+0800][2436.410s] GC(906) Metaspace: 61789K(64880K)->61789K(64880K) NonClass: 54837K(56740K)->54837K(56740K) Class: 6951K(8140K)->6951K(8140K)
[2023-04-09T19:21:40.902+0800][2436.410s] GC(906) Pause Young (Normal) (G1 Evacuation Pause) 405M->96M(512M) 2.126ms
[2023-04-09T19:21:40.902+0800][2436.410s] GC(906) User=0.00s Sys=0.02s Real=0.00s
[2023-04-09T19:21:41.387+0800][2436.896s] GC(907) Pause Young (Normal) (G1 Evacuation Pause)
[2023-04-09T19:21:41.387+0800][2436.896s] GC(907) Using 8 workers of 8 for evacuation
[2023-04-09T19:21:41.388+0800][2436.897s] GC(907)   Pre Evacuate Collection Set: 0.0ms
[2023-04-09T19:21:41.388+0800][2436.897s] GC(907)   Evacuate Collection Set: 0.4ms
[2023-04-09T19:21:41.388+0800][2436.897s] GC(907)   Post Evacuate Collection Set: 0.4ms
[2023-04-09T19:21:41.388+0800][2436.897s] GC(907)   Other: 0.2ms
[2023-04-09T19:21:41.388+0800][2436.897s] GC(907) Eden regions: 297->0(304)
[2023-04-09T19:21:41.388+0800][2436.897s] GC(907) Survivor regions: 10->3(39)
[2023-04-09T19:21:41.388+0800][2436.897s] GC(907) Old regions: 74->74
[2023-04-09T19:21:41.388+0800][2436.897s] GC(907) Humongous regions: 13->4
[2023-04-09T19:21:41.388+0800][2436.897s] GC(907) Metaspace: 61789K(64880K)->61789K(64880K) NonClass: 54837K(56740K)->54837K(56740K) Class: 6951K(8140K)->6951K(8140K)
[2023-04-09T19:21:41.388+0800][2436.897s] GC(907) Pause Young (Normal) (G1 Evacuation Pause) 393M->80M(512M) 1.229ms
[2023-04-09T19:21:41.388+0800][2436.897s] GC(907) User=0.00s Sys=0.00s Real=0.00s
[2023-04-09T19:21:41.886+0800][2437.395s] GC(908) Pause Young (Normal) (G1 Evacuation Pause)
[2023-04-09T19:21:41.886+0800][2437.395s] GC(908) Using 8 workers of 8 for evacuation
[2023-04-09T19:21:41.888+0800][2437.397s] GC(908)   Pre Evacuate Collection Set: 0.0ms
[2023-04-09T19:21:41.888+0800][2437.397s] GC(908)   Evacuate Collection Set: 1.1ms
[2023-04-09T19:21:41.888+0800][2437.397s] GC(908)   Post Evacuate Collection Set: 0.5ms
[2023-04-09T19:21:41.888+0800][2437.397s] GC(908)   Other: 0.2ms
[2023-04-09T19:21:41.888+0800][2437.397s] GC(908) Eden regions: 304->0(298)
[2023-04-09T19:21:41.888+0800][2437.397s] GC(908) Survivor regions: 3->9(39)
[2023-04-09T19:21:41.888+0800][2437.397s] GC(908) Old regions: 74->74
[2023-04-09T19:21:41.888+0800][2437.397s] GC(908) Humongous regions: 7->6
[2023-04-09T19:21:41.888+0800][2437.397s] GC(908) Metaspace: 61821K(64880K)->61821K(64880K) NonClass: 54869K(56740K)->54869K(56740K) Class: 6951K(8140K)->6951K(8140K)
[2023-04-09T19:21:41.888+0800][2437.397s] GC(908) Pause Young (Normal) (G1 Evacuation Pause) 387M->88M(512M) 2.297ms
[2023-04-09T19:21:41.888+0800][2437.397s] GC(908) User=0.00s Sys=0.00s Real=0.00s
[2023-04-09T19:21:42.380+0800][2437.888s] GC(909) Pause Young (Normal) (G1 Evacuation Pause)
[2023-04-09T19:21:42.380+0800][2437.889s] GC(909) Using 8 workers of 8 for evacuation
[2023-04-09T19:21:42.382+0800][2437.891s] GC(909)   Pre Evacuate Collection Set: 0.0ms
[2023-04-09T19:21:42.382+0800][2437.891s] GC(909)   Evacuate Collection Set: 1.3ms
[2023-04-09T19:21:42.382+0800][2437.891s] GC(909)   Post Evacuate Collection Set: 0.6ms
[2023-04-09T19:21:42.382+0800][2437.891s] GC(909)   Other: 0.2ms
[2023-04-09T19:21:42.382+0800][2437.891s] GC(909) Eden regions: 298->0(296)
[2023-04-09T19:21:42.382+0800][2437.891s] GC(909) Survivor regions: 9->11(39)
[2023-04-09T19:21:42.382+0800][2437.891s] GC(909) Old regions: 74->74
[2023-04-09T19:21:42.382+0800][2437.891s] GC(909) Humongous regions: 20->13
[2023-04-09T19:21:42.382+0800][2437.891s] GC(909) Metaspace: 61821K(64880K)->61821K(64880K) NonClass: 54869K(56740K)->54869K(56740K) Class: 6951K(8140K)->6951K(8140K)
[2023-04-09T19:21:42.382+0800][2437.891s] GC(909) Pause Young (Normal) (G1 Evacuation Pause) 400M->96M(512M) 2.483ms
[2023-04-09T19:21:42.383+0800][2437.891s] GC(909) User=0.00s Sys=0.00s Real=0.00s
[2023-04-09T19:21:43.133+0800][2438.642s] GC(910) Pause Young (Normal) (G1 Evacuation Pause)
[2023-04-09T19:21:43.134+0800][2438.642s] GC(910) Using 8 workers of 8 for evacuation
[2023-04-09T19:21:43.134+0800][2438.643s] GC(910)   Pre Evacuate Collection Set: 0.0ms
[2023-04-09T19:21:43.134+0800][2438.643s] GC(910)   Evacuate Collection Set: 0.3ms
[2023-04-09T19:21:43.134+0800][2438.643s] GC(910)   Post Evacuate Collection Set: 0.3ms
[2023-04-09T19:21:43.134+0800][2438.643s] GC(910)   Other: 0.2ms
[2023-04-09T19:21:43.134+0800][2438.643s] GC(910) Eden regions: 296->0(305)
[2023-04-09T19:21:43.134+0800][2438.643s] GC(910) Survivor regions: 11->2(39)
[2023-04-09T19:21:43.134+0800][2438.643s] GC(910) Old regions: 74->74
[2023-04-09T19:21:43.134+0800][2438.643s] GC(910) Humongous regions: 18->4
[2023-04-09T19:21:43.134+0800][2438.643s] GC(910) Metaspace: 61821K(64880K)->61821K(64880K) NonClass: 54869K(56740K)->54869K(56740K) Class: 6951K(8140K)->6951K(8140K)
[2023-04-09T19:21:43.135+0800][2438.643s] GC(910) Pause Young (Normal) (G1 Evacuation Pause) 397M->78M(512M) 1.030ms
[2023-04-09T19:21:43.135+0800][2438.643s] GC(910) User=0.00s Sys=0.00s Real=0.00s
[2023-04-09T19:21:43.570+0800][2439.080s] GC(911) Pause Young (Normal) (G1 Evacuation Pause)
[2023-04-09T19:21:43.571+0800][2439.080s] GC(911) Using 8 workers of 8 for evacuation
[2023-04-09T19:21:43.572+0800][2439.081s] GC(911)   Pre Evacuate Collection Set: 0.0ms
[2023-04-09T19:21:43.572+0800][2439.081s] GC(911)   Evacuate Collection Set: 0.8ms
[2023-04-09T19:21:43.572+0800][2439.081s] GC(911)   Post Evacuate Collection Set: 0.6ms
[2023-04-09T19:21:43.572+0800][2439.081s] GC(911)   Other: 0.2ms
[2023-04-09T19:21:43.572+0800][2439.081s] GC(911) Eden regions: 305->0(299)
[2023-04-09T19:21:43.572+0800][2439.081s] GC(911) Survivor regions: 2->8(39)
[2023-04-09T19:21:43.572+0800][2439.081s] GC(911) Old regions: 74->74
[2023-04-09T19:21:43.572+0800][2439.081s] GC(911) Humongous regions: 7->6
[2023-04-09T19:21:43.572+0800][2439.081s] GC(911) Metaspace: 61821K(64880K)->61821K(64880K) NonClass: 54869K(56740K)->54869K(56740K) Class: 6951K(8140K)->6951K(8140K)
[2023-04-09T19:21:43.572+0800][2439.081s] GC(911) Pause Young (Normal) (G1 Evacuation Pause) 386M->86M(512M) 1.820ms
[2023-04-09T19:21:43.572+0800][2439.081s] GC(911) User=0.00s Sys=0.00s Real=0.00s
[2023-04-09T19:21:44.103+0800][2439.612s] GC(912) Pause Young (Normal) (G1 Evacuation Pause)
[2023-04-09T19:21:44.103+0800][2439.612s] GC(912) Using 8 workers of 8 for evacuation
[2023-04-09T19:21:44.105+0800][2439.614s] GC(912)   Pre Evacuate Collection Set: 0.0ms
[2023-04-09T19:21:44.105+0800][2439.614s] GC(912)   Evacuate Collection Set: 1.3ms
[2023-04-09T19:21:44.105+0800][2439.614s] GC(912)   Post Evacuate Collection Set: 0.6ms
[2023-04-09T19:21:44.105+0800][2439.614s] GC(912)   Other: 0.2ms
[2023-04-09T19:21:44.105+0800][2439.614s] GC(912) Eden regions: 299->0(297)
[2023-04-09T19:21:44.105+0800][2439.614s] GC(912) Survivor regions: 8->10(39)
[2023-04-09T19:21:44.105+0800][2439.614s] GC(912) Old regions: 74->74
[2023-04-09T19:21:44.105+0800][2439.614s] GC(912) Humongous regions: 15->13
[2023-04-09T19:21:44.105+0800][2439.614s] GC(912) Metaspace: 61821K(64880K)->61821K(64880K) NonClass: 54869K(56740K)->54869K(56740K) Class: 6951K(8140K)->6951K(8140K)
[2023-04-09T19:21:44.105+0800][2439.614s] GC(912) Pause Young (Normal) (G1 Evacuation Pause) 394M->96M(512M) 2.365ms
[2023-04-09T19:21:44.105+0800][2439.614s] GC(912) User=0.02s Sys=0.00s Real=0.00s
[2023-04-09T19:21:44.766+0800][2440.274s] GC(913) Pause Young (Normal) (G1 Evacuation Pause)
[2023-04-09T19:21:44.766+0800][2440.274s] GC(913) Using 8 workers of 8 for evacuation
[2023-04-09T19:21:44.767+0800][2440.276s] GC(913)   Pre Evacuate Collection Set: 0.0ms
[2023-04-09T19:21:44.767+0800][2440.276s] GC(913)   Evacuate Collection Set: 1.2ms
[2023-04-09T19:21:44.767+0800][2440.276s] GC(913)   Post Evacuate Collection Set: 0.4ms
[2023-04-09T19:21:44.767+0800][2440.276s] GC(913)   Other: 0.2ms
[2023-04-09T19:21:44.767+0800][2440.276s] GC(913) Eden regions: 297->0(296)
[2023-04-09T19:21:44.768+0800][2440.276s] GC(913) Survivor regions: 10->11(39)
[2023-04-09T19:21:44.768+0800][2440.276s] GC(913) Old regions: 74->74
[2023-04-09T19:21:44.768+0800][2440.276s] GC(913) Humongous regions: 18->13
[2023-04-09T19:21:44.768+0800][2440.276s] GC(913) Metaspace: 61821K(64880K)->61821K(64880K) NonClass: 54869K(56740K)->54869K(56740K) Class: 6951K(8140K)->6951K(8140K)
[2023-04-09T19:21:44.768+0800][2440.276s] GC(913) Pause Young (Normal) (G1 Evacuation Pause) 398M->96M(512M) 2.015ms
[2023-04-09T19:21:44.768+0800][2440.276s] GC(913) User=0.00s Sys=0.00s Real=0.00s
[2023-04-09T19:21:45.113+0800][2440.622s] GC(914) Pause Young (Normal) (G1 Evacuation Pause)
[2023-04-09T19:21:45.113+0800][2440.622s] GC(914) Using 8 workers of 8 for evacuation
[2023-04-09T19:21:45.114+0800][2440.623s] GC(914)   Pre Evacuate Collection Set: 0.0ms
[2023-04-09T19:21:45.114+0800][2440.623s] GC(914)   Evacuate Collection Set: 0.8ms
[2023-04-09T19:21:45.114+0800][2440.623s] GC(914)   Post Evacuate Collection Set: 0.4ms
[2023-04-09T19:21:45.114+0800][2440.623s] GC(914)   Other: 0.1ms
[2023-04-09T19:21:45.114+0800][2440.623s] GC(914) Eden regions: 296->0(302)
[2023-04-09T19:21:45.114+0800][2440.623s] GC(914) Survivor regions: 11->5(39)
[2023-04-09T19:21:45.114+0800][2440.623s] GC(914) Old regions: 74->74
[2023-04-09T19:21:45.114+0800][2440.623s] GC(914) Humongous regions: 13->4
[2023-04-09T19:21:45.115+0800][2440.623s] GC(914) Metaspace: 61821K(64880K)->61821K(64880K) NonClass: 54869K(56740K)->54869K(56740K) Class: 6951K(8140K)->6951K(8140K)
[2023-04-09T19:21:45.115+0800][2440.623s] GC(914) Pause Young (Normal) (G1 Evacuation Pause) 392M->81M(512M) 1.534ms
[2023-04-09T19:21:45.115+0800][2440.623s] GC(914) User=0.00s Sys=0.00s Real=0.00s
[2023-04-09T19:21:45.301+0800][2440.810s] GC(915) Pause Young (Normal) (G1 Evacuation Pause)
[2023-04-09T19:21:45.301+0800][2440.810s] GC(915) Using 8 workers of 8 for evacuation
[2023-04-09T19:21:45.303+0800][2440.812s] GC(915)   Pre Evacuate Collection Set: 0.0ms
[2023-04-09T19:21:45.303+0800][2440.812s] GC(915)   Evacuate Collection Set: 1.0ms
[2023-04-09T19:21:45.303+0800][2440.812s] GC(915)   Post Evacuate Collection Set: 0.5ms
[2023-04-09T19:21:45.303+0800][2440.812s] GC(915)   Other: 0.2ms
[2023-04-09T19:21:45.303+0800][2440.812s] GC(915) Eden regions: 302->0(300)
[2023-04-09T19:21:45.303+0800][2440.812s] GC(915) Survivor regions: 5->7(39)
[2023-04-09T19:21:45.303+0800][2440.812s] GC(915) Old regions: 74->74
[2023-04-09T19:21:45.303+0800][2440.812s] GC(915) Humongous regions: 5->5
[2023-04-09T19:21:45.303+0800][2440.812s] GC(915) Metaspace: 61821K(64880K)->61821K(64880K) NonClass: 54869K(56740K)->54869K(56740K) Class: 6951K(8140K)->6951K(8140K)
[2023-04-09T19:21:45.303+0800][2440.812s] GC(915) Pause Young (Normal) (G1 Evacuation Pause) 384M->85M(512M) 1.789ms
[2023-04-09T19:21:45.303+0800][2440.812s] GC(915) User=0.00s Sys=0.00s Real=0.00s
[2023-04-09T19:21:45.520+0800][2441.029s] GC(916) Pause Young (Normal) (G1 Evacuation Pause)
[2023-04-09T19:21:45.521+0800][2441.029s] GC(916) Using 8 workers of 8 for evacuation
[2023-04-09T19:21:45.523+0800][2441.031s] GC(916)   Pre Evacuate Collection Set: 0.0ms
[2023-04-09T19:21:45.523+0800][2441.032s] GC(916)   Evacuate Collection Set: 1.2ms
[2023-04-09T19:21:45.523+0800][2441.032s] GC(916)   Post Evacuate Collection Set: 0.7ms
[2023-04-09T19:21:45.523+0800][2441.032s] GC(916)   Other: 0.2ms
[2023-04-09T19:21:45.523+0800][2441.032s] GC(916) Eden regions: 300->0(297)
[2023-04-09T19:21:45.523+0800][2441.032s] GC(916) Survivor regions: 7->10(39)
[2023-04-09T19:21:45.523+0800][2441.032s] GC(916) Old regions: 74->74
[2023-04-09T19:21:45.523+0800][2441.032s] GC(916) Humongous regions: 7->6
[2023-04-09T19:21:45.523+0800][2441.032s] GC(916) Metaspace: 61821K(64880K)->61821K(64880K) NonClass: 54869K(56740K)->54869K(56740K) Class: 6951K(8140K)->6951K(8140K)
[2023-04-09T19:21:45.523+0800][2441.032s] GC(916) Pause Young (Normal) (G1 Evacuation Pause) 387M->88M(512M) 2.266ms
[2023-04-09T19:21:45.523+0800][2441.032s] GC(916) User=0.00s Sys=0.00s Real=0.00s
[2023-04-09T19:21:45.789+0800][2441.298s] GC(917) Pause Young (Normal) (G1 Evacuation Pause)
[2023-04-09T19:21:45.789+0800][2441.298s] GC(917) Using 8 workers of 8 for evacuation
[2023-04-09T19:21:45.791+0800][2441.300s] GC(917)   Pre Evacuate Collection Set: 0.0ms
[2023-04-09T19:21:45.791+0800][2441.300s] GC(917)   Evacuate Collection Set: 1.5ms
[2023-04-09T19:21:45.791+0800][2441.300s] GC(917)   Post Evacuate Collection Set: 0.5ms
[2023-04-09T19:21:45.791+0800][2441.300s] GC(917)   Other: 0.2ms
[2023-04-09T19:21:45.791+0800][2441.300s] GC(917) Eden regions: 297->0(294)
[2023-04-09T19:21:45.791+0800][2441.300s] GC(917) Survivor regions: 10->13(39)
[2023-04-09T19:21:45.791+0800][2441.300s] GC(917) Old regions: 74->74
[2023-04-09T19:21:45.791+0800][2441.300s] GC(917) Humongous regions: 7->7
[2023-04-09T19:21:45.791+0800][2441.300s] GC(917) Metaspace: 61821K(64880K)->61821K(64880K) NonClass: 54869K(56740K)->54869K(56740K) Class: 6951K(8140K)->6951K(8140K)
[2023-04-09T19:21:45.791+0800][2441.300s] GC(917) Pause Young (Normal) (G1 Evacuation Pause) 386M->92M(512M) 2.419ms
[2023-04-09T19:21:45.791+0800][2441.300s] GC(917) User=0.00s Sys=0.00s Real=0.00s
[2023-04-09T19:21:46.089+0800][2441.598s] GC(918) Pause Young (Normal) (G1 Evacuation Pause)
[2023-04-09T19:21:46.089+0800][2441.598s] GC(918) Using 8 workers of 8 for evacuation
[2023-04-09T19:21:46.091+0800][2441.600s] GC(918)   Pre Evacuate Collection Set: 0.0ms
[2023-04-09T19:21:46.092+0800][2441.600s] GC(918)   Evacuate Collection Set: 1.5ms
[2023-04-09T19:21:46.092+0800][2441.600s] GC(918)   Post Evacuate Collection Set: 0.6ms
[2023-04-09T19:21:46.092+0800][2441.600s] GC(918)   Other: 0.2ms
[2023-04-09T19:21:46.092+0800][2441.600s] GC(918) Eden regions: 294->0(295)
[2023-04-09T19:21:46.092+0800][2441.600s] GC(918) Survivor regions: 13->12(39)
[2023-04-09T19:21:46.092+0800][2441.600s] GC(918) Old regions: 74->74
[2023-04-09T19:21:46.092+0800][2441.600s] GC(918) Humongous regions: 20->13
[2023-04-09T19:21:46.092+0800][2441.600s] GC(918) Metaspace: 61821K(64880K)->61821K(64880K) NonClass: 54869K(56740K)->54869K(56740K) Class: 6951K(8140K)->6951K(8140K)
[2023-04-09T19:21:46.092+0800][2441.600s] GC(918) Pause Young (Normal) (G1 Evacuation Pause) 399M->98M(512M) 2.475ms
[2023-04-09T19:21:46.092+0800][2441.600s] GC(918) User=0.00s Sys=0.00s Real=0.00s
[2023-04-09T19:21:46.424+0800][2441.933s] GC(919) Pause Young (Normal) (G1 Evacuation Pause)
[2023-04-09T19:21:46.424+0800][2441.933s] GC(919) Using 8 workers of 8 for evacuation
[2023-04-09T19:21:46.426+0800][2441.935s] GC(919)   Pre Evacuate Collection Set: 0.0ms
[2023-04-09T19:21:46.426+0800][2441.935s] GC(919)   Evacuate Collection Set: 1.4ms
[2023-04-09T19:21:46.426+0800][2441.935s] GC(919)   Post Evacuate Collection Set: 0.6ms
[2023-04-09T19:21:46.426+0800][2441.935s] GC(919)   Other: 0.2ms
[2023-04-09T19:21:46.426+0800][2441.935s] GC(919) Eden regions: 295->0(295)
[2023-04-09T19:21:46.426+0800][2441.935s] GC(919) Survivor regions: 12->12(39)
[2023-04-09T19:21:46.426+0800][2441.935s] GC(919) Old regions: 74->74
[2023-04-09T19:21:46.426+0800][2441.935s] GC(919) Humongous regions: 18->13
[2023-04-09T19:21:46.426+0800][2441.935s] GC(919) Metaspace: 61821K(64880K)->61821K(64880K) NonClass: 54869K(56740K)->54869K(56740K) Class: 6951K(8140K)->6951K(8140K)
[2023-04-09T19:21:46.426+0800][2441.935s] GC(919) Pause Young (Normal) (G1 Evacuation Pause) 398M->97M(512M) 2.416ms
[2023-04-09T19:21:46.426+0800][2441.935s] GC(919) User=0.00s Sys=0.00s Real=0.00s
[2023-04-09T19:21:46.738+0800][2442.247s] GC(920) Pause Young (Normal) (G1 Evacuation Pause)
[2023-04-09T19:21:46.738+0800][2442.247s] GC(920) Using 8 workers of 8 for evacuation
[2023-04-09T19:21:46.739+0800][2442.248s] GC(920)   Pre Evacuate Collection Set: 0.0ms
[2023-04-09T19:21:46.739+0800][2442.249s] GC(920)   Evacuate Collection Set: 0.8ms
[2023-04-09T19:21:46.739+0800][2442.249s] GC(920)   Post Evacuate Collection Set: 0.4ms
[2023-04-09T19:21:46.739+0800][2442.249s] GC(920)   Other: 0.2ms
[2023-04-09T19:21:46.739+0800][2442.249s] GC(920) Eden regions: 295->0(303)
[2023-04-09T19:21:46.739+0800][2442.249s] GC(920) Survivor regions: 12->4(39)
[2023-04-09T19:21:46.739+0800][2442.249s] GC(920) Old regions: 74->74
[2023-04-09T19:21:46.740+0800][2442.249s] GC(920) Humongous regions: 13->4
[2023-04-09T19:21:46.740+0800][2442.249s] GC(920) Metaspace: 61821K(64880K)->61821K(64880K) NonClass: 54869K(56740K)->54869K(56740K) Class: 6951K(8140K)->6951K(8140K)
[2023-04-09T19:21:46.740+0800][2442.249s] GC(920) Pause Young (Normal) (G1 Evacuation Pause) 392M->80M(512M) 1.553ms
[2023-04-09T19:21:46.740+0800][2442.249s] GC(920) User=0.00s Sys=0.00s Real=0.00s
[2023-04-09T19:21:47.077+0800][2442.586s] GC(921) Pause Young (Normal) (G1 Evacuation Pause)
[2023-04-09T19:21:47.077+0800][2442.586s] GC(921) Using 8 workers of 8 for evacuation
[2023-04-09T19:21:47.079+0800][2442.588s] GC(921)   Pre Evacuate Collection Set: 0.0ms
[2023-04-09T19:21:47.079+0800][2442.588s] GC(921)   Evacuate Collection Set: 1.0ms
[2023-04-09T19:21:47.079+0800][2442.588s] GC(921)   Post Evacuate Collection Set: 0.4ms
[2023-04-09T19:21:47.079+0800][2442.588s] GC(921)   Other: 0.3ms
[2023-04-09T19:21:47.079+0800][2442.588s] GC(921) Eden regions: 303->0(300)
[2023-04-09T19:21:47.079+0800][2442.588s] GC(921) Survivor regions: 4->7(39)
[2023-04-09T19:21:47.079+0800][2442.588s] GC(921) Old regions: 74->74
[2023-04-09T19:21:47.079+0800][2442.588s] GC(921) Humongous regions: 5->5
[2023-04-09T19:21:47.079+0800][2442.588s] GC(921) Metaspace: 61821K(64880K)->61821K(64880K) NonClass: 54869K(56740K)->54869K(56740K) Class: 6951K(8140K)->6951K(8140K)
[2023-04-09T19:21:47.079+0800][2442.588s] GC(921) Pause Young (Normal) (G1 Evacuation Pause) 384M->85M(512M) 1.973ms
[2023-04-09T19:21:47.079+0800][2442.588s] GC(921) User=0.00s Sys=0.00s Real=0.00s
[2023-04-09T19:21:47.373+0800][2442.882s] GC(922) Pause Young (Normal) (G1 Evacuation Pause)
[2023-04-09T19:21:47.373+0800][2442.882s] GC(922) Using 8 workers of 8 for evacuation
[2023-04-09T19:21:47.374+0800][2442.883s] GC(922)   Pre Evacuate Collection Set: 0.0ms
[2023-04-09T19:21:47.374+0800][2442.884s] GC(922)   Evacuate Collection Set: 1.1ms
[2023-04-09T19:21:47.374+0800][2442.884s] GC(922)   Post Evacuate Collection Set: 0.4ms
[2023-04-09T19:21:47.374+0800][2442.884s] GC(922)   Other: 0.2ms
[2023-04-09T19:21:47.374+0800][2442.884s] GC(922) Eden regions: 300->0(297)
[2023-04-09T19:21:47.374+0800][2442.884s] GC(922) Survivor regions: 7->10(39)
[2023-04-09T19:21:47.374+0800][2442.884s] GC(922) Old regions: 74->74
[2023-04-09T19:21:47.374+0800][2442.884s] GC(922) Humongous regions: 7->6
[2023-04-09T19:21:47.374+0800][2442.884s] GC(922) Metaspace: 61821K(64880K)->61821K(64880K) NonClass: 54869K(56740K)->54869K(56740K) Class: 6951K(8140K)->6951K(8140K)
[2023-04-09T19:21:47.375+0800][2442.884s] GC(922) Pause Young (Normal) (G1 Evacuation Pause) 387M->89M(512M) 1.916ms
[2023-04-09T19:21:47.375+0800][2442.884s] GC(922) User=0.00s Sys=0.00s Real=0.00s
[2023-04-09T19:21:47.715+0800][2443.223s] GC(923) Pause Young (Normal) (G1 Evacuation Pause)
[2023-04-09T19:21:47.715+0800][2443.223s] GC(923) Using 8 workers of 8 for evacuation
[2023-04-09T19:21:47.717+0800][2443.225s] GC(923)   Pre Evacuate Collection Set: 0.0ms
[2023-04-09T19:21:47.717+0800][2443.225s] GC(923)   Evacuate Collection Set: 1.2ms
[2023-04-09T19:21:47.717+0800][2443.225s] GC(923)   Post Evacuate Collection Set: 0.5ms
[2023-04-09T19:21:47.717+0800][2443.225s] GC(923)   Other: 0.2ms
[2023-04-09T19:21:47.717+0800][2443.225s] GC(923) Eden regions: 297->0(297)
[2023-04-09T19:21:47.717+0800][2443.226s] GC(923) Survivor regions: 10->10(39)
[2023-04-09T19:21:47.717+0800][2443.226s] GC(923) Old regions: 74->74
[2023-04-09T19:21:47.717+0800][2443.226s] GC(923) Humongous regions: 12->12
[2023-04-09T19:21:47.717+0800][2443.226s] GC(923) Metaspace: 61821K(64880K)->61821K(64880K) NonClass: 54869K(56740K)->54869K(56740K) Class: 6951K(8140K)->6951K(8140K)
[2023-04-09T19:21:47.717+0800][2443.226s] GC(923) Pause Young (Normal) (G1 Evacuation Pause) 392M->95M(512M) 2.172ms
[2023-04-09T19:21:47.717+0800][2443.226s] GC(923) User=0.00s Sys=0.00s Real=0.00s
[2023-04-09T19:21:48.104+0800][2443.612s] GC(924) Pause Young (Normal) (G1 Evacuation Pause)
[2023-04-09T19:21:48.104+0800][2443.613s] GC(924) Using 8 workers of 8 for evacuation
[2023-04-09T19:21:48.107+0800][2443.615s] GC(924)   Pre Evacuate Collection Set: 0.0ms
[2023-04-09T19:21:48.107+0800][2443.615s] GC(924)   Evacuate Collection Set: 2.1ms
[2023-04-09T19:21:48.107+0800][2443.615s] GC(924)   Post Evacuate Collection Set: 0.6ms
[2023-04-09T19:21:48.107+0800][2443.615s] GC(924)   Other: 0.2ms
[2023-04-09T19:21:48.107+0800][2443.615s] GC(924) Eden regions: 297->0(292)
[2023-04-09T19:21:48.107+0800][2443.616s] GC(924) Survivor regions: 10->15(39)
[2023-04-09T19:21:48.107+0800][2443.616s] GC(924) Old regions: 74->74
[2023-04-09T19:21:48.107+0800][2443.616s] GC(924) Humongous regions: 25->13
[2023-04-09T19:21:48.107+0800][2443.616s] GC(924) Metaspace: 61821K(64880K)->61821K(64880K) NonClass: 54869K(56740K)->54869K(56740K) Class: 6951K(8140K)->6951K(8140K)
[2023-04-09T19:21:48.107+0800][2443.616s] GC(924) Pause Young (Normal) (G1 Evacuation Pause) 405M->101M(512M) 3.127ms
[2023-04-09T19:21:48.107+0800][2443.616s] GC(924) User=0.08s Sys=0.00s Real=0.00s
[2023-04-09T19:21:48.819+0800][2444.328s] GC(925) Pause Young (Normal) (G1 Evacuation Pause)
[2023-04-09T19:21:48.819+0800][2444.328s] GC(925) Using 8 workers of 8 for evacuation
[2023-04-09T19:21:48.820+0800][2444.329s] GC(925)   Pre Evacuate Collection Set: 0.0ms
[2023-04-09T19:21:48.821+0800][2444.330s] GC(925)   Evacuate Collection Set: 0.5ms
[2023-04-09T19:21:48.821+0800][2444.330s] GC(925)   Post Evacuate Collection Set: 0.4ms
[2023-04-09T19:21:48.821+0800][2444.330s] GC(925)   Other: 0.2ms
[2023-04-09T19:21:48.821+0800][2444.330s] GC(925) Eden regions: 292->0(305)
[2023-04-09T19:21:48.821+0800][2444.330s] GC(925) Survivor regions: 15->2(39)
[2023-04-09T19:21:48.821+0800][2444.330s] GC(925) Old regions: 74->74
[2023-04-09T19:21:48.821+0800][2444.330s] GC(925) Humongous regions: 13->4
[2023-04-09T19:21:48.821+0800][2444.330s] GC(925) Metaspace: 61825K(64880K)->61825K(64880K) NonClass: 54873K(56740K)->54873K(56740K) Class: 6951K(8140K)->6951K(8140K)
[2023-04-09T19:21:48.821+0800][2444.330s] GC(925) Pause Young (Normal) (G1 Evacuation Pause) 393M->79M(512M) 1.436ms
[2023-04-09T19:21:48.821+0800][2444.330s] GC(925) User=0.00s Sys=0.00s Real=0.00s
[2023-04-09T19:21:49.292+0800][2444.801s] GC(926) Pause Young (Normal) (G1 Evacuation Pause)
[2023-04-09T19:21:49.292+0800][2444.801s] GC(926) Using 8 workers of 8 for evacuation
[2023-04-09T19:21:49.294+0800][2444.802s] GC(926)   Pre Evacuate Collection Set: 0.0ms
[2023-04-09T19:21:49.294+0800][2444.802s] GC(926)   Evacuate Collection Set: 0.9ms
[2023-04-09T19:21:49.294+0800][2444.802s] GC(926)   Post Evacuate Collection Set: 0.5ms
[2023-04-09T19:21:49.294+0800][2444.802s] GC(926)   Other: 0.2ms
[2023-04-09T19:21:49.294+0800][2444.802s] GC(926) Eden regions: 305->0(299)
[2023-04-09T19:21:49.294+0800][2444.802s] GC(926) Survivor regions: 2->8(39)
[2023-04-09T19:21:49.294+0800][2444.802s] GC(926) Old regions: 74->74
[2023-04-09T19:21:49.294+0800][2444.802s] GC(926) Humongous regions: 7->6
[2023-04-09T19:21:49.294+0800][2444.802s] GC(926) Metaspace: 61825K(64880K)->61825K(64880K) NonClass: 54873K(56740K)->54873K(56740K) Class: 6951K(8140K)->6951K(8140K)
[2023-04-09T19:21:49.294+0800][2444.803s] GC(926) Pause Young (Normal) (G1 Evacuation Pause) 387M->86M(512M) 1.784ms
[2023-04-09T19:21:49.294+0800][2444.803s] GC(926) User=0.12s Sys=0.00s Real=0.00s
[2023-04-09T19:21:49.891+0800][2445.400s] GC(927) Pause Young (Normal) (G1 Evacuation Pause)
[2023-04-09T19:21:49.891+0800][2445.400s] GC(927) Using 8 workers of 8 for evacuation
[2023-04-09T19:21:49.893+0800][2445.402s] GC(927)   Pre Evacuate Collection Set: 0.0ms
[2023-04-09T19:21:49.893+0800][2445.402s] GC(927)   Evacuate Collection Set: 1.3ms
[2023-04-09T19:21:49.893+0800][2445.402s] GC(927)   Post Evacuate Collection Set: 0.5ms
[2023-04-09T19:21:49.893+0800][2445.402s] GC(927)   Other: 0.2ms
[2023-04-09T19:21:49.894+0800][2445.402s] GC(927) Eden regions: 299->0(298)
[2023-04-09T19:21:49.894+0800][2445.402s] GC(927) Survivor regions: 8->9(39)
[2023-04-09T19:21:49.894+0800][2445.402s] GC(927) Old regions: 74->74
[2023-04-09T19:21:49.894+0800][2445.402s] GC(927) Humongous regions: 16->13
[2023-04-09T19:21:49.894+0800][2445.402s] GC(927) Metaspace: 61826K(64880K)->61826K(64880K) NonClass: 54874K(56740K)->54874K(56740K) Class: 6951K(8140K)->6951K(8140K)
[2023-04-09T19:21:49.894+0800][2445.402s] GC(927) Pause Young (Normal) (G1 Evacuation Pause) 395M->95M(512M) 2.312ms
[2023-04-09T19:21:49.894+0800][2445.402s] GC(927) User=0.00s Sys=0.00s Real=0.00s
[2023-04-09T19:21:50.700+0800][2446.209s] GC(928) Pause Young (Normal) (G1 Evacuation Pause)
[2023-04-09T19:21:50.700+0800][2446.209s] GC(928) Using 8 workers of 8 for evacuation
[2023-04-09T19:21:50.702+0800][2446.211s] GC(928)   Pre Evacuate Collection Set: 0.0ms
[2023-04-09T19:21:50.702+0800][2446.211s] GC(928)   Evacuate Collection Set: 1.3ms
[2023-04-09T19:21:50.702+0800][2446.211s] GC(928)   Post Evacuate Collection Set: 0.5ms
[2023-04-09T19:21:50.702+0800][2446.212s] GC(928)   Other: 0.2ms
[2023-04-09T19:21:50.702+0800][2446.212s] GC(928) Eden regions: 298->0(296)
[2023-04-09T19:21:50.702+0800][2446.212s] GC(928) Survivor regions: 9->11(39)
[2023-04-09T19:21:50.702+0800][2446.212s] GC(928) Old regions: 74->74
[2023-04-09T19:21:50.702+0800][2446.212s] GC(928) Humongous regions: 23->13
[2023-04-09T19:21:50.702+0800][2446.212s] GC(928) Metaspace: 61826K(64880K)->61826K(64880K) NonClass: 54874K(56740K)->54874K(56740K) Class: 6951K(8140K)->6951K(8140K)
[2023-04-09T19:21:50.702+0800][2446.212s] GC(928) Pause Young (Normal) (G1 Evacuation Pause) 403M->96M(512M) 2.331ms
[2023-04-09T19:21:50.702+0800][2446.212s] GC(928) User=0.00s Sys=0.00s Real=0.00s
[2023-04-09T19:21:51.432+0800][2446.940s] GC(929) Pause Young (Normal) (G1 Evacuation Pause)
[2023-04-09T19:21:51.432+0800][2446.940s] GC(929) Using 8 workers of 8 for evacuation
[2023-04-09T19:21:51.433+0800][2446.942s] GC(929)   Pre Evacuate Collection Set: 0.0ms
[2023-04-09T19:21:51.433+0800][2446.942s] GC(929)   Evacuate Collection Set: 0.7ms
[2023-04-09T19:21:51.433+0800][2446.942s] GC(929)   Post Evacuate Collection Set: 0.4ms
[2023-04-09T19:21:51.433+0800][2446.942s] GC(929)   Other: 0.2ms
[2023-04-09T19:21:51.433+0800][2446.942s] GC(929) Eden regions: 296->0(301)
[2023-04-09T19:21:51.433+0800][2446.942s] GC(929) Survivor regions: 11->6(39)
[2023-04-09T19:21:51.433+0800][2446.942s] GC(929) Old regions: 74->74
[2023-04-09T19:21:51.433+0800][2446.942s] GC(929) Humongous regions: 14->5
[2023-04-09T19:21:51.433+0800][2446.942s] GC(929) Metaspace: 61828K(64880K)->61828K(64880K) NonClass: 54876K(56740K)->54876K(56740K) Class: 6951K(8140K)->6951K(8140K)
[2023-04-09T19:21:51.433+0800][2446.942s] GC(929) Pause Young (Normal) (G1 Evacuation Pause) 393M->84M(512M) 1.432ms
[2023-04-09T19:21:51.433+0800][2446.942s] GC(929) User=0.00s Sys=0.00s Real=0.00s
[2023-04-09T19:21:51.916+0800][2447.425s] GC(930) Pause Young (Normal) (G1 Evacuation Pause)
[2023-04-09T19:21:51.916+0800][2447.425s] GC(930) Using 8 workers of 8 for evacuation
[2023-04-09T19:21:51.918+0800][2447.427s] GC(930)   Pre Evacuate Collection Set: 0.0ms
[2023-04-09T19:21:51.918+0800][2447.427s] GC(930)   Evacuate Collection Set: 1.0ms
[2023-04-09T19:21:51.918+0800][2447.427s] GC(930)   Post Evacuate Collection Set: 0.5ms
[2023-04-09T19:21:51.918+0800][2447.427s] GC(930)   Other: 0.2ms
[2023-04-09T19:21:51.918+0800][2447.427s] GC(930) Eden regions: 301->0(298)
[2023-04-09T19:21:51.918+0800][2447.427s] GC(930) Survivor regions: 6->9(39)
[2023-04-09T19:21:51.918+0800][2447.427s] GC(930) Old regions: 74->74
[2023-04-09T19:21:51.918+0800][2447.427s] GC(930) Humongous regions: 13->12
[2023-04-09T19:21:51.918+0800][2447.427s] GC(930) Metaspace: 61828K(64880K)->61828K(64880K) NonClass: 54876K(56740K)->54876K(56740K) Class: 6951K(8140K)->6951K(8140K)
[2023-04-09T19:21:51.918+0800][2447.427s] GC(930) Pause Young (Normal) (G1 Evacuation Pause) 393M->93M(512M) 2.019ms
[2023-04-09T19:21:51.918+0800][2447.427s] GC(930) User=0.00s Sys=0.00s Real=0.00s
[2023-04-09T19:21:52.590+0800][2448.099s] GC(931) Pause Young (Normal) (G1 Evacuation Pause)
[2023-04-09T19:21:52.590+0800][2448.099s] GC(931) Using 8 workers of 8 for evacuation
[2023-04-09T19:21:52.592+0800][2448.101s] GC(931)   Pre Evacuate Collection Set: 0.0ms
[2023-04-09T19:21:52.592+0800][2448.101s] GC(931)   Evacuate Collection Set: 1.1ms
[2023-04-09T19:21:52.592+0800][2448.101s] GC(931)   Post Evacuate Collection Set: 0.5ms
[2023-04-09T19:21:52.592+0800][2448.101s] GC(931)   Other: 0.2ms
[2023-04-09T19:21:52.592+0800][2448.101s] GC(931) Eden regions: 298->0(297)
[2023-04-09T19:21:52.592+0800][2448.101s] GC(931) Survivor regions: 9->10(39)
[2023-04-09T19:21:52.592+0800][2448.101s] GC(931) Old regions: 74->74
[2023-04-09T19:21:52.592+0800][2448.101s] GC(931) Humongous regions: 25->13
[2023-04-09T19:21:52.592+0800][2448.101s] GC(931) Metaspace: 61828K(64880K)->61828K(64880K) NonClass: 54876K(56740K)->54876K(56740K) Class: 6951K(8140K)->6951K(8140K)
[2023-04-09T19:21:52.592+0800][2448.101s] GC(931) Pause Young (Normal) (G1 Evacuation Pause) 404M->96M(512M) 2.090ms
[2023-04-09T19:21:52.592+0800][2448.101s] GC(931) User=0.00s Sys=0.00s Real=0.00s
[2023-04-09T19:21:53.209+0800][2448.718s] GC(932) Pause Young (Normal) (G1 Evacuation Pause)
[2023-04-09T19:21:53.209+0800][2448.718s] GC(932) Using 8 workers of 8 for evacuation
[2023-04-09T19:21:53.210+0800][2448.719s] GC(932)   Pre Evacuate Collection Set: 0.0ms
[2023-04-09T19:21:53.210+0800][2448.719s] GC(932)   Evacuate Collection Set: 0.6ms
[2023-04-09T19:21:53.210+0800][2448.719s] GC(932)   Post Evacuate Collection Set: 0.4ms
[2023-04-09T19:21:53.210+0800][2448.719s] GC(932)   Other: 0.2ms
[2023-04-09T19:21:53.211+0800][2448.719s] GC(932) Eden regions: 297->0(303)
[2023-04-09T19:21:53.211+0800][2448.719s] GC(932) Survivor regions: 10->4(39)
[2023-04-09T19:21:53.211+0800][2448.719s] GC(932) Old regions: 74->74
[2023-04-09T19:21:53.211+0800][2448.719s] GC(932) Humongous regions: 14->5
[2023-04-09T19:21:53.211+0800][2448.719s] GC(932) Metaspace: 61828K(64880K)->61828K(64880K) NonClass: 54876K(56740K)->54876K(56740K) Class: 6951K(8140K)->6951K(8140K)
[2023-04-09T19:21:53.211+0800][2448.719s] GC(932) Pause Young (Normal) (G1 Evacuation Pause) 394M->82M(512M) 1.449ms
[2023-04-09T19:21:53.211+0800][2448.719s] GC(932) User=0.00s Sys=0.00s Real=0.00s
[2023-04-09T19:21:53.766+0800][2449.274s] GC(933) Pause Young (Normal) (G1 Evacuation Pause)
[2023-04-09T19:21:53.766+0800][2449.274s] GC(933) Using 8 workers of 8 for evacuation
[2023-04-09T19:21:53.768+0800][2449.276s] GC(933)   Pre Evacuate Collection Set: 0.0ms
[2023-04-09T19:21:53.768+0800][2449.276s] GC(933)   Evacuate Collection Set: 1.1ms
[2023-04-09T19:21:53.768+0800][2449.276s] GC(933)   Post Evacuate Collection Set: 0.5ms
[2023-04-09T19:21:53.768+0800][2449.276s] GC(933)   Other: 0.2ms
[2023-04-09T19:21:53.768+0800][2449.276s] GC(933) Eden regions: 303->0(297)
[2023-04-09T19:21:53.768+0800][2449.276s] GC(933) Survivor regions: 4->10(39)
[2023-04-09T19:21:53.768+0800][2449.276s] GC(933) Old regions: 74->74
[2023-04-09T19:21:53.768+0800][2449.276s] GC(933) Humongous regions: 8->7
[2023-04-09T19:21:53.768+0800][2449.276s] GC(933) Metaspace: 61828K(64880K)->61828K(64880K) NonClass: 54876K(56740K)->54876K(56740K) Class: 6951K(8140K)->6951K(8140K)
[2023-04-09T19:21:53.768+0800][2449.276s] GC(933) Pause Young (Normal) (G1 Evacuation Pause) 388M->90M(512M) 2.047ms
[2023-04-09T19:21:53.768+0800][2449.277s] GC(933) User=0.00s Sys=0.00s Real=0.00s
[2023-04-09T19:21:54.518+0800][2450.027s] GC(934) Pause Young (Normal) (G1 Evacuation Pause)
[2023-04-09T19:21:54.518+0800][2450.027s] GC(934) Using 8 workers of 8 for evacuation
[2023-04-09T19:21:54.520+0800][2450.029s] GC(934)   Pre Evacuate Collection Set: 0.0ms
[2023-04-09T19:21:54.520+0800][2450.029s] GC(934)   Evacuate Collection Set: 1.4ms
[2023-04-09T19:21:54.520+0800][2450.029s] GC(934)   Post Evacuate Collection Set: 0.5ms
[2023-04-09T19:21:54.520+0800][2450.029s] GC(934)   Other: 0.2ms
[2023-04-09T19:21:54.520+0800][2450.029s] GC(934) Eden regions: 297->0(297)
[2023-04-09T19:21:54.521+0800][2450.029s] GC(934) Survivor regions: 10->10(39)
[2023-04-09T19:21:54.521+0800][2450.029s] GC(934) Old regions: 74->74
[2023-04-09T19:21:54.521+0800][2450.029s] GC(934) Humongous regions: 25->13
[2023-04-09T19:21:54.521+0800][2450.029s] GC(934) Metaspace: 61828K(64880K)->61828K(64880K) NonClass: 54876K(56740K)->54876K(56740K) Class: 6951K(8140K)->6951K(8140K)
[2023-04-09T19:21:54.521+0800][2450.029s] GC(934) Pause Young (Normal) (G1 Evacuation Pause) 405M->96M(512M) 2.388ms
[2023-04-09T19:21:54.521+0800][2450.029s] GC(934) User=0.00s Sys=0.00s Real=0.00s
[2023-04-09T19:21:55.090+0800][2450.599s] GC(935) Pause Young (Normal) (G1 Evacuation Pause)
[2023-04-09T19:21:55.090+0800][2450.599s] GC(935) Using 8 workers of 8 for evacuation
[2023-04-09T19:21:55.091+0800][2450.600s] GC(935)   Pre Evacuate Collection Set: 0.0ms
[2023-04-09T19:21:55.091+0800][2450.600s] GC(935)   Evacuate Collection Set: 0.4ms
[2023-04-09T19:21:55.091+0800][2450.600s] GC(935)   Post Evacuate Collection Set: 0.3ms
[2023-04-09T19:21:55.091+0800][2450.600s] GC(935)   Other: 0.2ms
[2023-04-09T19:21:55.091+0800][2450.600s] GC(935) Eden regions: 297->0(303)
[2023-04-09T19:21:55.091+0800][2450.600s] GC(935) Survivor regions: 10->4(39)
[2023-04-09T19:21:55.091+0800][2450.600s] GC(935) Old regions: 74->74
[2023-04-09T19:21:55.091+0800][2450.600s] GC(935) Humongous regions: 13->4
[2023-04-09T19:21:55.091+0800][2450.600s] GC(935) Metaspace: 61828K(64880K)->61828K(64880K) NonClass: 54876K(56740K)->54876K(56740K) Class: 6951K(8140K)->6951K(8140K)
[2023-04-09T19:21:55.091+0800][2450.600s] GC(935) Pause Young (Normal) (G1 Evacuation Pause) 393M->81M(512M) 1.093ms
[2023-04-09T19:21:55.091+0800][2450.600s] GC(935) User=0.00s Sys=0.00s Real=0.00s
[2023-04-09T19:21:55.545+0800][2451.054s] GC(936) Pause Young (Normal) (G1 Evacuation Pause)
[2023-04-09T19:21:55.545+0800][2451.054s] GC(936) Using 8 workers of 8 for evacuation
[2023-04-09T19:21:55.547+0800][2451.055s] GC(936)   Pre Evacuate Collection Set: 0.0ms
[2023-04-09T19:21:55.547+0800][2451.055s] GC(936)   Evacuate Collection Set: 1.0ms
[2023-04-09T19:21:55.547+0800][2451.055s] GC(936)   Post Evacuate Collection Set: 0.7ms
[2023-04-09T19:21:55.547+0800][2451.055s] GC(936)   Other: 0.2ms
[2023-04-09T19:21:55.547+0800][2451.055s] GC(936) Eden regions: 303->0(297)
[2023-04-09T19:21:55.547+0800][2451.056s] GC(936) Survivor regions: 4->10(39)
[2023-04-09T19:21:55.547+0800][2451.056s] GC(936) Old regions: 74->74
[2023-04-09T19:21:55.547+0800][2451.056s] GC(936) Humongous regions: 7->6
[2023-04-09T19:21:55.547+0800][2451.056s] GC(936) Metaspace: 61828K(64880K)->61828K(64880K) NonClass: 54876K(56740K)->54876K(56740K) Class: 6951K(8140K)->6951K(8140K)
[2023-04-09T19:21:55.547+0800][2451.056s] GC(936) Pause Young (Normal) (G1 Evacuation Pause) 386M->89M(512M) 2.037ms
[2023-04-09T19:21:55.547+0800][2451.056s] GC(936) User=0.00s Sys=0.00s Real=0.00s
[2023-04-09T19:21:56.034+0800][2451.543s] GC(937) Pause Young (Normal) (G1 Evacuation Pause)
[2023-04-09T19:21:56.034+0800][2451.543s] GC(937) Using 8 workers of 8 for evacuation
[2023-04-09T19:21:56.036+0800][2451.545s] GC(937)   Pre Evacuate Collection Set: 0.0ms
[2023-04-09T19:21:56.036+0800][2451.545s] GC(937)   Evacuate Collection Set: 1.2ms
[2023-04-09T19:21:56.036+0800][2451.545s] GC(937)   Post Evacuate Collection Set: 0.7ms
[2023-04-09T19:21:56.036+0800][2451.545s] GC(937)   Other: 0.2ms
[2023-04-09T19:21:56.036+0800][2451.545s] GC(937) Eden regions: 297->0(297)
[2023-04-09T19:21:56.036+0800][2451.545s] GC(937) Survivor regions: 10->10(39)
[2023-04-09T19:21:56.036+0800][2451.545s] GC(937) Old regions: 74->74
[2023-04-09T19:21:56.036+0800][2451.545s] GC(937) Humongous regions: 25->13
[2023-04-09T19:21:56.036+0800][2451.545s] GC(937) Metaspace: 61828K(64880K)->61828K(64880K) NonClass: 54876K(56740K)->54876K(56740K) Class: 6951K(8140K)->6951K(8140K)
[2023-04-09T19:21:56.036+0800][2451.545s] GC(937) Pause Young (Normal) (G1 Evacuation Pause) 405M->96M(512M) 2.278ms
[2023-04-09T19:21:56.036+0800][2451.545s] GC(937) User=0.00s Sys=0.00s Real=0.00s
[2023-04-09T19:21:56.688+0800][2452.197s] GC(938) Pause Young (Normal) (G1 Evacuation Pause)
[2023-04-09T19:21:56.688+0800][2452.197s] GC(938) Using 8 workers of 8 for evacuation
[2023-04-09T19:21:56.689+0800][2452.198s] GC(938)   Pre Evacuate Collection Set: 0.0ms
[2023-04-09T19:21:56.689+0800][2452.198s] GC(938)   Evacuate Collection Set: 0.3ms
[2023-04-09T19:21:56.689+0800][2452.198s] GC(938)   Post Evacuate Collection Set: 0.5ms
[2023-04-09T19:21:56.689+0800][2452.198s] GC(938)   Other: 0.2ms
[2023-04-09T19:21:56.689+0800][2452.198s] GC(938) Eden regions: 297->0(306)
[2023-04-09T19:21:56.689+0800][2452.198s] GC(938) Survivor regions: 10->1(39)
[2023-04-09T19:21:56.689+0800][2452.198s] GC(938) Old regions: 74->74
[2023-04-09T19:21:56.689+0800][2452.198s] GC(938) Humongous regions: 13->4
[2023-04-09T19:21:56.689+0800][2452.198s] GC(938) Metaspace: 61830K(64880K)->61830K(64880K) NonClass: 54878K(56740K)->54878K(56740K) Class: 6951K(8140K)->6951K(8140K)
[2023-04-09T19:21:56.689+0800][2452.199s] GC(938) Pause Young (Normal) (G1 Evacuation Pause) 393M->78M(512M) 1.149ms
[2023-04-09T19:21:56.689+0800][2452.199s] GC(938) User=0.00s Sys=0.00s Real=0.00s
[2023-04-09T19:21:57.122+0800][2452.631s] GC(939) Pause Young (Normal) (G1 Evacuation Pause)
[2023-04-09T19:21:57.122+0800][2452.631s] GC(939) Using 8 workers of 8 for evacuation
[2023-04-09T19:21:57.123+0800][2452.633s] GC(939)   Pre Evacuate Collection Set: 0.0ms
[2023-04-09T19:21:57.124+0800][2452.633s] GC(939)   Evacuate Collection Set: 1.1ms
[2023-04-09T19:21:57.124+0800][2452.633s] GC(939)   Post Evacuate Collection Set: 0.6ms
[2023-04-09T19:21:57.124+0800][2452.633s] GC(939)   Other: 0.2ms
[2023-04-09T19:21:57.124+0800][2452.633s] GC(939) Eden regions: 306->0(300)
[2023-04-09T19:21:57.124+0800][2452.633s] GC(939) Survivor regions: 1->7(39)
[2023-04-09T19:21:57.124+0800][2452.633s] GC(939) Old regions: 74->74
[2023-04-09T19:21:57.124+0800][2452.633s] GC(939) Humongous regions: 7->6
[2023-04-09T19:21:57.124+0800][2452.633s] GC(939) Metaspace: 61830K(64880K)->61830K(64880K) NonClass: 54878K(56740K)->54878K(56740K) Class: 6951K(8140K)->6951K(8140K)
[2023-04-09T19:21:57.124+0800][2452.633s] GC(939) Pause Young (Normal) (G1 Evacuation Pause) 387M->86M(512M) 2.287ms
[2023-04-09T19:21:57.124+0800][2452.633s] GC(939) User=0.00s Sys=0.00s Real=0.00s
[2023-04-09T19:21:57.566+0800][2453.074s] GC(940) Pause Young (Normal) (G1 Evacuation Pause)
[2023-04-09T19:21:57.566+0800][2453.074s] GC(940) Using 8 workers of 8 for evacuation
[2023-04-09T19:21:57.567+0800][2453.076s] GC(940)   Pre Evacuate Collection Set: 0.0ms
[2023-04-09T19:21:57.567+0800][2453.076s] GC(940)   Evacuate Collection Set: 1.0ms
[2023-04-09T19:21:57.567+0800][2453.076s] GC(940)   Post Evacuate Collection Set: 0.6ms
[2023-04-09T19:21:57.567+0800][2453.076s] GC(940)   Other: 0.2ms
[2023-04-09T19:21:57.567+0800][2453.076s] GC(940) Eden regions: 300->0(297)
[2023-04-09T19:21:57.567+0800][2453.076s] GC(940) Survivor regions: 7->10(39)
[2023-04-09T19:21:57.568+0800][2453.076s] GC(940) Old regions: 74->75
[2023-04-09T19:21:57.568+0800][2453.076s] GC(940) Humongous regions: 12->12
[2023-04-09T19:21:57.568+0800][2453.076s] GC(940) Metaspace: 61830K(64880K)->61830K(64880K) NonClass: 54878K(56740K)->54878K(56740K) Class: 6951K(8140K)->6951K(8140K)
[2023-04-09T19:21:57.568+0800][2453.076s] GC(940) Pause Young (Normal) (G1 Evacuation Pause) 392M->94M(512M) 2.177ms
[2023-04-09T19:21:57.568+0800][2453.076s] GC(940) User=0.00s Sys=0.00s Real=0.00s
[2023-04-09T19:21:58.184+0800][2453.693s] GC(941) Pause Young (Normal) (G1 Evacuation Pause)
[2023-04-09T19:21:58.184+0800][2453.693s] GC(941) Using 8 workers of 8 for evacuation
[2023-04-09T19:21:58.186+0800][2453.695s] GC(941)   Pre Evacuate Collection Set: 0.0ms
[2023-04-09T19:21:58.186+0800][2453.695s] GC(941)   Evacuate Collection Set: 1.1ms
[2023-04-09T19:21:58.186+0800][2453.695s] GC(941)   Post Evacuate Collection Set: 0.6ms
[2023-04-09T19:21:58.186+0800][2453.695s] GC(941)   Other: 0.1ms
[2023-04-09T19:21:58.186+0800][2453.695s] GC(941) Eden regions: 297->0(296)
[2023-04-09T19:21:58.186+0800][2453.695s] GC(941) Survivor regions: 10->11(39)
[2023-04-09T19:21:58.186+0800][2453.695s] GC(941) Old regions: 75->75
[2023-04-09T19:21:58.186+0800][2453.695s] GC(941) Humongous regions: 25->13
[2023-04-09T19:21:58.186+0800][2453.695s] GC(941) Metaspace: 61830K(64880K)->61830K(64880K) NonClass: 54878K(56740K)->54878K(56740K) Class: 6951K(8140K)->6951K(8140K)
[2023-04-09T19:21:58.186+0800][2453.695s] GC(941) Pause Young (Normal) (G1 Evacuation Pause) 404M->96M(512M) 2.110ms
[2023-04-09T19:21:58.186+0800][2453.695s] GC(941) User=0.00s Sys=0.00s Real=0.00s
[2023-04-09T19:21:58.736+0800][2454.245s] GC(942) Pause Young (Normal) (G1 Evacuation Pause)
[2023-04-09T19:21:58.736+0800][2454.245s] GC(942) Using 8 workers of 8 for evacuation
[2023-04-09T19:21:58.738+0800][2454.246s] GC(942)   Pre Evacuate Collection Set: 0.0ms
[2023-04-09T19:21:58.738+0800][2454.246s] GC(942)   Evacuate Collection Set: 0.7ms
[2023-04-09T19:21:58.738+0800][2454.246s] GC(942)   Post Evacuate Collection Set: 0.5ms
[2023-04-09T19:21:58.738+0800][2454.246s] GC(942)   Other: 0.2ms
[2023-04-09T19:21:58.738+0800][2454.246s] GC(942) Eden regions: 296->0(301)
[2023-04-09T19:21:58.738+0800][2454.246s] GC(942) Survivor regions: 11->6(39)
[2023-04-09T19:21:58.738+0800][2454.246s] GC(942) Old regions: 75->75
[2023-04-09T19:21:58.738+0800][2454.246s] GC(942) Humongous regions: 14->5
[2023-04-09T19:21:58.738+0800][2454.246s] GC(942) Metaspace: 61831K(64880K)->61831K(64880K) NonClass: 54879K(56740K)->54879K(56740K) Class: 6951K(8140K)->6951K(8140K)
[2023-04-09T19:21:58.738+0800][2454.246s] GC(942) Pause Young (Normal) (G1 Evacuation Pause) 393M->84M(512M) 1.671ms
[2023-04-09T19:21:58.738+0800][2454.247s] GC(942) User=0.00s Sys=0.00s Real=0.00s
[2023-04-09T19:21:59.179+0800][2454.689s] GC(943) Pause Young (Normal) (G1 Evacuation Pause)
[2023-04-09T19:21:59.179+0800][2454.689s] GC(943) Using 8 workers of 8 for evacuation
[2023-04-09T19:21:59.181+0800][2454.691s] GC(943)   Pre Evacuate Collection Set: 0.0ms
[2023-04-09T19:21:59.181+0800][2454.691s] GC(943)   Evacuate Collection Set: 1.2ms
[2023-04-09T19:21:59.181+0800][2454.691s] GC(943)   Post Evacuate Collection Set: 0.6ms
[2023-04-09T19:21:59.181+0800][2454.691s] GC(943)   Other: 0.2ms
[2023-04-09T19:21:59.181+0800][2454.691s] GC(943) Eden regions: 301->0(296)
[2023-04-09T19:21:59.181+0800][2454.691s] GC(943) Survivor regions: 6->11(39)
[2023-04-09T19:21:59.181+0800][2454.691s] GC(943) Old regions: 75->75
[2023-04-09T19:21:59.181+0800][2454.691s] GC(943) Humongous regions: 8->7
[2023-04-09T19:21:59.181+0800][2454.691s] GC(943) Metaspace: 61831K(64880K)->61831K(64880K) NonClass: 54879K(56740K)->54879K(56740K) Class: 6951K(8140K)->6951K(8140K)
[2023-04-09T19:21:59.181+0800][2454.691s] GC(943) Pause Young (Normal) (G1 Evacuation Pause) 388M->91M(512M) 2.095ms
[2023-04-09T19:21:59.181+0800][2454.691s] GC(943) User=0.00s Sys=0.00s Real=0.00s
[2023-04-09T19:21:59.785+0800][2455.294s] GC(944) Pause Young (Normal) (G1 Evacuation Pause)
[2023-04-09T19:21:59.785+0800][2455.294s] GC(944) Using 8 workers of 8 for evacuation
[2023-04-09T19:21:59.786+0800][2455.295s] GC(944)   Pre Evacuate Collection Set: 0.0ms
[2023-04-09T19:21:59.786+0800][2455.295s] GC(944)   Evacuate Collection Set: 1.1ms
[2023-04-09T19:21:59.787+0800][2455.296s] GC(944)   Post Evacuate Collection Set: 0.5ms
[2023-04-09T19:21:59.787+0800][2455.296s] GC(944)   Other: 0.1ms
[2023-04-09T19:21:59.787+0800][2455.296s] GC(944) Eden regions: 296->0(296)
[2023-04-09T19:21:59.787+0800][2455.296s] GC(944) Survivor regions: 11->11(39)
[2023-04-09T19:21:59.787+0800][2455.296s] GC(944) Old regions: 75->75
[2023-04-09T19:21:59.787+0800][2455.296s] GC(944) Humongous regions: 25->13
[2023-04-09T19:21:59.787+0800][2455.296s] GC(944) Metaspace: 61831K(64880K)->61831K(64880K) NonClass: 54879K(56740K)->54879K(56740K) Class: 6951K(8140K)->6951K(8140K)
[2023-04-09T19:21:59.787+0800][2455.296s] GC(944) Pause Young (Normal) (G1 Evacuation Pause) 405M->96M(512M) 2.126ms
[2023-04-09T19:21:59.787+0800][2455.296s] GC(944) User=0.00s Sys=0.00s Real=0.00s
[2023-04-09T19:22:00.267+0800][2455.777s] GC(945) Pause Young (Normal) (G1 Evacuation Pause)
[2023-04-09T19:22:00.267+0800][2455.777s] GC(945) Using 8 workers of 8 for evacuation
[2023-04-09T19:22:00.268+0800][2455.778s] GC(945)   Pre Evacuate Collection Set: 0.0ms
[2023-04-09T19:22:00.268+0800][2455.778s] GC(945)   Evacuate Collection Set: 0.6ms
[2023-04-09T19:22:00.268+0800][2455.778s] GC(945)   Post Evacuate Collection Set: 0.6ms
[2023-04-09T19:22:00.268+0800][2455.778s] GC(945)   Other: 0.2ms
[2023-04-09T19:22:00.269+0800][2455.778s] GC(945) Eden regions: 296->0(303)
[2023-04-09T19:22:00.269+0800][2455.778s] GC(945) Survivor regions: 11->4(39)
[2023-04-09T19:22:00.269+0800][2455.778s] GC(945) Old regions: 75->75
[2023-04-09T19:22:00.269+0800][2455.778s] GC(945) Humongous regions: 14->5
[2023-04-09T19:22:00.269+0800][2455.778s] GC(945) Metaspace: 61831K(64880K)->61831K(64880K) NonClass: 54879K(56740K)->54879K(56740K) Class: 6951K(8140K)->6951K(8140K)
[2023-04-09T19:22:00.269+0800][2455.778s] GC(945) Pause Young (Normal) (G1 Evacuation Pause) 393M->82M(512M) 1.490ms
[2023-04-09T19:22:00.269+0800][2455.778s] GC(945) User=0.00s Sys=0.00s Real=0.00s
[2023-04-09T19:22:00.772+0800][2456.281s] GC(946) Pause Young (Normal) (G1 Evacuation Pause)
[2023-04-09T19:22:00.772+0800][2456.281s] GC(946) Using 8 workers of 8 for evacuation
[2023-04-09T19:22:00.774+0800][2456.283s] GC(946)   Pre Evacuate Collection Set: 0.1ms
[2023-04-09T19:22:00.774+0800][2456.283s] GC(946)   Evacuate Collection Set: 1.1ms
[2023-04-09T19:22:00.774+0800][2456.283s] GC(946)   Post Evacuate Collection Set: 0.6ms
[2023-04-09T19:22:00.774+0800][2456.283s] GC(946)   Other: 0.3ms
[2023-04-09T19:22:00.774+0800][2456.283s] GC(946) Eden regions: 303->0(297)
[2023-04-09T19:22:00.774+0800][2456.283s] GC(946) Survivor regions: 4->10(39)
[2023-04-09T19:22:00.774+0800][2456.283s] GC(946) Old regions: 75->75
[2023-04-09T19:22:00.774+0800][2456.283s] GC(946) Humongous regions: 8->7
[2023-04-09T19:22:00.774+0800][2456.283s] GC(946) Metaspace: 61831K(64880K)->61831K(64880K) NonClass: 54879K(56740K)->54879K(56740K) Class: 6951K(8140K)->6951K(8140K)
[2023-04-09T19:22:00.774+0800][2456.283s] GC(946) Pause Young (Normal) (G1 Evacuation Pause) 388M->90M(512M) 2.335ms
[2023-04-09T19:22:00.774+0800][2456.283s] GC(946) User=0.00s Sys=0.00s Real=0.00s
[2023-04-09T19:22:01.349+0800][2456.858s] GC(947) Pause Young (Normal) (G1 Evacuation Pause)
[2023-04-09T19:22:01.349+0800][2456.858s] GC(947) Using 8 workers of 8 for evacuation
[2023-04-09T19:22:01.351+0800][2456.860s] GC(947)   Pre Evacuate Collection Set: 0.0ms
[2023-04-09T19:22:01.351+0800][2456.860s] GC(947)   Evacuate Collection Set: 1.1ms
[2023-04-09T19:22:01.351+0800][2456.860s] GC(947)   Post Evacuate Collection Set: 0.5ms
[2023-04-09T19:22:01.351+0800][2456.860s] GC(947)   Other: 0.1ms
[2023-04-09T19:22:01.351+0800][2456.860s] GC(947) Eden regions: 297->0(297)
[2023-04-09T19:22:01.351+0800][2456.860s] GC(947) Survivor regions: 10->10(39)
[2023-04-09T19:22:01.351+0800][2456.860s] GC(947) Old regions: 75->75
[2023-04-09T19:22:01.351+0800][2456.860s] GC(947) Humongous regions: 25->13
[2023-04-09T19:22:01.351+0800][2456.860s] GC(947) Metaspace: 61831K(64880K)->61831K(64880K) NonClass: 54879K(56740K)->54879K(56740K) Class: 6951K(8140K)->6951K(8140K)
[2023-04-09T19:22:01.351+0800][2456.860s] GC(947) Pause Young (Normal) (G1 Evacuation Pause) 405M->96M(512M) 2.026ms
[2023-04-09T19:22:01.351+0800][2456.860s] GC(947) User=0.00s Sys=0.00s Real=0.00s
[2023-04-09T19:22:01.808+0800][2457.317s] GC(948) Pause Young (Normal) (G1 Evacuation Pause)
[2023-04-09T19:22:01.808+0800][2457.317s] GC(948) Using 8 workers of 8 for evacuation
[2023-04-09T19:22:01.809+0800][2457.318s] GC(948)   Pre Evacuate Collection Set: 0.0ms
[2023-04-09T19:22:01.809+0800][2457.318s] GC(948)   Evacuate Collection Set: 0.5ms
[2023-04-09T19:22:01.809+0800][2457.318s] GC(948)   Post Evacuate Collection Set: 0.5ms
[2023-04-09T19:22:01.809+0800][2457.318s] GC(948)   Other: 0.1ms
[2023-04-09T19:22:01.809+0800][2457.318s] GC(948) Eden regions: 297->0(304)
[2023-04-09T19:22:01.809+0800][2457.318s] GC(948) Survivor regions: 10->3(39)
[2023-04-09T19:22:01.809+0800][2457.318s] GC(948) Old regions: 75->75
[2023-04-09T19:22:01.809+0800][2457.318s] GC(948) Humongous regions: 13->4
[2023-04-09T19:22:01.809+0800][2457.318s] GC(948) Metaspace: 61831K(64880K)->61831K(64880K) NonClass: 54879K(56740K)->54879K(56740K) Class: 6951K(8140K)->6951K(8140K)
[2023-04-09T19:22:01.809+0800][2457.318s] GC(948) Pause Young (Normal) (G1 Evacuation Pause) 393M->80M(512M) 1.277ms
[2023-04-09T19:22:01.809+0800][2457.318s] GC(948) User=0.00s Sys=0.00s Real=0.00s
[2023-04-09T19:23:16.409+0800][2531.917s] GC(949) Pause Young (Normal) (G1 Evacuation Pause)
[2023-04-09T19:23:16.409+0800][2531.917s] GC(949) Using 8 workers of 8 for evacuation
[2023-04-09T19:23:16.410+0800][2531.919s] GC(949)   Pre Evacuate Collection Set: 0.0ms
[2023-04-09T19:23:16.410+0800][2531.919s] GC(949)   Evacuate Collection Set: 0.7ms
[2023-04-09T19:23:16.410+0800][2531.919s] GC(949)   Post Evacuate Collection Set: 0.6ms
[2023-04-09T19:23:16.410+0800][2531.919s] GC(949)   Other: 0.2ms
[2023-04-09T19:23:16.410+0800][2531.919s] GC(949) Eden regions: 304->0(304)
[2023-04-09T19:23:16.410+0800][2531.919s] GC(949) Survivor regions: 3->3(39)
[2023-04-09T19:23:16.410+0800][2531.919s] GC(949) Old regions: 75->75
[2023-04-09T19:23:16.410+0800][2531.919s] GC(949) Humongous regions: 5->4
[2023-04-09T19:23:16.410+0800][2531.919s] GC(949) Metaspace: 61922K(64880K)->61922K(64880K) NonClass: 54963K(56740K)->54963K(56740K) Class: 6958K(8140K)->6958K(8140K)
[2023-04-09T19:23:16.410+0800][2531.919s] GC(949) Pause Young (Normal) (G1 Evacuation Pause) 385M->80M(512M) 1.668ms
[2023-04-09T19:23:16.410+0800][2531.919s] GC(949) User=0.00s Sys=0.00s Real=0.00s
[2023-04-09T19:23:16.898+0800][2532.407s] GC(950) Pause Young (Normal) (G1 Evacuation Pause)
[2023-04-09T19:23:16.898+0800][2532.407s] GC(950) Using 8 workers of 8 for evacuation
[2023-04-09T19:23:16.900+0800][2532.409s] GC(950)   Pre Evacuate Collection Set: 0.0ms
[2023-04-09T19:23:16.900+0800][2532.409s] GC(950)   Evacuate Collection Set: 1.2ms
[2023-04-09T19:23:16.900+0800][2532.409s] GC(950)   Post Evacuate Collection Set: 0.7ms
[2023-04-09T19:23:16.900+0800][2532.409s] GC(950)   Other: 0.1ms
[2023-04-09T19:23:16.900+0800][2532.409s] GC(950) Eden regions: 304->0(299)
[2023-04-09T19:23:16.900+0800][2532.409s] GC(950) Survivor regions: 3->8(39)
[2023-04-09T19:23:16.900+0800][2532.409s] GC(950) Old regions: 75->75
[2023-04-09T19:23:16.900+0800][2532.409s] GC(950) Humongous regions: 7->6
[2023-04-09T19:23:16.901+0800][2532.409s] GC(950) Metaspace: 61922K(64880K)->61922K(64880K) NonClass: 54963K(56740K)->54963K(56740K) Class: 6958K(8140K)->6958K(8140K)
[2023-04-09T19:23:16.901+0800][2532.409s] GC(950) Pause Young (Normal) (G1 Evacuation Pause) 387M->87M(512M) 2.263ms
[2023-04-09T19:23:16.901+0800][2532.409s] GC(950) User=0.00s Sys=0.00s Real=0.00s
[2023-04-09T19:23:17.401+0800][2532.911s] GC(951) Pause Young (Normal) (G1 Evacuation Pause)
[2023-04-09T19:23:17.401+0800][2532.911s] GC(951) Using 8 workers of 8 for evacuation
[2023-04-09T19:23:17.403+0800][2532.912s] GC(951)   Pre Evacuate Collection Set: 0.0ms
[2023-04-09T19:23:17.403+0800][2532.912s] GC(951)   Evacuate Collection Set: 1.2ms
[2023-04-09T19:23:17.403+0800][2532.912s] GC(951)   Post Evacuate Collection Set: 0.5ms
[2023-04-09T19:23:17.403+0800][2532.913s] GC(951)   Other: 0.2ms
[2023-04-09T19:23:17.403+0800][2532.913s] GC(951) Eden regions: 299->0(297)
[2023-04-09T19:23:17.403+0800][2532.913s] GC(951) Survivor regions: 8->10(39)
[2023-04-09T19:23:17.403+0800][2532.913s] GC(951) Old regions: 75->75
[2023-04-09T19:23:17.403+0800][2532.913s] GC(951) Humongous regions: 20->13
[2023-04-09T19:23:17.403+0800][2532.913s] GC(951) Metaspace: 61922K(64880K)->61922K(64880K) NonClass: 54963K(56740K)->54963K(56740K) Class: 6958K(8140K)->6958K(8140K)
[2023-04-09T19:23:17.403+0800][2532.913s] GC(951) Pause Young (Normal) (G1 Evacuation Pause) 400M->96M(512M) 2.039ms
[2023-04-09T19:23:17.403+0800][2532.913s] GC(951) User=0.00s Sys=0.02s Real=0.00s
[2023-04-09T19:23:17.951+0800][2533.460s] GC(952) Pause Young (Normal) (G1 Evacuation Pause)
[2023-04-09T19:23:17.951+0800][2533.460s] GC(952) Using 8 workers of 8 for evacuation
[2023-04-09T19:23:17.953+0800][2533.462s] GC(952)   Pre Evacuate Collection Set: 0.0ms
[2023-04-09T19:23:17.953+0800][2533.462s] GC(952)   Evacuate Collection Set: 1.3ms
[2023-04-09T19:23:17.953+0800][2533.462s] GC(952)   Post Evacuate Collection Set: 0.7ms
[2023-04-09T19:23:17.953+0800][2533.462s] GC(952)   Other: 0.2ms
[2023-04-09T19:23:17.953+0800][2533.462s] GC(952) Eden regions: 297->0(296)
[2023-04-09T19:23:17.953+0800][2533.462s] GC(952) Survivor regions: 10->11(39)
[2023-04-09T19:23:17.953+0800][2533.462s] GC(952) Old regions: 75->75
[2023-04-09T19:23:17.953+0800][2533.462s] GC(952) Humongous regions: 18->13
[2023-04-09T19:23:17.953+0800][2533.462s] GC(952) Metaspace: 61922K(64880K)->61922K(64880K) NonClass: 54963K(56740K)->54963K(56740K) Class: 6958K(8140K)->6958K(8140K)
[2023-04-09T19:23:17.953+0800][2533.462s] GC(952) Pause Young (Normal) (G1 Evacuation Pause) 398M->97M(512M) 2.327ms
[2023-04-09T19:23:17.953+0800][2533.463s] GC(952) User=0.00s Sys=0.00s Real=0.00s
[2023-04-09T19:23:18.484+0800][2533.993s] GC(953) Pause Young (Normal) (G1 Evacuation Pause)
[2023-04-09T19:23:18.484+0800][2533.993s] GC(953) Using 8 workers of 8 for evacuation
[2023-04-09T19:23:18.485+0800][2533.994s] GC(953)   Pre Evacuate Collection Set: 0.0ms
[2023-04-09T19:23:18.485+0800][2533.994s] GC(953)   Evacuate Collection Set: 0.8ms
[2023-04-09T19:23:18.485+0800][2533.994s] GC(953)   Post Evacuate Collection Set: 0.6ms
[2023-04-09T19:23:18.485+0800][2533.994s] GC(953)   Other: 0.2ms
[2023-04-09T19:23:18.485+0800][2533.994s] GC(953) Eden regions: 296->0(300)
[2023-04-09T19:23:18.485+0800][2533.994s] GC(953) Survivor regions: 11->7(39)
[2023-04-09T19:23:18.485+0800][2533.994s] GC(953) Old regions: 75->75
[2023-04-09T19:23:18.485+0800][2533.995s] GC(953) Humongous regions: 14->5
[2023-04-09T19:23:18.485+0800][2533.995s] GC(953) Metaspace: 61922K(64880K)->61922K(64880K) NonClass: 54963K(56740K)->54963K(56740K) Class: 6958K(8140K)->6958K(8140K)
[2023-04-09T19:23:18.485+0800][2533.995s] GC(953) Pause Young (Normal) (G1 Evacuation Pause) 394M->85M(512M) 1.789ms
[2023-04-09T19:23:18.485+0800][2533.995s] GC(953) User=0.00s Sys=0.00s Real=0.00s
[2023-04-09T19:23:18.951+0800][2534.461s] GC(954) Pause Young (Normal) (G1 Evacuation Pause)
[2023-04-09T19:23:18.951+0800][2534.461s] GC(954) Using 8 workers of 8 for evacuation
[2023-04-09T19:23:18.953+0800][2534.463s] GC(954)   Pre Evacuate Collection Set: 0.0ms
[2023-04-09T19:23:18.953+0800][2534.463s] GC(954)   Evacuate Collection Set: 1.2ms
[2023-04-09T19:23:18.953+0800][2534.463s] GC(954)   Post Evacuate Collection Set: 0.5ms
[2023-04-09T19:23:18.953+0800][2534.463s] GC(954)   Other: 0.2ms
[2023-04-09T19:23:18.953+0800][2534.463s] GC(954) Eden regions: 300->0(298)
[2023-04-09T19:23:18.953+0800][2534.463s] GC(954) Survivor regions: 7->9(39)
[2023-04-09T19:23:18.953+0800][2534.463s] GC(954) Old regions: 75->75
[2023-04-09T19:23:18.953+0800][2534.463s] GC(954) Humongous regions: 13->12
[2023-04-09T19:23:18.953+0800][2534.463s] GC(954) Metaspace: 61922K(64880K)->61922K(64880K) NonClass: 54963K(56740K)->54963K(56740K) Class: 6958K(8140K)->6958K(8140K)
[2023-04-09T19:23:18.953+0800][2534.463s] GC(954) Pause Young (Normal) (G1 Evacuation Pause) 393M->94M(512M) 2.118ms
[2023-04-09T19:23:18.954+0800][2534.463s] GC(954) User=0.00s Sys=0.00s Real=0.00s
[2023-04-09T19:23:19.590+0800][2535.100s] GC(955) Pause Young (Normal) (G1 Evacuation Pause)
[2023-04-09T19:23:19.591+0800][2535.100s] GC(955) Using 8 workers of 8 for evacuation
[2023-04-09T19:23:19.592+0800][2535.102s] GC(955)   Pre Evacuate Collection Set: 0.0ms
[2023-04-09T19:23:19.592+0800][2535.102s] GC(955)   Evacuate Collection Set: 1.2ms
[2023-04-09T19:23:19.592+0800][2535.102s] GC(955)   Post Evacuate Collection Set: 0.5ms
[2023-04-09T19:23:19.592+0800][2535.102s] GC(955)   Other: 0.2ms
[2023-04-09T19:23:19.592+0800][2535.102s] GC(955) Eden regions: 298->0(296)
[2023-04-09T19:23:19.593+0800][2535.102s] GC(955) Survivor regions: 9->11(39)
[2023-04-09T19:23:19.593+0800][2535.102s] GC(955) Old regions: 75->75
[2023-04-09T19:23:19.593+0800][2535.102s] GC(955) Humongous regions: 25->13
[2023-04-09T19:23:19.593+0800][2535.102s] GC(955) Metaspace: 61924K(64880K)->61924K(64880K) NonClass: 54965K(56740K)->54965K(56740K) Class: 6958K(8140K)->6958K(8140K)
[2023-04-09T19:23:19.593+0800][2535.102s] GC(955) Pause Young (Normal) (G1 Evacuation Pause) 405M->97M(512M) 2.145ms
[2023-04-09T19:23:19.593+0800][2535.102s] GC(955) User=0.00s Sys=0.00s Real=0.00s
[2023-04-09T19:23:20.233+0800][2535.742s] GC(956) Pause Young (Normal) (G1 Evacuation Pause)
[2023-04-09T19:23:20.233+0800][2535.742s] GC(956) Using 8 workers of 8 for evacuation
[2023-04-09T19:23:20.234+0800][2535.743s] GC(956)   Pre Evacuate Collection Set: 0.0ms
[2023-04-09T19:23:20.234+0800][2535.743s] GC(956)   Evacuate Collection Set: 0.8ms
[2023-04-09T19:23:20.234+0800][2535.743s] GC(956)   Post Evacuate Collection Set: 0.4ms
[2023-04-09T19:23:20.234+0800][2535.743s] GC(956)   Other: 0.2ms
[2023-04-09T19:23:20.234+0800][2535.743s] GC(956) Eden regions: 296->0(302)
[2023-04-09T19:23:20.234+0800][2535.743s] GC(956) Survivor regions: 11->5(39)
[2023-04-09T19:23:20.234+0800][2535.743s] GC(956) Old regions: 75->75
[2023-04-09T19:23:20.234+0800][2535.743s] GC(956) Humongous regions: 14->5
[2023-04-09T19:23:20.234+0800][2535.743s] GC(956) Metaspace: 61925K(64880K)->61925K(64880K) NonClass: 54967K(56740K)->54967K(56740K) Class: 6958K(8140K)->6958K(8140K)
[2023-04-09T19:23:20.234+0800][2535.743s] GC(956) Pause Young (Normal) (G1 Evacuation Pause) 394M->83M(512M) 1.623ms
[2023-04-09T19:23:20.234+0800][2535.743s] GC(956) User=0.00s Sys=0.00s Real=0.00s
[2023-04-09T19:23:20.767+0800][2536.276s] GC(957) Pause Young (Normal) (G1 Evacuation Pause)
[2023-04-09T19:23:20.767+0800][2536.276s] GC(957) Using 8 workers of 8 for evacuation
[2023-04-09T19:23:20.770+0800][2536.278s] GC(957)   Pre Evacuate Collection Set: 0.0ms
[2023-04-09T19:23:20.770+0800][2536.278s] GC(957)   Evacuate Collection Set: 1.7ms
[2023-04-09T19:23:20.770+0800][2536.278s] GC(957)   Post Evacuate Collection Set: 0.6ms
[2023-04-09T19:23:20.770+0800][2536.278s] GC(957)   Other: 0.2ms
[2023-04-09T19:23:20.770+0800][2536.278s] GC(957) Eden regions: 302->0(296)
[2023-04-09T19:23:20.770+0800][2536.278s] GC(957) Survivor regions: 5->11(39)
[2023-04-09T19:23:20.770+0800][2536.278s] GC(957) Old regions: 75->75
[2023-04-09T19:23:20.770+0800][2536.278s] GC(957) Humongous regions: 8->7
[2023-04-09T19:23:20.770+0800][2536.278s] GC(957) Metaspace: 61925K(64880K)->61925K(64880K) NonClass: 54967K(56740K)->54967K(56740K) Class: 6958K(8140K)->6958K(8140K)
[2023-04-09T19:23:20.770+0800][2536.279s] GC(957) Pause Young (Normal) (G1 Evacuation Pause) 388M->90M(512M) 2.723ms
[2023-04-09T19:23:20.770+0800][2536.279s] GC(957) User=0.00s Sys=0.00s Real=0.00s
[2023-04-09T19:23:21.378+0800][2536.886s] GC(958) Pause Young (Normal) (G1 Evacuation Pause)
[2023-04-09T19:23:21.378+0800][2536.887s] GC(958) Using 8 workers of 8 for evacuation
[2023-04-09T19:23:21.381+0800][2536.889s] GC(958)   Pre Evacuate Collection Set: 0.0ms
[2023-04-09T19:23:21.381+0800][2536.889s] GC(958)   Evacuate Collection Set: 1.9ms
[2023-04-09T19:23:21.381+0800][2536.889s] GC(958)   Post Evacuate Collection Set: 0.5ms
[2023-04-09T19:23:21.381+0800][2536.889s] GC(958)   Other: 0.3ms
[2023-04-09T19:23:21.381+0800][2536.889s] GC(958) Eden regions: 296->0(296)
[2023-04-09T19:23:21.381+0800][2536.889s] GC(958) Survivor regions: 11->11(39)
[2023-04-09T19:23:21.381+0800][2536.889s] GC(958) Old regions: 75->75
[2023-04-09T19:23:21.381+0800][2536.889s] GC(958) Humongous regions: 25->13
[2023-04-09T19:23:21.381+0800][2536.889s] GC(958) Metaspace: 61925K(64880K)->61925K(64880K) NonClass: 54967K(56740K)->54967K(56740K) Class: 6958K(8140K)->6958K(8140K)
[2023-04-09T19:23:21.381+0800][2536.889s] GC(958) Pause Young (Normal) (G1 Evacuation Pause) 404M->96M(512M) 2.940ms
[2023-04-09T19:23:21.381+0800][2536.889s] GC(958) User=0.00s Sys=0.00s Real=0.00s
[2023-04-09T19:23:21.862+0800][2537.371s] GC(959) Pause Young (Normal) (G1 Evacuation Pause)
[2023-04-09T19:23:21.862+0800][2537.371s] GC(959) Using 8 workers of 8 for evacuation
[2023-04-09T19:23:21.864+0800][2537.373s] GC(959)   Pre Evacuate Collection Set: 0.0ms
[2023-04-09T19:23:21.864+0800][2537.373s] GC(959)   Evacuate Collection Set: 0.8ms
[2023-04-09T19:23:21.864+0800][2537.373s] GC(959)   Post Evacuate Collection Set: 0.6ms
[2023-04-09T19:23:21.864+0800][2537.373s] GC(959)   Other: 0.3ms
[2023-04-09T19:23:21.864+0800][2537.373s] GC(959) Eden regions: 296->0(303)
[2023-04-09T19:23:21.864+0800][2537.373s] GC(959) Survivor regions: 11->4(39)
[2023-04-09T19:23:21.864+0800][2537.373s] GC(959) Old regions: 75->75
[2023-04-09T19:23:21.864+0800][2537.373s] GC(959) Humongous regions: 13->4
[2023-04-09T19:23:21.864+0800][2537.373s] GC(959) Metaspace: 61927K(64880K)->61927K(64880K) NonClass: 54968K(56740K)->54968K(56740K) Class: 6958K(8140K)->6958K(8140K)
[2023-04-09T19:23:21.864+0800][2537.373s] GC(959) Pause Young (Normal) (G1 Evacuation Pause) 392M->81M(512M) 1.846ms
[2023-04-09T19:23:21.864+0800][2537.373s] GC(959) User=0.00s Sys=0.00s Real=0.00s
[2023-04-09T19:23:22.303+0800][2537.812s] GC(960) Pause Young (Normal) (G1 Evacuation Pause)
[2023-04-09T19:23:22.303+0800][2537.812s] GC(960) Using 8 workers of 8 for evacuation
[2023-04-09T19:23:22.304+0800][2537.814s] GC(960)   Pre Evacuate Collection Set: 0.0ms
[2023-04-09T19:23:22.304+0800][2537.814s] GC(960)   Evacuate Collection Set: 1.1ms
[2023-04-09T19:23:22.304+0800][2537.814s] GC(960)   Post Evacuate Collection Set: 0.6ms
[2023-04-09T19:23:22.304+0800][2537.814s] GC(960)   Other: 0.2ms
[2023-04-09T19:23:22.304+0800][2537.814s] GC(960) Eden regions: 303->0(298)
[2023-04-09T19:23:22.304+0800][2537.814s] GC(960) Survivor regions: 4->9(39)
[2023-04-09T19:23:22.304+0800][2537.814s] GC(960) Old regions: 75->75
[2023-04-09T19:23:22.304+0800][2537.814s] GC(960) Humongous regions: 7->6
[2023-04-09T19:23:22.304+0800][2537.814s] GC(960) Metaspace: 61927K(64880K)->61927K(64880K) NonClass: 54968K(56740K)->54968K(56740K) Class: 6958K(8140K)->6958K(8140K)
[2023-04-09T19:23:22.304+0800][2537.814s] GC(960) Pause Young (Normal) (G1 Evacuation Pause) 387M->88M(512M) 2.113ms
[2023-04-09T19:23:22.304+0800][2537.814s] GC(960) User=0.00s Sys=0.00s Real=0.00s
[2023-04-09T19:23:22.757+0800][2538.266s] GC(961) Pause Young (Normal) (G1 Evacuation Pause)
[2023-04-09T19:23:22.757+0800][2538.266s] GC(961) Using 8 workers of 8 for evacuation
[2023-04-09T19:23:22.759+0800][2538.269s] GC(961)   Pre Evacuate Collection Set: 0.0ms
[2023-04-09T19:23:22.759+0800][2538.269s] GC(961)   Evacuate Collection Set: 1.5ms
[2023-04-09T19:23:22.759+0800][2538.269s] GC(961)   Post Evacuate Collection Set: 0.8ms
[2023-04-09T19:23:22.759+0800][2538.269s] GC(961)   Other: 0.2ms
[2023-04-09T19:23:22.759+0800][2538.269s] GC(961) Eden regions: 298->0(296)
[2023-04-09T19:23:22.759+0800][2538.269s] GC(961) Survivor regions: 9->11(39)
[2023-04-09T19:23:22.759+0800][2538.269s] GC(961) Old regions: 75->75
[2023-04-09T19:23:22.759+0800][2538.269s] GC(961) Humongous regions: 25->13
[2023-04-09T19:23:22.759+0800][2538.269s] GC(961) Metaspace: 61927K(64880K)->61927K(64880K) NonClass: 54968K(56740K)->54968K(56740K) Class: 6958K(8140K)->6958K(8140K)
[2023-04-09T19:23:22.760+0800][2538.269s] GC(961) Pause Young (Normal) (G1 Evacuation Pause) 405M->97M(512M) 2.677ms
[2023-04-09T19:23:22.760+0800][2538.269s] GC(961) User=0.00s Sys=0.00s Real=0.00s
[2023-04-09T19:23:23.368+0800][2538.878s] GC(962) Pause Young (Normal) (G1 Evacuation Pause)
[2023-04-09T19:23:23.369+0800][2538.878s] GC(962) Using 8 workers of 8 for evacuation
[2023-04-09T19:23:23.370+0800][2538.879s] GC(962)   Pre Evacuate Collection Set: 0.0ms
[2023-04-09T19:23:23.370+0800][2538.879s] GC(962)   Evacuate Collection Set: 0.6ms
[2023-04-09T19:23:23.370+0800][2538.879s] GC(962)   Post Evacuate Collection Set: 0.4ms
[2023-04-09T19:23:23.370+0800][2538.879s] GC(962)   Other: 0.2ms
[2023-04-09T19:23:23.370+0800][2538.879s] GC(962) Eden regions: 296->0(305)
[2023-04-09T19:23:23.370+0800][2538.879s] GC(962) Survivor regions: 11->2(39)
[2023-04-09T19:23:23.370+0800][2538.879s] GC(962) Old regions: 75->75
[2023-04-09T19:23:23.370+0800][2538.879s] GC(962) Humongous regions: 13->4
[2023-04-09T19:23:23.370+0800][2538.879s] GC(962) Metaspace: 61927K(64880K)->61927K(64880K) NonClass: 54968K(56740K)->54968K(56740K) Class: 6958K(8140K)->6958K(8140K)
[2023-04-09T19:23:23.370+0800][2538.879s] GC(962) Pause Young (Normal) (G1 Evacuation Pause) 393M->79M(512M) 1.406ms
[2023-04-09T19:23:23.370+0800][2538.879s] GC(962) User=0.00s Sys=0.00s Real=0.00s
[2023-04-09T19:23:23.810+0800][2539.319s] GC(963) Pause Young (Normal) (G1 Evacuation Pause)
[2023-04-09T19:23:23.810+0800][2539.319s] GC(963) Using 8 workers of 8 for evacuation
[2023-04-09T19:23:23.812+0800][2539.321s] GC(963)   Pre Evacuate Collection Set: 0.0ms
[2023-04-09T19:23:23.812+0800][2539.321s] GC(963)   Evacuate Collection Set: 1.0ms
[2023-04-09T19:23:23.812+0800][2539.321s] GC(963)   Post Evacuate Collection Set: 0.6ms
[2023-04-09T19:23:23.812+0800][2539.321s] GC(963)   Other: 0.2ms
[2023-04-09T19:23:23.812+0800][2539.321s] GC(963) Eden regions: 305->0(299)
[2023-04-09T19:23:23.812+0800][2539.321s] GC(963) Survivor regions: 2->8(39)
[2023-04-09T19:23:23.812+0800][2539.321s] GC(963) Old regions: 75->75
[2023-04-09T19:23:23.812+0800][2539.321s] GC(963) Humongous regions: 7->6
[2023-04-09T19:23:23.812+0800][2539.321s] GC(963) Metaspace: 61927K(64880K)->61927K(64880K) NonClass: 54968K(56740K)->54968K(56740K) Class: 6958K(8140K)->6958K(8140K)
[2023-04-09T19:23:23.812+0800][2539.321s] GC(963) Pause Young (Normal) (G1 Evacuation Pause) 387M->87M(512M) 2.147ms
[2023-04-09T19:23:23.812+0800][2539.321s] GC(963) User=0.00s Sys=0.00s Real=0.00s
[2023-04-09T19:23:24.270+0800][2539.779s] GC(964) Pause Young (Normal) (G1 Evacuation Pause)
[2023-04-09T19:23:24.270+0800][2539.779s] GC(964) Using 8 workers of 8 for evacuation
[2023-04-09T19:23:24.272+0800][2539.781s] GC(964)   Pre Evacuate Collection Set: 0.0ms
[2023-04-09T19:23:24.272+0800][2539.781s] GC(964)   Evacuate Collection Set: 1.2ms
[2023-04-09T19:23:24.272+0800][2539.781s] GC(964)   Post Evacuate Collection Set: 0.6ms
[2023-04-09T19:23:24.272+0800][2539.781s] GC(964)   Other: 0.2ms
[2023-04-09T19:23:24.272+0800][2539.781s] GC(964) Eden regions: 299->0(297)
[2023-04-09T19:23:24.272+0800][2539.781s] GC(964) Survivor regions: 8->10(39)
[2023-04-09T19:23:24.272+0800][2539.781s] GC(964) Old regions: 75->75
[2023-04-09T19:23:24.272+0800][2539.781s] GC(964) Humongous regions: 20->13
[2023-04-09T19:23:24.272+0800][2539.781s] GC(964) Metaspace: 61927K(64880K)->61927K(64880K) NonClass: 54968K(56740K)->54968K(56740K) Class: 6958K(8140K)->6958K(8140K)
[2023-04-09T19:23:24.272+0800][2539.781s] GC(964) Pause Young (Normal) (G1 Evacuation Pause) 400M->96M(512M) 2.161ms
[2023-04-09T19:23:24.272+0800][2539.781s] GC(964) User=0.00s Sys=0.00s Real=0.00s
[2023-04-09T19:23:24.948+0800][2540.458s] GC(965) Pause Young (Normal) (G1 Evacuation Pause)
[2023-04-09T19:23:24.948+0800][2540.458s] GC(965) Using 8 workers of 8 for evacuation
[2023-04-09T19:23:24.949+0800][2540.459s] GC(965)   Pre Evacuate Collection Set: 0.0ms
[2023-04-09T19:23:24.949+0800][2540.459s] GC(965)   Evacuate Collection Set: 0.3ms
[2023-04-09T19:23:24.949+0800][2540.459s] GC(965)   Post Evacuate Collection Set: 0.4ms
[2023-04-09T19:23:24.949+0800][2540.459s] GC(965)   Other: 0.2ms
[2023-04-09T19:23:24.949+0800][2540.459s] GC(965) Eden regions: 297->0(306)
[2023-04-09T19:23:24.949+0800][2540.459s] GC(965) Survivor regions: 10->1(39)
[2023-04-09T19:23:24.949+0800][2540.459s] GC(965) Old regions: 75->75
[2023-04-09T19:23:24.949+0800][2540.459s] GC(965) Humongous regions: 18->4
[2023-04-09T19:23:24.949+0800][2540.459s] GC(965) Metaspace: 61928K(64880K)->61928K(64880K) NonClass: 54970K(56740K)->54970K(56740K) Class: 6958K(8140K)->6958K(8140K)
[2023-04-09T19:23:24.949+0800][2540.459s] GC(965) Pause Young (Normal) (G1 Evacuation Pause) 398M->78M(512M) 1.172ms
[2023-04-09T19:23:24.950+0800][2540.459s] GC(965) User=0.09s Sys=0.00s Real=0.00s
[2023-04-09T19:23:25.404+0800][2540.913s] GC(966) Pause Young (Normal) (G1 Evacuation Pause)
[2023-04-09T19:23:25.404+0800][2540.913s] GC(966) Using 8 workers of 8 for evacuation
[2023-04-09T19:23:25.406+0800][2540.915s] GC(966)   Pre Evacuate Collection Set: 0.0ms
[2023-04-09T19:23:25.406+0800][2540.915s] GC(966)   Evacuate Collection Set: 0.7ms
[2023-04-09T19:23:25.406+0800][2540.915s] GC(966)   Post Evacuate Collection Set: 0.7ms
[2023-04-09T19:23:25.406+0800][2540.915s] GC(966)   Other: 0.2ms
[2023-04-09T19:23:25.406+0800][2540.915s] GC(966) Eden regions: 306->0(300)
[2023-04-09T19:23:25.406+0800][2540.915s] GC(966) Survivor regions: 1->7(39)
[2023-04-09T19:23:25.406+0800][2540.915s] GC(966) Old regions: 75->75
[2023-04-09T19:23:25.406+0800][2540.915s] GC(966) Humongous regions: 7->6
[2023-04-09T19:23:25.406+0800][2540.915s] GC(966) Metaspace: 61928K(64880K)->61928K(64880K) NonClass: 54970K(56740K)->54970K(56740K) Class: 6958K(8140K)->6958K(8140K)
[2023-04-09T19:23:25.406+0800][2540.915s] GC(966) Pause Young (Normal) (G1 Evacuation Pause) 387M->86M(512M) 1.729ms
[2023-04-09T19:23:25.406+0800][2540.915s] GC(966) User=0.00s Sys=0.00s Real=0.00s
[2023-04-09T19:23:25.892+0800][2541.401s] GC(967) Pause Young (Normal) (G1 Evacuation Pause)
[2023-04-09T19:23:25.892+0800][2541.401s] GC(967) Using 8 workers of 8 for evacuation
[2023-04-09T19:23:25.894+0800][2541.403s] GC(967)   Pre Evacuate Collection Set: 0.0ms
[2023-04-09T19:23:25.894+0800][2541.403s] GC(967)   Evacuate Collection Set: 1.0ms
[2023-04-09T19:23:25.894+0800][2541.403s] GC(967)   Post Evacuate Collection Set: 0.7ms
[2023-04-09T19:23:25.894+0800][2541.403s] GC(967)   Other: 0.2ms
[2023-04-09T19:23:25.894+0800][2541.403s] GC(967) Eden regions: 300->0(298)
[2023-04-09T19:23:25.894+0800][2541.403s] GC(967) Survivor regions: 7->9(39)
[2023-04-09T19:23:25.894+0800][2541.403s] GC(967) Old regions: 75->75
[2023-04-09T19:23:25.894+0800][2541.403s] GC(967) Humongous regions: 12->12
[2023-04-09T19:23:25.894+0800][2541.403s] GC(967) Metaspace: 61928K(64880K)->61928K(64880K) NonClass: 54970K(56740K)->54970K(56740K) Class: 6958K(8140K)->6958K(8140K)
[2023-04-09T19:23:25.894+0800][2541.403s] GC(967) Pause Young (Normal) (G1 Evacuation Pause) 392M->94M(512M) 2.065ms
[2023-04-09T19:23:25.894+0800][2541.403s] GC(967) User=0.00s Sys=0.00s Real=0.00s
[2023-04-09T19:23:26.478+0800][2541.986s] GC(968) Pause Young (Normal) (G1 Evacuation Pause)
[2023-04-09T19:23:26.478+0800][2541.986s] GC(968) Using 8 workers of 8 for evacuation
[2023-04-09T19:23:26.480+0800][2541.989s] GC(968)   Pre Evacuate Collection Set: 0.0ms
[2023-04-09T19:23:26.480+0800][2541.989s] GC(968)   Evacuate Collection Set: 1.4ms
[2023-04-09T19:23:26.480+0800][2541.989s] GC(968)   Post Evacuate Collection Set: 0.6ms
[2023-04-09T19:23:26.480+0800][2541.989s] GC(968)   Other: 0.2ms
[2023-04-09T19:23:26.480+0800][2541.989s] GC(968) Eden regions: 298->0(297)
[2023-04-09T19:23:26.480+0800][2541.989s] GC(968) Survivor regions: 9->10(39)
[2023-04-09T19:23:26.480+0800][2541.989s] GC(968) Old regions: 75->75
[2023-04-09T19:23:26.480+0800][2541.989s] GC(968) Humongous regions: 25->13
[2023-04-09T19:23:26.480+0800][2541.989s] GC(968) Metaspace: 61928K(64880K)->61928K(64880K) NonClass: 54970K(56740K)->54970K(56740K) Class: 6958K(8140K)->6958K(8140K)
[2023-04-09T19:23:26.480+0800][2541.989s] GC(968) Pause Young (Normal) (G1 Evacuation Pause) 405M->97M(512M) 2.563ms
[2023-04-09T19:23:26.480+0800][2541.989s] GC(968) User=0.00s Sys=0.02s Real=0.00s
[2023-04-09T19:23:27.159+0800][2542.668s] GC(969) Pause Young (Normal) (G1 Evacuation Pause)
[2023-04-09T19:23:27.159+0800][2542.668s] GC(969) Using 8 workers of 8 for evacuation
[2023-04-09T19:23:27.160+0800][2542.669s] GC(969)   Pre Evacuate Collection Set: 0.0ms
[2023-04-09T19:23:27.160+0800][2542.669s] GC(969)   Evacuate Collection Set: 0.6ms
[2023-04-09T19:23:27.160+0800][2542.669s] GC(969)   Post Evacuate Collection Set: 0.4ms
[2023-04-09T19:23:27.160+0800][2542.669s] GC(969)   Other: 0.2ms
[2023-04-09T19:23:27.160+0800][2542.669s] GC(969) Eden regions: 297->0(302)
[2023-04-09T19:23:27.160+0800][2542.669s] GC(969) Survivor regions: 10->5(39)
[2023-04-09T19:23:27.160+0800][2542.669s] GC(969) Old regions: 75->75
[2023-04-09T19:23:27.160+0800][2542.669s] GC(969) Humongous regions: 14->5
[2023-04-09T19:23:27.160+0800][2542.669s] GC(969) Metaspace: 61928K(64880K)->61928K(64880K) NonClass: 54970K(56740K)->54970K(56740K) Class: 6958K(8140K)->6958K(8140K)
[2023-04-09T19:23:27.160+0800][2542.669s] GC(969) Pause Young (Normal) (G1 Evacuation Pause) 395M->84M(512M) 1.446ms
[2023-04-09T19:23:27.160+0800][2542.669s] GC(969) User=0.00s Sys=0.00s Real=0.00s
[2023-04-09T19:23:27.677+0800][2543.187s] GC(970) Pause Young (Normal) (G1 Evacuation Pause)
[2023-04-09T19:23:27.677+0800][2543.187s] GC(970) Using 8 workers of 8 for evacuation
[2023-04-09T19:23:27.680+0800][2543.189s] GC(970)   Pre Evacuate Collection Set: 0.0ms
[2023-04-09T19:23:27.680+0800][2543.189s] GC(970)   Evacuate Collection Set: 2.0ms
[2023-04-09T19:23:27.680+0800][2543.190s] GC(970)   Post Evacuate Collection Set: 0.6ms
[2023-04-09T19:23:27.681+0800][2543.190s] GC(970)   Other: 0.2ms
[2023-04-09T19:23:27.681+0800][2543.190s] GC(970) Eden regions: 302->0(296)
[2023-04-09T19:23:27.681+0800][2543.190s] GC(970) Survivor regions: 5->11(39)
[2023-04-09T19:23:27.681+0800][2543.190s] GC(970) Old regions: 75->75
[2023-04-09T19:23:27.681+0800][2543.190s] GC(970) Humongous regions: 8->7
[2023-04-09T19:23:27.681+0800][2543.190s] GC(970) Metaspace: 61928K(64880K)->61928K(64880K) NonClass: 54970K(56740K)->54970K(56740K) Class: 6958K(8140K)->6958K(8140K)
[2023-04-09T19:23:27.681+0800][2543.190s] GC(970) Pause Young (Normal) (G1 Evacuation Pause) 389M->91M(512M) 3.334ms
[2023-04-09T19:23:27.681+0800][2543.190s] GC(970) User=0.00s Sys=0.00s Real=0.00s
[2023-04-09T19:23:28.347+0800][2543.856s] GC(971) Pause Young (Normal) (G1 Evacuation Pause)
[2023-04-09T19:23:28.347+0800][2543.856s] GC(971) Using 8 workers of 8 for evacuation
[2023-04-09T19:23:28.349+0800][2543.858s] GC(971)   Pre Evacuate Collection Set: 0.0ms
[2023-04-09T19:23:28.349+0800][2543.858s] GC(971)   Evacuate Collection Set: 1.1ms
[2023-04-09T19:23:28.349+0800][2543.858s] GC(971)   Post Evacuate Collection Set: 0.5ms
[2023-04-09T19:23:28.349+0800][2543.858s] GC(971)   Other: 0.2ms
[2023-04-09T19:23:28.349+0800][2543.858s] GC(971) Eden regions: 296->0(296)
[2023-04-09T19:23:28.349+0800][2543.858s] GC(971) Survivor regions: 11->11(39)
[2023-04-09T19:23:28.349+0800][2543.858s] GC(971) Old regions: 75->75
[2023-04-09T19:23:28.349+0800][2543.858s] GC(971) Humongous regions: 25->13
[2023-04-09T19:23:28.349+0800][2543.858s] GC(971) Metaspace: 61928K(64880K)->61928K(64880K) NonClass: 54970K(56740K)->54970K(56740K) Class: 6958K(8140K)->6958K(8140K)
[2023-04-09T19:23:28.349+0800][2543.858s] GC(971) Pause Young (Normal) (G1 Evacuation Pause) 405M->97M(512M) 2.121ms
[2023-04-09T19:23:28.349+0800][2543.858s] GC(971) User=0.00s Sys=0.00s Real=0.00s
[2023-04-09T19:23:28.923+0800][2544.432s] GC(972) Pause Young (Normal) (G1 Evacuation Pause)
[2023-04-09T19:23:28.923+0800][2544.432s] GC(972) Using 8 workers of 8 for evacuation
[2023-04-09T19:23:28.924+0800][2544.433s] GC(972)   Pre Evacuate Collection Set: 0.0ms
[2023-04-09T19:23:28.924+0800][2544.433s] GC(972)   Evacuate Collection Set: 0.5ms
[2023-04-09T19:23:28.924+0800][2544.433s] GC(972)   Post Evacuate Collection Set: 0.6ms
[2023-04-09T19:23:28.924+0800][2544.433s] GC(972)   Other: 0.1ms
[2023-04-09T19:23:28.924+0800][2544.433s] GC(972) Eden regions: 296->0(303)
[2023-04-09T19:23:28.924+0800][2544.433s] GC(972) Survivor regions: 11->4(39)
[2023-04-09T19:23:28.924+0800][2544.433s] GC(972) Old regions: 75->75
[2023-04-09T19:23:28.924+0800][2544.433s] GC(972) Humongous regions: 14->5
[2023-04-09T19:23:28.924+0800][2544.433s] GC(972) Metaspace: 61930K(64880K)->61930K(64880K) NonClass: 54971K(56740K)->54971K(56740K) Class: 6958K(8140K)->6958K(8140K)
[2023-04-09T19:23:28.924+0800][2544.433s] GC(972) Pause Young (Normal) (G1 Evacuation Pause) 394M->82M(512M) 1.365ms
[2023-04-09T19:23:28.924+0800][2544.433s] GC(972) User=0.00s Sys=0.00s Real=0.00s
[2023-04-09T19:23:29.421+0800][2544.931s] GC(973) Pause Young (Normal) (G1 Evacuation Pause)
[2023-04-09T19:23:29.421+0800][2544.931s] GC(973) Using 8 workers of 8 for evacuation
[2023-04-09T19:23:29.424+0800][2544.933s] GC(973)   Pre Evacuate Collection Set: 0.0ms
[2023-04-09T19:23:29.424+0800][2544.933s] GC(973)   Evacuate Collection Set: 1.0ms
[2023-04-09T19:23:29.424+0800][2544.933s] GC(973)   Post Evacuate Collection Set: 0.6ms
[2023-04-09T19:23:29.424+0800][2544.933s] GC(973)   Other: 0.1ms
[2023-04-09T19:23:29.424+0800][2544.933s] GC(973) Eden regions: 303->0(297)
[2023-04-09T19:23:29.424+0800][2544.933s] GC(973) Survivor regions: 4->10(39)
[2023-04-09T19:23:29.424+0800][2544.933s] GC(973) Old regions: 75->75
[2023-04-09T19:23:29.424+0800][2544.933s] GC(973) Humongous regions: 8->7
[2023-04-09T19:23:29.424+0800][2544.933s] GC(973) Metaspace: 61930K(64880K)->61930K(64880K) NonClass: 54971K(56740K)->54971K(56740K) Class: 6958K(8140K)->6958K(8140K)
[2023-04-09T19:23:29.424+0800][2544.933s] GC(973) Pause Young (Normal) (G1 Evacuation Pause) 388M->90M(512M) 1.896ms
[2023-04-09T19:23:29.424+0800][2544.933s] GC(973) User=0.00s Sys=0.00s Real=0.00s
[2023-04-09T19:23:30.234+0800][2545.744s] GC(974) Pause Young (Normal) (G1 Evacuation Pause)
[2023-04-09T19:23:30.234+0800][2545.744s] GC(974) Using 8 workers of 8 for evacuation
[2023-04-09T19:23:30.236+0800][2545.745s] GC(974)   Pre Evacuate Collection Set: 0.0ms
[2023-04-09T19:23:30.236+0800][2545.745s] GC(974)   Evacuate Collection Set: 1.1ms
[2023-04-09T19:23:30.236+0800][2545.745s] GC(974)   Post Evacuate Collection Set: 0.5ms
[2023-04-09T19:23:30.236+0800][2545.746s] GC(974)   Other: 0.2ms
[2023-04-09T19:23:30.236+0800][2545.746s] GC(974) Eden regions: 297->0(297)
[2023-04-09T19:23:30.236+0800][2545.746s] GC(974) Survivor regions: 10->10(39)
[2023-04-09T19:23:30.236+0800][2545.746s] GC(974) Old regions: 75->75
[2023-04-09T19:23:30.236+0800][2545.746s] GC(974) Humongous regions: 25->13
[2023-04-09T19:23:30.236+0800][2545.746s] GC(974) Metaspace: 61930K(64880K)->61930K(64880K) NonClass: 54971K(56740K)->54971K(56740K) Class: 6958K(8140K)->6958K(8140K)
[2023-04-09T19:23:30.236+0800][2545.746s] GC(974) Pause Young (Normal) (G1 Evacuation Pause) 405M->97M(512M) 2.015ms
[2023-04-09T19:23:30.236+0800][2545.746s] GC(974) User=0.00s Sys=0.00s Real=0.00s
[2023-04-09T19:23:30.856+0800][2546.364s] GC(975) Pause Young (Normal) (G1 Evacuation Pause)
[2023-04-09T19:23:30.856+0800][2546.364s] GC(975) Using 8 workers of 8 for evacuation
[2023-04-09T19:23:30.857+0800][2546.366s] GC(975)   Pre Evacuate Collection Set: 0.0ms
[2023-04-09T19:23:30.857+0800][2546.366s] GC(975)   Evacuate Collection Set: 0.5ms
[2023-04-09T19:23:30.857+0800][2546.366s] GC(975)   Post Evacuate Collection Set: 0.6ms
[2023-04-09T19:23:30.857+0800][2546.366s] GC(975)   Other: 0.1ms
[2023-04-09T19:23:30.857+0800][2546.366s] GC(975) Eden regions: 297->0(304)
[2023-04-09T19:23:30.857+0800][2546.366s] GC(975) Survivor regions: 10->3(39)
[2023-04-09T19:23:30.857+0800][2546.366s] GC(975) Old regions: 75->75
[2023-04-09T19:23:30.857+0800][2546.366s] GC(975) Humongous regions: 13->4
[2023-04-09T19:23:30.857+0800][2546.366s] GC(975) Metaspace: 61930K(64880K)->61930K(64880K) NonClass: 54971K(56740K)->54971K(56740K) Class: 6958K(8140K)->6958K(8140K)
[2023-04-09T19:23:30.857+0800][2546.366s] GC(975) Pause Young (Normal) (G1 Evacuation Pause) 394M->80M(512M) 1.381ms
[2023-04-09T19:23:30.857+0800][2546.366s] GC(975) User=0.00s Sys=0.00s Real=0.00s
[2023-04-09T19:23:31.358+0800][2546.866s] GC(976) Pause Young (Normal) (G1 Evacuation Pause)
[2023-04-09T19:23:31.358+0800][2546.867s] GC(976) Using 8 workers of 8 for evacuation
[2023-04-09T19:23:31.359+0800][2546.868s] GC(976)   Pre Evacuate Collection Set: 0.0ms
[2023-04-09T19:23:31.359+0800][2546.868s] GC(976)   Evacuate Collection Set: 1.0ms
[2023-04-09T19:23:31.359+0800][2546.868s] GC(976)   Post Evacuate Collection Set: 0.5ms
[2023-04-09T19:23:31.359+0800][2546.868s] GC(976)   Other: 0.2ms
[2023-04-09T19:23:31.359+0800][2546.868s] GC(976) Eden regions: 304->0(299)
[2023-04-09T19:23:31.359+0800][2546.868s] GC(976) Survivor regions: 3->8(39)
[2023-04-09T19:23:31.359+0800][2546.868s] GC(976) Old regions: 75->75
[2023-04-09T19:23:31.359+0800][2546.868s] GC(976) Humongous regions: 7->6
[2023-04-09T19:23:31.359+0800][2546.868s] GC(976) Metaspace: 61930K(64880K)->61930K(64880K) NonClass: 54971K(56740K)->54971K(56740K) Class: 6958K(8140K)->6958K(8140K)
[2023-04-09T19:23:31.359+0800][2546.868s] GC(976) Pause Young (Normal) (G1 Evacuation Pause) 387M->88M(512M) 1.978ms
[2023-04-09T19:23:31.360+0800][2546.869s] GC(976) User=0.00s Sys=0.00s Real=0.00s
[2023-04-09T19:23:31.907+0800][2547.417s] GC(977) Pause Young (Normal) (G1 Evacuation Pause)
[2023-04-09T19:23:31.909+0800][2547.417s] GC(977) Using 8 workers of 8 for evacuation
[2023-04-09T19:23:31.910+0800][2547.419s] GC(977)   Pre Evacuate Collection Set: 0.0ms
[2023-04-09T19:23:31.910+0800][2547.419s] GC(977)   Evacuate Collection Set: 1.5ms
[2023-04-09T19:23:31.910+0800][2547.419s] GC(977)   Post Evacuate Collection Set: 0.4ms
[2023-04-09T19:23:31.910+0800][2547.419s] GC(977)   Other: 0.3ms
[2023-04-09T19:23:31.910+0800][2547.419s] GC(977) Eden regions: 299->0(297)
[2023-04-09T19:23:31.910+0800][2547.419s] GC(977) Survivor regions: 8->10(39)
[2023-04-09T19:23:31.910+0800][2547.419s] GC(977) Old regions: 75->75
[2023-04-09T19:23:31.910+0800][2547.419s] GC(977) Humongous regions: 20->13
[2023-04-09T19:23:31.910+0800][2547.419s] GC(977) Metaspace: 61930K(64880K)->61930K(64880K) NonClass: 54971K(56740K)->54971K(56740K) Class: 6958K(8140K)->6958K(8140K)
[2023-04-09T19:23:31.910+0800][2547.419s] GC(977) Pause Young (Normal) (G1 Evacuation Pause) 401M->97M(512M) 2.584ms
[2023-04-09T19:23:31.910+0800][2547.420s] GC(977) User=0.00s Sys=0.00s Real=0.00s
[2023-04-09T19:23:32.595+0800][2548.104s] GC(978) Pause Young (Normal) (G1 Evacuation Pause)
[2023-04-09T19:23:32.595+0800][2548.104s] GC(978) Using 8 workers of 8 for evacuation
[2023-04-09T19:23:32.596+0800][2548.105s] GC(978)   Pre Evacuate Collection Set: 0.0ms
[2023-04-09T19:23:32.596+0800][2548.105s] GC(978)   Evacuate Collection Set: 0.3ms
[2023-04-09T19:23:32.596+0800][2548.105s] GC(978)   Post Evacuate Collection Set: 0.5ms
[2023-04-09T19:23:32.596+0800][2548.105s] GC(978)   Other: 0.1ms
[2023-04-09T19:23:32.596+0800][2548.105s] GC(978) Eden regions: 297->0(306)
[2023-04-09T19:23:32.596+0800][2548.105s] GC(978) Survivor regions: 10->1(39)
[2023-04-09T19:23:32.596+0800][2548.105s] GC(978) Old regions: 75->75
[2023-04-09T19:23:32.596+0800][2548.105s] GC(978) Humongous regions: 18->4
[2023-04-09T19:23:32.596+0800][2548.105s] GC(978) Metaspace: 61931K(64880K)->61931K(64880K) NonClass: 54972K(56740K)->54972K(56740K) Class: 6958K(8140K)->6958K(8140K)
[2023-04-09T19:23:32.596+0800][2548.105s] GC(978) Pause Young (Normal) (G1 Evacuation Pause) 399M->78M(512M) 1.200ms
[2023-04-09T19:23:32.596+0800][2548.105s] GC(978) User=0.00s Sys=0.00s Real=0.00s
[2023-04-09T19:23:33.123+0800][2548.631s] GC(979) Pause Young (Normal) (G1 Evacuation Pause)
[2023-04-09T19:23:33.123+0800][2548.631s] GC(979) Using 8 workers of 8 for evacuation
[2023-04-09T19:23:33.124+0800][2548.633s] GC(979)   Pre Evacuate Collection Set: 0.0ms
[2023-04-09T19:23:33.124+0800][2548.633s] GC(979)   Evacuate Collection Set: 0.7ms
[2023-04-09T19:23:33.124+0800][2548.633s] GC(979)   Post Evacuate Collection Set: 0.5ms
[2023-04-09T19:23:33.124+0800][2548.633s] GC(979)   Other: 0.2ms
[2023-04-09T19:23:33.124+0800][2548.633s] GC(979) Eden regions: 306->0(300)
[2023-04-09T19:23:33.124+0800][2548.633s] GC(979) Survivor regions: 1->7(39)
[2023-04-09T19:23:33.124+0800][2548.633s] GC(979) Old regions: 75->75
[2023-04-09T19:23:33.124+0800][2548.633s] GC(979) Humongous regions: 7->6
[2023-04-09T19:23:33.124+0800][2548.633s] GC(979) Metaspace: 61931K(64880K)->61931K(64880K) NonClass: 54972K(56740K)->54972K(56740K) Class: 6958K(8140K)->6958K(8140K)
[2023-04-09T19:23:33.124+0800][2548.633s] GC(979) Pause Young (Normal) (G1 Evacuation Pause) 387M->86M(512M) 1.493ms
[2023-04-09T19:23:33.124+0800][2548.633s] GC(979) User=0.00s Sys=0.00s Real=0.00s
[2023-04-09T19:23:33.619+0800][2549.127s] GC(980) Pause Young (Normal) (G1 Evacuation Pause)
[2023-04-09T19:23:33.619+0800][2549.127s] GC(980) Using 8 workers of 8 for evacuation
[2023-04-09T19:23:33.621+0800][2549.129s] GC(980)   Pre Evacuate Collection Set: 0.0ms
[2023-04-09T19:23:33.621+0800][2549.129s] GC(980)   Evacuate Collection Set: 1.1ms
[2023-04-09T19:23:33.621+0800][2549.129s] GC(980)   Post Evacuate Collection Set: 0.6ms
[2023-04-09T19:23:33.621+0800][2549.129s] GC(980)   Other: 0.2ms
[2023-04-09T19:23:33.621+0800][2549.129s] GC(980) Eden regions: 300->0(298)
[2023-04-09T19:23:33.621+0800][2549.129s] GC(980) Survivor regions: 7->9(39)
[2023-04-09T19:23:33.621+0800][2549.129s] GC(980) Old regions: 75->75
[2023-04-09T19:23:33.621+0800][2549.129s] GC(980) Humongous regions: 12->12
[2023-04-09T19:23:33.621+0800][2549.129s] GC(980) Metaspace: 61931K(64880K)->61931K(64880K) NonClass: 54972K(56740K)->54972K(56740K) Class: 6958K(8140K)->6958K(8140K)
[2023-04-09T19:23:33.621+0800][2549.129s] GC(980) Pause Young (Normal) (G1 Evacuation Pause) 392M->95M(512M) 2.123ms
[2023-04-09T19:23:33.621+0800][2549.129s] GC(980) User=0.09s Sys=0.00s Real=0.00s
[2023-04-09T19:23:34.199+0800][2549.707s] GC(981) Pause Young (Normal) (G1 Evacuation Pause)
[2023-04-09T19:23:34.199+0800][2549.707s] GC(981) Using 8 workers of 8 for evacuation
[2023-04-09T19:23:34.200+0800][2549.709s] GC(981)   Pre Evacuate Collection Set: 0.0ms
[2023-04-09T19:23:34.200+0800][2549.709s] GC(981)   Evacuate Collection Set: 1.1ms
[2023-04-09T19:23:34.200+0800][2549.709s] GC(981)   Post Evacuate Collection Set: 0.5ms
[2023-04-09T19:23:34.201+0800][2549.709s] GC(981)   Other: 0.2ms
[2023-04-09T19:23:34.201+0800][2549.709s] GC(981) Eden regions: 298->0(296)
[2023-04-09T19:23:34.201+0800][2549.709s] GC(981) Survivor regions: 9->11(39)
[2023-04-09T19:23:34.201+0800][2549.709s] GC(981) Old regions: 75->75
[2023-04-09T19:23:34.201+0800][2549.709s] GC(981) Humongous regions: 25->13
[2023-04-09T19:23:34.201+0800][2549.709s] GC(981) Metaspace: 61931K(64880K)->61931K(64880K) NonClass: 54973K(56740K)->54973K(56740K) Class: 6958K(8140K)->6958K(8140K)
[2023-04-09T19:23:34.201+0800][2549.709s] GC(981) Pause Young (Normal) (G1 Evacuation Pause) 406M->97M(512M) 2.174ms
[2023-04-09T19:23:34.201+0800][2549.709s] GC(981) User=0.00s Sys=0.00s Real=0.00s
[2023-04-09T19:23:35.118+0800][2550.627s] GC(982) Pause Young (Normal) (G1 Evacuation Pause)
[2023-04-09T19:23:35.118+0800][2550.627s] GC(982) Using 8 workers of 8 for evacuation
[2023-04-09T19:23:35.119+0800][2550.628s] GC(982)   Pre Evacuate Collection Set: 0.0ms
[2023-04-09T19:23:35.119+0800][2550.628s] GC(982)   Evacuate Collection Set: 0.8ms
[2023-04-09T19:23:35.119+0800][2550.628s] GC(982)   Post Evacuate Collection Set: 0.4ms
[2023-04-09T19:23:35.119+0800][2550.628s] GC(982)   Other: 0.2ms
[2023-04-09T19:23:35.119+0800][2550.628s] GC(982) Eden regions: 296->0(302)
[2023-04-09T19:23:35.119+0800][2550.628s] GC(982) Survivor regions: 11->5(39)
[2023-04-09T19:23:35.119+0800][2550.628s] GC(982) Old regions: 75->75
[2023-04-09T19:23:35.119+0800][2550.628s] GC(982) Humongous regions: 14->5
[2023-04-09T19:23:35.119+0800][2550.628s] GC(982) Metaspace: 61933K(64880K)->61933K(64880K) NonClass: 54974K(56740K)->54974K(56740K) Class: 6958K(8140K)->6958K(8140K)
[2023-04-09T19:23:35.119+0800][2550.628s] GC(982) Pause Young (Normal) (G1 Evacuation Pause) 394M->84M(512M) 1.648ms
[2023-04-09T19:23:35.119+0800][2550.628s] GC(982) User=0.00s Sys=0.00s Real=0.00s
[2023-04-09T19:23:35.610+0800][2551.119s] GC(983) Pause Young (Normal) (G1 Evacuation Pause)
[2023-04-09T19:23:35.610+0800][2551.119s] GC(983) Using 8 workers of 8 for evacuation
[2023-04-09T19:23:35.612+0800][2551.121s] GC(983)   Pre Evacuate Collection Set: 0.0ms
[2023-04-09T19:23:35.612+0800][2551.121s] GC(983)   Evacuate Collection Set: 1.3ms
[2023-04-09T19:23:35.612+0800][2551.121s] GC(983)   Post Evacuate Collection Set: 0.5ms
[2023-04-09T19:23:35.612+0800][2551.121s] GC(983)   Other: 0.2ms
[2023-04-09T19:23:35.612+0800][2551.121s] GC(983) Eden regions: 302->0(296)
[2023-04-09T19:23:35.612+0800][2551.121s] GC(983) Survivor regions: 5->11(39)
[2023-04-09T19:23:35.612+0800][2551.121s] GC(983) Old regions: 75->75
[2023-04-09T19:23:35.612+0800][2551.121s] GC(983) Humongous regions: 8->7
[2023-04-09T19:23:35.612+0800][2551.121s] GC(983) Metaspace: 61933K(64880K)->61933K(64880K) NonClass: 54974K(56740K)->54974K(56740K) Class: 6958K(8140K)->6958K(8140K)
[2023-04-09T19:23:35.612+0800][2551.121s] GC(983) Pause Young (Normal) (G1 Evacuation Pause) 389M->91M(512M) 2.232ms
[2023-04-09T19:23:35.612+0800][2551.121s] GC(983) User=0.00s Sys=0.00s Real=0.00s
[2023-04-09T19:23:36.203+0800][2551.712s] GC(984) Pause Young (Normal) (G1 Evacuation Pause)
[2023-04-09T19:23:36.203+0800][2551.712s] GC(984) Using 8 workers of 8 for evacuation
[2023-04-09T19:23:36.205+0800][2551.714s] GC(984)   Pre Evacuate Collection Set: 0.0ms
[2023-04-09T19:23:36.205+0800][2551.714s] GC(984)   Evacuate Collection Set: 1.1ms
[2023-04-09T19:23:36.205+0800][2551.714s] GC(984)   Post Evacuate Collection Set: 0.7ms
[2023-04-09T19:23:36.205+0800][2551.714s] GC(984)   Other: 0.1ms
[2023-04-09T19:23:36.205+0800][2551.714s] GC(984) Eden regions: 296->0(296)
[2023-04-09T19:23:36.205+0800][2551.714s] GC(984) Survivor regions: 11->11(39)
[2023-04-09T19:23:36.205+0800][2551.714s] GC(984) Old regions: 75->75
[2023-04-09T19:23:36.205+0800][2551.714s] GC(984) Humongous regions: 25->13
[2023-04-09T19:23:36.205+0800][2551.714s] GC(984) Metaspace: 61933K(64880K)->61933K(64880K) NonClass: 54974K(56740K)->54974K(56740K) Class: 6958K(8140K)->6958K(8140K)
[2023-04-09T19:23:36.205+0800][2551.714s] GC(984) Pause Young (Normal) (G1 Evacuation Pause) 405M->97M(512M) 2.041ms
[2023-04-09T19:23:36.205+0800][2551.714s] GC(984) User=0.00s Sys=0.00s Real=0.00s
[2023-04-09T19:23:36.701+0800][2552.210s] GC(985) Pause Young (Normal) (G1 Evacuation Pause)
[2023-04-09T19:23:36.701+0800][2552.210s] GC(985) Using 8 workers of 8 for evacuation
[2023-04-09T19:23:36.702+0800][2552.211s] GC(985)   Pre Evacuate Collection Set: 0.0ms
[2023-04-09T19:23:36.702+0800][2552.211s] GC(985)   Evacuate Collection Set: 0.5ms
[2023-04-09T19:23:36.702+0800][2552.211s] GC(985)   Post Evacuate Collection Set: 0.5ms
[2023-04-09T19:23:36.702+0800][2552.211s] GC(985)   Other: 0.2ms
[2023-04-09T19:23:36.702+0800][2552.211s] GC(985) Eden regions: 296->0(303)
[2023-04-09T19:23:36.702+0800][2552.211s] GC(985) Survivor regions: 11->4(39)
[2023-04-09T19:23:36.702+0800][2552.211s] GC(985) Old regions: 75->75
[2023-04-09T19:23:36.702+0800][2552.211s] GC(985) Humongous regions: 14->5
[2023-04-09T19:23:36.702+0800][2552.211s] GC(985) Metaspace: 61933K(64880K)->61933K(64880K) NonClass: 54974K(56740K)->54974K(56740K) Class: 6958K(8140K)->6958K(8140K)
[2023-04-09T19:23:36.702+0800][2552.211s] GC(985) Pause Young (Normal) (G1 Evacuation Pause) 394M->82M(512M) 1.478ms
[2023-04-09T19:23:36.702+0800][2552.211s] GC(985) User=0.00s Sys=0.00s Real=0.00s
[2023-04-09T19:23:37.165+0800][2552.674s] GC(986) Pause Young (Normal) (G1 Evacuation Pause)
[2023-04-09T19:23:37.165+0800][2552.674s] GC(986) Using 8 workers of 8 for evacuation
[2023-04-09T19:23:37.166+0800][2552.676s] GC(986)   Pre Evacuate Collection Set: 0.0ms
[2023-04-09T19:23:37.167+0800][2552.676s] GC(986)   Evacuate Collection Set: 1.0ms
[2023-04-09T19:23:37.167+0800][2552.676s] GC(986)   Post Evacuate Collection Set: 0.6ms
[2023-04-09T19:23:37.167+0800][2552.676s] GC(986)   Other: 0.2ms
[2023-04-09T19:23:37.167+0800][2552.676s] GC(986) Eden regions: 303->0(297)
[2023-04-09T19:23:37.167+0800][2552.676s] GC(986) Survivor regions: 4->10(39)
[2023-04-09T19:23:37.167+0800][2552.676s] GC(986) Old regions: 75->75
[2023-04-09T19:23:37.167+0800][2552.676s] GC(986) Humongous regions: 8->7
[2023-04-09T19:23:37.167+0800][2552.676s] GC(986) Metaspace: 61933K(64880K)->61933K(64880K) NonClass: 54974K(56740K)->54974K(56740K) Class: 6958K(8140K)->6958K(8140K)
[2023-04-09T19:23:37.167+0800][2552.676s] GC(986) Pause Young (Normal) (G1 Evacuation Pause) 388M->90M(512M) 1.926ms
[2023-04-09T19:23:37.167+0800][2552.676s] GC(986) User=0.00s Sys=0.02s Real=0.00s
[2023-04-09T19:23:37.688+0800][2553.197s] GC(987) Pause Young (Normal) (G1 Evacuation Pause)
[2023-04-09T19:23:37.688+0800][2553.197s] GC(987) Using 8 workers of 8 for evacuation
[2023-04-09T19:23:37.690+0800][2553.199s] GC(987)   Pre Evacuate Collection Set: 0.0ms
[2023-04-09T19:23:37.690+0800][2553.199s] GC(987)   Evacuate Collection Set: 1.6ms
[2023-04-09T19:23:37.690+0800][2553.199s] GC(987)   Post Evacuate Collection Set: 0.4ms
[2023-04-09T19:23:37.690+0800][2553.199s] GC(987)   Other: 0.2ms
[2023-04-09T19:23:37.690+0800][2553.199s] GC(987) Eden regions: 297->0(295)
[2023-04-09T19:23:37.690+0800][2553.199s] GC(987) Survivor regions: 10->12(39)
[2023-04-09T19:23:37.690+0800][2553.199s] GC(987) Old regions: 75->75
[2023-04-09T19:23:37.690+0800][2553.199s] GC(987) Humongous regions: 25->13
[2023-04-09T19:23:37.690+0800][2553.199s] GC(987) Metaspace: 61933K(64880K)->61933K(64880K) NonClass: 54974K(56740K)->54974K(56740K) Class: 6958K(8140K)->6958K(8140K)
[2023-04-09T19:23:37.690+0800][2553.199s] GC(987) Pause Young (Normal) (G1 Evacuation Pause) 405M->98M(512M) 2.583ms
[2023-04-09T19:23:37.690+0800][2553.199s] GC(987) User=0.00s Sys=0.00s Real=0.00s
[2023-04-09T19:23:38.444+0800][2553.953s] GC(988) Pause Young (Normal) (G1 Evacuation Pause)
[2023-04-09T19:23:38.444+0800][2553.953s] GC(988) Using 8 workers of 8 for evacuation
[2023-04-09T19:23:38.445+0800][2553.955s] GC(988)   Pre Evacuate Collection Set: 0.0ms
[2023-04-09T19:23:38.445+0800][2553.955s] GC(988)   Evacuate Collection Set: 0.7ms
[2023-04-09T19:23:38.446+0800][2553.955s] GC(988)   Post Evacuate Collection Set: 0.4ms
[2023-04-09T19:23:38.446+0800][2553.955s] GC(988)   Other: 0.2ms
[2023-04-09T19:23:38.446+0800][2553.955s] GC(988) Eden regions: 295->0(304)
[2023-04-09T19:23:38.446+0800][2553.955s] GC(988) Survivor regions: 12->3(39)
[2023-04-09T19:23:38.446+0800][2553.955s] GC(988) Old regions: 75->75
[2023-04-09T19:23:38.446+0800][2553.955s] GC(988) Humongous regions: 13->4
[2023-04-09T19:23:38.446+0800][2553.955s] GC(988) Metaspace: 61940K(64880K)->61940K(64880K) NonClass: 54982K(56740K)->54982K(56740K) Class: 6958K(8140K)->6958K(8140K)
[2023-04-09T19:23:38.446+0800][2553.955s] GC(988) Pause Young (Normal) (G1 Evacuation Pause) 393M->80M(512M) 1.812ms
[2023-04-09T19:23:38.446+0800][2553.955s] GC(988) User=0.00s Sys=0.00s Real=0.00s
[2023-04-09T19:23:38.702+0800][2554.211s] GC(989) Pause Young (Normal) (G1 Evacuation Pause)
[2023-04-09T19:23:38.702+0800][2554.211s] GC(989) Using 8 workers of 8 for evacuation
[2023-04-09T19:23:38.703+0800][2554.212s] GC(989)   Pre Evacuate Collection Set: 0.0ms
[2023-04-09T19:23:38.703+0800][2554.212s] GC(989)   Evacuate Collection Set: 0.7ms
[2023-04-09T19:23:38.703+0800][2554.212s] GC(989)   Post Evacuate Collection Set: 0.4ms
[2023-04-09T19:23:38.703+0800][2554.212s] GC(989)   Other: 0.2ms
[2023-04-09T19:23:38.703+0800][2554.212s] GC(989) Eden regions: 304->0(302)
[2023-04-09T19:23:38.703+0800][2554.212s] GC(989) Survivor regions: 3->5(39)
[2023-04-09T19:23:38.703+0800][2554.212s] GC(989) Old regions: 75->75
[2023-04-09T19:23:38.703+0800][2554.212s] GC(989) Humongous regions: 5->5
[2023-04-09T19:23:38.703+0800][2554.212s] GC(989) Metaspace: 61940K(64880K)->61940K(64880K) NonClass: 54982K(56740K)->54982K(56740K) Class: 6958K(8140K)->6958K(8140K)
[2023-04-09T19:23:38.703+0800][2554.212s] GC(989) Pause Young (Normal) (G1 Evacuation Pause) 385M->84M(512M) 1.527ms
[2023-04-09T19:23:38.703+0800][2554.212s] GC(989) User=0.00s Sys=0.00s Real=0.00s
[2023-04-09T19:23:38.916+0800][2554.426s] GC(990) Pause Young (Normal) (G1 Evacuation Pause)
[2023-04-09T19:23:38.917+0800][2554.426s] GC(990) Using 8 workers of 8 for evacuation
[2023-04-09T19:23:38.918+0800][2554.428s] GC(990)   Pre Evacuate Collection Set: 0.0ms
[2023-04-09T19:23:38.918+0800][2554.428s] GC(990)   Evacuate Collection Set: 0.9ms
[2023-04-09T19:23:38.918+0800][2554.428s] GC(990)   Post Evacuate Collection Set: 0.7ms
[2023-04-09T19:23:38.918+0800][2554.428s] GC(990)   Other: 0.2ms
[2023-04-09T19:23:38.918+0800][2554.428s] GC(990) Eden regions: 302->0(299)
[2023-04-09T19:23:38.918+0800][2554.428s] GC(990) Survivor regions: 5->8(39)
[2023-04-09T19:23:38.918+0800][2554.428s] GC(990) Old regions: 75->75
[2023-04-09T19:23:38.919+0800][2554.428s] GC(990) Humongous regions: 7->6
[2023-04-09T19:23:38.919+0800][2554.428s] GC(990) Metaspace: 61940K(64880K)->61940K(64880K) NonClass: 54982K(56740K)->54982K(56740K) Class: 6958K(8140K)->6958K(8140K)
[2023-04-09T19:23:38.919+0800][2554.428s] GC(990) Pause Young (Normal) (G1 Evacuation Pause) 388M->87M(512M) 2.083ms
[2023-04-09T19:23:38.919+0800][2554.428s] GC(990) User=0.02s Sys=0.00s Real=0.00s
[2023-04-09T19:23:39.112+0800][2554.622s] GC(991) Pause Young (Normal) (G1 Evacuation Pause)
[2023-04-09T19:23:39.112+0800][2554.622s] GC(991) Using 8 workers of 8 for evacuation
[2023-04-09T19:23:39.115+0800][2554.624s] GC(991)   Pre Evacuate Collection Set: 0.1ms
[2023-04-09T19:23:39.115+0800][2554.624s] GC(991)   Evacuate Collection Set: 1.4ms
[2023-04-09T19:23:39.115+0800][2554.624s] GC(991)   Post Evacuate Collection Set: 0.7ms
[2023-04-09T19:23:39.115+0800][2554.624s] GC(991)   Other: 0.3ms
[2023-04-09T19:23:39.115+0800][2554.624s] GC(991) Eden regions: 299->0(297)
[2023-04-09T19:23:39.115+0800][2554.624s] GC(991) Survivor regions: 8->10(39)
[2023-04-09T19:23:39.115+0800][2554.624s] GC(991) Old regions: 75->75
[2023-04-09T19:23:39.115+0800][2554.624s] GC(991) Humongous regions: 6->6
[2023-04-09T19:23:39.115+0800][2554.624s] GC(991) Metaspace: 61940K(64880K)->61940K(64880K) NonClass: 54982K(56740K)->54982K(56740K) Class: 6958K(8140K)->6958K(8140K)
[2023-04-09T19:23:39.115+0800][2554.624s] GC(991) Pause Young (Normal) (G1 Evacuation Pause) 386M->89M(512M) 2.531ms
[2023-04-09T19:23:39.115+0800][2554.624s] GC(991) User=0.00s Sys=0.00s Real=0.00s
[2023-04-09T19:23:39.359+0800][2554.867s] GC(992) Pause Young (Normal) (G1 Evacuation Pause)
[2023-04-09T19:23:39.359+0800][2554.868s] GC(992) Using 8 workers of 8 for evacuation
[2023-04-09T19:23:39.361+0800][2554.869s] GC(992)   Pre Evacuate Collection Set: 0.0ms
[2023-04-09T19:23:39.361+0800][2554.869s] GC(992)   Evacuate Collection Set: 1.2ms
[2023-04-09T19:23:39.361+0800][2554.869s] GC(992)   Post Evacuate Collection Set: 0.5ms
[2023-04-09T19:23:39.361+0800][2554.869s] GC(992)   Other: 0.2ms
[2023-04-09T19:23:39.361+0800][2554.869s] GC(992) Eden regions: 297->0(297)
[2023-04-09T19:23:39.361+0800][2554.869s] GC(992) Survivor regions: 10->10(39)
[2023-04-09T19:23:39.361+0800][2554.870s] GC(992) Old regions: 75->75
[2023-04-09T19:23:39.361+0800][2554.870s] GC(992) Humongous regions: 12->12
[2023-04-09T19:23:39.361+0800][2554.870s] GC(992) Metaspace: 61940K(64880K)->61940K(64880K) NonClass: 54982K(56740K)->54982K(56740K) Class: 6958K(8140K)->6958K(8140K)
[2023-04-09T19:23:39.361+0800][2554.870s] GC(992) Pause Young (Normal) (G1 Evacuation Pause) 392M->95M(512M) 2.102ms
[2023-04-09T19:23:39.361+0800][2554.870s] GC(992) User=0.00s Sys=0.00s Real=0.00s
[2023-04-09T19:23:39.728+0800][2555.238s] GC(993) Pause Young (Normal) (G1 Evacuation Pause)
[2023-04-09T19:23:39.728+0800][2555.238s] GC(993) Using 8 workers of 8 for evacuation
[2023-04-09T19:23:39.731+0800][2555.240s] GC(993)   Pre Evacuate Collection Set: 0.0ms
[2023-04-09T19:23:39.731+0800][2555.240s] GC(993)   Evacuate Collection Set: 1.4ms
[2023-04-09T19:23:39.731+0800][2555.240s] GC(993)   Post Evacuate Collection Set: 0.8ms
[2023-04-09T19:23:39.731+0800][2555.240s] GC(993)   Other: 0.2ms
[2023-04-09T19:23:39.731+0800][2555.240s] GC(993) Eden regions: 297->0(296)
[2023-04-09T19:23:39.731+0800][2555.240s] GC(993) Survivor regions: 10->11(39)
[2023-04-09T19:23:39.731+0800][2555.240s] GC(993) Old regions: 75->75
[2023-04-09T19:23:39.731+0800][2555.240s] GC(993) Humongous regions: 25->13
[2023-04-09T19:23:39.731+0800][2555.240s] GC(993) Metaspace: 61940K(64880K)->61940K(64880K) NonClass: 54982K(56740K)->54982K(56740K) Class: 6958K(8140K)->6958K(8140K)
[2023-04-09T19:23:39.731+0800][2555.241s] GC(993) Pause Young (Normal) (G1 Evacuation Pause) 405M->98M(512M) 2.813ms
[2023-04-09T19:23:39.731+0800][2555.241s] GC(993) User=0.09s Sys=0.00s Real=0.00s
[2023-04-09T19:23:40.012+0800][2555.522s] GC(994) Pause Young (Normal) (G1 Evacuation Pause)
[2023-04-09T19:23:40.012+0800][2555.522s] GC(994) Using 8 workers of 8 for evacuation
[2023-04-09T19:23:40.015+0800][2555.524s] GC(994)   Pre Evacuate Collection Set: 0.0ms
[2023-04-09T19:23:40.015+0800][2555.524s] GC(994)   Evacuate Collection Set: 1.7ms
[2023-04-09T19:23:40.015+0800][2555.524s] GC(994)   Post Evacuate Collection Set: 0.5ms
[2023-04-09T19:23:40.015+0800][2555.524s] GC(994)   Other: 0.2ms
[2023-04-09T19:23:40.015+0800][2555.524s] GC(994) Eden regions: 296->0(295)
[2023-04-09T19:23:40.015+0800][2555.524s] GC(994) Survivor regions: 11->12(39)
[2023-04-09T19:23:40.015+0800][2555.524s] GC(994) Old regions: 75->75
[2023-04-09T19:23:40.015+0800][2555.524s] GC(994) Humongous regions: 13->13
[2023-04-09T19:23:40.015+0800][2555.524s] GC(994) Metaspace: 61940K(64880K)->61940K(64880K) NonClass: 54982K(56740K)->54982K(56740K) Class: 6958K(8140K)->6958K(8140K)
[2023-04-09T19:23:40.015+0800][2555.524s] GC(994) Pause Young (Normal) (G1 Evacuation Pause) 394M->98M(512M) 2.684ms
[2023-04-09T19:23:40.015+0800][2555.524s] GC(994) User=0.00s Sys=0.00s Real=0.00s
[2023-04-09T19:23:40.372+0800][2555.881s] GC(995) Pause Young (Normal) (G1 Evacuation Pause)
[2023-04-09T19:23:40.372+0800][2555.881s] GC(995) Using 8 workers of 8 for evacuation
[2023-04-09T19:23:40.373+0800][2555.882s] GC(995)   Pre Evacuate Collection Set: 0.0ms
[2023-04-09T19:23:40.373+0800][2555.882s] GC(995)   Evacuate Collection Set: 0.7ms
[2023-04-09T19:23:40.373+0800][2555.882s] GC(995)   Post Evacuate Collection Set: 0.6ms
[2023-04-09T19:23:40.373+0800][2555.882s] GC(995)   Other: 0.2ms
[2023-04-09T19:23:40.373+0800][2555.882s] GC(995) Eden regions: 295->0(303)
[2023-04-09T19:23:40.373+0800][2555.882s] GC(995) Survivor regions: 12->4(39)
[2023-04-09T19:23:40.373+0800][2555.882s] GC(995) Old regions: 75->75
[2023-04-09T19:23:40.373+0800][2555.882s] GC(995) Humongous regions: 13->4
[2023-04-09T19:23:40.373+0800][2555.882s] GC(995) Metaspace: 61940K(64880K)->61940K(64880K) NonClass: 54982K(56740K)->54982K(56740K) Class: 6958K(8140K)->6958K(8140K)
[2023-04-09T19:23:40.373+0800][2555.882s] GC(995) Pause Young (Normal) (G1 Evacuation Pause) 393M->82M(512M) 1.662ms
[2023-04-09T19:23:40.374+0800][2555.883s] GC(995) User=0.00s Sys=0.00s Real=0.00s
[2023-04-09T19:23:40.654+0800][2556.163s] GC(996) Pause Young (Normal) (G1 Evacuation Pause)
[2023-04-09T19:23:40.654+0800][2556.163s] GC(996) Using 8 workers of 8 for evacuation
[2023-04-09T19:23:40.656+0800][2556.165s] GC(996)   Pre Evacuate Collection Set: 0.0ms
[2023-04-09T19:23:40.656+0800][2556.165s] GC(996)   Evacuate Collection Set: 0.9ms
[2023-04-09T19:23:40.656+0800][2556.165s] GC(996)   Post Evacuate Collection Set: 0.7ms
[2023-04-09T19:23:40.656+0800][2556.165s] GC(996)   Other: 0.2ms
[2023-04-09T19:23:40.656+0800][2556.165s] GC(996) Eden regions: 303->0(299)
[2023-04-09T19:23:40.656+0800][2556.165s] GC(996) Survivor regions: 4->8(39)
[2023-04-09T19:23:40.656+0800][2556.165s] GC(996) Old regions: 75->75
[2023-04-09T19:23:40.656+0800][2556.165s] GC(996) Humongous regions: 5->5
[2023-04-09T19:23:40.656+0800][2556.165s] GC(996) Metaspace: 61940K(64880K)->61940K(64880K) NonClass: 54982K(56740K)->54982K(56740K) Class: 6958K(8140K)->6958K(8140K)
[2023-04-09T19:23:40.656+0800][2556.165s] GC(996) Pause Young (Normal) (G1 Evacuation Pause) 386M->86M(512M) 2.015ms
[2023-04-09T19:23:40.656+0800][2556.165s] GC(996) User=0.00s Sys=0.00s Real=0.00s
[2023-04-09T19:23:40.956+0800][2556.465s] GC(997) Pause Young (Normal) (G1 Evacuation Pause)
[2023-04-09T19:23:40.956+0800][2556.465s] GC(997) Using 8 workers of 8 for evacuation
[2023-04-09T19:23:40.958+0800][2556.467s] GC(997)   Pre Evacuate Collection Set: 0.0ms
[2023-04-09T19:23:40.958+0800][2556.467s] GC(997)   Evacuate Collection Set: 1.2ms
[2023-04-09T19:23:40.958+0800][2556.467s] GC(997)   Post Evacuate Collection Set: 0.6ms
[2023-04-09T19:23:40.958+0800][2556.467s] GC(997)   Other: 0.2ms
[2023-04-09T19:23:40.958+0800][2556.467s] GC(997) Eden regions: 299->0(296)
[2023-04-09T19:23:40.958+0800][2556.467s] GC(997) Survivor regions: 8->11(39)
[2023-04-09T19:23:40.958+0800][2556.467s] GC(997) Old regions: 75->75
[2023-04-09T19:23:40.958+0800][2556.467s] GC(997) Humongous regions: 7->6
[2023-04-09T19:23:40.958+0800][2556.467s] GC(997) Metaspace: 61940K(64880K)->61940K(64880K) NonClass: 54982K(56740K)->54982K(56740K) Class: 6958K(8140K)->6958K(8140K)
[2023-04-09T19:23:40.958+0800][2556.467s] GC(997) Pause Young (Normal) (G1 Evacuation Pause) 387M->90M(512M) 2.236ms
[2023-04-09T19:23:40.958+0800][2556.467s] GC(997) User=0.00s Sys=0.00s Real=0.00s
[2023-04-09T19:23:41.228+0800][2556.737s] GC(998) Pause Young (Normal) (G1 Evacuation Pause)
[2023-04-09T19:23:41.228+0800][2556.737s] GC(998) Using 8 workers of 8 for evacuation
[2023-04-09T19:23:41.230+0800][2556.740s] GC(998)   Pre Evacuate Collection Set: 0.0ms
[2023-04-09T19:23:41.230+0800][2556.740s] GC(998)   Evacuate Collection Set: 1.8ms
[2023-04-09T19:23:41.230+0800][2556.740s] GC(998)   Post Evacuate Collection Set: 0.5ms
[2023-04-09T19:23:41.230+0800][2556.740s] GC(998)   Other: 0.2ms
[2023-04-09T19:23:41.230+0800][2556.740s] GC(998) Eden regions: 296->0(296)
[2023-04-09T19:23:41.230+0800][2556.740s] GC(998) Survivor regions: 11->11(39)
[2023-04-09T19:23:41.231+0800][2556.740s] GC(998) Old regions: 75->75
[2023-04-09T19:23:41.231+0800][2556.740s] GC(998) Humongous regions: 15->13
[2023-04-09T19:23:41.231+0800][2556.740s] GC(998) Metaspace: 61940K(64880K)->61940K(64880K) NonClass: 54982K(56740K)->54982K(56740K) Class: 6958K(8140K)->6958K(8140K)
[2023-04-09T19:23:41.231+0800][2556.740s] GC(998) Pause Young (Normal) (G1 Evacuation Pause) 395M->97M(512M) 2.931ms
[2023-04-09T19:23:41.231+0800][2556.740s] GC(998) User=0.03s Sys=0.00s Real=0.00s
[2023-04-09T19:23:41.681+0800][2557.190s] GC(999) Pause Young (Normal) (G1 Evacuation Pause)
[2023-04-09T19:23:41.681+0800][2557.190s] GC(999) Using 8 workers of 8 for evacuation
[2023-04-09T19:23:41.683+0800][2557.192s] GC(999)   Pre Evacuate Collection Set: 0.0ms
[2023-04-09T19:23:41.683+0800][2557.192s] GC(999)   Evacuate Collection Set: 1.2ms
[2023-04-09T19:23:41.683+0800][2557.192s] GC(999)   Post Evacuate Collection Set: 0.6ms
[2023-04-09T19:23:41.683+0800][2557.192s] GC(999)   Other: 0.2ms
[2023-04-09T19:23:41.683+0800][2557.192s] GC(999) Eden regions: 296->0(295)
[2023-04-09T19:23:41.683+0800][2557.192s] GC(999) Survivor regions: 11->12(39)
[2023-04-09T19:23:41.683+0800][2557.192s] GC(999) Old regions: 75->75
[2023-04-09T19:23:41.683+0800][2557.192s] GC(999) Humongous regions: 23->13
[2023-04-09T19:23:41.683+0800][2557.192s] GC(999) Metaspace: 61940K(64880K)->61940K(64880K) NonClass: 54982K(56740K)->54982K(56740K) Class: 6958K(8140K)->6958K(8140K)
[2023-04-09T19:23:41.683+0800][2557.192s] GC(999) Pause Young (Normal) (G1 Evacuation Pause) 403M->98M(512M) 2.206ms
[2023-04-09T19:23:41.683+0800][2557.192s] GC(999) User=0.02s Sys=0.00s Real=0.00s
[2023-04-09T19:23:42.165+0800][2557.674s] GC(1000) Pause Young (Normal) (G1 Evacuation Pause)
[2023-04-09T19:23:42.165+0800][2557.674s] GC(1000) Using 8 workers of 8 for evacuation
[2023-04-09T19:23:42.166+0800][2557.675s] GC(1000)   Pre Evacuate Collection Set: 0.0ms
[2023-04-09T19:23:42.166+0800][2557.675s] GC(1000)   Evacuate Collection Set: 0.6ms
[2023-04-09T19:23:42.167+0800][2557.675s] GC(1000)   Post Evacuate Collection Set: 0.6ms
[2023-04-09T19:23:42.167+0800][2557.675s] GC(1000)   Other: 0.2ms
[2023-04-09T19:23:42.167+0800][2557.675s] GC(1000) Eden regions: 295->0(303)
[2023-04-09T19:23:42.167+0800][2557.675s] GC(1000) Survivor regions: 12->4(39)
[2023-04-09T19:23:42.167+0800][2557.675s] GC(1000) Old regions: 75->75
[2023-04-09T19:23:42.167+0800][2557.675s] GC(1000) Humongous regions: 13->4
[2023-04-09T19:23:42.167+0800][2557.675s] GC(1000) Metaspace: 61941K(64880K)->61941K(64880K) NonClass: 54983K(56740K)->54983K(56740K) Class: 6958K(8140K)->6958K(8140K)
[2023-04-09T19:23:42.167+0800][2557.675s] GC(1000) Pause Young (Normal) (G1 Evacuation Pause) 393M->81M(512M) 1.605ms
[2023-04-09T19:23:42.167+0800][2557.675s] GC(1000) User=0.00s Sys=0.00s Real=0.00s
[2023-04-09T19:23:42.609+0800][2558.119s] GC(1001) Pause Young (Normal) (G1 Evacuation Pause)
[2023-04-09T19:23:42.609+0800][2558.119s] GC(1001) Using 8 workers of 8 for evacuation
[2023-04-09T19:23:42.611+0800][2558.120s] GC(1001)   Pre Evacuate Collection Set: 0.0ms
[2023-04-09T19:23:42.611+0800][2558.120s] GC(1001)   Evacuate Collection Set: 1.0ms
[2023-04-09T19:23:42.611+0800][2558.120s] GC(1001)   Post Evacuate Collection Set: 0.6ms
[2023-04-09T19:23:42.611+0800][2558.120s] GC(1001)   Other: 0.1ms
[2023-04-09T19:23:42.611+0800][2558.120s] GC(1001) Eden regions: 303->0(297)
[2023-04-09T19:23:42.611+0800][2558.120s] GC(1001) Survivor regions: 4->10(39)
[2023-04-09T19:23:42.611+0800][2558.120s] GC(1001) Old regions: 75->75
[2023-04-09T19:23:42.611+0800][2558.120s] GC(1001) Humongous regions: 7->6
[2023-04-09T19:23:42.611+0800][2558.121s] GC(1001) Metaspace: 61941K(64880K)->61941K(64880K) NonClass: 54983K(56740K)->54983K(56740K) Class: 6958K(8140K)->6958K(8140K)
[2023-04-09T19:23:42.611+0800][2558.121s] GC(1001) Pause Young (Normal) (G1 Evacuation Pause) 387M->89M(512M) 1.972ms
[2023-04-09T19:23:42.611+0800][2558.121s] GC(1001) User=0.00s Sys=0.00s Real=0.00s
[2023-04-09T19:23:43.096+0800][2558.604s] GC(1002) Pause Young (Normal) (G1 Evacuation Pause)
[2023-04-09T19:23:43.096+0800][2558.604s] GC(1002) Using 8 workers of 8 for evacuation
[2023-04-09T19:23:43.098+0800][2558.606s] GC(1002)   Pre Evacuate Collection Set: 0.0ms
[2023-04-09T19:23:43.098+0800][2558.606s] GC(1002)   Evacuate Collection Set: 1.3ms
[2023-04-09T19:23:43.098+0800][2558.606s] GC(1002)   Post Evacuate Collection Set: 0.6ms
[2023-04-09T19:23:43.098+0800][2558.606s] GC(1002)   Other: 0.2ms
[2023-04-09T19:23:43.098+0800][2558.606s] GC(1002) Eden regions: 297->0(297)
[2023-04-09T19:23:43.098+0800][2558.606s] GC(1002) Survivor regions: 10->10(39)
[2023-04-09T19:23:43.098+0800][2558.606s] GC(1002) Old regions: 75->75
[2023-04-09T19:23:43.098+0800][2558.606s] GC(1002) Humongous regions: 21->13
[2023-04-09T19:23:43.098+0800][2558.606s] GC(1002) Metaspace: 61945K(64880K)->61945K(64880K) NonClass: 54987K(56740K)->54987K(56740K) Class: 6958K(8140K)->6958K(8140K)
[2023-04-09T19:23:43.098+0800][2558.607s] GC(1002) Pause Young (Normal) (G1 Evacuation Pause) 401M->97M(512M) 2.509ms
[2023-04-09T19:23:43.098+0800][2558.607s] GC(1002) User=0.00s Sys=0.00s Real=0.00s
[2023-04-09T19:23:43.734+0800][2559.243s] GC(1003) Pause Young (Normal) (G1 Evacuation Pause)
[2023-04-09T19:23:43.734+0800][2559.243s] GC(1003) Using 8 workers of 8 for evacuation
[2023-04-09T19:23:43.735+0800][2559.244s] GC(1003)   Pre Evacuate Collection Set: 0.0ms
[2023-04-09T19:23:43.735+0800][2559.244s] GC(1003)   Evacuate Collection Set: 0.3ms
[2023-04-09T19:23:43.735+0800][2559.244s] GC(1003)   Post Evacuate Collection Set: 0.6ms
[2023-04-09T19:23:43.735+0800][2559.244s] GC(1003)   Other: 0.1ms
[2023-04-09T19:23:43.735+0800][2559.244s] GC(1003) Eden regions: 297->0(306)
[2023-04-09T19:23:43.735+0800][2559.244s] GC(1003) Survivor regions: 10->1(39)
[2023-04-09T19:23:43.735+0800][2559.244s] GC(1003) Old regions: 75->75
[2023-04-09T19:23:43.735+0800][2559.244s] GC(1003) Humongous regions: 18->4
[2023-04-09T19:23:43.735+0800][2559.244s] GC(1003) Metaspace: 61945K(64880K)->61945K(64880K) NonClass: 54987K(56740K)->54987K(56740K) Class: 6958K(8140K)->6958K(8140K)
[2023-04-09T19:23:43.735+0800][2559.244s] GC(1003) Pause Young (Normal) (G1 Evacuation Pause) 399M->79M(512M) 1.206ms
[2023-04-09T19:23:43.735+0800][2559.244s] GC(1003) User=0.00s Sys=0.00s Real=0.00s
[2023-04-09T19:23:44.190+0800][2559.698s] GC(1004) Pause Young (Normal) (G1 Evacuation Pause)
[2023-04-09T19:23:44.190+0800][2559.698s] GC(1004) Using 8 workers of 8 for evacuation
[2023-04-09T19:23:44.191+0800][2559.700s] GC(1004)   Pre Evacuate Collection Set: 0.0ms
[2023-04-09T19:23:44.191+0800][2559.700s] GC(1004)   Evacuate Collection Set: 0.9ms
[2023-04-09T19:23:44.191+0800][2559.700s] GC(1004)   Post Evacuate Collection Set: 0.6ms
[2023-04-09T19:23:44.191+0800][2559.700s] GC(1004)   Other: 0.2ms
[2023-04-09T19:23:44.191+0800][2559.700s] GC(1004) Eden regions: 306->0(300)
[2023-04-09T19:23:44.191+0800][2559.700s] GC(1004) Survivor regions: 1->7(39)
[2023-04-09T19:23:44.191+0800][2559.700s] GC(1004) Old regions: 75->75
[2023-04-09T19:23:44.191+0800][2559.700s] GC(1004) Humongous regions: 7->6
[2023-04-09T19:23:44.192+0800][2559.700s] GC(1004) Metaspace: 61945K(64880K)->61945K(64880K) NonClass: 54987K(56740K)->54987K(56740K) Class: 6958K(8140K)->6958K(8140K)
[2023-04-09T19:23:44.192+0800][2559.700s] GC(1004) Pause Young (Normal) (G1 Evacuation Pause) 388M->87M(512M) 1.851ms
[2023-04-09T19:23:44.192+0800][2559.700s] GC(1004) User=0.00s Sys=0.00s Real=0.00s
[2023-04-09T19:23:44.685+0800][2560.194s] GC(1005) Pause Young (Normal) (G1 Evacuation Pause)
[2023-04-09T19:23:44.685+0800][2560.194s] GC(1005) Using 8 workers of 8 for evacuation
[2023-04-09T19:23:44.687+0800][2560.196s] GC(1005)   Pre Evacuate Collection Set: 0.0ms
[2023-04-09T19:23:44.687+0800][2560.196s] GC(1005)   Evacuate Collection Set: 1.0ms
[2023-04-09T19:23:44.687+0800][2560.196s] GC(1005)   Post Evacuate Collection Set: 0.5ms
[2023-04-09T19:23:44.687+0800][2560.196s] GC(1005)   Other: 0.2ms
[2023-04-09T19:23:44.687+0800][2560.196s] GC(1005) Eden regions: 300->0(298)
[2023-04-09T19:23:44.687+0800][2560.196s] GC(1005) Survivor regions: 7->9(39)
[2023-04-09T19:23:44.687+0800][2560.196s] GC(1005) Old regions: 75->75
[2023-04-09T19:23:44.687+0800][2560.196s] GC(1005) Humongous regions: 12->12
[2023-04-09T19:23:44.687+0800][2560.196s] GC(1005) Metaspace: 61945K(64880K)->61945K(64880K) NonClass: 54987K(56740K)->54987K(56740K) Class: 6958K(8140K)->6958K(8140K)
[2023-04-09T19:23:44.687+0800][2560.196s] GC(1005) Pause Young (Normal) (G1 Evacuation Pause) 393M->95M(512M) 1.892ms
[2023-04-09T19:23:44.687+0800][2560.196s] GC(1005) User=0.00s Sys=0.00s Real=0.00s
[2023-04-09T19:23:45.335+0800][2560.844s] GC(1006) Pause Young (Normal) (G1 Evacuation Pause)
[2023-04-09T19:23:45.335+0800][2560.844s] GC(1006) Using 8 workers of 8 for evacuation
[2023-04-09T19:23:45.336+0800][2560.845s] GC(1006)   Pre Evacuate Collection Set: 0.0ms
[2023-04-09T19:23:45.336+0800][2560.845s] GC(1006)   Evacuate Collection Set: 1.1ms
[2023-04-09T19:23:45.336+0800][2560.845s] GC(1006)   Post Evacuate Collection Set: 0.6ms
[2023-04-09T19:23:45.336+0800][2560.845s] GC(1006)   Other: 0.1ms
[2023-04-09T19:23:45.336+0800][2560.845s] GC(1006) Eden regions: 298->0(297)
[2023-04-09T19:23:45.336+0800][2560.845s] GC(1006) Survivor regions: 9->10(39)
[2023-04-09T19:23:45.336+0800][2560.845s] GC(1006) Old regions: 75->75
[2023-04-09T19:23:45.336+0800][2560.845s] GC(1006) Humongous regions: 25->13
[2023-04-09T19:23:45.336+0800][2560.845s] GC(1006) Metaspace: 61945K(64880K)->61945K(64880K) NonClass: 54987K(56740K)->54987K(56740K) Class: 6958K(8140K)->6958K(8140K)
[2023-04-09T19:23:45.336+0800][2560.846s] GC(1006) Pause Young (Normal) (G1 Evacuation Pause) 406M->97M(512M) 1.998ms
[2023-04-09T19:23:45.336+0800][2560.846s] GC(1006) User=0.00s Sys=0.00s Real=0.00s
[2023-04-09T19:23:45.873+0800][2561.381s] GC(1007) Pause Young (Normal) (G1 Evacuation Pause)
[2023-04-09T19:23:45.873+0800][2561.381s] GC(1007) Using 8 workers of 8 for evacuation
[2023-04-09T19:23:45.874+0800][2561.383s] GC(1007)   Pre Evacuate Collection Set: 0.0ms
[2023-04-09T19:23:45.874+0800][2561.383s] GC(1007)   Evacuate Collection Set: 0.6ms
[2023-04-09T19:23:45.874+0800][2561.383s] GC(1007)   Post Evacuate Collection Set: 0.6ms
[2023-04-09T19:23:45.874+0800][2561.383s] GC(1007)   Other: 0.2ms
[2023-04-09T19:23:45.874+0800][2561.383s] GC(1007) Eden regions: 297->0(301)
[2023-04-09T19:23:45.874+0800][2561.383s] GC(1007) Survivor regions: 10->6(39)
[2023-04-09T19:23:45.874+0800][2561.383s] GC(1007) Old regions: 75->75
[2023-04-09T19:23:45.874+0800][2561.383s] GC(1007) Humongous regions: 14->5
[2023-04-09T19:23:45.874+0800][2561.383s] GC(1007) Metaspace: 61945K(64880K)->61945K(64880K) NonClass: 54987K(56740K)->54987K(56740K) Class: 6958K(8140K)->6958K(8140K)
[2023-04-09T19:23:45.874+0800][2561.383s] GC(1007) Pause Young (Normal) (G1 Evacuation Pause) 395M->84M(512M) 1.602ms
[2023-04-09T19:23:45.874+0800][2561.383s] GC(1007) User=0.00s Sys=0.00s Real=0.00s
[2023-04-09T19:23:46.329+0800][2561.838s] GC(1008) Pause Young (Normal) (G1 Evacuation Pause)
[2023-04-09T19:23:46.329+0800][2561.838s] GC(1008) Using 8 workers of 8 for evacuation
[2023-04-09T19:23:46.331+0800][2561.840s] GC(1008)   Pre Evacuate Collection Set: 0.0ms
[2023-04-09T19:23:46.331+0800][2561.840s] GC(1008)   Evacuate Collection Set: 1.5ms
[2023-04-09T19:23:46.332+0800][2561.840s] GC(1008)   Post Evacuate Collection Set: 0.6ms
[2023-04-09T19:23:46.332+0800][2561.840s] GC(1008)   Other: 0.2ms
[2023-04-09T19:23:46.332+0800][2561.840s] GC(1008) Eden regions: 301->0(296)
[2023-04-09T19:23:46.332+0800][2561.840s] GC(1008) Survivor regions: 6->11(39)
[2023-04-09T19:23:46.332+0800][2561.840s] GC(1008) Old regions: 75->75
[2023-04-09T19:23:46.332+0800][2561.840s] GC(1008) Humongous regions: 8->7
[2023-04-09T19:23:46.332+0800][2561.841s] GC(1008) Metaspace: 61945K(64880K)->61945K(64880K) NonClass: 54987K(56740K)->54987K(56740K) Class: 6958K(8140K)->6958K(8140K)
[2023-04-09T19:23:46.332+0800][2561.841s] GC(1008) Pause Young (Normal) (G1 Evacuation Pause) 388M->92M(512M) 2.761ms
[2023-04-09T19:23:46.332+0800][2561.841s] GC(1008) User=0.00s Sys=0.00s Real=0.00s
[2023-04-09T19:23:46.908+0800][2562.417s] GC(1009) Pause Young (Normal) (G1 Evacuation Pause)
[2023-04-09T19:23:46.908+0800][2562.417s] GC(1009) Using 8 workers of 8 for evacuation
[2023-04-09T19:23:46.910+0800][2562.419s] GC(1009)   Pre Evacuate Collection Set: 0.0ms
[2023-04-09T19:23:46.910+0800][2562.419s] GC(1009)   Evacuate Collection Set: 1.3ms
[2023-04-09T19:23:46.911+0800][2562.419s] GC(1009)   Post Evacuate Collection Set: 0.7ms
[2023-04-09T19:23:46.911+0800][2562.419s] GC(1009)   Other: 0.2ms
[2023-04-09T19:23:46.911+0800][2562.419s] GC(1009) Eden regions: 296->0(296)
[2023-04-09T19:23:46.911+0800][2562.419s] GC(1009) Survivor regions: 11->11(39)
[2023-04-09T19:23:46.911+0800][2562.419s] GC(1009) Old regions: 75->75
[2023-04-09T19:23:46.911+0800][2562.419s] GC(1009) Humongous regions: 25->13
[2023-04-09T19:23:46.911+0800][2562.419s] GC(1009) Metaspace: 61945K(64880K)->61945K(64880K) NonClass: 54987K(56740K)->54987K(56740K) Class: 6958K(8140K)->6958K(8140K)
[2023-04-09T19:23:46.911+0800][2562.419s] GC(1009) Pause Young (Normal) (G1 Evacuation Pause) 406M->97M(512M) 2.430ms
[2023-04-09T19:23:46.911+0800][2562.419s] GC(1009) User=0.00s Sys=0.00s Real=0.00s
[2023-04-09T19:23:47.406+0800][2562.915s] GC(1010) Pause Young (Normal) (G1 Evacuation Pause)
[2023-04-09T19:23:47.406+0800][2562.915s] GC(1010) Using 8 workers of 8 for evacuation
[2023-04-09T19:23:47.408+0800][2562.916s] GC(1010)   Pre Evacuate Collection Set: 0.0ms
[2023-04-09T19:23:47.408+0800][2562.916s] GC(1010)   Evacuate Collection Set: 0.5ms
[2023-04-09T19:23:47.408+0800][2562.916s] GC(1010)   Post Evacuate Collection Set: 0.6ms
[2023-04-09T19:23:47.408+0800][2562.916s] GC(1010)   Other: 0.2ms
[2023-04-09T19:23:47.408+0800][2562.916s] GC(1010) Eden regions: 296->0(303)
[2023-04-09T19:23:47.408+0800][2562.916s] GC(1010) Survivor regions: 11->4(39)
[2023-04-09T19:23:47.408+0800][2562.916s] GC(1010) Old regions: 75->75
[2023-04-09T19:23:47.408+0800][2562.916s] GC(1010) Humongous regions: 14->5
[2023-04-09T19:23:47.408+0800][2562.916s] GC(1010) Metaspace: 61945K(64880K)->61945K(64880K) NonClass: 54987K(56740K)->54987K(56740K) Class: 6958K(8140K)->6958K(8140K)
[2023-04-09T19:23:47.408+0800][2562.916s] GC(1010) Pause Young (Normal) (G1 Evacuation Pause) 394M->82M(512M) 1.510ms
[2023-04-09T19:23:47.408+0800][2562.916s] GC(1010) User=0.00s Sys=0.00s Real=0.00s
[2023-04-09T19:23:47.855+0800][2563.364s] GC(1011) Pause Young (Normal) (G1 Evacuation Pause)
[2023-04-09T19:23:47.855+0800][2563.364s] GC(1011) Using 8 workers of 8 for evacuation
[2023-04-09T19:23:47.856+0800][2563.365s] GC(1011)   Pre Evacuate Collection Set: 0.0ms
[2023-04-09T19:23:47.856+0800][2563.365s] GC(1011)   Evacuate Collection Set: 1.0ms
[2023-04-09T19:23:47.856+0800][2563.365s] GC(1011)   Post Evacuate Collection Set: 0.6ms
[2023-04-09T19:23:47.857+0800][2563.365s] GC(1011)   Other: 0.2ms
[2023-04-09T19:23:47.857+0800][2563.366s] GC(1011) Eden regions: 303->0(298)
[2023-04-09T19:23:47.857+0800][2563.366s] GC(1011) Survivor regions: 4->9(39)
[2023-04-09T19:23:47.857+0800][2563.366s] GC(1011) Old regions: 75->75
[2023-04-09T19:23:47.857+0800][2563.366s] GC(1011) Humongous regions: 8->7
[2023-04-09T19:23:47.857+0800][2563.366s] GC(1011) Metaspace: 61945K(64880K)->61945K(64880K) NonClass: 54987K(56740K)->54987K(56740K) Class: 6958K(8140K)->6958K(8140K)
[2023-04-09T19:23:47.857+0800][2563.366s] GC(1011) Pause Young (Normal) (G1 Evacuation Pause) 388M->90M(512M) 1.927ms
[2023-04-09T19:23:47.857+0800][2563.366s] GC(1011) User=0.00s Sys=0.00s Real=0.00s
[2023-04-09T19:23:48.479+0800][2563.988s] GC(1012) Pause Young (Normal) (G1 Evacuation Pause)
[2023-04-09T19:23:48.479+0800][2563.988s] GC(1012) Using 8 workers of 8 for evacuation
[2023-04-09T19:23:48.481+0800][2563.990s] GC(1012)   Pre Evacuate Collection Set: 0.0ms
[2023-04-09T19:23:48.481+0800][2563.990s] GC(1012)   Evacuate Collection Set: 1.4ms
[2023-04-09T19:23:48.481+0800][2563.990s] GC(1012)   Post Evacuate Collection Set: 0.6ms
[2023-04-09T19:23:48.481+0800][2563.990s] GC(1012)   Other: 0.2ms
[2023-04-09T19:23:48.481+0800][2563.990s] GC(1012) Eden regions: 298->0(297)
[2023-04-09T19:23:48.481+0800][2563.990s] GC(1012) Survivor regions: 9->10(39)
[2023-04-09T19:23:48.481+0800][2563.990s] GC(1012) Old regions: 75->75
[2023-04-09T19:23:48.481+0800][2563.990s] GC(1012) Humongous regions: 25->13
[2023-04-09T19:23:48.481+0800][2563.990s] GC(1012) Metaspace: 61945K(64880K)->61945K(64880K) NonClass: 54987K(56740K)->54987K(56740K) Class: 6958K(8140K)->6958K(8140K)
[2023-04-09T19:23:48.481+0800][2563.990s] GC(1012) Pause Young (Normal) (G1 Evacuation Pause) 406M->97M(512M) 2.641ms
[2023-04-09T19:23:48.481+0800][2563.990s] GC(1012) User=0.11s Sys=0.00s Real=0.00s
[2023-04-09T19:23:48.945+0800][2564.453s] GC(1013) Pause Young (Normal) (G1 Evacuation Pause)
[2023-04-09T19:23:48.945+0800][2564.453s] GC(1013) Using 8 workers of 8 for evacuation
[2023-04-09T19:23:48.946+0800][2564.454s] GC(1013)   Pre Evacuate Collection Set: 0.0ms
[2023-04-09T19:23:48.946+0800][2564.454s] GC(1013)   Evacuate Collection Set: 0.4ms
[2023-04-09T19:23:48.946+0800][2564.454s] GC(1013)   Post Evacuate Collection Set: 0.5ms
[2023-04-09T19:23:48.946+0800][2564.454s] GC(1013)   Other: 0.2ms
[2023-04-09T19:23:48.946+0800][2564.454s] GC(1013) Eden regions: 297->0(304)
[2023-04-09T19:23:48.946+0800][2564.454s] GC(1013) Survivor regions: 10->3(39)
[2023-04-09T19:23:48.946+0800][2564.454s] GC(1013) Old regions: 75->75
[2023-04-09T19:23:48.946+0800][2564.454s] GC(1013) Humongous regions: 13->4
[2023-04-09T19:23:48.946+0800][2564.454s] GC(1013) Metaspace: 61946K(64880K)->61946K(64880K) NonClass: 54987K(56740K)->54987K(56740K) Class: 6958K(8140K)->6958K(8140K)
[2023-04-09T19:23:48.946+0800][2564.454s] GC(1013) Pause Young (Normal) (G1 Evacuation Pause) 394M->80M(512M) 1.271ms
[2023-04-09T19:23:48.946+0800][2564.454s] GC(1013) User=0.00s Sys=0.00s Real=0.00s
[2023-04-09T19:23:49.391+0800][2564.900s] GC(1014) Pause Young (Normal) (G1 Evacuation Pause)
[2023-04-09T19:23:49.391+0800][2564.900s] GC(1014) Using 8 workers of 8 for evacuation
[2023-04-09T19:23:49.393+0800][2564.901s] GC(1014)   Pre Evacuate Collection Set: 0.0ms
[2023-04-09T19:23:49.393+0800][2564.901s] GC(1014)   Evacuate Collection Set: 0.9ms
[2023-04-09T19:23:49.393+0800][2564.901s] GC(1014)   Post Evacuate Collection Set: 0.5ms
[2023-04-09T19:23:49.393+0800][2564.901s] GC(1014)   Other: 0.1ms
[2023-04-09T19:23:49.393+0800][2564.901s] GC(1014) Eden regions: 304->0(298)
[2023-04-09T19:23:49.393+0800][2564.901s] GC(1014) Survivor regions: 3->9(39)
[2023-04-09T19:23:49.393+0800][2564.901s] GC(1014) Old regions: 75->75
[2023-04-09T19:23:49.393+0800][2564.901s] GC(1014) Humongous regions: 7->6
[2023-04-09T19:23:49.393+0800][2564.901s] GC(1014) Metaspace: 61946K(64880K)->61946K(64880K) NonClass: 54987K(56740K)->54987K(56740K) Class: 6958K(8140K)->6958K(8140K)
[2023-04-09T19:23:49.393+0800][2564.901s] GC(1014) Pause Young (Normal) (G1 Evacuation Pause) 387M->88M(512M) 1.719ms
[2023-04-09T19:23:49.393+0800][2564.902s] GC(1014) User=0.00s Sys=0.00s Real=0.00s
[2023-04-09T19:23:49.896+0800][2565.405s] GC(1015) Pause Young (Normal) (G1 Evacuation Pause)
[2023-04-09T19:23:49.896+0800][2565.405s] GC(1015) Using 8 workers of 8 for evacuation
[2023-04-09T19:23:49.899+0800][2565.408s] GC(1015)   Pre Evacuate Collection Set: 0.0ms
[2023-04-09T19:23:49.899+0800][2565.408s] GC(1015)   Evacuate Collection Set: 1.5ms
[2023-04-09T19:23:49.899+0800][2565.408s] GC(1015)   Post Evacuate Collection Set: 0.6ms
[2023-04-09T19:23:49.899+0800][2565.408s] GC(1015)   Other: 0.3ms
[2023-04-09T19:23:49.899+0800][2565.408s] GC(1015) Eden regions: 298->0(297)
[2023-04-09T19:23:49.899+0800][2565.408s] GC(1015) Survivor regions: 9->10(39)
[2023-04-09T19:23:49.899+0800][2565.408s] GC(1015) Old regions: 75->75
[2023-04-09T19:23:49.899+0800][2565.408s] GC(1015) Humongous regions: 20->13
[2023-04-09T19:23:49.899+0800][2565.408s] GC(1015) Metaspace: 61946K(64880K)->61946K(64880K) NonClass: 54987K(56740K)->54987K(56740K) Class: 6958K(8140K)->6958K(8140K)
[2023-04-09T19:23:49.899+0800][2565.408s] GC(1015) Pause Young (Normal) (G1 Evacuation Pause) 400M->97M(512M) 2.707ms
[2023-04-09T19:23:49.899+0800][2565.408s] GC(1015) User=0.00s Sys=0.00s Real=0.00s
[2023-04-09T19:23:50.521+0800][2566.030s] GC(1016) Pause Young (Normal) (G1 Evacuation Pause)
[2023-04-09T19:23:50.522+0800][2566.030s] GC(1016) Using 8 workers of 8 for evacuation
[2023-04-09T19:23:50.522+0800][2566.031s] GC(1016)   Pre Evacuate Collection Set: 0.0ms
[2023-04-09T19:23:50.522+0800][2566.031s] GC(1016)   Evacuate Collection Set: 0.3ms
[2023-04-09T19:23:50.523+0800][2566.031s] GC(1016)   Post Evacuate Collection Set: 0.5ms
[2023-04-09T19:23:50.523+0800][2566.031s] GC(1016)   Other: 0.2ms
[2023-04-09T19:23:50.523+0800][2566.031s] GC(1016) Eden regions: 297->0(306)
[2023-04-09T19:23:50.523+0800][2566.031s] GC(1016) Survivor regions: 10->1(39)
[2023-04-09T19:23:50.523+0800][2566.031s] GC(1016) Old regions: 75->75
[2023-04-09T19:23:50.523+0800][2566.031s] GC(1016) Humongous regions: 18->4
[2023-04-09T19:23:50.523+0800][2566.031s] GC(1016) Metaspace: 61947K(64880K)->61947K(64880K) NonClass: 54988K(56740K)->54988K(56740K) Class: 6958K(8140K)->6958K(8140K)
[2023-04-09T19:23:50.523+0800][2566.031s] GC(1016) Pause Young (Normal) (G1 Evacuation Pause) 399M->78M(512M) 1.278ms
[2023-04-09T19:23:50.523+0800][2566.031s] GC(1016) User=0.00s Sys=0.00s Real=0.00s
[2023-04-09T19:23:50.994+0800][2566.503s] GC(1017) Pause Young (Normal) (G1 Evacuation Pause)
[2023-04-09T19:23:50.994+0800][2566.503s] GC(1017) Using 8 workers of 8 for evacuation
[2023-04-09T19:23:50.996+0800][2566.504s] GC(1017)   Pre Evacuate Collection Set: 0.0ms
[2023-04-09T19:23:50.996+0800][2566.504s] GC(1017)   Evacuate Collection Set: 0.8ms
[2023-04-09T19:23:50.996+0800][2566.504s] GC(1017)   Post Evacuate Collection Set: 0.6ms
[2023-04-09T19:23:50.996+0800][2566.504s] GC(1017)   Other: 0.2ms
[2023-04-09T19:23:50.996+0800][2566.504s] GC(1017) Eden regions: 306->0(300)
[2023-04-09T19:23:50.996+0800][2566.504s] GC(1017) Survivor regions: 1->7(39)
[2023-04-09T19:23:50.996+0800][2566.504s] GC(1017) Old regions: 75->75
[2023-04-09T19:23:50.996+0800][2566.505s] GC(1017) Humongous regions: 7->6
[2023-04-09T19:23:50.996+0800][2566.505s] GC(1017) Metaspace: 61947K(64880K)->61947K(64880K) NonClass: 54988K(56740K)->54988K(56740K) Class: 6958K(8140K)->6958K(8140K)
[2023-04-09T19:23:50.996+0800][2566.505s] GC(1017) Pause Young (Normal) (G1 Evacuation Pause) 387M->86M(512M) 1.709ms
[2023-04-09T19:23:50.996+0800][2566.505s] GC(1017) User=0.03s Sys=0.00s Real=0.00s
[2023-04-09T19:23:51.437+0800][2566.946s] GC(1018) Pause Young (Normal) (G1 Evacuation Pause)
[2023-04-09T19:23:51.438+0800][2566.946s] GC(1018) Using 8 workers of 8 for evacuation
[2023-04-09T19:23:51.439+0800][2566.948s] GC(1018)   Pre Evacuate Collection Set: 0.0ms
[2023-04-09T19:23:51.439+0800][2566.948s] GC(1018)   Evacuate Collection Set: 1.0ms
[2023-04-09T19:23:51.439+0800][2566.948s] GC(1018)   Post Evacuate Collection Set: 0.6ms
[2023-04-09T19:23:51.439+0800][2566.948s] GC(1018)   Other: 0.2ms
[2023-04-09T19:23:51.439+0800][2566.948s] GC(1018) Eden regions: 300->0(298)
[2023-04-09T19:23:51.439+0800][2566.948s] GC(1018) Survivor regions: 7->9(39)
[2023-04-09T19:23:51.439+0800][2566.948s] GC(1018) Old regions: 75->75
[2023-04-09T19:23:51.439+0800][2566.948s] GC(1018) Humongous regions: 12->12
[2023-04-09T19:23:51.439+0800][2566.948s] GC(1018) Metaspace: 61947K(64880K)->61947K(64880K) NonClass: 54988K(56740K)->54988K(56740K) Class: 6958K(8140K)->6958K(8140K)
[2023-04-09T19:23:51.440+0800][2566.948s] GC(1018) Pause Young (Normal) (G1 Evacuation Pause) 392M->95M(512M) 2.069ms
[2023-04-09T19:23:51.440+0800][2566.948s] GC(1018) User=0.00s Sys=0.00s Real=0.00s
[2023-04-09T19:23:52.105+0800][2567.614s] GC(1019) Pause Young (Normal) (G1 Evacuation Pause)
[2023-04-09T19:23:52.105+0800][2567.614s] GC(1019) Using 8 workers of 8 for evacuation
[2023-04-09T19:23:52.107+0800][2567.616s] GC(1019)   Pre Evacuate Collection Set: 0.0ms
[2023-04-09T19:23:52.107+0800][2567.616s] GC(1019)   Evacuate Collection Set: 1.1ms
[2023-04-09T19:23:52.107+0800][2567.616s] GC(1019)   Post Evacuate Collection Set: 0.7ms
[2023-04-09T19:23:52.107+0800][2567.616s] GC(1019)   Other: 0.2ms
[2023-04-09T19:23:52.107+0800][2567.616s] GC(1019) Eden regions: 298->0(296)
[2023-04-09T19:23:52.107+0800][2567.616s] GC(1019) Survivor regions: 9->11(39)
[2023-04-09T19:23:52.107+0800][2567.616s] GC(1019) Old regions: 75->75
[2023-04-09T19:23:52.107+0800][2567.616s] GC(1019) Humongous regions: 25->13
[2023-04-09T19:23:52.107+0800][2567.616s] GC(1019) Metaspace: 61947K(64880K)->61947K(64880K) NonClass: 54988K(56740K)->54988K(56740K) Class: 6958K(8140K)->6958K(8140K)
[2023-04-09T19:23:52.107+0800][2567.616s] GC(1019) Pause Young (Normal) (G1 Evacuation Pause) 406M->97M(512M) 2.158ms
[2023-04-09T19:23:52.107+0800][2567.616s] GC(1019) User=0.12s Sys=0.00s Real=0.00s
[2023-04-09T19:23:52.621+0800][2568.130s] GC(1020) Pause Young (Normal) (G1 Evacuation Pause)
[2023-04-09T19:23:52.621+0800][2568.130s] GC(1020) Using 8 workers of 8 for evacuation
[2023-04-09T19:23:52.622+0800][2568.131s] GC(1020)   Pre Evacuate Collection Set: 0.0ms
[2023-04-09T19:23:52.622+0800][2568.131s] GC(1020)   Evacuate Collection Set: 0.6ms
[2023-04-09T19:23:52.622+0800][2568.131s] GC(1020)   Post Evacuate Collection Set: 0.6ms
[2023-04-09T19:23:52.622+0800][2568.131s] GC(1020)   Other: 0.2ms
[2023-04-09T19:23:52.622+0800][2568.131s] GC(1020) Eden regions: 296->0(301)
[2023-04-09T19:23:52.622+0800][2568.131s] GC(1020) Survivor regions: 11->6(39)
[2023-04-09T19:23:52.622+0800][2568.131s] GC(1020) Old regions: 75->75
[2023-04-09T19:23:52.622+0800][2568.131s] GC(1020) Humongous regions: 14->5
[2023-04-09T19:23:52.622+0800][2568.131s] GC(1020) Metaspace: 61947K(64880K)->61947K(64880K) NonClass: 54989K(56740K)->54989K(56740K) Class: 6958K(8140K)->6958K(8140K)
[2023-04-09T19:23:52.622+0800][2568.131s] GC(1020) Pause Young (Normal) (G1 Evacuation Pause) 394M->85M(512M) 1.562ms
[2023-04-09T19:23:52.622+0800][2568.131s] GC(1020) User=0.00s Sys=0.00s Real=0.00s
[2023-04-09T19:23:53.075+0800][2568.583s] GC(1021) Pause Young (Normal) (G1 Evacuation Pause)
[2023-04-09T19:23:53.075+0800][2568.584s] GC(1021) Using 8 workers of 8 for evacuation
[2023-04-09T19:23:53.076+0800][2568.585s] GC(1021)   Pre Evacuate Collection Set: 0.0ms
[2023-04-09T19:23:53.076+0800][2568.585s] GC(1021)   Evacuate Collection Set: 1.1ms
[2023-04-09T19:23:53.076+0800][2568.585s] GC(1021)   Post Evacuate Collection Set: 0.6ms
[2023-04-09T19:23:53.076+0800][2568.585s] GC(1021)   Other: 0.2ms
[2023-04-09T19:23:53.077+0800][2568.585s] GC(1021) Eden regions: 301->0(296)
[2023-04-09T19:23:53.077+0800][2568.585s] GC(1021) Survivor regions: 6->11(39)
[2023-04-09T19:23:53.077+0800][2568.585s] GC(1021) Old regions: 75->75
[2023-04-09T19:23:53.077+0800][2568.586s] GC(1021) Humongous regions: 8->7
[2023-04-09T19:23:53.077+0800][2568.586s] GC(1021) Metaspace: 61947K(64880K)->61947K(64880K) NonClass: 54989K(56740K)->54989K(56740K) Class: 6958K(8140K)->6958K(8140K)
[2023-04-09T19:23:53.077+0800][2568.586s] GC(1021) Pause Young (Normal) (G1 Evacuation Pause) 389M->92M(512M) 2.086ms
[2023-04-09T19:23:53.077+0800][2568.586s] GC(1021) User=0.00s Sys=0.00s Real=0.00s
[2023-04-09T19:23:53.662+0800][2569.171s] GC(1022) Pause Young (Normal) (G1 Evacuation Pause)
[2023-04-09T19:23:53.662+0800][2569.171s] GC(1022) Using 8 workers of 8 for evacuation
[2023-04-09T19:23:53.664+0800][2569.173s] GC(1022)   Pre Evacuate Collection Set: 0.0ms
[2023-04-09T19:23:53.664+0800][2569.173s] GC(1022)   Evacuate Collection Set: 1.2ms
[2023-04-09T19:23:53.664+0800][2569.173s] GC(1022)   Post Evacuate Collection Set: 0.6ms
[2023-04-09T19:23:53.664+0800][2569.173s] GC(1022)   Other: 0.2ms
[2023-04-09T19:23:53.664+0800][2569.173s] GC(1022) Eden regions: 296->0(297)
[2023-04-09T19:23:53.664+0800][2569.173s] GC(1022) Survivor regions: 11->10(39)
[2023-04-09T19:23:53.664+0800][2569.174s] GC(1022) Old regions: 75->75
[2023-04-09T19:23:53.664+0800][2569.174s] GC(1022) Humongous regions: 25->13
[2023-04-09T19:23:53.664+0800][2569.174s] GC(1022) Metaspace: 61947K(64880K)->61947K(64880K) NonClass: 54989K(56740K)->54989K(56740K) Class: 6958K(8140K)->6958K(8140K)
[2023-04-09T19:23:53.665+0800][2569.174s] GC(1022) Pause Young (Normal) (G1 Evacuation Pause) 406M->97M(512M) 2.512ms
[2023-04-09T19:23:53.665+0800][2569.174s] GC(1022) User=0.00s Sys=0.00s Real=0.00s
[2023-04-09T19:23:54.169+0800][2569.677s] GC(1023) Pause Young (Normal) (G1 Evacuation Pause)
[2023-04-09T19:23:54.169+0800][2569.677s] GC(1023) Using 8 workers of 8 for evacuation
[2023-04-09T19:23:54.170+0800][2569.679s] GC(1023)   Pre Evacuate Collection Set: 0.0ms
[2023-04-09T19:23:54.170+0800][2569.679s] GC(1023)   Evacuate Collection Set: 0.6ms
[2023-04-09T19:23:54.170+0800][2569.679s] GC(1023)   Post Evacuate Collection Set: 0.5ms
[2023-04-09T19:23:54.170+0800][2569.679s] GC(1023)   Other: 0.2ms
[2023-04-09T19:23:54.170+0800][2569.679s] GC(1023) Eden regions: 297->0(303)
[2023-04-09T19:23:54.170+0800][2569.679s] GC(1023) Survivor regions: 10->4(39)
[2023-04-09T19:23:54.170+0800][2569.679s] GC(1023) Old regions: 75->75
[2023-04-09T19:23:54.170+0800][2569.679s] GC(1023) Humongous regions: 14->5
[2023-04-09T19:23:54.170+0800][2569.679s] GC(1023) Metaspace: 61953K(64880K)->61953K(64880K) NonClass: 54994K(56740K)->54994K(56740K) Class: 6958K(8140K)->6958K(8140K)
[2023-04-09T19:23:54.170+0800][2569.679s] GC(1023) Pause Young (Normal) (G1 Evacuation Pause) 395M->83M(512M) 1.563ms
[2023-04-09T19:23:54.170+0800][2569.679s] GC(1023) User=0.00s Sys=0.00s Real=0.00s
[2023-04-09T19:23:54.672+0800][2570.180s] GC(1024) Pause Young (Normal) (G1 Evacuation Pause)
[2023-04-09T19:23:54.672+0800][2570.180s] GC(1024) Using 8 workers of 8 for evacuation
[2023-04-09T19:23:54.673+0800][2570.182s] GC(1024)   Pre Evacuate Collection Set: 0.0ms
[2023-04-09T19:23:54.673+0800][2570.182s] GC(1024)   Evacuate Collection Set: 1.0ms
[2023-04-09T19:23:54.673+0800][2570.182s] GC(1024)   Post Evacuate Collection Set: 0.5ms
[2023-04-09T19:23:54.674+0800][2570.182s] GC(1024)   Other: 0.2ms
[2023-04-09T19:23:54.674+0800][2570.182s] GC(1024) Eden regions: 303->0(297)
[2023-04-09T19:23:54.674+0800][2570.182s] GC(1024) Survivor regions: 4->10(39)
[2023-04-09T19:23:54.674+0800][2570.182s] GC(1024) Old regions: 75->75
[2023-04-09T19:23:54.674+0800][2570.182s] GC(1024) Humongous regions: 8->7
[2023-04-09T19:23:54.674+0800][2570.182s] GC(1024) Metaspace: 61953K(64880K)->61953K(64880K) NonClass: 54994K(56740K)->54994K(56740K) Class: 6958K(8140K)->6958K(8140K)
[2023-04-09T19:23:54.674+0800][2570.182s] GC(1024) Pause Young (Normal) (G1 Evacuation Pause) 389M->91M(512M) 2.032ms
[2023-04-09T19:23:54.674+0800][2570.182s] GC(1024) User=0.00s Sys=0.00s Real=0.00s
[2023-04-09T19:23:55.288+0800][2570.797s] GC(1025) Pause Young (Normal) (G1 Evacuation Pause)
[2023-04-09T19:23:55.288+0800][2570.797s] GC(1025) Using 8 workers of 8 for evacuation
[2023-04-09T19:23:55.290+0800][2570.799s] GC(1025)   Pre Evacuate Collection Set: 0.0ms
[2023-04-09T19:23:55.290+0800][2570.799s] GC(1025)   Evacuate Collection Set: 1.2ms
[2023-04-09T19:23:55.290+0800][2570.799s] GC(1025)   Post Evacuate Collection Set: 0.6ms
[2023-04-09T19:23:55.290+0800][2570.799s] GC(1025)   Other: 0.2ms
[2023-04-09T19:23:55.290+0800][2570.799s] GC(1025) Eden regions: 297->0(297)
[2023-04-09T19:23:55.290+0800][2570.799s] GC(1025) Survivor regions: 10->10(39)
[2023-04-09T19:23:55.290+0800][2570.799s] GC(1025) Old regions: 75->75
[2023-04-09T19:23:55.290+0800][2570.799s] GC(1025) Humongous regions: 20->13
[2023-04-09T19:23:55.290+0800][2570.799s] GC(1025) Metaspace: 61953K(64880K)->61953K(64880K) NonClass: 54994K(56740K)->54994K(56740K) Class: 6958K(8140K)->6958K(8140K)
[2023-04-09T19:23:55.290+0800][2570.799s] GC(1025) Pause Young (Normal) (G1 Evacuation Pause) 401M->97M(512M) 2.223ms
[2023-04-09T19:23:55.290+0800][2570.799s] GC(1025) User=0.00s Sys=0.00s Real=0.00s
[2023-04-09T19:23:55.738+0800][2571.247s] GC(1026) Pause Young (Normal) (G1 Evacuation Pause)
[2023-04-09T19:23:55.738+0800][2571.247s] GC(1026) Using 8 workers of 8 for evacuation
[2023-04-09T19:23:55.739+0800][2571.249s] GC(1026)   Pre Evacuate Collection Set: 0.0ms
[2023-04-09T19:23:55.740+0800][2571.249s] GC(1026)   Evacuate Collection Set: 0.7ms
[2023-04-09T19:23:55.740+0800][2571.249s] GC(1026)   Post Evacuate Collection Set: 0.4ms
[2023-04-09T19:23:55.740+0800][2571.249s] GC(1026)   Other: 0.2ms
[2023-04-09T19:23:55.740+0800][2571.249s] GC(1026) Eden regions: 297->0(303)
[2023-04-09T19:23:55.740+0800][2571.249s] GC(1026) Survivor regions: 10->4(39)
[2023-04-09T19:23:55.740+0800][2571.249s] GC(1026) Old regions: 75->75
[2023-04-09T19:23:55.740+0800][2571.249s] GC(1026) Humongous regions: 13->4
[2023-04-09T19:23:55.740+0800][2571.249s] GC(1026) Metaspace: 61962K(64880K)->61962K(64880K) NonClass: 55003K(56740K)->55003K(56740K) Class: 6958K(8140K)->6958K(8140K)
[2023-04-09T19:23:55.740+0800][2571.249s] GC(1026) Pause Young (Normal) (G1 Evacuation Pause) 394M->81M(512M) 1.466ms
[2023-04-09T19:23:55.740+0800][2571.249s] GC(1026) User=0.00s Sys=0.00s Real=0.00s
[2023-04-09T19:23:55.973+0800][2571.482s] GC(1027) Pause Young (Normal) (G1 Evacuation Pause)
[2023-04-09T19:23:55.973+0800][2571.482s] GC(1027) Using 8 workers of 8 for evacuation
[2023-04-09T19:23:55.975+0800][2571.483s] GC(1027)   Pre Evacuate Collection Set: 0.0ms
[2023-04-09T19:23:55.975+0800][2571.483s] GC(1027)   Evacuate Collection Set: 0.8ms
[2023-04-09T19:23:55.975+0800][2571.484s] GC(1027)   Post Evacuate Collection Set: 0.6ms
[2023-04-09T19:23:55.975+0800][2571.484s] GC(1027)   Other: 0.2ms
[2023-04-09T19:23:55.975+0800][2571.484s] GC(1027) Eden regions: 303->0(301)
[2023-04-09T19:23:55.975+0800][2571.484s] GC(1027) Survivor regions: 4->6(39)
[2023-04-09T19:23:55.975+0800][2571.484s] GC(1027) Old regions: 75->75
[2023-04-09T19:23:55.975+0800][2571.484s] GC(1027) Humongous regions: 5->5
[2023-04-09T19:23:55.975+0800][2571.484s] GC(1027) Metaspace: 61962K(64880K)->61962K(64880K) NonClass: 55003K(56740K)->55003K(56740K) Class: 6958K(8140K)->6958K(8140K)
[2023-04-09T19:23:55.975+0800][2571.484s] GC(1027) Pause Young (Normal) (G1 Evacuation Pause) 385M->84M(512M) 1.638ms
[2023-04-09T19:23:55.975+0800][2571.484s] GC(1027) User=0.00s Sys=0.00s Real=0.00s
[2023-04-09T19:23:56.173+0800][2571.682s] GC(1028) Pause Young (Normal) (G1 Evacuation Pause)
[2023-04-09T19:23:56.173+0800][2571.682s] GC(1028) Using 8 workers of 8 for evacuation
[2023-04-09T19:23:56.175+0800][2571.684s] GC(1028)   Pre Evacuate Collection Set: 0.0ms
[2023-04-09T19:23:56.175+0800][2571.684s] GC(1028)   Evacuate Collection Set: 1.0ms
[2023-04-09T19:23:56.175+0800][2571.684s] GC(1028)   Post Evacuate Collection Set: 0.4ms
[2023-04-09T19:23:56.175+0800][2571.684s] GC(1028)   Other: 0.2ms
[2023-04-09T19:23:56.175+0800][2571.684s] GC(1028) Eden regions: 301->0(299)
[2023-04-09T19:23:56.175+0800][2571.684s] GC(1028) Survivor regions: 6->8(39)
[2023-04-09T19:23:56.175+0800][2571.684s] GC(1028) Old regions: 75->75
[2023-04-09T19:23:56.175+0800][2571.684s] GC(1028) Humongous regions: 7->6
[2023-04-09T19:23:56.175+0800][2571.684s] GC(1028) Metaspace: 61962K(64880K)->61962K(64880K) NonClass: 55003K(56740K)->55003K(56740K) Class: 6958K(8140K)->6958K(8140K)
[2023-04-09T19:23:56.175+0800][2571.684s] GC(1028) Pause Young (Normal) (G1 Evacuation Pause) 387M->88M(512M) 1.775ms
[2023-04-09T19:23:56.175+0800][2571.684s] GC(1028) User=0.00s Sys=0.00s Real=0.00s
[2023-04-09T19:23:56.388+0800][2571.897s] GC(1029) Pause Young (Normal) (G1 Evacuation Pause)
[2023-04-09T19:23:56.388+0800][2571.897s] GC(1029) Using 8 workers of 8 for evacuation
[2023-04-09T19:23:56.390+0800][2571.899s] GC(1029)   Pre Evacuate Collection Set: 0.0ms
[2023-04-09T19:23:56.390+0800][2571.899s] GC(1029)   Evacuate Collection Set: 1.4ms
[2023-04-09T19:23:56.390+0800][2571.899s] GC(1029)   Post Evacuate Collection Set: 0.5ms
[2023-04-09T19:23:56.390+0800][2571.899s] GC(1029)   Other: 0.2ms
[2023-04-09T19:23:56.390+0800][2571.899s] GC(1029) Eden regions: 299->0(296)
[2023-04-09T19:23:56.390+0800][2571.899s] GC(1029) Survivor regions: 8->11(39)
[2023-04-09T19:23:56.390+0800][2571.899s] GC(1029) Old regions: 75->75
[2023-04-09T19:23:56.390+0800][2571.899s] GC(1029) Humongous regions: 7->7
[2023-04-09T19:23:56.390+0800][2571.899s] GC(1029) Metaspace: 61962K(64880K)->61962K(64880K) NonClass: 55003K(56740K)->55003K(56740K) Class: 6958K(8140K)->6958K(8140K)
[2023-04-09T19:23:56.390+0800][2571.899s] GC(1029) Pause Young (Normal) (G1 Evacuation Pause) 388M->92M(512M) 2.273ms
[2023-04-09T19:23:56.390+0800][2571.899s] GC(1029) User=0.00s Sys=0.00s Real=0.00s
[2023-04-09T19:23:56.696+0800][2572.206s] GC(1030) Pause Young (Normal) (G1 Evacuation Pause)
[2023-04-09T19:23:56.696+0800][2572.206s] GC(1030) Using 8 workers of 8 for evacuation
[2023-04-09T19:23:56.699+0800][2572.208s] GC(1030)   Pre Evacuate Collection Set: 0.0ms
[2023-04-09T19:23:56.699+0800][2572.208s] GC(1030)   Evacuate Collection Set: 1.7ms
[2023-04-09T19:23:56.699+0800][2572.208s] GC(1030)   Post Evacuate Collection Set: 0.6ms
[2023-04-09T19:23:56.699+0800][2572.208s] GC(1030)   Other: 0.2ms
[2023-04-09T19:23:56.699+0800][2572.208s] GC(1030) Eden regions: 296->0(296)
[2023-04-09T19:23:56.699+0800][2572.208s] GC(1030) Survivor regions: 11->11(39)
[2023-04-09T19:23:56.699+0800][2572.208s] GC(1030) Old regions: 75->75
[2023-04-09T19:23:56.699+0800][2572.208s] GC(1030) Humongous regions: 15->13
[2023-04-09T19:23:56.699+0800][2572.208s] GC(1030) Metaspace: 61962K(64880K)->61962K(64880K) NonClass: 55003K(56740K)->55003K(56740K) Class: 6958K(8140K)->6958K(8140K)
[2023-04-09T19:23:56.699+0800][2572.208s] GC(1030) Pause Young (Normal) (G1 Evacuation Pause) 396M->98M(512M) 2.776ms
[2023-04-09T19:23:56.699+0800][2572.208s] GC(1030) User=0.03s Sys=0.00s Real=0.00s
[2023-04-09T19:23:57.152+0800][2572.661s] GC(1031) Pause Young (Normal) (G1 Evacuation Pause)
[2023-04-09T19:23:57.152+0800][2572.661s] GC(1031) Using 8 workers of 8 for evacuation
[2023-04-09T19:23:57.154+0800][2572.663s] GC(1031)   Pre Evacuate Collection Set: 0.0ms
[2023-04-09T19:23:57.154+0800][2572.663s] GC(1031)   Evacuate Collection Set: 1.4ms
[2023-04-09T19:23:57.154+0800][2572.663s] GC(1031)   Post Evacuate Collection Set: 0.6ms
[2023-04-09T19:23:57.154+0800][2572.663s] GC(1031)   Other: 0.2ms
[2023-04-09T19:23:57.154+0800][2572.663s] GC(1031) Eden regions: 296->0(295)
[2023-04-09T19:23:57.154+0800][2572.663s] GC(1031) Survivor regions: 11->12(39)
[2023-04-09T19:23:57.154+0800][2572.663s] GC(1031) Old regions: 75->75
[2023-04-09T19:23:57.154+0800][2572.663s] GC(1031) Humongous regions: 23->13
[2023-04-09T19:23:57.154+0800][2572.663s] GC(1031) Metaspace: 61968K(64880K)->61968K(64880K) NonClass: 55009K(56740K)->55009K(56740K) Class: 6958K(8140K)->6958K(8140K)
[2023-04-09T19:23:57.154+0800][2572.663s] GC(1031) Pause Young (Normal) (G1 Evacuation Pause) 404M->98M(512M) 2.347ms
[2023-04-09T19:23:57.154+0800][2572.663s] GC(1031) User=0.11s Sys=0.00s Real=0.00s
[2023-04-09T19:23:57.425+0800][2572.934s] GC(1032) Pause Young (Normal) (G1 Evacuation Pause)
[2023-04-09T19:23:57.425+0800][2572.934s] GC(1032) Using 8 workers of 8 for evacuation
[2023-04-09T19:23:57.427+0800][2572.936s] GC(1032)   Pre Evacuate Collection Set: 0.0ms
[2023-04-09T19:23:57.427+0800][2572.936s] GC(1032)   Evacuate Collection Set: 1.3ms
[2023-04-09T19:23:57.427+0800][2572.936s] GC(1032)   Post Evacuate Collection Set: 0.5ms
[2023-04-09T19:23:57.427+0800][2572.936s] GC(1032)   Other: 0.1ms
[2023-04-09T19:23:57.427+0800][2572.936s] GC(1032) Eden regions: 295->0(296)
[2023-04-09T19:23:57.427+0800][2572.936s] GC(1032) Survivor regions: 12->11(39)
[2023-04-09T19:23:57.427+0800][2572.936s] GC(1032) Old regions: 75->75
[2023-04-09T19:23:57.427+0800][2572.936s] GC(1032) Humongous regions: 13->13
[2023-04-09T19:23:57.427+0800][2572.936s] GC(1032) Metaspace: 61968K(64880K)->61968K(64880K) NonClass: 55009K(56740K)->55009K(56740K) Class: 6958K(8140K)->6958K(8140K)
[2023-04-09T19:23:57.427+0800][2572.936s] GC(1032) Pause Young (Normal) (G1 Evacuation Pause) 393M->98M(512M) 2.119ms
[2023-04-09T19:23:57.427+0800][2572.936s] GC(1032) User=0.00s Sys=0.00s Real=0.00s
[2023-04-09T19:23:57.733+0800][2573.241s] GC(1033) Pause Young (Normal) (G1 Evacuation Pause)
[2023-04-09T19:23:57.733+0800][2573.241s] GC(1033) Using 8 workers of 8 for evacuation
[2023-04-09T19:23:57.734+0800][2573.243s] GC(1033)   Pre Evacuate Collection Set: 0.0ms
[2023-04-09T19:23:57.734+0800][2573.243s] GC(1033)   Evacuate Collection Set: 0.7ms
[2023-04-09T19:23:57.734+0800][2573.243s] GC(1033)   Post Evacuate Collection Set: 0.6ms
[2023-04-09T19:23:57.734+0800][2573.243s] GC(1033)   Other: 0.1ms
[2023-04-09T19:23:57.734+0800][2573.243s] GC(1033) Eden regions: 296->0(302)
[2023-04-09T19:23:57.734+0800][2573.243s] GC(1033) Survivor regions: 11->5(39)
[2023-04-09T19:23:57.734+0800][2573.243s] GC(1033) Old regions: 75->75
[2023-04-09T19:23:57.734+0800][2573.243s] GC(1033) Humongous regions: 14->5
[2023-04-09T19:23:57.734+0800][2573.243s] GC(1033) Metaspace: 61971K(64880K)->61971K(64880K) NonClass: 55013K(56740K)->55013K(56740K) Class: 6958K(8140K)->6958K(8140K)
[2023-04-09T19:23:57.734+0800][2573.243s] GC(1033) Pause Young (Normal) (G1 Evacuation Pause) 395M->84M(512M) 1.577ms
[2023-04-09T19:23:57.734+0800][2573.243s] GC(1033) User=0.00s Sys=0.00s Real=0.00s
[2023-04-09T19:23:58.018+0800][2573.526s] GC(1034) Pause Young (Normal) (G1 Evacuation Pause)
[2023-04-09T19:23:58.018+0800][2573.526s] GC(1034) Using 8 workers of 8 for evacuation
[2023-04-09T19:23:58.019+0800][2573.528s] GC(1034)   Pre Evacuate Collection Set: 0.0ms
[2023-04-09T19:23:58.019+0800][2573.528s] GC(1034)   Evacuate Collection Set: 1.0ms
[2023-04-09T19:23:58.019+0800][2573.528s] GC(1034)   Post Evacuate Collection Set: 0.4ms
[2023-04-09T19:23:58.019+0800][2573.528s] GC(1034)   Other: 0.2ms
[2023-04-09T19:23:58.019+0800][2573.528s] GC(1034) Eden regions: 302->0(298)
[2023-04-09T19:23:58.019+0800][2573.528s] GC(1034) Survivor regions: 5->9(39)
[2023-04-09T19:23:58.019+0800][2573.528s] GC(1034) Old regions: 75->75
[2023-04-09T19:23:58.019+0800][2573.528s] GC(1034) Humongous regions: 7->6
[2023-04-09T19:23:58.019+0800][2573.528s] GC(1034) Metaspace: 61971K(64880K)->61971K(64880K) NonClass: 55013K(56740K)->55013K(56740K) Class: 6958K(8140K)->6958K(8140K)
[2023-04-09T19:23:58.019+0800][2573.528s] GC(1034) Pause Young (Normal) (G1 Evacuation Pause) 388M->88M(512M) 1.761ms
[2023-04-09T19:23:58.019+0800][2573.528s] GC(1034) User=0.00s Sys=0.00s Real=0.00s
[2023-04-09T19:23:58.289+0800][2573.797s] GC(1035) Pause Young (Normal) (G1 Evacuation Pause)
[2023-04-09T19:23:58.289+0800][2573.797s] GC(1035) Using 8 workers of 8 for evacuation
[2023-04-09T19:23:58.291+0800][2573.799s] GC(1035)   Pre Evacuate Collection Set: 0.0ms
[2023-04-09T19:23:58.291+0800][2573.799s] GC(1035)   Evacuate Collection Set: 1.3ms
[2023-04-09T19:23:58.291+0800][2573.799s] GC(1035)   Post Evacuate Collection Set: 0.6ms
[2023-04-09T19:23:58.291+0800][2573.799s] GC(1035)   Other: 0.3ms
[2023-04-09T19:23:58.291+0800][2573.799s] GC(1035) Eden regions: 298->0(295)
[2023-04-09T19:23:58.291+0800][2573.799s] GC(1035) Survivor regions: 9->12(39)
[2023-04-09T19:23:58.291+0800][2573.799s] GC(1035) Old regions: 75->75
[2023-04-09T19:23:58.291+0800][2573.799s] GC(1035) Humongous regions: 7->7
[2023-04-09T19:23:58.291+0800][2573.799s] GC(1035) Metaspace: 61971K(64880K)->61971K(64880K) NonClass: 55013K(56740K)->55013K(56740K) Class: 6958K(8140K)->6958K(8140K)
[2023-04-09T19:23:58.291+0800][2573.799s] GC(1035) Pause Young (Normal) (G1 Evacuation Pause) 387M->93M(512M) 2.390ms
[2023-04-09T19:23:58.291+0800][2573.799s] GC(1035) User=0.00s Sys=0.00s Real=0.00s
[2023-04-09T19:23:58.576+0800][2574.085s] GC(1036) Pause Young (Normal) (G1 Evacuation Pause)
[2023-04-09T19:23:58.576+0800][2574.085s] GC(1036) Using 8 workers of 8 for evacuation
[2023-04-09T19:23:58.578+0800][2574.087s] GC(1036)   Pre Evacuate Collection Set: 0.0ms
[2023-04-09T19:23:58.578+0800][2574.087s] GC(1036)   Evacuate Collection Set: 1.3ms
[2023-04-09T19:23:58.578+0800][2574.087s] GC(1036)   Post Evacuate Collection Set: 0.6ms
[2023-04-09T19:23:58.578+0800][2574.087s] GC(1036)   Other: 0.1ms
[2023-04-09T19:23:58.578+0800][2574.087s] GC(1036) Eden regions: 295->0(296)
[2023-04-09T19:23:58.578+0800][2574.087s] GC(1036) Survivor regions: 12->11(39)
[2023-04-09T19:23:58.578+0800][2574.087s] GC(1036) Old regions: 75->75
[2023-04-09T19:23:58.578+0800][2574.087s] GC(1036) Humongous regions: 20->13
[2023-04-09T19:23:58.578+0800][2574.087s] GC(1036) Metaspace: 61971K(64880K)->61971K(64880K) NonClass: 55013K(56740K)->55013K(56740K) Class: 6958K(8140K)->6958K(8140K)
[2023-04-09T19:23:58.578+0800][2574.087s] GC(1036) Pause Young (Normal) (G1 Evacuation Pause) 401M->98M(512M) 2.383ms
[2023-04-09T19:23:58.578+0800][2574.087s] GC(1036) User=0.00s Sys=0.00s Real=0.00s
[2023-04-09T19:23:59.009+0800][2574.518s] GC(1037) Pause Young (Normal) (G1 Evacuation Pause)
[2023-04-09T19:23:59.009+0800][2574.518s] GC(1037) Using 8 workers of 8 for evacuation
[2023-04-09T19:23:59.011+0800][2574.520s] GC(1037)   Pre Evacuate Collection Set: 0.0ms
[2023-04-09T19:23:59.011+0800][2574.520s] GC(1037)   Evacuate Collection Set: 1.3ms
[2023-04-09T19:23:59.011+0800][2574.520s] GC(1037)   Post Evacuate Collection Set: 0.5ms
[2023-04-09T19:23:59.011+0800][2574.520s] GC(1037)   Other: 0.2ms
[2023-04-09T19:23:59.012+0800][2574.520s] GC(1037) Eden regions: 296->0(296)
[2023-04-09T19:23:59.012+0800][2574.520s] GC(1037) Survivor regions: 11->11(39)
[2023-04-09T19:23:59.012+0800][2574.520s] GC(1037) Old regions: 75->75
[2023-04-09T19:23:59.012+0800][2574.520s] GC(1037) Humongous regions: 18->13
[2023-04-09T19:23:59.012+0800][2574.521s] GC(1037) Metaspace: 61975K(64880K)->61975K(64880K) NonClass: 55017K(56740K)->55017K(56740K) Class: 6958K(8140K)->6958K(8140K)
[2023-04-09T19:23:59.012+0800][2574.521s] GC(1037) Pause Young (Normal) (G1 Evacuation Pause) 399M->98M(512M) 2.338ms
[2023-04-09T19:23:59.012+0800][2574.521s] GC(1037) User=0.00s Sys=0.02s Real=0.00s
[2023-04-09T19:23:59.540+0800][2575.049s] GC(1038) Pause Young (Normal) (G1 Evacuation Pause)
[2023-04-09T19:23:59.540+0800][2575.049s] GC(1038) Using 8 workers of 8 for evacuation
[2023-04-09T19:23:59.541+0800][2575.050s] GC(1038)   Pre Evacuate Collection Set: 0.0ms
[2023-04-09T19:23:59.541+0800][2575.050s] GC(1038)   Evacuate Collection Set: 0.7ms
[2023-04-09T19:23:59.541+0800][2575.050s] GC(1038)   Post Evacuate Collection Set: 0.4ms
[2023-04-09T19:23:59.541+0800][2575.050s] GC(1038)   Other: 0.2ms
[2023-04-09T19:23:59.541+0800][2575.050s] GC(1038) Eden regions: 296->0(302)
[2023-04-09T19:23:59.541+0800][2575.051s] GC(1038) Survivor regions: 11->5(39)
[2023-04-09T19:23:59.541+0800][2575.051s] GC(1038) Old regions: 75->75
[2023-04-09T19:23:59.541+0800][2575.051s] GC(1038) Humongous regions: 14->5
[2023-04-09T19:23:59.541+0800][2575.051s] GC(1038) Metaspace: 61985K(65136K)->61985K(65136K) NonClass: 55027K(56996K)->55027K(56996K) Class: 6958K(8140K)->6958K(8140K)
[2023-04-09T19:23:59.541+0800][2575.051s] GC(1038) Pause Young (Normal) (G1 Evacuation Pause) 395M->83M(512M) 1.554ms
[2023-04-09T19:23:59.541+0800][2575.051s] GC(1038) User=0.00s Sys=0.00s Real=0.00s
[2023-04-09T19:24:00.023+0800][2575.532s] GC(1039) Pause Young (Normal) (G1 Evacuation Pause)
[2023-04-09T19:24:00.023+0800][2575.532s] GC(1039) Using 8 workers of 8 for evacuation
[2023-04-09T19:24:00.025+0800][2575.534s] GC(1039)   Pre Evacuate Collection Set: 0.0ms
[2023-04-09T19:24:00.025+0800][2575.534s] GC(1039)   Evacuate Collection Set: 1.1ms
[2023-04-09T19:24:00.025+0800][2575.534s] GC(1039)   Post Evacuate Collection Set: 0.7ms
[2023-04-09T19:24:00.025+0800][2575.534s] GC(1039)   Other: 0.2ms
[2023-04-09T19:24:00.025+0800][2575.534s] GC(1039) Eden regions: 302->0(296)
[2023-04-09T19:24:00.025+0800][2575.534s] GC(1039) Survivor regions: 5->11(39)
[2023-04-09T19:24:00.025+0800][2575.535s] GC(1039) Old regions: 75->75
[2023-04-09T19:24:00.025+0800][2575.535s] GC(1039) Humongous regions: 8->7
[2023-04-09T19:24:00.025+0800][2575.535s] GC(1039) Metaspace: 61985K(65136K)->61985K(65136K) NonClass: 55027K(56996K)->55027K(56996K) Class: 6958K(8140K)->6958K(8140K)
[2023-04-09T19:24:00.025+0800][2575.535s] GC(1039) Pause Young (Normal) (G1 Evacuation Pause) 388M->91M(512M) 2.166ms
[2023-04-09T19:24:00.025+0800][2575.535s] GC(1039) User=0.00s Sys=0.00s Real=0.00s
[2023-04-09T19:24:00.637+0800][2576.146s] GC(1040) Pause Young (Normal) (G1 Evacuation Pause)
[2023-04-09T19:24:00.637+0800][2576.146s] GC(1040) Using 8 workers of 8 for evacuation
[2023-04-09T19:24:00.639+0800][2576.148s] GC(1040)   Pre Evacuate Collection Set: 0.0ms
[2023-04-09T19:24:00.639+0800][2576.148s] GC(1040)   Evacuate Collection Set: 1.1ms
[2023-04-09T19:24:00.639+0800][2576.148s] GC(1040)   Post Evacuate Collection Set: 0.6ms
[2023-04-09T19:24:00.639+0800][2576.148s] GC(1040)   Other: 0.2ms
[2023-04-09T19:24:00.639+0800][2576.148s] GC(1040) Eden regions: 296->0(297)
[2023-04-09T19:24:00.639+0800][2576.148s] GC(1040) Survivor regions: 11->10(39)
[2023-04-09T19:24:00.639+0800][2576.148s] GC(1040) Old regions: 75->75
[2023-04-09T19:24:00.639+0800][2576.148s] GC(1040) Humongous regions: 26->13
[2023-04-09T19:24:00.639+0800][2576.148s] GC(1040) Metaspace: 61987K(65136K)->61987K(65136K) NonClass: 55028K(56996K)->55028K(56996K) Class: 6958K(8140K)->6958K(8140K)
[2023-04-09T19:24:00.639+0800][2576.148s] GC(1040) Pause Young (Normal) (G1 Evacuation Pause) 406M->97M(512M) 2.111ms
[2023-04-09T19:24:00.639+0800][2576.148s] GC(1040) User=0.00s Sys=0.00s Real=0.00s
[2023-04-09T19:24:01.141+0800][2576.650s] GC(1041) Pause Young (Normal) (G1 Evacuation Pause)
[2023-04-09T19:24:01.141+0800][2576.650s] GC(1041) Using 8 workers of 8 for evacuation
[2023-04-09T19:24:01.142+0800][2576.651s] GC(1041)   Pre Evacuate Collection Set: 0.0ms
[2023-04-09T19:24:01.142+0800][2576.651s] GC(1041)   Evacuate Collection Set: 0.4ms
[2023-04-09T19:24:01.142+0800][2576.651s] GC(1041)   Post Evacuate Collection Set: 0.6ms
[2023-04-09T19:24:01.143+0800][2576.651s] GC(1041)   Other: 0.2ms
[2023-04-09T19:24:01.143+0800][2576.651s] GC(1041) Eden regions: 297->0(304)
[2023-04-09T19:24:01.143+0800][2576.651s] GC(1041) Survivor regions: 10->3(39)
[2023-04-09T19:24:01.143+0800][2576.651s] GC(1041) Old regions: 75->75
[2023-04-09T19:24:01.143+0800][2576.651s] GC(1041) Humongous regions: 13->4
[2023-04-09T19:24:01.143+0800][2576.651s] GC(1041) Metaspace: 61987K(65136K)->61987K(65136K) NonClass: 55028K(56996K)->55028K(56996K) Class: 6958K(8140K)->6958K(8140K)
[2023-04-09T19:24:01.143+0800][2576.651s] GC(1041) Pause Young (Normal) (G1 Evacuation Pause) 394M->81M(512M) 1.423ms
[2023-04-09T19:24:01.143+0800][2576.651s] GC(1041) User=0.00s Sys=0.00s Real=0.00s
[2023-04-09T19:24:01.588+0800][2577.097s] GC(1042) Pause Young (Normal) (G1 Evacuation Pause)
[2023-04-09T19:24:01.588+0800][2577.097s] GC(1042) Using 8 workers of 8 for evacuation
[2023-04-09T19:24:01.590+0800][2577.098s] GC(1042)   Pre Evacuate Collection Set: 0.0ms
[2023-04-09T19:24:01.590+0800][2577.098s] GC(1042)   Evacuate Collection Set: 1.0ms
[2023-04-09T19:24:01.590+0800][2577.098s] GC(1042)   Post Evacuate Collection Set: 0.6ms
[2023-04-09T19:24:01.590+0800][2577.099s] GC(1042)   Other: 0.2ms
[2023-04-09T19:24:01.590+0800][2577.099s] GC(1042) Eden regions: 304->0(299)
[2023-04-09T19:24:01.590+0800][2577.099s] GC(1042) Survivor regions: 3->8(39)
[2023-04-09T19:24:01.590+0800][2577.099s] GC(1042) Old regions: 75->75
[2023-04-09T19:24:01.590+0800][2577.099s] GC(1042) Humongous regions: 7->6
[2023-04-09T19:24:01.590+0800][2577.099s] GC(1042) Metaspace: 61987K(65136K)->61987K(65136K) NonClass: 55028K(56996K)->55028K(56996K) Class: 6958K(8140K)->6958K(8140K)
[2023-04-09T19:24:01.590+0800][2577.099s] GC(1042) Pause Young (Normal) (G1 Evacuation Pause) 388M->88M(512M) 1.966ms
[2023-04-09T19:24:01.590+0800][2577.099s] GC(1042) User=0.08s Sys=0.00s Real=0.00s
[2023-04-09T19:24:02.055+0800][2577.564s] GC(1043) Pause Young (Normal) (G1 Evacuation Pause)
[2023-04-09T19:24:02.055+0800][2577.564s] GC(1043) Using 8 workers of 8 for evacuation
[2023-04-09T19:24:02.057+0800][2577.566s] GC(1043)   Pre Evacuate Collection Set: 0.0ms
[2023-04-09T19:24:02.057+0800][2577.566s] GC(1043)   Evacuate Collection Set: 1.2ms
[2023-04-09T19:24:02.057+0800][2577.566s] GC(1043)   Post Evacuate Collection Set: 0.6ms
[2023-04-09T19:24:02.057+0800][2577.566s] GC(1043)   Other: 0.2ms
[2023-04-09T19:24:02.057+0800][2577.566s] GC(1043) Eden regions: 299->0(296)
[2023-04-09T19:24:02.057+0800][2577.566s] GC(1043) Survivor regions: 8->11(39)
[2023-04-09T19:24:02.057+0800][2577.566s] GC(1043) Old regions: 75->75
[2023-04-09T19:24:02.057+0800][2577.566s] GC(1043) Humongous regions: 25->13
[2023-04-09T19:24:02.057+0800][2577.566s] GC(1043) Metaspace: 61987K(65136K)->61987K(65136K) NonClass: 55028K(56996K)->55028K(56996K) Class: 6958K(8140K)->6958K(8140K)
[2023-04-09T19:24:02.057+0800][2577.566s] GC(1043) Pause Young (Normal) (G1 Evacuation Pause) 406M->97M(512M) 2.141ms
[2023-04-09T19:24:02.057+0800][2577.566s] GC(1043) User=0.00s Sys=0.00s Real=0.00s
[2023-04-09T19:24:02.694+0800][2578.203s] GC(1044) Pause Young (Normal) (G1 Evacuation Pause)
[2023-04-09T19:24:02.694+0800][2578.203s] GC(1044) Using 8 workers of 8 for evacuation
[2023-04-09T19:24:02.695+0800][2578.204s] GC(1044)   Pre Evacuate Collection Set: 0.0ms
[2023-04-09T19:24:02.695+0800][2578.204s] GC(1044)   Evacuate Collection Set: 0.4ms
[2023-04-09T19:24:02.695+0800][2578.204s] GC(1044)   Post Evacuate Collection Set: 0.6ms
[2023-04-09T19:24:02.695+0800][2578.204s] GC(1044)   Other: 0.2ms
[2023-04-09T19:24:02.695+0800][2578.204s] GC(1044) Eden regions: 296->0(305)
[2023-04-09T19:24:02.695+0800][2578.204s] GC(1044) Survivor regions: 11->2(39)
[2023-04-09T19:24:02.695+0800][2578.204s] GC(1044) Old regions: 75->75
[2023-04-09T19:24:02.695+0800][2578.204s] GC(1044) Humongous regions: 13->4
[2023-04-09T19:24:02.695+0800][2578.204s] GC(1044) Metaspace: 61987K(65136K)->61987K(65136K) NonClass: 55029K(56996K)->55029K(56996K) Class: 6958K(8140K)->6958K(8140K)
[2023-04-09T19:24:02.695+0800][2578.204s] GC(1044) Pause Young (Normal) (G1 Evacuation Pause) 393M->79M(512M) 1.324ms
[2023-04-09T19:24:02.695+0800][2578.204s] GC(1044) User=0.00s Sys=0.00s Real=0.00s
[2023-04-09T19:24:03.144+0800][2578.653s] GC(1045) Pause Young (Normal) (G1 Evacuation Pause)
[2023-04-09T19:24:03.144+0800][2578.653s] GC(1045) Using 8 workers of 8 for evacuation
[2023-04-09T19:24:03.146+0800][2578.654s] GC(1045)   Pre Evacuate Collection Set: 0.0ms
[2023-04-09T19:24:03.146+0800][2578.654s] GC(1045)   Evacuate Collection Set: 0.8ms
[2023-04-09T19:24:03.146+0800][2578.655s] GC(1045)   Post Evacuate Collection Set: 0.4ms
[2023-04-09T19:24:03.146+0800][2578.655s] GC(1045)   Other: 0.2ms
[2023-04-09T19:24:03.146+0800][2578.655s] GC(1045) Eden regions: 305->0(300)
[2023-04-09T19:24:03.146+0800][2578.655s] GC(1045) Survivor regions: 2->7(39)
[2023-04-09T19:24:03.146+0800][2578.655s] GC(1045) Old regions: 75->75
[2023-04-09T19:24:03.146+0800][2578.655s] GC(1045) Humongous regions: 7->6
[2023-04-09T19:24:03.146+0800][2578.655s] GC(1045) Metaspace: 61987K(65136K)->61987K(65136K) NonClass: 55029K(56996K)->55029K(56996K) Class: 6958K(8140K)->6958K(8140K)
[2023-04-09T19:24:03.146+0800][2578.655s] GC(1045) Pause Young (Normal) (G1 Evacuation Pause) 387M->87M(512M) 1.596ms
[2023-04-09T19:24:03.146+0800][2578.655s] GC(1045) User=0.00s Sys=0.00s Real=0.00s
[2023-04-09T19:24:03.622+0800][2579.131s] GC(1046) Pause Young (Normal) (G1 Evacuation Pause)
[2023-04-09T19:24:03.622+0800][2579.131s] GC(1046) Using 8 workers of 8 for evacuation
[2023-04-09T19:24:03.624+0800][2579.133s] GC(1046)   Pre Evacuate Collection Set: 0.0ms
[2023-04-09T19:24:03.624+0800][2579.133s] GC(1046)   Evacuate Collection Set: 1.1ms
[2023-04-09T19:24:03.624+0800][2579.133s] GC(1046)   Post Evacuate Collection Set: 0.6ms
[2023-04-09T19:24:03.624+0800][2579.133s] GC(1046)   Other: 0.2ms
[2023-04-09T19:24:03.624+0800][2579.133s] GC(1046) Eden regions: 300->0(297)
[2023-04-09T19:24:03.624+0800][2579.133s] GC(1046) Survivor regions: 7->10(39)
[2023-04-09T19:24:03.624+0800][2579.133s] GC(1046) Old regions: 75->75
[2023-04-09T19:24:03.624+0800][2579.133s] GC(1046) Humongous regions: 20->13
[2023-04-09T19:24:03.624+0800][2579.133s] GC(1046) Metaspace: 61987K(65136K)->61987K(65136K) NonClass: 55029K(56996K)->55029K(56996K) Class: 6958K(8140K)->6958K(8140K)
[2023-04-09T19:24:03.624+0800][2579.133s] GC(1046) Pause Young (Normal) (G1 Evacuation Pause) 401M->96M(512M) 1.997ms
[2023-04-09T19:24:03.624+0800][2579.133s] GC(1046) User=0.00s Sys=0.00s Real=0.00s
[2023-04-09T19:24:04.166+0800][2579.675s] GC(1047) Pause Young (Normal) (G1 Evacuation Pause)
[2023-04-09T19:24:04.166+0800][2579.675s] GC(1047) Using 8 workers of 8 for evacuation
[2023-04-09T19:24:04.168+0800][2579.677s] GC(1047)   Pre Evacuate Collection Set: 0.0ms
[2023-04-09T19:24:04.168+0800][2579.677s] GC(1047)   Evacuate Collection Set: 1.2ms
[2023-04-09T19:24:04.168+0800][2579.677s] GC(1047)   Post Evacuate Collection Set: 0.6ms
[2023-04-09T19:24:04.168+0800][2579.677s] GC(1047)   Other: 0.2ms
[2023-04-09T19:24:04.168+0800][2579.677s] GC(1047) Eden regions: 297->0(296)
[2023-04-09T19:24:04.168+0800][2579.677s] GC(1047) Survivor regions: 10->11(39)
[2023-04-09T19:24:04.168+0800][2579.677s] GC(1047) Old regions: 75->75
[2023-04-09T19:24:04.168+0800][2579.677s] GC(1047) Humongous regions: 18->13
[2023-04-09T19:24:04.168+0800][2579.677s] GC(1047) Metaspace: 61987K(65136K)->61987K(65136K) NonClass: 55029K(56996K)->55029K(56996K) Class: 6958K(8140K)->6958K(8140K)
[2023-04-09T19:24:04.168+0800][2579.677s] GC(1047) Pause Young (Normal) (G1 Evacuation Pause) 398M->97M(512M) 2.098ms
[2023-04-09T19:24:04.168+0800][2579.677s] GC(1047) User=0.11s Sys=0.00s Real=0.00s
[2023-04-09T19:24:04.737+0800][2580.246s] GC(1048) Pause Young (Normal) (G1 Evacuation Pause)
[2023-04-09T19:24:04.737+0800][2580.246s] GC(1048) Using 8 workers of 8 for evacuation
[2023-04-09T19:24:04.739+0800][2580.248s] GC(1048)   Pre Evacuate Collection Set: 0.0ms
[2023-04-09T19:24:04.739+0800][2580.248s] GC(1048)   Evacuate Collection Set: 0.8ms
[2023-04-09T19:24:04.739+0800][2580.248s] GC(1048)   Post Evacuate Collection Set: 0.5ms
[2023-04-09T19:24:04.739+0800][2580.248s] GC(1048)   Other: 0.2ms
[2023-04-09T19:24:04.739+0800][2580.248s] GC(1048) Eden regions: 296->0(301)
[2023-04-09T19:24:04.739+0800][2580.248s] GC(1048) Survivor regions: 11->6(39)
[2023-04-09T19:24:04.739+0800][2580.248s] GC(1048) Old regions: 75->75
[2023-04-09T19:24:04.739+0800][2580.248s] GC(1048) Humongous regions: 14->5
[2023-04-09T19:24:04.739+0800][2580.248s] GC(1048) Metaspace: 61989K(65136K)->61989K(65136K) NonClass: 55030K(56996K)->55030K(56996K) Class: 6958K(8140K)->6958K(8140K)
[2023-04-09T19:24:04.739+0800][2580.248s] GC(1048) Pause Young (Normal) (G1 Evacuation Pause) 394M->85M(512M) 1.656ms
[2023-04-09T19:24:04.739+0800][2580.248s] GC(1048) User=0.00s Sys=0.00s Real=0.00s
[2023-04-09T19:24:05.279+0800][2580.788s] GC(1049) Pause Young (Normal) (G1 Evacuation Pause)
[2023-04-09T19:24:05.279+0800][2580.788s] GC(1049) Using 8 workers of 8 for evacuation
[2023-04-09T19:24:05.281+0800][2580.789s] GC(1049)   Pre Evacuate Collection Set: 0.0ms
[2023-04-09T19:24:05.281+0800][2580.790s] GC(1049)   Evacuate Collection Set: 1.0ms
[2023-04-09T19:24:05.281+0800][2580.790s] GC(1049)   Post Evacuate Collection Set: 0.5ms
[2023-04-09T19:24:05.281+0800][2580.790s] GC(1049)   Other: 0.2ms
[2023-04-09T19:24:05.281+0800][2580.790s] GC(1049) Eden regions: 301->0(299)
[2023-04-09T19:24:05.281+0800][2580.790s] GC(1049) Survivor regions: 6->8(39)
[2023-04-09T19:24:05.281+0800][2580.790s] GC(1049) Old regions: 75->75
[2023-04-09T19:24:05.281+0800][2580.790s] GC(1049) Humongous regions: 13->12
[2023-04-09T19:24:05.281+0800][2580.790s] GC(1049) Metaspace: 61989K(65136K)->61989K(65136K) NonClass: 55030K(56996K)->55030K(56996K) Class: 6958K(8140K)->6958K(8140K)
[2023-04-09T19:24:05.281+0800][2580.790s] GC(1049) Pause Young (Normal) (G1 Evacuation Pause) 394M->94M(512M) 2.065ms
[2023-04-09T19:24:05.281+0800][2580.790s] GC(1049) User=0.00s Sys=0.00s Real=0.00s
[2023-04-09T19:24:05.957+0800][2581.466s] GC(1050) Pause Young (Normal) (G1 Evacuation Pause)
[2023-04-09T19:24:05.957+0800][2581.466s] GC(1050) Using 8 workers of 8 for evacuation
[2023-04-09T19:24:05.959+0800][2581.468s] GC(1050)   Pre Evacuate Collection Set: 0.0ms
[2023-04-09T19:24:05.959+0800][2581.468s] GC(1050)   Evacuate Collection Set: 1.1ms
[2023-04-09T19:24:05.959+0800][2581.468s] GC(1050)   Post Evacuate Collection Set: 0.5ms
[2023-04-09T19:24:05.959+0800][2581.468s] GC(1050)   Other: 0.2ms
[2023-04-09T19:24:05.959+0800][2581.468s] GC(1050) Eden regions: 299->0(296)
[2023-04-09T19:24:05.959+0800][2581.468s] GC(1050) Survivor regions: 8->11(39)
[2023-04-09T19:24:05.959+0800][2581.468s] GC(1050) Old regions: 75->75
[2023-04-09T19:24:05.959+0800][2581.468s] GC(1050) Humongous regions: 25->13
[2023-04-09T19:24:05.959+0800][2581.468s] GC(1050) Metaspace: 61989K(65136K)->61989K(65136K) NonClass: 55030K(56996K)->55030K(56996K) Class: 6958K(8140K)->6958K(8140K)
[2023-04-09T19:24:05.959+0800][2581.468s] GC(1050) Pause Young (Normal) (G1 Evacuation Pause) 406M->97M(512M) 2.036ms
[2023-04-09T19:24:05.959+0800][2581.468s] GC(1050) User=0.00s Sys=0.00s Real=0.00s
[2023-04-09T19:24:06.500+0800][2582.009s] GC(1051) Pause Young (Normal) (G1 Evacuation Pause)
[2023-04-09T19:24:06.500+0800][2582.009s] GC(1051) Using 8 workers of 8 for evacuation
[2023-04-09T19:24:06.501+0800][2582.010s] GC(1051)   Pre Evacuate Collection Set: 0.0ms
[2023-04-09T19:24:06.502+0800][2582.010s] GC(1051)   Evacuate Collection Set: 0.6ms
[2023-04-09T19:24:06.502+0800][2582.010s] GC(1051)   Post Evacuate Collection Set: 0.4ms
[2023-04-09T19:24:06.502+0800][2582.010s] GC(1051)   Other: 0.2ms
[2023-04-09T19:24:06.502+0800][2582.010s] GC(1051) Eden regions: 296->0(303)
[2023-04-09T19:24:06.502+0800][2582.011s] GC(1051) Survivor regions: 11->4(39)
[2023-04-09T19:24:06.502+0800][2582.011s] GC(1051) Old regions: 75->75
[2023-04-09T19:24:06.502+0800][2582.011s] GC(1051) Humongous regions: 14->5
[2023-04-09T19:24:06.502+0800][2582.011s] GC(1051) Metaspace: 61989K(65136K)->61989K(65136K) NonClass: 55031K(56996K)->55031K(56996K) Class: 6958K(8140K)->6958K(8140K)
[2023-04-09T19:24:06.502+0800][2582.011s] GC(1051) Pause Young (Normal) (G1 Evacuation Pause) 394M->83M(512M) 1.424ms
[2023-04-09T19:24:06.502+0800][2582.011s] GC(1051) User=0.00s Sys=0.00s Real=0.00s
[2023-04-09T19:24:06.990+0800][2582.499s] GC(1052) Pause Young (Normal) (G1 Evacuation Pause)
[2023-04-09T19:24:06.990+0800][2582.499s] GC(1052) Using 8 workers of 8 for evacuation
[2023-04-09T19:24:06.991+0800][2582.501s] GC(1052)   Pre Evacuate Collection Set: 0.0ms
[2023-04-09T19:24:06.991+0800][2582.501s] GC(1052)   Evacuate Collection Set: 1.0ms
[2023-04-09T19:24:06.991+0800][2582.501s] GC(1052)   Post Evacuate Collection Set: 0.6ms
[2023-04-09T19:24:06.991+0800][2582.501s] GC(1052)   Other: 0.2ms
[2023-04-09T19:24:06.991+0800][2582.501s] GC(1052) Eden regions: 303->0(298)
[2023-04-09T19:24:06.991+0800][2582.501s] GC(1052) Survivor regions: 4->9(39)
[2023-04-09T19:24:06.991+0800][2582.501s] GC(1052) Old regions: 75->75
[2023-04-09T19:24:06.991+0800][2582.501s] GC(1052) Humongous regions: 8->7
[2023-04-09T19:24:06.991+0800][2582.501s] GC(1052) Metaspace: 61989K(65136K)->61989K(65136K) NonClass: 55031K(56996K)->55031K(56996K) Class: 6958K(8140K)->6958K(8140K)
[2023-04-09T19:24:06.991+0800][2582.501s] GC(1052) Pause Young (Normal) (G1 Evacuation Pause) 389M->90M(512M) 1.908ms
[2023-04-09T19:24:06.992+0800][2582.501s] GC(1052) User=0.00s Sys=0.00s Real=0.00s
[2023-04-09T19:24:07.669+0800][2583.178s] GC(1053) Pause Young (Normal) (G1 Evacuation Pause)
[2023-04-09T19:24:07.669+0800][2583.178s] GC(1053) Using 8 workers of 8 for evacuation
[2023-04-09T19:24:07.670+0800][2583.180s] GC(1053)   Pre Evacuate Collection Set: 0.0ms
[2023-04-09T19:24:07.671+0800][2583.180s] GC(1053)   Evacuate Collection Set: 1.2ms
[2023-04-09T19:24:07.671+0800][2583.180s] GC(1053)   Post Evacuate Collection Set: 0.5ms
[2023-04-09T19:24:07.671+0800][2583.180s] GC(1053)   Other: 0.3ms
[2023-04-09T19:24:07.671+0800][2583.180s] GC(1053) Eden regions: 298->0(297)
[2023-04-09T19:24:07.671+0800][2583.180s] GC(1053) Survivor regions: 9->10(39)
[2023-04-09T19:24:07.671+0800][2583.180s] GC(1053) Old regions: 75->75
[2023-04-09T19:24:07.671+0800][2583.180s] GC(1053) Humongous regions: 25->13
[2023-04-09T19:24:07.671+0800][2583.180s] GC(1053) Metaspace: 61989K(65136K)->61989K(65136K) NonClass: 55031K(56996K)->55031K(56996K) Class: 6958K(8140K)->6958K(8140K)
[2023-04-09T19:24:07.671+0800][2583.180s] GC(1053) Pause Young (Normal) (G1 Evacuation Pause) 406M->97M(512M) 2.110ms
[2023-04-09T19:24:07.671+0800][2583.180s] GC(1053) User=0.00s Sys=0.00s Real=0.00s
[2023-04-09T19:24:08.244+0800][2583.753s] GC(1054) Pause Young (Normal) (G1 Evacuation Pause)
[2023-04-09T19:24:08.244+0800][2583.753s] GC(1054) Using 8 workers of 8 for evacuation
[2023-04-09T19:24:08.245+0800][2583.754s] GC(1054)   Pre Evacuate Collection Set: 0.0ms
[2023-04-09T19:24:08.245+0800][2583.754s] GC(1054)   Evacuate Collection Set: 0.4ms
[2023-04-09T19:24:08.245+0800][2583.754s] GC(1054)   Post Evacuate Collection Set: 0.5ms
[2023-04-09T19:24:08.245+0800][2583.754s] GC(1054)   Other: 0.1ms
[2023-04-09T19:24:08.245+0800][2583.754s] GC(1054) Eden regions: 297->0(304)
[2023-04-09T19:24:08.245+0800][2583.754s] GC(1054) Survivor regions: 10->3(39)
[2023-04-09T19:24:08.245+0800][2583.754s] GC(1054) Old regions: 75->75
[2023-04-09T19:24:08.245+0800][2583.754s] GC(1054) Humongous regions: 13->4
[2023-04-09T19:24:08.245+0800][2583.754s] GC(1054) Metaspace: 61989K(65136K)->61989K(65136K) NonClass: 55031K(56996K)->55031K(56996K) Class: 6958K(8140K)->6958K(8140K)
[2023-04-09T19:24:08.245+0800][2583.754s] GC(1054) Pause Young (Normal) (G1 Evacuation Pause) 394M->81M(512M) 1.246ms
[2023-04-09T19:24:08.245+0800][2583.754s] GC(1054) User=0.00s Sys=0.00s Real=0.00s
[2023-04-09T19:24:08.715+0800][2584.224s] GC(1055) Pause Young (Normal) (G1 Evacuation Pause)
[2023-04-09T19:24:08.715+0800][2584.224s] GC(1055) Using 8 workers of 8 for evacuation
[2023-04-09T19:24:08.717+0800][2584.226s] GC(1055)   Pre Evacuate Collection Set: 0.0ms
[2023-04-09T19:24:08.717+0800][2584.226s] GC(1055)   Evacuate Collection Set: 1.2ms
[2023-04-09T19:24:08.717+0800][2584.226s] GC(1055)   Post Evacuate Collection Set: 0.6ms
[2023-04-09T19:24:08.717+0800][2584.226s] GC(1055)   Other: 0.4ms
[2023-04-09T19:24:08.717+0800][2584.226s] GC(1055) Eden regions: 304->0(298)
[2023-04-09T19:24:08.717+0800][2584.226s] GC(1055) Survivor regions: 3->9(39)
[2023-04-09T19:24:08.717+0800][2584.226s] GC(1055) Old regions: 75->75
[2023-04-09T19:24:08.717+0800][2584.226s] GC(1055) Humongous regions: 7->6
[2023-04-09T19:24:08.717+0800][2584.226s] GC(1055) Metaspace: 61989K(65136K)->61989K(65136K) NonClass: 55031K(56996K)->55031K(56996K) Class: 6958K(8140K)->6958K(8140K)
[2023-04-09T19:24:08.717+0800][2584.226s] GC(1055) Pause Young (Normal) (G1 Evacuation Pause) 388M->89M(512M) 2.421ms
[2023-04-09T19:24:08.717+0800][2584.226s] GC(1055) User=0.00s Sys=0.00s Real=0.00s
[2023-04-09T19:24:09.178+0800][2584.687s] GC(1056) Pause Young (Normal) (G1 Evacuation Pause)
[2023-04-09T19:24:09.178+0800][2584.687s] GC(1056) Using 8 workers of 8 for evacuation
[2023-04-09T19:24:09.180+0800][2584.688s] GC(1056)   Pre Evacuate Collection Set: 0.0ms
[2023-04-09T19:24:09.180+0800][2584.688s] GC(1056)   Evacuate Collection Set: 1.1ms
[2023-04-09T19:24:09.180+0800][2584.688s] GC(1056)   Post Evacuate Collection Set: 0.5ms
[2023-04-09T19:24:09.180+0800][2584.688s] GC(1056)   Other: 0.2ms
[2023-04-09T19:24:09.180+0800][2584.688s] GC(1056) Eden regions: 298->0(296)
[2023-04-09T19:24:09.180+0800][2584.689s] GC(1056) Survivor regions: 9->11(39)
[2023-04-09T19:24:09.180+0800][2584.689s] GC(1056) Old regions: 75->75
[2023-04-09T19:24:09.180+0800][2584.689s] GC(1056) Humongous regions: 20->13
[2023-04-09T19:24:09.180+0800][2584.689s] GC(1056) Metaspace: 61989K(65136K)->61989K(65136K) NonClass: 55031K(56996K)->55031K(56996K) Class: 6958K(8140K)->6958K(8140K)
[2023-04-09T19:24:09.180+0800][2584.689s] GC(1056) Pause Young (Normal) (G1 Evacuation Pause) 401M->97M(512M) 1.995ms
[2023-04-09T19:24:09.180+0800][2584.689s] GC(1056) User=0.00s Sys=0.00s Real=0.00s
[2023-04-09T19:24:09.871+0800][2585.380s] GC(1057) Pause Young (Normal) (G1 Evacuation Pause)
[2023-04-09T19:24:09.871+0800][2585.380s] GC(1057) Using 8 workers of 8 for evacuation
[2023-04-09T19:24:09.872+0800][2585.381s] GC(1057)   Pre Evacuate Collection Set: 0.0ms
[2023-04-09T19:24:09.872+0800][2585.381s] GC(1057)   Evacuate Collection Set: 0.3ms
[2023-04-09T19:24:09.872+0800][2585.381s] GC(1057)   Post Evacuate Collection Set: 0.4ms
[2023-04-09T19:24:09.872+0800][2585.381s] GC(1057)   Other: 0.1ms
[2023-04-09T19:24:09.872+0800][2585.381s] GC(1057) Eden regions: 296->0(306)
[2023-04-09T19:24:09.872+0800][2585.381s] GC(1057) Survivor regions: 11->1(39)
[2023-04-09T19:24:09.872+0800][2585.381s] GC(1057) Old regions: 75->75
[2023-04-09T19:24:09.872+0800][2585.381s] GC(1057) Humongous regions: 18->4
[2023-04-09T19:24:09.872+0800][2585.381s] GC(1057) Metaspace: 61990K(65136K)->61990K(65136K) NonClass: 55031K(56996K)->55031K(56996K) Class: 6958K(8140K)->6958K(8140K)
[2023-04-09T19:24:09.872+0800][2585.381s] GC(1057) Pause Young (Normal) (G1 Evacuation Pause) 398M->79M(512M) 0.965ms
[2023-04-09T19:24:09.872+0800][2585.381s] GC(1057) User=0.00s Sys=0.00s Real=0.00s
[2023-04-09T19:24:10.334+0800][2585.843s] GC(1058) Pause Young (Normal) (G1 Evacuation Pause)
[2023-04-09T19:24:10.334+0800][2585.843s] GC(1058) Using 8 workers of 8 for evacuation
[2023-04-09T19:24:10.336+0800][2585.845s] GC(1058)   Pre Evacuate Collection Set: 0.0ms
[2023-04-09T19:24:10.336+0800][2585.845s] GC(1058)   Evacuate Collection Set: 0.8ms
[2023-04-09T19:24:10.336+0800][2585.845s] GC(1058)   Post Evacuate Collection Set: 0.6ms
[2023-04-09T19:24:10.336+0800][2585.845s] GC(1058)   Other: 0.1ms
[2023-04-09T19:24:10.336+0800][2585.845s] GC(1058) Eden regions: 306->0(300)
[2023-04-09T19:24:10.336+0800][2585.845s] GC(1058) Survivor regions: 1->7(39)
[2023-04-09T19:24:10.336+0800][2585.845s] GC(1058) Old regions: 75->76
[2023-04-09T19:24:10.336+0800][2585.845s] GC(1058) Humongous regions: 7->6
[2023-04-09T19:24:10.336+0800][2585.845s] GC(1058) Metaspace: 61990K(65136K)->61990K(65136K) NonClass: 55031K(56996K)->55031K(56996K) Class: 6958K(8140K)->6958K(8140K)
[2023-04-09T19:24:10.336+0800][2585.845s] GC(1058) Pause Young (Normal) (G1 Evacuation Pause) 388M->87M(512M) 1.735ms
[2023-04-09T19:24:10.336+0800][2585.845s] GC(1058) User=0.00s Sys=0.00s Real=0.00s
[2023-04-09T19:24:10.842+0800][2586.351s] GC(1059) Pause Young (Normal) (G1 Evacuation Pause)
[2023-04-09T19:24:10.842+0800][2586.351s] GC(1059) Using 8 workers of 8 for evacuation
[2023-04-09T19:24:10.843+0800][2586.353s] GC(1059)   Pre Evacuate Collection Set: 0.0ms
[2023-04-09T19:24:10.843+0800][2586.353s] GC(1059)   Evacuate Collection Set: 1.0ms
[2023-04-09T19:24:10.843+0800][2586.353s] GC(1059)   Post Evacuate Collection Set: 0.6ms
[2023-04-09T19:24:10.843+0800][2586.353s] GC(1059)   Other: 0.2ms
[2023-04-09T19:24:10.843+0800][2586.353s] GC(1059) Eden regions: 300->0(297)
[2023-04-09T19:24:10.843+0800][2586.353s] GC(1059) Survivor regions: 7->10(39)
[2023-04-09T19:24:10.843+0800][2586.353s] GC(1059) Old regions: 76->76
[2023-04-09T19:24:10.843+0800][2586.353s] GC(1059) Humongous regions: 15->13
[2023-04-09T19:24:10.843+0800][2586.353s] GC(1059) Metaspace: 61990K(65136K)->61990K(65136K) NonClass: 55031K(56996K)->55031K(56996K) Class: 6958K(8140K)->6958K(8140K)
[2023-04-09T19:24:10.843+0800][2586.353s] GC(1059) Pause Young (Normal) (G1 Evacuation Pause) 396M->96M(512M) 2.013ms
[2023-04-09T19:24:10.843+0800][2586.353s] GC(1059) User=0.00s Sys=0.00s Real=0.00s
[2023-04-09T19:24:11.408+0800][2586.917s] GC(1060) Pause Young (Normal) (G1 Evacuation Pause)
[2023-04-09T19:24:11.408+0800][2586.917s] GC(1060) Using 8 workers of 8 for evacuation
[2023-04-09T19:24:11.410+0800][2586.919s] GC(1060)   Pre Evacuate Collection Set: 0.0ms
[2023-04-09T19:24:11.410+0800][2586.919s] GC(1060)   Evacuate Collection Set: 1.2ms
[2023-04-09T19:24:11.410+0800][2586.919s] GC(1060)   Post Evacuate Collection Set: 0.5ms
[2023-04-09T19:24:11.410+0800][2586.919s] GC(1060)   Other: 0.2ms
[2023-04-09T19:24:11.410+0800][2586.919s] GC(1060) Eden regions: 297->0(296)
[2023-04-09T19:24:11.410+0800][2586.919s] GC(1060) Survivor regions: 10->11(39)
[2023-04-09T19:24:11.410+0800][2586.919s] GC(1060) Old regions: 76->76
[2023-04-09T19:24:11.410+0800][2586.919s] GC(1060) Humongous regions: 23->13
[2023-04-09T19:24:11.410+0800][2586.919s] GC(1060) Metaspace: 61990K(65136K)->61990K(65136K) NonClass: 55031K(56996K)->55031K(56996K) Class: 6958K(8140K)->6958K(8140K)
[2023-04-09T19:24:11.410+0800][2586.919s] GC(1060) Pause Young (Normal) (G1 Evacuation Pause) 403M->97M(512M) 2.213ms
[2023-04-09T19:24:11.410+0800][2586.919s] GC(1060) User=0.00s Sys=0.00s Real=0.00s
[2023-04-09T19:24:12.000+0800][2587.509s] GC(1061) Pause Young (Normal) (G1 Evacuation Pause)
[2023-04-09T19:24:12.000+0800][2587.509s] GC(1061) Using 8 workers of 8 for evacuation
[2023-04-09T19:24:12.001+0800][2587.510s] GC(1061)   Pre Evacuate Collection Set: 0.0ms
[2023-04-09T19:24:12.001+0800][2587.510s] GC(1061)   Evacuate Collection Set: 0.7ms
[2023-04-09T19:24:12.001+0800][2587.510s] GC(1061)   Post Evacuate Collection Set: 0.5ms
[2023-04-09T19:24:12.002+0800][2587.510s] GC(1061)   Other: 0.2ms
[2023-04-09T19:24:12.002+0800][2587.511s] GC(1061) Eden regions: 296->0(301)
[2023-04-09T19:24:12.002+0800][2587.511s] GC(1061) Survivor regions: 11->6(39)
[2023-04-09T19:24:12.002+0800][2587.511s] GC(1061) Old regions: 76->76
[2023-04-09T19:24:12.002+0800][2587.511s] GC(1061) Humongous regions: 14->5
[2023-04-09T19:24:12.002+0800][2587.511s] GC(1061) Metaspace: 61990K(65136K)->61990K(65136K) NonClass: 55031K(56996K)->55031K(56996K) Class: 6958K(8140K)->6958K(8140K)
[2023-04-09T19:24:12.002+0800][2587.511s] GC(1061) Pause Young (Normal) (G1 Evacuation Pause) 394M->84M(512M) 1.697ms
[2023-04-09T19:24:12.002+0800][2587.511s] GC(1061) User=0.00s Sys=0.00s Real=0.00s
[2023-04-09T19:29:03.801+0800][2879.309s] GC(1062) Pause Young (Normal) (G1 Evacuation Pause)
[2023-04-09T19:29:03.801+0800][2879.309s] GC(1062) Using 8 workers of 8 for evacuation
[2023-04-09T19:29:03.805+0800][2879.314s] GC(1062)   Pre Evacuate Collection Set: 0.0ms
[2023-04-09T19:29:03.805+0800][2879.314s] GC(1062)   Evacuate Collection Set: 3.4ms
[2023-04-09T19:29:03.805+0800][2879.314s] GC(1062)   Post Evacuate Collection Set: 1.0ms
[2023-04-09T19:29:03.805+0800][2879.314s] GC(1062)   Other: 0.2ms
[2023-04-09T19:29:03.805+0800][2879.314s] GC(1062) Eden regions: 301->0(293)
[2023-04-09T19:29:03.805+0800][2879.314s] GC(1062) Survivor regions: 6->14(39)
[2023-04-09T19:29:03.805+0800][2879.314s] GC(1062) Old regions: 76->76
[2023-04-09T19:29:03.805+0800][2879.314s] GC(1062) Humongous regions: 39->14
[2023-04-09T19:29:03.805+0800][2879.314s] GC(1062) Metaspace: 62354K(65392K)->62354K(65392K) NonClass: 55384K(57252K)->55384K(57252K) Class: 6970K(8140K)->6970K(8140K)
[2023-04-09T19:29:03.805+0800][2879.314s] GC(1062) Pause Young (Normal) (G1 Evacuation Pause) 419M->101M(512M) 4.792ms
[2023-04-09T19:29:03.805+0800][2879.314s] GC(1062) User=0.00s Sys=0.00s Real=0.00s
[2023-04-09T19:29:04.044+0800][2879.553s] GC(1063) Pause Young (Concurrent Start) (G1 Humongous Allocation)
[2023-04-09T19:29:04.044+0800][2879.553s] GC(1063) Using 8 workers of 8 for evacuation
[2023-04-09T19:29:04.048+0800][2879.558s] GC(1063)   Pre Evacuate Collection Set: 0.1ms
[2023-04-09T19:29:04.049+0800][2879.558s] GC(1063)   Evacuate Collection Set: 3.7ms
[2023-04-09T19:29:04.049+0800][2879.558s] GC(1063)   Post Evacuate Collection Set: 0.5ms
[2023-04-09T19:29:04.049+0800][2879.558s] GC(1063)   Other: 0.2ms
[2023-04-09T19:29:04.049+0800][2879.558s] GC(1063) Eden regions: 92->0(281)
[2023-04-09T19:29:04.049+0800][2879.558s] GC(1063) Survivor regions: 14->19(39)
[2023-04-09T19:29:04.049+0800][2879.558s] GC(1063) Old regions: 76->76
[2023-04-09T19:29:04.049+0800][2879.558s] GC(1063) Humongous regions: 49->25
[2023-04-09T19:29:04.049+0800][2879.558s] GC(1063) Metaspace: 62354K(65392K)->62354K(65392K) NonClass: 55384K(57252K)->55384K(57252K) Class: 6970K(8140K)->6970K(8140K)
[2023-04-09T19:29:04.049+0800][2879.558s] GC(1063) Pause Young (Concurrent Start) (G1 Humongous Allocation) 228M->118M(512M) 4.675ms
[2023-04-09T19:29:04.049+0800][2879.558s] GC(1063) User=0.00s Sys=0.00s Real=0.01s
[2023-04-09T19:29:04.049+0800][2879.558s] GC(1064) Concurrent Cycle
[2023-04-09T19:29:04.049+0800][2879.558s] GC(1064) Concurrent Clear Claimed Marks
[2023-04-09T19:29:04.049+0800][2879.558s] GC(1064) Concurrent Clear Claimed Marks 0.169ms
[2023-04-09T19:29:04.049+0800][2879.558s] GC(1064) Concurrent Scan Root Regions
[2023-04-09T19:29:04.051+0800][2879.561s] GC(1064) Concurrent Scan Root Regions 2.348ms
[2023-04-09T19:29:04.052+0800][2879.561s] GC(1064) Concurrent Mark (2879.561s)
[2023-04-09T19:29:04.052+0800][2879.561s] GC(1064) Concurrent Mark From Roots
[2023-04-09T19:29:04.052+0800][2879.561s] GC(1064) Using 2 workers of 2 for marking
[2023-04-09T19:29:04.078+0800][2879.587s] GC(1064) Concurrent Mark From Roots 26.613ms
[2023-04-09T19:29:04.079+0800][2879.587s] GC(1064) Concurrent Preclean
[2023-04-09T19:29:04.079+0800][2879.588s] GC(1064) Concurrent Preclean 0.459ms
[2023-04-09T19:29:04.079+0800][2879.588s] GC(1064) Concurrent Mark (2879.561s, 2879.588s) 27.266ms
[2023-04-09T19:29:04.079+0800][2879.588s] GC(1064) Pause Remark
[2023-04-09T19:29:04.084+0800][2879.593s] GC(1064) Cleaned string and symbol table, strings: 28043 processed, 19 removed, symbols: 172451 processed, 8 removed
[2023-04-09T19:29:04.084+0800][2879.593s] GC(1064) Pause Remark 140M->131M(512M) 5.169ms
[2023-04-09T19:29:04.084+0800][2879.593s] GC(1064) User=0.00s Sys=0.00s Real=0.01s
[2023-04-09T19:29:04.085+0800][2879.593s] GC(1064) Concurrent Rebuild Remembered Sets
[2023-04-09T19:29:04.097+0800][2879.606s] GC(1064) Concurrent Rebuild Remembered Sets 12.900ms
[2023-04-09T19:29:04.098+0800][2879.607s] GC(1064) Pause Cleanup
[2023-04-09T19:29:04.098+0800][2879.607s] GC(1064) Pause Cleanup 137M->137M(512M) 0.158ms
[2023-04-09T19:29:04.098+0800][2879.607s] GC(1064) User=0.00s Sys=0.00s Real=0.00s
[2023-04-09T19:29:04.098+0800][2879.607s] GC(1064) Concurrent Cleanup for Next Mark
[2023-04-09T19:29:04.099+0800][2879.608s] GC(1064) Concurrent Cleanup for Next Mark 0.932ms
[2023-04-09T19:29:04.099+0800][2879.608s] GC(1064) Concurrent Cycle 49.906ms
[2023-04-09T19:29:04.760+0800][2880.269s] GC(1065) Pause Young (Prepare Mixed) (G1 Evacuation Pause)
[2023-04-09T19:29:04.760+0800][2880.269s] GC(1065) Using 8 workers of 8 for evacuation
[2023-04-09T19:29:04.766+0800][2880.275s] GC(1065)   Pre Evacuate Collection Set: 0.0ms
[2023-04-09T19:29:04.766+0800][2880.275s] GC(1065)   Evacuate Collection Set: 4.9ms
[2023-04-09T19:29:04.766+0800][2880.275s] GC(1065)   Post Evacuate Collection Set: 0.5ms
[2023-04-09T19:29:04.766+0800][2880.275s] GC(1065)   Other: 0.2ms
[2023-04-09T19:29:04.766+0800][2880.275s] GC(1065) Eden regions: 281->0(1)
[2023-04-09T19:29:04.766+0800][2880.275s] GC(1065) Survivor regions: 19->34(38)
[2023-04-09T19:29:04.766+0800][2880.275s] GC(1065) Old regions: 67->67
[2023-04-09T19:29:04.766+0800][2880.275s] GC(1065) Humongous regions: 89->32
[2023-04-09T19:29:04.766+0800][2880.275s] GC(1065) Metaspace: 62355K(65392K)->62355K(65392K) NonClass: 55384K(57252K)->55384K(57252K) Class: 6970K(8140K)->6970K(8140K)
[2023-04-09T19:29:04.766+0800][2880.275s] GC(1065) Pause Young (Prepare Mixed) (G1 Evacuation Pause) 454M->131M(512M) 5.778ms
[2023-04-09T19:29:04.766+0800][2880.275s] GC(1065) User=0.11s Sys=0.00s Real=0.01s
[2023-04-09T19:29:04.769+0800][2880.277s] GC(1066) Pause Young (Mixed) (G1 Evacuation Pause)
[2023-04-09T19:29:04.769+0800][2880.277s] GC(1066) Using 8 workers of 8 for evacuation
[2023-04-09T19:29:04.774+0800][2880.283s] GC(1066)   Pre Evacuate Collection Set: 0.0ms
[2023-04-09T19:29:04.774+0800][2880.283s] GC(1066)   Evacuate Collection Set: 4.9ms
[2023-04-09T19:29:04.774+0800][2880.283s] GC(1066)   Post Evacuate Collection Set: 0.4ms
[2023-04-09T19:29:04.774+0800][2880.283s] GC(1066)   Other: 0.2ms
[2023-04-09T19:29:04.774+0800][2880.283s] GC(1066) Eden regions: 1->0(281)
[2023-04-09T19:29:04.774+0800][2880.283s] GC(1066) Survivor regions: 34->1(5)
[2023-04-09T19:29:04.774+0800][2880.283s] GC(1066) Old regions: 67->90
[2023-04-09T19:29:04.774+0800][2880.283s] GC(1066) Humongous regions: 32->32
[2023-04-09T19:29:04.774+0800][2880.283s] GC(1066) Metaspace: 62355K(65392K)->62355K(65392K) NonClass: 55384K(57252K)->55384K(57252K) Class: 6970K(8140K)->6970K(8140K)
[2023-04-09T19:29:04.774+0800][2880.283s] GC(1066) Pause Young (Mixed) (G1 Evacuation Pause) 132M->122M(512M) 5.749ms
[2023-04-09T19:29:04.774+0800][2880.283s] GC(1066) User=0.00s Sys=0.00s Real=0.00s
[2023-04-09T19:29:05.188+0800][2880.696s] GC(1067) Pause Young (Normal) (G1 Evacuation Pause)
[2023-04-09T19:29:05.188+0800][2880.697s] GC(1067) Using 8 workers of 8 for evacuation
[2023-04-09T19:29:05.190+0800][2880.699s] GC(1067)   Pre Evacuate Collection Set: 0.0ms
[2023-04-09T19:29:05.190+0800][2880.699s] GC(1067)   Evacuate Collection Set: 1.8ms
[2023-04-09T19:29:05.190+0800][2880.699s] GC(1067)   Post Evacuate Collection Set: 0.5ms
[2023-04-09T19:29:05.190+0800][2880.699s] GC(1067)   Other: 0.2ms
[2023-04-09T19:29:05.190+0800][2880.699s] GC(1067) Eden regions: 281->0(266)
[2023-04-09T19:29:05.190+0800][2880.699s] GC(1067) Survivor regions: 1->9(36)
[2023-04-09T19:29:05.190+0800][2880.699s] GC(1067) Old regions: 90->90
[2023-04-09T19:29:05.190+0800][2880.699s] GC(1067) Humongous regions: 103->49
[2023-04-09T19:29:05.190+0800][2880.699s] GC(1067) Metaspace: 62355K(65392K)->62355K(65392K) NonClass: 55384K(57252K)->55384K(57252K) Class: 6970K(8140K)->6970K(8140K)
[2023-04-09T19:29:05.190+0800][2880.699s] GC(1067) Pause Young (Normal) (G1 Evacuation Pause) 474M->147M(512M) 2.739ms
[2023-04-09T19:29:05.190+0800][2880.699s] GC(1067) User=0.00s Sys=0.00s Real=0.00s
[2023-04-09T19:29:05.349+0800][2880.858s] GC(1068) Pause Young (Concurrent Start) (G1 Humongous Allocation)
[2023-04-09T19:29:05.349+0800][2880.858s] GC(1068) Using 8 workers of 8 for evacuation
[2023-04-09T19:29:05.352+0800][2880.861s] GC(1068)   Pre Evacuate Collection Set: 0.1ms
[2023-04-09T19:29:05.352+0800][2880.861s] GC(1068)   Evacuate Collection Set: 1.9ms
[2023-04-09T19:29:05.352+0800][2880.861s] GC(1068)   Post Evacuate Collection Set: 0.6ms
[2023-04-09T19:29:05.352+0800][2880.861s] GC(1068)   Other: 0.2ms
[2023-04-09T19:29:05.352+0800][2880.861s] GC(1068) Eden regions: 185->0(231)
[2023-04-09T19:29:05.352+0800][2880.861s] GC(1068) Survivor regions: 9->13(35)
[2023-04-09T19:29:05.352+0800][2880.861s] GC(1068) Old regions: 90->90
[2023-04-09T19:29:05.352+0800][2880.861s] GC(1068) Humongous regions: 63->49
[2023-04-09T19:29:05.352+0800][2880.861s] GC(1068) Metaspace: 62355K(65392K)->62355K(65392K) NonClass: 55384K(57252K)->55384K(57252K) Class: 6970K(8140K)->6970K(8140K)
[2023-04-09T19:29:05.353+0800][2880.861s] GC(1068) Pause Young (Concurrent Start) (G1 Humongous Allocation) 345M->150M(512M) 3.072ms
[2023-04-09T19:29:05.353+0800][2880.861s] GC(1068) User=0.00s Sys=0.00s Real=0.00s
[2023-04-09T19:29:05.353+0800][2880.861s] GC(1069) Concurrent Cycle
[2023-04-09T19:29:05.353+0800][2880.861s] GC(1069) Concurrent Clear Claimed Marks
[2023-04-09T19:29:05.353+0800][2880.862s] GC(1069) Concurrent Clear Claimed Marks 0.105ms
[2023-04-09T19:29:05.353+0800][2880.862s] GC(1069) Concurrent Scan Root Regions
[2023-04-09T19:29:05.354+0800][2880.863s] GC(1069) Concurrent Scan Root Regions 1.058ms
[2023-04-09T19:29:05.354+0800][2880.863s] GC(1069) Concurrent Mark (2880.863s)
[2023-04-09T19:29:05.354+0800][2880.863s] GC(1069) Concurrent Mark From Roots
[2023-04-09T19:29:05.354+0800][2880.863s] GC(1069) Using 2 workers of 2 for marking
[2023-04-09T19:29:05.391+0800][2880.899s] GC(1069) Concurrent Mark From Roots 36.554ms
[2023-04-09T19:29:05.391+0800][2880.899s] GC(1069) Concurrent Preclean
[2023-04-09T19:29:05.391+0800][2880.900s] GC(1069) Concurrent Preclean 0.423ms
[2023-04-09T19:29:05.391+0800][2880.900s] GC(1069) Concurrent Mark (2880.863s, 2880.900s) 37.102ms
[2023-04-09T19:29:05.391+0800][2880.900s] GC(1069) Pause Remark
[2023-04-09T19:29:05.398+0800][2880.907s] GC(1069) Cleaned string and symbol table, strings: 28024 processed, 10 removed, symbols: 172443 processed, 0 removed
[2023-04-09T19:29:05.398+0800][2880.907s] GC(1069) Pause Remark 201M->192M(512M) 7.040ms
[2023-04-09T19:29:05.398+0800][2880.907s] GC(1069) User=0.00s Sys=0.00s Real=0.01s
[2023-04-09T19:29:05.398+0800][2880.907s] GC(1069) Concurrent Rebuild Remembered Sets
[2023-04-09T19:29:05.417+0800][2880.926s] GC(1069) Concurrent Rebuild Remembered Sets 18.400ms
[2023-04-09T19:29:05.417+0800][2880.926s] GC(1069) Pause Cleanup
[2023-04-09T19:29:05.417+0800][2880.926s] GC(1069) Pause Cleanup 211M->211M(512M) 0.213ms
[2023-04-09T19:29:05.417+0800][2880.926s] GC(1069) User=0.00s Sys=0.00s Real=0.00s
[2023-04-09T19:29:05.418+0800][2880.926s] GC(1069) Concurrent Cleanup for Next Mark
[2023-04-09T19:29:05.418+0800][2880.927s] GC(1069) Concurrent Cleanup for Next Mark 0.933ms
[2023-04-09T19:29:05.419+0800][2880.927s] GC(1069) Concurrent Cycle 65.871ms
[2023-04-09T19:29:05.554+0800][2881.063s] GC(1070) Pause Young (Prepare Mixed) (G1 Evacuation Pause)
[2023-04-09T19:29:05.554+0800][2881.063s] GC(1070) Using 8 workers of 8 for evacuation
[2023-04-09T19:29:05.557+0800][2881.066s] GC(1070)   Pre Evacuate Collection Set: 0.0ms
[2023-04-09T19:29:05.557+0800][2881.066s] GC(1070)   Evacuate Collection Set: 2.1ms
[2023-04-09T19:29:05.557+0800][2881.066s] GC(1070)   Post Evacuate Collection Set: 0.5ms
[2023-04-09T19:29:05.557+0800][2881.066s] GC(1070)   Other: 0.3ms
[2023-04-09T19:29:05.557+0800][2881.066s] GC(1070) Eden regions: 231->0(9)
[2023-04-09T19:29:05.557+0800][2881.066s] GC(1070) Survivor regions: 13->16(31)
[2023-04-09T19:29:05.557+0800][2881.066s] GC(1070) Old regions: 88->88
[2023-04-09T19:29:05.557+0800][2881.066s] GC(1070) Humongous regions: 70->42
[2023-04-09T19:29:05.557+0800][2881.066s] GC(1070) Metaspace: 62355K(65392K)->62355K(65392K) NonClass: 55384K(57252K)->55384K(57252K) Class: 6970K(8140K)->6970K(8140K)
[2023-04-09T19:29:05.557+0800][2881.066s] GC(1070) Pause Young (Prepare Mixed) (G1 Evacuation Pause) 400M->145M(512M) 3.090ms
[2023-04-09T19:29:05.558+0800][2881.066s] GC(1070) User=0.00s Sys=0.02s Real=0.00s
[2023-04-09T19:29:05.568+0800][2881.077s] GC(1071) Pause Young (Mixed) (G1 Evacuation Pause)
[2023-04-09T19:29:05.568+0800][2881.077s] GC(1071) Using 8 workers of 8 for evacuation
[2023-04-09T19:29:05.571+0800][2881.080s] GC(1071)   Pre Evacuate Collection Set: 0.0ms
[2023-04-09T19:29:05.571+0800][2881.080s] GC(1071)   Evacuate Collection Set: 2.1ms
[2023-04-09T19:29:05.571+0800][2881.080s] GC(1071)   Post Evacuate Collection Set: 0.3ms
[2023-04-09T19:29:05.571+0800][2881.080s] GC(1071)   Other: 0.2ms
[2023-04-09T19:29:05.571+0800][2881.080s] GC(1071) Eden regions: 9->0(242)
[2023-04-09T19:29:05.571+0800][2881.080s] GC(1071) Survivor regions: 16->1(4)
[2023-04-09T19:29:05.571+0800][2881.080s] GC(1071) Old regions: 88->103
[2023-04-09T19:29:05.571+0800][2881.080s] GC(1071) Humongous regions: 42->42
[2023-04-09T19:29:05.571+0800][2881.080s] GC(1071) Metaspace: 62361K(65392K)->62361K(65392K) NonClass: 55390K(57252K)->55390K(57252K) Class: 6970K(8140K)->6970K(8140K)
[2023-04-09T19:29:05.571+0800][2881.080s] GC(1071) Pause Young (Mixed) (G1 Evacuation Pause) 154M->144M(512M) 3.012ms
[2023-04-09T19:29:05.571+0800][2881.080s] GC(1071) User=0.00s Sys=0.00s Real=0.00s
[2023-04-09T19:29:05.797+0800][2881.306s] GC(1072) Pause Young (Normal) (G1 Evacuation Pause)
[2023-04-09T19:29:05.797+0800][2881.306s] GC(1072) Using 8 workers of 8 for evacuation
[2023-04-09T19:29:05.799+0800][2881.308s] GC(1072)   Pre Evacuate Collection Set: 0.0ms
[2023-04-09T19:29:05.799+0800][2881.308s] GC(1072)   Evacuate Collection Set: 1.3ms
[2023-04-09T19:29:05.799+0800][2881.308s] GC(1072)   Post Evacuate Collection Set: 0.5ms
[2023-04-09T19:29:05.799+0800][2881.308s] GC(1072)   Other: 0.2ms
[2023-04-09T19:29:05.799+0800][2881.308s] GC(1072) Eden regions: 242->0(232)
[2023-04-09T19:29:05.800+0800][2881.308s] GC(1072) Survivor regions: 1->9(31)
[2023-04-09T19:29:05.800+0800][2881.308s] GC(1072) Old regions: 103->103
[2023-04-09T19:29:05.800+0800][2881.308s] GC(1072) Humongous regions: 77->63
[2023-04-09T19:29:05.800+0800][2881.308s] GC(1072) Metaspace: 62361K(65392K)->62361K(65392K) NonClass: 55390K(57252K)->55390K(57252K) Class: 6970K(8140K)->6970K(8140K)
[2023-04-09T19:29:05.800+0800][2881.308s] GC(1072) Pause Young (Normal) (G1 Evacuation Pause) 421M->173M(512M) 2.149ms
[2023-04-09T19:29:05.800+0800][2881.308s] GC(1072) User=0.00s Sys=0.00s Real=0.00s
[2023-04-09T19:29:06.036+0800][2881.544s] GC(1073) Pause Young (Concurrent Start) (G1 Humongous Allocation)
[2023-04-09T19:29:06.036+0800][2881.545s] GC(1073) Using 8 workers of 8 for evacuation
[2023-04-09T19:29:06.039+0800][2881.547s] GC(1073)   Pre Evacuate Collection Set: 0.1ms
[2023-04-09T19:29:06.039+0800][2881.547s] GC(1073)   Evacuate Collection Set: 2.1ms
[2023-04-09T19:29:06.039+0800][2881.547s] GC(1073)   Post Evacuate Collection Set: 0.5ms
[2023-04-09T19:29:06.039+0800][2881.547s] GC(1073)   Other: 0.2ms
[2023-04-09T19:29:06.039+0800][2881.547s] GC(1073) Eden regions: 215->0(223)
[2023-04-09T19:29:06.039+0800][2881.547s] GC(1073) Survivor regions: 9->15(31)
[2023-04-09T19:29:06.039+0800][2881.548s] GC(1073) Old regions: 103->103
[2023-04-09T19:29:06.039+0800][2881.548s] GC(1073) Humongous regions: 82->77
[2023-04-09T19:29:06.039+0800][2881.548s] GC(1073) Metaspace: 62361K(65392K)->62361K(65392K) NonClass: 55390K(57252K)->55390K(57252K) Class: 6970K(8140K)->6970K(8140K)
[2023-04-09T19:29:06.039+0800][2881.548s] GC(1073) Pause Young (Concurrent Start) (G1 Humongous Allocation) 406M->193M(512M) 3.143ms
[2023-04-09T19:29:06.039+0800][2881.548s] GC(1073) User=0.00s Sys=0.00s Real=0.00s
[2023-04-09T19:29:06.039+0800][2881.548s] GC(1074) Concurrent Cycle
[2023-04-09T19:29:06.039+0800][2881.548s] GC(1074) Concurrent Clear Claimed Marks
[2023-04-09T19:29:06.039+0800][2881.548s] GC(1074) Concurrent Clear Claimed Marks 0.156ms
[2023-04-09T19:29:06.039+0800][2881.548s] GC(1074) Concurrent Scan Root Regions
[2023-04-09T19:29:06.041+0800][2881.550s] GC(1074) Concurrent Scan Root Regions 1.662ms
[2023-04-09T19:29:06.041+0800][2881.550s] GC(1074) Concurrent Mark (2881.550s)
[2023-04-09T19:29:06.041+0800][2881.550s] GC(1074) Concurrent Mark From Roots
[2023-04-09T19:29:06.041+0800][2881.550s] GC(1074) Using 2 workers of 2 for marking
[2023-04-09T19:29:06.081+0800][2881.589s] GC(1074) Concurrent Mark From Roots 39.558ms
[2023-04-09T19:29:06.081+0800][2881.589s] GC(1074) Concurrent Preclean
[2023-04-09T19:29:06.081+0800][2881.590s] GC(1074) Concurrent Preclean 0.335ms
[2023-04-09T19:29:06.081+0800][2881.590s] GC(1074) Concurrent Mark (2881.550s, 2881.590s) 40.005ms
[2023-04-09T19:29:06.081+0800][2881.590s] GC(1074) Pause Remark
[2023-04-09T19:29:06.086+0800][2881.594s] GC(1074) Cleaned string and symbol table, strings: 28015 processed, 0 removed, symbols: 172445 processed, 2 removed
[2023-04-09T19:29:06.086+0800][2881.595s] GC(1074) Pause Remark 222M->189M(512M) 4.791ms
[2023-04-09T19:29:06.086+0800][2881.595s] GC(1074) User=0.00s Sys=0.00s Real=0.00s
[2023-04-09T19:29:06.086+0800][2881.595s] GC(1074) Concurrent Rebuild Remembered Sets
[2023-04-09T19:29:06.107+0800][2881.615s] GC(1074) Concurrent Rebuild Remembered Sets 20.484ms
[2023-04-09T19:29:06.107+0800][2881.615s] GC(1074) Pause Cleanup
[2023-04-09T19:29:06.107+0800][2881.616s] GC(1074) Pause Cleanup 206M->206M(512M) 0.159ms
[2023-04-09T19:29:06.107+0800][2881.616s] GC(1074) User=0.00s Sys=0.00s Real=0.00s
[2023-04-09T19:29:06.107+0800][2881.616s] GC(1074) Concurrent Cleanup for Next Mark
[2023-04-09T19:29:06.108+0800][2881.617s] GC(1074) Concurrent Cleanup for Next Mark 0.787ms
[2023-04-09T19:29:06.108+0800][2881.617s] GC(1074) Concurrent Cycle 68.831ms
[2023-04-09T19:29:06.280+0800][2881.789s] GC(1075) Pause Young (Prepare Mixed) (G1 Evacuation Pause)
[2023-04-09T19:29:06.280+0800][2881.789s] GC(1075) Using 8 workers of 8 for evacuation
[2023-04-09T19:29:06.283+0800][2881.792s] GC(1075)   Pre Evacuate Collection Set: 0.0ms
[2023-04-09T19:29:06.284+0800][2881.792s] GC(1075)   Evacuate Collection Set: 2.7ms
[2023-04-09T19:29:06.284+0800][2881.792s] GC(1075)   Post Evacuate Collection Set: 0.5ms
[2023-04-09T19:29:06.284+0800][2881.792s] GC(1075)   Other: 0.2ms
[2023-04-09T19:29:06.284+0800][2881.792s] GC(1075) Eden regions: 223->0(4)
[2023-04-09T19:29:06.284+0800][2881.792s] GC(1075) Survivor regions: 15->21(30)
[2023-04-09T19:29:06.284+0800][2881.792s] GC(1075) Old regions: 103->103
[2023-04-09T19:29:06.284+0800][2881.792s] GC(1075) Humongous regions: 58->36
[2023-04-09T19:29:06.284+0800][2881.792s] GC(1075) Metaspace: 62361K(65392K)->62361K(65392K) NonClass: 55390K(57252K)->55390K(57252K) Class: 6970K(8140K)->6970K(8140K)
[2023-04-09T19:29:06.284+0800][2881.792s] GC(1075) Pause Young (Prepare Mixed) (G1 Evacuation Pause) 397M->159M(512M) 3.552ms
[2023-04-09T19:29:06.284+0800][2881.792s] GC(1075) User=0.00s Sys=0.00s Real=0.00s
[2023-04-09T19:29:06.287+0800][2881.796s] GC(1076) Pause Young (Mixed) (G1 Evacuation Pause)
[2023-04-09T19:29:06.287+0800][2881.796s] GC(1076) Using 8 workers of 8 for evacuation
[2023-04-09T19:29:06.291+0800][2881.800s] GC(1076)   Pre Evacuate Collection Set: 0.0ms
[2023-04-09T19:29:06.291+0800][2881.800s] GC(1076)   Evacuate Collection Set: 3.6ms
[2023-04-09T19:29:06.291+0800][2881.800s] GC(1076)   Post Evacuate Collection Set: 0.5ms
[2023-04-09T19:29:06.291+0800][2881.800s] GC(1076)   Other: 0.2ms
[2023-04-09T19:29:06.292+0800][2881.800s] GC(1076) Eden regions: 4->0(260)
[2023-04-09T19:29:06.292+0800][2881.800s] GC(1076) Survivor regions: 21->1(4)
[2023-04-09T19:29:06.292+0800][2881.800s] GC(1076) Old regions: 103->103
[2023-04-09T19:29:06.292+0800][2881.800s] GC(1076) Humongous regions: 36->36
[2023-04-09T19:29:06.292+0800][2881.800s] GC(1076) Metaspace: 62361K(65392K)->62361K(65392K) NonClass: 55390K(57252K)->55390K(57252K) Class: 6970K(8140K)->6970K(8140K)
[2023-04-09T19:29:06.292+0800][2881.800s] GC(1076) Pause Young (Mixed) (G1 Evacuation Pause) 163M->138M(512M) 4.870ms
[2023-04-09T19:29:06.292+0800][2881.800s] GC(1076) User=0.00s Sys=0.00s Real=0.01s
[2023-04-09T19:29:06.606+0800][2882.115s] GC(1077) Pause Young (Normal) (G1 Evacuation Pause)
[2023-04-09T19:29:06.607+0800][2882.115s] GC(1077) Using 8 workers of 8 for evacuation
[2023-04-09T19:29:06.609+0800][2882.118s] GC(1077)   Pre Evacuate Collection Set: 0.0ms
[2023-04-09T19:29:06.609+0800][2882.118s] GC(1077)   Evacuate Collection Set: 1.9ms
[2023-04-09T19:29:06.609+0800][2882.118s] GC(1077)   Post Evacuate Collection Set: 0.6ms
[2023-04-09T19:29:06.609+0800][2882.118s] GC(1077)   Other: 0.3ms
[2023-04-09T19:29:06.609+0800][2882.118s] GC(1077) Eden regions: 260->0(237)
[2023-04-09T19:29:06.609+0800][2882.118s] GC(1077) Survivor regions: 1->16(33)
[2023-04-09T19:29:06.610+0800][2882.118s] GC(1077) Old regions: 103->103
[2023-04-09T19:29:06.610+0800][2882.118s] GC(1077) Humongous regions: 79->58
[2023-04-09T19:29:06.610+0800][2882.118s] GC(1077) Metaspace: 62361K(65392K)->62361K(65392K) NonClass: 55390K(57252K)->55390K(57252K) Class: 6970K(8140K)->6970K(8140K)
[2023-04-09T19:29:06.610+0800][2882.118s] GC(1077) Pause Young (Normal) (G1 Evacuation Pause) 441M->175M(512M) 3.116ms
[2023-04-09T19:29:06.610+0800][2882.118s] GC(1077) User=0.00s Sys=0.00s Real=0.00s
[2023-04-09T19:29:06.793+0800][2882.302s] GC(1078) Pause Young (Concurrent Start) (G1 Humongous Allocation)
[2023-04-09T19:29:06.793+0800][2882.302s] GC(1078) Using 8 workers of 8 for evacuation
[2023-04-09T19:29:06.796+0800][2882.305s] GC(1078)   Pre Evacuate Collection Set: 0.1ms
[2023-04-09T19:29:06.797+0800][2882.305s] GC(1078)   Evacuate Collection Set: 2.3ms
[2023-04-09T19:29:06.797+0800][2882.305s] GC(1078)   Post Evacuate Collection Set: 0.3ms
[2023-04-09T19:29:06.797+0800][2882.305s] GC(1078)   Other: 0.3ms
[2023-04-09T19:29:06.797+0800][2882.305s] GC(1078) Eden regions: 157->0(210)
[2023-04-09T19:29:06.797+0800][2882.305s] GC(1078) Survivor regions: 16->18(32)
[2023-04-09T19:29:06.797+0800][2882.305s] GC(1078) Old regions: 103->103
[2023-04-09T19:29:06.797+0800][2882.305s] GC(1078) Humongous regions: 67->67
[2023-04-09T19:29:06.797+0800][2882.305s] GC(1078) Metaspace: 62361K(65392K)->62361K(65392K) NonClass: 55390K(57252K)->55390K(57252K) Class: 6970K(8140K)->6970K(8140K)
[2023-04-09T19:29:06.797+0800][2882.305s] GC(1078) Pause Young (Concurrent Start) (G1 Humongous Allocation) 341M->186M(512M) 3.303ms
[2023-04-09T19:29:06.797+0800][2882.305s] GC(1078) User=0.00s Sys=0.00s Real=0.00s
[2023-04-09T19:29:06.797+0800][2882.305s] GC(1079) Concurrent Cycle
[2023-04-09T19:29:06.797+0800][2882.306s] GC(1079) Concurrent Clear Claimed Marks
[2023-04-09T19:29:06.797+0800][2882.306s] GC(1079) Concurrent Clear Claimed Marks 0.160ms
[2023-04-09T19:29:06.797+0800][2882.306s] GC(1079) Concurrent Scan Root Regions
[2023-04-09T19:29:06.798+0800][2882.307s] GC(1079) Concurrent Scan Root Regions 0.941ms
[2023-04-09T19:29:06.798+0800][2882.307s] GC(1079) Concurrent Mark (2882.307s)
[2023-04-09T19:29:06.798+0800][2882.307s] GC(1079) Concurrent Mark From Roots
[2023-04-09T19:29:06.798+0800][2882.307s] GC(1079) Using 2 workers of 2 for marking
[2023-04-09T19:29:06.830+0800][2882.339s] GC(1079) Concurrent Mark From Roots 32.024ms
[2023-04-09T19:29:06.830+0800][2882.339s] GC(1079) Concurrent Preclean
[2023-04-09T19:29:06.830+0800][2882.339s] GC(1079) Concurrent Preclean 0.315ms
[2023-04-09T19:29:06.831+0800][2882.339s] GC(1079) Concurrent Mark (2882.307s, 2882.339s) 32.454ms
[2023-04-09T19:29:06.831+0800][2882.339s] GC(1079) Pause Remark
[2023-04-09T19:29:06.835+0800][2882.343s] GC(1079) Cleaned string and symbol table, strings: 28015 processed, 0 removed, symbols: 172443 processed, 0 removed
[2023-04-09T19:29:06.835+0800][2882.344s] GC(1079) Pause Remark 234M->213M(512M) 4.212ms
[2023-04-09T19:29:06.835+0800][2882.344s] GC(1079) User=0.00s Sys=0.00s Real=0.00s
[2023-04-09T19:29:06.835+0800][2882.344s] GC(1079) Concurrent Rebuild Remembered Sets
[2023-04-09T19:29:06.852+0800][2882.361s] GC(1079) Concurrent Rebuild Remembered Sets 17.302ms
[2023-04-09T19:29:06.853+0800][2882.361s] GC(1079) Pause Cleanup
[2023-04-09T19:29:06.853+0800][2882.361s] GC(1079) Pause Cleanup 219M->219M(512M) 0.143ms
[2023-04-09T19:29:06.853+0800][2882.361s] GC(1079) User=0.00s Sys=0.00s Real=0.00s
[2023-04-09T19:29:06.853+0800][2882.361s] GC(1079) Concurrent Cleanup for Next Mark
[2023-04-09T19:29:06.853+0800][2882.362s] GC(1079) Concurrent Cleanup for Next Mark 0.676ms
[2023-04-09T19:29:06.854+0800][2882.362s] GC(1079) Concurrent Cycle 56.714ms
[2023-04-09T19:29:07.016+0800][2882.525s] GC(1080) Pause Young (Prepare Mixed) (G1 Evacuation Pause)
[2023-04-09T19:29:07.016+0800][2882.525s] GC(1080) Using 8 workers of 8 for evacuation
[2023-04-09T19:29:07.020+0800][2882.529s] GC(1080)   Pre Evacuate Collection Set: 0.0ms
[2023-04-09T19:29:07.020+0800][2882.529s] GC(1080)   Evacuate Collection Set: 3.0ms
[2023-04-09T19:29:07.020+0800][2882.529s] GC(1080)   Post Evacuate Collection Set: 0.5ms
[2023-04-09T19:29:07.020+0800][2882.529s] GC(1080)   Other: 0.2ms
[2023-04-09T19:29:07.020+0800][2882.529s] GC(1080) Eden regions: 210->0(12)
[2023-04-09T19:29:07.020+0800][2882.529s] GC(1080) Survivor regions: 18->13(29)
[2023-04-09T19:29:07.020+0800][2882.529s] GC(1080) Old regions: 103->114
[2023-04-09T19:29:07.020+0800][2882.529s] GC(1080) Humongous regions: 78->50
[2023-04-09T19:29:07.020+0800][2882.529s] GC(1080) Metaspace: 62361K(65392K)->62361K(65392K) NonClass: 55390K(57252K)->55390K(57252K) Class: 6970K(8140K)->6970K(8140K)
[2023-04-09T19:29:07.020+0800][2882.529s] GC(1080) Pause Young (Prepare Mixed) (G1 Evacuation Pause) 407M->175M(512M) 3.960ms
[2023-04-09T19:29:07.020+0800][2882.529s] GC(1080) User=0.00s Sys=0.00s Real=0.00s
[2023-04-09T19:29:07.034+0800][2882.543s] GC(1081) Pause Young (Mixed) (G1 Evacuation Pause)
[2023-04-09T19:29:07.034+0800][2882.543s] GC(1081) Using 8 workers of 8 for evacuation
[2023-04-09T19:29:07.037+0800][2882.546s] GC(1081)   Pre Evacuate Collection Set: 0.0ms
[2023-04-09T19:29:07.037+0800][2882.546s] GC(1081)   Evacuate Collection Set: 2.3ms
[2023-04-09T19:29:07.037+0800][2882.546s] GC(1081)   Post Evacuate Collection Set: 0.5ms
[2023-04-09T19:29:07.037+0800][2882.546s] GC(1081)   Other: 0.2ms
[2023-04-09T19:29:07.037+0800][2882.546s] GC(1081) Eden regions: 12->0(224)
[2023-04-09T19:29:07.037+0800][2882.546s] GC(1081) Survivor regions: 13->3(4)
[2023-04-09T19:29:07.037+0800][2882.546s] GC(1081) Old regions: 114->118
[2023-04-09T19:29:07.037+0800][2882.546s] GC(1081) Humongous regions: 50->50
[2023-04-09T19:29:07.037+0800][2882.546s] GC(1081) Metaspace: 62361K(65392K)->62361K(65392K) NonClass: 55390K(57252K)->55390K(57252K) Class: 6970K(8140K)->6970K(8140K)
[2023-04-09T19:29:07.037+0800][2882.546s] GC(1081) Pause Young (Mixed) (G1 Evacuation Pause) 187M->170M(512M) 3.131ms
[2023-04-09T19:29:07.037+0800][2882.546s] GC(1081) User=0.00s Sys=0.00s Real=0.00s
[2023-04-09T19:29:07.332+0800][2882.841s] GC(1082) Pause Young (Normal) (G1 Evacuation Pause)
[2023-04-09T19:29:07.332+0800][2882.841s] GC(1082) Using 8 workers of 8 for evacuation
[2023-04-09T19:29:07.334+0800][2882.842s] GC(1082)   Pre Evacuate Collection Set: 0.0ms
[2023-04-09T19:29:07.334+0800][2882.842s] GC(1082)   Evacuate Collection Set: 1.2ms
[2023-04-09T19:29:07.334+0800][2882.842s] GC(1082)   Post Evacuate Collection Set: 0.4ms
[2023-04-09T19:29:07.334+0800][2882.843s] GC(1082)   Other: 0.1ms
[2023-04-09T19:29:07.334+0800][2882.843s] GC(1082) Eden regions: 224->0(209)
[2023-04-09T19:29:07.334+0800][2882.843s] GC(1082) Survivor regions: 3->8(29)
[2023-04-09T19:29:07.334+0800][2882.843s] GC(1082) Old regions: 118->118
[2023-04-09T19:29:07.334+0800][2882.843s] GC(1082) Humongous regions: 78->78
[2023-04-09T19:29:07.334+0800][2882.843s] GC(1082) Metaspace: 62362K(65392K)->62362K(65392K) NonClass: 55391K(57252K)->55391K(57252K) Class: 6970K(8140K)->6970K(8140K)
[2023-04-09T19:29:07.334+0800][2882.843s] GC(1082) Pause Young (Normal) (G1 Evacuation Pause) 422M->203M(512M) 1.936ms
[2023-04-09T19:29:07.334+0800][2882.843s] GC(1082) User=0.00s Sys=0.00s Real=0.00s
[2023-04-09T19:29:07.371+0800][2882.880s] GC(1083) Pause Young (Concurrent Start) (G1 Humongous Allocation)
[2023-04-09T19:29:07.371+0800][2882.880s] GC(1083) Using 8 workers of 8 for evacuation
[2023-04-09T19:29:07.373+0800][2882.882s] GC(1083)   Pre Evacuate Collection Set: 0.1ms
[2023-04-09T19:29:07.373+0800][2882.882s] GC(1083)   Evacuate Collection Set: 1.5ms
[2023-04-09T19:29:07.373+0800][2882.882s] GC(1083)   Post Evacuate Collection Set: 0.4ms
[2023-04-09T19:29:07.373+0800][2882.882s] GC(1083)   Other: 0.2ms
[2023-04-09T19:29:07.373+0800][2882.882s] GC(1083) Eden regions: 44->0(147)
[2023-04-09T19:29:07.373+0800][2882.882s] GC(1083) Survivor regions: 8->9(28)
[2023-04-09T19:29:07.373+0800][2882.882s] GC(1083) Old regions: 118->118
[2023-04-09T19:29:07.373+0800][2882.882s] GC(1083) Humongous regions: 83->83
[2023-04-09T19:29:07.373+0800][2882.882s] GC(1083) Metaspace: 62362K(65392K)->62362K(65392K) NonClass: 55391K(57252K)->55391K(57252K) Class: 6970K(8140K)->6970K(8140K)
[2023-04-09T19:29:07.373+0800][2882.882s] GC(1083) Pause Young (Concurrent Start) (G1 Humongous Allocation) 252M->209M(512M) 2.390ms
[2023-04-09T19:29:07.373+0800][2882.882s] GC(1083) User=0.00s Sys=0.00s Real=0.00s
[2023-04-09T19:29:07.373+0800][2882.882s] GC(1084) Concurrent Cycle
[2023-04-09T19:29:07.374+0800][2882.882s] GC(1084) Concurrent Clear Claimed Marks
[2023-04-09T19:29:07.374+0800][2882.882s] GC(1084) Concurrent Clear Claimed Marks 0.145ms
[2023-04-09T19:29:07.374+0800][2882.882s] GC(1084) Concurrent Scan Root Regions
[2023-04-09T19:29:07.375+0800][2882.884s] GC(1084) Concurrent Scan Root Regions 1.769ms
[2023-04-09T19:29:07.376+0800][2882.884s] GC(1084) Concurrent Mark (2882.884s)
[2023-04-09T19:29:07.376+0800][2882.884s] GC(1084) Concurrent Mark From Roots
[2023-04-09T19:29:07.376+0800][2882.884s] GC(1084) Using 2 workers of 2 for marking
[2023-04-09T19:29:07.406+0800][2882.914s] GC(1084) Concurrent Mark From Roots 30.073ms
[2023-04-09T19:29:07.406+0800][2882.914s] GC(1084) Concurrent Preclean
[2023-04-09T19:29:07.406+0800][2882.915s] GC(1084) Concurrent Preclean 0.359ms
[2023-04-09T19:29:07.406+0800][2882.915s] GC(1084) Concurrent Mark (2882.884s, 2882.915s) 30.567ms
[2023-04-09T19:29:07.406+0800][2882.915s] GC(1084) Pause Remark
[2023-04-09T19:29:07.411+0800][2882.919s] GC(1084) Cleaned string and symbol table, strings: 28015 processed, 0 removed, symbols: 172443 processed, 0 removed
[2023-04-09T19:29:07.411+0800][2882.920s] GC(1084) Pause Remark 265M->237M(512M) 4.441ms
[2023-04-09T19:29:07.411+0800][2882.920s] GC(1084) User=0.00s Sys=0.00s Real=0.01s
[2023-04-09T19:29:07.411+0800][2882.920s] GC(1084) Concurrent Rebuild Remembered Sets
[2023-04-09T19:29:07.429+0800][2882.937s] GC(1084) Concurrent Rebuild Remembered Sets 17.810ms
[2023-04-09T19:29:07.429+0800][2882.938s] GC(1084) Pause Cleanup
[2023-04-09T19:29:07.429+0800][2882.938s] GC(1084) Pause Cleanup 255M->255M(512M) 0.186ms
[2023-04-09T19:29:07.429+0800][2882.938s] GC(1084) User=0.00s Sys=0.00s Real=0.00s
[2023-04-09T19:29:07.429+0800][2882.938s] GC(1084) Concurrent Cleanup for Next Mark
[2023-04-09T19:29:07.430+0800][2882.939s] GC(1084) Concurrent Cleanup for Next Mark 0.775ms
[2023-04-09T19:29:07.430+0800][2882.939s] GC(1084) Concurrent Cycle 56.704ms
[2023-04-09T19:29:07.699+0800][2883.207s] GC(1085) Pause Young (Prepare Mixed) (G1 Evacuation Pause)
[2023-04-09T19:29:07.699+0800][2883.208s] GC(1085) Using 8 workers of 8 for evacuation
[2023-04-09T19:29:07.701+0800][2883.210s] GC(1085)   Pre Evacuate Collection Set: 0.0ms
[2023-04-09T19:29:07.701+0800][2883.210s] GC(1085)   Evacuate Collection Set: 1.6ms
[2023-04-09T19:29:07.701+0800][2883.210s] GC(1085)   Post Evacuate Collection Set: 0.5ms
[2023-04-09T19:29:07.701+0800][2883.210s] GC(1085)   Other: 0.2ms
[2023-04-09T19:29:07.701+0800][2883.210s] GC(1085) Eden regions: 147->0(12)
[2023-04-09T19:29:07.701+0800][2883.210s] GC(1085) Survivor regions: 9->13(20)
[2023-04-09T19:29:07.701+0800][2883.210s] GC(1085) Old regions: 118->118
[2023-04-09T19:29:07.701+0800][2883.210s] GC(1085) Humongous regions: 102->74
[2023-04-09T19:29:07.702+0800][2883.210s] GC(1085) Metaspace: 62364K(65392K)->62364K(65392K) NonClass: 55393K(57252K)->55393K(57252K) Class: 6970K(8140K)->6970K(8140K)
[2023-04-09T19:29:07.702+0800][2883.210s] GC(1085) Pause Young (Prepare Mixed) (G1 Evacuation Pause) 375M->203M(512M) 2.616ms
[2023-04-09T19:29:07.702+0800][2883.210s] GC(1085) User=0.00s Sys=0.00s Real=0.00s
[2023-04-09T19:29:07.717+0800][2883.226s] GC(1086) Pause Young (Mixed) (G1 Evacuation Pause)
[2023-04-09T19:29:07.717+0800][2883.226s] GC(1086) Using 8 workers of 8 for evacuation
[2023-04-09T19:29:07.720+0800][2883.228s] GC(1086)   Pre Evacuate Collection Set: 0.0ms
[2023-04-09T19:29:07.720+0800][2883.228s] GC(1086)   Evacuate Collection Set: 1.7ms
[2023-04-09T19:29:07.720+0800][2883.228s] GC(1086)   Post Evacuate Collection Set: 0.4ms
[2023-04-09T19:29:07.720+0800][2883.228s] GC(1086)   Other: 0.2ms
[2023-04-09T19:29:07.720+0800][2883.228s] GC(1086) Eden regions: 12->0(161)
[2023-04-09T19:29:07.720+0800][2883.228s] GC(1086) Survivor regions: 13->1(4)
[2023-04-09T19:29:07.720+0800][2883.228s] GC(1086) Old regions: 118->129
[2023-04-09T19:29:07.720+0800][2883.228s] GC(1086) Humongous regions: 74->74
[2023-04-09T19:29:07.720+0800][2883.228s] GC(1086) Metaspace: 62364K(65392K)->62364K(65392K) NonClass: 55393K(57252K)->55393K(57252K) Class: 6970K(8140K)->6970K(8140K)
[2023-04-09T19:29:07.720+0800][2883.228s] GC(1086) Pause Young (Mixed) (G1 Evacuation Pause) 215M->202M(512M) 2.590ms
[2023-04-09T19:29:07.720+0800][2883.228s] GC(1086) User=0.00s Sys=0.00s Real=0.00s
[2023-04-09T19:29:07.909+0800][2883.418s] GC(1087) Pause Young (Normal) (G1 Evacuation Pause)
[2023-04-09T19:29:07.909+0800][2883.418s] GC(1087) Using 8 workers of 8 for evacuation
[2023-04-09T19:29:07.911+0800][2883.419s] GC(1087)   Pre Evacuate Collection Set: 0.0ms
[2023-04-09T19:29:07.911+0800][2883.419s] GC(1087)   Evacuate Collection Set: 0.8ms
[2023-04-09T19:29:07.911+0800][2883.419s] GC(1087)   Post Evacuate Collection Set: 0.4ms
[2023-04-09T19:29:07.911+0800][2883.419s] GC(1087)   Other: 0.2ms
[2023-04-09T19:29:07.911+0800][2883.419s] GC(1087) Eden regions: 161->0(173)
[2023-04-09T19:29:07.911+0800][2883.419s] GC(1087) Survivor regions: 1->5(21)
[2023-04-09T19:29:07.911+0800][2883.419s] GC(1087) Old regions: 129->129
[2023-04-09T19:29:07.911+0800][2883.419s] GC(1087) Humongous regions: 75->66
[2023-04-09T19:29:07.911+0800][2883.419s] GC(1087) Metaspace: 62364K(65392K)->62364K(65392K) NonClass: 55393K(57252K)->55393K(57252K) Class: 6970K(8140K)->6970K(8140K)
[2023-04-09T19:29:07.911+0800][2883.419s] GC(1087) Pause Young (Normal) (G1 Evacuation Pause) 364M->198M(512M) 1.635ms
[2023-04-09T19:29:07.911+0800][2883.419s] GC(1087) User=0.00s Sys=0.00s Real=0.00s
[2023-04-09T19:29:08.107+0800][2883.615s] GC(1088) Pause Young (Normal) (G1 Evacuation Pause)
[2023-04-09T19:29:08.107+0800][2883.615s] GC(1088) Using 8 workers of 8 for evacuation
[2023-04-09T19:29:08.109+0800][2883.617s] GC(1088)   Pre Evacuate Collection Set: 0.0ms
[2023-04-09T19:29:08.109+0800][2883.617s] GC(1088)   Evacuate Collection Set: 1.1ms
[2023-04-09T19:29:08.109+0800][2883.618s] GC(1088)   Post Evacuate Collection Set: 0.6ms
[2023-04-09T19:29:08.109+0800][2883.618s] GC(1088)   Other: 0.3ms
[2023-04-09T19:29:08.109+0800][2883.618s] GC(1088) Eden regions: 173->0(158)
[2023-04-09T19:29:08.109+0800][2883.618s] GC(1088) Survivor regions: 5->10(23)
[2023-04-09T19:29:08.109+0800][2883.618s] GC(1088) Old regions: 129->129
[2023-04-09T19:29:08.109+0800][2883.618s] GC(1088) Humongous regions: 103->102
[2023-04-09T19:29:08.109+0800][2883.618s] GC(1088) Metaspace: 62365K(65392K)->62365K(65392K) NonClass: 55394K(57252K)->55394K(57252K) Class: 6970K(8140K)->6970K(8140K)
[2023-04-09T19:29:08.109+0800][2883.618s] GC(1088) Pause Young (Normal) (G1 Evacuation Pause) 408M->239M(512M) 2.291ms
[2023-04-09T19:29:08.109+0800][2883.618s] GC(1088) User=0.00s Sys=0.00s Real=0.00s
[2023-04-09T19:29:08.347+0800][2883.856s] GC(1089) Pause Young (Normal) (G1 Evacuation Pause)
[2023-04-09T19:29:08.347+0800][2883.856s] GC(1089) Using 8 workers of 8 for evacuation
[2023-04-09T19:29:08.350+0800][2883.859s] GC(1089)   Pre Evacuate Collection Set: 0.0ms
[2023-04-09T19:29:08.350+0800][2883.859s] GC(1089)   Evacuate Collection Set: 1.4ms
[2023-04-09T19:29:08.350+0800][2883.859s] GC(1089)   Post Evacuate Collection Set: 0.6ms
[2023-04-09T19:29:08.350+0800][2883.859s] GC(1089)   Other: 0.2ms
[2023-04-09T19:29:08.350+0800][2883.859s] GC(1089) Eden regions: 158->0(161)
[2023-04-09T19:29:08.350+0800][2883.859s] GC(1089) Survivor regions: 10->13(21)
[2023-04-09T19:29:08.350+0800][2883.859s] GC(1089) Old regions: 129->129
[2023-04-09T19:29:08.350+0800][2883.859s] GC(1089) Humongous regions: 103->103
[2023-04-09T19:29:08.350+0800][2883.859s] GC(1089) Metaspace: 62365K(65392K)->62365K(65392K) NonClass: 55394K(57252K)->55394K(57252K) Class: 6970K(8140K)->6970K(8140K)
[2023-04-09T19:29:08.350+0800][2883.859s] GC(1089) Pause Young (Normal) (G1 Evacuation Pause) 398M->243M(512M) 2.491ms
[2023-04-09T19:29:08.350+0800][2883.859s] GC(1089) User=0.00s Sys=0.00s Real=0.00s
[2023-04-09T19:29:08.586+0800][2884.095s] GC(1090) Pause Young (Normal) (G1 Evacuation Pause)
[2023-04-09T19:29:08.586+0800][2884.095s] GC(1090) Using 8 workers of 8 for evacuation
[2023-04-09T19:29:08.588+0800][2884.097s] GC(1090)   Pre Evacuate Collection Set: 0.1ms
[2023-04-09T19:29:08.588+0800][2884.097s] GC(1090)   Evacuate Collection Set: 1.5ms
[2023-04-09T19:29:08.588+0800][2884.097s] GC(1090)   Post Evacuate Collection Set: 0.4ms
[2023-04-09T19:29:08.588+0800][2884.097s] GC(1090)   Other: 0.2ms
[2023-04-09T19:29:08.588+0800][2884.097s] GC(1090) Eden regions: 161->0(163)
[2023-04-09T19:29:08.588+0800][2884.097s] GC(1090) Survivor regions: 13->10(22)
[2023-04-09T19:29:08.588+0800][2884.097s] GC(1090) Old regions: 129->132
[2023-04-09T19:29:08.588+0800][2884.097s] GC(1090) Humongous regions: 108->108
[2023-04-09T19:29:08.589+0800][2884.098s] GC(1090) Metaspace: 62365K(65392K)->62365K(65392K) NonClass: 55394K(57252K)->55394K(57252K) Class: 6970K(8140K)->6970K(8140K)
[2023-04-09T19:29:08.589+0800][2884.098s] GC(1090) Pause Young (Normal) (G1 Evacuation Pause) 409M->248M(512M) 2.429ms
[2023-04-09T19:29:08.589+0800][2884.098s] GC(1090) User=0.00s Sys=0.00s Real=0.00s
[2023-04-09T19:29:08.710+0800][2884.219s] GC(1091) Pause Young (Concurrent Start) (G1 Humongous Allocation)
[2023-04-09T19:29:08.710+0800][2884.219s] GC(1091) Using 8 workers of 8 for evacuation
[2023-04-09T19:29:08.712+0800][2884.221s] GC(1091)   Pre Evacuate Collection Set: 0.1ms
[2023-04-09T19:29:08.712+0800][2884.221s] GC(1091)   Evacuate Collection Set: 1.5ms
[2023-04-09T19:29:08.712+0800][2884.221s] GC(1091)   Post Evacuate Collection Set: 0.5ms
[2023-04-09T19:29:08.712+0800][2884.221s] GC(1091)   Other: 0.2ms
[2023-04-09T19:29:08.712+0800][2884.221s] GC(1091) Eden regions: 74->0(161)
[2023-04-09T19:29:08.712+0800][2884.221s] GC(1091) Survivor regions: 10->11(22)
[2023-04-09T19:29:08.712+0800][2884.221s] GC(1091) Old regions: 132->132
[2023-04-09T19:29:08.712+0800][2884.221s] GC(1091) Humongous regions: 108->108
[2023-04-09T19:29:08.712+0800][2884.221s] GC(1091) Metaspace: 62365K(65392K)->62365K(65392K) NonClass: 55394K(57252K)->55394K(57252K) Class: 6970K(8140K)->6970K(8140K)
[2023-04-09T19:29:08.712+0800][2884.221s] GC(1091) Pause Young (Concurrent Start) (G1 Humongous Allocation) 322M->249M(512M) 2.449ms
[2023-04-09T19:29:08.712+0800][2884.222s] GC(1091) User=0.00s Sys=0.00s Real=0.00s
[2023-04-09T19:29:08.712+0800][2884.222s] GC(1092) Concurrent Cycle
[2023-04-09T19:29:08.713+0800][2884.222s] GC(1092) Concurrent Clear Claimed Marks
[2023-04-09T19:29:08.713+0800][2884.222s] GC(1092) Concurrent Clear Claimed Marks 0.100ms
[2023-04-09T19:29:08.713+0800][2884.222s] GC(1092) Concurrent Scan Root Regions
[2023-04-09T19:29:08.713+0800][2884.222s] GC(1092) Concurrent Scan Root Regions 0.426ms
[2023-04-09T19:29:08.713+0800][2884.222s] GC(1092) Concurrent Mark (2884.222s)
[2023-04-09T19:29:08.713+0800][2884.222s] GC(1092) Concurrent Mark From Roots
[2023-04-09T19:29:08.713+0800][2884.222s] GC(1092) Using 2 workers of 2 for marking
[2023-04-09T19:29:08.742+0800][2884.251s] GC(1092) Concurrent Mark From Roots 28.970ms
[2023-04-09T19:29:08.742+0800][2884.251s] GC(1092) Concurrent Preclean
[2023-04-09T19:29:08.743+0800][2884.252s] GC(1092) Concurrent Preclean 0.319ms
[2023-04-09T19:29:08.743+0800][2884.252s] GC(1092) Concurrent Mark (2884.222s, 2884.252s) 29.392ms
[2023-04-09T19:29:08.743+0800][2884.252s] GC(1092) Pause Remark
[2023-04-09T19:29:08.750+0800][2884.259s] GC(1092) Cleaned string and symbol table, strings: 28015 processed, 14 removed, symbols: 172443 processed, 0 removed
[2023-04-09T19:29:08.750+0800][2884.259s] GC(1092) Pause Remark 258M->214M(512M) 7.478ms
[2023-04-09T19:29:08.750+0800][2884.259s] GC(1092) User=0.11s Sys=0.02s Real=0.01s
[2023-04-09T19:29:08.750+0800][2884.259s] GC(1092) Concurrent Rebuild Remembered Sets
[2023-04-09T19:29:08.764+0800][2884.274s] GC(1092) Concurrent Rebuild Remembered Sets 14.158ms
[2023-04-09T19:29:08.765+0800][2884.274s] GC(1092) Pause Cleanup
[2023-04-09T19:29:08.765+0800][2884.274s] GC(1092) Pause Cleanup 221M->221M(512M) 0.188ms
[2023-04-09T19:29:08.765+0800][2884.274s] GC(1092) User=0.00s Sys=0.00s Real=0.00s
[2023-04-09T19:29:08.765+0800][2884.274s] GC(1092) Concurrent Cleanup for Next Mark
[2023-04-09T19:29:08.766+0800][2884.275s] GC(1092) Concurrent Cleanup for Next Mark 0.900ms
[2023-04-09T19:29:08.766+0800][2884.275s] GC(1092) Concurrent Cycle 53.657ms
[2023-04-09T19:29:09.117+0800][2884.626s] GC(1093) Pause Young (Prepare Mixed) (G1 Evacuation Pause)
[2023-04-09T19:29:09.117+0800][2884.627s] GC(1093) Using 8 workers of 8 for evacuation
[2023-04-09T19:29:09.120+0800][2884.629s] GC(1093)   Pre Evacuate Collection Set: 0.0ms
[2023-04-09T19:29:09.120+0800][2884.629s] GC(1093)   Evacuate Collection Set: 1.8ms
[2023-04-09T19:29:09.120+0800][2884.629s] GC(1093)   Post Evacuate Collection Set: 0.6ms
[2023-04-09T19:29:09.120+0800][2884.629s] GC(1093)   Other: 0.2ms
[2023-04-09T19:29:09.120+0800][2884.629s] GC(1093) Eden regions: 161->0(13)
[2023-04-09T19:29:09.120+0800][2884.629s] GC(1093) Survivor regions: 11->12(22)
[2023-04-09T19:29:09.120+0800][2884.629s] GC(1093) Old regions: 132->132
[2023-04-09T19:29:09.120+0800][2884.629s] GC(1093) Humongous regions: 72->65
[2023-04-09T19:29:09.120+0800][2884.629s] GC(1093) Metaspace: 62288K(65392K)->62288K(65392K) NonClass: 55333K(57252K)->55333K(57252K) Class: 6954K(8140K)->6954K(8140K)
[2023-04-09T19:29:09.120+0800][2884.629s] GC(1093) Pause Young (Prepare Mixed) (G1 Evacuation Pause) 374M->208M(512M) 2.885ms
[2023-04-09T19:29:09.120+0800][2884.629s] GC(1093) User=0.00s Sys=0.00s Real=0.00s
[2023-04-09T19:29:09.138+0800][2884.646s] GC(1094) Pause Young (Mixed) (G1 Evacuation Pause)
[2023-04-09T19:29:09.138+0800][2884.646s] GC(1094) Using 8 workers of 8 for evacuation
[2023-04-09T19:29:09.141+0800][2884.649s] GC(1094)   Pre Evacuate Collection Set: 0.0ms
[2023-04-09T19:29:09.141+0800][2884.649s] GC(1094)   Evacuate Collection Set: 2.0ms
[2023-04-09T19:29:09.141+0800][2884.649s] GC(1094)   Post Evacuate Collection Set: 0.5ms
[2023-04-09T19:29:09.141+0800][2884.649s] GC(1094)   Other: 0.2ms
[2023-04-09T19:29:09.141+0800][2884.649s] GC(1094) Eden regions: 13->0(194)
[2023-04-09T19:29:09.141+0800][2884.649s] GC(1094) Survivor regions: 12->1(4)
[2023-04-09T19:29:09.141+0800][2884.649s] GC(1094) Old regions: 132->131
[2023-04-09T19:29:09.141+0800][2884.649s] GC(1094) Humongous regions: 65->65
[2023-04-09T19:29:09.141+0800][2884.649s] GC(1094) Metaspace: 62288K(65392K)->62288K(65392K) NonClass: 55333K(57252K)->55333K(57252K) Class: 6954K(8140K)->6954K(8140K)
[2023-04-09T19:29:09.141+0800][2884.649s] GC(1094) Pause Young (Mixed) (G1 Evacuation Pause) 221M->196M(512M) 3.162ms
[2023-04-09T19:29:09.141+0800][2884.649s] GC(1094) User=0.00s Sys=0.00s Real=0.00s
[2023-04-09T19:29:09.512+0800][2885.021s] GC(1095) Pause Young (Normal) (G1 Evacuation Pause)
[2023-04-09T19:29:09.512+0800][2885.021s] GC(1095) Using 8 workers of 8 for evacuation
[2023-04-09T19:29:09.513+0800][2885.022s] GC(1095)   Pre Evacuate Collection Set: 0.0ms
[2023-04-09T19:29:09.513+0800][2885.022s] GC(1095)   Evacuate Collection Set: 0.4ms
[2023-04-09T19:29:09.513+0800][2885.022s] GC(1095)   Post Evacuate Collection Set: 0.4ms
[2023-04-09T19:29:09.513+0800][2885.022s] GC(1095)   Other: 0.1ms
[2023-04-09T19:29:09.513+0800][2885.022s] GC(1095) Eden regions: 194->0(201)
[2023-04-09T19:29:09.513+0800][2885.022s] GC(1095) Survivor regions: 1->3(25)
[2023-04-09T19:29:09.513+0800][2885.022s] GC(1095) Old regions: 131->131
[2023-04-09T19:29:09.513+0800][2885.022s] GC(1095) Humongous regions: 65->65
[2023-04-09T19:29:09.513+0800][2885.022s] GC(1095) Metaspace: 62290K(65392K)->62290K(65392K) NonClass: 55335K(57252K)->55335K(57252K) Class: 6954K(8140K)->6954K(8140K)
[2023-04-09T19:29:09.513+0800][2885.022s] GC(1095) Pause Young (Normal) (G1 Evacuation Pause) 390M->198M(512M) 1.172ms
[2023-04-09T19:29:09.513+0800][2885.022s] GC(1095) User=0.00s Sys=0.00s Real=0.00s
[2023-04-09T19:29:09.748+0800][2885.258s] GC(1096) Pause Young (Normal) (G1 Evacuation Pause)
[2023-04-09T19:29:09.748+0800][2885.258s] GC(1096) Using 8 workers of 8 for evacuation
[2023-04-09T19:29:09.749+0800][2885.259s] GC(1096)   Pre Evacuate Collection Set: 0.0ms
[2023-04-09T19:29:09.749+0800][2885.259s] GC(1096)   Evacuate Collection Set: 0.7ms
[2023-04-09T19:29:09.749+0800][2885.259s] GC(1096)   Post Evacuate Collection Set: 0.3ms
[2023-04-09T19:29:09.749+0800][2885.259s] GC(1096)   Other: 0.1ms
[2023-04-09T19:29:09.749+0800][2885.259s] GC(1096) Eden regions: 201->0(206)
[2023-04-09T19:29:09.749+0800][2885.259s] GC(1096) Survivor regions: 3->5(26)
[2023-04-09T19:29:09.749+0800][2885.259s] GC(1096) Old regions: 131->131
[2023-04-09T19:29:09.749+0800][2885.259s] GC(1096) Humongous regions: 66->66
[2023-04-09T19:29:09.749+0800][2885.259s] GC(1096) Metaspace: 62290K(65392K)->62290K(65392K) NonClass: 55335K(57252K)->55335K(57252K) Class: 6954K(8140K)->6954K(8140K)
[2023-04-09T19:29:09.750+0800][2885.259s] GC(1096) Pause Young (Normal) (G1 Evacuation Pause) 400M->201M(512M) 1.349ms
[2023-04-09T19:29:09.750+0800][2885.259s] GC(1096) User=0.00s Sys=0.00s Real=0.00s
[2023-04-09T19:29:09.885+0800][2885.395s] GC(1097) Pause Young (Normal) (G1 Evacuation Pause)
[2023-04-09T19:29:09.885+0800][2885.395s] GC(1097) Using 8 workers of 8 for evacuation
[2023-04-09T19:29:09.887+0800][2885.396s] GC(1097)   Pre Evacuate Collection Set: 0.0ms
[2023-04-09T19:29:09.887+0800][2885.396s] GC(1097)   Evacuate Collection Set: 0.8ms
[2023-04-09T19:29:09.887+0800][2885.396s] GC(1097)   Post Evacuate Collection Set: 0.4ms
[2023-04-09T19:29:09.887+0800][2885.396s] GC(1097)   Other: 0.2ms
[2023-04-09T19:29:09.887+0800][2885.396s] GC(1097) Eden regions: 206->0(209)
[2023-04-09T19:29:09.887+0800][2885.396s] GC(1097) Survivor regions: 5->7(27)
[2023-04-09T19:29:09.887+0800][2885.396s] GC(1097) Old regions: 131->131
[2023-04-09T19:29:09.887+0800][2885.396s] GC(1097) Humongous regions: 66->66
[2023-04-09T19:29:09.887+0800][2885.396s] GC(1097) Metaspace: 62290K(65392K)->62290K(65392K) NonClass: 55335K(57252K)->55335K(57252K) Class: 6954K(8140K)->6954K(8140K)
[2023-04-09T19:29:09.887+0800][2885.396s] GC(1097) Pause Young (Normal) (G1 Evacuation Pause) 407M->203M(512M) 1.601ms
[2023-04-09T19:29:09.887+0800][2885.396s] GC(1097) User=0.12s Sys=0.00s Real=0.00s
[2023-04-09T19:29:10.033+0800][2885.542s] GC(1098) Pause Young (Normal) (G1 Evacuation Pause)
[2023-04-09T19:29:10.033+0800][2885.542s] GC(1098) Using 8 workers of 8 for evacuation
[2023-04-09T19:29:10.034+0800][2885.544s] GC(1098)   Pre Evacuate Collection Set: 0.0ms
[2023-04-09T19:29:10.034+0800][2885.544s] GC(1098)   Evacuate Collection Set: 0.9ms
[2023-04-09T19:29:10.034+0800][2885.544s] GC(1098)   Post Evacuate Collection Set: 0.4ms
[2023-04-09T19:29:10.034+0800][2885.544s] GC(1098)   Other: 0.1ms
[2023-04-09T19:29:10.034+0800][2885.544s] GC(1098) Eden regions: 209->0(212)
[2023-04-09T19:29:10.034+0800][2885.544s] GC(1098) Survivor regions: 7->9(27)
[2023-04-09T19:29:10.034+0800][2885.544s] GC(1098) Old regions: 131->131
[2023-04-09T19:29:10.034+0800][2885.544s] GC(1098) Humongous regions: 68->67
[2023-04-09T19:29:10.034+0800][2885.544s] GC(1098) Metaspace: 62290K(65392K)->62290K(65392K) NonClass: 55335K(57252K)->55335K(57252K) Class: 6954K(8140K)->6954K(8140K)
[2023-04-09T19:29:10.035+0800][2885.544s] GC(1098) Pause Young (Normal) (G1 Evacuation Pause) 414M->206M(512M) 1.694ms
[2023-04-09T19:29:10.035+0800][2885.544s] GC(1098) User=0.00s Sys=0.00s Real=0.00s
[2023-04-09T19:29:10.123+0800][2885.632s] GC(1099) Pause Young (Concurrent Start) (G1 Humongous Allocation)
[2023-04-09T19:29:10.123+0800][2885.632s] GC(1099) Using 8 workers of 8 for evacuation
[2023-04-09T19:29:10.125+0800][2885.634s] GC(1099)   Pre Evacuate Collection Set: 0.1ms
[2023-04-09T19:29:10.125+0800][2885.634s] GC(1099)   Evacuate Collection Set: 1.5ms
[2023-04-09T19:29:10.125+0800][2885.634s] GC(1099)   Post Evacuate Collection Set: 0.3ms
[2023-04-09T19:29:10.125+0800][2885.634s] GC(1099)   Other: 0.2ms
[2023-04-09T19:29:10.125+0800][2885.634s] GC(1099) Eden regions: 135->0(201)
[2023-04-09T19:29:10.125+0800][2885.634s] GC(1099) Survivor regions: 9->10(28)
[2023-04-09T19:29:10.125+0800][2885.634s] GC(1099) Old regions: 131->131
[2023-04-09T19:29:10.125+0800][2885.634s] GC(1099) Humongous regions: 67->67
[2023-04-09T19:29:10.125+0800][2885.634s] GC(1099) Metaspace: 62290K(65392K)->62290K(65392K) NonClass: 55335K(57252K)->55335K(57252K) Class: 6954K(8140K)->6954K(8140K)
[2023-04-09T19:29:10.125+0800][2885.634s] GC(1099) Pause Young (Concurrent Start) (G1 Humongous Allocation) 340M->207M(512M) 2.405ms
[2023-04-09T19:29:10.125+0800][2885.634s] GC(1099) User=0.00s Sys=0.00s Real=0.00s
[2023-04-09T19:29:10.125+0800][2885.634s] GC(1100) Concurrent Cycle
[2023-04-09T19:29:10.125+0800][2885.634s] GC(1100) Concurrent Clear Claimed Marks
[2023-04-09T19:29:10.125+0800][2885.635s] GC(1100) Concurrent Clear Claimed Marks 0.132ms
[2023-04-09T19:29:10.125+0800][2885.635s] GC(1100) Concurrent Scan Root Regions
[2023-04-09T19:29:10.126+0800][2885.635s] GC(1100) Concurrent Scan Root Regions 0.491ms
[2023-04-09T19:29:10.126+0800][2885.635s] GC(1100) Concurrent Mark (2885.635s)
[2023-04-09T19:29:10.126+0800][2885.635s] GC(1100) Concurrent Mark From Roots
[2023-04-09T19:29:10.126+0800][2885.635s] GC(1100) Using 2 workers of 2 for marking
[2023-04-09T19:29:10.157+0800][2885.667s] GC(1100) Concurrent Mark From Roots 31.500ms
[2023-04-09T19:29:10.157+0800][2885.667s] GC(1100) Concurrent Preclean
[2023-04-09T19:29:10.158+0800][2885.667s] GC(1100) Concurrent Preclean 0.327ms
[2023-04-09T19:29:10.158+0800][2885.667s] GC(1100) Concurrent Mark (2885.635s, 2885.667s) 31.932ms
[2023-04-09T19:29:10.158+0800][2885.667s] GC(1100) Pause Remark
[2023-04-09T19:29:10.162+0800][2885.671s] GC(1100) Cleaned string and symbol table, strings: 28001 processed, 0 removed, symbols: 172443 processed, 28 removed
[2023-04-09T19:29:10.162+0800][2885.672s] GC(1100) Pause Remark 241M->232M(512M) 4.413ms
[2023-04-09T19:29:10.162+0800][2885.672s] GC(1100) User=0.00s Sys=0.00s Real=0.00s
[2023-04-09T19:29:10.162+0800][2885.672s] GC(1100) Concurrent Rebuild Remembered Sets
[2023-04-09T19:29:10.177+0800][2885.687s] GC(1100) Concurrent Rebuild Remembered Sets 14.911ms
[2023-04-09T19:29:10.178+0800][2885.687s] GC(1100) Pause Cleanup
[2023-04-09T19:29:10.178+0800][2885.687s] GC(1100) Pause Cleanup 249M->249M(512M) 0.175ms
[2023-04-09T19:29:10.178+0800][2885.687s] GC(1100) User=0.00s Sys=0.00s Real=0.00s
[2023-04-09T19:29:10.178+0800][2885.687s] GC(1100) Concurrent Cleanup for Next Mark
[2023-04-09T19:29:10.179+0800][2885.688s] GC(1100) Concurrent Cleanup for Next Mark 0.894ms
[2023-04-09T19:29:10.179+0800][2885.688s] GC(1100) Concurrent Cycle 53.763ms
[2023-04-09T19:29:10.278+0800][2885.788s] GC(1101) Pause Young (Prepare Mixed) (G1 Evacuation Pause)
[2023-04-09T19:29:10.278+0800][2885.788s] GC(1101) Using 8 workers of 8 for evacuation
[2023-04-09T19:29:10.280+0800][2885.789s] GC(1101)   Pre Evacuate Collection Set: 0.0ms
[2023-04-09T19:29:10.280+0800][2885.790s] GC(1101)   Evacuate Collection Set: 1.3ms
[2023-04-09T19:29:10.280+0800][2885.790s] GC(1101)   Post Evacuate Collection Set: 0.5ms
[2023-04-09T19:29:10.280+0800][2885.790s] GC(1101)   Other: 0.2ms
[2023-04-09T19:29:10.280+0800][2885.790s] GC(1101) Eden regions: 201->0(14)
[2023-04-09T19:29:10.280+0800][2885.790s] GC(1101) Survivor regions: 10->11(27)
[2023-04-09T19:29:10.280+0800][2885.790s] GC(1101) Old regions: 131->131
[2023-04-09T19:29:10.280+0800][2885.790s] GC(1101) Humongous regions: 59->59
[2023-04-09T19:29:10.280+0800][2885.790s] GC(1101) Metaspace: 62290K(65392K)->62290K(65392K) NonClass: 55335K(57252K)->55335K(57252K) Class: 6954K(8140K)->6954K(8140K)
[2023-04-09T19:29:10.280+0800][2885.790s] GC(1101) Pause Young (Prepare Mixed) (G1 Evacuation Pause) 400M->200M(512M) 2.226ms
[2023-04-09T19:29:10.280+0800][2885.790s] GC(1101) User=0.00s Sys=0.00s Real=0.00s
[2023-04-09T19:29:10.290+0800][2885.799s] GC(1102) Pause Young (Mixed) (G1 Evacuation Pause)
[2023-04-09T19:29:10.290+0800][2885.799s] GC(1102) Using 8 workers of 8 for evacuation
[2023-04-09T19:29:10.292+0800][2885.801s] GC(1102)   Pre Evacuate Collection Set: 0.0ms
[2023-04-09T19:29:10.292+0800][2885.801s] GC(1102)   Evacuate Collection Set: 1.4ms
[2023-04-09T19:29:10.292+0800][2885.801s] GC(1102)   Post Evacuate Collection Set: 0.4ms
[2023-04-09T19:29:10.292+0800][2885.801s] GC(1102)   Other: 0.2ms
[2023-04-09T19:29:10.292+0800][2885.801s] GC(1102) Eden regions: 14->0(210)
[2023-04-09T19:29:10.292+0800][2885.802s] GC(1102) Survivor regions: 11->1(4)
[2023-04-09T19:29:10.292+0800][2885.802s] GC(1102) Old regions: 131->139
[2023-04-09T19:29:10.292+0800][2885.802s] GC(1102) Humongous regions: 59->59
[2023-04-09T19:29:10.292+0800][2885.802s] GC(1102) Metaspace: 62290K(65392K)->62290K(65392K) NonClass: 55335K(57252K)->55335K(57252K) Class: 6954K(8140K)->6954K(8140K)
[2023-04-09T19:29:10.292+0800][2885.802s] GC(1102) Pause Young (Mixed) (G1 Evacuation Pause) 214M->197M(512M) 2.178ms
[2023-04-09T19:29:10.292+0800][2885.802s] GC(1102) User=0.00s Sys=0.00s Real=0.00s
[2023-04-09T19:29:10.443+0800][2885.953s] GC(1103) Pause Young (Normal) (G1 Evacuation Pause)
[2023-04-09T19:29:10.444+0800][2885.953s] GC(1103) Using 8 workers of 8 for evacuation
[2023-04-09T19:29:10.445+0800][2885.954s] GC(1103)   Pre Evacuate Collection Set: 0.0ms
[2023-04-09T19:29:10.445+0800][2885.954s] GC(1103)   Evacuate Collection Set: 0.6ms
[2023-04-09T19:29:10.445+0800][2885.954s] GC(1103)   Post Evacuate Collection Set: 0.4ms
[2023-04-09T19:29:10.445+0800][2885.954s] GC(1103)   Other: 0.2ms
[2023-04-09T19:29:10.445+0800][2885.954s] GC(1103) Eden regions: 210->0(212)
[2023-04-09T19:29:10.445+0800][2885.954s] GC(1103) Survivor regions: 1->5(27)
[2023-04-09T19:29:10.445+0800][2885.954s] GC(1103) Old regions: 139->139
[2023-04-09T19:29:10.445+0800][2885.954s] GC(1103) Humongous regions: 59->59
[2023-04-09T19:29:10.445+0800][2885.954s] GC(1103) Metaspace: 62290K(65392K)->62290K(65392K) NonClass: 55335K(57252K)->55335K(57252K) Class: 6954K(8140K)->6954K(8140K)
[2023-04-09T19:29:10.445+0800][2885.954s] GC(1103) Pause Young (Normal) (G1 Evacuation Pause) 407M->202M(512M) 1.406ms
[2023-04-09T19:29:10.445+0800][2885.954s] GC(1103) User=0.00s Sys=0.00s Real=0.00s
[2023-04-09T19:29:10.586+0800][2886.096s] GC(1104) Pause Young (Concurrent Start) (G1 Humongous Allocation)
[2023-04-09T19:29:10.586+0800][2886.096s] GC(1104) Using 8 workers of 8 for evacuation
[2023-04-09T19:29:10.588+0800][2886.097s] GC(1104)   Pre Evacuate Collection Set: 0.1ms
[2023-04-09T19:29:10.588+0800][2886.097s] GC(1104)   Evacuate Collection Set: 0.8ms
[2023-04-09T19:29:10.588+0800][2886.097s] GC(1104)   Post Evacuate Collection Set: 0.4ms
[2023-04-09T19:29:10.588+0800][2886.097s] GC(1104)   Other: 0.2ms
[2023-04-09T19:29:10.588+0800][2886.097s] GC(1104) Eden regions: 206->0(215)
[2023-04-09T19:29:10.588+0800][2886.097s] GC(1104) Survivor regions: 5->4(28)
[2023-04-09T19:29:10.588+0800][2886.097s] GC(1104) Old regions: 139->139
[2023-04-09T19:29:10.588+0800][2886.097s] GC(1104) Humongous regions: 64->64
[2023-04-09T19:29:10.588+0800][2886.097s] GC(1104) Metaspace: 62290K(65392K)->62290K(65392K) NonClass: 55335K(57252K)->55335K(57252K) Class: 6954K(8140K)->6954K(8140K)
[2023-04-09T19:29:10.588+0800][2886.097s] GC(1104) Pause Young (Concurrent Start) (G1 Humongous Allocation) 413M->205M(512M) 1.717ms
[2023-04-09T19:29:10.588+0800][2886.097s] GC(1104) User=0.00s Sys=0.00s Real=0.00s
[2023-04-09T19:29:10.588+0800][2886.097s] GC(1105) Concurrent Cycle
[2023-04-09T19:29:10.588+0800][2886.097s] GC(1105) Concurrent Clear Claimed Marks
[2023-04-09T19:29:10.588+0800][2886.098s] GC(1105) Concurrent Clear Claimed Marks 0.097ms
[2023-04-09T19:29:10.588+0800][2886.098s] GC(1105) Concurrent Scan Root Regions
[2023-04-09T19:29:10.589+0800][2886.098s] GC(1105) Concurrent Scan Root Regions 0.467ms
[2023-04-09T19:29:10.589+0800][2886.098s] GC(1105) Concurrent Mark (2886.098s)
[2023-04-09T19:29:10.589+0800][2886.098s] GC(1105) Concurrent Mark From Roots
[2023-04-09T19:29:10.589+0800][2886.098s] GC(1105) Using 2 workers of 2 for marking
[2023-04-09T19:29:10.616+0800][2886.126s] GC(1105) Concurrent Mark From Roots 27.633ms
[2023-04-09T19:29:10.616+0800][2886.126s] GC(1105) Concurrent Preclean
[2023-04-09T19:29:10.617+0800][2886.126s] GC(1105) Concurrent Preclean 0.413ms
[2023-04-09T19:29:10.617+0800][2886.126s] GC(1105) Concurrent Mark (2886.098s, 2886.126s) 28.269ms
[2023-04-09T19:29:10.617+0800][2886.127s] GC(1105) Pause Remark
[2023-04-09T19:29:10.621+0800][2886.131s] GC(1105) Cleaned string and symbol table, strings: 28001 processed, 0 removed, symbols: 172415 processed, 0 removed
[2023-04-09T19:29:10.622+0800][2886.131s] GC(1105) Pause Remark 234M->233M(512M) 4.524ms
[2023-04-09T19:29:10.622+0800][2886.131s] GC(1105) User=0.11s Sys=0.00s Real=0.00s
[2023-04-09T19:29:10.622+0800][2886.131s] GC(1105) Concurrent Rebuild Remembered Sets
[2023-04-09T19:29:10.637+0800][2886.146s] GC(1105) Concurrent Rebuild Remembered Sets 14.949ms
[2023-04-09T19:29:10.637+0800][2886.146s] GC(1105) Pause Cleanup
[2023-04-09T19:29:10.637+0800][2886.147s] GC(1105) Pause Cleanup 250M->250M(512M) 0.163ms
[2023-04-09T19:29:10.637+0800][2886.147s] GC(1105) User=0.00s Sys=0.00s Real=0.00s
[2023-04-09T19:29:10.637+0800][2886.147s] GC(1105) Concurrent Cleanup for Next Mark
[2023-04-09T19:29:10.638+0800][2886.148s] GC(1105) Concurrent Cleanup for Next Mark 1.042ms
[2023-04-09T19:29:10.638+0800][2886.148s] GC(1105) Concurrent Cycle 50.410ms
[2023-04-09T19:29:10.781+0800][2886.290s] GC(1106) Pause Young (Prepare Mixed) (G1 Evacuation Pause)
[2023-04-09T19:29:10.781+0800][2886.290s] GC(1106) Using 8 workers of 8 for evacuation
[2023-04-09T19:29:10.782+0800][2886.291s] GC(1106)   Pre Evacuate Collection Set: 0.0ms
[2023-04-09T19:29:10.782+0800][2886.291s] GC(1106)   Evacuate Collection Set: 0.7ms
[2023-04-09T19:29:10.783+0800][2886.291s] GC(1106)   Post Evacuate Collection Set: 0.3ms
[2023-04-09T19:29:10.783+0800][2886.291s] GC(1106)   Other: 0.2ms
[2023-04-09T19:29:10.783+0800][2886.291s] GC(1106) Eden regions: 215->0(20)
[2023-04-09T19:29:10.783+0800][2886.291s] GC(1106) Survivor regions: 4->5(28)
[2023-04-09T19:29:10.783+0800][2886.291s] GC(1106) Old regions: 138->138
[2023-04-09T19:29:10.783+0800][2886.291s] GC(1106) Humongous regions: 72->65
[2023-04-09T19:29:10.783+0800][2886.291s] GC(1106) Metaspace: 62290K(65392K)->62290K(65392K) NonClass: 55335K(57252K)->55335K(57252K) Class: 6954K(8140K)->6954K(8140K)
[2023-04-09T19:29:10.783+0800][2886.291s] GC(1106) Pause Young (Prepare Mixed) (G1 Evacuation Pause) 427M->206M(512M) 1.488ms
[2023-04-09T19:29:10.783+0800][2886.291s] GC(1106) User=0.00s Sys=0.00s Real=0.00s
[2023-04-09T19:29:10.802+0800][2886.311s] GC(1107) Pause Young (Mixed) (G1 Evacuation Pause)
[2023-04-09T19:29:10.802+0800][2886.311s] GC(1107) Using 8 workers of 8 for evacuation
[2023-04-09T19:29:10.804+0800][2886.313s] GC(1107)   Pre Evacuate Collection Set: 0.0ms
[2023-04-09T19:29:10.804+0800][2886.313s] GC(1107)   Evacuate Collection Set: 1.2ms
[2023-04-09T19:29:10.804+0800][2886.313s] GC(1107)   Post Evacuate Collection Set: 0.3ms
[2023-04-09T19:29:10.804+0800][2886.313s] GC(1107)   Other: 0.2ms
[2023-04-09T19:29:10.804+0800][2886.313s] GC(1107) Eden regions: 20->0(221)
[2023-04-09T19:29:10.804+0800][2886.313s] GC(1107) Survivor regions: 5->2(4)
[2023-04-09T19:29:10.804+0800][2886.313s] GC(1107) Old regions: 138->132
[2023-04-09T19:29:10.804+0800][2886.313s] GC(1107) Humongous regions: 65->65
[2023-04-09T19:29:10.804+0800][2886.313s] GC(1107) Metaspace: 62293K(65392K)->62293K(65392K) NonClass: 55339K(57252K)->55339K(57252K) Class: 6954K(8140K)->6954K(8140K)
[2023-04-09T19:29:10.804+0800][2886.313s] GC(1107) Pause Young (Mixed) (G1 Evacuation Pause) 226M->198M(512M) 1.954ms
[2023-04-09T19:29:10.804+0800][2886.313s] GC(1107) User=0.00s Sys=0.00s Real=0.00s
[2023-04-09T19:29:11.003+0800][2886.512s] GC(1108) Pause Young (Normal) (G1 Evacuation Pause)
[2023-04-09T19:29:11.003+0800][2886.512s] GC(1108) Using 8 workers of 8 for evacuation
[2023-04-09T19:29:11.004+0800][2886.513s] GC(1108)   Pre Evacuate Collection Set: 0.0ms
[2023-04-09T19:29:11.004+0800][2886.513s] GC(1108)   Evacuate Collection Set: 0.4ms
[2023-04-09T19:29:11.004+0800][2886.513s] GC(1108)   Post Evacuate Collection Set: 0.5ms
[2023-04-09T19:29:11.004+0800][2886.513s] GC(1108)   Other: 0.1ms
[2023-04-09T19:29:11.004+0800][2886.513s] GC(1108) Eden regions: 221->0(227)
[2023-04-09T19:29:11.004+0800][2886.513s] GC(1108) Survivor regions: 2->1(28)
[2023-04-09T19:29:11.004+0800][2886.513s] GC(1108) Old regions: 132->132
[2023-04-09T19:29:11.004+0800][2886.513s] GC(1108) Humongous regions: 65->65
[2023-04-09T19:29:11.004+0800][2886.513s] GC(1108) Metaspace: 62304K(65392K)->62304K(65392K) NonClass: 55350K(57252K)->55350K(57252K) Class: 6954K(8140K)->6954K(8140K)
[2023-04-09T19:29:11.004+0800][2886.513s] GC(1108) Pause Young (Normal) (G1 Evacuation Pause) 419M->197M(512M) 1.190ms
[2023-04-09T19:29:11.004+0800][2886.513s] GC(1108) User=0.00s Sys=0.00s Real=0.00s
[2023-04-09T19:29:11.176+0800][2886.685s] GC(1109) Pause Young (Normal) (G1 Evacuation Pause)
[2023-04-09T19:29:11.176+0800][2886.685s] GC(1109) Using 8 workers of 8 for evacuation
[2023-04-09T19:29:11.177+0800][2886.686s] GC(1109)   Pre Evacuate Collection Set: 0.0ms
[2023-04-09T19:29:11.177+0800][2886.686s] GC(1109)   Evacuate Collection Set: 0.5ms
[2023-04-09T19:29:11.177+0800][2886.686s] GC(1109)   Post Evacuate Collection Set: 0.5ms
[2023-04-09T19:29:11.177+0800][2886.686s] GC(1109)   Other: 0.2ms
[2023-04-09T19:29:11.177+0800][2886.686s] GC(1109) Eden regions: 227->0(229)
[2023-04-09T19:29:11.177+0800][2886.686s] GC(1109) Survivor regions: 1->3(29)
[2023-04-09T19:29:11.177+0800][2886.686s] GC(1109) Old regions: 132->132
[2023-04-09T19:29:11.177+0800][2886.686s] GC(1109) Humongous regions: 65->65
[2023-04-09T19:29:11.177+0800][2886.686s] GC(1109) Metaspace: 62304K(65392K)->62304K(65392K) NonClass: 55350K(57252K)->55350K(57252K) Class: 6954K(8140K)->6954K(8140K)
[2023-04-09T19:29:11.177+0800][2886.686s] GC(1109) Pause Young (Normal) (G1 Evacuation Pause) 424M->198M(512M) 1.266ms
[2023-04-09T19:29:11.177+0800][2886.686s] GC(1109) User=0.00s Sys=0.00s Real=0.00s
[2023-04-09T19:29:11.216+0800][2886.726s] GC(1110) Pause Young (Concurrent Start) (G1 Humongous Allocation)
[2023-04-09T19:29:11.217+0800][2886.726s] GC(1110) Using 8 workers of 8 for evacuation
[2023-04-09T19:29:11.218+0800][2886.727s] GC(1110)   Pre Evacuate Collection Set: 0.1ms
[2023-04-09T19:29:11.218+0800][2886.727s] GC(1110)   Evacuate Collection Set: 0.9ms
[2023-04-09T19:29:11.218+0800][2886.727s] GC(1110)   Post Evacuate Collection Set: 0.5ms
[2023-04-09T19:29:11.218+0800][2886.727s] GC(1110)   Other: 0.2ms
[2023-04-09T19:29:11.218+0800][2886.727s] GC(1110) Eden regions: 43->0(219)
[2023-04-09T19:29:11.218+0800][2886.727s] GC(1110) Survivor regions: 3->4(29)
[2023-04-09T19:29:11.218+0800][2886.727s] GC(1110) Old regions: 132->132
[2023-04-09T19:29:11.218+0800][2886.727s] GC(1110) Humongous regions: 65->65
[2023-04-09T19:29:11.218+0800][2886.727s] GC(1110) Metaspace: 62304K(65392K)->62304K(65392K) NonClass: 55350K(57252K)->55350K(57252K) Class: 6954K(8140K)->6954K(8140K)
[2023-04-09T19:29:11.218+0800][2886.728s] GC(1110) Pause Young (Concurrent Start) (G1 Humongous Allocation) 241M->200M(512M) 1.938ms
[2023-04-09T19:29:11.218+0800][2886.728s] GC(1110) User=0.00s Sys=0.00s Real=0.00s
[2023-04-09T19:29:11.219+0800][2886.728s] GC(1111) Concurrent Cycle
[2023-04-09T19:29:11.219+0800][2886.728s] GC(1111) Concurrent Clear Claimed Marks
[2023-04-09T19:29:11.219+0800][2886.728s] GC(1111) Concurrent Clear Claimed Marks 0.046ms
[2023-04-09T19:29:11.219+0800][2886.728s] GC(1111) Concurrent Scan Root Regions
[2023-04-09T19:29:11.219+0800][2886.728s] GC(1111) Concurrent Scan Root Regions 0.437ms
[2023-04-09T19:29:11.219+0800][2886.728s] GC(1111) Concurrent Mark (2886.728s)
[2023-04-09T19:29:11.219+0800][2886.728s] GC(1111) Concurrent Mark From Roots
[2023-04-09T19:29:11.219+0800][2886.728s] GC(1111) Using 2 workers of 2 for marking
[2023-04-09T19:29:11.252+0800][2886.761s] GC(1111) Concurrent Mark From Roots 32.545ms
[2023-04-09T19:29:11.252+0800][2886.761s] GC(1111) Concurrent Preclean
[2023-04-09T19:29:11.252+0800][2886.761s] GC(1111) Concurrent Preclean 0.235ms
[2023-04-09T19:29:11.252+0800][2886.761s] GC(1111) Concurrent Mark (2886.728s, 2886.761s) 32.871ms
[2023-04-09T19:29:11.252+0800][2886.761s] GC(1111) Pause Remark
[2023-04-09T19:29:11.257+0800][2886.766s] GC(1111) Cleaned string and symbol table, strings: 28001 processed, 0 removed, symbols: 172415 processed, 0 removed
[2023-04-09T19:29:11.257+0800][2886.766s] GC(1111) Pause Remark 223M->171M(512M) 4.511ms
[2023-04-09T19:29:11.257+0800][2886.766s] GC(1111) User=0.00s Sys=0.00s Real=0.00s
[2023-04-09T19:29:11.257+0800][2886.766s] GC(1111) Concurrent Rebuild Remembered Sets
[2023-04-09T19:29:11.273+0800][2886.782s] GC(1111) Concurrent Rebuild Remembered Sets 15.859ms
[2023-04-09T19:29:11.274+0800][2886.782s] GC(1111) Pause Cleanup
[2023-04-09T19:29:11.274+0800][2886.782s] GC(1111) Pause Cleanup 180M->180M(512M) 0.173ms
[2023-04-09T19:29:11.274+0800][2886.782s] GC(1111) User=0.00s Sys=0.00s Real=0.00s
[2023-04-09T19:29:11.274+0800][2886.783s] GC(1111) Concurrent Cleanup for Next Mark
[2023-04-09T19:29:11.275+0800][2886.783s] GC(1111) Concurrent Cleanup for Next Mark 0.816ms
[2023-04-09T19:29:11.275+0800][2886.783s] GC(1111) Concurrent Cycle 55.729ms
[2023-04-09T19:29:11.452+0800][2886.960s] GC(1112) Pause Young (Prepare Mixed) (G1 Evacuation Pause)
[2023-04-09T19:29:11.452+0800][2886.960s] GC(1112) Using 8 workers of 8 for evacuation
[2023-04-09T19:29:11.454+0800][2886.963s] GC(1112)   Pre Evacuate Collection Set: 0.0ms
[2023-04-09T19:29:11.454+0800][2886.963s] GC(1112)   Evacuate Collection Set: 1.5ms
[2023-04-09T19:29:11.454+0800][2886.963s] GC(1112)   Post Evacuate Collection Set: 0.5ms
[2023-04-09T19:29:11.454+0800][2886.963s] GC(1112)   Other: 0.2ms
[2023-04-09T19:29:11.454+0800][2886.963s] GC(1112) Eden regions: 219->0(15)
[2023-04-09T19:29:11.454+0800][2886.963s] GC(1112) Survivor regions: 4->10(28)
[2023-04-09T19:29:11.454+0800][2886.963s] GC(1112) Old regions: 132->132
[2023-04-09T19:29:11.454+0800][2886.963s] GC(1112) Humongous regions: 26->25
[2023-04-09T19:29:11.454+0800][2886.963s] GC(1112) Metaspace: 62317K(65392K)->62317K(65392K) NonClass: 55363K(57252K)->55363K(57252K) Class: 6954K(8140K)->6954K(8140K)
[2023-04-09T19:29:11.454+0800][2886.963s] GC(1112) Pause Young (Prepare Mixed) (G1 Evacuation Pause) 380M->165M(512M) 2.410ms
[2023-04-09T19:29:11.454+0800][2886.963s] GC(1112) User=0.00s Sys=0.00s Real=0.00s
[2023-04-09T19:29:11.475+0800][2886.983s] GC(1113) Pause Young (Mixed) (G1 Evacuation Pause)
[2023-04-09T19:29:11.475+0800][2886.983s] GC(1113) Using 8 workers of 8 for evacuation
[2023-04-09T19:29:11.477+0800][2886.985s] GC(1113)   Pre Evacuate Collection Set: 0.0ms
[2023-04-09T19:29:11.477+0800][2886.985s] GC(1113)   Evacuate Collection Set: 1.5ms
[2023-04-09T19:29:11.477+0800][2886.986s] GC(1113)   Post Evacuate Collection Set: 0.4ms
[2023-04-09T19:29:11.477+0800][2886.986s] GC(1113)   Other: 0.3ms
[2023-04-09T19:29:11.477+0800][2886.986s] GC(1113) Eden regions: 15->0(241)
[2023-04-09T19:29:11.477+0800][2886.986s] GC(1113) Survivor regions: 10->2(4)
[2023-04-09T19:29:11.477+0800][2886.986s] GC(1113) Old regions: 132->137
[2023-04-09T19:29:11.477+0800][2886.986s] GC(1113) Humongous regions: 25->23
[2023-04-09T19:29:11.477+0800][2886.986s] GC(1113) Metaspace: 62317K(65392K)->62317K(65392K) NonClass: 55363K(57252K)->55363K(57252K) Class: 6954K(8140K)->6954K(8140K)
[2023-04-09T19:29:11.477+0800][2886.986s] GC(1113) Pause Young (Mixed) (G1 Evacuation Pause) 180M->161M(512M) 2.400ms
[2023-04-09T19:29:11.477+0800][2886.986s] GC(1113) User=0.00s Sys=0.00s Real=0.00s
[2023-04-09T19:29:11.691+0800][2887.200s] GC(1114) Pause Young (Normal) (G1 Evacuation Pause)
[2023-04-09T19:29:11.691+0800][2887.200s] GC(1114) Using 8 workers of 8 for evacuation
[2023-04-09T19:29:11.693+0800][2887.202s] GC(1114)   Pre Evacuate Collection Set: 0.0ms
[2023-04-09T19:29:11.693+0800][2887.202s] GC(1114)   Evacuate Collection Set: 1.3ms
[2023-04-09T19:29:11.693+0800][2887.202s] GC(1114)   Post Evacuate Collection Set: 0.6ms
[2023-04-09T19:29:11.693+0800][2887.202s] GC(1114)   Other: 0.2ms
[2023-04-09T19:29:11.693+0800][2887.202s] GC(1114) Eden regions: 241->0(236)
[2023-04-09T19:29:11.693+0800][2887.202s] GC(1114) Survivor regions: 2->11(31)
[2023-04-09T19:29:11.693+0800][2887.202s] GC(1114) Old regions: 137->137
[2023-04-09T19:29:11.693+0800][2887.202s] GC(1114) Humongous regions: 59->31
[2023-04-09T19:29:11.694+0800][2887.202s] GC(1114) Metaspace: 62317K(65392K)->62317K(65392K) NonClass: 55363K(57252K)->55363K(57252K) Class: 6954K(8140K)->6954K(8140K)
[2023-04-09T19:29:11.694+0800][2887.202s] GC(1114) Pause Young (Normal) (G1 Evacuation Pause) 438M->178M(512M) 2.304ms
[2023-04-09T19:29:11.694+0800][2887.202s] GC(1114) User=0.00s Sys=0.00s Real=0.00s
[2023-04-09T19:29:11.713+0800][2887.221s] GC(1115) Pause Young (Concurrent Start) (G1 Humongous Allocation)
[2023-04-09T19:29:11.713+0800][2887.221s] GC(1115) Using 8 workers of 8 for evacuation
[2023-04-09T19:29:11.715+0800][2887.224s] GC(1115)   Pre Evacuate Collection Set: 0.1ms
[2023-04-09T19:29:11.715+0800][2887.224s] GC(1115)   Evacuate Collection Set: 1.7ms
[2023-04-09T19:29:11.715+0800][2887.224s] GC(1115)   Post Evacuate Collection Set: 0.3ms
[2023-04-09T19:29:11.715+0800][2887.224s] GC(1115)   Other: 0.3ms
[2023-04-09T19:29:11.715+0800][2887.224s] GC(1115) Eden regions: 19->0(204)
[2023-04-09T19:29:11.715+0800][2887.224s] GC(1115) Survivor regions: 11->11(31)
[2023-04-09T19:29:11.715+0800][2887.224s] GC(1115) Old regions: 137->137
[2023-04-09T19:29:11.715+0800][2887.224s] GC(1115) Humongous regions: 39->39
[2023-04-09T19:29:11.715+0800][2887.224s] GC(1115) Metaspace: 62317K(65392K)->62317K(65392K) NonClass: 55363K(57252K)->55363K(57252K) Class: 6954K(8140K)->6954K(8140K)
[2023-04-09T19:29:11.715+0800][2887.224s] GC(1115) Pause Young (Concurrent Start) (G1 Humongous Allocation) 205M->186M(512M) 2.652ms
[2023-04-09T19:29:11.715+0800][2887.224s] GC(1115) User=0.11s Sys=0.00s Real=0.00s
[2023-04-09T19:29:11.715+0800][2887.224s] GC(1116) Concurrent Cycle
[2023-04-09T19:29:11.715+0800][2887.224s] GC(1116) Concurrent Clear Claimed Marks
[2023-04-09T19:29:11.716+0800][2887.224s] GC(1116) Concurrent Clear Claimed Marks 0.117ms
[2023-04-09T19:29:11.716+0800][2887.224s] GC(1116) Concurrent Scan Root Regions
[2023-04-09T19:29:11.716+0800][2887.225s] GC(1116) Concurrent Scan Root Regions 0.587ms
[2023-04-09T19:29:11.716+0800][2887.225s] GC(1116) Concurrent Mark (2887.225s)
[2023-04-09T19:29:11.716+0800][2887.225s] GC(1116) Concurrent Mark From Roots
[2023-04-09T19:29:11.716+0800][2887.225s] GC(1116) Using 2 workers of 2 for marking
[2023-04-09T19:29:11.750+0800][2887.259s] GC(1116) Concurrent Mark From Roots 34.003ms
[2023-04-09T19:29:11.750+0800][2887.259s] GC(1116) Concurrent Preclean
[2023-04-09T19:29:11.751+0800][2887.259s] GC(1116) Concurrent Preclean 0.269ms
[2023-04-09T19:29:11.751+0800][2887.259s] GC(1116) Concurrent Mark (2887.225s, 2887.259s) 34.392ms
[2023-04-09T19:29:11.751+0800][2887.259s] GC(1116) Pause Remark
[2023-04-09T19:29:11.755+0800][2887.264s] GC(1116) Cleaned string and symbol table, strings: 28001 processed, 0 removed, symbols: 172415 processed, 0 removed
[2023-04-09T19:29:11.755+0800][2887.264s] GC(1116) Pause Remark 216M->186M(512M) 4.339ms
[2023-04-09T19:29:11.755+0800][2887.264s] GC(1116) User=0.00s Sys=0.00s Real=0.00s
[2023-04-09T19:29:11.755+0800][2887.264s] GC(1116) Concurrent Rebuild Remembered Sets
[2023-04-09T19:29:11.775+0800][2887.283s] GC(1116) Concurrent Rebuild Remembered Sets 19.612ms
[2023-04-09T19:29:11.775+0800][2887.284s] GC(1116) Pause Cleanup
[2023-04-09T19:29:11.775+0800][2887.284s] GC(1116) Pause Cleanup 202M->202M(512M) 0.152ms
[2023-04-09T19:29:11.775+0800][2887.284s] GC(1116) User=0.00s Sys=0.00s Real=0.00s
[2023-04-09T19:29:11.775+0800][2887.284s] GC(1116) Concurrent Cleanup for Next Mark
[2023-04-09T19:29:11.776+0800][2887.285s] GC(1116) Concurrent Cleanup for Next Mark 0.737ms
[2023-04-09T19:29:11.776+0800][2887.285s] GC(1116) Concurrent Cycle 60.626ms
[2023-04-09T19:29:11.949+0800][2887.458s] GC(1117) Pause Young (Prepare Mixed) (G1 Evacuation Pause)
[2023-04-09T19:29:11.949+0800][2887.458s] GC(1117) Using 8 workers of 8 for evacuation
[2023-04-09T19:29:11.952+0800][2887.461s] GC(1117)   Pre Evacuate Collection Set: 0.1ms
[2023-04-09T19:29:11.953+0800][2887.461s] GC(1117)   Evacuate Collection Set: 2.2ms
[2023-04-09T19:29:11.953+0800][2887.461s] GC(1117)   Post Evacuate Collection Set: 0.5ms
[2023-04-09T19:29:11.953+0800][2887.461s] GC(1117)   Other: 0.3ms
[2023-04-09T19:29:11.953+0800][2887.461s] GC(1117) Eden regions: 204->0(7)
[2023-04-09T19:29:11.953+0800][2887.461s] GC(1117) Survivor regions: 11->18(27)
[2023-04-09T19:29:11.953+0800][2887.461s] GC(1117) Old regions: 123->123
[2023-04-09T19:29:11.953+0800][2887.461s] GC(1117) Humongous regions: 64->25
[2023-04-09T19:29:11.953+0800][2887.461s] GC(1117) Metaspace: 62317K(65392K)->62317K(65392K) NonClass: 55363K(57252K)->55363K(57252K) Class: 6954K(8140K)->6954K(8140K)
[2023-04-09T19:29:11.953+0800][2887.461s] GC(1117) Pause Young (Prepare Mixed) (G1 Evacuation Pause) 401M->165M(512M) 3.373ms
[2023-04-09T19:29:11.953+0800][2887.461s] GC(1117) User=0.00s Sys=0.00s Real=0.00s
[2023-04-09T19:29:11.959+0800][2887.468s] GC(1118) Pause Young (Mixed) (G1 Evacuation Pause)
[2023-04-09T19:29:11.959+0800][2887.468s] GC(1118) Using 8 workers of 8 for evacuation
[2023-04-09T19:29:11.963+0800][2887.472s] GC(1118)   Pre Evacuate Collection Set: 0.1ms
[2023-04-09T19:29:11.963+0800][2887.472s] GC(1118)   Evacuate Collection Set: 3.2ms
[2023-04-09T19:29:11.963+0800][2887.472s] GC(1118)   Post Evacuate Collection Set: 0.5ms
[2023-04-09T19:29:11.963+0800][2887.472s] GC(1118)   Other: 0.2ms
[2023-04-09T19:29:11.963+0800][2887.472s] GC(1118) Eden regions: 7->0(245)
[2023-04-09T19:29:11.963+0800][2887.472s] GC(1118) Survivor regions: 18->1(4)
[2023-04-09T19:29:11.963+0800][2887.472s] GC(1118) Old regions: 123->92
[2023-04-09T19:29:11.963+0800][2887.472s] GC(1118) Humongous regions: 25->25
[2023-04-09T19:29:11.963+0800][2887.472s] GC(1118) Metaspace: 62317K(65392K)->62317K(65392K) NonClass: 55363K(57252K)->55363K(57252K) Class: 6954K(8140K)->6954K(8140K)
[2023-04-09T19:29:11.964+0800][2887.472s] GC(1118) Pause Young (Mixed) (G1 Evacuation Pause) 172M->117M(512M) 4.140ms
[2023-04-09T19:29:11.964+0800][2887.472s] GC(1118) User=0.00s Sys=0.00s Real=0.00s
[2023-04-09T19:29:12.284+0800][2887.793s] GC(1119) Pause Young (Normal) (G1 Evacuation Pause)
[2023-04-09T19:29:12.284+0800][2887.793s] GC(1119) Using 8 workers of 8 for evacuation
[2023-04-09T19:29:12.286+0800][2887.794s] GC(1119)   Pre Evacuate Collection Set: 0.0ms
[2023-04-09T19:29:12.286+0800][2887.795s] GC(1119)   Evacuate Collection Set: 1.1ms
[2023-04-09T19:29:12.286+0800][2887.795s] GC(1119)   Post Evacuate Collection Set: 0.6ms
[2023-04-09T19:29:12.286+0800][2887.795s] GC(1119)   Other: 0.2ms
[2023-04-09T19:29:12.286+0800][2887.795s] GC(1119) Eden regions: 245->0(242)
[2023-04-09T19:29:12.286+0800][2887.795s] GC(1119) Survivor regions: 1->9(31)
[2023-04-09T19:29:12.286+0800][2887.795s] GC(1119) Old regions: 92->92
[2023-04-09T19:29:12.286+0800][2887.795s] GC(1119) Humongous regions: 40->40
[2023-04-09T19:29:12.286+0800][2887.795s] GC(1119) Metaspace: 62317K(65392K)->62317K(65392K) NonClass: 55363K(57252K)->55363K(57252K) Class: 6954K(8140K)->6954K(8140K)
[2023-04-09T19:29:12.286+0800][2887.795s] GC(1119) Pause Young (Normal) (G1 Evacuation Pause) 377M->140M(512M) 2.019ms
[2023-04-09T19:29:12.286+0800][2887.795s] GC(1119) User=0.00s Sys=0.00s Real=0.00s
[2023-04-09T19:29:12.786+0800][2888.294s] GC(1120) Pause Young (Normal) (G1 Evacuation Pause)
[2023-04-09T19:29:12.786+0800][2888.294s] GC(1120) Using 8 workers of 8 for evacuation
[2023-04-09T19:29:12.788+0800][2888.296s] GC(1120)   Pre Evacuate Collection Set: 0.0ms
[2023-04-09T19:29:12.788+0800][2888.296s] GC(1120)   Evacuate Collection Set: 1.2ms
[2023-04-09T19:29:12.788+0800][2888.296s] GC(1120)   Post Evacuate Collection Set: 0.7ms
[2023-04-09T19:29:12.788+0800][2888.296s] GC(1120)   Other: 0.2ms
[2023-04-09T19:29:12.788+0800][2888.296s] GC(1120) Eden regions: 242->0(246)
[2023-04-09T19:29:12.788+0800][2888.296s] GC(1120) Survivor regions: 9->10(32)
[2023-04-09T19:29:12.788+0800][2888.296s] GC(1120) Old regions: 92->92
[2023-04-09T19:29:12.788+0800][2888.296s] GC(1120) Humongous regions: 53->46
[2023-04-09T19:29:12.788+0800][2888.296s] GC(1120) Metaspace: 62317K(65392K)->62317K(65392K) NonClass: 55363K(57252K)->55363K(57252K) Class: 6954K(8140K)->6954K(8140K)
[2023-04-09T19:29:12.788+0800][2888.296s] GC(1120) Pause Young (Normal) (G1 Evacuation Pause) 395M->147M(512M) 2.159ms
[2023-04-09T19:29:12.788+0800][2888.296s] GC(1120) User=0.00s Sys=0.00s Real=0.00s
[2023-04-09T19:29:13.250+0800][2888.759s] GC(1121) Pause Young (Normal) (G1 Evacuation Pause)
[2023-04-09T19:29:13.250+0800][2888.759s] GC(1121) Using 8 workers of 8 for evacuation
[2023-04-09T19:29:13.252+0800][2888.761s] GC(1121)   Pre Evacuate Collection Set: 0.0ms
[2023-04-09T19:29:13.252+0800][2888.761s] GC(1121)   Evacuate Collection Set: 1.2ms
[2023-04-09T19:29:13.252+0800][2888.761s] GC(1121)   Post Evacuate Collection Set: 0.5ms
[2023-04-09T19:29:13.252+0800][2888.761s] GC(1121)   Other: 0.2ms
[2023-04-09T19:29:13.252+0800][2888.761s] GC(1121) Eden regions: 246->0(254)
[2023-04-09T19:29:13.252+0800][2888.761s] GC(1121) Survivor regions: 10->11(32)
[2023-04-09T19:29:13.252+0800][2888.761s] GC(1121) Old regions: 92->92
[2023-04-09T19:29:13.252+0800][2888.761s] GC(1121) Humongous regions: 46->46
[2023-04-09T19:29:13.252+0800][2888.761s] GC(1121) Metaspace: 62317K(65392K)->62317K(65392K) NonClass: 55363K(57252K)->55363K(57252K) Class: 6954K(8140K)->6954K(8140K)
[2023-04-09T19:29:13.252+0800][2888.761s] GC(1121) Pause Young (Normal) (G1 Evacuation Pause) 393M->148M(512M) 2.072ms
[2023-04-09T19:29:13.252+0800][2888.761s] GC(1121) User=0.00s Sys=0.00s Real=0.00s
[2023-04-09T19:29:13.636+0800][2889.145s] GC(1122) Pause Young (Normal) (G1 Evacuation Pause)
[2023-04-09T19:29:13.636+0800][2889.145s] GC(1122) Using 8 workers of 8 for evacuation
[2023-04-09T19:29:13.638+0800][2889.147s] GC(1122)   Pre Evacuate Collection Set: 0.0ms
[2023-04-09T19:29:13.638+0800][2889.148s] GC(1122)   Evacuate Collection Set: 1.7ms
[2023-04-09T19:29:13.638+0800][2889.148s] GC(1122)   Post Evacuate Collection Set: 0.6ms
[2023-04-09T19:29:13.638+0800][2889.148s] GC(1122)   Other: 0.2ms
[2023-04-09T19:29:13.638+0800][2889.148s] GC(1122) Eden regions: 254->0(255)
[2023-04-09T19:29:13.639+0800][2889.148s] GC(1122) Survivor regions: 11->15(34)
[2023-04-09T19:29:13.639+0800][2889.148s] GC(1122) Old regions: 92->92
[2023-04-09T19:29:13.639+0800][2889.148s] GC(1122) Humongous regions: 49->48
[2023-04-09T19:29:13.639+0800][2889.148s] GC(1122) Metaspace: 62317K(65392K)->62317K(65392K) NonClass: 55363K(57252K)->55363K(57252K) Class: 6954K(8140K)->6954K(8140K)
[2023-04-09T19:29:13.639+0800][2889.148s] GC(1122) Pause Young (Normal) (G1 Evacuation Pause) 405M->154M(512M) 2.821ms
[2023-04-09T19:29:13.639+0800][2889.148s] GC(1122) User=0.00s Sys=0.00s Real=0.00s
[2023-04-09T19:29:13.823+0800][2889.332s] GC(1123) Pause Young (Concurrent Start) (G1 Humongous Allocation)
[2023-04-09T19:29:13.823+0800][2889.333s] GC(1123) Using 8 workers of 8 for evacuation
[2023-04-09T19:29:13.826+0800][2889.336s] GC(1123)   Pre Evacuate Collection Set: 0.1ms
[2023-04-09T19:29:13.827+0800][2889.336s] GC(1123)   Evacuate Collection Set: 2.4ms
[2023-04-09T19:29:13.827+0800][2889.336s] GC(1123)   Post Evacuate Collection Set: 0.5ms
[2023-04-09T19:29:13.827+0800][2889.336s] GC(1123)   Other: 0.2ms
[2023-04-09T19:29:13.827+0800][2889.336s] GC(1123) Eden regions: 119->0(206)
[2023-04-09T19:29:13.827+0800][2889.336s] GC(1123) Survivor regions: 15->17(34)
[2023-04-09T19:29:13.827+0800][2889.336s] GC(1123) Old regions: 92->92
[2023-04-09T19:29:13.827+0800][2889.336s] GC(1123) Humongous regions: 48->48
[2023-04-09T19:29:13.827+0800][2889.336s] GC(1123) Metaspace: 62317K(65392K)->62317K(65392K) NonClass: 55363K(57252K)->55363K(57252K) Class: 6954K(8140K)->6954K(8140K)
[2023-04-09T19:29:13.827+0800][2889.336s] GC(1123) Pause Young (Concurrent Start) (G1 Humongous Allocation) 273M->156M(512M) 3.387ms
[2023-04-09T19:29:13.827+0800][2889.336s] GC(1123) User=0.02s Sys=0.00s Real=0.00s
[2023-04-09T19:29:13.827+0800][2889.336s] GC(1124) Concurrent Cycle
[2023-04-09T19:29:13.827+0800][2889.336s] GC(1124) Concurrent Clear Claimed Marks
[2023-04-09T19:29:13.827+0800][2889.336s] GC(1124) Concurrent Clear Claimed Marks 0.115ms
[2023-04-09T19:29:13.827+0800][2889.336s] GC(1124) Concurrent Scan Root Regions
[2023-04-09T19:29:13.828+0800][2889.337s] GC(1124) Concurrent Scan Root Regions 0.579ms
[2023-04-09T19:29:13.828+0800][2889.337s] GC(1124) Concurrent Mark (2889.337s)
[2023-04-09T19:29:13.828+0800][2889.337s] GC(1124) Concurrent Mark From Roots
[2023-04-09T19:29:13.828+0800][2889.337s] GC(1124) Using 2 workers of 2 for marking
[2023-04-09T19:29:13.861+0800][2889.370s] GC(1124) Concurrent Mark From Roots 33.035ms
[2023-04-09T19:29:13.861+0800][2889.370s] GC(1124) Concurrent Preclean
[2023-04-09T19:29:13.861+0800][2889.370s] GC(1124) Concurrent Preclean 0.385ms
[2023-04-09T19:29:13.861+0800][2889.370s] GC(1124) Concurrent Mark (2889.337s, 2889.370s) 33.545ms
[2023-04-09T19:29:13.862+0800][2889.371s] GC(1124) Pause Remark
[2023-04-09T19:29:13.866+0800][2889.375s] GC(1124) Cleaned string and symbol table, strings: 28005 processed, 0 removed, symbols: 172415 processed, 0 removed
[2023-04-09T19:29:13.866+0800][2889.375s] GC(1124) Pause Remark 170M->152M(512M) 4.780ms
[2023-04-09T19:29:13.866+0800][2889.375s] GC(1124) User=0.00s Sys=0.00s Real=0.00s
[2023-04-09T19:29:13.866+0800][2889.375s] GC(1124) Concurrent Rebuild Remembered Sets
[2023-04-09T19:29:13.886+0800][2889.395s] GC(1124) Concurrent Rebuild Remembered Sets 19.515ms
[2023-04-09T19:29:13.886+0800][2889.395s] GC(1124) Pause Cleanup
[2023-04-09T19:29:13.886+0800][2889.395s] GC(1124) Pause Cleanup 159M->159M(512M) 0.173ms
[2023-04-09T19:29:13.886+0800][2889.395s] GC(1124) User=0.00s Sys=0.00s Real=0.00s
[2023-04-09T19:29:13.886+0800][2889.395s] GC(1124) Concurrent Cleanup for Next Mark
[2023-04-09T19:29:13.887+0800][2889.396s] GC(1124) Concurrent Cleanup for Next Mark 0.882ms
[2023-04-09T19:29:13.887+0800][2889.396s] GC(1124) Concurrent Cycle 60.414ms
[2023-04-09T19:29:14.200+0800][2889.710s] GC(1125) Pause Young (Prepare Mixed) (G1 Evacuation Pause)
[2023-04-09T19:29:14.200+0800][2889.710s] GC(1125) Using 8 workers of 8 for evacuation
[2023-04-09T19:29:14.203+0800][2889.712s] GC(1125)   Pre Evacuate Collection Set: 0.0ms
[2023-04-09T19:29:14.203+0800][2889.712s] GC(1125)   Evacuate Collection Set: 1.6ms
[2023-04-09T19:29:14.203+0800][2889.712s] GC(1125)   Post Evacuate Collection Set: 0.6ms
[2023-04-09T19:29:14.203+0800][2889.712s] GC(1125)   Other: 0.2ms
[2023-04-09T19:29:14.203+0800][2889.712s] GC(1125) Eden regions: 206->0(15)
[2023-04-09T19:29:14.203+0800][2889.712s] GC(1125) Survivor regions: 17->10(28)
[2023-04-09T19:29:14.203+0800][2889.712s] GC(1125) Old regions: 92->95
[2023-04-09T19:29:14.203+0800][2889.712s] GC(1125) Humongous regions: 36->31
[2023-04-09T19:29:14.203+0800][2889.712s] GC(1125) Metaspace: 62317K(65392K)->62317K(65392K) NonClass: 55363K(57252K)->55363K(57252K) Class: 6954K(8140K)->6954K(8140K)
[2023-04-09T19:29:14.203+0800][2889.712s] GC(1125) Pause Young (Prepare Mixed) (G1 Evacuation Pause) 350M->134M(512M) 2.687ms
[2023-04-09T19:29:14.203+0800][2889.712s] GC(1125) User=0.00s Sys=0.00s Real=0.00s
[2023-04-09T19:29:14.231+0800][2889.740s] GC(1126) Pause Young (Mixed) (G1 Evacuation Pause)
[2023-04-09T19:29:14.231+0800][2889.741s] GC(1126) Using 8 workers of 8 for evacuation
[2023-04-09T19:29:14.233+0800][2889.742s] GC(1126)   Pre Evacuate Collection Set: 0.0ms
[2023-04-09T19:29:14.233+0800][2889.742s] GC(1126)   Evacuate Collection Set: 1.2ms
[2023-04-09T19:29:14.233+0800][2889.742s] GC(1126)   Post Evacuate Collection Set: 0.3ms
[2023-04-09T19:29:14.233+0800][2889.742s] GC(1126)   Other: 0.3ms
[2023-04-09T19:29:14.233+0800][2889.742s] GC(1126) Eden regions: 15->0(225)
[2023-04-09T19:29:14.233+0800][2889.742s] GC(1126) Survivor regions: 10->1(4)
[2023-04-09T19:29:14.233+0800][2889.742s] GC(1126) Old regions: 95->102
[2023-04-09T19:29:14.233+0800][2889.743s] GC(1126) Humongous regions: 31->31
[2023-04-09T19:29:14.233+0800][2889.743s] GC(1126) Metaspace: 62317K(65392K)->62317K(65392K) NonClass: 55363K(57252K)->55363K(57252K) Class: 6954K(8140K)->6954K(8140K)
[2023-04-09T19:29:14.233+0800][2889.743s] GC(1126) Pause Young (Mixed) (G1 Evacuation Pause) 149M->132M(512M) 2.117ms
[2023-04-09T19:29:14.233+0800][2889.743s] GC(1126) User=0.00s Sys=0.00s Real=0.00s
[2023-04-09T19:29:14.755+0800][2890.264s] GC(1127) Pause Young (Normal) (G1 Evacuation Pause)
[2023-04-09T19:29:14.755+0800][2890.264s] GC(1127) Using 8 workers of 8 for evacuation
[2023-04-09T19:29:14.757+0800][2890.265s] GC(1127)   Pre Evacuate Collection Set: 0.0ms
[2023-04-09T19:29:14.757+0800][2890.265s] GC(1127)   Evacuate Collection Set: 0.7ms
[2023-04-09T19:29:14.757+0800][2890.265s] GC(1127)   Post Evacuate Collection Set: 0.4ms
[2023-04-09T19:29:14.757+0800][2890.265s] GC(1127)   Other: 0.2ms
[2023-04-09T19:29:14.757+0800][2890.265s] GC(1127) Eden regions: 225->0(230)
[2023-04-09T19:29:14.757+0800][2890.265s] GC(1127) Survivor regions: 1->4(29)
[2023-04-09T19:29:14.757+0800][2890.265s] GC(1127) Old regions: 102->102
[2023-04-09T19:29:14.757+0800][2890.265s] GC(1127) Humongous regions: 39->37
[2023-04-09T19:29:14.757+0800][2890.265s] GC(1127) Metaspace: 62317K(65392K)->62317K(65392K) NonClass: 55363K(57252K)->55363K(57252K) Class: 6954K(8140K)->6954K(8140K)
[2023-04-09T19:29:14.757+0800][2890.265s] GC(1127) Pause Young (Normal) (G1 Evacuation Pause) 365M->142M(512M) 1.558ms
[2023-04-09T19:29:14.757+0800][2890.266s] GC(1127) User=0.00s Sys=0.00s Real=0.00s
[2023-04-09T19:29:15.152+0800][2890.661s] GC(1128) Pause Young (Normal) (G1 Evacuation Pause)
[2023-04-09T19:29:15.152+0800][2890.661s] GC(1128) Using 8 workers of 8 for evacuation
[2023-04-09T19:29:15.153+0800][2890.662s] GC(1128)   Pre Evacuate Collection Set: 0.0ms
[2023-04-09T19:29:15.154+0800][2890.662s] GC(1128)   Evacuate Collection Set: 0.7ms
[2023-04-09T19:29:15.154+0800][2890.662s] GC(1128)   Post Evacuate Collection Set: 0.5ms
[2023-04-09T19:29:15.154+0800][2890.662s] GC(1128)   Other: 0.2ms
[2023-04-09T19:29:15.154+0800][2890.662s] GC(1128) Eden regions: 230->0(237)
[2023-04-09T19:29:15.154+0800][2890.662s] GC(1128) Survivor regions: 4->6(30)
[2023-04-09T19:29:15.154+0800][2890.662s] GC(1128) Old regions: 102->102
[2023-04-09T19:29:15.154+0800][2890.662s] GC(1128) Humongous regions: 37->37
[2023-04-09T19:29:15.154+0800][2890.662s] GC(1128) Metaspace: 62317K(65392K)->62317K(65392K) NonClass: 55363K(57252K)->55363K(57252K) Class: 6954K(8140K)->6954K(8140K)
[2023-04-09T19:29:15.154+0800][2890.662s] GC(1128) Pause Young (Normal) (G1 Evacuation Pause) 372M->144M(512M) 1.561ms
[2023-04-09T19:29:15.154+0800][2890.662s] GC(1128) User=0.00s Sys=0.00s Real=0.00s
[2023-04-09T19:29:15.537+0800][2891.046s] GC(1129) Pause Young (Normal) (G1 Evacuation Pause)
[2023-04-09T19:29:15.537+0800][2891.046s] GC(1129) Using 8 workers of 8 for evacuation
[2023-04-09T19:29:15.539+0800][2891.048s] GC(1129)   Pre Evacuate Collection Set: 0.0ms
[2023-04-09T19:29:15.539+0800][2891.048s] GC(1129)   Evacuate Collection Set: 1.1ms
[2023-04-09T19:29:15.539+0800][2891.048s] GC(1129)   Post Evacuate Collection Set: 0.6ms
[2023-04-09T19:29:15.539+0800][2891.048s] GC(1129)   Other: 0.2ms
[2023-04-09T19:29:15.539+0800][2891.048s] GC(1129) Eden regions: 237->0(240)
[2023-04-09T19:29:15.539+0800][2891.048s] GC(1129) Survivor regions: 6->11(31)
[2023-04-09T19:29:15.539+0800][2891.048s] GC(1129) Old regions: 102->102
[2023-04-09T19:29:15.539+0800][2891.048s] GC(1129) Humongous regions: 40->39
[2023-04-09T19:29:15.539+0800][2891.048s] GC(1129) Metaspace: 62317K(65392K)->62317K(65392K) NonClass: 55363K(57252K)->55363K(57252K) Class: 6954K(8140K)->6954K(8140K)
[2023-04-09T19:29:15.539+0800][2891.048s] GC(1129) Pause Young (Normal) (G1 Evacuation Pause) 384M->150M(512M) 2.295ms
[2023-04-09T19:29:15.539+0800][2891.048s] GC(1129) User=0.00s Sys=0.00s Real=0.00s
[2023-04-09T19:29:15.905+0800][2891.413s] GC(1130) Pause Young (Normal) (G1 Evacuation Pause)
[2023-04-09T19:29:15.905+0800][2891.413s] GC(1130) Using 8 workers of 8 for evacuation
[2023-04-09T19:29:15.907+0800][2891.415s] GC(1130)   Pre Evacuate Collection Set: 0.0ms
[2023-04-09T19:29:15.907+0800][2891.416s] GC(1130)   Evacuate Collection Set: 1.5ms
[2023-04-09T19:29:15.907+0800][2891.416s] GC(1130)   Post Evacuate Collection Set: 0.7ms
[2023-04-09T19:29:15.907+0800][2891.416s] GC(1130)   Other: 0.1ms
[2023-04-09T19:29:15.907+0800][2891.416s] GC(1130) Eden regions: 240->0(243)
[2023-04-09T19:29:15.907+0800][2891.416s] GC(1130) Survivor regions: 11->15(32)
[2023-04-09T19:29:15.907+0800][2891.416s] GC(1130) Old regions: 102->102
[2023-04-09T19:29:15.907+0800][2891.416s] GC(1130) Humongous regions: 40->40
[2023-04-09T19:29:15.907+0800][2891.416s] GC(1130) Metaspace: 62317K(65392K)->62317K(65392K) NonClass: 55363K(57252K)->55363K(57252K) Class: 6954K(8140K)->6954K(8140K)
[2023-04-09T19:29:15.907+0800][2891.416s] GC(1130) Pause Young (Normal) (G1 Evacuation Pause) 391M->155M(512M) 2.624ms
[2023-04-09T19:29:15.907+0800][2891.416s] GC(1130) User=0.00s Sys=0.00s Real=0.00s
[2023-04-09T19:29:16.405+0800][2891.913s] GC(1131) Pause Young (Normal) (G1 Evacuation Pause)
[2023-04-09T19:29:16.405+0800][2891.913s] GC(1131) Using 8 workers of 8 for evacuation
[2023-04-09T19:29:16.407+0800][2891.916s] GC(1131)   Pre Evacuate Collection Set: 0.0ms
[2023-04-09T19:29:16.407+0800][2891.916s] GC(1131)   Evacuate Collection Set: 1.8ms
[2023-04-09T19:29:16.407+0800][2891.916s] GC(1131)   Post Evacuate Collection Set: 0.5ms
[2023-04-09T19:29:16.407+0800][2891.916s] GC(1131)   Other: 0.2ms
[2023-04-09T19:29:16.407+0800][2891.916s] GC(1131) Eden regions: 243->0(245)
[2023-04-09T19:29:16.407+0800][2891.916s] GC(1131) Survivor regions: 15->14(33)
[2023-04-09T19:29:16.407+0800][2891.916s] GC(1131) Old regions: 102->102
[2023-04-09T19:29:16.407+0800][2891.916s] GC(1131) Humongous regions: 53->46
[2023-04-09T19:29:16.407+0800][2891.916s] GC(1131) Metaspace: 62317K(65392K)->62317K(65392K) NonClass: 55363K(57252K)->55363K(57252K) Class: 6954K(8140K)->6954K(8140K)
[2023-04-09T19:29:16.407+0800][2891.916s] GC(1131) Pause Young (Normal) (G1 Evacuation Pause) 411M->160M(512M) 2.837ms
[2023-04-09T19:29:16.407+0800][2891.916s] GC(1131) User=0.00s Sys=0.00s Real=0.00s
[2023-04-09T19:29:16.853+0800][2892.361s] GC(1132) Pause Young (Normal) (G1 Evacuation Pause)
[2023-04-09T19:29:16.853+0800][2892.361s] GC(1132) Using 8 workers of 8 for evacuation
[2023-04-09T19:29:16.854+0800][2892.363s] GC(1132)   Pre Evacuate Collection Set: 0.0ms
[2023-04-09T19:29:16.854+0800][2892.363s] GC(1132)   Evacuate Collection Set: 0.6ms
[2023-04-09T19:29:16.854+0800][2892.363s] GC(1132)   Post Evacuate Collection Set: 0.6ms
[2023-04-09T19:29:16.854+0800][2892.363s] GC(1132)   Other: 0.2ms
[2023-04-09T19:29:16.854+0800][2892.363s] GC(1132) Eden regions: 245->0(260)
[2023-04-09T19:29:16.854+0800][2892.363s] GC(1132) Survivor regions: 14->6(33)
[2023-04-09T19:29:16.854+0800][2892.363s] GC(1132) Old regions: 102->102
[2023-04-09T19:29:16.854+0800][2892.363s] GC(1132) Humongous regions: 46->37
[2023-04-09T19:29:16.854+0800][2892.363s] GC(1132) Metaspace: 62317K(65392K)->62317K(65392K) NonClass: 55363K(57252K)->55363K(57252K) Class: 6954K(8140K)->6954K(8140K)
[2023-04-09T19:29:16.854+0800][2892.363s] GC(1132) Pause Young (Normal) (G1 Evacuation Pause) 405M->143M(512M) 1.591ms
[2023-04-09T19:29:16.854+0800][2892.363s] GC(1132) User=0.00s Sys=0.00s Real=0.00s
[2023-04-09T19:29:17.319+0800][2892.828s] GC(1133) Pause Young (Normal) (G1 Evacuation Pause)
[2023-04-09T19:29:17.319+0800][2892.828s] GC(1133) Using 8 workers of 8 for evacuation
[2023-04-09T19:29:17.321+0800][2892.830s] GC(1133)   Pre Evacuate Collection Set: 0.0ms
[2023-04-09T19:29:17.322+0800][2892.830s] GC(1133)   Evacuate Collection Set: 1.2ms
[2023-04-09T19:29:17.322+0800][2892.830s] GC(1133)   Post Evacuate Collection Set: 0.6ms
[2023-04-09T19:29:17.322+0800][2892.830s] GC(1133)   Other: 0.2ms
[2023-04-09T19:29:17.322+0800][2892.830s] GC(1133) Eden regions: 260->0(262)
[2023-04-09T19:29:17.322+0800][2892.830s] GC(1133) Survivor regions: 6->10(34)
[2023-04-09T19:29:17.322+0800][2892.830s] GC(1133) Old regions: 102->102
[2023-04-09T19:29:17.322+0800][2892.830s] GC(1133) Humongous regions: 40->39
[2023-04-09T19:29:17.322+0800][2892.830s] GC(1133) Metaspace: 62317K(65392K)->62317K(65392K) NonClass: 55363K(57252K)->55363K(57252K) Class: 6954K(8140K)->6954K(8140K)
[2023-04-09T19:29:17.322+0800][2892.830s] GC(1133) Pause Young (Normal) (G1 Evacuation Pause) 406M->150M(512M) 2.266ms
[2023-04-09T19:29:17.322+0800][2892.830s] GC(1133) User=0.00s Sys=0.00s Real=0.00s
[2023-04-09T19:29:17.705+0800][2893.214s] GC(1134) Pause Young (Normal) (G1 Evacuation Pause)
[2023-04-09T19:29:17.705+0800][2893.214s] GC(1134) Using 8 workers of 8 for evacuation
[2023-04-09T19:29:17.707+0800][2893.216s] GC(1134)   Pre Evacuate Collection Set: 0.0ms
[2023-04-09T19:29:17.708+0800][2893.216s] GC(1134)   Evacuate Collection Set: 1.6ms
[2023-04-09T19:29:17.708+0800][2893.216s] GC(1134)   Post Evacuate Collection Set: 0.6ms
[2023-04-09T19:29:17.708+0800][2893.216s] GC(1134)   Other: 0.2ms
[2023-04-09T19:29:17.708+0800][2893.216s] GC(1134) Eden regions: 262->0(261)
[2023-04-09T19:29:17.708+0800][2893.216s] GC(1134) Survivor regions: 10->15(34)
[2023-04-09T19:29:17.708+0800][2893.216s] GC(1134) Old regions: 102->102
[2023-04-09T19:29:17.708+0800][2893.216s] GC(1134) Humongous regions: 40->40
[2023-04-09T19:29:17.708+0800][2893.216s] GC(1134) Metaspace: 62317K(65392K)->62317K(65392K) NonClass: 55363K(57252K)->55363K(57252K) Class: 6954K(8140K)->6954K(8140K)
[2023-04-09T19:29:17.708+0800][2893.216s] GC(1134) Pause Young (Normal) (G1 Evacuation Pause) 413M->156M(512M) 2.633ms
[2023-04-09T19:29:17.708+0800][2893.216s] GC(1134) User=0.00s Sys=0.00s Real=0.00s
[2023-04-09T19:29:17.752+0800][2893.261s] GC(1135) Pause Young (Concurrent Start) (G1 Humongous Allocation)
[2023-04-09T19:29:17.752+0800][2893.261s] GC(1135) Using 8 workers of 8 for evacuation
[2023-04-09T19:29:17.755+0800][2893.263s] GC(1135)   Pre Evacuate Collection Set: 0.1ms
[2023-04-09T19:29:17.755+0800][2893.263s] GC(1135)   Evacuate Collection Set: 1.7ms
[2023-04-09T19:29:17.755+0800][2893.263s] GC(1135)   Post Evacuate Collection Set: 0.4ms
[2023-04-09T19:29:17.755+0800][2893.263s] GC(1135)   Other: 0.2ms
[2023-04-09T19:29:17.755+0800][2893.263s] GC(1135) Eden regions: 26->0(174)
[2023-04-09T19:29:17.755+0800][2893.263s] GC(1135) Survivor regions: 15->15(35)
[2023-04-09T19:29:17.755+0800][2893.263s] GC(1135) Old regions: 102->102
[2023-04-09T19:29:17.755+0800][2893.264s] GC(1135) Humongous regions: 40->40
[2023-04-09T19:29:17.755+0800][2893.264s] GC(1135) Metaspace: 62317K(65392K)->62317K(65392K) NonClass: 55363K(57252K)->55363K(57252K) Class: 6954K(8140K)->6954K(8140K)
[2023-04-09T19:29:17.755+0800][2893.264s] GC(1135) Pause Young (Concurrent Start) (G1 Humongous Allocation) 182M->155M(512M) 2.766ms
[2023-04-09T19:29:17.755+0800][2893.264s] GC(1135) User=0.00s Sys=0.00s Real=0.00s
[2023-04-09T19:29:17.755+0800][2893.264s] GC(1136) Concurrent Cycle
[2023-04-09T19:29:17.755+0800][2893.264s] GC(1136) Concurrent Clear Claimed Marks
[2023-04-09T19:29:17.756+0800][2893.264s] GC(1136) Concurrent Clear Claimed Marks 0.202ms
[2023-04-09T19:29:17.756+0800][2893.264s] GC(1136) Concurrent Scan Root Regions
[2023-04-09T19:29:17.756+0800][2893.265s] GC(1136) Concurrent Scan Root Regions 0.519ms
[2023-04-09T19:29:17.756+0800][2893.265s] GC(1136) Concurrent Mark (2893.265s)
[2023-04-09T19:29:17.756+0800][2893.265s] GC(1136) Concurrent Mark From Roots
[2023-04-09T19:29:17.756+0800][2893.265s] GC(1136) Using 2 workers of 2 for marking
[2023-04-09T19:29:17.794+0800][2893.303s] GC(1136) Concurrent Mark From Roots 38.250ms
[2023-04-09T19:29:17.794+0800][2893.303s] GC(1136) Concurrent Preclean
[2023-04-09T19:29:17.794+0800][2893.303s] GC(1136) Concurrent Preclean 0.344ms
[2023-04-09T19:29:17.794+0800][2893.303s] GC(1136) Concurrent Mark (2893.265s, 2893.303s) 38.722ms
[2023-04-09T19:29:17.794+0800][2893.304s] GC(1136) Pause Remark
[2023-04-09T19:29:17.798+0800][2893.308s] GC(1136) Cleaned string and symbol table, strings: 28005 processed, 1 removed, symbols: 172415 processed, 0 removed
[2023-04-09T19:29:17.799+0800][2893.308s] GC(1136) Pause Remark 179M->170M(512M) 4.496ms
[2023-04-09T19:29:17.799+0800][2893.308s] GC(1136) User=0.00s Sys=0.00s Real=0.01s
[2023-04-09T19:29:17.799+0800][2893.308s] GC(1136) Concurrent Rebuild Remembered Sets
[2023-04-09T19:29:17.817+0800][2893.326s] GC(1136) Concurrent Rebuild Remembered Sets 18.197ms
[2023-04-09T19:29:17.817+0800][2893.327s] GC(1136) Pause Cleanup
[2023-04-09T19:29:17.818+0800][2893.327s] GC(1136) Pause Cleanup 179M->179M(512M) 0.190ms
[2023-04-09T19:29:17.818+0800][2893.327s] GC(1136) User=0.00s Sys=0.00s Real=0.00s
[2023-04-09T19:29:17.818+0800][2893.327s] GC(1136) Concurrent Cleanup for Next Mark
[2023-04-09T19:29:17.818+0800][2893.328s] GC(1136) Concurrent Cleanup for Next Mark 0.754ms
[2023-04-09T19:29:17.819+0800][2893.328s] GC(1136) Concurrent Cycle 63.989ms
[2023-04-09T19:29:18.067+0800][2893.577s] GC(1137) Pause Young (Prepare Mixed) (G1 Evacuation Pause)
[2023-04-09T19:29:18.067+0800][2893.577s] GC(1137) Using 8 workers of 8 for evacuation
[2023-04-09T19:29:18.070+0800][2893.579s] GC(1137)   Pre Evacuate Collection Set: 0.0ms
[2023-04-09T19:29:18.070+0800][2893.579s] GC(1137)   Evacuate Collection Set: 1.5ms
[2023-04-09T19:29:18.070+0800][2893.579s] GC(1137)   Post Evacuate Collection Set: 0.6ms
[2023-04-09T19:29:18.070+0800][2893.579s] GC(1137)   Other: 0.2ms
[2023-04-09T19:29:18.070+0800][2893.579s] GC(1137) Eden regions: 174->0(13)
[2023-04-09T19:29:18.070+0800][2893.579s] GC(1137) Survivor regions: 15->12(24)
[2023-04-09T19:29:18.070+0800][2893.579s] GC(1137) Old regions: 102->102
[2023-04-09T19:29:18.070+0800][2893.579s] GC(1137) Humongous regions: 44->32
[2023-04-09T19:29:18.070+0800][2893.579s] GC(1137) Metaspace: 62317K(65392K)->62317K(65392K) NonClass: 55363K(57252K)->55363K(57252K) Class: 6954K(8140K)->6954K(8140K)
[2023-04-09T19:29:18.070+0800][2893.579s] GC(1137) Pause Young (Prepare Mixed) (G1 Evacuation Pause) 333M->144M(512M) 2.599ms
[2023-04-09T19:29:18.070+0800][2893.579s] GC(1137) User=0.00s Sys=0.00s Real=0.00s
[2023-04-09T19:29:18.250+0800][2893.759s] GC(1138) Pause Young (Mixed) (G1 Evacuation Pause)
[2023-04-09T19:29:18.250+0800][2893.759s] GC(1138) Using 8 workers of 8 for evacuation
[2023-04-09T19:29:18.252+0800][2893.761s] GC(1138)   Pre Evacuate Collection Set: 0.0ms
[2023-04-09T19:29:18.252+0800][2893.761s] GC(1138)   Evacuate Collection Set: 1.5ms
[2023-04-09T19:29:18.252+0800][2893.761s] GC(1138)   Post Evacuate Collection Set: 0.5ms
[2023-04-09T19:29:18.252+0800][2893.761s] GC(1138)   Other: 0.2ms
[2023-04-09T19:29:18.252+0800][2893.761s] GC(1138) Eden regions: 13->0(196)
[2023-04-09T19:29:18.252+0800][2893.762s] GC(1138) Survivor regions: 12->1(4)
[2023-04-09T19:29:18.252+0800][2893.762s] GC(1138) Old regions: 102->105
[2023-04-09T19:29:18.252+0800][2893.762s] GC(1138) Humongous regions: 32->32
[2023-04-09T19:29:18.252+0800][2893.762s] GC(1138) Metaspace: 62317K(65392K)->62317K(65392K) NonClass: 55363K(57252K)->55363K(57252K) Class: 6954K(8140K)->6954K(8140K)
[2023-04-09T19:29:18.252+0800][2893.762s] GC(1138) Pause Young (Mixed) (G1 Evacuation Pause) 157M->136M(512M) 2.833ms
[2023-04-09T19:29:18.253+0800][2893.762s] GC(1138) User=0.00s Sys=0.00s Real=0.00s
[2023-04-09T19:29:18.466+0800][2893.975s] GC(1139) Pause Young (Normal) (G1 Evacuation Pause)
[2023-04-09T19:29:18.466+0800][2893.975s] GC(1139) Using 8 workers of 8 for evacuation
[2023-04-09T19:29:18.467+0800][2893.976s] GC(1139)   Pre Evacuate Collection Set: 0.0ms
[2023-04-09T19:29:18.467+0800][2893.976s] GC(1139)   Evacuate Collection Set: 0.4ms
[2023-04-09T19:29:18.467+0800][2893.976s] GC(1139)   Post Evacuate Collection Set: 0.5ms
[2023-04-09T19:29:18.467+0800][2893.976s] GC(1139)   Other: 0.1ms
[2023-04-09T19:29:18.467+0800][2893.976s] GC(1139) Eden regions: 196->0(211)
[2023-04-09T19:29:18.467+0800][2893.976s] GC(1139) Survivor regions: 1->1(25)
[2023-04-09T19:29:18.467+0800][2893.976s] GC(1139) Old regions: 105->105
[2023-04-09T19:29:18.467+0800][2893.976s] GC(1139) Humongous regions: 32->32
[2023-04-09T19:29:18.467+0800][2893.976s] GC(1139) Metaspace: 62319K(65392K)->62319K(65392K) NonClass: 55364K(57252K)->55364K(57252K) Class: 6954K(8140K)->6954K(8140K)
[2023-04-09T19:29:18.467+0800][2893.976s] GC(1139) Pause Young (Normal) (G1 Evacuation Pause) 332M->136M(512M) 1.194ms
[2023-04-09T19:29:18.467+0800][2893.976s] GC(1139) User=0.00s Sys=0.00s Real=0.00s
[2023-04-09T19:29:18.797+0800][2894.305s] GC(1140) Pause Young (Normal) (G1 Evacuation Pause)
[2023-04-09T19:29:18.797+0800][2894.305s] GC(1140) Using 8 workers of 8 for evacuation
[2023-04-09T19:29:18.798+0800][2894.306s] GC(1140)   Pre Evacuate Collection Set: 0.0ms
[2023-04-09T19:29:18.798+0800][2894.306s] GC(1140)   Evacuate Collection Set: 0.6ms
[2023-04-09T19:29:18.798+0800][2894.306s] GC(1140)   Post Evacuate Collection Set: 0.6ms
[2023-04-09T19:29:18.798+0800][2894.306s] GC(1140)   Other: 0.2ms
[2023-04-09T19:29:18.798+0800][2894.306s] GC(1140) Eden regions: 211->0(221)
[2023-04-09T19:29:18.798+0800][2894.306s] GC(1140) Survivor regions: 1->4(27)
[2023-04-09T19:29:18.798+0800][2894.307s] GC(1140) Old regions: 105->105
[2023-04-09T19:29:18.798+0800][2894.307s] GC(1140) Humongous regions: 33->33
[2023-04-09T19:29:18.798+0800][2894.307s] GC(1140) Metaspace: 62319K(65392K)->62319K(65392K) NonClass: 55364K(57252K)->55364K(57252K) Class: 6954K(8140K)->6954K(8140K)
[2023-04-09T19:29:18.798+0800][2894.307s] GC(1140) Pause Young (Normal) (G1 Evacuation Pause) 348M->141M(512M) 1.480ms
[2023-04-09T19:29:18.798+0800][2894.307s] GC(1140) User=0.00s Sys=0.00s Real=0.00s
[2023-04-09T19:29:18.967+0800][2894.476s] GC(1141) Pause Young (Normal) (G1 Evacuation Pause)
[2023-04-09T19:29:18.967+0800][2894.476s] GC(1141) Using 8 workers of 8 for evacuation
[2023-04-09T19:29:18.968+0800][2894.477s] GC(1141)   Pre Evacuate Collection Set: 0.0ms
[2023-04-09T19:29:18.969+0800][2894.477s] GC(1141)   Evacuate Collection Set: 0.7ms
[2023-04-09T19:29:18.969+0800][2894.477s] GC(1141)   Post Evacuate Collection Set: 0.5ms
[2023-04-09T19:29:18.969+0800][2894.477s] GC(1141)   Other: 0.1ms
[2023-04-09T19:29:18.969+0800][2894.477s] GC(1141) Eden regions: 221->0(228)
[2023-04-09T19:29:18.969+0800][2894.477s] GC(1141) Survivor regions: 4->6(29)
[2023-04-09T19:29:18.969+0800][2894.477s] GC(1141) Old regions: 105->105
[2023-04-09T19:29:18.969+0800][2894.477s] GC(1141) Humongous regions: 33->33
[2023-04-09T19:29:18.969+0800][2894.477s] GC(1141) Metaspace: 62319K(65392K)->62319K(65392K) NonClass: 55364K(57252K)->55364K(57252K) Class: 6954K(8140K)->6954K(8140K)
[2023-04-09T19:29:18.969+0800][2894.477s] GC(1141) Pause Young (Normal) (G1 Evacuation Pause) 362M->143M(512M) 1.713ms
[2023-04-09T19:29:18.969+0800][2894.477s] GC(1141) User=0.00s Sys=0.00s Real=0.00s
[2023-04-09T19:29:19.166+0800][2894.675s] GC(1142) Pause Young (Normal) (G1 Evacuation Pause)
[2023-04-09T19:29:19.166+0800][2894.675s] GC(1142) Using 8 workers of 8 for evacuation
[2023-04-09T19:29:19.168+0800][2894.676s] GC(1142)   Pre Evacuate Collection Set: 0.0ms
[2023-04-09T19:29:19.168+0800][2894.676s] GC(1142)   Evacuate Collection Set: 0.9ms
[2023-04-09T19:29:19.168+0800][2894.676s] GC(1142)   Post Evacuate Collection Set: 0.5ms
[2023-04-09T19:29:19.168+0800][2894.676s] GC(1142)   Other: 0.2ms
[2023-04-09T19:29:19.168+0800][2894.676s] GC(1142) Eden regions: 228->0(235)
[2023-04-09T19:29:19.168+0800][2894.676s] GC(1142) Survivor regions: 6->6(30)
[2023-04-09T19:29:19.168+0800][2894.676s] GC(1142) Old regions: 105->105
[2023-04-09T19:29:19.168+0800][2894.676s] GC(1142) Humongous regions: 33->33
[2023-04-09T19:29:19.168+0800][2894.676s] GC(1142) Metaspace: 62319K(65392K)->62319K(65392K) NonClass: 55364K(57252K)->55364K(57252K) Class: 6954K(8140K)->6954K(8140K)
[2023-04-09T19:29:19.168+0800][2894.677s] GC(1142) Pause Young (Normal) (G1 Evacuation Pause) 371M->143M(512M) 1.834ms
[2023-04-09T19:29:19.168+0800][2894.677s] GC(1142) User=0.00s Sys=0.00s Real=0.00s
[2023-04-09T19:29:19.710+0800][2895.219s] GC(1143) Pause Young (Normal) (G1 Evacuation Pause)
[2023-04-09T19:29:19.710+0800][2895.219s] GC(1143) Using 8 workers of 8 for evacuation
[2023-04-09T19:29:19.711+0800][2895.220s] GC(1143)   Pre Evacuate Collection Set: 0.0ms
[2023-04-09T19:29:19.711+0800][2895.220s] GC(1143)   Evacuate Collection Set: 0.7ms
[2023-04-09T19:29:19.711+0800][2895.220s] GC(1143)   Post Evacuate Collection Set: 0.3ms
[2023-04-09T19:29:19.711+0800][2895.220s] GC(1143)   Other: 0.2ms
[2023-04-09T19:29:19.711+0800][2895.220s] GC(1143) Eden regions: 235->0(243)
[2023-04-09T19:29:19.711+0800][2895.220s] GC(1143) Survivor regions: 6->4(31)
[2023-04-09T19:29:19.711+0800][2895.220s] GC(1143) Old regions: 105->105
[2023-04-09T19:29:19.711+0800][2895.220s] GC(1143) Humongous regions: 34->33
[2023-04-09T19:29:19.711+0800][2895.220s] GC(1143) Metaspace: 62329K(65392K)->62329K(65392K) NonClass: 55374K(57252K)->55374K(57252K) Class: 6954K(8140K)->6954K(8140K)
[2023-04-09T19:29:19.712+0800][2895.220s] GC(1143) Pause Young (Normal) (G1 Evacuation Pause) 379M->140M(512M) 1.328ms
[2023-04-09T19:29:19.712+0800][2895.220s] GC(1143) User=0.00s Sys=0.00s Real=0.00s
[2023-04-09T19:29:20.119+0800][2895.628s] GC(1144) Pause Young (Normal) (G1 Evacuation Pause)
[2023-04-09T19:29:20.119+0800][2895.628s] GC(1144) Using 8 workers of 8 for evacuation
[2023-04-09T19:29:20.121+0800][2895.630s] GC(1144)   Pre Evacuate Collection Set: 0.0ms
[2023-04-09T19:29:20.121+0800][2895.630s] GC(1144)   Evacuate Collection Set: 1.2ms
[2023-04-09T19:29:20.121+0800][2895.630s] GC(1144)   Post Evacuate Collection Set: 0.5ms
[2023-04-09T19:29:20.121+0800][2895.630s] GC(1144)   Other: 0.2ms
[2023-04-09T19:29:20.121+0800][2895.630s] GC(1144) Eden regions: 243->0(246)
[2023-04-09T19:29:20.121+0800][2895.630s] GC(1144) Survivor regions: 4->8(31)
[2023-04-09T19:29:20.121+0800][2895.630s] GC(1144) Old regions: 105->105
[2023-04-09T19:29:20.121+0800][2895.630s] GC(1144) Humongous regions: 35->34
[2023-04-09T19:29:20.121+0800][2895.630s] GC(1144) Metaspace: 62329K(65392K)->62329K(65392K) NonClass: 55374K(57252K)->55374K(57252K) Class: 6954K(8140K)->6954K(8140K)
[2023-04-09T19:29:20.121+0800][2895.630s] GC(1144) Pause Young (Normal) (G1 Evacuation Pause) 385M->146M(512M) 2.139ms
[2023-04-09T19:29:20.121+0800][2895.630s] GC(1144) User=0.08s Sys=0.00s Real=0.00s
[2023-04-09T19:29:20.514+0800][2896.024s] GC(1145) Pause Young (Normal) (G1 Evacuation Pause)
[2023-04-09T19:29:20.514+0800][2896.024s] GC(1145) Using 8 workers of 8 for evacuation
[2023-04-09T19:29:20.516+0800][2896.025s] GC(1145)   Pre Evacuate Collection Set: 0.0ms
[2023-04-09T19:29:20.516+0800][2896.025s] GC(1145)   Evacuate Collection Set: 1.1ms
[2023-04-09T19:29:20.516+0800][2896.025s] GC(1145)   Post Evacuate Collection Set: 0.6ms
[2023-04-09T19:29:20.516+0800][2896.025s] GC(1145)   Other: 0.2ms
[2023-04-09T19:29:20.516+0800][2896.026s] GC(1145) Eden regions: 246->0(247)
[2023-04-09T19:29:20.516+0800][2896.026s] GC(1145) Survivor regions: 8->10(32)
[2023-04-09T19:29:20.516+0800][2896.026s] GC(1145) Old regions: 105->105
[2023-04-09T19:29:20.516+0800][2896.026s] GC(1145) Humongous regions: 40->40
[2023-04-09T19:29:20.516+0800][2896.026s] GC(1145) Metaspace: 62329K(65392K)->62329K(65392K) NonClass: 55374K(57252K)->55374K(57252K) Class: 6954K(8140K)->6954K(8140K)
[2023-04-09T19:29:20.516+0800][2896.026s] GC(1145) Pause Young (Normal) (G1 Evacuation Pause) 398M->153M(512M) 2.061ms
[2023-04-09T19:29:20.516+0800][2896.026s] GC(1145) User=0.00s Sys=0.00s Real=0.00s
[2023-04-09T19:29:21.219+0800][2896.728s] GC(1146) Pause Young (Normal) (G1 Evacuation Pause)
[2023-04-09T19:29:21.219+0800][2896.728s] GC(1146) Using 8 workers of 8 for evacuation
[2023-04-09T19:29:21.221+0800][2896.730s] GC(1146)   Pre Evacuate Collection Set: 0.0ms
[2023-04-09T19:29:21.221+0800][2896.730s] GC(1146)   Evacuate Collection Set: 1.3ms
[2023-04-09T19:29:21.221+0800][2896.730s] GC(1146)   Post Evacuate Collection Set: 0.5ms
[2023-04-09T19:29:21.221+0800][2896.730s] GC(1146)   Other: 0.2ms
[2023-04-09T19:29:21.221+0800][2896.730s] GC(1146) Eden regions: 247->0(250)
[2023-04-09T19:29:21.221+0800][2896.730s] GC(1146) Survivor regions: 10->11(33)
[2023-04-09T19:29:21.221+0800][2896.730s] GC(1146) Old regions: 105->105
[2023-04-09T19:29:21.221+0800][2896.730s] GC(1146) Humongous regions: 53->41
[2023-04-09T19:29:21.221+0800][2896.730s] GC(1146) Metaspace: 62329K(65392K)->62329K(65392K) NonClass: 55374K(57252K)->55374K(57252K) Class: 6954K(8140K)->6954K(8140K)
[2023-04-09T19:29:21.222+0800][2896.730s] GC(1146) Pause Young (Normal) (G1 Evacuation Pause) 413M->155M(512M) 2.351ms
[2023-04-09T19:29:21.222+0800][2896.730s] GC(1146) User=0.00s Sys=0.00s Real=0.00s
[2023-04-09T19:29:21.667+0800][2897.175s] GC(1147) Pause Young (Normal) (G1 Evacuation Pause)
[2023-04-09T19:29:21.667+0800][2897.175s] GC(1147) Using 8 workers of 8 for evacuation
[2023-04-09T19:29:21.668+0800][2897.177s] GC(1147)   Pre Evacuate Collection Set: 0.0ms
[2023-04-09T19:29:21.668+0800][2897.177s] GC(1147)   Evacuate Collection Set: 0.6ms
[2023-04-09T19:29:21.668+0800][2897.177s] GC(1147)   Post Evacuate Collection Set: 0.4ms
[2023-04-09T19:29:21.668+0800][2897.177s] GC(1147)   Other: 0.2ms
[2023-04-09T19:29:21.668+0800][2897.177s] GC(1147) Eden regions: 250->0(262)
[2023-04-09T19:29:21.668+0800][2897.177s] GC(1147) Survivor regions: 11->4(33)
[2023-04-09T19:29:21.668+0800][2897.177s] GC(1147) Old regions: 105->105
[2023-04-09T19:29:21.668+0800][2897.177s] GC(1147) Humongous regions: 42->33
[2023-04-09T19:29:21.668+0800][2897.177s] GC(1147) Metaspace: 62329K(65392K)->62329K(65392K) NonClass: 55374K(57252K)->55374K(57252K) Class: 6954K(8140K)->6954K(8140K)
[2023-04-09T19:29:21.668+0800][2897.177s] GC(1147) Pause Young (Normal) (G1 Evacuation Pause) 406M->140M(512M) 1.381ms
[2023-04-09T19:29:21.668+0800][2897.177s] GC(1147) User=0.02s Sys=0.00s Real=0.00s
[2023-04-09T19:29:22.138+0800][2897.646s] GC(1148) Pause Young (Normal) (G1 Evacuation Pause)
[2023-04-09T19:29:22.138+0800][2897.646s] GC(1148) Using 8 workers of 8 for evacuation
[2023-04-09T19:29:22.139+0800][2897.648s] GC(1148)   Pre Evacuate Collection Set: 0.0ms
[2023-04-09T19:29:22.139+0800][2897.648s] GC(1148)   Evacuate Collection Set: 1.1ms
[2023-04-09T19:29:22.139+0800][2897.648s] GC(1148)   Post Evacuate Collection Set: 0.5ms
[2023-04-09T19:29:22.139+0800][2897.648s] GC(1148)   Other: 0.2ms
[2023-04-09T19:29:22.139+0800][2897.648s] GC(1148) Eden regions: 262->0(263)
[2023-04-09T19:29:22.140+0800][2897.648s] GC(1148) Survivor regions: 4->9(34)
[2023-04-09T19:29:22.140+0800][2897.648s] GC(1148) Old regions: 105->105
[2023-04-09T19:29:22.140+0800][2897.648s] GC(1148) Humongous regions: 35->34
[2023-04-09T19:29:22.140+0800][2897.648s] GC(1148) Metaspace: 62329K(65392K)->62329K(65392K) NonClass: 55374K(57252K)->55374K(57252K) Class: 6954K(8140K)->6954K(8140K)
[2023-04-09T19:29:22.140+0800][2897.648s] GC(1148) Pause Young (Normal) (G1 Evacuation Pause) 404M->146M(512M) 2.109ms
[2023-04-09T19:29:22.140+0800][2897.648s] GC(1148) User=0.00s Sys=0.00s Real=0.00s
[2023-04-09T19:29:22.473+0800][2897.982s] GC(1149) Pause Young (Concurrent Start) (G1 Humongous Allocation)
[2023-04-09T19:29:22.473+0800][2897.982s] GC(1149) Using 8 workers of 8 for evacuation
[2023-04-09T19:29:22.476+0800][2897.984s] GC(1149)   Pre Evacuate Collection Set: 0.1ms
[2023-04-09T19:29:22.476+0800][2897.984s] GC(1149)   Evacuate Collection Set: 1.6ms
[2023-04-09T19:29:22.476+0800][2897.984s] GC(1149)   Post Evacuate Collection Set: 0.6ms
[2023-04-09T19:29:22.476+0800][2897.984s] GC(1149)   Other: 0.3ms
[2023-04-09T19:29:22.476+0800][2897.984s] GC(1149) Eden regions: 222->0(255)
[2023-04-09T19:29:22.476+0800][2897.984s] GC(1149) Survivor regions: 9->10(34)
[2023-04-09T19:29:22.476+0800][2897.984s] GC(1149) Old regions: 105->105
[2023-04-09T19:29:22.476+0800][2897.984s] GC(1149) Humongous regions: 44->42
[2023-04-09T19:29:22.476+0800][2897.984s] GC(1149) Metaspace: 62329K(65392K)->62329K(65392K) NonClass: 55374K(57252K)->55374K(57252K) Class: 6954K(8140K)->6954K(8140K)
[2023-04-09T19:29:22.476+0800][2897.984s] GC(1149) Pause Young (Concurrent Start) (G1 Humongous Allocation) 378M->155M(512M) 2.783ms
[2023-04-09T19:29:22.476+0800][2897.985s] GC(1149) User=0.00s Sys=0.00s Real=0.00s
[2023-04-09T19:29:22.476+0800][2897.985s] GC(1150) Concurrent Cycle
[2023-04-09T19:29:22.476+0800][2897.985s] GC(1150) Concurrent Clear Claimed Marks
[2023-04-09T19:29:22.476+0800][2897.985s] GC(1150) Concurrent Clear Claimed Marks 0.118ms
[2023-04-09T19:29:22.476+0800][2897.985s] GC(1150) Concurrent Scan Root Regions
[2023-04-09T19:29:22.477+0800][2897.986s] GC(1150) Concurrent Scan Root Regions 0.861ms
[2023-04-09T19:29:22.477+0800][2897.986s] GC(1150) Concurrent Mark (2897.986s)
[2023-04-09T19:29:22.477+0800][2897.986s] GC(1150) Concurrent Mark From Roots
[2023-04-09T19:29:22.477+0800][2897.986s] GC(1150) Using 2 workers of 2 for marking
[2023-04-09T19:29:22.504+0800][2898.012s] GC(1150) Concurrent Mark From Roots 26.504ms
[2023-04-09T19:29:22.504+0800][2898.012s] GC(1150) Concurrent Preclean
[2023-04-09T19:29:22.504+0800][2898.013s] GC(1150) Concurrent Preclean 0.471ms
[2023-04-09T19:29:22.504+0800][2898.013s] GC(1150) Concurrent Mark (2897.986s, 2898.013s) 27.058ms
[2023-04-09T19:29:22.504+0800][2898.013s] GC(1150) Pause Remark
[2023-04-09T19:29:22.508+0800][2898.017s] GC(1150) Cleaned string and symbol table, strings: 28022 processed, 0 removed, symbols: 172415 processed, 0 removed
[2023-04-09T19:29:22.509+0800][2898.017s] GC(1150) Pause Remark 173M->133M(512M) 4.339ms
[2023-04-09T19:29:22.509+0800][2898.017s] GC(1150) User=0.00s Sys=0.00s Real=0.01s
[2023-04-09T19:29:22.509+0800][2898.017s] GC(1150) Concurrent Rebuild Remembered Sets
[2023-04-09T19:29:22.524+0800][2898.033s] GC(1150) Concurrent Rebuild Remembered Sets 15.636ms
[2023-04-09T19:29:22.525+0800][2898.033s] GC(1150) Pause Cleanup
[2023-04-09T19:29:22.525+0800][2898.034s] GC(1150) Pause Cleanup 142M->142M(512M) 0.175ms
[2023-04-09T19:29:22.525+0800][2898.034s] GC(1150) User=0.00s Sys=0.00s Real=0.00s
[2023-04-09T19:29:22.525+0800][2898.034s] GC(1150) Concurrent Cleanup for Next Mark
[2023-04-09T19:29:22.526+0800][2898.034s] GC(1150) Concurrent Cleanup for Next Mark 0.806ms
[2023-04-09T19:29:22.526+0800][2898.035s] GC(1150) Concurrent Cycle 49.944ms
[2023-04-09T19:29:23.043+0800][2898.552s] GC(1151) Pause Young (Prepare Mixed) (G1 Evacuation Pause)
[2023-04-09T19:29:23.043+0800][2898.552s] GC(1151) Using 8 workers of 8 for evacuation
[2023-04-09T19:29:23.045+0800][2898.555s] GC(1151)   Pre Evacuate Collection Set: 0.0ms
[2023-04-09T19:29:23.046+0800][2898.555s] GC(1151)   Evacuate Collection Set: 1.6ms
[2023-04-09T19:29:23.046+0800][2898.555s] GC(1151)   Post Evacuate Collection Set: 0.6ms
[2023-04-09T19:29:23.046+0800][2898.555s] GC(1151)   Other: 0.3ms
[2023-04-09T19:29:23.046+0800][2898.555s] GC(1151) Eden regions: 255->0(14)
[2023-04-09T19:29:23.046+0800][2898.555s] GC(1151) Survivor regions: 10->11(34)
[2023-04-09T19:29:23.046+0800][2898.555s] GC(1151) Old regions: 93->93
[2023-04-09T19:29:23.046+0800][2898.555s] GC(1151) Humongous regions: 23->13
[2023-04-09T19:29:23.046+0800][2898.555s] GC(1151) Metaspace: 62329K(65392K)->62329K(65392K) NonClass: 55374K(57252K)->55374K(57252K) Class: 6954K(8140K)->6954K(8140K)
[2023-04-09T19:29:23.046+0800][2898.555s] GC(1151) Pause Young (Prepare Mixed) (G1 Evacuation Pause) 379M->115M(512M) 2.804ms
[2023-04-09T19:29:23.046+0800][2898.555s] GC(1151) User=0.00s Sys=0.00s Real=0.00s
[2023-04-09T19:29:23.067+0800][2898.577s] GC(1152) Pause Young (Mixed) (G1 Evacuation Pause)
[2023-04-09T19:29:23.067+0800][2898.577s] GC(1152) Using 8 workers of 8 for evacuation
[2023-04-09T19:29:23.069+0800][2898.579s] GC(1152)   Pre Evacuate Collection Set: 0.0ms
[2023-04-09T19:29:23.069+0800][2898.579s] GC(1152)   Evacuate Collection Set: 1.5ms
[2023-04-09T19:29:23.069+0800][2898.579s] GC(1152)   Post Evacuate Collection Set: 0.3ms
[2023-04-09T19:29:23.069+0800][2898.579s] GC(1152)   Other: 0.2ms
[2023-04-09T19:29:23.069+0800][2898.579s] GC(1152) Eden regions: 14->0(292)
[2023-04-09T19:29:23.069+0800][2898.579s] GC(1152) Survivor regions: 11->1(4)
[2023-04-09T19:29:23.070+0800][2898.579s] GC(1152) Old regions: 93->80
[2023-04-09T19:29:23.070+0800][2898.579s] GC(1152) Humongous regions: 13->13
[2023-04-09T19:29:23.070+0800][2898.579s] GC(1152) Metaspace: 62329K(65392K)->62329K(65392K) NonClass: 55374K(57252K)->55374K(57252K) Class: 6954K(8140K)->6954K(8140K)
[2023-04-09T19:29:23.070+0800][2898.579s] GC(1152) Pause Young (Mixed) (G1 Evacuation Pause) 129M->92M(512M) 2.424ms
[2023-04-09T19:29:23.070+0800][2898.579s] GC(1152) User=0.00s Sys=0.00s Real=0.00s
[2023-04-09T19:29:23.653+0800][2899.163s] GC(1153) Pause Young (Normal) (G1 Evacuation Pause)
[2023-04-09T19:29:23.653+0800][2899.163s] GC(1153) Using 8 workers of 8 for evacuation
[2023-04-09T19:29:23.655+0800][2899.164s] GC(1153)   Pre Evacuate Collection Set: 0.0ms
[2023-04-09T19:29:23.655+0800][2899.164s] GC(1153)   Evacuate Collection Set: 0.7ms
[2023-04-09T19:29:23.655+0800][2899.164s] GC(1153)   Post Evacuate Collection Set: 0.4ms
[2023-04-09T19:29:23.655+0800][2899.164s] GC(1153)   Other: 0.2ms
[2023-04-09T19:29:23.655+0800][2899.164s] GC(1153) Eden regions: 292->0(296)
[2023-04-09T19:29:23.655+0800][2899.164s] GC(1153) Survivor regions: 1->6(37)
[2023-04-09T19:29:23.655+0800][2899.164s] GC(1153) Old regions: 80->80
[2023-04-09T19:29:23.655+0800][2899.164s] GC(1153) Humongous regions: 14->14
[2023-04-09T19:29:23.655+0800][2899.164s] GC(1153) Metaspace: 62329K(65392K)->62329K(65392K) NonClass: 55374K(57252K)->55374K(57252K) Class: 6954K(8140K)->6954K(8140K)
[2023-04-09T19:29:23.655+0800][2899.164s] GC(1153) Pause Young (Normal) (G1 Evacuation Pause) 385M->98M(512M) 1.592ms
[2023-04-09T19:29:23.655+0800][2899.164s] GC(1153) User=0.00s Sys=0.00s Real=0.00s
[2023-04-09T19:29:24.090+0800][2899.600s] GC(1154) Pause Young (Normal) (G1 Evacuation Pause)
[2023-04-09T19:29:24.090+0800][2899.600s] GC(1154) Using 8 workers of 8 for evacuation
[2023-04-09T19:29:24.092+0800][2899.601s] GC(1154)   Pre Evacuate Collection Set: 0.0ms
[2023-04-09T19:29:24.092+0800][2899.601s] GC(1154)   Evacuate Collection Set: 1.2ms
[2023-04-09T19:29:24.092+0800][2899.602s] GC(1154)   Post Evacuate Collection Set: 0.5ms
[2023-04-09T19:29:24.092+0800][2899.602s] GC(1154)   Other: 0.2ms
[2023-04-09T19:29:24.092+0800][2899.602s] GC(1154) Eden regions: 296->0(295)
[2023-04-09T19:29:24.092+0800][2899.602s] GC(1154) Survivor regions: 6->12(38)
[2023-04-09T19:29:24.092+0800][2899.602s] GC(1154) Old regions: 80->80
[2023-04-09T19:29:24.092+0800][2899.602s] GC(1154) Humongous regions: 17->16
[2023-04-09T19:29:24.092+0800][2899.602s] GC(1154) Metaspace: 62329K(65392K)->62329K(65392K) NonClass: 55374K(57252K)->55374K(57252K) Class: 6954K(8140K)->6954K(8140K)
[2023-04-09T19:29:24.092+0800][2899.602s] GC(1154) Pause Young (Normal) (G1 Evacuation Pause) 397M->106M(512M) 2.227ms
[2023-04-09T19:29:24.093+0800][2899.602s] GC(1154) User=0.00s Sys=0.00s Real=0.00s
[2023-04-09T19:29:24.900+0800][2900.409s] GC(1155) Pause Young (Normal) (G1 Evacuation Pause)
[2023-04-09T19:29:24.900+0800][2900.409s] GC(1155) Using 8 workers of 8 for evacuation
[2023-04-09T19:29:24.902+0800][2900.411s] GC(1155)   Pre Evacuate Collection Set: 0.0ms
[2023-04-09T19:29:24.902+0800][2900.411s] GC(1155)   Evacuate Collection Set: 1.1ms
[2023-04-09T19:29:24.902+0800][2900.411s] GC(1155)   Post Evacuate Collection Set: 0.5ms
[2023-04-09T19:29:24.902+0800][2900.411s] GC(1155)   Other: 0.2ms
[2023-04-09T19:29:24.902+0800][2900.411s] GC(1155) Eden regions: 295->0(296)
[2023-04-09T19:29:24.902+0800][2900.411s] GC(1155) Survivor regions: 12->11(39)
[2023-04-09T19:29:24.902+0800][2900.411s] GC(1155) Old regions: 80->80
[2023-04-09T19:29:24.902+0800][2900.411s] GC(1155) Humongous regions: 34->22
[2023-04-09T19:29:24.902+0800][2900.411s] GC(1155) Metaspace: 62329K(65392K)->62329K(65392K) NonClass: 55374K(57252K)->55374K(57252K) Class: 6954K(8140K)->6954K(8140K)
[2023-04-09T19:29:24.902+0800][2900.411s] GC(1155) Pause Young (Normal) (G1 Evacuation Pause) 419M->111M(512M) 2.069ms
[2023-04-09T19:29:24.902+0800][2900.411s] GC(1155) User=0.00s Sys=0.00s Real=0.00s
[2023-04-09T19:29:25.420+0800][2900.929s] GC(1156) Pause Young (Normal) (G1 Evacuation Pause)
[2023-04-09T19:29:25.420+0800][2900.929s] GC(1156) Using 8 workers of 8 for evacuation
[2023-04-09T19:29:25.422+0800][2900.930s] GC(1156)   Pre Evacuate Collection Set: 0.0ms
[2023-04-09T19:29:25.422+0800][2900.930s] GC(1156)   Evacuate Collection Set: 0.6ms
[2023-04-09T19:29:25.422+0800][2900.930s] GC(1156)   Post Evacuate Collection Set: 0.4ms
[2023-04-09T19:29:25.422+0800][2900.930s] GC(1156)   Other: 0.2ms
[2023-04-09T19:29:25.422+0800][2900.930s] GC(1156) Eden regions: 296->0(303)
[2023-04-09T19:29:25.422+0800][2900.930s] GC(1156) Survivor regions: 11->4(39)
[2023-04-09T19:29:25.422+0800][2900.930s] GC(1156) Old regions: 80->80
[2023-04-09T19:29:25.422+0800][2900.930s] GC(1156) Humongous regions: 23->14
[2023-04-09T19:29:25.422+0800][2900.930s] GC(1156) Metaspace: 62329K(65392K)->62329K(65392K) NonClass: 55374K(57252K)->55374K(57252K) Class: 6954K(8140K)->6954K(8140K)
[2023-04-09T19:29:25.422+0800][2900.930s] GC(1156) Pause Young (Normal) (G1 Evacuation Pause) 408M->96M(512M) 1.470ms
[2023-04-09T19:29:25.422+0800][2900.930s] GC(1156) User=0.00s Sys=0.00s Real=0.00s
[2023-04-09T19:29:25.899+0800][2901.408s] GC(1157) Pause Young (Normal) (G1 Evacuation Pause)
[2023-04-09T19:29:25.900+0800][2901.408s] GC(1157) Using 8 workers of 8 for evacuation
[2023-04-09T19:29:25.901+0800][2901.410s] GC(1157)   Pre Evacuate Collection Set: 0.0ms
[2023-04-09T19:29:25.901+0800][2901.410s] GC(1157)   Evacuate Collection Set: 1.0ms
[2023-04-09T19:29:25.901+0800][2901.410s] GC(1157)   Post Evacuate Collection Set: 0.6ms
[2023-04-09T19:29:25.901+0800][2901.410s] GC(1157)   Other: 0.2ms
[2023-04-09T19:29:25.901+0800][2901.410s] GC(1157) Eden regions: 303->0(297)
[2023-04-09T19:29:25.901+0800][2901.410s] GC(1157) Survivor regions: 4->10(39)
[2023-04-09T19:29:25.901+0800][2901.410s] GC(1157) Old regions: 80->80
[2023-04-09T19:29:25.901+0800][2901.410s] GC(1157) Humongous regions: 16->15
[2023-04-09T19:29:25.901+0800][2901.410s] GC(1157) Metaspace: 62329K(65392K)->62329K(65392K) NonClass: 55374K(57252K)->55374K(57252K) Class: 6954K(8140K)->6954K(8140K)
[2023-04-09T19:29:25.901+0800][2901.410s] GC(1157) Pause Young (Normal) (G1 Evacuation Pause) 401M->103M(512M) 2.018ms
[2023-04-09T19:29:25.901+0800][2901.410s] GC(1157) User=0.00s Sys=0.00s Real=0.00s
[2023-04-09T19:29:26.347+0800][2901.856s] GC(1158) Pause Young (Normal) (G1 Evacuation Pause)
[2023-04-09T19:29:26.347+0800][2901.856s] GC(1158) Using 8 workers of 8 for evacuation
[2023-04-09T19:29:26.349+0800][2901.858s] GC(1158)   Pre Evacuate Collection Set: 0.0ms
[2023-04-09T19:29:26.349+0800][2901.858s] GC(1158)   Evacuate Collection Set: 1.3ms
[2023-04-09T19:29:26.349+0800][2901.858s] GC(1158)   Post Evacuate Collection Set: 0.5ms
[2023-04-09T19:29:26.349+0800][2901.858s] GC(1158)   Other: 0.2ms
[2023-04-09T19:29:26.349+0800][2901.858s] GC(1158) Eden regions: 297->0(296)
[2023-04-09T19:29:26.349+0800][2901.858s] GC(1158) Survivor regions: 10->11(39)
[2023-04-09T19:29:26.349+0800][2901.858s] GC(1158) Old regions: 80->80
[2023-04-09T19:29:26.349+0800][2901.858s] GC(1158) Humongous regions: 34->22
[2023-04-09T19:29:26.349+0800][2901.858s] GC(1158) Metaspace: 62329K(65392K)->62329K(65392K) NonClass: 55374K(57252K)->55374K(57252K) Class: 6954K(8140K)->6954K(8140K)
[2023-04-09T19:29:26.349+0800][2901.858s] GC(1158) Pause Young (Normal) (G1 Evacuation Pause) 419M->112M(512M) 2.212ms
[2023-04-09T19:29:26.350+0800][2901.858s] GC(1158) User=0.00s Sys=0.00s Real=0.00s
[2023-04-09T19:29:27.056+0800][2902.564s] GC(1159) Pause Young (Normal) (G1 Evacuation Pause)
[2023-04-09T19:29:27.056+0800][2902.564s] GC(1159) Using 8 workers of 8 for evacuation
[2023-04-09T19:29:27.057+0800][2902.566s] GC(1159)   Pre Evacuate Collection Set: 0.0ms
[2023-04-09T19:29:27.057+0800][2902.566s] GC(1159)   Evacuate Collection Set: 0.4ms
[2023-04-09T19:29:27.057+0800][2902.566s] GC(1159)   Post Evacuate Collection Set: 0.6ms
[2023-04-09T19:29:27.057+0800][2902.566s] GC(1159)   Other: 0.1ms
[2023-04-09T19:29:27.057+0800][2902.566s] GC(1159) Eden regions: 296->0(304)
[2023-04-09T19:29:27.057+0800][2902.566s] GC(1159) Survivor regions: 11->3(39)
[2023-04-09T19:29:27.057+0800][2902.566s] GC(1159) Old regions: 80->80
[2023-04-09T19:29:27.057+0800][2902.566s] GC(1159) Humongous regions: 22->13
[2023-04-09T19:29:27.057+0800][2902.566s] GC(1159) Metaspace: 62329K(65392K)->62329K(65392K) NonClass: 55374K(57252K)->55374K(57252K) Class: 6954K(8140K)->6954K(8140K)
[2023-04-09T19:29:27.057+0800][2902.566s] GC(1159) Pause Young (Normal) (G1 Evacuation Pause) 408M->94M(512M) 1.321ms
[2023-04-09T19:29:27.057+0800][2902.566s] GC(1159) User=0.00s Sys=0.00s Real=0.00s
[2023-04-09T19:29:27.482+0800][2902.991s] GC(1160) Pause Young (Normal) (G1 Evacuation Pause)
[2023-04-09T19:29:27.482+0800][2902.991s] GC(1160) Using 8 workers of 8 for evacuation
[2023-04-09T19:29:27.484+0800][2902.992s] GC(1160)   Pre Evacuate Collection Set: 0.0ms
[2023-04-09T19:29:27.484+0800][2902.992s] GC(1160)   Evacuate Collection Set: 0.8ms
[2023-04-09T19:29:27.484+0800][2902.992s] GC(1160)   Post Evacuate Collection Set: 0.6ms
[2023-04-09T19:29:27.484+0800][2902.992s] GC(1160)   Other: 0.1ms
[2023-04-09T19:29:27.484+0800][2902.993s] GC(1160) Eden regions: 304->0(298)
[2023-04-09T19:29:27.484+0800][2902.993s] GC(1160) Survivor regions: 3->9(39)
[2023-04-09T19:29:27.484+0800][2902.993s] GC(1160) Old regions: 80->80
[2023-04-09T19:29:27.484+0800][2902.993s] GC(1160) Humongous regions: 16->15
[2023-04-09T19:29:27.484+0800][2902.993s] GC(1160) Metaspace: 62329K(65392K)->62329K(65392K) NonClass: 55374K(57252K)->55374K(57252K) Class: 6954K(8140K)->6954K(8140K)
[2023-04-09T19:29:27.484+0800][2902.993s] GC(1160) Pause Young (Normal) (G1 Evacuation Pause) 401M->102M(512M) 1.786ms
[2023-04-09T19:29:27.484+0800][2902.993s] GC(1160) User=0.00s Sys=0.00s Real=0.00s
[2023-04-09T19:29:27.926+0800][2903.435s] GC(1161) Pause Young (Normal) (G1 Evacuation Pause)
[2023-04-09T19:29:27.926+0800][2903.435s] GC(1161) Using 8 workers of 8 for evacuation
[2023-04-09T19:29:27.928+0800][2903.436s] GC(1161)   Pre Evacuate Collection Set: 0.0ms
[2023-04-09T19:29:27.928+0800][2903.436s] GC(1161)   Evacuate Collection Set: 1.1ms
[2023-04-09T19:29:27.928+0800][2903.437s] GC(1161)   Post Evacuate Collection Set: 0.5ms
[2023-04-09T19:29:27.928+0800][2903.437s] GC(1161)   Other: 0.2ms
[2023-04-09T19:29:27.928+0800][2903.437s] GC(1161) Eden regions: 298->0(297)
[2023-04-09T19:29:27.928+0800][2903.437s] GC(1161) Survivor regions: 9->10(39)
[2023-04-09T19:29:27.928+0800][2903.437s] GC(1161) Old regions: 80->80
[2023-04-09T19:29:27.928+0800][2903.437s] GC(1161) Humongous regions: 29->22
[2023-04-09T19:29:27.928+0800][2903.437s] GC(1161) Metaspace: 62329K(65392K)->62329K(65392K) NonClass: 55374K(57252K)->55374K(57252K) Class: 6954K(8140K)->6954K(8140K)
[2023-04-09T19:29:27.928+0800][2903.437s] GC(1161) Pause Young (Normal) (G1 Evacuation Pause) 414M->111M(512M) 2.034ms
[2023-04-09T19:29:27.928+0800][2903.437s] GC(1161) User=0.00s Sys=0.00s Real=0.00s
[2023-04-09T19:29:28.511+0800][2904.020s] GC(1162) Pause Young (Normal) (G1 Evacuation Pause)
[2023-04-09T19:29:28.511+0800][2904.020s] GC(1162) Using 8 workers of 8 for evacuation
[2023-04-09T19:29:28.512+0800][2904.021s] GC(1162)   Pre Evacuate Collection Set: 0.0ms
[2023-04-09T19:29:28.512+0800][2904.021s] GC(1162)   Evacuate Collection Set: 0.3ms
[2023-04-09T19:29:28.512+0800][2904.021s] GC(1162)   Post Evacuate Collection Set: 0.5ms
[2023-04-09T19:29:28.512+0800][2904.021s] GC(1162)   Other: 0.2ms
[2023-04-09T19:29:28.512+0800][2904.021s] GC(1162) Eden regions: 297->0(306)
[2023-04-09T19:29:28.512+0800][2904.021s] GC(1162) Survivor regions: 10->1(39)
[2023-04-09T19:29:28.512+0800][2904.021s] GC(1162) Old regions: 80->80
[2023-04-09T19:29:28.512+0800][2904.021s] GC(1162) Humongous regions: 27->13
[2023-04-09T19:29:28.512+0800][2904.021s] GC(1162) Metaspace: 62329K(65392K)->62329K(65392K) NonClass: 55374K(57252K)->55374K(57252K) Class: 6954K(8140K)->6954K(8140K)
[2023-04-09T19:29:28.512+0800][2904.021s] GC(1162) Pause Young (Normal) (G1 Evacuation Pause) 413M->92M(512M) 1.114ms
[2023-04-09T19:29:28.512+0800][2904.021s] GC(1162) User=0.11s Sys=0.00s Real=0.00s
[2023-04-09T19:29:28.934+0800][2904.443s] GC(1163) Pause Young (Normal) (G1 Evacuation Pause)
[2023-04-09T19:29:28.934+0800][2904.443s] GC(1163) Using 8 workers of 8 for evacuation
[2023-04-09T19:29:28.935+0800][2904.444s] GC(1163)   Pre Evacuate Collection Set: 0.0ms
[2023-04-09T19:29:28.936+0800][2904.444s] GC(1163)   Evacuate Collection Set: 0.8ms
[2023-04-09T19:29:28.936+0800][2904.444s] GC(1163)   Post Evacuate Collection Set: 0.6ms
[2023-04-09T19:29:28.936+0800][2904.445s] GC(1163)   Other: 0.2ms
[2023-04-09T19:29:28.936+0800][2904.445s] GC(1163) Eden regions: 306->0(300)
[2023-04-09T19:29:28.936+0800][2904.445s] GC(1163) Survivor regions: 1->7(39)
[2023-04-09T19:29:28.936+0800][2904.445s] GC(1163) Old regions: 80->80
[2023-04-09T19:29:28.936+0800][2904.445s] GC(1163) Humongous regions: 16->15
[2023-04-09T19:29:28.936+0800][2904.445s] GC(1163) Metaspace: 62329K(65392K)->62329K(65392K) NonClass: 55374K(57252K)->55374K(57252K) Class: 6954K(8140K)->6954K(8140K)
[2023-04-09T19:29:28.936+0800][2904.445s] GC(1163) Pause Young (Normal) (G1 Evacuation Pause) 401M->100M(512M) 1.679ms
[2023-04-09T19:29:28.936+0800][2904.445s] GC(1163) User=0.00s Sys=0.00s Real=0.00s
[2023-04-09T19:29:29.367+0800][2904.876s] GC(1164) Pause Young (Normal) (G1 Evacuation Pause)
[2023-04-09T19:29:29.367+0800][2904.876s] GC(1164) Using 8 workers of 8 for evacuation
[2023-04-09T19:29:29.369+0800][2904.878s] GC(1164)   Pre Evacuate Collection Set: 0.0ms
[2023-04-09T19:29:29.369+0800][2904.878s] GC(1164)   Evacuate Collection Set: 1.1ms
[2023-04-09T19:29:29.369+0800][2904.878s] GC(1164)   Post Evacuate Collection Set: 0.7ms
[2023-04-09T19:29:29.369+0800][2904.878s] GC(1164)   Other: 0.2ms
[2023-04-09T19:29:29.369+0800][2904.878s] GC(1164) Eden regions: 300->0(297)
[2023-04-09T19:29:29.369+0800][2904.878s] GC(1164) Survivor regions: 7->10(39)
[2023-04-09T19:29:29.369+0800][2904.878s] GC(1164) Old regions: 80->80
[2023-04-09T19:29:29.369+0800][2904.878s] GC(1164) Humongous regions: 21->21
[2023-04-09T19:29:29.369+0800][2904.878s] GC(1164) Metaspace: 62329K(65392K)->62329K(65392K) NonClass: 55374K(57252K)->55374K(57252K) Class: 6954K(8140K)->6954K(8140K)
[2023-04-09T19:29:29.370+0800][2904.879s] GC(1164) Pause Young (Normal) (G1 Evacuation Pause) 406M->109M(512M) 2.201ms
[2023-04-09T19:29:29.370+0800][2904.879s] GC(1164) User=0.00s Sys=0.00s Real=0.00s
[2023-04-09T19:29:29.958+0800][2905.466s] GC(1165) Pause Young (Normal) (G1 Evacuation Pause)
[2023-04-09T19:29:29.958+0800][2905.467s] GC(1165) Using 8 workers of 8 for evacuation
[2023-04-09T19:29:29.960+0800][2905.469s] GC(1165)   Pre Evacuate Collection Set: 0.0ms
[2023-04-09T19:29:29.960+0800][2905.469s] GC(1165)   Evacuate Collection Set: 1.3ms
[2023-04-09T19:29:29.960+0800][2905.469s] GC(1165)   Post Evacuate Collection Set: 0.6ms
[2023-04-09T19:29:29.960+0800][2905.469s] GC(1165)   Other: 0.2ms
[2023-04-09T19:29:29.960+0800][2905.469s] GC(1165) Eden regions: 297->0(296)
[2023-04-09T19:29:29.960+0800][2905.469s] GC(1165) Survivor regions: 10->11(39)
[2023-04-09T19:29:29.960+0800][2905.469s] GC(1165) Old regions: 80->80
[2023-04-09T19:29:29.960+0800][2905.469s] GC(1165) Humongous regions: 34->22
[2023-04-09T19:29:29.960+0800][2905.469s] GC(1165) Metaspace: 62329K(65392K)->62329K(65392K) NonClass: 55374K(57252K)->55374K(57252K) Class: 6954K(8140K)->6954K(8140K)
[2023-04-09T19:29:29.960+0800][2905.469s] GC(1165) Pause Young (Normal) (G1 Evacuation Pause) 419M->111M(512M) 2.446ms
[2023-04-09T19:29:29.961+0800][2905.469s] GC(1165) User=0.00s Sys=0.00s Real=0.00s
[2023-04-09T19:29:30.456+0800][2905.965s] GC(1166) Pause Young (Normal) (G1 Evacuation Pause)
[2023-04-09T19:29:30.457+0800][2905.965s] GC(1166) Using 8 workers of 8 for evacuation
[2023-04-09T19:29:30.458+0800][2905.967s] GC(1166)   Pre Evacuate Collection Set: 0.0ms
[2023-04-09T19:29:30.458+0800][2905.967s] GC(1166)   Evacuate Collection Set: 0.7ms
[2023-04-09T19:29:30.458+0800][2905.967s] GC(1166)   Post Evacuate Collection Set: 0.6ms
[2023-04-09T19:29:30.458+0800][2905.967s] GC(1166)   Other: 0.3ms
[2023-04-09T19:29:30.458+0800][2905.967s] GC(1166) Eden regions: 296->0(301)
[2023-04-09T19:29:30.458+0800][2905.967s] GC(1166) Survivor regions: 11->6(39)
[2023-04-09T19:29:30.458+0800][2905.967s] GC(1166) Old regions: 80->80
[2023-04-09T19:29:30.458+0800][2905.967s] GC(1166) Humongous regions: 23->14
[2023-04-09T19:29:30.458+0800][2905.967s] GC(1166) Metaspace: 62331K(65392K)->62331K(65392K) NonClass: 55376K(57252K)->55376K(57252K) Class: 6954K(8140K)->6954K(8140K)
[2023-04-09T19:29:30.458+0800][2905.967s] GC(1166) Pause Young (Normal) (G1 Evacuation Pause) 408M->98M(512M) 1.779ms
[2023-04-09T19:29:30.458+0800][2905.967s] GC(1166) User=0.00s Sys=0.00s Real=0.00s
[2023-04-09T19:29:30.909+0800][2906.418s] GC(1167) Pause Young (Normal) (G1 Evacuation Pause)
[2023-04-09T19:29:30.909+0800][2906.418s] GC(1167) Using 8 workers of 8 for evacuation
[2023-04-09T19:29:30.911+0800][2906.420s] GC(1167)   Pre Evacuate Collection Set: 0.0ms
[2023-04-09T19:29:30.911+0800][2906.420s] GC(1167)   Evacuate Collection Set: 1.4ms
[2023-04-09T19:29:30.911+0800][2906.420s] GC(1167)   Post Evacuate Collection Set: 0.5ms
[2023-04-09T19:29:30.911+0800][2906.420s] GC(1167)   Other: 0.2ms
[2023-04-09T19:29:30.911+0800][2906.420s] GC(1167) Eden regions: 301->0(296)
[2023-04-09T19:29:30.911+0800][2906.420s] GC(1167) Survivor regions: 6->11(39)
[2023-04-09T19:29:30.911+0800][2906.420s] GC(1167) Old regions: 80->80
[2023-04-09T19:29:30.911+0800][2906.420s] GC(1167) Humongous regions: 17->16
[2023-04-09T19:29:30.911+0800][2906.420s] GC(1167) Metaspace: 62331K(65392K)->62331K(65392K) NonClass: 55376K(57252K)->55376K(57252K) Class: 6954K(8140K)->6954K(8140K)
[2023-04-09T19:29:30.911+0800][2906.420s] GC(1167) Pause Young (Normal) (G1 Evacuation Pause) 402M->106M(512M) 2.255ms
[2023-04-09T19:29:30.911+0800][2906.420s] GC(1167) User=0.00s Sys=0.00s Real=0.00s
[2023-04-09T19:29:31.467+0800][2906.976s] GC(1168) Pause Young (Normal) (G1 Evacuation Pause)
[2023-04-09T19:29:31.467+0800][2906.976s] GC(1168) Using 8 workers of 8 for evacuation
[2023-04-09T19:29:31.469+0800][2906.978s] GC(1168)   Pre Evacuate Collection Set: 0.0ms
[2023-04-09T19:29:31.469+0800][2906.978s] GC(1168)   Evacuate Collection Set: 1.2ms
[2023-04-09T19:29:31.469+0800][2906.978s] GC(1168)   Post Evacuate Collection Set: 0.6ms
[2023-04-09T19:29:31.469+0800][2906.978s] GC(1168)   Other: 0.2ms
[2023-04-09T19:29:31.469+0800][2906.978s] GC(1168) Eden regions: 296->0(297)
[2023-04-09T19:29:31.469+0800][2906.978s] GC(1168) Survivor regions: 11->10(39)
[2023-04-09T19:29:31.469+0800][2906.978s] GC(1168) Old regions: 80->80
[2023-04-09T19:29:31.469+0800][2906.978s] GC(1168) Humongous regions: 34->22
[2023-04-09T19:29:31.469+0800][2906.978s] GC(1168) Metaspace: 62354K(65392K)->62354K(65392K) NonClass: 55399K(57252K)->55399K(57252K) Class: 6954K(8140K)->6954K(8140K)
[2023-04-09T19:29:31.469+0800][2906.978s] GC(1168) Pause Young (Normal) (G1 Evacuation Pause) 420M->111M(512M) 2.291ms
[2023-04-09T19:29:31.469+0800][2906.978s] GC(1168) User=0.00s Sys=0.00s Real=0.00s
[2023-04-09T19:29:31.944+0800][2907.454s] GC(1169) Pause Young (Normal) (G1 Evacuation Pause)
[2023-04-09T19:29:31.944+0800][2907.454s] GC(1169) Using 8 workers of 8 for evacuation
[2023-04-09T19:29:31.945+0800][2907.455s] GC(1169)   Pre Evacuate Collection Set: 0.0ms
[2023-04-09T19:29:31.946+0800][2907.455s] GC(1169)   Evacuate Collection Set: 0.5ms
[2023-04-09T19:29:31.946+0800][2907.455s] GC(1169)   Post Evacuate Collection Set: 0.6ms
[2023-04-09T19:29:31.946+0800][2907.455s] GC(1169)   Other: 0.2ms
[2023-04-09T19:29:31.946+0800][2907.455s] GC(1169) Eden regions: 297->0(303)
[2023-04-09T19:29:31.946+0800][2907.455s] GC(1169) Survivor regions: 10->4(39)
[2023-04-09T19:29:31.946+0800][2907.455s] GC(1169) Old regions: 80->80
[2023-04-09T19:29:31.946+0800][2907.455s] GC(1169) Humongous regions: 23->14
[2023-04-09T19:29:31.946+0800][2907.455s] GC(1169) Metaspace: 62358K(65392K)->62358K(65392K) NonClass: 55403K(57252K)->55403K(57252K) Class: 6954K(8140K)->6954K(8140K)
[2023-04-09T19:29:31.946+0800][2907.455s] GC(1169) Pause Young (Normal) (G1 Evacuation Pause) 409M->96M(512M) 1.459ms
[2023-04-09T19:29:31.946+0800][2907.455s] GC(1169) User=0.00s Sys=0.00s Real=0.00s
[2023-04-09T19:29:32.388+0800][2907.897s] GC(1170) Pause Young (Normal) (G1 Evacuation Pause)
[2023-04-09T19:29:32.388+0800][2907.897s] GC(1170) Using 8 workers of 8 for evacuation
[2023-04-09T19:29:32.390+0800][2907.899s] GC(1170)   Pre Evacuate Collection Set: 0.0ms
[2023-04-09T19:29:32.390+0800][2907.899s] GC(1170)   Evacuate Collection Set: 1.2ms
[2023-04-09T19:29:32.390+0800][2907.899s] GC(1170)   Post Evacuate Collection Set: 0.7ms
[2023-04-09T19:29:32.390+0800][2907.899s] GC(1170)   Other: 0.2ms
[2023-04-09T19:29:32.390+0800][2907.899s] GC(1170) Eden regions: 303->0(297)
[2023-04-09T19:29:32.390+0800][2907.899s] GC(1170) Survivor regions: 4->10(39)
[2023-04-09T19:29:32.390+0800][2907.899s] GC(1170) Old regions: 80->80
[2023-04-09T19:29:32.390+0800][2907.899s] GC(1170) Humongous regions: 17->16
[2023-04-09T19:29:32.390+0800][2907.899s] GC(1170) Metaspace: 62358K(65392K)->62358K(65392K) NonClass: 55403K(57252K)->55403K(57252K) Class: 6954K(8140K)->6954K(8140K)
[2023-04-09T19:29:32.390+0800][2907.899s] GC(1170) Pause Young (Normal) (G1 Evacuation Pause) 402M->104M(512M) 2.310ms
[2023-04-09T19:29:32.390+0800][2907.899s] GC(1170) User=0.00s Sys=0.00s Real=0.00s
[2023-04-09T19:29:33.040+0800][2908.549s] GC(1171) Pause Young (Normal) (G1 Evacuation Pause)
[2023-04-09T19:29:33.040+0800][2908.549s] GC(1171) Using 8 workers of 8 for evacuation
[2023-04-09T19:29:33.042+0800][2908.551s] GC(1171)   Pre Evacuate Collection Set: 0.0ms
[2023-04-09T19:29:33.042+0800][2908.551s] GC(1171)   Evacuate Collection Set: 1.2ms
[2023-04-09T19:29:33.042+0800][2908.551s] GC(1171)   Post Evacuate Collection Set: 0.6ms
[2023-04-09T19:29:33.042+0800][2908.551s] GC(1171)   Other: 0.1ms
[2023-04-09T19:29:33.042+0800][2908.551s] GC(1171) Eden regions: 297->0(296)
[2023-04-09T19:29:33.042+0800][2908.551s] GC(1171) Survivor regions: 10->11(39)
[2023-04-09T19:29:33.042+0800][2908.551s] GC(1171) Old regions: 80->80
[2023-04-09T19:29:33.042+0800][2908.551s] GC(1171) Humongous regions: 34->22
[2023-04-09T19:29:33.042+0800][2908.551s] GC(1171) Metaspace: 62358K(65392K)->62358K(65392K) NonClass: 55403K(57252K)->55403K(57252K) Class: 6954K(8140K)->6954K(8140K)
[2023-04-09T19:29:33.042+0800][2908.551s] GC(1171) Pause Young (Normal) (G1 Evacuation Pause) 419M->111M(512M) 2.219ms
[2023-04-09T19:29:33.042+0800][2908.551s] GC(1171) User=0.02s Sys=0.00s Real=0.00s
[2023-04-09T19:29:33.482+0800][2908.991s] GC(1172) Pause Young (Normal) (G1 Evacuation Pause)
[2023-04-09T19:29:33.482+0800][2908.991s] GC(1172) Using 8 workers of 8 for evacuation
[2023-04-09T19:29:33.483+0800][2908.992s] GC(1172)   Pre Evacuate Collection Set: 0.0ms
[2023-04-09T19:29:33.483+0800][2908.992s] GC(1172)   Evacuate Collection Set: 0.5ms
[2023-04-09T19:29:33.483+0800][2908.992s] GC(1172)   Post Evacuate Collection Set: 0.6ms
[2023-04-09T19:29:33.483+0800][2908.992s] GC(1172)   Other: 0.1ms
[2023-04-09T19:29:33.483+0800][2908.992s] GC(1172) Eden regions: 296->0(304)
[2023-04-09T19:29:33.483+0800][2908.992s] GC(1172) Survivor regions: 11->3(39)
[2023-04-09T19:29:33.483+0800][2908.992s] GC(1172) Old regions: 80->80
[2023-04-09T19:29:33.483+0800][2908.992s] GC(1172) Humongous regions: 22->13
[2023-04-09T19:29:33.483+0800][2908.992s] GC(1172) Metaspace: 62358K(65392K)->62358K(65392K) NonClass: 55403K(57252K)->55403K(57252K) Class: 6954K(8140K)->6954K(8140K)
[2023-04-09T19:29:33.483+0800][2908.992s] GC(1172) Pause Young (Normal) (G1 Evacuation Pause) 407M->94M(512M) 1.355ms
[2023-04-09T19:29:33.483+0800][2908.992s] GC(1172) User=0.00s Sys=0.00s Real=0.00s
[2023-04-09T19:29:33.911+0800][2909.420s] GC(1173) Pause Young (Normal) (G1 Evacuation Pause)
[2023-04-09T19:29:33.912+0800][2909.420s] GC(1173) Using 8 workers of 8 for evacuation
[2023-04-09T19:29:33.913+0800][2909.422s] GC(1173)   Pre Evacuate Collection Set: 0.0ms
[2023-04-09T19:29:33.913+0800][2909.422s] GC(1173)   Evacuate Collection Set: 1.0ms
[2023-04-09T19:29:33.913+0800][2909.422s] GC(1173)   Post Evacuate Collection Set: 0.6ms
[2023-04-09T19:29:33.913+0800][2909.422s] GC(1173)   Other: 0.2ms
[2023-04-09T19:29:33.913+0800][2909.422s] GC(1173) Eden regions: 304->0(298)
[2023-04-09T19:29:33.913+0800][2909.422s] GC(1173) Survivor regions: 3->9(39)
[2023-04-09T19:29:33.913+0800][2909.422s] GC(1173) Old regions: 80->80
[2023-04-09T19:29:33.913+0800][2909.422s] GC(1173) Humongous regions: 16->15
[2023-04-09T19:29:33.913+0800][2909.422s] GC(1173) Metaspace: 62358K(65392K)->62358K(65392K) NonClass: 55403K(57252K)->55403K(57252K) Class: 6954K(8140K)->6954K(8140K)
[2023-04-09T19:29:33.913+0800][2909.422s] GC(1173) Pause Young (Normal) (G1 Evacuation Pause) 401M->102M(512M) 1.997ms
[2023-04-09T19:29:33.913+0800][2909.422s] GC(1173) User=0.00s Sys=0.00s Real=0.00s
[2023-04-09T19:29:34.360+0800][2909.868s] GC(1174) Pause Young (Normal) (G1 Evacuation Pause)
[2023-04-09T19:29:34.360+0800][2909.868s] GC(1174) Using 8 workers of 8 for evacuation
[2023-04-09T19:29:34.362+0800][2909.870s] GC(1174)   Pre Evacuate Collection Set: 0.0ms
[2023-04-09T19:29:34.362+0800][2909.870s] GC(1174)   Evacuate Collection Set: 1.1ms
[2023-04-09T19:29:34.362+0800][2909.870s] GC(1174)   Post Evacuate Collection Set: 0.7ms
[2023-04-09T19:29:34.362+0800][2909.870s] GC(1174)   Other: 0.1ms
[2023-04-09T19:29:34.362+0800][2909.870s] GC(1174) Eden regions: 298->0(297)
[2023-04-09T19:29:34.362+0800][2909.870s] GC(1174) Survivor regions: 9->10(39)
[2023-04-09T19:29:34.362+0800][2909.870s] GC(1174) Old regions: 80->80
[2023-04-09T19:29:34.362+0800][2909.870s] GC(1174) Humongous regions: 29->22
[2023-04-09T19:29:34.362+0800][2909.870s] GC(1174) Metaspace: 62358K(65392K)->62358K(65392K) NonClass: 55403K(57252K)->55403K(57252K) Class: 6954K(8140K)->6954K(8140K)
[2023-04-09T19:29:34.362+0800][2909.871s] GC(1174) Pause Young (Normal) (G1 Evacuation Pause) 414M->111M(512M) 2.174ms
[2023-04-09T19:29:34.362+0800][2909.871s] GC(1174) User=0.00s Sys=0.00s Real=0.00s
[2023-04-09T19:29:35.316+0800][2910.825s] GC(1175) Pause Young (Normal) (G1 Evacuation Pause)
[2023-04-09T19:29:35.316+0800][2910.825s] GC(1175) Using 8 workers of 8 for evacuation
[2023-04-09T19:29:35.317+0800][2910.826s] GC(1175)   Pre Evacuate Collection Set: 0.0ms
[2023-04-09T19:29:35.317+0800][2910.826s] GC(1175)   Evacuate Collection Set: 0.3ms
[2023-04-09T19:29:35.317+0800][2910.826s] GC(1175)   Post Evacuate Collection Set: 0.5ms
[2023-04-09T19:29:35.317+0800][2910.826s] GC(1175)   Other: 0.2ms
[2023-04-09T19:29:35.317+0800][2910.826s] GC(1175) Eden regions: 297->0(306)
[2023-04-09T19:29:35.317+0800][2910.826s] GC(1175) Survivor regions: 10->1(39)
[2023-04-09T19:29:35.317+0800][2910.826s] GC(1175) Old regions: 80->80
[2023-04-09T19:29:35.317+0800][2910.826s] GC(1175) Humongous regions: 27->13
[2023-04-09T19:29:35.317+0800][2910.826s] GC(1175) Metaspace: 62358K(65392K)->62358K(65392K) NonClass: 55403K(57252K)->55403K(57252K) Class: 6954K(8140K)->6954K(8140K)
[2023-04-09T19:29:35.317+0800][2910.826s] GC(1175) Pause Young (Normal) (G1 Evacuation Pause) 413M->92M(512M) 1.144ms
[2023-04-09T19:29:35.317+0800][2910.826s] GC(1175) User=0.00s Sys=0.00s Real=0.00s
[2023-04-09T19:29:35.754+0800][2911.263s] GC(1176) Pause Young (Normal) (G1 Evacuation Pause)
[2023-04-09T19:29:35.754+0800][2911.263s] GC(1176) Using 8 workers of 8 for evacuation
[2023-04-09T19:29:35.755+0800][2911.264s] GC(1176)   Pre Evacuate Collection Set: 0.0ms
[2023-04-09T19:29:35.755+0800][2911.264s] GC(1176)   Evacuate Collection Set: 0.8ms
[2023-04-09T19:29:35.755+0800][2911.264s] GC(1176)   Post Evacuate Collection Set: 0.5ms
[2023-04-09T19:29:35.755+0800][2911.264s] GC(1176)   Other: 0.2ms
[2023-04-09T19:29:35.755+0800][2911.264s] GC(1176) Eden regions: 306->0(300)
[2023-04-09T19:29:35.755+0800][2911.264s] GC(1176) Survivor regions: 1->7(39)
[2023-04-09T19:29:35.755+0800][2911.264s] GC(1176) Old regions: 80->80
[2023-04-09T19:29:35.755+0800][2911.264s] GC(1176) Humongous regions: 16->15
[2023-04-09T19:29:35.755+0800][2911.264s] GC(1176) Metaspace: 62358K(65392K)->62358K(65392K) NonClass: 55403K(57252K)->55403K(57252K) Class: 6954K(8140K)->6954K(8140K)
[2023-04-09T19:29:35.755+0800][2911.264s] GC(1176) Pause Young (Normal) (G1 Evacuation Pause) 401M->100M(512M) 1.700ms
[2023-04-09T19:29:35.755+0800][2911.264s] GC(1176) User=0.00s Sys=0.00s Real=0.00s
[2023-04-09T19:29:36.188+0800][2911.696s] GC(1177) Pause Young (Normal) (G1 Evacuation Pause)
[2023-04-09T19:29:36.188+0800][2911.696s] GC(1177) Using 8 workers of 8 for evacuation
[2023-04-09T19:29:36.190+0800][2911.698s] GC(1177)   Pre Evacuate Collection Set: 0.1ms
[2023-04-09T19:29:36.190+0800][2911.698s] GC(1177)   Evacuate Collection Set: 1.1ms
[2023-04-09T19:29:36.190+0800][2911.698s] GC(1177)   Post Evacuate Collection Set: 0.7ms
[2023-04-09T19:29:36.190+0800][2911.699s] GC(1177)   Other: 0.2ms
[2023-04-09T19:29:36.190+0800][2911.699s] GC(1177) Eden regions: 300->0(298)
[2023-04-09T19:29:36.190+0800][2911.699s] GC(1177) Survivor regions: 7->9(39)
[2023-04-09T19:29:36.190+0800][2911.699s] GC(1177) Old regions: 80->80
[2023-04-09T19:29:36.190+0800][2911.699s] GC(1177) Humongous regions: 21->21
[2023-04-09T19:29:36.190+0800][2911.699s] GC(1177) Metaspace: 62358K(65392K)->62358K(65392K) NonClass: 55403K(57252K)->55403K(57252K) Class: 6954K(8140K)->6954K(8140K)
[2023-04-09T19:29:36.190+0800][2911.699s] GC(1177) Pause Young (Normal) (G1 Evacuation Pause) 406M->109M(512M) 2.296ms
[2023-04-09T19:29:36.190+0800][2911.699s] GC(1177) User=0.00s Sys=0.00s Real=0.00s
[2023-04-09T19:29:36.702+0800][2912.211s] GC(1178) Pause Young (Normal) (G1 Evacuation Pause)
[2023-04-09T19:29:36.702+0800][2912.211s] GC(1178) Using 8 workers of 8 for evacuation
[2023-04-09T19:29:36.704+0800][2912.213s] GC(1178)   Pre Evacuate Collection Set: 0.0ms
[2023-04-09T19:29:36.704+0800][2912.213s] GC(1178)   Evacuate Collection Set: 1.1ms
[2023-04-09T19:29:36.704+0800][2912.213s] GC(1178)   Post Evacuate Collection Set: 0.7ms
[2023-04-09T19:29:36.704+0800][2912.213s] GC(1178)   Other: 0.2ms
[2023-04-09T19:29:36.704+0800][2912.213s] GC(1178) Eden regions: 298->0(296)
[2023-04-09T19:29:36.704+0800][2912.213s] GC(1178) Survivor regions: 9->11(39)
[2023-04-09T19:29:36.704+0800][2912.213s] GC(1178) Old regions: 80->80
[2023-04-09T19:29:36.704+0800][2912.213s] GC(1178) Humongous regions: 34->22
[2023-04-09T19:29:36.704+0800][2912.213s] GC(1178) Metaspace: 62358K(65392K)->62358K(65392K) NonClass: 55403K(57252K)->55403K(57252K) Class: 6954K(8140K)->6954K(8140K)
[2023-04-09T19:29:36.704+0800][2912.213s] GC(1178) Pause Young (Normal) (G1 Evacuation Pause) 420M->111M(512M) 2.148ms
[2023-04-09T19:29:36.704+0800][2912.213s] GC(1178) User=0.00s Sys=0.00s Real=0.00s
[2023-04-09T19:29:37.202+0800][2912.711s] GC(1179) Pause Young (Normal) (G1 Evacuation Pause)
[2023-04-09T19:29:37.202+0800][2912.711s] GC(1179) Using 8 workers of 8 for evacuation
[2023-04-09T19:29:37.204+0800][2912.713s] GC(1179)   Pre Evacuate Collection Set: 0.0ms
[2023-04-09T19:29:37.204+0800][2912.713s] GC(1179)   Evacuate Collection Set: 0.6ms
[2023-04-09T19:29:37.204+0800][2912.713s] GC(1179)   Post Evacuate Collection Set: 0.6ms
[2023-04-09T19:29:37.204+0800][2912.713s] GC(1179)   Other: 0.2ms
[2023-04-09T19:29:37.204+0800][2912.713s] GC(1179) Eden regions: 296->0(302)
[2023-04-09T19:29:37.204+0800][2912.713s] GC(1179) Survivor regions: 11->5(39)
[2023-04-09T19:29:37.204+0800][2912.713s] GC(1179) Old regions: 80->80
[2023-04-09T19:29:37.204+0800][2912.713s] GC(1179) Humongous regions: 23->14
[2023-04-09T19:29:37.204+0800][2912.713s] GC(1179) Metaspace: 62358K(65392K)->62358K(65392K) NonClass: 55403K(57252K)->55403K(57252K) Class: 6954K(8140K)->6954K(8140K)
[2023-04-09T19:29:37.204+0800][2912.713s] GC(1179) Pause Young (Normal) (G1 Evacuation Pause) 408M->98M(512M) 1.606ms
[2023-04-09T19:29:37.204+0800][2912.713s] GC(1179) User=0.00s Sys=0.00s Real=0.00s
[2023-04-09T19:29:37.630+0800][2913.138s] GC(1180) Pause Young (Normal) (G1 Evacuation Pause)
[2023-04-09T19:29:37.630+0800][2913.138s] GC(1180) Using 8 workers of 8 for evacuation
[2023-04-09T19:29:37.632+0800][2913.140s] GC(1180)   Pre Evacuate Collection Set: 0.0ms
[2023-04-09T19:29:37.632+0800][2913.140s] GC(1180)   Evacuate Collection Set: 1.2ms
[2023-04-09T19:29:37.632+0800][2913.140s] GC(1180)   Post Evacuate Collection Set: 0.6ms
[2023-04-09T19:29:37.632+0800][2913.140s] GC(1180)   Other: 0.2ms
[2023-04-09T19:29:37.632+0800][2913.140s] GC(1180) Eden regions: 302->0(296)
[2023-04-09T19:29:37.632+0800][2913.140s] GC(1180) Survivor regions: 5->11(39)
[2023-04-09T19:29:37.632+0800][2913.140s] GC(1180) Old regions: 80->80
[2023-04-09T19:29:37.632+0800][2913.140s] GC(1180) Humongous regions: 17->16
[2023-04-09T19:29:37.632+0800][2913.140s] GC(1180) Metaspace: 62358K(65392K)->62358K(65392K) NonClass: 55403K(57252K)->55403K(57252K) Class: 6954K(8140K)->6954K(8140K)
[2023-04-09T19:29:37.632+0800][2913.140s] GC(1180) Pause Young (Normal) (G1 Evacuation Pause) 403M->106M(512M) 2.128ms
[2023-04-09T19:29:37.632+0800][2913.140s] GC(1180) User=0.00s Sys=0.00s Real=0.00s
[2023-04-09T19:29:38.181+0800][2913.690s] GC(1181) Pause Young (Normal) (G1 Evacuation Pause)
[2023-04-09T19:29:38.181+0800][2913.690s] GC(1181) Using 8 workers of 8 for evacuation
[2023-04-09T19:29:38.182+0800][2913.692s] GC(1181)   Pre Evacuate Collection Set: 0.0ms
[2023-04-09T19:29:38.182+0800][2913.692s] GC(1181)   Evacuate Collection Set: 1.1ms
[2023-04-09T19:29:38.182+0800][2913.692s] GC(1181)   Post Evacuate Collection Set: 0.6ms
[2023-04-09T19:29:38.182+0800][2913.692s] GC(1181)   Other: 0.2ms
[2023-04-09T19:29:38.182+0800][2913.692s] GC(1181) Eden regions: 296->0(296)
[2023-04-09T19:29:38.182+0800][2913.692s] GC(1181) Survivor regions: 11->11(39)
[2023-04-09T19:29:38.182+0800][2913.692s] GC(1181) Old regions: 80->80
[2023-04-09T19:29:38.182+0800][2913.692s] GC(1181) Humongous regions: 34->22
[2023-04-09T19:29:38.182+0800][2913.692s] GC(1181) Metaspace: 62358K(65392K)->62358K(65392K) NonClass: 55403K(57252K)->55403K(57252K) Class: 6954K(8140K)->6954K(8140K)
[2023-04-09T19:29:38.183+0800][2913.692s] GC(1181) Pause Young (Normal) (G1 Evacuation Pause) 420M->111M(512M) 2.101ms
[2023-04-09T19:29:38.183+0800][2913.692s] GC(1181) User=0.00s Sys=0.02s Real=0.00s
[2023-04-09T19:29:38.661+0800][2914.170s] GC(1182) Pause Young (Normal) (G1 Evacuation Pause)
[2023-04-09T19:29:38.661+0800][2914.170s] GC(1182) Using 8 workers of 8 for evacuation
[2023-04-09T19:29:38.662+0800][2914.171s] GC(1182)   Pre Evacuate Collection Set: 0.0ms
[2023-04-09T19:29:38.662+0800][2914.171s] GC(1182)   Evacuate Collection Set: 0.5ms
[2023-04-09T19:29:38.662+0800][2914.171s] GC(1182)   Post Evacuate Collection Set: 0.5ms
[2023-04-09T19:29:38.662+0800][2914.171s] GC(1182)   Other: 0.2ms
[2023-04-09T19:29:38.663+0800][2914.171s] GC(1182) Eden regions: 296->0(303)
[2023-04-09T19:29:38.663+0800][2914.171s] GC(1182) Survivor regions: 11->4(39)
[2023-04-09T19:29:38.663+0800][2914.171s] GC(1182) Old regions: 80->80
[2023-04-09T19:29:38.663+0800][2914.171s] GC(1182) Humongous regions: 23->14
[2023-04-09T19:29:38.663+0800][2914.171s] GC(1182) Metaspace: 62358K(65392K)->62358K(65392K) NonClass: 55403K(57252K)->55403K(57252K) Class: 6954K(8140K)->6954K(8140K)
[2023-04-09T19:29:38.663+0800][2914.171s] GC(1182) Pause Young (Normal) (G1 Evacuation Pause) 408M->97M(512M) 1.510ms
[2023-04-09T19:29:38.663+0800][2914.171s] GC(1182) User=0.00s Sys=0.00s Real=0.00s
[2023-04-09T19:29:39.092+0800][2914.601s] GC(1183) Pause Young (Normal) (G1 Evacuation Pause)
[2023-04-09T19:29:39.092+0800][2914.601s] GC(1183) Using 8 workers of 8 for evacuation
[2023-04-09T19:29:39.094+0800][2914.603s] GC(1183)   Pre Evacuate Collection Set: 0.0ms
[2023-04-09T19:29:39.094+0800][2914.603s] GC(1183)   Evacuate Collection Set: 1.0ms
[2023-04-09T19:29:39.094+0800][2914.603s] GC(1183)   Post Evacuate Collection Set: 0.5ms
[2023-04-09T19:29:39.094+0800][2914.603s] GC(1183)   Other: 0.2ms
[2023-04-09T19:29:39.094+0800][2914.603s] GC(1183) Eden regions: 303->0(298)
[2023-04-09T19:29:39.094+0800][2914.603s] GC(1183) Survivor regions: 4->9(39)
[2023-04-09T19:29:39.094+0800][2914.603s] GC(1183) Old regions: 80->80
[2023-04-09T19:29:39.094+0800][2914.603s] GC(1183) Humongous regions: 17->16
[2023-04-09T19:29:39.094+0800][2914.603s] GC(1183) Metaspace: 62358K(65392K)->62358K(65392K) NonClass: 55403K(57252K)->55403K(57252K) Class: 6954K(8140K)->6954K(8140K)
[2023-04-09T19:29:39.094+0800][2914.603s] GC(1183) Pause Young (Normal) (G1 Evacuation Pause) 403M->104M(512M) 1.862ms
[2023-04-09T19:29:39.094+0800][2914.603s] GC(1183) User=0.00s Sys=0.00s Real=0.00s
[2023-04-09T19:29:39.582+0800][2915.091s] GC(1184) Pause Young (Normal) (G1 Evacuation Pause)
[2023-04-09T19:29:39.583+0800][2915.091s] GC(1184) Using 8 workers of 8 for evacuation
[2023-04-09T19:29:39.584+0800][2915.093s] GC(1184)   Pre Evacuate Collection Set: 0.0ms
[2023-04-09T19:29:39.584+0800][2915.093s] GC(1184)   Evacuate Collection Set: 1.0ms
[2023-04-09T19:29:39.584+0800][2915.093s] GC(1184)   Post Evacuate Collection Set: 0.6ms
[2023-04-09T19:29:39.584+0800][2915.093s] GC(1184)   Other: 0.2ms
[2023-04-09T19:29:39.584+0800][2915.093s] GC(1184) Eden regions: 298->0(297)
[2023-04-09T19:29:39.584+0800][2915.093s] GC(1184) Survivor regions: 9->10(39)
[2023-04-09T19:29:39.584+0800][2915.093s] GC(1184) Old regions: 80->80
[2023-04-09T19:29:39.584+0800][2915.093s] GC(1184) Humongous regions: 34->22
[2023-04-09T19:29:39.584+0800][2915.093s] GC(1184) Metaspace: 62358K(65392K)->62358K(65392K) NonClass: 55403K(57252K)->55403K(57252K) Class: 6954K(8140K)->6954K(8140K)
[2023-04-09T19:29:39.584+0800][2915.093s] GC(1184) Pause Young (Normal) (G1 Evacuation Pause) 420M->111M(512M) 1.977ms
[2023-04-09T19:29:39.584+0800][2915.093s] GC(1184) User=0.00s Sys=0.00s Real=0.00s
[2023-04-09T19:29:40.187+0800][2915.696s] GC(1185) Pause Young (Normal) (G1 Evacuation Pause)
[2023-04-09T19:29:40.187+0800][2915.696s] GC(1185) Using 8 workers of 8 for evacuation
[2023-04-09T19:29:40.189+0800][2915.698s] GC(1185)   Pre Evacuate Collection Set: 0.0ms
[2023-04-09T19:29:40.189+0800][2915.698s] GC(1185)   Evacuate Collection Set: 0.6ms
[2023-04-09T19:29:40.189+0800][2915.698s] GC(1185)   Post Evacuate Collection Set: 0.7ms
[2023-04-09T19:29:40.189+0800][2915.698s] GC(1185)   Other: 0.1ms
[2023-04-09T19:29:40.189+0800][2915.698s] GC(1185) Eden regions: 297->0(304)
[2023-04-09T19:29:40.189+0800][2915.698s] GC(1185) Survivor regions: 10->3(39)
[2023-04-09T19:29:40.189+0800][2915.698s] GC(1185) Old regions: 80->80
[2023-04-09T19:29:40.189+0800][2915.698s] GC(1185) Humongous regions: 22->13
[2023-04-09T19:29:40.189+0800][2915.698s] GC(1185) Metaspace: 62366K(65392K)->62366K(65392K) NonClass: 55411K(57252K)->55411K(57252K) Class: 6954K(8140K)->6954K(8140K)
[2023-04-09T19:29:40.189+0800][2915.698s] GC(1185) Pause Young (Normal) (G1 Evacuation Pause) 408M->95M(512M) 1.657ms
[2023-04-09T19:29:40.189+0800][2915.698s] GC(1185) User=0.00s Sys=0.00s Real=0.00s
[2023-04-09T19:29:40.393+0800][2915.902s] GC(1186) Pause Young (Normal) (G1 Evacuation Pause)
[2023-04-09T19:29:40.393+0800][2915.902s] GC(1186) Using 8 workers of 8 for evacuation
[2023-04-09T19:29:40.394+0800][2915.903s] GC(1186)   Pre Evacuate Collection Set: 0.0ms
[2023-04-09T19:29:40.394+0800][2915.903s] GC(1186)   Evacuate Collection Set: 0.8ms
[2023-04-09T19:29:40.394+0800][2915.903s] GC(1186)   Post Evacuate Collection Set: 0.4ms
[2023-04-09T19:29:40.394+0800][2915.903s] GC(1186)   Other: 0.2ms
[2023-04-09T19:29:40.394+0800][2915.903s] GC(1186) Eden regions: 304->0(302)
[2023-04-09T19:29:40.394+0800][2915.903s] GC(1186) Survivor regions: 3->5(39)
[2023-04-09T19:29:40.394+0800][2915.903s] GC(1186) Old regions: 80->80
[2023-04-09T19:29:40.394+0800][2915.903s] GC(1186) Humongous regions: 14->14
[2023-04-09T19:29:40.394+0800][2915.903s] GC(1186) Metaspace: 62366K(65392K)->62366K(65392K) NonClass: 55411K(57252K)->55411K(57252K) Class: 6954K(8140K)->6954K(8140K)
[2023-04-09T19:29:40.395+0800][2915.904s] GC(1186) Pause Young (Normal) (G1 Evacuation Pause) 400M->98M(512M) 1.652ms
[2023-04-09T19:29:40.395+0800][2915.904s] GC(1186) User=0.00s Sys=0.00s Real=0.00s
[2023-04-09T19:29:40.595+0800][2916.104s] GC(1187) Pause Young (Normal) (G1 Evacuation Pause)
[2023-04-09T19:29:40.595+0800][2916.104s] GC(1187) Using 8 workers of 8 for evacuation
[2023-04-09T19:29:40.597+0800][2916.105s] GC(1187)   Pre Evacuate Collection Set: 0.0ms
[2023-04-09T19:29:40.597+0800][2916.105s] GC(1187)   Evacuate Collection Set: 0.9ms
[2023-04-09T19:29:40.597+0800][2916.105s] GC(1187)   Post Evacuate Collection Set: 0.5ms
[2023-04-09T19:29:40.597+0800][2916.105s] GC(1187)   Other: 0.1ms
[2023-04-09T19:29:40.597+0800][2916.105s] GC(1187) Eden regions: 302->0(299)
[2023-04-09T19:29:40.597+0800][2916.105s] GC(1187) Survivor regions: 5->8(39)
[2023-04-09T19:29:40.597+0800][2916.106s] GC(1187) Old regions: 80->80
[2023-04-09T19:29:40.597+0800][2916.106s] GC(1187) Humongous regions: 16->15
[2023-04-09T19:29:40.597+0800][2916.106s] GC(1187) Metaspace: 62366K(65392K)->62366K(65392K) NonClass: 55411K(57252K)->55411K(57252K) Class: 6954K(8140K)->6954K(8140K)
[2023-04-09T19:29:40.597+0800][2916.106s] GC(1187) Pause Young (Normal) (G1 Evacuation Pause) 402M->102M(512M) 1.734ms
[2023-04-09T19:29:40.597+0800][2916.106s] GC(1187) User=0.00s Sys=0.00s Real=0.00s
[2023-04-09T19:29:40.820+0800][2916.329s] GC(1188) Pause Young (Normal) (G1 Evacuation Pause)
[2023-04-09T19:29:40.820+0800][2916.329s] GC(1188) Using 8 workers of 8 for evacuation
[2023-04-09T19:29:40.822+0800][2916.331s] GC(1188)   Pre Evacuate Collection Set: 0.0ms
[2023-04-09T19:29:40.822+0800][2916.331s] GC(1188)   Evacuate Collection Set: 1.2ms
[2023-04-09T19:29:40.822+0800][2916.331s] GC(1188)   Post Evacuate Collection Set: 0.5ms
[2023-04-09T19:29:40.822+0800][2916.331s] GC(1188)   Other: 0.2ms
[2023-04-09T19:29:40.822+0800][2916.331s] GC(1188) Eden regions: 299->0(296)
[2023-04-09T19:29:40.822+0800][2916.331s] GC(1188) Survivor regions: 8->11(39)
[2023-04-09T19:29:40.822+0800][2916.331s] GC(1188) Old regions: 80->80
[2023-04-09T19:29:40.822+0800][2916.331s] GC(1188) Humongous regions: 15->15
[2023-04-09T19:29:40.822+0800][2916.331s] GC(1188) Metaspace: 62366K(65392K)->62366K(65392K) NonClass: 55411K(57252K)->55411K(57252K) Class: 6954K(8140K)->6954K(8140K)
[2023-04-09T19:29:40.823+0800][2916.331s] GC(1188) Pause Young (Normal) (G1 Evacuation Pause) 401M->104M(512M) 2.086ms
[2023-04-09T19:29:40.823+0800][2916.331s] GC(1188) User=0.00s Sys=0.00s Real=0.00s
[2023-04-09T19:29:41.074+0800][2916.582s] GC(1189) Pause Young (Normal) (G1 Evacuation Pause)
[2023-04-09T19:29:41.074+0800][2916.582s] GC(1189) Using 8 workers of 8 for evacuation
[2023-04-09T19:29:41.076+0800][2916.584s] GC(1189)   Pre Evacuate Collection Set: 0.0ms
[2023-04-09T19:29:41.076+0800][2916.584s] GC(1189)   Evacuate Collection Set: 1.2ms
[2023-04-09T19:29:41.076+0800][2916.584s] GC(1189)   Post Evacuate Collection Set: 0.6ms
[2023-04-09T19:29:41.076+0800][2916.584s] GC(1189)   Other: 0.2ms
[2023-04-09T19:29:41.076+0800][2916.584s] GC(1189) Eden regions: 296->0(297)
[2023-04-09T19:29:41.076+0800][2916.584s] GC(1189) Survivor regions: 11->10(39)
[2023-04-09T19:29:41.076+0800][2916.584s] GC(1189) Old regions: 80->80
[2023-04-09T19:29:41.076+0800][2916.584s] GC(1189) Humongous regions: 21->21
[2023-04-09T19:29:41.076+0800][2916.584s] GC(1189) Metaspace: 62366K(65392K)->62366K(65392K) NonClass: 55411K(57252K)->55411K(57252K) Class: 6954K(8140K)->6954K(8140K)
[2023-04-09T19:29:41.076+0800][2916.584s] GC(1189) Pause Young (Normal) (G1 Evacuation Pause) 406M->110M(512M) 2.249ms
[2023-04-09T19:29:41.076+0800][2916.584s] GC(1189) User=0.11s Sys=0.00s Real=0.00s
[2023-04-09T19:29:41.405+0800][2916.914s] GC(1190) Pause Young (Normal) (G1 Evacuation Pause)
[2023-04-09T19:29:41.405+0800][2916.914s] GC(1190) Using 8 workers of 8 for evacuation
[2023-04-09T19:29:41.407+0800][2916.916s] GC(1190)   Pre Evacuate Collection Set: 0.0ms
[2023-04-09T19:29:41.407+0800][2916.916s] GC(1190)   Evacuate Collection Set: 1.2ms
[2023-04-09T19:29:41.407+0800][2916.916s] GC(1190)   Post Evacuate Collection Set: 0.6ms
[2023-04-09T19:29:41.407+0800][2916.916s] GC(1190)   Other: 0.1ms
[2023-04-09T19:29:41.407+0800][2916.916s] GC(1190) Eden regions: 297->0(296)
[2023-04-09T19:29:41.407+0800][2916.916s] GC(1190) Survivor regions: 10->11(39)
[2023-04-09T19:29:41.407+0800][2916.916s] GC(1190) Old regions: 80->80
[2023-04-09T19:29:41.407+0800][2916.916s] GC(1190) Humongous regions: 34->22
[2023-04-09T19:29:41.407+0800][2916.916s] GC(1190) Metaspace: 62366K(65392K)->62366K(65392K) NonClass: 55411K(57252K)->55411K(57252K) Class: 6954K(8140K)->6954K(8140K)
[2023-04-09T19:29:41.407+0800][2916.916s] GC(1190) Pause Young (Normal) (G1 Evacuation Pause) 420M->112M(512M) 2.127ms
[2023-04-09T19:29:41.407+0800][2916.916s] GC(1190) User=0.00s Sys=0.00s Real=0.00s
[2023-04-09T19:29:41.650+0800][2917.159s] GC(1191) Pause Young (Normal) (G1 Evacuation Pause)
[2023-04-09T19:29:41.650+0800][2917.159s] GC(1191) Using 8 workers of 8 for evacuation
[2023-04-09T19:29:41.652+0800][2917.161s] GC(1191)   Pre Evacuate Collection Set: 0.0ms
[2023-04-09T19:29:41.652+0800][2917.161s] GC(1191)   Evacuate Collection Set: 1.3ms
[2023-04-09T19:29:41.652+0800][2917.161s] GC(1191)   Post Evacuate Collection Set: 0.5ms
[2023-04-09T19:29:41.653+0800][2917.161s] GC(1191)   Other: 0.2ms
[2023-04-09T19:29:41.653+0800][2917.161s] GC(1191) Eden regions: 296->0(295)
[2023-04-09T19:29:41.653+0800][2917.161s] GC(1191) Survivor regions: 11->12(39)
[2023-04-09T19:29:41.653+0800][2917.161s] GC(1191) Old regions: 80->80
[2023-04-09T19:29:41.653+0800][2917.161s] GC(1191) Humongous regions: 22->22
[2023-04-09T19:29:41.653+0800][2917.161s] GC(1191) Metaspace: 62366K(65392K)->62366K(65392K) NonClass: 55411K(57252K)->55411K(57252K) Class: 6954K(8140K)->6954K(8140K)
[2023-04-09T19:29:41.653+0800][2917.161s] GC(1191) Pause Young (Normal) (G1 Evacuation Pause) 408M->112M(512M) 2.261ms
[2023-04-09T19:29:41.653+0800][2917.161s] GC(1191) User=0.00s Sys=0.02s Real=0.00s
[2023-04-09T19:29:41.965+0800][2917.474s] GC(1192) Pause Young (Normal) (G1 Evacuation Pause)
[2023-04-09T19:29:41.965+0800][2917.474s] GC(1192) Using 8 workers of 8 for evacuation
[2023-04-09T19:29:41.967+0800][2917.475s] GC(1192)   Pre Evacuate Collection Set: 0.0ms
[2023-04-09T19:29:41.967+0800][2917.475s] GC(1192)   Evacuate Collection Set: 0.6ms
[2023-04-09T19:29:41.967+0800][2917.475s] GC(1192)   Post Evacuate Collection Set: 0.5ms
[2023-04-09T19:29:41.967+0800][2917.475s] GC(1192)   Other: 0.2ms
[2023-04-09T19:29:41.967+0800][2917.475s] GC(1192) Eden regions: 295->0(303)
[2023-04-09T19:29:41.967+0800][2917.475s] GC(1192) Survivor regions: 12->4(39)
[2023-04-09T19:29:41.967+0800][2917.475s] GC(1192) Old regions: 80->80
[2023-04-09T19:29:41.967+0800][2917.475s] GC(1192) Humongous regions: 22->13
[2023-04-09T19:29:41.967+0800][2917.475s] GC(1192) Metaspace: 62366K(65392K)->62366K(65392K) NonClass: 55411K(57252K)->55411K(57252K) Class: 6954K(8140K)->6954K(8140K)
[2023-04-09T19:29:41.967+0800][2917.475s] GC(1192) Pause Young (Normal) (G1 Evacuation Pause) 407M->96M(512M) 1.569ms
[2023-04-09T19:29:41.967+0800][2917.475s] GC(1192) User=0.00s Sys=0.00s Real=0.00s
[2023-04-09T19:29:42.239+0800][2917.749s] GC(1193) Pause Young (Normal) (G1 Evacuation Pause)
[2023-04-09T19:29:42.239+0800][2917.749s] GC(1193) Using 8 workers of 8 for evacuation
[2023-04-09T19:29:42.241+0800][2917.750s] GC(1193)   Pre Evacuate Collection Set: 0.0ms
[2023-04-09T19:29:42.241+0800][2917.751s] GC(1193)   Evacuate Collection Set: 0.9ms
[2023-04-09T19:29:42.241+0800][2917.751s] GC(1193)   Post Evacuate Collection Set: 0.8ms
[2023-04-09T19:29:42.241+0800][2917.751s] GC(1193)   Other: 0.2ms
[2023-04-09T19:29:42.241+0800][2917.751s] GC(1193) Eden regions: 303->0(299)
[2023-04-09T19:29:42.241+0800][2917.751s] GC(1193) Survivor regions: 4->8(39)
[2023-04-09T19:29:42.241+0800][2917.751s] GC(1193) Old regions: 80->80
[2023-04-09T19:29:42.241+0800][2917.751s] GC(1193) Humongous regions: 14->14
[2023-04-09T19:29:42.241+0800][2917.751s] GC(1193) Metaspace: 62366K(65392K)->62366K(65392K) NonClass: 55411K(57252K)->55411K(57252K) Class: 6954K(8140K)->6954K(8140K)
[2023-04-09T19:29:42.241+0800][2917.751s] GC(1193) Pause Young (Normal) (G1 Evacuation Pause) 400M->100M(512M) 2.144ms
[2023-04-09T19:29:42.242+0800][2917.751s] GC(1193) User=0.00s Sys=0.00s Real=0.00s
[2023-04-09T19:29:42.530+0800][2918.039s] GC(1194) Pause Young (Normal) (G1 Evacuation Pause)
[2023-04-09T19:29:42.530+0800][2918.039s] GC(1194) Using 8 workers of 8 for evacuation
[2023-04-09T19:29:42.532+0800][2918.041s] GC(1194)   Pre Evacuate Collection Set: 0.0ms
[2023-04-09T19:29:42.532+0800][2918.041s] GC(1194)   Evacuate Collection Set: 1.3ms
[2023-04-09T19:29:42.532+0800][2918.041s] GC(1194)   Post Evacuate Collection Set: 0.5ms
[2023-04-09T19:29:42.532+0800][2918.041s] GC(1194)   Other: 0.1ms
[2023-04-09T19:29:42.532+0800][2918.041s] GC(1194) Eden regions: 299->0(296)
[2023-04-09T19:29:42.532+0800][2918.041s] GC(1194) Survivor regions: 8->11(39)
[2023-04-09T19:29:42.532+0800][2918.041s] GC(1194) Old regions: 80->80
[2023-04-09T19:29:42.532+0800][2918.041s] GC(1194) Humongous regions: 16->15
[2023-04-09T19:29:42.532+0800][2918.041s] GC(1194) Metaspace: 62366K(65392K)->62366K(65392K) NonClass: 55411K(57252K)->55411K(57252K) Class: 6954K(8140K)->6954K(8140K)
[2023-04-09T19:29:42.532+0800][2918.041s] GC(1194) Pause Young (Normal) (G1 Evacuation Pause) 401M->105M(512M) 2.229ms
[2023-04-09T19:29:42.532+0800][2918.041s] GC(1194) User=0.00s Sys=0.00s Real=0.00s
[2023-04-09T19:29:42.789+0800][2918.297s] GC(1195) Pause Young (Normal) (G1 Evacuation Pause)
[2023-04-09T19:29:42.789+0800][2918.297s] GC(1195) Using 8 workers of 8 for evacuation
[2023-04-09T19:29:42.791+0800][2918.299s] GC(1195)   Pre Evacuate Collection Set: 0.0ms
[2023-04-09T19:29:42.791+0800][2918.300s] GC(1195)   Evacuate Collection Set: 1.4ms
[2023-04-09T19:29:42.791+0800][2918.300s] GC(1195)   Post Evacuate Collection Set: 0.5ms
[2023-04-09T19:29:42.791+0800][2918.300s] GC(1195)   Other: 0.2ms
[2023-04-09T19:29:42.791+0800][2918.300s] GC(1195) Eden regions: 296->0(296)
[2023-04-09T19:29:42.791+0800][2918.300s] GC(1195) Survivor regions: 11->11(39)
[2023-04-09T19:29:42.791+0800][2918.300s] GC(1195) Old regions: 80->80
[2023-04-09T19:29:42.791+0800][2918.300s] GC(1195) Humongous regions: 24->22
[2023-04-09T19:29:42.791+0800][2918.300s] GC(1195) Metaspace: 62366K(65392K)->62366K(65392K) NonClass: 55411K(57252K)->55411K(57252K) Class: 6954K(8140K)->6954K(8140K)
[2023-04-09T19:29:42.791+0800][2918.300s] GC(1195) Pause Young (Normal) (G1 Evacuation Pause) 410M->111M(512M) 2.277ms
[2023-04-09T19:29:42.791+0800][2918.300s] GC(1195) User=0.00s Sys=0.00s Real=0.00s
[2023-04-09T19:29:43.194+0800][2918.703s] GC(1196) Pause Young (Normal) (G1 Evacuation Pause)
[2023-04-09T19:29:43.194+0800][2918.703s] GC(1196) Using 8 workers of 8 for evacuation
[2023-04-09T19:29:43.196+0800][2918.705s] GC(1196)   Pre Evacuate Collection Set: 0.0ms
[2023-04-09T19:29:43.196+0800][2918.705s] GC(1196)   Evacuate Collection Set: 1.3ms
[2023-04-09T19:29:43.196+0800][2918.705s] GC(1196)   Post Evacuate Collection Set: 0.6ms
[2023-04-09T19:29:43.196+0800][2918.705s] GC(1196)   Other: 0.2ms
[2023-04-09T19:29:43.196+0800][2918.705s] GC(1196) Eden regions: 296->0(296)
[2023-04-09T19:29:43.196+0800][2918.705s] GC(1196) Survivor regions: 11->11(39)
[2023-04-09T19:29:43.196+0800][2918.705s] GC(1196) Old regions: 80->80
[2023-04-09T19:29:43.196+0800][2918.705s] GC(1196) Humongous regions: 32->22
[2023-04-09T19:29:43.196+0800][2918.705s] GC(1196) Metaspace: 62368K(65392K)->62368K(65392K) NonClass: 55413K(57252K)->55413K(57252K) Class: 6954K(8140K)->6954K(8140K)
[2023-04-09T19:29:43.196+0800][2918.705s] GC(1196) Pause Young (Normal) (G1 Evacuation Pause) 417M->112M(512M) 2.369ms
[2023-04-09T19:29:43.196+0800][2918.705s] GC(1196) User=0.00s Sys=0.00s Real=0.00s
[2023-04-09T19:29:43.649+0800][2919.158s] GC(1197) Pause Young (Normal) (G1 Evacuation Pause)
[2023-04-09T19:29:43.649+0800][2919.158s] GC(1197) Using 8 workers of 8 for evacuation
[2023-04-09T19:29:43.650+0800][2919.159s] GC(1197)   Pre Evacuate Collection Set: 0.0ms
[2023-04-09T19:29:43.650+0800][2919.159s] GC(1197)   Evacuate Collection Set: 0.6ms
[2023-04-09T19:29:43.650+0800][2919.159s] GC(1197)   Post Evacuate Collection Set: 0.4ms
[2023-04-09T19:29:43.650+0800][2919.159s] GC(1197)   Other: 0.2ms
[2023-04-09T19:29:43.650+0800][2919.159s] GC(1197) Eden regions: 296->0(303)
[2023-04-09T19:29:43.650+0800][2919.159s] GC(1197) Survivor regions: 11->4(39)
[2023-04-09T19:29:43.650+0800][2919.159s] GC(1197) Old regions: 80->80
[2023-04-09T19:29:43.650+0800][2919.159s] GC(1197) Humongous regions: 22->13
[2023-04-09T19:29:43.650+0800][2919.159s] GC(1197) Metaspace: 62368K(65392K)->62368K(65392K) NonClass: 55413K(57252K)->55413K(57252K) Class: 6954K(8140K)->6954K(8140K)
[2023-04-09T19:29:43.650+0800][2919.159s] GC(1197) Pause Young (Normal) (G1 Evacuation Pause) 408M->95M(512M) 1.387ms
[2023-04-09T19:29:43.650+0800][2919.159s] GC(1197) User=0.00s Sys=0.00s Real=0.00s
[2023-04-09T19:29:44.078+0800][2919.587s] GC(1198) Pause Young (Normal) (G1 Evacuation Pause)
[2023-04-09T19:29:44.079+0800][2919.587s] GC(1198) Using 8 workers of 8 for evacuation
[2023-04-09T19:29:44.080+0800][2919.589s] GC(1198)   Pre Evacuate Collection Set: 0.0ms
[2023-04-09T19:29:44.080+0800][2919.589s] GC(1198)   Evacuate Collection Set: 1.1ms
[2023-04-09T19:29:44.081+0800][2919.589s] GC(1198)   Post Evacuate Collection Set: 0.6ms
[2023-04-09T19:29:44.081+0800][2919.589s] GC(1198)   Other: 0.2ms
[2023-04-09T19:29:44.081+0800][2919.589s] GC(1198) Eden regions: 303->0(298)
[2023-04-09T19:29:44.081+0800][2919.589s] GC(1198) Survivor regions: 4->9(39)
[2023-04-09T19:29:44.081+0800][2919.589s] GC(1198) Old regions: 80->80
[2023-04-09T19:29:44.081+0800][2919.589s] GC(1198) Humongous regions: 16->15
[2023-04-09T19:29:44.081+0800][2919.589s] GC(1198) Metaspace: 62368K(65392K)->62368K(65392K) NonClass: 55413K(57252K)->55413K(57252K) Class: 6954K(8140K)->6954K(8140K)
[2023-04-09T19:29:44.081+0800][2919.590s] GC(1198) Pause Young (Normal) (G1 Evacuation Pause) 401M->103M(512M) 2.229ms
[2023-04-09T19:29:44.081+0800][2919.590s] GC(1198) User=0.00s Sys=0.00s Real=0.00s
[2023-04-09T19:29:44.557+0800][2920.066s] GC(1199) Pause Young (Normal) (G1 Evacuation Pause)
[2023-04-09T19:29:44.557+0800][2920.066s] GC(1199) Using 8 workers of 8 for evacuation
[2023-04-09T19:29:44.559+0800][2920.068s] GC(1199)   Pre Evacuate Collection Set: 0.0ms
[2023-04-09T19:29:44.559+0800][2920.068s] GC(1199)   Evacuate Collection Set: 1.1ms
[2023-04-09T19:29:44.559+0800][2920.068s] GC(1199)   Post Evacuate Collection Set: 0.6ms
[2023-04-09T19:29:44.559+0800][2920.068s] GC(1199)   Other: 0.2ms
[2023-04-09T19:29:44.559+0800][2920.068s] GC(1199) Eden regions: 298->0(297)
[2023-04-09T19:29:44.559+0800][2920.068s] GC(1199) Survivor regions: 9->10(39)
[2023-04-09T19:29:44.559+0800][2920.068s] GC(1199) Old regions: 80->80
[2023-04-09T19:29:44.559+0800][2920.068s] GC(1199) Humongous regions: 30->22
[2023-04-09T19:29:44.559+0800][2920.068s] GC(1199) Metaspace: 62368K(65392K)->62368K(65392K) NonClass: 55413K(57252K)->55413K(57252K) Class: 6954K(8140K)->6954K(8140K)
[2023-04-09T19:29:44.559+0800][2920.068s] GC(1199) Pause Young (Normal) (G1 Evacuation Pause) 416M->111M(512M) 2.260ms
[2023-04-09T19:29:44.559+0800][2920.068s] GC(1199) User=0.12s Sys=0.00s Real=0.00s
[2023-04-09T19:29:45.180+0800][2920.689s] GC(1200) Pause Young (Normal) (G1 Evacuation Pause)
[2023-04-09T19:29:45.180+0800][2920.689s] GC(1200) Using 8 workers of 8 for evacuation
[2023-04-09T19:29:45.181+0800][2920.690s] GC(1200)   Pre Evacuate Collection Set: 0.0ms
[2023-04-09T19:29:45.181+0800][2920.690s] GC(1200)   Evacuate Collection Set: 0.3ms
[2023-04-09T19:29:45.181+0800][2920.690s] GC(1200)   Post Evacuate Collection Set: 0.5ms
[2023-04-09T19:29:45.181+0800][2920.690s] GC(1200)   Other: 0.1ms
[2023-04-09T19:29:45.181+0800][2920.690s] GC(1200) Eden regions: 297->0(306)
[2023-04-09T19:29:45.181+0800][2920.690s] GC(1200) Survivor regions: 10->1(39)
[2023-04-09T19:29:45.181+0800][2920.690s] GC(1200) Old regions: 80->80
[2023-04-09T19:29:45.181+0800][2920.690s] GC(1200) Humongous regions: 27->13
[2023-04-09T19:29:45.181+0800][2920.690s] GC(1200) Metaspace: 62368K(65392K)->62368K(65392K) NonClass: 55413K(57252K)->55413K(57252K) Class: 6954K(8140K)->6954K(8140K)
[2023-04-09T19:29:45.181+0800][2920.690s] GC(1200) Pause Young (Normal) (G1 Evacuation Pause) 413M->93M(512M) 1.110ms
[2023-04-09T19:29:45.181+0800][2920.690s] GC(1200) User=0.00s Sys=0.00s Real=0.00s
[2023-04-09T19:29:45.613+0800][2921.122s] GC(1201) Pause Young (Normal) (G1 Evacuation Pause)
[2023-04-09T19:29:45.613+0800][2921.122s] GC(1201) Using 8 workers of 8 for evacuation
[2023-04-09T19:29:45.615+0800][2921.124s] GC(1201)   Pre Evacuate Collection Set: 0.0ms
[2023-04-09T19:29:45.615+0800][2921.124s] GC(1201)   Evacuate Collection Set: 0.8ms
[2023-04-09T19:29:45.615+0800][2921.124s] GC(1201)   Post Evacuate Collection Set: 0.6ms
[2023-04-09T19:29:45.615+0800][2921.124s] GC(1201)   Other: 0.2ms
[2023-04-09T19:29:45.615+0800][2921.124s] GC(1201) Eden regions: 306->0(300)
[2023-04-09T19:29:45.615+0800][2921.124s] GC(1201) Survivor regions: 1->7(39)
[2023-04-09T19:29:45.615+0800][2921.124s] GC(1201) Old regions: 80->80
[2023-04-09T19:29:45.615+0800][2921.124s] GC(1201) Humongous regions: 16->15
[2023-04-09T19:29:45.615+0800][2921.124s] GC(1201) Metaspace: 62368K(65392K)->62368K(65392K) NonClass: 55413K(57252K)->55413K(57252K) Class: 6954K(8140K)->6954K(8140K)
[2023-04-09T19:29:45.615+0800][2921.124s] GC(1201) Pause Young (Normal) (G1 Evacuation Pause) 402M->101M(512M) 1.786ms
[2023-04-09T19:29:45.615+0800][2921.124s] GC(1201) User=0.00s Sys=0.00s Real=0.00s
[2023-04-09T19:29:46.062+0800][2921.572s] GC(1202) Pause Young (Normal) (G1 Evacuation Pause)
[2023-04-09T19:29:46.062+0800][2921.572s] GC(1202) Using 8 workers of 8 for evacuation
[2023-04-09T19:29:46.064+0800][2921.573s] GC(1202)   Pre Evacuate Collection Set: 0.0ms
[2023-04-09T19:29:46.064+0800][2921.573s] GC(1202)   Evacuate Collection Set: 1.0ms
[2023-04-09T19:29:46.064+0800][2921.573s] GC(1202)   Post Evacuate Collection Set: 0.7ms
[2023-04-09T19:29:46.064+0800][2921.573s] GC(1202)   Other: 0.1ms
[2023-04-09T19:29:46.064+0800][2921.573s] GC(1202) Eden regions: 300->0(298)
[2023-04-09T19:29:46.064+0800][2921.573s] GC(1202) Survivor regions: 7->9(39)
[2023-04-09T19:29:46.064+0800][2921.573s] GC(1202) Old regions: 80->80
[2023-04-09T19:29:46.064+0800][2921.573s] GC(1202) Humongous regions: 21->21
[2023-04-09T19:29:46.064+0800][2921.574s] GC(1202) Metaspace: 62368K(65392K)->62368K(65392K) NonClass: 55413K(57252K)->55413K(57252K) Class: 6954K(8140K)->6954K(8140K)
[2023-04-09T19:29:46.064+0800][2921.574s] GC(1202) Pause Young (Normal) (G1 Evacuation Pause) 407M->109M(512M) 2.000ms
[2023-04-09T19:29:46.064+0800][2921.574s] GC(1202) User=0.00s Sys=0.00s Real=0.00s
[2023-04-09T19:29:46.592+0800][2922.102s] GC(1203) Pause Young (Normal) (G1 Evacuation Pause)
[2023-04-09T19:29:46.592+0800][2922.102s] GC(1203) Using 8 workers of 8 for evacuation
[2023-04-09T19:29:46.594+0800][2922.104s] GC(1203)   Pre Evacuate Collection Set: 0.0ms
[2023-04-09T19:29:46.594+0800][2922.104s] GC(1203)   Evacuate Collection Set: 1.1ms
[2023-04-09T19:29:46.594+0800][2922.104s] GC(1203)   Post Evacuate Collection Set: 0.6ms
[2023-04-09T19:29:46.594+0800][2922.104s] GC(1203)   Other: 0.2ms
[2023-04-09T19:29:46.594+0800][2922.104s] GC(1203) Eden regions: 298->0(297)
[2023-04-09T19:29:46.594+0800][2922.104s] GC(1203) Survivor regions: 9->10(39)
[2023-04-09T19:29:46.594+0800][2922.104s] GC(1203) Old regions: 80->80
[2023-04-09T19:29:46.594+0800][2922.104s] GC(1203) Humongous regions: 34->22
[2023-04-09T19:29:46.594+0800][2922.104s] GC(1203) Metaspace: 62368K(65392K)->62368K(65392K) NonClass: 55413K(57252K)->55413K(57252K) Class: 6954K(8140K)->6954K(8140K)
[2023-04-09T19:29:46.594+0800][2922.104s] GC(1203) Pause Young (Normal) (G1 Evacuation Pause) 420M->111M(512M) 2.087ms
[2023-04-09T19:29:46.594+0800][2922.104s] GC(1203) User=0.00s Sys=0.00s Real=0.00s
[2023-04-09T19:29:47.114+0800][2922.623s] GC(1204) Pause Young (Normal) (G1 Evacuation Pause)
[2023-04-09T19:29:47.114+0800][2922.623s] GC(1204) Using 8 workers of 8 for evacuation
[2023-04-09T19:29:47.116+0800][2922.624s] GC(1204)   Pre Evacuate Collection Set: 0.0ms
[2023-04-09T19:29:47.116+0800][2922.624s] GC(1204)   Evacuate Collection Set: 0.7ms
[2023-04-09T19:29:47.116+0800][2922.624s] GC(1204)   Post Evacuate Collection Set: 0.4ms
[2023-04-09T19:29:47.116+0800][2922.624s] GC(1204)   Other: 0.2ms
[2023-04-09T19:29:47.116+0800][2922.624s] GC(1204) Eden regions: 297->0(301)
[2023-04-09T19:29:47.116+0800][2922.624s] GC(1204) Survivor regions: 10->6(39)
[2023-04-09T19:29:47.116+0800][2922.624s] GC(1204) Old regions: 80->80
[2023-04-09T19:29:47.116+0800][2922.624s] GC(1204) Humongous regions: 23->14
[2023-04-09T19:29:47.116+0800][2922.624s] GC(1204) Metaspace: 62368K(65392K)->62368K(65392K) NonClass: 55413K(57252K)->55413K(57252K) Class: 6954K(8140K)->6954K(8140K)
[2023-04-09T19:29:47.116+0800][2922.624s] GC(1204) Pause Young (Normal) (G1 Evacuation Pause) 409M->98M(512M) 1.429ms
[2023-04-09T19:29:47.116+0800][2922.624s] GC(1204) User=0.00s Sys=0.00s Real=0.00s
[2023-04-09T19:29:47.581+0800][2923.089s] GC(1205) Pause Young (Normal) (G1 Evacuation Pause)
[2023-04-09T19:29:47.581+0800][2923.089s] GC(1205) Using 8 workers of 8 for evacuation
[2023-04-09T19:29:47.583+0800][2923.091s] GC(1205)   Pre Evacuate Collection Set: 0.0ms
[2023-04-09T19:29:47.583+0800][2923.091s] GC(1205)   Evacuate Collection Set: 1.2ms
[2023-04-09T19:29:47.583+0800][2923.091s] GC(1205)   Post Evacuate Collection Set: 0.6ms
[2023-04-09T19:29:47.583+0800][2923.091s] GC(1205)   Other: 0.1ms
[2023-04-09T19:29:47.583+0800][2923.091s] GC(1205) Eden regions: 301->0(296)
[2023-04-09T19:29:47.583+0800][2923.091s] GC(1205) Survivor regions: 6->11(39)
[2023-04-09T19:29:47.583+0800][2923.091s] GC(1205) Old regions: 80->80
[2023-04-09T19:29:47.583+0800][2923.091s] GC(1205) Humongous regions: 17->16
[2023-04-09T19:29:47.583+0800][2923.091s] GC(1205) Metaspace: 62368K(65392K)->62368K(65392K) NonClass: 55413K(57252K)->55413K(57252K) Class: 6954K(8140K)->6954K(8140K)
[2023-04-09T19:29:47.583+0800][2923.091s] GC(1205) Pause Young (Normal) (G1 Evacuation Pause) 402M->106M(512M) 2.092ms
[2023-04-09T19:29:47.583+0800][2923.092s] GC(1205) User=0.00s Sys=0.00s Real=0.00s
[2023-04-09T19:29:48.116+0800][2923.625s] GC(1206) Pause Young (Normal) (G1 Evacuation Pause)
[2023-04-09T19:29:48.116+0800][2923.625s] GC(1206) Using 8 workers of 8 for evacuation
[2023-04-09T19:29:48.118+0800][2923.627s] GC(1206)   Pre Evacuate Collection Set: 0.0ms
[2023-04-09T19:29:48.118+0800][2923.627s] GC(1206)   Evacuate Collection Set: 1.1ms
[2023-04-09T19:29:48.118+0800][2923.627s] GC(1206)   Post Evacuate Collection Set: 0.7ms
[2023-04-09T19:29:48.118+0800][2923.627s] GC(1206)   Other: 0.2ms
[2023-04-09T19:29:48.118+0800][2923.627s] GC(1206) Eden regions: 296->0(296)
[2023-04-09T19:29:48.118+0800][2923.627s] GC(1206) Survivor regions: 11->11(39)
[2023-04-09T19:29:48.118+0800][2923.627s] GC(1206) Old regions: 80->80
[2023-04-09T19:29:48.118+0800][2923.627s] GC(1206) Humongous regions: 34->22
[2023-04-09T19:29:48.118+0800][2923.627s] GC(1206) Metaspace: 62368K(65392K)->62368K(65392K) NonClass: 55413K(57252K)->55413K(57252K) Class: 6954K(8140K)->6954K(8140K)
[2023-04-09T19:29:48.118+0800][2923.627s] GC(1206) Pause Young (Normal) (G1 Evacuation Pause) 420M->111M(512M) 2.217ms
[2023-04-09T19:29:48.118+0800][2923.628s] GC(1206) User=0.00s Sys=0.00s Real=0.00s
[2023-04-09T19:29:48.596+0800][2924.105s] GC(1207) Pause Young (Normal) (G1 Evacuation Pause)
[2023-04-09T19:29:48.596+0800][2924.105s] GC(1207) Using 8 workers of 8 for evacuation
[2023-04-09T19:29:48.597+0800][2924.106s] GC(1207)   Pre Evacuate Collection Set: 0.0ms
[2023-04-09T19:29:48.597+0800][2924.106s] GC(1207)   Evacuate Collection Set: 0.5ms
[2023-04-09T19:29:48.597+0800][2924.106s] GC(1207)   Post Evacuate Collection Set: 0.6ms
[2023-04-09T19:29:48.597+0800][2924.106s] GC(1207)   Other: 0.2ms
[2023-04-09T19:29:48.597+0800][2924.106s] GC(1207) Eden regions: 296->0(303)
[2023-04-09T19:29:48.597+0800][2924.106s] GC(1207) Survivor regions: 11->4(39)
[2023-04-09T19:29:48.597+0800][2924.106s] GC(1207) Old regions: 80->80
[2023-04-09T19:29:48.597+0800][2924.106s] GC(1207) Humongous regions: 23->14
[2023-04-09T19:29:48.597+0800][2924.106s] GC(1207) Metaspace: 62368K(65392K)->62368K(65392K) NonClass: 55413K(57252K)->55413K(57252K) Class: 6954K(8140K)->6954K(8140K)
[2023-04-09T19:29:48.597+0800][2924.106s] GC(1207) Pause Young (Normal) (G1 Evacuation Pause) 408M->97M(512M) 1.444ms
[2023-04-09T19:29:48.597+0800][2924.106s] GC(1207) User=0.00s Sys=0.00s Real=0.00s
[2023-04-09T19:29:49.058+0800][2924.566s] GC(1208) Pause Young (Normal) (G1 Evacuation Pause)
[2023-04-09T19:29:49.058+0800][2924.566s] GC(1208) Using 8 workers of 8 for evacuation
[2023-04-09T19:29:49.060+0800][2924.568s] GC(1208)   Pre Evacuate Collection Set: 0.0ms
[2023-04-09T19:29:49.060+0800][2924.569s] GC(1208)   Evacuate Collection Set: 1.3ms
[2023-04-09T19:29:49.060+0800][2924.569s] GC(1208)   Post Evacuate Collection Set: 0.6ms
[2023-04-09T19:29:49.060+0800][2924.569s] GC(1208)   Other: 0.2ms
[2023-04-09T19:29:49.060+0800][2924.569s] GC(1208) Eden regions: 303->0(298)
[2023-04-09T19:29:49.060+0800][2924.569s] GC(1208) Survivor regions: 4->9(39)
[2023-04-09T19:29:49.060+0800][2924.569s] GC(1208) Old regions: 80->80
[2023-04-09T19:29:49.060+0800][2924.569s] GC(1208) Humongous regions: 17->16
[2023-04-09T19:29:49.060+0800][2924.569s] GC(1208) Metaspace: 62368K(65392K)->62368K(65392K) NonClass: 55413K(57252K)->55413K(57252K) Class: 6954K(8140K)->6954K(8140K)
[2023-04-09T19:29:49.060+0800][2924.569s] GC(1208) Pause Young (Normal) (G1 Evacuation Pause) 403M->104M(512M) 2.478ms
[2023-04-09T19:29:49.060+0800][2924.569s] GC(1208) User=0.08s Sys=0.02s Real=0.00s
[2023-04-09T19:29:49.839+0800][2925.348s] GC(1209) Pause Young (Normal) (G1 Evacuation Pause)
[2023-04-09T19:29:49.839+0800][2925.348s] GC(1209) Using 8 workers of 8 for evacuation
[2023-04-09T19:29:49.841+0800][2925.350s] GC(1209)   Pre Evacuate Collection Set: 0.0ms
[2023-04-09T19:29:49.841+0800][2925.350s] GC(1209)   Evacuate Collection Set: 1.1ms
[2023-04-09T19:29:49.841+0800][2925.350s] GC(1209)   Post Evacuate Collection Set: 0.6ms
[2023-04-09T19:29:49.841+0800][2925.351s] GC(1209)   Other: 0.2ms
[2023-04-09T19:29:49.841+0800][2925.351s] GC(1209) Eden regions: 298->0(296)
[2023-04-09T19:29:49.841+0800][2925.351s] GC(1209) Survivor regions: 9->11(39)
[2023-04-09T19:29:49.841+0800][2925.351s] GC(1209) Old regions: 80->80
[2023-04-09T19:29:49.841+0800][2925.351s] GC(1209) Humongous regions: 34->22
[2023-04-09T19:29:49.841+0800][2925.351s] GC(1209) Metaspace: 62368K(65392K)->62368K(65392K) NonClass: 55413K(57252K)->55413K(57252K) Class: 6954K(8140K)->6954K(8140K)
[2023-04-09T19:29:49.841+0800][2925.351s] GC(1209) Pause Young (Normal) (G1 Evacuation Pause) 420M->111M(512M) 2.331ms
[2023-04-09T19:29:49.841+0800][2925.351s] GC(1209) User=0.00s Sys=0.00s Real=0.00s
[2023-04-09T19:29:50.407+0800][2925.916s] GC(1210) Pause Young (Normal) (G1 Evacuation Pause)
[2023-04-09T19:29:50.407+0800][2925.916s] GC(1210) Using 8 workers of 8 for evacuation
[2023-04-09T19:29:50.408+0800][2925.917s] GC(1210)   Pre Evacuate Collection Set: 0.0ms
[2023-04-09T19:29:50.408+0800][2925.917s] GC(1210)   Evacuate Collection Set: 0.5ms
[2023-04-09T19:29:50.408+0800][2925.917s] GC(1210)   Post Evacuate Collection Set: 0.3ms
[2023-04-09T19:29:50.408+0800][2925.917s] GC(1210)   Other: 0.2ms
[2023-04-09T19:29:50.408+0800][2925.917s] GC(1210) Eden regions: 296->0(304)
[2023-04-09T19:29:50.408+0800][2925.917s] GC(1210) Survivor regions: 11->3(39)
[2023-04-09T19:29:50.408+0800][2925.917s] GC(1210) Old regions: 80->80
[2023-04-09T19:29:50.408+0800][2925.917s] GC(1210) Humongous regions: 22->13
[2023-04-09T19:29:50.408+0800][2925.917s] GC(1210) Metaspace: 62368K(65392K)->62368K(65392K) NonClass: 55413K(57252K)->55413K(57252K) Class: 6954K(8140K)->6954K(8140K)
[2023-04-09T19:29:50.408+0800][2925.917s] GC(1210) Pause Young (Normal) (G1 Evacuation Pause) 407M->94M(512M) 1.262ms
[2023-04-09T19:29:50.408+0800][2925.917s] GC(1210) User=0.00s Sys=0.00s Real=0.00s
[2023-04-09T19:29:51.084+0800][2926.593s] GC(1211) Pause Young (Normal) (G1 Evacuation Pause)
[2023-04-09T19:29:51.084+0800][2926.593s] GC(1211) Using 8 workers of 8 for evacuation
[2023-04-09T19:29:51.086+0800][2926.594s] GC(1211)   Pre Evacuate Collection Set: 0.0ms
[2023-04-09T19:29:51.086+0800][2926.594s] GC(1211)   Evacuate Collection Set: 0.8ms
[2023-04-09T19:29:51.086+0800][2926.594s] GC(1211)   Post Evacuate Collection Set: 0.4ms
[2023-04-09T19:29:51.086+0800][2926.594s] GC(1211)   Other: 0.2ms
[2023-04-09T19:29:51.086+0800][2926.594s] GC(1211) Eden regions: 304->0(299)
[2023-04-09T19:29:51.086+0800][2926.594s] GC(1211) Survivor regions: 3->8(39)
[2023-04-09T19:29:51.086+0800][2926.595s] GC(1211) Old regions: 80->80
[2023-04-09T19:29:51.086+0800][2926.595s] GC(1211) Humongous regions: 16->15
[2023-04-09T19:29:51.086+0800][2926.595s] GC(1211) Metaspace: 62368K(65392K)->62368K(65392K) NonClass: 55413K(57252K)->55413K(57252K) Class: 6954K(8140K)->6954K(8140K)
[2023-04-09T19:29:51.086+0800][2926.595s] GC(1211) Pause Young (Normal) (G1 Evacuation Pause) 401M->102M(512M) 1.539ms
[2023-04-09T19:29:51.086+0800][2926.595s] GC(1211) User=0.00s Sys=0.00s Real=0.00s
[2023-04-09T19:29:51.580+0800][2927.088s] GC(1212) Pause Young (Normal) (G1 Evacuation Pause)
[2023-04-09T19:29:51.580+0800][2927.088s] GC(1212) Using 8 workers of 8 for evacuation
[2023-04-09T19:29:51.581+0800][2927.090s] GC(1212)   Pre Evacuate Collection Set: 0.0ms
[2023-04-09T19:29:51.581+0800][2927.090s] GC(1212)   Evacuate Collection Set: 1.1ms
[2023-04-09T19:29:51.582+0800][2927.090s] GC(1212)   Post Evacuate Collection Set: 0.5ms
[2023-04-09T19:29:51.582+0800][2927.090s] GC(1212)   Other: 0.2ms
[2023-04-09T19:29:51.582+0800][2927.090s] GC(1212) Eden regions: 299->0(297)
[2023-04-09T19:29:51.582+0800][2927.090s] GC(1212) Survivor regions: 8->10(39)
[2023-04-09T19:29:51.582+0800][2927.091s] GC(1212) Old regions: 80->80
[2023-04-09T19:29:51.582+0800][2927.091s] GC(1212) Humongous regions: 29->22
[2023-04-09T19:29:51.582+0800][2927.091s] GC(1212) Metaspace: 62368K(65392K)->62368K(65392K) NonClass: 55413K(57252K)->55413K(57252K) Class: 6954K(8140K)->6954K(8140K)
[2023-04-09T19:29:51.582+0800][2927.091s] GC(1212) Pause Young (Normal) (G1 Evacuation Pause) 415M->111M(512M) 2.207ms
[2023-04-09T19:29:51.582+0800][2927.091s] GC(1212) User=0.00s Sys=0.00s Real=0.00s
[2023-04-09T19:29:52.261+0800][2927.770s] GC(1213) Pause Young (Normal) (G1 Evacuation Pause)
[2023-04-09T19:29:52.261+0800][2927.770s] GC(1213) Using 8 workers of 8 for evacuation
[2023-04-09T19:29:52.262+0800][2927.771s] GC(1213)   Pre Evacuate Collection Set: 0.0ms
[2023-04-09T19:29:52.262+0800][2927.771s] GC(1213)   Evacuate Collection Set: 0.3ms
[2023-04-09T19:29:52.262+0800][2927.771s] GC(1213)   Post Evacuate Collection Set: 0.4ms
[2023-04-09T19:29:52.262+0800][2927.771s] GC(1213)   Other: 0.2ms
[2023-04-09T19:29:52.262+0800][2927.771s] GC(1213) Eden regions: 297->0(306)
[2023-04-09T19:29:52.262+0800][2927.771s] GC(1213) Survivor regions: 10->1(39)
[2023-04-09T19:29:52.262+0800][2927.771s] GC(1213) Old regions: 80->80
[2023-04-09T19:29:52.262+0800][2927.771s] GC(1213) Humongous regions: 27->13
[2023-04-09T19:29:52.263+0800][2927.771s] GC(1213) Metaspace: 62368K(65392K)->62368K(65392K) NonClass: 55413K(57252K)->55413K(57252K) Class: 6954K(8140K)->6954K(8140K)
[2023-04-09T19:29:52.263+0800][2927.771s] GC(1213) Pause Young (Normal) (G1 Evacuation Pause) 413M->92M(512M) 1.172ms
[2023-04-09T19:29:52.263+0800][2927.771s] GC(1213) User=0.02s Sys=0.00s Real=0.00s
[2023-04-09T19:29:52.790+0800][2928.299s] GC(1214) Pause Young (Normal) (G1 Evacuation Pause)
[2023-04-09T19:29:52.790+0800][2928.299s] GC(1214) Using 8 workers of 8 for evacuation
[2023-04-09T19:29:52.792+0800][2928.300s] GC(1214)   Pre Evacuate Collection Set: 0.0ms
[2023-04-09T19:29:52.792+0800][2928.300s] GC(1214)   Evacuate Collection Set: 0.8ms
[2023-04-09T19:29:52.792+0800][2928.300s] GC(1214)   Post Evacuate Collection Set: 0.4ms
[2023-04-09T19:29:52.792+0800][2928.300s] GC(1214)   Other: 0.2ms
[2023-04-09T19:29:52.792+0800][2928.300s] GC(1214) Eden regions: 306->0(300)
[2023-04-09T19:29:52.792+0800][2928.300s] GC(1214) Survivor regions: 1->7(39)
[2023-04-09T19:29:52.792+0800][2928.300s] GC(1214) Old regions: 80->80
[2023-04-09T19:29:52.792+0800][2928.300s] GC(1214) Humongous regions: 16->15
[2023-04-09T19:29:52.792+0800][2928.300s] GC(1214) Metaspace: 62368K(65392K)->62368K(65392K) NonClass: 55413K(57252K)->55413K(57252K) Class: 6954K(8140K)->6954K(8140K)
[2023-04-09T19:29:52.792+0800][2928.300s] GC(1214) Pause Young (Normal) (G1 Evacuation Pause) 401M->101M(512M) 1.540ms
[2023-04-09T19:29:52.792+0800][2928.300s] GC(1214) User=0.00s Sys=0.00s Real=0.00s
[2023-04-09T19:29:53.405+0800][2928.914s] GC(1215) Pause Young (Normal) (G1 Evacuation Pause)
[2023-04-09T19:29:53.405+0800][2928.914s] GC(1215) Using 8 workers of 8 for evacuation
[2023-04-09T19:29:53.407+0800][2928.916s] GC(1215)   Pre Evacuate Collection Set: 0.0ms
[2023-04-09T19:29:53.407+0800][2928.916s] GC(1215)   Evacuate Collection Set: 1.2ms
[2023-04-09T19:29:53.407+0800][2928.916s] GC(1215)   Post Evacuate Collection Set: 0.5ms
[2023-04-09T19:29:53.407+0800][2928.916s] GC(1215)   Other: 0.2ms
[2023-04-09T19:29:53.407+0800][2928.916s] GC(1215) Eden regions: 300->0(298)
[2023-04-09T19:29:53.407+0800][2928.916s] GC(1215) Survivor regions: 7->9(39)
[2023-04-09T19:29:53.407+0800][2928.916s] GC(1215) Old regions: 80->80
[2023-04-09T19:29:53.407+0800][2928.916s] GC(1215) Humongous regions: 21->21
[2023-04-09T19:29:53.407+0800][2928.916s] GC(1215) Metaspace: 62368K(65392K)->62368K(65392K) NonClass: 55413K(57252K)->55413K(57252K) Class: 6954K(8140K)->6954K(8140K)
[2023-04-09T19:29:53.407+0800][2928.916s] GC(1215) Pause Young (Normal) (G1 Evacuation Pause) 407M->109M(512M) 2.198ms
[2023-04-09T19:29:53.407+0800][2928.916s] GC(1215) User=0.00s Sys=0.00s Real=0.00s
[2023-04-09T19:29:54.193+0800][2929.702s] GC(1216) Pause Young (Normal) (G1 Evacuation Pause)
[2023-04-09T19:29:54.193+0800][2929.702s] GC(1216) Using 8 workers of 8 for evacuation
[2023-04-09T19:29:54.195+0800][2929.704s] GC(1216)   Pre Evacuate Collection Set: 0.0ms
[2023-04-09T19:29:54.195+0800][2929.704s] GC(1216)   Evacuate Collection Set: 1.1ms
[2023-04-09T19:29:54.195+0800][2929.704s] GC(1216)   Post Evacuate Collection Set: 0.4ms
[2023-04-09T19:29:54.195+0800][2929.704s] GC(1216)   Other: 0.2ms
[2023-04-09T19:29:54.195+0800][2929.704s] GC(1216) Eden regions: 298->0(296)
[2023-04-09T19:29:54.195+0800][2929.704s] GC(1216) Survivor regions: 9->11(39)
[2023-04-09T19:29:54.195+0800][2929.704s] GC(1216) Old regions: 80->80
[2023-04-09T19:29:54.195+0800][2929.704s] GC(1216) Humongous regions: 34->22
[2023-04-09T19:29:54.195+0800][2929.704s] GC(1216) Metaspace: 62368K(65392K)->62368K(65392K) NonClass: 55413K(57252K)->55413K(57252K) Class: 6954K(8140K)->6954K(8140K)
[2023-04-09T19:29:54.195+0800][2929.704s] GC(1216) Pause Young (Normal) (G1 Evacuation Pause) 420M->112M(512M) 2.040ms
[2023-04-09T19:29:54.195+0800][2929.704s] GC(1216) User=0.00s Sys=0.00s Real=0.00s
[2023-04-09T19:29:54.981+0800][2930.490s] GC(1217) Pause Young (Normal) (G1 Evacuation Pause)
[2023-04-09T19:29:54.981+0800][2930.490s] GC(1217) Using 8 workers of 8 for evacuation
[2023-04-09T19:29:54.983+0800][2930.491s] GC(1217)   Pre Evacuate Collection Set: 0.0ms
[2023-04-09T19:29:54.983+0800][2930.491s] GC(1217)   Evacuate Collection Set: 0.7ms
[2023-04-09T19:29:54.983+0800][2930.491s] GC(1217)   Post Evacuate Collection Set: 0.5ms
[2023-04-09T19:29:54.983+0800][2930.492s] GC(1217)   Other: 0.2ms
[2023-04-09T19:29:54.983+0800][2930.492s] GC(1217) Eden regions: 296->0(301)
[2023-04-09T19:29:54.983+0800][2930.492s] GC(1217) Survivor regions: 11->6(39)
[2023-04-09T19:29:54.983+0800][2930.492s] GC(1217) Old regions: 80->80
[2023-04-09T19:29:54.983+0800][2930.492s] GC(1217) Humongous regions: 23->14
[2023-04-09T19:29:54.983+0800][2930.492s] GC(1217) Metaspace: 62368K(65392K)->62368K(65392K) NonClass: 55413K(57252K)->55413K(57252K) Class: 6954K(8140K)->6954K(8140K)
[2023-04-09T19:29:54.983+0800][2930.492s] GC(1217) Pause Young (Normal) (G1 Evacuation Pause) 409M->99M(512M) 1.686ms
[2023-04-09T19:29:54.983+0800][2930.492s] GC(1217) User=0.00s Sys=0.00s Real=0.00s
[2023-04-09T19:29:55.713+0800][2931.222s] GC(1218) Pause Young (Normal) (G1 Evacuation Pause)
[2023-04-09T19:29:55.713+0800][2931.222s] GC(1218) Using 8 workers of 8 for evacuation
[2023-04-09T19:29:55.715+0800][2931.224s] GC(1218)   Pre Evacuate Collection Set: 0.0ms
[2023-04-09T19:29:55.715+0800][2931.224s] GC(1218)   Evacuate Collection Set: 1.3ms
[2023-04-09T19:29:55.715+0800][2931.224s] GC(1218)   Post Evacuate Collection Set: 0.5ms
[2023-04-09T19:29:55.715+0800][2931.224s] GC(1218)   Other: 0.2ms
[2023-04-09T19:29:55.715+0800][2931.224s] GC(1218) Eden regions: 301->0(296)
[2023-04-09T19:29:55.715+0800][2931.224s] GC(1218) Survivor regions: 6->11(39)
[2023-04-09T19:29:55.715+0800][2931.224s] GC(1218) Old regions: 80->80
[2023-04-09T19:29:55.715+0800][2931.224s] GC(1218) Humongous regions: 17->16
[2023-04-09T19:29:55.716+0800][2931.224s] GC(1218) Metaspace: 62368K(65392K)->62368K(65392K) NonClass: 55413K(57252K)->55413K(57252K) Class: 6954K(8140K)->6954K(8140K)
[2023-04-09T19:29:55.716+0800][2931.224s] GC(1218) Pause Young (Normal) (G1 Evacuation Pause) 403M->106M(512M) 2.159ms
[2023-04-09T19:29:55.716+0800][2931.224s] GC(1218) User=0.08s Sys=0.00s Real=0.00s
[2023-04-09T19:29:56.768+0800][2932.277s] GC(1219) Pause Young (Normal) (G1 Evacuation Pause)
[2023-04-09T19:29:56.768+0800][2932.277s] GC(1219) Using 8 workers of 8 for evacuation
[2023-04-09T19:29:56.770+0800][2932.279s] GC(1219)   Pre Evacuate Collection Set: 0.0ms
[2023-04-09T19:29:56.770+0800][2932.279s] GC(1219)   Evacuate Collection Set: 1.5ms
[2023-04-09T19:29:56.770+0800][2932.279s] GC(1219)   Post Evacuate Collection Set: 0.5ms
[2023-04-09T19:29:56.770+0800][2932.279s] GC(1219)   Other: 0.2ms
[2023-04-09T19:29:56.770+0800][2932.279s] GC(1219) Eden regions: 296->0(297)
[2023-04-09T19:29:56.770+0800][2932.279s] GC(1219) Survivor regions: 11->10(39)
[2023-04-09T19:29:56.770+0800][2932.279s] GC(1219) Old regions: 80->80
[2023-04-09T19:29:56.770+0800][2932.279s] GC(1219) Humongous regions: 34->22
[2023-04-09T19:29:56.770+0800][2932.279s] GC(1219) Metaspace: 62368K(65392K)->62368K(65392K) NonClass: 55413K(57252K)->55413K(57252K) Class: 6954K(8140K)->6954K(8140K)
[2023-04-09T19:29:56.770+0800][2932.279s] GC(1219) Pause Young (Normal) (G1 Evacuation Pause) 420M->111M(512M) 2.533ms
[2023-04-09T19:29:56.771+0800][2932.279s] GC(1219) User=0.00s Sys=0.00s Real=0.00s
[2023-04-09T19:29:57.451+0800][2932.960s] GC(1220) Pause Young (Normal) (G1 Evacuation Pause)
[2023-04-09T19:29:57.451+0800][2932.961s] GC(1220) Using 8 workers of 8 for evacuation
[2023-04-09T19:29:57.453+0800][2932.962s] GC(1220)   Pre Evacuate Collection Set: 0.0ms
[2023-04-09T19:29:57.453+0800][2932.962s] GC(1220)   Evacuate Collection Set: 0.6ms
[2023-04-09T19:29:57.453+0800][2932.962s] GC(1220)   Post Evacuate Collection Set: 0.4ms
[2023-04-09T19:29:57.453+0800][2932.962s] GC(1220)   Other: 0.2ms
[2023-04-09T19:29:57.453+0800][2932.962s] GC(1220) Eden regions: 297->0(303)
[2023-04-09T19:29:57.453+0800][2932.962s] GC(1220) Survivor regions: 10->4(39)
[2023-04-09T19:29:57.453+0800][2932.962s] GC(1220) Old regions: 80->80
[2023-04-09T19:29:57.453+0800][2932.962s] GC(1220) Humongous regions: 23->14
[2023-04-09T19:29:57.453+0800][2932.962s] GC(1220) Metaspace: 62368K(65392K)->62368K(65392K) NonClass: 55413K(57252K)->55413K(57252K) Class: 6954K(8140K)->6954K(8140K)
[2023-04-09T19:29:57.453+0800][2932.962s] GC(1220) Pause Young (Normal) (G1 Evacuation Pause) 409M->97M(512M) 1.402ms
[2023-04-09T19:29:57.453+0800][2932.962s] GC(1220) User=0.00s Sys=0.00s Real=0.00s
[2023-04-09T19:29:58.007+0800][2933.516s] GC(1221) Pause Young (Normal) (G1 Evacuation Pause)
[2023-04-09T19:29:58.007+0800][2933.516s] GC(1221) Using 8 workers of 8 for evacuation
[2023-04-09T19:29:58.010+0800][2933.519s] GC(1221)   Pre Evacuate Collection Set: 0.0ms
[2023-04-09T19:29:58.010+0800][2933.519s] GC(1221)   Evacuate Collection Set: 1.6ms
[2023-04-09T19:29:58.010+0800][2933.519s] GC(1221)   Post Evacuate Collection Set: 0.7ms
[2023-04-09T19:29:58.010+0800][2933.519s] GC(1221)   Other: 0.2ms
[2023-04-09T19:29:58.010+0800][2933.519s] GC(1221) Eden regions: 303->0(297)
[2023-04-09T19:29:58.010+0800][2933.519s] GC(1221) Survivor regions: 4->10(39)
[2023-04-09T19:29:58.011+0800][2933.519s] GC(1221) Old regions: 80->80
[2023-04-09T19:29:58.011+0800][2933.519s] GC(1221) Humongous regions: 17->16
[2023-04-09T19:29:58.011+0800][2933.519s] GC(1221) Metaspace: 62368K(65392K)->62368K(65392K) NonClass: 55413K(57252K)->55413K(57252K) Class: 6954K(8140K)->6954K(8140K)
[2023-04-09T19:29:58.011+0800][2933.519s] GC(1221) Pause Young (Normal) (G1 Evacuation Pause) 403M->105M(512M) 3.212ms
[2023-04-09T19:29:58.011+0800][2933.519s] GC(1221) User=0.00s Sys=0.00s Real=0.00s
[2023-04-09T19:29:58.936+0800][2934.444s] GC(1222) Pause Young (Normal) (G1 Evacuation Pause)
[2023-04-09T19:29:58.936+0800][2934.444s] GC(1222) Using 8 workers of 8 for evacuation
[2023-04-09T19:29:58.937+0800][2934.446s] GC(1222)   Pre Evacuate Collection Set: 0.0ms
[2023-04-09T19:29:58.937+0800][2934.446s] GC(1222)   Evacuate Collection Set: 1.1ms
[2023-04-09T19:29:58.937+0800][2934.446s] GC(1222)   Post Evacuate Collection Set: 0.4ms
[2023-04-09T19:29:58.937+0800][2934.446s] GC(1222)   Other: 0.1ms
[2023-04-09T19:29:58.937+0800][2934.446s] GC(1222) Eden regions: 297->0(296)
[2023-04-09T19:29:58.937+0800][2934.446s] GC(1222) Survivor regions: 10->11(39)
[2023-04-09T19:29:58.937+0800][2934.446s] GC(1222) Old regions: 80->80
[2023-04-09T19:29:58.937+0800][2934.446s] GC(1222) Humongous regions: 29->22
[2023-04-09T19:29:58.937+0800][2934.446s] GC(1222) Metaspace: 62368K(65392K)->62368K(65392K) NonClass: 55413K(57252K)->55413K(57252K) Class: 6954K(8140K)->6954K(8140K)
[2023-04-09T19:29:58.937+0800][2934.446s] GC(1222) Pause Young (Normal) (G1 Evacuation Pause) 415M->112M(512M) 1.837ms
[2023-04-09T19:29:58.938+0800][2934.446s] GC(1222) User=0.00s Sys=0.00s Real=0.00s
[2023-04-09T19:29:59.620+0800][2935.129s] GC(1223) Pause Young (Normal) (G1 Evacuation Pause)
[2023-04-09T19:29:59.620+0800][2935.129s] GC(1223) Using 8 workers of 8 for evacuation
[2023-04-09T19:29:59.622+0800][2935.131s] GC(1223)   Pre Evacuate Collection Set: 0.0ms
[2023-04-09T19:29:59.622+0800][2935.131s] GC(1223)   Evacuate Collection Set: 1.2ms
[2023-04-09T19:29:59.622+0800][2935.131s] GC(1223)   Post Evacuate Collection Set: 0.5ms
[2023-04-09T19:29:59.622+0800][2935.131s] GC(1223)   Other: 0.2ms
[2023-04-09T19:29:59.622+0800][2935.131s] GC(1223) Eden regions: 296->0(304)
[2023-04-09T19:29:59.622+0800][2935.131s] GC(1223) Survivor regions: 11->3(39)
[2023-04-09T19:29:59.622+0800][2935.131s] GC(1223) Old regions: 80->80
[2023-04-09T19:29:59.622+0800][2935.131s] GC(1223) Humongous regions: 22->13
[2023-04-09T19:29:59.622+0800][2935.131s] GC(1223) Metaspace: 62368K(65392K)->62368K(65392K) NonClass: 55413K(57252K)->55413K(57252K) Class: 6954K(8140K)->6954K(8140K)
[2023-04-09T19:29:59.622+0800][2935.131s] GC(1223) Pause Young (Normal) (G1 Evacuation Pause) 408M->95M(512M) 2.199ms
[2023-04-09T19:29:59.622+0800][2935.131s] GC(1223) User=0.06s Sys=0.00s Real=0.00s
[2023-04-09T19:29:59.942+0800][2935.451s] GC(1224) Pause Young (Normal) (G1 Evacuation Pause)
[2023-04-09T19:29:59.942+0800][2935.451s] GC(1224) Using 8 workers of 8 for evacuation
[2023-04-09T19:29:59.944+0800][2935.453s] GC(1224)   Pre Evacuate Collection Set: 0.0ms
[2023-04-09T19:29:59.944+0800][2935.453s] GC(1224)   Evacuate Collection Set: 0.9ms
[2023-04-09T19:29:59.944+0800][2935.453s] GC(1224)   Post Evacuate Collection Set: 0.5ms
[2023-04-09T19:29:59.944+0800][2935.453s] GC(1224)   Other: 0.3ms
[2023-04-09T19:29:59.944+0800][2935.453s] GC(1224) Eden regions: 304->0(301)
[2023-04-09T19:29:59.944+0800][2935.453s] GC(1224) Survivor regions: 3->6(39)
[2023-04-09T19:29:59.944+0800][2935.453s] GC(1224) Old regions: 80->80
[2023-04-09T19:29:59.944+0800][2935.453s] GC(1224) Humongous regions: 14->14
[2023-04-09T19:29:59.944+0800][2935.453s] GC(1224) Metaspace: 62368K(65392K)->62368K(65392K) NonClass: 55413K(57252K)->55413K(57252K) Class: 6954K(8140K)->6954K(8140K)
[2023-04-09T19:29:59.944+0800][2935.453s] GC(1224) Pause Young (Normal) (G1 Evacuation Pause) 400M->98M(512M) 2.069ms
[2023-04-09T19:29:59.944+0800][2935.453s] GC(1224) User=0.00s Sys=0.00s Real=0.00s
[2023-04-09T19:30:00.211+0800][2935.720s] GC(1225) Pause Young (Normal) (G1 Evacuation Pause)
[2023-04-09T19:30:00.211+0800][2935.720s] GC(1225) Using 8 workers of 8 for evacuation
[2023-04-09T19:30:00.213+0800][2935.722s] GC(1225)   Pre Evacuate Collection Set: 0.0ms
[2023-04-09T19:30:00.213+0800][2935.722s] GC(1225)   Evacuate Collection Set: 1.1ms
[2023-04-09T19:30:00.213+0800][2935.722s] GC(1225)   Post Evacuate Collection Set: 0.6ms
[2023-04-09T19:30:00.213+0800][2935.722s] GC(1225)   Other: 0.3ms
[2023-04-09T19:30:00.213+0800][2935.722s] GC(1225) Eden regions: 301->0(299)
[2023-04-09T19:30:00.213+0800][2935.722s] GC(1225) Survivor regions: 6->8(39)
[2023-04-09T19:30:00.213+0800][2935.722s] GC(1225) Old regions: 80->80
[2023-04-09T19:30:00.213+0800][2935.722s] GC(1225) Humongous regions: 16->15
[2023-04-09T19:30:00.213+0800][2935.722s] GC(1225) Metaspace: 62368K(65392K)->62368K(65392K) NonClass: 55413K(57252K)->55413K(57252K) Class: 6954K(8140K)->6954K(8140K)
[2023-04-09T19:30:00.213+0800][2935.722s] GC(1225) Pause Young (Normal) (G1 Evacuation Pause) 401M->102M(512M) 2.245ms
[2023-04-09T19:30:00.213+0800][2935.722s] GC(1225) User=0.00s Sys=0.00s Real=0.00s
[2023-04-09T19:30:00.626+0800][2936.135s] GC(1226) Pause Young (Normal) (G1 Evacuation Pause)
[2023-04-09T19:30:00.626+0800][2936.135s] GC(1226) Using 8 workers of 8 for evacuation
[2023-04-09T19:30:00.629+0800][2936.138s] GC(1226)   Pre Evacuate Collection Set: 0.0ms
[2023-04-09T19:30:00.629+0800][2936.138s] GC(1226)   Evacuate Collection Set: 2.1ms
[2023-04-09T19:30:00.629+0800][2936.138s] GC(1226)   Post Evacuate Collection Set: 0.6ms
[2023-04-09T19:30:00.630+0800][2936.138s] GC(1226)   Other: 0.3ms
[2023-04-09T19:30:00.630+0800][2936.138s] GC(1226) Eden regions: 299->0(295)
[2023-04-09T19:30:00.630+0800][2936.138s] GC(1226) Survivor regions: 8->12(39)
[2023-04-09T19:30:00.630+0800][2936.138s] GC(1226) Old regions: 80->80
[2023-04-09T19:30:00.630+0800][2936.138s] GC(1226) Humongous regions: 15->15
[2023-04-09T19:30:00.630+0800][2936.138s] GC(1226) Metaspace: 62368K(65392K)->62368K(65392K) NonClass: 55413K(57252K)->55413K(57252K) Class: 6954K(8140K)->6954K(8140K)
[2023-04-09T19:30:00.630+0800][2936.138s] GC(1226) Pause Young (Normal) (G1 Evacuation Pause) 401M->106M(512M) 3.674ms
[2023-04-09T19:30:00.630+0800][2936.138s] GC(1226) User=0.00s Sys=0.00s Real=0.00s
[2023-04-09T19:30:01.126+0800][2936.635s] GC(1227) Pause Young (Normal) (G1 Evacuation Pause)
[2023-04-09T19:30:01.126+0800][2936.635s] GC(1227) Using 8 workers of 8 for evacuation
[2023-04-09T19:30:01.129+0800][2936.638s] GC(1227)   Pre Evacuate Collection Set: 0.0ms
[2023-04-09T19:30:01.129+0800][2936.638s] GC(1227)   Evacuate Collection Set: 1.8ms
[2023-04-09T19:30:01.129+0800][2936.638s] GC(1227)   Post Evacuate Collection Set: 0.7ms
[2023-04-09T19:30:01.129+0800][2936.638s] GC(1227)   Other: 0.3ms
[2023-04-09T19:30:01.129+0800][2936.638s] GC(1227) Eden regions: 295->0(296)
[2023-04-09T19:30:01.129+0800][2936.638s] GC(1227) Survivor regions: 12->11(39)
[2023-04-09T19:30:01.129+0800][2936.638s] GC(1227) Old regions: 80->80
[2023-04-09T19:30:01.129+0800][2936.638s] GC(1227) Humongous regions: 21->21
[2023-04-09T19:30:01.129+0800][2936.638s] GC(1227) Metaspace: 62368K(65392K)->62368K(65392K) NonClass: 55413K(57252K)->55413K(57252K) Class: 6954K(8140K)->6954K(8140K)
[2023-04-09T19:30:01.129+0800][2936.638s] GC(1227) Pause Young (Normal) (G1 Evacuation Pause) 407M->110M(512M) 3.042ms
[2023-04-09T19:30:01.129+0800][2936.638s] GC(1227) User=0.00s Sys=0.00s Real=0.00s
[2023-04-09T19:30:01.607+0800][2937.116s] GC(1228) Pause Young (Normal) (G1 Evacuation Pause)
[2023-04-09T19:30:01.607+0800][2937.116s] GC(1228) Using 8 workers of 8 for evacuation
[2023-04-09T19:30:01.609+0800][2937.118s] GC(1228)   Pre Evacuate Collection Set: 0.0ms
[2023-04-09T19:30:01.609+0800][2937.118s] GC(1228)   Evacuate Collection Set: 1.1ms
[2023-04-09T19:30:01.609+0800][2937.118s] GC(1228)   Post Evacuate Collection Set: 0.5ms
[2023-04-09T19:30:01.609+0800][2937.118s] GC(1228)   Other: 0.2ms
[2023-04-09T19:30:01.609+0800][2937.118s] GC(1228) Eden regions: 296->0(296)
[2023-04-09T19:30:01.609+0800][2937.118s] GC(1228) Survivor regions: 11->11(39)
[2023-04-09T19:30:01.609+0800][2937.118s] GC(1228) Old regions: 80->80
[2023-04-09T19:30:01.609+0800][2937.118s] GC(1228) Humongous regions: 34->22
[2023-04-09T19:30:01.609+0800][2937.118s] GC(1228) Metaspace: 62368K(65392K)->62368K(65392K) NonClass: 55413K(57252K)->55413K(57252K) Class: 6954K(8140K)->6954K(8140K)
[2023-04-09T19:30:01.609+0800][2937.118s] GC(1228) Pause Young (Normal) (G1 Evacuation Pause) 419M->112M(512M) 2.211ms
[2023-04-09T19:30:01.609+0800][2937.118s] GC(1228) User=0.00s Sys=0.00s Real=0.00s
[2023-04-09T19:30:01.885+0800][2937.394s] GC(1229) Pause Young (Normal) (G1 Evacuation Pause)
[2023-04-09T19:30:01.885+0800][2937.394s] GC(1229) Using 8 workers of 8 for evacuation
[2023-04-09T19:30:01.887+0800][2937.396s] GC(1229)   Pre Evacuate Collection Set: 0.0ms
[2023-04-09T19:30:01.887+0800][2937.396s] GC(1229)   Evacuate Collection Set: 1.3ms
[2023-04-09T19:30:01.887+0800][2937.396s] GC(1229)   Post Evacuate Collection Set: 0.4ms
[2023-04-09T19:30:01.887+0800][2937.396s] GC(1229)   Other: 0.2ms
[2023-04-09T19:30:01.887+0800][2937.396s] GC(1229) Eden regions: 296->0(295)
[2023-04-09T19:30:01.887+0800][2937.396s] GC(1229) Survivor regions: 11->12(39)
[2023-04-09T19:30:01.887+0800][2937.396s] GC(1229) Old regions: 80->80
[2023-04-09T19:30:01.887+0800][2937.396s] GC(1229) Humongous regions: 22->22
[2023-04-09T19:30:01.887+0800][2937.396s] GC(1229) Metaspace: 62368K(65392K)->62368K(65392K) NonClass: 55413K(57252K)->55413K(57252K) Class: 6954K(8140K)->6954K(8140K)
[2023-04-09T19:30:01.887+0800][2937.396s] GC(1229) Pause Young (Normal) (G1 Evacuation Pause) 408M->113M(512M) 2.056ms
[2023-04-09T19:30:01.887+0800][2937.396s] GC(1229) User=0.02s Sys=0.00s Real=0.00s
[2023-04-09T19:30:02.248+0800][2937.757s] GC(1230) Pause Young (Normal) (G1 Evacuation Pause)
[2023-04-09T19:30:02.248+0800][2937.757s] GC(1230) Using 8 workers of 8 for evacuation
[2023-04-09T19:30:02.250+0800][2937.759s] GC(1230)   Pre Evacuate Collection Set: 0.0ms
[2023-04-09T19:30:02.250+0800][2937.759s] GC(1230)   Evacuate Collection Set: 1.0ms
[2023-04-09T19:30:02.250+0800][2937.759s] GC(1230)   Post Evacuate Collection Set: 0.4ms
[2023-04-09T19:30:02.250+0800][2937.759s] GC(1230)   Other: 0.2ms
[2023-04-09T19:30:02.250+0800][2937.759s] GC(1230) Eden regions: 295->0(302)
[2023-04-09T19:30:02.250+0800][2937.759s] GC(1230) Survivor regions: 12->5(39)
[2023-04-09T19:30:02.250+0800][2937.759s] GC(1230) Old regions: 80->80
[2023-04-09T19:30:02.250+0800][2937.759s] GC(1230) Humongous regions: 22->13
[2023-04-09T19:30:02.250+0800][2937.759s] GC(1230) Metaspace: 62368K(65392K)->62368K(65392K) NonClass: 55413K(57252K)->55413K(57252K) Class: 6954K(8140K)->6954K(8140K)
[2023-04-09T19:30:02.250+0800][2937.759s] GC(1230) Pause Young (Normal) (G1 Evacuation Pause) 408M->97M(512M) 1.866ms
[2023-04-09T19:30:02.250+0800][2937.759s] GC(1230) User=0.00s Sys=0.00s Real=0.00s
[2023-04-09T19:30:02.571+0800][2938.080s] GC(1231) Pause Young (Normal) (G1 Evacuation Pause)
[2023-04-09T19:30:02.571+0800][2938.080s] GC(1231) Using 8 workers of 8 for evacuation
[2023-04-09T19:30:02.573+0800][2938.082s] GC(1231)   Pre Evacuate Collection Set: 0.0ms
[2023-04-09T19:30:02.573+0800][2938.082s] GC(1231)   Evacuate Collection Set: 0.9ms
[2023-04-09T19:30:02.573+0800][2938.082s] GC(1231)   Post Evacuate Collection Set: 0.5ms
[2023-04-09T19:30:02.573+0800][2938.082s] GC(1231)   Other: 0.2ms
[2023-04-09T19:30:02.573+0800][2938.082s] GC(1231) Eden regions: 302->0(299)
[2023-04-09T19:30:02.573+0800][2938.082s] GC(1231) Survivor regions: 5->8(39)
[2023-04-09T19:30:02.573+0800][2938.082s] GC(1231) Old regions: 80->80
[2023-04-09T19:30:02.573+0800][2938.082s] GC(1231) Humongous regions: 16->15
[2023-04-09T19:30:02.573+0800][2938.082s] GC(1231) Metaspace: 62368K(65392K)->62368K(65392K) NonClass: 55413K(57252K)->55413K(57252K) Class: 6954K(8140K)->6954K(8140K)
[2023-04-09T19:30:02.573+0800][2938.082s] GC(1231) Pause Young (Normal) (G1 Evacuation Pause) 402M->102M(512M) 1.868ms
[2023-04-09T19:30:02.573+0800][2938.082s] GC(1231) User=0.00s Sys=0.00s Real=0.00s
[2023-04-09T19:30:02.887+0800][2938.396s] GC(1232) Pause Young (Normal) (G1 Evacuation Pause)
[2023-04-09T19:30:02.887+0800][2938.396s] GC(1232) Using 8 workers of 8 for evacuation
[2023-04-09T19:30:02.889+0800][2938.397s] GC(1232)   Pre Evacuate Collection Set: 0.0ms
[2023-04-09T19:30:02.889+0800][2938.398s] GC(1232)   Evacuate Collection Set: 1.2ms
[2023-04-09T19:30:02.889+0800][2938.398s] GC(1232)   Post Evacuate Collection Set: 0.5ms
[2023-04-09T19:30:02.889+0800][2938.398s] GC(1232)   Other: 0.2ms
[2023-04-09T19:30:02.889+0800][2938.398s] GC(1232) Eden regions: 299->0(296)
[2023-04-09T19:30:02.889+0800][2938.398s] GC(1232) Survivor regions: 8->11(39)
[2023-04-09T19:30:02.889+0800][2938.398s] GC(1232) Old regions: 80->80
[2023-04-09T19:30:02.889+0800][2938.398s] GC(1232) Humongous regions: 16->16
[2023-04-09T19:30:02.889+0800][2938.398s] GC(1232) Metaspace: 62368K(65392K)->62368K(65392K) NonClass: 55413K(57252K)->55413K(57252K) Class: 6954K(8140K)->6954K(8140K)
[2023-04-09T19:30:02.889+0800][2938.398s] GC(1232) Pause Young (Normal) (G1 Evacuation Pause) 402M->106M(512M) 2.193ms
[2023-04-09T19:30:02.889+0800][2938.398s] GC(1232) User=0.00s Sys=0.00s Real=0.00s
[2023-04-09T19:30:03.214+0800][2938.723s] GC(1233) Pause Young (Normal) (G1 Evacuation Pause)
[2023-04-09T19:30:03.214+0800][2938.723s] GC(1233) Using 8 workers of 8 for evacuation
[2023-04-09T19:30:03.216+0800][2938.725s] GC(1233)   Pre Evacuate Collection Set: 0.0ms
[2023-04-09T19:30:03.216+0800][2938.725s] GC(1233)   Evacuate Collection Set: 1.3ms
[2023-04-09T19:30:03.216+0800][2938.725s] GC(1233)   Post Evacuate Collection Set: 0.5ms
[2023-04-09T19:30:03.216+0800][2938.725s] GC(1233)   Other: 0.2ms
[2023-04-09T19:30:03.216+0800][2938.725s] GC(1233) Eden regions: 296->0(296)
[2023-04-09T19:30:03.216+0800][2938.725s] GC(1233) Survivor regions: 11->11(39)
[2023-04-09T19:30:03.216+0800][2938.725s] GC(1233) Old regions: 80->80
[2023-04-09T19:30:03.216+0800][2938.725s] GC(1233) Humongous regions: 24->22
[2023-04-09T19:30:03.216+0800][2938.725s] GC(1233) Metaspace: 62368K(65392K)->62368K(65392K) NonClass: 55413K(57252K)->55413K(57252K) Class: 6954K(8140K)->6954K(8140K)
[2023-04-09T19:30:03.216+0800][2938.725s] GC(1233) Pause Young (Normal) (G1 Evacuation Pause) 410M->112M(512M) 2.146ms
[2023-04-09T19:30:03.216+0800][2938.725s] GC(1233) User=0.09s Sys=0.00s Real=0.00s
[2023-04-09T19:30:03.738+0800][2939.247s] GC(1234) Pause Young (Normal) (G1 Evacuation Pause)
[2023-04-09T19:30:03.738+0800][2939.247s] GC(1234) Using 8 workers of 8 for evacuation
[2023-04-09T19:30:03.740+0800][2939.249s] GC(1234)   Pre Evacuate Collection Set: 0.0ms
[2023-04-09T19:30:03.740+0800][2939.249s] GC(1234)   Evacuate Collection Set: 1.4ms
[2023-04-09T19:30:03.740+0800][2939.249s] GC(1234)   Post Evacuate Collection Set: 0.6ms
[2023-04-09T19:30:03.740+0800][2939.249s] GC(1234)   Other: 0.2ms
[2023-04-09T19:30:03.740+0800][2939.249s] GC(1234) Eden regions: 296->0(295)
[2023-04-09T19:30:03.740+0800][2939.249s] GC(1234) Survivor regions: 11->12(39)
[2023-04-09T19:30:03.740+0800][2939.249s] GC(1234) Old regions: 80->80
[2023-04-09T19:30:03.740+0800][2939.249s] GC(1234) Humongous regions: 32->22
[2023-04-09T19:30:03.740+0800][2939.249s] GC(1234) Metaspace: 62368K(65392K)->62368K(65392K) NonClass: 55413K(57252K)->55413K(57252K) Class: 6954K(8140K)->6954K(8140K)
[2023-04-09T19:30:03.741+0800][2939.249s] GC(1234) Pause Young (Normal) (G1 Evacuation Pause) 418M->112M(512M) 2.360ms
[2023-04-09T19:30:03.741+0800][2939.249s] GC(1234) User=0.00s Sys=0.00s Real=0.00s
[2023-04-09T19:30:04.285+0800][2939.794s] GC(1235) Pause Young (Normal) (G1 Evacuation Pause)
[2023-04-09T19:30:04.285+0800][2939.794s] GC(1235) Using 8 workers of 8 for evacuation
[2023-04-09T19:30:04.286+0800][2939.795s] GC(1235)   Pre Evacuate Collection Set: 0.0ms
[2023-04-09T19:30:04.286+0800][2939.795s] GC(1235)   Evacuate Collection Set: 0.7ms
[2023-04-09T19:30:04.286+0800][2939.795s] GC(1235)   Post Evacuate Collection Set: 0.4ms
[2023-04-09T19:30:04.286+0800][2939.795s] GC(1235)   Other: 0.2ms
[2023-04-09T19:30:04.286+0800][2939.795s] GC(1235) Eden regions: 295->0(302)
[2023-04-09T19:30:04.286+0800][2939.795s] GC(1235) Survivor regions: 12->5(39)
[2023-04-09T19:30:04.286+0800][2939.795s] GC(1235) Old regions: 80->80
[2023-04-09T19:30:04.287+0800][2939.795s] GC(1235) Humongous regions: 23->14
[2023-04-09T19:30:04.287+0800][2939.795s] GC(1235) Metaspace: 62368K(65392K)->62368K(65392K) NonClass: 55413K(57252K)->55413K(57252K) Class: 6954K(8140K)->6954K(8140K)
[2023-04-09T19:30:04.287+0800][2939.795s] GC(1235) Pause Young (Normal) (G1 Evacuation Pause) 408M->97M(512M) 1.445ms
[2023-04-09T19:30:04.287+0800][2939.795s] GC(1235) User=0.00s Sys=0.00s Real=0.00s
[2023-04-09T19:30:04.868+0800][2940.377s] GC(1236) Pause Young (Normal) (G1 Evacuation Pause)
[2023-04-09T19:30:04.868+0800][2940.377s] GC(1236) Using 8 workers of 8 for evacuation
[2023-04-09T19:30:04.870+0800][2940.379s] GC(1236)   Pre Evacuate Collection Set: 0.0ms
[2023-04-09T19:30:04.870+0800][2940.379s] GC(1236)   Evacuate Collection Set: 1.2ms
[2023-04-09T19:30:04.870+0800][2940.379s] GC(1236)   Post Evacuate Collection Set: 0.5ms
[2023-04-09T19:30:04.870+0800][2940.379s] GC(1236)   Other: 0.2ms
[2023-04-09T19:30:04.870+0800][2940.379s] GC(1236) Eden regions: 302->0(297)
[2023-04-09T19:30:04.870+0800][2940.379s] GC(1236) Survivor regions: 5->10(39)
[2023-04-09T19:30:04.870+0800][2940.379s] GC(1236) Old regions: 80->80
[2023-04-09T19:30:04.870+0800][2940.379s] GC(1236) Humongous regions: 18->16
[2023-04-09T19:30:04.870+0800][2940.379s] GC(1236) Metaspace: 62368K(65392K)->62368K(65392K) NonClass: 55414K(57252K)->55414K(57252K) Class: 6954K(8140K)->6954K(8140K)
[2023-04-09T19:30:04.870+0800][2940.379s] GC(1236) Pause Young (Normal) (G1 Evacuation Pause) 403M->105M(512M) 2.078ms
[2023-04-09T19:30:04.870+0800][2940.379s] GC(1236) User=0.02s Sys=0.00s Real=0.00s
[2023-04-09T19:30:05.534+0800][2941.042s] GC(1237) Pause Young (Normal) (G1 Evacuation Pause)
[2023-04-09T19:30:05.534+0800][2941.042s] GC(1237) Using 8 workers of 8 for evacuation
[2023-04-09T19:30:05.536+0800][2941.044s] GC(1237)   Pre Evacuate Collection Set: 0.0ms
[2023-04-09T19:30:05.536+0800][2941.044s] GC(1237)   Evacuate Collection Set: 1.1ms
[2023-04-09T19:30:05.536+0800][2941.044s] GC(1237)   Post Evacuate Collection Set: 0.6ms
[2023-04-09T19:30:05.536+0800][2941.044s] GC(1237)   Other: 0.1ms
[2023-04-09T19:30:05.536+0800][2941.044s] GC(1237) Eden regions: 297->0(297)
[2023-04-09T19:30:05.536+0800][2941.044s] GC(1237) Survivor regions: 10->10(39)
[2023-04-09T19:30:05.536+0800][2941.044s] GC(1237) Old regions: 80->80
[2023-04-09T19:30:05.536+0800][2941.044s] GC(1237) Humongous regions: 34->22
[2023-04-09T19:30:05.536+0800][2941.044s] GC(1237) Metaspace: 62368K(65392K)->62368K(65392K) NonClass: 55414K(57252K)->55414K(57252K) Class: 6954K(8140K)->6954K(8140K)
[2023-04-09T19:30:05.536+0800][2941.045s] GC(1237) Pause Young (Normal) (G1 Evacuation Pause) 420M->111M(512M) 2.175ms
[2023-04-09T19:30:05.536+0800][2941.045s] GC(1237) User=0.00s Sys=0.00s Real=0.00s
[2023-04-09T19:30:06.050+0800][2941.558s] GC(1238) Pause Young (Normal) (G1 Evacuation Pause)
[2023-04-09T19:30:06.050+0800][2941.558s] GC(1238) Using 8 workers of 8 for evacuation
[2023-04-09T19:30:06.051+0800][2941.560s] GC(1238)   Pre Evacuate Collection Set: 0.0ms
[2023-04-09T19:30:06.051+0800][2941.560s] GC(1238)   Evacuate Collection Set: 0.5ms
[2023-04-09T19:30:06.051+0800][2941.560s] GC(1238)   Post Evacuate Collection Set: 0.6ms
[2023-04-09T19:30:06.051+0800][2941.560s] GC(1238)   Other: 0.2ms
[2023-04-09T19:30:06.051+0800][2941.560s] GC(1238) Eden regions: 297->0(304)
[2023-04-09T19:30:06.051+0800][2941.560s] GC(1238) Survivor regions: 10->3(39)
[2023-04-09T19:30:06.051+0800][2941.560s] GC(1238) Old regions: 80->80
[2023-04-09T19:30:06.051+0800][2941.560s] GC(1238) Humongous regions: 22->13
[2023-04-09T19:30:06.051+0800][2941.560s] GC(1238) Metaspace: 62368K(65392K)->62368K(65392K) NonClass: 55414K(57252K)->55414K(57252K) Class: 6954K(8140K)->6954K(8140K)
[2023-04-09T19:30:06.051+0800][2941.560s] GC(1238) Pause Young (Normal) (G1 Evacuation Pause) 408M->95M(512M) 1.453ms
[2023-04-09T19:30:06.051+0800][2941.560s] GC(1238) User=0.00s Sys=0.00s Real=0.00s
[2023-04-09T19:30:06.524+0800][2942.033s] GC(1239) Pause Young (Normal) (G1 Evacuation Pause)
[2023-04-09T19:30:06.524+0800][2942.033s] GC(1239) Using 8 workers of 8 for evacuation
[2023-04-09T19:30:06.526+0800][2942.035s] GC(1239)   Pre Evacuate Collection Set: 0.0ms
[2023-04-09T19:30:06.526+0800][2942.035s] GC(1239)   Evacuate Collection Set: 0.9ms
[2023-04-09T19:30:06.526+0800][2942.035s] GC(1239)   Post Evacuate Collection Set: 0.7ms
[2023-04-09T19:30:06.526+0800][2942.035s] GC(1239)   Other: 0.2ms
[2023-04-09T19:30:06.526+0800][2942.035s] GC(1239) Eden regions: 304->0(298)
[2023-04-09T19:30:06.526+0800][2942.035s] GC(1239) Survivor regions: 3->9(39)
[2023-04-09T19:30:06.526+0800][2942.035s] GC(1239) Old regions: 80->80
[2023-04-09T19:30:06.526+0800][2942.035s] GC(1239) Humongous regions: 16->15
[2023-04-09T19:30:06.526+0800][2942.035s] GC(1239) Metaspace: 62368K(65392K)->62368K(65392K) NonClass: 55414K(57252K)->55414K(57252K) Class: 6954K(8140K)->6954K(8140K)
[2023-04-09T19:30:06.526+0800][2942.035s] GC(1239) Pause Young (Normal) (G1 Evacuation Pause) 402M->103M(512M) 1.923ms
[2023-04-09T19:30:06.526+0800][2942.035s] GC(1239) User=0.00s Sys=0.00s Real=0.00s
[2023-04-09T19:30:06.984+0800][2942.494s] GC(1240) Pause Young (Normal) (G1 Evacuation Pause)
[2023-04-09T19:30:06.984+0800][2942.494s] GC(1240) Using 8 workers of 8 for evacuation
[2023-04-09T19:30:06.986+0800][2942.495s] GC(1240)   Pre Evacuate Collection Set: 0.0ms
[2023-04-09T19:30:06.986+0800][2942.496s] GC(1240)   Evacuate Collection Set: 1.2ms
[2023-04-09T19:30:06.986+0800][2942.496s] GC(1240)   Post Evacuate Collection Set: 0.6ms
[2023-04-09T19:30:06.986+0800][2942.496s] GC(1240)   Other: 0.2ms
[2023-04-09T19:30:06.986+0800][2942.496s] GC(1240) Eden regions: 298->0(296)
[2023-04-09T19:30:06.986+0800][2942.496s] GC(1240) Survivor regions: 9->11(39)
[2023-04-09T19:30:06.986+0800][2942.496s] GC(1240) Old regions: 80->80
[2023-04-09T19:30:06.986+0800][2942.496s] GC(1240) Humongous regions: 34->22
[2023-04-09T19:30:06.987+0800][2942.496s] GC(1240) Metaspace: 62368K(65392K)->62368K(65392K) NonClass: 55414K(57252K)->55414K(57252K) Class: 6954K(8140K)->6954K(8140K)
[2023-04-09T19:30:06.987+0800][2942.496s] GC(1240) Pause Young (Normal) (G1 Evacuation Pause) 420M->112M(512M) 2.156ms
[2023-04-09T19:30:06.987+0800][2942.496s] GC(1240) User=0.00s Sys=0.00s Real=0.00s
[2023-04-09T19:30:07.702+0800][2943.211s] GC(1241) Pause Young (Normal) (G1 Evacuation Pause)
[2023-04-09T19:30:07.702+0800][2943.211s] GC(1241) Using 8 workers of 8 for evacuation
[2023-04-09T19:30:07.703+0800][2943.212s] GC(1241)   Pre Evacuate Collection Set: 0.0ms
[2023-04-09T19:30:07.703+0800][2943.212s] GC(1241)   Evacuate Collection Set: 0.3ms
[2023-04-09T19:30:07.703+0800][2943.212s] GC(1241)   Post Evacuate Collection Set: 0.4ms
[2023-04-09T19:30:07.703+0800][2943.212s] GC(1241)   Other: 0.2ms
[2023-04-09T19:30:07.703+0800][2943.212s] GC(1241) Eden regions: 296->0(305)
[2023-04-09T19:30:07.703+0800][2943.212s] GC(1241) Survivor regions: 11->2(39)
[2023-04-09T19:30:07.703+0800][2943.212s] GC(1241) Old regions: 80->80
[2023-04-09T19:30:07.703+0800][2943.212s] GC(1241) Humongous regions: 22->13
[2023-04-09T19:30:07.703+0800][2943.212s] GC(1241) Metaspace: 62368K(65392K)->62368K(65392K) NonClass: 55414K(57252K)->55414K(57252K) Class: 6954K(8140K)->6954K(8140K)
[2023-04-09T19:30:07.703+0800][2943.212s] GC(1241) Pause Young (Normal) (G1 Evacuation Pause) 408M->93M(512M) 1.082ms
[2023-04-09T19:30:07.703+0800][2943.212s] GC(1241) User=0.00s Sys=0.00s Real=0.00s
[2023-04-09T19:30:08.166+0800][2943.675s] GC(1242) Pause Young (Normal) (G1 Evacuation Pause)
[2023-04-09T19:30:08.166+0800][2943.675s] GC(1242) Using 8 workers of 8 for evacuation
[2023-04-09T19:30:08.167+0800][2943.676s] GC(1242)   Pre Evacuate Collection Set: 0.0ms
[2023-04-09T19:30:08.168+0800][2943.676s] GC(1242)   Evacuate Collection Set: 0.9ms
[2023-04-09T19:30:08.168+0800][2943.676s] GC(1242)   Post Evacuate Collection Set: 0.5ms
[2023-04-09T19:30:08.168+0800][2943.676s] GC(1242)   Other: 0.2ms
[2023-04-09T19:30:08.168+0800][2943.676s] GC(1242) Eden regions: 305->0(300)
[2023-04-09T19:30:08.168+0800][2943.676s] GC(1242) Survivor regions: 2->7(39)
[2023-04-09T19:30:08.168+0800][2943.676s] GC(1242) Old regions: 80->80
[2023-04-09T19:30:08.168+0800][2943.676s] GC(1242) Humongous regions: 16->15
[2023-04-09T19:30:08.168+0800][2943.676s] GC(1242) Metaspace: 62368K(65392K)->62368K(65392K) NonClass: 55414K(57252K)->55414K(57252K) Class: 6954K(8140K)->6954K(8140K)
[2023-04-09T19:30:08.168+0800][2943.676s] GC(1242) Pause Young (Normal) (G1 Evacuation Pause) 401M->101M(512M) 1.841ms
[2023-04-09T19:30:08.168+0800][2943.676s] GC(1242) User=0.00s Sys=0.02s Real=0.00s
[2023-04-09T19:30:08.722+0800][2944.230s] GC(1243) Pause Young (Normal) (G1 Evacuation Pause)
[2023-04-09T19:30:08.722+0800][2944.230s] GC(1243) Using 8 workers of 8 for evacuation
[2023-04-09T19:30:08.724+0800][2944.232s] GC(1243)   Pre Evacuate Collection Set: 0.0ms
[2023-04-09T19:30:08.724+0800][2944.232s] GC(1243)   Evacuate Collection Set: 1.1ms
[2023-04-09T19:30:08.724+0800][2944.232s] GC(1243)   Post Evacuate Collection Set: 0.6ms
[2023-04-09T19:30:08.724+0800][2944.232s] GC(1243)   Other: 0.2ms
[2023-04-09T19:30:08.724+0800][2944.232s] GC(1243) Eden regions: 300->0(297)
[2023-04-09T19:30:08.724+0800][2944.232s] GC(1243) Survivor regions: 7->10(39)
[2023-04-09T19:30:08.724+0800][2944.232s] GC(1243) Old regions: 80->80
[2023-04-09T19:30:08.724+0800][2944.232s] GC(1243) Humongous regions: 29->22
[2023-04-09T19:30:08.724+0800][2944.232s] GC(1243) Metaspace: 62368K(65392K)->62368K(65392K) NonClass: 55414K(57252K)->55414K(57252K) Class: 6954K(8140K)->6954K(8140K)
[2023-04-09T19:30:08.724+0800][2944.232s] GC(1243) Pause Young (Normal) (G1 Evacuation Pause) 415M->110M(512M) 2.161ms
[2023-04-09T19:30:08.724+0800][2944.233s] GC(1243) User=0.00s Sys=0.00s Real=0.00s
[2023-04-09T19:30:09.298+0800][2944.806s] GC(1244) Pause Young (Normal) (G1 Evacuation Pause)
[2023-04-09T19:30:09.298+0800][2944.806s] GC(1244) Using 8 workers of 8 for evacuation
[2023-04-09T19:30:09.300+0800][2944.808s] GC(1244)   Pre Evacuate Collection Set: 0.0ms
[2023-04-09T19:30:09.300+0800][2944.808s] GC(1244)   Evacuate Collection Set: 1.1ms
[2023-04-09T19:30:09.300+0800][2944.808s] GC(1244)   Post Evacuate Collection Set: 0.6ms
[2023-04-09T19:30:09.300+0800][2944.808s] GC(1244)   Other: 0.1ms
[2023-04-09T19:30:09.300+0800][2944.808s] GC(1244) Eden regions: 297->0(297)
[2023-04-09T19:30:09.300+0800][2944.808s] GC(1244) Survivor regions: 10->10(39)
[2023-04-09T19:30:09.300+0800][2944.808s] GC(1244) Old regions: 80->80
[2023-04-09T19:30:09.300+0800][2944.808s] GC(1244) Humongous regions: 27->22
[2023-04-09T19:30:09.300+0800][2944.808s] GC(1244) Metaspace: 62368K(65392K)->62368K(65392K) NonClass: 55414K(57252K)->55414K(57252K) Class: 6954K(8140K)->6954K(8140K)
[2023-04-09T19:30:09.300+0800][2944.809s] GC(1244) Pause Young (Normal) (G1 Evacuation Pause) 412M->111M(512M) 2.064ms
[2023-04-09T19:30:09.300+0800][2944.809s] GC(1244) User=0.00s Sys=0.00s Real=0.00s
[2023-04-09T19:30:09.864+0800][2945.373s] GC(1245) Pause Young (Normal) (G1 Evacuation Pause)
[2023-04-09T19:30:09.864+0800][2945.373s] GC(1245) Using 8 workers of 8 for evacuation
[2023-04-09T19:30:09.866+0800][2945.375s] GC(1245)   Pre Evacuate Collection Set: 0.0ms
[2023-04-09T19:30:09.866+0800][2945.375s] GC(1245)   Evacuate Collection Set: 0.7ms
[2023-04-09T19:30:09.866+0800][2945.375s] GC(1245)   Post Evacuate Collection Set: 0.6ms
[2023-04-09T19:30:09.866+0800][2945.375s] GC(1245)   Other: 0.2ms
[2023-04-09T19:30:09.866+0800][2945.375s] GC(1245) Eden regions: 297->0(301)
[2023-04-09T19:30:09.866+0800][2945.375s] GC(1245) Survivor regions: 10->6(39)
[2023-04-09T19:30:09.866+0800][2945.375s] GC(1245) Old regions: 80->80
[2023-04-09T19:30:09.866+0800][2945.375s] GC(1245) Humongous regions: 23->14
[2023-04-09T19:30:09.866+0800][2945.375s] GC(1245) Metaspace: 62368K(65392K)->62368K(65392K) NonClass: 55414K(57252K)->55414K(57252K) Class: 6954K(8140K)->6954K(8140K)
[2023-04-09T19:30:09.866+0800][2945.375s] GC(1245) Pause Young (Normal) (G1 Evacuation Pause) 409M->99M(512M) 1.605ms
[2023-04-09T19:30:09.866+0800][2945.375s] GC(1245) User=0.00s Sys=0.00s Real=0.00s
[2023-04-09T19:30:10.342+0800][2945.851s] GC(1246) Pause Young (Normal) (G1 Evacuation Pause)
[2023-04-09T19:30:10.342+0800][2945.851s] GC(1246) Using 8 workers of 8 for evacuation
[2023-04-09T19:30:10.344+0800][2945.853s] GC(1246)   Pre Evacuate Collection Set: 0.0ms
[2023-04-09T19:30:10.344+0800][2945.853s] GC(1246)   Evacuate Collection Set: 1.1ms
[2023-04-09T19:30:10.344+0800][2945.853s] GC(1246)   Post Evacuate Collection Set: 0.5ms
[2023-04-09T19:30:10.344+0800][2945.853s] GC(1246)   Other: 0.2ms
[2023-04-09T19:30:10.344+0800][2945.853s] GC(1246) Eden regions: 301->0(299)
[2023-04-09T19:30:10.344+0800][2945.853s] GC(1246) Survivor regions: 6->8(39)
[2023-04-09T19:30:10.344+0800][2945.853s] GC(1246) Old regions: 80->80
[2023-04-09T19:30:10.344+0800][2945.853s] GC(1246) Humongous regions: 22->21
[2023-04-09T19:30:10.344+0800][2945.853s] GC(1246) Metaspace: 62368K(65392K)->62368K(65392K) NonClass: 55414K(57252K)->55414K(57252K) Class: 6954K(8140K)->6954K(8140K)
[2023-04-09T19:30:10.344+0800][2945.853s] GC(1246) Pause Young (Normal) (G1 Evacuation Pause) 408M->108M(512M) 2.260ms
[2023-04-09T19:30:10.344+0800][2945.853s] GC(1246) User=0.00s Sys=0.00s Real=0.00s
[2023-04-09T19:30:11.086+0800][2946.595s] GC(1247) Pause Young (Normal) (G1 Evacuation Pause)
[2023-04-09T19:30:11.086+0800][2946.595s] GC(1247) Using 8 workers of 8 for evacuation
[2023-04-09T19:30:11.088+0800][2946.596s] GC(1247)   Pre Evacuate Collection Set: 0.0ms
[2023-04-09T19:30:11.088+0800][2946.596s] GC(1247)   Evacuate Collection Set: 1.2ms
[2023-04-09T19:30:11.088+0800][2946.596s] GC(1247)   Post Evacuate Collection Set: 0.6ms
[2023-04-09T19:30:11.088+0800][2946.597s] GC(1247)   Other: 0.2ms
[2023-04-09T19:30:11.088+0800][2946.597s] GC(1247) Eden regions: 299->0(297)
[2023-04-09T19:30:11.088+0800][2946.597s] GC(1247) Survivor regions: 8->10(39)
[2023-04-09T19:30:11.088+0800][2946.597s] GC(1247) Old regions: 80->80
[2023-04-09T19:30:11.088+0800][2946.597s] GC(1247) Humongous regions: 34->22
[2023-04-09T19:30:11.088+0800][2946.597s] GC(1247) Metaspace: 62368K(65392K)->62368K(65392K) NonClass: 55414K(57252K)->55414K(57252K) Class: 6954K(8140K)->6954K(8140K)
[2023-04-09T19:30:11.088+0800][2946.597s] GC(1247) Pause Young (Normal) (G1 Evacuation Pause) 420M->111M(512M) 2.176ms
[2023-04-09T19:30:11.088+0800][2946.597s] GC(1247) User=0.00s Sys=0.00s Real=0.00s
[2023-04-09T19:30:11.640+0800][2947.149s] GC(1248) Pause Young (Normal) (G1 Evacuation Pause)
[2023-04-09T19:30:11.640+0800][2947.149s] GC(1248) Using 8 workers of 8 for evacuation
[2023-04-09T19:30:11.641+0800][2947.150s] GC(1248)   Pre Evacuate Collection Set: 0.0ms
[2023-04-09T19:30:11.641+0800][2947.150s] GC(1248)   Evacuate Collection Set: 0.5ms
[2023-04-09T19:30:11.641+0800][2947.150s] GC(1248)   Post Evacuate Collection Set: 0.6ms
[2023-04-09T19:30:11.641+0800][2947.150s] GC(1248)   Other: 0.1ms
[2023-04-09T19:30:11.641+0800][2947.150s] GC(1248) Eden regions: 297->0(303)
[2023-04-09T19:30:11.641+0800][2947.150s] GC(1248) Survivor regions: 10->4(39)
[2023-04-09T19:30:11.641+0800][2947.150s] GC(1248) Old regions: 80->80
[2023-04-09T19:30:11.641+0800][2947.150s] GC(1248) Humongous regions: 23->14
[2023-04-09T19:30:11.641+0800][2947.150s] GC(1248) Metaspace: 62368K(65392K)->62368K(65392K) NonClass: 55414K(57252K)->55414K(57252K) Class: 6954K(8140K)->6954K(8140K)
[2023-04-09T19:30:11.641+0800][2947.150s] GC(1248) Pause Young (Normal) (G1 Evacuation Pause) 409M->97M(512M) 1.444ms
[2023-04-09T19:30:11.641+0800][2947.150s] GC(1248) User=0.00s Sys=0.00s Real=0.00s
[2023-04-09T19:30:12.111+0800][2947.621s] GC(1249) Pause Young (Normal) (G1 Evacuation Pause)
[2023-04-09T19:30:12.111+0800][2947.621s] GC(1249) Using 8 workers of 8 for evacuation
[2023-04-09T19:30:12.113+0800][2947.622s] GC(1249)   Pre Evacuate Collection Set: 0.0ms
[2023-04-09T19:30:12.113+0800][2947.622s] GC(1249)   Evacuate Collection Set: 1.1ms
[2023-04-09T19:30:12.113+0800][2947.622s] GC(1249)   Post Evacuate Collection Set: 0.6ms
[2023-04-09T19:30:12.113+0800][2947.623s] GC(1249)   Other: 0.2ms
[2023-04-09T19:30:12.113+0800][2947.623s] GC(1249) Eden regions: 303->0(297)
[2023-04-09T19:30:12.113+0800][2947.623s] GC(1249) Survivor regions: 4->10(39)
[2023-04-09T19:30:12.113+0800][2947.623s] GC(1249) Old regions: 80->80
[2023-04-09T19:30:12.113+0800][2947.623s] GC(1249) Humongous regions: 17->16
[2023-04-09T19:30:12.113+0800][2947.623s] GC(1249) Metaspace: 62368K(65392K)->62368K(65392K) NonClass: 55414K(57252K)->55414K(57252K) Class: 6954K(8140K)->6954K(8140K)
[2023-04-09T19:30:12.114+0800][2947.623s] GC(1249) Pause Young (Normal) (G1 Evacuation Pause) 403M->105M(512M) 2.170ms
[2023-04-09T19:30:12.114+0800][2947.623s] GC(1249) User=0.00s Sys=0.00s Real=0.00s
[2023-04-09T19:30:12.867+0800][2948.376s] GC(1250) Pause Young (Normal) (G1 Evacuation Pause)
[2023-04-09T19:30:12.867+0800][2948.376s] GC(1250) Using 8 workers of 8 for evacuation
[2023-04-09T19:30:12.869+0800][2948.377s] GC(1250)   Pre Evacuate Collection Set: 0.0ms
[2023-04-09T19:30:12.869+0800][2948.378s] GC(1250)   Evacuate Collection Set: 1.2ms
[2023-04-09T19:30:12.869+0800][2948.378s] GC(1250)   Post Evacuate Collection Set: 0.5ms
[2023-04-09T19:30:12.869+0800][2948.378s] GC(1250)   Other: 0.2ms
[2023-04-09T19:30:12.869+0800][2948.378s] GC(1250) Eden regions: 297->0(297)
[2023-04-09T19:30:12.869+0800][2948.378s] GC(1250) Survivor regions: 10->10(39)
[2023-04-09T19:30:12.869+0800][2948.378s] GC(1250) Old regions: 80->80
[2023-04-09T19:30:12.869+0800][2948.378s] GC(1250) Humongous regions: 34->22
[2023-04-09T19:30:12.869+0800][2948.378s] GC(1250) Metaspace: 62368K(65392K)->62368K(65392K) NonClass: 55414K(57252K)->55414K(57252K) Class: 6954K(8140K)->6954K(8140K)
[2023-04-09T19:30:12.869+0800][2948.378s] GC(1250) Pause Young (Normal) (G1 Evacuation Pause) 420M->111M(512M) 2.025ms
[2023-04-09T19:30:12.869+0800][2948.378s] GC(1250) User=0.00s Sys=0.00s Real=0.00s
[2023-04-09T19:30:13.377+0800][2948.886s] GC(1251) Pause Young (Normal) (G1 Evacuation Pause)
[2023-04-09T19:30:13.377+0800][2948.886s] GC(1251) Using 8 workers of 8 for evacuation
[2023-04-09T19:30:13.378+0800][2948.887s] GC(1251)   Pre Evacuate Collection Set: 0.0ms
[2023-04-09T19:30:13.378+0800][2948.887s] GC(1251)   Evacuate Collection Set: 0.4ms
[2023-04-09T19:30:13.378+0800][2948.887s] GC(1251)   Post Evacuate Collection Set: 0.3ms
[2023-04-09T19:30:13.378+0800][2948.887s] GC(1251)   Other: 0.2ms
[2023-04-09T19:30:13.378+0800][2948.887s] GC(1251) Eden regions: 297->0(304)
[2023-04-09T19:30:13.378+0800][2948.887s] GC(1251) Survivor regions: 10->3(39)
[2023-04-09T19:30:13.378+0800][2948.888s] GC(1251) Old regions: 80->80
[2023-04-09T19:30:13.378+0800][2948.888s] GC(1251) Humongous regions: 22->13
[2023-04-09T19:30:13.378+0800][2948.888s] GC(1251) Metaspace: 62368K(65392K)->62368K(65392K) NonClass: 55414K(57252K)->55414K(57252K) Class: 6954K(8140K)->6954K(8140K)
[2023-04-09T19:30:13.378+0800][2948.888s] GC(1251) Pause Young (Normal) (G1 Evacuation Pause) 408M->95M(512M) 1.118ms
[2023-04-09T19:30:13.378+0800][2948.888s] GC(1251) User=0.00s Sys=0.00s Real=0.00s
[2023-04-09T19:30:13.870+0800][2949.379s] GC(1252) Pause Young (Normal) (G1 Evacuation Pause)
[2023-04-09T19:30:13.870+0800][2949.379s] GC(1252) Using 8 workers of 8 for evacuation
[2023-04-09T19:30:13.872+0800][2949.381s] GC(1252)   Pre Evacuate Collection Set: 0.0ms
[2023-04-09T19:30:13.872+0800][2949.381s] GC(1252)   Evacuate Collection Set: 0.9ms
[2023-04-09T19:30:13.872+0800][2949.381s] GC(1252)   Post Evacuate Collection Set: 0.5ms
[2023-04-09T19:30:13.872+0800][2949.381s] GC(1252)   Other: 0.2ms
[2023-04-09T19:30:13.872+0800][2949.381s] GC(1252) Eden regions: 304->0(298)
[2023-04-09T19:30:13.872+0800][2949.381s] GC(1252) Survivor regions: 3->9(39)
[2023-04-09T19:30:13.872+0800][2949.381s] GC(1252) Old regions: 80->80
[2023-04-09T19:30:13.872+0800][2949.381s] GC(1252) Humongous regions: 16->15
[2023-04-09T19:30:13.872+0800][2949.381s] GC(1252) Metaspace: 62368K(65392K)->62368K(65392K) NonClass: 55414K(57252K)->55414K(57252K) Class: 6954K(8140K)->6954K(8140K)
[2023-04-09T19:30:13.872+0800][2949.381s] GC(1252) Pause Young (Normal) (G1 Evacuation Pause) 402M->102M(512M) 1.834ms
[2023-04-09T19:30:13.872+0800][2949.381s] GC(1252) User=0.09s Sys=0.00s Real=0.00s
[2023-04-09T19:30:14.338+0800][2949.846s] GC(1253) Pause Young (Normal) (G1 Evacuation Pause)
[2023-04-09T19:30:14.338+0800][2949.846s] GC(1253) Using 8 workers of 8 for evacuation
[2023-04-09T19:30:14.338+0800][2949.848s] GC(1253)   Pre Evacuate Collection Set: 0.0ms
[2023-04-09T19:30:14.339+0800][2949.848s] GC(1253)   Evacuate Collection Set: 1.1ms
[2023-04-09T19:30:14.339+0800][2949.848s] GC(1253)   Post Evacuate Collection Set: 0.6ms
[2023-04-09T19:30:14.339+0800][2949.848s] GC(1253)   Other: 0.2ms
[2023-04-09T19:30:14.339+0800][2949.848s] GC(1253) Eden regions: 298->0(296)
[2023-04-09T19:30:14.339+0800][2949.848s] GC(1253) Survivor regions: 9->11(39)
[2023-04-09T19:30:14.339+0800][2949.848s] GC(1253) Old regions: 80->80
[2023-04-09T19:30:14.339+0800][2949.848s] GC(1253) Humongous regions: 29->22
[2023-04-09T19:30:14.339+0800][2949.848s] GC(1253) Metaspace: 62368K(65392K)->62368K(65392K) NonClass: 55414K(57252K)->55414K(57252K) Class: 6954K(8140K)->6954K(8140K)
[2023-04-09T19:30:14.339+0800][2949.848s] GC(1253) Pause Young (Normal) (G1 Evacuation Pause) 414M->112M(512M) 2.189ms
[2023-04-09T19:30:14.339+0800][2949.848s] GC(1253) User=0.02s Sys=0.00s Real=0.00s
[2023-04-09T19:30:15.036+0800][2950.545s] GC(1254) Pause Young (Normal) (G1 Evacuation Pause)
[2023-04-09T19:30:15.036+0800][2950.545s] GC(1254) Using 8 workers of 8 for evacuation
[2023-04-09T19:30:15.037+0800][2950.546s] GC(1254)   Pre Evacuate Collection Set: 0.0ms
[2023-04-09T19:30:15.037+0800][2950.546s] GC(1254)   Evacuate Collection Set: 0.3ms
[2023-04-09T19:30:15.037+0800][2950.546s] GC(1254)   Post Evacuate Collection Set: 0.6ms
[2023-04-09T19:30:15.037+0800][2950.546s] GC(1254)   Other: 0.2ms
[2023-04-09T19:30:15.037+0800][2950.546s] GC(1254) Eden regions: 296->0(306)
[2023-04-09T19:30:15.037+0800][2950.546s] GC(1254) Survivor regions: 11->1(39)
[2023-04-09T19:30:15.037+0800][2950.546s] GC(1254) Old regions: 80->80
[2023-04-09T19:30:15.037+0800][2950.546s] GC(1254) Humongous regions: 27->13
[2023-04-09T19:30:15.037+0800][2950.546s] GC(1254) Metaspace: 62368K(65392K)->62368K(65392K) NonClass: 55414K(57252K)->55414K(57252K) Class: 6954K(8140K)->6954K(8140K)
[2023-04-09T19:30:15.037+0800][2950.546s] GC(1254) Pause Young (Normal) (G1 Evacuation Pause) 413M->93M(512M) 1.181ms
[2023-04-09T19:30:15.037+0800][2950.546s] GC(1254) User=0.00s Sys=0.00s Real=0.00s
[2023-04-09T19:30:15.461+0800][2950.969s] GC(1255) Pause Young (Normal) (G1 Evacuation Pause)
[2023-04-09T19:30:15.461+0800][2950.969s] GC(1255) Using 8 workers of 8 for evacuation
[2023-04-09T19:30:15.462+0800][2950.971s] GC(1255)   Pre Evacuate Collection Set: 0.0ms
[2023-04-09T19:30:15.462+0800][2950.971s] GC(1255)   Evacuate Collection Set: 0.9ms
[2023-04-09T19:30:15.462+0800][2950.971s] GC(1255)   Post Evacuate Collection Set: 0.7ms
[2023-04-09T19:30:15.462+0800][2950.971s] GC(1255)   Other: 0.2ms
[2023-04-09T19:30:15.463+0800][2950.971s] GC(1255) Eden regions: 306->0(300)
[2023-04-09T19:30:15.463+0800][2950.971s] GC(1255) Survivor regions: 1->7(39)
[2023-04-09T19:30:15.463+0800][2950.971s] GC(1255) Old regions: 80->80
[2023-04-09T19:30:15.463+0800][2950.971s] GC(1255) Humongous regions: 16->15
[2023-04-09T19:30:15.463+0800][2950.971s] GC(1255) Metaspace: 62368K(65392K)->62368K(65392K) NonClass: 55414K(57252K)->55414K(57252K) Class: 6954K(8140K)->6954K(8140K)
[2023-04-09T19:30:15.463+0800][2950.971s] GC(1255) Pause Young (Normal) (G1 Evacuation Pause) 402M->101M(512M) 1.980ms
[2023-04-09T19:30:15.463+0800][2950.971s] GC(1255) User=0.00s Sys=0.00s Real=0.00s
[2023-04-09T19:30:15.994+0800][2951.503s] GC(1256) Pause Young (Normal) (G1 Evacuation Pause)
[2023-04-09T19:30:15.994+0800][2951.503s] GC(1256) Using 8 workers of 8 for evacuation
[2023-04-09T19:30:15.996+0800][2951.505s] GC(1256)   Pre Evacuate Collection Set: 0.0ms
[2023-04-09T19:30:15.996+0800][2951.505s] GC(1256)   Evacuate Collection Set: 1.2ms
[2023-04-09T19:30:15.996+0800][2951.505s] GC(1256)   Post Evacuate Collection Set: 0.5ms
[2023-04-09T19:30:15.996+0800][2951.505s] GC(1256)   Other: 0.2ms
[2023-04-09T19:30:15.996+0800][2951.505s] GC(1256) Eden regions: 300->0(298)
[2023-04-09T19:30:15.996+0800][2951.505s] GC(1256) Survivor regions: 7->9(39)
[2023-04-09T19:30:15.996+0800][2951.505s] GC(1256) Old regions: 80->80
[2023-04-09T19:30:15.996+0800][2951.505s] GC(1256) Humongous regions: 24->22
[2023-04-09T19:30:15.996+0800][2951.505s] GC(1256) Metaspace: 62368K(65392K)->62368K(65392K) NonClass: 55414K(57252K)->55414K(57252K) Class: 6954K(8140K)->6954K(8140K)
[2023-04-09T19:30:15.996+0800][2951.505s] GC(1256) Pause Young (Normal) (G1 Evacuation Pause) 410M->110M(512M) 2.139ms
[2023-04-09T19:30:15.996+0800][2951.505s] GC(1256) User=0.09s Sys=0.00s Real=0.00s
[2023-04-09T19:30:16.610+0800][2952.118s] GC(1257) Pause Young (Normal) (G1 Evacuation Pause)
[2023-04-09T19:30:16.610+0800][2952.118s] GC(1257) Using 8 workers of 8 for evacuation
[2023-04-09T19:30:16.612+0800][2952.121s] GC(1257)   Pre Evacuate Collection Set: 0.0ms
[2023-04-09T19:30:16.612+0800][2952.121s] GC(1257)   Evacuate Collection Set: 1.4ms
[2023-04-09T19:30:16.612+0800][2952.121s] GC(1257)   Post Evacuate Collection Set: 0.6ms
[2023-04-09T19:30:16.612+0800][2952.121s] GC(1257)   Other: 0.2ms
[2023-04-09T19:30:16.612+0800][2952.121s] GC(1257) Eden regions: 298->0(297)
[2023-04-09T19:30:16.612+0800][2952.121s] GC(1257) Survivor regions: 9->10(39)
[2023-04-09T19:30:16.612+0800][2952.121s] GC(1257) Old regions: 80->80
[2023-04-09T19:30:16.612+0800][2952.121s] GC(1257) Humongous regions: 32->22
[2023-04-09T19:30:16.612+0800][2952.121s] GC(1257) Metaspace: 62368K(65392K)->62368K(65392K) NonClass: 55414K(57252K)->55414K(57252K) Class: 6954K(8140K)->6954K(8140K)
[2023-04-09T19:30:16.612+0800][2952.121s] GC(1257) Pause Young (Normal) (G1 Evacuation Pause) 418M->111M(512M) 2.554ms
[2023-04-09T19:30:16.613+0800][2952.121s] GC(1257) User=0.00s Sys=0.00s Real=0.00s
[2023-04-09T19:30:17.186+0800][2952.695s] GC(1258) Pause Young (Normal) (G1 Evacuation Pause)
[2023-04-09T19:30:17.186+0800][2952.695s] GC(1258) Using 8 workers of 8 for evacuation
[2023-04-09T19:30:17.188+0800][2952.696s] GC(1258)   Pre Evacuate Collection Set: 0.0ms
[2023-04-09T19:30:17.188+0800][2952.696s] GC(1258)   Evacuate Collection Set: 0.7ms
[2023-04-09T19:30:17.188+0800][2952.696s] GC(1258)   Post Evacuate Collection Set: 0.6ms
[2023-04-09T19:30:17.188+0800][2952.696s] GC(1258)   Other: 0.2ms
[2023-04-09T19:30:17.188+0800][2952.697s] GC(1258) Eden regions: 297->0(301)
[2023-04-09T19:30:17.188+0800][2952.697s] GC(1258) Survivor regions: 10->6(39)
[2023-04-09T19:30:17.188+0800][2952.697s] GC(1258) Old regions: 80->80
[2023-04-09T19:30:17.188+0800][2952.697s] GC(1258) Humongous regions: 23->14
[2023-04-09T19:30:17.188+0800][2952.697s] GC(1258) Metaspace: 62368K(65392K)->62368K(65392K) NonClass: 55414K(57252K)->55414K(57252K) Class: 6954K(8140K)->6954K(8140K)
[2023-04-09T19:30:17.188+0800][2952.697s] GC(1258) Pause Young (Normal) (G1 Evacuation Pause) 409M->99M(512M) 1.668ms
[2023-04-09T19:30:17.188+0800][2952.697s] GC(1258) User=0.00s Sys=0.00s Real=0.00s
[2023-04-09T19:31:12.627+0800][3008.136s] GC(1259) Pause Young (Normal) (G1 Evacuation Pause)
[2023-04-09T19:31:12.627+0800][3008.136s] GC(1259) Using 8 workers of 8 for evacuation
[2023-04-09T19:31:12.629+0800][3008.138s] GC(1259)   Pre Evacuate Collection Set: 0.0ms
[2023-04-09T19:31:12.629+0800][3008.138s] GC(1259)   Evacuate Collection Set: 0.9ms
[2023-04-09T19:31:12.629+0800][3008.138s] GC(1259)   Post Evacuate Collection Set: 0.4ms
[2023-04-09T19:31:12.629+0800][3008.138s] GC(1259)   Other: 0.2ms
[2023-04-09T19:31:12.629+0800][3008.138s] GC(1259) Eden regions: 301->0(302)
[2023-04-09T19:31:12.629+0800][3008.138s] GC(1259) Survivor regions: 6->5(39)
[2023-04-09T19:31:12.629+0800][3008.138s] GC(1259) Old regions: 80->80
[2023-04-09T19:31:12.629+0800][3008.138s] GC(1259) Humongous regions: 15->14
[2023-04-09T19:31:12.629+0800][3008.138s] GC(1259) Metaspace: 62383K(65392K)->62383K(65392K) NonClass: 55429K(57252K)->55429K(57252K) Class: 6954K(8140K)->6954K(8140K)
[2023-04-09T19:31:12.629+0800][3008.138s] GC(1259) Pause Young (Normal) (G1 Evacuation Pause) 401M->98M(512M) 1.714ms
[2023-04-09T19:31:12.629+0800][3008.138s] GC(1259) User=0.00s Sys=0.00s Real=0.00s
[2023-04-09T19:31:13.123+0800][3008.631s] GC(1260) Pause Young (Normal) (G1 Evacuation Pause)
[2023-04-09T19:31:13.123+0800][3008.631s] GC(1260) Using 8 workers of 8 for evacuation
[2023-04-09T19:31:13.124+0800][3008.633s] GC(1260)   Pre Evacuate Collection Set: 0.0ms
[2023-04-09T19:31:13.125+0800][3008.633s] GC(1260)   Evacuate Collection Set: 1.2ms
[2023-04-09T19:31:13.125+0800][3008.633s] GC(1260)   Post Evacuate Collection Set: 0.6ms
[2023-04-09T19:31:13.125+0800][3008.633s] GC(1260)   Other: 0.2ms
[2023-04-09T19:31:13.125+0800][3008.633s] GC(1260) Eden regions: 302->0(296)
[2023-04-09T19:31:13.125+0800][3008.633s] GC(1260) Survivor regions: 5->11(39)
[2023-04-09T19:31:13.125+0800][3008.633s] GC(1260) Old regions: 80->80
[2023-04-09T19:31:13.125+0800][3008.633s] GC(1260) Humongous regions: 17->16
[2023-04-09T19:31:13.125+0800][3008.633s] GC(1260) Metaspace: 62383K(65392K)->62383K(65392K) NonClass: 55429K(57252K)->55429K(57252K) Class: 6954K(8140K)->6954K(8140K)
[2023-04-09T19:31:13.125+0800][3008.633s] GC(1260) Pause Young (Normal) (G1 Evacuation Pause) 403M->106M(512M) 2.124ms
[2023-04-09T19:31:13.125+0800][3008.633s] GC(1260) User=0.00s Sys=0.00s Real=0.00s
[2023-04-09T19:31:13.814+0800][3009.322s] GC(1261) Pause Young (Normal) (G1 Evacuation Pause)
[2023-04-09T19:31:13.814+0800][3009.322s] GC(1261) Using 8 workers of 8 for evacuation
[2023-04-09T19:31:13.816+0800][3009.325s] GC(1261)   Pre Evacuate Collection Set: 0.0ms
[2023-04-09T19:31:13.816+0800][3009.325s] GC(1261)   Evacuate Collection Set: 1.4ms
[2023-04-09T19:31:13.816+0800][3009.325s] GC(1261)   Post Evacuate Collection Set: 0.7ms
[2023-04-09T19:31:13.816+0800][3009.325s] GC(1261)   Other: 0.2ms
[2023-04-09T19:31:13.816+0800][3009.325s] GC(1261) Eden regions: 296->0(296)
[2023-04-09T19:31:13.816+0800][3009.325s] GC(1261) Survivor regions: 11->11(39)
[2023-04-09T19:31:13.816+0800][3009.325s] GC(1261) Old regions: 80->80
[2023-04-09T19:31:13.816+0800][3009.325s] GC(1261) Humongous regions: 34->22
[2023-04-09T19:31:13.816+0800][3009.325s] GC(1261) Metaspace: 62383K(65392K)->62383K(65392K) NonClass: 55429K(57252K)->55429K(57252K) Class: 6954K(8140K)->6954K(8140K)
[2023-04-09T19:31:13.816+0800][3009.325s] GC(1261) Pause Young (Normal) (G1 Evacuation Pause) 420M->112M(512M) 2.609ms
[2023-04-09T19:31:13.816+0800][3009.325s] GC(1261) User=0.00s Sys=0.00s Real=0.00s
[2023-04-09T19:31:14.407+0800][3009.916s] GC(1262) Pause Young (Normal) (G1 Evacuation Pause)
[2023-04-09T19:31:14.407+0800][3009.916s] GC(1262) Using 8 workers of 8 for evacuation
[2023-04-09T19:31:14.408+0800][3009.918s] GC(1262)   Pre Evacuate Collection Set: 0.0ms
[2023-04-09T19:31:14.409+0800][3009.918s] GC(1262)   Evacuate Collection Set: 0.8ms
[2023-04-09T19:31:14.409+0800][3009.918s] GC(1262)   Post Evacuate Collection Set: 0.5ms
[2023-04-09T19:31:14.409+0800][3009.918s] GC(1262)   Other: 0.2ms
[2023-04-09T19:31:14.409+0800][3009.918s] GC(1262) Eden regions: 296->0(303)
[2023-04-09T19:31:14.409+0800][3009.918s] GC(1262) Survivor regions: 11->4(39)
[2023-04-09T19:31:14.409+0800][3009.918s] GC(1262) Old regions: 80->80
[2023-04-09T19:31:14.409+0800][3009.918s] GC(1262) Humongous regions: 22->13
[2023-04-09T19:31:14.409+0800][3009.918s] GC(1262) Metaspace: 62383K(65392K)->62383K(65392K) NonClass: 55429K(57252K)->55429K(57252K) Class: 6954K(8140K)->6954K(8140K)
[2023-04-09T19:31:14.409+0800][3009.918s] GC(1262) Pause Young (Normal) (G1 Evacuation Pause) 408M->96M(512M) 1.819ms
[2023-04-09T19:31:14.409+0800][3009.918s] GC(1262) User=0.00s Sys=0.00s Real=0.00s
[2023-04-09T19:31:15.100+0800][3010.609s] GC(1263) Pause Young (Normal) (G1 Evacuation Pause)
[2023-04-09T19:31:15.100+0800][3010.609s] GC(1263) Using 8 workers of 8 for evacuation
[2023-04-09T19:31:15.102+0800][3010.611s] GC(1263)   Pre Evacuate Collection Set: 0.0ms
[2023-04-09T19:31:15.102+0800][3010.611s] GC(1263)   Evacuate Collection Set: 1.3ms
[2023-04-09T19:31:15.102+0800][3010.611s] GC(1263)   Post Evacuate Collection Set: 0.5ms
[2023-04-09T19:31:15.102+0800][3010.611s] GC(1263)   Other: 0.2ms
[2023-04-09T19:31:15.102+0800][3010.611s] GC(1263) Eden regions: 303->0(297)
[2023-04-09T19:31:15.102+0800][3010.611s] GC(1263) Survivor regions: 4->10(39)
[2023-04-09T19:31:15.102+0800][3010.611s] GC(1263) Old regions: 80->80
[2023-04-09T19:31:15.102+0800][3010.611s] GC(1263) Humongous regions: 16->15
[2023-04-09T19:31:15.102+0800][3010.611s] GC(1263) Metaspace: 62383K(65392K)->62383K(65392K) NonClass: 55429K(57252K)->55429K(57252K) Class: 6954K(8140K)->6954K(8140K)
[2023-04-09T19:31:15.102+0800][3010.611s] GC(1263) Pause Young (Normal) (G1 Evacuation Pause) 402M->104M(512M) 2.327ms
[2023-04-09T19:31:15.102+0800][3010.611s] GC(1263) User=0.00s Sys=0.00s Real=0.00s
[2023-04-09T19:31:15.670+0800][3011.179s] GC(1264) Pause Young (Normal) (G1 Evacuation Pause)
[2023-04-09T19:31:15.670+0800][3011.179s] GC(1264) Using 8 workers of 8 for evacuation
[2023-04-09T19:31:15.672+0800][3011.181s] GC(1264)   Pre Evacuate Collection Set: 0.0ms
[2023-04-09T19:31:15.672+0800][3011.181s] GC(1264)   Evacuate Collection Set: 1.6ms
[2023-04-09T19:31:15.672+0800][3011.181s] GC(1264)   Post Evacuate Collection Set: 0.4ms
[2023-04-09T19:31:15.673+0800][3011.181s] GC(1264)   Other: 0.2ms
[2023-04-09T19:31:15.673+0800][3011.181s] GC(1264) Eden regions: 297->0(296)
[2023-04-09T19:31:15.673+0800][3011.181s] GC(1264) Survivor regions: 10->11(39)
[2023-04-09T19:31:15.673+0800][3011.181s] GC(1264) Old regions: 80->80
[2023-04-09T19:31:15.673+0800][3011.181s] GC(1264) Humongous regions: 34->22
[2023-04-09T19:31:15.673+0800][3011.181s] GC(1264) Metaspace: 62383K(65392K)->62383K(65392K) NonClass: 55429K(57252K)->55429K(57252K) Class: 6954K(8140K)->6954K(8140K)
[2023-04-09T19:31:15.673+0800][3011.181s] GC(1264) Pause Young (Normal) (G1 Evacuation Pause) 420M->112M(512M) 2.454ms
[2023-04-09T19:31:15.673+0800][3011.181s] GC(1264) User=0.00s Sys=0.00s Real=0.00s
[2023-04-09T19:31:16.453+0800][3011.962s] GC(1265) Pause Young (Normal) (G1 Evacuation Pause)
[2023-04-09T19:31:16.453+0800][3011.962s] GC(1265) Using 8 workers of 8 for evacuation
[2023-04-09T19:31:16.455+0800][3011.964s] GC(1265)   Pre Evacuate Collection Set: 0.0ms
[2023-04-09T19:31:16.455+0800][3011.964s] GC(1265)   Evacuate Collection Set: 0.8ms
[2023-04-09T19:31:16.455+0800][3011.964s] GC(1265)   Post Evacuate Collection Set: 0.4ms
[2023-04-09T19:31:16.455+0800][3011.964s] GC(1265)   Other: 0.2ms
[2023-04-09T19:31:16.455+0800][3011.964s] GC(1265) Eden regions: 296->0(305)
[2023-04-09T19:31:16.455+0800][3011.964s] GC(1265) Survivor regions: 11->2(39)
[2023-04-09T19:31:16.455+0800][3011.964s] GC(1265) Old regions: 80->80
[2023-04-09T19:31:16.455+0800][3011.964s] GC(1265) Humongous regions: 22->13
[2023-04-09T19:31:16.455+0800][3011.964s] GC(1265) Metaspace: 62383K(65392K)->62383K(65392K) NonClass: 55429K(57252K)->55429K(57252K) Class: 6954K(8140K)->6954K(8140K)
[2023-04-09T19:31:16.455+0800][3011.964s] GC(1265) Pause Young (Normal) (G1 Evacuation Pause) 408M->94M(512M) 1.650ms
[2023-04-09T19:31:16.455+0800][3011.964s] GC(1265) User=0.00s Sys=0.00s Real=0.00s
[2023-04-09T19:31:17.030+0800][3012.539s] GC(1266) Pause Young (Normal) (G1 Evacuation Pause)
[2023-04-09T19:31:17.030+0800][3012.539s] GC(1266) Using 8 workers of 8 for evacuation
[2023-04-09T19:31:17.032+0800][3012.541s] GC(1266)   Pre Evacuate Collection Set: 0.0ms
[2023-04-09T19:31:17.032+0800][3012.541s] GC(1266)   Evacuate Collection Set: 1.2ms
[2023-04-09T19:31:17.032+0800][3012.541s] GC(1266)   Post Evacuate Collection Set: 0.7ms
[2023-04-09T19:31:17.032+0800][3012.541s] GC(1266)   Other: 0.2ms
[2023-04-09T19:31:17.032+0800][3012.541s] GC(1266) Eden regions: 305->0(298)
[2023-04-09T19:31:17.032+0800][3012.541s] GC(1266) Survivor regions: 2->9(39)
[2023-04-09T19:31:17.033+0800][3012.541s] GC(1266) Old regions: 80->80
[2023-04-09T19:31:17.033+0800][3012.541s] GC(1266) Humongous regions: 16->15
[2023-04-09T19:31:17.033+0800][3012.541s] GC(1266) Metaspace: 62383K(65392K)->62383K(65392K) NonClass: 55429K(57252K)->55429K(57252K) Class: 6954K(8140K)->6954K(8140K)
[2023-04-09T19:31:17.033+0800][3012.541s] GC(1266) Pause Young (Normal) (G1 Evacuation Pause) 402M->103M(512M) 2.374ms
[2023-04-09T19:31:17.033+0800][3012.541s] GC(1266) User=0.00s Sys=0.00s Real=0.00s
[2023-04-09T19:31:17.530+0800][3013.039s] GC(1267) Pause Young (Normal) (G1 Evacuation Pause)
[2023-04-09T19:31:17.530+0800][3013.039s] GC(1267) Using 8 workers of 8 for evacuation
[2023-04-09T19:31:17.532+0800][3013.041s] GC(1267)   Pre Evacuate Collection Set: 0.0ms
[2023-04-09T19:31:17.532+0800][3013.041s] GC(1267)   Evacuate Collection Set: 1.4ms
[2023-04-09T19:31:17.533+0800][3013.041s] GC(1267)   Post Evacuate Collection Set: 0.8ms
[2023-04-09T19:31:17.533+0800][3013.041s] GC(1267)   Other: 0.2ms
[2023-04-09T19:31:17.533+0800][3013.041s] GC(1267) Eden regions: 298->0(297)
[2023-04-09T19:31:17.533+0800][3013.041s] GC(1267) Survivor regions: 9->10(39)
[2023-04-09T19:31:17.533+0800][3013.041s] GC(1267) Old regions: 80->80
[2023-04-09T19:31:17.533+0800][3013.041s] GC(1267) Humongous regions: 29->22
[2023-04-09T19:31:17.533+0800][3013.041s] GC(1267) Metaspace: 62383K(65392K)->62383K(65392K) NonClass: 55429K(57252K)->55429K(57252K) Class: 6954K(8140K)->6954K(8140K)
[2023-04-09T19:31:17.533+0800][3013.042s] GC(1267) Pause Young (Normal) (G1 Evacuation Pause) 415M->111M(512M) 2.765ms
[2023-04-09T19:31:17.533+0800][3013.042s] GC(1267) User=0.00s Sys=0.00s Real=0.00s
[2023-04-09T19:31:18.242+0800][3013.751s] GC(1268) Pause Young (Normal) (G1 Evacuation Pause)
[2023-04-09T19:31:18.242+0800][3013.751s] GC(1268) Using 8 workers of 8 for evacuation
[2023-04-09T19:31:18.244+0800][3013.753s] GC(1268)   Pre Evacuate Collection Set: 0.0ms
[2023-04-09T19:31:18.244+0800][3013.753s] GC(1268)   Evacuate Collection Set: 1.4ms
[2023-04-09T19:31:18.244+0800][3013.753s] GC(1268)   Post Evacuate Collection Set: 0.4ms
[2023-04-09T19:31:18.244+0800][3013.753s] GC(1268)   Other: 0.2ms
[2023-04-09T19:31:18.244+0800][3013.753s] GC(1268) Eden regions: 297->0(296)
[2023-04-09T19:31:18.244+0800][3013.753s] GC(1268) Survivor regions: 10->11(39)
[2023-04-09T19:31:18.245+0800][3013.753s] GC(1268) Old regions: 80->80
[2023-04-09T19:31:18.245+0800][3013.753s] GC(1268) Humongous regions: 27->22
[2023-04-09T19:31:18.245+0800][3013.753s] GC(1268) Metaspace: 62383K(65392K)->62383K(65392K) NonClass: 55429K(57252K)->55429K(57252K) Class: 6954K(8140K)->6954K(8140K)
[2023-04-09T19:31:18.245+0800][3013.753s] GC(1268) Pause Young (Normal) (G1 Evacuation Pause) 413M->112M(512M) 2.161ms
[2023-04-09T19:31:18.245+0800][3013.753s] GC(1268) User=0.00s Sys=0.00s Real=0.00s
[2023-04-09T19:31:18.825+0800][3014.334s] GC(1269) Pause Young (Normal) (G1 Evacuation Pause)
[2023-04-09T19:31:18.825+0800][3014.334s] GC(1269) Using 8 workers of 8 for evacuation
[2023-04-09T19:31:18.827+0800][3014.335s] GC(1269)   Pre Evacuate Collection Set: 0.0ms
[2023-04-09T19:31:18.827+0800][3014.335s] GC(1269)   Evacuate Collection Set: 0.9ms
[2023-04-09T19:31:18.827+0800][3014.335s] GC(1269)   Post Evacuate Collection Set: 0.6ms
[2023-04-09T19:31:18.827+0800][3014.336s] GC(1269)   Other: 0.2ms
[2023-04-09T19:31:18.827+0800][3014.336s] GC(1269) Eden regions: 296->0(300)
[2023-04-09T19:31:18.827+0800][3014.336s] GC(1269) Survivor regions: 11->7(39)
[2023-04-09T19:31:18.827+0800][3014.336s] GC(1269) Old regions: 80->80
[2023-04-09T19:31:18.827+0800][3014.336s] GC(1269) Humongous regions: 23->14
[2023-04-09T19:31:18.827+0800][3014.336s] GC(1269) Metaspace: 62383K(65392K)->62383K(65392K) NonClass: 55429K(57252K)->55429K(57252K) Class: 6954K(8140K)->6954K(8140K)
[2023-04-09T19:31:18.827+0800][3014.336s] GC(1269) Pause Young (Normal) (G1 Evacuation Pause) 409M->100M(512M) 1.793ms
[2023-04-09T19:31:18.827+0800][3014.336s] GC(1269) User=0.00s Sys=0.00s Real=0.00s
[2023-04-09T19:31:19.307+0800][3014.816s] GC(1270) Pause Young (Normal) (G1 Evacuation Pause)
[2023-04-09T19:31:19.307+0800][3014.816s] GC(1270) Using 8 workers of 8 for evacuation
[2023-04-09T19:31:19.309+0800][3014.818s] GC(1270)   Pre Evacuate Collection Set: 0.1ms
[2023-04-09T19:31:19.309+0800][3014.818s] GC(1270)   Evacuate Collection Set: 1.3ms
[2023-04-09T19:31:19.310+0800][3014.818s] GC(1270)   Post Evacuate Collection Set: 0.8ms
[2023-04-09T19:31:19.310+0800][3014.818s] GC(1270)   Other: 0.2ms
[2023-04-09T19:31:19.310+0800][3014.819s] GC(1270) Eden regions: 300->0(298)
[2023-04-09T19:31:19.310+0800][3014.819s] GC(1270) Survivor regions: 7->9(39)
[2023-04-09T19:31:19.310+0800][3014.819s] GC(1270) Old regions: 80->80
[2023-04-09T19:31:19.310+0800][3014.819s] GC(1270) Humongous regions: 22->21
[2023-04-09T19:31:19.310+0800][3014.819s] GC(1270) Metaspace: 62383K(65392K)->62383K(65392K) NonClass: 55429K(57252K)->55429K(57252K) Class: 6954K(8140K)->6954K(8140K)
[2023-04-09T19:31:19.310+0800][3014.819s] GC(1270) Pause Young (Normal) (G1 Evacuation Pause) 408M->109M(512M) 2.767ms
[2023-04-09T19:31:19.310+0800][3014.819s] GC(1270) User=0.09s Sys=0.00s Real=0.00s
[2023-04-09T19:31:20.018+0800][3015.527s] GC(1271) Pause Young (Normal) (G1 Evacuation Pause)
[2023-04-09T19:31:20.018+0800][3015.527s] GC(1271) Using 8 workers of 8 for evacuation
[2023-04-09T19:31:20.021+0800][3015.529s] GC(1271)   Pre Evacuate Collection Set: 0.0ms
[2023-04-09T19:31:20.021+0800][3015.529s] GC(1271)   Evacuate Collection Set: 1.6ms
[2023-04-09T19:31:20.021+0800][3015.529s] GC(1271)   Post Evacuate Collection Set: 0.6ms
[2023-04-09T19:31:20.021+0800][3015.529s] GC(1271)   Other: 0.2ms
[2023-04-09T19:31:20.021+0800][3015.529s] GC(1271) Eden regions: 298->0(296)
[2023-04-09T19:31:20.021+0800][3015.529s] GC(1271) Survivor regions: 9->11(39)
[2023-04-09T19:31:20.021+0800][3015.529s] GC(1271) Old regions: 80->80
[2023-04-09T19:31:20.021+0800][3015.529s] GC(1271) Humongous regions: 34->22
[2023-04-09T19:31:20.021+0800][3015.529s] GC(1271) Metaspace: 62383K(65392K)->62383K(65392K) NonClass: 55429K(57252K)->55429K(57252K) Class: 6954K(8140K)->6954K(8140K)
[2023-04-09T19:31:20.021+0800][3015.529s] GC(1271) Pause Young (Normal) (G1 Evacuation Pause) 420M->112M(512M) 2.595ms
[2023-04-09T19:31:20.021+0800][3015.529s] GC(1271) User=0.00s Sys=0.00s Real=0.00s
[2023-04-09T19:31:20.704+0800][3016.213s] GC(1272) Pause Young (Normal) (G1 Evacuation Pause)
[2023-04-09T19:31:20.704+0800][3016.213s] GC(1272) Using 8 workers of 8 for evacuation
[2023-04-09T19:31:20.706+0800][3016.214s] GC(1272)   Pre Evacuate Collection Set: 0.0ms
[2023-04-09T19:31:20.706+0800][3016.214s] GC(1272)   Evacuate Collection Set: 0.7ms
[2023-04-09T19:31:20.706+0800][3016.214s] GC(1272)   Post Evacuate Collection Set: 0.5ms
[2023-04-09T19:31:20.706+0800][3016.215s] GC(1272)   Other: 0.2ms
[2023-04-09T19:31:20.706+0800][3016.215s] GC(1272) Eden regions: 296->0(302)
[2023-04-09T19:31:20.706+0800][3016.215s] GC(1272) Survivor regions: 11->5(39)
[2023-04-09T19:31:20.706+0800][3016.215s] GC(1272) Old regions: 80->80
[2023-04-09T19:31:20.706+0800][3016.215s] GC(1272) Humongous regions: 23->14
[2023-04-09T19:31:20.706+0800][3016.215s] GC(1272) Metaspace: 62383K(65392K)->62383K(65392K) NonClass: 55429K(57252K)->55429K(57252K) Class: 6954K(8140K)->6954K(8140K)
[2023-04-09T19:31:20.706+0800][3016.215s] GC(1272) Pause Young (Normal) (G1 Evacuation Pause) 409M->98M(512M) 1.676ms
[2023-04-09T19:31:20.706+0800][3016.215s] GC(1272) User=0.00s Sys=0.00s Real=0.00s
[2023-04-09T19:31:21.254+0800][3016.762s] GC(1273) Pause Young (Normal) (G1 Evacuation Pause)
[2023-04-09T19:31:21.254+0800][3016.762s] GC(1273) Using 8 workers of 8 for evacuation
[2023-04-09T19:31:21.256+0800][3016.764s] GC(1273)   Pre Evacuate Collection Set: 0.0ms
[2023-04-09T19:31:21.256+0800][3016.764s] GC(1273)   Evacuate Collection Set: 1.3ms
[2023-04-09T19:31:21.256+0800][3016.764s] GC(1273)   Post Evacuate Collection Set: 0.5ms
[2023-04-09T19:31:21.256+0800][3016.764s] GC(1273)   Other: 0.2ms
[2023-04-09T19:31:21.256+0800][3016.764s] GC(1273) Eden regions: 302->0(296)
[2023-04-09T19:31:21.256+0800][3016.764s] GC(1273) Survivor regions: 5->11(39)
[2023-04-09T19:31:21.256+0800][3016.764s] GC(1273) Old regions: 80->80
[2023-04-09T19:31:21.256+0800][3016.764s] GC(1273) Humongous regions: 17->16
[2023-04-09T19:31:21.256+0800][3016.765s] GC(1273) Metaspace: 62383K(65392K)->62383K(65392K) NonClass: 55429K(57252K)->55429K(57252K) Class: 6954K(8140K)->6954K(8140K)
[2023-04-09T19:31:21.256+0800][3016.765s] GC(1273) Pause Young (Normal) (G1 Evacuation Pause) 403M->106M(512M) 2.264ms
[2023-04-09T19:31:21.256+0800][3016.765s] GC(1273) User=0.00s Sys=0.00s Real=0.00s
[2023-04-09T19:31:22.168+0800][3017.677s] GC(1274) Pause Young (Normal) (G1 Evacuation Pause)
[2023-04-09T19:31:22.168+0800][3017.677s] GC(1274) Using 8 workers of 8 for evacuation
[2023-04-09T19:31:22.170+0800][3017.679s] GC(1274)   Pre Evacuate Collection Set: 0.0ms
[2023-04-09T19:31:22.170+0800][3017.679s] GC(1274)   Evacuate Collection Set: 1.4ms
[2023-04-09T19:31:22.170+0800][3017.679s] GC(1274)   Post Evacuate Collection Set: 0.5ms
[2023-04-09T19:31:22.170+0800][3017.679s] GC(1274)   Other: 0.2ms
[2023-04-09T19:31:22.170+0800][3017.679s] GC(1274) Eden regions: 296->0(297)
[2023-04-09T19:31:22.170+0800][3017.679s] GC(1274) Survivor regions: 11->10(39)
[2023-04-09T19:31:22.170+0800][3017.679s] GC(1274) Old regions: 80->81
[2023-04-09T19:31:22.170+0800][3017.679s] GC(1274) Humongous regions: 34->22
[2023-04-09T19:31:22.170+0800][3017.679s] GC(1274) Metaspace: 62383K(65392K)->62383K(65392K) NonClass: 55429K(57252K)->55429K(57252K) Class: 6954K(8140K)->6954K(8140K)
[2023-04-09T19:31:22.170+0800][3017.679s] GC(1274) Pause Young (Normal) (G1 Evacuation Pause) 420M->112M(512M) 2.434ms
[2023-04-09T19:31:22.171+0800][3017.679s] GC(1274) User=0.00s Sys=0.00s Real=0.00s
[2023-04-09T19:31:22.797+0800][3018.306s] GC(1275) Pause Young (Normal) (G1 Evacuation Pause)
[2023-04-09T19:31:22.797+0800][3018.306s] GC(1275) Using 8 workers of 8 for evacuation
[2023-04-09T19:31:22.798+0800][3018.307s] GC(1275)   Pre Evacuate Collection Set: 0.0ms
[2023-04-09T19:31:22.798+0800][3018.307s] GC(1275)   Evacuate Collection Set: 0.5ms
[2023-04-09T19:31:22.798+0800][3018.307s] GC(1275)   Post Evacuate Collection Set: 0.4ms
[2023-04-09T19:31:22.798+0800][3018.307s] GC(1275)   Other: 0.2ms
[2023-04-09T19:31:22.798+0800][3018.307s] GC(1275) Eden regions: 297->0(303)
[2023-04-09T19:31:22.798+0800][3018.307s] GC(1275) Survivor regions: 10->4(39)
[2023-04-09T19:31:22.798+0800][3018.307s] GC(1275) Old regions: 81->81
[2023-04-09T19:31:22.798+0800][3018.307s] GC(1275) Humongous regions: 22->13
[2023-04-09T19:31:22.798+0800][3018.307s] GC(1275) Metaspace: 62388K(65392K)->62388K(65392K) NonClass: 55433K(57252K)->55433K(57252K) Class: 6954K(8140K)->6954K(8140K)
[2023-04-09T19:31:22.798+0800][3018.307s] GC(1275) Pause Young (Normal) (G1 Evacuation Pause) 409M->96M(512M) 1.173ms
[2023-04-09T19:31:22.798+0800][3018.307s] GC(1275) User=0.00s Sys=0.00s Real=0.00s
[2023-04-09T19:31:23.343+0800][3018.852s] GC(1276) Pause Young (Normal) (G1 Evacuation Pause)
[2023-04-09T19:31:23.343+0800][3018.852s] GC(1276) Using 8 workers of 8 for evacuation
[2023-04-09T19:31:23.345+0800][3018.854s] GC(1276)   Pre Evacuate Collection Set: 0.0ms
[2023-04-09T19:31:23.345+0800][3018.854s] GC(1276)   Evacuate Collection Set: 0.9ms
[2023-04-09T19:31:23.345+0800][3018.854s] GC(1276)   Post Evacuate Collection Set: 0.4ms
[2023-04-09T19:31:23.345+0800][3018.854s] GC(1276)   Other: 0.2ms
[2023-04-09T19:31:23.345+0800][3018.854s] GC(1276) Eden regions: 303->0(297)
[2023-04-09T19:31:23.345+0800][3018.854s] GC(1276) Survivor regions: 4->10(39)
[2023-04-09T19:31:23.345+0800][3018.854s] GC(1276) Old regions: 81->81
[2023-04-09T19:31:23.345+0800][3018.854s] GC(1276) Humongous regions: 16->15
[2023-04-09T19:31:23.345+0800][3018.854s] GC(1276) Metaspace: 62388K(65392K)->62388K(65392K) NonClass: 55433K(57252K)->55433K(57252K) Class: 6954K(8140K)->6954K(8140K)
[2023-04-09T19:31:23.345+0800][3018.854s] GC(1276) Pause Young (Normal) (G1 Evacuation Pause) 402M->104M(512M) 1.718ms
[2023-04-09T19:31:23.345+0800][3018.854s] GC(1276) User=0.00s Sys=0.00s Real=0.00s
[2023-04-09T19:31:23.898+0800][3019.407s] GC(1277) Pause Young (Normal) (G1 Evacuation Pause)
[2023-04-09T19:31:23.898+0800][3019.407s] GC(1277) Using 8 workers of 8 for evacuation
[2023-04-09T19:31:23.900+0800][3019.409s] GC(1277)   Pre Evacuate Collection Set: 0.0ms
[2023-04-09T19:31:23.900+0800][3019.409s] GC(1277)   Evacuate Collection Set: 1.4ms
[2023-04-09T19:31:23.900+0800][3019.409s] GC(1277)   Post Evacuate Collection Set: 0.7ms
[2023-04-09T19:31:23.900+0800][3019.409s] GC(1277)   Other: 0.2ms
[2023-04-09T19:31:23.900+0800][3019.409s] GC(1277) Eden regions: 297->0(296)
[2023-04-09T19:31:23.900+0800][3019.409s] GC(1277) Survivor regions: 10->11(39)
[2023-04-09T19:31:23.900+0800][3019.409s] GC(1277) Old regions: 81->81
[2023-04-09T19:31:23.900+0800][3019.409s] GC(1277) Humongous regions: 34->22
[2023-04-09T19:31:23.900+0800][3019.409s] GC(1277) Metaspace: 62388K(65392K)->62388K(65392K) NonClass: 55433K(57252K)->55433K(57252K) Class: 6954K(8140K)->6954K(8140K)
[2023-04-09T19:31:23.900+0800][3019.409s] GC(1277) Pause Young (Normal) (G1 Evacuation Pause) 420M->112M(512M) 2.605ms
[2023-04-09T19:31:23.901+0800][3019.409s] GC(1277) User=0.00s Sys=0.00s Real=0.00s
[2023-04-09T19:31:24.678+0800][3020.187s] GC(1278) Pause Young (Normal) (G1 Evacuation Pause)
[2023-04-09T19:31:24.678+0800][3020.187s] GC(1278) Using 8 workers of 8 for evacuation
[2023-04-09T19:31:24.679+0800][3020.188s] GC(1278)   Pre Evacuate Collection Set: 0.0ms
[2023-04-09T19:31:24.679+0800][3020.188s] GC(1278)   Evacuate Collection Set: 0.5ms
[2023-04-09T19:31:24.679+0800][3020.188s] GC(1278)   Post Evacuate Collection Set: 0.4ms
[2023-04-09T19:31:24.679+0800][3020.188s] GC(1278)   Other: 0.2ms
[2023-04-09T19:31:24.679+0800][3020.188s] GC(1278) Eden regions: 296->0(305)
[2023-04-09T19:31:24.679+0800][3020.188s] GC(1278) Survivor regions: 11->2(39)
[2023-04-09T19:31:24.679+0800][3020.188s] GC(1278) Old regions: 81->81
[2023-04-09T19:31:24.679+0800][3020.188s] GC(1278) Humongous regions: 22->13
[2023-04-09T19:31:24.679+0800][3020.188s] GC(1278) Metaspace: 62388K(65392K)->62388K(65392K) NonClass: 55433K(57252K)->55433K(57252K) Class: 6954K(8140K)->6954K(8140K)
[2023-04-09T19:31:24.679+0800][3020.188s] GC(1278) Pause Young (Normal) (G1 Evacuation Pause) 408M->95M(512M) 1.432ms
[2023-04-09T19:31:24.679+0800][3020.188s] GC(1278) User=0.00s Sys=0.00s Real=0.00s
[2023-04-09T19:31:25.238+0800][3020.747s] GC(1279) Pause Young (Normal) (G1 Evacuation Pause)
[2023-04-09T19:31:25.238+0800][3020.747s] GC(1279) Using 8 workers of 8 for evacuation
[2023-04-09T19:31:25.240+0800][3020.748s] GC(1279)   Pre Evacuate Collection Set: 0.0ms
[2023-04-09T19:31:25.240+0800][3020.748s] GC(1279)   Evacuate Collection Set: 0.9ms
[2023-04-09T19:31:25.240+0800][3020.748s] GC(1279)   Post Evacuate Collection Set: 0.5ms
[2023-04-09T19:31:25.240+0800][3020.748s] GC(1279)   Other: 0.2ms
[2023-04-09T19:31:25.240+0800][3020.748s] GC(1279) Eden regions: 305->0(299)
[2023-04-09T19:31:25.240+0800][3020.748s] GC(1279) Survivor regions: 2->8(39)
[2023-04-09T19:31:25.240+0800][3020.748s] GC(1279) Old regions: 81->81
[2023-04-09T19:31:25.240+0800][3020.748s] GC(1279) Humongous regions: 16->15
[2023-04-09T19:31:25.240+0800][3020.748s] GC(1279) Metaspace: 62388K(65392K)->62388K(65392K) NonClass: 55433K(57252K)->55433K(57252K) Class: 6954K(8140K)->6954K(8140K)
[2023-04-09T19:31:25.240+0800][3020.749s] GC(1279) Pause Young (Normal) (G1 Evacuation Pause) 403M->103M(512M) 1.958ms
[2023-04-09T19:31:25.240+0800][3020.749s] GC(1279) User=0.00s Sys=0.00s Real=0.00s
[2023-04-09T19:31:25.809+0800][3021.318s] GC(1280) Pause Young (Normal) (G1 Evacuation Pause)
[2023-04-09T19:31:25.809+0800][3021.318s] GC(1280) Using 8 workers of 8 for evacuation
[2023-04-09T19:31:25.811+0800][3021.319s] GC(1280)   Pre Evacuate Collection Set: 0.0ms
[2023-04-09T19:31:25.811+0800][3021.319s] GC(1280)   Evacuate Collection Set: 1.2ms
[2023-04-09T19:31:25.811+0800][3021.319s] GC(1280)   Post Evacuate Collection Set: 0.4ms
[2023-04-09T19:31:25.811+0800][3021.319s] GC(1280)   Other: 0.2ms
[2023-04-09T19:31:25.811+0800][3021.320s] GC(1280) Eden regions: 299->0(297)
[2023-04-09T19:31:25.811+0800][3021.320s] GC(1280) Survivor regions: 8->10(39)
[2023-04-09T19:31:25.811+0800][3021.320s] GC(1280) Old regions: 81->81
[2023-04-09T19:31:25.811+0800][3021.320s] GC(1280) Humongous regions: 29->22
[2023-04-09T19:31:25.811+0800][3021.320s] GC(1280) Metaspace: 62388K(65392K)->62388K(65392K) NonClass: 55433K(57252K)->55433K(57252K) Class: 6954K(8140K)->6954K(8140K)
[2023-04-09T19:31:25.811+0800][3021.320s] GC(1280) Pause Young (Normal) (G1 Evacuation Pause) 416M->112M(512M) 2.022ms
[2023-04-09T19:31:25.811+0800][3021.320s] GC(1280) User=0.00s Sys=0.00s Real=0.00s
[2023-04-09T19:31:26.529+0800][3022.038s] GC(1281) Pause Young (Normal) (G1 Evacuation Pause)
[2023-04-09T19:31:26.529+0800][3022.038s] GC(1281) Using 8 workers of 8 for evacuation
[2023-04-09T19:31:26.531+0800][3022.040s] GC(1281)   Pre Evacuate Collection Set: 0.0ms
[2023-04-09T19:31:26.531+0800][3022.040s] GC(1281)   Evacuate Collection Set: 1.1ms
[2023-04-09T19:31:26.531+0800][3022.040s] GC(1281)   Post Evacuate Collection Set: 0.4ms
[2023-04-09T19:31:26.531+0800][3022.040s] GC(1281)   Other: 0.2ms
[2023-04-09T19:31:26.531+0800][3022.040s] GC(1281) Eden regions: 297->0(297)
[2023-04-09T19:31:26.531+0800][3022.040s] GC(1281) Survivor regions: 10->10(39)
[2023-04-09T19:31:26.531+0800][3022.040s] GC(1281) Old regions: 81->81
[2023-04-09T19:31:26.531+0800][3022.040s] GC(1281) Humongous regions: 27->22
[2023-04-09T19:31:26.531+0800][3022.040s] GC(1281) Metaspace: 62388K(65392K)->62388K(65392K) NonClass: 55433K(57252K)->55433K(57252K) Class: 6954K(8140K)->6954K(8140K)
[2023-04-09T19:31:26.531+0800][3022.040s] GC(1281) Pause Young (Normal) (G1 Evacuation Pause) 414M->112M(512M) 1.883ms
[2023-04-09T19:31:26.531+0800][3022.040s] GC(1281) User=0.00s Sys=0.00s Real=0.00s
[2023-04-09T19:31:27.043+0800][3022.552s] GC(1282) Pause Young (Normal) (G1 Evacuation Pause)
[2023-04-09T19:31:27.044+0800][3022.552s] GC(1282) Using 8 workers of 8 for evacuation
[2023-04-09T19:31:27.045+0800][3022.554s] GC(1282)   Pre Evacuate Collection Set: 0.0ms
[2023-04-09T19:31:27.045+0800][3022.554s] GC(1282)   Evacuate Collection Set: 0.7ms
[2023-04-09T19:31:27.045+0800][3022.554s] GC(1282)   Post Evacuate Collection Set: 0.6ms
[2023-04-09T19:31:27.045+0800][3022.554s] GC(1282)   Other: 0.2ms
[2023-04-09T19:31:27.045+0800][3022.554s] GC(1282) Eden regions: 297->0(300)
[2023-04-09T19:31:27.045+0800][3022.554s] GC(1282) Survivor regions: 10->7(39)
[2023-04-09T19:31:27.045+0800][3022.554s] GC(1282) Old regions: 81->81
[2023-04-09T19:31:27.045+0800][3022.554s] GC(1282) Humongous regions: 23->14
[2023-04-09T19:31:27.045+0800][3022.554s] GC(1282) Metaspace: 62388K(65392K)->62388K(65392K) NonClass: 55433K(57252K)->55433K(57252K) Class: 6954K(8140K)->6954K(8140K)
[2023-04-09T19:31:27.045+0800][3022.554s] GC(1282) Pause Young (Normal) (G1 Evacuation Pause) 410M->100M(512M) 1.725ms
[2023-04-09T19:31:27.045+0800][3022.554s] GC(1282) User=0.00s Sys=0.00s Real=0.00s
[2023-04-09T19:31:27.556+0800][3023.065s] GC(1283) Pause Young (Normal) (G1 Evacuation Pause)
[2023-04-09T19:31:27.556+0800][3023.065s] GC(1283) Using 8 workers of 8 for evacuation
[2023-04-09T19:31:27.558+0800][3023.067s] GC(1283)   Pre Evacuate Collection Set: 0.0ms
[2023-04-09T19:31:27.558+0800][3023.067s] GC(1283)   Evacuate Collection Set: 1.0ms
[2023-04-09T19:31:27.558+0800][3023.067s] GC(1283)   Post Evacuate Collection Set: 0.5ms
[2023-04-09T19:31:27.558+0800][3023.067s] GC(1283)   Other: 0.2ms
[2023-04-09T19:31:27.558+0800][3023.067s] GC(1283) Eden regions: 300->0(298)
[2023-04-09T19:31:27.558+0800][3023.067s] GC(1283) Survivor regions: 7->9(39)
[2023-04-09T19:31:27.558+0800][3023.067s] GC(1283) Old regions: 81->81
[2023-04-09T19:31:27.558+0800][3023.067s] GC(1283) Humongous regions: 22->21
[2023-04-09T19:31:27.558+0800][3023.067s] GC(1283) Metaspace: 62388K(65392K)->62388K(65392K) NonClass: 55433K(57252K)->55433K(57252K) Class: 6954K(8140K)->6954K(8140K)
[2023-04-09T19:31:27.558+0800][3023.067s] GC(1283) Pause Young (Normal) (G1 Evacuation Pause) 408M->110M(512M) 1.940ms
[2023-04-09T19:31:27.558+0800][3023.067s] GC(1283) User=0.00s Sys=0.00s Real=0.00s
[2023-04-09T19:31:28.158+0800][3023.667s] GC(1284) Pause Young (Normal) (G1 Evacuation Pause)
[2023-04-09T19:31:28.158+0800][3023.667s] GC(1284) Using 8 workers of 8 for evacuation
[2023-04-09T19:31:28.160+0800][3023.669s] GC(1284)   Pre Evacuate Collection Set: 0.0ms
[2023-04-09T19:31:28.160+0800][3023.669s] GC(1284)   Evacuate Collection Set: 1.2ms
[2023-04-09T19:31:28.160+0800][3023.669s] GC(1284)   Post Evacuate Collection Set: 0.6ms
[2023-04-09T19:31:28.160+0800][3023.669s] GC(1284)   Other: 0.2ms
[2023-04-09T19:31:28.160+0800][3023.669s] GC(1284) Eden regions: 298->0(296)
[2023-04-09T19:31:28.160+0800][3023.669s] GC(1284) Survivor regions: 9->11(39)
[2023-04-09T19:31:28.160+0800][3023.669s] GC(1284) Old regions: 81->81
[2023-04-09T19:31:28.160+0800][3023.669s] GC(1284) Humongous regions: 34->22
[2023-04-09T19:31:28.160+0800][3023.669s] GC(1284) Metaspace: 62388K(65392K)->62388K(65392K) NonClass: 55433K(57252K)->55433K(57252K) Class: 6954K(8140K)->6954K(8140K)
[2023-04-09T19:31:28.160+0800][3023.669s] GC(1284) Pause Young (Normal) (G1 Evacuation Pause) 421M->112M(512M) 2.337ms
[2023-04-09T19:31:28.160+0800][3023.669s] GC(1284) User=0.00s Sys=0.00s Real=0.00s
[2023-04-09T19:31:28.742+0800][3024.251s] GC(1285) Pause Young (Normal) (G1 Evacuation Pause)
[2023-04-09T19:31:28.742+0800][3024.251s] GC(1285) Using 8 workers of 8 for evacuation
[2023-04-09T19:31:28.744+0800][3024.253s] GC(1285)   Pre Evacuate Collection Set: 0.0ms
[2023-04-09T19:31:28.744+0800][3024.253s] GC(1285)   Evacuate Collection Set: 0.6ms
[2023-04-09T19:31:28.744+0800][3024.253s] GC(1285)   Post Evacuate Collection Set: 0.5ms
[2023-04-09T19:31:28.744+0800][3024.253s] GC(1285)   Other: 0.2ms
[2023-04-09T19:31:28.744+0800][3024.253s] GC(1285) Eden regions: 296->0(302)
[2023-04-09T19:31:28.744+0800][3024.253s] GC(1285) Survivor regions: 11->5(39)
[2023-04-09T19:31:28.744+0800][3024.253s] GC(1285) Old regions: 81->81
[2023-04-09T19:31:28.744+0800][3024.253s] GC(1285) Humongous regions: 23->14
[2023-04-09T19:31:28.744+0800][3024.253s] GC(1285) Metaspace: 62388K(65392K)->62388K(65392K) NonClass: 55433K(57252K)->55433K(57252K) Class: 6954K(8140K)->6954K(8140K)
[2023-04-09T19:31:28.744+0800][3024.253s] GC(1285) Pause Young (Normal) (G1 Evacuation Pause) 409M->99M(512M) 1.580ms
[2023-04-09T19:31:28.744+0800][3024.253s] GC(1285) User=0.00s Sys=0.00s Real=0.00s
[2023-04-09T19:31:29.306+0800][3024.815s] GC(1286) Pause Young (Normal) (G1 Evacuation Pause)
[2023-04-09T19:31:29.306+0800][3024.815s] GC(1286) Using 8 workers of 8 for evacuation
[2023-04-09T19:31:29.308+0800][3024.817s] GC(1286)   Pre Evacuate Collection Set: 0.0ms
[2023-04-09T19:31:29.308+0800][3024.817s] GC(1286)   Evacuate Collection Set: 1.2ms
[2023-04-09T19:31:29.308+0800][3024.817s] GC(1286)   Post Evacuate Collection Set: 0.7ms
[2023-04-09T19:31:29.308+0800][3024.817s] GC(1286)   Other: 0.2ms
[2023-04-09T19:31:29.308+0800][3024.817s] GC(1286) Eden regions: 302->0(296)
[2023-04-09T19:31:29.308+0800][3024.817s] GC(1286) Survivor regions: 5->11(39)
[2023-04-09T19:31:29.308+0800][3024.817s] GC(1286) Old regions: 81->81
[2023-04-09T19:31:29.308+0800][3024.817s] GC(1286) Humongous regions: 17->16
[2023-04-09T19:31:29.308+0800][3024.817s] GC(1286) Metaspace: 62388K(65392K)->62388K(65392K) NonClass: 55433K(57252K)->55433K(57252K) Class: 6954K(8140K)->6954K(8140K)
[2023-04-09T19:31:29.308+0800][3024.817s] GC(1286) Pause Young (Normal) (G1 Evacuation Pause) 404M->106M(512M) 2.458ms
[2023-04-09T19:31:29.308+0800][3024.817s] GC(1286) User=0.02s Sys=0.00s Real=0.00s
[2023-04-09T19:31:30.145+0800][3025.653s] GC(1287) Pause Young (Normal) (G1 Evacuation Pause)
[2023-04-09T19:31:30.145+0800][3025.653s] GC(1287) Using 8 workers of 8 for evacuation
[2023-04-09T19:31:30.146+0800][3025.655s] GC(1287)   Pre Evacuate Collection Set: 0.0ms
[2023-04-09T19:31:30.146+0800][3025.655s] GC(1287)   Evacuate Collection Set: 1.1ms
[2023-04-09T19:31:30.146+0800][3025.655s] GC(1287)   Post Evacuate Collection Set: 0.4ms
[2023-04-09T19:31:30.146+0800][3025.655s] GC(1287)   Other: 0.2ms
[2023-04-09T19:31:30.146+0800][3025.655s] GC(1287) Eden regions: 296->0(296)
[2023-04-09T19:31:30.146+0800][3025.655s] GC(1287) Survivor regions: 11->11(39)
[2023-04-09T19:31:30.146+0800][3025.655s] GC(1287) Old regions: 81->81
[2023-04-09T19:31:30.146+0800][3025.655s] GC(1287) Humongous regions: 34->22
[2023-04-09T19:31:30.146+0800][3025.655s] GC(1287) Metaspace: 62388K(65392K)->62388K(65392K) NonClass: 55433K(57252K)->55433K(57252K) Class: 6954K(8140K)->6954K(8140K)
[2023-04-09T19:31:30.146+0800][3025.655s] GC(1287) Pause Young (Normal) (G1 Evacuation Pause) 420M->112M(512M) 1.846ms
[2023-04-09T19:31:30.146+0800][3025.655s] GC(1287) User=0.00s Sys=0.00s Real=0.00s
[2023-04-09T19:31:30.841+0800][3026.349s] GC(1288) Pause Young (Normal) (G1 Evacuation Pause)
[2023-04-09T19:31:30.841+0800][3026.349s] GC(1288) Using 8 workers of 8 for evacuation
[2023-04-09T19:31:30.842+0800][3026.351s] GC(1288)   Pre Evacuate Collection Set: 0.0ms
[2023-04-09T19:31:30.842+0800][3026.351s] GC(1288)   Evacuate Collection Set: 0.6ms
[2023-04-09T19:31:30.842+0800][3026.351s] GC(1288)   Post Evacuate Collection Set: 0.5ms
[2023-04-09T19:31:30.842+0800][3026.351s] GC(1288)   Other: 0.2ms
[2023-04-09T19:31:30.842+0800][3026.351s] GC(1288) Eden regions: 296->0(303)
[2023-04-09T19:31:30.842+0800][3026.351s] GC(1288) Survivor regions: 11->4(39)
[2023-04-09T19:31:30.842+0800][3026.351s] GC(1288) Old regions: 81->81
[2023-04-09T19:31:30.842+0800][3026.351s] GC(1288) Humongous regions: 22->13
[2023-04-09T19:31:30.842+0800][3026.351s] GC(1288) Metaspace: 62388K(65392K)->62388K(65392K) NonClass: 55433K(57252K)->55433K(57252K) Class: 6954K(8140K)->6954K(8140K)
[2023-04-09T19:31:30.842+0800][3026.351s] GC(1288) Pause Young (Normal) (G1 Evacuation Pause) 408M->96M(512M) 1.520ms
[2023-04-09T19:31:30.842+0800][3026.351s] GC(1288) User=0.00s Sys=0.00s Real=0.00s
[2023-04-09T19:31:31.396+0800][3026.905s] GC(1289) Pause Young (Normal) (G1 Evacuation Pause)
[2023-04-09T19:31:31.396+0800][3026.905s] GC(1289) Using 8 workers of 8 for evacuation
[2023-04-09T19:31:31.397+0800][3026.906s] GC(1289)   Pre Evacuate Collection Set: 0.0ms
[2023-04-09T19:31:31.397+0800][3026.906s] GC(1289)   Evacuate Collection Set: 1.0ms
[2023-04-09T19:31:31.397+0800][3026.906s] GC(1289)   Post Evacuate Collection Set: 0.4ms
[2023-04-09T19:31:31.397+0800][3026.906s] GC(1289)   Other: 0.2ms
[2023-04-09T19:31:31.397+0800][3026.906s] GC(1289) Eden regions: 303->0(297)
[2023-04-09T19:31:31.397+0800][3026.906s] GC(1289) Survivor regions: 4->10(39)
[2023-04-09T19:31:31.397+0800][3026.906s] GC(1289) Old regions: 81->81
[2023-04-09T19:31:31.398+0800][3026.906s] GC(1289) Humongous regions: 16->15
[2023-04-09T19:31:31.398+0800][3026.906s] GC(1289) Metaspace: 62388K(65392K)->62388K(65392K) NonClass: 55433K(57252K)->55433K(57252K) Class: 6954K(8140K)->6954K(8140K)
[2023-04-09T19:31:31.398+0800][3026.906s] GC(1289) Pause Young (Normal) (G1 Evacuation Pause) 402M->104M(512M) 1.704ms
[2023-04-09T19:31:31.398+0800][3026.906s] GC(1289) User=0.00s Sys=0.00s Real=0.00s
[2023-04-09T19:31:32.011+0800][3027.521s] GC(1290) Pause Young (Normal) (G1 Evacuation Pause)
[2023-04-09T19:31:32.011+0800][3027.521s] GC(1290) Using 8 workers of 8 for evacuation
[2023-04-09T19:31:32.013+0800][3027.523s] GC(1290)   Pre Evacuate Collection Set: 0.0ms
[2023-04-09T19:31:32.013+0800][3027.523s] GC(1290)   Evacuate Collection Set: 1.2ms
[2023-04-09T19:31:32.013+0800][3027.523s] GC(1290)   Post Evacuate Collection Set: 0.6ms
[2023-04-09T19:31:32.013+0800][3027.523s] GC(1290)   Other: 0.2ms
[2023-04-09T19:31:32.015+0800][3027.523s] GC(1290) Eden regions: 297->0(296)
[2023-04-09T19:31:32.015+0800][3027.523s] GC(1290) Survivor regions: 10->11(39)
[2023-04-09T19:31:32.015+0800][3027.523s] GC(1290) Old regions: 81->81
[2023-04-09T19:31:32.015+0800][3027.523s] GC(1290) Humongous regions: 34->22
[2023-04-09T19:31:32.015+0800][3027.523s] GC(1290) Metaspace: 62388K(65392K)->62388K(65392K) NonClass: 55433K(57252K)->55433K(57252K) Class: 6954K(8140K)->6954K(8140K)
[2023-04-09T19:31:32.015+0800][3027.523s] GC(1290) Pause Young (Normal) (G1 Evacuation Pause) 420M->113M(512M) 2.336ms
[2023-04-09T19:31:32.015+0800][3027.523s] GC(1290) User=0.00s Sys=0.00s Real=0.00s
[2023-04-09T19:31:32.735+0800][3028.243s] GC(1291) Pause Young (Normal) (G1 Evacuation Pause)
[2023-04-09T19:31:32.735+0800][3028.243s] GC(1291) Using 8 workers of 8 for evacuation
[2023-04-09T19:31:32.735+0800][3028.245s] GC(1291)   Pre Evacuate Collection Set: 0.0ms
[2023-04-09T19:31:32.735+0800][3028.245s] GC(1291)   Evacuate Collection Set: 0.6ms
[2023-04-09T19:31:32.735+0800][3028.245s] GC(1291)   Post Evacuate Collection Set: 0.5ms
[2023-04-09T19:31:32.735+0800][3028.245s] GC(1291)   Other: 0.2ms
[2023-04-09T19:31:32.735+0800][3028.245s] GC(1291) Eden regions: 296->0(305)
[2023-04-09T19:31:32.735+0800][3028.245s] GC(1291) Survivor regions: 11->2(39)
[2023-04-09T19:31:32.735+0800][3028.245s] GC(1291) Old regions: 81->81
[2023-04-09T19:31:32.735+0800][3028.245s] GC(1291) Humongous regions: 22->13
[2023-04-09T19:31:32.735+0800][3028.245s] GC(1291) Metaspace: 62388K(65392K)->62388K(65392K) NonClass: 55433K(57252K)->55433K(57252K) Class: 6954K(8140K)->6954K(8140K)
[2023-04-09T19:31:32.735+0800][3028.245s] GC(1291) Pause Young (Normal) (G1 Evacuation Pause) 409M->95M(512M) 1.418ms
[2023-04-09T19:31:32.735+0800][3028.245s] GC(1291) User=0.00s Sys=0.00s Real=0.00s
[2023-04-09T19:31:33.257+0800][3028.766s] GC(1292) Pause Young (Normal) (G1 Evacuation Pause)
[2023-04-09T19:31:33.257+0800][3028.766s] GC(1292) Using 8 workers of 8 for evacuation
[2023-04-09T19:31:33.258+0800][3028.767s] GC(1292)   Pre Evacuate Collection Set: 0.0ms
[2023-04-09T19:31:33.258+0800][3028.767s] GC(1292)   Evacuate Collection Set: 0.8ms
[2023-04-09T19:31:33.258+0800][3028.767s] GC(1292)   Post Evacuate Collection Set: 0.5ms
[2023-04-09T19:31:33.258+0800][3028.768s] GC(1292)   Other: 0.2ms
[2023-04-09T19:31:33.258+0800][3028.768s] GC(1292) Eden regions: 305->0(299)
[2023-04-09T19:31:33.258+0800][3028.768s] GC(1292) Survivor regions: 2->8(39)
[2023-04-09T19:31:33.258+0800][3028.768s] GC(1292) Old regions: 81->81
[2023-04-09T19:31:33.258+0800][3028.768s] GC(1292) Humongous regions: 16->15
[2023-04-09T19:31:33.258+0800][3028.768s] GC(1292) Metaspace: 62388K(65392K)->62388K(65392K) NonClass: 55433K(57252K)->55433K(57252K) Class: 6954K(8140K)->6954K(8140K)
[2023-04-09T19:31:33.258+0800][3028.768s] GC(1292) Pause Young (Normal) (G1 Evacuation Pause) 403M->102M(512M) 1.832ms
[2023-04-09T19:31:33.258+0800][3028.768s] GC(1292) User=0.00s Sys=0.00s Real=0.00s
[2023-04-09T19:31:33.793+0800][3029.301s] GC(1293) Pause Young (Normal) (G1 Evacuation Pause)
[2023-04-09T19:31:33.793+0800][3029.301s] GC(1293) Using 8 workers of 8 for evacuation
[2023-04-09T19:31:33.795+0800][3029.303s] GC(1293)   Pre Evacuate Collection Set: 0.0ms
[2023-04-09T19:31:33.795+0800][3029.303s] GC(1293)   Evacuate Collection Set: 1.1ms
[2023-04-09T19:31:33.795+0800][3029.303s] GC(1293)   Post Evacuate Collection Set: 0.5ms
[2023-04-09T19:31:33.795+0800][3029.303s] GC(1293)   Other: 0.2ms
[2023-04-09T19:31:33.795+0800][3029.303s] GC(1293) Eden regions: 299->0(297)
[2023-04-09T19:31:33.795+0800][3029.303s] GC(1293) Survivor regions: 8->10(39)
[2023-04-09T19:31:33.795+0800][3029.303s] GC(1293) Old regions: 81->81
[2023-04-09T19:31:33.795+0800][3029.303s] GC(1293) Humongous regions: 29->22
[2023-04-09T19:31:33.795+0800][3029.303s] GC(1293) Metaspace: 62388K(65392K)->62388K(65392K) NonClass: 55433K(57252K)->55433K(57252K) Class: 6954K(8140K)->6954K(8140K)
[2023-04-09T19:31:33.795+0800][3029.303s] GC(1293) Pause Young (Normal) (G1 Evacuation Pause) 415M->111M(512M) 1.970ms
[2023-04-09T19:31:33.795+0800][3029.303s] GC(1293) User=0.00s Sys=0.00s Real=0.00s
[2023-04-09T19:31:34.621+0800][3030.130s] GC(1294) Pause Young (Normal) (G1 Evacuation Pause)
[2023-04-09T19:31:34.621+0800][3030.130s] GC(1294) Using 8 workers of 8 for evacuation
[2023-04-09T19:31:34.622+0800][3030.131s] GC(1294)   Pre Evacuate Collection Set: 0.0ms
[2023-04-09T19:31:34.622+0800][3030.131s] GC(1294)   Evacuate Collection Set: 0.4ms
[2023-04-09T19:31:34.622+0800][3030.131s] GC(1294)   Post Evacuate Collection Set: 0.4ms
[2023-04-09T19:31:34.622+0800][3030.131s] GC(1294)   Other: 0.2ms
[2023-04-09T19:31:34.622+0800][3030.131s] GC(1294) Eden regions: 297->0(306)
[2023-04-09T19:31:34.622+0800][3030.131s] GC(1294) Survivor regions: 10->1(39)
[2023-04-09T19:31:34.622+0800][3030.131s] GC(1294) Old regions: 81->81
[2023-04-09T19:31:34.622+0800][3030.131s] GC(1294) Humongous regions: 27->13
[2023-04-09T19:31:34.622+0800][3030.132s] GC(1294) Metaspace: 62388K(65392K)->62388K(65392K) NonClass: 55433K(57252K)->55433K(57252K) Class: 6954K(8140K)->6954K(8140K)
[2023-04-09T19:31:34.622+0800][3030.132s] GC(1294) Pause Young (Normal) (G1 Evacuation Pause) 413M->93M(512M) 1.350ms
[2023-04-09T19:31:34.622+0800][3030.132s] GC(1294) User=0.00s Sys=0.00s Real=0.00s
[2023-04-09T19:31:35.162+0800][3030.671s] GC(1295) Pause Young (Normal) (G1 Evacuation Pause)
[2023-04-09T19:31:35.162+0800][3030.671s] GC(1295) Using 8 workers of 8 for evacuation
[2023-04-09T19:31:35.163+0800][3030.672s] GC(1295)   Pre Evacuate Collection Set: 0.0ms
[2023-04-09T19:31:35.164+0800][3030.672s] GC(1295)   Evacuate Collection Set: 0.8ms
[2023-04-09T19:31:35.164+0800][3030.672s] GC(1295)   Post Evacuate Collection Set: 0.5ms
[2023-04-09T19:31:35.164+0800][3030.673s] GC(1295)   Other: 0.2ms
[2023-04-09T19:31:35.164+0800][3030.673s] GC(1295) Eden regions: 306->0(300)
[2023-04-09T19:31:35.164+0800][3030.673s] GC(1295) Survivor regions: 1->7(39)
[2023-04-09T19:31:35.164+0800][3030.673s] GC(1295) Old regions: 81->81
[2023-04-09T19:31:35.164+0800][3030.673s] GC(1295) Humongous regions: 16->15
[2023-04-09T19:31:35.164+0800][3030.673s] GC(1295) Metaspace: 62388K(65392K)->62388K(65392K) NonClass: 55433K(57252K)->55433K(57252K) Class: 6954K(8140K)->6954K(8140K)
[2023-04-09T19:31:35.164+0800][3030.673s] GC(1295) Pause Young (Normal) (G1 Evacuation Pause) 402M->101M(512M) 1.691ms
[2023-04-09T19:31:35.164+0800][3030.673s] GC(1295) User=0.00s Sys=0.00s Real=0.00s
[2023-04-09T19:31:35.718+0800][3031.227s] GC(1296) Pause Young (Normal) (G1 Evacuation Pause)
[2023-04-09T19:31:35.718+0800][3031.228s] GC(1296) Using 8 workers of 8 for evacuation
[2023-04-09T19:31:35.720+0800][3031.229s] GC(1296)   Pre Evacuate Collection Set: 0.0ms
[2023-04-09T19:31:35.720+0800][3031.229s] GC(1296)   Evacuate Collection Set: 1.2ms
[2023-04-09T19:31:35.720+0800][3031.229s] GC(1296)   Post Evacuate Collection Set: 0.5ms
[2023-04-09T19:31:35.720+0800][3031.229s] GC(1296)   Other: 0.2ms
[2023-04-09T19:31:35.720+0800][3031.229s] GC(1296) Eden regions: 300->0(298)
[2023-04-09T19:31:35.720+0800][3031.229s] GC(1296) Survivor regions: 7->9(39)
[2023-04-09T19:31:35.720+0800][3031.230s] GC(1296) Old regions: 81->81
[2023-04-09T19:31:35.720+0800][3031.230s] GC(1296) Humongous regions: 21->21
[2023-04-09T19:31:35.720+0800][3031.230s] GC(1296) Metaspace: 62388K(65392K)->62388K(65392K) NonClass: 55433K(57252K)->55433K(57252K) Class: 6954K(8140K)->6954K(8140K)
[2023-04-09T19:31:35.720+0800][3031.230s] GC(1296) Pause Young (Normal) (G1 Evacuation Pause) 407M->109M(512M) 2.074ms
[2023-04-09T19:31:35.721+0800][3031.230s] GC(1296) User=0.00s Sys=0.00s Real=0.00s
[2023-04-09T19:31:36.400+0800][3031.909s] GC(1297) Pause Young (Normal) (G1 Evacuation Pause)
[2023-04-09T19:31:36.400+0800][3031.909s] GC(1297) Using 8 workers of 8 for evacuation
[2023-04-09T19:31:36.402+0800][3031.911s] GC(1297)   Pre Evacuate Collection Set: 0.0ms
[2023-04-09T19:31:36.402+0800][3031.911s] GC(1297)   Evacuate Collection Set: 1.4ms
[2023-04-09T19:31:36.402+0800][3031.911s] GC(1297)   Post Evacuate Collection Set: 0.6ms
[2023-04-09T19:31:36.402+0800][3031.911s] GC(1297)   Other: 0.3ms
[2023-04-09T19:31:36.403+0800][3031.911s] GC(1297) Eden regions: 298->0(296)
[2023-04-09T19:31:36.403+0800][3031.911s] GC(1297) Survivor regions: 9->11(39)
[2023-04-09T19:31:36.403+0800][3031.911s] GC(1297) Old regions: 81->81
[2023-04-09T19:31:36.403+0800][3031.911s] GC(1297) Humongous regions: 34->22
[2023-04-09T19:31:36.403+0800][3031.911s] GC(1297) Metaspace: 62388K(65392K)->62388K(65392K) NonClass: 55433K(57252K)->55433K(57252K) Class: 6954K(8140K)->6954K(8140K)
[2023-04-09T19:31:36.403+0800][3031.911s] GC(1297) Pause Young (Normal) (G1 Evacuation Pause) 420M->112M(512M) 2.617ms
[2023-04-09T19:31:36.403+0800][3031.911s] GC(1297) User=0.08s Sys=0.00s Real=0.00s
[2023-04-09T19:31:36.848+0800][3032.358s] GC(1298) Pause Young (Normal) (G1 Evacuation Pause)
[2023-04-09T19:31:36.848+0800][3032.358s] GC(1298) Using 8 workers of 8 for evacuation
[2023-04-09T19:31:36.850+0800][3032.359s] GC(1298)   Pre Evacuate Collection Set: 0.0ms
[2023-04-09T19:31:36.850+0800][3032.360s] GC(1298)   Evacuate Collection Set: 1.0ms
[2023-04-09T19:31:36.850+0800][3032.360s] GC(1298)   Post Evacuate Collection Set: 0.5ms
[2023-04-09T19:31:36.850+0800][3032.360s] GC(1298)   Other: 0.2ms
[2023-04-09T19:31:36.850+0800][3032.360s] GC(1298) Eden regions: 296->0(303)
[2023-04-09T19:31:36.850+0800][3032.360s] GC(1298) Survivor regions: 11->4(39)
[2023-04-09T19:31:36.850+0800][3032.360s] GC(1298) Old regions: 81->81
[2023-04-09T19:31:36.850+0800][3032.360s] GC(1298) Humongous regions: 22->13
[2023-04-09T19:31:36.850+0800][3032.360s] GC(1298) Metaspace: 62389K(65392K)->62389K(65392K) NonClass: 55434K(57252K)->55434K(57252K) Class: 6954K(8140K)->6954K(8140K)
[2023-04-09T19:31:36.851+0800][3032.360s] GC(1298) Pause Young (Normal) (G1 Evacuation Pause) 408M->97M(512M) 2.139ms
[2023-04-09T19:31:36.851+0800][3032.360s] GC(1298) User=0.00s Sys=0.00s Real=0.00s
[2023-04-09T19:31:37.083+0800][3032.591s] GC(1299) Pause Young (Normal) (G1 Evacuation Pause)
[2023-04-09T19:31:37.083+0800][3032.591s] GC(1299) Using 8 workers of 8 for evacuation
[2023-04-09T19:31:37.084+0800][3032.593s] GC(1299)   Pre Evacuate Collection Set: 0.0ms
[2023-04-09T19:31:37.084+0800][3032.593s] GC(1299)   Evacuate Collection Set: 0.9ms
[2023-04-09T19:31:37.084+0800][3032.593s] GC(1299)   Post Evacuate Collection Set: 0.6ms
[2023-04-09T19:31:37.084+0800][3032.593s] GC(1299)   Other: 0.2ms
[2023-04-09T19:31:37.084+0800][3032.593s] GC(1299) Eden regions: 303->0(301)
[2023-04-09T19:31:37.084+0800][3032.593s] GC(1299) Survivor regions: 4->6(39)
[2023-04-09T19:31:37.084+0800][3032.593s] GC(1299) Old regions: 81->81
[2023-04-09T19:31:37.084+0800][3032.593s] GC(1299) Humongous regions: 14->14
[2023-04-09T19:31:37.084+0800][3032.593s] GC(1299) Metaspace: 62389K(65392K)->62389K(65392K) NonClass: 55434K(57252K)->55434K(57252K) Class: 6954K(8140K)->6954K(8140K)
[2023-04-09T19:31:37.085+0800][3032.593s] GC(1299) Pause Young (Normal) (G1 Evacuation Pause) 401M->100M(512M) 2.014ms
[2023-04-09T19:31:37.085+0800][3032.593s] GC(1299) User=0.00s Sys=0.00s Real=0.00s
[2023-04-09T19:31:37.324+0800][3032.833s] GC(1300) Pause Young (Normal) (G1 Evacuation Pause)
[2023-04-09T19:31:37.324+0800][3032.833s] GC(1300) Using 8 workers of 8 for evacuation
[2023-04-09T19:31:37.325+0800][3032.834s] GC(1300)   Pre Evacuate Collection Set: 0.0ms
[2023-04-09T19:31:37.326+0800][3032.834s] GC(1300)   Evacuate Collection Set: 0.9ms
[2023-04-09T19:31:37.326+0800][3032.834s] GC(1300)   Post Evacuate Collection Set: 0.4ms
[2023-04-09T19:31:37.326+0800][3032.834s] GC(1300)   Other: 0.2ms
[2023-04-09T19:31:37.326+0800][3032.835s] GC(1300) Eden regions: 301->0(298)
[2023-04-09T19:31:37.326+0800][3032.835s] GC(1300) Survivor regions: 6->9(39)
[2023-04-09T19:31:37.326+0800][3032.835s] GC(1300) Old regions: 81->81
[2023-04-09T19:31:37.326+0800][3032.835s] GC(1300) Humongous regions: 16->15
[2023-04-09T19:31:37.326+0800][3032.835s] GC(1300) Metaspace: 62389K(65392K)->62389K(65392K) NonClass: 55434K(57252K)->55434K(57252K) Class: 6954K(8140K)->6954K(8140K)
[2023-04-09T19:31:37.326+0800][3032.835s] GC(1300) Pause Young (Normal) (G1 Evacuation Pause) 403M->104M(512M) 1.686ms
[2023-04-09T19:31:37.326+0800][3032.835s] GC(1300) User=0.00s Sys=0.00s Real=0.00s
[2023-04-09T19:31:37.603+0800][3033.111s] GC(1301) Pause Young (Normal) (G1 Evacuation Pause)
[2023-04-09T19:31:37.603+0800][3033.111s] GC(1301) Using 8 workers of 8 for evacuation
[2023-04-09T19:31:37.605+0800][3033.113s] GC(1301)   Pre Evacuate Collection Set: 0.0ms
[2023-04-09T19:31:37.605+0800][3033.113s] GC(1301)   Evacuate Collection Set: 1.3ms
[2023-04-09T19:31:37.605+0800][3033.113s] GC(1301)   Post Evacuate Collection Set: 0.4ms
[2023-04-09T19:31:37.605+0800][3033.113s] GC(1301)   Other: 0.2ms
[2023-04-09T19:31:37.605+0800][3033.113s] GC(1301) Eden regions: 298->0(295)
[2023-04-09T19:31:37.605+0800][3033.113s] GC(1301) Survivor regions: 9->12(39)
[2023-04-09T19:31:37.605+0800][3033.113s] GC(1301) Old regions: 81->81
[2023-04-09T19:31:37.605+0800][3033.113s] GC(1301) Humongous regions: 16->16
[2023-04-09T19:31:37.605+0800][3033.113s] GC(1301) Metaspace: 62389K(65392K)->62389K(65392K) NonClass: 55434K(57252K)->55434K(57252K) Class: 6954K(8140K)->6954K(8140K)
[2023-04-09T19:31:37.605+0800][3033.113s] GC(1301) Pause Young (Normal) (G1 Evacuation Pause) 403M->107M(512M) 2.099ms
[2023-04-09T19:31:37.605+0800][3033.113s] GC(1301) User=0.00s Sys=0.00s Real=0.00s
[2023-04-09T19:31:37.936+0800][3033.445s] GC(1302) Pause Young (Normal) (G1 Evacuation Pause)
[2023-04-09T19:31:37.936+0800][3033.446s] GC(1302) Using 8 workers of 8 for evacuation
[2023-04-09T19:31:37.939+0800][3033.448s] GC(1302)   Pre Evacuate Collection Set: 0.0ms
[2023-04-09T19:31:37.939+0800][3033.448s] GC(1302)   Evacuate Collection Set: 1.4ms
[2023-04-09T19:31:37.939+0800][3033.448s] GC(1302)   Post Evacuate Collection Set: 0.5ms
[2023-04-09T19:31:37.939+0800][3033.448s] GC(1302)   Other: 0.2ms
[2023-04-09T19:31:37.939+0800][3033.448s] GC(1302) Eden regions: 295->0(296)
[2023-04-09T19:31:37.939+0800][3033.448s] GC(1302) Survivor regions: 12->11(39)
[2023-04-09T19:31:37.939+0800][3033.448s] GC(1302) Old regions: 81->81
[2023-04-09T19:31:37.939+0800][3033.448s] GC(1302) Humongous regions: 29->22
[2023-04-09T19:31:37.939+0800][3033.448s] GC(1302) Metaspace: 62389K(65392K)->62389K(65392K) NonClass: 55434K(57252K)->55434K(57252K) Class: 6954K(8140K)->6954K(8140K)
[2023-04-09T19:31:37.939+0800][3033.448s] GC(1302) Pause Young (Normal) (G1 Evacuation Pause) 415M->113M(512M) 2.563ms
[2023-04-09T19:31:37.939+0800][3033.448s] GC(1302) User=0.00s Sys=0.00s Real=0.00s
[2023-04-09T19:31:38.360+0800][3033.868s] GC(1303) Pause Young (Normal) (G1 Evacuation Pause)
[2023-04-09T19:31:38.360+0800][3033.868s] GC(1303) Using 8 workers of 8 for evacuation
[2023-04-09T19:31:38.362+0800][3033.870s] GC(1303)   Pre Evacuate Collection Set: 0.0ms
[2023-04-09T19:31:38.362+0800][3033.870s] GC(1303)   Evacuate Collection Set: 1.3ms
[2023-04-09T19:31:38.362+0800][3033.870s] GC(1303)   Post Evacuate Collection Set: 0.5ms
[2023-04-09T19:31:38.362+0800][3033.870s] GC(1303)   Other: 0.2ms
[2023-04-09T19:31:38.362+0800][3033.870s] GC(1303) Eden regions: 296->0(295)
[2023-04-09T19:31:38.362+0800][3033.870s] GC(1303) Survivor regions: 11->12(39)
[2023-04-09T19:31:38.362+0800][3033.870s] GC(1303) Old regions: 81->81
[2023-04-09T19:31:38.362+0800][3033.870s] GC(1303) Humongous regions: 27->22
[2023-04-09T19:31:38.362+0800][3033.870s] GC(1303) Metaspace: 62389K(65392K)->62389K(65392K) NonClass: 55434K(57252K)->55434K(57252K) Class: 6954K(8140K)->6954K(8140K)
[2023-04-09T19:31:38.362+0800][3033.870s] GC(1303) Pause Young (Normal) (G1 Evacuation Pause) 414M->113M(512M) 2.290ms
[2023-04-09T19:31:38.362+0800][3033.870s] GC(1303) User=0.00s Sys=0.00s Real=0.00s
[2023-04-09T19:31:38.714+0800][3034.223s] GC(1304) Pause Young (Normal) (G1 Evacuation Pause)
[2023-04-09T19:31:38.714+0800][3034.223s] GC(1304) Using 8 workers of 8 for evacuation
[2023-04-09T19:31:38.716+0800][3034.225s] GC(1304)   Pre Evacuate Collection Set: 0.0ms
[2023-04-09T19:31:38.716+0800][3034.225s] GC(1304)   Evacuate Collection Set: 1.2ms
[2023-04-09T19:31:38.716+0800][3034.225s] GC(1304)   Post Evacuate Collection Set: 0.6ms
[2023-04-09T19:31:38.716+0800][3034.225s] GC(1304)   Other: 0.2ms
[2023-04-09T19:31:38.716+0800][3034.225s] GC(1304) Eden regions: 295->0(296)
[2023-04-09T19:31:38.716+0800][3034.225s] GC(1304) Survivor regions: 12->11(39)
[2023-04-09T19:31:38.716+0800][3034.225s] GC(1304) Old regions: 81->81
[2023-04-09T19:31:38.716+0800][3034.225s] GC(1304) Humongous regions: 22->22
[2023-04-09T19:31:38.716+0800][3034.225s] GC(1304) Metaspace: 62389K(65392K)->62389K(65392K) NonClass: 55434K(57252K)->55434K(57252K) Class: 6954K(8140K)->6954K(8140K)
[2023-04-09T19:31:38.717+0800][3034.226s] GC(1304) Pause Young (Normal) (G1 Evacuation Pause) 408M->113M(512M) 2.255ms
[2023-04-09T19:31:38.717+0800][3034.226s] GC(1304) User=0.12s Sys=0.00s Real=0.00s
[2023-04-09T19:31:39.029+0800][3034.537s] GC(1305) Pause Young (Normal) (G1 Evacuation Pause)
[2023-04-09T19:31:39.029+0800][3034.537s] GC(1305) Using 8 workers of 8 for evacuation
[2023-04-09T19:31:39.030+0800][3034.538s] GC(1305)   Pre Evacuate Collection Set: 0.0ms
[2023-04-09T19:31:39.030+0800][3034.538s] GC(1305)   Evacuate Collection Set: 0.7ms
[2023-04-09T19:31:39.030+0800][3034.538s] GC(1305)   Post Evacuate Collection Set: 0.4ms
[2023-04-09T19:31:39.030+0800][3034.539s] GC(1305)   Other: 0.2ms
[2023-04-09T19:31:39.030+0800][3034.539s] GC(1305) Eden regions: 296->0(302)
[2023-04-09T19:31:39.030+0800][3034.539s] GC(1305) Survivor regions: 11->5(39)
[2023-04-09T19:31:39.030+0800][3034.539s] GC(1305) Old regions: 81->81
[2023-04-09T19:31:39.030+0800][3034.539s] GC(1305) Humongous regions: 23->14
[2023-04-09T19:31:39.030+0800][3034.539s] GC(1305) Metaspace: 62389K(65392K)->62389K(65392K) NonClass: 55434K(57252K)->55434K(57252K) Class: 6954K(8140K)->6954K(8140K)
[2023-04-09T19:31:39.030+0800][3034.539s] GC(1305) Pause Young (Normal) (G1 Evacuation Pause) 410M->99M(512M) 1.423ms
[2023-04-09T19:31:39.030+0800][3034.539s] GC(1305) User=0.00s Sys=0.00s Real=0.00s
[2023-04-09T19:31:39.364+0800][3034.873s] GC(1306) Pause Young (Normal) (G1 Evacuation Pause)
[2023-04-09T19:31:39.365+0800][3034.873s] GC(1306) Using 8 workers of 8 for evacuation
[2023-04-09T19:31:39.366+0800][3034.875s] GC(1306)   Pre Evacuate Collection Set: 0.0ms
[2023-04-09T19:31:39.366+0800][3034.875s] GC(1306)   Evacuate Collection Set: 0.9ms
[2023-04-09T19:31:39.366+0800][3034.875s] GC(1306)   Post Evacuate Collection Set: 0.4ms
[2023-04-09T19:31:39.366+0800][3034.875s] GC(1306)   Other: 0.2ms
[2023-04-09T19:31:39.366+0800][3034.875s] GC(1306) Eden regions: 302->0(297)
[2023-04-09T19:31:39.366+0800][3034.875s] GC(1306) Survivor regions: 5->10(39)
[2023-04-09T19:31:39.366+0800][3034.875s] GC(1306) Old regions: 81->81
[2023-04-09T19:31:39.366+0800][3034.875s] GC(1306) Humongous regions: 16->15
[2023-04-09T19:31:39.366+0800][3034.875s] GC(1306) Metaspace: 62389K(65392K)->62389K(65392K) NonClass: 55434K(57252K)->55434K(57252K) Class: 6954K(8140K)->6954K(8140K)
[2023-04-09T19:31:39.366+0800][3034.875s] GC(1306) Pause Young (Normal) (G1 Evacuation Pause) 403M->104M(512M) 1.811ms
[2023-04-09T19:31:39.366+0800][3034.875s] GC(1306) User=0.00s Sys=0.00s Real=0.00s
[2023-04-09T19:31:39.760+0800][3035.268s] GC(1307) Pause Young (Normal) (G1 Evacuation Pause)
[2023-04-09T19:31:39.760+0800][3035.268s] GC(1307) Using 8 workers of 8 for evacuation
[2023-04-09T19:31:39.762+0800][3035.270s] GC(1307)   Pre Evacuate Collection Set: 0.0ms
[2023-04-09T19:31:39.762+0800][3035.270s] GC(1307)   Evacuate Collection Set: 1.4ms
[2023-04-09T19:31:39.762+0800][3035.270s] GC(1307)   Post Evacuate Collection Set: 0.4ms
[2023-04-09T19:31:39.762+0800][3035.270s] GC(1307)   Other: 0.2ms
[2023-04-09T19:31:39.762+0800][3035.270s] GC(1307) Eden regions: 297->0(295)
[2023-04-09T19:31:39.762+0800][3035.270s] GC(1307) Survivor regions: 10->12(39)
[2023-04-09T19:31:39.762+0800][3035.270s] GC(1307) Old regions: 81->81
[2023-04-09T19:31:39.762+0800][3035.270s] GC(1307) Humongous regions: 16->16
[2023-04-09T19:31:39.762+0800][3035.270s] GC(1307) Metaspace: 62389K(65392K)->62389K(65392K) NonClass: 55434K(57252K)->55434K(57252K) Class: 6954K(8140K)->6954K(8140K)
[2023-04-09T19:31:39.762+0800][3035.270s] GC(1307) Pause Young (Normal) (G1 Evacuation Pause) 402M->108M(512M) 2.196ms
[2023-04-09T19:31:39.762+0800][3035.271s] GC(1307) User=0.03s Sys=0.00s Real=0.00s
[2023-04-09T19:31:40.125+0800][3035.633s] GC(1308) Pause Young (Normal) (G1 Evacuation Pause)
[2023-04-09T19:31:40.125+0800][3035.633s] GC(1308) Using 8 workers of 8 for evacuation
[2023-04-09T19:31:40.127+0800][3035.635s] GC(1308)   Pre Evacuate Collection Set: 0.0ms
[2023-04-09T19:31:40.127+0800][3035.635s] GC(1308)   Evacuate Collection Set: 1.3ms
[2023-04-09T19:31:40.127+0800][3035.635s] GC(1308)   Post Evacuate Collection Set: 0.5ms
[2023-04-09T19:31:40.127+0800][3035.635s] GC(1308)   Other: 0.2ms
[2023-04-09T19:31:40.127+0800][3035.636s] GC(1308) Eden regions: 295->0(295)
[2023-04-09T19:31:40.127+0800][3035.636s] GC(1308) Survivor regions: 12->12(39)
[2023-04-09T19:31:40.127+0800][3035.636s] GC(1308) Old regions: 81->81
[2023-04-09T19:31:40.127+0800][3035.636s] GC(1308) Humongous regions: 29->22
[2023-04-09T19:31:40.127+0800][3035.636s] GC(1308) Metaspace: 62389K(65392K)->62389K(65392K) NonClass: 55434K(57252K)->55434K(57252K) Class: 6954K(8140K)->6954K(8140K)
[2023-04-09T19:31:40.127+0800][3035.636s] GC(1308) Pause Young (Normal) (G1 Evacuation Pause) 416M->113M(512M) 2.209ms
[2023-04-09T19:31:40.127+0800][3035.636s] GC(1308) User=0.00s Sys=0.00s Real=0.00s
[2023-04-09T19:31:40.830+0800][3036.338s] GC(1309) Pause Young (Normal) (G1 Evacuation Pause)
[2023-04-09T19:31:40.830+0800][3036.338s] GC(1309) Using 8 workers of 8 for evacuation
[2023-04-09T19:31:40.832+0800][3036.341s] GC(1309)   Pre Evacuate Collection Set: 0.0ms
[2023-04-09T19:31:40.832+0800][3036.341s] GC(1309)   Evacuate Collection Set: 1.4ms
[2023-04-09T19:31:40.832+0800][3036.341s] GC(1309)   Post Evacuate Collection Set: 0.5ms
[2023-04-09T19:31:40.832+0800][3036.341s] GC(1309)   Other: 0.2ms
[2023-04-09T19:31:40.832+0800][3036.341s] GC(1309) Eden regions: 295->0(296)
[2023-04-09T19:31:40.832+0800][3036.341s] GC(1309) Survivor regions: 12->11(39)
[2023-04-09T19:31:40.832+0800][3036.341s] GC(1309) Old regions: 81->81
[2023-04-09T19:31:40.832+0800][3036.341s] GC(1309) Humongous regions: 27->22
[2023-04-09T19:31:40.832+0800][3036.341s] GC(1309) Metaspace: 62389K(65392K)->62389K(65392K) NonClass: 55434K(57252K)->55434K(57252K) Class: 6954K(8140K)->6954K(8140K)
[2023-04-09T19:31:40.832+0800][3036.341s] GC(1309) Pause Young (Normal) (G1 Evacuation Pause) 413M->113M(512M) 2.441ms
[2023-04-09T19:31:40.832+0800][3036.341s] GC(1309) User=0.00s Sys=0.00s Real=0.00s
[2023-04-09T19:31:41.544+0800][3037.054s] GC(1310) Pause Young (Normal) (G1 Evacuation Pause)
[2023-04-09T19:31:41.544+0800][3037.054s] GC(1310) Using 8 workers of 8 for evacuation
[2023-04-09T19:31:41.546+0800][3037.055s] GC(1310)   Pre Evacuate Collection Set: 0.0ms
[2023-04-09T19:31:41.546+0800][3037.055s] GC(1310)   Evacuate Collection Set: 0.9ms
[2023-04-09T19:31:41.546+0800][3037.055s] GC(1310)   Post Evacuate Collection Set: 0.6ms
[2023-04-09T19:31:41.546+0800][3037.055s] GC(1310)   Other: 0.2ms
[2023-04-09T19:31:41.546+0800][3037.055s] GC(1310) Eden regions: 296->0(301)
[2023-04-09T19:31:41.546+0800][3037.055s] GC(1310) Survivor regions: 11->6(39)
[2023-04-09T19:31:41.546+0800][3037.056s] GC(1310) Old regions: 81->81
[2023-04-09T19:31:41.546+0800][3037.056s] GC(1310) Humongous regions: 23->14
[2023-04-09T19:31:41.546+0800][3037.056s] GC(1310) Metaspace: 62389K(65392K)->62389K(65392K) NonClass: 55434K(57252K)->55434K(57252K) Class: 6954K(8140K)->6954K(8140K)
[2023-04-09T19:31:41.546+0800][3037.056s] GC(1310) Pause Young (Normal) (G1 Evacuation Pause) 410M->99M(512M) 1.930ms
[2023-04-09T19:31:41.546+0800][3037.056s] GC(1310) User=0.00s Sys=0.00s Real=0.00s
[2023-04-09T19:31:42.083+0800][3037.592s] GC(1311) Pause Young (Normal) (G1 Evacuation Pause)
[2023-04-09T19:31:42.083+0800][3037.592s] GC(1311) Using 8 workers of 8 for evacuation
[2023-04-09T19:31:42.085+0800][3037.594s] GC(1311)   Pre Evacuate Collection Set: 0.0ms
[2023-04-09T19:31:42.085+0800][3037.594s] GC(1311)   Evacuate Collection Set: 1.4ms
[2023-04-09T19:31:42.085+0800][3037.594s] GC(1311)   Post Evacuate Collection Set: 0.6ms
[2023-04-09T19:31:42.085+0800][3037.594s] GC(1311)   Other: 0.2ms
[2023-04-09T19:31:42.086+0800][3037.595s] GC(1311) Eden regions: 301->0(296)
[2023-04-09T19:31:42.086+0800][3037.595s] GC(1311) Survivor regions: 6->11(39)
[2023-04-09T19:31:42.086+0800][3037.595s] GC(1311) Old regions: 81->81
[2023-04-09T19:31:42.086+0800][3037.595s] GC(1311) Humongous regions: 18->16
[2023-04-09T19:31:42.086+0800][3037.595s] GC(1311) Metaspace: 62389K(65392K)->62389K(65392K) NonClass: 55434K(57252K)->55434K(57252K) Class: 6954K(8140K)->6954K(8140K)
[2023-04-09T19:31:42.086+0800][3037.595s] GC(1311) Pause Young (Normal) (G1 Evacuation Pause) 404M->106M(512M) 2.585ms
[2023-04-09T19:31:42.086+0800][3037.595s] GC(1311) User=0.00s Sys=0.00s Real=0.00s
[2023-04-09T19:31:42.824+0800][3038.333s] GC(1312) Pause Young (Normal) (G1 Evacuation Pause)
[2023-04-09T19:31:42.824+0800][3038.333s] GC(1312) Using 8 workers of 8 for evacuation
[2023-04-09T19:31:42.826+0800][3038.335s] GC(1312)   Pre Evacuate Collection Set: 0.0ms
[2023-04-09T19:31:42.826+0800][3038.335s] GC(1312)   Evacuate Collection Set: 1.1ms
[2023-04-09T19:31:42.826+0800][3038.335s] GC(1312)   Post Evacuate Collection Set: 0.5ms
[2023-04-09T19:31:42.826+0800][3038.335s] GC(1312)   Other: 0.2ms
[2023-04-09T19:31:42.826+0800][3038.335s] GC(1312) Eden regions: 296->0(296)
[2023-04-09T19:31:42.826+0800][3038.335s] GC(1312) Survivor regions: 11->11(39)
[2023-04-09T19:31:42.826+0800][3038.335s] GC(1312) Old regions: 81->81
[2023-04-09T19:31:42.826+0800][3038.335s] GC(1312) Humongous regions: 34->22
[2023-04-09T19:31:42.826+0800][3038.335s] GC(1312) Metaspace: 62389K(65392K)->62389K(65392K) NonClass: 55434K(57252K)->55434K(57252K) Class: 6954K(8140K)->6954K(8140K)
[2023-04-09T19:31:42.826+0800][3038.335s] GC(1312) Pause Young (Normal) (G1 Evacuation Pause) 420M->112M(512M) 2.010ms
[2023-04-09T19:31:42.826+0800][3038.335s] GC(1312) User=0.00s Sys=0.00s Real=0.00s
[2023-04-09T19:31:43.439+0800][3038.948s] GC(1313) Pause Young (Normal) (G1 Evacuation Pause)
[2023-04-09T19:31:43.439+0800][3038.948s] GC(1313) Using 8 workers of 8 for evacuation
[2023-04-09T19:31:43.440+0800][3038.949s] GC(1313)   Pre Evacuate Collection Set: 0.0ms
[2023-04-09T19:31:43.440+0800][3038.949s] GC(1313)   Evacuate Collection Set: 0.5ms
[2023-04-09T19:31:43.440+0800][3038.949s] GC(1313)   Post Evacuate Collection Set: 0.3ms
[2023-04-09T19:31:43.440+0800][3038.949s] GC(1313)   Other: 0.2ms
[2023-04-09T19:31:43.441+0800][3038.949s] GC(1313) Eden regions: 296->0(303)
[2023-04-09T19:31:43.441+0800][3038.949s] GC(1313) Survivor regions: 11->4(39)
[2023-04-09T19:31:43.441+0800][3038.949s] GC(1313) Old regions: 81->81
[2023-04-09T19:31:43.441+0800][3038.949s] GC(1313) Humongous regions: 22->13
[2023-04-09T19:31:43.441+0800][3038.949s] GC(1313) Metaspace: 62389K(65392K)->62389K(65392K) NonClass: 55434K(57252K)->55434K(57252K) Class: 6954K(8140K)->6954K(8140K)
[2023-04-09T19:31:43.441+0800][3038.949s] GC(1313) Pause Young (Normal) (G1 Evacuation Pause) 408M->96M(512M) 1.284ms
[2023-04-09T19:31:43.441+0800][3038.949s] GC(1313) User=0.00s Sys=0.00s Real=0.00s
[2023-04-09T19:31:43.975+0800][3039.484s] GC(1314) Pause Young (Normal) (G1 Evacuation Pause)
[2023-04-09T19:31:43.975+0800][3039.484s] GC(1314) Using 8 workers of 8 for evacuation
[2023-04-09T19:31:43.977+0800][3039.486s] GC(1314)   Pre Evacuate Collection Set: 0.0ms
[2023-04-09T19:31:43.977+0800][3039.486s] GC(1314)   Evacuate Collection Set: 1.0ms
[2023-04-09T19:31:43.977+0800][3039.486s] GC(1314)   Post Evacuate Collection Set: 0.4ms
[2023-04-09T19:31:43.977+0800][3039.486s] GC(1314)   Other: 0.2ms
[2023-04-09T19:31:43.977+0800][3039.486s] GC(1314) Eden regions: 303->0(298)
[2023-04-09T19:31:43.977+0800][3039.486s] GC(1314) Survivor regions: 4->9(39)
[2023-04-09T19:31:43.977+0800][3039.486s] GC(1314) Old regions: 81->81
[2023-04-09T19:31:43.977+0800][3039.486s] GC(1314) Humongous regions: 16->15
[2023-04-09T19:31:43.977+0800][3039.486s] GC(1314) Metaspace: 62389K(65392K)->62389K(65392K) NonClass: 55434K(57252K)->55434K(57252K) Class: 6954K(8140K)->6954K(8140K)
[2023-04-09T19:31:43.977+0800][3039.486s] GC(1314) Pause Young (Normal) (G1 Evacuation Pause) 402M->104M(512M) 1.795ms
[2023-04-09T19:31:43.977+0800][3039.486s] GC(1314) User=0.00s Sys=0.00s Real=0.00s
[2023-04-09T19:31:44.573+0800][3040.082s] GC(1315) Pause Young (Normal) (G1 Evacuation Pause)
[2023-04-09T19:31:44.573+0800][3040.082s] GC(1315) Using 8 workers of 8 for evacuation
[2023-04-09T19:31:44.575+0800][3040.083s] GC(1315)   Pre Evacuate Collection Set: 0.0ms
[2023-04-09T19:31:44.575+0800][3040.083s] GC(1315)   Evacuate Collection Set: 1.2ms
[2023-04-09T19:31:44.575+0800][3040.084s] GC(1315)   Post Evacuate Collection Set: 0.4ms
[2023-04-09T19:31:44.575+0800][3040.084s] GC(1315)   Other: 0.2ms
[2023-04-09T19:31:44.575+0800][3040.084s] GC(1315) Eden regions: 298->0(296)
[2023-04-09T19:31:44.575+0800][3040.084s] GC(1315) Survivor regions: 9->11(39)
[2023-04-09T19:31:44.575+0800][3040.084s] GC(1315) Old regions: 81->81
[2023-04-09T19:31:44.575+0800][3040.084s] GC(1315) Humongous regions: 29->22
[2023-04-09T19:31:44.575+0800][3040.084s] GC(1315) Metaspace: 62389K(65392K)->62389K(65392K) NonClass: 55434K(57252K)->55434K(57252K) Class: 6954K(8140K)->6954K(8140K)
[2023-04-09T19:31:44.575+0800][3040.084s] GC(1315) Pause Young (Normal) (G1 Evacuation Pause) 416M->113M(512M) 2.183ms
[2023-04-09T19:31:44.575+0800][3040.084s] GC(1315) User=0.11s Sys=0.00s Real=0.00s
[2023-04-09T19:31:45.298+0800][3040.807s] GC(1316) Pause Young (Normal) (G1 Evacuation Pause)
[2023-04-09T19:31:45.298+0800][3040.807s] GC(1316) Using 8 workers of 8 for evacuation
[2023-04-09T19:31:45.299+0800][3040.808s] GC(1316)   Pre Evacuate Collection Set: 0.0ms
[2023-04-09T19:31:45.299+0800][3040.808s] GC(1316)   Evacuate Collection Set: 0.4ms
[2023-04-09T19:31:45.299+0800][3040.808s] GC(1316)   Post Evacuate Collection Set: 0.3ms
[2023-04-09T19:31:45.299+0800][3040.808s] GC(1316)   Other: 0.2ms
[2023-04-09T19:31:45.299+0800][3040.808s] GC(1316) Eden regions: 296->0(305)
[2023-04-09T19:31:45.299+0800][3040.808s] GC(1316) Survivor regions: 11->2(39)
[2023-04-09T19:31:45.299+0800][3040.808s] GC(1316) Old regions: 81->81
[2023-04-09T19:31:45.299+0800][3040.808s] GC(1316) Humongous regions: 27->13
[2023-04-09T19:31:45.299+0800][3040.808s] GC(1316) Metaspace: 62389K(65392K)->62389K(65392K) NonClass: 55434K(57252K)->55434K(57252K) Class: 6954K(8140K)->6954K(8140K)
[2023-04-09T19:31:45.299+0800][3040.808s] GC(1316) Pause Young (Normal) (G1 Evacuation Pause) 414M->95M(512M) 1.068ms
[2023-04-09T19:31:45.299+0800][3040.808s] GC(1316) User=0.00s Sys=0.00s Real=0.00s
[2023-04-09T19:31:45.883+0800][3041.392s] GC(1317) Pause Young (Normal) (G1 Evacuation Pause)
[2023-04-09T19:31:45.883+0800][3041.392s] GC(1317) Using 8 workers of 8 for evacuation
[2023-04-09T19:31:45.885+0800][3041.394s] GC(1317)   Pre Evacuate Collection Set: 0.0ms
[2023-04-09T19:31:45.885+0800][3041.394s] GC(1317)   Evacuate Collection Set: 1.0ms
[2023-04-09T19:31:45.885+0800][3041.394s] GC(1317)   Post Evacuate Collection Set: 0.5ms
[2023-04-09T19:31:45.885+0800][3041.394s] GC(1317)   Other: 0.2ms
[2023-04-09T19:31:45.885+0800][3041.394s] GC(1317) Eden regions: 305->0(299)
[2023-04-09T19:31:45.885+0800][3041.394s] GC(1317) Survivor regions: 2->8(39)
[2023-04-09T19:31:45.885+0800][3041.394s] GC(1317) Old regions: 81->81
[2023-04-09T19:31:45.885+0800][3041.394s] GC(1317) Humongous regions: 16->15
[2023-04-09T19:31:45.885+0800][3041.394s] GC(1317) Metaspace: 62389K(65392K)->62389K(65392K) NonClass: 55434K(57252K)->55434K(57252K) Class: 6954K(8140K)->6954K(8140K)
[2023-04-09T19:31:45.885+0800][3041.394s] GC(1317) Pause Young (Normal) (G1 Evacuation Pause) 403M->103M(512M) 2.131ms
[2023-04-09T19:31:45.885+0800][3041.394s] GC(1317) User=0.00s Sys=0.00s Real=0.00s
[2023-04-09T19:31:46.547+0800][3042.057s] GC(1318) Pause Young (Normal) (G1 Evacuation Pause)
[2023-04-09T19:31:46.547+0800][3042.057s] GC(1318) Using 8 workers of 8 for evacuation
[2023-04-09T19:31:46.549+0800][3042.058s] GC(1318)   Pre Evacuate Collection Set: 0.0ms
[2023-04-09T19:31:46.549+0800][3042.059s] GC(1318)   Evacuate Collection Set: 1.1ms
[2023-04-09T19:31:46.549+0800][3042.059s] GC(1318)   Post Evacuate Collection Set: 0.6ms
[2023-04-09T19:31:46.549+0800][3042.059s] GC(1318)   Other: 0.2ms
[2023-04-09T19:31:46.549+0800][3042.059s] GC(1318) Eden regions: 299->0(297)
[2023-04-09T19:31:46.549+0800][3042.059s] GC(1318) Survivor regions: 8->10(39)
[2023-04-09T19:31:46.549+0800][3042.059s] GC(1318) Old regions: 81->81
[2023-04-09T19:31:46.549+0800][3042.059s] GC(1318) Humongous regions: 29->22
[2023-04-09T19:31:46.549+0800][3042.059s] GC(1318) Metaspace: 62389K(65392K)->62389K(65392K) NonClass: 55434K(57252K)->55434K(57252K) Class: 6954K(8140K)->6954K(8140K)
[2023-04-09T19:31:46.549+0800][3042.059s] GC(1318) Pause Young (Normal) (G1 Evacuation Pause) 416M->112M(512M) 2.125ms
[2023-04-09T19:31:46.549+0800][3042.059s] GC(1318) User=0.00s Sys=0.00s Real=0.00s
[2023-04-09T19:31:47.185+0800][3042.694s] GC(1319) Pause Young (Normal) (G1 Evacuation Pause)
[2023-04-09T19:31:47.185+0800][3042.694s] GC(1319) Using 8 workers of 8 for evacuation
[2023-04-09T19:31:47.187+0800][3042.696s] GC(1319)   Pre Evacuate Collection Set: 0.0ms
[2023-04-09T19:31:47.187+0800][3042.696s] GC(1319)   Evacuate Collection Set: 1.4ms
[2023-04-09T19:31:47.187+0800][3042.696s] GC(1319)   Post Evacuate Collection Set: 0.6ms
[2023-04-09T19:31:47.187+0800][3042.696s] GC(1319)   Other: 0.2ms
[2023-04-09T19:31:47.187+0800][3042.696s] GC(1319) Eden regions: 297->0(297)
[2023-04-09T19:31:47.187+0800][3042.696s] GC(1319) Survivor regions: 10->10(39)
[2023-04-09T19:31:47.187+0800][3042.696s] GC(1319) Old regions: 81->81
[2023-04-09T19:31:47.187+0800][3042.696s] GC(1319) Humongous regions: 27->22
[2023-04-09T19:31:47.187+0800][3042.696s] GC(1319) Metaspace: 62389K(65392K)->62389K(65392K) NonClass: 55434K(57252K)->55434K(57252K) Class: 6954K(8140K)->6954K(8140K)
[2023-04-09T19:31:47.188+0800][3042.696s] GC(1319) Pause Young (Normal) (G1 Evacuation Pause) 414M->112M(512M) 2.496ms
[2023-04-09T19:31:47.188+0800][3042.696s] GC(1319) User=0.00s Sys=0.00s Real=0.00s
[2023-04-09T19:31:47.800+0800][3043.309s] GC(1320) Pause Young (Normal) (G1 Evacuation Pause)
[2023-04-09T19:31:47.800+0800][3043.309s] GC(1320) Using 8 workers of 8 for evacuation
[2023-04-09T19:31:47.801+0800][3043.310s] GC(1320)   Pre Evacuate Collection Set: 0.0ms
[2023-04-09T19:31:47.801+0800][3043.311s] GC(1320)   Evacuate Collection Set: 0.8ms
[2023-04-09T19:31:47.801+0800][3043.311s] GC(1320)   Post Evacuate Collection Set: 0.6ms
[2023-04-09T19:31:47.802+0800][3043.311s] GC(1320)   Other: 0.2ms
[2023-04-09T19:31:47.802+0800][3043.311s] GC(1320) Eden regions: 297->0(301)
[2023-04-09T19:31:47.802+0800][3043.311s] GC(1320) Survivor regions: 10->6(39)
[2023-04-09T19:31:47.802+0800][3043.311s] GC(1320) Old regions: 81->81
[2023-04-09T19:31:47.802+0800][3043.311s] GC(1320) Humongous regions: 23->14
[2023-04-09T19:31:47.802+0800][3043.311s] GC(1320) Metaspace: 62389K(65392K)->62389K(65392K) NonClass: 55434K(57252K)->55434K(57252K) Class: 6954K(8140K)->6954K(8140K)
[2023-04-09T19:31:47.802+0800][3043.311s] GC(1320) Pause Young (Normal) (G1 Evacuation Pause) 410M->100M(512M) 1.924ms
[2023-04-09T19:31:47.802+0800][3043.311s] GC(1320) User=0.00s Sys=0.00s Real=0.00s
[2023-04-09T19:31:48.348+0800][3043.857s] GC(1321) Pause Young (Normal) (G1 Evacuation Pause)
[2023-04-09T19:31:48.348+0800][3043.857s] GC(1321) Using 8 workers of 8 for evacuation
[2023-04-09T19:31:48.350+0800][3043.858s] GC(1321)   Pre Evacuate Collection Set: 0.0ms
[2023-04-09T19:31:48.350+0800][3043.859s] GC(1321)   Evacuate Collection Set: 1.0ms
[2023-04-09T19:31:48.350+0800][3043.859s] GC(1321)   Post Evacuate Collection Set: 0.5ms
[2023-04-09T19:31:48.350+0800][3043.859s] GC(1321)   Other: 0.2ms
[2023-04-09T19:31:48.350+0800][3043.859s] GC(1321) Eden regions: 301->0(298)
[2023-04-09T19:31:48.350+0800][3043.859s] GC(1321) Survivor regions: 6->9(39)
[2023-04-09T19:31:48.350+0800][3043.859s] GC(1321) Old regions: 81->81
[2023-04-09T19:31:48.350+0800][3043.859s] GC(1321) Humongous regions: 22->21
[2023-04-09T19:31:48.350+0800][3043.859s] GC(1321) Metaspace: 62389K(65392K)->62389K(65392K) NonClass: 55434K(57252K)->55434K(57252K) Class: 6954K(8140K)->6954K(8140K)
[2023-04-09T19:31:48.350+0800][3043.859s] GC(1321) Pause Young (Normal) (G1 Evacuation Pause) 409M->109M(512M) 1.898ms
[2023-04-09T19:31:48.350+0800][3043.859s] GC(1321) User=0.00s Sys=0.00s Real=0.00s
[2023-04-09T19:31:49.011+0800][3044.520s] GC(1322) Pause Young (Normal) (G1 Evacuation Pause)
[2023-04-09T19:31:49.011+0800][3044.520s] GC(1322) Using 8 workers of 8 for evacuation
[2023-04-09T19:31:49.013+0800][3044.521s] GC(1322)   Pre Evacuate Collection Set: 0.0ms
[2023-04-09T19:31:49.013+0800][3044.521s] GC(1322)   Evacuate Collection Set: 1.1ms
[2023-04-09T19:31:49.013+0800][3044.521s] GC(1322)   Post Evacuate Collection Set: 0.5ms
[2023-04-09T19:31:49.013+0800][3044.521s] GC(1322)   Other: 0.2ms
[2023-04-09T19:31:49.013+0800][3044.521s] GC(1322) Eden regions: 298->0(296)
[2023-04-09T19:31:49.013+0800][3044.521s] GC(1322) Survivor regions: 9->11(39)
[2023-04-09T19:31:49.013+0800][3044.521s] GC(1322) Old regions: 81->81
[2023-04-09T19:31:49.013+0800][3044.521s] GC(1322) Humongous regions: 34->22
[2023-04-09T19:31:49.013+0800][3044.521s] GC(1322) Metaspace: 62389K(65392K)->62389K(65392K) NonClass: 55434K(57252K)->55434K(57252K) Class: 6954K(8140K)->6954K(8140K)
[2023-04-09T19:31:49.013+0800][3044.521s] GC(1322) Pause Young (Normal) (G1 Evacuation Pause) 420M->112M(512M) 1.984ms
[2023-04-09T19:31:49.013+0800][3044.522s] GC(1322) User=0.12s Sys=0.00s Real=0.00s
[2023-04-09T19:31:49.641+0800][3045.150s] GC(1323) Pause Young (Normal) (G1 Evacuation Pause)
[2023-04-09T19:31:49.641+0800][3045.151s] GC(1323) Using 8 workers of 8 for evacuation
[2023-04-09T19:31:49.642+0800][3045.152s] GC(1323)   Pre Evacuate Collection Set: 0.0ms
[2023-04-09T19:31:49.642+0800][3045.152s] GC(1323)   Evacuate Collection Set: 0.6ms
[2023-04-09T19:31:49.642+0800][3045.152s] GC(1323)   Post Evacuate Collection Set: 0.4ms
[2023-04-09T19:31:49.642+0800][3045.152s] GC(1323)   Other: 0.2ms
[2023-04-09T19:31:49.642+0800][3045.152s] GC(1323) Eden regions: 296->0(302)
[2023-04-09T19:31:49.642+0800][3045.152s] GC(1323) Survivor regions: 11->5(39)
[2023-04-09T19:31:49.642+0800][3045.152s] GC(1323) Old regions: 81->81
[2023-04-09T19:31:49.642+0800][3045.152s] GC(1323) Humongous regions: 23->14
[2023-04-09T19:31:49.642+0800][3045.152s] GC(1323) Metaspace: 62389K(65392K)->62389K(65392K) NonClass: 55434K(57252K)->55434K(57252K) Class: 6954K(8140K)->6954K(8140K)
[2023-04-09T19:31:49.643+0800][3045.152s] GC(1323) Pause Young (Normal) (G1 Evacuation Pause) 409M->98M(512M) 1.381ms
[2023-04-09T19:31:49.643+0800][3045.152s] GC(1323) User=0.00s Sys=0.00s Real=0.00s
[2023-04-09T19:31:50.195+0800][3045.704s] GC(1324) Pause Young (Normal) (G1 Evacuation Pause)
[2023-04-09T19:31:50.195+0800][3045.704s] GC(1324) Using 8 workers of 8 for evacuation
[2023-04-09T19:31:50.197+0800][3045.706s] GC(1324)   Pre Evacuate Collection Set: 0.0ms
[2023-04-09T19:31:50.197+0800][3045.706s] GC(1324)   Evacuate Collection Set: 1.0ms
[2023-04-09T19:31:50.197+0800][3045.706s] GC(1324)   Post Evacuate Collection Set: 0.4ms
[2023-04-09T19:31:50.197+0800][3045.706s] GC(1324)   Other: 0.2ms
[2023-04-09T19:31:50.197+0800][3045.706s] GC(1324) Eden regions: 302->0(297)
[2023-04-09T19:31:50.197+0800][3045.706s] GC(1324) Survivor regions: 5->10(39)
[2023-04-09T19:31:50.197+0800][3045.706s] GC(1324) Old regions: 81->81
[2023-04-09T19:31:50.197+0800][3045.706s] GC(1324) Humongous regions: 17->16
[2023-04-09T19:31:50.197+0800][3045.706s] GC(1324) Metaspace: 62389K(65392K)->62389K(65392K) NonClass: 55434K(57252K)->55434K(57252K) Class: 6954K(8140K)->6954K(8140K)
[2023-04-09T19:31:50.197+0800][3045.706s] GC(1324) Pause Young (Normal) (G1 Evacuation Pause) 403M->106M(512M) 1.817ms
[2023-04-09T19:31:50.197+0800][3045.706s] GC(1324) User=0.00s Sys=0.00s Real=0.00s
[2023-04-09T19:31:50.950+0800][3046.459s] GC(1325) Pause Young (Normal) (G1 Evacuation Pause)
[2023-04-09T19:31:50.950+0800][3046.459s] GC(1325) Using 8 workers of 8 for evacuation
[2023-04-09T19:31:50.952+0800][3046.461s] GC(1325)   Pre Evacuate Collection Set: 0.0ms
[2023-04-09T19:31:50.952+0800][3046.461s] GC(1325)   Evacuate Collection Set: 1.5ms
[2023-04-09T19:31:50.952+0800][3046.461s] GC(1325)   Post Evacuate Collection Set: 0.6ms
[2023-04-09T19:31:50.952+0800][3046.461s] GC(1325)   Other: 0.2ms
[2023-04-09T19:31:50.952+0800][3046.461s] GC(1325) Eden regions: 297->0(297)
[2023-04-09T19:31:50.952+0800][3046.461s] GC(1325) Survivor regions: 10->10(39)
[2023-04-09T19:31:50.952+0800][3046.461s] GC(1325) Old regions: 81->81
[2023-04-09T19:31:50.952+0800][3046.461s] GC(1325) Humongous regions: 34->22
[2023-04-09T19:31:50.952+0800][3046.461s] GC(1325) Metaspace: 62389K(65392K)->62389K(65392K) NonClass: 55434K(57252K)->55434K(57252K) Class: 6954K(8140K)->6954K(8140K)
[2023-04-09T19:31:50.952+0800][3046.461s] GC(1325) Pause Young (Normal) (G1 Evacuation Pause) 421M->112M(512M) 2.540ms
[2023-04-09T19:31:50.952+0800][3046.461s] GC(1325) User=0.00s Sys=0.00s Real=0.00s
[2023-04-09T19:31:51.513+0800][3047.022s] GC(1326) Pause Young (Normal) (G1 Evacuation Pause)
[2023-04-09T19:31:51.513+0800][3047.022s] GC(1326) Using 8 workers of 8 for evacuation
[2023-04-09T19:31:51.514+0800][3047.023s] GC(1326)   Pre Evacuate Collection Set: 0.0ms
[2023-04-09T19:31:51.514+0800][3047.023s] GC(1326)   Evacuate Collection Set: 0.4ms
[2023-04-09T19:31:51.514+0800][3047.023s] GC(1326)   Post Evacuate Collection Set: 0.3ms
[2023-04-09T19:31:51.514+0800][3047.023s] GC(1326)   Other: 0.2ms
[2023-04-09T19:31:51.514+0800][3047.023s] GC(1326) Eden regions: 297->0(304)
[2023-04-09T19:31:51.514+0800][3047.023s] GC(1326) Survivor regions: 10->3(39)
[2023-04-09T19:31:51.514+0800][3047.023s] GC(1326) Old regions: 81->81
[2023-04-09T19:31:51.514+0800][3047.023s] GC(1326) Humongous regions: 22->13
[2023-04-09T19:31:51.514+0800][3047.023s] GC(1326) Metaspace: 62389K(65392K)->62389K(65392K) NonClass: 55434K(57252K)->55434K(57252K) Class: 6954K(8140K)->6954K(8140K)
[2023-04-09T19:31:51.514+0800][3047.023s] GC(1326) Pause Young (Normal) (G1 Evacuation Pause) 409M->96M(512M) 1.084ms
[2023-04-09T19:31:51.514+0800][3047.023s] GC(1326) User=0.00s Sys=0.00s Real=0.00s
[2023-04-09T19:31:52.061+0800][3047.570s] GC(1327) Pause Young (Normal) (G1 Evacuation Pause)
[2023-04-09T19:31:52.061+0800][3047.570s] GC(1327) Using 8 workers of 8 for evacuation
[2023-04-09T19:31:52.063+0800][3047.572s] GC(1327)   Pre Evacuate Collection Set: 0.0ms
[2023-04-09T19:31:52.063+0800][3047.572s] GC(1327)   Evacuate Collection Set: 1.1ms
[2023-04-09T19:31:52.063+0800][3047.572s] GC(1327)   Post Evacuate Collection Set: 0.5ms
[2023-04-09T19:31:52.063+0800][3047.572s] GC(1327)   Other: 0.2ms
[2023-04-09T19:31:52.063+0800][3047.572s] GC(1327) Eden regions: 304->0(298)
[2023-04-09T19:31:52.063+0800][3047.572s] GC(1327) Survivor regions: 3->9(39)
[2023-04-09T19:31:52.063+0800][3047.572s] GC(1327) Old regions: 81->81
[2023-04-09T19:31:52.063+0800][3047.572s] GC(1327) Humongous regions: 16->15
[2023-04-09T19:31:52.063+0800][3047.572s] GC(1327) Metaspace: 62389K(65392K)->62389K(65392K) NonClass: 55434K(57252K)->55434K(57252K) Class: 6954K(8140K)->6954K(8140K)
[2023-04-09T19:31:52.063+0800][3047.572s] GC(1327) Pause Young (Normal) (G1 Evacuation Pause) 403M->104M(512M) 2.000ms
[2023-04-09T19:31:52.063+0800][3047.572s] GC(1327) User=0.00s Sys=0.00s Real=0.00s
[2023-04-09T19:31:52.628+0800][3048.137s] GC(1328) Pause Young (Normal) (G1 Evacuation Pause)
[2023-04-09T19:31:52.628+0800][3048.137s] GC(1328) Using 8 workers of 8 for evacuation
[2023-04-09T19:31:52.630+0800][3048.139s] GC(1328)   Pre Evacuate Collection Set: 0.0ms
[2023-04-09T19:31:52.630+0800][3048.139s] GC(1328)   Evacuate Collection Set: 1.3ms
[2023-04-09T19:31:52.630+0800][3048.139s] GC(1328)   Post Evacuate Collection Set: 0.5ms
[2023-04-09T19:31:52.630+0800][3048.139s] GC(1328)   Other: 0.2ms
[2023-04-09T19:31:52.630+0800][3048.139s] GC(1328) Eden regions: 298->0(296)
[2023-04-09T19:31:52.630+0800][3048.139s] GC(1328) Survivor regions: 9->11(39)
[2023-04-09T19:31:52.630+0800][3048.139s] GC(1328) Old regions: 81->81
[2023-04-09T19:31:52.630+0800][3048.139s] GC(1328) Humongous regions: 29->22
[2023-04-09T19:31:52.630+0800][3048.139s] GC(1328) Metaspace: 62389K(65392K)->62389K(65392K) NonClass: 55434K(57252K)->55434K(57252K) Class: 6954K(8140K)->6954K(8140K)
[2023-04-09T19:31:52.631+0800][3048.139s] GC(1328) Pause Young (Normal) (G1 Evacuation Pause) 416M->113M(512M) 2.235ms
[2023-04-09T19:31:52.631+0800][3048.139s] GC(1328) User=0.00s Sys=0.00s Real=0.00s
[2023-04-09T19:31:53.394+0800][3048.903s] GC(1329) Pause Young (Normal) (G1 Evacuation Pause)
[2023-04-09T19:31:53.394+0800][3048.903s] GC(1329) Using 8 workers of 8 for evacuation
[2023-04-09T19:31:53.395+0800][3048.904s] GC(1329)   Pre Evacuate Collection Set: 0.0ms
[2023-04-09T19:31:53.395+0800][3048.904s] GC(1329)   Evacuate Collection Set: 0.3ms
[2023-04-09T19:31:53.395+0800][3048.904s] GC(1329)   Post Evacuate Collection Set: 0.5ms
[2023-04-09T19:31:53.395+0800][3048.904s] GC(1329)   Other: 0.2ms
[2023-04-09T19:31:53.395+0800][3048.904s] GC(1329) Eden regions: 296->0(305)
[2023-04-09T19:31:53.395+0800][3048.904s] GC(1329) Survivor regions: 11->2(39)
[2023-04-09T19:31:53.395+0800][3048.904s] GC(1329) Old regions: 81->81
[2023-04-09T19:31:53.395+0800][3048.904s] GC(1329) Humongous regions: 27->13
[2023-04-09T19:31:53.395+0800][3048.904s] GC(1329) Metaspace: 62389K(65392K)->62389K(65392K) NonClass: 55434K(57252K)->55434K(57252K) Class: 6954K(8140K)->6954K(8140K)
[2023-04-09T19:31:53.395+0800][3048.904s] GC(1329) Pause Young (Normal) (G1 Evacuation Pause) 414M->95M(512M) 1.126ms
[2023-04-09T19:31:53.395+0800][3048.904s] GC(1329) User=0.00s Sys=0.00s Real=0.00s
[2023-04-09T19:31:53.948+0800][3049.456s] GC(1330) Pause Young (Normal) (G1 Evacuation Pause)
[2023-04-09T19:31:53.948+0800][3049.456s] GC(1330) Using 8 workers of 8 for evacuation
[2023-04-09T19:31:53.949+0800][3049.458s] GC(1330)   Pre Evacuate Collection Set: 0.0ms
[2023-04-09T19:31:53.949+0800][3049.458s] GC(1330)   Evacuate Collection Set: 0.9ms
[2023-04-09T19:31:53.949+0800][3049.458s] GC(1330)   Post Evacuate Collection Set: 0.4ms
[2023-04-09T19:31:53.949+0800][3049.458s] GC(1330)   Other: 0.2ms
[2023-04-09T19:31:53.949+0800][3049.458s] GC(1330) Eden regions: 305->0(299)
[2023-04-09T19:31:53.949+0800][3049.458s] GC(1330) Survivor regions: 2->8(39)
[2023-04-09T19:31:53.949+0800][3049.458s] GC(1330) Old regions: 81->81
[2023-04-09T19:31:53.949+0800][3049.458s] GC(1330) Humongous regions: 16->15
[2023-04-09T19:31:53.949+0800][3049.458s] GC(1330) Metaspace: 62389K(65392K)->62389K(65392K) NonClass: 55434K(57252K)->55434K(57252K) Class: 6954K(8140K)->6954K(8140K)
[2023-04-09T19:31:53.950+0800][3049.458s] GC(1330) Pause Young (Normal) (G1 Evacuation Pause) 403M->103M(512M) 1.748ms
[2023-04-09T19:31:53.950+0800][3049.458s] GC(1330) User=0.11s Sys=0.00s Real=0.00s
[2023-04-09T19:31:54.549+0800][3050.059s] GC(1331) Pause Young (Normal) (G1 Evacuation Pause)
[2023-04-09T19:31:54.549+0800][3050.059s] GC(1331) Using 8 workers of 8 for evacuation
[2023-04-09T19:31:54.552+0800][3050.061s] GC(1331)   Pre Evacuate Collection Set: 0.0ms
[2023-04-09T19:31:54.552+0800][3050.061s] GC(1331)   Evacuate Collection Set: 1.2ms
[2023-04-09T19:31:54.552+0800][3050.061s] GC(1331)   Post Evacuate Collection Set: 0.7ms
[2023-04-09T19:31:54.552+0800][3050.061s] GC(1331)   Other: 0.2ms
[2023-04-09T19:31:54.552+0800][3050.061s] GC(1331) Eden regions: 299->0(297)
[2023-04-09T19:31:54.552+0800][3050.061s] GC(1331) Survivor regions: 8->10(39)
[2023-04-09T19:31:54.552+0800][3050.061s] GC(1331) Old regions: 81->81
[2023-04-09T19:31:54.552+0800][3050.061s] GC(1331) Humongous regions: 29->22
[2023-04-09T19:31:54.552+0800][3050.061s] GC(1331) Metaspace: 62389K(65392K)->62389K(65392K) NonClass: 55434K(57252K)->55434K(57252K) Class: 6954K(8140K)->6954K(8140K)
[2023-04-09T19:31:54.552+0800][3050.061s] GC(1331) Pause Young (Normal) (G1 Evacuation Pause) 416M->112M(512M) 2.461ms
[2023-04-09T19:31:54.552+0800][3050.061s] GC(1331) User=0.00s Sys=0.00s Real=0.00s
[2023-04-09T19:31:55.396+0800][3050.905s] GC(1332) Pause Young (Normal) (G1 Evacuation Pause)
[2023-04-09T19:31:55.396+0800][3050.905s] GC(1332) Using 8 workers of 8 for evacuation
[2023-04-09T19:31:55.397+0800][3050.906s] GC(1332)   Pre Evacuate Collection Set: 0.0ms
[2023-04-09T19:31:55.397+0800][3050.906s] GC(1332)   Evacuate Collection Set: 0.3ms
[2023-04-09T19:31:55.397+0800][3050.906s] GC(1332)   Post Evacuate Collection Set: 0.3ms
[2023-04-09T19:31:55.397+0800][3050.906s] GC(1332)   Other: 0.2ms
[2023-04-09T19:31:55.397+0800][3050.906s] GC(1332) Eden regions: 297->0(306)
[2023-04-09T19:31:55.397+0800][3050.906s] GC(1332) Survivor regions: 10->1(39)
[2023-04-09T19:31:55.397+0800][3050.906s] GC(1332) Old regions: 81->81
[2023-04-09T19:31:55.397+0800][3050.906s] GC(1332) Humongous regions: 27->13
[2023-04-09T19:31:55.397+0800][3050.906s] GC(1332) Metaspace: 62389K(65392K)->62389K(65392K) NonClass: 55434K(57252K)->55434K(57252K) Class: 6954K(8140K)->6954K(8140K)
[2023-04-09T19:31:55.397+0800][3050.906s] GC(1332) Pause Young (Normal) (G1 Evacuation Pause) 414M->93M(512M) 0.968ms
[2023-04-09T19:31:55.397+0800][3050.906s] GC(1332) User=0.00s Sys=0.00s Real=0.00s
[2023-04-09T19:31:55.958+0800][3051.467s] GC(1333) Pause Young (Normal) (G1 Evacuation Pause)
[2023-04-09T19:31:55.958+0800][3051.467s] GC(1333) Using 8 workers of 8 for evacuation
[2023-04-09T19:31:55.960+0800][3051.469s] GC(1333)   Pre Evacuate Collection Set: 0.0ms
[2023-04-09T19:31:55.960+0800][3051.469s] GC(1333)   Evacuate Collection Set: 1.0ms
[2023-04-09T19:31:55.960+0800][3051.469s] GC(1333)   Post Evacuate Collection Set: 0.5ms
[2023-04-09T19:31:55.960+0800][3051.469s] GC(1333)   Other: 0.2ms
[2023-04-09T19:31:55.960+0800][3051.469s] GC(1333) Eden regions: 306->0(300)
[2023-04-09T19:31:55.960+0800][3051.469s] GC(1333) Survivor regions: 1->7(39)
[2023-04-09T19:31:55.960+0800][3051.469s] GC(1333) Old regions: 81->81
[2023-04-09T19:31:55.960+0800][3051.469s] GC(1333) Humongous regions: 16->15
[2023-04-09T19:31:55.960+0800][3051.469s] GC(1333) Metaspace: 62389K(65392K)->62389K(65392K) NonClass: 55434K(57252K)->55434K(57252K) Class: 6954K(8140K)->6954K(8140K)
[2023-04-09T19:31:55.960+0800][3051.469s] GC(1333) Pause Young (Normal) (G1 Evacuation Pause) 402M->102M(512M) 1.975ms
[2023-04-09T19:31:55.960+0800][3051.469s] GC(1333) User=0.00s Sys=0.00s Real=0.00s
[2023-04-09T19:31:56.481+0800][3051.990s] GC(1334) Pause Young (Normal) (G1 Evacuation Pause)
[2023-04-09T19:31:56.481+0800][3051.990s] GC(1334) Using 8 workers of 8 for evacuation
[2023-04-09T19:31:56.483+0800][3051.992s] GC(1334)   Pre Evacuate Collection Set: 0.0ms
[2023-04-09T19:31:56.483+0800][3051.992s] GC(1334)   Evacuate Collection Set: 1.2ms
[2023-04-09T19:31:56.483+0800][3051.992s] GC(1334)   Post Evacuate Collection Set: 0.4ms
[2023-04-09T19:31:56.483+0800][3051.992s] GC(1334)   Other: 0.2ms
[2023-04-09T19:31:56.483+0800][3051.992s] GC(1334) Eden regions: 300->0(298)
[2023-04-09T19:31:56.483+0800][3051.992s] GC(1334) Survivor regions: 7->9(39)
[2023-04-09T19:31:56.483+0800][3051.992s] GC(1334) Old regions: 81->81
[2023-04-09T19:31:56.483+0800][3051.992s] GC(1334) Humongous regions: 21->21
[2023-04-09T19:31:56.483+0800][3051.992s] GC(1334) Metaspace: 62389K(65392K)->62389K(65392K) NonClass: 55434K(57252K)->55434K(57252K) Class: 6954K(8140K)->6954K(8140K)
[2023-04-09T19:31:56.483+0800][3051.992s] GC(1334) Pause Young (Normal) (G1 Evacuation Pause) 408M->110M(512M) 2.064ms
[2023-04-09T19:31:56.483+0800][3051.992s] GC(1334) User=0.00s Sys=0.00s Real=0.00s
[2023-04-09T19:31:57.162+0800][3052.670s] GC(1335) Pause Young (Normal) (G1 Evacuation Pause)
[2023-04-09T19:31:57.162+0800][3052.670s] GC(1335) Using 8 workers of 8 for evacuation
[2023-04-09T19:31:57.163+0800][3052.672s] GC(1335)   Pre Evacuate Collection Set: 0.0ms
[2023-04-09T19:31:57.164+0800][3052.672s] GC(1335)   Evacuate Collection Set: 1.1ms
[2023-04-09T19:31:57.164+0800][3052.672s] GC(1335)   Post Evacuate Collection Set: 0.5ms
[2023-04-09T19:31:57.164+0800][3052.672s] GC(1335)   Other: 0.3ms
[2023-04-09T19:31:57.164+0800][3052.672s] GC(1335) Eden regions: 298->0(296)
[2023-04-09T19:31:57.164+0800][3052.672s] GC(1335) Survivor regions: 9->11(39)
[2023-04-09T19:31:57.164+0800][3052.672s] GC(1335) Old regions: 81->81
[2023-04-09T19:31:57.164+0800][3052.672s] GC(1335) Humongous regions: 29->22
[2023-04-09T19:31:57.164+0800][3052.672s] GC(1335) Metaspace: 62389K(65392K)->62389K(65392K) NonClass: 55434K(57252K)->55434K(57252K) Class: 6954K(8140K)->6954K(8140K)
[2023-04-09T19:31:57.164+0800][3052.673s] GC(1335) Pause Young (Normal) (G1 Evacuation Pause) 416M->113M(512M) 2.099ms
[2023-04-09T19:31:57.164+0800][3052.673s] GC(1335) User=0.00s Sys=0.00s Real=0.00s
[2023-04-09T19:31:57.622+0800][3053.131s] GC(1336) Pause Young (Normal) (G1 Evacuation Pause)
[2023-04-09T19:31:57.622+0800][3053.132s] GC(1336) Using 8 workers of 8 for evacuation
[2023-04-09T19:31:57.623+0800][3053.133s] GC(1336)   Pre Evacuate Collection Set: 0.0ms
[2023-04-09T19:31:57.623+0800][3053.133s] GC(1336)   Evacuate Collection Set: 0.7ms
[2023-04-09T19:31:57.623+0800][3053.133s] GC(1336)   Post Evacuate Collection Set: 0.4ms
[2023-04-09T19:31:57.623+0800][3053.133s] GC(1336)   Other: 0.2ms
[2023-04-09T19:31:57.624+0800][3053.133s] GC(1336) Eden regions: 296->0(302)
[2023-04-09T19:31:57.624+0800][3053.133s] GC(1336) Survivor regions: 11->5(39)
[2023-04-09T19:31:57.624+0800][3053.133s] GC(1336) Old regions: 81->81
[2023-04-09T19:31:57.624+0800][3053.133s] GC(1336) Humongous regions: 22->13
[2023-04-09T19:31:57.624+0800][3053.133s] GC(1336) Metaspace: 62390K(65392K)->62390K(65392K) NonClass: 55435K(57252K)->55435K(57252K) Class: 6954K(8140K)->6954K(8140K)
[2023-04-09T19:31:57.624+0800][3053.133s] GC(1336) Pause Young (Normal) (G1 Evacuation Pause) 409M->97M(512M) 1.402ms
[2023-04-09T19:31:57.624+0800][3053.133s] GC(1336) User=0.00s Sys=0.00s Real=0.00s
[2023-04-09T19:31:57.861+0800][3053.370s] GC(1337) Pause Young (Normal) (G1 Evacuation Pause)
[2023-04-09T19:31:57.861+0800][3053.370s] GC(1337) Using 8 workers of 8 for evacuation
[2023-04-09T19:31:57.863+0800][3053.372s] GC(1337)   Pre Evacuate Collection Set: 0.0ms
[2023-04-09T19:31:57.863+0800][3053.372s] GC(1337)   Evacuate Collection Set: 0.9ms
[2023-04-09T19:31:57.863+0800][3053.372s] GC(1337)   Post Evacuate Collection Set: 0.4ms
[2023-04-09T19:31:57.863+0800][3053.372s] GC(1337)   Other: 0.2ms
[2023-04-09T19:31:57.863+0800][3053.372s] GC(1337) Eden regions: 302->0(300)
[2023-04-09T19:31:57.863+0800][3053.372s] GC(1337) Survivor regions: 5->7(39)
[2023-04-09T19:31:57.863+0800][3053.372s] GC(1337) Old regions: 81->81
[2023-04-09T19:31:57.863+0800][3053.372s] GC(1337) Humongous regions: 14->14
[2023-04-09T19:31:57.863+0800][3053.372s] GC(1337) Metaspace: 62390K(65392K)->62390K(65392K) NonClass: 55435K(57252K)->55435K(57252K) Class: 6954K(8140K)->6954K(8140K)
[2023-04-09T19:31:57.863+0800][3053.372s] GC(1337) Pause Young (Normal) (G1 Evacuation Pause) 400M->101M(512M) 1.619ms
[2023-04-09T19:31:57.863+0800][3053.372s] GC(1337) User=0.00s Sys=0.00s Real=0.00s
[2023-04-09T19:31:58.110+0800][3053.619s] GC(1338) Pause Young (Normal) (G1 Evacuation Pause)
[2023-04-09T19:31:58.110+0800][3053.619s] GC(1338) Using 8 workers of 8 for evacuation
[2023-04-09T19:31:58.112+0800][3053.621s] GC(1338)   Pre Evacuate Collection Set: 0.0ms
[2023-04-09T19:31:58.112+0800][3053.621s] GC(1338)   Evacuate Collection Set: 1.0ms
[2023-04-09T19:31:58.112+0800][3053.621s] GC(1338)   Post Evacuate Collection Set: 0.4ms
[2023-04-09T19:31:58.112+0800][3053.621s] GC(1338)   Other: 0.2ms
[2023-04-09T19:31:58.112+0800][3053.621s] GC(1338) Eden regions: 300->0(298)
[2023-04-09T19:31:58.112+0800][3053.621s] GC(1338) Survivor regions: 7->9(39)
[2023-04-09T19:31:58.112+0800][3053.621s] GC(1338) Old regions: 81->81
[2023-04-09T19:31:58.112+0800][3053.621s] GC(1338) Humongous regions: 16->15
[2023-04-09T19:31:58.112+0800][3053.621s] GC(1338) Metaspace: 62390K(65392K)->62390K(65392K) NonClass: 55435K(57252K)->55435K(57252K) Class: 6954K(8140K)->6954K(8140K)
[2023-04-09T19:31:58.112+0800][3053.621s] GC(1338) Pause Young (Normal) (G1 Evacuation Pause) 403M->104M(512M) 1.812ms
[2023-04-09T19:31:58.112+0800][3053.621s] GC(1338) User=0.00s Sys=0.00s Real=0.00s
[2023-04-09T19:31:58.422+0800][3053.931s] GC(1339) Pause Young (Normal) (G1 Evacuation Pause)
[2023-04-09T19:31:58.422+0800][3053.931s] GC(1339) Using 8 workers of 8 for evacuation
[2023-04-09T19:31:58.424+0800][3053.933s] GC(1339)   Pre Evacuate Collection Set: 0.0ms
[2023-04-09T19:31:58.424+0800][3053.933s] GC(1339)   Evacuate Collection Set: 1.4ms
[2023-04-09T19:31:58.424+0800][3053.933s] GC(1339)   Post Evacuate Collection Set: 0.5ms
[2023-04-09T19:31:58.424+0800][3053.933s] GC(1339)   Other: 0.2ms
[2023-04-09T19:31:58.424+0800][3053.933s] GC(1339) Eden regions: 298->0(295)
[2023-04-09T19:31:58.424+0800][3053.933s] GC(1339) Survivor regions: 9->12(39)
[2023-04-09T19:31:58.424+0800][3053.934s] GC(1339) Old regions: 81->81
[2023-04-09T19:31:58.424+0800][3053.934s] GC(1339) Humongous regions: 16->16
[2023-04-09T19:31:58.424+0800][3053.934s] GC(1339) Metaspace: 62390K(65392K)->62390K(65392K) NonClass: 55435K(57252K)->55435K(57252K) Class: 6954K(8140K)->6954K(8140K)
[2023-04-09T19:31:58.424+0800][3053.934s] GC(1339) Pause Young (Normal) (G1 Evacuation Pause) 403M->108M(512M) 2.278ms
[2023-04-09T19:31:58.424+0800][3053.934s] GC(1339) User=0.00s Sys=0.00s Real=0.00s
[2023-04-09T19:31:58.767+0800][3054.276s] GC(1340) Pause Young (Normal) (G1 Evacuation Pause)
[2023-04-09T19:31:58.767+0800][3054.276s] GC(1340) Using 8 workers of 8 for evacuation
[2023-04-09T19:31:58.770+0800][3054.279s] GC(1340)   Pre Evacuate Collection Set: 0.0ms
[2023-04-09T19:31:58.770+0800][3054.279s] GC(1340)   Evacuate Collection Set: 1.9ms
[2023-04-09T19:31:58.770+0800][3054.279s] GC(1340)   Post Evacuate Collection Set: 0.6ms
[2023-04-09T19:31:58.770+0800][3054.279s] GC(1340)   Other: 0.2ms
[2023-04-09T19:31:58.770+0800][3054.279s] GC(1340) Eden regions: 295->0(295)
[2023-04-09T19:31:58.770+0800][3054.279s] GC(1340) Survivor regions: 12->12(39)
[2023-04-09T19:31:58.770+0800][3054.279s] GC(1340) Old regions: 81->81
[2023-04-09T19:31:58.770+0800][3054.279s] GC(1340) Humongous regions: 29->22
[2023-04-09T19:31:58.770+0800][3054.279s] GC(1340) Metaspace: 62390K(65392K)->62390K(65392K) NonClass: 55435K(57252K)->55435K(57252K) Class: 6954K(8140K)->6954K(8140K)
[2023-04-09T19:31:58.770+0800][3054.280s] GC(1340) Pause Young (Normal) (G1 Evacuation Pause) 416M->114M(512M) 3.122ms
[2023-04-09T19:31:58.770+0800][3054.280s] GC(1340) User=0.00s Sys=0.00s Real=0.00s
[2023-04-09T19:31:59.195+0800][3054.704s] GC(1341) Pause Young (Normal) (G1 Evacuation Pause)
[2023-04-09T19:31:59.195+0800][3054.704s] GC(1341) Using 8 workers of 8 for evacuation
[2023-04-09T19:31:59.197+0800][3054.706s] GC(1341)   Pre Evacuate Collection Set: 0.0ms
[2023-04-09T19:31:59.197+0800][3054.706s] GC(1341)   Evacuate Collection Set: 1.3ms
[2023-04-09T19:31:59.197+0800][3054.706s] GC(1341)   Post Evacuate Collection Set: 0.5ms
[2023-04-09T19:31:59.197+0800][3054.706s] GC(1341)   Other: 0.2ms
[2023-04-09T19:31:59.197+0800][3054.706s] GC(1341) Eden regions: 295->0(295)
[2023-04-09T19:31:59.197+0800][3054.706s] GC(1341) Survivor regions: 12->12(39)
[2023-04-09T19:31:59.197+0800][3054.706s] GC(1341) Old regions: 81->81
[2023-04-09T19:31:59.197+0800][3054.706s] GC(1341) Humongous regions: 27->22
[2023-04-09T19:31:59.197+0800][3054.706s] GC(1341) Metaspace: 62390K(65392K)->62390K(65392K) NonClass: 55435K(57252K)->55435K(57252K) Class: 6954K(8140K)->6954K(8140K)
[2023-04-09T19:31:59.197+0800][3054.706s] GC(1341) Pause Young (Normal) (G1 Evacuation Pause) 414M->114M(512M) 2.232ms
[2023-04-09T19:31:59.197+0800][3054.706s] GC(1341) User=0.00s Sys=0.00s Real=0.00s
[2023-04-09T19:31:59.583+0800][3055.092s] GC(1342) Pause Young (Normal) (G1 Evacuation Pause)
[2023-04-09T19:31:59.583+0800][3055.092s] GC(1342) Using 8 workers of 8 for evacuation
[2023-04-09T19:31:59.584+0800][3055.093s] GC(1342)   Pre Evacuate Collection Set: 0.0ms
[2023-04-09T19:31:59.584+0800][3055.093s] GC(1342)   Evacuate Collection Set: 0.5ms
[2023-04-09T19:31:59.584+0800][3055.093s] GC(1342)   Post Evacuate Collection Set: 0.4ms
[2023-04-09T19:31:59.584+0800][3055.093s] GC(1342)   Other: 0.1ms
[2023-04-09T19:31:59.584+0800][3055.093s] GC(1342) Eden regions: 295->0(304)
[2023-04-09T19:31:59.584+0800][3055.093s] GC(1342) Survivor regions: 12->3(39)
[2023-04-09T19:31:59.585+0800][3055.094s] GC(1342) Old regions: 81->81
[2023-04-09T19:31:59.585+0800][3055.094s] GC(1342) Humongous regions: 22->13
[2023-04-09T19:31:59.585+0800][3055.094s] GC(1342) Metaspace: 62390K(65392K)->62390K(65392K) NonClass: 55435K(57252K)->55435K(57252K) Class: 6954K(8140K)->6954K(8140K)
[2023-04-09T19:31:59.585+0800][3055.094s] GC(1342) Pause Young (Normal) (G1 Evacuation Pause) 409M->96M(512M) 1.205ms
[2023-04-09T19:31:59.585+0800][3055.094s] GC(1342) User=0.00s Sys=0.00s Real=0.00s
[2023-04-09T19:31:59.936+0800][3055.444s] GC(1343) Pause Young (Normal) (G1 Evacuation Pause)
[2023-04-09T19:31:59.936+0800][3055.444s] GC(1343) Using 8 workers of 8 for evacuation
[2023-04-09T19:31:59.938+0800][3055.446s] GC(1343)   Pre Evacuate Collection Set: 0.0ms
[2023-04-09T19:31:59.938+0800][3055.446s] GC(1343)   Evacuate Collection Set: 1.2ms
[2023-04-09T19:31:59.938+0800][3055.446s] GC(1343)   Post Evacuate Collection Set: 0.5ms
[2023-04-09T19:31:59.938+0800][3055.446s] GC(1343)   Other: 0.3ms
[2023-04-09T19:31:59.938+0800][3055.446s] GC(1343) Eden regions: 304->0(300)
[2023-04-09T19:31:59.938+0800][3055.447s] GC(1343) Survivor regions: 3->7(39)
[2023-04-09T19:31:59.938+0800][3055.447s] GC(1343) Old regions: 81->81
[2023-04-09T19:31:59.938+0800][3055.447s] GC(1343) Humongous regions: 14->14
[2023-04-09T19:31:59.938+0800][3055.447s] GC(1343) Metaspace: 62390K(65392K)->62390K(65392K) NonClass: 55435K(57252K)->55435K(57252K) Class: 6954K(8140K)->6954K(8140K)
[2023-04-09T19:31:59.938+0800][3055.447s] GC(1343) Pause Young (Normal) (G1 Evacuation Pause) 401M->100M(512M) 2.293ms
[2023-04-09T19:31:59.938+0800][3055.447s] GC(1343) User=0.00s Sys=0.00s Real=0.00s
[2023-04-09T19:32:00.290+0800][3055.798s] GC(1344) Pause Young (Normal) (G1 Evacuation Pause)
[2023-04-09T19:32:00.290+0800][3055.799s] GC(1344) Using 8 workers of 8 for evacuation
[2023-04-09T19:32:00.291+0800][3055.800s] GC(1344)   Pre Evacuate Collection Set: 0.0ms
[2023-04-09T19:32:00.292+0800][3055.800s] GC(1344)   Evacuate Collection Set: 1.1ms
[2023-04-09T19:32:00.292+0800][3055.800s] GC(1344)   Post Evacuate Collection Set: 0.4ms
[2023-04-09T19:32:00.292+0800][3055.800s] GC(1344)   Other: 0.2ms
[2023-04-09T19:32:00.292+0800][3055.800s] GC(1344) Eden regions: 300->0(297)
[2023-04-09T19:32:00.292+0800][3055.800s] GC(1344) Survivor regions: 7->10(39)
[2023-04-09T19:32:00.292+0800][3055.800s] GC(1344) Old regions: 81->81
[2023-04-09T19:32:00.292+0800][3055.800s] GC(1344) Humongous regions: 16->15
[2023-04-09T19:32:00.292+0800][3055.800s] GC(1344) Metaspace: 62390K(65392K)->62390K(65392K) NonClass: 55435K(57252K)->55435K(57252K) Class: 6954K(8140K)->6954K(8140K)
[2023-04-09T19:32:00.292+0800][3055.800s] GC(1344) Pause Young (Normal) (G1 Evacuation Pause) 402M->105M(512M) 1.930ms
[2023-04-09T19:32:00.292+0800][3055.800s] GC(1344) User=0.00s Sys=0.00s Real=0.00s
[2023-04-09T19:32:00.621+0800][3056.130s] GC(1345) Pause Young (Normal) (G1 Evacuation Pause)
[2023-04-09T19:32:00.621+0800][3056.130s] GC(1345) Using 8 workers of 8 for evacuation
[2023-04-09T19:32:00.624+0800][3056.132s] GC(1345)   Pre Evacuate Collection Set: 0.0ms
[2023-04-09T19:32:00.624+0800][3056.132s] GC(1345)   Evacuate Collection Set: 1.8ms
[2023-04-09T19:32:00.624+0800][3056.132s] GC(1345)   Post Evacuate Collection Set: 0.5ms
[2023-04-09T19:32:00.624+0800][3056.132s] GC(1345)   Other: 0.3ms
[2023-04-09T19:32:00.624+0800][3056.133s] GC(1345) Eden regions: 297->0(294)
[2023-04-09T19:32:00.624+0800][3056.133s] GC(1345) Survivor regions: 10->13(39)
[2023-04-09T19:32:00.624+0800][3056.133s] GC(1345) Old regions: 81->81
[2023-04-09T19:32:00.624+0800][3056.133s] GC(1345) Humongous regions: 16->16
[2023-04-09T19:32:00.624+0800][3056.133s] GC(1345) Metaspace: 62390K(65392K)->62390K(65392K) NonClass: 55435K(57252K)->55435K(57252K) Class: 6954K(8140K)->6954K(8140K)
[2023-04-09T19:32:00.624+0800][3056.133s] GC(1345) Pause Young (Normal) (G1 Evacuation Pause) 403M->109M(512M) 2.941ms
[2023-04-09T19:32:00.624+0800][3056.133s] GC(1345) User=0.00s Sys=0.00s Real=0.00s
[2023-04-09T19:32:00.992+0800][3056.501s] GC(1346) Pause Young (Normal) (G1 Evacuation Pause)
[2023-04-09T19:32:00.992+0800][3056.501s] GC(1346) Using 8 workers of 8 for evacuation
[2023-04-09T19:32:00.994+0800][3056.503s] GC(1346)   Pre Evacuate Collection Set: 0.0ms
[2023-04-09T19:32:00.994+0800][3056.503s] GC(1346)   Evacuate Collection Set: 1.6ms
[2023-04-09T19:32:00.994+0800][3056.503s] GC(1346)   Post Evacuate Collection Set: 0.5ms
[2023-04-09T19:32:00.994+0800][3056.503s] GC(1346)   Other: 0.2ms
[2023-04-09T19:32:00.994+0800][3056.503s] GC(1346) Eden regions: 294->0(295)
[2023-04-09T19:32:00.994+0800][3056.503s] GC(1346) Survivor regions: 13->12(39)
[2023-04-09T19:32:00.994+0800][3056.503s] GC(1346) Old regions: 81->81
[2023-04-09T19:32:00.994+0800][3056.503s] GC(1346) Humongous regions: 29->22
[2023-04-09T19:32:00.994+0800][3056.503s] GC(1346) Metaspace: 62390K(65392K)->62390K(65392K) NonClass: 55435K(57252K)->55435K(57252K) Class: 6954K(8140K)->6954K(8140K)
[2023-04-09T19:32:00.994+0800][3056.503s] GC(1346) Pause Young (Normal) (G1 Evacuation Pause) 416M->114M(512M) 2.471ms
[2023-04-09T19:32:00.994+0800][3056.503s] GC(1346) User=0.00s Sys=0.00s Real=0.00s
[2023-04-09T19:32:01.683+0800][3057.192s] GC(1347) Pause Young (Normal) (G1 Evacuation Pause)
[2023-04-09T19:32:01.683+0800][3057.192s] GC(1347) Using 8 workers of 8 for evacuation
[2023-04-09T19:32:01.684+0800][3057.193s] GC(1347)   Pre Evacuate Collection Set: 0.0ms
[2023-04-09T19:32:01.684+0800][3057.193s] GC(1347)   Evacuate Collection Set: 0.4ms
[2023-04-09T19:32:01.684+0800][3057.193s] GC(1347)   Post Evacuate Collection Set: 0.4ms
[2023-04-09T19:32:01.684+0800][3057.193s] GC(1347)   Other: 0.2ms
[2023-04-09T19:32:01.684+0800][3057.193s] GC(1347) Eden regions: 295->0(306)
[2023-04-09T19:32:01.684+0800][3057.193s] GC(1347) Survivor regions: 12->1(39)
[2023-04-09T19:32:01.684+0800][3057.193s] GC(1347) Old regions: 81->81
[2023-04-09T19:32:01.684+0800][3057.193s] GC(1347) Humongous regions: 27->13
[2023-04-09T19:32:01.684+0800][3057.193s] GC(1347) Metaspace: 62390K(65392K)->62390K(65392K) NonClass: 55435K(57252K)->55435K(57252K) Class: 6954K(8140K)->6954K(8140K)
[2023-04-09T19:32:01.684+0800][3057.193s] GC(1347) Pause Young (Normal) (G1 Evacuation Pause) 414M->94M(512M) 1.296ms
[2023-04-09T19:32:01.684+0800][3057.193s] GC(1347) User=0.00s Sys=0.00s Real=0.00s
[2023-04-09T19:32:02.213+0800][3057.722s] GC(1348) Pause Young (Normal) (G1 Evacuation Pause)
[2023-04-09T19:32:02.213+0800][3057.722s] GC(1348) Using 8 workers of 8 for evacuation
[2023-04-09T19:32:02.214+0800][3057.723s] GC(1348)   Pre Evacuate Collection Set: 0.0ms
[2023-04-09T19:32:02.214+0800][3057.723s] GC(1348)   Evacuate Collection Set: 0.8ms
[2023-04-09T19:32:02.214+0800][3057.723s] GC(1348)   Post Evacuate Collection Set: 0.5ms
[2023-04-09T19:32:02.214+0800][3057.723s] GC(1348)   Other: 0.2ms
[2023-04-09T19:32:02.214+0800][3057.723s] GC(1348) Eden regions: 306->0(300)
[2023-04-09T19:32:02.214+0800][3057.723s] GC(1348) Survivor regions: 1->7(39)
[2023-04-09T19:32:02.214+0800][3057.723s] GC(1348) Old regions: 81->81
[2023-04-09T19:32:02.214+0800][3057.724s] GC(1348) Humongous regions: 16->15
[2023-04-09T19:32:02.214+0800][3057.724s] GC(1348) Metaspace: 62390K(65392K)->62390K(65392K) NonClass: 55435K(57252K)->55435K(57252K) Class: 6954K(8140K)->6954K(8140K)
[2023-04-09T19:32:02.214+0800][3057.724s] GC(1348) Pause Young (Normal) (G1 Evacuation Pause) 403M->102M(512M) 1.701ms
[2023-04-09T19:32:02.214+0800][3057.724s] GC(1348) User=0.12s Sys=0.00s Real=0.00s
[2023-04-09T19:32:02.740+0800][3058.249s] GC(1349) Pause Young (Normal) (G1 Evacuation Pause)
[2023-04-09T19:32:02.740+0800][3058.250s] GC(1349) Using 8 workers of 8 for evacuation
[2023-04-09T19:32:02.742+0800][3058.251s] GC(1349)   Pre Evacuate Collection Set: 0.0ms
[2023-04-09T19:32:02.742+0800][3058.251s] GC(1349)   Evacuate Collection Set: 1.2ms
[2023-04-09T19:32:02.742+0800][3058.251s] GC(1349)   Post Evacuate Collection Set: 0.5ms
[2023-04-09T19:32:02.742+0800][3058.251s] GC(1349)   Other: 0.2ms
[2023-04-09T19:32:02.742+0800][3058.251s] GC(1349) Eden regions: 300->0(298)
[2023-04-09T19:32:02.742+0800][3058.251s] GC(1349) Survivor regions: 7->9(39)
[2023-04-09T19:32:02.742+0800][3058.251s] GC(1349) Old regions: 81->81
[2023-04-09T19:32:02.742+0800][3058.252s] GC(1349) Humongous regions: 22->21
[2023-04-09T19:32:02.742+0800][3058.252s] GC(1349) Metaspace: 62390K(65392K)->62390K(65392K) NonClass: 55435K(57252K)->55435K(57252K) Class: 6954K(8140K)->6954K(8140K)
[2023-04-09T19:32:02.742+0800][3058.252s] GC(1349) Pause Young (Normal) (G1 Evacuation Pause) 409M->110M(512M) 2.076ms
[2023-04-09T19:32:02.742+0800][3058.252s] GC(1349) User=0.00s Sys=0.00s Real=0.00s
[2023-04-09T19:32:03.435+0800][3058.944s] GC(1350) Pause Young (Normal) (G1 Evacuation Pause)
[2023-04-09T19:32:03.435+0800][3058.944s] GC(1350) Using 8 workers of 8 for evacuation
[2023-04-09T19:32:03.437+0800][3058.946s] GC(1350)   Pre Evacuate Collection Set: 0.0ms
[2023-04-09T19:32:03.437+0800][3058.946s] GC(1350)   Evacuate Collection Set: 1.3ms
[2023-04-09T19:32:03.437+0800][3058.946s] GC(1350)   Post Evacuate Collection Set: 0.6ms
[2023-04-09T19:32:03.438+0800][3058.946s] GC(1350)   Other: 0.2ms
[2023-04-09T19:32:03.438+0800][3058.946s] GC(1350) Eden regions: 298->0(297)
[2023-04-09T19:32:03.438+0800][3058.946s] GC(1350) Survivor regions: 9->10(39)
[2023-04-09T19:32:03.438+0800][3058.946s] GC(1350) Old regions: 81->81
[2023-04-09T19:32:03.438+0800][3058.946s] GC(1350) Humongous regions: 34->22
[2023-04-09T19:32:03.438+0800][3058.946s] GC(1350) Metaspace: 62390K(65392K)->62390K(65392K) NonClass: 55435K(57252K)->55435K(57252K) Class: 6954K(8140K)->6954K(8140K)
[2023-04-09T19:32:03.438+0800][3058.946s] GC(1350) Pause Young (Normal) (G1 Evacuation Pause) 421M->112M(512M) 2.442ms
[2023-04-09T19:32:03.438+0800][3058.946s] GC(1350) User=0.00s Sys=0.00s Real=0.00s
[2023-04-09T19:32:04.026+0800][3059.535s] GC(1351) Pause Young (Normal) (G1 Evacuation Pause)
[2023-04-09T19:32:04.026+0800][3059.535s] GC(1351) Using 8 workers of 8 for evacuation
[2023-04-09T19:32:04.028+0800][3059.536s] GC(1351)   Pre Evacuate Collection Set: 0.0ms
[2023-04-09T19:32:04.028+0800][3059.537s] GC(1351)   Evacuate Collection Set: 0.7ms
[2023-04-09T19:32:04.028+0800][3059.537s] GC(1351)   Post Evacuate Collection Set: 0.5ms
[2023-04-09T19:32:04.028+0800][3059.537s] GC(1351)   Other: 0.2ms
[2023-04-09T19:32:04.028+0800][3059.537s] GC(1351) Eden regions: 297->0(302)
[2023-04-09T19:32:04.028+0800][3059.537s] GC(1351) Survivor regions: 10->5(39)
[2023-04-09T19:32:04.028+0800][3059.537s] GC(1351) Old regions: 81->81
[2023-04-09T19:32:04.028+0800][3059.537s] GC(1351) Humongous regions: 23->14
[2023-04-09T19:32:04.028+0800][3059.537s] GC(1351) Metaspace: 62390K(65392K)->62390K(65392K) NonClass: 55435K(57252K)->55435K(57252K) Class: 6954K(8140K)->6954K(8140K)
[2023-04-09T19:32:04.028+0800][3059.537s] GC(1351) Pause Young (Normal) (G1 Evacuation Pause) 410M->99M(512M) 1.521ms
[2023-04-09T19:32:04.028+0800][3059.537s] GC(1351) User=0.09s Sys=0.00s Real=0.00s
[2023-04-09T19:32:04.582+0800][3060.091s] GC(1352) Pause Young (Normal) (G1 Evacuation Pause)
[2023-04-09T19:32:04.582+0800][3060.091s] GC(1352) Using 8 workers of 8 for evacuation
[2023-04-09T19:32:04.583+0800][3060.092s] GC(1352)   Pre Evacuate Collection Set: 0.0ms
[2023-04-09T19:32:04.583+0800][3060.092s] GC(1352)   Evacuate Collection Set: 0.9ms
[2023-04-09T19:32:04.583+0800][3060.092s] GC(1352)   Post Evacuate Collection Set: 0.4ms
[2023-04-09T19:32:04.583+0800][3060.092s] GC(1352)   Other: 0.2ms
[2023-04-09T19:32:04.583+0800][3060.092s] GC(1352) Eden regions: 302->0(299)
[2023-04-09T19:32:04.583+0800][3060.092s] GC(1352) Survivor regions: 5->8(39)
[2023-04-09T19:32:04.583+0800][3060.092s] GC(1352) Old regions: 81->81
[2023-04-09T19:32:04.583+0800][3060.092s] GC(1352) Humongous regions: 22->21
[2023-04-09T19:32:04.583+0800][3060.092s] GC(1352) Metaspace: 62390K(65392K)->62390K(65392K) NonClass: 55435K(57252K)->55435K(57252K) Class: 6954K(8140K)->6954K(8140K)
[2023-04-09T19:32:04.583+0800][3060.092s] GC(1352) Pause Young (Normal) (G1 Evacuation Pause) 409M->109M(512M) 1.696ms
[2023-04-09T19:32:04.583+0800][3060.093s] GC(1352) User=0.00s Sys=0.00s Real=0.00s
[2023-04-09T19:32:05.413+0800][3060.922s] GC(1353) Pause Young (Normal) (G1 Evacuation Pause)
[2023-04-09T19:32:05.413+0800][3060.922s] GC(1353) Using 8 workers of 8 for evacuation
[2023-04-09T19:32:05.415+0800][3060.924s] GC(1353)   Pre Evacuate Collection Set: 0.0ms
[2023-04-09T19:32:05.415+0800][3060.924s] GC(1353)   Evacuate Collection Set: 1.1ms
[2023-04-09T19:32:05.415+0800][3060.924s] GC(1353)   Post Evacuate Collection Set: 0.4ms
[2023-04-09T19:32:05.415+0800][3060.924s] GC(1353)   Other: 0.2ms
[2023-04-09T19:32:05.415+0800][3060.924s] GC(1353) Eden regions: 299->0(297)
[2023-04-09T19:32:05.415+0800][3060.924s] GC(1353) Survivor regions: 8->10(39)
[2023-04-09T19:32:05.415+0800][3060.924s] GC(1353) Old regions: 81->81
[2023-04-09T19:32:05.415+0800][3060.924s] GC(1353) Humongous regions: 34->22
[2023-04-09T19:32:05.415+0800][3060.924s] GC(1353) Metaspace: 62390K(65392K)->62390K(65392K) NonClass: 55435K(57252K)->55435K(57252K) Class: 6954K(8140K)->6954K(8140K)
[2023-04-09T19:32:05.415+0800][3060.924s] GC(1353) Pause Young (Normal) (G1 Evacuation Pause) 421M->112M(512M) 1.829ms
[2023-04-09T19:32:05.415+0800][3060.924s] GC(1353) User=0.00s Sys=0.00s Real=0.00s
[2023-04-09T19:32:06.018+0800][3061.526s] GC(1354) Pause Young (Normal) (G1 Evacuation Pause)
[2023-04-09T19:32:06.018+0800][3061.526s] GC(1354) Using 8 workers of 8 for evacuation
[2023-04-09T19:32:06.019+0800][3061.527s] GC(1354)   Pre Evacuate Collection Set: 0.0ms
[2023-04-09T19:32:06.019+0800][3061.528s] GC(1354)   Evacuate Collection Set: 0.6ms
[2023-04-09T19:32:06.019+0800][3061.528s] GC(1354)   Post Evacuate Collection Set: 0.4ms
[2023-04-09T19:32:06.019+0800][3061.528s] GC(1354)   Other: 0.2ms
[2023-04-09T19:32:06.019+0800][3061.528s] GC(1354) Eden regions: 297->0(303)
[2023-04-09T19:32:06.019+0800][3061.528s] GC(1354) Survivor regions: 10->4(39)
[2023-04-09T19:32:06.019+0800][3061.528s] GC(1354) Old regions: 81->81
[2023-04-09T19:32:06.019+0800][3061.528s] GC(1354) Humongous regions: 23->14
[2023-04-09T19:32:06.019+0800][3061.528s] GC(1354) Metaspace: 62390K(65392K)->62390K(65392K) NonClass: 55435K(57252K)->55435K(57252K) Class: 6954K(8140K)->6954K(8140K)
[2023-04-09T19:32:06.019+0800][3061.528s] GC(1354) Pause Young (Normal) (G1 Evacuation Pause) 410M->98M(512M) 1.414ms
[2023-04-09T19:32:06.019+0800][3061.528s] GC(1354) User=0.00s Sys=0.00s Real=0.00s
[2023-04-09T19:32:06.554+0800][3062.063s] GC(1355) Pause Young (Normal) (G1 Evacuation Pause)
[2023-04-09T19:32:06.554+0800][3062.063s] GC(1355) Using 8 workers of 8 for evacuation
[2023-04-09T19:32:06.556+0800][3062.065s] GC(1355)   Pre Evacuate Collection Set: 0.0ms
[2023-04-09T19:32:06.556+0800][3062.065s] GC(1355)   Evacuate Collection Set: 1.0ms
[2023-04-09T19:32:06.556+0800][3062.065s] GC(1355)   Post Evacuate Collection Set: 0.6ms
[2023-04-09T19:32:06.556+0800][3062.065s] GC(1355)   Other: 0.2ms
[2023-04-09T19:32:06.556+0800][3062.065s] GC(1355) Eden regions: 303->0(297)
[2023-04-09T19:32:06.556+0800][3062.065s] GC(1355) Survivor regions: 4->10(39)
[2023-04-09T19:32:06.556+0800][3062.065s] GC(1355) Old regions: 81->81
[2023-04-09T19:32:06.556+0800][3062.065s] GC(1355) Humongous regions: 17->16
[2023-04-09T19:32:06.556+0800][3062.065s] GC(1355) Metaspace: 62390K(65392K)->62390K(65392K) NonClass: 55435K(57252K)->55435K(57252K) Class: 6954K(8140K)->6954K(8140K)
[2023-04-09T19:32:06.556+0800][3062.065s] GC(1355) Pause Young (Normal) (G1 Evacuation Pause) 404M->106M(512M) 1.993ms
[2023-04-09T19:32:06.556+0800][3062.065s] GC(1355) User=0.00s Sys=0.00s Real=0.00s
[2023-04-09T19:32:07.300+0800][3062.809s] GC(1356) Pause Young (Normal) (G1 Evacuation Pause)
[2023-04-09T19:32:07.300+0800][3062.809s] GC(1356) Using 8 workers of 8 for evacuation
[2023-04-09T19:32:07.302+0800][3062.811s] GC(1356)   Pre Evacuate Collection Set: 0.0ms
[2023-04-09T19:32:07.302+0800][3062.811s] GC(1356)   Evacuate Collection Set: 1.2ms
[2023-04-09T19:32:07.302+0800][3062.811s] GC(1356)   Post Evacuate Collection Set: 0.4ms
[2023-04-09T19:32:07.302+0800][3062.811s] GC(1356)   Other: 0.2ms
[2023-04-09T19:32:07.302+0800][3062.811s] GC(1356) Eden regions: 297->0(296)
[2023-04-09T19:32:07.302+0800][3062.811s] GC(1356) Survivor regions: 10->11(39)
[2023-04-09T19:32:07.303+0800][3062.811s] GC(1356) Old regions: 81->81
[2023-04-09T19:32:07.303+0800][3062.811s] GC(1356) Humongous regions: 34->22
[2023-04-09T19:32:07.303+0800][3062.811s] GC(1356) Metaspace: 62390K(65392K)->62390K(65392K) NonClass: 55435K(57252K)->55435K(57252K) Class: 6954K(8140K)->6954K(8140K)
[2023-04-09T19:32:07.303+0800][3062.811s] GC(1356) Pause Young (Normal) (G1 Evacuation Pause) 421M->112M(512M) 2.210ms
[2023-04-09T19:32:07.303+0800][3062.811s] GC(1356) User=0.00s Sys=0.00s Real=0.00s
[2023-04-09T19:32:07.886+0800][3063.396s] GC(1357) Pause Young (Normal) (G1 Evacuation Pause)
[2023-04-09T19:32:07.887+0800][3063.396s] GC(1357) Using 8 workers of 8 for evacuation
[2023-04-09T19:32:07.888+0800][3063.397s] GC(1357)   Pre Evacuate Collection Set: 0.0ms
[2023-04-09T19:32:07.888+0800][3063.397s] GC(1357)   Evacuate Collection Set: 0.5ms
[2023-04-09T19:32:07.888+0800][3063.397s] GC(1357)   Post Evacuate Collection Set: 0.4ms
[2023-04-09T19:32:07.888+0800][3063.397s] GC(1357)   Other: 0.2ms
[2023-04-09T19:32:07.888+0800][3063.397s] GC(1357) Eden regions: 296->0(304)
[2023-04-09T19:32:07.888+0800][3063.397s] GC(1357) Survivor regions: 11->3(39)
[2023-04-09T19:32:07.888+0800][3063.397s] GC(1357) Old regions: 81->81
[2023-04-09T19:32:07.888+0800][3063.397s] GC(1357) Humongous regions: 22->13
[2023-04-09T19:32:07.888+0800][3063.397s] GC(1357) Metaspace: 62390K(65392K)->62390K(65392K) NonClass: 55435K(57252K)->55435K(57252K) Class: 6954K(8140K)->6954K(8140K)
[2023-04-09T19:32:07.888+0800][3063.397s] GC(1357) Pause Young (Normal) (G1 Evacuation Pause) 408M->96M(512M) 1.498ms
[2023-04-09T19:32:07.888+0800][3063.397s] GC(1357) User=0.00s Sys=0.00s Real=0.00s
[2023-04-09T19:32:08.415+0800][3063.924s] GC(1358) Pause Young (Normal) (G1 Evacuation Pause)
[2023-04-09T19:32:08.415+0800][3063.924s] GC(1358) Using 8 workers of 8 for evacuation
[2023-04-09T19:32:08.417+0800][3063.926s] GC(1358)   Pre Evacuate Collection Set: 0.0ms
[2023-04-09T19:32:08.417+0800][3063.926s] GC(1358)   Evacuate Collection Set: 0.9ms
[2023-04-09T19:32:08.417+0800][3063.926s] GC(1358)   Post Evacuate Collection Set: 0.5ms
[2023-04-09T19:32:08.417+0800][3063.926s] GC(1358)   Other: 0.2ms
[2023-04-09T19:32:08.417+0800][3063.926s] GC(1358) Eden regions: 304->0(299)
[2023-04-09T19:32:08.417+0800][3063.926s] GC(1358) Survivor regions: 3->8(39)
[2023-04-09T19:32:08.417+0800][3063.926s] GC(1358) Old regions: 81->81
[2023-04-09T19:32:08.417+0800][3063.926s] GC(1358) Humongous regions: 16->15
[2023-04-09T19:32:08.417+0800][3063.926s] GC(1358) Metaspace: 62390K(65392K)->62390K(65392K) NonClass: 55435K(57252K)->55435K(57252K) Class: 6954K(8140K)->6954K(8140K)
[2023-04-09T19:32:08.417+0800][3063.926s] GC(1358) Pause Young (Normal) (G1 Evacuation Pause) 403M->103M(512M) 1.948ms
[2023-04-09T19:32:08.417+0800][3063.926s] GC(1358) User=0.02s Sys=0.00s Real=0.00s
[2023-04-09T19:32:08.977+0800][3064.486s] GC(1359) Pause Young (Normal) (G1 Evacuation Pause)
[2023-04-09T19:32:08.977+0800][3064.486s] GC(1359) Using 8 workers of 8 for evacuation
[2023-04-09T19:32:08.979+0800][3064.488s] GC(1359)   Pre Evacuate Collection Set: 0.0ms
[2023-04-09T19:32:08.979+0800][3064.488s] GC(1359)   Evacuate Collection Set: 1.0ms
[2023-04-09T19:32:08.979+0800][3064.488s] GC(1359)   Post Evacuate Collection Set: 0.5ms
[2023-04-09T19:32:08.979+0800][3064.488s] GC(1359)   Other: 0.2ms
[2023-04-09T19:32:08.979+0800][3064.488s] GC(1359) Eden regions: 299->0(297)
[2023-04-09T19:32:08.979+0800][3064.488s] GC(1359) Survivor regions: 8->10(39)
[2023-04-09T19:32:08.979+0800][3064.488s] GC(1359) Old regions: 81->81
[2023-04-09T19:32:08.979+0800][3064.488s] GC(1359) Humongous regions: 29->22
[2023-04-09T19:32:08.979+0800][3064.488s] GC(1359) Metaspace: 62390K(65392K)->62390K(65392K) NonClass: 55435K(57252K)->55435K(57252K) Class: 6954K(8140K)->6954K(8140K)
[2023-04-09T19:32:08.979+0800][3064.488s] GC(1359) Pause Young (Normal) (G1 Evacuation Pause) 416M->112M(512M) 1.935ms
[2023-04-09T19:32:08.979+0800][3064.488s] GC(1359) User=0.00s Sys=0.00s Real=0.00s
[2023-04-09T19:32:09.766+0800][3065.275s] GC(1360) Pause Young (Normal) (G1 Evacuation Pause)
[2023-04-09T19:32:09.766+0800][3065.275s] GC(1360) Using 8 workers of 8 for evacuation
[2023-04-09T19:32:09.767+0800][3065.276s] GC(1360)   Pre Evacuate Collection Set: 0.0ms
[2023-04-09T19:32:09.767+0800][3065.276s] GC(1360)   Evacuate Collection Set: 0.3ms
[2023-04-09T19:32:09.767+0800][3065.276s] GC(1360)   Post Evacuate Collection Set: 0.4ms
[2023-04-09T19:32:09.767+0800][3065.276s] GC(1360)   Other: 0.2ms
[2023-04-09T19:32:09.767+0800][3065.276s] GC(1360) Eden regions: 297->0(306)
[2023-04-09T19:32:09.767+0800][3065.276s] GC(1360) Survivor regions: 10->1(39)
[2023-04-09T19:32:09.767+0800][3065.276s] GC(1360) Old regions: 81->81
[2023-04-09T19:32:09.767+0800][3065.276s] GC(1360) Humongous regions: 27->13
[2023-04-09T19:32:09.767+0800][3065.276s] GC(1360) Metaspace: 62390K(65392K)->62390K(65392K) NonClass: 55435K(57252K)->55435K(57252K) Class: 6954K(8140K)->6954K(8140K)
[2023-04-09T19:32:09.767+0800][3065.276s] GC(1360) Pause Young (Normal) (G1 Evacuation Pause) 414M->93M(512M) 1.035ms
[2023-04-09T19:32:09.767+0800][3065.276s] GC(1360) User=0.00s Sys=0.00s Real=0.00s
[2023-04-09T19:32:10.315+0800][3065.824s] GC(1361) Pause Young (Normal) (G1 Evacuation Pause)
[2023-04-09T19:32:10.315+0800][3065.824s] GC(1361) Using 8 workers of 8 for evacuation
[2023-04-09T19:32:10.317+0800][3065.826s] GC(1361)   Pre Evacuate Collection Set: 0.0ms
[2023-04-09T19:32:10.317+0800][3065.826s] GC(1361)   Evacuate Collection Set: 0.7ms
[2023-04-09T19:32:10.317+0800][3065.826s] GC(1361)   Post Evacuate Collection Set: 0.4ms
[2023-04-09T19:32:10.317+0800][3065.826s] GC(1361)   Other: 0.2ms
[2023-04-09T19:32:10.317+0800][3065.826s] GC(1361) Eden regions: 306->0(300)
[2023-04-09T19:32:10.317+0800][3065.826s] GC(1361) Survivor regions: 1->7(39)
[2023-04-09T19:32:10.317+0800][3065.826s] GC(1361) Old regions: 81->81
[2023-04-09T19:32:10.317+0800][3065.826s] GC(1361) Humongous regions: 16->15
[2023-04-09T19:32:10.317+0800][3065.826s] GC(1361) Metaspace: 62390K(65392K)->62390K(65392K) NonClass: 55435K(57252K)->55435K(57252K) Class: 6954K(8140K)->6954K(8140K)
[2023-04-09T19:32:10.317+0800][3065.826s] GC(1361) Pause Young (Normal) (G1 Evacuation Pause) 402M->102M(512M) 1.520ms
[2023-04-09T19:32:10.317+0800][3065.826s] GC(1361) User=0.00s Sys=0.00s Real=0.00s
[2023-04-09T19:32:10.863+0800][3066.371s] GC(1362) Pause Young (Normal) (G1 Evacuation Pause)
[2023-04-09T19:32:10.863+0800][3066.371s] GC(1362) Using 8 workers of 8 for evacuation
[2023-04-09T19:32:10.864+0800][3066.373s] GC(1362)   Pre Evacuate Collection Set: 0.0ms
[2023-04-09T19:32:10.865+0800][3066.373s] GC(1362)   Evacuate Collection Set: 1.1ms
[2023-04-09T19:32:10.865+0800][3066.373s] GC(1362)   Post Evacuate Collection Set: 0.4ms
[2023-04-09T19:32:10.865+0800][3066.373s] GC(1362)   Other: 0.2ms
[2023-04-09T19:32:10.865+0800][3066.373s] GC(1362) Eden regions: 300->0(298)
[2023-04-09T19:32:10.865+0800][3066.373s] GC(1362) Survivor regions: 7->9(39)
[2023-04-09T19:32:10.865+0800][3066.373s] GC(1362) Old regions: 81->81
[2023-04-09T19:32:10.865+0800][3066.373s] GC(1362) Humongous regions: 21->21
[2023-04-09T19:32:10.865+0800][3066.373s] GC(1362) Metaspace: 62390K(65392K)->62390K(65392K) NonClass: 55435K(57252K)->55435K(57252K) Class: 6954K(8140K)->6954K(8140K)
[2023-04-09T19:32:10.865+0800][3066.373s] GC(1362) Pause Young (Normal) (G1 Evacuation Pause) 408M->110M(512M) 1.899ms
[2023-04-09T19:32:10.865+0800][3066.373s] GC(1362) User=0.00s Sys=0.00s Real=0.00s
[2023-04-09T19:32:11.514+0800][3067.023s] GC(1363) Pause Young (Normal) (G1 Evacuation Pause)
[2023-04-09T19:32:11.514+0800][3067.023s] GC(1363) Using 8 workers of 8 for evacuation
[2023-04-09T19:32:11.516+0800][3067.024s] GC(1363)   Pre Evacuate Collection Set: 0.0ms
[2023-04-09T19:32:11.516+0800][3067.024s] GC(1363)   Evacuate Collection Set: 1.1ms
[2023-04-09T19:32:11.516+0800][3067.024s] GC(1363)   Post Evacuate Collection Set: 0.4ms
[2023-04-09T19:32:11.516+0800][3067.024s] GC(1363)   Other: 0.1ms
[2023-04-09T19:32:11.516+0800][3067.024s] GC(1363) Eden regions: 298->0(296)
[2023-04-09T19:32:11.516+0800][3067.024s] GC(1363) Survivor regions: 9->11(39)
[2023-04-09T19:32:11.516+0800][3067.024s] GC(1363) Old regions: 81->81
[2023-04-09T19:32:11.516+0800][3067.024s] GC(1363) Humongous regions: 34->22
[2023-04-09T19:32:11.516+0800][3067.025s] GC(1363) Metaspace: 62390K(65392K)->62390K(65392K) NonClass: 55435K(57252K)->55435K(57252K) Class: 6954K(8140K)->6954K(8140K)
[2023-04-09T19:32:11.516+0800][3067.025s] GC(1363) Pause Young (Normal) (G1 Evacuation Pause) 421M->112M(512M) 1.874ms
[2023-04-09T19:32:11.516+0800][3067.025s] GC(1363) User=0.00s Sys=0.00s Real=0.00s
[2023-04-09T19:32:12.108+0800][3067.617s] GC(1364) Pause Young (Normal) (G1 Evacuation Pause)
[2023-04-09T19:32:12.108+0800][3067.617s] GC(1364) Using 8 workers of 8 for evacuation
[2023-04-09T19:32:12.109+0800][3067.618s] GC(1364)   Pre Evacuate Collection Set: 0.0ms
[2023-04-09T19:32:12.110+0800][3067.618s] GC(1364)   Evacuate Collection Set: 0.7ms
[2023-04-09T19:32:12.110+0800][3067.618s] GC(1364)   Post Evacuate Collection Set: 0.5ms
[2023-04-09T19:32:12.110+0800][3067.618s] GC(1364)   Other: 0.2ms
[2023-04-09T19:32:12.110+0800][3067.618s] GC(1364) Eden regions: 296->0(301)
[2023-04-09T19:32:12.110+0800][3067.618s] GC(1364) Survivor regions: 11->6(39)
[2023-04-09T19:32:12.110+0800][3067.618s] GC(1364) Old regions: 81->81
[2023-04-09T19:32:12.110+0800][3067.618s] GC(1364) Humongous regions: 23->14
[2023-04-09T19:32:12.110+0800][3067.618s] GC(1364) Metaspace: 62390K(65392K)->62390K(65392K) NonClass: 55436K(57252K)->55436K(57252K) Class: 6954K(8140K)->6954K(8140K)
[2023-04-09T19:32:12.110+0800][3067.619s] GC(1364) Pause Young (Normal) (G1 Evacuation Pause) 409M->99M(512M) 1.798ms
[2023-04-09T19:32:12.110+0800][3067.619s] GC(1364) User=0.00s Sys=0.00s Real=0.00s
[2023-04-09T19:32:12.649+0800][3068.157s] GC(1365) Pause Young (Normal) (G1 Evacuation Pause)
[2023-04-09T19:32:12.649+0800][3068.157s] GC(1365) Using 8 workers of 8 for evacuation
[2023-04-09T19:32:12.650+0800][3068.159s] GC(1365)   Pre Evacuate Collection Set: 0.0ms
[2023-04-09T19:32:12.651+0800][3068.159s] GC(1365)   Evacuate Collection Set: 1.3ms
[2023-04-09T19:32:12.651+0800][3068.159s] GC(1365)   Post Evacuate Collection Set: 0.4ms
[2023-04-09T19:32:12.651+0800][3068.159s] GC(1365)   Other: 0.2ms
[2023-04-09T19:32:12.651+0800][3068.159s] GC(1365) Eden regions: 301->0(296)
[2023-04-09T19:32:12.651+0800][3068.159s] GC(1365) Survivor regions: 6->11(39)
[2023-04-09T19:32:12.651+0800][3068.159s] GC(1365) Old regions: 81->81
[2023-04-09T19:32:12.651+0800][3068.159s] GC(1365) Humongous regions: 17->16
[2023-04-09T19:32:12.651+0800][3068.159s] GC(1365) Metaspace: 62390K(65392K)->62390K(65392K) NonClass: 55436K(57252K)->55436K(57252K) Class: 6954K(8140K)->6954K(8140K)
[2023-04-09T19:32:12.651+0800][3068.159s] GC(1365) Pause Young (Normal) (G1 Evacuation Pause) 403M->107M(512M) 2.161ms
[2023-04-09T19:32:12.651+0800][3068.159s] GC(1365) User=0.00s Sys=0.00s Real=0.00s
[2023-04-09T19:32:13.362+0800][3068.871s] GC(1366) Pause Young (Normal) (G1 Evacuation Pause)
[2023-04-09T19:32:13.362+0800][3068.871s] GC(1366) Using 8 workers of 8 for evacuation
[2023-04-09T19:32:13.363+0800][3068.872s] GC(1366)   Pre Evacuate Collection Set: 0.0ms
[2023-04-09T19:32:13.363+0800][3068.872s] GC(1366)   Evacuate Collection Set: 1.1ms
[2023-04-09T19:32:13.363+0800][3068.872s] GC(1366)   Post Evacuate Collection Set: 0.4ms
[2023-04-09T19:32:13.363+0800][3068.873s] GC(1366)   Other: 0.2ms
[2023-04-09T19:32:13.363+0800][3068.873s] GC(1366) Eden regions: 296->0(297)
[2023-04-09T19:32:13.363+0800][3068.873s] GC(1366) Survivor regions: 11->10(39)
[2023-04-09T19:32:13.363+0800][3068.873s] GC(1366) Old regions: 81->81
[2023-04-09T19:32:13.363+0800][3068.873s] GC(1366) Humongous regions: 34->22
[2023-04-09T19:32:13.363+0800][3068.873s] GC(1366) Metaspace: 62390K(65392K)->62390K(65392K) NonClass: 55436K(57252K)->55436K(57252K) Class: 6954K(8140K)->6954K(8140K)
[2023-04-09T19:32:13.364+0800][3068.873s] GC(1366) Pause Young (Normal) (G1 Evacuation Pause) 421M->112M(512M) 1.935ms
[2023-04-09T19:32:13.364+0800][3068.873s] GC(1366) User=0.00s Sys=0.00s Real=0.00s
[2023-04-09T19:32:13.960+0800][3069.469s] GC(1367) Pause Young (Normal) (G1 Evacuation Pause)
[2023-04-09T19:32:13.960+0800][3069.469s] GC(1367) Using 8 workers of 8 for evacuation
[2023-04-09T19:32:13.961+0800][3069.470s] GC(1367)   Pre Evacuate Collection Set: 0.0ms
[2023-04-09T19:32:13.961+0800][3069.470s] GC(1367)   Evacuate Collection Set: 0.5ms
[2023-04-09T19:32:13.961+0800][3069.470s] GC(1367)   Post Evacuate Collection Set: 0.5ms
[2023-04-09T19:32:13.961+0800][3069.470s] GC(1367)   Other: 0.2ms
[2023-04-09T19:32:13.961+0800][3069.470s] GC(1367) Eden regions: 297->0(303)
[2023-04-09T19:32:13.961+0800][3069.470s] GC(1367) Survivor regions: 10->4(39)
[2023-04-09T19:32:13.961+0800][3069.470s] GC(1367) Old regions: 81->81
[2023-04-09T19:32:13.961+0800][3069.471s] GC(1367) Humongous regions: 23->14
[2023-04-09T19:32:13.961+0800][3069.471s] GC(1367) Metaspace: 62390K(65392K)->62390K(65392K) NonClass: 55436K(57252K)->55436K(57252K) Class: 6954K(8140K)->6954K(8140K)
[2023-04-09T19:32:13.961+0800][3069.471s] GC(1367) Pause Young (Normal) (G1 Evacuation Pause) 410M->98M(512M) 1.407ms
[2023-04-09T19:32:13.961+0800][3069.471s] GC(1367) User=0.00s Sys=0.00s Real=0.00s
[2023-04-09T19:32:14.508+0800][3070.016s] GC(1368) Pause Young (Normal) (G1 Evacuation Pause)
[2023-04-09T19:32:14.508+0800][3070.016s] GC(1368) Using 8 workers of 8 for evacuation
[2023-04-09T19:32:14.509+0800][3070.018s] GC(1368)   Pre Evacuate Collection Set: 0.0ms
[2023-04-09T19:32:14.509+0800][3070.018s] GC(1368)   Evacuate Collection Set: 1.0ms
[2023-04-09T19:32:14.509+0800][3070.018s] GC(1368)   Post Evacuate Collection Set: 0.5ms
[2023-04-09T19:32:14.510+0800][3070.018s] GC(1368)   Other: 0.2ms
[2023-04-09T19:32:14.510+0800][3070.018s] GC(1368) Eden regions: 303->0(297)
[2023-04-09T19:32:14.510+0800][3070.018s] GC(1368) Survivor regions: 4->10(39)
[2023-04-09T19:32:14.510+0800][3070.018s] GC(1368) Old regions: 81->81
[2023-04-09T19:32:14.510+0800][3070.018s] GC(1368) Humongous regions: 16->15
[2023-04-09T19:32:14.510+0800][3070.018s] GC(1368) Metaspace: 62390K(65392K)->62390K(65392K) NonClass: 55436K(57252K)->55436K(57252K) Class: 6954K(8140K)->6954K(8140K)
[2023-04-09T19:32:14.510+0800][3070.019s] GC(1368) Pause Young (Normal) (G1 Evacuation Pause) 403M->105M(512M) 2.173ms
[2023-04-09T19:32:14.510+0800][3070.019s] GC(1368) User=0.00s Sys=0.00s Real=0.00s
[2023-04-09T19:32:15.283+0800][3070.791s] GC(1369) Pause Young (Normal) (G1 Evacuation Pause)
[2023-04-09T19:32:15.283+0800][3070.791s] GC(1369) Using 8 workers of 8 for evacuation
[2023-04-09T19:32:15.285+0800][3070.793s] GC(1369)   Pre Evacuate Collection Set: 0.0ms
[2023-04-09T19:32:15.285+0800][3070.793s] GC(1369)   Evacuate Collection Set: 1.1ms
[2023-04-09T19:32:15.285+0800][3070.793s] GC(1369)   Post Evacuate Collection Set: 0.4ms
[2023-04-09T19:32:15.285+0800][3070.793s] GC(1369)   Other: 0.2ms
[2023-04-09T19:32:15.285+0800][3070.793s] GC(1369) Eden regions: 297->0(297)
[2023-04-09T19:32:15.285+0800][3070.793s] GC(1369) Survivor regions: 10->10(39)
[2023-04-09T19:32:15.285+0800][3070.793s] GC(1369) Old regions: 81->81
[2023-04-09T19:32:15.285+0800][3070.793s] GC(1369) Humongous regions: 34->22
[2023-04-09T19:32:15.285+0800][3070.793s] GC(1369) Metaspace: 62390K(65392K)->62390K(65392K) NonClass: 55436K(57252K)->55436K(57252K) Class: 6954K(8140K)->6954K(8140K)
[2023-04-09T19:32:15.285+0800][3070.793s] GC(1369) Pause Young (Normal) (G1 Evacuation Pause) 421M->112M(512M) 1.884ms
[2023-04-09T19:32:15.285+0800][3070.793s] GC(1369) User=0.00s Sys=0.00s Real=0.00s
[2023-04-09T19:32:15.878+0800][3071.386s] GC(1370) Pause Young (Normal) (G1 Evacuation Pause)
[2023-04-09T19:32:15.878+0800][3071.386s] GC(1370) Using 8 workers of 8 for evacuation
[2023-04-09T19:32:15.879+0800][3071.387s] GC(1370)   Pre Evacuate Collection Set: 0.0ms
[2023-04-09T19:32:15.879+0800][3071.387s] GC(1370)   Evacuate Collection Set: 0.5ms
[2023-04-09T19:32:15.879+0800][3071.387s] GC(1370)   Post Evacuate Collection Set: 0.4ms
[2023-04-09T19:32:15.879+0800][3071.387s] GC(1370)   Other: 0.1ms
[2023-04-09T19:32:15.879+0800][3071.387s] GC(1370) Eden regions: 297->0(304)
[2023-04-09T19:32:15.879+0800][3071.387s] GC(1370) Survivor regions: 10->3(39)
[2023-04-09T19:32:15.879+0800][3071.388s] GC(1370) Old regions: 81->81
[2023-04-09T19:32:15.879+0800][3071.388s] GC(1370) Humongous regions: 22->13
[2023-04-09T19:32:15.879+0800][3071.388s] GC(1370) Metaspace: 62390K(65392K)->62390K(65392K) NonClass: 55436K(57252K)->55436K(57252K) Class: 6954K(8140K)->6954K(8140K)
[2023-04-09T19:32:15.879+0800][3071.388s] GC(1370) Pause Young (Normal) (G1 Evacuation Pause) 409M->96M(512M) 1.230ms
[2023-04-09T19:32:15.879+0800][3071.388s] GC(1370) User=0.00s Sys=0.00s Real=0.00s
[2023-04-09T19:45:11.673+0800][3847.183s] GC(1371) Pause Young (Normal) (G1 Evacuation Pause)
[2023-04-09T19:45:11.673+0800][3847.183s] GC(1371) Using 8 workers of 8 for evacuation
[2023-04-09T19:45:11.677+0800][3847.186s] GC(1371)   Pre Evacuate Collection Set: 0.0ms
[2023-04-09T19:45:11.677+0800][3847.186s] GC(1371)   Evacuate Collection Set: 2.8ms
[2023-04-09T19:45:11.677+0800][3847.186s] GC(1371)   Post Evacuate Collection Set: 0.7ms
[2023-04-09T19:45:11.677+0800][3847.187s] GC(1371)   Other: 0.2ms
[2023-04-09T19:45:11.677+0800][3847.187s] GC(1371) Eden regions: 304->0(300)
[2023-04-09T19:45:11.677+0800][3847.187s] GC(1371) Survivor regions: 3->7(39)
[2023-04-09T19:45:11.677+0800][3847.187s] GC(1371) Old regions: 81->81
[2023-04-09T19:45:11.677+0800][3847.187s] GC(1371) Humongous regions: 14->13
[2023-04-09T19:45:11.677+0800][3847.187s] GC(1371) Metaspace: 62611K(65648K)->62611K(65648K) NonClass: 55650K(57508K)->55650K(57508K) Class: 6961K(8140K)->6961K(8140K)
[2023-04-09T19:45:11.677+0800][3847.187s] GC(1371) Pause Young (Normal) (G1 Evacuation Pause) 401M->100M(512M) 4.082ms
[2023-04-09T19:45:11.677+0800][3847.187s] GC(1371) User=0.00s Sys=0.00s Real=0.00s
[2023-04-09T19:45:12.067+0800][3847.576s] GC(1372) Pause Young (Concurrent Start) (G1 Humongous Allocation)
[2023-04-09T19:45:12.067+0800][3847.576s] GC(1372) Using 8 workers of 8 for evacuation
[2023-04-09T19:45:12.072+0800][3847.581s] GC(1372)   Pre Evacuate Collection Set: 0.2ms
[2023-04-09T19:45:12.072+0800][3847.581s] GC(1372)   Evacuate Collection Set: 4.3ms
[2023-04-09T19:45:12.072+0800][3847.581s] GC(1372)   Post Evacuate Collection Set: 0.6ms
[2023-04-09T19:45:12.072+0800][3847.581s] GC(1372)   Other: 0.3ms
[2023-04-09T19:45:12.072+0800][3847.581s] GC(1372) Eden regions: 157->0(294)
[2023-04-09T19:45:12.072+0800][3847.581s] GC(1372) Survivor regions: 7->13(39)
[2023-04-09T19:45:12.072+0800][3847.581s] GC(1372) Old regions: 81->81
[2023-04-09T19:45:12.072+0800][3847.581s] GC(1372) Humongous regions: 44->27
[2023-04-09T19:45:12.072+0800][3847.581s] GC(1372) Metaspace: 62611K(65648K)->62611K(65648K) NonClass: 55650K(57508K)->55650K(57508K) Class: 6961K(8140K)->6961K(8140K)
[2023-04-09T19:45:12.072+0800][3847.581s] GC(1372) Pause Young (Concurrent Start) (G1 Humongous Allocation) 288M->120M(512M) 5.469ms
[2023-04-09T19:45:12.072+0800][3847.581s] GC(1372) User=0.00s Sys=0.00s Real=0.01s
[2023-04-09T19:45:12.072+0800][3847.581s] GC(1373) Concurrent Cycle
[2023-04-09T19:45:12.072+0800][3847.581s] GC(1373) Concurrent Clear Claimed Marks
[2023-04-09T19:45:12.072+0800][3847.582s] GC(1373) Concurrent Clear Claimed Marks 0.147ms
[2023-04-09T19:45:12.072+0800][3847.582s] GC(1373) Concurrent Scan Root Regions
[2023-04-09T19:45:12.074+0800][3847.583s] GC(1373) Concurrent Scan Root Regions 1.805ms
[2023-04-09T19:45:12.074+0800][3847.583s] GC(1373) Concurrent Mark (3847.583s)
[2023-04-09T19:45:12.074+0800][3847.583s] GC(1373) Concurrent Mark From Roots
[2023-04-09T19:45:12.074+0800][3847.583s] GC(1373) Using 2 workers of 2 for marking
[2023-04-09T19:45:12.104+0800][3847.613s] GC(1373) Concurrent Mark From Roots 29.764ms
[2023-04-09T19:45:12.104+0800][3847.613s] GC(1373) Concurrent Preclean
[2023-04-09T19:45:12.105+0800][3847.614s] GC(1373) Concurrent Preclean 0.302ms
[2023-04-09T19:45:12.105+0800][3847.614s] GC(1373) Concurrent Mark (3847.583s, 3847.614s) 30.221ms
[2023-04-09T19:45:12.105+0800][3847.614s] GC(1373) Pause Remark
[2023-04-09T19:45:12.113+0800][3847.622s] GC(1373) Cleaned string and symbol table, strings: 28121 processed, 31 removed, symbols: 172444 processed, 4 removed
[2023-04-09T19:45:12.113+0800][3847.622s] GC(1373) Pause Remark 133M->111M(512M) 8.526ms
[2023-04-09T19:45:12.113+0800][3847.622s] GC(1373) User=0.00s Sys=0.00s Real=0.01s
[2023-04-09T19:45:12.113+0800][3847.622s] GC(1373) Concurrent Rebuild Remembered Sets
[2023-04-09T19:45:12.132+0800][3847.641s] GC(1373) Concurrent Rebuild Remembered Sets 18.347ms
[2023-04-09T19:45:12.132+0800][3847.641s] GC(1373) Pause Cleanup
[2023-04-09T19:45:12.132+0800][3847.641s] GC(1373) Pause Cleanup 118M->118M(512M) 0.166ms
[2023-04-09T19:45:12.132+0800][3847.641s] GC(1373) User=0.00s Sys=0.00s Real=0.00s
[2023-04-09T19:45:12.132+0800][3847.641s] GC(1373) Concurrent Cleanup for Next Mark
[2023-04-09T19:45:12.133+0800][3847.642s] GC(1373) Concurrent Cleanup for Next Mark 1.043ms
[2023-04-09T19:45:12.133+0800][3847.642s] GC(1373) Concurrent Cycle 61.042ms
[2023-04-09T19:45:12.871+0800][3848.380s] GC(1374) Pause Young (Prepare Mixed) (G1 Evacuation Pause)
[2023-04-09T19:45:12.871+0800][3848.380s] GC(1374) Using 8 workers of 8 for evacuation
[2023-04-09T19:45:12.877+0800][3848.386s] GC(1374)   Pre Evacuate Collection Set: 0.0ms
[2023-04-09T19:45:12.877+0800][3848.386s] GC(1374)   Evacuate Collection Set: 4.9ms
[2023-04-09T19:45:12.877+0800][3848.386s] GC(1374)   Post Evacuate Collection Set: 0.6ms
[2023-04-09T19:45:12.877+0800][3848.386s] GC(1374)   Other: 0.2ms
[2023-04-09T19:45:12.877+0800][3848.386s] GC(1374) Eden regions: 294->0(1)
[2023-04-09T19:45:12.877+0800][3848.386s] GC(1374) Survivor regions: 13->32(39)
[2023-04-09T19:45:12.877+0800][3848.386s] GC(1374) Old regions: 68->68
[2023-04-09T19:45:12.877+0800][3848.386s] GC(1374) Humongous regions: 99->25
[2023-04-09T19:45:12.877+0800][3848.386s] GC(1374) Metaspace: 62611K(65648K)->62611K(65648K) NonClass: 55651K(57508K)->55651K(57508K) Class: 6960K(8140K)->6960K(8140K)
[2023-04-09T19:45:12.877+0800][3848.386s] GC(1374) Pause Young (Prepare Mixed) (G1 Evacuation Pause) 473M->124M(512M) 5.927ms
[2023-04-09T19:45:12.877+0800][3848.386s] GC(1374) User=0.00s Sys=0.00s Real=0.01s
[2023-04-09T19:45:12.880+0800][3848.389s] GC(1375) Pause Young (Mixed) (G1 Evacuation Pause)
[2023-04-09T19:45:12.880+0800][3848.389s] GC(1375) Using 8 workers of 8 for evacuation
[2023-04-09T19:45:12.886+0800][3848.395s] GC(1375)   Pre Evacuate Collection Set: 0.0ms
[2023-04-09T19:45:12.886+0800][3848.395s] GC(1375)   Evacuate Collection Set: 5.2ms
[2023-04-09T19:45:12.886+0800][3848.395s] GC(1375)   Post Evacuate Collection Set: 0.4ms
[2023-04-09T19:45:12.886+0800][3848.395s] GC(1375)   Other: 0.3ms
[2023-04-09T19:45:12.886+0800][3848.395s] GC(1375) Eden regions: 1->0(301)
[2023-04-09T19:45:12.886+0800][3848.395s] GC(1375) Survivor regions: 32->1(5)
[2023-04-09T19:45:12.886+0800][3848.395s] GC(1375) Old regions: 68->90
[2023-04-09T19:45:12.886+0800][3848.395s] GC(1375) Humongous regions: 25->25
[2023-04-09T19:45:12.886+0800][3848.395s] GC(1375) Metaspace: 62611K(65648K)->62611K(65648K) NonClass: 55651K(57508K)->55651K(57508K) Class: 6960K(8140K)->6960K(8140K)
[2023-04-09T19:45:12.886+0800][3848.395s] GC(1375) Pause Young (Mixed) (G1 Evacuation Pause) 125M->115M(512M) 6.039ms
[2023-04-09T19:45:12.886+0800][3848.395s] GC(1375) User=0.12s Sys=0.00s Real=0.01s
[2023-04-09T19:45:13.244+0800][3848.753s] GC(1376) Pause Young (Normal) (G1 Evacuation Pause)
[2023-04-09T19:45:13.244+0800][3848.753s] GC(1376) Using 8 workers of 8 for evacuation
[2023-04-09T19:45:13.247+0800][3848.755s] GC(1376)   Pre Evacuate Collection Set: 0.0ms
[2023-04-09T19:45:13.247+0800][3848.756s] GC(1376)   Evacuate Collection Set: 1.2ms
[2023-04-09T19:45:13.247+0800][3848.756s] GC(1376)   Post Evacuate Collection Set: 0.5ms
[2023-04-09T19:45:13.247+0800][3848.756s] GC(1376)   Other: 0.3ms
[2023-04-09T19:45:13.247+0800][3848.756s] GC(1376) Eden regions: 301->0(285)
[2023-04-09T19:45:13.247+0800][3848.756s] GC(1376) Survivor regions: 1->9(38)
[2023-04-09T19:45:13.247+0800][3848.756s] GC(1376) Old regions: 90->90
[2023-04-09T19:45:13.247+0800][3848.756s] GC(1376) Humongous regions: 84->40
[2023-04-09T19:45:13.247+0800][3848.756s] GC(1376) Metaspace: 62611K(65648K)->62611K(65648K) NonClass: 55651K(57508K)->55651K(57508K) Class: 6960K(8140K)->6960K(8140K)
[2023-04-09T19:45:13.247+0800][3848.756s] GC(1376) Pause Young (Normal) (G1 Evacuation Pause) 475M->137M(512M) 2.298ms
[2023-04-09T19:45:13.247+0800][3848.756s] GC(1376) User=0.12s Sys=0.00s Real=0.00s
[2023-04-09T19:45:13.330+0800][3848.838s] GC(1377) Pause Young (Concurrent Start) (G1 Humongous Allocation)
[2023-04-09T19:45:13.330+0800][3848.838s] GC(1377) Using 8 workers of 8 for evacuation
[2023-04-09T19:45:13.332+0800][3848.841s] GC(1377)   Pre Evacuate Collection Set: 0.1ms
[2023-04-09T19:45:13.332+0800][3848.841s] GC(1377)   Evacuate Collection Set: 1.4ms
[2023-04-09T19:45:13.332+0800][3848.841s] GC(1377)   Post Evacuate Collection Set: 0.5ms
[2023-04-09T19:45:13.332+0800][3848.841s] GC(1377)   Other: 0.2ms
[2023-04-09T19:45:13.332+0800][3848.841s] GC(1377) Eden regions: 75->0(232)
[2023-04-09T19:45:13.332+0800][3848.841s] GC(1377) Survivor regions: 9->10(37)
[2023-04-09T19:45:13.332+0800][3848.841s] GC(1377) Old regions: 90->90
[2023-04-09T19:45:13.332+0800][3848.841s] GC(1377) Humongous regions: 45->42
[2023-04-09T19:45:13.332+0800][3848.841s] GC(1377) Metaspace: 62611K(65648K)->62611K(65648K) NonClass: 55651K(57508K)->55651K(57508K) Class: 6960K(8140K)->6960K(8140K)
[2023-04-09T19:45:13.332+0800][3848.841s] GC(1377) Pause Young (Concurrent Start) (G1 Humongous Allocation) 217M->140M(512M) 2.428ms
[2023-04-09T19:45:13.332+0800][3848.841s] GC(1377) User=0.00s Sys=0.00s Real=0.00s
[2023-04-09T19:45:13.332+0800][3848.841s] GC(1378) Concurrent Cycle
[2023-04-09T19:45:13.332+0800][3848.841s] GC(1378) Concurrent Clear Claimed Marks
[2023-04-09T19:45:13.332+0800][3848.841s] GC(1378) Concurrent Clear Claimed Marks 0.119ms
[2023-04-09T19:45:13.332+0800][3848.841s] GC(1378) Concurrent Scan Root Regions
[2023-04-09T19:45:13.333+0800][3848.842s] GC(1378) Concurrent Scan Root Regions 0.807ms
[2023-04-09T19:45:13.333+0800][3848.842s] GC(1378) Concurrent Mark (3848.842s)
[2023-04-09T19:45:13.333+0800][3848.842s] GC(1378) Concurrent Mark From Roots
[2023-04-09T19:45:13.333+0800][3848.842s] GC(1378) Using 2 workers of 2 for marking
[2023-04-09T19:45:13.359+0800][3848.868s] GC(1378) Concurrent Mark From Roots 25.609ms
[2023-04-09T19:45:13.359+0800][3848.868s] GC(1378) Concurrent Preclean
[2023-04-09T19:45:13.359+0800][3848.868s] GC(1378) Concurrent Preclean 0.286ms
[2023-04-09T19:45:13.359+0800][3848.868s] GC(1378) Concurrent Mark (3848.842s, 3848.868s) 25.988ms
[2023-04-09T19:45:13.359+0800][3848.868s] GC(1378) Pause Remark
[2023-04-09T19:45:13.366+0800][3848.875s] GC(1378) Cleaned string and symbol table, strings: 28090 processed, 15 removed, symbols: 172440 processed, 2 removed
[2023-04-09T19:45:13.367+0800][3848.875s] GC(1378) Pause Remark 183M->183M(512M) 7.196ms
[2023-04-09T19:45:13.367+0800][3848.875s] GC(1378) User=0.00s Sys=0.00s Real=0.01s
[2023-04-09T19:45:13.367+0800][3848.875s] GC(1378) Concurrent Rebuild Remembered Sets
[2023-04-09T19:45:13.383+0800][3848.891s] GC(1378) Concurrent Rebuild Remembered Sets 15.700ms
[2023-04-09T19:45:13.383+0800][3848.891s] GC(1378) Pause Cleanup
[2023-04-09T19:45:13.383+0800][3848.892s] GC(1378) Pause Cleanup 199M->199M(512M) 0.151ms
[2023-04-09T19:45:13.383+0800][3848.892s] GC(1378) User=0.00s Sys=0.00s Real=0.00s
[2023-04-09T19:45:13.383+0800][3848.892s] GC(1378) Concurrent Cleanup for Next Mark
[2023-04-09T19:45:13.384+0800][3848.893s] GC(1378) Concurrent Cleanup for Next Mark 0.892ms
[2023-04-09T19:45:13.384+0800][3848.893s] GC(1378) Concurrent Cycle 51.726ms
[2023-04-09T19:45:13.574+0800][3849.083s] GC(1379) Pause Young (Prepare Mixed) (G1 Evacuation Pause)
[2023-04-09T19:45:13.574+0800][3849.083s] GC(1379) Using 8 workers of 8 for evacuation
[2023-04-09T19:45:13.577+0800][3849.086s] GC(1379)   Pre Evacuate Collection Set: 0.0ms
[2023-04-09T19:45:13.577+0800][3849.086s] GC(1379)   Evacuate Collection Set: 2.0ms
[2023-04-09T19:45:13.577+0800][3849.086s] GC(1379)   Post Evacuate Collection Set: 0.5ms
[2023-04-09T19:45:13.577+0800][3849.086s] GC(1379)   Other: 0.2ms
[2023-04-09T19:45:13.577+0800][3849.086s] GC(1379) Eden regions: 232->0(10)
[2023-04-09T19:45:13.577+0800][3849.086s] GC(1379) Survivor regions: 10->15(31)
[2023-04-09T19:45:13.577+0800][3849.086s] GC(1379) Old regions: 90->90
[2023-04-09T19:45:13.577+0800][3849.086s] GC(1379) Humongous regions: 84->42
[2023-04-09T19:45:13.577+0800][3849.086s] GC(1379) Metaspace: 62569K(65648K)->62569K(65648K) NonClass: 55615K(57508K)->55615K(57508K) Class: 6954K(8140K)->6954K(8140K)
[2023-04-09T19:45:13.577+0800][3849.086s] GC(1379) Pause Young (Prepare Mixed) (G1 Evacuation Pause) 414M->146M(512M) 3.019ms
[2023-04-09T19:45:13.577+0800][3849.086s] GC(1379) User=0.00s Sys=0.00s Real=0.00s
[2023-04-09T19:45:13.589+0800][3849.097s] GC(1380) Pause Young (Mixed) (G1 Evacuation Pause)
[2023-04-09T19:45:13.589+0800][3849.097s] GC(1380) Using 8 workers of 8 for evacuation
[2023-04-09T19:45:13.591+0800][3849.100s] GC(1380)   Pre Evacuate Collection Set: 0.0ms
[2023-04-09T19:45:13.591+0800][3849.100s] GC(1380)   Evacuate Collection Set: 2.0ms
[2023-04-09T19:45:13.591+0800][3849.100s] GC(1380)   Post Evacuate Collection Set: 0.3ms
[2023-04-09T19:45:13.591+0800][3849.100s] GC(1380)   Other: 0.2ms
[2023-04-09T19:45:13.591+0800][3849.100s] GC(1380) Eden regions: 10->0(244)
[2023-04-09T19:45:13.591+0800][3849.100s] GC(1380) Survivor regions: 15->1(4)
[2023-04-09T19:45:13.591+0800][3849.100s] GC(1380) Old regions: 90->96
[2023-04-09T19:45:13.591+0800][3849.100s] GC(1380) Humongous regions: 42->42
[2023-04-09T19:45:13.591+0800][3849.100s] GC(1380) Metaspace: 62569K(65648K)->62569K(65648K) NonClass: 55615K(57508K)->55615K(57508K) Class: 6954K(8140K)->6954K(8140K)
[2023-04-09T19:45:13.592+0800][3849.100s] GC(1380) Pause Young (Mixed) (G1 Evacuation Pause) 156M->138M(512M) 2.848ms
[2023-04-09T19:45:13.592+0800][3849.100s] GC(1380) User=0.09s Sys=0.00s Real=0.00s
[2023-04-09T19:45:13.850+0800][3849.358s] GC(1381) Pause Young (Normal) (G1 Evacuation Pause)
[2023-04-09T19:45:13.850+0800][3849.358s] GC(1381) Using 8 workers of 8 for evacuation
[2023-04-09T19:45:13.852+0800][3849.361s] GC(1381)   Pre Evacuate Collection Set: 0.0ms
[2023-04-09T19:45:13.852+0800][3849.361s] GC(1381)   Evacuate Collection Set: 1.7ms
[2023-04-09T19:45:13.852+0800][3849.361s] GC(1381)   Post Evacuate Collection Set: 0.4ms
[2023-04-09T19:45:13.852+0800][3849.361s] GC(1381)   Other: 0.2ms
[2023-04-09T19:45:13.852+0800][3849.361s] GC(1381) Eden regions: 244->0(236)
[2023-04-09T19:45:13.852+0800][3849.361s] GC(1381) Survivor regions: 1->9(31)
[2023-04-09T19:45:13.852+0800][3849.361s] GC(1381) Old regions: 96->96
[2023-04-09T19:45:13.852+0800][3849.361s] GC(1381) Humongous regions: 71->57
[2023-04-09T19:45:13.852+0800][3849.361s] GC(1381) Metaspace: 62569K(65648K)->62569K(65648K) NonClass: 55615K(57508K)->55615K(57508K) Class: 6954K(8140K)->6954K(8140K)
[2023-04-09T19:45:13.852+0800][3849.361s] GC(1381) Pause Young (Normal) (G1 Evacuation Pause) 411M->161M(512M) 2.653ms
[2023-04-09T19:45:13.852+0800][3849.361s] GC(1381) User=0.00s Sys=0.00s Real=0.00s
[2023-04-09T19:45:14.157+0800][3849.666s] GC(1382) Pause Young (Concurrent Start) (G1 Humongous Allocation)
[2023-04-09T19:45:14.157+0800][3849.666s] GC(1382) Using 8 workers of 8 for evacuation
[2023-04-09T19:45:14.161+0800][3849.670s] GC(1382)   Pre Evacuate Collection Set: 0.1ms
[2023-04-09T19:45:14.161+0800][3849.670s] GC(1382)   Evacuate Collection Set: 3.0ms
[2023-04-09T19:45:14.161+0800][3849.670s] GC(1382)   Post Evacuate Collection Set: 0.4ms
[2023-04-09T19:45:14.161+0800][3849.670s] GC(1382)   Other: 0.2ms
[2023-04-09T19:45:14.161+0800][3849.670s] GC(1382) Eden regions: 216->0(221)
[2023-04-09T19:45:14.161+0800][3849.670s] GC(1382) Survivor regions: 9->15(31)
[2023-04-09T19:45:14.161+0800][3849.670s] GC(1382) Old regions: 96->96
[2023-04-09T19:45:14.161+0800][3849.670s] GC(1382) Humongous regions: 87->73
[2023-04-09T19:45:14.161+0800][3849.670s] GC(1382) Metaspace: 62569K(65648K)->62569K(65648K) NonClass: 55615K(57508K)->55615K(57508K) Class: 6954K(8140K)->6954K(8140K)
[2023-04-09T19:45:14.161+0800][3849.670s] GC(1382) Pause Young (Concurrent Start) (G1 Humongous Allocation) 407M->183M(512M) 3.985ms
[2023-04-09T19:45:14.161+0800][3849.670s] GC(1382) User=0.00s Sys=0.00s Real=0.00s
[2023-04-09T19:45:14.161+0800][3849.670s] GC(1383) Concurrent Cycle
[2023-04-09T19:45:14.161+0800][3849.670s] GC(1383) Concurrent Clear Claimed Marks
[2023-04-09T19:45:14.162+0800][3849.670s] GC(1383) Concurrent Clear Claimed Marks 0.117ms
[2023-04-09T19:45:14.162+0800][3849.670s] GC(1383) Concurrent Scan Root Regions
[2023-04-09T19:45:14.162+0800][3849.671s] GC(1383) Concurrent Scan Root Regions 0.730ms
[2023-04-09T19:45:14.162+0800][3849.671s] GC(1383) Concurrent Mark (3849.671s)
[2023-04-09T19:45:14.162+0800][3849.671s] GC(1383) Concurrent Mark From Roots
[2023-04-09T19:45:14.163+0800][3849.671s] GC(1383) Using 2 workers of 2 for marking
[2023-04-09T19:45:14.203+0800][3849.712s] GC(1383) Concurrent Mark From Roots 40.482ms
[2023-04-09T19:45:14.203+0800][3849.712s] GC(1383) Concurrent Preclean
[2023-04-09T19:45:14.203+0800][3849.712s] GC(1383) Concurrent Preclean 0.376ms
[2023-04-09T19:45:14.203+0800][3849.712s] GC(1383) Concurrent Mark (3849.671s, 3849.712s) 41.003ms
[2023-04-09T19:45:14.204+0800][3849.712s] GC(1383) Pause Remark
[2023-04-09T19:45:14.209+0800][3849.718s] GC(1383) Cleaned string and symbol table, strings: 28078 processed, 0 removed, symbols: 172438 processed, 25 removed
[2023-04-09T19:45:14.209+0800][3849.718s] GC(1383) Pause Remark 195M->161M(512M) 5.396ms
[2023-04-09T19:45:14.209+0800][3849.718s] GC(1383) User=0.00s Sys=0.00s Real=0.01s
[2023-04-09T19:45:14.209+0800][3849.718s] GC(1383) Concurrent Rebuild Remembered Sets
[2023-04-09T19:45:14.231+0800][3849.740s] GC(1383) Concurrent Rebuild Remembered Sets 21.740ms
[2023-04-09T19:45:14.232+0800][3849.740s] GC(1383) Pause Cleanup
[2023-04-09T19:45:14.232+0800][3849.741s] GC(1383) Pause Cleanup 167M->167M(512M) 0.274ms
[2023-04-09T19:45:14.232+0800][3849.741s] GC(1383) User=0.00s Sys=0.00s Real=0.00s
[2023-04-09T19:45:14.232+0800][3849.741s] GC(1383) Concurrent Cleanup for Next Mark
[2023-04-09T19:45:14.233+0800][3849.742s] GC(1383) Concurrent Cleanup for Next Mark 0.957ms
[2023-04-09T19:45:14.233+0800][3849.742s] GC(1383) Concurrent Cycle 71.803ms
[2023-04-09T19:45:14.599+0800][3850.107s] GC(1384) Pause Young (Prepare Mixed) (G1 Evacuation Pause)
[2023-04-09T19:45:14.599+0800][3850.108s] GC(1384) Using 8 workers of 8 for evacuation
[2023-04-09T19:45:14.603+0800][3850.111s] GC(1384)   Pre Evacuate Collection Set: 0.0ms
[2023-04-09T19:45:14.603+0800][3850.111s] GC(1384)   Evacuate Collection Set: 3.2ms
[2023-04-09T19:45:14.603+0800][3850.112s] GC(1384)   Post Evacuate Collection Set: 0.5ms
[2023-04-09T19:45:14.603+0800][3850.112s] GC(1384)   Other: 0.3ms
[2023-04-09T19:45:14.603+0800][3850.112s] GC(1384) Eden regions: 221->0(3)
[2023-04-09T19:45:14.603+0800][3850.112s] GC(1384) Survivor regions: 15->22(30)
[2023-04-09T19:45:14.603+0800][3850.112s] GC(1384) Old regions: 95->95
[2023-04-09T19:45:14.603+0800][3850.112s] GC(1384) Humongous regions: 64->37
[2023-04-09T19:45:14.603+0800][3850.112s] GC(1384) Metaspace: 62569K(65648K)->62569K(65648K) NonClass: 55615K(57508K)->55615K(57508K) Class: 6954K(8140K)->6954K(8140K)
[2023-04-09T19:45:14.603+0800][3850.112s] GC(1384) Pause Young (Prepare Mixed) (G1 Evacuation Pause) 394M->153M(512M) 4.322ms
[2023-04-09T19:45:14.603+0800][3850.112s] GC(1384) User=0.00s Sys=0.00s Real=0.00s
[2023-04-09T19:45:14.608+0800][3850.117s] GC(1385) Pause Young (Mixed) (G1 Evacuation Pause)
[2023-04-09T19:45:14.608+0800][3850.117s] GC(1385) Using 8 workers of 8 for evacuation
[2023-04-09T19:45:14.613+0800][3850.121s] GC(1385)   Pre Evacuate Collection Set: 0.0ms
[2023-04-09T19:45:14.613+0800][3850.121s] GC(1385)   Evacuate Collection Set: 3.7ms
[2023-04-09T19:45:14.613+0800][3850.121s] GC(1385)   Post Evacuate Collection Set: 0.4ms
[2023-04-09T19:45:14.613+0800][3850.122s] GC(1385)   Other: 0.3ms
[2023-04-09T19:45:14.613+0800][3850.122s] GC(1385) Eden regions: 3->0(246)
[2023-04-09T19:45:14.613+0800][3850.122s] GC(1385) Survivor regions: 22->1(4)
[2023-04-09T19:45:14.613+0800][3850.122s] GC(1385) Old regions: 95->101
[2023-04-09T19:45:14.613+0800][3850.122s] GC(1385) Humongous regions: 37->37
[2023-04-09T19:45:14.613+0800][3850.122s] GC(1385) Metaspace: 62569K(65648K)->62569K(65648K) NonClass: 55615K(57508K)->55615K(57508K) Class: 6954K(8140K)->6954K(8140K)
[2023-04-09T19:45:14.613+0800][3850.122s] GC(1385) Pause Young (Mixed) (G1 Evacuation Pause) 156M->137M(512M) 4.703ms
[2023-04-09T19:45:14.613+0800][3850.122s] GC(1385) User=0.00s Sys=0.00s Real=0.00s
[2023-04-09T19:45:14.871+0800][3850.380s] GC(1386) Pause Young (Normal) (G1 Evacuation Pause)
[2023-04-09T19:45:14.871+0800][3850.380s] GC(1386) Using 8 workers of 8 for evacuation
[2023-04-09T19:45:14.873+0800][3850.382s] GC(1386)   Pre Evacuate Collection Set: 0.0ms
[2023-04-09T19:45:14.873+0800][3850.382s] GC(1386)   Evacuate Collection Set: 1.7ms
[2023-04-09T19:45:14.873+0800][3850.382s] GC(1386)   Post Evacuate Collection Set: 0.4ms
[2023-04-09T19:45:14.873+0800][3850.382s] GC(1386)   Other: 0.2ms
[2023-04-09T19:45:14.873+0800][3850.382s] GC(1386) Eden regions: 246->0(232)
[2023-04-09T19:45:14.873+0800][3850.382s] GC(1386) Survivor regions: 1->14(31)
[2023-04-09T19:45:14.873+0800][3850.382s] GC(1386) Old regions: 101->101
[2023-04-09T19:45:14.873+0800][3850.382s] GC(1386) Humongous regions: 58->58
[2023-04-09T19:45:14.874+0800][3850.382s] GC(1386) Metaspace: 62569K(65648K)->62569K(65648K) NonClass: 55615K(57508K)->55615K(57508K) Class: 6954K(8140K)->6954K(8140K)
[2023-04-09T19:45:14.874+0800][3850.382s] GC(1386) Pause Young (Normal) (G1 Evacuation Pause) 404M->171M(512M) 2.446ms
[2023-04-09T19:45:14.874+0800][3850.382s] GC(1386) User=0.00s Sys=0.00s Real=0.00s
[2023-04-09T19:45:14.937+0800][3850.446s] GC(1387) Pause Young (Concurrent Start) (G1 Humongous Allocation)
[2023-04-09T19:45:14.937+0800][3850.447s] GC(1387) Using 8 workers of 8 for evacuation
[2023-04-09T19:45:14.940+0800][3850.449s] GC(1387)   Pre Evacuate Collection Set: 0.1ms
[2023-04-09T19:45:14.940+0800][3850.449s] GC(1387)   Evacuate Collection Set: 2.2ms
[2023-04-09T19:45:14.940+0800][3850.449s] GC(1387)   Post Evacuate Collection Set: 0.4ms
[2023-04-09T19:45:14.940+0800][3850.449s] GC(1387)   Other: 0.2ms
[2023-04-09T19:45:14.940+0800][3850.449s] GC(1387) Eden regions: 68->0(221)
[2023-04-09T19:45:14.940+0800][3850.449s] GC(1387) Survivor regions: 14->15(31)
[2023-04-09T19:45:14.940+0800][3850.450s] GC(1387) Old regions: 101->101
[2023-04-09T19:45:14.940+0800][3850.450s] GC(1387) Humongous regions: 76->76
[2023-04-09T19:45:14.940+0800][3850.450s] GC(1387) Metaspace: 62569K(65648K)->62569K(65648K) NonClass: 55615K(57508K)->55615K(57508K) Class: 6954K(8140K)->6954K(8140K)
[2023-04-09T19:45:14.940+0800][3850.450s] GC(1387) Pause Young (Concurrent Start) (G1 Humongous Allocation) 257M->191M(512M) 3.134ms
[2023-04-09T19:45:14.940+0800][3850.450s] GC(1387) User=0.00s Sys=0.00s Real=0.00s
[2023-04-09T19:45:14.940+0800][3850.450s] GC(1388) Concurrent Cycle
[2023-04-09T19:45:14.940+0800][3850.450s] GC(1388) Concurrent Clear Claimed Marks
[2023-04-09T19:45:14.941+0800][3850.450s] GC(1388) Concurrent Clear Claimed Marks 0.093ms
[2023-04-09T19:45:14.941+0800][3850.450s] GC(1388) Concurrent Scan Root Regions
[2023-04-09T19:45:14.941+0800][3850.451s] GC(1388) Concurrent Scan Root Regions 0.797ms
[2023-04-09T19:45:14.941+0800][3850.451s] GC(1388) Concurrent Mark (3850.451s)
[2023-04-09T19:45:14.941+0800][3850.451s] GC(1388) Concurrent Mark From Roots
[2023-04-09T19:45:14.941+0800][3850.451s] GC(1388) Using 2 workers of 2 for marking
[2023-04-09T19:45:14.973+0800][3850.482s] GC(1388) Concurrent Mark From Roots 31.412ms
[2023-04-09T19:45:14.973+0800][3850.482s] GC(1388) Concurrent Preclean
[2023-04-09T19:45:14.973+0800][3850.482s] GC(1388) Concurrent Preclean 0.263ms
[2023-04-09T19:45:14.973+0800][3850.482s] GC(1388) Concurrent Mark (3850.451s, 3850.482s) 31.766ms
[2023-04-09T19:45:14.973+0800][3850.483s] GC(1388) Pause Remark
[2023-04-09T19:45:14.978+0800][3850.487s] GC(1388) Cleaned string and symbol table, strings: 28078 processed, 0 removed, symbols: 172413 processed, 0 removed
[2023-04-09T19:45:14.978+0800][3850.487s] GC(1388) Pause Remark 222M->201M(512M) 4.510ms
[2023-04-09T19:45:14.978+0800][3850.487s] GC(1388) User=0.00s Sys=0.00s Real=0.00s
[2023-04-09T19:45:14.978+0800][3850.487s] GC(1388) Concurrent Rebuild Remembered Sets
[2023-04-09T19:45:14.995+0800][3850.504s] GC(1388) Concurrent Rebuild Remembered Sets 16.600ms
[2023-04-09T19:45:14.995+0800][3850.504s] GC(1388) Pause Cleanup
[2023-04-09T19:45:14.995+0800][3850.504s] GC(1388) Pause Cleanup 214M->214M(512M) 0.140ms
[2023-04-09T19:45:14.995+0800][3850.504s] GC(1388) User=0.00s Sys=0.00s Real=0.00s
[2023-04-09T19:45:14.995+0800][3850.504s] GC(1388) Concurrent Cleanup for Next Mark
[2023-04-09T19:45:14.996+0800][3850.505s] GC(1388) Concurrent Cleanup for Next Mark 0.766ms
[2023-04-09T19:45:14.996+0800][3850.505s] GC(1388) Concurrent Cycle 55.471ms
[2023-04-09T19:45:15.202+0800][3850.711s] GC(1389) Pause Young (Prepare Mixed) (G1 Evacuation Pause)
[2023-04-09T19:45:15.202+0800][3850.711s] GC(1389) Using 8 workers of 8 for evacuation
[2023-04-09T19:45:15.205+0800][3850.714s] GC(1389)   Pre Evacuate Collection Set: 0.1ms
[2023-04-09T19:45:15.205+0800][3850.714s] GC(1389)   Evacuate Collection Set: 2.4ms
[2023-04-09T19:45:15.205+0800][3850.714s] GC(1389)   Post Evacuate Collection Set: 0.6ms
[2023-04-09T19:45:15.205+0800][3850.714s] GC(1389)   Other: 0.2ms
[2023-04-09T19:45:15.205+0800][3850.714s] GC(1389) Eden regions: 221->0(5)
[2023-04-09T19:45:15.205+0800][3850.714s] GC(1389) Survivor regions: 15->20(30)
[2023-04-09T19:45:15.205+0800][3850.714s] GC(1389) Old regions: 101->101
[2023-04-09T19:45:15.205+0800][3850.714s] GC(1389) Humongous regions: 99->50
[2023-04-09T19:45:15.205+0800][3850.714s] GC(1389) Metaspace: 62569K(65648K)->62569K(65648K) NonClass: 55615K(57508K)->55615K(57508K) Class: 6954K(8140K)->6954K(8140K)
[2023-04-09T19:45:15.205+0800][3850.714s] GC(1389) Pause Young (Prepare Mixed) (G1 Evacuation Pause) 435M->169M(512M) 3.429ms
[2023-04-09T19:45:15.205+0800][3850.714s] GC(1389) User=0.00s Sys=0.00s Real=0.00s
[2023-04-09T19:45:15.210+0800][3850.719s] GC(1390) Pause Young (Mixed) (G1 Evacuation Pause)
[2023-04-09T19:45:15.210+0800][3850.719s] GC(1390) Using 8 workers of 8 for evacuation
[2023-04-09T19:45:15.213+0800][3850.722s] GC(1390)   Pre Evacuate Collection Set: 0.0ms
[2023-04-09T19:45:15.213+0800][3850.722s] GC(1390)   Evacuate Collection Set: 2.4ms
[2023-04-09T19:45:15.213+0800][3850.722s] GC(1390)   Post Evacuate Collection Set: 0.5ms
[2023-04-09T19:45:15.213+0800][3850.722s] GC(1390)   Other: 0.2ms
[2023-04-09T19:45:15.213+0800][3850.722s] GC(1390) Eden regions: 5->0(236)
[2023-04-09T19:45:15.213+0800][3850.722s] GC(1390) Survivor regions: 20->1(4)
[2023-04-09T19:45:15.213+0800][3850.722s] GC(1390) Old regions: 101->115
[2023-04-09T19:45:15.213+0800][3850.722s] GC(1390) Humongous regions: 50->50
[2023-04-09T19:45:15.213+0800][3850.722s] GC(1390) Metaspace: 62569K(65648K)->62569K(65648K) NonClass: 55615K(57508K)->55615K(57508K) Class: 6954K(8140K)->6954K(8140K)
[2023-04-09T19:45:15.213+0800][3850.722s] GC(1390) Pause Young (Mixed) (G1 Evacuation Pause) 174M->164M(512M) 3.250ms
[2023-04-09T19:45:15.213+0800][3850.722s] GC(1390) User=0.00s Sys=0.00s Real=0.00s
[2023-04-09T19:45:15.538+0800][3851.047s] GC(1391) Pause Young (Normal) (G1 Evacuation Pause)
[2023-04-09T19:45:15.538+0800][3851.047s] GC(1391) Using 8 workers of 8 for evacuation
[2023-04-09T19:45:15.540+0800][3851.049s] GC(1391)   Pre Evacuate Collection Set: 0.0ms
[2023-04-09T19:45:15.540+0800][3851.049s] GC(1391)   Evacuate Collection Set: 1.5ms
[2023-04-09T19:45:15.540+0800][3851.049s] GC(1391)   Post Evacuate Collection Set: 0.4ms
[2023-04-09T19:45:15.540+0800][3851.049s] GC(1391)   Other: 0.1ms
[2023-04-09T19:45:15.540+0800][3851.049s] GC(1391) Eden regions: 236->0(221)
[2023-04-09T19:45:15.540+0800][3851.049s] GC(1391) Survivor regions: 1->9(30)
[2023-04-09T19:45:15.540+0800][3851.049s] GC(1391) Old regions: 115->115
[2023-04-09T19:45:15.540+0800][3851.049s] GC(1391) Humongous regions: 78->78
[2023-04-09T19:45:15.540+0800][3851.049s] GC(1391) Metaspace: 62569K(65648K)->62569K(65648K) NonClass: 55615K(57508K)->55615K(57508K) Class: 6954K(8140K)->6954K(8140K)
[2023-04-09T19:45:15.540+0800][3851.049s] GC(1391) Pause Young (Normal) (G1 Evacuation Pause) 428M->200M(512M) 2.273ms
[2023-04-09T19:45:15.540+0800][3851.049s] GC(1391) User=0.00s Sys=0.00s Real=0.00s
[2023-04-09T19:45:15.889+0800][3851.398s] GC(1392) Pause Young (Normal) (G1 Evacuation Pause)
[2023-04-09T19:45:15.889+0800][3851.398s] GC(1392) Using 8 workers of 8 for evacuation
[2023-04-09T19:45:15.892+0800][3851.401s] GC(1392)   Pre Evacuate Collection Set: 0.0ms
[2023-04-09T19:45:15.892+0800][3851.401s] GC(1392)   Evacuate Collection Set: 1.9ms
[2023-04-09T19:45:15.892+0800][3851.401s] GC(1392)   Post Evacuate Collection Set: 0.5ms
[2023-04-09T19:45:15.892+0800][3851.401s] GC(1392)   Other: 0.2ms
[2023-04-09T19:45:15.892+0800][3851.401s] GC(1392) Eden regions: 221->0(220)
[2023-04-09T19:45:15.892+0800][3851.401s] GC(1392) Survivor regions: 9->14(29)
[2023-04-09T19:45:15.892+0800][3851.401s] GC(1392) Old regions: 115->115
[2023-04-09T19:45:15.892+0800][3851.401s] GC(1392) Humongous regions: 78->78
[2023-04-09T19:45:15.892+0800][3851.401s] GC(1392) Metaspace: 62569K(65648K)->62569K(65648K) NonClass: 55615K(57508K)->55615K(57508K) Class: 6954K(8140K)->6954K(8140K)
[2023-04-09T19:45:15.892+0800][3851.401s] GC(1392) Pause Young (Normal) (G1 Evacuation Pause) 421M->205M(512M) 2.741ms
[2023-04-09T19:45:15.892+0800][3851.401s] GC(1392) User=0.00s Sys=0.00s Real=0.00s
[2023-04-09T19:45:15.895+0800][3851.403s] GC(1393) Pause Young (Concurrent Start) (G1 Humongous Allocation)
[2023-04-09T19:45:15.895+0800][3851.403s] GC(1393) Using 8 workers of 8 for evacuation
[2023-04-09T19:45:15.897+0800][3851.406s] GC(1393)   Pre Evacuate Collection Set: 0.1ms
[2023-04-09T19:45:15.897+0800][3851.406s] GC(1393)   Evacuate Collection Set: 2.0ms
[2023-04-09T19:45:15.897+0800][3851.406s] GC(1393)   Post Evacuate Collection Set: 0.3ms
[2023-04-09T19:45:15.897+0800][3851.406s] GC(1393)   Other: 0.2ms
[2023-04-09T19:45:15.897+0800][3851.406s] GC(1393) Eden regions: 2->0(151)
[2023-04-09T19:45:15.897+0800][3851.406s] GC(1393) Survivor regions: 14->14(30)
[2023-04-09T19:45:15.897+0800][3851.406s] GC(1393) Old regions: 115->115
[2023-04-09T19:45:15.897+0800][3851.406s] GC(1393) Humongous regions: 78->78
[2023-04-09T19:45:15.897+0800][3851.406s] GC(1393) Metaspace: 62569K(65648K)->62569K(65648K) NonClass: 55615K(57508K)->55615K(57508K) Class: 6954K(8140K)->6954K(8140K)
[2023-04-09T19:45:15.897+0800][3851.406s] GC(1393) Pause Young (Concurrent Start) (G1 Humongous Allocation) 207M->205M(512M) 2.739ms
[2023-04-09T19:45:15.897+0800][3851.406s] GC(1393) User=0.00s Sys=0.00s Real=0.00s
[2023-04-09T19:45:15.897+0800][3851.406s] GC(1394) Concurrent Cycle
[2023-04-09T19:45:15.897+0800][3851.406s] GC(1394) Concurrent Clear Claimed Marks
[2023-04-09T19:45:15.898+0800][3851.406s] GC(1394) Concurrent Clear Claimed Marks 0.200ms
[2023-04-09T19:45:15.898+0800][3851.406s] GC(1394) Concurrent Scan Root Regions
[2023-04-09T19:45:15.900+0800][3851.409s] GC(1394) Concurrent Scan Root Regions 2.608ms
[2023-04-09T19:45:15.900+0800][3851.409s] GC(1394) Concurrent Mark (3851.409s)
[2023-04-09T19:45:15.900+0800][3851.409s] GC(1394) Concurrent Mark From Roots
[2023-04-09T19:45:15.900+0800][3851.409s] GC(1394) Using 2 workers of 2 for marking
[2023-04-09T19:45:15.938+0800][3851.446s] GC(1394) Concurrent Mark From Roots 37.282ms
[2023-04-09T19:45:15.938+0800][3851.446s] GC(1394) Concurrent Preclean
[2023-04-09T19:45:15.938+0800][3851.447s] GC(1394) Concurrent Preclean 0.308ms
[2023-04-09T19:45:15.938+0800][3851.447s] GC(1394) Concurrent Mark (3851.409s, 3851.447s) 37.705ms
[2023-04-09T19:45:15.938+0800][3851.447s] GC(1394) Pause Remark
[2023-04-09T19:45:15.943+0800][3851.452s] GC(1394) Cleaned string and symbol table, strings: 28078 processed, 0 removed, symbols: 172413 processed, 0 removed
[2023-04-09T19:45:15.943+0800][3851.452s] GC(1394) Pause Remark 249M->221M(512M) 4.962ms
[2023-04-09T19:45:15.943+0800][3851.452s] GC(1394) User=0.00s Sys=0.00s Real=0.01s
[2023-04-09T19:45:15.943+0800][3851.452s] GC(1394) Concurrent Rebuild Remembered Sets
[2023-04-09T19:45:15.962+0800][3851.470s] GC(1394) Concurrent Rebuild Remembered Sets 18.152ms
[2023-04-09T19:45:15.962+0800][3851.470s] GC(1394) Pause Cleanup
[2023-04-09T19:45:15.962+0800][3851.471s] GC(1394) Pause Cleanup 237M->237M(512M) 0.150ms
[2023-04-09T19:45:15.962+0800][3851.471s] GC(1394) User=0.00s Sys=0.00s Real=0.00s
[2023-04-09T19:45:15.962+0800][3851.471s] GC(1394) Concurrent Cleanup for Next Mark
[2023-04-09T19:45:15.963+0800][3851.471s] GC(1394) Concurrent Cleanup for Next Mark 0.807ms
[2023-04-09T19:45:15.963+0800][3851.472s] GC(1394) Concurrent Cycle 65.388ms
[2023-04-09T19:45:16.129+0800][3851.638s] GC(1395) Pause Young (Prepare Mixed) (G1 Evacuation Pause)
[2023-04-09T19:45:16.129+0800][3851.638s] GC(1395) Using 8 workers of 8 for evacuation
[2023-04-09T19:45:16.132+0800][3851.641s] GC(1395)   Pre Evacuate Collection Set: 0.0ms
[2023-04-09T19:45:16.132+0800][3851.641s] GC(1395)   Evacuate Collection Set: 2.4ms
[2023-04-09T19:45:16.132+0800][3851.641s] GC(1395)   Post Evacuate Collection Set: 0.5ms
[2023-04-09T19:45:16.133+0800][3851.641s] GC(1395)   Other: 0.2ms
[2023-04-09T19:45:16.133+0800][3851.641s] GC(1395) Eden regions: 151->0(13)
[2023-04-09T19:45:16.133+0800][3851.641s] GC(1395) Survivor regions: 14->12(21)
[2023-04-09T19:45:16.133+0800][3851.641s] GC(1395) Old regions: 115->122
[2023-04-09T19:45:16.133+0800][3851.641s] GC(1395) Humongous regions: 102->74
[2023-04-09T19:45:16.133+0800][3851.641s] GC(1395) Metaspace: 62569K(65648K)->62569K(65648K) NonClass: 55615K(57508K)->55615K(57508K) Class: 6954K(8140K)->6954K(8140K)
[2023-04-09T19:45:16.133+0800][3851.641s] GC(1395) Pause Young (Prepare Mixed) (G1 Evacuation Pause) 380M->206M(512M) 3.430ms
[2023-04-09T19:45:16.133+0800][3851.641s] GC(1395) User=0.00s Sys=0.00s Real=0.00s
[2023-04-09T19:45:16.155+0800][3851.664s] GC(1396) Pause Young (Mixed) (G1 Evacuation Pause)
[2023-04-09T19:45:16.155+0800][3851.664s] GC(1396) Using 8 workers of 8 for evacuation
[2023-04-09T19:45:16.157+0800][3851.666s] GC(1396)   Pre Evacuate Collection Set: 0.0ms
[2023-04-09T19:45:16.157+0800][3851.666s] GC(1396)   Evacuate Collection Set: 1.4ms
[2023-04-09T19:45:16.157+0800][3851.666s] GC(1396)   Post Evacuate Collection Set: 0.3ms
[2023-04-09T19:45:16.157+0800][3851.666s] GC(1396)   Other: 0.2ms
[2023-04-09T19:45:16.157+0800][3851.666s] GC(1396) Eden regions: 13->0(161)
[2023-04-09T19:45:16.157+0800][3851.666s] GC(1396) Survivor regions: 12->2(4)
[2023-04-09T19:45:16.157+0800][3851.666s] GC(1396) Old regions: 122->130
[2023-04-09T19:45:16.157+0800][3851.666s] GC(1396) Humongous regions: 74->74
[2023-04-09T19:45:16.157+0800][3851.666s] GC(1396) Metaspace: 62569K(65648K)->62569K(65648K) NonClass: 55615K(57508K)->55615K(57508K) Class: 6954K(8140K)->6954K(8140K)
[2023-04-09T19:45:16.157+0800][3851.666s] GC(1396) Pause Young (Mixed) (G1 Evacuation Pause) 219M->204M(512M) 2.057ms
[2023-04-09T19:45:16.157+0800][3851.666s] GC(1396) User=0.00s Sys=0.00s Real=0.00s
[2023-04-09T19:45:16.433+0800][3851.942s] GC(1397) Pause Young (Normal) (G1 Evacuation Pause)
[2023-04-09T19:45:16.433+0800][3851.942s] GC(1397) Using 8 workers of 8 for evacuation
[2023-04-09T19:45:16.435+0800][3851.943s] GC(1397)   Pre Evacuate Collection Set: 0.0ms
[2023-04-09T19:45:16.435+0800][3851.943s] GC(1397)   Evacuate Collection Set: 0.8ms
[2023-04-09T19:45:16.435+0800][3851.943s] GC(1397)   Post Evacuate Collection Set: 0.4ms
[2023-04-09T19:45:16.435+0800][3851.943s] GC(1397)   Other: 0.2ms
[2023-04-09T19:45:16.435+0800][3851.943s] GC(1397) Eden regions: 161->0(172)
[2023-04-09T19:45:16.435+0800][3851.943s] GC(1397) Survivor regions: 2->6(21)
[2023-04-09T19:45:16.435+0800][3851.943s] GC(1397) Old regions: 130->130
[2023-04-09T19:45:16.435+0800][3851.943s] GC(1397) Humongous regions: 75->66
[2023-04-09T19:45:16.435+0800][3851.943s] GC(1397) Metaspace: 62569K(65648K)->62569K(65648K) NonClass: 55615K(57508K)->55615K(57508K) Class: 6954K(8140K)->6954K(8140K)
[2023-04-09T19:45:16.435+0800][3851.943s] GC(1397) Pause Young (Normal) (G1 Evacuation Pause) 366M->200M(512M) 1.581ms
[2023-04-09T19:45:16.435+0800][3851.943s] GC(1397) User=0.02s Sys=0.00s Real=0.00s
[2023-04-09T19:45:16.833+0800][3852.343s] GC(1398) Pause Young (Normal) (G1 Evacuation Pause)
[2023-04-09T19:45:16.833+0800][3852.343s] GC(1398) Using 8 workers of 8 for evacuation
[2023-04-09T19:45:16.836+0800][3852.345s] GC(1398)   Pre Evacuate Collection Set: 0.0ms
[2023-04-09T19:45:16.836+0800][3852.345s] GC(1398)   Evacuate Collection Set: 1.9ms
[2023-04-09T19:45:16.836+0800][3852.345s] GC(1398)   Post Evacuate Collection Set: 0.4ms
[2023-04-09T19:45:16.836+0800][3852.345s] GC(1398)   Other: 0.2ms
[2023-04-09T19:45:16.836+0800][3852.345s] GC(1398) Eden regions: 172->0(158)
[2023-04-09T19:45:16.836+0800][3852.345s] GC(1398) Survivor regions: 6->11(23)
[2023-04-09T19:45:16.836+0800][3852.346s] GC(1398) Old regions: 130->130
[2023-04-09T19:45:16.836+0800][3852.346s] GC(1398) Humongous regions: 103->102
[2023-04-09T19:45:16.836+0800][3852.346s] GC(1398) Metaspace: 62569K(65648K)->62569K(65648K) NonClass: 55615K(57508K)->55615K(57508K) Class: 6954K(8140K)->6954K(8140K)
[2023-04-09T19:45:16.836+0800][3852.346s] GC(1398) Pause Young (Normal) (G1 Evacuation Pause) 409M->241M(512M) 2.942ms
[2023-04-09T19:45:16.836+0800][3852.346s] GC(1398) User=0.00s Sys=0.00s Real=0.00s
[2023-04-09T19:45:17.337+0800][3852.846s] GC(1399) Pause Young (Normal) (G1 Evacuation Pause)
[2023-04-09T19:45:17.337+0800][3852.846s] GC(1399) Using 8 workers of 8 for evacuation
[2023-04-09T19:45:17.339+0800][3852.848s] GC(1399)   Pre Evacuate Collection Set: 0.0ms
[2023-04-09T19:45:17.339+0800][3852.848s] GC(1399)   Evacuate Collection Set: 1.7ms
[2023-04-09T19:45:17.339+0800][3852.849s] GC(1399)   Post Evacuate Collection Set: 0.4ms
[2023-04-09T19:45:17.339+0800][3852.849s] GC(1399)   Other: 0.2ms
[2023-04-09T19:45:17.339+0800][3852.849s] GC(1399) Eden regions: 158->0(161)
[2023-04-09T19:45:17.339+0800][3852.849s] GC(1399) Survivor regions: 11->14(22)
[2023-04-09T19:45:17.339+0800][3852.849s] GC(1399) Old regions: 130->130
[2023-04-09T19:45:17.339+0800][3852.849s] GC(1399) Humongous regions: 103->103
[2023-04-09T19:45:17.340+0800][3852.849s] GC(1399) Metaspace: 62569K(65648K)->62569K(65648K) NonClass: 55615K(57508K)->55615K(57508K) Class: 6954K(8140K)->6954K(8140K)
[2023-04-09T19:45:17.340+0800][3852.849s] GC(1399) Pause Young (Normal) (G1 Evacuation Pause) 400M->245M(512M) 2.844ms
[2023-04-09T19:45:17.340+0800][3852.849s] GC(1399) User=0.06s Sys=0.00s Real=0.00s
[2023-04-09T19:45:17.671+0800][3853.180s] GC(1400) Pause Young (Normal) (G1 Evacuation Pause)
[2023-04-09T19:45:17.671+0800][3853.180s] GC(1400) Using 8 workers of 8 for evacuation
[2023-04-09T19:45:17.673+0800][3853.182s] GC(1400)   Pre Evacuate Collection Set: 0.0ms
[2023-04-09T19:45:17.673+0800][3853.182s] GC(1400)   Evacuate Collection Set: 1.5ms
[2023-04-09T19:45:17.673+0800][3853.182s] GC(1400)   Post Evacuate Collection Set: 0.4ms
[2023-04-09T19:45:17.673+0800][3853.183s] GC(1400)   Other: 0.2ms
[2023-04-09T19:45:17.673+0800][3853.183s] GC(1400) Eden regions: 161->0(164)
[2023-04-09T19:45:17.673+0800][3853.183s] GC(1400) Survivor regions: 14->10(22)
[2023-04-09T19:45:17.673+0800][3853.183s] GC(1400) Old regions: 130->133
[2023-04-09T19:45:17.673+0800][3853.183s] GC(1400) Humongous regions: 108->108
[2023-04-09T19:45:17.673+0800][3853.183s] GC(1400) Metaspace: 62569K(65648K)->62569K(65648K) NonClass: 55615K(57508K)->55615K(57508K) Class: 6954K(8140K)->6954K(8140K)
[2023-04-09T19:45:17.673+0800][3853.183s] GC(1400) Pause Young (Normal) (G1 Evacuation Pause) 411M->250M(512M) 2.283ms
[2023-04-09T19:45:17.673+0800][3853.183s] GC(1400) User=0.00s Sys=0.00s Real=0.00s
[2023-04-09T19:45:17.750+0800][3853.259s] GC(1401) Pause Young (Concurrent Start) (G1 Humongous Allocation)
[2023-04-09T19:45:17.750+0800][3853.260s] GC(1401) Using 8 workers of 8 for evacuation
[2023-04-09T19:45:17.752+0800][3853.262s] GC(1401)   Pre Evacuate Collection Set: 0.1ms
[2023-04-09T19:45:17.753+0800][3853.262s] GC(1401)   Evacuate Collection Set: 1.5ms
[2023-04-09T19:45:17.753+0800][3853.262s] GC(1401)   Post Evacuate Collection Set: 0.3ms
[2023-04-09T19:45:17.753+0800][3853.262s] GC(1401)   Other: 0.3ms
[2023-04-09T19:45:17.753+0800][3853.262s] GC(1401) Eden regions: 38->0(158)
[2023-04-09T19:45:17.753+0800][3853.262s] GC(1401) Survivor regions: 10->10(22)
[2023-04-09T19:45:17.753+0800][3853.262s] GC(1401) Old regions: 133->133
[2023-04-09T19:45:17.753+0800][3853.262s] GC(1401) Humongous regions: 108->108
[2023-04-09T19:45:17.753+0800][3853.262s] GC(1401) Metaspace: 62569K(65648K)->62569K(65648K) NonClass: 55615K(57508K)->55615K(57508K) Class: 6954K(8140K)->6954K(8140K)
[2023-04-09T19:45:17.753+0800][3853.262s] GC(1401) Pause Young (Concurrent Start) (G1 Humongous Allocation) 288M->250M(512M) 2.613ms
[2023-04-09T19:45:17.753+0800][3853.262s] GC(1401) User=0.00s Sys=0.00s Real=0.00s
[2023-04-09T19:45:17.753+0800][3853.262s] GC(1402) Concurrent Cycle
[2023-04-09T19:45:17.753+0800][3853.262s] GC(1402) Concurrent Clear Claimed Marks
[2023-04-09T19:45:17.753+0800][3853.262s] GC(1402) Concurrent Clear Claimed Marks 0.120ms
[2023-04-09T19:45:17.753+0800][3853.262s] GC(1402) Concurrent Scan Root Regions
[2023-04-09T19:45:17.754+0800][3853.263s] GC(1402) Concurrent Scan Root Regions 0.549ms
[2023-04-09T19:45:17.754+0800][3853.263s] GC(1402) Concurrent Mark (3853.263s)
[2023-04-09T19:45:17.754+0800][3853.263s] GC(1402) Concurrent Mark From Roots
[2023-04-09T19:45:17.754+0800][3853.263s] GC(1402) Using 2 workers of 2 for marking
[2023-04-09T19:45:17.790+0800][3853.300s] GC(1402) Concurrent Mark From Roots 36.770ms
[2023-04-09T19:45:17.790+0800][3853.300s] GC(1402) Concurrent Preclean
[2023-04-09T19:45:17.791+0800][3853.300s] GC(1402) Concurrent Preclean 0.291ms
[2023-04-09T19:45:17.791+0800][3853.300s] GC(1402) Concurrent Mark (3853.263s, 3853.300s) 37.168ms
[2023-04-09T19:45:17.791+0800][3853.300s] GC(1402) Pause Remark
[2023-04-09T19:45:17.795+0800][3853.305s] GC(1402) Cleaned string and symbol table, strings: 28078 processed, 0 removed, symbols: 172413 processed, 0 removed
[2023-04-09T19:45:17.796+0800][3853.305s] GC(1402) Pause Remark 258M->214M(512M) 4.810ms
[2023-04-09T19:45:17.796+0800][3853.305s] GC(1402) User=0.11s Sys=0.00s Real=0.01s
[2023-04-09T19:45:17.796+0800][3853.305s] GC(1402) Concurrent Rebuild Remembered Sets
[2023-04-09T19:45:17.817+0800][3853.327s] GC(1402) Concurrent Rebuild Remembered Sets 21.416ms
[2023-04-09T19:45:17.818+0800][3853.327s] GC(1402) Pause Cleanup
[2023-04-09T19:45:17.818+0800][3853.327s] GC(1402) Pause Cleanup 221M->221M(512M) 0.188ms
[2023-04-09T19:45:17.818+0800][3853.327s] GC(1402) User=0.00s Sys=0.00s Real=0.00s
[2023-04-09T19:45:17.818+0800][3853.327s] GC(1402) Concurrent Cleanup for Next Mark
[2023-04-09T19:45:17.819+0800][3853.328s] GC(1402) Concurrent Cleanup for Next Mark 0.896ms
[2023-04-09T19:45:17.819+0800][3853.328s] GC(1402) Concurrent Cycle 66.076ms
[2023-04-09T19:45:18.239+0800][3853.748s] GC(1403) Pause Young (Prepare Mixed) (G1 Evacuation Pause)
[2023-04-09T19:45:18.239+0800][3853.748s] GC(1403) Using 8 workers of 8 for evacuation
[2023-04-09T19:45:18.241+0800][3853.750s] GC(1403)   Pre Evacuate Collection Set: 0.0ms
[2023-04-09T19:45:18.241+0800][3853.750s] GC(1403)   Evacuate Collection Set: 1.3ms
[2023-04-09T19:45:18.241+0800][3853.750s] GC(1403)   Post Evacuate Collection Set: 0.3ms
[2023-04-09T19:45:18.241+0800][3853.750s] GC(1403)   Other: 0.2ms
[2023-04-09T19:45:18.241+0800][3853.750s] GC(1403) Eden regions: 158->0(14)
[2023-04-09T19:45:18.241+0800][3853.750s] GC(1403) Survivor regions: 10->11(21)
[2023-04-09T19:45:18.241+0800][3853.750s] GC(1403) Old regions: 133->133
[2023-04-09T19:45:18.241+0800][3853.750s] GC(1403) Humongous regions: 72->65
[2023-04-09T19:45:18.241+0800][3853.750s] GC(1403) Metaspace: 62569K(65648K)->62569K(65648K) NonClass: 55615K(57508K)->55615K(57508K) Class: 6954K(8140K)->6954K(8140K)
[2023-04-09T19:45:18.241+0800][3853.751s] GC(1403) Pause Young (Prepare Mixed) (G1 Evacuation Pause) 372M->208M(512M) 2.059ms
[2023-04-09T19:45:18.241+0800][3853.751s] GC(1403) User=0.00s Sys=0.00s Real=0.00s
[2023-04-09T19:45:18.260+0800][3853.769s] GC(1404) Pause Young (Mixed) (G1 Evacuation Pause)
[2023-04-09T19:45:18.260+0800][3853.769s] GC(1404) Using 8 workers of 8 for evacuation
[2023-04-09T19:45:18.262+0800][3853.771s] GC(1404)   Pre Evacuate Collection Set: 0.1ms
[2023-04-09T19:45:18.262+0800][3853.771s] GC(1404)   Evacuate Collection Set: 1.9ms
[2023-04-09T19:45:18.262+0800][3853.771s] GC(1404)   Post Evacuate Collection Set: 0.5ms
[2023-04-09T19:45:18.262+0800][3853.771s] GC(1404)   Other: 0.2ms
[2023-04-09T19:45:18.262+0800][3853.771s] GC(1404) Eden regions: 14->0(191)
[2023-04-09T19:45:18.262+0800][3853.771s] GC(1404) Survivor regions: 11->1(4)
[2023-04-09T19:45:18.262+0800][3853.771s] GC(1404) Old regions: 133->131
[2023-04-09T19:45:18.262+0800][3853.771s] GC(1404) Humongous regions: 65->65
[2023-04-09T19:45:18.262+0800][3853.771s] GC(1404) Metaspace: 62569K(65648K)->62569K(65648K) NonClass: 55615K(57508K)->55615K(57508K) Class: 6954K(8140K)->6954K(8140K)
[2023-04-09T19:45:18.262+0800][3853.771s] GC(1404) Pause Young (Mixed) (G1 Evacuation Pause) 222M->195M(512M) 2.867ms
[2023-04-09T19:45:18.262+0800][3853.771s] GC(1404) User=0.11s Sys=0.02s Real=0.00s
[2023-04-09T19:45:18.668+0800][3854.177s] GC(1405) Pause Young (Normal) (G1 Evacuation Pause)
[2023-04-09T19:45:18.668+0800][3854.177s] GC(1405) Using 8 workers of 8 for evacuation
[2023-04-09T19:45:18.669+0800][3854.178s] GC(1405)   Pre Evacuate Collection Set: 0.0ms
[2023-04-09T19:45:18.670+0800][3854.178s] GC(1405)   Evacuate Collection Set: 0.6ms
[2023-04-09T19:45:18.670+0800][3854.178s] GC(1405)   Post Evacuate Collection Set: 0.3ms
[2023-04-09T19:45:18.670+0800][3854.179s] GC(1405)   Other: 0.2ms
[2023-04-09T19:45:18.670+0800][3854.179s] GC(1405) Eden regions: 191->0(198)
[2023-04-09T19:45:18.670+0800][3854.179s] GC(1405) Survivor regions: 1->3(24)
[2023-04-09T19:45:18.670+0800][3854.179s] GC(1405) Old regions: 131->131
[2023-04-09T19:45:18.670+0800][3854.179s] GC(1405) Humongous regions: 65->65
[2023-04-09T19:45:18.670+0800][3854.179s] GC(1405) Metaspace: 62569K(65648K)->62569K(65648K) NonClass: 55615K(57508K)->55615K(57508K) Class: 6954K(8140K)->6954K(8140K)
[2023-04-09T19:45:18.670+0800][3854.179s] GC(1405) Pause Young (Normal) (G1 Evacuation Pause) 386M->198M(512M) 1.378ms
[2023-04-09T19:45:18.670+0800][3854.179s] GC(1405) User=0.00s Sys=0.00s Real=0.00s
[2023-04-09T19:45:18.857+0800][3854.365s] GC(1406) Pause Young (Normal) (G1 Evacuation Pause)
[2023-04-09T19:45:18.857+0800][3854.365s] GC(1406) Using 8 workers of 8 for evacuation
[2023-04-09T19:45:18.858+0800][3854.366s] GC(1406)   Pre Evacuate Collection Set: 0.0ms
[2023-04-09T19:45:18.858+0800][3854.367s] GC(1406)   Evacuate Collection Set: 0.7ms
[2023-04-09T19:45:18.858+0800][3854.367s] GC(1406)   Post Evacuate Collection Set: 0.3ms
[2023-04-09T19:45:18.858+0800][3854.367s] GC(1406)   Other: 0.2ms
[2023-04-09T19:45:18.858+0800][3854.367s] GC(1406) Eden regions: 198->0(202)
[2023-04-09T19:45:18.858+0800][3854.367s] GC(1406) Survivor regions: 3->5(26)
[2023-04-09T19:45:18.858+0800][3854.367s] GC(1406) Old regions: 131->131
[2023-04-09T19:45:18.858+0800][3854.367s] GC(1406) Humongous regions: 66->66
[2023-04-09T19:45:18.858+0800][3854.367s] GC(1406) Metaspace: 62569K(65648K)->62569K(65648K) NonClass: 55615K(57508K)->55615K(57508K) Class: 6954K(8140K)->6954K(8140K)
[2023-04-09T19:45:18.858+0800][3854.367s] GC(1406) Pause Young (Normal) (G1 Evacuation Pause) 397M->201M(512M) 1.421ms
[2023-04-09T19:45:18.858+0800][3854.367s] GC(1406) User=0.00s Sys=0.00s Real=0.00s
[2023-04-09T19:45:19.008+0800][3854.516s] GC(1407) Pause Young (Normal) (G1 Evacuation Pause)
[2023-04-09T19:45:19.008+0800][3854.516s] GC(1407) Using 8 workers of 8 for evacuation
[2023-04-09T19:45:19.009+0800][3854.517s] GC(1407)   Pre Evacuate Collection Set: 0.0ms
[2023-04-09T19:45:19.009+0800][3854.517s] GC(1407)   Evacuate Collection Set: 0.7ms
[2023-04-09T19:45:19.009+0800][3854.518s] GC(1407)   Post Evacuate Collection Set: 0.4ms
[2023-04-09T19:45:19.009+0800][3854.518s] GC(1407)   Other: 0.2ms
[2023-04-09T19:45:19.009+0800][3854.518s] GC(1407) Eden regions: 202->0(206)
[2023-04-09T19:45:19.009+0800][3854.518s] GC(1407) Survivor regions: 5->7(26)
[2023-04-09T19:45:19.009+0800][3854.518s] GC(1407) Old regions: 131->131
[2023-04-09T19:45:19.009+0800][3854.518s] GC(1407) Humongous regions: 66->66
[2023-04-09T19:45:19.009+0800][3854.518s] GC(1407) Metaspace: 62569K(65648K)->62569K(65648K) NonClass: 55615K(57508K)->55615K(57508K) Class: 6954K(8140K)->6954K(8140K)
[2023-04-09T19:45:19.009+0800][3854.518s] GC(1407) Pause Young (Normal) (G1 Evacuation Pause) 403M->203M(512M) 1.839ms
[2023-04-09T19:45:19.010+0800][3854.518s] GC(1407) User=0.00s Sys=0.00s Real=0.00s
[2023-04-09T19:45:19.171+0800][3854.679s] GC(1408) Pause Young (Normal) (G1 Evacuation Pause)
[2023-04-09T19:45:19.171+0800][3854.679s] GC(1408) Using 8 workers of 8 for evacuation
[2023-04-09T19:45:19.172+0800][3854.681s] GC(1408)   Pre Evacuate Collection Set: 0.0ms
[2023-04-09T19:45:19.172+0800][3854.681s] GC(1408)   Evacuate Collection Set: 0.9ms
[2023-04-09T19:45:19.172+0800][3854.681s] GC(1408)   Post Evacuate Collection Set: 0.6ms
[2023-04-09T19:45:19.172+0800][3854.681s] GC(1408)   Other: 0.1ms
[2023-04-09T19:45:19.172+0800][3854.681s] GC(1408) Eden regions: 206->0(208)
[2023-04-09T19:45:19.172+0800][3854.681s] GC(1408) Survivor regions: 7->9(27)
[2023-04-09T19:45:19.173+0800][3854.681s] GC(1408) Old regions: 131->131
[2023-04-09T19:45:19.173+0800][3854.681s] GC(1408) Humongous regions: 68->67
[2023-04-09T19:45:19.173+0800][3854.681s] GC(1408) Metaspace: 62569K(65648K)->62569K(65648K) NonClass: 55615K(57508K)->55615K(57508K) Class: 6954K(8140K)->6954K(8140K)
[2023-04-09T19:45:19.173+0800][3854.681s] GC(1408) Pause Young (Normal) (G1 Evacuation Pause) 411M->205M(512M) 1.885ms
[2023-04-09T19:45:19.173+0800][3854.681s] GC(1408) User=0.00s Sys=0.00s Real=0.00s
[2023-04-09T19:45:19.318+0800][3854.827s] GC(1409) Pause Young (Normal) (G1 Evacuation Pause)
[2023-04-09T19:45:19.318+0800][3854.827s] GC(1409) Using 8 workers of 8 for evacuation
[2023-04-09T19:45:19.320+0800][3854.829s] GC(1409)   Pre Evacuate Collection Set: 0.0ms
[2023-04-09T19:45:19.320+0800][3854.829s] GC(1409)   Evacuate Collection Set: 1.3ms
[2023-04-09T19:45:19.320+0800][3854.829s] GC(1409)   Post Evacuate Collection Set: 0.4ms
[2023-04-09T19:45:19.320+0800][3854.829s] GC(1409)   Other: 0.2ms
[2023-04-09T19:45:19.320+0800][3854.829s] GC(1409) Eden regions: 208->0(211)
[2023-04-09T19:45:19.320+0800][3854.829s] GC(1409) Survivor regions: 9->10(28)
[2023-04-09T19:45:19.320+0800][3854.829s] GC(1409) Old regions: 131->131
[2023-04-09T19:45:19.320+0800][3854.829s] GC(1409) Humongous regions: 68->68
[2023-04-09T19:45:19.320+0800][3854.829s] GC(1409) Metaspace: 62569K(65648K)->62569K(65648K) NonClass: 55615K(57508K)->55615K(57508K) Class: 6954K(8140K)->6954K(8140K)
[2023-04-09T19:45:19.320+0800][3854.829s] GC(1409) Pause Young (Normal) (G1 Evacuation Pause) 414M->207M(512M) 2.037ms
[2023-04-09T19:45:19.320+0800][3854.829s] GC(1409) User=0.00s Sys=0.00s Real=0.00s
[2023-04-09T19:45:19.490+0800][3855.000s] GC(1410) Pause Young (Normal) (G1 Evacuation Pause)
[2023-04-09T19:45:19.491+0800][3855.000s] GC(1410) Using 8 workers of 8 for evacuation
[2023-04-09T19:45:19.492+0800][3855.002s] GC(1410)   Pre Evacuate Collection Set: 0.0ms
[2023-04-09T19:45:19.493+0800][3855.002s] GC(1410)   Evacuate Collection Set: 1.3ms
[2023-04-09T19:45:19.493+0800][3855.002s] GC(1410)   Post Evacuate Collection Set: 0.5ms
[2023-04-09T19:45:19.493+0800][3855.002s] GC(1410)   Other: 0.2ms
[2023-04-09T19:45:19.493+0800][3855.002s] GC(1410) Eden regions: 211->0(213)
[2023-04-09T19:45:19.493+0800][3855.002s] GC(1410) Survivor regions: 10->12(28)
[2023-04-09T19:45:19.493+0800][3855.002s] GC(1410) Old regions: 131->131
[2023-04-09T19:45:19.493+0800][3855.002s] GC(1410) Humongous regions: 68->68
[2023-04-09T19:45:19.493+0800][3855.002s] GC(1410) Metaspace: 62569K(65648K)->62569K(65648K) NonClass: 55615K(57508K)->55615K(57508K) Class: 6954K(8140K)->6954K(8140K)
[2023-04-09T19:45:19.493+0800][3855.002s] GC(1410) Pause Young (Normal) (G1 Evacuation Pause) 418M->209M(512M) 2.313ms
[2023-04-09T19:45:19.493+0800][3855.002s] GC(1410) User=0.00s Sys=0.00s Real=0.00s
[2023-04-09T19:45:19.642+0800][3855.151s] GC(1411) Pause Young (Concurrent Start) (G1 Humongous Allocation)
[2023-04-09T19:45:19.642+0800][3855.151s] GC(1411) Using 8 workers of 8 for evacuation
[2023-04-09T19:45:19.644+0800][3855.153s] GC(1411)   Pre Evacuate Collection Set: 0.1ms
[2023-04-09T19:45:19.644+0800][3855.153s] GC(1411)   Evacuate Collection Set: 1.7ms
[2023-04-09T19:45:19.644+0800][3855.153s] GC(1411)   Post Evacuate Collection Set: 0.4ms
[2023-04-09T19:45:19.644+0800][3855.153s] GC(1411)   Other: 0.2ms
[2023-04-09T19:45:19.644+0800][3855.153s] GC(1411) Eden regions: 174->0(212)
[2023-04-09T19:45:19.644+0800][3855.153s] GC(1411) Survivor regions: 12->14(29)
[2023-04-09T19:45:19.644+0800][3855.153s] GC(1411) Old regions: 131->131
[2023-04-09T19:45:19.644+0800][3855.153s] GC(1411) Humongous regions: 68->68
[2023-04-09T19:45:19.644+0800][3855.153s] GC(1411) Metaspace: 62569K(65648K)->62569K(65648K) NonClass: 55615K(57508K)->55615K(57508K) Class: 6954K(8140K)->6954K(8140K)
[2023-04-09T19:45:19.644+0800][3855.153s] GC(1411) Pause Young (Concurrent Start) (G1 Humongous Allocation) 383M->211M(512M) 2.668ms
[2023-04-09T19:45:19.644+0800][3855.153s] GC(1411) User=0.00s Sys=0.00s Real=0.00s
[2023-04-09T19:45:19.644+0800][3855.153s] GC(1412) Concurrent Cycle
[2023-04-09T19:45:19.644+0800][3855.153s] GC(1412) Concurrent Clear Claimed Marks
[2023-04-09T19:45:19.644+0800][3855.154s] GC(1412) Concurrent Clear Claimed Marks 0.107ms
[2023-04-09T19:45:19.644+0800][3855.154s] GC(1412) Concurrent Scan Root Regions
[2023-04-09T19:45:19.645+0800][3855.154s] GC(1412) Concurrent Scan Root Regions 0.521ms
[2023-04-09T19:45:19.645+0800][3855.154s] GC(1412) Concurrent Mark (3855.154s)
[2023-04-09T19:45:19.645+0800][3855.154s] GC(1412) Concurrent Mark From Roots
[2023-04-09T19:45:19.645+0800][3855.154s] GC(1412) Using 2 workers of 2 for marking
[2023-04-09T19:45:19.685+0800][3855.194s] GC(1412) Concurrent Mark From Roots 40.129ms
[2023-04-09T19:45:19.685+0800][3855.194s] GC(1412) Concurrent Preclean
[2023-04-09T19:45:19.686+0800][3855.195s] GC(1412) Concurrent Preclean 0.331ms
[2023-04-09T19:45:19.686+0800][3855.195s] GC(1412) Concurrent Mark (3855.154s, 3855.195s) 40.573ms
[2023-04-09T19:45:19.686+0800][3855.195s] GC(1412) Pause Remark
[2023-04-09T19:45:19.690+0800][3855.199s] GC(1412) Cleaned string and symbol table, strings: 28078 processed, 0 removed, symbols: 172413 processed, 0 removed
[2023-04-09T19:45:19.690+0800][3855.200s] GC(1412) Pause Remark 249M->240M(512M) 4.669ms
[2023-04-09T19:45:19.690+0800][3855.200s] GC(1412) User=0.00s Sys=0.00s Real=0.00s
[2023-04-09T19:45:19.690+0800][3855.200s] GC(1412) Concurrent Rebuild Remembered Sets
[2023-04-09T19:45:19.708+0800][3855.218s] GC(1412) Concurrent Rebuild Remembered Sets 18.076ms
[2023-04-09T19:45:19.709+0800][3855.218s] GC(1412) Pause Cleanup
[2023-04-09T19:45:19.709+0800][3855.218s] GC(1412) Pause Cleanup 259M->259M(512M) 0.162ms
[2023-04-09T19:45:19.709+0800][3855.218s] GC(1412) User=0.00s Sys=0.00s Real=0.00s
[2023-04-09T19:45:19.709+0800][3855.218s] GC(1412) Concurrent Cleanup for Next Mark
[2023-04-09T19:45:19.710+0800][3855.219s] GC(1412) Concurrent Cleanup for Next Mark 0.747ms
[2023-04-09T19:45:19.710+0800][3855.219s] GC(1412) Concurrent Cycle 65.583ms
[2023-04-09T19:45:19.896+0800][3855.406s] GC(1413) Pause Young (Prepare Mixed) (G1 Evacuation Pause)
[2023-04-09T19:45:19.896+0800][3855.406s] GC(1413) Using 8 workers of 8 for evacuation
[2023-04-09T19:45:19.899+0800][3855.408s] GC(1413)   Pre Evacuate Collection Set: 0.0ms
[2023-04-09T19:45:19.899+0800][3855.408s] GC(1413)   Evacuate Collection Set: 1.6ms
[2023-04-09T19:45:19.899+0800][3855.408s] GC(1413)   Post Evacuate Collection Set: 0.5ms
[2023-04-09T19:45:19.899+0800][3855.408s] GC(1413)   Other: 0.3ms
[2023-04-09T19:45:19.899+0800][3855.408s] GC(1413) Eden regions: 212->0(14)
[2023-04-09T19:45:19.899+0800][3855.408s] GC(1413) Survivor regions: 14->11(29)
[2023-04-09T19:45:19.899+0800][3855.408s] GC(1413) Old regions: 131->131
[2023-04-09T19:45:19.899+0800][3855.409s] GC(1413) Humongous regions: 67->65
[2023-04-09T19:45:19.899+0800][3855.409s] GC(1413) Metaspace: 62569K(65648K)->62569K(65648K) NonClass: 55615K(57508K)->55615K(57508K) Class: 6954K(8140K)->6954K(8140K)
[2023-04-09T19:45:19.899+0800][3855.409s] GC(1413) Pause Young (Prepare Mixed) (G1 Evacuation Pause) 422M->205M(512M) 2.749ms
[2023-04-09T19:45:19.899+0800][3855.409s] GC(1413) User=0.00s Sys=0.00s Real=0.00s
[2023-04-09T19:45:19.913+0800][3855.423s] GC(1414) Pause Young (Mixed) (G1 Evacuation Pause)
[2023-04-09T19:45:19.913+0800][3855.423s] GC(1414) Using 8 workers of 8 for evacuation
[2023-04-09T19:45:19.916+0800][3855.425s] GC(1414)   Pre Evacuate Collection Set: 0.0ms
[2023-04-09T19:45:19.916+0800][3855.425s] GC(1414)   Evacuate Collection Set: 1.7ms
[2023-04-09T19:45:19.916+0800][3855.425s] GC(1414)   Post Evacuate Collection Set: 0.3ms
[2023-04-09T19:45:19.916+0800][3855.425s] GC(1414)   Other: 0.2ms
[2023-04-09T19:45:19.916+0800][3855.425s] GC(1414) Eden regions: 14->0(220)
[2023-04-09T19:45:19.916+0800][3855.425s] GC(1414) Survivor regions: 11->1(4)
[2023-04-09T19:45:19.916+0800][3855.425s] GC(1414) Old regions: 131->139
[2023-04-09T19:45:19.916+0800][3855.425s] GC(1414) Humongous regions: 65->65
[2023-04-09T19:45:19.916+0800][3855.425s] GC(1414) Metaspace: 62569K(65648K)->62569K(65648K) NonClass: 55615K(57508K)->55615K(57508K) Class: 6954K(8140K)->6954K(8140K)
[2023-04-09T19:45:19.916+0800][3855.425s] GC(1414) Pause Young (Mixed) (G1 Evacuation Pause) 219M->203M(512M) 2.453ms
[2023-04-09T19:45:19.916+0800][3855.425s] GC(1414) User=0.00s Sys=0.00s Real=0.00s
[2023-04-09T19:45:20.078+0800][3855.587s] GC(1415) Pause Young (Normal) (G1 Evacuation Pause)
[2023-04-09T19:45:20.078+0800][3855.587s] GC(1415) Using 8 workers of 8 for evacuation
[2023-04-09T19:45:20.080+0800][3855.589s] GC(1415)   Pre Evacuate Collection Set: 0.0ms
[2023-04-09T19:45:20.080+0800][3855.589s] GC(1415)   Evacuate Collection Set: 0.6ms
[2023-04-09T19:45:20.080+0800][3855.589s] GC(1415)   Post Evacuate Collection Set: 0.6ms
[2023-04-09T19:45:20.080+0800][3855.589s] GC(1415)   Other: 0.2ms
[2023-04-09T19:45:20.080+0800][3855.589s] GC(1415) Eden regions: 220->0(218)
[2023-04-09T19:45:20.080+0800][3855.589s] GC(1415) Survivor regions: 1->4(28)
[2023-04-09T19:45:20.080+0800][3855.589s] GC(1415) Old regions: 139->139
[2023-04-09T19:45:20.080+0800][3855.589s] GC(1415) Humongous regions: 70->70
[2023-04-09T19:45:20.080+0800][3855.589s] GC(1415) Metaspace: 62569K(65648K)->62569K(65648K) NonClass: 55615K(57508K)->55615K(57508K) Class: 6954K(8140K)->6954K(8140K)
[2023-04-09T19:45:20.080+0800][3855.589s] GC(1415) Pause Young (Normal) (G1 Evacuation Pause) 428M->212M(512M) 1.573ms
[2023-04-09T19:45:20.080+0800][3855.589s] GC(1415) User=0.00s Sys=0.00s Real=0.00s
[2023-04-09T19:45:20.280+0800][3855.790s] GC(1416) Pause Young (Normal) (G1 Evacuation Pause)
[2023-04-09T19:45:20.281+0800][3855.790s] GC(1416) Using 8 workers of 8 for evacuation
[2023-04-09T19:45:20.282+0800][3855.791s] GC(1416)   Pre Evacuate Collection Set: 0.0ms
[2023-04-09T19:45:20.282+0800][3855.791s] GC(1416)   Evacuate Collection Set: 0.7ms
[2023-04-09T19:45:20.282+0800][3855.791s] GC(1416)   Post Evacuate Collection Set: 0.5ms
[2023-04-09T19:45:20.282+0800][3855.791s] GC(1416)   Other: 0.2ms
[2023-04-09T19:45:20.282+0800][3855.791s] GC(1416) Eden regions: 218->0(221)
[2023-04-09T19:45:20.282+0800][3855.791s] GC(1416) Survivor regions: 4->4(28)
[2023-04-09T19:45:20.282+0800][3855.791s] GC(1416) Old regions: 139->139
[2023-04-09T19:45:20.282+0800][3855.791s] GC(1416) Humongous regions: 70->70
[2023-04-09T19:45:20.282+0800][3855.791s] GC(1416) Metaspace: 62569K(65648K)->62569K(65648K) NonClass: 55615K(57508K)->55615K(57508K) Class: 6954K(8140K)->6954K(8140K)
[2023-04-09T19:45:20.282+0800][3855.791s] GC(1416) Pause Young (Normal) (G1 Evacuation Pause) 430M->211M(512M) 1.576ms
[2023-04-09T19:45:20.282+0800][3855.791s] GC(1416) User=0.00s Sys=0.00s Real=0.00s
[2023-04-09T19:45:20.419+0800][3855.927s] GC(1417) Pause Young (Concurrent Start) (G1 Humongous Allocation)
[2023-04-09T19:45:20.419+0800][3855.927s] GC(1417) Using 8 workers of 8 for evacuation
[2023-04-09T19:45:20.421+0800][3855.929s] GC(1417)   Pre Evacuate Collection Set: 0.1ms
[2023-04-09T19:45:20.421+0800][3855.929s] GC(1417)   Evacuate Collection Set: 1.3ms
[2023-04-09T19:45:20.421+0800][3855.929s] GC(1417)   Post Evacuate Collection Set: 0.5ms
[2023-04-09T19:45:20.421+0800][3855.929s] GC(1417)   Other: 0.3ms
[2023-04-09T19:45:20.421+0800][3855.929s] GC(1417) Eden regions: 184->0(216)
[2023-04-09T19:45:20.421+0800][3855.929s] GC(1417) Survivor regions: 4->7(29)
[2023-04-09T19:45:20.421+0800][3855.929s] GC(1417) Old regions: 139->139
[2023-04-09T19:45:20.421+0800][3855.929s] GC(1417) Humongous regions: 70->70
[2023-04-09T19:45:20.421+0800][3855.929s] GC(1417) Metaspace: 62569K(65648K)->62569K(65648K) NonClass: 55615K(57508K)->55615K(57508K) Class: 6954K(8140K)->6954K(8140K)
[2023-04-09T19:45:20.421+0800][3855.929s] GC(1417) Pause Young (Concurrent Start) (G1 Humongous Allocation) 395M->215M(512M) 2.381ms
[2023-04-09T19:45:20.421+0800][3855.929s] GC(1417) User=0.00s Sys=0.00s Real=0.00s
[2023-04-09T19:45:20.421+0800][3855.930s] GC(1418) Concurrent Cycle
[2023-04-09T19:45:20.421+0800][3855.930s] GC(1418) Concurrent Clear Claimed Marks
[2023-04-09T19:45:20.421+0800][3855.930s] GC(1418) Concurrent Clear Claimed Marks 0.087ms
[2023-04-09T19:45:20.421+0800][3855.930s] GC(1418) Concurrent Scan Root Regions
[2023-04-09T19:45:20.422+0800][3855.930s] GC(1418) Concurrent Scan Root Regions 0.409ms
[2023-04-09T19:45:20.422+0800][3855.930s] GC(1418) Concurrent Mark (3855.930s)
[2023-04-09T19:45:20.422+0800][3855.930s] GC(1418) Concurrent Mark From Roots
[2023-04-09T19:45:20.422+0800][3855.930s] GC(1418) Using 2 workers of 2 for marking
[2023-04-09T19:45:20.453+0800][3855.962s] GC(1418) Concurrent Mark From Roots 31.817ms
[2023-04-09T19:45:20.453+0800][3855.962s] GC(1418) Concurrent Preclean
[2023-04-09T19:45:20.454+0800][3855.962s] GC(1418) Concurrent Preclean 0.315ms
[2023-04-09T19:45:20.454+0800][3855.962s] GC(1418) Concurrent Mark (3855.930s, 3855.962s) 32.212ms
[2023-04-09T19:45:20.454+0800][3855.963s] GC(1418) Pause Remark
[2023-04-09T19:45:20.458+0800][3855.967s] GC(1418) Cleaned string and symbol table, strings: 28078 processed, 0 removed, symbols: 172413 processed, 0 removed
[2023-04-09T19:45:20.459+0800][3855.967s] GC(1418) Pause Remark 253M->196M(512M) 4.376ms
[2023-04-09T19:45:20.459+0800][3855.967s] GC(1418) User=0.00s Sys=0.00s Real=0.01s
[2023-04-09T19:45:20.459+0800][3855.967s] GC(1418) Concurrent Rebuild Remembered Sets
[2023-04-09T19:45:20.475+0800][3855.984s] GC(1418) Concurrent Rebuild Remembered Sets 16.651ms
[2023-04-09T19:45:20.476+0800][3855.984s] GC(1418) Pause Cleanup
[2023-04-09T19:45:20.476+0800][3855.984s] GC(1418) Pause Cleanup 218M->218M(512M) 0.158ms
[2023-04-09T19:45:20.476+0800][3855.984s] GC(1418) User=0.00s Sys=0.00s Real=0.00s
[2023-04-09T19:45:20.476+0800][3855.984s] GC(1418) Concurrent Cleanup for Next Mark
[2023-04-09T19:45:20.477+0800][3855.985s] GC(1418) Concurrent Cleanup for Next Mark 0.769ms
[2023-04-09T19:45:20.477+0800][3855.985s] GC(1418) Concurrent Cycle 55.670ms
[2023-04-09T19:45:20.671+0800][3856.180s] GC(1419) Pause Young (Prepare Mixed) (G1 Evacuation Pause)
[2023-04-09T19:45:20.671+0800][3856.180s] GC(1419) Using 8 workers of 8 for evacuation
[2023-04-09T19:45:20.674+0800][3856.182s] GC(1419)   Pre Evacuate Collection Set: 0.0ms
[2023-04-09T19:45:20.674+0800][3856.182s] GC(1419)   Evacuate Collection Set: 1.7ms
[2023-04-09T19:45:20.674+0800][3856.182s] GC(1419)   Post Evacuate Collection Set: 0.5ms
[2023-04-09T19:45:20.674+0800][3856.182s] GC(1419)   Other: 0.2ms
[2023-04-09T19:45:20.674+0800][3856.182s] GC(1419) Eden regions: 216->0(14)
[2023-04-09T19:45:20.674+0800][3856.182s] GC(1419) Survivor regions: 7->11(28)
[2023-04-09T19:45:20.674+0800][3856.182s] GC(1419) Old regions: 139->139
[2023-04-09T19:45:20.674+0800][3856.182s] GC(1419) Humongous regions: 33->23
[2023-04-09T19:45:20.674+0800][3856.182s] GC(1419) Metaspace: 62569K(65648K)->62569K(65648K) NonClass: 55615K(57508K)->55615K(57508K) Class: 6954K(8140K)->6954K(8140K)
[2023-04-09T19:45:20.674+0800][3856.182s] GC(1419) Pause Young (Prepare Mixed) (G1 Evacuation Pause) 394M->172M(512M) 2.582ms
[2023-04-09T19:45:20.674+0800][3856.183s] GC(1419) User=0.00s Sys=0.00s Real=0.00s
[2023-04-09T19:45:20.685+0800][3856.194s] GC(1420) Pause Young (Mixed) (G1 Evacuation Pause)
[2023-04-09T19:45:20.685+0800][3856.194s] GC(1420) Using 8 workers of 8 for evacuation
[2023-04-09T19:45:20.688+0800][3856.197s] GC(1420)   Pre Evacuate Collection Set: 0.0ms
[2023-04-09T19:45:20.688+0800][3856.197s] GC(1420)   Evacuate Collection Set: 2.1ms
[2023-04-09T19:45:20.688+0800][3856.197s] GC(1420)   Post Evacuate Collection Set: 0.5ms
[2023-04-09T19:45:20.688+0800][3856.197s] GC(1420)   Other: 0.2ms
[2023-04-09T19:45:20.688+0800][3856.197s] GC(1420) Eden regions: 14->0(244)
[2023-04-09T19:45:20.688+0800][3856.197s] GC(1420) Survivor regions: 11->1(4)
[2023-04-09T19:45:20.688+0800][3856.197s] GC(1420) Old regions: 139->137
[2023-04-09T19:45:20.688+0800][3856.197s] GC(1420) Humongous regions: 23->23
[2023-04-09T19:45:20.688+0800][3856.197s] GC(1420) Metaspace: 62569K(65648K)->62569K(65648K) NonClass: 55615K(57508K)->55615K(57508K) Class: 6954K(8140K)->6954K(8140K)
[2023-04-09T19:45:20.688+0800][3856.197s] GC(1420) Pause Young (Mixed) (G1 Evacuation Pause) 186M->160M(512M) 2.987ms
[2023-04-09T19:45:20.688+0800][3856.197s] GC(1420) User=0.00s Sys=0.00s Real=0.00s
[2023-04-09T19:45:20.940+0800][3856.450s] GC(1421) Pause Young (Normal) (G1 Evacuation Pause)
[2023-04-09T19:45:20.940+0800][3856.450s] GC(1421) Using 8 workers of 8 for evacuation
[2023-04-09T19:45:20.942+0800][3856.451s] GC(1421)   Pre Evacuate Collection Set: 0.0ms
[2023-04-09T19:45:20.942+0800][3856.451s] GC(1421)   Evacuate Collection Set: 1.2ms
[2023-04-09T19:45:20.942+0800][3856.451s] GC(1421)   Post Evacuate Collection Set: 0.4ms
[2023-04-09T19:45:20.942+0800][3856.451s] GC(1421)   Other: 0.1ms
[2023-04-09T19:45:20.942+0800][3856.451s] GC(1421) Eden regions: 244->0(238)
[2023-04-09T19:45:20.942+0800][3856.452s] GC(1421) Survivor regions: 1->10(31)
[2023-04-09T19:45:20.942+0800][3856.452s] GC(1421) Old regions: 137->137
[2023-04-09T19:45:20.942+0800][3856.452s] GC(1421) Humongous regions: 52->31
[2023-04-09T19:45:20.942+0800][3856.452s] GC(1421) Metaspace: 62569K(65648K)->62569K(65648K) NonClass: 55615K(57508K)->55615K(57508K) Class: 6954K(8140K)->6954K(8140K)
[2023-04-09T19:45:20.942+0800][3856.452s] GC(1421) Pause Young (Normal) (G1 Evacuation Pause) 433M->176M(512M) 2.037ms
[2023-04-09T19:45:20.942+0800][3856.452s] GC(1421) User=0.00s Sys=0.00s Real=0.00s
[2023-04-09T19:45:20.943+0800][3856.452s] GC(1422) Pause Young (Concurrent Start) (G1 Humongous Allocation)
[2023-04-09T19:45:20.943+0800][3856.452s] GC(1422) Using 8 workers of 8 for evacuation
[2023-04-09T19:45:20.945+0800][3856.454s] GC(1422)   Pre Evacuate Collection Set: 0.1ms
[2023-04-09T19:45:20.945+0800][3856.454s] GC(1422)   Evacuate Collection Set: 1.5ms
[2023-04-09T19:45:20.945+0800][3856.454s] GC(1422)   Post Evacuate Collection Set: 0.3ms
[2023-04-09T19:45:20.945+0800][3856.454s] GC(1422)   Other: 0.2ms
[2023-04-09T19:45:20.945+0800][3856.454s] GC(1422) Eden regions: 1->0(222)
[2023-04-09T19:45:20.945+0800][3856.454s] GC(1422) Survivor regions: 10->10(31)
[2023-04-09T19:45:20.945+0800][3856.454s] GC(1422) Old regions: 137->137
[2023-04-09T19:45:20.945+0800][3856.455s] GC(1422) Humongous regions: 35->35
[2023-04-09T19:45:20.945+0800][3856.455s] GC(1422) Metaspace: 62569K(65648K)->62569K(65648K) NonClass: 55615K(57508K)->55615K(57508K) Class: 6954K(8140K)->6954K(8140K)
[2023-04-09T19:45:20.945+0800][3856.455s] GC(1422) Pause Young (Concurrent Start) (G1 Humongous Allocation) 181M->180M(512M) 2.318ms
[2023-04-09T19:45:20.945+0800][3856.455s] GC(1422) User=0.00s Sys=0.00s Real=0.00s
[2023-04-09T19:45:20.945+0800][3856.455s] GC(1423) Concurrent Cycle
[2023-04-09T19:45:20.945+0800][3856.455s] GC(1423) Concurrent Clear Claimed Marks
[2023-04-09T19:45:20.945+0800][3856.455s] GC(1423) Concurrent Clear Claimed Marks 0.135ms
[2023-04-09T19:45:20.945+0800][3856.455s] GC(1423) Concurrent Scan Root Regions
[2023-04-09T19:45:20.946+0800][3856.455s] GC(1423) Concurrent Scan Root Regions 0.556ms
[2023-04-09T19:45:20.946+0800][3856.455s] GC(1423) Concurrent Mark (3856.455s)
[2023-04-09T19:45:20.946+0800][3856.455s] GC(1423) Concurrent Mark From Roots
[2023-04-09T19:45:20.946+0800][3856.455s] GC(1423) Using 2 workers of 2 for marking
[2023-04-09T19:45:20.976+0800][3856.486s] GC(1423) Concurrent Mark From Roots 30.297ms
[2023-04-09T19:45:20.976+0800][3856.486s] GC(1423) Concurrent Preclean
[2023-04-09T19:45:20.977+0800][3856.486s] GC(1423) Concurrent Preclean 0.288ms
[2023-04-09T19:45:20.977+0800][3856.486s] GC(1423) Concurrent Mark (3856.455s, 3856.486s) 30.673ms
[2023-04-09T19:45:20.977+0800][3856.486s] GC(1423) Pause Remark
[2023-04-09T19:45:20.981+0800][3856.491s] GC(1423) Cleaned string and symbol table, strings: 28078 processed, 0 removed, symbols: 172413 processed, 0 removed
[2023-04-09T19:45:20.982+0800][3856.491s] GC(1423) Pause Remark 216M->180M(512M) 4.682ms
[2023-04-09T19:45:20.982+0800][3856.491s] GC(1423) User=0.11s Sys=0.00s Real=0.01s
[2023-04-09T19:45:20.982+0800][3856.491s] GC(1423) Concurrent Rebuild Remembered Sets
[2023-04-09T19:45:20.998+0800][3856.507s] GC(1423) Concurrent Rebuild Remembered Sets 16.295ms
[2023-04-09T19:45:20.998+0800][3856.508s] GC(1423) Pause Cleanup
[2023-04-09T19:45:20.999+0800][3856.508s] GC(1423) Pause Cleanup 191M->191M(512M) 0.170ms
[2023-04-09T19:45:20.999+0800][3856.508s] GC(1423) User=0.00s Sys=0.00s Real=0.00s
[2023-04-09T19:45:20.999+0800][3856.508s] GC(1423) Concurrent Cleanup for Next Mark
[2023-04-09T19:45:21.000+0800][3856.509s] GC(1423) Concurrent Cleanup for Next Mark 0.922ms
[2023-04-09T19:45:21.000+0800][3856.509s] GC(1423) Concurrent Cycle 54.416ms
[2023-04-09T19:45:21.215+0800][3856.724s] GC(1424) Pause Young (Prepare Mixed) (G1 Evacuation Pause)
[2023-04-09T19:45:21.215+0800][3856.724s] GC(1424) Using 8 workers of 8 for evacuation
[2023-04-09T19:45:21.219+0800][3856.728s] GC(1424)   Pre Evacuate Collection Set: 0.0ms
[2023-04-09T19:45:21.219+0800][3856.728s] GC(1424)   Evacuate Collection Set: 2.3ms
[2023-04-09T19:45:21.219+0800][3856.728s] GC(1424)   Post Evacuate Collection Set: 0.7ms
[2023-04-09T19:45:21.219+0800][3856.728s] GC(1424)   Other: 0.4ms
[2023-04-09T19:45:21.219+0800][3856.728s] GC(1424) Eden regions: 222->0(8)
[2023-04-09T19:45:21.219+0800][3856.728s] GC(1424) Survivor regions: 10->17(29)
[2023-04-09T19:45:21.219+0800][3856.728s] GC(1424) Old regions: 117->117
[2023-04-09T19:45:21.219+0800][3856.728s] GC(1424) Humongous regions: 64->25
[2023-04-09T19:45:21.219+0800][3856.728s] GC(1424) Metaspace: 62569K(65648K)->62569K(65648K) NonClass: 55615K(57508K)->55615K(57508K) Class: 6954K(8140K)->6954K(8140K)
[2023-04-09T19:45:21.219+0800][3856.728s] GC(1424) Pause Young (Prepare Mixed) (G1 Evacuation Pause) 411M->158M(512M) 3.628ms
[2023-04-09T19:45:21.219+0800][3856.728s] GC(1424) User=0.00s Sys=0.00s Real=0.00s
[2023-04-09T19:45:21.228+0800][3856.737s] GC(1425) Pause Young (Mixed) (G1 Evacuation Pause)
[2023-04-09T19:45:21.228+0800][3856.737s] GC(1425) Using 8 workers of 8 for evacuation
[2023-04-09T19:45:21.233+0800][3856.742s] GC(1425)   Pre Evacuate Collection Set: 0.1ms
[2023-04-09T19:45:21.233+0800][3856.742s] GC(1425)   Evacuate Collection Set: 3.5ms
[2023-04-09T19:45:21.233+0800][3856.742s] GC(1425)   Post Evacuate Collection Set: 0.5ms
[2023-04-09T19:45:21.233+0800][3856.742s] GC(1425)   Other: 0.3ms
[2023-04-09T19:45:21.233+0800][3856.742s] GC(1425) Eden regions: 8->0(266)
[2023-04-09T19:45:21.233+0800][3856.742s] GC(1425) Survivor regions: 17->1(4)
[2023-04-09T19:45:21.233+0800][3856.742s] GC(1425) Old regions: 117->91
[2023-04-09T19:45:21.233+0800][3856.742s] GC(1425) Humongous regions: 25->25
[2023-04-09T19:45:21.233+0800][3856.742s] GC(1425) Metaspace: 62569K(65648K)->62569K(65648K) NonClass: 55615K(57508K)->55615K(57508K) Class: 6954K(8140K)->6954K(8140K)
[2023-04-09T19:45:21.233+0800][3856.742s] GC(1425) Pause Young (Mixed) (G1 Evacuation Pause) 166M->116M(512M) 4.661ms
[2023-04-09T19:45:21.233+0800][3856.742s] GC(1425) User=0.09s Sys=0.00s Real=0.01s
[2023-04-09T19:45:21.537+0800][3857.046s] GC(1426) Pause Young (Normal) (G1 Evacuation Pause)
[2023-04-09T19:45:21.537+0800][3857.046s] GC(1426) Using 8 workers of 8 for evacuation
[2023-04-09T19:45:21.539+0800][3857.048s] GC(1426)   Pre Evacuate Collection Set: 0.0ms
[2023-04-09T19:45:21.539+0800][3857.048s] GC(1426)   Evacuate Collection Set: 1.6ms
[2023-04-09T19:45:21.539+0800][3857.048s] GC(1426)   Post Evacuate Collection Set: 0.5ms
[2023-04-09T19:45:21.539+0800][3857.048s] GC(1426)   Other: 0.2ms
[2023-04-09T19:45:21.539+0800][3857.048s] GC(1426) Eden regions: 266->0(256)
[2023-04-09T19:45:21.539+0800][3857.048s] GC(1426) Survivor regions: 1->12(34)
[2023-04-09T19:45:21.539+0800][3857.048s] GC(1426) Old regions: 91->91
[2023-04-09T19:45:21.539+0800][3857.048s] GC(1426) Humongous regions: 68->40
[2023-04-09T19:45:21.539+0800][3857.048s] GC(1426) Metaspace: 62570K(65648K)->62570K(65648K) NonClass: 55615K(57508K)->55615K(57508K) Class: 6954K(8140K)->6954K(8140K)
[2023-04-09T19:45:21.539+0800][3857.048s] GC(1426) Pause Young (Normal) (G1 Evacuation Pause) 425M->142M(512M) 2.547ms
[2023-04-09T19:45:21.539+0800][3857.048s] GC(1426) User=0.00s Sys=0.00s Real=0.00s
[2023-04-09T19:45:21.781+0800][3857.290s] GC(1427) Pause Young (Concurrent Start) (G1 Humongous Allocation)
[2023-04-09T19:45:21.781+0800][3857.290s] GC(1427) Using 8 workers of 8 for evacuation
[2023-04-09T19:45:21.784+0800][3857.293s] GC(1427)   Pre Evacuate Collection Set: 0.1ms
[2023-04-09T19:45:21.784+0800][3857.293s] GC(1427)   Evacuate Collection Set: 2.2ms
[2023-04-09T19:45:21.784+0800][3857.293s] GC(1427)   Post Evacuate Collection Set: 0.6ms
[2023-04-09T19:45:21.784+0800][3857.293s] GC(1427)   Other: 0.2ms
[2023-04-09T19:45:21.784+0800][3857.293s] GC(1427) Eden regions: 151->0(252)
[2023-04-09T19:45:21.784+0800][3857.293s] GC(1427) Survivor regions: 12->14(34)
[2023-04-09T19:45:21.784+0800][3857.293s] GC(1427) Old regions: 91->91
[2023-04-09T19:45:21.784+0800][3857.293s] GC(1427) Humongous regions: 40->40
[2023-04-09T19:45:21.784+0800][3857.293s] GC(1427) Metaspace: 62570K(65648K)->62570K(65648K) NonClass: 55615K(57508K)->55615K(57508K) Class: 6954K(8140K)->6954K(8140K)
[2023-04-09T19:45:21.784+0800][3857.293s] GC(1427) Pause Young (Concurrent Start) (G1 Humongous Allocation) 292M->144M(512M) 3.283ms
[2023-04-09T19:45:21.784+0800][3857.293s] GC(1427) User=0.00s Sys=0.00s Real=0.00s
[2023-04-09T19:45:21.784+0800][3857.293s] GC(1428) Concurrent Cycle
[2023-04-09T19:45:21.784+0800][3857.293s] GC(1428) Concurrent Clear Claimed Marks
[2023-04-09T19:45:21.785+0800][3857.293s] GC(1428) Concurrent Clear Claimed Marks 0.124ms
[2023-04-09T19:45:21.785+0800][3857.293s] GC(1428) Concurrent Scan Root Regions
[2023-04-09T19:45:21.785+0800][3857.294s] GC(1428) Concurrent Scan Root Regions 0.594ms
[2023-04-09T19:45:21.785+0800][3857.294s] GC(1428) Concurrent Mark (3857.294s)
[2023-04-09T19:45:21.785+0800][3857.294s] GC(1428) Concurrent Mark From Roots
[2023-04-09T19:45:21.785+0800][3857.294s] GC(1428) Using 2 workers of 2 for marking
[2023-04-09T19:45:21.818+0800][3857.327s] GC(1428) Concurrent Mark From Roots 33.189ms
[2023-04-09T19:45:21.818+0800][3857.327s] GC(1428) Concurrent Preclean
[2023-04-09T19:45:21.819+0800][3857.328s] GC(1428) Concurrent Preclean 0.407ms
[2023-04-09T19:45:21.819+0800][3857.328s] GC(1428) Concurrent Mark (3857.294s, 3857.328s) 33.727ms
[2023-04-09T19:45:21.819+0800][3857.328s] GC(1428) Pause Remark
[2023-04-09T19:45:21.824+0800][3857.333s] GC(1428) Cleaned string and symbol table, strings: 28079 processed, 0 removed, symbols: 172413 processed, 0 removed
[2023-04-09T19:45:21.825+0800][3857.334s] GC(1428) Pause Remark 166M->152M(512M) 5.609ms
[2023-04-09T19:45:21.825+0800][3857.334s] GC(1428) User=0.11s Sys=0.00s Real=0.01s
[2023-04-09T19:45:21.825+0800][3857.334s] GC(1428) Concurrent Rebuild Remembered Sets
[2023-04-09T19:45:21.842+0800][3857.350s] GC(1428) Concurrent Rebuild Remembered Sets 16.842ms
[2023-04-09T19:45:21.842+0800][3857.351s] GC(1428) Pause Cleanup
[2023-04-09T19:45:21.842+0800][3857.351s] GC(1428) Pause Cleanup 161M->161M(512M) 0.207ms
[2023-04-09T19:45:21.842+0800][3857.351s] GC(1428) User=0.00s Sys=0.00s Real=0.00s
[2023-04-09T19:45:21.842+0800][3857.351s] GC(1428) Concurrent Cleanup for Next Mark
[2023-04-09T19:45:21.843+0800][3857.352s] GC(1428) Concurrent Cleanup for Next Mark 0.857ms
[2023-04-09T19:45:21.843+0800][3857.352s] GC(1428) Concurrent Cycle 58.831ms
[2023-04-09T19:45:22.445+0800][3857.954s] GC(1429) Pause Young (Prepare Mixed) (G1 Evacuation Pause)
[2023-04-09T19:45:22.445+0800][3857.954s] GC(1429) Using 8 workers of 8 for evacuation
[2023-04-09T19:45:22.447+0800][3857.956s] GC(1429)   Pre Evacuate Collection Set: 0.0ms
[2023-04-09T19:45:22.447+0800][3857.956s] GC(1429)   Evacuate Collection Set: 1.8ms
[2023-04-09T19:45:22.447+0800][3857.956s] GC(1429)   Post Evacuate Collection Set: 0.5ms
[2023-04-09T19:45:22.447+0800][3857.956s] GC(1429)   Other: 0.2ms
[2023-04-09T19:45:22.447+0800][3857.956s] GC(1429) Eden regions: 252->0(11)
[2023-04-09T19:45:22.447+0800][3857.956s] GC(1429) Survivor regions: 14->14(34)
[2023-04-09T19:45:22.447+0800][3857.956s] GC(1429) Old regions: 91->91
[2023-04-09T19:45:22.447+0800][3857.956s] GC(1429) Humongous regions: 39->32
[2023-04-09T19:45:22.447+0800][3857.956s] GC(1429) Metaspace: 62570K(65648K)->62570K(65648K) NonClass: 55615K(57508K)->55615K(57508K) Class: 6954K(8140K)->6954K(8140K)
[2023-04-09T19:45:22.447+0800][3857.957s] GC(1429) Pause Young (Prepare Mixed) (G1 Evacuation Pause) 395M->136M(512M) 2.663ms
[2023-04-09T19:45:22.447+0800][3857.957s] GC(1429) User=0.00s Sys=0.00s Real=0.00s
[2023-04-09T19:45:22.463+0800][3857.972s] GC(1430) Pause Young (Mixed) (G1 Evacuation Pause)
[2023-04-09T19:45:22.463+0800][3857.972s] GC(1430) Using 8 workers of 8 for evacuation
[2023-04-09T19:45:22.466+0800][3857.975s] GC(1430)   Pre Evacuate Collection Set: 0.0ms
[2023-04-09T19:45:22.466+0800][3857.975s] GC(1430)   Evacuate Collection Set: 2.6ms
[2023-04-09T19:45:22.466+0800][3857.975s] GC(1430)   Post Evacuate Collection Set: 0.3ms
[2023-04-09T19:45:22.466+0800][3857.975s] GC(1430)   Other: 0.3ms
[2023-04-09T19:45:22.466+0800][3857.976s] GC(1430) Eden regions: 11->0(262)
[2023-04-09T19:45:22.466+0800][3857.976s] GC(1430) Survivor regions: 14->1(4)
[2023-04-09T19:45:22.467+0800][3857.976s] GC(1430) Old regions: 91->102
[2023-04-09T19:45:22.467+0800][3857.976s] GC(1430) Humongous regions: 32->32
[2023-04-09T19:45:22.467+0800][3857.976s] GC(1430) Metaspace: 62570K(65648K)->62570K(65648K) NonClass: 55615K(57508K)->55615K(57508K) Class: 6954K(8140K)->6954K(8140K)
[2023-04-09T19:45:22.467+0800][3857.976s] GC(1430) Pause Young (Mixed) (G1 Evacuation Pause) 147M->133M(512M) 3.676ms
[2023-04-09T19:45:22.467+0800][3857.976s] GC(1430) User=0.08s Sys=0.00s Real=0.00s
[2023-04-09T19:45:22.962+0800][3858.471s] GC(1431) Pause Young (Normal) (G1 Evacuation Pause)
[2023-04-09T19:45:22.962+0800][3858.471s] GC(1431) Using 8 workers of 8 for evacuation
[2023-04-09T19:45:22.963+0800][3858.472s] GC(1431)   Pre Evacuate Collection Set: 0.0ms
[2023-04-09T19:45:22.963+0800][3858.472s] GC(1431)   Evacuate Collection Set: 0.7ms
[2023-04-09T19:45:22.963+0800][3858.472s] GC(1431)   Post Evacuate Collection Set: 0.6ms
[2023-04-09T19:45:22.963+0800][3858.472s] GC(1431)   Other: 0.1ms
[2023-04-09T19:45:22.963+0800][3858.472s] GC(1431) Eden regions: 262->0(266)
[2023-04-09T19:45:22.963+0800][3858.472s] GC(1431) Survivor regions: 1->4(33)
[2023-04-09T19:45:22.963+0800][3858.472s] GC(1431) Old regions: 102->102
[2023-04-09T19:45:22.963+0800][3858.472s] GC(1431) Humongous regions: 33->33
[2023-04-09T19:45:22.963+0800][3858.472s] GC(1431) Metaspace: 62570K(65648K)->62570K(65648K) NonClass: 55615K(57508K)->55615K(57508K) Class: 6954K(8140K)->6954K(8140K)
[2023-04-09T19:45:22.963+0800][3858.472s] GC(1431) Pause Young (Normal) (G1 Evacuation Pause) 396M->138M(512M) 1.564ms
[2023-04-09T19:45:22.963+0800][3858.472s] GC(1431) User=0.00s Sys=0.00s Real=0.00s
[2023-04-09T19:45:23.188+0800][3858.697s] GC(1432) Pause Young (Concurrent Start) (G1 Humongous Allocation)
[2023-04-09T19:45:23.188+0800][3858.697s] GC(1432) Using 8 workers of 8 for evacuation
[2023-04-09T19:45:23.190+0800][3858.699s] GC(1432)   Pre Evacuate Collection Set: 0.1ms
[2023-04-09T19:45:23.190+0800][3858.699s] GC(1432)   Evacuate Collection Set: 1.2ms
[2023-04-09T19:45:23.190+0800][3858.699s] GC(1432)   Post Evacuate Collection Set: 0.4ms
[2023-04-09T19:45:23.190+0800][3858.699s] GC(1432)   Other: 0.2ms
[2023-04-09T19:45:23.190+0800][3858.699s] GC(1432) Eden regions: 152->0(228)
[2023-04-09T19:45:23.190+0800][3858.699s] GC(1432) Survivor regions: 4->7(34)
[2023-04-09T19:45:23.190+0800][3858.699s] GC(1432) Old regions: 102->102
[2023-04-09T19:45:23.190+0800][3858.699s] GC(1432) Humongous regions: 33->33
[2023-04-09T19:45:23.190+0800][3858.699s] GC(1432) Metaspace: 62570K(65648K)->62570K(65648K) NonClass: 55615K(57508K)->55615K(57508K) Class: 6954K(8140K)->6954K(8140K)
[2023-04-09T19:45:23.190+0800][3858.699s] GC(1432) Pause Young (Concurrent Start) (G1 Humongous Allocation) 290M->141M(512M) 2.272ms
[2023-04-09T19:45:23.190+0800][3858.699s] GC(1432) User=0.00s Sys=0.00s Real=0.00s
[2023-04-09T19:45:23.190+0800][3858.699s] GC(1433) Concurrent Cycle
[2023-04-09T19:45:23.191+0800][3858.699s] GC(1433) Concurrent Clear Claimed Marks
[2023-04-09T19:45:23.191+0800][3858.699s] GC(1433) Concurrent Clear Claimed Marks 0.124ms
[2023-04-09T19:45:23.191+0800][3858.699s] GC(1433) Concurrent Scan Root Regions
[2023-04-09T19:45:23.191+0800][3858.700s] GC(1433) Concurrent Scan Root Regions 0.400ms
[2023-04-09T19:45:23.191+0800][3858.700s] GC(1433) Concurrent Mark (3858.700s)
[2023-04-09T19:45:23.191+0800][3858.700s] GC(1433) Concurrent Mark From Roots
[2023-04-09T19:45:23.191+0800][3858.700s] GC(1433) Using 2 workers of 2 for marking
[2023-04-09T19:45:23.218+0800][3858.727s] GC(1433) Concurrent Mark From Roots 26.943ms
[2023-04-09T19:45:23.218+0800][3858.727s] GC(1433) Concurrent Preclean
[2023-04-09T19:45:23.218+0800][3858.727s] GC(1433) Concurrent Preclean 0.329ms
[2023-04-09T19:45:23.218+0800][3858.727s] GC(1433) Concurrent Mark (3858.700s, 3858.727s) 27.377ms
[2023-04-09T19:45:23.219+0800][3858.727s] GC(1433) Pause Remark
[2023-04-09T19:45:23.223+0800][3858.731s] GC(1433) Cleaned string and symbol table, strings: 28079 processed, 1 removed, symbols: 172413 processed, 0 removed
[2023-04-09T19:45:23.223+0800][3858.732s] GC(1433) Pause Remark 157M->148M(512M) 4.330ms
[2023-04-09T19:45:23.223+0800][3858.732s] GC(1433) User=0.00s Sys=0.00s Real=0.00s
[2023-04-09T19:45:23.223+0800][3858.732s] GC(1433) Concurrent Rebuild Remembered Sets
[2023-04-09T19:45:23.237+0800][3858.746s] GC(1433) Concurrent Rebuild Remembered Sets 13.738ms
[2023-04-09T19:45:23.237+0800][3858.746s] GC(1433) Pause Cleanup
[2023-04-09T19:45:23.237+0800][3858.746s] GC(1433) Pause Cleanup 157M->157M(512M) 0.202ms
[2023-04-09T19:45:23.237+0800][3858.746s] GC(1433) User=0.00s Sys=0.00s Real=0.00s
[2023-04-09T19:45:23.238+0800][3858.746s] GC(1433) Concurrent Cleanup for Next Mark
[2023-04-09T19:45:23.238+0800][3858.747s] GC(1433) Concurrent Cleanup for Next Mark 0.731ms
[2023-04-09T19:45:23.238+0800][3858.747s] GC(1433) Concurrent Cycle 47.889ms
[2023-04-09T19:45:23.609+0800][3859.118s] GC(1434) Pause Young (Prepare Mixed) (G1 Evacuation Pause)
[2023-04-09T19:45:23.609+0800][3859.118s] GC(1434) Using 8 workers of 8 for evacuation
[2023-04-09T19:45:23.611+0800][3859.120s] GC(1434)   Pre Evacuate Collection Set: 0.0ms
[2023-04-09T19:45:23.611+0800][3859.120s] GC(1434)   Evacuate Collection Set: 1.3ms
[2023-04-09T19:45:23.611+0800][3859.120s] GC(1434)   Post Evacuate Collection Set: 0.4ms
[2023-04-09T19:45:23.611+0800][3859.120s] GC(1434)   Other: 0.2ms
[2023-04-09T19:45:23.611+0800][3859.120s] GC(1434) Eden regions: 228->0(14)
[2023-04-09T19:45:23.611+0800][3859.120s] GC(1434) Survivor regions: 7->11(30)
[2023-04-09T19:45:23.611+0800][3859.120s] GC(1434) Old regions: 102->102
[2023-04-09T19:45:23.611+0800][3859.120s] GC(1434) Humongous regions: 27->26
[2023-04-09T19:45:23.611+0800][3859.120s] GC(1434) Metaspace: 62570K(65648K)->62570K(65648K) NonClass: 55615K(57508K)->55615K(57508K) Class: 6954K(8140K)->6954K(8140K)
[2023-04-09T19:45:23.611+0800][3859.120s] GC(1434) Pause Young (Prepare Mixed) (G1 Evacuation Pause) 363M->138M(512M) 2.391ms
[2023-04-09T19:45:23.611+0800][3859.120s] GC(1434) User=0.00s Sys=0.00s Real=0.00s
[2023-04-09T19:45:23.641+0800][3859.150s] GC(1435) Pause Young (Mixed) (G1 Evacuation Pause)
[2023-04-09T19:45:23.641+0800][3859.150s] GC(1435) Using 8 workers of 8 for evacuation
[2023-04-09T19:45:23.643+0800][3859.152s] GC(1435)   Pre Evacuate Collection Set: 0.0ms
[2023-04-09T19:45:23.643+0800][3859.152s] GC(1435)   Evacuate Collection Set: 1.4ms
[2023-04-09T19:45:23.643+0800][3859.152s] GC(1435)   Post Evacuate Collection Set: 0.6ms
[2023-04-09T19:45:23.643+0800][3859.152s] GC(1435)   Other: 0.2ms
[2023-04-09T19:45:23.643+0800][3859.152s] GC(1435) Eden regions: 14->0(237)
[2023-04-09T19:45:23.643+0800][3859.152s] GC(1435) Survivor regions: 11->1(4)
[2023-04-09T19:45:23.643+0800][3859.152s] GC(1435) Old regions: 102->110
[2023-04-09T19:45:23.643+0800][3859.152s] GC(1435) Humongous regions: 26->26
[2023-04-09T19:45:23.643+0800][3859.152s] GC(1435) Metaspace: 62570K(65648K)->62570K(65648K) NonClass: 55615K(57508K)->55615K(57508K) Class: 6954K(8140K)->6954K(8140K)
[2023-04-09T19:45:23.643+0800][3859.152s] GC(1435) Pause Young (Mixed) (G1 Evacuation Pause) 152M->135M(512M) 2.331ms
[2023-04-09T19:45:23.643+0800][3859.152s] GC(1435) User=0.00s Sys=0.00s Real=0.00s
[2023-04-09T19:45:24.204+0800][3859.713s] GC(1436) Pause Young (Normal) (G1 Evacuation Pause)
[2023-04-09T19:45:24.204+0800][3859.713s] GC(1436) Using 8 workers of 8 for evacuation
[2023-04-09T19:45:24.205+0800][3859.714s] GC(1436)   Pre Evacuate Collection Set: 0.0ms
[2023-04-09T19:45:24.205+0800][3859.714s] GC(1436)   Evacuate Collection Set: 0.7ms
[2023-04-09T19:45:24.205+0800][3859.714s] GC(1436)   Post Evacuate Collection Set: 0.5ms
[2023-04-09T19:45:24.205+0800][3859.714s] GC(1436)   Other: 0.1ms
[2023-04-09T19:45:24.205+0800][3859.714s] GC(1436) Eden regions: 237->0(240)
[2023-04-09T19:45:24.205+0800][3859.714s] GC(1436) Survivor regions: 1->5(30)
[2023-04-09T19:45:24.205+0800][3859.714s] GC(1436) Old regions: 110->110
[2023-04-09T19:45:24.205+0800][3859.714s] GC(1436) Humongous regions: 39->32
[2023-04-09T19:45:24.205+0800][3859.714s] GC(1436) Metaspace: 62570K(65648K)->62570K(65648K) NonClass: 55615K(57508K)->55615K(57508K) Class: 6954K(8140K)->6954K(8140K)
[2023-04-09T19:45:24.205+0800][3859.714s] GC(1436) Pause Young (Normal) (G1 Evacuation Pause) 385M->145M(512M) 1.502ms
[2023-04-09T19:45:24.205+0800][3859.714s] GC(1436) User=0.00s Sys=0.00s Real=0.00s
[2023-04-09T19:45:24.687+0800][3860.196s] GC(1437) Pause Young (Normal) (G1 Evacuation Pause)
[2023-04-09T19:45:24.687+0800][3860.196s] GC(1437) Using 8 workers of 8 for evacuation
[2023-04-09T19:45:24.688+0800][3860.198s] GC(1437)   Pre Evacuate Collection Set: 0.0ms
[2023-04-09T19:45:24.688+0800][3860.198s] GC(1437)   Evacuate Collection Set: 0.7ms
[2023-04-09T19:45:24.688+0800][3860.198s] GC(1437)   Post Evacuate Collection Set: 0.4ms
[2023-04-09T19:45:24.688+0800][3860.198s] GC(1437)   Other: 0.2ms
[2023-04-09T19:45:24.688+0800][3860.198s] GC(1437) Eden regions: 240->0(247)
[2023-04-09T19:45:24.689+0800][3860.198s] GC(1437) Survivor regions: 5->6(31)
[2023-04-09T19:45:24.689+0800][3860.198s] GC(1437) Old regions: 110->110
[2023-04-09T19:45:24.689+0800][3860.198s] GC(1437) Humongous regions: 32->32
[2023-04-09T19:45:24.689+0800][3860.198s] GC(1437) Metaspace: 62570K(65648K)->62570K(65648K) NonClass: 55615K(57508K)->55615K(57508K) Class: 6954K(8140K)->6954K(8140K)
[2023-04-09T19:45:24.689+0800][3860.198s] GC(1437) Pause Young (Normal) (G1 Evacuation Pause) 385M->146M(512M) 1.587ms
[2023-04-09T19:45:24.689+0800][3860.198s] GC(1437) User=0.00s Sys=0.00s Real=0.00s
[2023-04-09T19:45:24.858+0800][3860.367s] GC(1438) Pause Young (Concurrent Start) (G1 Humongous Allocation)
[2023-04-09T19:45:24.859+0800][3860.368s] GC(1438) Using 8 workers of 8 for evacuation
[2023-04-09T19:45:24.860+0800][3860.369s] GC(1438)   Pre Evacuate Collection Set: 0.1ms
[2023-04-09T19:45:24.860+0800][3860.370s] GC(1438)   Evacuate Collection Set: 1.2ms
[2023-04-09T19:45:24.860+0800][3860.370s] GC(1438)   Post Evacuate Collection Set: 0.4ms
[2023-04-09T19:45:24.861+0800][3860.370s] GC(1438)   Other: 0.3ms
[2023-04-09T19:45:24.861+0800][3860.370s] GC(1438) Eden regions: 110->0(251)
[2023-04-09T19:45:24.861+0800][3860.370s] GC(1438) Survivor regions: 6->8(32)
[2023-04-09T19:45:24.861+0800][3860.370s] GC(1438) Old regions: 110->110
[2023-04-09T19:45:24.861+0800][3860.370s] GC(1438) Humongous regions: 32->32
[2023-04-09T19:45:24.861+0800][3860.370s] GC(1438) Metaspace: 62570K(65648K)->62570K(65648K) NonClass: 55615K(57508K)->55615K(57508K) Class: 6954K(8140K)->6954K(8140K)
[2023-04-09T19:45:24.861+0800][3860.370s] GC(1438) Pause Young (Concurrent Start) (G1 Humongous Allocation) 256M->148M(512M) 2.320ms
[2023-04-09T19:45:24.861+0800][3860.370s] GC(1438) User=0.00s Sys=0.00s Real=0.00s
[2023-04-09T19:45:24.861+0800][3860.370s] GC(1439) Concurrent Cycle
[2023-04-09T19:45:24.861+0800][3860.370s] GC(1439) Concurrent Clear Claimed Marks
[2023-04-09T19:45:24.861+0800][3860.370s] GC(1439) Concurrent Clear Claimed Marks 0.047ms
[2023-04-09T19:45:24.861+0800][3860.370s] GC(1439) Concurrent Scan Root Regions
[2023-04-09T19:45:24.861+0800][3860.370s] GC(1439) Concurrent Scan Root Regions 0.429ms
[2023-04-09T19:45:24.861+0800][3860.371s] GC(1439) Concurrent Mark (3860.371s)
[2023-04-09T19:45:24.861+0800][3860.371s] GC(1439) Concurrent Mark From Roots
[2023-04-09T19:45:24.861+0800][3860.371s] GC(1439) Using 2 workers of 2 for marking
[2023-04-09T19:45:24.891+0800][3860.400s] GC(1439) Concurrent Mark From Roots 29.211ms
[2023-04-09T19:45:24.891+0800][3860.400s] GC(1439) Concurrent Preclean
[2023-04-09T19:45:24.891+0800][3860.400s] GC(1439) Concurrent Preclean 0.249ms
[2023-04-09T19:45:24.891+0800][3860.400s] GC(1439) Concurrent Mark (3860.371s, 3860.400s) 29.540ms
[2023-04-09T19:45:24.891+0800][3860.400s] GC(1439) Pause Remark
[2023-04-09T19:45:24.895+0800][3860.404s] GC(1439) Cleaned string and symbol table, strings: 28078 processed, 0 removed, symbols: 172413 processed, 0 removed
[2023-04-09T19:45:24.896+0800][3860.405s] GC(1439) Pause Remark 165M->161M(512M) 4.334ms
[2023-04-09T19:45:24.896+0800][3860.405s] GC(1439) User=0.00s Sys=0.00s Real=0.00s
[2023-04-09T19:45:24.896+0800][3860.405s] GC(1439) Concurrent Rebuild Remembered Sets
[2023-04-09T19:45:24.910+0800][3860.419s] GC(1439) Concurrent Rebuild Remembered Sets 14.520ms
[2023-04-09T19:45:24.911+0800][3860.420s] GC(1439) Pause Cleanup
[2023-04-09T19:45:24.911+0800][3860.420s] GC(1439) Pause Cleanup 170M->170M(512M) 0.185ms
[2023-04-09T19:45:24.911+0800][3860.420s] GC(1439) User=0.00s Sys=0.00s Real=0.00s
[2023-04-09T19:45:24.911+0800][3860.420s] GC(1439) Concurrent Cleanup for Next Mark
[2023-04-09T19:45:24.912+0800][3860.421s] GC(1439) Concurrent Cleanup for Next Mark 0.711ms
[2023-04-09T19:45:24.912+0800][3860.421s] GC(1439) Concurrent Cycle 50.694ms
[2023-04-09T19:45:25.306+0800][3860.815s] GC(1440) Pause Young (Prepare Mixed) (G1 Evacuation Pause)
[2023-04-09T19:45:25.306+0800][3860.815s] GC(1440) Using 8 workers of 8 for evacuation
[2023-04-09T19:45:25.308+0800][3860.817s] GC(1440)   Pre Evacuate Collection Set: 0.0ms
[2023-04-09T19:45:25.308+0800][3860.817s] GC(1440)   Evacuate Collection Set: 1.0ms
[2023-04-09T19:45:25.308+0800][3860.817s] GC(1440)   Post Evacuate Collection Set: 0.5ms
[2023-04-09T19:45:25.308+0800][3860.817s] GC(1440)   Other: 0.2ms
[2023-04-09T19:45:25.308+0800][3860.817s] GC(1440) Eden regions: 251->0(17)
[2023-04-09T19:45:25.308+0800][3860.817s] GC(1440) Survivor regions: 8->8(33)
[2023-04-09T19:45:25.308+0800][3860.817s] GC(1440) Old regions: 110->110
[2023-04-09T19:45:25.308+0800][3860.817s] GC(1440) Humongous regions: 31->25
[2023-04-09T19:45:25.308+0800][3860.817s] GC(1440) Metaspace: 62570K(65648K)->62570K(65648K) NonClass: 55615K(57508K)->55615K(57508K) Class: 6954K(8140K)->6954K(8140K)
[2023-04-09T19:45:25.308+0800][3860.817s] GC(1440) Pause Young (Prepare Mixed) (G1 Evacuation Pause) 398M->142M(512M) 1.914ms
[2023-04-09T19:45:25.308+0800][3860.817s] GC(1440) User=0.02s Sys=0.00s Real=0.00s
[2023-04-09T19:45:25.335+0800][3860.844s] GC(1441) Pause Young (Mixed) (G1 Evacuation Pause)
[2023-04-09T19:45:25.335+0800][3860.844s] GC(1441) Using 8 workers of 8 for evacuation
[2023-04-09T19:45:25.338+0800][3860.847s] GC(1441)   Pre Evacuate Collection Set: 0.0ms
[2023-04-09T19:45:25.338+0800][3860.847s] GC(1441)   Evacuate Collection Set: 1.6ms
[2023-04-09T19:45:25.338+0800][3860.847s] GC(1441)   Post Evacuate Collection Set: 0.5ms
[2023-04-09T19:45:25.338+0800][3860.847s] GC(1441)   Other: 0.3ms
[2023-04-09T19:45:25.338+0800][3860.847s] GC(1441) Eden regions: 17->0(266)
[2023-04-09T19:45:25.338+0800][3860.847s] GC(1441) Survivor regions: 8->1(4)
[2023-04-09T19:45:25.338+0800][3860.847s] GC(1441) Old regions: 110->105
[2023-04-09T19:45:25.338+0800][3860.847s] GC(1441) Humongous regions: 25->25
[2023-04-09T19:45:25.338+0800][3860.847s] GC(1441) Metaspace: 62570K(65648K)->62570K(65648K) NonClass: 55615K(57508K)->55615K(57508K) Class: 6954K(8140K)->6954K(8140K)
[2023-04-09T19:45:25.338+0800][3860.847s] GC(1441) Pause Young (Mixed) (G1 Evacuation Pause) 159M->129M(512M) 2.778ms
[2023-04-09T19:45:25.338+0800][3860.847s] GC(1441) User=0.00s Sys=0.00s Real=0.00s
[2023-04-09T19:45:25.798+0800][3861.307s] GC(1442) Pause Young (Normal) (G1 Evacuation Pause)
[2023-04-09T19:45:25.798+0800][3861.307s] GC(1442) Using 8 workers of 8 for evacuation
[2023-04-09T19:45:25.800+0800][3861.309s] GC(1442)   Pre Evacuate Collection Set: 0.1ms
[2023-04-09T19:45:25.800+0800][3861.309s] GC(1442)   Evacuate Collection Set: 0.9ms
[2023-04-09T19:45:25.800+0800][3861.309s] GC(1442)   Post Evacuate Collection Set: 0.4ms
[2023-04-09T19:45:25.800+0800][3861.309s] GC(1442)   Other: 0.2ms
[2023-04-09T19:45:25.800+0800][3861.309s] GC(1442) Eden regions: 266->0(266)
[2023-04-09T19:45:25.800+0800][3861.309s] GC(1442) Survivor regions: 1->5(34)
[2023-04-09T19:45:25.800+0800][3861.309s] GC(1442) Old regions: 105->105
[2023-04-09T19:45:25.800+0800][3861.309s] GC(1442) Humongous regions: 31->31
[2023-04-09T19:45:25.800+0800][3861.309s] GC(1442) Metaspace: 62570K(65648K)->62570K(65648K) NonClass: 55615K(57508K)->55615K(57508K) Class: 6954K(8140K)->6954K(8140K)
[2023-04-09T19:45:25.800+0800][3861.309s] GC(1442) Pause Young (Normal) (G1 Evacuation Pause) 401M->139M(512M) 1.851ms
[2023-04-09T19:45:25.800+0800][3861.309s] GC(1442) User=0.00s Sys=0.00s Real=0.00s
[2023-04-09T19:45:25.883+0800][3861.392s] GC(1443) Pause Young (Concurrent Start) (G1 Humongous Allocation)
[2023-04-09T19:45:25.883+0800][3861.392s] GC(1443) Using 8 workers of 8 for evacuation
[2023-04-09T19:45:25.884+0800][3861.393s] GC(1443)   Pre Evacuate Collection Set: 0.1ms
[2023-04-09T19:45:25.884+0800][3861.393s] GC(1443)   Evacuate Collection Set: 0.9ms
[2023-04-09T19:45:25.884+0800][3861.393s] GC(1443)   Post Evacuate Collection Set: 0.3ms
[2023-04-09T19:45:25.885+0800][3861.393s] GC(1443)   Other: 0.2ms
[2023-04-09T19:45:25.885+0800][3861.393s] GC(1443) Eden regions: 49->0(227)
[2023-04-09T19:45:25.885+0800][3861.393s] GC(1443) Survivor regions: 5->6(34)
[2023-04-09T19:45:25.885+0800][3861.393s] GC(1443) Old regions: 105->105
[2023-04-09T19:45:25.885+0800][3861.393s] GC(1443) Humongous regions: 31->31
[2023-04-09T19:45:25.885+0800][3861.393s] GC(1443) Metaspace: 62570K(65648K)->62570K(65648K) NonClass: 55615K(57508K)->55615K(57508K) Class: 6954K(8140K)->6954K(8140K)
[2023-04-09T19:45:25.885+0800][3861.394s] GC(1443) Pause Young (Concurrent Start) (G1 Humongous Allocation) 188M->140M(512M) 1.736ms
[2023-04-09T19:45:25.885+0800][3861.394s] GC(1443) User=0.00s Sys=0.00s Real=0.00s
[2023-04-09T19:45:25.885+0800][3861.394s] GC(1444) Concurrent Cycle
[2023-04-09T19:45:25.885+0800][3861.394s] GC(1444) Concurrent Clear Claimed Marks
[2023-04-09T19:45:25.885+0800][3861.394s] GC(1444) Concurrent Clear Claimed Marks 0.068ms
[2023-04-09T19:45:25.885+0800][3861.394s] GC(1444) Concurrent Scan Root Regions
[2023-04-09T19:45:25.885+0800][3861.394s] GC(1444) Concurrent Scan Root Regions 0.341ms
[2023-04-09T19:45:25.885+0800][3861.394s] GC(1444) Concurrent Mark (3861.394s)
[2023-04-09T19:45:25.885+0800][3861.394s] GC(1444) Concurrent Mark From Roots
[2023-04-09T19:45:25.885+0800][3861.394s] GC(1444) Using 2 workers of 2 for marking
[2023-04-09T19:45:25.912+0800][3861.421s] GC(1444) Concurrent Mark From Roots 26.730ms
[2023-04-09T19:45:25.912+0800][3861.421s] GC(1444) Concurrent Preclean
[2023-04-09T19:45:25.912+0800][3861.421s] GC(1444) Concurrent Preclean 0.239ms
[2023-04-09T19:45:25.912+0800][3861.421s] GC(1444) Concurrent Mark (3861.394s, 3861.421s) 27.079ms
[2023-04-09T19:45:25.913+0800][3861.421s] GC(1444) Pause Remark
[2023-04-09T19:45:25.917+0800][3861.425s] GC(1444) Cleaned string and symbol table, strings: 28078 processed, 0 removed, symbols: 172413 processed, 0 removed
[2023-04-09T19:45:25.917+0800][3861.426s] GC(1444) Pause Remark 149M->148M(512M) 4.264ms
[2023-04-09T19:45:25.917+0800][3861.426s] GC(1444) User=0.00s Sys=0.00s Real=0.00s
[2023-04-09T19:45:25.917+0800][3861.426s] GC(1444) Concurrent Rebuild Remembered Sets
[2023-04-09T19:45:25.931+0800][3861.440s] GC(1444) Concurrent Rebuild Remembered Sets 14.535ms
[2023-04-09T19:45:25.932+0800][3861.441s] GC(1444) Pause Cleanup
[2023-04-09T19:45:25.932+0800][3861.441s] GC(1444) Pause Cleanup 158M->158M(512M) 0.157ms
[2023-04-09T19:45:25.932+0800][3861.441s] GC(1444) User=0.00s Sys=0.00s Real=0.00s
[2023-04-09T19:45:25.932+0800][3861.441s] GC(1444) Concurrent Cleanup for Next Mark
[2023-04-09T19:45:25.933+0800][3861.442s] GC(1444) Concurrent Cleanup for Next Mark 0.831ms
[2023-04-09T19:45:25.933+0800][3861.442s] GC(1444) Concurrent Cycle 48.117ms
[2023-04-09T19:45:26.325+0800][3861.833s] GC(1445) Pause Young (Prepare Mixed) (G1 Evacuation Pause)
[2023-04-09T19:45:26.325+0800][3861.833s] GC(1445) Using 8 workers of 8 for evacuation
[2023-04-09T19:45:26.326+0800][3861.835s] GC(1445)   Pre Evacuate Collection Set: 0.0ms
[2023-04-09T19:45:26.326+0800][3861.835s] GC(1445)   Evacuate Collection Set: 0.9ms
[2023-04-09T19:45:26.326+0800][3861.835s] GC(1445)   Post Evacuate Collection Set: 0.6ms
[2023-04-09T19:45:26.326+0800][3861.835s] GC(1445)   Other: 0.2ms
[2023-04-09T19:45:26.326+0800][3861.835s] GC(1445) Eden regions: 227->0(18)
[2023-04-09T19:45:26.326+0800][3861.835s] GC(1445) Survivor regions: 6->7(30)
[2023-04-09T19:45:26.326+0800][3861.835s] GC(1445) Old regions: 104->104
[2023-04-09T19:45:26.326+0800][3861.835s] GC(1445) Humongous regions: 39->32
[2023-04-09T19:45:26.326+0800][3861.835s] GC(1445) Metaspace: 62570K(65648K)->62570K(65648K) NonClass: 55615K(57508K)->55615K(57508K) Class: 6954K(8140K)->6954K(8140K)
[2023-04-09T19:45:26.326+0800][3861.835s] GC(1445) Pause Young (Prepare Mixed) (G1 Evacuation Pause) 374M->141M(512M) 1.824ms
[2023-04-09T19:45:26.326+0800][3861.835s] GC(1445) User=0.00s Sys=0.00s Real=0.00s
[2023-04-09T19:45:26.544+0800][3862.052s] GC(1446) Pause Young (Mixed) (G1 Evacuation Pause)
[2023-04-09T19:45:26.544+0800][3862.052s] GC(1446) Using 8 workers of 8 for evacuation
[2023-04-09T19:45:26.545+0800][3862.054s] GC(1446)   Pre Evacuate Collection Set: 0.0ms
[2023-04-09T19:45:26.545+0800][3862.054s] GC(1446)   Evacuate Collection Set: 1.1ms
[2023-04-09T19:45:26.545+0800][3862.054s] GC(1446)   Post Evacuate Collection Set: 0.4ms
[2023-04-09T19:45:26.545+0800][3862.054s] GC(1446)   Other: 0.2ms
[2023-04-09T19:45:26.545+0800][3862.054s] GC(1446) Eden regions: 18->0(243)
[2023-04-09T19:45:26.545+0800][3862.054s] GC(1446) Survivor regions: 7->1(4)
[2023-04-09T19:45:26.545+0800][3862.054s] GC(1446) Old regions: 104->102
[2023-04-09T19:45:26.545+0800][3862.054s] GC(1446) Humongous regions: 32->32
[2023-04-09T19:45:26.545+0800][3862.054s] GC(1446) Metaspace: 62571K(65648K)->62571K(65648K) NonClass: 55617K(57508K)->55617K(57508K) Class: 6954K(8140K)->6954K(8140K)
[2023-04-09T19:45:26.545+0800][3862.054s] GC(1446) Pause Young (Mixed) (G1 Evacuation Pause) 159M->133M(512M) 1.901ms
[2023-04-09T19:45:26.545+0800][3862.054s] GC(1446) User=0.00s Sys=0.00s Real=0.00s
[2023-04-09T19:45:27.193+0800][3862.701s] GC(1447) Pause Young (Normal) (G1 Evacuation Pause)
[2023-04-09T19:45:27.193+0800][3862.702s] GC(1447) Using 8 workers of 8 for evacuation
[2023-04-09T19:45:27.194+0800][3862.702s] GC(1447)   Pre Evacuate Collection Set: 0.0ms
[2023-04-09T19:45:27.194+0800][3862.703s] GC(1447)   Evacuate Collection Set: 0.4ms
[2023-04-09T19:45:27.194+0800][3862.703s] GC(1447)   Post Evacuate Collection Set: 0.4ms
[2023-04-09T19:45:27.194+0800][3862.703s] GC(1447)   Other: 0.1ms
[2023-04-09T19:45:27.194+0800][3862.703s] GC(1447) Eden regions: 243->0(251)
[2023-04-09T19:45:27.194+0800][3862.703s] GC(1447) Survivor regions: 1->2(31)
[2023-04-09T19:45:27.194+0800][3862.703s] GC(1447) Old regions: 102->102
[2023-04-09T19:45:27.194+0800][3862.703s] GC(1447) Humongous regions: 32->32
[2023-04-09T19:45:27.194+0800][3862.703s] GC(1447) Metaspace: 62571K(65648K)->62571K(65648K) NonClass: 55617K(57508K)->55617K(57508K) Class: 6954K(8140K)->6954K(8140K)
[2023-04-09T19:45:27.194+0800][3862.703s] GC(1447) Pause Young (Normal) (G1 Evacuation Pause) 376M->134M(512M) 1.155ms
[2023-04-09T19:45:27.194+0800][3862.703s] GC(1447) User=0.00s Sys=0.00s Real=0.00s
[2023-04-09T19:45:27.533+0800][3863.043s] GC(1448) Pause Young (Normal) (G1 Evacuation Pause)
[2023-04-09T19:45:27.533+0800][3863.043s] GC(1448) Using 8 workers of 8 for evacuation
[2023-04-09T19:45:27.534+0800][3863.044s] GC(1448)   Pre Evacuate Collection Set: 0.0ms
[2023-04-09T19:45:27.535+0800][3863.044s] GC(1448)   Evacuate Collection Set: 0.5ms
[2023-04-09T19:45:27.535+0800][3863.044s] GC(1448)   Post Evacuate Collection Set: 0.5ms
[2023-04-09T19:45:27.535+0800][3863.044s] GC(1448)   Other: 0.1ms
[2023-04-09T19:45:27.535+0800][3863.044s] GC(1448) Eden regions: 251->0(260)
[2023-04-09T19:45:27.535+0800][3863.044s] GC(1448) Survivor regions: 2->2(32)
[2023-04-09T19:45:27.535+0800][3863.044s] GC(1448) Old regions: 102->102
[2023-04-09T19:45:27.535+0800][3863.044s] GC(1448) Humongous regions: 32->32
[2023-04-09T19:45:27.535+0800][3863.044s] GC(1448) Metaspace: 62574K(65648K)->62574K(65648K) NonClass: 55620K(57508K)->55620K(57508K) Class: 6954K(8140K)->6954K(8140K)
[2023-04-09T19:45:27.535+0800][3863.044s] GC(1448) Pause Young (Normal) (G1 Evacuation Pause) 385M->134M(512M) 1.373ms
[2023-04-09T19:45:27.535+0800][3863.044s] GC(1448) User=0.00s Sys=0.00s Real=0.00s
[2023-04-09T19:45:27.697+0800][3863.206s] GC(1449) Pause Young (Concurrent Start) (G1 Humongous Allocation)
[2023-04-09T19:45:27.697+0800][3863.206s] GC(1449) Using 8 workers of 8 for evacuation
[2023-04-09T19:45:27.699+0800][3863.208s] GC(1449)   Pre Evacuate Collection Set: 0.1ms
[2023-04-09T19:45:27.699+0800][3863.208s] GC(1449)   Evacuate Collection Set: 1.2ms
[2023-04-09T19:45:27.699+0800][3863.208s] GC(1449)   Post Evacuate Collection Set: 0.3ms
[2023-04-09T19:45:27.699+0800][3863.208s] GC(1449)   Other: 0.2ms
[2023-04-09T19:45:27.699+0800][3863.208s] GC(1449) Eden regions: 106->0(234)
[2023-04-09T19:45:27.699+0800][3863.208s] GC(1449) Survivor regions: 2->5(33)
[2023-04-09T19:45:27.699+0800][3863.208s] GC(1449) Old regions: 102->102
[2023-04-09T19:45:27.699+0800][3863.208s] GC(1449) Humongous regions: 32->32
[2023-04-09T19:45:27.699+0800][3863.208s] GC(1449) Metaspace: 62575K(65648K)->62575K(65648K) NonClass: 55621K(57508K)->55621K(57508K) Class: 6954K(8140K)->6954K(8140K)
[2023-04-09T19:45:27.699+0800][3863.208s] GC(1449) Pause Young (Concurrent Start) (G1 Humongous Allocation) 240M->137M(512M) 2.090ms
[2023-04-09T19:45:27.699+0800][3863.208s] GC(1449) User=0.02s Sys=0.00s Real=0.00s
[2023-04-09T19:45:27.699+0800][3863.208s] GC(1450) Concurrent Cycle
[2023-04-09T19:45:27.699+0800][3863.208s] GC(1450) Concurrent Clear Claimed Marks
[2023-04-09T19:45:27.699+0800][3863.209s] GC(1450) Concurrent Clear Claimed Marks 0.101ms
[2023-04-09T19:45:27.699+0800][3863.209s] GC(1450) Concurrent Scan Root Regions
[2023-04-09T19:45:27.700+0800][3863.209s] GC(1450) Concurrent Scan Root Regions 0.874ms
[2023-04-09T19:45:27.700+0800][3863.209s] GC(1450) Concurrent Mark (3863.209s)
[2023-04-09T19:45:27.700+0800][3863.209s] GC(1450) Concurrent Mark From Roots
[2023-04-09T19:45:27.700+0800][3863.210s] GC(1450) Using 2 workers of 2 for marking
[2023-04-09T19:45:27.730+0800][3863.240s] GC(1450) Concurrent Mark From Roots 30.009ms
[2023-04-09T19:45:27.730+0800][3863.240s] GC(1450) Concurrent Preclean
[2023-04-09T19:45:27.731+0800][3863.240s] GC(1450) Concurrent Preclean 0.328ms
[2023-04-09T19:45:27.731+0800][3863.240s] GC(1450) Concurrent Mark (3863.209s, 3863.240s) 30.451ms
[2023-04-09T19:45:27.731+0800][3863.240s] GC(1450) Pause Remark
[2023-04-09T19:45:27.735+0800][3863.245s] GC(1450) Cleaned string and symbol table, strings: 28087 processed, 0 removed, symbols: 172413 processed, 0 removed
[2023-04-09T19:45:27.736+0800][3863.245s] GC(1450) Pause Remark 151M->123M(512M) 4.822ms
[2023-04-09T19:45:27.736+0800][3863.245s] GC(1450) User=0.00s Sys=0.00s Real=0.01s
[2023-04-09T19:45:27.736+0800][3863.245s] GC(1450) Concurrent Rebuild Remembered Sets
[2023-04-09T19:45:27.750+0800][3863.260s] GC(1450) Concurrent Rebuild Remembered Sets 14.628ms
[2023-04-09T19:45:27.751+0800][3863.260s] GC(1450) Pause Cleanup
[2023-04-09T19:45:27.751+0800][3863.260s] GC(1450) Pause Cleanup 133M->133M(512M) 0.157ms
[2023-04-09T19:45:27.751+0800][3863.260s] GC(1450) User=0.00s Sys=0.00s Real=0.00s
[2023-04-09T19:45:27.751+0800][3863.260s] GC(1450) Concurrent Cleanup for Next Mark
[2023-04-09T19:45:27.752+0800][3863.261s] GC(1450) Concurrent Cleanup for Next Mark 0.824ms
[2023-04-09T19:45:27.752+0800][3863.261s] GC(1450) Concurrent Cycle 52.659ms
[2023-04-09T19:45:28.064+0800][3863.573s] GC(1451) Pause Young (Prepare Mixed) (G1 Evacuation Pause)
[2023-04-09T19:45:28.064+0800][3863.573s] GC(1451) Using 8 workers of 8 for evacuation
[2023-04-09T19:45:28.066+0800][3863.575s] GC(1451)   Pre Evacuate Collection Set: 0.0ms
[2023-04-09T19:45:28.066+0800][3863.575s] GC(1451)   Evacuate Collection Set: 1.2ms
[2023-04-09T19:45:28.066+0800][3863.575s] GC(1451)   Post Evacuate Collection Set: 0.6ms
[2023-04-09T19:45:28.066+0800][3863.575s] GC(1451)   Other: 0.2ms
[2023-04-09T19:45:28.066+0800][3863.575s] GC(1451) Eden regions: 234->0(16)
[2023-04-09T19:45:28.066+0800][3863.575s] GC(1451) Survivor regions: 5->9(30)
[2023-04-09T19:45:28.066+0800][3863.575s] GC(1451) Old regions: 97->97
[2023-04-09T19:45:28.066+0800][3863.575s] GC(1451) Humongous regions: 12->6
[2023-04-09T19:45:28.066+0800][3863.575s] GC(1451) Metaspace: 62575K(65648K)->62575K(65648K) NonClass: 55621K(57508K)->55621K(57508K) Class: 6954K(8140K)->6954K(8140K)
[2023-04-09T19:45:28.066+0800][3863.575s] GC(1451) Pause Young (Prepare Mixed) (G1 Evacuation Pause) 346M->110M(512M) 2.299ms
[2023-04-09T19:45:28.066+0800][3863.575s] GC(1451) User=0.00s Sys=0.00s Real=0.00s
[2023-04-09T19:45:28.088+0800][3863.597s] GC(1452) Pause Young (Mixed) (G1 Evacuation Pause)
[2023-04-09T19:45:28.088+0800][3863.598s] GC(1452) Using 8 workers of 8 for evacuation
[2023-04-09T19:45:28.091+0800][3863.600s] GC(1452)   Pre Evacuate Collection Set: 0.1ms
[2023-04-09T19:45:28.091+0800][3863.600s] GC(1452)   Evacuate Collection Set: 1.7ms
[2023-04-09T19:45:28.091+0800][3863.600s] GC(1452)   Post Evacuate Collection Set: 0.4ms
[2023-04-09T19:45:28.091+0800][3863.600s] GC(1452)   Other: 0.3ms
[2023-04-09T19:45:28.091+0800][3863.600s] GC(1452) Eden regions: 16->0(275)
[2023-04-09T19:45:28.091+0800][3863.600s] GC(1452) Survivor regions: 9->1(4)
[2023-04-09T19:45:28.091+0800][3863.600s] GC(1452) Old regions: 97->80
[2023-04-09T19:45:28.091+0800][3863.600s] GC(1452) Humongous regions: 6->6
[2023-04-09T19:45:28.091+0800][3863.600s] GC(1452) Metaspace: 62575K(65648K)->62575K(65648K) NonClass: 55621K(57508K)->55621K(57508K) Class: 6954K(8140K)->6954K(8140K)
[2023-04-09T19:45:28.091+0800][3863.600s] GC(1452) Pause Young (Mixed) (G1 Evacuation Pause) 126M->86M(512M) 2.727ms
[2023-04-09T19:45:28.091+0800][3863.600s] GC(1452) User=0.08s Sys=0.00s Real=0.00s
[2023-04-09T19:45:28.551+0800][3864.060s] GC(1453) Pause Young (Normal) (G1 Evacuation Pause)
[2023-04-09T19:45:28.551+0800][3864.060s] GC(1453) Using 8 workers of 8 for evacuation
[2023-04-09T19:45:28.552+0800][3864.061s] GC(1453)   Pre Evacuate Collection Set: 0.0ms
[2023-04-09T19:45:28.552+0800][3864.061s] GC(1453)   Evacuate Collection Set: 0.8ms
[2023-04-09T19:45:28.552+0800][3864.061s] GC(1453)   Post Evacuate Collection Set: 0.6ms
[2023-04-09T19:45:28.552+0800][3864.061s] GC(1453)   Other: 0.1ms
[2023-04-09T19:45:28.552+0800][3864.061s] GC(1453) Eden regions: 275->0(280)
[2023-04-09T19:45:28.552+0800][3864.061s] GC(1453) Survivor regions: 1->5(35)
[2023-04-09T19:45:28.552+0800][3864.061s] GC(1453) Old regions: 80->80
[2023-04-09T19:45:28.552+0800][3864.061s] GC(1453) Humongous regions: 20->13
[2023-04-09T19:45:28.552+0800][3864.061s] GC(1453) Metaspace: 62575K(65648K)->62575K(65648K) NonClass: 55621K(57508K)->55621K(57508K) Class: 6954K(8140K)->6954K(8140K)
[2023-04-09T19:45:28.552+0800][3864.062s] GC(1453) Pause Young (Normal) (G1 Evacuation Pause) 375M->97M(512M) 1.802ms
[2023-04-09T19:45:28.552+0800][3864.062s] GC(1453) User=0.00s Sys=0.00s Real=0.00s
[2023-04-09T19:45:28.677+0800][3864.186s] GC(1454) Pause Young (Concurrent Start) (G1 Humongous Allocation)
[2023-04-09T19:45:28.677+0800][3864.186s] GC(1454) Using 8 workers of 8 for evacuation
[2023-04-09T19:45:28.678+0800][3864.187s] GC(1454)   Pre Evacuate Collection Set: 0.1ms
[2023-04-09T19:45:28.678+0800][3864.187s] GC(1454)   Evacuate Collection Set: 1.0ms
[2023-04-09T19:45:28.678+0800][3864.187s] GC(1454)   Post Evacuate Collection Set: 0.5ms
[2023-04-09T19:45:28.678+0800][3864.187s] GC(1454)   Other: 0.2ms
[2023-04-09T19:45:28.678+0800][3864.188s] GC(1454) Eden regions: 77->0(226)
[2023-04-09T19:45:28.678+0800][3864.188s] GC(1454) Survivor regions: 5->6(36)
[2023-04-09T19:45:28.678+0800][3864.188s] GC(1454) Old regions: 80->80
[2023-04-09T19:45:28.678+0800][3864.188s] GC(1454) Humongous regions: 13->13
[2023-04-09T19:45:28.678+0800][3864.188s] GC(1454) Metaspace: 62575K(65648K)->62575K(65648K) NonClass: 55621K(57508K)->55621K(57508K) Class: 6954K(8140K)->6954K(8140K)
[2023-04-09T19:45:28.678+0800][3864.188s] GC(1454) Pause Young (Concurrent Start) (G1 Humongous Allocation) 174M->98M(512M) 1.939ms
[2023-04-09T19:45:28.679+0800][3864.188s] GC(1454) User=0.00s Sys=0.00s Real=0.00s
[2023-04-09T19:45:28.679+0800][3864.188s] GC(1455) Concurrent Cycle
[2023-04-09T19:45:28.679+0800][3864.188s] GC(1455) Concurrent Clear Claimed Marks
[2023-04-09T19:45:28.679+0800][3864.188s] GC(1455) Concurrent Clear Claimed Marks 0.133ms
[2023-04-09T19:45:28.679+0800][3864.188s] GC(1455) Concurrent Scan Root Regions
[2023-04-09T19:45:28.679+0800][3864.189s] GC(1455) Concurrent Scan Root Regions 0.596ms
[2023-04-09T19:45:28.679+0800][3864.189s] GC(1455) Concurrent Mark (3864.189s)
[2023-04-09T19:45:28.679+0800][3864.189s] GC(1455) Concurrent Mark From Roots
[2023-04-09T19:45:28.679+0800][3864.189s] GC(1455) Using 2 workers of 2 for marking
[2023-04-09T19:45:28.704+0800][3864.213s] GC(1455) Concurrent Mark From Roots 24.194ms
[2023-04-09T19:45:28.704+0800][3864.213s] GC(1455) Concurrent Preclean
[2023-04-09T19:45:28.704+0800][3864.213s] GC(1455) Concurrent Preclean 0.251ms
[2023-04-09T19:45:28.704+0800][3864.213s] GC(1455) Concurrent Mark (3864.189s, 3864.213s) 24.539ms
[2023-04-09T19:45:28.704+0800][3864.213s] GC(1455) Pause Remark
[2023-04-09T19:45:28.709+0800][3864.218s] GC(1455) Cleaned string and symbol table, strings: 28087 processed, 1 removed, symbols: 172413 processed, 0 removed
[2023-04-09T19:45:28.709+0800][3864.218s] GC(1455) Pause Remark 117M->113M(512M) 4.578ms
[2023-04-09T19:45:28.709+0800][3864.218s] GC(1455) User=0.00s Sys=0.00s Real=0.01s
[2023-04-09T19:45:28.709+0800][3864.218s] GC(1455) Concurrent Rebuild Remembered Sets
[2023-04-09T19:45:28.725+0800][3864.233s] GC(1455) Concurrent Rebuild Remembered Sets 15.174ms
[2023-04-09T19:45:28.725+0800][3864.234s] GC(1455) Pause Cleanup
[2023-04-09T19:45:28.725+0800][3864.234s] GC(1455) Pause Cleanup 118M->118M(512M) 0.158ms
[2023-04-09T19:45:28.725+0800][3864.234s] GC(1455) User=0.00s Sys=0.00s Real=0.00s
[2023-04-09T19:45:28.725+0800][3864.234s] GC(1455) Concurrent Cleanup for Next Mark
[2023-04-09T19:45:28.726+0800][3864.235s] GC(1455) Concurrent Cleanup for Next Mark 0.803ms
[2023-04-09T19:45:28.726+0800][3864.235s] GC(1455) Concurrent Cycle 47.061ms
[2023-04-09T19:45:29.107+0800][3864.615s] GC(1456) Pause Young (Prepare Mixed) (G1 Evacuation Pause)
[2023-04-09T19:45:29.107+0800][3864.615s] GC(1456) Using 8 workers of 8 for evacuation
[2023-04-09T19:45:29.108+0800][3864.617s] GC(1456)   Pre Evacuate Collection Set: 0.0ms
[2023-04-09T19:45:29.108+0800][3864.617s] GC(1456)   Evacuate Collection Set: 0.9ms
[2023-04-09T19:45:29.108+0800][3864.617s] GC(1456)   Post Evacuate Collection Set: 0.6ms
[2023-04-09T19:45:29.108+0800][3864.617s] GC(1456)   Other: 0.2ms
[2023-04-09T19:45:29.108+0800][3864.617s] GC(1456) Eden regions: 226->0(18)
[2023-04-09T19:45:29.108+0800][3864.617s] GC(1456) Survivor regions: 6->7(29)
[2023-04-09T19:45:29.108+0800][3864.617s] GC(1456) Old regions: 76->76
[2023-04-09T19:45:29.108+0800][3864.617s] GC(1456) Humongous regions: 18->13
[2023-04-09T19:45:29.108+0800][3864.617s] GC(1456) Metaspace: 62575K(65648K)->62575K(65648K) NonClass: 55621K(57508K)->55621K(57508K) Class: 6954K(8140K)->6954K(8140K)
[2023-04-09T19:45:29.108+0800][3864.617s] GC(1456) Pause Young (Prepare Mixed) (G1 Evacuation Pause) 325M->95M(512M) 1.856ms
[2023-04-09T19:45:29.108+0800][3864.617s] GC(1456) User=0.00s Sys=0.00s Real=0.00s
[2023-04-09T19:45:29.237+0800][3864.745s] GC(1457) Pause Young (Mixed) (G1 Evacuation Pause)
[2023-04-09T19:45:29.237+0800][3864.745s] GC(1457) Using 8 workers of 8 for evacuation
[2023-04-09T19:45:29.238+0800][3864.747s] GC(1457)   Pre Evacuate Collection Set: 0.0ms
[2023-04-09T19:45:29.238+0800][3864.747s] GC(1457)   Evacuate Collection Set: 0.8ms
[2023-04-09T19:45:29.238+0800][3864.747s] GC(1457)   Post Evacuate Collection Set: 0.3ms
[2023-04-09T19:45:29.238+0800][3864.747s] GC(1457)   Other: 0.3ms
[2023-04-09T19:45:29.238+0800][3864.747s] GC(1457) Eden regions: 18->0(242)
[2023-04-09T19:45:29.238+0800][3864.747s] GC(1457) Survivor regions: 7->1(4)
[2023-04-09T19:45:29.238+0800][3864.747s] GC(1457) Old regions: 76->79
[2023-04-09T19:45:29.238+0800][3864.747s] GC(1457) Humongous regions: 13->13
[2023-04-09T19:45:29.238+0800][3864.747s] GC(1457) Metaspace: 62575K(65648K)->62575K(65648K) NonClass: 55621K(57508K)->55621K(57508K) Class: 6954K(8140K)->6954K(8140K)
[2023-04-09T19:45:29.238+0800][3864.747s] GC(1457) Pause Young (Mixed) (G1 Evacuation Pause) 113M->92M(512M) 1.577ms
[2023-04-09T19:45:29.238+0800][3864.747s] GC(1457) User=0.00s Sys=0.00s Real=0.00s
[2023-04-09T19:45:29.646+0800][3865.155s] GC(1458) Pause Young (Normal) (G1 Evacuation Pause)
[2023-04-09T19:45:29.646+0800][3865.155s] GC(1458) Using 8 workers of 8 for evacuation
[2023-04-09T19:45:29.647+0800][3865.156s] GC(1458)   Pre Evacuate Collection Set: 0.0ms
[2023-04-09T19:45:29.647+0800][3865.156s] GC(1458)   Evacuate Collection Set: 0.8ms
[2023-04-09T19:45:29.647+0800][3865.156s] GC(1458)   Post Evacuate Collection Set: 0.3ms
[2023-04-09T19:45:29.647+0800][3865.156s] GC(1458)   Other: 0.1ms
[2023-04-09T19:45:29.647+0800][3865.156s] GC(1458) Eden regions: 242->0(251)
[2023-04-09T19:45:29.647+0800][3865.156s] GC(1458) Survivor regions: 1->6(31)
[2023-04-09T19:45:29.647+0800][3865.156s] GC(1458) Old regions: 79->79
[2023-04-09T19:45:29.647+0800][3865.156s] GC(1458) Humongous regions: 14->14
[2023-04-09T19:45:29.647+0800][3865.156s] GC(1458) Metaspace: 62575K(65648K)->62575K(65648K) NonClass: 55621K(57508K)->55621K(57508K) Class: 6954K(8140K)->6954K(8140K)
[2023-04-09T19:45:29.647+0800][3865.156s] GC(1458) Pause Young (Normal) (G1 Evacuation Pause) 335M->98M(512M) 1.440ms
[2023-04-09T19:45:29.647+0800][3865.156s] GC(1458) User=0.00s Sys=0.00s Real=0.00s
[2023-04-09T19:45:29.724+0800][3865.233s] GC(1459) Pause Young (Concurrent Start) (G1 Humongous Allocation)
[2023-04-09T19:45:29.724+0800][3865.233s] GC(1459) Using 8 workers of 8 for evacuation
[2023-04-09T19:45:29.726+0800][3865.235s] GC(1459)   Pre Evacuate Collection Set: 0.1ms
[2023-04-09T19:45:29.726+0800][3865.235s] GC(1459)   Evacuate Collection Set: 1.0ms
[2023-04-09T19:45:29.726+0800][3865.235s] GC(1459)   Post Evacuate Collection Set: 0.3ms
[2023-04-09T19:45:29.726+0800][3865.235s] GC(1459)   Other: 0.2ms
[2023-04-09T19:45:29.726+0800][3865.235s] GC(1459) Eden regions: 43->0(255)
[2023-04-09T19:45:29.726+0800][3865.235s] GC(1459) Survivor regions: 6->6(33)
[2023-04-09T19:45:29.726+0800][3865.235s] GC(1459) Old regions: 79->79
[2023-04-09T19:45:29.726+0800][3865.235s] GC(1459) Humongous regions: 14->14
[2023-04-09T19:45:29.726+0800][3865.235s] GC(1459) Metaspace: 62575K(65648K)->62575K(65648K) NonClass: 55621K(57508K)->55621K(57508K) Class: 6954K(8140K)->6954K(8140K)
[2023-04-09T19:45:29.726+0800][3865.235s] GC(1459) Pause Young (Concurrent Start) (G1 Humongous Allocation) 140M->98M(512M) 1.724ms
[2023-04-09T19:45:29.726+0800][3865.235s] GC(1459) User=0.00s Sys=0.00s Real=0.00s
[2023-04-09T19:45:29.726+0800][3865.235s] GC(1460) Concurrent Cycle
[2023-04-09T19:45:29.726+0800][3865.235s] GC(1460) Concurrent Clear Claimed Marks
[2023-04-09T19:45:29.726+0800][3865.235s] GC(1460) Concurrent Clear Claimed Marks 0.066ms
[2023-04-09T19:45:29.726+0800][3865.235s] GC(1460) Concurrent Scan Root Regions
[2023-04-09T19:45:29.727+0800][3865.236s] GC(1460) Concurrent Scan Root Regions 0.340ms
[2023-04-09T19:45:29.727+0800][3865.236s] GC(1460) Concurrent Mark (3865.236s)
[2023-04-09T19:45:29.727+0800][3865.236s] GC(1460) Concurrent Mark From Roots
[2023-04-09T19:45:29.727+0800][3865.236s] GC(1460) Using 2 workers of 2 for marking
[2023-04-09T19:45:29.756+0800][3865.265s] GC(1460) Concurrent Mark From Roots 29.405ms
[2023-04-09T19:45:29.756+0800][3865.265s] GC(1460) Concurrent Preclean
[2023-04-09T19:45:29.756+0800][3865.265s] GC(1460) Concurrent Preclean 0.277ms
[2023-04-09T19:45:29.757+0800][3865.265s] GC(1460) Concurrent Mark (3865.236s, 3865.265s) 29.801ms
[2023-04-09T19:45:29.757+0800][3865.266s] GC(1460) Pause Remark
[2023-04-09T19:45:29.761+0800][3865.270s] GC(1460) Cleaned string and symbol table, strings: 28086 processed, 0 removed, symbols: 172413 processed, 0 removed
[2023-04-09T19:45:29.761+0800][3865.270s] GC(1460) Pause Remark 111M->97M(512M) 4.355ms
[2023-04-09T19:45:29.761+0800][3865.270s] GC(1460) User=0.11s Sys=0.00s Real=0.00s
[2023-04-09T19:45:29.761+0800][3865.270s] GC(1460) Concurrent Rebuild Remembered Sets
[2023-04-09T19:45:29.778+0800][3865.287s] GC(1460) Concurrent Rebuild Remembered Sets 16.687ms
[2023-04-09T19:45:29.778+0800][3865.287s] GC(1460) Pause Cleanup
[2023-04-09T19:45:29.778+0800][3865.287s] GC(1460) Pause Cleanup 107M->107M(512M) 0.214ms
[2023-04-09T19:45:29.778+0800][3865.287s] GC(1460) User=0.00s Sys=0.00s Real=0.00s
[2023-04-09T19:45:29.778+0800][3865.287s] GC(1460) Concurrent Cleanup for Next Mark
[2023-04-09T19:45:29.779+0800][3865.288s] GC(1460) Concurrent Cleanup for Next Mark 0.862ms
[2023-04-09T19:45:29.779+0800][3865.288s] GC(1460) Concurrent Cycle 53.043ms
[2023-04-09T19:45:30.153+0800][3865.662s] GC(1461) Pause Young (Prepare Mixed) (G1 Evacuation Pause)
[2023-04-09T19:45:30.153+0800][3865.663s] GC(1461) Using 8 workers of 8 for evacuation
[2023-04-09T19:45:30.155+0800][3865.664s] GC(1461)   Pre Evacuate Collection Set: 0.0ms
[2023-04-09T19:45:30.155+0800][3865.665s] GC(1461)   Evacuate Collection Set: 1.2ms
[2023-04-09T19:45:30.155+0800][3865.665s] GC(1461)   Post Evacuate Collection Set: 0.6ms
[2023-04-09T19:45:30.156+0800][3865.665s] GC(1461)   Other: 0.2ms
[2023-04-09T19:45:30.156+0800][3865.665s] GC(1461) Eden regions: 255->0(14)
[2023-04-09T19:45:30.156+0800][3865.665s] GC(1461) Survivor regions: 6->11(33)
[2023-04-09T19:45:30.156+0800][3865.665s] GC(1461) Old regions: 74->74
[2023-04-09T19:45:30.156+0800][3865.665s] GC(1461) Humongous regions: 8->7
[2023-04-09T19:45:30.156+0800][3865.665s] GC(1461) Metaspace: 62575K(65648K)->62575K(65648K) NonClass: 55621K(57508K)->55621K(57508K) Class: 6954K(8140K)->6954K(8140K)
[2023-04-09T19:45:30.156+0800][3865.665s] GC(1461) Pause Young (Prepare Mixed) (G1 Evacuation Pause) 342M->91M(512M) 2.241ms
[2023-04-09T19:45:30.156+0800][3865.665s] GC(1461) User=0.00s Sys=0.00s Real=0.00s
[2023-04-09T19:45:30.177+0800][3865.686s] GC(1462) Pause Young (Mixed) (G1 Evacuation Pause)
[2023-04-09T19:45:30.177+0800][3865.686s] GC(1462) Using 8 workers of 8 for evacuation
[2023-04-09T19:45:30.179+0800][3865.688s] GC(1462)   Pre Evacuate Collection Set: 0.0ms
[2023-04-09T19:45:30.179+0800][3865.688s] GC(1462)   Evacuate Collection Set: 1.3ms
[2023-04-09T19:45:30.179+0800][3865.688s] GC(1462)   Post Evacuate Collection Set: 0.4ms
[2023-04-09T19:45:30.179+0800][3865.688s] GC(1462)   Other: 0.3ms
[2023-04-09T19:45:30.179+0800][3865.689s] GC(1462) Eden regions: 14->0(267)
[2023-04-09T19:45:30.179+0800][3865.689s] GC(1462) Survivor regions: 11->1(4)
[2023-04-09T19:45:30.179+0800][3865.689s] GC(1462) Old regions: 74->80
[2023-04-09T19:45:30.179+0800][3865.689s] GC(1462) Humongous regions: 7->7
[2023-04-09T19:45:30.180+0800][3865.689s] GC(1462) Metaspace: 62575K(65648K)->62575K(65648K) NonClass: 55621K(57508K)->55621K(57508K) Class: 6954K(8140K)->6954K(8140K)
[2023-04-09T19:45:30.180+0800][3865.689s] GC(1462) Pause Young (Mixed) (G1 Evacuation Pause) 105M->86M(512M) 2.328ms
[2023-04-09T19:45:30.180+0800][3865.689s] GC(1462) User=0.00s Sys=0.00s Real=0.00s
[2023-04-09T19:45:30.757+0800][3866.266s] GC(1463) Pause Young (Normal) (G1 Evacuation Pause)
[2023-04-09T19:45:30.757+0800][3866.266s] GC(1463) Using 8 workers of 8 for evacuation
[2023-04-09T19:45:30.759+0800][3866.267s] GC(1463)   Pre Evacuate Collection Set: 0.0ms
[2023-04-09T19:45:30.759+0800][3866.267s] GC(1463)   Evacuate Collection Set: 0.6ms
[2023-04-09T19:45:30.759+0800][3866.267s] GC(1463)   Post Evacuate Collection Set: 0.5ms
[2023-04-09T19:45:30.759+0800][3866.267s] GC(1463)   Other: 0.2ms
[2023-04-09T19:45:30.759+0800][3866.268s] GC(1463) Eden regions: 267->0(272)
[2023-04-09T19:45:30.759+0800][3866.268s] GC(1463) Survivor regions: 1->5(34)
[2023-04-09T19:45:30.759+0800][3866.268s] GC(1463) Old regions: 80->80
[2023-04-09T19:45:30.759+0800][3866.268s] GC(1463) Humongous regions: 25->13
[2023-04-09T19:45:30.759+0800][3866.268s] GC(1463) Metaspace: 62575K(65648K)->62575K(65648K) NonClass: 55621K(57508K)->55621K(57508K) Class: 6954K(8140K)->6954K(8140K)
[2023-04-09T19:45:30.759+0800][3866.268s] GC(1463) Pause Young (Normal) (G1 Evacuation Pause) 371M->96M(512M) 1.528ms
[2023-04-09T19:45:30.759+0800][3866.268s] GC(1463) User=0.00s Sys=0.00s Real=0.00s
[2023-04-09T19:45:31.239+0800][3866.748s] GC(1464) Pause Young (Normal) (G1 Evacuation Pause)
[2023-04-09T19:45:31.239+0800][3866.748s] GC(1464) Using 8 workers of 8 for evacuation
[2023-04-09T19:45:31.240+0800][3866.750s] GC(1464)   Pre Evacuate Collection Set: 0.0ms
[2023-04-09T19:45:31.241+0800][3866.750s] GC(1464)   Evacuate Collection Set: 0.8ms
[2023-04-09T19:45:31.241+0800][3866.750s] GC(1464)   Post Evacuate Collection Set: 0.5ms
[2023-04-09T19:45:31.241+0800][3866.750s] GC(1464)   Other: 0.2ms
[2023-04-09T19:45:31.241+0800][3866.750s] GC(1464) Eden regions: 272->0(280)
[2023-04-09T19:45:31.241+0800][3866.750s] GC(1464) Survivor regions: 5->7(35)
[2023-04-09T19:45:31.241+0800][3866.750s] GC(1464) Old regions: 80->80
[2023-04-09T19:45:31.241+0800][3866.750s] GC(1464) Humongous regions: 13->13
[2023-04-09T19:45:31.241+0800][3866.750s] GC(1464) Metaspace: 62575K(65648K)->62575K(65648K) NonClass: 55621K(57508K)->55621K(57508K) Class: 6954K(8140K)->6954K(8140K)
[2023-04-09T19:45:31.241+0800][3866.750s] GC(1464) Pause Young (Normal) (G1 Evacuation Pause) 368M->98M(512M) 1.979ms
[2023-04-09T19:45:31.241+0800][3866.750s] GC(1464) User=0.00s Sys=0.00s Real=0.00s
[2023-04-09T19:45:31.271+0800][3866.779s] GC(1465) Pause Young (Concurrent Start) (G1 Humongous Allocation)
[2023-04-09T19:45:31.271+0800][3866.779s] GC(1465) Using 8 workers of 8 for evacuation
[2023-04-09T19:45:31.273+0800][3866.781s] GC(1465)   Pre Evacuate Collection Set: 0.1ms
[2023-04-09T19:45:31.273+0800][3866.781s] GC(1465)   Evacuate Collection Set: 1.2ms
[2023-04-09T19:45:31.273+0800][3866.781s] GC(1465)   Post Evacuate Collection Set: 0.6ms
[2023-04-09T19:45:31.273+0800][3866.781s] GC(1465)   Other: 0.3ms
[2023-04-09T19:45:31.273+0800][3866.782s] GC(1465) Eden regions: 15->0(196)
[2023-04-09T19:45:31.273+0800][3866.782s] GC(1465) Survivor regions: 7->8(36)
[2023-04-09T19:45:31.273+0800][3866.782s] GC(1465) Old regions: 80->80
[2023-04-09T19:45:31.273+0800][3866.782s] GC(1465) Humongous regions: 13->13
[2023-04-09T19:45:31.273+0800][3866.782s] GC(1465) Metaspace: 62575K(65648K)->62575K(65648K) NonClass: 55621K(57508K)->55621K(57508K) Class: 6954K(8140K)->6954K(8140K)
[2023-04-09T19:45:31.273+0800][3866.782s] GC(1465) Pause Young (Concurrent Start) (G1 Humongous Allocation) 113M->99M(512M) 2.376ms
[2023-04-09T19:45:31.273+0800][3866.782s] GC(1465) User=0.00s Sys=0.00s Real=0.00s
[2023-04-09T19:45:31.273+0800][3866.782s] GC(1466) Concurrent Cycle
[2023-04-09T19:45:31.273+0800][3866.782s] GC(1466) Concurrent Clear Claimed Marks
[2023-04-09T19:45:31.273+0800][3866.782s] GC(1466) Concurrent Clear Claimed Marks 0.068ms
[2023-04-09T19:45:31.273+0800][3866.782s] GC(1466) Concurrent Scan Root Regions
[2023-04-09T19:45:31.274+0800][3866.782s] GC(1466) Concurrent Scan Root Regions 0.399ms
[2023-04-09T19:45:31.274+0800][3866.782s] GC(1466) Concurrent Mark (3866.782s)
[2023-04-09T19:45:31.274+0800][3866.782s] GC(1466) Concurrent Mark From Roots
[2023-04-09T19:45:31.274+0800][3866.782s] GC(1466) Using 2 workers of 2 for marking
[2023-04-09T19:45:31.305+0800][3866.814s] GC(1466) Concurrent Mark From Roots 31.727ms
[2023-04-09T19:45:31.305+0800][3866.814s] GC(1466) Concurrent Preclean
[2023-04-09T19:45:31.306+0800][3866.814s] GC(1466) Concurrent Preclean 0.288ms
[2023-04-09T19:45:31.306+0800][3866.814s] GC(1466) Concurrent Mark (3866.782s, 3866.814s) 32.116ms
[2023-04-09T19:45:31.306+0800][3866.815s] GC(1466) Pause Remark
[2023-04-09T19:45:31.310+0800][3866.819s] GC(1466) Cleaned string and symbol table, strings: 28086 processed, 0 removed, symbols: 172413 processed, 0 removed
[2023-04-09T19:45:31.311+0800][3866.819s] GC(1466) Pause Remark 112M->108M(512M) 4.652ms
[2023-04-09T19:45:31.311+0800][3866.819s] GC(1466) User=0.12s Sys=0.00s Real=0.01s
[2023-04-09T19:45:31.311+0800][3866.819s] GC(1466) Concurrent Rebuild Remembered Sets
[2023-04-09T19:45:31.325+0800][3866.834s] GC(1466) Concurrent Rebuild Remembered Sets 14.299ms
[2023-04-09T19:45:31.325+0800][3866.834s] GC(1466) Pause Cleanup
[2023-04-09T19:45:31.326+0800][3866.834s] GC(1466) Pause Cleanup 116M->116M(512M) 0.184ms
[2023-04-09T19:45:31.326+0800][3866.834s] GC(1466) User=0.00s Sys=0.00s Real=0.00s
[2023-04-09T19:45:31.326+0800][3866.834s] GC(1466) Concurrent Cleanup for Next Mark
[2023-04-09T19:45:31.326+0800][3866.835s] GC(1466) Concurrent Cleanup for Next Mark 0.714ms
[2023-04-09T19:45:31.326+0800][3866.835s] GC(1466) Concurrent Cycle 53.431ms
[2023-04-09T19:45:31.620+0800][3867.129s] GC(1467) Pause Young (Prepare Mixed) (G1 Evacuation Pause)
[2023-04-09T19:45:31.620+0800][3867.129s] GC(1467) Using 8 workers of 8 for evacuation
[2023-04-09T19:45:31.622+0800][3867.131s] GC(1467)   Pre Evacuate Collection Set: 0.0ms
[2023-04-09T19:45:31.622+0800][3867.131s] GC(1467)   Evacuate Collection Set: 0.9ms
[2023-04-09T19:45:31.622+0800][3867.131s] GC(1467)   Post Evacuate Collection Set: 0.4ms
[2023-04-09T19:45:31.622+0800][3867.131s] GC(1467)   Other: 0.2ms
[2023-04-09T19:45:31.622+0800][3867.131s] GC(1467) Eden regions: 196->0(17)
[2023-04-09T19:45:31.622+0800][3867.131s] GC(1467) Survivor regions: 8->8(26)
[2023-04-09T19:45:31.622+0800][3867.131s] GC(1467) Old regions: 80->80
[2023-04-09T19:45:31.622+0800][3867.131s] GC(1467) Humongous regions: 12->6
[2023-04-09T19:45:31.622+0800][3867.131s] GC(1467) Metaspace: 62575K(65648K)->62575K(65648K) NonClass: 55621K(57508K)->55621K(57508K) Class: 6954K(8140K)->6954K(8140K)
[2023-04-09T19:45:31.622+0800][3867.131s] GC(1467) Pause Young (Prepare Mixed) (G1 Evacuation Pause) 294M->92M(512M) 1.867ms
[2023-04-09T19:45:31.622+0800][3867.131s] GC(1467) User=0.11s Sys=0.00s Real=0.00s
[2023-04-09T19:45:31.655+0800][3867.163s] GC(1468) Pause Young (Mixed) (G1 Evacuation Pause)
[2023-04-09T19:45:31.655+0800][3867.163s] GC(1468) Using 8 workers of 8 for evacuation
[2023-04-09T19:45:31.656+0800][3867.165s] GC(1468)   Pre Evacuate Collection Set: 0.0ms
[2023-04-09T19:45:31.656+0800][3867.165s] GC(1468)   Evacuate Collection Set: 0.9ms
[2023-04-09T19:45:31.656+0800][3867.165s] GC(1468)   Post Evacuate Collection Set: 0.4ms
[2023-04-09T19:45:31.656+0800][3867.165s] GC(1468)   Other: 0.2ms
[2023-04-09T19:45:31.656+0800][3867.165s] GC(1468) Eden regions: 17->0(223)
[2023-04-09T19:45:31.656+0800][3867.165s] GC(1468) Survivor regions: 8->1(4)
[2023-04-09T19:45:31.656+0800][3867.165s] GC(1468) Old regions: 80->82
[2023-04-09T19:45:31.656+0800][3867.165s] GC(1468) Humongous regions: 6->6
[2023-04-09T19:45:31.656+0800][3867.165s] GC(1468) Metaspace: 62575K(65648K)->62575K(65648K) NonClass: 55621K(57508K)->55621K(57508K) Class: 6954K(8140K)->6954K(8140K)
[2023-04-09T19:45:31.656+0800][3867.165s] GC(1468) Pause Young (Mixed) (G1 Evacuation Pause) 109M->87M(512M) 1.707ms
[2023-04-09T19:45:31.656+0800][3867.165s] GC(1468) User=0.00s Sys=0.00s Real=0.00s
[2023-04-09T19:45:32.019+0800][3867.528s] GC(1469) Pause Young (Normal) (G1 Evacuation Pause)
[2023-04-09T19:45:32.019+0800][3867.528s] GC(1469) Using 8 workers of 8 for evacuation
[2023-04-09T19:45:32.020+0800][3867.529s] GC(1469)   Pre Evacuate Collection Set: 0.0ms
[2023-04-09T19:45:32.020+0800][3867.529s] GC(1469)   Evacuate Collection Set: 0.7ms
[2023-04-09T19:45:32.020+0800][3867.529s] GC(1469)   Post Evacuate Collection Set: 0.4ms
[2023-04-09T19:45:32.020+0800][3867.529s] GC(1469)   Other: 0.2ms
[2023-04-09T19:45:32.020+0800][3867.529s] GC(1469) Eden regions: 223->0(236)
[2023-04-09T19:45:32.020+0800][3867.529s] GC(1469) Survivor regions: 1->4(28)
[2023-04-09T19:45:32.020+0800][3867.529s] GC(1469) Old regions: 82->82
[2023-04-09T19:45:32.020+0800][3867.529s] GC(1469) Humongous regions: 12->12
[2023-04-09T19:45:32.020+0800][3867.529s] GC(1469) Metaspace: 62575K(65648K)->62575K(65648K) NonClass: 55621K(57508K)->55621K(57508K) Class: 6954K(8140K)->6954K(8140K)
[2023-04-09T19:45:32.020+0800][3867.529s] GC(1469) Pause Young (Normal) (G1 Evacuation Pause) 316M->97M(512M) 1.610ms
[2023-04-09T19:45:32.020+0800][3867.529s] GC(1469) User=0.00s Sys=0.00s Real=0.00s
[2023-04-09T19:45:32.082+0800][3867.591s] GC(1470) Pause Young (Concurrent Start) (G1 Humongous Allocation)
[2023-04-09T19:45:32.082+0800][3867.591s] GC(1470) Using 8 workers of 8 for evacuation
[2023-04-09T19:45:32.083+0800][3867.592s] GC(1470)   Pre Evacuate Collection Set: 0.1ms
[2023-04-09T19:45:32.083+0800][3867.592s] GC(1470)   Evacuate Collection Set: 0.9ms
[2023-04-09T19:45:32.083+0800][3867.592s] GC(1470)   Post Evacuate Collection Set: 0.4ms
[2023-04-09T19:45:32.083+0800][3867.592s] GC(1470)   Other: 0.2ms
[2023-04-09T19:45:32.083+0800][3867.592s] GC(1470) Eden regions: 33->0(186)
[2023-04-09T19:45:32.083+0800][3867.592s] GC(1470) Survivor regions: 4->5(30)
[2023-04-09T19:45:32.083+0800][3867.592s] GC(1470) Old regions: 82->82
[2023-04-09T19:45:32.083+0800][3867.592s] GC(1470) Humongous regions: 12->12
[2023-04-09T19:45:32.083+0800][3867.592s] GC(1470) Metaspace: 62575K(65648K)->62575K(65648K) NonClass: 55621K(57508K)->55621K(57508K) Class: 6954K(8140K)->6954K(8140K)
[2023-04-09T19:45:32.083+0800][3867.592s] GC(1470) Pause Young (Concurrent Start) (G1 Humongous Allocation) 130M->97M(512M) 1.721ms
[2023-04-09T19:45:32.083+0800][3867.592s] GC(1470) User=0.00s Sys=0.00s Real=0.00s
[2023-04-09T19:45:32.083+0800][3867.592s] GC(1471) Concurrent Cycle
[2023-04-09T19:45:32.083+0800][3867.592s] GC(1471) Concurrent Clear Claimed Marks
[2023-04-09T19:45:32.084+0800][3867.592s] GC(1471) Concurrent Clear Claimed Marks 0.115ms
[2023-04-09T19:45:32.084+0800][3867.592s] GC(1471) Concurrent Scan Root Regions
[2023-04-09T19:45:32.084+0800][3867.593s] GC(1471) Concurrent Scan Root Regions 0.492ms
[2023-04-09T19:45:32.084+0800][3867.593s] GC(1471) Concurrent Mark (3867.593s)
[2023-04-09T19:45:32.084+0800][3867.593s] GC(1471) Concurrent Mark From Roots
[2023-04-09T19:45:32.084+0800][3867.593s] GC(1471) Using 2 workers of 2 for marking
[2023-04-09T19:45:32.111+0800][3867.620s] GC(1471) Concurrent Mark From Roots 26.851ms
[2023-04-09T19:45:32.111+0800][3867.620s] GC(1471) Concurrent Preclean
[2023-04-09T19:45:32.111+0800][3867.620s] GC(1471) Concurrent Preclean 0.250ms
[2023-04-09T19:45:32.111+0800][3867.620s] GC(1471) Concurrent Mark (3867.593s, 3867.620s) 27.188ms
[2023-04-09T19:45:32.112+0800][3867.620s] GC(1471) Pause Remark
[2023-04-09T19:45:32.116+0800][3867.624s] GC(1471) Cleaned string and symbol table, strings: 28086 processed, 0 removed, symbols: 172413 processed, 0 removed
[2023-04-09T19:45:32.116+0800][3867.625s] GC(1471) Pause Remark 106M->99M(512M) 4.264ms
[2023-04-09T19:45:32.116+0800][3867.625s] GC(1471) User=0.00s Sys=0.00s Real=0.00s
[2023-04-09T19:45:32.116+0800][3867.625s] GC(1471) Concurrent Rebuild Remembered Sets
[2023-04-09T19:45:32.134+0800][3867.643s] GC(1471) Concurrent Rebuild Remembered Sets 17.942ms
[2023-04-09T19:45:32.134+0800][3867.643s] GC(1471) Pause Cleanup
[2023-04-09T19:45:32.134+0800][3867.643s] GC(1471) Pause Cleanup 115M->115M(512M) 0.201ms
[2023-04-09T19:45:32.134+0800][3867.643s] GC(1471) User=0.00s Sys=0.00s Real=0.00s
[2023-04-09T19:45:32.135+0800][3867.643s] GC(1471) Concurrent Cleanup for Next Mark
[2023-04-09T19:45:32.135+0800][3867.644s] GC(1471) Concurrent Cleanup for Next Mark 0.743ms
[2023-04-09T19:45:32.135+0800][3867.644s] GC(1471) Concurrent Cycle 51.867ms
[2023-04-09T19:45:32.559+0800][3868.068s] GC(1472) Pause Young (Prepare Mixed) (G1 Evacuation Pause)
[2023-04-09T19:45:32.559+0800][3868.068s] GC(1472) Using 8 workers of 8 for evacuation
[2023-04-09T19:45:32.561+0800][3868.070s] GC(1472)   Pre Evacuate Collection Set: 0.0ms
[2023-04-09T19:45:32.561+0800][3868.070s] GC(1472)   Evacuate Collection Set: 1.0ms
[2023-04-09T19:45:32.561+0800][3868.070s] GC(1472)   Post Evacuate Collection Set: 0.6ms
[2023-04-09T19:45:32.561+0800][3868.070s] GC(1472)   Other: 0.2ms
[2023-04-09T19:45:32.561+0800][3868.070s] GC(1472) Eden regions: 186->0(18)
[2023-04-09T19:45:32.561+0800][3868.070s] GC(1472) Survivor regions: 5->7(24)
[2023-04-09T19:45:32.561+0800][3868.070s] GC(1472) Old regions: 75->75
[2023-04-09T19:45:32.561+0800][3868.070s] GC(1472) Humongous regions: 25->13
[2023-04-09T19:45:32.561+0800][3868.070s] GC(1472) Metaspace: 62575K(65648K)->62575K(65648K) NonClass: 55621K(57508K)->55621K(57508K) Class: 6954K(8140K)->6954K(8140K)
[2023-04-09T19:45:32.561+0800][3868.070s] GC(1472) Pause Young (Prepare Mixed) (G1 Evacuation Pause) 289M->94M(512M) 1.925ms
[2023-04-09T19:45:32.561+0800][3868.070s] GC(1472) User=0.00s Sys=0.00s Real=0.00s
[2023-04-09T19:45:32.580+0800][3868.089s] GC(1473) Pause Young (Mixed) (G1 Evacuation Pause)
[2023-04-09T19:45:32.580+0800][3868.089s] GC(1473) Using 8 workers of 8 for evacuation
[2023-04-09T19:45:32.581+0800][3868.090s] GC(1473)   Pre Evacuate Collection Set: 0.0ms
[2023-04-09T19:45:32.581+0800][3868.091s] GC(1473)   Evacuate Collection Set: 0.9ms
[2023-04-09T19:45:32.581+0800][3868.091s] GC(1473)   Post Evacuate Collection Set: 0.6ms
[2023-04-09T19:45:32.581+0800][3868.091s] GC(1473)   Other: 0.2ms
[2023-04-09T19:45:32.581+0800][3868.091s] GC(1473) Eden regions: 18->0(206)
[2023-04-09T19:45:32.581+0800][3868.091s] GC(1473) Survivor regions: 7->1(4)
[2023-04-09T19:45:32.581+0800][3868.091s] GC(1473) Old regions: 75->79
[2023-04-09T19:45:32.581+0800][3868.091s] GC(1473) Humongous regions: 13->13
[2023-04-09T19:45:32.581+0800][3868.091s] GC(1473) Metaspace: 62575K(65648K)->62575K(65648K) NonClass: 55621K(57508K)->55621K(57508K) Class: 6954K(8140K)->6954K(8140K)
[2023-04-09T19:45:32.581+0800][3868.091s] GC(1473) Pause Young (Mixed) (G1 Evacuation Pause) 112M->92M(512M) 1.865ms
[2023-04-09T19:45:32.582+0800][3868.091s] GC(1473) User=0.00s Sys=0.00s Real=0.00s
[2023-04-09T19:45:32.938+0800][3868.447s] GC(1474) Pause Young (Normal) (G1 Evacuation Pause)
[2023-04-09T19:45:32.938+0800][3868.447s] GC(1474) Using 8 workers of 8 for evacuation
[2023-04-09T19:45:32.939+0800][3868.448s] GC(1474)   Pre Evacuate Collection Set: 0.0ms
[2023-04-09T19:45:32.939+0800][3868.448s] GC(1474)   Evacuate Collection Set: 0.4ms
[2023-04-09T19:45:32.939+0800][3868.448s] GC(1474)   Post Evacuate Collection Set: 0.5ms
[2023-04-09T19:45:32.939+0800][3868.448s] GC(1474)   Other: 0.2ms
[2023-04-09T19:45:32.939+0800][3868.448s] GC(1474) Eden regions: 206->0(224)
[2023-04-09T19:45:32.939+0800][3868.448s] GC(1474) Survivor regions: 1->2(26)
[2023-04-09T19:45:32.939+0800][3868.448s] GC(1474) Old regions: 79->79
[2023-04-09T19:45:32.939+0800][3868.448s] GC(1474) Humongous regions: 13->13
[2023-04-09T19:45:32.939+0800][3868.448s] GC(1474) Metaspace: 62575K(65648K)->62575K(65648K) NonClass: 55621K(57508K)->55621K(57508K) Class: 6954K(8140K)->6954K(8140K)
[2023-04-09T19:45:32.939+0800][3868.448s] GC(1474) Pause Young (Normal) (G1 Evacuation Pause) 298M->93M(512M) 1.223ms
[2023-04-09T19:45:32.939+0800][3868.448s] GC(1474) User=0.00s Sys=0.00s Real=0.00s
[2023-04-09T19:45:33.074+0800][3868.582s] GC(1475) Pause Young (Concurrent Start) (G1 Humongous Allocation)
[2023-04-09T19:45:33.074+0800][3868.582s] GC(1475) Using 8 workers of 8 for evacuation
[2023-04-09T19:45:33.075+0800][3868.584s] GC(1475)   Pre Evacuate Collection Set: 0.1ms
[2023-04-09T19:45:33.075+0800][3868.584s] GC(1475)   Evacuate Collection Set: 0.8ms
[2023-04-09T19:45:33.075+0800][3868.584s] GC(1475)   Post Evacuate Collection Set: 0.5ms
[2023-04-09T19:45:33.075+0800][3868.584s] GC(1475)   Other: 0.2ms
[2023-04-09T19:45:33.075+0800][3868.584s] GC(1475) Eden regions: 93->0(237)
[2023-04-09T19:45:33.075+0800][3868.584s] GC(1475) Survivor regions: 2->4(29)
[2023-04-09T19:45:33.075+0800][3868.584s] GC(1475) Old regions: 79->79
[2023-04-09T19:45:33.075+0800][3868.584s] GC(1475) Humongous regions: 13->13
[2023-04-09T19:45:33.076+0800][3868.584s] GC(1475) Metaspace: 62575K(65648K)->62575K(65648K) NonClass: 55621K(57508K)->55621K(57508K) Class: 6954K(8140K)->6954K(8140K)
[2023-04-09T19:45:33.076+0800][3868.584s] GC(1475) Pause Young (Concurrent Start) (G1 Humongous Allocation) 186M->95M(512M) 1.712ms
[2023-04-09T19:45:33.076+0800][3868.584s] GC(1475) User=0.00s Sys=0.00s Real=0.00s
[2023-04-09T19:45:33.076+0800][3868.584s] GC(1476) Concurrent Cycle
[2023-04-09T19:45:33.076+0800][3868.584s] GC(1476) Concurrent Clear Claimed Marks
[2023-04-09T19:45:33.076+0800][3868.584s] GC(1476) Concurrent Clear Claimed Marks 0.033ms
[2023-04-09T19:45:33.076+0800][3868.584s] GC(1476) Concurrent Scan Root Regions
[2023-04-09T19:45:33.076+0800][3868.585s] GC(1476) Concurrent Scan Root Regions 0.314ms
[2023-04-09T19:45:33.076+0800][3868.585s] GC(1476) Concurrent Mark (3868.585s)
[2023-04-09T19:45:33.076+0800][3868.585s] GC(1476) Concurrent Mark From Roots
[2023-04-09T19:45:33.076+0800][3868.585s] GC(1476) Using 2 workers of 2 for marking
[2023-04-09T19:45:33.108+0800][3868.616s] GC(1476) Concurrent Mark From Roots 31.771ms
[2023-04-09T19:45:33.108+0800][3868.616s] GC(1476) Concurrent Preclean
[2023-04-09T19:45:33.108+0800][3868.617s] GC(1476) Concurrent Preclean 0.250ms
[2023-04-09T19:45:33.108+0800][3868.617s] GC(1476) Concurrent Mark (3868.585s, 3868.617s) 32.107ms
[2023-04-09T19:45:33.108+0800][3868.617s] GC(1476) Pause Remark
[2023-04-09T19:45:33.113+0800][3868.622s] GC(1476) Cleaned string and symbol table, strings: 28086 processed, 0 removed, symbols: 172413 processed, 0 removed
[2023-04-09T19:45:33.113+0800][3868.622s] GC(1476) Pause Remark 108M->99M(512M) 4.946ms
[2023-04-09T19:45:33.113+0800][3868.622s] GC(1476) User=0.00s Sys=0.00s Real=0.00s
[2023-04-09T19:45:33.113+0800][3868.622s] GC(1476) Concurrent Rebuild Remembered Sets
[2023-04-09T19:45:33.131+0800][3868.640s] GC(1476) Concurrent Rebuild Remembered Sets 17.871ms
[2023-04-09T19:45:33.132+0800][3868.640s] GC(1476) Pause Cleanup
[2023-04-09T19:45:33.132+0800][3868.640s] GC(1476) Pause Cleanup 109M->109M(512M) 0.180ms
[2023-04-09T19:45:33.132+0800][3868.640s] GC(1476) User=0.00s Sys=0.00s Real=0.00s
[2023-04-09T19:45:33.132+0800][3868.640s] GC(1476) Concurrent Cleanup for Next Mark
[2023-04-09T19:45:33.133+0800][3868.642s] GC(1476) Concurrent Cleanup for Next Mark 1.074ms
[2023-04-09T19:45:33.133+0800][3868.642s] GC(1476) Concurrent Cycle 57.420ms
[2023-04-09T19:45:33.475+0800][3868.984s] GC(1477) Pause Young (Prepare Mixed) (G1 Evacuation Pause)
[2023-04-09T19:45:33.475+0800][3868.984s] GC(1477) Using 8 workers of 8 for evacuation
[2023-04-09T19:45:33.477+0800][3868.985s] GC(1477)   Pre Evacuate Collection Set: 0.0ms
[2023-04-09T19:45:33.477+0800][3868.986s] GC(1477)   Evacuate Collection Set: 1.0ms
[2023-04-09T19:45:33.477+0800][3868.986s] GC(1477)   Post Evacuate Collection Set: 0.5ms
[2023-04-09T19:45:33.477+0800][3868.986s] GC(1477)   Other: 0.2ms
[2023-04-09T19:45:33.477+0800][3868.986s] GC(1477) Eden regions: 237->0(16)
[2023-04-09T19:45:33.477+0800][3868.986s] GC(1477) Survivor regions: 4->9(31)
[2023-04-09T19:45:33.477+0800][3868.986s] GC(1477) Old regions: 79->79
[2023-04-09T19:45:33.477+0800][3868.986s] GC(1477) Humongous regions: 7->6
[2023-04-09T19:45:33.477+0800][3868.986s] GC(1477) Metaspace: 62575K(65648K)->62575K(65648K) NonClass: 55621K(57508K)->55621K(57508K) Class: 6954K(8140K)->6954K(8140K)
[2023-04-09T19:45:33.477+0800][3868.986s] GC(1477) Pause Young (Prepare Mixed) (G1 Evacuation Pause) 326M->93M(512M) 1.867ms
[2023-04-09T19:45:33.477+0800][3868.986s] GC(1477) User=0.00s Sys=0.00s Real=0.00s
[2023-04-09T19:45:33.505+0800][3869.014s] GC(1478) Pause Young (Mixed) (G1 Evacuation Pause)
[2023-04-09T19:45:33.506+0800][3869.014s] GC(1478) Using 8 workers of 8 for evacuation
[2023-04-09T19:45:33.507+0800][3869.016s] GC(1478)   Pre Evacuate Collection Set: 0.0ms
[2023-04-09T19:45:33.507+0800][3869.016s] GC(1478)   Evacuate Collection Set: 1.0ms
[2023-04-09T19:45:33.507+0800][3869.016s] GC(1478)   Post Evacuate Collection Set: 0.3ms
[2023-04-09T19:45:33.507+0800][3869.016s] GC(1478)   Other: 0.2ms
[2023-04-09T19:45:33.507+0800][3869.016s] GC(1478) Eden regions: 16->0(252)
[2023-04-09T19:45:33.507+0800][3869.016s] GC(1478) Survivor regions: 9->3(4)
[2023-04-09T19:45:33.507+0800][3869.016s] GC(1478) Old regions: 79->84
[2023-04-09T19:45:33.507+0800][3869.016s] GC(1478) Humongous regions: 6->6
[2023-04-09T19:45:33.507+0800][3869.016s] GC(1478) Metaspace: 62575K(65648K)->62575K(65648K) NonClass: 55621K(57508K)->55621K(57508K) Class: 6954K(8140K)->6954K(8140K)
[2023-04-09T19:45:33.507+0800][3869.016s] GC(1478) Pause Young (Mixed) (G1 Evacuation Pause) 109M->91M(512M) 1.733ms
[2023-04-09T19:45:33.507+0800][3869.016s] GC(1478) User=0.00s Sys=0.00s Real=0.00s
[2023-04-09T19:45:33.922+0800][3869.431s] GC(1479) Pause Young (Normal) (G1 Evacuation Pause)
[2023-04-09T19:45:33.922+0800][3869.431s] GC(1479) Using 8 workers of 8 for evacuation
[2023-04-09T19:45:33.924+0800][3869.432s] GC(1479)   Pre Evacuate Collection Set: 0.0ms
[2023-04-09T19:45:33.924+0800][3869.432s] GC(1479)   Evacuate Collection Set: 0.6ms
[2023-04-09T19:45:33.924+0800][3869.432s] GC(1479)   Post Evacuate Collection Set: 0.6ms
[2023-04-09T19:45:33.924+0800][3869.432s] GC(1479)   Other: 0.1ms
[2023-04-09T19:45:33.924+0800][3869.432s] GC(1479) Eden regions: 252->0(261)
[2023-04-09T19:45:33.924+0800][3869.432s] GC(1479) Survivor regions: 3->5(32)
[2023-04-09T19:45:33.924+0800][3869.432s] GC(1479) Old regions: 84->84
[2023-04-09T19:45:33.924+0800][3869.432s] GC(1479) Humongous regions: 20->13
[2023-04-09T19:45:33.924+0800][3869.432s] GC(1479) Metaspace: 62575K(65648K)->62575K(65648K) NonClass: 55621K(57508K)->55621K(57508K) Class: 6954K(8140K)->6954K(8140K)
[2023-04-09T19:45:33.924+0800][3869.432s] GC(1479) Pause Young (Normal) (G1 Evacuation Pause) 357M->100M(512M) 1.521ms
[2023-04-09T19:45:33.924+0800][3869.432s] GC(1479) User=0.00s Sys=0.00s Real=0.00s
[2023-04-09T19:45:34.044+0800][3869.553s] GC(1480) Pause Young (Concurrent Start) (G1 Humongous Allocation)
[2023-04-09T19:45:34.044+0800][3869.553s] GC(1480) Using 8 workers of 8 for evacuation
[2023-04-09T19:45:34.046+0800][3869.554s] GC(1480)   Pre Evacuate Collection Set: 0.1ms
[2023-04-09T19:45:34.046+0800][3869.555s] GC(1480)   Evacuate Collection Set: 1.0ms
[2023-04-09T19:45:34.046+0800][3869.555s] GC(1480)   Post Evacuate Collection Set: 0.6ms
[2023-04-09T19:45:34.046+0800][3869.555s] GC(1480)   Other: 0.2ms
[2023-04-09T19:45:34.046+0800][3869.555s] GC(1480) Eden regions: 83->0(232)
[2023-04-09T19:45:34.046+0800][3869.555s] GC(1480) Survivor regions: 5->6(34)
[2023-04-09T19:45:34.046+0800][3869.555s] GC(1480) Old regions: 84->84
[2023-04-09T19:45:34.046+0800][3869.555s] GC(1480) Humongous regions: 13->13
[2023-04-09T19:45:34.046+0800][3869.555s] GC(1480) Metaspace: 62575K(65648K)->62575K(65648K) NonClass: 55621K(57508K)->55621K(57508K) Class: 6954K(8140K)->6954K(8140K)
[2023-04-09T19:45:34.046+0800][3869.555s] GC(1480) Pause Young (Concurrent Start) (G1 Humongous Allocation) 183M->101M(512M) 1.978ms
[2023-04-09T19:45:34.046+0800][3869.555s] GC(1480) User=0.00s Sys=0.00s Real=0.00s
[2023-04-09T19:45:34.046+0800][3869.555s] GC(1481) Concurrent Cycle
[2023-04-09T19:45:34.046+0800][3869.555s] GC(1481) Concurrent Clear Claimed Marks
[2023-04-09T19:45:34.046+0800][3869.555s] GC(1481) Concurrent Clear Claimed Marks 0.043ms
[2023-04-09T19:45:34.046+0800][3869.555s] GC(1481) Concurrent Scan Root Regions
[2023-04-09T19:45:34.047+0800][3869.555s] GC(1481) Concurrent Scan Root Regions 0.463ms
[2023-04-09T19:45:34.047+0800][3869.555s] GC(1481) Concurrent Mark (3869.555s)
[2023-04-09T19:45:34.047+0800][3869.555s] GC(1481) Concurrent Mark From Roots
[2023-04-09T19:45:34.047+0800][3869.555s] GC(1481) Using 2 workers of 2 for marking
[2023-04-09T19:45:34.071+0800][3869.580s] GC(1481) Concurrent Mark From Roots 24.435ms
[2023-04-09T19:45:34.071+0800][3869.580s] GC(1481) Concurrent Preclean
[2023-04-09T19:45:34.072+0800][3869.580s] GC(1481) Concurrent Preclean 0.312ms
[2023-04-09T19:45:34.072+0800][3869.580s] GC(1481) Concurrent Mark (3869.555s, 3869.580s) 24.844ms
[2023-04-09T19:45:34.072+0800][3869.581s] GC(1481) Pause Remark
[2023-04-09T19:45:34.076+0800][3869.585s] GC(1481) Cleaned string and symbol table, strings: 28086 processed, 0 removed, symbols: 172413 processed, 0 removed
[2023-04-09T19:45:34.076+0800][3869.585s] GC(1481) Pause Remark 119M->117M(512M) 4.332ms
[2023-04-09T19:45:34.076+0800][3869.585s] GC(1481) User=0.11s Sys=0.02s Real=0.00s
[2023-04-09T19:45:34.077+0800][3869.585s] GC(1481) Concurrent Rebuild Remembered Sets
[2023-04-09T19:45:34.092+0800][3869.600s] GC(1481) Concurrent Rebuild Remembered Sets 15.279ms
[2023-04-09T19:45:34.092+0800][3869.601s] GC(1481) Pause Cleanup
[2023-04-09T19:45:34.092+0800][3869.601s] GC(1481) Pause Cleanup 122M->122M(512M) 0.166ms
[2023-04-09T19:45:34.092+0800][3869.601s] GC(1481) User=0.00s Sys=0.00s Real=0.00s
[2023-04-09T19:45:34.092+0800][3869.601s] GC(1481) Concurrent Cleanup for Next Mark
[2023-04-09T19:45:34.093+0800][3869.602s] GC(1481) Concurrent Cleanup for Next Mark 0.902ms
[2023-04-09T19:45:34.093+0800][3869.602s] GC(1481) Concurrent Cycle 47.081ms
[2023-04-09T19:45:34.553+0800][3870.062s] GC(1482) Pause Young (Prepare Mixed) (G1 Evacuation Pause)
[2023-04-09T19:45:34.553+0800][3870.062s] GC(1482) Using 8 workers of 8 for evacuation
[2023-04-09T19:45:34.555+0800][3870.064s] GC(1482)   Pre Evacuate Collection Set: 0.0ms
[2023-04-09T19:45:34.555+0800][3870.064s] GC(1482)   Evacuate Collection Set: 1.0ms
[2023-04-09T19:45:34.555+0800][3870.064s] GC(1482)   Post Evacuate Collection Set: 0.4ms
[2023-04-09T19:45:34.555+0800][3870.064s] GC(1482)   Other: 0.2ms
[2023-04-09T19:45:34.555+0800][3870.064s] GC(1482) Eden regions: 232->0(18)
[2023-04-09T19:45:34.555+0800][3870.064s] GC(1482) Survivor regions: 6->7(30)
[2023-04-09T19:45:34.555+0800][3870.064s] GC(1482) Old regions: 82->82
[2023-04-09T19:45:34.555+0800][3870.064s] GC(1482) Humongous regions: 18->13
[2023-04-09T19:45:34.555+0800][3870.064s] GC(1482) Metaspace: 62575K(65648K)->62575K(65648K) NonClass: 55621K(57508K)->55621K(57508K) Class: 6954K(8140K)->6954K(8140K)
[2023-04-09T19:45:34.555+0800][3870.064s] GC(1482) Pause Young (Prepare Mixed) (G1 Evacuation Pause) 336M->100M(512M) 1.899ms
[2023-04-09T19:45:34.555+0800][3870.064s] GC(1482) User=0.00s Sys=0.00s Real=0.00s
[2023-04-09T19:45:34.690+0800][3870.198s] GC(1483) Pause Young (Mixed) (G1 Evacuation Pause)
[2023-04-09T19:45:34.690+0800][3870.198s] GC(1483) Using 8 workers of 8 for evacuation
[2023-04-09T19:45:34.691+0800][3870.199s] GC(1483)   Pre Evacuate Collection Set: 0.0ms
[2023-04-09T19:45:34.691+0800][3870.199s] GC(1483)   Evacuate Collection Set: 0.4ms
[2023-04-09T19:45:34.691+0800][3870.199s] GC(1483)   Post Evacuate Collection Set: 0.3ms
[2023-04-09T19:45:34.691+0800][3870.199s] GC(1483)   Other: 0.2ms
[2023-04-09T19:45:34.691+0800][3870.199s] GC(1483) Eden regions: 18->0(259)
[2023-04-09T19:45:34.691+0800][3870.199s] GC(1483) Survivor regions: 7->1(4)
[2023-04-09T19:45:34.691+0800][3870.199s] GC(1483) Old regions: 82->74
[2023-04-09T19:45:34.691+0800][3870.199s] GC(1483) Humongous regions: 13->4
[2023-04-09T19:45:34.691+0800][3870.199s] GC(1483) Metaspace: 62576K(65648K)->62576K(65648K) NonClass: 55622K(57508K)->55622K(57508K) Class: 6954K(8140K)->6954K(8140K)
[2023-04-09T19:45:34.691+0800][3870.199s] GC(1483) Pause Young (Mixed) (G1 Evacuation Pause) 118M->78M(512M) 1.109ms
[2023-04-09T19:45:34.691+0800][3870.199s] GC(1483) User=0.00s Sys=0.00s Real=0.00s
[2023-04-09T19:45:35.054+0800][3870.563s] GC(1484) Pause Young (Normal) (G1 Evacuation Pause)
[2023-04-09T19:45:35.054+0800][3870.563s] GC(1484) Using 8 workers of 8 for evacuation
[2023-04-09T19:45:35.056+0800][3870.565s] GC(1484)   Pre Evacuate Collection Set: 0.0ms
[2023-04-09T19:45:35.056+0800][3870.565s] GC(1484)   Evacuate Collection Set: 0.7ms
[2023-04-09T19:45:35.056+0800][3870.565s] GC(1484)   Post Evacuate Collection Set: 0.6ms
[2023-04-09T19:45:35.056+0800][3870.565s] GC(1484)   Other: 0.2ms
[2023-04-09T19:45:35.056+0800][3870.565s] GC(1484) Eden regions: 259->0(269)
[2023-04-09T19:45:35.056+0800][3870.565s] GC(1484) Survivor regions: 1->6(33)
[2023-04-09T19:45:35.056+0800][3870.565s] GC(1484) Old regions: 74->74
[2023-04-09T19:45:35.056+0800][3870.565s] GC(1484) Humongous regions: 5->5
[2023-04-09T19:45:35.056+0800][3870.565s] GC(1484) Metaspace: 62576K(65648K)->62576K(65648K) NonClass: 55622K(57508K)->55622K(57508K) Class: 6954K(8140K)->6954K(8140K)
[2023-04-09T19:45:35.056+0800][3870.565s] GC(1484) Pause Young (Normal) (G1 Evacuation Pause) 338M->84M(512M) 1.710ms
[2023-04-09T19:45:35.056+0800][3870.565s] GC(1484) User=0.00s Sys=0.00s Real=0.00s
[2023-04-09T19:45:35.100+0800][3870.609s] GC(1485) Pause Young (Concurrent Start) (G1 Humongous Allocation)
[2023-04-09T19:45:35.100+0800][3870.609s] GC(1485) Using 8 workers of 8 for evacuation
[2023-04-09T19:45:35.101+0800][3870.611s] GC(1485)   Pre Evacuate Collection Set: 0.1ms
[2023-04-09T19:45:35.102+0800][3870.611s] GC(1485)   Evacuate Collection Set: 1.0ms
[2023-04-09T19:45:35.102+0800][3870.611s] GC(1485)   Post Evacuate Collection Set: 0.5ms
[2023-04-09T19:45:35.102+0800][3870.611s] GC(1485)   Other: 0.2ms
[2023-04-09T19:45:35.102+0800][3870.611s] GC(1485) Eden regions: 29->0(230)
[2023-04-09T19:45:35.102+0800][3870.611s] GC(1485) Survivor regions: 6->7(35)
[2023-04-09T19:45:35.102+0800][3870.611s] GC(1485) Old regions: 74->74
[2023-04-09T19:45:35.102+0800][3870.611s] GC(1485) Humongous regions: 5->5
[2023-04-09T19:45:35.102+0800][3870.611s] GC(1485) Metaspace: 62576K(65648K)->62576K(65648K) NonClass: 55622K(57508K)->55622K(57508K) Class: 6954K(8140K)->6954K(8140K)
[2023-04-09T19:45:35.102+0800][3870.611s] GC(1485) Pause Young (Concurrent Start) (G1 Humongous Allocation) 113M->84M(512M) 2.004ms
[2023-04-09T19:45:35.102+0800][3870.611s] GC(1485) User=0.00s Sys=0.00s Real=0.00s
[2023-04-09T19:45:35.102+0800][3870.611s] GC(1486) Concurrent Cycle
[2023-04-09T19:45:35.102+0800][3870.611s] GC(1486) Concurrent Clear Claimed Marks
[2023-04-09T19:45:35.102+0800][3870.611s] GC(1486) Concurrent Clear Claimed Marks 0.076ms
[2023-04-09T19:45:35.102+0800][3870.611s] GC(1486) Concurrent Scan Root Regions
[2023-04-09T19:45:35.102+0800][3870.611s] GC(1486) Concurrent Scan Root Regions 0.348ms
[2023-04-09T19:45:35.102+0800][3870.611s] GC(1486) Concurrent Mark (3870.611s)
[2023-04-09T19:45:35.102+0800][3870.612s] GC(1486) Concurrent Mark From Roots
[2023-04-09T19:45:35.102+0800][3870.612s] GC(1486) Using 2 workers of 2 for marking
[2023-04-09T19:45:35.125+0800][3870.635s] GC(1486) Concurrent Mark From Roots 23.095ms
[2023-04-09T19:45:35.126+0800][3870.635s] GC(1486) Concurrent Preclean
[2023-04-09T19:45:35.126+0800][3870.635s] GC(1486) Concurrent Preclean 0.349ms
[2023-04-09T19:45:35.126+0800][3870.635s] GC(1486) Concurrent Mark (3870.611s, 3870.635s) 23.545ms
[2023-04-09T19:45:35.127+0800][3870.635s] GC(1486) Pause Remark
[2023-04-09T19:45:35.131+0800][3870.639s] GC(1486) Cleaned string and symbol table, strings: 28086 processed, 0 removed, symbols: 172413 processed, 0 removed
[2023-04-09T19:45:35.131+0800][3870.640s] GC(1486) Pause Remark 98M->95M(512M) 4.520ms
[2023-04-09T19:45:35.131+0800][3870.640s] GC(1486) User=0.00s Sys=0.00s Real=0.00s
[2023-04-09T19:45:35.131+0800][3870.640s] GC(1486) Concurrent Rebuild Remembered Sets
[2023-04-09T19:45:35.145+0800][3870.654s] GC(1486) Concurrent Rebuild Remembered Sets 13.541ms
[2023-04-09T19:45:35.145+0800][3870.654s] GC(1486) Pause Cleanup
[2023-04-09T19:45:35.145+0800][3870.654s] GC(1486) Pause Cleanup 104M->104M(512M) 0.207ms
[2023-04-09T19:45:35.145+0800][3870.654s] GC(1486) User=0.00s Sys=0.00s Real=0.00s
[2023-04-09T19:45:35.146+0800][3870.654s] GC(1486) Concurrent Cleanup for Next Mark
[2023-04-09T19:45:35.146+0800][3870.655s] GC(1486) Concurrent Cleanup for Next Mark 0.767ms
[2023-04-09T19:45:35.146+0800][3870.655s] GC(1486) Concurrent Cycle 44.083ms
[2023-04-09T19:45:35.452+0800][3870.961s] GC(1487) Pause Young (Prepare Mixed) (G1 Evacuation Pause)
[2023-04-09T19:45:35.452+0800][3870.961s] GC(1487) Using 8 workers of 8 for evacuation
[2023-04-09T19:45:35.454+0800][3870.963s] GC(1487)   Pre Evacuate Collection Set: 0.0ms
[2023-04-09T19:45:35.454+0800][3870.963s] GC(1487)   Evacuate Collection Set: 1.3ms
[2023-04-09T19:45:35.454+0800][3870.963s] GC(1487)   Post Evacuate Collection Set: 0.5ms
[2023-04-09T19:45:35.454+0800][3870.963s] GC(1487)   Other: 0.2ms
[2023-04-09T19:45:35.454+0800][3870.963s] GC(1487) Eden regions: 230->0(14)
[2023-04-09T19:45:35.454+0800][3870.963s] GC(1487) Survivor regions: 7->11(30)
[2023-04-09T19:45:35.454+0800][3870.963s] GC(1487) Old regions: 71->71
[2023-04-09T19:45:35.455+0800][3870.963s] GC(1487) Humongous regions: 8->7
[2023-04-09T19:45:35.455+0800][3870.963s] GC(1487) Metaspace: 62576K(65648K)->62576K(65648K) NonClass: 55622K(57508K)->55622K(57508K) Class: 6954K(8140K)->6954K(8140K)
[2023-04-09T19:45:35.455+0800][3870.964s] GC(1487) Pause Young (Prepare Mixed) (G1 Evacuation Pause) 314M->88M(512M) 2.206ms
[2023-04-09T19:45:35.455+0800][3870.964s] GC(1487) User=0.00s Sys=0.00s Real=0.00s
[2023-04-09T19:45:35.479+0800][3870.987s] GC(1488) Pause Young (Mixed) (G1 Evacuation Pause)
[2023-04-09T19:45:35.479+0800][3870.987s] GC(1488) Using 8 workers of 8 for evacuation
[2023-04-09T19:45:35.480+0800][3870.989s] GC(1488)   Pre Evacuate Collection Set: 0.0ms
[2023-04-09T19:45:35.480+0800][3870.989s] GC(1488)   Evacuate Collection Set: 1.2ms
[2023-04-09T19:45:35.480+0800][3870.989s] GC(1488)   Post Evacuate Collection Set: 0.4ms
[2023-04-09T19:45:35.481+0800][3870.989s] GC(1488)   Other: 0.2ms
[2023-04-09T19:45:35.481+0800][3870.989s] GC(1488) Eden regions: 14->0(246)
[2023-04-09T19:45:35.481+0800][3870.989s] GC(1488) Survivor regions: 11->1(4)
[2023-04-09T19:45:35.481+0800][3870.990s] GC(1488) Old regions: 71->79
[2023-04-09T19:45:35.481+0800][3870.990s] GC(1488) Humongous regions: 7->7
[2023-04-09T19:45:35.481+0800][3870.990s] GC(1488) Metaspace: 62576K(65648K)->62576K(65648K) NonClass: 55622K(57508K)->55622K(57508K) Class: 6954K(8140K)->6954K(8140K)
[2023-04-09T19:45:35.481+0800][3870.990s] GC(1488) Pause Young (Mixed) (G1 Evacuation Pause) 102M->85M(512M) 2.125ms
[2023-04-09T19:45:35.481+0800][3870.990s] GC(1488) User=0.09s Sys=0.00s Real=0.00s
[2023-04-09T19:45:36.133+0800][3871.642s] GC(1489) Pause Young (Normal) (G1 Evacuation Pause)
[2023-04-09T19:45:36.133+0800][3871.642s] GC(1489) Using 8 workers of 8 for evacuation
[2023-04-09T19:45:36.134+0800][3871.643s] GC(1489)   Pre Evacuate Collection Set: 0.0ms
[2023-04-09T19:45:36.135+0800][3871.643s] GC(1489)   Evacuate Collection Set: 0.6ms
[2023-04-09T19:45:36.135+0800][3871.643s] GC(1489)   Post Evacuate Collection Set: 0.5ms
[2023-04-09T19:45:36.135+0800][3871.643s] GC(1489)   Other: 0.2ms
[2023-04-09T19:45:36.135+0800][3871.643s] GC(1489) Eden regions: 246->0(256)
[2023-04-09T19:45:36.135+0800][3871.643s] GC(1489) Survivor regions: 1->5(31)
[2023-04-09T19:45:36.135+0800][3871.643s] GC(1489) Old regions: 79->79
[2023-04-09T19:45:36.135+0800][3871.644s] GC(1489) Humongous regions: 25->13
[2023-04-09T19:45:36.135+0800][3871.644s] GC(1489) Metaspace: 62576K(65648K)->62576K(65648K) NonClass: 55622K(57508K)->55622K(57508K) Class: 6954K(8140K)->6954K(8140K)
[2023-04-09T19:45:36.135+0800][3871.644s] GC(1489) Pause Young (Normal) (G1 Evacuation Pause) 349M->96M(512M) 1.592ms
[2023-04-09T19:45:36.135+0800][3871.644s] GC(1489) User=0.00s Sys=0.00s Real=0.00s
[2023-04-09T19:45:36.538+0800][3872.048s] GC(1490) Pause Young (Normal) (G1 Evacuation Pause)
[2023-04-09T19:45:36.538+0800][3872.048s] GC(1490) Using 8 workers of 8 for evacuation
[2023-04-09T19:45:36.540+0800][3872.049s] GC(1490)   Pre Evacuate Collection Set: 0.0ms
[2023-04-09T19:45:36.540+0800][3872.049s] GC(1490)   Evacuate Collection Set: 0.7ms
[2023-04-09T19:45:36.540+0800][3872.049s] GC(1490)   Post Evacuate Collection Set: 0.5ms
[2023-04-09T19:45:36.540+0800][3872.049s] GC(1490)   Other: 0.2ms
[2023-04-09T19:45:36.540+0800][3872.049s] GC(1490) Eden regions: 256->0(267)
[2023-04-09T19:45:36.540+0800][3872.049s] GC(1490) Survivor regions: 5->7(33)
[2023-04-09T19:45:36.540+0800][3872.049s] GC(1490) Old regions: 79->79
[2023-04-09T19:45:36.540+0800][3872.049s] GC(1490) Humongous regions: 13->13
[2023-04-09T19:45:36.540+0800][3872.049s] GC(1490) Metaspace: 62576K(65648K)->62576K(65648K) NonClass: 55622K(57508K)->55622K(57508K) Class: 6954K(8140K)->6954K(8140K)
[2023-04-09T19:45:36.540+0800][3872.049s] GC(1490) Pause Young (Normal) (G1 Evacuation Pause) 352M->97M(512M) 1.631ms
[2023-04-09T19:45:36.540+0800][3872.049s] GC(1490) User=0.00s Sys=0.00s Real=0.00s
[2023-04-09T19:45:36.615+0800][3872.124s] GC(1491) Pause Young (Concurrent Start) (G1 Humongous Allocation)
[2023-04-09T19:45:36.615+0800][3872.124s] GC(1491) Using 8 workers of 8 for evacuation
[2023-04-09T19:45:36.617+0800][3872.126s] GC(1491)   Pre Evacuate Collection Set: 0.1ms
[2023-04-09T19:45:36.617+0800][3872.126s] GC(1491)   Evacuate Collection Set: 1.3ms
[2023-04-09T19:45:36.617+0800][3872.126s] GC(1491)   Post Evacuate Collection Set: 0.5ms
[2023-04-09T19:45:36.617+0800][3872.127s] GC(1491)   Other: 0.2ms
[2023-04-09T19:45:36.617+0800][3872.127s] GC(1491) Eden regions: 57->0(260)
[2023-04-09T19:45:36.617+0800][3872.127s] GC(1491) Survivor regions: 7->8(35)
[2023-04-09T19:45:36.618+0800][3872.127s] GC(1491) Old regions: 79->79
[2023-04-09T19:45:36.618+0800][3872.127s] GC(1491) Humongous regions: 13->13
[2023-04-09T19:45:36.618+0800][3872.127s] GC(1491) Metaspace: 62576K(65648K)->62576K(65648K) NonClass: 55622K(57508K)->55622K(57508K) Class: 6954K(8140K)->6954K(8140K)
[2023-04-09T19:45:36.618+0800][3872.127s] GC(1491) Pause Young (Concurrent Start) (G1 Humongous Allocation) 154M->98M(512M) 2.389ms
[2023-04-09T19:45:36.618+0800][3872.127s] GC(1491) User=0.00s Sys=0.00s Real=0.00s
[2023-04-09T19:45:36.618+0800][3872.127s] GC(1492) Concurrent Cycle
[2023-04-09T19:45:36.618+0800][3872.127s] GC(1492) Concurrent Clear Claimed Marks
[2023-04-09T19:45:36.618+0800][3872.127s] GC(1492) Concurrent Clear Claimed Marks 0.116ms
[2023-04-09T19:45:36.618+0800][3872.127s] GC(1492) Concurrent Scan Root Regions
[2023-04-09T19:45:36.618+0800][3872.127s] GC(1492) Concurrent Scan Root Regions 0.337ms
[2023-04-09T19:45:36.618+0800][3872.127s] GC(1492) Concurrent Mark (3872.127s)
[2023-04-09T19:45:36.618+0800][3872.127s] GC(1492) Concurrent Mark From Roots
[2023-04-09T19:45:36.618+0800][3872.127s] GC(1492) Using 2 workers of 2 for marking
[2023-04-09T19:45:36.646+0800][3872.155s] GC(1492) Concurrent Mark From Roots 27.842ms
[2023-04-09T19:45:36.646+0800][3872.155s] GC(1492) Concurrent Preclean
[2023-04-09T19:45:36.647+0800][3872.156s] GC(1492) Concurrent Preclean 0.349ms
[2023-04-09T19:45:36.647+0800][3872.156s] GC(1492) Concurrent Mark (3872.127s, 3872.156s) 28.277ms
[2023-04-09T19:45:36.647+0800][3872.156s] GC(1492) Pause Remark
[2023-04-09T19:45:36.651+0800][3872.160s] GC(1492) Cleaned string and symbol table, strings: 28086 processed, 0 removed, symbols: 172413 processed, 0 removed
[2023-04-09T19:45:36.651+0800][3872.160s] GC(1492) Pause Remark 116M->111M(512M) 4.483ms
[2023-04-09T19:45:36.651+0800][3872.160s] GC(1492) User=0.00s Sys=0.00s Real=0.00s
[2023-04-09T19:45:36.651+0800][3872.160s] GC(1492) Concurrent Rebuild Remembered Sets
[2023-04-09T19:45:36.670+0800][3872.179s] GC(1492) Concurrent Rebuild Remembered Sets 19.019ms
[2023-04-09T19:45:36.671+0800][3872.180s] GC(1492) Pause Cleanup
[2023-04-09T19:45:36.671+0800][3872.180s] GC(1492) Pause Cleanup 124M->124M(512M) 0.198ms
[2023-04-09T19:45:36.671+0800][3872.180s] GC(1492) User=0.00s Sys=0.00s Real=0.00s
[2023-04-09T19:45:36.671+0800][3872.180s] GC(1492) Concurrent Cleanup for Next Mark
[2023-04-09T19:45:36.672+0800][3872.181s] GC(1492) Concurrent Cleanup for Next Mark 0.823ms
[2023-04-09T19:45:36.672+0800][3872.181s] GC(1492) Concurrent Cycle 53.991ms
[2023-04-09T19:45:37.008+0800][3872.518s] GC(1493) Pause Young (Prepare Mixed) (G1 Evacuation Pause)
[2023-04-09T19:45:37.009+0800][3872.518s] GC(1493) Using 8 workers of 8 for evacuation
[2023-04-09T19:45:37.010+0800][3872.520s] GC(1493)   Pre Evacuate Collection Set: 0.0ms
[2023-04-09T19:45:37.010+0800][3872.520s] GC(1493)   Evacuate Collection Set: 1.0ms
[2023-04-09T19:45:37.010+0800][3872.520s] GC(1493)   Post Evacuate Collection Set: 0.5ms
[2023-04-09T19:45:37.010+0800][3872.520s] GC(1493)   Other: 0.2ms
[2023-04-09T19:45:37.010+0800][3872.520s] GC(1493) Eden regions: 260->0(16)
[2023-04-09T19:45:37.010+0800][3872.520s] GC(1493) Survivor regions: 8->9(34)
[2023-04-09T19:45:37.010+0800][3872.520s] GC(1493) Old regions: 78->78
[2023-04-09T19:45:37.010+0800][3872.520s] GC(1493) Humongous regions: 12->6
[2023-04-09T19:45:37.010+0800][3872.520s] GC(1493) Metaspace: 62576K(65648K)->62576K(65648K) NonClass: 55622K(57508K)->55622K(57508K) Class: 6954K(8140K)->6954K(8140K)
[2023-04-09T19:45:37.010+0800][3872.520s] GC(1493) Pause Young (Prepare Mixed) (G1 Evacuation Pause) 356M->91M(512M) 1.940ms
[2023-04-09T19:45:37.010+0800][3872.520s] GC(1493) User=0.00s Sys=0.00s Real=0.00s
[2023-04-09T19:45:37.035+0800][3872.544s] GC(1494) Pause Young (Mixed) (G1 Evacuation Pause)
[2023-04-09T19:45:37.035+0800][3872.544s] GC(1494) Using 8 workers of 8 for evacuation
[2023-04-09T19:45:37.037+0800][3872.546s] GC(1494)   Pre Evacuate Collection Set: 0.0ms
[2023-04-09T19:45:37.037+0800][3872.546s] GC(1494)   Evacuate Collection Set: 0.9ms
[2023-04-09T19:45:37.037+0800][3872.546s] GC(1494)   Post Evacuate Collection Set: 0.5ms
[2023-04-09T19:45:37.037+0800][3872.546s] GC(1494)   Other: 0.2ms
[2023-04-09T19:45:37.037+0800][3872.546s] GC(1494) Eden regions: 16->0(278)
[2023-04-09T19:45:37.037+0800][3872.546s] GC(1494) Survivor regions: 9->1(4)
[2023-04-09T19:45:37.037+0800][3872.546s] GC(1494) Old regions: 78->83
[2023-04-09T19:45:37.037+0800][3872.546s] GC(1494) Humongous regions: 6->6
[2023-04-09T19:45:37.037+0800][3872.546s] GC(1494) Metaspace: 62576K(65648K)->62576K(65648K) NonClass: 55622K(57508K)->55622K(57508K) Class: 6954K(8140K)->6954K(8140K)
[2023-04-09T19:45:37.037+0800][3872.546s] GC(1494) Pause Young (Mixed) (G1 Evacuation Pause) 107M->88M(512M) 1.889ms
[2023-04-09T19:45:37.037+0800][3872.546s] GC(1494) User=0.00s Sys=0.00s Real=0.00s
[2023-04-09T19:45:37.473+0800][3872.982s] GC(1495) Pause Young (Normal) (G1 Evacuation Pause)
[2023-04-09T19:45:37.473+0800][3872.982s] GC(1495) Using 8 workers of 8 for evacuation
[2023-04-09T19:45:37.474+0800][3872.983s] GC(1495)   Pre Evacuate Collection Set: 0.0ms
[2023-04-09T19:45:37.474+0800][3872.983s] GC(1495)   Evacuate Collection Set: 0.6ms
[2023-04-09T19:45:37.474+0800][3872.983s] GC(1495)   Post Evacuate Collection Set: 0.6ms
[2023-04-09T19:45:37.474+0800][3872.983s] GC(1495)   Other: 0.2ms
[2023-04-09T19:45:37.474+0800][3872.983s] GC(1495) Eden regions: 278->0(282)
[2023-04-09T19:45:37.474+0800][3872.983s] GC(1495) Survivor regions: 1->5(35)
[2023-04-09T19:45:37.474+0800][3872.983s] GC(1495) Old regions: 83->83
[2023-04-09T19:45:37.474+0800][3872.983s] GC(1495) Humongous regions: 20->13
[2023-04-09T19:45:37.474+0800][3872.983s] GC(1495) Metaspace: 62576K(65648K)->62576K(65648K) NonClass: 55622K(57508K)->55622K(57508K) Class: 6954K(8140K)->6954K(8140K)
[2023-04-09T19:45:37.474+0800][3872.983s] GC(1495) Pause Young (Normal) (G1 Evacuation Pause) 380M->99M(512M) 1.529ms
[2023-04-09T19:45:37.474+0800][3872.983s] GC(1495) User=0.00s Sys=0.00s Real=0.00s
[2023-04-09T19:45:37.517+0800][3873.026s] GC(1496) Pause Young (Concurrent Start) (G1 Humongous Allocation)
[2023-04-09T19:45:37.517+0800][3873.026s] GC(1496) Using 8 workers of 8 for evacuation
[2023-04-09T19:45:37.519+0800][3873.028s] GC(1496)   Pre Evacuate Collection Set: 0.1ms
[2023-04-09T19:45:37.519+0800][3873.028s] GC(1496)   Evacuate Collection Set: 1.1ms
[2023-04-09T19:45:37.519+0800][3873.028s] GC(1496)   Post Evacuate Collection Set: 0.5ms
[2023-04-09T19:45:37.519+0800][3873.028s] GC(1496)   Other: 0.2ms
[2023-04-09T19:45:37.519+0800][3873.028s] GC(1496) Eden regions: 25->0(197)
[2023-04-09T19:45:37.519+0800][3873.028s] GC(1496) Survivor regions: 5->6(36)
[2023-04-09T19:45:37.519+0800][3873.028s] GC(1496) Old regions: 83->83
[2023-04-09T19:45:37.519+0800][3873.028s] GC(1496) Humongous regions: 13->13
[2023-04-09T19:45:37.519+0800][3873.028s] GC(1496) Metaspace: 62576K(65648K)->62576K(65648K) NonClass: 55622K(57508K)->55622K(57508K) Class: 6954K(8140K)->6954K(8140K)
[2023-04-09T19:45:37.519+0800][3873.028s] GC(1496) Pause Young (Concurrent Start) (G1 Humongous Allocation) 124M->100M(512M) 2.038ms
[2023-04-09T19:45:37.519+0800][3873.028s] GC(1496) User=0.00s Sys=0.00s Real=0.00s
[2023-04-09T19:45:37.519+0800][3873.028s] GC(1497) Concurrent Cycle
[2023-04-09T19:45:37.519+0800][3873.028s] GC(1497) Concurrent Clear Claimed Marks
[2023-04-09T19:45:37.519+0800][3873.028s] GC(1497) Concurrent Clear Claimed Marks 0.073ms
[2023-04-09T19:45:37.519+0800][3873.028s] GC(1497) Concurrent Scan Root Regions
[2023-04-09T19:45:37.520+0800][3873.029s] GC(1497) Concurrent Scan Root Regions 0.432ms
[2023-04-09T19:45:37.520+0800][3873.029s] GC(1497) Concurrent Mark (3873.029s)
[2023-04-09T19:45:37.520+0800][3873.029s] GC(1497) Concurrent Mark From Roots
[2023-04-09T19:45:37.520+0800][3873.029s] GC(1497) Using 2 workers of 2 for marking
[2023-04-09T19:45:37.547+0800][3873.055s] GC(1497) Concurrent Mark From Roots 26.766ms
[2023-04-09T19:45:37.547+0800][3873.056s] GC(1497) Concurrent Preclean
[2023-04-09T19:45:37.547+0800][3873.056s] GC(1497) Concurrent Preclean 0.447ms
[2023-04-09T19:45:37.547+0800][3873.056s] GC(1497) Concurrent Mark (3873.029s, 3873.056s) 27.326ms
[2023-04-09T19:45:37.547+0800][3873.056s] GC(1497) Pause Remark
[2023-04-09T19:45:37.552+0800][3873.061s] GC(1497) Cleaned string and symbol table, strings: 28086 processed, 0 removed, symbols: 172413 processed, 0 removed
[2023-04-09T19:45:37.552+0800][3873.061s] GC(1497) Pause Remark 117M->111M(512M) 4.569ms
[2023-04-09T19:45:37.552+0800][3873.061s] GC(1497) User=0.00s Sys=0.00s Real=0.01s
[2023-04-09T19:45:37.552+0800][3873.061s] GC(1497) Concurrent Rebuild Remembered Sets
[2023-04-09T19:45:37.569+0800][3873.077s] GC(1497) Concurrent Rebuild Remembered Sets 16.529ms
[2023-04-09T19:45:37.569+0800][3873.078s] GC(1497) Pause Cleanup
[2023-04-09T19:45:37.569+0800][3873.078s] GC(1497) Pause Cleanup 119M->119M(512M) 0.195ms
[2023-04-09T19:45:37.569+0800][3873.078s] GC(1497) User=0.00s Sys=0.00s Real=0.00s
[2023-04-09T19:45:37.569+0800][3873.078s] GC(1497) Concurrent Cleanup for Next Mark
[2023-04-09T19:45:37.570+0800][3873.079s] GC(1497) Concurrent Cleanup for Next Mark 0.830ms
[2023-04-09T19:45:37.570+0800][3873.079s] GC(1497) Concurrent Cycle 50.824ms
[2023-04-09T19:45:37.923+0800][3873.432s] GC(1498) Pause Young (Prepare Mixed) (G1 Evacuation Pause)
[2023-04-09T19:45:37.923+0800][3873.432s] GC(1498) Using 8 workers of 8 for evacuation
[2023-04-09T19:45:37.925+0800][3873.434s] GC(1498)   Pre Evacuate Collection Set: 0.0ms
[2023-04-09T19:45:37.925+0800][3873.434s] GC(1498)   Evacuate Collection Set: 0.8ms
[2023-04-09T19:45:37.925+0800][3873.434s] GC(1498)   Post Evacuate Collection Set: 0.6ms
[2023-04-09T19:45:37.925+0800][3873.434s] GC(1498)   Other: 0.1ms
[2023-04-09T19:45:37.925+0800][3873.434s] GC(1498) Eden regions: 197->0(18)
[2023-04-09T19:45:37.925+0800][3873.434s] GC(1498) Survivor regions: 6->7(26)
[2023-04-09T19:45:37.925+0800][3873.434s] GC(1498) Old regions: 77->77
[2023-04-09T19:45:37.925+0800][3873.434s] GC(1498) Humongous regions: 18->13
[2023-04-09T19:45:37.925+0800][3873.434s] GC(1498) Metaspace: 62576K(65648K)->62576K(65648K) NonClass: 55622K(57508K)->55622K(57508K) Class: 6954K(8140K)->6954K(8140K)
[2023-04-09T19:45:37.925+0800][3873.434s] GC(1498) Pause Young (Prepare Mixed) (G1 Evacuation Pause) 296M->95M(512M) 1.784ms
[2023-04-09T19:45:37.925+0800][3873.434s] GC(1498) User=0.00s Sys=0.00s Real=0.00s
[2023-04-09T19:45:37.947+0800][3873.456s] GC(1499) Pause Young (Mixed) (G1 Evacuation Pause)
[2023-04-09T19:45:37.947+0800][3873.456s] GC(1499) Using 8 workers of 8 for evacuation
[2023-04-09T19:45:37.949+0800][3873.458s] GC(1499)   Pre Evacuate Collection Set: 0.0ms
[2023-04-09T19:45:37.949+0800][3873.458s] GC(1499)   Evacuate Collection Set: 0.9ms
[2023-04-09T19:45:37.949+0800][3873.458s] GC(1499)   Post Evacuate Collection Set: 0.5ms
[2023-04-09T19:45:37.949+0800][3873.458s] GC(1499)   Other: 0.2ms
[2023-04-09T19:45:37.949+0800][3873.458s] GC(1499) Eden regions: 18->0(222)
[2023-04-09T19:45:37.949+0800][3873.458s] GC(1499) Survivor regions: 7->1(4)
[2023-04-09T19:45:37.949+0800][3873.458s] GC(1499) Old regions: 77->80
[2023-04-09T19:45:37.949+0800][3873.458s] GC(1499) Humongous regions: 13->13
[2023-04-09T19:45:37.949+0800][3873.458s] GC(1499) Metaspace: 62576K(65648K)->62576K(65648K) NonClass: 55622K(57508K)->55622K(57508K) Class: 6954K(8140K)->6954K(8140K)
[2023-04-09T19:45:37.949+0800][3873.458s] GC(1499) Pause Young (Mixed) (G1 Evacuation Pause) 113M->92M(512M) 2.010ms
[2023-04-09T19:45:37.949+0800][3873.458s] GC(1499) User=0.00s Sys=0.00s Real=0.00s
[2023-04-09T19:45:38.427+0800][3873.936s] GC(1500) Pause Young (Normal) (G1 Evacuation Pause)
[2023-04-09T19:45:38.427+0800][3873.936s] GC(1500) Using 8 workers of 8 for evacuation
[2023-04-09T19:45:38.429+0800][3873.937s] GC(1500)   Pre Evacuate Collection Set: 0.0ms
[2023-04-09T19:45:38.429+0800][3873.937s] GC(1500)   Evacuate Collection Set: 0.6ms
[2023-04-09T19:45:38.429+0800][3873.938s] GC(1500)   Post Evacuate Collection Set: 0.5ms
[2023-04-09T19:45:38.429+0800][3873.938s] GC(1500)   Other: 0.2ms
[2023-04-09T19:45:38.429+0800][3873.938s] GC(1500) Eden regions: 222->0(238)
[2023-04-09T19:45:38.429+0800][3873.938s] GC(1500) Survivor regions: 1->5(28)
[2023-04-09T19:45:38.429+0800][3873.938s] GC(1500) Old regions: 80->80
[2023-04-09T19:45:38.429+0800][3873.938s] GC(1500) Humongous regions: 14->14
[2023-04-09T19:45:38.429+0800][3873.938s] GC(1500) Metaspace: 62577K(65648K)->62577K(65648K) NonClass: 55623K(57508K)->55623K(57508K) Class: 6954K(8140K)->6954K(8140K)
[2023-04-09T19:45:38.429+0800][3873.938s] GC(1500) Pause Young (Normal) (G1 Evacuation Pause) 315M->98M(512M) 1.545ms
[2023-04-09T19:45:38.429+0800][3873.938s] GC(1500) User=0.00s Sys=0.00s Real=0.00s
[2023-04-09T19:45:38.788+0800][3874.296s] GC(1501) Pause Young (Normal) (G1 Evacuation Pause)
[2023-04-09T19:45:38.788+0800][3874.297s] GC(1501) Using 8 workers of 8 for evacuation
[2023-04-09T19:45:38.789+0800][3874.298s] GC(1501)   Pre Evacuate Collection Set: 0.0ms
[2023-04-09T19:45:38.790+0800][3874.298s] GC(1501)   Evacuate Collection Set: 1.0ms
[2023-04-09T19:45:38.790+0800][3874.298s] GC(1501)   Post Evacuate Collection Set: 0.6ms
[2023-04-09T19:45:38.790+0800][3874.298s] GC(1501)   Other: 0.2ms
[2023-04-09T19:45:38.790+0800][3874.298s] GC(1501) Eden regions: 238->0(250)
[2023-04-09T19:45:38.790+0800][3874.298s] GC(1501) Survivor regions: 5->9(31)
[2023-04-09T19:45:38.790+0800][3874.298s] GC(1501) Old regions: 80->80
[2023-04-09T19:45:38.790+0800][3874.298s] GC(1501) Humongous regions: 16->15
[2023-04-09T19:45:38.790+0800][3874.299s] GC(1501) Metaspace: 62577K(65648K)->62577K(65648K) NonClass: 55623K(57508K)->55623K(57508K) Class: 6954K(8140K)->6954K(8140K)
[2023-04-09T19:45:38.790+0800][3874.299s] GC(1501) Pause Young (Normal) (G1 Evacuation Pause) 338M->103M(512M) 2.057ms
[2023-04-09T19:45:38.790+0800][3874.299s] GC(1501) User=0.00s Sys=0.00s Real=0.00s
[2023-04-09T19:45:39.108+0800][3874.617s] GC(1502) Pause Young (Concurrent Start) (G1 Humongous Allocation)
[2023-04-09T19:45:39.108+0800][3874.617s] GC(1502) Using 8 workers of 8 for evacuation
[2023-04-09T19:45:39.110+0800][3874.619s] GC(1502)   Pre Evacuate Collection Set: 0.1ms
[2023-04-09T19:45:39.110+0800][3874.619s] GC(1502)   Evacuate Collection Set: 1.5ms
[2023-04-09T19:45:39.110+0800][3874.619s] GC(1502)   Post Evacuate Collection Set: 0.5ms
[2023-04-09T19:45:39.110+0800][3874.619s] GC(1502)   Other: 0.2ms
[2023-04-09T19:45:39.110+0800][3874.619s] GC(1502) Eden regions: 213->0(243)
[2023-04-09T19:45:39.110+0800][3874.619s] GC(1502) Survivor regions: 9->10(33)
[2023-04-09T19:45:39.110+0800][3874.619s] GC(1502) Old regions: 80->80
[2023-04-09T19:45:39.110+0800][3874.619s] GC(1502) Humongous regions: 21->21
[2023-04-09T19:45:39.110+0800][3874.619s] GC(1502) Metaspace: 62577K(65648K)->62577K(65648K) NonClass: 55623K(57508K)->55623K(57508K) Class: 6954K(8140K)->6954K(8140K)
[2023-04-09T19:45:39.110+0800][3874.619s] GC(1502) Pause Young (Concurrent Start) (G1 Humongous Allocation) 322M->110M(512M) 2.515ms
[2023-04-09T19:45:39.110+0800][3874.619s] GC(1502) User=0.00s Sys=0.00s Real=0.00s
[2023-04-09T19:45:39.110+0800][3874.619s] GC(1503) Concurrent Cycle
[2023-04-09T19:45:39.110+0800][3874.619s] GC(1503) Concurrent Clear Claimed Marks
[2023-04-09T19:45:39.111+0800][3874.620s] GC(1503) Concurrent Clear Claimed Marks 0.093ms
[2023-04-09T19:45:39.111+0800][3874.620s] GC(1503) Concurrent Scan Root Regions
[2023-04-09T19:45:39.111+0800][3874.620s] GC(1503) Concurrent Scan Root Regions 0.349ms
[2023-04-09T19:45:39.111+0800][3874.620s] GC(1503) Concurrent Mark (3874.620s)
[2023-04-09T19:45:39.111+0800][3874.620s] GC(1503) Concurrent Mark From Roots
[2023-04-09T19:45:39.111+0800][3874.620s] GC(1503) Using 2 workers of 2 for marking
[2023-04-09T19:45:39.139+0800][3874.648s] GC(1503) Concurrent Mark From Roots 28.194ms
[2023-04-09T19:45:39.139+0800][3874.648s] GC(1503) Concurrent Preclean
[2023-04-09T19:45:39.139+0800][3874.648s] GC(1503) Concurrent Preclean 0.244ms
[2023-04-09T19:45:39.139+0800][3874.648s] GC(1503) Concurrent Mark (3874.620s, 3874.648s) 28.527ms
[2023-04-09T19:45:39.140+0800][3874.649s] GC(1503) Pause Remark
[2023-04-09T19:45:39.144+0800][3874.653s] GC(1503) Cleaned string and symbol table, strings: 28086 processed, 0 removed, symbols: 172413 processed, 0 removed
[2023-04-09T19:45:39.144+0800][3874.653s] GC(1503) Pause Remark 117M->108M(512M) 4.373ms
[2023-04-09T19:45:39.144+0800][3874.653s] GC(1503) User=0.00s Sys=0.00s Real=0.00s
[2023-04-09T19:45:39.144+0800][3874.653s] GC(1503) Concurrent Rebuild Remembered Sets
[2023-04-09T19:45:39.158+0800][3874.667s] GC(1503) Concurrent Rebuild Remembered Sets 14.023ms
[2023-04-09T19:45:39.159+0800][3874.668s] GC(1503) Pause Cleanup
[2023-04-09T19:45:39.159+0800][3874.668s] GC(1503) Pause Cleanup 116M->116M(512M) 0.178ms
[2023-04-09T19:45:39.159+0800][3874.668s] GC(1503) User=0.00s Sys=0.00s Real=0.00s
[2023-04-09T19:45:39.159+0800][3874.668s] GC(1503) Concurrent Cleanup for Next Mark
[2023-04-09T19:45:39.160+0800][3874.669s] GC(1503) Concurrent Cleanup for Next Mark 0.739ms
[2023-04-09T19:45:39.160+0800][3874.669s] GC(1503) Concurrent Cycle 49.495ms
[2023-04-09T19:45:39.769+0800][3875.278s] GC(1504) Pause Young (Prepare Mixed) (G1 Evacuation Pause)
[2023-04-09T19:45:39.769+0800][3875.278s] GC(1504) Using 8 workers of 8 for evacuation
[2023-04-09T19:45:39.771+0800][3875.280s] GC(1504)   Pre Evacuate Collection Set: 0.0ms
[2023-04-09T19:45:39.771+0800][3875.280s] GC(1504)   Evacuate Collection Set: 1.2ms
[2023-04-09T19:45:39.771+0800][3875.280s] GC(1504)   Post Evacuate Collection Set: 0.5ms
[2023-04-09T19:45:39.771+0800][3875.280s] GC(1504)   Other: 0.3ms
[2023-04-09T19:45:39.771+0800][3875.280s] GC(1504) Eden regions: 243->0(14)
[2023-04-09T19:45:39.771+0800][3875.280s] GC(1504) Survivor regions: 10->11(32)
[2023-04-09T19:45:39.771+0800][3875.280s] GC(1504) Old regions: 80->80
[2023-04-09T19:45:39.771+0800][3875.281s] GC(1504) Humongous regions: 25->13
[2023-04-09T19:45:39.771+0800][3875.281s] GC(1504) Metaspace: 62577K(65648K)->62577K(65648K) NonClass: 55623K(57508K)->55623K(57508K) Class: 6954K(8140K)->6954K(8140K)
[2023-04-09T19:45:39.771+0800][3875.281s] GC(1504) Pause Young (Prepare Mixed) (G1 Evacuation Pause) 357M->103M(512M) 2.373ms
[2023-04-09T19:45:39.771+0800][3875.281s] GC(1504) User=0.00s Sys=0.00s Real=0.00s
[2023-04-09T19:45:39.791+0800][3875.300s] GC(1505) Pause Young (Mixed) (G1 Evacuation Pause)
[2023-04-09T19:45:39.791+0800][3875.300s] GC(1505) Using 8 workers of 8 for evacuation
[2023-04-09T19:45:39.793+0800][3875.302s] GC(1505)   Pre Evacuate Collection Set: 0.0ms
[2023-04-09T19:45:39.793+0800][3875.302s] GC(1505)   Evacuate Collection Set: 1.4ms
[2023-04-09T19:45:39.793+0800][3875.302s] GC(1505)   Post Evacuate Collection Set: 0.5ms
[2023-04-09T19:45:39.793+0800][3875.302s] GC(1505)   Other: 0.2ms
[2023-04-09T19:45:39.793+0800][3875.302s] GC(1505) Eden regions: 14->0(260)
[2023-04-09T19:45:39.793+0800][3875.302s] GC(1505) Survivor regions: 11->1(4)
[2023-04-09T19:45:39.793+0800][3875.302s] GC(1505) Old regions: 80->87
[2023-04-09T19:45:39.793+0800][3875.302s] GC(1505) Humongous regions: 13->13
[2023-04-09T19:45:39.793+0800][3875.302s] GC(1505) Metaspace: 62577K(65648K)->62577K(65648K) NonClass: 55623K(57508K)->55623K(57508K) Class: 6954K(8140K)->6954K(8140K)
[2023-04-09T19:45:39.793+0800][3875.302s] GC(1505) Pause Young (Mixed) (G1 Evacuation Pause) 117M->99M(512M) 2.326ms
[2023-04-09T19:45:39.793+0800][3875.302s] GC(1505) User=0.02s Sys=0.00s Real=0.00s
[2023-04-09T19:45:40.256+0800][3875.765s] GC(1506) Pause Young (Normal) (G1 Evacuation Pause)
[2023-04-09T19:45:40.256+0800][3875.765s] GC(1506) Using 8 workers of 8 for evacuation
[2023-04-09T19:45:40.257+0800][3875.766s] GC(1506)   Pre Evacuate Collection Set: 0.0ms
[2023-04-09T19:45:40.257+0800][3875.766s] GC(1506)   Evacuate Collection Set: 0.7ms
[2023-04-09T19:45:40.257+0800][3875.766s] GC(1506)   Post Evacuate Collection Set: 0.6ms
[2023-04-09T19:45:40.257+0800][3875.766s] GC(1506)   Other: 0.2ms
[2023-04-09T19:45:40.257+0800][3875.767s] GC(1506) Eden regions: 260->0(268)
[2023-04-09T19:45:40.257+0800][3875.767s] GC(1506) Survivor regions: 1->5(33)
[2023-04-09T19:45:40.257+0800][3875.767s] GC(1506) Old regions: 87->87
[2023-04-09T19:45:40.257+0800][3875.767s] GC(1506) Humongous regions: 14->14
[2023-04-09T19:45:40.257+0800][3875.767s] GC(1506) Metaspace: 62577K(65648K)->62577K(65648K) NonClass: 55623K(57508K)->55623K(57508K) Class: 6954K(8140K)->6954K(8140K)
[2023-04-09T19:45:40.258+0800][3875.767s] GC(1506) Pause Young (Normal) (G1 Evacuation Pause) 360M->104M(512M) 1.691ms
[2023-04-09T19:45:40.258+0800][3875.767s] GC(1506) User=0.00s Sys=0.00s Real=0.00s
[2023-04-09T19:45:40.441+0800][3875.950s] GC(1507) Pause Young (Concurrent Start) (G1 Humongous Allocation)
[2023-04-09T19:45:40.441+0800][3875.950s] GC(1507) Using 8 workers of 8 for evacuation
[2023-04-09T19:45:40.443+0800][3875.952s] GC(1507)   Pre Evacuate Collection Set: 0.1ms
[2023-04-09T19:45:40.443+0800][3875.952s] GC(1507)   Evacuate Collection Set: 1.1ms
[2023-04-09T19:45:40.443+0800][3875.952s] GC(1507)   Post Evacuate Collection Set: 0.5ms
[2023-04-09T19:45:40.443+0800][3875.952s] GC(1507)   Other: 0.2ms
[2023-04-09T19:45:40.443+0800][3875.952s] GC(1507) Eden regions: 118->0(256)
[2023-04-09T19:45:40.443+0800][3875.952s] GC(1507) Survivor regions: 5->7(35)
[2023-04-09T19:45:40.443+0800][3875.952s] GC(1507) Old regions: 87->87
[2023-04-09T19:45:40.443+0800][3875.952s] GC(1507) Humongous regions: 14->14
[2023-04-09T19:45:40.443+0800][3875.952s] GC(1507) Metaspace: 62577K(65648K)->62577K(65648K) NonClass: 55623K(57508K)->55623K(57508K) Class: 6954K(8140K)->6954K(8140K)
[2023-04-09T19:45:40.443+0800][3875.952s] GC(1507) Pause Young (Concurrent Start) (G1 Humongous Allocation) 222M->107M(512M) 1.911ms
[2023-04-09T19:45:40.443+0800][3875.952s] GC(1507) User=0.00s Sys=0.00s Real=0.00s
[2023-04-09T19:45:40.443+0800][3875.952s] GC(1508) Concurrent Cycle
[2023-04-09T19:45:40.443+0800][3875.952s] GC(1508) Concurrent Clear Claimed Marks
[2023-04-09T19:45:40.443+0800][3875.952s] GC(1508) Concurrent Clear Claimed Marks 0.108ms
[2023-04-09T19:45:40.443+0800][3875.952s] GC(1508) Concurrent Scan Root Regions
[2023-04-09T19:45:40.444+0800][3875.953s] GC(1508) Concurrent Scan Root Regions 0.583ms
[2023-04-09T19:45:40.444+0800][3875.953s] GC(1508) Concurrent Mark (3875.953s)
[2023-04-09T19:45:40.444+0800][3875.953s] GC(1508) Concurrent Mark From Roots
[2023-04-09T19:45:40.444+0800][3875.953s] GC(1508) Using 2 workers of 2 for marking
[2023-04-09T19:45:40.473+0800][3875.982s] GC(1508) Concurrent Mark From Roots 28.924ms
[2023-04-09T19:45:40.473+0800][3875.982s] GC(1508) Concurrent Preclean
[2023-04-09T19:45:40.473+0800][3875.982s] GC(1508) Concurrent Preclean 0.242ms
[2023-04-09T19:45:40.473+0800][3875.982s] GC(1508) Concurrent Mark (3875.953s, 3875.982s) 29.256ms
[2023-04-09T19:45:40.473+0800][3875.982s] GC(1508) Pause Remark
[2023-04-09T19:45:40.477+0800][3875.986s] GC(1508) Cleaned string and symbol table, strings: 28086 processed, 0 removed, symbols: 172413 processed, 0 removed
[2023-04-09T19:45:40.478+0800][3875.987s] GC(1508) Pause Remark 122M->107M(512M) 4.329ms
[2023-04-09T19:45:40.478+0800][3875.987s] GC(1508) User=0.00s Sys=0.00s Real=0.00s
[2023-04-09T19:45:40.478+0800][3875.987s] GC(1508) Concurrent Rebuild Remembered Sets
[2023-04-09T19:45:40.495+0800][3876.004s] GC(1508) Concurrent Rebuild Remembered Sets 17.300ms
[2023-04-09T19:45:40.496+0800][3876.004s] GC(1508) Pause Cleanup
[2023-04-09T19:45:40.496+0800][3876.005s] GC(1508) Pause Cleanup 115M->115M(512M) 0.194ms
[2023-04-09T19:45:40.496+0800][3876.005s] GC(1508) User=0.00s Sys=0.00s Real=0.00s
[2023-04-09T19:45:40.496+0800][3876.005s] GC(1508) Concurrent Cleanup for Next Mark
[2023-04-09T19:45:40.497+0800][3876.006s] GC(1508) Concurrent Cleanup for Next Mark 0.758ms
[2023-04-09T19:45:40.497+0800][3876.006s] GC(1508) Concurrent Cycle 53.615ms
[2023-04-09T19:45:40.882+0800][3876.390s] GC(1509) Pause Young (Prepare Mixed) (G1 Evacuation Pause)
[2023-04-09T19:45:40.882+0800][3876.390s] GC(1509) Using 8 workers of 8 for evacuation
[2023-04-09T19:45:40.884+0800][3876.393s] GC(1509)   Pre Evacuate Collection Set: 0.0ms
[2023-04-09T19:45:40.884+0800][3876.393s] GC(1509)   Evacuate Collection Set: 1.4ms
[2023-04-09T19:45:40.884+0800][3876.393s] GC(1509)   Post Evacuate Collection Set: 0.6ms
[2023-04-09T19:45:40.884+0800][3876.393s] GC(1509)   Other: 0.2ms
[2023-04-09T19:45:40.884+0800][3876.393s] GC(1509) Eden regions: 256->0(13)
[2023-04-09T19:45:40.884+0800][3876.393s] GC(1509) Survivor regions: 7->12(33)
[2023-04-09T19:45:40.884+0800][3876.393s] GC(1509) Old regions: 81->81
[2023-04-09T19:45:40.884+0800][3876.393s] GC(1509) Humongous regions: 8->7
[2023-04-09T19:45:40.884+0800][3876.393s] GC(1509) Metaspace: 62577K(65648K)->62577K(65648K) NonClass: 55623K(57508K)->55623K(57508K) Class: 6954K(8140K)->6954K(8140K)
[2023-04-09T19:45:40.884+0800][3876.393s] GC(1509) Pause Young (Prepare Mixed) (G1 Evacuation Pause) 351M->98M(512M) 2.507ms
[2023-04-09T19:45:40.884+0800][3876.393s] GC(1509) User=0.00s Sys=0.00s Real=0.00s
[2023-04-09T19:45:40.905+0800][3876.415s] GC(1510) Pause Young (Mixed) (G1 Evacuation Pause)
[2023-04-09T19:45:40.905+0800][3876.415s] GC(1510) Using 8 workers of 8 for evacuation
[2023-04-09T19:45:40.907+0800][3876.417s] GC(1510)   Pre Evacuate Collection Set: 0.0ms
[2023-04-09T19:45:40.908+0800][3876.417s] GC(1510)   Evacuate Collection Set: 1.2ms
[2023-04-09T19:45:40.908+0800][3876.417s] GC(1510)   Post Evacuate Collection Set: 0.5ms
[2023-04-09T19:45:40.908+0800][3876.417s] GC(1510)   Other: 0.2ms
[2023-04-09T19:45:40.908+0800][3876.417s] GC(1510) Eden regions: 13->0(273)
[2023-04-09T19:45:40.908+0800][3876.417s] GC(1510) Survivor regions: 12->1(4)
[2023-04-09T19:45:40.908+0800][3876.417s] GC(1510) Old regions: 81->88
[2023-04-09T19:45:40.908+0800][3876.417s] GC(1510) Humongous regions: 7->7
[2023-04-09T19:45:40.908+0800][3876.417s] GC(1510) Metaspace: 62577K(65648K)->62577K(65648K) NonClass: 55623K(57508K)->55623K(57508K) Class: 6954K(8140K)->6954K(8140K)
[2023-04-09T19:45:40.908+0800][3876.417s] GC(1510) Pause Young (Mixed) (G1 Evacuation Pause) 111M->95M(512M) 2.284ms
[2023-04-09T19:45:40.908+0800][3876.417s] GC(1510) User=0.00s Sys=0.00s Real=0.00s
[2023-04-09T19:45:41.443+0800][3876.952s] GC(1511) Pause Young (Normal) (G1 Evacuation Pause)
[2023-04-09T19:45:41.443+0800][3876.952s] GC(1511) Using 8 workers of 8 for evacuation
[2023-04-09T19:45:41.444+0800][3876.953s] GC(1511)   Pre Evacuate Collection Set: 0.0ms
[2023-04-09T19:45:41.444+0800][3876.953s] GC(1511)   Evacuate Collection Set: 0.6ms
[2023-04-09T19:45:41.444+0800][3876.953s] GC(1511)   Post Evacuate Collection Set: 0.7ms
[2023-04-09T19:45:41.444+0800][3876.953s] GC(1511)   Other: 0.2ms
[2023-04-09T19:45:41.444+0800][3876.953s] GC(1511) Eden regions: 273->0(277)
[2023-04-09T19:45:41.444+0800][3876.953s] GC(1511) Survivor regions: 1->5(35)
[2023-04-09T19:45:41.444+0800][3876.953s] GC(1511) Old regions: 88->88
[2023-04-09T19:45:41.444+0800][3876.953s] GC(1511) Humongous regions: 25->13
[2023-04-09T19:45:41.444+0800][3876.953s] GC(1511) Metaspace: 62577K(65648K)->62577K(65648K) NonClass: 55623K(57508K)->55623K(57508K) Class: 6954K(8140K)->6954K(8140K)
[2023-04-09T19:45:41.444+0800][3876.954s] GC(1511) Pause Young (Normal) (G1 Evacuation Pause) 386M->105M(512M) 1.623ms
[2023-04-09T19:45:41.444+0800][3876.954s] GC(1511) User=0.00s Sys=0.00s Real=0.00s
[2023-04-09T19:45:41.924+0800][3877.434s] GC(1512) Pause Young (Concurrent Start) (G1 Humongous Allocation)
[2023-04-09T19:45:41.925+0800][3877.434s] GC(1512) Using 8 workers of 8 for evacuation
[2023-04-09T19:45:41.926+0800][3877.436s] GC(1512)   Pre Evacuate Collection Set: 0.1ms
[2023-04-09T19:45:41.926+0800][3877.436s] GC(1512)   Evacuate Collection Set: 1.1ms
[2023-04-09T19:45:41.927+0800][3877.436s] GC(1512)   Post Evacuate Collection Set: 0.6ms
[2023-04-09T19:45:41.927+0800][3877.436s] GC(1512)   Other: 0.3ms
[2023-04-09T19:45:41.927+0800][3877.436s] GC(1512) Eden regions: 268->0(285)
[2023-04-09T19:45:41.927+0800][3877.436s] GC(1512) Survivor regions: 5->7(36)
[2023-04-09T19:45:41.927+0800][3877.436s] GC(1512) Old regions: 88->88
[2023-04-09T19:45:41.927+0800][3877.436s] GC(1512) Humongous regions: 13->13
[2023-04-09T19:45:41.927+0800][3877.436s] GC(1512) Metaspace: 62577K(65648K)->62577K(65648K) NonClass: 55623K(57508K)->55623K(57508K) Class: 6954K(8140K)->6954K(8140K)
[2023-04-09T19:45:41.927+0800][3877.436s] GC(1512) Pause Young (Concurrent Start) (G1 Humongous Allocation) 372M->107M(512M) 2.249ms
[2023-04-09T19:45:41.927+0800][3877.436s] GC(1512) User=0.00s Sys=0.00s Real=0.00s
[2023-04-09T19:45:41.927+0800][3877.436s] GC(1513) Concurrent Cycle
[2023-04-09T19:45:41.927+0800][3877.436s] GC(1513) Concurrent Clear Claimed Marks
[2023-04-09T19:45:41.927+0800][3877.436s] GC(1513) Concurrent Clear Claimed Marks 0.097ms
[2023-04-09T19:45:41.927+0800][3877.436s] GC(1513) Concurrent Scan Root Regions
[2023-04-09T19:45:41.927+0800][3877.437s] GC(1513) Concurrent Scan Root Regions 0.447ms
[2023-04-09T19:45:41.927+0800][3877.437s] GC(1513) Concurrent Mark (3877.437s)
[2023-04-09T19:45:41.928+0800][3877.437s] GC(1513) Concurrent Mark From Roots
[2023-04-09T19:45:41.928+0800][3877.437s] GC(1513) Using 2 workers of 2 for marking
[2023-04-09T19:45:41.953+0800][3877.462s] GC(1513) Concurrent Mark From Roots 25.089ms
[2023-04-09T19:45:41.953+0800][3877.462s] GC(1513) Concurrent Preclean
[2023-04-09T19:45:41.953+0800][3877.462s] GC(1513) Concurrent Preclean 0.259ms
[2023-04-09T19:45:41.953+0800][3877.462s] GC(1513) Concurrent Mark (3877.437s, 3877.462s) 25.452ms
[2023-04-09T19:45:41.953+0800][3877.462s] GC(1513) Pause Remark
[2023-04-09T19:45:41.957+0800][3877.466s] GC(1513) Cleaned string and symbol table, strings: 28086 processed, 0 removed, symbols: 172413 processed, 0 removed
[2023-04-09T19:45:41.958+0800][3877.467s] GC(1513) Pause Remark 122M->110M(512M) 4.280ms
[2023-04-09T19:45:41.958+0800][3877.467s] GC(1513) User=0.00s Sys=0.00s Real=0.00s
[2023-04-09T19:45:41.958+0800][3877.467s] GC(1513) Concurrent Rebuild Remembered Sets
[2023-04-09T19:45:41.973+0800][3877.482s] GC(1513) Concurrent Rebuild Remembered Sets 15.283ms
[2023-04-09T19:45:41.973+0800][3877.482s] GC(1513) Pause Cleanup
[2023-04-09T19:45:41.973+0800][3877.483s] GC(1513) Pause Cleanup 120M->120M(512M) 0.172ms
[2023-04-09T19:45:41.973+0800][3877.483s] GC(1513) User=0.00s Sys=0.00s Real=0.00s
[2023-04-09T19:45:41.974+0800][3877.483s] GC(1513) Concurrent Cleanup for Next Mark
[2023-04-09T19:45:41.974+0800][3877.483s] GC(1513) Concurrent Cleanup for Next Mark 0.715ms
[2023-04-09T19:45:41.974+0800][3877.483s] GC(1513) Concurrent Cycle 47.490ms
[2023-04-09T19:45:42.374+0800][3877.883s] GC(1514) Pause Young (Prepare Mixed) (G1 Evacuation Pause)
[2023-04-09T19:45:42.374+0800][3877.883s] GC(1514) Using 8 workers of 8 for evacuation
[2023-04-09T19:45:42.376+0800][3877.884s] GC(1514)   Pre Evacuate Collection Set: 0.0ms
[2023-04-09T19:45:42.376+0800][3877.884s] GC(1514)   Evacuate Collection Set: 1.1ms
[2023-04-09T19:45:42.376+0800][3877.884s] GC(1514)   Post Evacuate Collection Set: 0.5ms
[2023-04-09T19:45:42.376+0800][3877.884s] GC(1514)   Other: 0.2ms
[2023-04-09T19:45:42.376+0800][3877.885s] GC(1514) Eden regions: 285->0(16)
[2023-04-09T19:45:42.376+0800][3877.885s] GC(1514) Survivor regions: 7->9(37)
[2023-04-09T19:45:42.376+0800][3877.885s] GC(1514) Old regions: 80->80
[2023-04-09T19:45:42.376+0800][3877.885s] GC(1514) Humongous regions: 12->6
[2023-04-09T19:45:42.376+0800][3877.885s] GC(1514) Metaspace: 62577K(65648K)->62577K(65648K) NonClass: 55623K(57508K)->55623K(57508K) Class: 6954K(8140K)->6954K(8140K)
[2023-04-09T19:45:42.376+0800][3877.885s] GC(1514) Pause Young (Prepare Mixed) (G1 Evacuation Pause) 383M->94M(512M) 1.985ms
[2023-04-09T19:45:42.376+0800][3877.885s] GC(1514) User=0.00s Sys=0.00s Real=0.00s
[2023-04-09T19:45:42.401+0800][3877.910s] GC(1515) Pause Young (Mixed) (G1 Evacuation Pause)
[2023-04-09T19:45:42.401+0800][3877.910s] GC(1515) Using 8 workers of 8 for evacuation
[2023-04-09T19:45:42.403+0800][3877.912s] GC(1515)   Pre Evacuate Collection Set: 0.0ms
[2023-04-09T19:45:42.403+0800][3877.912s] GC(1515)   Evacuate Collection Set: 1.0ms
[2023-04-09T19:45:42.403+0800][3877.912s] GC(1515)   Post Evacuate Collection Set: 0.4ms
[2023-04-09T19:45:42.403+0800][3877.912s] GC(1515)   Other: 0.2ms
[2023-04-09T19:45:42.403+0800][3877.912s] GC(1515) Eden regions: 16->0(304)
[2023-04-09T19:45:42.403+0800][3877.912s] GC(1515) Survivor regions: 9->1(4)
[2023-04-09T19:45:42.403+0800][3877.912s] GC(1515) Old regions: 80->83
[2023-04-09T19:45:42.403+0800][3877.912s] GC(1515) Humongous regions: 6->6
[2023-04-09T19:45:42.403+0800][3877.912s] GC(1515) Metaspace: 62577K(65648K)->62577K(65648K) NonClass: 55623K(57508K)->55623K(57508K) Class: 6954K(8140K)->6954K(8140K)
[2023-04-09T19:45:42.403+0800][3877.912s] GC(1515) Pause Young (Mixed) (G1 Evacuation Pause) 110M->88M(512M) 1.787ms
[2023-04-09T19:45:42.403+0800][3877.912s] GC(1515) User=0.02s Sys=0.00s Real=0.00s
[2023-04-09T19:45:42.902+0800][3878.411s] GC(1516) Pause Young (Normal) (G1 Evacuation Pause)
[2023-04-09T19:45:42.902+0800][3878.411s] GC(1516) Using 8 workers of 8 for evacuation
[2023-04-09T19:45:42.903+0800][3878.413s] GC(1516)   Pre Evacuate Collection Set: 0.0ms
[2023-04-09T19:45:42.903+0800][3878.413s] GC(1516)   Evacuate Collection Set: 0.7ms
[2023-04-09T19:45:42.904+0800][3878.413s] GC(1516)   Post Evacuate Collection Set: 0.6ms
[2023-04-09T19:45:42.904+0800][3878.413s] GC(1516)   Other: 0.2ms
[2023-04-09T19:45:42.904+0800][3878.413s] GC(1516) Eden regions: 304->0(301)
[2023-04-09T19:45:42.904+0800][3878.413s] GC(1516) Survivor regions: 1->6(39)
[2023-04-09T19:45:42.904+0800][3878.413s] GC(1516) Old regions: 83->83
[2023-04-09T19:45:42.904+0800][3878.413s] GC(1516) Humongous regions: 20->13
[2023-04-09T19:45:42.904+0800][3878.413s] GC(1516) Metaspace: 62577K(65648K)->62577K(65648K) NonClass: 55623K(57508K)->55623K(57508K) Class: 6954K(8140K)->6954K(8140K)
[2023-04-09T19:45:42.904+0800][3878.413s] GC(1516) Pause Young (Normal) (G1 Evacuation Pause) 406M->100M(512M) 1.767ms
[2023-04-09T19:45:42.904+0800][3878.413s] GC(1516) User=0.00s Sys=0.00s Real=0.00s
[2023-04-09T19:45:42.911+0800][3878.420s] GC(1517) Pause Young (Concurrent Start) (G1 Humongous Allocation)
[2023-04-09T19:45:42.911+0800][3878.420s] GC(1517) Using 8 workers of 8 for evacuation
[2023-04-09T19:45:42.912+0800][3878.421s] GC(1517)   Pre Evacuate Collection Set: 0.1ms
[2023-04-09T19:45:42.912+0800][3878.421s] GC(1517)   Evacuate Collection Set: 1.0ms
[2023-04-09T19:45:42.912+0800][3878.421s] GC(1517)   Post Evacuate Collection Set: 0.4ms
[2023-04-09T19:45:42.912+0800][3878.421s] GC(1517)   Other: 0.2ms
[2023-04-09T19:45:42.912+0800][3878.422s] GC(1517) Eden regions: 5->0(251)
[2023-04-09T19:45:42.912+0800][3878.422s] GC(1517) Survivor regions: 6->6(39)
[2023-04-09T19:45:42.912+0800][3878.422s] GC(1517) Old regions: 83->83
[2023-04-09T19:45:42.912+0800][3878.422s] GC(1517) Humongous regions: 13->13
[2023-04-09T19:45:42.912+0800][3878.422s] GC(1517) Metaspace: 62577K(65648K)->62577K(65648K) NonClass: 55623K(57508K)->55623K(57508K) Class: 6954K(8140K)->6954K(8140K)
[2023-04-09T19:45:42.912+0800][3878.422s] GC(1517) Pause Young (Concurrent Start) (G1 Humongous Allocation) 105M->100M(512M) 1.739ms
[2023-04-09T19:45:42.912+0800][3878.422s] GC(1517) User=0.00s Sys=0.00s Real=0.00s
[2023-04-09T19:45:42.912+0800][3878.422s] GC(1518) Concurrent Cycle
[2023-04-09T19:45:42.913+0800][3878.422s] GC(1518) Concurrent Clear Claimed Marks
[2023-04-09T19:45:42.913+0800][3878.422s] GC(1518) Concurrent Clear Claimed Marks 0.096ms
[2023-04-09T19:45:42.913+0800][3878.422s] GC(1518) Concurrent Scan Root Regions
[2023-04-09T19:45:42.913+0800][3878.422s] GC(1518) Concurrent Scan Root Regions 0.462ms
[2023-04-09T19:45:42.913+0800][3878.422s] GC(1518) Concurrent Mark (3878.422s)
[2023-04-09T19:45:42.913+0800][3878.422s] GC(1518) Concurrent Mark From Roots
[2023-04-09T19:45:42.913+0800][3878.422s] GC(1518) Using 2 workers of 2 for marking
[2023-04-09T19:45:42.944+0800][3878.452s] GC(1518) Concurrent Mark From Roots 29.909ms
[2023-04-09T19:45:42.944+0800][3878.452s] GC(1518) Concurrent Preclean
[2023-04-09T19:45:42.944+0800][3878.453s] GC(1518) Concurrent Preclean 0.315ms
[2023-04-09T19:45:42.944+0800][3878.453s] GC(1518) Concurrent Mark (3878.422s, 3878.453s) 30.355ms
[2023-04-09T19:45:42.944+0800][3878.453s] GC(1518) Pause Remark
[2023-04-09T19:45:42.948+0800][3878.457s] GC(1518) Cleaned string and symbol table, strings: 28086 processed, 0 removed, symbols: 172413 processed, 0 removed
[2023-04-09T19:45:42.949+0800][3878.457s] GC(1518) Pause Remark 111M->105M(512M) 4.462ms
[2023-04-09T19:45:42.949+0800][3878.457s] GC(1518) User=0.00s Sys=0.02s Real=0.00s
[2023-04-09T19:45:42.949+0800][3878.458s] GC(1518) Concurrent Rebuild Remembered Sets
[2023-04-09T19:45:42.966+0800][3878.475s] GC(1518) Concurrent Rebuild Remembered Sets 17.213ms
[2023-04-09T19:45:42.966+0800][3878.475s] GC(1518) Pause Cleanup
[2023-04-09T19:45:42.967+0800][3878.475s] GC(1518) Pause Cleanup 110M->110M(512M) 0.284ms
[2023-04-09T19:45:42.967+0800][3878.475s] GC(1518) User=0.00s Sys=0.00s Real=0.00s
[2023-04-09T19:45:42.967+0800][3878.475s] GC(1518) Concurrent Cleanup for Next Mark
[2023-04-09T19:45:42.968+0800][3878.476s] GC(1518) Concurrent Cleanup for Next Mark 1.032ms
[2023-04-09T19:45:42.968+0800][3878.476s] GC(1518) Concurrent Cycle 54.728ms
[2023-04-09T19:45:43.490+0800][3878.999s] GC(1519) Pause Young (Prepare Mixed) (G1 Evacuation Pause)
[2023-04-09T19:45:43.490+0800][3878.999s] GC(1519) Using 8 workers of 8 for evacuation
[2023-04-09T19:45:43.491+0800][3879.000s] GC(1519)   Pre Evacuate Collection Set: 0.0ms
[2023-04-09T19:45:43.491+0800][3879.000s] GC(1519)   Evacuate Collection Set: 0.9ms
[2023-04-09T19:45:43.491+0800][3879.001s] GC(1519)   Post Evacuate Collection Set: 0.5ms
[2023-04-09T19:45:43.491+0800][3879.001s] GC(1519)   Other: 0.1ms
[2023-04-09T19:45:43.491+0800][3879.001s] GC(1519) Eden regions: 251->0(18)
[2023-04-09T19:45:43.491+0800][3879.001s] GC(1519) Survivor regions: 6->7(33)
[2023-04-09T19:45:43.491+0800][3879.001s] GC(1519) Old regions: 77->77
[2023-04-09T19:45:43.491+0800][3879.001s] GC(1519) Humongous regions: 18->13
[2023-04-09T19:45:43.491+0800][3879.001s] GC(1519) Metaspace: 62577K(65648K)->62577K(65648K) NonClass: 55623K(57508K)->55623K(57508K) Class: 6954K(8140K)->6954K(8140K)
[2023-04-09T19:45:43.491+0800][3879.001s] GC(1519) Pause Young (Prepare Mixed) (G1 Evacuation Pause) 350M->95M(512M) 1.741ms
[2023-04-09T19:45:43.491+0800][3879.001s] GC(1519) User=0.00s Sys=0.00s Real=0.00s
[2023-04-09T19:45:43.515+0800][3879.025s] GC(1520) Pause Young (Mixed) (G1 Evacuation Pause)
[2023-04-09T19:45:43.515+0800][3879.025s] GC(1520) Using 8 workers of 8 for evacuation
[2023-04-09T19:45:43.517+0800][3879.026s] GC(1520)   Pre Evacuate Collection Set: 0.0ms
[2023-04-09T19:45:43.517+0800][3879.026s] GC(1520)   Evacuate Collection Set: 0.9ms
[2023-04-09T19:45:43.517+0800][3879.026s] GC(1520)   Post Evacuate Collection Set: 0.4ms
[2023-04-09T19:45:43.517+0800][3879.026s] GC(1520)   Other: 0.3ms
[2023-04-09T19:45:43.517+0800][3879.026s] GC(1520) Eden regions: 18->0(271)
[2023-04-09T19:45:43.517+0800][3879.026s] GC(1520) Survivor regions: 7->2(4)
[2023-04-09T19:45:43.517+0800][3879.026s] GC(1520) Old regions: 77->80
[2023-04-09T19:45:43.517+0800][3879.026s] GC(1520) Humongous regions: 13->13
[2023-04-09T19:45:43.517+0800][3879.026s] GC(1520) Metaspace: 62577K(65648K)->62577K(65648K) NonClass: 55623K(57508K)->55623K(57508K) Class: 6954K(8140K)->6954K(8140K)
[2023-04-09T19:45:43.517+0800][3879.027s] GC(1520) Pause Young (Mixed) (G1 Evacuation Pause) 113M->93M(512M) 1.950ms
[2023-04-09T19:45:43.517+0800][3879.027s] GC(1520) User=0.00s Sys=0.00s Real=0.00s
[2023-04-09T19:45:43.911+0800][3879.420s] GC(1521) Pause Young (Normal) (G1 Evacuation Pause)
[2023-04-09T19:45:43.911+0800][3879.420s] GC(1521) Using 8 workers of 8 for evacuation
[2023-04-09T19:45:43.913+0800][3879.421s] GC(1521)   Pre Evacuate Collection Set: 0.0ms
[2023-04-09T19:45:43.913+0800][3879.421s] GC(1521)   Evacuate Collection Set: 0.7ms
[2023-04-09T19:45:43.913+0800][3879.421s] GC(1521)   Post Evacuate Collection Set: 0.5ms
[2023-04-09T19:45:43.913+0800][3879.421s] GC(1521)   Other: 0.2ms
[2023-04-09T19:45:43.913+0800][3879.421s] GC(1521) Eden regions: 271->0(279)
[2023-04-09T19:45:43.913+0800][3879.421s] GC(1521) Survivor regions: 2->7(35)
[2023-04-09T19:45:43.913+0800][3879.421s] GC(1521) Old regions: 80->80
[2023-04-09T19:45:43.913+0800][3879.421s] GC(1521) Humongous regions: 16->15
[2023-04-09T19:45:43.913+0800][3879.421s] GC(1521) Metaspace: 62577K(65648K)->62577K(65648K) NonClass: 55623K(57508K)->55623K(57508K) Class: 6954K(8140K)->6954K(8140K)
[2023-04-09T19:45:43.913+0800][3879.421s] GC(1521) Pause Young (Normal) (G1 Evacuation Pause) 367M->100M(512M) 1.551ms
[2023-04-09T19:45:43.913+0800][3879.422s] GC(1521) User=0.00s Sys=0.00s Real=0.00s
[2023-04-09T19:45:44.137+0800][3879.646s] GC(1522) Pause Young (Concurrent Start) (G1 Humongous Allocation)
[2023-04-09T19:45:44.137+0800][3879.646s] GC(1522) Using 8 workers of 8 for evacuation
[2023-04-09T19:45:44.139+0800][3879.648s] GC(1522)   Pre Evacuate Collection Set: 0.1ms
[2023-04-09T19:45:44.139+0800][3879.648s] GC(1522)   Evacuate Collection Set: 1.3ms
[2023-04-09T19:45:44.139+0800][3879.648s] GC(1522)   Post Evacuate Collection Set: 0.5ms
[2023-04-09T19:45:44.139+0800][3879.648s] GC(1522)   Other: 0.2ms
[2023-04-09T19:45:44.139+0800][3879.648s] GC(1522) Eden regions: 152->0(250)
[2023-04-09T19:45:44.139+0800][3879.648s] GC(1522) Survivor regions: 7->10(36)
[2023-04-09T19:45:44.139+0800][3879.648s] GC(1522) Old regions: 80->80
[2023-04-09T19:45:44.139+0800][3879.648s] GC(1522) Humongous regions: 15->15
[2023-04-09T19:45:44.139+0800][3879.648s] GC(1522) Metaspace: 62577K(65648K)->62577K(65648K) NonClass: 55623K(57508K)->55623K(57508K) Class: 6954K(8140K)->6954K(8140K)
[2023-04-09T19:45:44.139+0800][3879.648s] GC(1522) Pause Young (Concurrent Start) (G1 Humongous Allocation) 252M->103M(512M) 2.451ms
[2023-04-09T19:45:44.139+0800][3879.648s] GC(1522) User=0.00s Sys=0.00s Real=0.00s
[2023-04-09T19:45:44.140+0800][3879.648s] GC(1523) Concurrent Cycle
[2023-04-09T19:45:44.140+0800][3879.648s] GC(1523) Concurrent Clear Claimed Marks
[2023-04-09T19:45:44.140+0800][3879.648s] GC(1523) Concurrent Clear Claimed Marks 0.087ms
[2023-04-09T19:45:44.140+0800][3879.648s] GC(1523) Concurrent Scan Root Regions
[2023-04-09T19:45:44.140+0800][3879.649s] GC(1523) Concurrent Scan Root Regions 0.421ms
[2023-04-09T19:45:44.140+0800][3879.649s] GC(1523) Concurrent Mark (3879.649s)
[2023-04-09T19:45:44.140+0800][3879.649s] GC(1523) Concurrent Mark From Roots
[2023-04-09T19:45:44.140+0800][3879.649s] GC(1523) Using 2 workers of 2 for marking
[2023-04-09T19:45:44.167+0800][3879.676s] GC(1523) Concurrent Mark From Roots 26.872ms
[2023-04-09T19:45:44.167+0800][3879.676s] GC(1523) Concurrent Preclean
[2023-04-09T19:45:44.167+0800][3879.676s] GC(1523) Concurrent Preclean 0.403ms
[2023-04-09T19:45:44.168+0800][3879.676s] GC(1523) Concurrent Mark (3879.649s, 3879.676s) 27.409ms
[2023-04-09T19:45:44.168+0800][3879.676s] GC(1523) Pause Remark
[2023-04-09T19:45:44.174+0800][3879.682s] GC(1523) Cleaned string and symbol table, strings: 28086 processed, 0 removed, symbols: 172413 processed, 0 removed
[2023-04-09T19:45:44.174+0800][3879.683s] GC(1523) Pause Remark 114M->105M(512M) 6.170ms
[2023-04-09T19:45:44.174+0800][3879.683s] GC(1523) User=0.00s Sys=0.00s Real=0.01s
[2023-04-09T19:45:44.174+0800][3879.683s] GC(1523) Concurrent Rebuild Remembered Sets
[2023-04-09T19:45:44.189+0800][3879.698s] GC(1523) Concurrent Rebuild Remembered Sets 15.436ms
[2023-04-09T19:45:44.190+0800][3879.698s] GC(1523) Pause Cleanup
[2023-04-09T19:45:44.190+0800][3879.699s] GC(1523) Pause Cleanup 113M->113M(512M) 0.214ms
[2023-04-09T19:45:44.190+0800][3879.699s] GC(1523) User=0.00s Sys=0.00s Real=0.00s
[2023-04-09T19:45:44.190+0800][3879.699s] GC(1523) Concurrent Cleanup for Next Mark
[2023-04-09T19:45:44.191+0800][3879.699s] GC(1523) Concurrent Cleanup for Next Mark 0.760ms
[2023-04-09T19:45:44.191+0800][3879.700s] GC(1523) Concurrent Cycle 51.355ms
[2023-04-09T19:45:44.582+0800][3880.091s] GC(1524) Pause Young (Prepare Mixed) (G1 Evacuation Pause)
[2023-04-09T19:45:44.582+0800][3880.091s] GC(1524) Using 8 workers of 8 for evacuation
[2023-04-09T19:45:44.584+0800][3880.093s] GC(1524)   Pre Evacuate Collection Set: 0.0ms
[2023-04-09T19:45:44.584+0800][3880.093s] GC(1524)   Evacuate Collection Set: 1.5ms
[2023-04-09T19:45:44.584+0800][3880.093s] GC(1524)   Post Evacuate Collection Set: 0.5ms
[2023-04-09T19:45:44.584+0800][3880.093s] GC(1524)   Other: 0.2ms
[2023-04-09T19:45:44.584+0800][3880.093s] GC(1524) Eden regions: 250->0(14)
[2023-04-09T19:45:44.584+0800][3880.093s] GC(1524) Survivor regions: 10->11(33)
[2023-04-09T19:45:44.584+0800][3880.093s] GC(1524) Old regions: 74->74
[2023-04-09T19:45:44.584+0800][3880.093s] GC(1524) Humongous regions: 25->13
[2023-04-09T19:45:44.584+0800][3880.093s] GC(1524) Metaspace: 62577K(65648K)->62577K(65648K) NonClass: 55623K(57508K)->55623K(57508K) Class: 6954K(8140K)->6954K(8140K)
[2023-04-09T19:45:44.584+0800][3880.093s] GC(1524) Pause Young (Prepare Mixed) (G1 Evacuation Pause) 358M->97M(512M) 2.551ms
[2023-04-09T19:45:44.584+0800][3880.093s] GC(1524) User=0.00s Sys=0.00s Real=0.00s
[2023-04-09T19:45:44.611+0800][3880.120s] GC(1525) Pause Young (Mixed) (G1 Evacuation Pause)
[2023-04-09T19:45:44.611+0800][3880.120s] GC(1525) Using 8 workers of 8 for evacuation
[2023-04-09T19:45:44.613+0800][3880.122s] GC(1525)   Pre Evacuate Collection Set: 0.0ms
[2023-04-09T19:45:44.613+0800][3880.122s] GC(1525)   Evacuate Collection Set: 1.7ms
[2023-04-09T19:45:44.613+0800][3880.122s] GC(1525)   Post Evacuate Collection Set: 0.3ms
[2023-04-09T19:45:44.613+0800][3880.122s] GC(1525)   Other: 0.3ms
[2023-04-09T19:45:44.613+0800][3880.122s] GC(1525) Eden regions: 14->0(269)
[2023-04-09T19:45:44.613+0800][3880.122s] GC(1525) Survivor regions: 11->2(4)
[2023-04-09T19:45:44.613+0800][3880.122s] GC(1525) Old regions: 74->79
[2023-04-09T19:45:44.613+0800][3880.122s] GC(1525) Humongous regions: 18->13
[2023-04-09T19:45:44.614+0800][3880.122s] GC(1525) Metaspace: 62577K(65648K)->62577K(65648K) NonClass: 55623K(57508K)->55623K(57508K) Class: 6954K(8140K)->6954K(8140K)
[2023-04-09T19:45:44.614+0800][3880.122s] GC(1525) Pause Young (Mixed) (G1 Evacuation Pause) 116M->92M(512M) 2.525ms
[2023-04-09T19:45:44.614+0800][3880.122s] GC(1525) User=0.00s Sys=0.00s Real=0.00s
[2023-04-09T19:45:45.242+0800][3880.751s] GC(1526) Pause Young (Normal) (G1 Evacuation Pause)
[2023-04-09T19:45:45.242+0800][3880.751s] GC(1526) Using 8 workers of 8 for evacuation
[2023-04-09T19:45:45.243+0800][3880.752s] GC(1526)   Pre Evacuate Collection Set: 0.0ms
[2023-04-09T19:45:45.243+0800][3880.752s] GC(1526)   Evacuate Collection Set: 0.5ms
[2023-04-09T19:45:45.243+0800][3880.752s] GC(1526)   Post Evacuate Collection Set: 0.6ms
[2023-04-09T19:45:45.243+0800][3880.752s] GC(1526)   Other: 0.2ms
[2023-04-09T19:45:45.243+0800][3880.752s] GC(1526) Eden regions: 269->0(280)
[2023-04-09T19:45:45.244+0800][3880.752s] GC(1526) Survivor regions: 2->3(34)
[2023-04-09T19:45:45.244+0800][3880.752s] GC(1526) Old regions: 79->79
[2023-04-09T19:45:45.244+0800][3880.752s] GC(1526) Humongous regions: 13->13
[2023-04-09T19:45:45.244+0800][3880.753s] GC(1526) Metaspace: 62577K(65648K)->62577K(65648K) NonClass: 55623K(57508K)->55623K(57508K) Class: 6954K(8140K)->6954K(8140K)
[2023-04-09T19:45:45.244+0800][3880.753s] GC(1526) Pause Young (Normal) (G1 Evacuation Pause) 361M->93M(512M) 1.562ms
[2023-04-09T19:45:45.244+0800][3880.753s] GC(1526) User=0.00s Sys=0.00s Real=0.00s
[2023-04-09T19:45:45.721+0800][3881.230s] GC(1527) Pause Young (Normal) (G1 Evacuation Pause)
[2023-04-09T19:45:45.721+0800][3881.230s] GC(1527) Using 8 workers of 8 for evacuation
[2023-04-09T19:45:45.723+0800][3881.232s] GC(1527)   Pre Evacuate Collection Set: 0.0ms
[2023-04-09T19:45:45.723+0800][3881.232s] GC(1527)   Evacuate Collection Set: 1.3ms
[2023-04-09T19:45:45.723+0800][3881.232s] GC(1527)   Post Evacuate Collection Set: 0.5ms
[2023-04-09T19:45:45.723+0800][3881.232s] GC(1527)   Other: 0.2ms
[2023-04-09T19:45:45.723+0800][3881.232s] GC(1527) Eden regions: 280->0(284)
[2023-04-09T19:45:45.723+0800][3881.232s] GC(1527) Survivor regions: 3->8(36)
[2023-04-09T19:45:45.723+0800][3881.232s] GC(1527) Old regions: 79->79
[2023-04-09T19:45:45.723+0800][3881.232s] GC(1527) Humongous regions: 16->15
[2023-04-09T19:45:45.724+0800][3881.232s] GC(1527) Metaspace: 62577K(65648K)->62577K(65648K) NonClass: 55623K(57508K)->55623K(57508K) Class: 6954K(8140K)->6954K(8140K)
[2023-04-09T19:45:45.724+0800][3881.232s] GC(1527) Pause Young (Normal) (G1 Evacuation Pause) 376M->100M(512M) 2.357ms
[2023-04-09T19:45:45.724+0800][3881.232s] GC(1527) User=0.00s Sys=0.00s Real=0.00s
[2023-04-09T19:45:46.067+0800][3881.576s] GC(1528) Pause Young (Concurrent Start) (G1 Humongous Allocation)
[2023-04-09T19:45:46.067+0800][3881.576s] GC(1528) Using 8 workers of 8 for evacuation
[2023-04-09T19:45:46.070+0800][3881.579s] GC(1528)   Pre Evacuate Collection Set: 0.1ms
[2023-04-09T19:45:46.070+0800][3881.579s] GC(1528)   Evacuate Collection Set: 1.9ms
[2023-04-09T19:45:46.070+0800][3881.579s] GC(1528)   Post Evacuate Collection Set: 0.4ms
[2023-04-09T19:45:46.070+0800][3881.579s] GC(1528)   Other: 0.3ms
[2023-04-09T19:45:46.070+0800][3881.579s] GC(1528) Eden regions: 153->0(242)
[2023-04-09T19:45:46.070+0800][3881.579s] GC(1528) Survivor regions: 8->11(37)
[2023-04-09T19:45:46.070+0800][3881.579s] GC(1528) Old regions: 79->79
[2023-04-09T19:45:46.070+0800][3881.579s] GC(1528) Humongous regions: 15->15
[2023-04-09T19:45:46.070+0800][3881.579s] GC(1528) Metaspace: 62577K(65648K)->62577K(65648K) NonClass: 55623K(57508K)->55623K(57508K) Class: 6954K(8140K)->6954K(8140K)
[2023-04-09T19:45:46.070+0800][3881.579s] GC(1528) Pause Young (Concurrent Start) (G1 Humongous Allocation) 253M->103M(512M) 2.959ms
[2023-04-09T19:45:46.070+0800][3881.579s] GC(1528) User=0.00s Sys=0.00s Real=0.00s
[2023-04-09T19:45:46.070+0800][3881.579s] GC(1529) Concurrent Cycle
[2023-04-09T19:45:46.070+0800][3881.579s] GC(1529) Concurrent Clear Claimed Marks
[2023-04-09T19:45:46.071+0800][3881.580s] GC(1529) Concurrent Clear Claimed Marks 0.093ms
[2023-04-09T19:45:46.071+0800][3881.580s] GC(1529) Concurrent Scan Root Regions
[2023-04-09T19:45:46.071+0800][3881.580s] GC(1529) Concurrent Scan Root Regions 0.502ms
[2023-04-09T19:45:46.071+0800][3881.580s] GC(1529) Concurrent Mark (3881.580s)
[2023-04-09T19:45:46.071+0800][3881.580s] GC(1529) Concurrent Mark From Roots
[2023-04-09T19:45:46.071+0800][3881.580s] GC(1529) Using 2 workers of 2 for marking
[2023-04-09T19:45:46.101+0800][3881.610s] GC(1529) Concurrent Mark From Roots 30.161ms
[2023-04-09T19:45:46.101+0800][3881.610s] GC(1529) Concurrent Preclean
[2023-04-09T19:45:46.102+0800][3881.611s] GC(1529) Concurrent Preclean 0.382ms
[2023-04-09T19:45:46.102+0800][3881.611s] GC(1529) Concurrent Mark (3881.580s, 3881.611s) 30.668ms
[2023-04-09T19:45:46.102+0800][3881.611s] GC(1529) Pause Remark
[2023-04-09T19:45:46.106+0800][3881.615s] GC(1529) Cleaned string and symbol table, strings: 28086 processed, 0 removed, symbols: 172413 processed, 0 removed
[2023-04-09T19:45:46.107+0800][3881.616s] GC(1529) Pause Remark 116M->112M(512M) 4.560ms
[2023-04-09T19:45:46.107+0800][3881.616s] GC(1529) User=0.11s Sys=0.00s Real=0.01s
[2023-04-09T19:45:46.107+0800][3881.616s] GC(1529) Concurrent Rebuild Remembered Sets
[2023-04-09T19:45:46.124+0800][3881.633s] GC(1529) Concurrent Rebuild Remembered Sets 17.418ms
[2023-04-09T19:45:46.124+0800][3881.633s] GC(1529) Pause Cleanup
[2023-04-09T19:45:46.124+0800][3881.633s] GC(1529) Pause Cleanup 120M->120M(512M) 0.180ms
[2023-04-09T19:45:46.124+0800][3881.633s] GC(1529) User=0.00s Sys=0.00s Real=0.00s
[2023-04-09T19:45:46.125+0800][3881.634s] GC(1529) Concurrent Cleanup for Next Mark
[2023-04-09T19:45:46.125+0800][3881.634s] GC(1529) Concurrent Cleanup for Next Mark 0.843ms
[2023-04-09T19:45:46.125+0800][3881.634s] GC(1529) Concurrent Cycle 55.017ms
[2023-04-09T19:45:46.571+0800][3882.079s] GC(1530) Pause Young (Prepare Mixed) (G1 Evacuation Pause)
[2023-04-09T19:45:46.571+0800][3882.079s] GC(1530) Using 8 workers of 8 for evacuation
[2023-04-09T19:45:46.573+0800][3882.081s] GC(1530)   Pre Evacuate Collection Set: 0.0ms
[2023-04-09T19:45:46.573+0800][3882.081s] GC(1530)   Evacuate Collection Set: 1.4ms
[2023-04-09T19:45:46.573+0800][3882.081s] GC(1530)   Post Evacuate Collection Set: 0.4ms
[2023-04-09T19:45:46.573+0800][3882.082s] GC(1530)   Other: 0.3ms
[2023-04-09T19:45:46.573+0800][3882.082s] GC(1530) Eden regions: 242->0(15)
[2023-04-09T19:45:46.573+0800][3882.082s] GC(1530) Survivor regions: 11->10(32)
[2023-04-09T19:45:46.573+0800][3882.082s] GC(1530) Old regions: 79->79
[2023-04-09T19:45:46.573+0800][3882.082s] GC(1530) Humongous regions: 25->13
[2023-04-09T19:45:46.573+0800][3882.082s] GC(1530) Metaspace: 62577K(65648K)->62577K(65648K) NonClass: 55623K(57508K)->55623K(57508K) Class: 6954K(8140K)->6954K(8140K)
[2023-04-09T19:45:46.573+0800][3882.082s] GC(1530) Pause Young (Prepare Mixed) (G1 Evacuation Pause) 355M->101M(512M) 2.449ms
[2023-04-09T19:45:46.573+0800][3882.082s] GC(1530) User=0.00s Sys=0.00s Real=0.00s
[2023-04-09T19:45:46.603+0800][3882.111s] GC(1531) Pause Young (Mixed) (G1 Evacuation Pause)
[2023-04-09T19:45:46.603+0800][3882.111s] GC(1531) Using 8 workers of 8 for evacuation
[2023-04-09T19:45:46.605+0800][3882.113s] GC(1531)   Pre Evacuate Collection Set: 0.0ms
[2023-04-09T19:45:46.605+0800][3882.113s] GC(1531)   Evacuate Collection Set: 1.4ms
[2023-04-09T19:45:46.605+0800][3882.113s] GC(1531)   Post Evacuate Collection Set: 0.3ms
[2023-04-09T19:45:46.605+0800][3882.113s] GC(1531)   Other: 0.2ms
[2023-04-09T19:45:46.605+0800][3882.113s] GC(1531) Eden regions: 15->0(253)
[2023-04-09T19:45:46.605+0800][3882.113s] GC(1531) Survivor regions: 10->1(4)
[2023-04-09T19:45:46.605+0800][3882.113s] GC(1531) Old regions: 79->86
[2023-04-09T19:45:46.605+0800][3882.113s] GC(1531) Humongous regions: 13->13
[2023-04-09T19:45:46.605+0800][3882.113s] GC(1531) Metaspace: 62577K(65648K)->62577K(65648K) NonClass: 55623K(57508K)->55623K(57508K) Class: 6954K(8140K)->6954K(8140K)
[2023-04-09T19:45:46.605+0800][3882.114s] GC(1531) Pause Young (Mixed) (G1 Evacuation Pause) 116M->98M(512M) 2.141ms
[2023-04-09T19:45:46.605+0800][3882.114s] GC(1531) User=0.00s Sys=0.00s Real=0.00s
[2023-04-09T19:45:47.324+0800][3882.833s] GC(1532) Pause Young (Normal) (G1 Evacuation Pause)
[2023-04-09T19:45:47.324+0800][3882.833s] GC(1532) Using 8 workers of 8 for evacuation
[2023-04-09T19:45:47.326+0800][3882.834s] GC(1532)   Pre Evacuate Collection Set: 0.0ms
[2023-04-09T19:45:47.326+0800][3882.834s] GC(1532)   Evacuate Collection Set: 0.4ms
[2023-04-09T19:45:47.326+0800][3882.834s] GC(1532)   Post Evacuate Collection Set: 0.6ms
[2023-04-09T19:45:47.326+0800][3882.834s] GC(1532)   Other: 0.2ms
[2023-04-09T19:45:47.326+0800][3882.834s] GC(1532) Eden regions: 253->0(261)
[2023-04-09T19:45:47.326+0800][3882.834s] GC(1532) Survivor regions: 1->2(32)
[2023-04-09T19:45:47.326+0800][3882.834s] GC(1532) Old regions: 86->86
[2023-04-09T19:45:47.326+0800][3882.834s] GC(1532) Humongous regions: 18->18
[2023-04-09T19:45:47.326+0800][3882.834s] GC(1532) Metaspace: 62577K(65648K)->62577K(65648K) NonClass: 55623K(57508K)->55623K(57508K) Class: 6954K(8140K)->6954K(8140K)
[2023-04-09T19:45:47.326+0800][3882.834s] GC(1532) Pause Young (Normal) (G1 Evacuation Pause) 356M->105M(512M) 1.417ms
[2023-04-09T19:45:47.326+0800][3882.834s] GC(1532) User=0.00s Sys=0.00s Real=0.00s
[2023-04-09T19:45:47.859+0800][3883.368s] GC(1533) Pause Young (Normal) (G1 Evacuation Pause)
[2023-04-09T19:45:47.859+0800][3883.368s] GC(1533) Using 8 workers of 8 for evacuation
[2023-04-09T19:45:47.861+0800][3883.370s] GC(1533)   Pre Evacuate Collection Set: 0.0ms
[2023-04-09T19:45:47.861+0800][3883.370s] GC(1533)   Evacuate Collection Set: 0.8ms
[2023-04-09T19:45:47.861+0800][3883.370s] GC(1533)   Post Evacuate Collection Set: 0.6ms
[2023-04-09T19:45:47.861+0800][3883.370s] GC(1533)   Other: 0.2ms
[2023-04-09T19:45:47.861+0800][3883.370s] GC(1533) Eden regions: 261->0(265)
[2023-04-09T19:45:47.861+0800][3883.370s] GC(1533) Survivor regions: 2->8(33)
[2023-04-09T19:45:47.861+0800][3883.370s] GC(1533) Old regions: 86->86
[2023-04-09T19:45:47.861+0800][3883.370s] GC(1533) Humongous regions: 19->19
[2023-04-09T19:45:47.861+0800][3883.370s] GC(1533) Metaspace: 62577K(65648K)->62577K(65648K) NonClass: 55623K(57508K)->55623K(57508K) Class: 6954K(8140K)->6954K(8140K)
[2023-04-09T19:45:47.861+0800][3883.370s] GC(1533) Pause Young (Normal) (G1 Evacuation Pause) 367M->111M(512M) 1.922ms
[2023-04-09T19:45:47.861+0800][3883.370s] GC(1533) User=0.00s Sys=0.00s Real=0.00s
[2023-04-09T19:45:48.270+0800][3883.779s] GC(1534) Pause Young (Normal) (G1 Evacuation Pause)
[2023-04-09T19:45:48.270+0800][3883.779s] GC(1534) Using 8 workers of 8 for evacuation
[2023-04-09T19:45:48.272+0800][3883.781s] GC(1534)   Pre Evacuate Collection Set: 0.1ms
[2023-04-09T19:45:48.272+0800][3883.781s] GC(1534)   Evacuate Collection Set: 1.3ms
[2023-04-09T19:45:48.272+0800][3883.781s] GC(1534)   Post Evacuate Collection Set: 0.6ms
[2023-04-09T19:45:48.273+0800][3883.781s] GC(1534)   Other: 0.2ms
[2023-04-09T19:45:48.273+0800][3883.781s] GC(1534) Eden regions: 265->0(268)
[2023-04-09T19:45:48.273+0800][3883.781s] GC(1534) Survivor regions: 8->13(35)
[2023-04-09T19:45:48.273+0800][3883.781s] GC(1534) Old regions: 86->86
[2023-04-09T19:45:48.273+0800][3883.781s] GC(1534) Humongous regions: 22->21
[2023-04-09T19:45:48.273+0800][3883.781s] GC(1534) Metaspace: 62577K(65648K)->62577K(65648K) NonClass: 55623K(57508K)->55623K(57508K) Class: 6954K(8140K)->6954K(8140K)
[2023-04-09T19:45:48.273+0800][3883.781s] GC(1534) Pause Young (Normal) (G1 Evacuation Pause) 379M->118M(512M) 2.431ms
[2023-04-09T19:45:48.273+0800][3883.781s] GC(1534) User=0.00s Sys=0.00s Real=0.00s
[2023-04-09T19:45:48.326+0800][3883.835s] GC(1535) Pause Young (Concurrent Start) (G1 Humongous Allocation)
[2023-04-09T19:45:48.326+0800][3883.835s] GC(1535) Using 8 workers of 8 for evacuation
[2023-04-09T19:45:48.329+0800][3883.838s] GC(1535)   Pre Evacuate Collection Set: 0.1ms
[2023-04-09T19:45:48.329+0800][3883.838s] GC(1535)   Evacuate Collection Set: 1.8ms
[2023-04-09T19:45:48.329+0800][3883.838s] GC(1535)   Post Evacuate Collection Set: 0.4ms
[2023-04-09T19:45:48.329+0800][3883.838s] GC(1535)   Other: 0.3ms
[2023-04-09T19:45:48.329+0800][3883.838s] GC(1535) Eden regions: 33->0(272)
[2023-04-09T19:45:48.329+0800][3883.838s] GC(1535) Survivor regions: 13->13(36)
[2023-04-09T19:45:48.329+0800][3883.838s] GC(1535) Old regions: 86->86
[2023-04-09T19:45:48.329+0800][3883.838s] GC(1535) Humongous regions: 24->24
[2023-04-09T19:45:48.329+0800][3883.838s] GC(1535) Metaspace: 62577K(65648K)->62577K(65648K) NonClass: 55623K(57508K)->55623K(57508K) Class: 6954K(8140K)->6954K(8140K)
[2023-04-09T19:45:48.329+0800][3883.838s] GC(1535) Pause Young (Concurrent Start) (G1 Humongous Allocation) 153M->121M(512M) 2.955ms
[2023-04-09T19:45:48.329+0800][3883.838s] GC(1535) User=0.00s Sys=0.00s Real=0.00s
[2023-04-09T19:45:48.329+0800][3883.838s] GC(1536) Concurrent Cycle
[2023-04-09T19:45:48.330+0800][3883.838s] GC(1536) Concurrent Clear Claimed Marks
[2023-04-09T19:45:48.330+0800][3883.838s] GC(1536) Concurrent Clear Claimed Marks 0.144ms
[2023-04-09T19:45:48.330+0800][3883.838s] GC(1536) Concurrent Scan Root Regions
[2023-04-09T19:45:48.330+0800][3883.839s] GC(1536) Concurrent Scan Root Regions 0.567ms
[2023-04-09T19:45:48.330+0800][3883.839s] GC(1536) Concurrent Mark (3883.839s)
[2023-04-09T19:45:48.330+0800][3883.839s] GC(1536) Concurrent Mark From Roots
[2023-04-09T19:45:48.330+0800][3883.839s] GC(1536) Using 2 workers of 2 for marking
[2023-04-09T19:45:48.363+0800][3883.872s] GC(1536) Concurrent Mark From Roots 32.977ms
[2023-04-09T19:45:48.363+0800][3883.872s] GC(1536) Concurrent Preclean
[2023-04-09T19:45:48.364+0800][3883.872s] GC(1536) Concurrent Preclean 0.412ms
[2023-04-09T19:45:48.364+0800][3883.872s] GC(1536) Concurrent Mark (3883.839s, 3883.872s) 33.512ms
[2023-04-09T19:45:48.364+0800][3883.872s] GC(1536) Pause Remark
[2023-04-09T19:45:48.370+0800][3883.879s] GC(1536) Cleaned string and symbol table, strings: 28086 processed, 0 removed, symbols: 172413 processed, 0 removed
[2023-04-09T19:45:48.370+0800][3883.879s] GC(1536) Pause Remark 139M->123M(512M) 6.456ms
[2023-04-09T19:45:48.371+0800][3883.879s] GC(1536) User=0.00s Sys=0.02s Real=0.01s
[2023-04-09T19:45:48.371+0800][3883.879s] GC(1536) Concurrent Rebuild Remembered Sets
[2023-04-09T19:45:48.391+0800][3883.899s] GC(1536) Concurrent Rebuild Remembered Sets 20.318ms
[2023-04-09T19:45:48.391+0800][3883.900s] GC(1536) Pause Cleanup
[2023-04-09T19:45:48.391+0800][3883.900s] GC(1536) Pause Cleanup 131M->131M(512M) 0.149ms
[2023-04-09T19:45:48.391+0800][3883.900s] GC(1536) User=0.00s Sys=0.00s Real=0.00s
[2023-04-09T19:45:48.391+0800][3883.900s] GC(1536) Concurrent Cleanup for Next Mark
[2023-04-09T19:45:48.392+0800][3883.901s] GC(1536) Concurrent Cleanup for Next Mark 0.870ms
[2023-04-09T19:45:48.392+0800][3883.901s] GC(1536) Concurrent Cycle 62.798ms
[2023-04-09T19:45:48.969+0800][3884.478s] GC(1537) Pause Young (Prepare Mixed) (G1 Evacuation Pause)
[2023-04-09T19:45:48.969+0800][3884.478s] GC(1537) Using 8 workers of 8 for evacuation
[2023-04-09T19:45:48.971+0800][3884.480s] GC(1537)   Pre Evacuate Collection Set: 0.0ms
[2023-04-09T19:45:48.971+0800][3884.480s] GC(1537)   Evacuate Collection Set: 1.2ms
[2023-04-09T19:45:48.971+0800][3884.480s] GC(1537)   Post Evacuate Collection Set: 0.5ms
[2023-04-09T19:45:48.971+0800][3884.480s] GC(1537)   Other: 0.2ms
[2023-04-09T19:45:48.971+0800][3884.480s] GC(1537) Eden regions: 272->0(14)
[2023-04-09T19:45:48.971+0800][3884.480s] GC(1537) Survivor regions: 13->11(36)
[2023-04-09T19:45:48.971+0800][3884.480s] GC(1537) Old regions: 79->79
[2023-04-09T19:45:48.971+0800][3884.480s] GC(1537) Humongous regions: 30->13
[2023-04-09T19:45:48.971+0800][3884.481s] GC(1537) Metaspace: 62577K(65648K)->62577K(65648K) NonClass: 55623K(57508K)->55623K(57508K) Class: 6954K(8140K)->6954K(8140K)
[2023-04-09T19:45:48.971+0800][3884.481s] GC(1537) Pause Young (Prepare Mixed) (G1 Evacuation Pause) 392M->101M(512M) 2.119ms
[2023-04-09T19:45:48.971+0800][3884.481s] GC(1537) User=0.00s Sys=0.00s Real=0.00s
[2023-04-09T19:45:48.989+0800][3884.498s] GC(1538) Pause Young (Mixed) (G1 Evacuation Pause)
[2023-04-09T19:45:48.989+0800][3884.498s] GC(1538) Using 8 workers of 8 for evacuation
[2023-04-09T19:45:48.991+0800][3884.500s] GC(1538)   Pre Evacuate Collection Set: 0.0ms
[2023-04-09T19:45:48.991+0800][3884.500s] GC(1538)   Evacuate Collection Set: 1.1ms
[2023-04-09T19:45:48.991+0800][3884.500s] GC(1538)   Post Evacuate Collection Set: 0.4ms
[2023-04-09T19:45:48.991+0800][3884.500s] GC(1538)   Other: 0.2ms
[2023-04-09T19:45:48.991+0800][3884.500s] GC(1538) Eden regions: 14->0(292)
[2023-04-09T19:45:48.991+0800][3884.500s] GC(1538) Survivor regions: 11->1(4)
[2023-04-09T19:45:48.991+0800][3884.500s] GC(1538) Old regions: 79->86
[2023-04-09T19:45:48.991+0800][3884.500s] GC(1538) Humongous regions: 13->13
[2023-04-09T19:45:48.991+0800][3884.500s] GC(1538) Metaspace: 62577K(65648K)->62577K(65648K) NonClass: 55623K(57508K)->55623K(57508K) Class: 6954K(8140K)->6954K(8140K)
[2023-04-09T19:45:48.991+0800][3884.500s] GC(1538) Pause Young (Mixed) (G1 Evacuation Pause) 115M->98M(512M) 1.864ms
[2023-04-09T19:45:48.991+0800][3884.500s] GC(1538) User=0.00s Sys=0.00s Real=0.00s
[2023-04-09T19:45:49.428+0800][3884.938s] GC(1539) Pause Young (Normal) (G1 Evacuation Pause)
[2023-04-09T19:45:49.428+0800][3884.938s] GC(1539) Using 8 workers of 8 for evacuation
[2023-04-09T19:45:49.430+0800][3884.939s] GC(1539)   Pre Evacuate Collection Set: 0.0ms
[2023-04-09T19:45:49.430+0800][3884.940s] GC(1539)   Evacuate Collection Set: 0.9ms
[2023-04-09T19:45:49.430+0800][3884.940s] GC(1539)   Post Evacuate Collection Set: 0.5ms
[2023-04-09T19:45:49.430+0800][3884.940s] GC(1539)   Other: 0.2ms
[2023-04-09T19:45:49.430+0800][3884.940s] GC(1539) Eden regions: 292->0(297)
[2023-04-09T19:45:49.430+0800][3884.940s] GC(1539) Survivor regions: 1->4(37)
[2023-04-09T19:45:49.430+0800][3884.940s] GC(1539) Old regions: 86->86
[2023-04-09T19:45:49.430+0800][3884.940s] GC(1539) Humongous regions: 13->13
[2023-04-09T19:45:49.430+0800][3884.940s] GC(1539) Metaspace: 62579K(65648K)->62579K(65648K) NonClass: 55625K(57508K)->55625K(57508K) Class: 6954K(8140K)->6954K(8140K)
[2023-04-09T19:45:49.430+0800][3884.940s] GC(1539) Pause Young (Normal) (G1 Evacuation Pause) 390M->101M(512M) 2.045ms
[2023-04-09T19:45:49.430+0800][3884.940s] GC(1539) User=0.00s Sys=0.00s Real=0.00s
[2023-04-09T19:45:49.528+0800][3885.037s] GC(1540) Pause Young (Concurrent Start) (G1 Humongous Allocation)
[2023-04-09T19:45:49.528+0800][3885.037s] GC(1540) Using 8 workers of 8 for evacuation
[2023-04-09T19:45:49.530+0800][3885.039s] GC(1540)   Pre Evacuate Collection Set: 0.1ms
[2023-04-09T19:45:49.530+0800][3885.039s] GC(1540)   Evacuate Collection Set: 0.9ms
[2023-04-09T19:45:49.530+0800][3885.039s] GC(1540)   Post Evacuate Collection Set: 0.3ms
[2023-04-09T19:45:49.530+0800][3885.039s] GC(1540)   Other: 0.2ms
[2023-04-09T19:45:49.530+0800][3885.039s] GC(1540) Eden regions: 121->0(260)
[2023-04-09T19:45:49.530+0800][3885.039s] GC(1540) Survivor regions: 4->5(38)
[2023-04-09T19:45:49.530+0800][3885.039s] GC(1540) Old regions: 86->86
[2023-04-09T19:45:49.530+0800][3885.039s] GC(1540) Humongous regions: 13->13
[2023-04-09T19:45:49.530+0800][3885.039s] GC(1540) Metaspace: 62579K(65648K)->62579K(65648K) NonClass: 55625K(57508K)->55625K(57508K) Class: 6954K(8140K)->6954K(8140K)
[2023-04-09T19:45:49.530+0800][3885.039s] GC(1540) Pause Young (Concurrent Start) (G1 Humongous Allocation) 222M->102M(512M) 1.732ms
[2023-04-09T19:45:49.530+0800][3885.039s] GC(1540) User=0.00s Sys=0.00s Real=0.00s
[2023-04-09T19:45:49.530+0800][3885.039s] GC(1541) Concurrent Cycle
[2023-04-09T19:45:49.530+0800][3885.039s] GC(1541) Concurrent Clear Claimed Marks
[2023-04-09T19:45:49.530+0800][3885.039s] GC(1541) Concurrent Clear Claimed Marks 0.045ms
[2023-04-09T19:45:49.530+0800][3885.039s] GC(1541) Concurrent Scan Root Regions
[2023-04-09T19:45:49.531+0800][3885.040s] GC(1541) Concurrent Scan Root Regions 0.635ms
[2023-04-09T19:45:49.531+0800][3885.040s] GC(1541) Concurrent Mark (3885.040s)
[2023-04-09T19:45:49.531+0800][3885.040s] GC(1541) Concurrent Mark From Roots
[2023-04-09T19:45:49.531+0800][3885.040s] GC(1541) Using 2 workers of 2 for marking
[2023-04-09T19:45:49.563+0800][3885.071s] GC(1541) Concurrent Mark From Roots 31.840ms
[2023-04-09T19:45:49.563+0800][3885.071s] GC(1541) Concurrent Preclean
[2023-04-09T19:45:49.563+0800][3885.072s] GC(1541) Concurrent Preclean 0.289ms
[2023-04-09T19:45:49.563+0800][3885.072s] GC(1541) Concurrent Mark (3885.040s, 3885.072s) 32.221ms
[2023-04-09T19:45:49.563+0800][3885.072s] GC(1541) Pause Remark
[2023-04-09T19:45:49.568+0800][3885.077s] GC(1541) Cleaned string and symbol table, strings: 28086 processed, 0 removed, symbols: 172413 processed, 0 removed
[2023-04-09T19:45:49.568+0800][3885.077s] GC(1541) Pause Remark 134M->118M(512M) 4.845ms
[2023-04-09T19:45:49.568+0800][3885.077s] GC(1541) User=0.00s Sys=0.00s Real=0.01s
[2023-04-09T19:45:49.568+0800][3885.077s] GC(1541) Concurrent Rebuild Remembered Sets
[2023-04-09T19:45:49.587+0800][3885.097s] GC(1541) Concurrent Rebuild Remembered Sets 19.625ms
[2023-04-09T19:45:49.587+0800][3885.097s] GC(1541) Pause Cleanup
[2023-04-09T19:45:49.588+0800][3885.097s] GC(1541) Pause Cleanup 139M->139M(512M) 0.188ms
[2023-04-09T19:45:49.588+0800][3885.097s] GC(1541) User=0.00s Sys=0.00s Real=0.00s
[2023-04-09T19:45:49.588+0800][3885.097s] GC(1541) Concurrent Cleanup for Next Mark
[2023-04-09T19:45:49.589+0800][3885.098s] GC(1541) Concurrent Cleanup for Next Mark 0.830ms
[2023-04-09T19:45:49.589+0800][3885.098s] GC(1541) Concurrent Cycle 59.117ms
[2023-04-09T19:45:49.757+0800][3885.266s] GC(1542) Pause Young (Prepare Mixed) (G1 Evacuation Pause)
[2023-04-09T19:45:49.757+0800][3885.266s] GC(1542) Using 8 workers of 8 for evacuation
[2023-04-09T19:45:49.758+0800][3885.268s] GC(1542)   Pre Evacuate Collection Set: 0.0ms
[2023-04-09T19:45:49.758+0800][3885.268s] GC(1542)   Evacuate Collection Set: 1.1ms
[2023-04-09T19:45:49.758+0800][3885.268s] GC(1542)   Post Evacuate Collection Set: 0.4ms
[2023-04-09T19:45:49.758+0800][3885.268s] GC(1542)   Other: 0.2ms
[2023-04-09T19:45:49.758+0800][3885.268s] GC(1542) Eden regions: 260->0(18)
[2023-04-09T19:45:49.759+0800][3885.268s] GC(1542) Survivor regions: 5->7(34)
[2023-04-09T19:45:49.759+0800][3885.268s] GC(1542) Old regions: 79->79
[2023-04-09T19:45:49.759+0800][3885.268s] GC(1542) Humongous regions: 5->5
[2023-04-09T19:45:49.759+0800][3885.268s] GC(1542) Metaspace: 62579K(65648K)->62579K(65648K) NonClass: 55625K(57508K)->55625K(57508K) Class: 6954K(8140K)->6954K(8140K)
[2023-04-09T19:45:49.759+0800][3885.268s] GC(1542) Pause Young (Prepare Mixed) (G1 Evacuation Pause) 347M->89M(512M) 1.971ms
[2023-04-09T19:45:49.759+0800][3885.268s] GC(1542) User=0.00s Sys=0.00s Real=0.00s
[2023-04-09T19:45:49.771+0800][3885.281s] GC(1543) Pause Young (Mixed) (G1 Evacuation Pause)
[2023-04-09T19:45:49.771+0800][3885.281s] GC(1543) Using 8 workers of 8 for evacuation
[2023-04-09T19:45:49.773+0800][3885.282s] GC(1543)   Pre Evacuate Collection Set: 0.0ms
[2023-04-09T19:45:49.773+0800][3885.282s] GC(1543)   Evacuate Collection Set: 1.0ms
[2023-04-09T19:45:49.773+0800][3885.282s] GC(1543)   Post Evacuate Collection Set: 0.3ms
[2023-04-09T19:45:49.773+0800][3885.282s] GC(1543)   Other: 0.2ms
[2023-04-09T19:45:49.773+0800][3885.282s] GC(1543) Eden regions: 18->0(277)
[2023-04-09T19:45:49.773+0800][3885.282s] GC(1543) Survivor regions: 7->1(4)
[2023-04-09T19:45:49.773+0800][3885.282s] GC(1543) Old regions: 79->84
[2023-04-09T19:45:49.773+0800][3885.282s] GC(1543) Humongous regions: 5->5
[2023-04-09T19:45:49.773+0800][3885.282s] GC(1543) Metaspace: 62579K(65648K)->62579K(65648K) NonClass: 55625K(57508K)->55625K(57508K) Class: 6954K(8140K)->6954K(8140K)
[2023-04-09T19:45:49.773+0800][3885.282s] GC(1543) Pause Young (Mixed) (G1 Evacuation Pause) 107M->88M(512M) 1.706ms
[2023-04-09T19:45:49.773+0800][3885.282s] GC(1543) User=0.00s Sys=0.00s Real=0.00s
[2023-04-09T19:45:49.980+0800][3885.489s] GC(1544) Pause Young (Normal) (G1 Evacuation Pause)
[2023-04-09T19:45:49.980+0800][3885.489s] GC(1544) Using 8 workers of 8 for evacuation
[2023-04-09T19:45:49.981+0800][3885.491s] GC(1544)   Pre Evacuate Collection Set: 0.0ms
[2023-04-09T19:45:49.981+0800][3885.491s] GC(1544)   Evacuate Collection Set: 0.6ms
[2023-04-09T19:45:49.981+0800][3885.491s] GC(1544)   Post Evacuate Collection Set: 0.4ms
[2023-04-09T19:45:49.981+0800][3885.491s] GC(1544)   Other: 0.2ms
[2023-04-09T19:45:49.981+0800][3885.491s] GC(1544) Eden regions: 277->0(284)
[2023-04-09T19:45:49.981+0800][3885.491s] GC(1544) Survivor regions: 1->5(35)
[2023-04-09T19:45:49.981+0800][3885.491s] GC(1544) Old regions: 84->84
[2023-04-09T19:45:49.981+0800][3885.491s] GC(1544) Humongous regions: 7->6
[2023-04-09T19:45:49.981+0800][3885.491s] GC(1544) Metaspace: 62579K(65648K)->62579K(65648K) NonClass: 55625K(57508K)->55625K(57508K) Class: 6954K(8140K)->6954K(8140K)
[2023-04-09T19:45:49.981+0800][3885.491s] GC(1544) Pause Young (Normal) (G1 Evacuation Pause) 367M->93M(512M) 1.348ms
[2023-04-09T19:45:49.981+0800][3885.491s] GC(1544) User=0.00s Sys=0.00s Real=0.00s
[2023-04-09T19:45:50.252+0800][3885.761s] GC(1545) Pause Young (Normal) (G1 Evacuation Pause)
[2023-04-09T19:45:50.252+0800][3885.761s] GC(1545) Using 8 workers of 8 for evacuation
[2023-04-09T19:45:50.253+0800][3885.762s] GC(1545)   Pre Evacuate Collection Set: 0.0ms
[2023-04-09T19:45:50.253+0800][3885.762s] GC(1545)   Evacuate Collection Set: 1.1ms
[2023-04-09T19:45:50.253+0800][3885.762s] GC(1545)   Post Evacuate Collection Set: 0.4ms
[2023-04-09T19:45:50.253+0800][3885.763s] GC(1545)   Other: 0.2ms
[2023-04-09T19:45:50.253+0800][3885.763s] GC(1545) Eden regions: 284->0(290)
[2023-04-09T19:45:50.253+0800][3885.763s] GC(1545) Survivor regions: 5->8(37)
[2023-04-09T19:45:50.253+0800][3885.763s] GC(1545) Old regions: 84->84
[2023-04-09T19:45:50.253+0800][3885.763s] GC(1545) Humongous regions: 7->7
[2023-04-09T19:45:50.253+0800][3885.763s] GC(1545) Metaspace: 62579K(65648K)->62579K(65648K) NonClass: 55625K(57508K)->55625K(57508K) Class: 6954K(8140K)->6954K(8140K)
[2023-04-09T19:45:50.254+0800][3885.763s] GC(1545) Pause Young (Normal) (G1 Evacuation Pause) 378M->98M(512M) 1.938ms
[2023-04-09T19:45:50.254+0800][3885.763s] GC(1545) User=0.00s Sys=0.00s Real=0.00s
[2023-04-09T19:45:50.498+0800][3886.007s] GC(1546) Pause Young (Concurrent Start) (G1 Humongous Allocation)
[2023-04-09T19:45:50.498+0800][3886.007s] GC(1546) Using 8 workers of 8 for evacuation
[2023-04-09T19:45:50.500+0800][3886.009s] GC(1546)   Pre Evacuate Collection Set: 0.1ms
[2023-04-09T19:45:50.500+0800][3886.009s] GC(1546)   Evacuate Collection Set: 1.2ms
[2023-04-09T19:45:50.500+0800][3886.009s] GC(1546)   Post Evacuate Collection Set: 0.5ms
[2023-04-09T19:45:50.500+0800][3886.009s] GC(1546)   Other: 0.2ms
[2023-04-09T19:45:50.500+0800][3886.009s] GC(1546) Eden regions: 222->0(275)
[2023-04-09T19:45:50.500+0800][3886.009s] GC(1546) Survivor regions: 8->7(38)
[2023-04-09T19:45:50.500+0800][3886.009s] GC(1546) Old regions: 84->84
[2023-04-09T19:45:50.500+0800][3886.009s] GC(1546) Humongous regions: 15->13
[2023-04-09T19:45:50.500+0800][3886.009s] GC(1546) Metaspace: 62579K(65648K)->62579K(65648K) NonClass: 55625K(57508K)->55625K(57508K) Class: 6954K(8140K)->6954K(8140K)
[2023-04-09T19:45:50.500+0800][3886.009s] GC(1546) Pause Young (Concurrent Start) (G1 Humongous Allocation) 328M->103M(512M) 2.210ms
[2023-04-09T19:45:50.500+0800][3886.009s] GC(1546) User=0.00s Sys=0.00s Real=0.00s
[2023-04-09T19:45:50.500+0800][3886.009s] GC(1547) Concurrent Cycle
[2023-04-09T19:45:50.500+0800][3886.009s] GC(1547) Concurrent Clear Claimed Marks
[2023-04-09T19:45:50.500+0800][3886.009s] GC(1547) Concurrent Clear Claimed Marks 0.126ms
[2023-04-09T19:45:50.500+0800][3886.009s] GC(1547) Concurrent Scan Root Regions
[2023-04-09T19:45:50.501+0800][3886.010s] GC(1547) Concurrent Scan Root Regions 0.685ms
[2023-04-09T19:45:50.501+0800][3886.010s] GC(1547) Concurrent Mark (3886.010s)
[2023-04-09T19:45:50.501+0800][3886.010s] GC(1547) Concurrent Mark From Roots
[2023-04-09T19:45:50.501+0800][3886.010s] GC(1547) Using 2 workers of 2 for marking
[2023-04-09T19:45:50.532+0800][3886.041s] GC(1547) Concurrent Mark From Roots 31.266ms
[2023-04-09T19:45:50.532+0800][3886.041s] GC(1547) Concurrent Preclean
[2023-04-09T19:45:50.533+0800][3886.042s] GC(1547) Concurrent Preclean 0.400ms
[2023-04-09T19:45:50.533+0800][3886.042s] GC(1547) Concurrent Mark (3886.010s, 3886.042s) 31.800ms
[2023-04-09T19:45:50.533+0800][3886.042s] GC(1547) Pause Remark
[2023-04-09T19:45:50.538+0800][3886.047s] GC(1547) Cleaned string and symbol table, strings: 28086 processed, 0 removed, symbols: 172413 processed, 0 removed
[2023-04-09T19:45:50.538+0800][3886.047s] GC(1547) Pause Remark 132M->124M(512M) 5.262ms
[2023-04-09T19:45:50.538+0800][3886.047s] GC(1547) User=0.00s Sys=0.00s Real=0.01s
[2023-04-09T19:45:50.538+0800][3886.047s] GC(1547) Concurrent Rebuild Remembered Sets
[2023-04-09T19:45:50.558+0800][3886.067s] GC(1547) Concurrent Rebuild Remembered Sets 19.483ms
[2023-04-09T19:45:50.558+0800][3886.067s] GC(1547) Pause Cleanup
[2023-04-09T19:45:50.558+0800][3886.067s] GC(1547) Pause Cleanup 142M->142M(512M) 0.150ms
[2023-04-09T19:45:50.558+0800][3886.067s] GC(1547) User=0.00s Sys=0.00s Real=0.00s
[2023-04-09T19:45:50.558+0800][3886.067s] GC(1547) Concurrent Cleanup for Next Mark
[2023-04-09T19:45:50.560+0800][3886.068s] GC(1547) Concurrent Cleanup for Next Mark 0.883ms
[2023-04-09T19:45:50.560+0800][3886.068s] GC(1547) Concurrent Cycle 59.233ms
[2023-04-09T19:45:50.864+0800][3886.373s] GC(1548) Pause Young (Prepare Mixed) (G1 Evacuation Pause)
[2023-04-09T19:45:50.865+0800][3886.374s] GC(1548) Using 8 workers of 8 for evacuation
[2023-04-09T19:45:50.866+0800][3886.375s] GC(1548)   Pre Evacuate Collection Set: 0.0ms
[2023-04-09T19:45:50.866+0800][3886.375s] GC(1548)   Evacuate Collection Set: 1.1ms
[2023-04-09T19:45:50.866+0800][3886.375s] GC(1548)   Post Evacuate Collection Set: 0.4ms
[2023-04-09T19:45:50.866+0800][3886.375s] GC(1548)   Other: 0.2ms
[2023-04-09T19:45:50.866+0800][3886.375s] GC(1548) Eden regions: 275->0(16)
[2023-04-09T19:45:50.866+0800][3886.375s] GC(1548) Survivor regions: 7->9(36)
[2023-04-09T19:45:50.866+0800][3886.375s] GC(1548) Old regions: 76->76
[2023-04-09T19:45:50.866+0800][3886.375s] GC(1548) Humongous regions: 23->13
[2023-04-09T19:45:50.866+0800][3886.375s] GC(1548) Metaspace: 62579K(65648K)->62579K(65648K) NonClass: 55625K(57508K)->55625K(57508K) Class: 6954K(8140K)->6954K(8140K)
[2023-04-09T19:45:50.866+0800][3886.375s] GC(1548) Pause Young (Prepare Mixed) (G1 Evacuation Pause) 380M->97M(512M) 1.855ms
[2023-04-09T19:45:50.866+0800][3886.375s] GC(1548) User=0.00s Sys=0.00s Real=0.00s
[2023-04-09T19:45:50.895+0800][3886.404s] GC(1549) Pause Young (Mixed) (G1 Evacuation Pause)
[2023-04-09T19:45:50.895+0800][3886.404s] GC(1549) Using 8 workers of 8 for evacuation
[2023-04-09T19:45:50.897+0800][3886.406s] GC(1549)   Pre Evacuate Collection Set: 0.0ms
[2023-04-09T19:45:50.897+0800][3886.406s] GC(1549)   Evacuate Collection Set: 1.1ms
[2023-04-09T19:45:50.897+0800][3886.406s] GC(1549)   Post Evacuate Collection Set: 0.5ms
[2023-04-09T19:45:50.897+0800][3886.406s] GC(1549)   Other: 0.2ms
[2023-04-09T19:45:50.897+0800][3886.406s] GC(1549) Eden regions: 16->0(286)
[2023-04-09T19:45:50.897+0800][3886.406s] GC(1549) Survivor regions: 9->1(4)
[2023-04-09T19:45:50.897+0800][3886.406s] GC(1549) Old regions: 76->81
[2023-04-09T19:45:50.897+0800][3886.406s] GC(1549) Humongous regions: 13->13
[2023-04-09T19:45:50.897+0800][3886.406s] GC(1549) Metaspace: 62579K(65648K)->62579K(65648K) NonClass: 55625K(57508K)->55625K(57508K) Class: 6954K(8140K)->6954K(8140K)
[2023-04-09T19:45:50.897+0800][3886.406s] GC(1549) Pause Young (Mixed) (G1 Evacuation Pause) 113M->93M(512M) 2.027ms
[2023-04-09T19:45:50.897+0800][3886.406s] GC(1549) User=0.00s Sys=0.00s Real=0.00s
[2023-04-09T19:45:51.143+0800][3886.652s] GC(1550) Pause Young (Normal) (G1 Evacuation Pause)
[2023-04-09T19:45:51.143+0800][3886.652s] GC(1550) Using 8 workers of 8 for evacuation
[2023-04-09T19:45:51.144+0800][3886.653s] GC(1550)   Pre Evacuate Collection Set: 0.0ms
[2023-04-09T19:45:51.144+0800][3886.653s] GC(1550)   Evacuate Collection Set: 0.4ms
[2023-04-09T19:45:51.144+0800][3886.653s] GC(1550)   Post Evacuate Collection Set: 0.4ms
[2023-04-09T19:45:51.144+0800][3886.653s] GC(1550)   Other: 0.2ms
[2023-04-09T19:45:51.144+0800][3886.653s] GC(1550) Eden regions: 286->0(295)
[2023-04-09T19:45:51.144+0800][3886.653s] GC(1550) Survivor regions: 1->1(36)
[2023-04-09T19:45:51.144+0800][3886.653s] GC(1550) Old regions: 81->81
[2023-04-09T19:45:51.144+0800][3886.653s] GC(1550) Humongous regions: 13->13
[2023-04-09T19:45:51.144+0800][3886.653s] GC(1550) Metaspace: 62579K(65648K)->62579K(65648K) NonClass: 55625K(57508K)->55625K(57508K) Class: 6954K(8140K)->6954K(8140K)
[2023-04-09T19:45:51.144+0800][3886.653s] GC(1550) Pause Young (Normal) (G1 Evacuation Pause) 379M->93M(512M) 1.137ms
[2023-04-09T19:45:51.144+0800][3886.653s] GC(1550) User=0.00s Sys=0.00s Real=0.00s
[2023-04-09T19:45:51.475+0800][3886.985s] GC(1551) Pause Young (Normal) (G1 Evacuation Pause)
[2023-04-09T19:45:51.475+0800][3886.985s] GC(1551) Using 8 workers of 8 for evacuation
[2023-04-09T19:45:51.476+0800][3886.986s] GC(1551)   Pre Evacuate Collection Set: 0.0ms
[2023-04-09T19:45:51.476+0800][3886.986s] GC(1551)   Evacuate Collection Set: 0.5ms
[2023-04-09T19:45:51.476+0800][3886.986s] GC(1551)   Post Evacuate Collection Set: 0.4ms
[2023-04-09T19:45:51.477+0800][3886.986s] GC(1551)   Other: 0.2ms
[2023-04-09T19:45:51.477+0800][3886.986s] GC(1551) Eden regions: 295->0(300)
[2023-04-09T19:45:51.477+0800][3886.986s] GC(1551) Survivor regions: 1->4(37)
[2023-04-09T19:45:51.477+0800][3886.986s] GC(1551) Old regions: 81->81
[2023-04-09T19:45:51.477+0800][3886.986s] GC(1551) Humongous regions: 13->13
[2023-04-09T19:45:51.477+0800][3886.986s] GC(1551) Metaspace: 62579K(65648K)->62579K(65648K) NonClass: 55625K(57508K)->55625K(57508K) Class: 6954K(8140K)->6954K(8140K)
[2023-04-09T19:45:51.477+0800][3886.986s] GC(1551) Pause Young (Normal) (G1 Evacuation Pause) 388M->96M(512M) 1.301ms
[2023-04-09T19:45:51.477+0800][3886.986s] GC(1551) User=0.00s Sys=0.00s Real=0.00s
[2023-04-09T19:45:51.750+0800][3887.258s] GC(1552) Pause Young (Normal) (G1 Evacuation Pause)
[2023-04-09T19:45:51.750+0800][3887.258s] GC(1552) Using 8 workers of 8 for evacuation
[2023-04-09T19:45:51.751+0800][3887.260s] GC(1552)   Pre Evacuate Collection Set: 0.0ms
[2023-04-09T19:45:51.751+0800][3887.260s] GC(1552)   Evacuate Collection Set: 0.9ms
[2023-04-09T19:45:51.751+0800][3887.260s] GC(1552)   Post Evacuate Collection Set: 0.4ms
[2023-04-09T19:45:51.751+0800][3887.260s] GC(1552)   Other: 0.2ms
[2023-04-09T19:45:51.751+0800][3887.260s] GC(1552) Eden regions: 300->0(300)
[2023-04-09T19:45:51.751+0800][3887.260s] GC(1552) Survivor regions: 4->7(38)
[2023-04-09T19:45:51.751+0800][3887.260s] GC(1552) Old regions: 81->81
[2023-04-09T19:45:51.751+0800][3887.260s] GC(1552) Humongous regions: 16->15
[2023-04-09T19:45:51.751+0800][3887.260s] GC(1552) Metaspace: 62579K(65648K)->62579K(65648K) NonClass: 55625K(57508K)->55625K(57508K) Class: 6954K(8140K)->6954K(8140K)
[2023-04-09T19:45:51.751+0800][3887.260s] GC(1552) Pause Young (Normal) (G1 Evacuation Pause) 399M->102M(512M) 1.826ms
[2023-04-09T19:45:51.751+0800][3887.260s] GC(1552) User=0.00s Sys=0.00s Real=0.00s
[2023-04-09T19:45:52.038+0800][3887.547s] GC(1553) Pause Young (Concurrent Start) (G1 Humongous Allocation)
[2023-04-09T19:45:52.038+0800][3887.547s] GC(1553) Using 8 workers of 8 for evacuation
[2023-04-09T19:45:52.041+0800][3887.549s] GC(1553)   Pre Evacuate Collection Set: 0.1ms
[2023-04-09T19:45:52.041+0800][3887.549s] GC(1553)   Evacuate Collection Set: 1.6ms
[2023-04-09T19:45:52.041+0800][3887.549s] GC(1553)   Post Evacuate Collection Set: 0.6ms
[2023-04-09T19:45:52.041+0800][3887.549s] GC(1553)   Other: 0.2ms
[2023-04-09T19:45:52.041+0800][3887.549s] GC(1553) Eden regions: 268->0(294)
[2023-04-09T19:45:52.041+0800][3887.549s] GC(1553) Survivor regions: 7->10(39)
[2023-04-09T19:45:52.041+0800][3887.549s] GC(1553) Old regions: 81->81
[2023-04-09T19:45:52.041+0800][3887.549s] GC(1553) Humongous regions: 15->15
[2023-04-09T19:45:52.041+0800][3887.549s] GC(1553) Metaspace: 62579K(65648K)->62579K(65648K) NonClass: 55625K(57508K)->55625K(57508K) Class: 6954K(8140K)->6954K(8140K)
[2023-04-09T19:45:52.041+0800][3887.549s] GC(1553) Pause Young (Concurrent Start) (G1 Humongous Allocation) 370M->104M(512M) 2.727ms
[2023-04-09T19:45:52.041+0800][3887.549s] GC(1553) User=0.00s Sys=0.00s Real=0.00s
[2023-04-09T19:45:52.041+0800][3887.550s] GC(1554) Concurrent Cycle
[2023-04-09T19:45:52.041+0800][3887.550s] GC(1554) Concurrent Clear Claimed Marks
[2023-04-09T19:45:52.041+0800][3887.550s] GC(1554) Concurrent Clear Claimed Marks 0.083ms
[2023-04-09T19:45:52.041+0800][3887.550s] GC(1554) Concurrent Scan Root Regions
[2023-04-09T19:45:52.041+0800][3887.550s] GC(1554) Concurrent Scan Root Regions 0.384ms
[2023-04-09T19:45:52.041+0800][3887.550s] GC(1554) Concurrent Mark (3887.550s)
[2023-04-09T19:45:52.041+0800][3887.550s] GC(1554) Concurrent Mark From Roots
[2023-04-09T19:45:52.041+0800][3887.550s] GC(1554) Using 2 workers of 2 for marking
[2023-04-09T19:45:52.072+0800][3887.580s] GC(1554) Concurrent Mark From Roots 30.329ms
[2023-04-09T19:45:52.072+0800][3887.580s] GC(1554) Concurrent Preclean
[2023-04-09T19:45:52.072+0800][3887.581s] GC(1554) Concurrent Preclean 0.353ms
[2023-04-09T19:45:52.072+0800][3887.581s] GC(1554) Concurrent Mark (3887.550s, 3887.581s) 30.796ms
[2023-04-09T19:45:52.072+0800][3887.581s] GC(1554) Pause Remark
[2023-04-09T19:45:52.078+0800][3887.586s] GC(1554) Cleaned string and symbol table, strings: 28086 processed, 0 removed, symbols: 172413 processed, 0 removed
[2023-04-09T19:45:52.078+0800][3887.587s] GC(1554) Pause Remark 126M->115M(512M) 5.432ms
[2023-04-09T19:45:52.078+0800][3887.587s] GC(1554) User=0.11s Sys=0.00s Real=0.01s
[2023-04-09T19:45:52.078+0800][3887.587s] GC(1554) Concurrent Rebuild Remembered Sets
[2023-04-09T19:45:52.095+0800][3887.604s] GC(1554) Concurrent Rebuild Remembered Sets 17.337ms
[2023-04-09T19:45:52.095+0800][3887.604s] GC(1554) Pause Cleanup
[2023-04-09T19:45:52.095+0800][3887.604s] GC(1554) Pause Cleanup 129M->129M(512M) 0.162ms
[2023-04-09T19:45:52.095+0800][3887.604s] GC(1554) User=0.00s Sys=0.00s Real=0.00s
[2023-04-09T19:45:52.095+0800][3887.604s] GC(1554) Concurrent Cleanup for Next Mark
[2023-04-09T19:45:52.096+0800][3887.605s] GC(1554) Concurrent Cleanup for Next Mark 0.730ms
[2023-04-09T19:45:52.096+0800][3887.605s] GC(1554) Concurrent Cycle 55.660ms
[2023-04-09T19:45:52.342+0800][3887.851s] GC(1555) Pause Young (Prepare Mixed) (G1 Evacuation Pause)
[2023-04-09T19:45:52.342+0800][3887.851s] GC(1555) Using 8 workers of 8 for evacuation
[2023-04-09T19:45:52.344+0800][3887.853s] GC(1555)   Pre Evacuate Collection Set: 0.0ms
[2023-04-09T19:45:52.344+0800][3887.853s] GC(1555)   Evacuate Collection Set: 1.3ms
[2023-04-09T19:45:52.344+0800][3887.853s] GC(1555)   Post Evacuate Collection Set: 0.5ms
[2023-04-09T19:45:52.344+0800][3887.853s] GC(1555)   Other: 0.2ms
[2023-04-09T19:45:52.344+0800][3887.853s] GC(1555) Eden regions: 294->0(15)
[2023-04-09T19:45:52.344+0800][3887.853s] GC(1555) Survivor regions: 10->10(38)
[2023-04-09T19:45:52.344+0800][3887.853s] GC(1555) Old regions: 78->78
[2023-04-09T19:45:52.344+0800][3887.853s] GC(1555) Humongous regions: 20->13
[2023-04-09T19:45:52.344+0800][3887.853s] GC(1555) Metaspace: 62579K(65648K)->62579K(65648K) NonClass: 55625K(57508K)->55625K(57508K) Class: 6954K(8140K)->6954K(8140K)
[2023-04-09T19:45:52.344+0800][3887.853s] GC(1555) Pause Young (Prepare Mixed) (G1 Evacuation Pause) 401M->100M(512M) 2.116ms
[2023-04-09T19:45:52.344+0800][3887.853s] GC(1555) User=0.00s Sys=0.00s Real=0.00s
[2023-04-09T19:45:52.357+0800][3887.866s] GC(1556) Pause Young (Mixed) (G1 Evacuation Pause)
[2023-04-09T19:45:52.357+0800][3887.866s] GC(1556) Using 8 workers of 8 for evacuation
[2023-04-09T19:45:52.359+0800][3887.868s] GC(1556)   Pre Evacuate Collection Set: 0.0ms
[2023-04-09T19:45:52.359+0800][3887.868s] GC(1556)   Evacuate Collection Set: 1.3ms
[2023-04-09T19:45:52.359+0800][3887.868s] GC(1556)   Post Evacuate Collection Set: 0.4ms
[2023-04-09T19:45:52.359+0800][3887.868s] GC(1556)   Other: 0.2ms
[2023-04-09T19:45:52.359+0800][3887.868s] GC(1556) Eden regions: 15->0(304)
[2023-04-09T19:45:52.359+0800][3887.868s] GC(1556) Survivor regions: 10->1(4)
[2023-04-09T19:45:52.359+0800][3887.868s] GC(1556) Old regions: 78->80
[2023-04-09T19:45:52.359+0800][3887.868s] GC(1556) Humongous regions: 13->13
[2023-04-09T19:45:52.359+0800][3887.868s] GC(1556) Metaspace: 62579K(65648K)->62579K(65648K) NonClass: 55625K(57508K)->55625K(57508K) Class: 6954K(8140K)->6954K(8140K)
[2023-04-09T19:45:52.359+0800][3887.868s] GC(1556) Pause Young (Mixed) (G1 Evacuation Pause) 115M->92M(512M) 2.177ms
[2023-04-09T19:45:52.359+0800][3887.868s] GC(1556) User=0.00s Sys=0.00s Real=0.00s
[2023-04-09T19:45:52.883+0800][3888.392s] GC(1557) Pause Young (Normal) (G1 Evacuation Pause)
[2023-04-09T19:45:52.883+0800][3888.392s] GC(1557) Using 8 workers of 8 for evacuation
[2023-04-09T19:45:52.885+0800][3888.394s] GC(1557)   Pre Evacuate Collection Set: 0.0ms
[2023-04-09T19:45:52.885+0800][3888.394s] GC(1557)   Evacuate Collection Set: 0.7ms
[2023-04-09T19:45:52.885+0800][3888.394s] GC(1557)   Post Evacuate Collection Set: 0.5ms
[2023-04-09T19:45:52.885+0800][3888.394s] GC(1557)   Other: 0.2ms
[2023-04-09T19:45:52.885+0800][3888.394s] GC(1557) Eden regions: 304->0(303)
[2023-04-09T19:45:52.885+0800][3888.394s] GC(1557) Survivor regions: 1->4(39)
[2023-04-09T19:45:52.885+0800][3888.394s] GC(1557) Old regions: 80->80
[2023-04-09T19:45:52.885+0800][3888.394s] GC(1557) Humongous regions: 18->18
[2023-04-09T19:45:52.885+0800][3888.394s] GC(1557) Metaspace: 62579K(65648K)->62579K(65648K) NonClass: 55625K(57508K)->55625K(57508K) Class: 6954K(8140K)->6954K(8140K)
[2023-04-09T19:45:52.885+0800][3888.394s] GC(1557) Pause Young (Normal) (G1 Evacuation Pause) 401M->100M(512M) 1.810ms
[2023-04-09T19:45:52.885+0800][3888.394s] GC(1557) User=0.00s Sys=0.00s Real=0.00s
[2023-04-09T19:45:53.496+0800][3889.005s] GC(1558) Pause Young (Concurrent Start) (G1 Humongous Allocation)
[2023-04-09T19:45:53.496+0800][3889.005s] GC(1558) Using 8 workers of 8 for evacuation
[2023-04-09T19:45:53.498+0800][3889.007s] GC(1558)   Pre Evacuate Collection Set: 0.1ms
[2023-04-09T19:45:53.498+0800][3889.007s] GC(1558)   Evacuate Collection Set: 1.2ms
[2023-04-09T19:45:53.498+0800][3889.007s] GC(1558)   Post Evacuate Collection Set: 0.4ms
[2023-04-09T19:45:53.498+0800][3889.007s] GC(1558)   Other: 0.2ms
[2023-04-09T19:45:53.498+0800][3889.007s] GC(1558) Eden regions: 292->0(300)
[2023-04-09T19:45:53.498+0800][3889.007s] GC(1558) Survivor regions: 4->7(39)
[2023-04-09T19:45:53.498+0800][3889.007s] GC(1558) Old regions: 80->80
[2023-04-09T19:45:53.498+0800][3889.007s] GC(1558) Humongous regions: 18->18
[2023-04-09T19:45:53.498+0800][3889.007s] GC(1558) Metaspace: 62579K(65648K)->62579K(65648K) NonClass: 55625K(57508K)->55625K(57508K) Class: 6954K(8140K)->6954K(8140K)
[2023-04-09T19:45:53.498+0800][3889.007s] GC(1558) Pause Young (Concurrent Start) (G1 Humongous Allocation) 392M->103M(512M) 2.102ms
[2023-04-09T19:45:53.498+0800][3889.007s] GC(1558) User=0.00s Sys=0.00s Real=0.00s
[2023-04-09T19:45:53.498+0800][3889.007s] GC(1559) Concurrent Cycle
[2023-04-09T19:45:53.498+0800][3889.007s] GC(1559) Concurrent Clear Claimed Marks
[2023-04-09T19:45:53.498+0800][3889.007s] GC(1559) Concurrent Clear Claimed Marks 0.120ms
[2023-04-09T19:45:53.498+0800][3889.007s] GC(1559) Concurrent Scan Root Regions
[2023-04-09T19:45:53.499+0800][3889.008s] GC(1559) Concurrent Scan Root Regions 0.543ms
[2023-04-09T19:45:53.499+0800][3889.008s] GC(1559) Concurrent Mark (3889.008s)
[2023-04-09T19:45:53.499+0800][3889.008s] GC(1559) Concurrent Mark From Roots
[2023-04-09T19:45:53.499+0800][3889.008s] GC(1559) Using 2 workers of 2 for marking
[2023-04-09T19:45:53.530+0800][3889.039s] GC(1559) Concurrent Mark From Roots 31.145ms
[2023-04-09T19:45:53.530+0800][3889.039s] GC(1559) Concurrent Preclean
[2023-04-09T19:45:53.531+0800][3889.040s] GC(1559) Concurrent Preclean 0.302ms
[2023-04-09T19:45:53.531+0800][3889.040s] GC(1559) Concurrent Mark (3889.008s, 3889.040s) 31.549ms
[2023-04-09T19:45:53.531+0800][3889.040s] GC(1559) Pause Remark
[2023-04-09T19:45:53.535+0800][3889.044s] GC(1559) Cleaned string and symbol table, strings: 28086 processed, 0 removed, symbols: 172413 processed, 0 removed
[2023-04-09T19:45:53.535+0800][3889.044s] GC(1559) Pause Remark 118M->109M(512M) 4.557ms
[2023-04-09T19:45:53.535+0800][3889.044s] GC(1559) User=0.00s Sys=0.00s Real=0.00s
[2023-04-09T19:45:53.535+0800][3889.044s] GC(1559) Concurrent Rebuild Remembered Sets
[2023-04-09T19:45:53.550+0800][3889.059s] GC(1559) Concurrent Rebuild Remembered Sets 14.398ms
[2023-04-09T19:45:53.550+0800][3889.059s] GC(1559) Pause Cleanup
[2023-04-09T19:45:53.550+0800][3889.059s] GC(1559) Pause Cleanup 117M->117M(512M) 0.307ms
[2023-04-09T19:45:53.550+0800][3889.059s] GC(1559) User=0.00s Sys=0.00s Real=0.00s
[2023-04-09T19:45:53.550+0800][3889.059s] GC(1559) Concurrent Cleanup for Next Mark
[2023-04-09T19:45:53.551+0800][3889.060s] GC(1559) Concurrent Cleanup for Next Mark 0.881ms
[2023-04-09T19:45:53.551+0800][3889.060s] GC(1559) Concurrent Cycle 53.161ms
[2023-04-09T19:45:54.091+0800][3889.600s] GC(1560) Pause Young (Prepare Mixed) (G1 Evacuation Pause)
[2023-04-09T19:45:54.091+0800][3889.600s] GC(1560) Using 8 workers of 8 for evacuation
[2023-04-09T19:45:54.093+0800][3889.601s] GC(1560)   Pre Evacuate Collection Set: 0.0ms
[2023-04-09T19:45:54.093+0800][3889.602s] GC(1560)   Evacuate Collection Set: 1.2ms
[2023-04-09T19:45:54.093+0800][3889.602s] GC(1560)   Post Evacuate Collection Set: 0.4ms
[2023-04-09T19:45:54.093+0800][3889.602s] GC(1560)   Other: 0.2ms
[2023-04-09T19:45:54.093+0800][3889.602s] GC(1560) Eden regions: 300->0(16)
[2023-04-09T19:45:54.093+0800][3889.602s] GC(1560) Survivor regions: 7->9(39)
[2023-04-09T19:45:54.093+0800][3889.602s] GC(1560) Old regions: 80->80
[2023-04-09T19:45:54.093+0800][3889.602s] GC(1560) Humongous regions: 13->7
[2023-04-09T19:45:54.093+0800][3889.602s] GC(1560) Metaspace: 62579K(65648K)->62579K(65648K) NonClass: 55625K(57508K)->55625K(57508K) Class: 6954K(8140K)->6954K(8140K)
[2023-04-09T19:45:54.093+0800][3889.602s] GC(1560) Pause Young (Prepare Mixed) (G1 Evacuation Pause) 398M->94M(512M) 2.143ms
[2023-04-09T19:45:54.093+0800][3889.602s] GC(1560) User=0.00s Sys=0.00s Real=0.00s
[2023-04-09T19:45:54.122+0800][3889.631s] GC(1561) Pause Young (Mixed) (G1 Evacuation Pause)
[2023-04-09T19:45:54.122+0800][3889.631s] GC(1561) Using 8 workers of 8 for evacuation
[2023-04-09T19:45:54.124+0800][3889.633s] GC(1561)   Pre Evacuate Collection Set: 0.0ms
[2023-04-09T19:45:54.124+0800][3889.633s] GC(1561)   Evacuate Collection Set: 1.3ms
[2023-04-09T19:45:54.124+0800][3889.633s] GC(1561)   Post Evacuate Collection Set: 0.3ms
[2023-04-09T19:45:54.124+0800][3889.633s] GC(1561)   Other: 0.3ms
[2023-04-09T19:45:54.124+0800][3889.633s] GC(1561) Eden regions: 16->0(306)
[2023-04-09T19:45:54.124+0800][3889.633s] GC(1561) Survivor regions: 9->1(4)
[2023-04-09T19:45:54.124+0800][3889.633s] GC(1561) Old regions: 80->85
[2023-04-09T19:45:54.124+0800][3889.633s] GC(1561) Humongous regions: 7->6
[2023-04-09T19:45:54.124+0800][3889.633s] GC(1561) Metaspace: 62579K(65648K)->62579K(65648K) NonClass: 55625K(57508K)->55625K(57508K) Class: 6954K(8140K)->6954K(8140K)
[2023-04-09T19:45:54.124+0800][3889.633s] GC(1561) Pause Young (Mixed) (G1 Evacuation Pause) 110M->90M(512M) 2.202ms
[2023-04-09T19:45:54.124+0800][3889.633s] GC(1561) User=0.00s Sys=0.00s Real=0.00s
[2023-04-09T19:45:54.695+0800][3890.204s] GC(1562) Pause Young (Normal) (G1 Evacuation Pause)
[2023-04-09T19:45:54.695+0800][3890.204s] GC(1562) Using 8 workers of 8 for evacuation
[2023-04-09T19:45:54.696+0800][3890.205s] GC(1562)   Pre Evacuate Collection Set: 0.0ms
[2023-04-09T19:45:54.696+0800][3890.205s] GC(1562)   Evacuate Collection Set: 0.7ms
[2023-04-09T19:45:54.696+0800][3890.205s] GC(1562)   Post Evacuate Collection Set: 0.5ms
[2023-04-09T19:45:54.696+0800][3890.205s] GC(1562)   Other: 0.2ms
[2023-04-09T19:45:54.696+0800][3890.205s] GC(1562) Eden regions: 306->0(301)
[2023-04-09T19:45:54.696+0800][3890.205s] GC(1562) Survivor regions: 1->6(39)
[2023-04-09T19:45:54.696+0800][3890.205s] GC(1562) Old regions: 85->85
[2023-04-09T19:45:54.696+0800][3890.205s] GC(1562) Humongous regions: 25->13
[2023-04-09T19:45:54.696+0800][3890.205s] GC(1562) Metaspace: 62579K(65648K)->62579K(65648K) NonClass: 55625K(57508K)->55625K(57508K) Class: 6954K(8140K)->6954K(8140K)
[2023-04-09T19:45:54.696+0800][3890.205s] GC(1562) Pause Young (Normal) (G1 Evacuation Pause) 415M->102M(512M) 1.485ms
[2023-04-09T19:45:54.696+0800][3890.205s] GC(1562) User=0.00s Sys=0.00s Real=0.00s
[2023-04-09T19:45:55.461+0800][3890.969s] GC(1563) Pause Young (Normal) (G1 Evacuation Pause)
[2023-04-09T19:45:55.461+0800][3890.969s] GC(1563) Using 8 workers of 8 for evacuation
[2023-04-09T19:45:55.462+0800][3890.971s] GC(1563)   Pre Evacuate Collection Set: 0.0ms
[2023-04-09T19:45:55.462+0800][3890.971s] GC(1563)   Evacuate Collection Set: 0.9ms
[2023-04-09T19:45:55.462+0800][3890.971s] GC(1563)   Post Evacuate Collection Set: 0.5ms
[2023-04-09T19:45:55.462+0800][3890.971s] GC(1563)   Other: 0.1ms
[2023-04-09T19:45:55.462+0800][3890.971s] GC(1563) Eden regions: 301->0(299)
[2023-04-09T19:45:55.462+0800][3890.971s] GC(1563) Survivor regions: 6->8(39)
[2023-04-09T19:45:55.462+0800][3890.971s] GC(1563) Old regions: 85->85
[2023-04-09T19:45:55.462+0800][3890.971s] GC(1563) Humongous regions: 13->13
[2023-04-09T19:45:55.462+0800][3890.971s] GC(1563) Metaspace: 62579K(65648K)->62579K(65648K) NonClass: 55625K(57508K)->55625K(57508K) Class: 6954K(8140K)->6954K(8140K)
[2023-04-09T19:45:55.462+0800][3890.971s] GC(1563) Pause Young (Normal) (G1 Evacuation Pause) 403M->104M(512M) 1.684ms
[2023-04-09T19:45:55.462+0800][3890.971s] GC(1563) User=0.00s Sys=0.00s Real=0.00s
[2023-04-09T19:45:56.010+0800][3891.518s] GC(1564) Pause Young (Normal) (G1 Evacuation Pause)
[2023-04-09T19:45:56.010+0800][3891.518s] GC(1564) Using 8 workers of 8 for evacuation
[2023-04-09T19:45:56.012+0800][3891.520s] GC(1564)   Pre Evacuate Collection Set: 0.0ms
[2023-04-09T19:45:56.012+0800][3891.520s] GC(1564)   Evacuate Collection Set: 1.5ms
[2023-04-09T19:45:56.012+0800][3891.520s] GC(1564)   Post Evacuate Collection Set: 0.5ms
[2023-04-09T19:45:56.012+0800][3891.520s] GC(1564)   Other: 0.2ms
[2023-04-09T19:45:56.012+0800][3891.520s] GC(1564) Eden regions: 299->0(294)
[2023-04-09T19:45:56.012+0800][3891.520s] GC(1564) Survivor regions: 8->13(39)
[2023-04-09T19:45:56.012+0800][3891.520s] GC(1564) Old regions: 85->85
[2023-04-09T19:45:56.012+0800][3891.520s] GC(1564) Humongous regions: 16->15
[2023-04-09T19:45:56.012+0800][3891.521s] GC(1564) Metaspace: 62579K(65648K)->62579K(65648K) NonClass: 55625K(57508K)->55625K(57508K) Class: 6954K(8140K)->6954K(8140K)
[2023-04-09T19:45:56.012+0800][3891.521s] GC(1564) Pause Young (Normal) (G1 Evacuation Pause) 406M->112M(512M) 2.407ms
[2023-04-09T19:45:56.012+0800][3891.521s] GC(1564) User=0.02s Sys=0.00s Real=0.00s
[2023-04-09T19:45:56.377+0800][3891.885s] GC(1565) Pause Young (Concurrent Start) (G1 Humongous Allocation)
[2023-04-09T19:45:56.377+0800][3891.885s] GC(1565) Using 8 workers of 8 for evacuation
[2023-04-09T19:45:56.380+0800][3891.888s] GC(1565)   Pre Evacuate Collection Set: 0.1ms
[2023-04-09T19:45:56.380+0800][3891.888s] GC(1565)   Evacuate Collection Set: 2.1ms
[2023-04-09T19:45:56.380+0800][3891.888s] GC(1565)   Post Evacuate Collection Set: 0.5ms
[2023-04-09T19:45:56.380+0800][3891.888s] GC(1565)   Other: 0.3ms
[2023-04-09T19:45:56.380+0800][3891.889s] GC(1565) Eden regions: 223->0(290)
[2023-04-09T19:45:56.380+0800][3891.889s] GC(1565) Survivor regions: 13->17(39)
[2023-04-09T19:45:56.380+0800][3891.889s] GC(1565) Old regions: 85->85
[2023-04-09T19:45:56.380+0800][3891.889s] GC(1565) Humongous regions: 16->16
[2023-04-09T19:45:56.380+0800][3891.889s] GC(1565) Metaspace: 62579K(65648K)->62579K(65648K) NonClass: 55625K(57508K)->55625K(57508K) Class: 6954K(8140K)->6954K(8140K)
[2023-04-09T19:45:56.380+0800][3891.889s] GC(1565) Pause Young (Concurrent Start) (G1 Humongous Allocation) 335M->117M(512M) 3.376ms
[2023-04-09T19:45:56.380+0800][3891.889s] GC(1565) User=0.00s Sys=0.00s Real=0.00s
[2023-04-09T19:45:56.380+0800][3891.889s] GC(1566) Concurrent Cycle
[2023-04-09T19:45:56.380+0800][3891.889s] GC(1566) Concurrent Clear Claimed Marks
[2023-04-09T19:45:56.380+0800][3891.889s] GC(1566) Concurrent Clear Claimed Marks 0.108ms
[2023-04-09T19:45:56.380+0800][3891.889s] GC(1566) Concurrent Scan Root Regions
[2023-04-09T19:45:56.381+0800][3891.889s] GC(1566) Concurrent Scan Root Regions 0.499ms
[2023-04-09T19:45:56.381+0800][3891.889s] GC(1566) Concurrent Mark (3891.889s)
[2023-04-09T19:45:56.381+0800][3891.889s] GC(1566) Concurrent Mark From Roots
[2023-04-09T19:45:56.381+0800][3891.889s] GC(1566) Using 2 workers of 2 for marking
[2023-04-09T19:45:56.415+0800][3891.924s] GC(1566) Concurrent Mark From Roots 34.098ms
[2023-04-09T19:45:56.415+0800][3891.924s] GC(1566) Concurrent Preclean
[2023-04-09T19:45:56.415+0800][3891.924s] GC(1566) Concurrent Preclean 0.242ms
[2023-04-09T19:45:56.415+0800][3891.924s] GC(1566) Concurrent Mark (3891.889s, 3891.924s) 34.431ms
[2023-04-09T19:45:56.415+0800][3891.924s] GC(1566) Pause Remark
[2023-04-09T19:45:56.421+0800][3891.930s] GC(1566) Cleaned string and symbol table, strings: 28086 processed, 0 removed, symbols: 172413 processed, 0 removed
[2023-04-09T19:45:56.421+0800][3891.930s] GC(1566) Pause Remark 135M->126M(512M) 5.688ms
[2023-04-09T19:45:56.421+0800][3891.930s] GC(1566) User=0.08s Sys=0.00s Real=0.01s
[2023-04-09T19:45:56.421+0800][3891.930s] GC(1566) Concurrent Rebuild Remembered Sets
[2023-04-09T19:45:56.438+0800][3891.946s] GC(1566) Concurrent Rebuild Remembered Sets 16.412ms
[2023-04-09T19:45:56.438+0800][3891.947s] GC(1566) Pause Cleanup
[2023-04-09T19:45:56.438+0800][3891.947s] GC(1566) Pause Cleanup 133M->133M(512M) 0.172ms
[2023-04-09T19:45:56.438+0800][3891.947s] GC(1566) User=0.00s Sys=0.00s Real=0.00s
[2023-04-09T19:45:56.438+0800][3891.947s] GC(1566) Concurrent Cleanup for Next Mark
[2023-04-09T19:45:56.439+0800][3891.948s] GC(1566) Concurrent Cleanup for Next Mark 0.853ms
[2023-04-09T19:45:56.439+0800][3891.948s] GC(1566) Concurrent Cycle 58.950ms
[2023-04-09T19:45:57.025+0800][3892.533s] GC(1567) Pause Young (Prepare Mixed) (G1 Evacuation Pause)
[2023-04-09T19:45:57.025+0800][3892.533s] GC(1567) Using 8 workers of 8 for evacuation
[2023-04-09T19:45:57.027+0800][3892.535s] GC(1567)   Pre Evacuate Collection Set: 0.0ms
[2023-04-09T19:45:57.027+0800][3892.535s] GC(1567)   Evacuate Collection Set: 1.2ms
[2023-04-09T19:45:57.027+0800][3892.535s] GC(1567)   Post Evacuate Collection Set: 0.6ms
[2023-04-09T19:45:57.027+0800][3892.535s] GC(1567)   Other: 0.2ms
[2023-04-09T19:45:57.027+0800][3892.535s] GC(1567) Eden regions: 290->0(14)
[2023-04-09T19:45:57.027+0800][3892.535s] GC(1567) Survivor regions: 17->11(39)
[2023-04-09T19:45:57.027+0800][3892.535s] GC(1567) Old regions: 80->80
[2023-04-09T19:45:57.027+0800][3892.535s] GC(1567) Humongous regions: 30->13
[2023-04-09T19:45:57.027+0800][3892.535s] GC(1567) Metaspace: 62579K(65648K)->62579K(65648K) NonClass: 55625K(57508K)->55625K(57508K) Class: 6954K(8140K)->6954K(8140K)
[2023-04-09T19:45:57.027+0800][3892.535s] GC(1567) Pause Young (Prepare Mixed) (G1 Evacuation Pause) 416M->102M(512M) 2.262ms
[2023-04-09T19:45:57.027+0800][3892.535s] GC(1567) User=0.02s Sys=0.00s Real=0.00s
[2023-04-09T19:45:57.042+0800][3892.551s] GC(1568) Pause Young (Mixed) (G1 Evacuation Pause)
[2023-04-09T19:45:57.042+0800][3892.551s] GC(1568) Using 8 workers of 8 for evacuation
[2023-04-09T19:45:57.044+0800][3892.553s] GC(1568)   Pre Evacuate Collection Set: 0.0ms
[2023-04-09T19:45:57.044+0800][3892.553s] GC(1568)   Evacuate Collection Set: 1.2ms
[2023-04-09T19:45:57.044+0800][3892.553s] GC(1568)   Post Evacuate Collection Set: 0.6ms
[2023-04-09T19:45:57.044+0800][3892.553s] GC(1568)   Other: 0.2ms
[2023-04-09T19:45:57.044+0800][3892.553s] GC(1568) Eden regions: 14->0(306)
[2023-04-09T19:45:57.044+0800][3892.553s] GC(1568) Survivor regions: 11->1(4)
[2023-04-09T19:45:57.044+0800][3892.553s] GC(1568) Old regions: 80->85
[2023-04-09T19:45:57.044+0800][3892.553s] GC(1568) Humongous regions: 13->13
[2023-04-09T19:45:57.044+0800][3892.553s] GC(1568) Metaspace: 62579K(65648K)->62579K(65648K) NonClass: 55625K(57508K)->55625K(57508K) Class: 6954K(8140K)->6954K(8140K)
[2023-04-09T19:45:57.044+0800][3892.553s] GC(1568) Pause Young (Mixed) (G1 Evacuation Pause) 116M->97M(512M) 2.113ms
[2023-04-09T19:45:57.044+0800][3892.553s] GC(1568) User=0.11s Sys=0.00s Real=0.00s
[2023-04-09T19:45:57.693+0800][3893.201s] GC(1569) Pause Young (Normal) (G1 Evacuation Pause)
[2023-04-09T19:45:57.693+0800][3893.201s] GC(1569) Using 8 workers of 8 for evacuation
[2023-04-09T19:45:57.694+0800][3893.203s] GC(1569)   Pre Evacuate Collection Set: 0.0ms
[2023-04-09T19:45:57.694+0800][3893.203s] GC(1569)   Evacuate Collection Set: 0.7ms
[2023-04-09T19:45:57.694+0800][3893.203s] GC(1569)   Post Evacuate Collection Set: 0.5ms
[2023-04-09T19:45:57.694+0800][3893.203s] GC(1569)   Other: 0.2ms
[2023-04-09T19:45:57.694+0800][3893.203s] GC(1569) Eden regions: 306->0(302)
[2023-04-09T19:45:57.694+0800][3893.203s] GC(1569) Survivor regions: 1->5(39)
[2023-04-09T19:45:57.694+0800][3893.203s] GC(1569) Old regions: 85->85
[2023-04-09T19:45:57.694+0800][3893.203s] GC(1569) Humongous regions: 14->14
[2023-04-09T19:45:57.694+0800][3893.203s] GC(1569) Metaspace: 62579K(65648K)->62579K(65648K) NonClass: 55625K(57508K)->55625K(57508K) Class: 6954K(8140K)->6954K(8140K)
[2023-04-09T19:45:57.694+0800][3893.203s] GC(1569) Pause Young (Normal) (G1 Evacuation Pause) 404M->103M(512M) 1.602ms
[2023-04-09T19:45:57.694+0800][3893.203s] GC(1569) User=0.00s Sys=0.00s Real=0.00s
[2023-04-09T19:45:58.234+0800][3893.743s] GC(1570) Pause Young (Normal) (G1 Evacuation Pause)
[2023-04-09T19:45:58.234+0800][3893.743s] GC(1570) Using 8 workers of 8 for evacuation
[2023-04-09T19:45:58.236+0800][3893.745s] GC(1570)   Pre Evacuate Collection Set: 0.0ms
[2023-04-09T19:45:58.236+0800][3893.745s] GC(1570)   Evacuate Collection Set: 1.3ms
[2023-04-09T19:45:58.236+0800][3893.745s] GC(1570)   Post Evacuate Collection Set: 0.5ms
[2023-04-09T19:45:58.236+0800][3893.745s] GC(1570)   Other: 0.2ms
[2023-04-09T19:45:58.236+0800][3893.745s] GC(1570) Eden regions: 302->0(296)
[2023-04-09T19:45:58.236+0800][3893.745s] GC(1570) Survivor regions: 5->11(39)
[2023-04-09T19:45:58.236+0800][3893.745s] GC(1570) Old regions: 85->85
[2023-04-09T19:45:58.236+0800][3893.745s] GC(1570) Humongous regions: 17->16
[2023-04-09T19:45:58.236+0800][3893.745s] GC(1570) Metaspace: 62579K(65648K)->62579K(65648K) NonClass: 55625K(57508K)->55625K(57508K) Class: 6954K(8140K)->6954K(8140K)
[2023-04-09T19:45:58.236+0800][3893.745s] GC(1570) Pause Young (Normal) (G1 Evacuation Pause) 408M->110M(512M) 2.329ms
[2023-04-09T19:45:58.237+0800][3893.745s] GC(1570) User=0.00s Sys=0.00s Real=0.00s
[2023-04-09T19:45:58.318+0800][3893.827s] GC(1571) Pause Young (Concurrent Start) (G1 Humongous Allocation)
[2023-04-09T19:45:58.318+0800][3893.827s] GC(1571) Using 8 workers of 8 for evacuation
[2023-04-09T19:45:58.321+0800][3893.829s] GC(1571)   Pre Evacuate Collection Set: 0.1ms
[2023-04-09T19:45:58.321+0800][3893.829s] GC(1571)   Evacuate Collection Set: 1.9ms
[2023-04-09T19:45:58.321+0800][3893.830s] GC(1571)   Post Evacuate Collection Set: 0.4ms
[2023-04-09T19:45:58.321+0800][3893.830s] GC(1571)   Other: 0.3ms
[2023-04-09T19:45:58.321+0800][3893.830s] GC(1571) Eden regions: 52->0(296)
[2023-04-09T19:45:58.321+0800][3893.830s] GC(1571) Survivor regions: 11->11(39)
[2023-04-09T19:45:58.321+0800][3893.830s] GC(1571) Old regions: 85->85
[2023-04-09T19:45:58.321+0800][3893.830s] GC(1571) Humongous regions: 18->18
[2023-04-09T19:45:58.321+0800][3893.830s] GC(1571) Metaspace: 62579K(65648K)->62579K(65648K) NonClass: 55625K(57508K)->55625K(57508K) Class: 6954K(8140K)->6954K(8140K)
[2023-04-09T19:45:58.321+0800][3893.830s] GC(1571) Pause Young (Concurrent Start) (G1 Humongous Allocation) 164M->113M(512M) 2.990ms
[2023-04-09T19:45:58.321+0800][3893.830s] GC(1571) User=0.00s Sys=0.00s Real=0.00s
[2023-04-09T19:45:58.321+0800][3893.830s] GC(1572) Concurrent Cycle
[2023-04-09T19:45:58.321+0800][3893.830s] GC(1572) Concurrent Clear Claimed Marks
[2023-04-09T19:45:58.321+0800][3893.830s] GC(1572) Concurrent Clear Claimed Marks 0.148ms
[2023-04-09T19:45:58.321+0800][3893.830s] GC(1572) Concurrent Scan Root Regions
[2023-04-09T19:45:58.322+0800][3893.831s] GC(1572) Concurrent Scan Root Regions 0.597ms
[2023-04-09T19:45:58.322+0800][3893.831s] GC(1572) Concurrent Mark (3893.831s)
[2023-04-09T19:45:58.322+0800][3893.831s] GC(1572) Concurrent Mark From Roots
[2023-04-09T19:45:58.322+0800][3893.831s] GC(1572) Using 2 workers of 2 for marking
[2023-04-09T19:45:58.349+0800][3893.858s] GC(1572) Concurrent Mark From Roots 27.289ms
[2023-04-09T19:45:58.349+0800][3893.858s] GC(1572) Concurrent Preclean
[2023-04-09T19:45:58.350+0800][3893.858s] GC(1572) Concurrent Preclean 0.282ms
[2023-04-09T19:45:58.350+0800][3893.858s] GC(1572) Concurrent Mark (3893.831s, 3893.858s) 27.672ms
[2023-04-09T19:45:58.350+0800][3893.859s] GC(1572) Pause Remark
[2023-04-09T19:45:58.354+0800][3893.863s] GC(1572) Cleaned string and symbol table, strings: 28086 processed, 0 removed, symbols: 172413 processed, 0 removed
[2023-04-09T19:45:58.355+0800][3893.863s] GC(1572) Pause Remark 129M->114M(512M) 4.822ms
[2023-04-09T19:45:58.355+0800][3893.863s] GC(1572) User=0.02s Sys=0.00s Real=0.01s
[2023-04-09T19:45:58.355+0800][3893.864s] GC(1572) Concurrent Rebuild Remembered Sets
[2023-04-09T19:45:58.371+0800][3893.880s] GC(1572) Concurrent Rebuild Remembered Sets 16.499ms
[2023-04-09T19:45:58.371+0800][3893.880s] GC(1572) Pause Cleanup
[2023-04-09T19:45:58.372+0800][3893.880s] GC(1572) Pause Cleanup 120M->120M(512M) 0.233ms
[2023-04-09T19:45:58.372+0800][3893.880s] GC(1572) User=0.00s Sys=0.00s Real=0.00s
[2023-04-09T19:45:58.372+0800][3893.881s] GC(1572) Concurrent Cleanup for Next Mark
[2023-04-09T19:45:58.373+0800][3893.881s] GC(1572) Concurrent Cleanup for Next Mark 0.785ms
[2023-04-09T19:45:58.373+0800][3893.881s] GC(1572) Concurrent Cycle 51.517ms
[2023-04-09T19:45:58.942+0800][3894.451s] GC(1573) Pause Young (Prepare Mixed) (G1 Evacuation Pause)
[2023-04-09T19:45:58.942+0800][3894.451s] GC(1573) Using 8 workers of 8 for evacuation
[2023-04-09T19:45:58.945+0800][3894.453s] GC(1573)   Pre Evacuate Collection Set: 0.1ms
[2023-04-09T19:45:58.945+0800][3894.453s] GC(1573)   Evacuate Collection Set: 1.6ms
[2023-04-09T19:45:58.945+0800][3894.453s] GC(1573)   Post Evacuate Collection Set: 0.6ms
[2023-04-09T19:45:58.945+0800][3894.453s] GC(1573)   Other: 0.2ms
[2023-04-09T19:45:58.945+0800][3894.453s] GC(1573) Eden regions: 296->0(15)
[2023-04-09T19:45:58.945+0800][3894.454s] GC(1573) Survivor regions: 11->10(39)
[2023-04-09T19:45:58.945+0800][3894.454s] GC(1573) Old regions: 79->79
[2023-04-09T19:45:58.945+0800][3894.454s] GC(1573) Humongous regions: 25->13
[2023-04-09T19:45:58.945+0800][3894.454s] GC(1573) Metaspace: 62579K(65648K)->62579K(65648K) NonClass: 55625K(57508K)->55625K(57508K) Class: 6954K(8140K)->6954K(8140K)
[2023-04-09T19:45:58.945+0800][3894.454s] GC(1573) Pause Young (Prepare Mixed) (G1 Evacuation Pause) 410M->101M(512M) 2.819ms
[2023-04-09T19:45:58.945+0800][3894.454s] GC(1573) User=0.00s Sys=0.00s Real=0.00s
[2023-04-09T19:45:58.966+0800][3894.474s] GC(1574) Pause Young (Mixed) (G1 Evacuation Pause)
[2023-04-09T19:45:58.966+0800][3894.474s] GC(1574) Using 8 workers of 8 for evacuation
[2023-04-09T19:45:58.968+0800][3894.476s] GC(1574)   Pre Evacuate Collection Set: 0.0ms
[2023-04-09T19:45:58.968+0800][3894.476s] GC(1574)   Evacuate Collection Set: 1.2ms
[2023-04-09T19:45:58.968+0800][3894.476s] GC(1574)   Post Evacuate Collection Set: 0.5ms
[2023-04-09T19:45:58.968+0800][3894.476s] GC(1574)   Other: 0.2ms
[2023-04-09T19:45:58.968+0800][3894.477s] GC(1574) Eden regions: 15->0(306)
[2023-04-09T19:45:58.968+0800][3894.477s] GC(1574) Survivor regions: 10->1(4)
[2023-04-09T19:45:58.968+0800][3894.477s] GC(1574) Old regions: 79->87
[2023-04-09T19:45:58.968+0800][3894.477s] GC(1574) Humongous regions: 13->13
[2023-04-09T19:45:58.968+0800][3894.477s] GC(1574) Metaspace: 62579K(65648K)->62579K(65648K) NonClass: 55625K(57508K)->55625K(57508K) Class: 6954K(8140K)->6954K(8140K)
[2023-04-09T19:45:58.968+0800][3894.477s] GC(1574) Pause Young (Mixed) (G1 Evacuation Pause) 116M->99M(512M) 2.372ms
[2023-04-09T19:45:58.968+0800][3894.477s] GC(1574) User=0.00s Sys=0.00s Real=0.00s
[2023-04-09T19:45:59.586+0800][3895.095s] GC(1575) Pause Young (Normal) (G1 Evacuation Pause)
[2023-04-09T19:45:59.586+0800][3895.095s] GC(1575) Using 8 workers of 8 for evacuation
[2023-04-09T19:45:59.587+0800][3895.096s] GC(1575)   Pre Evacuate Collection Set: 0.0ms
[2023-04-09T19:45:59.587+0800][3895.096s] GC(1575)   Evacuate Collection Set: 0.7ms
[2023-04-09T19:45:59.587+0800][3895.096s] GC(1575)   Post Evacuate Collection Set: 0.4ms
[2023-04-09T19:45:59.587+0800][3895.096s] GC(1575)   Other: 0.2ms
[2023-04-09T19:45:59.588+0800][3895.096s] GC(1575) Eden regions: 306->0(302)
[2023-04-09T19:45:59.588+0800][3895.096s] GC(1575) Survivor regions: 1->5(39)
[2023-04-09T19:45:59.588+0800][3895.096s] GC(1575) Old regions: 87->87
[2023-04-09T19:45:59.588+0800][3895.096s] GC(1575) Humongous regions: 14->14
[2023-04-09T19:45:59.588+0800][3895.096s] GC(1575) Metaspace: 62579K(65648K)->62579K(65648K) NonClass: 55625K(57508K)->55625K(57508K) Class: 6954K(8140K)->6954K(8140K)
[2023-04-09T19:45:59.588+0800][3895.096s] GC(1575) Pause Young (Normal) (G1 Evacuation Pause) 406M->105M(512M) 1.470ms
[2023-04-09T19:45:59.588+0800][3895.096s] GC(1575) User=0.00s Sys=0.00s Real=0.00s
[2023-04-09T19:46:00.096+0800][3895.605s] GC(1576) Pause Young (Normal) (G1 Evacuation Pause)
[2023-04-09T19:46:00.096+0800][3895.605s] GC(1576) Using 8 workers of 8 for evacuation
[2023-04-09T19:46:00.098+0800][3895.607s] GC(1576)   Pre Evacuate Collection Set: 0.0ms
[2023-04-09T19:46:00.098+0800][3895.607s] GC(1576)   Evacuate Collection Set: 1.2ms
[2023-04-09T19:46:00.098+0800][3895.607s] GC(1576)   Post Evacuate Collection Set: 0.6ms
[2023-04-09T19:46:00.098+0800][3895.607s] GC(1576)   Other: 0.2ms
[2023-04-09T19:46:00.098+0800][3895.607s] GC(1576) Eden regions: 302->0(296)
[2023-04-09T19:46:00.098+0800][3895.607s] GC(1576) Survivor regions: 5->11(39)
[2023-04-09T19:46:00.098+0800][3895.607s] GC(1576) Old regions: 87->87
[2023-04-09T19:46:00.098+0800][3895.607s] GC(1576) Humongous regions: 17->16
[2023-04-09T19:46:00.098+0800][3895.607s] GC(1576) Metaspace: 62579K(65648K)->62579K(65648K) NonClass: 55625K(57508K)->55625K(57508K) Class: 6954K(8140K)->6954K(8140K)
[2023-04-09T19:46:00.098+0800][3895.607s] GC(1576) Pause Young (Normal) (G1 Evacuation Pause) 410M->113M(512M) 2.245ms
[2023-04-09T19:46:00.098+0800][3895.607s] GC(1576) User=0.00s Sys=0.00s Real=0.00s
[2023-04-09T19:46:00.198+0800][3895.706s] GC(1577) Pause Young (Concurrent Start) (G1 Humongous Allocation)
[2023-04-09T19:46:00.198+0800][3895.706s] GC(1577) Using 8 workers of 8 for evacuation
[2023-04-09T19:46:00.200+0800][3895.708s] GC(1577)   Pre Evacuate Collection Set: 0.1ms
[2023-04-09T19:46:00.200+0800][3895.708s] GC(1577)   Evacuate Collection Set: 1.5ms
[2023-04-09T19:46:00.200+0800][3895.708s] GC(1577)   Post Evacuate Collection Set: 0.4ms
[2023-04-09T19:46:00.200+0800][3895.708s] GC(1577)   Other: 0.2ms
[2023-04-09T19:46:00.200+0800][3895.708s] GC(1577) Eden regions: 47->0(186)
[2023-04-09T19:46:00.200+0800][3895.708s] GC(1577) Survivor regions: 11->11(39)
[2023-04-09T19:46:00.200+0800][3895.709s] GC(1577) Old regions: 87->87
[2023-04-09T19:46:00.200+0800][3895.709s] GC(1577) Humongous regions: 18->18
[2023-04-09T19:46:00.200+0800][3895.709s] GC(1577) Metaspace: 62579K(65648K)->62579K(65648K) NonClass: 55625K(57508K)->55625K(57508K) Class: 6954K(8140K)->6954K(8140K)
[2023-04-09T19:46:00.200+0800][3895.709s] GC(1577) Pause Young (Concurrent Start) (G1 Humongous Allocation) 162M->115M(512M) 2.454ms
[2023-04-09T19:46:00.200+0800][3895.709s] GC(1577) User=0.12s Sys=0.00s Real=0.00s
[2023-04-09T19:46:00.200+0800][3895.709s] GC(1578) Concurrent Cycle
[2023-04-09T19:46:00.200+0800][3895.709s] GC(1578) Concurrent Clear Claimed Marks
[2023-04-09T19:46:00.200+0800][3895.709s] GC(1578) Concurrent Clear Claimed Marks 0.107ms
[2023-04-09T19:46:00.200+0800][3895.709s] GC(1578) Concurrent Scan Root Regions
[2023-04-09T19:46:00.201+0800][3895.709s] GC(1578) Concurrent Scan Root Regions 0.453ms
[2023-04-09T19:46:00.201+0800][3895.709s] GC(1578) Concurrent Mark (3895.709s)
[2023-04-09T19:46:00.201+0800][3895.709s] GC(1578) Concurrent Mark From Roots
[2023-04-09T19:46:00.201+0800][3895.709s] GC(1578) Using 2 workers of 2 for marking
[2023-04-09T19:46:00.229+0800][3895.737s] GC(1578) Concurrent Mark From Roots 27.607ms
[2023-04-09T19:46:00.229+0800][3895.737s] GC(1578) Concurrent Preclean
[2023-04-09T19:46:00.229+0800][3895.737s] GC(1578) Concurrent Preclean 0.306ms
[2023-04-09T19:46:00.229+0800][3895.737s] GC(1578) Concurrent Mark (3895.709s, 3895.737s) 28.096ms
[2023-04-09T19:46:00.229+0800][3895.738s] GC(1578) Pause Remark
[2023-04-09T19:46:00.234+0800][3895.742s] GC(1578) Cleaned string and symbol table, strings: 28086 processed, 0 removed, symbols: 172413 processed, 0 removed
[2023-04-09T19:46:00.234+0800][3895.742s] GC(1578) Pause Remark 130M->113M(512M) 4.630ms
[2023-04-09T19:46:00.234+0800][3895.742s] GC(1578) User=0.09s Sys=0.02s Real=0.00s
[2023-04-09T19:46:00.234+0800][3895.743s] GC(1578) Concurrent Rebuild Remembered Sets
[2023-04-09T19:46:00.249+0800][3895.757s] GC(1578) Concurrent Rebuild Remembered Sets 14.500ms
[2023-04-09T19:46:00.249+0800][3895.757s] GC(1578) Pause Cleanup
[2023-04-09T19:46:00.249+0800][3895.758s] GC(1578) Pause Cleanup 124M->124M(512M) 0.169ms
[2023-04-09T19:46:00.249+0800][3895.758s] GC(1578) User=0.00s Sys=0.00s Real=0.00s
[2023-04-09T19:46:00.249+0800][3895.758s] GC(1578) Concurrent Cleanup for Next Mark
[2023-04-09T19:46:00.250+0800][3895.758s] GC(1578) Concurrent Cleanup for Next Mark 0.823ms
[2023-04-09T19:46:00.250+0800][3895.759s] GC(1578) Concurrent Cycle 49.879ms
[2023-04-09T19:46:00.697+0800][3896.206s] GC(1579) Pause Young (Prepare Mixed) (G1 Evacuation Pause)
[2023-04-09T19:46:00.697+0800][3896.206s] GC(1579) Using 8 workers of 8 for evacuation
[2023-04-09T19:46:00.699+0800][3896.209s] GC(1579)   Pre Evacuate Collection Set: 0.0ms
[2023-04-09T19:46:00.699+0800][3896.209s] GC(1579)   Evacuate Collection Set: 1.8ms
[2023-04-09T19:46:00.699+0800][3896.209s] GC(1579)   Post Evacuate Collection Set: 0.5ms
[2023-04-09T19:46:00.699+0800][3896.209s] GC(1579)   Other: 0.2ms
[2023-04-09T19:46:00.699+0800][3896.209s] GC(1579) Eden regions: 186->0(15)
[2023-04-09T19:46:00.699+0800][3896.209s] GC(1579) Survivor regions: 11->10(25)
[2023-04-09T19:46:00.700+0800][3896.209s] GC(1579) Old regions: 79->79
[2023-04-09T19:46:00.700+0800][3896.209s] GC(1579) Humongous regions: 25->13
[2023-04-09T19:46:00.700+0800][3896.209s] GC(1579) Metaspace: 62579K(65648K)->62579K(65648K) NonClass: 55625K(57508K)->55625K(57508K) Class: 6954K(8140K)->6954K(8140K)
[2023-04-09T19:46:00.700+0800][3896.209s] GC(1579) Pause Young (Prepare Mixed) (G1 Evacuation Pause) 300M->101M(512M) 2.723ms
[2023-04-09T19:46:00.700+0800][3896.209s] GC(1579) User=0.03s Sys=0.00s Real=0.00s
[2023-04-09T19:46:00.747+0800][3896.256s] GC(1580) Pause Young (Mixed) (G1 Evacuation Pause)
[2023-04-09T19:46:00.747+0800][3896.256s] GC(1580) Using 8 workers of 8 for evacuation
[2023-04-09T19:46:00.748+0800][3896.258s] GC(1580)   Pre Evacuate Collection Set: 0.0ms
[2023-04-09T19:46:00.749+0800][3896.258s] GC(1580)   Evacuate Collection Set: 1.1ms
[2023-04-09T19:46:00.749+0800][3896.258s] GC(1580)   Post Evacuate Collection Set: 0.3ms
[2023-04-09T19:46:00.749+0800][3896.258s] GC(1580)   Other: 0.2ms
[2023-04-09T19:46:00.749+0800][3896.258s] GC(1580) Eden regions: 15->0(209)
[2023-04-09T19:46:00.749+0800][3896.258s] GC(1580) Survivor regions: 10->1(4)
[2023-04-09T19:46:00.749+0800][3896.258s] GC(1580) Old regions: 79->87
[2023-04-09T19:46:00.749+0800][3896.258s] GC(1580) Humongous regions: 13->13
[2023-04-09T19:46:00.749+0800][3896.258s] GC(1580) Metaspace: 62581K(65648K)->62581K(65648K) NonClass: 55627K(57508K)->55627K(57508K) Class: 6954K(8140K)->6954K(8140K)
[2023-04-09T19:46:00.749+0800][3896.258s] GC(1580) Pause Young (Mixed) (G1 Evacuation Pause) 116M->100M(512M) 2.008ms
[2023-04-09T19:46:00.749+0800][3896.258s] GC(1580) User=0.00s Sys=0.00s Real=0.00s
[2023-04-09T19:46:01.138+0800][3896.647s] GC(1581) Pause Young (Normal) (G1 Evacuation Pause)
[2023-04-09T19:46:01.138+0800][3896.647s] GC(1581) Using 8 workers of 8 for evacuation
[2023-04-09T19:46:01.139+0800][3896.648s] GC(1581)   Pre Evacuate Collection Set: 0.0ms
[2023-04-09T19:46:01.139+0800][3896.648s] GC(1581)   Evacuate Collection Set: 0.2ms
[2023-04-09T19:46:01.139+0800][3896.648s] GC(1581)   Post Evacuate Collection Set: 0.4ms
[2023-04-09T19:46:01.139+0800][3896.648s] GC(1581)   Other: 0.1ms
[2023-04-09T19:46:01.139+0800][3896.648s] GC(1581) Eden regions: 209->0(227)
[2023-04-09T19:46:01.139+0800][3896.648s] GC(1581) Survivor regions: 1->1(27)
[2023-04-09T19:46:01.139+0800][3896.648s] GC(1581) Old regions: 87->87
[2023-04-09T19:46:01.139+0800][3896.648s] GC(1581) Humongous regions: 13->13
[2023-04-09T19:46:01.139+0800][3896.648s] GC(1581) Metaspace: 62581K(65648K)->62581K(65648K) NonClass: 55627K(57508K)->55627K(57508K) Class: 6954K(8140K)->6954K(8140K)
[2023-04-09T19:46:01.139+0800][3896.648s] GC(1581) Pause Young (Normal) (G1 Evacuation Pause) 309M->99M(512M) 0.988ms
[2023-04-09T19:46:01.139+0800][3896.648s] GC(1581) User=0.00s Sys=0.00s Real=0.00s
[2023-04-09T19:46:01.514+0800][3897.023s] GC(1582) Pause Young (Normal) (G1 Evacuation Pause)
[2023-04-09T19:46:01.514+0800][3897.023s] GC(1582) Using 8 workers of 8 for evacuation
[2023-04-09T19:46:01.516+0800][3897.024s] GC(1582)   Pre Evacuate Collection Set: 0.0ms
[2023-04-09T19:46:01.516+0800][3897.025s] GC(1582)   Evacuate Collection Set: 0.7ms
[2023-04-09T19:46:01.516+0800][3897.025s] GC(1582)   Post Evacuate Collection Set: 0.5ms
[2023-04-09T19:46:01.516+0800][3897.025s] GC(1582)   Other: 0.2ms
[2023-04-09T19:46:01.516+0800][3897.025s] GC(1582) Eden regions: 227->0(239)
[2023-04-09T19:46:01.516+0800][3897.025s] GC(1582) Survivor regions: 1->5(29)
[2023-04-09T19:46:01.516+0800][3897.025s] GC(1582) Old regions: 87->87
[2023-04-09T19:46:01.516+0800][3897.025s] GC(1582) Humongous regions: 14->14
[2023-04-09T19:46:01.516+0800][3897.025s] GC(1582) Metaspace: 62581K(65648K)->62581K(65648K) NonClass: 55627K(57508K)->55627K(57508K) Class: 6954K(8140K)->6954K(8140K)
[2023-04-09T19:46:01.516+0800][3897.025s] GC(1582) Pause Young (Normal) (G1 Evacuation Pause) 327M->105M(512M) 1.636ms
[2023-04-09T19:46:01.516+0800][3897.025s] GC(1582) User=0.00s Sys=0.00s Real=0.00s
[2023-04-09T19:46:01.921+0800][3897.430s] GC(1583) Pause Young (Normal) (G1 Evacuation Pause)
[2023-04-09T19:46:01.921+0800][3897.430s] GC(1583) Using 8 workers of 8 for evacuation
[2023-04-09T19:46:01.923+0800][3897.432s] GC(1583)   Pre Evacuate Collection Set: 0.0ms
[2023-04-09T19:46:01.923+0800][3897.432s] GC(1583)   Evacuate Collection Set: 1.0ms
[2023-04-09T19:46:01.923+0800][3897.432s] GC(1583)   Post Evacuate Collection Set: 0.5ms
[2023-04-09T19:46:01.923+0800][3897.432s] GC(1583)   Other: 0.2ms
[2023-04-09T19:46:01.923+0800][3897.432s] GC(1583) Eden regions: 239->0(247)
[2023-04-09T19:46:01.923+0800][3897.432s] GC(1583) Survivor regions: 5->10(31)
[2023-04-09T19:46:01.923+0800][3897.432s] GC(1583) Old regions: 87->87
[2023-04-09T19:46:01.923+0800][3897.432s] GC(1583) Humongous regions: 16->15
[2023-04-09T19:46:01.923+0800][3897.432s] GC(1583) Metaspace: 62581K(65648K)->62581K(65648K) NonClass: 55627K(57508K)->55627K(57508K) Class: 6954K(8140K)->6954K(8140K)
[2023-04-09T19:46:01.923+0800][3897.432s] GC(1583) Pause Young (Normal) (G1 Evacuation Pause) 346M->110M(512M) 1.860ms
[2023-04-09T19:46:01.923+0800][3897.432s] GC(1583) User=0.00s Sys=0.00s Real=0.00s
[2023-04-09T19:46:02.393+0800][3897.902s] GC(1584) Pause Young (Normal) (G1 Evacuation Pause)
[2023-04-09T19:46:02.393+0800][3897.902s] GC(1584) Using 8 workers of 8 for evacuation
[2023-04-09T19:46:02.395+0800][3897.904s] GC(1584)   Pre Evacuate Collection Set: 0.0ms
[2023-04-09T19:46:02.395+0800][3897.904s] GC(1584)   Evacuate Collection Set: 1.2ms
[2023-04-09T19:46:02.395+0800][3897.904s] GC(1584)   Post Evacuate Collection Set: 0.5ms
[2023-04-09T19:46:02.395+0800][3897.904s] GC(1584)   Other: 0.2ms
[2023-04-09T19:46:02.395+0800][3897.904s] GC(1584) Eden regions: 247->0(253)
[2023-04-09T19:46:02.395+0800][3897.904s] GC(1584) Survivor regions: 10->10(33)
[2023-04-09T19:46:02.395+0800][3897.904s] GC(1584) Old regions: 87->87
[2023-04-09T19:46:02.395+0800][3897.904s] GC(1584) Humongous regions: 29->22
[2023-04-09T19:46:02.395+0800][3897.904s] GC(1584) Metaspace: 62593K(65648K)->62593K(65648K) NonClass: 55639K(57508K)->55639K(57508K) Class: 6954K(8140K)->6954K(8140K)
[2023-04-09T19:46:02.395+0800][3897.904s] GC(1584) Pause Young (Normal) (G1 Evacuation Pause) 371M->118M(512M) 2.205ms
[2023-04-09T19:46:02.395+0800][3897.904s] GC(1584) User=0.00s Sys=0.00s Real=0.00s
[2023-04-09T19:46:02.915+0800][3898.424s] GC(1585) Pause Young (Normal) (G1 Evacuation Pause)
[2023-04-09T19:46:02.915+0800][3898.424s] GC(1585) Using 8 workers of 8 for evacuation
[2023-04-09T19:46:02.917+0800][3898.426s] GC(1585)   Pre Evacuate Collection Set: 0.0ms
[2023-04-09T19:46:02.917+0800][3898.426s] GC(1585)   Evacuate Collection Set: 1.2ms
[2023-04-09T19:46:02.917+0800][3898.426s] GC(1585)   Post Evacuate Collection Set: 0.7ms
[2023-04-09T19:46:02.917+0800][3898.426s] GC(1585)   Other: 0.1ms
[2023-04-09T19:46:02.917+0800][3898.426s] GC(1585) Eden regions: 253->0(260)
[2023-04-09T19:46:02.918+0800][3898.426s] GC(1585) Survivor regions: 10->10(33)
[2023-04-09T19:46:02.918+0800][3898.427s] GC(1585) Old regions: 87->87
[2023-04-09T19:46:02.918+0800][3898.427s] GC(1585) Humongous regions: 27->22
[2023-04-09T19:46:02.918+0800][3898.427s] GC(1585) Metaspace: 62593K(65648K)->62593K(65648K) NonClass: 55639K(57508K)->55639K(57508K) Class: 6954K(8140K)->6954K(8140K)
[2023-04-09T19:46:02.918+0800][3898.427s] GC(1585) Pause Young (Normal) (G1 Evacuation Pause) 376M->118M(512M) 2.277ms
[2023-04-09T19:46:02.918+0800][3898.427s] GC(1585) User=0.00s Sys=0.02s Real=0.00s
[2023-04-09T19:46:03.465+0800][3898.974s] GC(1586) Pause Young (Normal) (G1 Evacuation Pause)
[2023-04-09T19:46:03.465+0800][3898.974s] GC(1586) Using 8 workers of 8 for evacuation
[2023-04-09T19:46:03.467+0800][3898.975s] GC(1586)   Pre Evacuate Collection Set: 0.0ms
[2023-04-09T19:46:03.467+0800][3898.976s] GC(1586)   Evacuate Collection Set: 0.7ms
[2023-04-09T19:46:03.467+0800][3898.976s] GC(1586)   Post Evacuate Collection Set: 0.5ms
[2023-04-09T19:46:03.467+0800][3898.976s] GC(1586)   Other: 0.2ms
[2023-04-09T19:46:03.467+0800][3898.976s] GC(1586) Eden regions: 260->0(273)
[2023-04-09T19:46:03.467+0800][3898.976s] GC(1586) Survivor regions: 10->6(34)
[2023-04-09T19:46:03.467+0800][3898.976s] GC(1586) Old regions: 87->87
[2023-04-09T19:46:03.467+0800][3898.976s] GC(1586) Humongous regions: 23->14
[2023-04-09T19:46:03.467+0800][3898.976s] GC(1586) Metaspace: 62596K(65648K)->62596K(65648K) NonClass: 55641K(57508K)->55641K(57508K) Class: 6954K(8140K)->6954K(8140K)
[2023-04-09T19:46:03.467+0800][3898.976s] GC(1586) Pause Young (Normal) (G1 Evacuation Pause) 379M->106M(512M) 1.686ms
[2023-04-09T19:46:03.467+0800][3898.976s] GC(1586) User=0.00s Sys=0.00s Real=0.00s
[2023-04-09T19:46:03.965+0800][3899.474s] GC(1587) Pause Young (Normal) (G1 Evacuation Pause)
[2023-04-09T19:46:03.965+0800][3899.474s] GC(1587) Using 8 workers of 8 for evacuation
[2023-04-09T19:46:03.967+0800][3899.476s] GC(1587)   Pre Evacuate Collection Set: 0.0ms
[2023-04-09T19:46:03.967+0800][3899.476s] GC(1587)   Evacuate Collection Set: 1.2ms
[2023-04-09T19:46:03.967+0800][3899.476s] GC(1587)   Post Evacuate Collection Set: 0.5ms
[2023-04-09T19:46:03.967+0800][3899.476s] GC(1587)   Other: 0.2ms
[2023-04-09T19:46:03.967+0800][3899.476s] GC(1587) Eden regions: 273->0(276)
[2023-04-09T19:46:03.967+0800][3899.476s] GC(1587) Survivor regions: 6->10(35)
[2023-04-09T19:46:03.967+0800][3899.476s] GC(1587) Old regions: 87->87
[2023-04-09T19:46:03.967+0800][3899.476s] GC(1587) Humongous regions: 17->16
[2023-04-09T19:46:03.967+0800][3899.476s] GC(1587) Metaspace: 62596K(65648K)->62596K(65648K) NonClass: 55641K(57508K)->55641K(57508K) Class: 6954K(8140K)->6954K(8140K)
[2023-04-09T19:46:03.967+0800][3899.476s] GC(1587) Pause Young (Normal) (G1 Evacuation Pause) 382M->112M(512M) 2.144ms
[2023-04-09T19:46:03.967+0800][3899.476s] GC(1587) User=0.00s Sys=0.00s Real=0.00s
[2023-04-09T19:46:04.670+0800][3900.179s] GC(1588) Pause Young (Normal) (G1 Evacuation Pause)
[2023-04-09T19:46:04.670+0800][3900.179s] GC(1588) Using 8 workers of 8 for evacuation
[2023-04-09T19:46:04.672+0800][3900.181s] GC(1588)   Pre Evacuate Collection Set: 0.0ms
[2023-04-09T19:46:04.672+0800][3900.181s] GC(1588)   Evacuate Collection Set: 1.3ms
[2023-04-09T19:46:04.672+0800][3900.181s] GC(1588)   Post Evacuate Collection Set: 0.4ms
[2023-04-09T19:46:04.672+0800][3900.181s] GC(1588)   Other: 0.2ms
[2023-04-09T19:46:04.672+0800][3900.181s] GC(1588) Eden regions: 276->0(279)
[2023-04-09T19:46:04.672+0800][3900.181s] GC(1588) Survivor regions: 10->10(36)
[2023-04-09T19:46:04.672+0800][3900.181s] GC(1588) Old regions: 87->87
[2023-04-09T19:46:04.672+0800][3900.181s] GC(1588) Humongous regions: 34->22
[2023-04-09T19:46:04.672+0800][3900.181s] GC(1588) Metaspace: 62606K(65648K)->62606K(65648K) NonClass: 55652K(57508K)->55652K(57508K) Class: 6954K(8140K)->6954K(8140K)
[2023-04-09T19:46:04.672+0800][3900.181s] GC(1588) Pause Young (Normal) (G1 Evacuation Pause) 406M->118M(512M) 2.139ms
[2023-04-09T19:46:04.672+0800][3900.181s] GC(1588) User=0.00s Sys=0.00s Real=0.00s
[2023-04-09T19:46:05.176+0800][3900.685s] GC(1589) Pause Young (Normal) (G1 Evacuation Pause)
[2023-04-09T19:46:05.176+0800][3900.685s] GC(1589) Using 8 workers of 8 for evacuation
[2023-04-09T19:46:05.177+0800][3900.686s] GC(1589)   Pre Evacuate Collection Set: 0.0ms
[2023-04-09T19:46:05.177+0800][3900.686s] GC(1589)   Evacuate Collection Set: 0.5ms
[2023-04-09T19:46:05.177+0800][3900.686s] GC(1589)   Post Evacuate Collection Set: 0.4ms
[2023-04-09T19:46:05.177+0800][3900.686s] GC(1589)   Other: 0.2ms
[2023-04-09T19:46:05.177+0800][3900.686s] GC(1589) Eden regions: 279->0(296)
[2023-04-09T19:46:05.177+0800][3900.686s] GC(1589) Survivor regions: 10->3(37)
[2023-04-09T19:46:05.177+0800][3900.686s] GC(1589) Old regions: 87->87
[2023-04-09T19:46:05.177+0800][3900.686s] GC(1589) Humongous regions: 22->13
[2023-04-09T19:46:05.177+0800][3900.686s] GC(1589) Metaspace: 62606K(65648K)->62606K(65648K) NonClass: 55652K(57508K)->55652K(57508K) Class: 6954K(8140K)->6954K(8140K)
[2023-04-09T19:46:05.177+0800][3900.686s] GC(1589) Pause Young (Normal) (G1 Evacuation Pause) 397M->102M(512M) 1.329ms
[2023-04-09T19:46:05.177+0800][3900.686s] GC(1589) User=0.00s Sys=0.00s Real=0.00s
[2023-04-09T19:46:05.613+0800][3901.122s] GC(1590) Pause Young (Normal) (G1 Evacuation Pause)
[2023-04-09T19:46:05.613+0800][3901.122s] GC(1590) Using 8 workers of 8 for evacuation
[2023-04-09T19:46:05.614+0800][3901.123s] GC(1590)   Pre Evacuate Collection Set: 0.0ms
[2023-04-09T19:46:05.614+0800][3901.123s] GC(1590)   Evacuate Collection Set: 0.9ms
[2023-04-09T19:46:05.614+0800][3901.123s] GC(1590)   Post Evacuate Collection Set: 0.6ms
[2023-04-09T19:46:05.614+0800][3901.124s] GC(1590)   Other: 0.2ms
[2023-04-09T19:46:05.614+0800][3901.124s] GC(1590) Eden regions: 296->0(296)
[2023-04-09T19:46:05.614+0800][3901.124s] GC(1590) Survivor regions: 3->9(38)
[2023-04-09T19:46:05.614+0800][3901.124s] GC(1590) Old regions: 87->87
[2023-04-09T19:46:05.614+0800][3901.124s] GC(1590) Humongous regions: 16->15
[2023-04-09T19:46:05.614+0800][3901.124s] GC(1590) Metaspace: 62606K(65648K)->62606K(65648K) NonClass: 55652K(57508K)->55652K(57508K) Class: 6954K(8140K)->6954K(8140K)
[2023-04-09T19:46:05.614+0800][3901.124s] GC(1590) Pause Young (Normal) (G1 Evacuation Pause) 401M->110M(512M) 1.899ms
[2023-04-09T19:46:05.614+0800][3901.124s] GC(1590) User=0.00s Sys=0.00s Real=0.00s
[2023-04-09T19:46:06.076+0800][3901.585s] GC(1591) Pause Young (Concurrent Start) (G1 Humongous Allocation)
[2023-04-09T19:46:06.076+0800][3901.585s] GC(1591) Using 8 workers of 8 for evacuation
[2023-04-09T19:46:06.079+0800][3901.588s] GC(1591)   Pre Evacuate Collection Set: 0.1ms
[2023-04-09T19:46:06.079+0800][3901.588s] GC(1591)   Evacuate Collection Set: 1.5ms
[2023-04-09T19:46:06.079+0800][3901.588s] GC(1591)   Post Evacuate Collection Set: 0.6ms
[2023-04-09T19:46:06.079+0800][3901.588s] GC(1591)   Other: 0.3ms
[2023-04-09T19:46:06.079+0800][3901.588s] GC(1591) Eden regions: 244->0(282)
[2023-04-09T19:46:06.079+0800][3901.588s] GC(1591) Survivor regions: 9->10(39)
[2023-04-09T19:46:06.079+0800][3901.588s] GC(1591) Old regions: 87->87
[2023-04-09T19:46:06.079+0800][3901.588s] GC(1591) Humongous regions: 25->23
[2023-04-09T19:46:06.079+0800][3901.588s] GC(1591) Metaspace: 62606K(65648K)->62606K(65648K) NonClass: 55652K(57508K)->55652K(57508K) Class: 6954K(8140K)->6954K(8140K)
[2023-04-09T19:46:06.079+0800][3901.588s] GC(1591) Pause Young (Concurrent Start) (G1 Humongous Allocation) 364M->119M(512M) 2.728ms
[2023-04-09T19:46:06.079+0800][3901.588s] GC(1591) User=0.00s Sys=0.00s Real=0.00s
[2023-04-09T19:46:06.079+0800][3901.588s] GC(1592) Concurrent Cycle
[2023-04-09T19:46:06.079+0800][3901.588s] GC(1592) Concurrent Clear Claimed Marks
[2023-04-09T19:46:06.079+0800][3901.588s] GC(1592) Concurrent Clear Claimed Marks 0.119ms
[2023-04-09T19:46:06.079+0800][3901.588s] GC(1592) Concurrent Scan Root Regions
[2023-04-09T19:46:06.080+0800][3901.589s] GC(1592) Concurrent Scan Root Regions 0.578ms
[2023-04-09T19:46:06.080+0800][3901.589s] GC(1592) Concurrent Mark (3901.589s)
[2023-04-09T19:46:06.080+0800][3901.589s] GC(1592) Concurrent Mark From Roots
[2023-04-09T19:46:06.080+0800][3901.589s] GC(1592) Using 2 workers of 2 for marking
[2023-04-09T19:46:06.111+0800][3901.620s] GC(1592) Concurrent Mark From Roots 31.241ms
[2023-04-09T19:46:06.111+0800][3901.620s] GC(1592) Concurrent Preclean
[2023-04-09T19:46:06.112+0800][3901.621s] GC(1592) Concurrent Preclean 0.381ms
[2023-04-09T19:46:06.112+0800][3901.621s] GC(1592) Concurrent Mark (3901.589s, 3901.621s) 31.753ms
[2023-04-09T19:46:06.112+0800][3901.621s] GC(1592) Pause Remark
[2023-04-09T19:46:06.117+0800][3901.626s] GC(1592) Cleaned string and symbol table, strings: 28088 processed, 0 removed, symbols: 172417 processed, 4 removed
[2023-04-09T19:46:06.117+0800][3901.626s] GC(1592) Pause Remark 138M->114M(512M) 5.064ms
[2023-04-09T19:46:06.117+0800][3901.626s] GC(1592) User=0.00s Sys=0.00s Real=0.01s
[2023-04-09T19:46:06.117+0800][3901.626s] GC(1592) Concurrent Rebuild Remembered Sets
[2023-04-09T19:46:06.132+0800][3901.641s] GC(1592) Concurrent Rebuild Remembered Sets 15.397ms
[2023-04-09T19:46:06.133+0800][3901.642s] GC(1592) Pause Cleanup
[2023-04-09T19:46:06.133+0800][3901.642s] GC(1592) Pause Cleanup 122M->122M(512M) 0.166ms
[2023-04-09T19:46:06.133+0800][3901.642s] GC(1592) User=0.00s Sys=0.00s Real=0.00s
[2023-04-09T19:46:06.133+0800][3901.642s] GC(1592) Concurrent Cleanup for Next Mark
[2023-04-09T19:46:06.134+0800][3901.643s] GC(1592) Concurrent Cleanup for Next Mark 0.678ms
[2023-04-09T19:46:06.134+0800][3901.643s] GC(1592) Concurrent Cycle 54.490ms
[2023-04-09T19:46:06.615+0800][3902.124s] GC(1593) Pause Young (Prepare Mixed) (G1 Evacuation Pause)
[2023-04-09T19:46:06.615+0800][3902.124s] GC(1593) Using 8 workers of 8 for evacuation
[2023-04-09T19:46:06.617+0800][3902.126s] GC(1593)   Pre Evacuate Collection Set: 0.0ms
[2023-04-09T19:46:06.617+0800][3902.126s] GC(1593)   Evacuate Collection Set: 1.3ms
[2023-04-09T19:46:06.617+0800][3902.126s] GC(1593)   Post Evacuate Collection Set: 0.6ms
[2023-04-09T19:46:06.617+0800][3902.126s] GC(1593)   Other: 0.2ms
[2023-04-09T19:46:06.617+0800][3902.126s] GC(1593) Eden regions: 282->0(14)
[2023-04-09T19:46:06.617+0800][3902.126s] GC(1593) Survivor regions: 10->11(37)
[2023-04-09T19:46:06.617+0800][3902.126s] GC(1593) Old regions: 72->72
[2023-04-09T19:46:06.617+0800][3902.126s] GC(1593) Humongous regions: 23->13
[2023-04-09T19:46:06.617+0800][3902.126s] GC(1593) Metaspace: 62606K(65648K)->62606K(65648K) NonClass: 55652K(57508K)->55652K(57508K) Class: 6954K(8140K)->6954K(8140K)
[2023-04-09T19:46:06.617+0800][3902.126s] GC(1593) Pause Young (Prepare Mixed) (G1 Evacuation Pause) 386M->95M(512M) 2.312ms
[2023-04-09T19:46:06.617+0800][3902.126s] GC(1593) User=0.00s Sys=0.00s Real=0.00s
[2023-04-09T19:46:06.636+0800][3902.145s] GC(1594) Pause Young (Mixed) (G1 Evacuation Pause)
[2023-04-09T19:46:06.636+0800][3902.145s] GC(1594) Using 8 workers of 8 for evacuation
[2023-04-09T19:46:06.638+0800][3902.147s] GC(1594)   Pre Evacuate Collection Set: 0.0ms
[2023-04-09T19:46:06.638+0800][3902.147s] GC(1594)   Evacuate Collection Set: 1.1ms
[2023-04-09T19:46:06.638+0800][3902.147s] GC(1594)   Post Evacuate Collection Set: 0.4ms
[2023-04-09T19:46:06.638+0800][3902.147s] GC(1594)   Other: 0.2ms
[2023-04-09T19:46:06.638+0800][3902.147s] GC(1594) Eden regions: 14->0(300)
[2023-04-09T19:46:06.638+0800][3902.147s] GC(1594) Survivor regions: 11->1(4)
[2023-04-09T19:46:06.638+0800][3902.147s] GC(1594) Old regions: 72->80
[2023-04-09T19:46:06.638+0800][3902.147s] GC(1594) Humongous regions: 13->13
[2023-04-09T19:46:06.638+0800][3902.147s] GC(1594) Metaspace: 62606K(65648K)->62606K(65648K) NonClass: 55652K(57508K)->55652K(57508K) Class: 6954K(8140K)->6954K(8140K)
[2023-04-09T19:46:06.638+0800][3902.147s] GC(1594) Pause Young (Mixed) (G1 Evacuation Pause) 109M->92M(512M) 1.989ms
[2023-04-09T19:46:06.638+0800][3902.147s] GC(1594) User=0.09s Sys=0.00s Real=0.00s
[2023-04-09T19:46:07.196+0800][3902.705s] GC(1595) Pause Young (Normal) (G1 Evacuation Pause)
[2023-04-09T19:46:07.196+0800][3902.705s] GC(1595) Using 8 workers of 8 for evacuation
[2023-04-09T19:46:07.197+0800][3902.706s] GC(1595)   Pre Evacuate Collection Set: 0.0ms
[2023-04-09T19:46:07.197+0800][3902.706s] GC(1595)   Evacuate Collection Set: 0.8ms
[2023-04-09T19:46:07.197+0800][3902.706s] GC(1595)   Post Evacuate Collection Set: 0.4ms
[2023-04-09T19:46:07.197+0800][3902.706s] GC(1595)   Other: 0.2ms
[2023-04-09T19:46:07.197+0800][3902.706s] GC(1595) Eden regions: 300->0(300)
[2023-04-09T19:46:07.197+0800][3902.706s] GC(1595) Survivor regions: 1->7(38)
[2023-04-09T19:46:07.197+0800][3902.706s] GC(1595) Old regions: 80->80
[2023-04-09T19:46:07.197+0800][3902.706s] GC(1595) Humongous regions: 14->14
[2023-04-09T19:46:07.197+0800][3902.706s] GC(1595) Metaspace: 62606K(65648K)->62606K(65648K) NonClass: 55652K(57508K)->55652K(57508K) Class: 6954K(8140K)->6954K(8140K)
[2023-04-09T19:46:07.197+0800][3902.706s] GC(1595) Pause Young (Normal) (G1 Evacuation Pause) 393M->99M(512M) 1.571ms
[2023-04-09T19:46:07.197+0800][3902.706s] GC(1595) User=0.00s Sys=0.00s Real=0.00s
[2023-04-09T19:46:07.668+0800][3903.177s] GC(1596) Pause Young (Normal) (G1 Evacuation Pause)
[2023-04-09T19:46:07.668+0800][3903.177s] GC(1596) Using 8 workers of 8 for evacuation
[2023-04-09T19:46:07.670+0800][3903.179s] GC(1596)   Pre Evacuate Collection Set: 0.0ms
[2023-04-09T19:46:07.670+0800][3903.179s] GC(1596)   Evacuate Collection Set: 1.3ms
[2023-04-09T19:46:07.670+0800][3903.179s] GC(1596)   Post Evacuate Collection Set: 0.5ms
[2023-04-09T19:46:07.670+0800][3903.179s] GC(1596)   Other: 0.4ms
[2023-04-09T19:46:07.670+0800][3903.179s] GC(1596) Eden regions: 300->0(298)
[2023-04-09T19:46:07.670+0800][3903.179s] GC(1596) Survivor regions: 7->9(39)
[2023-04-09T19:46:07.670+0800][3903.179s] GC(1596) Old regions: 80->80
[2023-04-09T19:46:07.670+0800][3903.179s] GC(1596) Humongous regions: 22->21
[2023-04-09T19:46:07.670+0800][3903.179s] GC(1596) Metaspace: 62606K(65648K)->62606K(65648K) NonClass: 55652K(57508K)->55652K(57508K) Class: 6954K(8140K)->6954K(8140K)
[2023-04-09T19:46:07.670+0800][3903.179s] GC(1596) Pause Young (Normal) (G1 Evacuation Pause) 407M->108M(512M) 2.395ms
[2023-04-09T19:46:07.670+0800][3903.179s] GC(1596) User=0.00s Sys=0.00s Real=0.00s
[2023-04-09T19:46:08.257+0800][3903.765s] GC(1597) Pause Young (Normal) (G1 Evacuation Pause)
[2023-04-09T19:46:08.257+0800][3903.765s] GC(1597) Using 8 workers of 8 for evacuation
[2023-04-09T19:46:08.259+0800][3903.767s] GC(1597)   Pre Evacuate Collection Set: 0.0ms
[2023-04-09T19:46:08.259+0800][3903.768s] GC(1597)   Evacuate Collection Set: 1.2ms
[2023-04-09T19:46:08.259+0800][3903.768s] GC(1597)   Post Evacuate Collection Set: 0.6ms
[2023-04-09T19:46:08.259+0800][3903.768s] GC(1597)   Other: 0.2ms
[2023-04-09T19:46:08.259+0800][3903.768s] GC(1597) Eden regions: 298->0(296)
[2023-04-09T19:46:08.259+0800][3903.768s] GC(1597) Survivor regions: 9->11(39)
[2023-04-09T19:46:08.259+0800][3903.768s] GC(1597) Old regions: 80->80
[2023-04-09T19:46:08.259+0800][3903.768s] GC(1597) Humongous regions: 29->22
[2023-04-09T19:46:08.259+0800][3903.768s] GC(1597) Metaspace: 62606K(65648K)->62606K(65648K) NonClass: 55652K(57508K)->55652K(57508K) Class: 6954K(8140K)->6954K(8140K)
[2023-04-09T19:46:08.259+0800][3903.768s] GC(1597) Pause Young (Normal) (G1 Evacuation Pause) 414M->111M(512M) 2.237ms
[2023-04-09T19:46:08.259+0800][3903.768s] GC(1597) User=0.00s Sys=0.00s Real=0.00s
[2023-04-09T19:46:08.688+0800][3904.198s] GC(1598) Pause Young (Normal) (G1 Evacuation Pause)
[2023-04-09T19:46:08.688+0800][3904.198s] GC(1598) Using 8 workers of 8 for evacuation
[2023-04-09T19:46:08.689+0800][3904.199s] GC(1598)   Pre Evacuate Collection Set: 0.0ms
[2023-04-09T19:46:08.690+0800][3904.199s] GC(1598)   Evacuate Collection Set: 0.7ms
[2023-04-09T19:46:08.690+0800][3904.199s] GC(1598)   Post Evacuate Collection Set: 0.4ms
[2023-04-09T19:46:08.690+0800][3904.199s] GC(1598)   Other: 0.2ms
[2023-04-09T19:46:08.690+0800][3904.199s] GC(1598) Eden regions: 296->0(303)
[2023-04-09T19:46:08.690+0800][3904.199s] GC(1598) Survivor regions: 11->4(39)
[2023-04-09T19:46:08.690+0800][3904.199s] GC(1598) Old regions: 80->80
[2023-04-09T19:46:08.690+0800][3904.199s] GC(1598) Humongous regions: 22->13
[2023-04-09T19:46:08.690+0800][3904.199s] GC(1598) Metaspace: 62611K(65648K)->62611K(65648K) NonClass: 55657K(57508K)->55657K(57508K) Class: 6954K(8140K)->6954K(8140K)
[2023-04-09T19:46:08.690+0800][3904.199s] GC(1598) Pause Young (Normal) (G1 Evacuation Pause) 407M->96M(512M) 1.579ms
[2023-04-09T19:46:08.690+0800][3904.199s] GC(1598) User=0.00s Sys=0.00s Real=0.00s
[2023-04-09T19:46:08.886+0800][3904.394s] GC(1599) Pause Young (Normal) (G1 Evacuation Pause)
[2023-04-09T19:46:08.886+0800][3904.394s] GC(1599) Using 8 workers of 8 for evacuation
[2023-04-09T19:46:08.887+0800][3904.396s] GC(1599)   Pre Evacuate Collection Set: 0.0ms
[2023-04-09T19:46:08.887+0800][3904.396s] GC(1599)   Evacuate Collection Set: 0.9ms
[2023-04-09T19:46:08.887+0800][3904.396s] GC(1599)   Post Evacuate Collection Set: 0.5ms
[2023-04-09T19:46:08.887+0800][3904.396s] GC(1599)   Other: 0.2ms
[2023-04-09T19:46:08.888+0800][3904.396s] GC(1599) Eden regions: 303->0(300)
[2023-04-09T19:46:08.888+0800][3904.396s] GC(1599) Survivor regions: 4->7(39)
[2023-04-09T19:46:08.888+0800][3904.396s] GC(1599) Old regions: 80->80
[2023-04-09T19:46:08.888+0800][3904.396s] GC(1599) Humongous regions: 14->14
[2023-04-09T19:46:08.888+0800][3904.396s] GC(1599) Metaspace: 62611K(65648K)->62611K(65648K) NonClass: 55657K(57508K)->55657K(57508K) Class: 6954K(8140K)->6954K(8140K)
[2023-04-09T19:46:08.888+0800][3904.396s] GC(1599) Pause Young (Normal) (G1 Evacuation Pause) 400M->99M(512M) 1.759ms
[2023-04-09T19:46:08.888+0800][3904.396s] GC(1599) User=0.09s Sys=0.03s Real=0.00s
[2023-04-09T19:46:09.093+0800][3904.601s] GC(1600) Pause Young (Normal) (G1 Evacuation Pause)
[2023-04-09T19:46:09.093+0800][3904.601s] GC(1600) Using 8 workers of 8 for evacuation
[2023-04-09T19:46:09.095+0800][3904.603s] GC(1600)   Pre Evacuate Collection Set: 0.0ms
[2023-04-09T19:46:09.095+0800][3904.603s] GC(1600)   Evacuate Collection Set: 1.1ms
[2023-04-09T19:46:09.095+0800][3904.603s] GC(1600)   Post Evacuate Collection Set: 0.7ms
[2023-04-09T19:46:09.095+0800][3904.603s] GC(1600)   Other: 0.1ms
[2023-04-09T19:46:09.095+0800][3904.603s] GC(1600) Eden regions: 300->0(297)
[2023-04-09T19:46:09.095+0800][3904.603s] GC(1600) Survivor regions: 7->10(39)
[2023-04-09T19:46:09.095+0800][3904.603s] GC(1600) Old regions: 80->80
[2023-04-09T19:46:09.095+0800][3904.603s] GC(1600) Humongous regions: 16->15
[2023-04-09T19:46:09.095+0800][3904.603s] GC(1600) Metaspace: 62611K(65648K)->62611K(65648K) NonClass: 55657K(57508K)->55657K(57508K) Class: 6954K(8140K)->6954K(8140K)
[2023-04-09T19:46:09.095+0800][3904.603s] GC(1600) Pause Young (Normal) (G1 Evacuation Pause) 401M->103M(512M) 2.052ms
[2023-04-09T19:46:09.095+0800][3904.603s] GC(1600) User=0.00s Sys=0.00s Real=0.00s
[2023-04-09T19:46:09.345+0800][3904.853s] GC(1601) Pause Young (Normal) (G1 Evacuation Pause)
[2023-04-09T19:46:09.345+0800][3904.853s] GC(1601) Using 8 workers of 8 for evacuation
[2023-04-09T19:46:09.347+0800][3904.855s] GC(1601)   Pre Evacuate Collection Set: 0.0ms
[2023-04-09T19:46:09.347+0800][3904.855s] GC(1601)   Evacuate Collection Set: 1.3ms
[2023-04-09T19:46:09.347+0800][3904.855s] GC(1601)   Post Evacuate Collection Set: 0.4ms
[2023-04-09T19:46:09.347+0800][3904.855s] GC(1601)   Other: 0.1ms
[2023-04-09T19:46:09.347+0800][3904.855s] GC(1601) Eden regions: 297->0(295)
[2023-04-09T19:46:09.347+0800][3904.855s] GC(1601) Survivor regions: 10->12(39)
[2023-04-09T19:46:09.347+0800][3904.855s] GC(1601) Old regions: 80->80
[2023-04-09T19:46:09.347+0800][3904.855s] GC(1601) Humongous regions: 16->16
[2023-04-09T19:46:09.347+0800][3904.855s] GC(1601) Metaspace: 62611K(65648K)->62611K(65648K) NonClass: 55657K(57508K)->55657K(57508K) Class: 6954K(8140K)->6954K(8140K)
[2023-04-09T19:46:09.347+0800][3904.855s] GC(1601) Pause Young (Normal) (G1 Evacuation Pause) 401M->106M(512M) 2.068ms
[2023-04-09T19:46:09.347+0800][3904.855s] GC(1601) User=0.00s Sys=0.00s Real=0.00s
[2023-04-09T19:46:09.713+0800][3905.222s] GC(1602) Pause Young (Normal) (G1 Evacuation Pause)
[2023-04-09T19:46:09.713+0800][3905.222s] GC(1602) Using 8 workers of 8 for evacuation
[2023-04-09T19:46:09.715+0800][3905.224s] GC(1602)   Pre Evacuate Collection Set: 0.0ms
[2023-04-09T19:46:09.715+0800][3905.224s] GC(1602)   Evacuate Collection Set: 1.3ms
[2023-04-09T19:46:09.715+0800][3905.224s] GC(1602)   Post Evacuate Collection Set: 0.4ms
[2023-04-09T19:46:09.715+0800][3905.224s] GC(1602)   Other: 0.1ms
[2023-04-09T19:46:09.715+0800][3905.224s] GC(1602) Eden regions: 295->0(295)
[2023-04-09T19:46:09.715+0800][3905.224s] GC(1602) Survivor regions: 12->12(39)
[2023-04-09T19:46:09.715+0800][3905.224s] GC(1602) Old regions: 80->80
[2023-04-09T19:46:09.715+0800][3905.224s] GC(1602) Humongous regions: 29->22
[2023-04-09T19:46:09.715+0800][3905.224s] GC(1602) Metaspace: 62611K(65648K)->62611K(65648K) NonClass: 55657K(57508K)->55657K(57508K) Class: 6954K(8140K)->6954K(8140K)
[2023-04-09T19:46:09.715+0800][3905.224s] GC(1602) Pause Young (Normal) (G1 Evacuation Pause) 414M->112M(512M) 2.028ms
[2023-04-09T19:46:09.715+0800][3905.224s] GC(1602) User=0.02s Sys=0.00s Real=0.00s
[2023-04-09T19:46:10.088+0800][3905.597s] GC(1603) Pause Young (Normal) (G1 Evacuation Pause)
[2023-04-09T19:46:10.088+0800][3905.597s] GC(1603) Using 8 workers of 8 for evacuation
[2023-04-09T19:46:10.091+0800][3905.600s] GC(1603)   Pre Evacuate Collection Set: 0.0ms
[2023-04-09T19:46:10.091+0800][3905.600s] GC(1603)   Evacuate Collection Set: 1.6ms
[2023-04-09T19:46:10.091+0800][3905.600s] GC(1603)   Post Evacuate Collection Set: 0.6ms
[2023-04-09T19:46:10.091+0800][3905.600s] GC(1603)   Other: 0.2ms
[2023-04-09T19:46:10.091+0800][3905.600s] GC(1603) Eden regions: 295->0(295)
[2023-04-09T19:46:10.091+0800][3905.600s] GC(1603) Survivor regions: 12->12(39)
[2023-04-09T19:46:10.091+0800][3905.600s] GC(1603) Old regions: 80->80
[2023-04-09T19:46:10.091+0800][3905.600s] GC(1603) Humongous regions: 27->22
[2023-04-09T19:46:10.091+0800][3905.600s] GC(1603) Metaspace: 62611K(65648K)->62611K(65648K) NonClass: 55657K(57508K)->55657K(57508K) Class: 6954K(8140K)->6954K(8140K)
[2023-04-09T19:46:10.091+0800][3905.600s] GC(1603) Pause Young (Normal) (G1 Evacuation Pause) 412M->112M(512M) 2.589ms
[2023-04-09T19:46:10.091+0800][3905.600s] GC(1603) User=0.09s Sys=0.00s Real=0.00s
[2023-04-09T19:46:10.386+0800][3905.895s] GC(1604) Pause Young (Normal) (G1 Evacuation Pause)
[2023-04-09T19:46:10.386+0800][3905.895s] GC(1604) Using 8 workers of 8 for evacuation
[2023-04-09T19:46:10.387+0800][3905.896s] GC(1604)   Pre Evacuate Collection Set: 0.0ms
[2023-04-09T19:46:10.387+0800][3905.896s] GC(1604)   Evacuate Collection Set: 0.6ms
[2023-04-09T19:46:10.387+0800][3905.896s] GC(1604)   Post Evacuate Collection Set: 0.6ms
[2023-04-09T19:46:10.387+0800][3905.896s] GC(1604)   Other: 0.2ms
[2023-04-09T19:46:10.387+0800][3905.896s] GC(1604) Eden regions: 295->0(304)
[2023-04-09T19:46:10.387+0800][3905.896s] GC(1604) Survivor regions: 12->3(39)
[2023-04-09T19:46:10.387+0800][3905.896s] GC(1604) Old regions: 80->80
[2023-04-09T19:46:10.387+0800][3905.896s] GC(1604) Humongous regions: 22->13
[2023-04-09T19:46:10.387+0800][3905.896s] GC(1604) Metaspace: 62611K(65648K)->62611K(65648K) NonClass: 55657K(57508K)->55657K(57508K) Class: 6954K(8140K)->6954K(8140K)
[2023-04-09T19:46:10.387+0800][3905.896s] GC(1604) Pause Young (Normal) (G1 Evacuation Pause) 407M->94M(512M) 1.584ms
[2023-04-09T19:46:10.387+0800][3905.896s] GC(1604) User=0.00s Sys=0.00s Real=0.00s
[2023-04-09T19:46:10.658+0800][3906.167s] GC(1605) Pause Young (Normal) (G1 Evacuation Pause)
[2023-04-09T19:46:10.658+0800][3906.168s] GC(1605) Using 8 workers of 8 for evacuation
[2023-04-09T19:46:10.660+0800][3906.169s] GC(1605)   Pre Evacuate Collection Set: 0.0ms
[2023-04-09T19:46:10.660+0800][3906.169s] GC(1605)   Evacuate Collection Set: 0.8ms
[2023-04-09T19:46:10.660+0800][3906.169s] GC(1605)   Post Evacuate Collection Set: 0.5ms
[2023-04-09T19:46:10.660+0800][3906.169s] GC(1605)   Other: 0.2ms
[2023-04-09T19:46:10.660+0800][3906.169s] GC(1605) Eden regions: 304->0(300)
[2023-04-09T19:46:10.660+0800][3906.169s] GC(1605) Survivor regions: 3->7(39)
[2023-04-09T19:46:10.660+0800][3906.169s] GC(1605) Old regions: 80->80
[2023-04-09T19:46:10.660+0800][3906.169s] GC(1605) Humongous regions: 14->14
[2023-04-09T19:46:10.660+0800][3906.169s] GC(1605) Metaspace: 62611K(65648K)->62611K(65648K) NonClass: 55657K(57508K)->55657K(57508K) Class: 6954K(8140K)->6954K(8140K)
[2023-04-09T19:46:10.660+0800][3906.169s] GC(1605) Pause Young (Normal) (G1 Evacuation Pause) 399M->99M(512M) 1.790ms
[2023-04-09T19:46:10.660+0800][3906.169s] GC(1605) User=0.00s Sys=0.00s Real=0.00s
[2023-04-09T19:46:10.950+0800][3906.459s] GC(1606) Pause Young (Normal) (G1 Evacuation Pause)
[2023-04-09T19:46:10.950+0800][3906.459s] GC(1606) Using 8 workers of 8 for evacuation
[2023-04-09T19:46:10.952+0800][3906.461s] GC(1606)   Pre Evacuate Collection Set: 0.0ms
[2023-04-09T19:46:10.952+0800][3906.461s] GC(1606)   Evacuate Collection Set: 1.1ms
[2023-04-09T19:46:10.952+0800][3906.461s] GC(1606)   Post Evacuate Collection Set: 0.6ms
[2023-04-09T19:46:10.952+0800][3906.461s] GC(1606)   Other: 0.2ms
[2023-04-09T19:46:10.952+0800][3906.461s] GC(1606) Eden regions: 300->0(297)
[2023-04-09T19:46:10.952+0800][3906.461s] GC(1606) Survivor regions: 7->10(39)
[2023-04-09T19:46:10.952+0800][3906.461s] GC(1606) Old regions: 80->80
[2023-04-09T19:46:10.952+0800][3906.461s] GC(1606) Humongous regions: 16->15
[2023-04-09T19:46:10.952+0800][3906.461s] GC(1606) Metaspace: 62611K(65648K)->62611K(65648K) NonClass: 55657K(57508K)->55657K(57508K) Class: 6954K(8140K)->6954K(8140K)
[2023-04-09T19:46:10.952+0800][3906.461s] GC(1606) Pause Young (Normal) (G1 Evacuation Pause) 401M->103M(512M) 2.180ms
[2023-04-09T19:46:10.952+0800][3906.461s] GC(1606) User=0.00s Sys=0.00s Real=0.00s
[2023-04-09T19:46:11.228+0800][3906.736s] GC(1607) Pause Young (Normal) (G1 Evacuation Pause)
[2023-04-09T19:46:11.228+0800][3906.736s] GC(1607) Using 8 workers of 8 for evacuation
[2023-04-09T19:46:11.230+0800][3906.739s] GC(1607)   Pre Evacuate Collection Set: 0.0ms
[2023-04-09T19:46:11.230+0800][3906.739s] GC(1607)   Evacuate Collection Set: 1.4ms
[2023-04-09T19:46:11.230+0800][3906.739s] GC(1607)   Post Evacuate Collection Set: 0.8ms
[2023-04-09T19:46:11.230+0800][3906.739s] GC(1607)   Other: 0.2ms
[2023-04-09T19:46:11.230+0800][3906.739s] GC(1607) Eden regions: 297->0(294)
[2023-04-09T19:46:11.230+0800][3906.739s] GC(1607) Survivor regions: 10->13(39)
[2023-04-09T19:46:11.230+0800][3906.739s] GC(1607) Old regions: 80->80
[2023-04-09T19:46:11.230+0800][3906.739s] GC(1607) Humongous regions: 16->16
[2023-04-09T19:46:11.230+0800][3906.739s] GC(1607) Metaspace: 62611K(65648K)->62611K(65648K) NonClass: 55657K(57508K)->55657K(57508K) Class: 6954K(8140K)->6954K(8140K)
[2023-04-09T19:46:11.230+0800][3906.739s] GC(1607) Pause Young (Normal) (G1 Evacuation Pause) 401M->107M(512M) 2.576ms
[2023-04-09T19:46:11.230+0800][3906.739s] GC(1607) User=0.02s Sys=0.00s Real=0.00s
[2023-04-09T19:46:11.588+0800][3907.097s] GC(1608) Pause Young (Normal) (G1 Evacuation Pause)
[2023-04-09T19:46:11.588+0800][3907.097s] GC(1608) Using 8 workers of 8 for evacuation
[2023-04-09T19:46:11.591+0800][3907.099s] GC(1608)   Pre Evacuate Collection Set: 0.0ms
[2023-04-09T19:46:11.591+0800][3907.099s] GC(1608)   Evacuate Collection Set: 1.6ms
[2023-04-09T19:46:11.591+0800][3907.099s] GC(1608)   Post Evacuate Collection Set: 0.5ms
[2023-04-09T19:46:11.591+0800][3907.099s] GC(1608)   Other: 0.2ms
[2023-04-09T19:46:11.591+0800][3907.099s] GC(1608) Eden regions: 294->0(294)
[2023-04-09T19:46:11.591+0800][3907.099s] GC(1608) Survivor regions: 13->13(39)
[2023-04-09T19:46:11.591+0800][3907.099s] GC(1608) Old regions: 80->80
[2023-04-09T19:46:11.591+0800][3907.099s] GC(1608) Humongous regions: 29->22
[2023-04-09T19:46:11.591+0800][3907.099s] GC(1608) Metaspace: 62611K(65648K)->62611K(65648K) NonClass: 55657K(57508K)->55657K(57508K) Class: 6954K(8140K)->6954K(8140K)
[2023-04-09T19:46:11.591+0800][3907.099s] GC(1608) Pause Young (Normal) (G1 Evacuation Pause) 414M->113M(512M) 2.465ms
[2023-04-09T19:46:11.591+0800][3907.099s] GC(1608) User=0.11s Sys=0.00s Real=0.00s
[2023-04-09T19:46:12.024+0800][3907.532s] GC(1609) Pause Young (Normal) (G1 Evacuation Pause)
[2023-04-09T19:46:12.024+0800][3907.532s] GC(1609) Using 8 workers of 8 for evacuation
[2023-04-09T19:46:12.026+0800][3907.534s] GC(1609)   Pre Evacuate Collection Set: 0.0ms
[2023-04-09T19:46:12.026+0800][3907.534s] GC(1609)   Evacuate Collection Set: 1.2ms
[2023-04-09T19:46:12.026+0800][3907.534s] GC(1609)   Post Evacuate Collection Set: 0.6ms
[2023-04-09T19:46:12.026+0800][3907.534s] GC(1609)   Other: 0.2ms
[2023-04-09T19:46:12.026+0800][3907.534s] GC(1609) Eden regions: 294->0(296)
[2023-04-09T19:46:12.026+0800][3907.534s] GC(1609) Survivor regions: 13->11(39)
[2023-04-09T19:46:12.026+0800][3907.534s] GC(1609) Old regions: 80->80
[2023-04-09T19:46:12.026+0800][3907.534s] GC(1609) Humongous regions: 27->22
[2023-04-09T19:46:12.026+0800][3907.534s] GC(1609) Metaspace: 62611K(65648K)->62611K(65648K) NonClass: 55657K(57508K)->55657K(57508K) Class: 6954K(8140K)->6954K(8140K)
[2023-04-09T19:46:12.026+0800][3907.534s] GC(1609) Pause Young (Normal) (G1 Evacuation Pause) 412M->112M(512M) 2.244ms
[2023-04-09T19:46:12.026+0800][3907.534s] GC(1609) User=0.00s Sys=0.00s Real=0.00s
[2023-04-09T19:46:12.538+0800][3908.047s] GC(1610) Pause Young (Normal) (G1 Evacuation Pause)
[2023-04-09T19:46:12.538+0800][3908.047s] GC(1610) Using 8 workers of 8 for evacuation
[2023-04-09T19:46:12.540+0800][3908.048s] GC(1610)   Pre Evacuate Collection Set: 0.0ms
[2023-04-09T19:46:12.540+0800][3908.048s] GC(1610)   Evacuate Collection Set: 0.8ms
[2023-04-09T19:46:12.540+0800][3908.048s] GC(1610)   Post Evacuate Collection Set: 0.6ms
[2023-04-09T19:46:12.540+0800][3908.048s] GC(1610)   Other: 0.2ms
[2023-04-09T19:46:12.540+0800][3908.049s] GC(1610) Eden regions: 296->0(300)
[2023-04-09T19:46:12.540+0800][3908.049s] GC(1610) Survivor regions: 11->7(39)
[2023-04-09T19:46:12.540+0800][3908.049s] GC(1610) Old regions: 80->80
[2023-04-09T19:46:12.540+0800][3908.049s] GC(1610) Humongous regions: 23->14
[2023-04-09T19:46:12.540+0800][3908.049s] GC(1610) Metaspace: 62612K(65648K)->62612K(65648K) NonClass: 55658K(57508K)->55658K(57508K) Class: 6954K(8140K)->6954K(8140K)
[2023-04-09T19:46:12.540+0800][3908.049s] GC(1610) Pause Young (Normal) (G1 Evacuation Pause) 409M->99M(512M) 1.964ms
[2023-04-09T19:46:12.540+0800][3908.049s] GC(1610) User=0.00s Sys=0.00s Real=0.00s
[2023-04-09T19:46:12.981+0800][3908.490s] GC(1611) Pause Young (Normal) (G1 Evacuation Pause)
[2023-04-09T19:46:12.981+0800][3908.490s] GC(1611) Using 8 workers of 8 for evacuation
[2023-04-09T19:46:12.983+0800][3908.492s] GC(1611)   Pre Evacuate Collection Set: 0.0ms
[2023-04-09T19:46:12.983+0800][3908.492s] GC(1611)   Evacuate Collection Set: 1.1ms
[2023-04-09T19:46:12.983+0800][3908.492s] GC(1611)   Post Evacuate Collection Set: 0.6ms
[2023-04-09T19:46:12.983+0800][3908.492s] GC(1611)   Other: 0.2ms
[2023-04-09T19:46:12.983+0800][3908.492s] GC(1611) Eden regions: 300->0(298)
[2023-04-09T19:46:12.983+0800][3908.492s] GC(1611) Survivor regions: 7->9(39)
[2023-04-09T19:46:12.983+0800][3908.492s] GC(1611) Old regions: 80->80
[2023-04-09T19:46:12.983+0800][3908.492s] GC(1611) Humongous regions: 22->21
[2023-04-09T19:46:12.983+0800][3908.492s] GC(1611) Metaspace: 62612K(65648K)->62612K(65648K) NonClass: 55658K(57508K)->55658K(57508K) Class: 6954K(8140K)->6954K(8140K)
[2023-04-09T19:46:12.983+0800][3908.492s] GC(1611) Pause Young (Normal) (G1 Evacuation Pause) 407M->109M(512M) 2.032ms
[2023-04-09T19:46:12.983+0800][3908.492s] GC(1611) User=0.00s Sys=0.00s Real=0.00s
[2023-04-09T19:46:13.555+0800][3909.065s] GC(1612) Pause Young (Normal) (G1 Evacuation Pause)
[2023-04-09T19:46:13.556+0800][3909.065s] GC(1612) Using 8 workers of 8 for evacuation
[2023-04-09T19:46:13.558+0800][3909.067s] GC(1612)   Pre Evacuate Collection Set: 0.0ms
[2023-04-09T19:46:13.558+0800][3909.067s] GC(1612)   Evacuate Collection Set: 1.3ms
[2023-04-09T19:46:13.558+0800][3909.067s] GC(1612)   Post Evacuate Collection Set: 0.6ms
[2023-04-09T19:46:13.558+0800][3909.067s] GC(1612)   Other: 0.2ms
[2023-04-09T19:46:13.558+0800][3909.067s] GC(1612) Eden regions: 298->0(296)
[2023-04-09T19:46:13.558+0800][3909.067s] GC(1612) Survivor regions: 9->11(39)
[2023-04-09T19:46:13.558+0800][3909.067s] GC(1612) Old regions: 80->80
[2023-04-09T19:46:13.558+0800][3909.067s] GC(1612) Humongous regions: 35->22
[2023-04-09T19:46:13.558+0800][3909.067s] GC(1612) Metaspace: 62612K(65648K)->62612K(65648K) NonClass: 55658K(57508K)->55658K(57508K) Class: 6954K(8140K)->6954K(8140K)
[2023-04-09T19:46:13.558+0800][3909.067s] GC(1612) Pause Young (Normal) (G1 Evacuation Pause) 421M->111M(512M) 2.367ms
[2023-04-09T19:46:13.558+0800][3909.067s] GC(1612) User=0.02s Sys=0.00s Real=0.00s
[2023-04-09T19:46:14.040+0800][3909.549s] GC(1613) Pause Young (Normal) (G1 Evacuation Pause)
[2023-04-09T19:46:14.040+0800][3909.549s] GC(1613) Using 8 workers of 8 for evacuation
[2023-04-09T19:46:14.041+0800][3909.550s] GC(1613)   Pre Evacuate Collection Set: 0.0ms
[2023-04-09T19:46:14.041+0800][3909.550s] GC(1613)   Evacuate Collection Set: 0.6ms
[2023-04-09T19:46:14.041+0800][3909.550s] GC(1613)   Post Evacuate Collection Set: 0.6ms
[2023-04-09T19:46:14.041+0800][3909.550s] GC(1613)   Other: 0.2ms
[2023-04-09T19:46:14.041+0800][3909.550s] GC(1613) Eden regions: 296->0(302)
[2023-04-09T19:46:14.041+0800][3909.550s] GC(1613) Survivor regions: 11->5(39)
[2023-04-09T19:46:14.041+0800][3909.550s] GC(1613) Old regions: 80->80
[2023-04-09T19:46:14.041+0800][3909.550s] GC(1613) Humongous regions: 23->14
[2023-04-09T19:46:14.041+0800][3909.550s] GC(1613) Metaspace: 62612K(65648K)->62612K(65648K) NonClass: 55658K(57508K)->55658K(57508K) Class: 6954K(8140K)->6954K(8140K)
[2023-04-09T19:46:14.041+0800][3909.550s] GC(1613) Pause Young (Normal) (G1 Evacuation Pause) 408M->97M(512M) 1.468ms
[2023-04-09T19:46:14.041+0800][3909.550s] GC(1613) User=0.00s Sys=0.00s Real=0.00s
[2023-04-09T19:46:14.473+0800][3909.981s] GC(1614) Pause Young (Normal) (G1 Evacuation Pause)
[2023-04-09T19:46:14.473+0800][3909.982s] GC(1614) Using 8 workers of 8 for evacuation
[2023-04-09T19:46:14.475+0800][3909.983s] GC(1614)   Pre Evacuate Collection Set: 0.0ms
[2023-04-09T19:46:14.475+0800][3909.983s] GC(1614)   Evacuate Collection Set: 1.1ms
[2023-04-09T19:46:14.475+0800][3909.984s] GC(1614)   Post Evacuate Collection Set: 0.6ms
[2023-04-09T19:46:14.475+0800][3909.984s] GC(1614)   Other: 0.2ms
[2023-04-09T19:46:14.475+0800][3909.984s] GC(1614) Eden regions: 302->0(297)
[2023-04-09T19:46:14.475+0800][3909.984s] GC(1614) Survivor regions: 5->10(39)
[2023-04-09T19:46:14.475+0800][3909.984s] GC(1614) Old regions: 80->80
[2023-04-09T19:46:14.475+0800][3909.984s] GC(1614) Humongous regions: 16->15
[2023-04-09T19:46:14.475+0800][3909.984s] GC(1614) Metaspace: 62612K(65648K)->62612K(65648K) NonClass: 55658K(57508K)->55658K(57508K) Class: 6954K(8140K)->6954K(8140K)
[2023-04-09T19:46:14.475+0800][3909.984s] GC(1614) Pause Young (Normal) (G1 Evacuation Pause) 401M->104M(512M) 2.229ms
[2023-04-09T19:46:14.475+0800][3909.984s] GC(1614) User=0.00s Sys=0.00s Real=0.00s
[2023-04-09T19:46:15.097+0800][3910.605s] GC(1615) Pause Young (Normal) (G1 Evacuation Pause)
[2023-04-09T19:46:15.097+0800][3910.605s] GC(1615) Using 8 workers of 8 for evacuation
[2023-04-09T19:46:15.099+0800][3910.607s] GC(1615)   Pre Evacuate Collection Set: 0.0ms
[2023-04-09T19:46:15.099+0800][3910.607s] GC(1615)   Evacuate Collection Set: 1.1ms
[2023-04-09T19:46:15.099+0800][3910.607s] GC(1615)   Post Evacuate Collection Set: 0.6ms
[2023-04-09T19:46:15.099+0800][3910.607s] GC(1615)   Other: 0.2ms
[2023-04-09T19:46:15.099+0800][3910.607s] GC(1615) Eden regions: 297->0(297)
[2023-04-09T19:46:15.099+0800][3910.607s] GC(1615) Survivor regions: 10->10(39)
[2023-04-09T19:46:15.099+0800][3910.607s] GC(1615) Old regions: 80->80
[2023-04-09T19:46:15.099+0800][3910.607s] GC(1615) Humongous regions: 34->22
[2023-04-09T19:46:15.099+0800][3910.607s] GC(1615) Metaspace: 62612K(65648K)->62612K(65648K) NonClass: 55658K(57508K)->55658K(57508K) Class: 6954K(8140K)->6954K(8140K)
[2023-04-09T19:46:15.099+0800][3910.607s] GC(1615) Pause Young (Normal) (G1 Evacuation Pause) 420M->111M(512M) 2.210ms
[2023-04-09T19:46:15.099+0800][3910.607s] GC(1615) User=0.00s Sys=0.00s Real=0.00s
[2023-04-09T19:46:15.563+0800][3911.072s] GC(1616) Pause Young (Normal) (G1 Evacuation Pause)
[2023-04-09T19:46:15.563+0800][3911.072s] GC(1616) Using 8 workers of 8 for evacuation
[2023-04-09T19:46:15.565+0800][3911.073s] GC(1616)   Pre Evacuate Collection Set: 0.0ms
[2023-04-09T19:46:15.565+0800][3911.073s] GC(1616)   Evacuate Collection Set: 0.5ms
[2023-04-09T19:46:15.565+0800][3911.073s] GC(1616)   Post Evacuate Collection Set: 0.6ms
[2023-04-09T19:46:15.565+0800][3911.073s] GC(1616)   Other: 0.2ms
[2023-04-09T19:46:15.565+0800][3911.073s] GC(1616) Eden regions: 297->0(303)
[2023-04-09T19:46:15.565+0800][3911.073s] GC(1616) Survivor regions: 10->4(39)
[2023-04-09T19:46:15.565+0800][3911.073s] GC(1616) Old regions: 80->80
[2023-04-09T19:46:15.565+0800][3911.073s] GC(1616) Humongous regions: 22->13
[2023-04-09T19:46:15.565+0800][3911.073s] GC(1616) Metaspace: 62613K(65648K)->62613K(65648K) NonClass: 55658K(57508K)->55658K(57508K) Class: 6954K(8140K)->6954K(8140K)
[2023-04-09T19:46:15.565+0800][3911.073s] GC(1616) Pause Young (Normal) (G1 Evacuation Pause) 408M->95M(512M) 1.416ms
[2023-04-09T19:46:15.565+0800][3911.073s] GC(1616) User=0.00s Sys=0.00s Real=0.00s
[2023-04-09T19:46:16.015+0800][3911.524s] GC(1617) Pause Young (Normal) (G1 Evacuation Pause)
[2023-04-09T19:46:16.015+0800][3911.524s] GC(1617) Using 8 workers of 8 for evacuation
[2023-04-09T19:46:16.017+0800][3911.526s] GC(1617)   Pre Evacuate Collection Set: 0.0ms
[2023-04-09T19:46:16.017+0800][3911.526s] GC(1617)   Evacuate Collection Set: 0.9ms
[2023-04-09T19:46:16.017+0800][3911.526s] GC(1617)   Post Evacuate Collection Set: 0.5ms
[2023-04-09T19:46:16.017+0800][3911.526s] GC(1617)   Other: 0.2ms
[2023-04-09T19:46:16.017+0800][3911.526s] GC(1617) Eden regions: 303->0(298)
[2023-04-09T19:46:16.017+0800][3911.526s] GC(1617) Survivor regions: 4->9(39)
[2023-04-09T19:46:16.017+0800][3911.526s] GC(1617) Old regions: 80->80
[2023-04-09T19:46:16.017+0800][3911.526s] GC(1617) Humongous regions: 16->15
[2023-04-09T19:46:16.017+0800][3911.526s] GC(1617) Metaspace: 62613K(65648K)->62613K(65648K) NonClass: 55658K(57508K)->55658K(57508K) Class: 6954K(8140K)->6954K(8140K)
[2023-04-09T19:46:16.017+0800][3911.526s] GC(1617) Pause Young (Normal) (G1 Evacuation Pause) 401M->102M(512M) 1.806ms
[2023-04-09T19:46:16.017+0800][3911.526s] GC(1617) User=0.00s Sys=0.00s Real=0.00s
[2023-04-09T19:46:16.482+0800][3911.991s] GC(1618) Pause Young (Normal) (G1 Evacuation Pause)
[2023-04-09T19:46:16.482+0800][3911.991s] GC(1618) Using 8 workers of 8 for evacuation
[2023-04-09T19:46:16.484+0800][3911.993s] GC(1618)   Pre Evacuate Collection Set: 0.0ms
[2023-04-09T19:46:16.484+0800][3911.993s] GC(1618)   Evacuate Collection Set: 1.2ms
[2023-04-09T19:46:16.484+0800][3911.993s] GC(1618)   Post Evacuate Collection Set: 0.6ms
[2023-04-09T19:46:16.484+0800][3911.993s] GC(1618)   Other: 0.2ms
[2023-04-09T19:46:16.484+0800][3911.993s] GC(1618) Eden regions: 298->0(296)
[2023-04-09T19:46:16.484+0800][3911.993s] GC(1618) Survivor regions: 9->11(39)
[2023-04-09T19:46:16.484+0800][3911.993s] GC(1618) Old regions: 80->80
[2023-04-09T19:46:16.485+0800][3911.993s] GC(1618) Humongous regions: 34->22
[2023-04-09T19:46:16.485+0800][3911.993s] GC(1618) Metaspace: 62613K(65648K)->62613K(65648K) NonClass: 55658K(57508K)->55658K(57508K) Class: 6954K(8140K)->6954K(8140K)
[2023-04-09T19:46:16.485+0800][3911.993s] GC(1618) Pause Young (Normal) (G1 Evacuation Pause) 419M->111M(512M) 2.279ms
[2023-04-09T19:46:16.485+0800][3911.993s] GC(1618) User=0.00s Sys=0.00s Real=0.00s
[2023-04-09T19:46:17.081+0800][3912.589s] GC(1619) Pause Young (Normal) (G1 Evacuation Pause)
[2023-04-09T19:46:17.081+0800][3912.589s] GC(1619) Using 8 workers of 8 for evacuation
[2023-04-09T19:46:17.082+0800][3912.590s] GC(1619)   Pre Evacuate Collection Set: 0.0ms
[2023-04-09T19:46:17.082+0800][3912.590s] GC(1619)   Evacuate Collection Set: 0.4ms
[2023-04-09T19:46:17.082+0800][3912.590s] GC(1619)   Post Evacuate Collection Set: 0.5ms
[2023-04-09T19:46:17.082+0800][3912.590s] GC(1619)   Other: 0.1ms
[2023-04-09T19:46:17.082+0800][3912.590s] GC(1619) Eden regions: 296->0(305)
[2023-04-09T19:46:17.082+0800][3912.590s] GC(1619) Survivor regions: 11->2(39)
[2023-04-09T19:46:17.082+0800][3912.590s] GC(1619) Old regions: 80->80
[2023-04-09T19:46:17.082+0800][3912.590s] GC(1619) Humongous regions: 22->13
[2023-04-09T19:46:17.082+0800][3912.591s] GC(1619) Metaspace: 62613K(65648K)->62613K(65648K) NonClass: 55658K(57508K)->55658K(57508K) Class: 6954K(8140K)->6954K(8140K)
[2023-04-09T19:46:17.082+0800][3912.591s] GC(1619) Pause Young (Normal) (G1 Evacuation Pause) 407M->93M(512M) 1.373ms
[2023-04-09T19:46:17.082+0800][3912.591s] GC(1619) User=0.00s Sys=0.00s Real=0.00s
[2023-04-09T19:46:17.590+0800][3913.099s] GC(1620) Pause Young (Normal) (G1 Evacuation Pause)
[2023-04-09T19:46:17.590+0800][3913.099s] GC(1620) Using 8 workers of 8 for evacuation
[2023-04-09T19:46:17.591+0800][3913.100s] GC(1620)   Pre Evacuate Collection Set: 0.0ms
[2023-04-09T19:46:17.591+0800][3913.100s] GC(1620)   Evacuate Collection Set: 0.9ms
[2023-04-09T19:46:17.591+0800][3913.100s] GC(1620)   Post Evacuate Collection Set: 0.3ms
[2023-04-09T19:46:17.591+0800][3913.100s] GC(1620)   Other: 0.2ms
[2023-04-09T19:46:17.591+0800][3913.100s] GC(1620) Eden regions: 305->0(299)
[2023-04-09T19:46:17.591+0800][3913.100s] GC(1620) Survivor regions: 2->8(39)
[2023-04-09T19:46:17.591+0800][3913.100s] GC(1620) Old regions: 80->80
[2023-04-09T19:46:17.591+0800][3913.100s] GC(1620) Humongous regions: 16->15
[2023-04-09T19:46:17.591+0800][3913.100s] GC(1620) Metaspace: 62613K(65648K)->62613K(65648K) NonClass: 55658K(57508K)->55658K(57508K) Class: 6954K(8140K)->6954K(8140K)
[2023-04-09T19:46:17.591+0800][3913.100s] GC(1620) Pause Young (Normal) (G1 Evacuation Pause) 401M->101M(512M) 1.572ms
[2023-04-09T19:46:17.592+0800][3913.100s] GC(1620) User=0.00s Sys=0.00s Real=0.00s
[2023-04-09T19:46:18.037+0800][3913.546s] GC(1621) Pause Young (Normal) (G1 Evacuation Pause)
[2023-04-09T19:46:18.037+0800][3913.546s] GC(1621) Using 8 workers of 8 for evacuation
[2023-04-09T19:46:18.039+0800][3913.548s] GC(1621)   Pre Evacuate Collection Set: 0.0ms
[2023-04-09T19:46:18.039+0800][3913.548s] GC(1621)   Evacuate Collection Set: 1.2ms
[2023-04-09T19:46:18.039+0800][3913.548s] GC(1621)   Post Evacuate Collection Set: 0.6ms
[2023-04-09T19:46:18.039+0800][3913.548s] GC(1621)   Other: 0.2ms
[2023-04-09T19:46:18.039+0800][3913.548s] GC(1621) Eden regions: 299->0(297)
[2023-04-09T19:46:18.039+0800][3913.548s] GC(1621) Survivor regions: 8->10(39)
[2023-04-09T19:46:18.039+0800][3913.548s] GC(1621) Old regions: 80->80
[2023-04-09T19:46:18.039+0800][3913.548s] GC(1621) Humongous regions: 29->22
[2023-04-09T19:46:18.039+0800][3913.548s] GC(1621) Metaspace: 62613K(65648K)->62613K(65648K) NonClass: 55658K(57508K)->55658K(57508K) Class: 6954K(8140K)->6954K(8140K)
[2023-04-09T19:46:18.039+0800][3913.548s] GC(1621) Pause Young (Normal) (G1 Evacuation Pause) 414M->110M(512M) 2.214ms
[2023-04-09T19:46:18.039+0800][3913.548s] GC(1621) User=0.00s Sys=0.00s Real=0.00s
[2023-04-09T19:46:18.556+0800][3914.065s] GC(1622) Pause Young (Normal) (G1 Evacuation Pause)
[2023-04-09T19:46:18.556+0800][3914.065s] GC(1622) Using 8 workers of 8 for evacuation
[2023-04-09T19:46:18.558+0800][3914.067s] GC(1622)   Pre Evacuate Collection Set: 0.0ms
[2023-04-09T19:46:18.558+0800][3914.067s] GC(1622)   Evacuate Collection Set: 1.2ms
[2023-04-09T19:46:18.558+0800][3914.067s] GC(1622)   Post Evacuate Collection Set: 0.6ms
[2023-04-09T19:46:18.558+0800][3914.067s] GC(1622)   Other: 0.2ms
[2023-04-09T19:46:18.558+0800][3914.067s] GC(1622) Eden regions: 297->0(296)
[2023-04-09T19:46:18.558+0800][3914.067s] GC(1622) Survivor regions: 10->11(39)
[2023-04-09T19:46:18.558+0800][3914.067s] GC(1622) Old regions: 80->80
[2023-04-09T19:46:18.558+0800][3914.067s] GC(1622) Humongous regions: 27->22
[2023-04-09T19:46:18.558+0800][3914.067s] GC(1622) Metaspace: 62613K(65648K)->62613K(65648K) NonClass: 55658K(57508K)->55658K(57508K) Class: 6954K(8140K)->6954K(8140K)
[2023-04-09T19:46:18.558+0800][3914.067s] GC(1622) Pause Young (Normal) (G1 Evacuation Pause) 412M->111M(512M) 2.242ms
[2023-04-09T19:46:18.558+0800][3914.067s] GC(1622) User=0.02s Sys=0.00s Real=0.00s
[2023-04-09T19:46:19.069+0800][3914.577s] GC(1623) Pause Young (Normal) (G1 Evacuation Pause)
[2023-04-09T19:46:19.069+0800][3914.577s] GC(1623) Using 8 workers of 8 for evacuation
[2023-04-09T19:46:19.070+0800][3914.579s] GC(1623)   Pre Evacuate Collection Set: 0.0ms
[2023-04-09T19:46:19.070+0800][3914.579s] GC(1623)   Evacuate Collection Set: 0.8ms
[2023-04-09T19:46:19.070+0800][3914.579s] GC(1623)   Post Evacuate Collection Set: 0.5ms
[2023-04-09T19:46:19.070+0800][3914.579s] GC(1623)   Other: 0.2ms
[2023-04-09T19:46:19.070+0800][3914.579s] GC(1623) Eden regions: 296->0(301)
[2023-04-09T19:46:19.070+0800][3914.579s] GC(1623) Survivor regions: 11->6(39)
[2023-04-09T19:46:19.070+0800][3914.579s] GC(1623) Old regions: 80->80
[2023-04-09T19:46:19.071+0800][3914.579s] GC(1623) Humongous regions: 23->14
[2023-04-09T19:46:19.071+0800][3914.579s] GC(1623) Metaspace: 62613K(65648K)->62613K(65648K) NonClass: 55658K(57508K)->55658K(57508K) Class: 6954K(8140K)->6954K(8140K)
[2023-04-09T19:46:19.071+0800][3914.579s] GC(1623) Pause Young (Normal) (G1 Evacuation Pause) 408M->98M(512M) 1.817ms
[2023-04-09T19:46:19.071+0800][3914.579s] GC(1623) User=0.00s Sys=0.00s Real=0.00s
[2023-04-09T19:46:19.519+0800][3915.028s] GC(1624) Pause Young (Normal) (G1 Evacuation Pause)
[2023-04-09T19:46:19.519+0800][3915.028s] GC(1624) Using 8 workers of 8 for evacuation
[2023-04-09T19:46:19.521+0800][3915.030s] GC(1624)   Pre Evacuate Collection Set: 0.0ms
[2023-04-09T19:46:19.521+0800][3915.030s] GC(1624)   Evacuate Collection Set: 1.3ms
[2023-04-09T19:46:19.521+0800][3915.030s] GC(1624)   Post Evacuate Collection Set: 0.5ms
[2023-04-09T19:46:19.521+0800][3915.030s] GC(1624)   Other: 0.2ms
[2023-04-09T19:46:19.521+0800][3915.030s] GC(1624) Eden regions: 301->0(296)
[2023-04-09T19:46:19.521+0800][3915.030s] GC(1624) Survivor regions: 6->11(39)
[2023-04-09T19:46:19.521+0800][3915.030s] GC(1624) Old regions: 80->80
[2023-04-09T19:46:19.521+0800][3915.030s] GC(1624) Humongous regions: 17->16
[2023-04-09T19:46:19.521+0800][3915.030s] GC(1624) Metaspace: 62613K(65648K)->62613K(65648K) NonClass: 55658K(57508K)->55658K(57508K) Class: 6954K(8140K)->6954K(8140K)
[2023-04-09T19:46:19.521+0800][3915.030s] GC(1624) Pause Young (Normal) (G1 Evacuation Pause) 402M->105M(512M) 2.306ms
[2023-04-09T19:46:19.521+0800][3915.030s] GC(1624) User=0.00s Sys=0.00s Real=0.00s
[2023-04-09T19:46:20.090+0800][3915.599s] GC(1625) Pause Young (Normal) (G1 Evacuation Pause)
[2023-04-09T19:46:20.090+0800][3915.599s] GC(1625) Using 8 workers of 8 for evacuation
[2023-04-09T19:46:20.092+0800][3915.601s] GC(1625)   Pre Evacuate Collection Set: 0.0ms
[2023-04-09T19:46:20.092+0800][3915.601s] GC(1625)   Evacuate Collection Set: 1.2ms
[2023-04-09T19:46:20.092+0800][3915.601s] GC(1625)   Post Evacuate Collection Set: 0.6ms
[2023-04-09T19:46:20.092+0800][3915.601s] GC(1625)   Other: 0.2ms
[2023-04-09T19:46:20.092+0800][3915.601s] GC(1625) Eden regions: 296->0(296)
[2023-04-09T19:46:20.092+0800][3915.601s] GC(1625) Survivor regions: 11->11(39)
[2023-04-09T19:46:20.092+0800][3915.601s] GC(1625) Old regions: 80->80
[2023-04-09T19:46:20.092+0800][3915.601s] GC(1625) Humongous regions: 34->22
[2023-04-09T19:46:20.092+0800][3915.601s] GC(1625) Metaspace: 62618K(65648K)->62618K(65648K) NonClass: 55664K(57508K)->55664K(57508K) Class: 6954K(8140K)->6954K(8140K)
[2023-04-09T19:46:20.092+0800][3915.601s] GC(1625) Pause Young (Normal) (G1 Evacuation Pause) 419M->111M(512M) 2.170ms
[2023-04-09T19:46:20.092+0800][3915.601s] GC(1625) User=0.00s Sys=0.00s Real=0.00s
[2023-04-09T19:46:20.572+0800][3916.081s] GC(1626) Pause Young (Normal) (G1 Evacuation Pause)
[2023-04-09T19:46:20.572+0800][3916.081s] GC(1626) Using 8 workers of 8 for evacuation
[2023-04-09T19:46:20.573+0800][3916.082s] GC(1626)   Pre Evacuate Collection Set: 0.0ms
[2023-04-09T19:46:20.573+0800][3916.082s] GC(1626)   Evacuate Collection Set: 0.6ms
[2023-04-09T19:46:20.573+0800][3916.082s] GC(1626)   Post Evacuate Collection Set: 0.6ms
[2023-04-09T19:46:20.573+0800][3916.082s] GC(1626)   Other: 0.2ms
[2023-04-09T19:46:20.573+0800][3916.082s] GC(1626) Eden regions: 296->0(302)
[2023-04-09T19:46:20.573+0800][3916.082s] GC(1626) Survivor regions: 11->5(39)
[2023-04-09T19:46:20.573+0800][3916.082s] GC(1626) Old regions: 80->80
[2023-04-09T19:46:20.573+0800][3916.082s] GC(1626) Humongous regions: 23->14
[2023-04-09T19:46:20.573+0800][3916.082s] GC(1626) Metaspace: 62618K(65648K)->62618K(65648K) NonClass: 55664K(57508K)->55664K(57508K) Class: 6954K(8140K)->6954K(8140K)
[2023-04-09T19:46:20.573+0800][3916.082s] GC(1626) Pause Young (Normal) (G1 Evacuation Pause) 408M->97M(512M) 1.671ms
[2023-04-09T19:46:20.573+0800][3916.082s] GC(1626) User=0.00s Sys=0.00s Real=0.00s
[2023-04-09T19:46:21.037+0800][3916.546s] GC(1627) Pause Young (Normal) (G1 Evacuation Pause)
[2023-04-09T19:46:21.037+0800][3916.546s] GC(1627) Using 8 workers of 8 for evacuation
[2023-04-09T19:46:21.038+0800][3916.548s] GC(1627)   Pre Evacuate Collection Set: 0.0ms
[2023-04-09T19:46:21.038+0800][3916.548s] GC(1627)   Evacuate Collection Set: 1.1ms
[2023-04-09T19:46:21.038+0800][3916.548s] GC(1627)   Post Evacuate Collection Set: 0.5ms
[2023-04-09T19:46:21.038+0800][3916.548s] GC(1627)   Other: 0.2ms
[2023-04-09T19:46:21.039+0800][3916.548s] GC(1627) Eden regions: 302->0(297)
[2023-04-09T19:46:21.039+0800][3916.548s] GC(1627) Survivor regions: 5->10(39)
[2023-04-09T19:46:21.039+0800][3916.548s] GC(1627) Old regions: 80->80
[2023-04-09T19:46:21.039+0800][3916.548s] GC(1627) Humongous regions: 17->16
[2023-04-09T19:46:21.039+0800][3916.548s] GC(1627) Metaspace: 62618K(65648K)->62618K(65648K) NonClass: 55664K(57508K)->55664K(57508K) Class: 6954K(8140K)->6954K(8140K)
[2023-04-09T19:46:21.039+0800][3916.548s] GC(1627) Pause Young (Normal) (G1 Evacuation Pause) 402M->104M(512M) 2.022ms
[2023-04-09T19:46:21.039+0800][3916.548s] GC(1627) User=0.00s Sys=0.00s Real=0.00s
[2023-04-09T19:46:21.615+0800][3917.124s] GC(1628) Pause Young (Normal) (G1 Evacuation Pause)
[2023-04-09T19:46:21.615+0800][3917.124s] GC(1628) Using 8 workers of 8 for evacuation
[2023-04-09T19:46:21.617+0800][3917.126s] GC(1628)   Pre Evacuate Collection Set: 0.0ms
[2023-04-09T19:46:21.617+0800][3917.126s] GC(1628)   Evacuate Collection Set: 1.1ms
[2023-04-09T19:46:21.617+0800][3917.126s] GC(1628)   Post Evacuate Collection Set: 0.7ms
[2023-04-09T19:46:21.617+0800][3917.126s] GC(1628)   Other: 0.2ms
[2023-04-09T19:46:21.617+0800][3917.126s] GC(1628) Eden regions: 297->0(297)
[2023-04-09T19:46:21.617+0800][3917.126s] GC(1628) Survivor regions: 10->10(39)
[2023-04-09T19:46:21.617+0800][3917.126s] GC(1628) Old regions: 80->80
[2023-04-09T19:46:21.617+0800][3917.126s] GC(1628) Humongous regions: 34->22
[2023-04-09T19:46:21.617+0800][3917.126s] GC(1628) Metaspace: 62618K(65648K)->62618K(65648K) NonClass: 55664K(57508K)->55664K(57508K) Class: 6954K(8140K)->6954K(8140K)
[2023-04-09T19:46:21.617+0800][3917.126s] GC(1628) Pause Young (Normal) (G1 Evacuation Pause) 419M->111M(512M) 2.124ms
[2023-04-09T19:46:21.617+0800][3917.126s] GC(1628) User=0.00s Sys=0.00s Real=0.00s
[2023-04-09T19:46:22.094+0800][3917.602s] GC(1629) Pause Young (Normal) (G1 Evacuation Pause)
[2023-04-09T19:46:22.094+0800][3917.602s] GC(1629) Using 8 workers of 8 for evacuation
[2023-04-09T19:46:22.094+0800][3917.603s] GC(1629)   Pre Evacuate Collection Set: 0.0ms
[2023-04-09T19:46:22.094+0800][3917.604s] GC(1629)   Evacuate Collection Set: 0.4ms
[2023-04-09T19:46:22.094+0800][3917.604s] GC(1629)   Post Evacuate Collection Set: 0.6ms
[2023-04-09T19:46:22.094+0800][3917.604s] GC(1629)   Other: 0.1ms
[2023-04-09T19:46:22.094+0800][3917.604s] GC(1629) Eden regions: 297->0(304)
[2023-04-09T19:46:22.094+0800][3917.604s] GC(1629) Survivor regions: 10->3(39)
[2023-04-09T19:46:22.094+0800][3917.604s] GC(1629) Old regions: 80->80
[2023-04-09T19:46:22.094+0800][3917.604s] GC(1629) Humongous regions: 22->13
[2023-04-09T19:46:22.094+0800][3917.604s] GC(1629) Metaspace: 62618K(65648K)->62618K(65648K) NonClass: 55664K(57508K)->55664K(57508K) Class: 6954K(8140K)->6954K(8140K)
[2023-04-09T19:46:22.094+0800][3917.604s] GC(1629) Pause Young (Normal) (G1 Evacuation Pause) 408M->95M(512M) 1.354ms
[2023-04-09T19:46:22.094+0800][3917.604s] GC(1629) User=0.00s Sys=0.00s Real=0.00s
[2023-04-09T19:46:22.532+0800][3918.041s] GC(1630) Pause Young (Normal) (G1 Evacuation Pause)
[2023-04-09T19:46:22.532+0800][3918.041s] GC(1630) Using 8 workers of 8 for evacuation
[2023-04-09T19:46:22.533+0800][3918.042s] GC(1630)   Pre Evacuate Collection Set: 0.0ms
[2023-04-09T19:46:22.533+0800][3918.042s] GC(1630)   Evacuate Collection Set: 0.9ms
[2023-04-09T19:46:22.533+0800][3918.042s] GC(1630)   Post Evacuate Collection Set: 0.6ms
[2023-04-09T19:46:22.533+0800][3918.042s] GC(1630)   Other: 0.2ms
[2023-04-09T19:46:22.533+0800][3918.042s] GC(1630) Eden regions: 304->0(298)
[2023-04-09T19:46:22.533+0800][3918.042s] GC(1630) Survivor regions: 3->9(39)
[2023-04-09T19:46:22.533+0800][3918.042s] GC(1630) Old regions: 80->80
[2023-04-09T19:46:22.533+0800][3918.042s] GC(1630) Humongous regions: 16->15
[2023-04-09T19:46:22.533+0800][3918.042s] GC(1630) Metaspace: 62618K(65648K)->62618K(65648K) NonClass: 55664K(57508K)->55664K(57508K) Class: 6954K(8140K)->6954K(8140K)
[2023-04-09T19:46:22.533+0800][3918.042s] GC(1630) Pause Young (Normal) (G1 Evacuation Pause) 402M->102M(512M) 1.816ms
[2023-04-09T19:46:22.533+0800][3918.042s] GC(1630) User=0.00s Sys=0.00s Real=0.00s
[2023-04-09T19:46:22.979+0800][3918.488s] GC(1631) Pause Young (Normal) (G1 Evacuation Pause)
[2023-04-09T19:46:22.979+0800][3918.488s] GC(1631) Using 8 workers of 8 for evacuation
[2023-04-09T19:46:22.981+0800][3918.490s] GC(1631)   Pre Evacuate Collection Set: 0.0ms
[2023-04-09T19:46:22.981+0800][3918.490s] GC(1631)   Evacuate Collection Set: 1.2ms
[2023-04-09T19:46:22.981+0800][3918.490s] GC(1631)   Post Evacuate Collection Set: 0.6ms
[2023-04-09T19:46:22.981+0800][3918.490s] GC(1631)   Other: 0.2ms
[2023-04-09T19:46:22.981+0800][3918.490s] GC(1631) Eden regions: 298->0(296)
[2023-04-09T19:46:22.981+0800][3918.490s] GC(1631) Survivor regions: 9->11(39)
[2023-04-09T19:46:22.981+0800][3918.490s] GC(1631) Old regions: 80->80
[2023-04-09T19:46:22.981+0800][3918.490s] GC(1631) Humongous regions: 29->22
[2023-04-09T19:46:22.981+0800][3918.490s] GC(1631) Metaspace: 62618K(65648K)->62618K(65648K) NonClass: 55664K(57508K)->55664K(57508K) Class: 6954K(8140K)->6954K(8140K)
[2023-04-09T19:46:22.981+0800][3918.490s] GC(1631) Pause Young (Normal) (G1 Evacuation Pause) 414M->111M(512M) 2.182ms
[2023-04-09T19:46:22.981+0800][3918.490s] GC(1631) User=0.11s Sys=0.00s Real=0.00s
[2023-04-09T19:46:23.587+0800][3919.095s] GC(1632) Pause Young (Normal) (G1 Evacuation Pause)
[2023-04-09T19:46:23.587+0800][3919.095s] GC(1632) Using 8 workers of 8 for evacuation
[2023-04-09T19:46:23.588+0800][3919.096s] GC(1632)   Pre Evacuate Collection Set: 0.0ms
[2023-04-09T19:46:23.588+0800][3919.096s] GC(1632)   Evacuate Collection Set: 0.3ms
[2023-04-09T19:46:23.588+0800][3919.096s] GC(1632)   Post Evacuate Collection Set: 0.4ms
[2023-04-09T19:46:23.588+0800][3919.096s] GC(1632)   Other: 0.2ms
[2023-04-09T19:46:23.588+0800][3919.096s] GC(1632) Eden regions: 296->0(305)
[2023-04-09T19:46:23.588+0800][3919.096s] GC(1632) Survivor regions: 11->2(39)
[2023-04-09T19:46:23.588+0800][3919.096s] GC(1632) Old regions: 80->80
[2023-04-09T19:46:23.588+0800][3919.096s] GC(1632) Humongous regions: 27->13
[2023-04-09T19:46:23.588+0800][3919.096s] GC(1632) Metaspace: 62618K(65648K)->62618K(65648K) NonClass: 55664K(57508K)->55664K(57508K) Class: 6954K(8140K)->6954K(8140K)
[2023-04-09T19:46:23.588+0800][3919.096s] GC(1632) Pause Young (Normal) (G1 Evacuation Pause) 412M->93M(512M) 1.240ms
[2023-04-09T19:46:23.588+0800][3919.096s] GC(1632) User=0.00s Sys=0.00s Real=0.00s
[2023-04-09T19:52:52.130+0800][4307.639s] GC(1633) Pause Young (Normal) (G1 Evacuation Pause)
[2023-04-09T19:52:52.130+0800][4307.639s] GC(1633) Using 8 workers of 8 for evacuation
[2023-04-09T19:52:52.131+0800][4307.640s] GC(1633)   Pre Evacuate Collection Set: 0.0ms
[2023-04-09T19:52:52.131+0800][4307.640s] GC(1633)   Evacuate Collection Set: 0.5ms
[2023-04-09T19:52:52.131+0800][4307.640s] GC(1633)   Post Evacuate Collection Set: 0.5ms
[2023-04-09T19:52:52.131+0800][4307.640s] GC(1633)   Other: 0.2ms
[2023-04-09T19:52:52.131+0800][4307.640s] GC(1633) Eden regions: 305->0(306)
[2023-04-09T19:52:52.131+0800][4307.640s] GC(1633) Survivor regions: 2->1(39)
[2023-04-09T19:52:52.131+0800][4307.640s] GC(1633) Old regions: 80->80
[2023-04-09T19:52:52.131+0800][4307.640s] GC(1633) Humongous regions: 14->13
[2023-04-09T19:52:52.132+0800][4307.640s] GC(1633) Metaspace: 62783K(65648K)->62783K(65648K) NonClass: 55823K(57508K)->55823K(57508K) Class: 6960K(8140K)->6960K(8140K)
[2023-04-09T19:52:52.132+0800][4307.640s] GC(1633) Pause Young (Normal) (G1 Evacuation Pause) 399M->92M(512M) 1.568ms
[2023-04-09T19:52:52.132+0800][4307.640s] GC(1633) User=0.00s Sys=0.00s Real=0.00s
[2023-04-09T19:56:13.004+0800][4508.513s] GC(1634) Pause Young (Concurrent Start) (G1 Humongous Allocation)
[2023-04-09T19:56:13.004+0800][4508.513s] GC(1634) Using 8 workers of 8 for evacuation
[2023-04-09T19:56:13.009+0800][4508.518s] GC(1634)   Pre Evacuate Collection Set: 0.1ms
[2023-04-09T19:56:13.009+0800][4508.518s] GC(1634)   Evacuate Collection Set: 3.8ms
[2023-04-09T19:56:13.009+0800][4508.518s] GC(1634)   Post Evacuate Collection Set: 0.7ms
[2023-04-09T19:56:13.009+0800][4508.518s] GC(1634)   Other: 0.2ms
[2023-04-09T19:56:13.009+0800][4508.518s] GC(1634) Eden regions: 225->0(293)
[2023-04-09T19:56:13.009+0800][4508.518s] GC(1634) Survivor regions: 1->14(39)
[2023-04-09T19:56:13.009+0800][4508.518s] GC(1634) Old regions: 80->80
[2023-04-09T19:56:13.009+0800][4508.518s] GC(1634) Humongous regions: 40->23
[2023-04-09T19:56:13.009+0800][4508.518s] GC(1634) Metaspace: 63059K(65904K)->63059K(65904K) NonClass: 56078K(57764K)->56078K(57764K) Class: 6980K(8140K)->6980K(8140K)
[2023-04-09T19:56:13.009+0800][4508.518s] GC(1634) Pause Young (Concurrent Start) (G1 Humongous Allocation) 344M->115M(512M) 5.084ms
[2023-04-09T19:56:13.009+0800][4508.518s] GC(1634) User=0.00s Sys=0.00s Real=0.01s
[2023-04-09T19:56:13.009+0800][4508.518s] GC(1635) Concurrent Cycle
[2023-04-09T19:56:13.009+0800][4508.518s] GC(1635) Concurrent Clear Claimed Marks
[2023-04-09T19:56:13.009+0800][4508.519s] GC(1635) Concurrent Clear Claimed Marks 0.123ms
[2023-04-09T19:56:13.009+0800][4508.519s] GC(1635) Concurrent Scan Root Regions
[2023-04-09T19:56:13.012+0800][4508.521s] GC(1635) Concurrent Scan Root Regions 2.107ms
[2023-04-09T19:56:13.012+0800][4508.521s] GC(1635) Concurrent Mark (4508.521s)
[2023-04-09T19:56:13.012+0800][4508.521s] GC(1635) Concurrent Mark From Roots
[2023-04-09T19:56:13.012+0800][4508.521s] GC(1635) Using 2 workers of 2 for marking
[2023-04-09T19:56:13.035+0800][4508.544s] GC(1635) Concurrent Mark From Roots 23.612ms
[2023-04-09T19:56:13.035+0800][4508.544s] GC(1635) Concurrent Preclean
[2023-04-09T19:56:13.035+0800][4508.545s] GC(1635) Concurrent Preclean 0.232ms
[2023-04-09T19:56:13.036+0800][4508.545s] GC(1635) Concurrent Mark (4508.521s, 4508.545s) 23.953ms
[2023-04-09T19:56:13.036+0800][4508.545s] GC(1635) Pause Remark
[2023-04-09T19:56:13.041+0800][4508.551s] GC(1635) Cleaned string and symbol table, strings: 28297 processed, 0 removed, symbols: 172456 processed, 4 removed
[2023-04-09T19:56:13.042+0800][4508.551s] GC(1635) Pause Remark 133M->112M(512M) 5.730ms
[2023-04-09T19:56:13.042+0800][4508.551s] GC(1635) User=0.00s Sys=0.00s Real=0.01s
[2023-04-09T19:56:13.042+0800][4508.551s] GC(1635) Concurrent Rebuild Remembered Sets
[2023-04-09T19:56:13.055+0800][4508.564s] GC(1635) Concurrent Rebuild Remembered Sets 12.833ms
[2023-04-09T19:56:13.055+0800][4508.564s] GC(1635) Pause Cleanup
[2023-04-09T19:56:13.055+0800][4508.564s] GC(1635) Pause Cleanup 118M->118M(512M) 0.171ms
[2023-04-09T19:56:13.055+0800][4508.564s] GC(1635) User=0.00s Sys=0.00s Real=0.00s
[2023-04-09T19:56:13.055+0800][4508.564s] GC(1635) Concurrent Cleanup for Next Mark
[2023-04-09T19:56:13.056+0800][4508.565s] GC(1635) Concurrent Cleanup for Next Mark 0.840ms
[2023-04-09T19:56:13.056+0800][4508.565s] GC(1635) Concurrent Cycle 46.883ms
[2023-04-09T19:56:13.697+0800][4509.207s] GC(1636) Pause Young (Prepare Mixed) (G1 Evacuation Pause)
[2023-04-09T19:56:13.697+0800][4509.207s] GC(1636) Using 8 workers of 8 for evacuation
[2023-04-09T19:56:13.710+0800][4509.219s] GC(1636) To-space exhausted
[2023-04-09T19:56:13.710+0800][4509.219s] GC(1636)   Pre Evacuate Collection Set: 0.0ms
[2023-04-09T19:56:13.710+0800][4509.219s] GC(1636)   Evacuate Collection Set: 4.3ms
[2023-04-09T19:56:13.710+0800][4509.219s] GC(1636)   Post Evacuate Collection Set: 7.7ms
[2023-04-09T19:56:13.710+0800][4509.219s] GC(1636)   Other: 0.3ms
[2023-04-09T19:56:13.710+0800][4509.219s] GC(1636) Eden regions: 293->0(12)
[2023-04-09T19:56:13.710+0800][4509.219s] GC(1636) Survivor regions: 14->13(39)
[2023-04-09T19:56:13.710+0800][4509.219s] GC(1636) Old regions: 68->365
[2023-04-09T19:56:13.710+0800][4509.219s] GC(1636) Humongous regions: 124->23
[2023-04-09T19:56:13.710+0800][4509.219s] GC(1636) Metaspace: 63062K(65904K)->63062K(65904K) NonClass: 56082K(57764K)->56082K(57764K) Class: 6980K(8140K)->6980K(8140K)
[2023-04-09T19:56:13.710+0800][4509.219s] GC(1636) Pause Young (Prepare Mixed) (G1 Evacuation Pause) 497M->400M(512M) 12.699ms
[2023-04-09T19:56:13.710+0800][4509.219s] GC(1636) User=0.11s Sys=0.00s Real=0.01s
[2023-04-09T19:56:13.732+0800][4509.242s] GC(1637) Pause Young (Mixed) (G1 Evacuation Pause)
[2023-04-09T19:56:13.733+0800][4509.242s] GC(1637) Using 8 workers of 8 for evacuation
[2023-04-09T19:56:13.736+0800][4509.245s] GC(1637)   Pre Evacuate Collection Set: 0.0ms
[2023-04-09T19:56:13.736+0800][4509.245s] GC(1637)   Evacuate Collection Set: 2.5ms
[2023-04-09T19:56:13.736+0800][4509.245s] GC(1637)   Post Evacuate Collection Set: 0.5ms
[2023-04-09T19:56:13.736+0800][4509.245s] GC(1637)   Other: 0.3ms
[2023-04-09T19:56:13.736+0800][4509.245s] GC(1637) Eden regions: 12->0(55)
[2023-04-09T19:56:13.736+0800][4509.245s] GC(1637) Survivor regions: 13->3(4)
[2023-04-09T19:56:13.736+0800][4509.245s] GC(1637) Old regions: 365->368
[2023-04-09T19:56:13.736+0800][4509.245s] GC(1637) Humongous regions: 24->24
[2023-04-09T19:56:13.736+0800][4509.245s] GC(1637) Metaspace: 63062K(65904K)->63062K(65904K) NonClass: 56082K(57764K)->56082K(57764K) Class: 6980K(8140K)->6980K(8140K)
[2023-04-09T19:56:13.736+0800][4509.245s] GC(1637) Pause Young (Mixed) (G1 Evacuation Pause) 413M->392M(512M) 3.465ms
[2023-04-09T19:56:13.736+0800][4509.245s] GC(1637) User=0.00s Sys=0.00s Real=0.00s
[2023-04-09T19:56:13.843+0800][4509.352s] GC(1638) Pause Young (Normal) (G1 Evacuation Pause)
[2023-04-09T19:56:13.843+0800][4509.352s] GC(1638) Using 8 workers of 8 for evacuation
[2023-04-09T19:56:13.844+0800][4509.354s] GC(1638)   Pre Evacuate Collection Set: 0.0ms
[2023-04-09T19:56:13.844+0800][4509.354s] GC(1638)   Evacuate Collection Set: 1.1ms
[2023-04-09T19:56:13.844+0800][4509.354s] GC(1638)   Post Evacuate Collection Set: 0.3ms
[2023-04-09T19:56:13.845+0800][4509.354s] GC(1638)   Other: 0.2ms
[2023-04-09T19:56:13.845+0800][4509.354s] GC(1638) Eden regions: 55->0(48)
[2023-04-09T19:56:13.845+0800][4509.354s] GC(1638) Survivor regions: 3->8(8)
[2023-04-09T19:56:13.845+0800][4509.354s] GC(1638) Old regions: 368->368
[2023-04-09T19:56:13.845+0800][4509.354s] GC(1638) Humongous regions: 26->25
[2023-04-09T19:56:13.845+0800][4509.354s] GC(1638) Metaspace: 63072K(65904K)->63072K(65904K) NonClass: 56092K(57764K)->56092K(57764K) Class: 6980K(8140K)->6980K(8140K)
[2023-04-09T19:56:13.845+0800][4509.354s] GC(1638) Pause Young (Normal) (G1 Evacuation Pause) 449M->399M(512M) 1.774ms
[2023-04-09T19:56:13.845+0800][4509.354s] GC(1638) User=0.00s Sys=0.00s Real=0.00s
[2023-04-09T19:56:13.887+0800][4509.396s] GC(1639) Pause Young (Concurrent Start) (G1 Humongous Allocation)
[2023-04-09T19:56:13.887+0800][4509.396s] GC(1639) Using 8 workers of 8 for evacuation
[2023-04-09T19:56:13.889+0800][4509.398s] GC(1639)   Pre Evacuate Collection Set: 0.1ms
[2023-04-09T19:56:13.889+0800][4509.398s] GC(1639)   Evacuate Collection Set: 1.4ms
[2023-04-09T19:56:13.889+0800][4509.398s] GC(1639)   Post Evacuate Collection Set: 0.3ms
[2023-04-09T19:56:13.889+0800][4509.398s] GC(1639)   Other: 0.2ms
[2023-04-09T19:56:13.889+0800][4509.398s] GC(1639) Eden regions: 26->0(46)
[2023-04-09T19:56:13.889+0800][4509.398s] GC(1639) Survivor regions: 8->6(7)
[2023-04-09T19:56:13.889+0800][4509.398s] GC(1639) Old regions: 368->371
[2023-04-09T19:56:13.889+0800][4509.398s] GC(1639) Humongous regions: 25->25
[2023-04-09T19:56:13.889+0800][4509.398s] GC(1639) Metaspace: 63072K(65904K)->63072K(65904K) NonClass: 56092K(57764K)->56092K(57764K) Class: 6980K(8140K)->6980K(8140K)
[2023-04-09T19:56:13.889+0800][4509.398s] GC(1639) Pause Young (Concurrent Start) (G1 Humongous Allocation) 425M->400M(512M) 2.151ms
[2023-04-09T19:56:13.889+0800][4509.398s] GC(1639) User=0.00s Sys=0.00s Real=0.00s
[2023-04-09T19:56:13.889+0800][4509.398s] GC(1640) Concurrent Cycle
[2023-04-09T19:56:13.889+0800][4509.398s] GC(1640) Concurrent Clear Claimed Marks
[2023-04-09T19:56:13.889+0800][4509.398s] GC(1640) Concurrent Clear Claimed Marks 0.091ms
[2023-04-09T19:56:13.889+0800][4509.398s] GC(1640) Concurrent Scan Root Regions
[2023-04-09T19:56:13.890+0800][4509.399s] GC(1640) Concurrent Scan Root Regions 0.712ms
[2023-04-09T19:56:13.890+0800][4509.399s] GC(1640) Concurrent Mark (4509.399s)
[2023-04-09T19:56:13.890+0800][4509.399s] GC(1640) Concurrent Mark From Roots
[2023-04-09T19:56:13.890+0800][4509.399s] GC(1640) Using 2 workers of 2 for marking
[2023-04-09T19:56:13.922+0800][4509.431s] GC(1640) Concurrent Mark From Roots 31.880ms
[2023-04-09T19:56:13.922+0800][4509.431s] GC(1640) Concurrent Preclean
[2023-04-09T19:56:13.922+0800][4509.431s] GC(1640) Concurrent Preclean 0.316ms
[2023-04-09T19:56:13.922+0800][4509.431s] GC(1640) Concurrent Mark (4509.399s, 4509.431s) 32.294ms
[2023-04-09T19:56:13.923+0800][4509.431s] GC(1640) Pause Remark
[2023-04-09T19:56:13.930+0800][4509.439s] GC(1640) Cleaned string and symbol table, strings: 28299 processed, 30 removed, symbols: 172452 processed, 0 removed
[2023-04-09T19:56:13.931+0800][4509.440s] GC(1640) Pause Remark 419M->417M(512M) 8.137ms
[2023-04-09T19:56:13.931+0800][4509.440s] GC(1640) User=0.00s Sys=0.00s Real=0.01s
[2023-04-09T19:56:13.931+0800][4509.440s] GC(1640) Concurrent Rebuild Remembered Sets
[2023-04-09T19:56:13.946+0800][4509.454s] GC(1640) Concurrent Rebuild Remembered Sets 14.740ms
[2023-04-09T19:56:13.946+0800][4509.455s] GC(1640) Pause Cleanup
[2023-04-09T19:56:13.946+0800][4509.455s] GC(1640) Pause Cleanup 420M->420M(512M) 0.236ms
[2023-04-09T19:56:13.946+0800][4509.455s] GC(1640) User=0.00s Sys=0.00s Real=0.00s
[2023-04-09T19:56:13.946+0800][4509.455s] GC(1640) Concurrent Cleanup for Next Mark
[2023-04-09T19:56:13.947+0800][4509.456s] GC(1640) Concurrent Cleanup for Next Mark 0.814ms
[2023-04-09T19:56:13.947+0800][4509.456s] GC(1640) Concurrent Cycle 57.986ms
[2023-04-09T19:56:14.026+0800][4509.534s] GC(1641) Pause Young (Prepare Mixed) (G1 Evacuation Pause)
[2023-04-09T19:56:14.026+0800][4509.534s] GC(1641) Using 8 workers of 8 for evacuation
[2023-04-09T19:56:14.027+0800][4509.536s] GC(1641)   Pre Evacuate Collection Set: 0.0ms
[2023-04-09T19:56:14.027+0800][4509.536s] GC(1641)   Evacuate Collection Set: 0.9ms
[2023-04-09T19:56:14.027+0800][4509.536s] GC(1641)   Post Evacuate Collection Set: 0.3ms
[2023-04-09T19:56:14.027+0800][4509.536s] GC(1641)   Other: 0.2ms
[2023-04-09T19:56:14.027+0800][4509.536s] GC(1641) Eden regions: 46->0(21)
[2023-04-09T19:56:14.027+0800][4509.536s] GC(1641) Survivor regions: 6->4(7)
[2023-04-09T19:56:14.027+0800][4509.536s] GC(1641) Old regions: 369->370
[2023-04-09T19:56:14.027+0800][4509.536s] GC(1641) Humongous regions: 56->33
[2023-04-09T19:56:14.027+0800][4509.536s] GC(1641) Metaspace: 62978K(65904K)->62978K(65904K) NonClass: 56020K(57764K)->56020K(57764K) Class: 6958K(8140K)->6958K(8140K)
[2023-04-09T19:56:14.027+0800][4509.536s] GC(1641) Pause Young (Prepare Mixed) (G1 Evacuation Pause) 475M->405M(512M) 1.509ms
[2023-04-09T19:56:14.027+0800][4509.536s] GC(1641) User=0.12s Sys=0.00s Real=0.00s
[2023-04-09T19:56:14.082+0800][4509.590s] GC(1642) Pause Young (Mixed) (G1 Evacuation Pause)
[2023-04-09T19:56:14.082+0800][4509.590s] GC(1642) Using 8 workers of 8 for evacuation
[2023-04-09T19:56:14.083+0800][4509.592s] GC(1642)   Pre Evacuate Collection Set: 0.0ms
[2023-04-09T19:56:14.083+0800][4509.592s] GC(1642)   Evacuate Collection Set: 0.9ms
[2023-04-09T19:56:14.083+0800][4509.592s] GC(1642)   Post Evacuate Collection Set: 0.3ms
[2023-04-09T19:56:14.083+0800][4509.592s] GC(1642)   Other: 0.2ms
[2023-04-09T19:56:14.083+0800][4509.592s] GC(1642) Eden regions: 21->0(23)
[2023-04-09T19:56:14.083+0800][4509.592s] GC(1642) Survivor regions: 4->2(4)
[2023-04-09T19:56:14.083+0800][4509.592s] GC(1642) Old regions: 370->323
[2023-04-09T19:56:14.083+0800][4509.592s] GC(1642) Humongous regions: 40->33
[2023-04-09T19:56:14.083+0800][4509.592s] GC(1642) Metaspace: 62978K(65904K)->62978K(65904K) NonClass: 56020K(57764K)->56020K(57764K) Class: 6958K(8140K)->6958K(8140K)
[2023-04-09T19:56:14.083+0800][4509.592s] GC(1642) Pause Young (Mixed) (G1 Evacuation Pause) 433M->355M(512M) 1.598ms
[2023-04-09T19:56:14.083+0800][4509.592s] GC(1642) User=0.00s Sys=0.00s Real=0.00s
[2023-04-09T19:56:14.144+0800][4509.653s] GC(1643) Pause Young (Mixed) (G1 Evacuation Pause)
[2023-04-09T19:56:14.144+0800][4509.653s] GC(1643) Using 8 workers of 8 for evacuation
[2023-04-09T19:56:14.146+0800][4509.654s] GC(1643)   Pre Evacuate Collection Set: 0.0ms
[2023-04-09T19:56:14.146+0800][4509.654s] GC(1643)   Evacuate Collection Set: 0.7ms
[2023-04-09T19:56:14.146+0800][4509.654s] GC(1643)   Post Evacuate Collection Set: 0.5ms
[2023-04-09T19:56:14.146+0800][4509.654s] GC(1643)   Other: 0.1ms
[2023-04-09T19:56:14.146+0800][4509.655s] GC(1643) Eden regions: 23->0(21)
[2023-04-09T19:56:14.146+0800][4509.655s] GC(1643) Survivor regions: 2->4(4)
[2023-04-09T19:56:14.146+0800][4509.655s] GC(1643) Old regions: 323->272
[2023-04-09T19:56:14.146+0800][4509.655s] GC(1643) Humongous regions: 40->33
[2023-04-09T19:56:14.146+0800][4509.655s] GC(1643) Metaspace: 62978K(65904K)->62978K(65904K) NonClass: 56020K(57764K)->56020K(57764K) Class: 6958K(8140K)->6958K(8140K)
[2023-04-09T19:56:14.146+0800][4509.655s] GC(1643) Pause Young (Mixed) (G1 Evacuation Pause) 385M->307M(512M) 1.525ms
[2023-04-09T19:56:14.146+0800][4509.655s] GC(1643) User=0.00s Sys=0.00s Real=0.00s
[2023-04-09T19:56:14.166+0800][4509.675s] GC(1644) Pause Young (Mixed) (G1 Evacuation Pause)
[2023-04-09T19:56:14.166+0800][4509.675s] GC(1644) Using 8 workers of 8 for evacuation
[2023-04-09T19:56:14.168+0800][4509.677s] GC(1644)   Pre Evacuate Collection Set: 0.1ms
[2023-04-09T19:56:14.168+0800][4509.677s] GC(1644)   Evacuate Collection Set: 0.8ms
[2023-04-09T19:56:14.168+0800][4509.677s] GC(1644)   Post Evacuate Collection Set: 0.5ms
[2023-04-09T19:56:14.168+0800][4509.677s] GC(1644)   Other: 0.2ms
[2023-04-09T19:56:14.168+0800][4509.677s] GC(1644) Eden regions: 21->0(22)
[2023-04-09T19:56:14.168+0800][4509.677s] GC(1644) Survivor regions: 4->3(4)
[2023-04-09T19:56:14.168+0800][4509.677s] GC(1644) Old regions: 272->223
[2023-04-09T19:56:14.168+0800][4509.677s] GC(1644) Humongous regions: 47->40
[2023-04-09T19:56:14.168+0800][4509.677s] GC(1644) Metaspace: 62978K(65904K)->62978K(65904K) NonClass: 56020K(57764K)->56020K(57764K) Class: 6958K(8140K)->6958K(8140K)
[2023-04-09T19:56:14.168+0800][4509.677s] GC(1644) Pause Young (Mixed) (G1 Evacuation Pause) 342M->264M(512M) 1.799ms
[2023-04-09T19:56:14.168+0800][4509.677s] GC(1644) User=0.11s Sys=0.00s Real=0.00s
[2023-04-09T19:56:14.189+0800][4509.698s] GC(1645) Pause Young (Mixed) (G1 Evacuation Pause)
[2023-04-09T19:56:14.189+0800][4509.698s] GC(1645) Using 8 workers of 8 for evacuation
[2023-04-09T19:56:14.190+0800][4509.699s] GC(1645)   Pre Evacuate Collection Set: 0.0ms
[2023-04-09T19:56:14.190+0800][4509.700s] GC(1645)   Evacuate Collection Set: 0.9ms
[2023-04-09T19:56:14.190+0800][4509.700s] GC(1645)   Post Evacuate Collection Set: 0.5ms
[2023-04-09T19:56:14.190+0800][4509.700s] GC(1645)   Other: 0.2ms
[2023-04-09T19:56:14.190+0800][4509.700s] GC(1645) Eden regions: 22->0(23)
[2023-04-09T19:56:14.190+0800][4509.700s] GC(1645) Survivor regions: 3->2(4)
[2023-04-09T19:56:14.190+0800][4509.700s] GC(1645) Old regions: 223->175
[2023-04-09T19:56:14.190+0800][4509.700s] GC(1645) Humongous regions: 40->40
[2023-04-09T19:56:14.190+0800][4509.700s] GC(1645) Metaspace: 62978K(65904K)->62978K(65904K) NonClass: 56020K(57764K)->56020K(57764K) Class: 6958K(8140K)->6958K(8140K)
[2023-04-09T19:56:14.190+0800][4509.700s] GC(1645) Pause Young (Mixed) (G1 Evacuation Pause) 286M->214M(512M) 1.781ms
[2023-04-09T19:56:14.191+0800][4509.700s] GC(1645) User=0.00s Sys=0.00s Real=0.00s
[2023-04-09T19:56:14.212+0800][4509.722s] GC(1646) Pause Young (Mixed) (G1 Evacuation Pause)
[2023-04-09T19:56:14.212+0800][4509.722s] GC(1646) Using 8 workers of 8 for evacuation
[2023-04-09T19:56:14.214+0800][4509.723s] GC(1646)   Pre Evacuate Collection Set: 0.1ms
[2023-04-09T19:56:14.214+0800][4509.723s] GC(1646)   Evacuate Collection Set: 0.7ms
[2023-04-09T19:56:14.214+0800][4509.723s] GC(1646)   Post Evacuate Collection Set: 0.4ms
[2023-04-09T19:56:14.214+0800][4509.723s] GC(1646)   Other: 0.1ms
[2023-04-09T19:56:14.214+0800][4509.723s] GC(1646) Eden regions: 23->0(23)
[2023-04-09T19:56:14.214+0800][4509.723s] GC(1646) Survivor regions: 2->2(4)
[2023-04-09T19:56:14.214+0800][4509.723s] GC(1646) Old regions: 175->126
[2023-04-09T19:56:14.214+0800][4509.723s] GC(1646) Humongous regions: 45->45
[2023-04-09T19:56:14.214+0800][4509.723s] GC(1646) Metaspace: 62978K(65904K)->62978K(65904K) NonClass: 56020K(57764K)->56020K(57764K) Class: 6958K(8140K)->6958K(8140K)
[2023-04-09T19:56:14.214+0800][4509.723s] GC(1646) Pause Young (Mixed) (G1 Evacuation Pause) 242M->171M(512M) 1.492ms
[2023-04-09T19:56:14.214+0800][4509.723s] GC(1646) User=0.02s Sys=0.00s Real=0.00s
[2023-04-09T19:56:14.240+0800][4509.749s] GC(1647) Pause Young (Mixed) (G1 Evacuation Pause)
[2023-04-09T19:56:14.240+0800][4509.749s] GC(1647) Using 8 workers of 8 for evacuation
[2023-04-09T19:56:14.241+0800][4509.750s] GC(1647)   Pre Evacuate Collection Set: 0.0ms
[2023-04-09T19:56:14.241+0800][4509.750s] GC(1647)   Evacuate Collection Set: 0.8ms
[2023-04-09T19:56:14.241+0800][4509.750s] GC(1647)   Post Evacuate Collection Set: 0.4ms
[2023-04-09T19:56:14.241+0800][4509.750s] GC(1647)   Other: 0.2ms
[2023-04-09T19:56:14.241+0800][4509.750s] GC(1647) Eden regions: 23->0(231)
[2023-04-09T19:56:14.241+0800][4509.750s] GC(1647) Survivor regions: 2->2(4)
[2023-04-09T19:56:14.241+0800][4509.750s] GC(1647) Old regions: 126->94
[2023-04-09T19:56:14.241+0800][4509.750s] GC(1647) Humongous regions: 45->45
[2023-04-09T19:56:14.241+0800][4509.750s] GC(1647) Metaspace: 62978K(65904K)->62978K(65904K) NonClass: 56020K(57764K)->56020K(57764K) Class: 6958K(8140K)->6958K(8140K)
[2023-04-09T19:56:14.241+0800][4509.750s] GC(1647) Pause Young (Mixed) (G1 Evacuation Pause) 194M->140M(512M) 1.536ms
[2023-04-09T19:56:14.241+0800][4509.750s] GC(1647) User=0.00s Sys=0.00s Real=0.00s
