[2023-04-08T10:45:48.775+0800][0.015s] Heap region size: 1M
[2023-04-08T10:45:49.035+0800][0.275s] Using G1
[2023-04-08T10:45:49.035+0800][0.275s] Heap address: 0x00000007e0000000, size: 512 MB, Compressed Oops mode: Zero based, Oop shift amount: 3
[2023-04-08T10:45:50.215+0800][1.455s] GC(0) Pause Young (Normal) (G1 Evacuation Pause)
[2023-04-08T10:45:50.217+0800][1.457s] GC(0) Using 8 workers of 8 for evacuation
[2023-04-08T10:45:50.221+0800][1.461s] GC(0)   Pre Evacuate Collection Set: 0.0ms
[2023-04-08T10:45:50.221+0800][1.461s] GC(0)   Evacuate Collection Set: 3.5ms
[2023-04-08T10:45:50.221+0800][1.461s] GC(0)   Post Evacuate Collection Set: 0.5ms
[2023-04-08T10:45:50.221+0800][1.461s] GC(0)   Other: 2.7ms
[2023-04-08T10:45:50.221+0800][1.461s] GC(0) Eden regions: 30->0(303)
[2023-04-08T10:45:50.222+0800][1.461s] GC(0) Survivor regions: 0->4(4)
[2023-04-08T10:45:50.222+0800][1.461s] GC(0) Old regions: 0->0
[2023-04-08T10:45:50.222+0800][1.461s] GC(0) Humongous regions: 0->0
[2023-04-08T10:45:50.222+0800][1.461s] GC(0) Metaspace: 14720K(15360K)->14720K(15360K) NonClass: 13170K(13568K)->13170K(13568K) Class: 1549K(1792K)->1549K(1792K)
[2023-04-08T10:45:50.222+0800][1.461s] GC(0) Pause Young (Normal) (G1 Evacuation Pause) 30M->3M(512M) 6.857ms
[2023-04-08T10:45:50.222+0800][1.461s] GC(0) User=0.03s Sys=0.01s Real=0.01s
[2023-04-08T10:45:50.767+0800][2.007s] GC(1) Pause Young (Concurrent Start) (Metadata GC Threshold)
[2023-04-08T10:45:50.767+0800][2.007s] GC(1) Using 8 workers of 8 for evacuation
[2023-04-08T10:45:50.781+0800][2.021s] GC(1)   Pre Evacuate Collection Set: 0.0ms
[2023-04-08T10:45:50.781+0800][2.021s] GC(1)   Evacuate Collection Set: 13.1ms
[2023-04-08T10:45:50.782+0800][2.021s] GC(1)   Post Evacuate Collection Set: 1.2ms
[2023-04-08T10:45:50.782+0800][2.021s] GC(1)   Other: 0.3ms
[2023-04-08T10:45:50.782+0800][2.021s] GC(1) Eden regions: 22->0(63)
[2023-04-08T10:45:50.782+0800][2.021s] GC(1) Survivor regions: 4->12(39)
[2023-04-08T10:45:50.782+0800][2.021s] GC(1) Old regions: 0->0
[2023-04-08T10:45:50.782+0800][2.021s] GC(1) Humongous regions: 4->4
[2023-04-08T10:45:50.782+0800][2.021s] GC(1) Metaspace: 20618K(21296K)->20618K(21296K) NonClass: 18371K(18864K)->18371K(18864K) Class: 2246K(2432K)->2246K(2432K)
[2023-04-08T10:45:50.782+0800][2.021s] GC(1) Pause Young (Concurrent Start) (Metadata GC Threshold) 29M->15M(512M) 14.816ms
[2023-04-08T10:45:50.782+0800][2.021s] GC(1) User=0.09s Sys=0.00s Real=0.02s
[2023-04-08T10:45:50.782+0800][2.021s] GC(2) Concurrent Cycle
[2023-04-08T10:45:50.782+0800][2.022s] GC(2) Concurrent Clear Claimed Marks
[2023-04-08T10:45:50.782+0800][2.022s] GC(2) Concurrent Clear Claimed Marks 0.028ms
[2023-04-08T10:45:50.782+0800][2.022s] GC(2) Concurrent Scan Root Regions
[2023-04-08T10:45:50.787+0800][2.027s] GC(2) Concurrent Scan Root Regions 5.069ms
[2023-04-08T10:45:50.787+0800][2.027s] GC(2) Concurrent Mark (2.027s)
[2023-04-08T10:45:50.787+0800][2.027s] GC(2) Concurrent Mark From Roots
[2023-04-08T10:45:50.787+0800][2.027s] GC(2) Using 2 workers of 2 for marking
[2023-04-08T10:45:50.789+0800][2.029s] GC(2) Concurrent Mark From Roots 1.999ms
[2023-04-08T10:45:50.789+0800][2.029s] GC(2) Concurrent Preclean
[2023-04-08T10:45:50.789+0800][2.029s] GC(2) Concurrent Preclean 0.042ms
[2023-04-08T10:45:50.789+0800][2.029s] GC(2) Concurrent Mark (2.027s, 2.029s) 2.122ms
[2023-04-08T10:45:50.789+0800][2.029s] GC(2) Pause Remark
[2023-04-08T10:45:50.791+0800][2.031s] GC(2) Cleaned string and symbol table, strings: 10398 processed, 0 removed, symbols: 67949 processed, 17 removed
[2023-04-08T10:45:50.792+0800][2.031s] GC(2) Pause Remark 16M->16M(512M) 2.378ms
[2023-04-08T10:45:50.792+0800][2.031s] GC(2) User=0.02s Sys=0.00s Real=0.01s
[2023-04-08T10:45:50.792+0800][2.031s] GC(2) Concurrent Rebuild Remembered Sets
[2023-04-08T10:45:50.795+0800][2.035s] GC(2) Concurrent Rebuild Remembered Sets 3.455ms
[2023-04-08T10:45:50.795+0800][2.035s] GC(2) Pause Cleanup
[2023-04-08T10:45:50.796+0800][2.035s] GC(2) Pause Cleanup 16M->16M(512M) 0.152ms
[2023-04-08T10:45:50.796+0800][2.035s] GC(2) User=0.00s Sys=0.00s Real=0.00s
[2023-04-08T10:45:50.796+0800][2.035s] GC(2) Concurrent Cleanup for Next Mark
[2023-04-08T10:45:50.796+0800][2.036s] GC(2) Concurrent Cleanup for Next Mark 0.558ms
[2023-04-08T10:45:50.796+0800][2.036s] GC(2) Concurrent Cycle 14.642ms
[2023-04-08T10:45:51.457+0800][2.696s] GC(3) Pause Young (Normal) (G1 Evacuation Pause)
[2023-04-08T10:45:51.457+0800][2.696s] GC(3) Using 8 workers of 8 for evacuation
[2023-04-08T10:45:51.467+0800][2.707s] GC(3)   Pre Evacuate Collection Set: 0.0ms
[2023-04-08T10:45:51.467+0800][2.707s] GC(3)   Evacuate Collection Set: 10.0ms
[2023-04-08T10:45:51.467+0800][2.707s] GC(3)   Post Evacuate Collection Set: 0.6ms
[2023-04-08T10:45:51.468+0800][2.707s] GC(3)   Other: 0.2ms
[2023-04-08T10:45:51.468+0800][2.707s] GC(3) Eden regions: 37->0(64)
[2023-04-08T10:45:51.468+0800][2.707s] GC(3) Survivor regions: 12->4(7)
[2023-04-08T10:45:51.468+0800][2.707s] GC(3) Old regions: 0->12
[2023-04-08T10:45:51.468+0800][2.707s] GC(3) Humongous regions: 4->4
[2023-04-08T10:45:51.468+0800][2.707s] GC(3) Metaspace: 25063K(26032K)->25063K(26032K) NonClass: 22336K(22960K)->22336K(22960K) Class: 2726K(3072K)->2726K(3072K)
[2023-04-08T10:45:51.468+0800][2.707s] GC(3) Pause Young (Normal) (G1 Evacuation Pause) 52M->19M(512M) 11.029ms
[2023-04-08T10:45:51.468+0800][2.707s] GC(3) User=0.08s Sys=0.00s Real=0.01s
[2023-04-08T10:45:52.104+0800][3.344s] GC(4) Pause Young (Normal) (G1 Evacuation Pause)
[2023-04-08T10:45:52.104+0800][3.344s] GC(4) Using 8 workers of 8 for evacuation
[2023-04-08T10:45:52.108+0800][3.348s] GC(4)   Pre Evacuate Collection Set: 0.0ms
[2023-04-08T10:45:52.108+0800][3.348s] GC(4)   Evacuate Collection Set: 3.0ms
[2023-04-08T10:45:52.108+0800][3.348s] GC(4)   Post Evacuate Collection Set: 1.3ms
[2023-04-08T10:45:52.109+0800][3.348s] GC(4)   Other: 0.2ms
[2023-04-08T10:45:52.109+0800][3.348s] GC(4) Eden regions: 64->0(98)
[2023-04-08T10:45:52.109+0800][3.348s] GC(4) Survivor regions: 4->7(9)
[2023-04-08T10:45:52.109+0800][3.348s] GC(4) Old regions: 12->12
[2023-04-08T10:45:52.109+0800][3.348s] GC(4) Humongous regions: 4->4
[2023-04-08T10:45:52.109+0800][3.348s] GC(4) Metaspace: 28441K(29232K)->28441K(29232K) NonClass: 25325K(25776K)->25325K(25776K) Class: 3115K(3456K)->3115K(3456K)
[2023-04-08T10:45:52.109+0800][3.348s] GC(4) Pause Young (Normal) (G1 Evacuation Pause) 83M->22M(512M) 4.618ms
[2023-04-08T10:45:52.109+0800][3.348s] GC(4) User=0.03s Sys=0.00s Real=0.00s
[2023-04-08T10:45:53.060+0800][4.300s] GC(5) Pause Young (Concurrent Start) (Metadata GC Threshold)
[2023-04-08T10:45:53.060+0800][4.300s] GC(5) Using 8 workers of 8 for evacuation
[2023-04-08T10:45:53.065+0800][4.305s] GC(5)   Pre Evacuate Collection Set: 0.0ms
[2023-04-08T10:45:53.065+0800][4.305s] GC(5)   Evacuate Collection Set: 3.3ms
[2023-04-08T10:45:53.065+0800][4.305s] GC(5)   Post Evacuate Collection Set: 1.2ms
[2023-04-08T10:45:53.065+0800][4.305s] GC(5)   Other: 0.2ms
[2023-04-08T10:45:53.065+0800][4.305s] GC(5) Eden regions: 85->0(166)
[2023-04-08T10:45:53.065+0800][4.305s] GC(5) Survivor regions: 7->9(14)
[2023-04-08T10:45:53.065+0800][4.305s] GC(5) Old regions: 12->12
[2023-04-08T10:45:53.065+0800][4.305s] GC(5) Humongous regions: 5->4
[2023-04-08T10:45:53.065+0800][4.305s] GC(5) Metaspace: 34765K(35708K)->34765K(35708K) NonClass: 30874K(31408K)->30874K(31408K) Class: 3890K(4300K)->3890K(4300K)
[2023-04-08T10:45:53.065+0800][4.305s] GC(5) Pause Young (Concurrent Start) (Metadata GC Threshold) 108M->24M(512M) 4.855ms
[2023-04-08T10:45:53.065+0800][4.305s] GC(5) User=0.04s Sys=0.00s Real=0.00s
[2023-04-08T10:45:53.065+0800][4.305s] GC(6) Concurrent Cycle
[2023-04-08T10:45:53.065+0800][4.305s] GC(6) Concurrent Clear Claimed Marks
[2023-04-08T10:45:53.065+0800][4.305s] GC(6) Concurrent Clear Claimed Marks 0.033ms
[2023-04-08T10:45:53.065+0800][4.305s] GC(6) Concurrent Scan Root Regions
[2023-04-08T10:45:53.068+0800][4.307s] GC(6) Concurrent Scan Root Regions 2.486ms
[2023-04-08T10:45:53.068+0800][4.308s] GC(6) Concurrent Mark (4.308s)
[2023-04-08T10:45:53.068+0800][4.308s] GC(6) Concurrent Mark From Roots
[2023-04-08T10:45:53.068+0800][4.308s] GC(6) Using 2 workers of 2 for marking
[2023-04-08T10:45:53.090+0800][4.330s] GC(6) Concurrent Mark From Roots 22.301ms
[2023-04-08T10:45:53.090+0800][4.330s] GC(6) Concurrent Preclean
[2023-04-08T10:45:53.090+0800][4.330s] GC(6) Concurrent Preclean 0.077ms
[2023-04-08T10:45:53.090+0800][4.330s] GC(6) Concurrent Mark (4.308s, 4.330s) 22.472ms
[2023-04-08T10:45:53.090+0800][4.330s] GC(6) Pause Remark
[2023-04-08T10:45:53.095+0800][4.334s] GC(6) Cleaned string and symbol table, strings: 16458 processed, 20 removed, symbols: 115511 processed, 29 removed
[2023-04-08T10:45:53.095+0800][4.335s] GC(6) Pause Remark 26M->26M(512M) 4.341ms
[2023-04-08T10:45:53.095+0800][4.335s] GC(6) User=0.03s Sys=0.00s Real=0.00s
[2023-04-08T10:45:53.095+0800][4.335s] GC(6) Concurrent Rebuild Remembered Sets
[2023-04-08T10:45:53.106+0800][4.345s] GC(6) Concurrent Rebuild Remembered Sets 10.461ms
[2023-04-08T10:45:53.106+0800][4.345s] GC(6) Pause Cleanup
[2023-04-08T10:45:53.106+0800][4.346s] GC(6) Pause Cleanup 27M->27M(512M) 0.125ms
[2023-04-08T10:45:53.106+0800][4.346s] GC(6) User=0.00s Sys=0.00s Real=0.00s
[2023-04-08T10:45:53.106+0800][4.346s] GC(6) Concurrent Cleanup for Next Mark
[2023-04-08T10:45:53.106+0800][4.346s] GC(6) Concurrent Cleanup for Next Mark 0.557ms
[2023-04-08T10:45:53.106+0800][4.346s] GC(6) Concurrent Cycle 41.283ms
[2023-04-08T10:45:54.811+0800][6.051s] GC(7) Pause Young (Normal) (G1 Evacuation Pause)
[2023-04-08T10:45:54.811+0800][6.051s] GC(7) Using 8 workers of 8 for evacuation
[2023-04-08T10:45:54.821+0800][6.061s] GC(7)   Pre Evacuate Collection Set: 0.0ms
[2023-04-08T10:45:54.821+0800][6.061s] GC(7)   Evacuate Collection Set: 7.7ms
[2023-04-08T10:45:54.821+0800][6.061s] GC(7)   Post Evacuate Collection Set: 1.5ms
[2023-04-08T10:45:54.821+0800][6.061s] GC(7)   Other: 0.2ms
[2023-04-08T10:45:54.821+0800][6.061s] GC(7) Eden regions: 174->0(291)
[2023-04-08T10:45:54.821+0800][6.061s] GC(7) Survivor regions: 9->16(23)
[2023-04-08T10:45:54.821+0800][6.061s] GC(7) Old regions: 12->12
[2023-04-08T10:45:54.821+0800][6.061s] GC(7) Humongous regions: 4->4
[2023-04-08T10:45:54.821+0800][6.061s] GC(7) Metaspace: 47201K(48508K)->47201K(48508K) NonClass: 41705K(42416K)->41705K(42416K) Class: 5495K(6092K)->5495K(6092K)
[2023-04-08T10:45:54.821+0800][6.061s] GC(7) Pause Young (Normal) (G1 Evacuation Pause) 198M->31M(512M) 9.649ms
[2023-04-08T10:45:54.821+0800][6.061s] GC(7) User=0.07s Sys=0.00s Real=0.01s
[2023-04-08T10:50:59.458+0800][310.694s] GC(8) Pause Young (Normal) (G1 Evacuation Pause)
[2023-04-08T10:50:59.462+0800][310.697s] GC(8) Using 8 workers of 8 for evacuation
[2023-04-08T10:50:59.679+0800][310.914s] GC(8)   Pre Evacuate Collection Set: 2.5ms
[2023-04-08T10:50:59.679+0800][310.914s] GC(8)   Evacuate Collection Set: 199.2ms
[2023-04-08T10:50:59.679+0800][310.914s] GC(8)   Post Evacuate Collection Set: 4.2ms
[2023-04-08T10:50:59.679+0800][310.914s] GC(8)   Other: 18.9ms
[2023-04-08T10:50:59.680+0800][310.915s] GC(8) Eden regions: 291->0(268)
[2023-04-08T10:50:59.680+0800][310.915s] GC(8) Survivor regions: 16->39(39)
[2023-04-08T10:50:59.680+0800][310.915s] GC(8) Old regions: 12->16
[2023-04-08T10:50:59.680+0800][310.915s] GC(8) Humongous regions: 4->4
[2023-04-08T10:50:59.680+0800][310.916s] GC(8) Metaspace: 55628K(57340K)->55628K(57340K) NonClass: 49052K(50096K)->49052K(50096K) Class: 6576K(7244K)->6576K(7244K)
[2023-04-08T10:50:59.681+0800][310.916s] GC(8) Pause Young (Normal) (G1 Evacuation Pause) 322M->58M(512M) 223.950ms
[2023-04-08T10:50:59.681+0800][310.916s] GC(8) User=0.20s Sys=0.32s Real=0.23s
[2023-04-08T11:11:19.968+0800][1531.261s] GC(9) Pause Young (Normal) (G1 Evacuation Pause)
[2023-04-08T11:11:19.970+0800][1531.263s] GC(9) Using 8 workers of 8 for evacuation
[2023-04-08T11:11:20.066+0800][1531.359s] GC(9)   Pre Evacuate Collection Set: 0.6ms
[2023-04-08T11:11:20.067+0800][1531.359s] GC(9)   Evacuate Collection Set: 89.9ms
[2023-04-08T11:11:20.067+0800][1531.359s] GC(9)   Post Evacuate Collection Set: 2.9ms
[2023-04-08T11:11:20.067+0800][1531.359s] GC(9)   Other: 8.1ms
[2023-04-08T11:11:20.068+0800][1531.360s] GC(9) Eden regions: 268->0(298)
[2023-04-08T11:11:20.068+0800][1531.360s] GC(9) Survivor regions: 39->9(39)
[2023-04-08T11:11:20.068+0800][1531.360s] GC(9) Old regions: 16->50
[2023-04-08T11:11:20.068+0800][1531.360s] GC(9) Humongous regions: 4->4
[2023-04-08T11:11:20.068+0800][1531.360s] GC(9) Metaspace: 56019K(57724K)->56019K(57724K) NonClass: 49404K(50352K)->49404K(50352K) Class: 6615K(7372K)->6615K(7372K)
[2023-04-08T11:11:20.069+0800][1531.361s] GC(9) Pause Young (Normal) (G1 Evacuation Pause) 326M->61M(512M) 100.356ms
[2023-04-08T11:11:20.069+0800][1531.361s] GC(9) User=0.21s Sys=0.27s Real=0.10s
[2023-04-08T11:17:06.878+0800][1878.167s] GC(10) Pause Young (Normal) (G1 Evacuation Pause)
[2023-04-08T11:17:06.878+0800][1878.167s] GC(10) Using 8 workers of 8 for evacuation
[2023-04-08T11:17:06.888+0800][1878.177s] GC(10)   Pre Evacuate Collection Set: 0.0ms
[2023-04-08T11:17:06.888+0800][1878.177s] GC(10)   Evacuate Collection Set: 8.2ms
[2023-04-08T11:17:06.888+0800][1878.177s] GC(10)   Post Evacuate Collection Set: 1.3ms
[2023-04-08T11:17:06.888+0800][1878.177s] GC(10)   Other: 1.2ms
[2023-04-08T11:17:06.888+0800][1878.177s] GC(10) Eden regions: 298->0(296)
[2023-04-08T11:17:06.888+0800][1878.177s] GC(10) Survivor regions: 9->11(39)
[2023-04-08T11:17:06.888+0800][1878.177s] GC(10) Old regions: 50->50
[2023-04-08T11:17:06.888+0800][1878.177s] GC(10) Humongous regions: 4->4
[2023-04-08T11:17:06.888+0800][1878.177s] GC(10) Metaspace: 56143K(57980K)->56143K(57980K) NonClass: 49527K(50608K)->49527K(50608K) Class: 6616K(7372K)->6616K(7372K)
[2023-04-08T11:17:06.888+0800][1878.177s] GC(10) Pause Young (Normal) (G1 Evacuation Pause) 359M->63M(512M) 10.242ms
[2023-04-08T11:17:06.888+0800][1878.177s] GC(10) User=0.06s Sys=0.01s Real=0.01s
[2023-04-08T11:18:42.115+0800][1973.403s] GC(11) Pause Young (Normal) (G1 Evacuation Pause)
[2023-04-08T11:18:42.115+0800][1973.404s] GC(11) Using 8 workers of 8 for evacuation
[2023-04-08T11:18:42.124+0800][1973.413s] GC(11)   Pre Evacuate Collection Set: 0.0ms
[2023-04-08T11:18:42.124+0800][1973.413s] GC(11)   Evacuate Collection Set: 8.4ms
[2023-04-08T11:18:42.124+0800][1973.413s] GC(11)   Post Evacuate Collection Set: 0.3ms
[2023-04-08T11:18:42.125+0800][1973.413s] GC(11)   Other: 0.9ms
[2023-04-08T11:18:42.125+0800][1973.413s] GC(11) Eden regions: 296->0(294)
[2023-04-08T11:18:42.125+0800][1973.413s] GC(11) Survivor regions: 11->13(39)
[2023-04-08T11:18:42.125+0800][1973.413s] GC(11) Old regions: 50->50
[2023-04-08T11:18:42.125+0800][1973.413s] GC(11) Humongous regions: 4->4
[2023-04-08T11:18:42.125+0800][1973.413s] GC(11) Metaspace: 56244K(57980K)->56244K(57980K) NonClass: 49627K(50608K)->49627K(50608K) Class: 6616K(7372K)->6616K(7372K)
[2023-04-08T11:18:42.125+0800][1973.413s] GC(11) Pause Young (Normal) (G1 Evacuation Pause) 359M->66M(512M) 9.954ms
[2023-04-08T11:18:42.125+0800][1973.413s] GC(11) User=0.07s Sys=0.01s Real=0.01s
[2023-04-08T11:35:38.006+0800][2989.208s] GC(12) Pause Young (Normal) (G1 Evacuation Pause)
[2023-04-08T11:35:38.007+0800][2989.208s] GC(12) Using 8 workers of 8 for evacuation
[2023-04-08T11:35:38.035+0800][2989.237s] GC(12)   Pre Evacuate Collection Set: 0.2ms
[2023-04-08T11:35:38.035+0800][2989.237s] GC(12)   Evacuate Collection Set: 27.0ms
[2023-04-08T11:35:38.035+0800][2989.237s] GC(12)   Post Evacuate Collection Set: 0.9ms
[2023-04-08T11:35:38.035+0800][2989.237s] GC(12)   Other: 0.8ms
[2023-04-08T11:35:38.035+0800][2989.237s] GC(12) Eden regions: 294->0(293)
[2023-04-08T11:35:38.035+0800][2989.237s] GC(12) Survivor regions: 13->14(39)
[2023-04-08T11:35:38.035+0800][2989.237s] GC(12) Old regions: 50->50
[2023-04-08T11:35:38.035+0800][2989.237s] GC(12) Humongous regions: 4->4
[2023-04-08T11:35:38.035+0800][2989.237s] GC(12) Metaspace: 56304K(57980K)->56304K(57980K) NonClass: 49687K(50608K)->49687K(50608K) Class: 6616K(7372K)->6616K(7372K)
[2023-04-08T11:35:38.035+0800][2989.237s] GC(12) Pause Young (Normal) (G1 Evacuation Pause) 360M->66M(512M) 28.990ms
[2023-04-08T11:35:38.035+0800][2989.237s] GC(12) User=0.07s Sys=0.07s Real=0.03s
[2023-04-08T12:03:53.333+0800][4684.483s] GC(13) Pause Young (Normal) (G1 Evacuation Pause)
[2023-04-08T12:03:53.333+0800][4684.483s] GC(13) Using 8 workers of 8 for evacuation
[2023-04-08T12:03:53.466+0800][4684.616s] GC(13)   Pre Evacuate Collection Set: 0.3ms
[2023-04-08T12:03:53.466+0800][4684.616s] GC(13)   Evacuate Collection Set: 129.6ms
[2023-04-08T12:03:53.466+0800][4684.617s] GC(13)   Post Evacuate Collection Set: 2.1ms
[2023-04-08T12:03:53.466+0800][4684.617s] GC(13)   Other: 2.5ms
[2023-04-08T12:03:53.466+0800][4684.617s] GC(13) Eden regions: 293->0(290)
[2023-04-08T12:03:53.466+0800][4684.617s] GC(13) Survivor regions: 14->17(39)
[2023-04-08T12:03:53.466+0800][4684.617s] GC(13) Old regions: 50->50
[2023-04-08T12:03:53.466+0800][4684.617s] GC(13) Humongous regions: 4->4
[2023-04-08T12:03:53.466+0800][4684.617s] GC(13) Metaspace: 56376K(58236K)->56376K(58236K) NonClass: 49759K(50864K)->49759K(50864K) Class: 6616K(7372K)->6616K(7372K)
[2023-04-08T12:03:53.466+0800][4684.617s] GC(13) Pause Young (Normal) (G1 Evacuation Pause) 359M->69M(512M) 133.813ms
[2023-04-08T12:03:53.466+0800][4684.617s] GC(13) User=0.08s Sys=0.22s Real=0.13s
[2023-04-08T12:57:32.797+0800][7903.946s] GC(14) Pause Young (Normal) (G1 Evacuation Pause)
[2023-04-08T12:57:32.797+0800][7903.947s] GC(14) Using 8 workers of 8 for evacuation
[2023-04-08T12:57:32.857+0800][7904.007s] GC(14)   Pre Evacuate Collection Set: 0.2ms
[2023-04-08T12:57:32.857+0800][7904.007s] GC(14)   Evacuate Collection Set: 57.3ms
[2023-04-08T12:57:32.857+0800][7904.007s] GC(14)   Post Evacuate Collection Set: 1.8ms
[2023-04-08T12:57:32.857+0800][7904.007s] GC(14)   Other: 1.2ms
[2023-04-08T12:57:32.857+0800][7904.007s] GC(14) Eden regions: 290->0(287)
[2023-04-08T12:57:32.857+0800][7904.007s] GC(14) Survivor regions: 17->20(39)
[2023-04-08T12:57:32.857+0800][7904.007s] GC(14) Old regions: 50->50
[2023-04-08T12:57:32.857+0800][7904.007s] GC(14) Humongous regions: 4->4
[2023-04-08T12:57:32.857+0800][7904.007s] GC(14) Metaspace: 56430K(58236K)->56430K(58236K) NonClass: 49813K(50864K)->49813K(50864K) Class: 6616K(7372K)->6616K(7372K)
[2023-04-08T12:57:32.857+0800][7904.007s] GC(14) Pause Young (Normal) (G1 Evacuation Pause) 359M->72M(512M) 60.694ms
[2023-04-08T12:57:32.857+0800][7904.007s] GC(14) User=0.09s Sys=0.18s Real=0.06s
[2023-04-08T13:06:35.450+0800][8446.599s] GC(15) Pause Young (Concurrent Start) (Metadata GC Threshold)
[2023-04-08T13:06:35.450+0800][8446.599s] GC(15) Using 8 workers of 8 for evacuation
[2023-04-08T13:06:35.562+0800][8446.711s] GC(15)   Pre Evacuate Collection Set: 0.6ms
[2023-04-08T13:06:35.562+0800][8446.712s] GC(15)   Evacuate Collection Set: 108.8ms
[2023-04-08T13:06:35.562+0800][8446.712s] GC(15)   Post Evacuate Collection Set: 1.4ms
[2023-04-08T13:06:35.562+0800][8446.712s] GC(15)   Other: 2.7ms
[2023-04-08T13:06:35.563+0800][8446.712s] GC(15) Eden regions: 126->0(286)
[2023-04-08T13:06:35.563+0800][8446.712s] GC(15) Survivor regions: 20->21(39)
[2023-04-08T13:06:35.563+0800][8446.712s] GC(15) Old regions: 50->50
[2023-04-08T13:06:35.563+0800][8446.712s] GC(15) Humongous regions: 4->4
[2023-04-08T13:06:35.563+0800][8446.712s] GC(15) Metaspace: 58273K(59900K)->58273K(59900K) NonClass: 51462K(52400K)->51462K(52400K) Class: 6811K(7500K)->6811K(7500K)
[2023-04-08T13:06:35.563+0800][8446.712s] GC(15) Pause Young (Concurrent Start) (Metadata GC Threshold) 197M->74M(512M) 112.885ms
[2023-04-08T13:06:35.563+0800][8446.712s] GC(15) User=0.11s Sys=0.22s Real=0.11s
[2023-04-08T13:06:35.564+0800][8446.713s] GC(16) Concurrent Cycle
[2023-04-08T13:06:35.564+0800][8446.713s] GC(16) Concurrent Clear Claimed Marks
[2023-04-08T13:06:35.564+0800][8446.713s] GC(16) Concurrent Clear Claimed Marks 0.138ms
[2023-04-08T13:06:35.564+0800][8446.713s] GC(16) Concurrent Scan Root Regions
[2023-04-08T13:06:35.583+0800][8446.732s] GC(16) Concurrent Scan Root Regions 18.219ms
[2023-04-08T13:06:35.583+0800][8446.732s] GC(16) Concurrent Mark (8446.732s)
[2023-04-08T13:06:35.583+0800][8446.732s] GC(16) Concurrent Mark From Roots
[2023-04-08T13:06:35.583+0800][8446.732s] GC(16) Using 2 workers of 2 for marking
[2023-04-08T13:06:35.681+0800][8446.831s] GC(16) Concurrent Mark From Roots 98.853ms
[2023-04-08T13:06:35.681+0800][8446.831s] GC(16) Concurrent Preclean
[2023-04-08T13:06:35.682+0800][8446.831s] GC(16) Concurrent Preclean 0.364ms
[2023-04-08T13:06:35.682+0800][8446.831s] GC(16) Concurrent Mark (8446.732s, 8446.831s) 99.320ms
[2023-04-08T13:06:35.682+0800][8446.831s] GC(16) Pause Remark
[2023-04-08T13:06:35.784+0800][8446.933s] GC(16) Cleaned string and symbol table, strings: 27229 processed, 1440 removed, symbols: 168582 processed, 518 removed
[2023-04-08T13:06:35.786+0800][8446.935s] GC(16) Pause Remark 77M->77M(512M) 103.649ms
[2023-04-08T13:06:35.786+0800][8446.935s] GC(16) User=0.08s Sys=0.27s Real=0.10s
[2023-04-08T13:06:35.786+0800][8446.935s] GC(16) Concurrent Rebuild Remembered Sets
[2023-04-08T13:06:35.824+0800][8446.973s] GC(16) Concurrent Rebuild Remembered Sets 38.279ms
[2023-04-08T13:06:35.824+0800][8446.973s] GC(16) Pause Cleanup
[2023-04-08T13:06:35.825+0800][8446.974s] GC(16) Pause Cleanup 79M->79M(512M) 0.189ms
[2023-04-08T13:06:35.825+0800][8446.974s] GC(16) User=0.00s Sys=0.00s Real=0.00s
[2023-04-08T13:06:35.825+0800][8446.974s] GC(16) Concurrent Cleanup for Next Mark
[2023-04-08T13:06:35.829+0800][8446.978s] GC(16) Concurrent Cleanup for Next Mark 4.100ms
[2023-04-08T13:06:35.829+0800][8446.978s] GC(16) Concurrent Cycle 266.012ms
[2023-04-08T13:10:53.166+0800][8704.313s] GC(17) Pause Young (Normal) (G1 Evacuation Pause)
[2023-04-08T13:10:53.166+0800][8704.313s] GC(17) Using 8 workers of 8 for evacuation
[2023-04-08T13:10:53.269+0800][8704.415s] GC(17)   Pre Evacuate Collection Set: 0.9ms
[2023-04-08T13:10:53.269+0800][8704.416s] GC(17)   Evacuate Collection Set: 99.9ms
[2023-04-08T13:10:53.269+0800][8704.416s] GC(17)   Post Evacuate Collection Set: 1.3ms
[2023-04-08T13:10:53.269+0800][8704.416s] GC(17)   Other: 0.9ms
[2023-04-08T13:10:53.269+0800][8704.416s] GC(17) Eden regions: 286->0(282)
[2023-04-08T13:10:53.269+0800][8704.416s] GC(17) Survivor regions: 21->25(39)
[2023-04-08T13:10:53.269+0800][8704.416s] GC(17) Old regions: 50->50
[2023-04-08T13:10:53.269+0800][8704.416s] GC(17) Humongous regions: 4->4
[2023-04-08T13:10:53.269+0800][8704.416s] GC(17) Metaspace: 58257K(60540K)->58257K(60540K) NonClass: 51552K(52912K)->51552K(52912K) Class: 6705K(7628K)->6705K(7628K)
[2023-04-08T13:10:53.269+0800][8704.416s] GC(17) Pause Young (Normal) (G1 Evacuation Pause) 360M->77M(512M) 103.144ms
[2023-04-08T13:10:53.269+0800][8704.416s] GC(17) User=0.12s Sys=0.23s Real=0.10s
[2023-04-08T13:23:00.204+0800][9431.307s] GC(18) Pause Young (Normal) (G1 Evacuation Pause)
[2023-04-08T13:23:00.204+0800][9431.308s] GC(18) Using 8 workers of 8 for evacuation
[2023-04-08T13:23:00.241+0800][9431.345s] GC(18)   Pre Evacuate Collection Set: 2.5ms
[2023-04-08T13:23:00.241+0800][9431.345s] GC(18)   Evacuate Collection Set: 28.8ms
[2023-04-08T13:23:00.241+0800][9431.345s] GC(18)   Post Evacuate Collection Set: 3.7ms
[2023-04-08T13:23:00.241+0800][9431.345s] GC(18)   Other: 3.2ms
[2023-04-08T13:23:00.241+0800][9431.345s] GC(18) Eden regions: 282->0(299)
[2023-04-08T13:23:00.241+0800][9431.345s] GC(18) Survivor regions: 25->8(39)
[2023-04-08T13:23:00.241+0800][9431.345s] GC(18) Old regions: 50->51
[2023-04-08T13:23:00.241+0800][9431.345s] GC(18) Humongous regions: 4->4
[2023-04-08T13:23:00.241+0800][9431.345s] GC(18) Metaspace: 58548K(61052K)->58548K(61052K) NonClass: 51840K(53424K)->51840K(53424K) Class: 6708K(7628K)->6708K(7628K)
[2023-04-08T13:23:00.241+0800][9431.345s] GC(18) Pause Young (Normal) (G1 Evacuation Pause) 359M->62M(512M) 37.658ms
[2023-04-08T13:23:00.241+0800][9431.345s] GC(18) User=0.04s Sys=0.07s Real=0.04s
