[2023-04-08T01:04:03.773+0800][0.032s] Heap region size: 1M
[2023-04-08T01:04:04.229+0800][0.487s] Using G1
[2023-04-08T01:04:04.229+0800][0.487s] Heap address: 0x00000007e0000000, size: 512 MB, Compressed Oops mode: Zero based, Oop shift amount: 3
[2023-04-08T01:04:05.647+0800][1.905s] GC(0) Pause Young (Normal) (G1 Evacuation Pause)
[2023-04-08T01:04:05.648+0800][1.906s] GC(0) Using 8 workers of 8 for evacuation
[2023-04-08T01:04:05.656+0800][1.914s] GC(0)   Pre Evacuate Collection Set: 0.0ms
[2023-04-08T01:04:05.656+0800][1.914s] GC(0)   Evacuate Collection Set: 6.6ms
[2023-04-08T01:04:05.656+0800][1.914s] GC(0)   Post Evacuate Collection Set: 1.2ms
[2023-04-08T01:04:05.656+0800][1.914s] GC(0)   Other: 1.3ms
[2023-04-08T01:04:05.656+0800][1.914s] GC(0) Eden regions: 30->0(303)
[2023-04-08T01:04:05.656+0800][1.914s] GC(0) Survivor regions: 0->4(4)
[2023-04-08T01:04:05.656+0800][1.914s] GC(0) Old regions: 0->0
[2023-04-08T01:04:05.656+0800][1.914s] GC(0) Humongous regions: 0->0
[2023-04-08T01:04:05.656+0800][1.914s] GC(0) Metaspace: 14741K(15360K)->14741K(15360K) NonClass: 13191K(13568K)->13191K(13568K) Class: 1549K(1792K)->1549K(1792K)
[2023-04-08T01:04:05.656+0800][1.914s] GC(0) Pause Young (Normal) (G1 Evacuation Pause) 30M->3M(512M) 9.257ms
[2023-04-08T01:04:05.656+0800][1.914s] GC(0) User=0.05s Sys=0.00s Real=0.01s
[2023-04-08T01:04:06.478+0800][2.737s] GC(1) Pause Young (Concurrent Start) (Metadata GC Threshold)
[2023-04-08T01:04:06.478+0800][2.737s] GC(1) Using 8 workers of 8 for evacuation
[2023-04-08T01:04:06.495+0800][2.754s] GC(1)   Pre Evacuate Collection Set: 0.0ms
[2023-04-08T01:04:06.495+0800][2.754s] GC(1)   Evacuate Collection Set: 15.4ms
[2023-04-08T01:04:06.495+0800][2.754s] GC(1)   Post Evacuate Collection Set: 1.4ms
[2023-04-08T01:04:06.495+0800][2.754s] GC(1)   Other: 0.3ms
[2023-04-08T01:04:06.495+0800][2.754s] GC(1) Eden regions: 22->0(61)
[2023-04-08T01:04:06.495+0800][2.754s] GC(1) Survivor regions: 4->12(39)
[2023-04-08T01:04:06.495+0800][2.754s] GC(1) Old regions: 0->0
[2023-04-08T01:04:06.495+0800][2.754s] GC(1) Humongous regions: 4->4
[2023-04-08T01:04:06.495+0800][2.754s] GC(1) Metaspace: 20635K(21296K)->20635K(21296K) NonClass: 18389K(18864K)->18389K(18864K) Class: 2246K(2432K)->2246K(2432K)
[2023-04-08T01:04:06.496+0800][2.754s] GC(1) Pause Young (Concurrent Start) (Metadata GC Threshold) 29M->15M(512M) 17.275ms
[2023-04-08T01:04:06.496+0800][2.754s] GC(1) User=0.08s Sys=0.00s Real=0.02s
[2023-04-08T01:04:06.496+0800][2.754s] GC(2) Concurrent Cycle
[2023-04-08T01:04:06.496+0800][2.754s] GC(2) Concurrent Clear Claimed Marks
[2023-04-08T01:04:06.496+0800][2.754s] GC(2) Concurrent Clear Claimed Marks 0.030ms
[2023-04-08T01:04:06.496+0800][2.754s] GC(2) Concurrent Scan Root Regions
[2023-04-08T01:04:06.500+0800][2.759s] GC(2) Concurrent Scan Root Regions 4.761ms
[2023-04-08T01:04:06.501+0800][2.759s] GC(2) Concurrent Mark (2.759s)
[2023-04-08T01:04:06.501+0800][2.759s] GC(2) Concurrent Mark From Roots
[2023-04-08T01:04:06.501+0800][2.759s] GC(2) Using 2 workers of 2 for marking
[2023-04-08T01:04:06.503+0800][2.761s] GC(2) Concurrent Mark From Roots 2.172ms
[2023-04-08T01:04:06.503+0800][2.761s] GC(2) Concurrent Preclean
[2023-04-08T01:04:06.503+0800][2.761s] GC(2) Concurrent Preclean 0.064ms
[2023-04-08T01:04:06.503+0800][2.761s] GC(2) Concurrent Mark (2.759s, 2.761s) 2.340ms
[2023-04-08T01:04:06.503+0800][2.762s] GC(2) Pause Remark
[2023-04-08T01:04:06.507+0800][2.765s] GC(2) Cleaned string and symbol table, strings: 10306 processed, 0 removed, symbols: 67950 processed, 17 removed
[2023-04-08T01:04:06.507+0800][2.766s] GC(2) Pause Remark 16M->16M(512M) 3.831ms
[2023-04-08T01:04:06.507+0800][2.766s] GC(2) User=0.02s Sys=0.00s Real=0.00s
[2023-04-08T01:04:06.507+0800][2.766s] GC(2) Concurrent Rebuild Remembered Sets
[2023-04-08T01:04:06.511+0800][2.770s] GC(2) Concurrent Rebuild Remembered Sets 3.808ms
[2023-04-08T01:04:06.511+0800][2.770s] GC(2) Pause Cleanup
[2023-04-08T01:04:06.512+0800][2.770s] GC(2) Pause Cleanup 16M->16M(512M) 0.136ms
[2023-04-08T01:04:06.512+0800][2.770s] GC(2) User=0.00s Sys=0.00s Real=0.00s
[2023-04-08T01:04:06.512+0800][2.770s] GC(2) Concurrent Cleanup for Next Mark
[2023-04-08T01:04:06.513+0800][2.771s] GC(2) Concurrent Cleanup for Next Mark 0.932ms
[2023-04-08T01:04:06.513+0800][2.772s] GC(2) Concurrent Cycle 17.618ms
[2023-04-08T01:04:07.179+0800][3.438s] GC(3) Pause Young (Normal) (G1 Evacuation Pause)
[2023-04-08T01:04:07.179+0800][3.438s] GC(3) Using 8 workers of 8 for evacuation
[2023-04-08T01:04:07.196+0800][3.454s] GC(3)   Pre Evacuate Collection Set: 0.0ms
[2023-04-08T01:04:07.196+0800][3.454s] GC(3)   Evacuate Collection Set: 14.6ms
[2023-04-08T01:04:07.196+0800][3.454s] GC(3)   Post Evacuate Collection Set: 1.5ms
[2023-04-08T01:04:07.196+0800][3.454s] GC(3)   Other: 0.2ms
[2023-04-08T01:04:07.196+0800][3.454s] GC(3) Eden regions: 33->0(60)
[2023-04-08T01:04:07.196+0800][3.454s] GC(3) Survivor regions: 12->4(6)
[2023-04-08T01:04:07.196+0800][3.454s] GC(3) Old regions: 0->12
[2023-04-08T01:04:07.196+0800][3.454s] GC(3) Humongous regions: 4->4
[2023-04-08T01:04:07.196+0800][3.454s] GC(3) Metaspace: 25062K(26032K)->25062K(26032K) NonClass: 22337K(22960K)->22337K(22960K) Class: 2724K(3072K)->2724K(3072K)
[2023-04-08T01:04:07.196+0800][3.454s] GC(3) Pause Young (Normal) (G1 Evacuation Pause) 48M->19M(512M) 16.529ms
[2023-04-08T01:04:07.196+0800][3.454s] GC(3) User=0.07s Sys=0.01s Real=0.02s
[2023-04-08T01:04:07.908+0800][4.166s] GC(4) Pause Young (Normal) (G1 Evacuation Pause)
[2023-04-08T01:04:07.908+0800][4.166s] GC(4) Using 8 workers of 8 for evacuation
[2023-04-08T01:04:07.915+0800][4.173s] GC(4)   Pre Evacuate Collection Set: 0.0ms
[2023-04-08T01:04:07.915+0800][4.173s] GC(4)   Evacuate Collection Set: 5.2ms
[2023-04-08T01:04:07.915+0800][4.173s] GC(4)   Post Evacuate Collection Set: 1.7ms
[2023-04-08T01:04:07.915+0800][4.173s] GC(4)   Other: 0.2ms
[2023-04-08T01:04:07.915+0800][4.173s] GC(4) Eden regions: 60->0(300)
[2023-04-08T01:04:07.915+0800][4.173s] GC(4) Survivor regions: 4->7(8)
[2023-04-08T01:04:07.915+0800][4.173s] GC(4) Old regions: 12->12
[2023-04-08T01:04:07.915+0800][4.173s] GC(4) Humongous regions: 4->4
[2023-04-08T01:04:07.915+0800][4.173s] GC(4) Metaspace: 28306K(29232K)->28306K(29232K) NonClass: 25206K(25776K)->25206K(25776K) Class: 3099K(3456K)->3099K(3456K)
[2023-04-08T01:04:07.915+0800][4.174s] GC(4) Pause Young (Normal) (G1 Evacuation Pause) 79M->22M(512M) 7.260ms
[2023-04-08T01:04:07.915+0800][4.174s] GC(4) User=0.03s Sys=0.00s Real=0.01s
[2023-04-08T01:04:09.151+0800][5.409s] GC(5) Pause Young (Concurrent Start) (Metadata GC Threshold)
[2023-04-08T01:04:09.151+0800][5.409s] GC(5) Using 8 workers of 8 for evacuation
[2023-04-08T01:04:09.160+0800][5.419s] GC(5)   Pre Evacuate Collection Set: 0.0ms
[2023-04-08T01:04:09.160+0800][5.419s] GC(5)   Evacuate Collection Set: 6.2ms
[2023-04-08T01:04:09.160+0800][5.419s] GC(5)   Post Evacuate Collection Set: 3.1ms
[2023-04-08T01:04:09.161+0800][5.419s] GC(5)   Other: 0.2ms
[2023-04-08T01:04:09.161+0800][5.419s] GC(5) Eden regions: 77->0(169)
[2023-04-08T01:04:09.161+0800][5.419s] GC(5) Survivor regions: 7->9(39)
[2023-04-08T01:04:09.161+0800][5.419s] GC(5) Old regions: 12->12
[2023-04-08T01:04:09.161+0800][5.419s] GC(5) Humongous regions: 5->4
[2023-04-08T01:04:09.161+0800][5.419s] GC(5) Metaspace: 34633K(35632K)->34633K(35632K) NonClass: 30765K(31408K)->30765K(31408K) Class: 3867K(4224K)->3867K(4224K)
[2023-04-08T01:04:09.161+0800][5.419s] GC(5) Pause Young (Concurrent Start) (Metadata GC Threshold) 100M->24M(512M) 9.719ms
[2023-04-08T01:04:09.161+0800][5.419s] GC(5) User=0.03s Sys=0.00s Real=0.01s
[2023-04-08T01:04:09.161+0800][5.419s] GC(6) Concurrent Cycle
[2023-04-08T01:04:09.161+0800][5.419s] GC(6) Concurrent Clear Claimed Marks
[2023-04-08T01:04:09.161+0800][5.419s] GC(6) Concurrent Clear Claimed Marks 0.042ms
[2023-04-08T01:04:09.161+0800][5.419s] GC(6) Concurrent Scan Root Regions
[2023-04-08T01:04:09.166+0800][5.424s] GC(6) Concurrent Scan Root Regions 4.738ms
[2023-04-08T01:04:09.166+0800][5.424s] GC(6) Concurrent Mark (5.424s)
[2023-04-08T01:04:09.166+0800][5.424s] GC(6) Concurrent Mark From Roots
[2023-04-08T01:04:09.166+0800][5.424s] GC(6) Using 2 workers of 2 for marking
[2023-04-08T01:04:09.197+0800][5.456s] GC(6) Concurrent Mark From Roots 31.678ms
[2023-04-08T01:04:09.197+0800][5.456s] GC(6) Concurrent Preclean
[2023-04-08T01:04:09.198+0800][5.456s] GC(6) Concurrent Preclean 0.085ms
[2023-04-08T01:04:09.198+0800][5.456s] GC(6) Concurrent Mark (5.424s, 5.456s) 31.866ms
[2023-04-08T01:04:09.198+0800][5.456s] GC(6) Pause Remark
[2023-04-08T01:04:09.201+0800][5.460s] GC(6) Cleaned string and symbol table, strings: 16352 processed, 20 removed, symbols: 114330 processed, 29 removed
[2023-04-08T01:04:09.202+0800][5.460s] GC(6) Pause Remark 26M->26M(512M) 3.881ms
[2023-04-08T01:04:09.202+0800][5.460s] GC(6) User=0.02s Sys=0.00s Real=0.01s
[2023-04-08T01:04:09.202+0800][5.460s] GC(6) Concurrent Rebuild Remembered Sets
[2023-04-08T01:04:09.229+0800][5.488s] GC(6) Concurrent Rebuild Remembered Sets 27.583ms
[2023-04-08T01:04:09.230+0800][5.488s] GC(6) Pause Cleanup
[2023-04-08T01:04:09.230+0800][5.488s] GC(6) Pause Cleanup 27M->27M(512M) 0.121ms
[2023-04-08T01:04:09.230+0800][5.488s] GC(6) User=0.00s Sys=0.00s Real=0.00s
[2023-04-08T01:04:09.230+0800][5.488s] GC(6) Concurrent Cleanup for Next Mark
[2023-04-08T01:04:09.231+0800][5.489s] GC(6) Concurrent Cleanup for Next Mark 1.101ms
[2023-04-08T01:04:09.231+0800][5.489s] GC(6) Concurrent Cycle 70.175ms
[2023-04-08T01:04:10.962+0800][7.220s] GC(7) Pause Young (Normal) (G1 Evacuation Pause)
[2023-04-08T01:04:10.962+0800][7.220s] GC(7) Using 8 workers of 8 for evacuation
[2023-04-08T01:04:10.974+0800][7.233s] GC(7)   Pre Evacuate Collection Set: 0.0ms
[2023-04-08T01:04:10.974+0800][7.233s] GC(7)   Evacuate Collection Set: 10.5ms
[2023-04-08T01:04:10.974+0800][7.233s] GC(7)   Post Evacuate Collection Set: 1.6ms
[2023-04-08T01:04:10.975+0800][7.233s] GC(7)   Other: 0.2ms
[2023-04-08T01:04:10.975+0800][7.233s] GC(7) Eden regions: 177->0(291)
[2023-04-08T01:04:10.975+0800][7.233s] GC(7) Survivor regions: 9->16(24)
[2023-04-08T01:04:10.975+0800][7.233s] GC(7) Old regions: 12->12
[2023-04-08T01:04:10.975+0800][7.233s] GC(7) Humongous regions: 4->4
[2023-04-08T01:04:10.975+0800][7.233s] GC(7) Metaspace: 48139K(49712K)->48139K(49712K) NonClass: 42490K(43440K)->42490K(43440K) Class: 5648K(6272K)->5648K(6272K)
[2023-04-08T01:04:10.975+0800][7.233s] GC(7) Pause Young (Normal) (G1 Evacuation Pause) 201M->30M(512M) 12.539ms
[2023-04-08T01:04:10.975+0800][7.233s] GC(7) User=0.07s Sys=0.00s Real=0.01s
[2023-04-08T01:13:46.428+0800][582.674s] GC(8) Pause Young (Normal) (G1 Evacuation Pause)
[2023-04-08T01:13:46.429+0800][582.676s] GC(8) Using 8 workers of 8 for evacuation
[2023-04-08T01:13:46.818+0800][583.064s] GC(8) MMU target violated: 251.0ms (250.0ms/251.0ms)
[2023-04-08T01:13:46.818+0800][583.065s] GC(8)   Pre Evacuate Collection Set: 1.7ms
[2023-04-08T01:13:46.818+0800][583.065s] GC(8)   Evacuate Collection Set: 376.3ms
[2023-04-08T01:13:46.818+0800][583.065s] GC(8)   Post Evacuate Collection Set: 8.1ms
[2023-04-08T01:13:46.818+0800][583.065s] GC(8)   Other: 7.1ms
[2023-04-08T01:13:46.818+0800][583.065s] GC(8) Eden regions: 291->0(271)
[2023-04-08T01:13:46.818+0800][583.065s] GC(8) Survivor regions: 16->36(39)
[2023-04-08T01:13:46.818+0800][583.065s] GC(8) Old regions: 12->12
[2023-04-08T01:13:46.818+0800][583.065s] GC(8) Humongous regions: 4->4
[2023-04-08T01:13:46.818+0800][583.065s] GC(8) Metaspace: 57666K(59568K)->57666K(59568K) NonClass: 50800K(51888K)->50800K(51888K) Class: 6865K(7680K)->6865K(7680K)
[2023-04-08T01:13:46.818+0800][583.065s] GC(8) Pause Young (Normal) (G1 Evacuation Pause) 321M->51M(512M) 390.431ms
[2023-04-08T01:13:46.818+0800][583.065s] GC(8) User=0.21s Sys=0.70s Real=0.39s
[2023-04-08T01:16:28.908+0800][745.131s] GC(9) Pause Young (Concurrent Start) (Metadata GC Threshold)
[2023-04-08T01:16:28.908+0800][745.132s] GC(9) Using 8 workers of 8 for evacuation
[2023-04-08T01:16:28.960+0800][745.183s] GC(9)   Pre Evacuate Collection Set: 0.1ms
[2023-04-08T01:16:28.960+0800][745.183s] GC(9)   Evacuate Collection Set: 46.6ms
[2023-04-08T01:16:28.960+0800][745.183s] GC(9)   Post Evacuate Collection Set: 3.7ms
[2023-04-08T01:16:28.960+0800][745.183s] GC(9)   Other: 1.4ms
[2023-04-08T01:16:28.960+0800][745.183s] GC(9) Eden regions: 103->0(303)
[2023-04-08T01:16:28.960+0800][745.183s] GC(9) Survivor regions: 36->4(39)
[2023-04-08T01:16:28.960+0800][745.183s] GC(9) Old regions: 12->44
[2023-04-08T01:16:28.960+0800][745.183s] GC(9) Humongous regions: 4->4
[2023-04-08T01:16:28.960+0800][745.183s] GC(9) Metaspace: 58177K(60028K)->58177K(60028K) NonClass: 51298K(52348K)->51298K(52348K) Class: 6879K(7680K)->6879K(7680K)
[2023-04-08T01:16:28.960+0800][745.183s] GC(9) Pause Young (Concurrent Start) (Metadata GC Threshold) 154M->51M(512M) 52.028ms
[2023-04-08T01:16:28.960+0800][745.183s] GC(9) User=0.14s Sys=0.08s Real=0.06s
[2023-04-08T01:16:28.960+0800][745.184s] GC(10) Concurrent Cycle
[2023-04-08T01:16:28.960+0800][745.184s] GC(10) Concurrent Clear Claimed Marks
[2023-04-08T01:16:28.960+0800][745.184s] GC(10) Concurrent Clear Claimed Marks 0.073ms
[2023-04-08T01:16:28.960+0800][745.184s] GC(10) Concurrent Scan Root Regions
[2023-04-08T01:16:28.962+0800][745.186s] GC(10) Concurrent Scan Root Regions 1.858ms
[2023-04-08T01:16:28.962+0800][745.186s] GC(10) Concurrent Mark (745.186s)
[2023-04-08T01:16:28.962+0800][745.186s] GC(10) Concurrent Mark From Roots
[2023-04-08T01:16:28.962+0800][745.186s] GC(10) Using 2 workers of 2 for marking
[2023-04-08T01:16:29.034+0800][745.257s] GC(10) Concurrent Mark From Roots 71.287ms
[2023-04-08T01:16:29.034+0800][745.257s] GC(10) Concurrent Preclean
[2023-04-08T01:16:29.034+0800][745.258s] GC(10) Concurrent Preclean 0.546ms
[2023-04-08T01:16:29.034+0800][745.258s] GC(10) Concurrent Mark (745.186s, 745.258s) 71.957ms
[2023-04-08T01:16:29.035+0800][745.258s] GC(10) Pause Remark
[2023-04-08T01:16:29.129+0800][745.353s] GC(10) Cleaned string and symbol table, strings: 30297 processed, 384 removed, symbols: 170347 processed, 552 removed
[2023-04-08T01:16:29.131+0800][745.354s] GC(10) Pause Remark 55M->55M(512M) 95.817ms
[2023-04-08T01:16:29.131+0800][745.354s] GC(10) User=0.07s Sys=0.20s Real=0.10s
[2023-04-08T01:16:29.131+0800][745.354s] GC(10) Concurrent Rebuild Remembered Sets
[2023-04-08T01:16:29.162+0800][745.385s] GC(10) Concurrent Rebuild Remembered Sets 31.148ms
[2023-04-08T01:16:29.162+0800][745.385s] GC(10) Pause Cleanup
[2023-04-08T01:16:29.162+0800][745.386s] GC(10) Pause Cleanup 55M->55M(512M) 0.164ms
[2023-04-08T01:16:29.162+0800][745.386s] GC(10) User=0.00s Sys=0.00s Real=0.00s
[2023-04-08T01:16:29.162+0800][745.386s] GC(10) Concurrent Cleanup for Next Mark
[2023-04-08T01:16:29.166+0800][745.390s] GC(10) Concurrent Cleanup for Next Mark 4.143ms
[2023-04-08T01:16:29.166+0800][745.390s] GC(10) Concurrent Cycle 206.315ms
[2023-04-08T01:27:49.554+0800][1425.757s] GC(11) Pause Young (Normal) (G1 Evacuation Pause)
[2023-04-08T01:27:49.554+0800][1425.757s] GC(11) Using 8 workers of 8 for evacuation
[2023-04-08T01:27:49.583+0800][1425.786s] GC(11)   Pre Evacuate Collection Set: 0.0ms
[2023-04-08T01:27:49.583+0800][1425.786s] GC(11)   Evacuate Collection Set: 28.1ms
[2023-04-08T01:27:49.583+0800][1425.786s] GC(11)   Post Evacuate Collection Set: 0.6ms
[2023-04-08T01:27:49.583+0800][1425.786s] GC(11)   Other: 0.8ms
[2023-04-08T01:27:49.583+0800][1425.786s] GC(11) Eden regions: 303->0(296)
[2023-04-08T01:27:49.583+0800][1425.786s] GC(11) Survivor regions: 4->11(39)
[2023-04-08T01:27:49.583+0800][1425.786s] GC(11) Old regions: 44->44
[2023-04-08T01:27:49.583+0800][1425.786s] GC(11) Humongous regions: 4->4
[2023-04-08T01:27:49.583+0800][1425.786s] GC(11) Metaspace: 60542K(62588K)->60542K(62588K) NonClass: 53489K(54652K)->53489K(54652K) Class: 7052K(7936K)->7052K(7936K)
[2023-04-08T01:27:49.583+0800][1425.786s] GC(11) Pause Young (Normal) (G1 Evacuation Pause) 354M->58M(512M) 29.726ms
[2023-04-08T01:27:49.583+0800][1425.786s] GC(11) User=0.05s Sys=0.08s Real=0.03s
[2023-04-08T01:27:50.762+0800][1426.965s] GC(12) Pause Young (Normal) (G1 Evacuation Pause)
[2023-04-08T01:27:50.762+0800][1426.965s] GC(12) Using 8 workers of 8 for evacuation
[2023-04-08T01:27:50.770+0800][1426.973s] GC(12)   Pre Evacuate Collection Set: 0.0ms
[2023-04-08T01:27:50.770+0800][1426.973s] GC(12)   Evacuate Collection Set: 6.2ms
[2023-04-08T01:27:50.770+0800][1426.973s] GC(12)   Post Evacuate Collection Set: 1.2ms
[2023-04-08T01:27:50.770+0800][1426.973s] GC(12)   Other: 0.3ms
[2023-04-08T01:27:50.770+0800][1426.973s] GC(12) Eden regions: 296->0(295)
[2023-04-08T01:27:50.770+0800][1426.973s] GC(12) Survivor regions: 11->12(39)
[2023-04-08T01:27:50.770+0800][1426.973s] GC(12) Old regions: 44->44
[2023-04-08T01:27:50.770+0800][1426.973s] GC(12) Humongous regions: 4->4
[2023-04-08T01:27:50.770+0800][1426.973s] GC(12) Metaspace: 61141K(63356K)->61141K(63356K) NonClass: 54056K(55420K)->54056K(55420K) Class: 7084K(7936K)->7084K(7936K)
[2023-04-08T01:27:50.770+0800][1426.973s] GC(12) Pause Young (Normal) (G1 Evacuation Pause) 354M->58M(512M) 7.887ms
[2023-04-08T01:27:50.770+0800][1426.973s] GC(12) User=0.05s Sys=0.00s Real=0.01s
[2023-04-08T01:27:51.741+0800][1427.944s] GC(13) Pause Young (Normal) (G1 Evacuation Pause)
[2023-04-08T01:27:51.741+0800][1427.944s] GC(13) Using 8 workers of 8 for evacuation
[2023-04-08T01:27:51.748+0800][1427.951s] GC(13)   Pre Evacuate Collection Set: 0.0ms
[2023-04-08T01:27:51.748+0800][1427.951s] GC(13)   Evacuate Collection Set: 5.6ms
[2023-04-08T01:27:51.748+0800][1427.951s] GC(13)   Post Evacuate Collection Set: 1.5ms
[2023-04-08T01:27:51.748+0800][1427.951s] GC(13)   Other: 0.2ms
[2023-04-08T01:27:51.748+0800][1427.951s] GC(13) Eden regions: 295->0(292)
[2023-04-08T01:27:51.748+0800][1427.951s] GC(13) Survivor regions: 12->15(39)
[2023-04-08T01:27:51.748+0800][1427.951s] GC(13) Old regions: 44->44
[2023-04-08T01:27:51.749+0800][1427.951s] GC(13) Humongous regions: 4->4
[2023-04-08T01:27:51.749+0800][1427.951s] GC(13) Metaspace: 61223K(63356K)->61223K(63356K) NonClass: 54137K(55420K)->54137K(55420K) Class: 7085K(7936K)->7085K(7936K)
[2023-04-08T01:27:51.749+0800][1427.951s] GC(13) Pause Young (Normal) (G1 Evacuation Pause) 353M->61M(512M) 7.416ms
[2023-04-08T01:27:51.749+0800][1427.951s] GC(13) User=0.04s Sys=0.00s Real=0.00s
[2023-04-08T01:27:52.786+0800][1428.989s] GC(14) Pause Young (Normal) (G1 Evacuation Pause)
[2023-04-08T01:27:52.786+0800][1428.989s] GC(14) Using 8 workers of 8 for evacuation
[2023-04-08T01:27:52.791+0800][1428.994s] GC(14)   Pre Evacuate Collection Set: 0.0ms
[2023-04-08T01:27:52.791+0800][1428.994s] GC(14)   Evacuate Collection Set: 4.2ms
[2023-04-08T01:27:52.791+0800][1428.994s] GC(14)   Post Evacuate Collection Set: 0.8ms
[2023-04-08T01:27:52.791+0800][1428.994s] GC(14)   Other: 0.2ms
[2023-04-08T01:27:52.791+0800][1428.994s] GC(14) Eden regions: 292->0(291)
[2023-04-08T01:27:52.791+0800][1428.994s] GC(14) Survivor regions: 15->16(39)
[2023-04-08T01:27:52.791+0800][1428.994s] GC(14) Old regions: 44->44
[2023-04-08T01:27:52.791+0800][1428.994s] GC(14) Humongous regions: 4->4
[2023-04-08T01:27:52.791+0800][1428.994s] GC(14) Metaspace: 61290K(63612K)->61290K(63612K) NonClass: 54202K(55676K)->54202K(55676K) Class: 7087K(7936K)->7087K(7936K)
[2023-04-08T01:27:52.791+0800][1428.994s] GC(14) Pause Young (Normal) (G1 Evacuation Pause) 353M->63M(512M) 5.398ms
[2023-04-08T01:27:52.791+0800][1428.994s] GC(14) User=0.03s Sys=0.00s Real=0.01s
[2023-04-08T01:27:53.817+0800][1430.020s] GC(15) Pause Young (Normal) (G1 Evacuation Pause)
[2023-04-08T01:27:53.817+0800][1430.020s] GC(15) Using 8 workers of 8 for evacuation
[2023-04-08T01:27:53.823+0800][1430.026s] GC(15)   Pre Evacuate Collection Set: 0.0ms
[2023-04-08T01:27:53.823+0800][1430.026s] GC(15)   Evacuate Collection Set: 4.9ms
[2023-04-08T01:27:53.823+0800][1430.026s] GC(15)   Post Evacuate Collection Set: 1.0ms
[2023-04-08T01:27:53.823+0800][1430.026s] GC(15)   Other: 0.2ms
[2023-04-08T01:27:53.823+0800][1430.026s] GC(15) Eden regions: 291->0(291)
[2023-04-08T01:27:53.823+0800][1430.026s] GC(15) Survivor regions: 16->16(39)
[2023-04-08T01:27:53.823+0800][1430.026s] GC(15) Old regions: 44->44
[2023-04-08T01:27:53.823+0800][1430.026s] GC(15) Humongous regions: 4->4
[2023-04-08T01:27:53.823+0800][1430.026s] GC(15) Metaspace: 61312K(63612K)->61312K(63612K) NonClass: 54225K(55676K)->54225K(55676K) Class: 7087K(7936K)->7087K(7936K)
[2023-04-08T01:27:53.823+0800][1430.026s] GC(15) Pause Young (Normal) (G1 Evacuation Pause) 354M->63M(512M) 6.329ms
[2023-04-08T01:27:53.823+0800][1430.026s] GC(15) User=0.03s Sys=0.00s Real=0.01s
[2023-04-08T01:27:54.903+0800][1431.106s] GC(16) Pause Young (Normal) (G1 Evacuation Pause)
[2023-04-08T01:27:54.903+0800][1431.106s] GC(16) Using 8 workers of 8 for evacuation
[2023-04-08T01:27:54.911+0800][1431.114s] GC(16)   Pre Evacuate Collection Set: 0.0ms
[2023-04-08T01:27:54.911+0800][1431.114s] GC(16)   Evacuate Collection Set: 5.9ms
[2023-04-08T01:27:54.911+0800][1431.114s] GC(16)   Post Evacuate Collection Set: 1.8ms
[2023-04-08T01:27:54.911+0800][1431.114s] GC(16)   Other: 0.2ms
[2023-04-08T01:27:54.911+0800][1431.114s] GC(16) Eden regions: 291->0(291)
[2023-04-08T01:27:54.911+0800][1431.114s] GC(16) Survivor regions: 16->16(39)
[2023-04-08T01:27:54.911+0800][1431.114s] GC(16) Old regions: 44->44
[2023-04-08T01:27:54.911+0800][1431.114s] GC(16) Humongous regions: 4->4
[2023-04-08T01:27:54.911+0800][1431.114s] GC(16) Metaspace: 61339K(63612K)->61339K(63612K) NonClass: 54251K(55676K)->54251K(55676K) Class: 7087K(7936K)->7087K(7936K)
[2023-04-08T01:27:54.911+0800][1431.114s] GC(16) Pause Young (Normal) (G1 Evacuation Pause) 354M->63M(512M) 8.219ms
[2023-04-08T01:27:54.911+0800][1431.114s] GC(16) User=0.04s Sys=0.00s Real=0.01s
[2023-04-08T01:27:56.021+0800][1432.223s] GC(17) Pause Young (Normal) (G1 Evacuation Pause)
[2023-04-08T01:27:56.021+0800][1432.223s] GC(17) Using 8 workers of 8 for evacuation
[2023-04-08T01:27:56.028+0800][1432.231s] GC(17)   Pre Evacuate Collection Set: 0.0ms
[2023-04-08T01:27:56.028+0800][1432.231s] GC(17)   Evacuate Collection Set: 5.6ms
[2023-04-08T01:27:56.028+0800][1432.231s] GC(17)   Post Evacuate Collection Set: 1.6ms
[2023-04-08T01:27:56.028+0800][1432.231s] GC(17)   Other: 0.2ms
[2023-04-08T01:27:56.028+0800][1432.231s] GC(17) Eden regions: 291->0(291)
[2023-04-08T01:27:56.028+0800][1432.231s] GC(17) Survivor regions: 16->16(39)
[2023-04-08T01:27:56.028+0800][1432.231s] GC(17) Old regions: 44->44
[2023-04-08T01:27:56.028+0800][1432.231s] GC(17) Humongous regions: 4->4
[2023-04-08T01:27:56.028+0800][1432.231s] GC(17) Metaspace: 61354K(63612K)->61354K(63612K) NonClass: 54266K(55676K)->54266K(55676K) Class: 7087K(7936K)->7087K(7936K)
[2023-04-08T01:27:56.028+0800][1432.231s] GC(17) Pause Young (Normal) (G1 Evacuation Pause) 354M->63M(512M) 7.706ms
[2023-04-08T01:27:56.028+0800][1432.231s] GC(17) User=0.04s Sys=0.00s Real=0.00s
[2023-04-08T01:27:57.013+0800][1433.216s] GC(18) Pause Young (Normal) (G1 Evacuation Pause)
[2023-04-08T01:27:57.013+0800][1433.216s] GC(18) Using 8 workers of 8 for evacuation
[2023-04-08T01:27:57.023+0800][1433.226s] GC(18)   Pre Evacuate Collection Set: 0.0ms
[2023-04-08T01:27:57.023+0800][1433.226s] GC(18)   Evacuate Collection Set: 7.2ms
[2023-04-08T01:27:57.023+0800][1433.226s] GC(18)   Post Evacuate Collection Set: 2.5ms
[2023-04-08T01:27:57.023+0800][1433.226s] GC(18)   Other: 0.3ms
[2023-04-08T01:27:57.023+0800][1433.226s] GC(18) Eden regions: 291->0(286)
[2023-04-08T01:27:57.023+0800][1433.226s] GC(18) Survivor regions: 16->21(39)
[2023-04-08T01:27:57.023+0800][1433.226s] GC(18) Old regions: 44->44
[2023-04-08T01:27:57.023+0800][1433.226s] GC(18) Humongous regions: 4->4
[2023-04-08T01:27:57.023+0800][1433.226s] GC(18) Metaspace: 61376K(63612K)->61376K(63612K) NonClass: 54289K(55676K)->54289K(55676K) Class: 7087K(7936K)->7087K(7936K)
[2023-04-08T01:27:57.023+0800][1433.226s] GC(18) Pause Young (Normal) (G1 Evacuation Pause) 354M->67M(512M) 10.293ms
[2023-04-08T01:27:57.023+0800][1433.226s] GC(18) User=0.04s Sys=0.00s Real=0.01s
[2023-04-08T01:27:58.151+0800][1434.353s] GC(19) Pause Young (Normal) (G1 Evacuation Pause)
[2023-04-08T01:27:58.151+0800][1434.353s] GC(19) Using 8 workers of 8 for evacuation
[2023-04-08T01:27:58.159+0800][1434.362s] GC(19)   Pre Evacuate Collection Set: 0.0ms
[2023-04-08T01:27:58.159+0800][1434.362s] GC(19)   Evacuate Collection Set: 6.9ms
[2023-04-08T01:27:58.159+0800][1434.362s] GC(19)   Post Evacuate Collection Set: 1.4ms
[2023-04-08T01:27:58.160+0800][1434.362s] GC(19)   Other: 0.3ms
[2023-04-08T01:27:58.160+0800][1434.362s] GC(19) Eden regions: 286->0(285)
[2023-04-08T01:27:58.160+0800][1434.362s] GC(19) Survivor regions: 21->22(39)
[2023-04-08T01:27:58.160+0800][1434.362s] GC(19) Old regions: 44->44
[2023-04-08T01:27:58.160+0800][1434.362s] GC(19) Humongous regions: 4->4
[2023-04-08T01:27:58.160+0800][1434.362s] GC(19) Metaspace: 61442K(63612K)->61442K(63612K) NonClass: 54349K(55676K)->54349K(55676K) Class: 7093K(7936K)->7093K(7936K)
[2023-04-08T01:27:58.160+0800][1434.363s] GC(19) Pause Young (Normal) (G1 Evacuation Pause) 353M->69M(512M) 9.162ms
[2023-04-08T01:27:58.160+0800][1434.363s] GC(19) User=0.05s Sys=0.00s Real=0.01s
[2023-04-08T01:27:59.233+0800][1435.436s] GC(20) Pause Young (Normal) (G1 Evacuation Pause)
[2023-04-08T01:27:59.233+0800][1435.436s] GC(20) Using 8 workers of 8 for evacuation
[2023-04-08T01:27:59.254+0800][1435.456s] GC(20)   Pre Evacuate Collection Set: 0.0ms
[2023-04-08T01:27:59.271+0800][1435.474s] GC(20)   Evacuate Collection Set: 20.0ms
[2023-04-08T01:27:59.271+0800][1435.474s] GC(20)   Post Evacuate Collection Set: 0.7ms
[2023-04-08T01:27:59.271+0800][1435.474s] GC(20)   Other: 0.3ms
[2023-04-08T01:27:59.271+0800][1435.474s] GC(20) Eden regions: 285->0(289)
[2023-04-08T01:27:59.271+0800][1435.474s] GC(20) Survivor regions: 22->18(39)
[2023-04-08T01:27:59.271+0800][1435.474s] GC(20) Old regions: 44->49
[2023-04-08T01:27:59.271+0800][1435.474s] GC(20) Humongous regions: 4->4
[2023-04-08T01:27:59.271+0800][1435.474s] GC(20) Metaspace: 61454K(63612K)->61454K(63612K) NonClass: 54360K(55676K)->54360K(55676K) Class: 7093K(7936K)->7093K(7936K)
[2023-04-08T01:27:59.272+0800][1435.474s] GC(20) Pause Young (Normal) (G1 Evacuation Pause) 354M->69M(512M) 38.707ms
[2023-04-08T01:27:59.272+0800][1435.474s] GC(20) User=0.06s Sys=0.01s Real=0.04s
[2023-04-08T01:28:00.547+0800][1436.750s] GC(21) Pause Young (Normal) (G1 Evacuation Pause)
[2023-04-08T01:28:00.547+0800][1436.750s] GC(21) Using 8 workers of 8 for evacuation
[2023-04-08T01:28:00.555+0800][1436.758s] GC(21)   Pre Evacuate Collection Set: 0.0ms
[2023-04-08T01:28:00.555+0800][1436.758s] GC(21)   Evacuate Collection Set: 4.4ms
[2023-04-08T01:28:00.555+0800][1436.758s] GC(21)   Post Evacuate Collection Set: 3.1ms
[2023-04-08T01:28:00.555+0800][1436.758s] GC(21)   Other: 0.4ms
[2023-04-08T01:28:00.555+0800][1436.758s] GC(21) Eden regions: 289->0(290)
[2023-04-08T01:28:00.555+0800][1436.758s] GC(21) Survivor regions: 18->17(39)
[2023-04-08T01:28:00.555+0800][1436.758s] GC(21) Old regions: 49->49
[2023-04-08T01:28:00.555+0800][1436.758s] GC(21) Humongous regions: 4->4
[2023-04-08T01:28:00.555+0800][1436.758s] GC(21) Metaspace: 61724K(63996K)->61724K(63996K) NonClass: 54582K(55932K)->54582K(55932K) Class: 7142K(8064K)->7142K(8064K)
[2023-04-08T01:28:00.555+0800][1436.758s] GC(21) Pause Young (Normal) (G1 Evacuation Pause) 358M->69M(512M) 8.103ms
[2023-04-08T01:28:00.555+0800][1436.758s] GC(21) User=0.03s Sys=0.00s Real=0.01s
[2023-04-08T01:28:01.699+0800][1437.902s] GC(22) Pause Young (Normal) (G1 Evacuation Pause)
[2023-04-08T01:28:01.700+0800][1437.902s] GC(22) Using 8 workers of 8 for evacuation
[2023-04-08T01:28:01.706+0800][1437.909s] GC(22)   Pre Evacuate Collection Set: 0.0ms
[2023-04-08T01:28:01.707+0800][1437.909s] GC(22)   Evacuate Collection Set: 5.8ms
[2023-04-08T01:28:01.707+0800][1437.909s] GC(22)   Post Evacuate Collection Set: 0.9ms
[2023-04-08T01:28:01.707+0800][1437.909s] GC(22)   Other: 0.3ms
[2023-04-08T01:28:01.707+0800][1437.909s] GC(22) Eden regions: 290->0(289)
[2023-04-08T01:28:01.707+0800][1437.909s] GC(22) Survivor regions: 17->18(39)
[2023-04-08T01:28:01.707+0800][1437.909s] GC(22) Old regions: 49->49
[2023-04-08T01:28:01.707+0800][1437.909s] GC(22) Humongous regions: 4->4
[2023-04-08T01:28:01.707+0800][1437.909s] GC(22) Metaspace: 61922K(63996K)->61922K(63996K) NonClass: 54749K(55932K)->54749K(55932K) Class: 7173K(8064K)->7173K(8064K)
[2023-04-08T01:28:01.707+0800][1437.910s] GC(22) Pause Young (Normal) (G1 Evacuation Pause) 359M->69M(512M) 7.464ms
[2023-04-08T01:28:01.707+0800][1437.910s] GC(22) User=0.03s Sys=0.00s Real=0.01s
[2023-04-08T01:28:02.631+0800][1438.833s] GC(23) Pause Young (Normal) (G1 Evacuation Pause)
[2023-04-08T01:28:02.631+0800][1438.834s] GC(23) Using 8 workers of 8 for evacuation
[2023-04-08T01:28:02.636+0800][1438.838s] GC(23)   Pre Evacuate Collection Set: 0.0ms
[2023-04-08T01:28:02.636+0800][1438.838s] GC(23)   Evacuate Collection Set: 4.2ms
[2023-04-08T01:28:02.636+0800][1438.838s] GC(23)   Post Evacuate Collection Set: 0.4ms
[2023-04-08T01:28:02.636+0800][1438.838s] GC(23)   Other: 0.5ms
[2023-04-08T01:28:02.636+0800][1438.838s] GC(23) Eden regions: 289->0(279)
[2023-04-08T01:28:02.636+0800][1438.838s] GC(23) Survivor regions: 18->28(39)
[2023-04-08T01:28:02.636+0800][1438.838s] GC(23) Old regions: 49->49
[2023-04-08T01:28:02.636+0800][1438.839s] GC(23) Humongous regions: 4->4
[2023-04-08T01:28:02.636+0800][1438.839s] GC(23) Metaspace: 62055K(64252K)->62055K(64252K) NonClass: 54868K(56188K)->54868K(56188K) Class: 7187K(8064K)->7187K(8064K)
[2023-04-08T01:28:02.636+0800][1438.839s] GC(23) Pause Young (Normal) (G1 Evacuation Pause) 358M->79M(512M) 5.329ms
[2023-04-08T01:28:02.636+0800][1438.839s] GC(23) User=0.03s Sys=0.00s Real=0.00s
[2023-04-08T01:31:54.720+0800][1670.903s] GC(24) Pause Young (Normal) (G1 Evacuation Pause)
[2023-04-08T01:31:54.721+0800][1670.904s] GC(24) Using 8 workers of 8 for evacuation
[2023-04-08T01:31:54.734+0800][1670.917s] GC(24)   Pre Evacuate Collection Set: 0.0ms
[2023-04-08T01:31:54.734+0800][1670.917s] GC(24)   Evacuate Collection Set: 12.9ms
[2023-04-08T01:31:54.734+0800][1670.917s] GC(24)   Post Evacuate Collection Set: 0.6ms
[2023-04-08T01:31:54.734+0800][1670.918s] GC(24)   Other: 0.8ms
[2023-04-08T01:31:54.734+0800][1670.918s] GC(24) Eden regions: 279->0(294)
[2023-04-08T01:31:54.734+0800][1670.918s] GC(24) Survivor regions: 28->13(39)
[2023-04-08T01:31:54.734+0800][1670.918s] GC(24) Old regions: 49->58
[2023-04-08T01:31:54.734+0800][1670.918s] GC(24) Humongous regions: 4->4
[2023-04-08T01:31:54.734+0800][1670.918s] GC(24) Metaspace: 63190K(65404K)->63190K(65404K) NonClass: 55914K(57212K)->55914K(57212K) Class: 7275K(8192K)->7275K(8192K)
[2023-04-08T01:31:54.734+0800][1670.918s] GC(24) Pause Young (Normal) (G1 Evacuation Pause) 358M->74M(512M) 14.477ms
[2023-04-08T01:31:54.735+0800][1670.918s] GC(24) User=0.03s Sys=0.02s Real=0.01s
[2023-04-08T01:57:27.300+0800][3203.360s] Heap
[2023-04-08T01:57:27.301+0800][3203.361s]  garbage-first heap   total 524288K, used 165184K [0x00000007e0000000, 0x0000000800000000)
[2023-04-08T01:57:27.301+0800][3203.361s]   region size 1024K, 101 young (103424K), 13 survivors (13312K)
[2023-04-08T01:57:27.301+0800][3203.361s]  Metaspace       used 63672K, capacity 65723K, committed 66044K, reserved 1107968K
[2023-04-08T01:57:27.301+0800][3203.361s]   class space    used 7334K, capacity 8205K, committed 8320K, reserved 1048576K
