[2023-04-10T17:35:12.654+0800][0.022s] Heap region size: 1M
[2023-04-10T17:35:12.971+0800][0.339s] Using G1
[2023-04-10T17:35:12.971+0800][0.339s] Heap address: 0x00000000e0000000, size: 512 MB, Compressed Oops mode: 32-bit
[2023-04-10T17:35:14.398+0800][1.766s] GC(0) Pause Young (Normal) (G1 Evacuation Pause)
[2023-04-10T17:35:14.398+0800][1.766s] GC(0) Using 8 workers of 8 for evacuation
[2023-04-10T17:35:14.402+0800][1.769s] GC(0)   Pre Evacuate Collection Set: 0.0ms
[2023-04-10T17:35:14.402+0800][1.769s] GC(0)   Evacuate Collection Set: 2.6ms
[2023-04-10T17:35:14.402+0800][1.770s] GC(0)   Post Evacuate Collection Set: 0.5ms
[2023-04-10T17:35:14.402+0800][1.770s] GC(0)   Other: 0.6ms
[2023-04-10T17:35:14.402+0800][1.770s] GC(0) Eden regions: 30->0(303)
[2023-04-10T17:35:14.402+0800][1.770s] GC(0) Survivor regions: 0->4(4)
[2023-04-10T17:35:14.402+0800][1.770s] GC(0) Old regions: 0->0
[2023-04-10T17:35:14.402+0800][1.770s] GC(0) Humongous regions: 0->0
[2023-04-10T17:35:14.402+0800][1.770s] GC(0) Metaspace: 13195K(13568K)->13195K(13568K) NonClass: 11836K(12032K)->11836K(12032K) Class: 1358K(1536K)->1358K(1536K)
[2023-04-10T17:35:14.402+0800][1.770s] GC(0) Pause Young (Normal) (G1 Evacuation Pause) 30M->3M(512M) 4.238ms
[2023-04-10T17:35:14.402+0800][1.770s] GC(0) User=0.00s Sys=0.00s Real=0.00s
[2023-04-10T17:35:15.496+0800][2.865s] GC(1) Pause Young (Concurrent Start) (Metadata GC Threshold)
[2023-04-10T17:35:15.496+0800][2.865s] GC(1) Using 8 workers of 8 for evacuation
[2023-04-10T17:35:15.508+0800][2.877s] GC(1)   Pre Evacuate Collection Set: 0.0ms
[2023-04-10T17:35:15.509+0800][2.877s] GC(1)   Evacuate Collection Set: 11.4ms
[2023-04-10T17:35:15.509+0800][2.877s] GC(1)   Post Evacuate Collection Set: 0.7ms
[2023-04-10T17:35:15.509+0800][2.877s] GC(1)   Other: 0.3ms
[2023-04-10T17:35:15.509+0800][2.877s] GC(1) Eden regions: 29->0(196)
[2023-04-10T17:35:15.509+0800][2.877s] GC(1) Survivor regions: 4->12(39)
[2023-04-10T17:35:15.509+0800][2.877s] GC(1) Old regions: 0->0
[2023-04-10T17:35:15.509+0800][2.877s] GC(1) Humongous regions: 4->4
[2023-04-10T17:35:15.509+0800][2.877s] GC(1) Metaspace: 20687K(21296K)->20687K(21296K) NonClass: 18437K(18864K)->18437K(18864K) Class: 2250K(2432K)->2250K(2432K)
[2023-04-10T17:35:15.509+0800][2.877s] GC(1) Pause Young (Concurrent Start) (Metadata GC Threshold) 36M->15M(512M) 12.735ms
[2023-04-10T17:35:15.509+0800][2.877s] GC(1) User=0.00s Sys=0.00s Real=0.01s
[2023-04-10T17:35:15.509+0800][2.877s] GC(2) Concurrent Cycle
[2023-04-10T17:35:15.509+0800][2.877s] GC(2) Concurrent Clear Claimed Marks
[2023-04-10T17:35:15.509+0800][2.877s] GC(2) Concurrent Clear Claimed Marks 0.043ms
[2023-04-10T17:35:15.509+0800][2.878s] GC(2) Concurrent Scan Root Regions
[2023-04-10T17:35:15.518+0800][2.887s] GC(2) Concurrent Scan Root Regions 9.218ms
[2023-04-10T17:35:15.518+0800][2.887s] GC(2) Concurrent Mark (2.887s)
[2023-04-10T17:35:15.518+0800][2.887s] GC(2) Concurrent Mark From Roots
[2023-04-10T17:35:15.518+0800][2.887s] GC(2) Using 2 workers of 2 for marking
[2023-04-10T17:35:15.528+0800][2.896s] GC(2) Concurrent Mark From Roots 9.676ms
[2023-04-10T17:35:15.528+0800][2.897s] GC(2) Concurrent Preclean
[2023-04-10T17:35:15.528+0800][2.897s] GC(2) Concurrent Preclean 0.202ms
[2023-04-10T17:35:15.528+0800][2.897s] GC(2) Concurrent Mark (2.887s, 2.897s) 9.991ms
[2023-04-10T17:35:15.528+0800][2.897s] GC(2) Pause Remark
[2023-04-10T17:35:15.530+0800][2.898s] GC(2) Cleaned string and symbol table, strings: 10488 processed, 0 removed, symbols: 68324 processed, 18 removed
[2023-04-10T17:35:15.530+0800][2.898s] GC(2) Pause Remark 16M->16M(512M) 1.539ms
[2023-04-10T17:35:15.530+0800][2.899s] GC(2) User=0.00s Sys=0.00s Real=0.00s
[2023-04-10T17:35:15.530+0800][2.899s] GC(2) Concurrent Rebuild Remembered Sets
[2023-04-10T17:35:15.532+0800][2.901s] GC(2) Concurrent Rebuild Remembered Sets 2.115ms
[2023-04-10T17:35:15.532+0800][2.901s] GC(2) Pause Cleanup
[2023-04-10T17:35:15.533+0800][2.901s] GC(2) Pause Cleanup 16M->16M(512M) 0.145ms
[2023-04-10T17:35:15.533+0800][2.901s] GC(2) User=0.00s Sys=0.00s Real=0.00s
[2023-04-10T17:35:15.533+0800][2.901s] GC(2) Concurrent Cleanup for Next Mark
[2023-04-10T17:35:15.534+0800][2.902s] GC(2) Concurrent Cleanup for Next Mark 0.862ms
[2023-04-10T17:35:15.534+0800][2.902s] GC(2) Concurrent Cycle 24.770ms
[2023-04-10T17:35:16.491+0800][3.859s] GC(3) Pause Young (Normal) (G1 Evacuation Pause)
[2023-04-10T17:35:16.491+0800][3.859s] GC(3) Using 8 workers of 8 for evacuation
[2023-04-10T17:35:16.500+0800][3.868s] GC(3)   Pre Evacuate Collection Set: 0.0ms
[2023-04-10T17:35:16.500+0800][3.868s] GC(3)   Evacuate Collection Set: 8.4ms
[2023-04-10T17:35:16.500+0800][3.868s] GC(3)   Post Evacuate Collection Set: 0.8ms
[2023-04-10T17:35:16.500+0800][3.868s] GC(3)   Other: 0.2ms
[2023-04-10T17:35:16.501+0800][3.868s] GC(3) Eden regions: 111->0(133)
[2023-04-10T17:35:16.501+0800][3.868s] GC(3) Survivor regions: 12->7(16)
[2023-04-10T17:35:16.501+0800][3.868s] GC(3) Old regions: 0->12
[2023-04-10T17:35:16.501+0800][3.868s] GC(3) Humongous regions: 4->4
[2023-04-10T17:35:16.501+0800][3.868s] GC(3) Metaspace: 25205K(25856K)->25205K(25856K) NonClass: 22475K(22784K)->22475K(22784K) Class: 2729K(3072K)->2729K(3072K)
[2023-04-10T17:35:16.501+0800][3.868s] GC(3) Pause Young (Normal) (G1 Evacuation Pause) 126M->22M(512M) 9.615ms
[2023-04-10T17:35:16.501+0800][3.868s] GC(3) User=0.11s Sys=0.00s Real=0.01s
[2023-04-10T17:35:17.251+0800][4.619s] GC(4) Pause Young (Normal) (G1 Evacuation Pause)
[2023-04-10T17:35:17.251+0800][4.619s] GC(4) Using 8 workers of 8 for evacuation
[2023-04-10T17:35:17.254+0800][4.622s] GC(4)   Pre Evacuate Collection Set: 0.0ms
[2023-04-10T17:35:17.254+0800][4.622s] GC(4)   Evacuate Collection Set: 2.3ms
[2023-04-10T17:35:17.254+0800][4.622s] GC(4)   Post Evacuate Collection Set: 0.7ms
[2023-04-10T17:35:17.254+0800][4.622s] GC(4)   Other: 0.2ms
[2023-04-10T17:35:17.254+0800][4.622s] GC(4) Eden regions: 133->0(223)
[2023-04-10T17:35:17.254+0800][4.622s] GC(4) Survivor regions: 7->8(18)
[2023-04-10T17:35:17.254+0800][4.622s] GC(4) Old regions: 12->12
[2023-04-10T17:35:17.254+0800][4.622s] GC(4) Humongous regions: 5->4
[2023-04-10T17:35:17.254+0800][4.622s] GC(4) Metaspace: 29092K(29952K)->29092K(29952K) NonClass: 25914K(26368K)->25914K(26368K) Class: 3178K(3584K)->3178K(3584K)
[2023-04-10T17:35:17.254+0800][4.622s] GC(4) Pause Young (Normal) (G1 Evacuation Pause) 156M->23M(512M) 3.512ms
[2023-04-10T17:35:17.254+0800][4.622s] GC(4) User=0.00s Sys=0.00s Real=0.00s
[2023-04-10T17:35:18.139+0800][5.507s] GC(5) Pause Young (Concurrent Start) (Metadata GC Threshold)
[2023-04-10T17:35:18.139+0800][5.507s] GC(5) Using 8 workers of 8 for evacuation
[2023-04-10T17:35:18.143+0800][5.511s] GC(5)   Pre Evacuate Collection Set: 0.0ms
[2023-04-10T17:35:18.143+0800][5.511s] GC(5)   Evacuate Collection Set: 2.9ms
[2023-04-10T17:35:18.143+0800][5.511s] GC(5)   Post Evacuate Collection Set: 0.7ms
[2023-04-10T17:35:18.143+0800][5.511s] GC(5)   Other: 0.2ms
[2023-04-10T17:35:18.143+0800][5.511s] GC(5) Eden regions: 141->0(192)
[2023-04-10T17:35:18.143+0800][5.511s] GC(5) Survivor regions: 8->9(29)
[2023-04-10T17:35:18.143+0800][5.511s] GC(5) Old regions: 12->12
[2023-04-10T17:35:18.143+0800][5.511s] GC(5) Humongous regions: 4->4
[2023-04-10T17:35:18.143+0800][5.511s] GC(5) Metaspace: 35225K(36048K)->35225K(36048K) NonClass: 31293K(31744K)->31293K(31744K) Class: 3931K(4304K)->3931K(4304K)
[2023-04-10T17:35:18.143+0800][5.511s] GC(5) Pause Young (Concurrent Start) (Metadata GC Threshold) 164M->24M(512M) 4.134ms
[2023-04-10T17:35:18.144+0800][5.511s] GC(5) User=0.00s Sys=0.00s Real=0.01s
[2023-04-10T17:35:18.144+0800][5.511s] GC(6) Concurrent Cycle
[2023-04-10T17:35:18.144+0800][5.511s] GC(6) Concurrent Clear Claimed Marks
[2023-04-10T17:35:18.144+0800][5.511s] GC(6) Concurrent Clear Claimed Marks 0.053ms
[2023-04-10T17:35:18.144+0800][5.511s] GC(6) Concurrent Scan Root Regions
[2023-04-10T17:35:18.145+0800][5.513s] GC(6) Concurrent Scan Root Regions 1.755ms
[2023-04-10T17:35:18.145+0800][5.513s] GC(6) Concurrent Mark (5.513s)
[2023-04-10T17:35:18.146+0800][5.513s] GC(6) Concurrent Mark From Roots
[2023-04-10T17:35:18.146+0800][5.513s] GC(6) Using 2 workers of 2 for marking
[2023-04-10T17:35:18.163+0800][5.531s] GC(6) Concurrent Mark From Roots 17.579ms
[2023-04-10T17:35:18.163+0800][5.531s] GC(6) Concurrent Preclean
[2023-04-10T17:35:18.163+0800][5.531s] GC(6) Concurrent Preclean 0.242ms
[2023-04-10T17:35:18.163+0800][5.531s] GC(6) Concurrent Mark (5.513s, 5.531s) 17.986ms
[2023-04-10T17:35:18.164+0800][5.531s] GC(6) Pause Remark
[2023-04-10T17:35:18.166+0800][5.533s] GC(6) Cleaned string and symbol table, strings: 16601 processed, 21 removed, symbols: 116279 processed, 32 removed
[2023-04-10T17:35:18.166+0800][5.534s] GC(6) Pause Remark 27M->27M(512M) 2.201ms
[2023-04-10T17:35:18.166+0800][5.534s] GC(6) User=0.00s Sys=0.00s Real=0.00s
[2023-04-10T17:35:18.166+0800][5.534s] GC(6) Concurrent Rebuild Remembered Sets
[2023-04-10T17:35:18.171+0800][5.539s] GC(6) Concurrent Rebuild Remembered Sets 5.173ms
[2023-04-10T17:35:18.171+0800][5.539s] GC(6) Pause Cleanup
[2023-04-10T17:35:18.171+0800][5.539s] GC(6) Pause Cleanup 29M->29M(512M) 0.100ms
[2023-04-10T17:35:18.171+0800][5.539s] GC(6) User=0.00s Sys=0.00s Real=0.00s
[2023-04-10T17:35:18.171+0800][5.539s] GC(6) Concurrent Cleanup for Next Mark
[2023-04-10T17:35:18.172+0800][5.540s] GC(6) Concurrent Cleanup for Next Mark 0.750ms
[2023-04-10T17:35:18.172+0800][5.540s] GC(6) Concurrent Cycle 28.684ms
[2023-04-10T17:35:19.566+0800][6.934s] GC(7) Pause Young (Normal) (G1 Evacuation Pause)
[2023-04-10T17:35:19.566+0800][6.934s] GC(7) Using 8 workers of 8 for evacuation
[2023-04-10T17:35:19.571+0800][6.939s] GC(7)   Pre Evacuate Collection Set: 0.0ms
[2023-04-10T17:35:19.571+0800][6.939s] GC(7)   Evacuate Collection Set: 4.5ms
[2023-04-10T17:35:19.572+0800][6.939s] GC(7)   Post Evacuate Collection Set: 0.8ms
[2023-04-10T17:35:19.572+0800][6.939s] GC(7)   Other: 0.3ms
[2023-04-10T17:35:19.572+0800][6.939s] GC(7) Eden regions: 197->0(294)
[2023-04-10T17:35:19.572+0800][6.939s] GC(7) Survivor regions: 9->13(26)
[2023-04-10T17:35:19.572+0800][6.939s] GC(7) Old regions: 12->12
[2023-04-10T17:35:19.572+0800][6.939s] GC(7) Humongous regions: 4->4
[2023-04-10T17:35:19.572+0800][6.940s] GC(7) Metaspace: 44279K(45648K)->44279K(45648K) NonClass: 39165K(39936K)->39165K(39936K) Class: 5113K(5712K)->5113K(5712K)
[2023-04-10T17:35:19.572+0800][6.940s] GC(7) Pause Young (Normal) (G1 Evacuation Pause) 221M->28M(512M) 5.894ms
[2023-04-10T17:35:19.572+0800][6.940s] GC(7) User=0.00s Sys=0.00s Real=0.01s
[2023-04-10T17:35:21.532+0800][8.901s] GC(8) Pause Young (Normal) (G1 Evacuation Pause)
[2023-04-10T17:35:21.532+0800][8.901s] GC(8) Using 8 workers of 8 for evacuation
[2023-04-10T17:35:21.541+0800][8.909s] GC(8)   Pre Evacuate Collection Set: 0.0ms
[2023-04-10T17:35:21.541+0800][8.910s] GC(8)   Evacuate Collection Set: 7.4ms
[2023-04-10T17:35:21.541+0800][8.910s] GC(8)   Post Evacuate Collection Set: 1.0ms
[2023-04-10T17:35:21.541+0800][8.910s] GC(8)   Other: 0.3ms
[2023-04-10T17:35:21.541+0800][8.910s] GC(8) Eden regions: 294->0(286)
[2023-04-10T17:35:21.541+0800][8.910s] GC(8) Survivor regions: 13->21(39)
[2023-04-10T17:35:21.541+0800][8.910s] GC(8) Old regions: 12->12
[2023-04-10T17:35:21.541+0800][8.910s] GC(8) Humongous regions: 4->4
[2023-04-10T17:35:21.541+0800][8.910s] GC(8) Metaspace: 54030K(55888K)->54030K(55888K) NonClass: 47556K(48640K)->47556K(48640K) Class: 6474K(7248K)->6474K(7248K)
[2023-04-10T17:35:21.541+0800][8.910s] GC(8) Pause Young (Normal) (G1 Evacuation Pause) 322M->36M(512M) 8.819ms
[2023-04-10T17:35:21.541+0800][8.910s] GC(8) User=0.00s Sys=0.00s Real=0.01s
[2023-04-10T17:35:22.672+0800][10.040s] GC(9) Pause Young (Normal) (G1 Evacuation Pause)
[2023-04-10T17:35:22.672+0800][10.040s] GC(9) Using 8 workers of 8 for evacuation
[2023-04-10T17:35:22.682+0800][10.049s] GC(9)   Pre Evacuate Collection Set: 0.0ms
[2023-04-10T17:35:22.682+0800][10.049s] GC(9)   Evacuate Collection Set: 8.4ms
[2023-04-10T17:35:22.682+0800][10.049s] GC(9)   Post Evacuate Collection Set: 0.8ms
[2023-04-10T17:35:22.682+0800][10.049s] GC(9)   Other: 0.2ms
[2023-04-10T17:35:22.682+0800][10.050s] GC(9) Eden regions: 286->0(285)
[2023-04-10T17:35:22.682+0800][10.050s] GC(9) Survivor regions: 21->22(39)
[2023-04-10T17:35:22.682+0800][10.050s] GC(9) Old regions: 12->18
[2023-04-10T17:35:22.682+0800][10.050s] GC(9) Humongous regions: 5->5
[2023-04-10T17:35:22.682+0800][10.050s] GC(9) Metaspace: 55275K(56912K)->55275K(56912K) NonClass: 48684K(49664K)->48684K(49664K) Class: 6591K(7248K)->6591K(7248K)
[2023-04-10T17:35:22.682+0800][10.050s] GC(9) Pause Young (Normal) (G1 Evacuation Pause) 323M->43M(512M) 9.575ms
[2023-04-10T17:35:22.682+0800][10.050s] GC(9) User=0.00s Sys=0.00s Real=0.01s
[2023-04-10T17:35:23.147+0800][10.515s] GC(10) Pause Young (Normal) (G1 Evacuation Pause)
[2023-04-10T17:35:23.147+0800][10.515s] GC(10) Using 8 workers of 8 for evacuation
[2023-04-10T17:35:23.154+0800][10.522s] GC(10)   Pre Evacuate Collection Set: 0.0ms
[2023-04-10T17:35:23.154+0800][10.522s] GC(10)   Evacuate Collection Set: 6.2ms
[2023-04-10T17:35:23.154+0800][10.522s] GC(10)   Post Evacuate Collection Set: 0.7ms
[2023-04-10T17:35:23.154+0800][10.522s] GC(10)   Other: 0.2ms
[2023-04-10T17:35:23.154+0800][10.522s] GC(10) Eden regions: 285->0(282)
[2023-04-10T17:35:23.154+0800][10.522s] GC(10) Survivor regions: 22->25(39)
[2023-04-10T17:35:23.154+0800][10.522s] GC(10) Old regions: 18->20
[2023-04-10T17:35:23.154+0800][10.522s] GC(10) Humongous regions: 8->7
[2023-04-10T17:35:23.154+0800][10.522s] GC(10) Metaspace: 55281K(56912K)->55281K(56912K) NonClass: 48689K(49664K)->48689K(49664K) Class: 6591K(7248K)->6591K(7248K)
[2023-04-10T17:35:23.154+0800][10.522s] GC(10) Pause Young (Normal) (G1 Evacuation Pause) 331M->51M(512M) 7.253ms
[2023-04-10T17:35:23.154+0800][10.522s] GC(10) User=0.12s Sys=0.00s Real=0.01s
[2023-04-10T17:35:24.081+0800][11.449s] GC(11) Pause Young (Normal) (G1 Evacuation Pause)
[2023-04-10T17:35:24.081+0800][11.449s] GC(11) Using 8 workers of 8 for evacuation
[2023-04-10T17:35:24.090+0800][11.458s] GC(11)   Pre Evacuate Collection Set: 0.0ms
[2023-04-10T17:35:24.090+0800][11.458s] GC(11)   Evacuate Collection Set: 8.1ms
[2023-04-10T17:35:24.090+0800][11.458s] GC(11)   Post Evacuate Collection Set: 0.7ms
[2023-04-10T17:35:24.090+0800][11.458s] GC(11)   Other: 0.2ms
[2023-04-10T17:35:24.090+0800][11.458s] GC(11) Eden regions: 282->0(286)
[2023-04-10T17:35:24.090+0800][11.458s] GC(11) Survivor regions: 25->21(39)
[2023-04-10T17:35:24.090+0800][11.458s] GC(11) Old regions: 20->25
[2023-04-10T17:35:24.090+0800][11.458s] GC(11) Humongous regions: 25->13
[2023-04-10T17:35:24.090+0800][11.458s] GC(11) Metaspace: 56122K(57808K)->56122K(57808K) NonClass: 49470K(50432K)->49470K(50432K) Class: 6651K(7376K)->6651K(7376K)
[2023-04-10T17:35:24.090+0800][11.458s] GC(11) Pause Young (Normal) (G1 Evacuation Pause) 351M->57M(512M) 9.146ms
[2023-04-10T17:35:24.090+0800][11.458s] GC(11) User=0.03s Sys=0.02s Real=0.01s
[2023-04-10T17:35:25.768+0800][13.136s] GC(12) Pause Young (Normal) (G1 Evacuation Pause)
[2023-04-10T17:35:25.768+0800][13.136s] GC(12) Using 8 workers of 8 for evacuation
[2023-04-10T17:35:25.773+0800][13.141s] GC(12)   Pre Evacuate Collection Set: 0.0ms
[2023-04-10T17:35:25.773+0800][13.141s] GC(12)   Evacuate Collection Set: 4.6ms
[2023-04-10T17:35:25.773+0800][13.141s] GC(12)   Post Evacuate Collection Set: 0.7ms
[2023-04-10T17:35:25.773+0800][13.141s] GC(12)   Other: 0.2ms
[2023-04-10T17:35:25.773+0800][13.141s] GC(12) Eden regions: 286->0(295)
[2023-04-10T17:35:25.774+0800][13.141s] GC(12) Survivor regions: 21->12(39)
[2023-04-10T17:35:25.774+0800][13.141s] GC(12) Old regions: 25->25
[2023-04-10T17:35:25.774+0800][13.141s] GC(12) Humongous regions: 13->4
[2023-04-10T17:35:25.774+0800][13.141s] GC(12) Metaspace: 56205K(57808K)->56205K(57808K) NonClass: 49549K(50432K)->49549K(50432K) Class: 6656K(7376K)->6656K(7376K)
[2023-04-10T17:35:25.774+0800][13.141s] GC(12) Pause Young (Normal) (G1 Evacuation Pause) 343M->39M(512M) 5.741ms
[2023-04-10T17:35:25.774+0800][13.141s] GC(12) User=0.00s Sys=0.00s Real=0.01s
[2023-04-10T17:35:26.307+0800][13.676s] GC(13) Pause Young (Normal) (G1 Evacuation Pause)
[2023-04-10T17:35:26.307+0800][13.676s] GC(13) Using 8 workers of 8 for evacuation
[2023-04-10T17:35:26.313+0800][13.681s] GC(13)   Pre Evacuate Collection Set: 0.0ms
[2023-04-10T17:35:26.313+0800][13.681s] GC(13)   Evacuate Collection Set: 4.6ms
[2023-04-10T17:35:26.313+0800][13.681s] GC(13)   Post Evacuate Collection Set: 0.5ms
[2023-04-10T17:35:26.313+0800][13.681s] GC(13)   Other: 0.2ms
[2023-04-10T17:35:26.313+0800][13.681s] GC(13) Eden regions: 295->0(289)
[2023-04-10T17:35:26.313+0800][13.681s] GC(13) Survivor regions: 12->18(39)
[2023-04-10T17:35:26.313+0800][13.681s] GC(13) Old regions: 25->25
[2023-04-10T17:35:26.313+0800][13.681s] GC(13) Humongous regions: 7->6
[2023-04-10T17:35:26.313+0800][13.681s] GC(13) Metaspace: 56210K(57808K)->56210K(57808K) NonClass: 49553K(50432K)->49553K(50432K) Class: 6656K(7376K)->6656K(7376K)
[2023-04-10T17:35:26.313+0800][13.682s] GC(13) Pause Young (Normal) (G1 Evacuation Pause) 337M->47M(512M) 5.548ms
[2023-04-10T17:35:26.313+0800][13.682s] GC(13) User=0.02s Sys=0.00s Real=0.01s
[2023-04-10T17:35:26.751+0800][14.119s] GC(14) Pause Young (Normal) (G1 Evacuation Pause)
[2023-04-10T17:35:26.751+0800][14.119s] GC(14) Using 8 workers of 8 for evacuation
[2023-04-10T17:35:26.756+0800][14.124s] GC(14)   Pre Evacuate Collection Set: 0.0ms
[2023-04-10T17:35:26.756+0800][14.124s] GC(14)   Evacuate Collection Set: 4.0ms
[2023-04-10T17:35:26.756+0800][14.124s] GC(14)   Post Evacuate Collection Set: 0.8ms
[2023-04-10T17:35:26.756+0800][14.124s] GC(14)   Other: 0.2ms
[2023-04-10T17:35:26.756+0800][14.124s] GC(14) Eden regions: 289->0(288)
[2023-04-10T17:35:26.756+0800][14.124s] GC(14) Survivor regions: 18->19(39)
[2023-04-10T17:35:26.756+0800][14.124s] GC(14) Old regions: 25->25
[2023-04-10T17:35:26.757+0800][14.124s] GC(14) Humongous regions: 20->13
[2023-04-10T17:35:26.757+0800][14.124s] GC(14) Metaspace: 56210K(57808K)->56210K(57808K) NonClass: 49553K(50432K)->49553K(50432K) Class: 6656K(7376K)->6656K(7376K)
[2023-04-10T17:35:26.757+0800][14.124s] GC(14) Pause Young (Normal) (G1 Evacuation Pause) 350M->56M(512M) 5.270ms
[2023-04-10T17:35:26.757+0800][14.124s] GC(14) User=0.00s Sys=0.00s Real=0.01s
[2023-04-10T17:35:27.590+0800][14.958s] GC(15) Pause Young (Normal) (G1 Evacuation Pause)
[2023-04-10T17:35:27.590+0800][14.958s] GC(15) Using 8 workers of 8 for evacuation
[2023-04-10T17:35:27.597+0800][14.964s] GC(15)   Pre Evacuate Collection Set: 0.0ms
[2023-04-10T17:35:27.597+0800][14.964s] GC(15)   Evacuate Collection Set: 5.5ms
[2023-04-10T17:35:27.597+0800][14.964s] GC(15)   Post Evacuate Collection Set: 0.7ms
[2023-04-10T17:35:27.597+0800][14.965s] GC(15)   Other: 0.2ms
[2023-04-10T17:35:27.597+0800][14.965s] GC(15) Eden regions: 288->0(288)
[2023-04-10T17:35:27.597+0800][14.965s] GC(15) Survivor regions: 19->19(39)
[2023-04-10T17:35:27.597+0800][14.965s] GC(15) Old regions: 25->25
[2023-04-10T17:35:27.597+0800][14.965s] GC(15) Humongous regions: 18->13
[2023-04-10T17:35:27.597+0800][14.965s] GC(15) Metaspace: 56237K(57808K)->56237K(57808K) NonClass: 49580K(50432K)->49580K(50432K) Class: 6656K(7376K)->6656K(7376K)
[2023-04-10T17:35:27.597+0800][14.965s] GC(15) Pause Young (Normal) (G1 Evacuation Pause) 349M->55M(512M) 6.732ms
[2023-04-10T17:35:27.597+0800][14.965s] GC(15) User=0.00s Sys=0.00s Real=0.01s
[2023-04-10T17:35:28.036+0800][15.404s] GC(16) Pause Young (Normal) (G1 Evacuation Pause)
[2023-04-10T17:35:28.036+0800][15.404s] GC(16) Using 8 workers of 8 for evacuation
[2023-04-10T17:35:28.040+0800][15.409s] GC(16)   Pre Evacuate Collection Set: 0.0ms
[2023-04-10T17:35:28.040+0800][15.409s] GC(16)   Evacuate Collection Set: 3.5ms
[2023-04-10T17:35:28.040+0800][15.409s] GC(16)   Post Evacuate Collection Set: 0.7ms
[2023-04-10T17:35:28.040+0800][15.409s] GC(16)   Other: 0.1ms
[2023-04-10T17:35:28.040+0800][15.409s] GC(16) Eden regions: 288->0(292)
[2023-04-10T17:35:28.040+0800][15.409s] GC(16) Survivor regions: 19->15(39)
[2023-04-10T17:35:28.040+0800][15.409s] GC(16) Old regions: 25->25
[2023-04-10T17:35:28.040+0800][15.409s] GC(16) Humongous regions: 14->5
[2023-04-10T17:35:28.040+0800][15.409s] GC(16) Metaspace: 56239K(57808K)->56239K(57808K) NonClass: 49582K(50432K)->49582K(50432K) Class: 6657K(7376K)->6657K(7376K)
[2023-04-10T17:35:28.040+0800][15.409s] GC(16) Pause Young (Normal) (G1 Evacuation Pause) 344M->44M(512M) 4.574ms
[2023-04-10T17:35:28.040+0800][15.409s] GC(16) User=0.00s Sys=0.00s Real=0.00s
[2023-04-10T17:35:28.426+0800][15.794s] GC(17) Pause Young (Normal) (G1 Evacuation Pause)
[2023-04-10T17:35:28.426+0800][15.794s] GC(17) Using 8 workers of 8 for evacuation
[2023-04-10T17:35:28.431+0800][15.798s] GC(17)   Pre Evacuate Collection Set: 0.0ms
[2023-04-10T17:35:28.431+0800][15.798s] GC(17)   Evacuate Collection Set: 3.9ms
[2023-04-10T17:35:28.431+0800][15.798s] GC(17)   Post Evacuate Collection Set: 0.7ms
[2023-04-10T17:35:28.431+0800][15.798s] GC(17)   Other: 0.2ms
[2023-04-10T17:35:28.431+0800][15.798s] GC(17) Eden regions: 292->0(290)
[2023-04-10T17:35:28.431+0800][15.798s] GC(17) Survivor regions: 15->17(39)
[2023-04-10T17:35:28.431+0800][15.798s] GC(17) Old regions: 25->25
[2023-04-10T17:35:28.431+0800][15.798s] GC(17) Humongous regions: 13->12
[2023-04-10T17:35:28.431+0800][15.798s] GC(17) Metaspace: 56239K(57808K)->56239K(57808K) NonClass: 49582K(50432K)->49582K(50432K) Class: 6657K(7376K)->6657K(7376K)
[2023-04-10T17:35:28.431+0800][15.799s] GC(17) Pause Young (Normal) (G1 Evacuation Pause) 344M->53M(512M) 4.963ms
[2023-04-10T17:35:28.431+0800][15.799s] GC(17) User=0.00s Sys=0.00s Real=0.00s
[2023-04-10T17:35:29.526+0800][16.893s] GC(18) Pause Young (Normal) (G1 Evacuation Pause)
[2023-04-10T17:35:29.526+0800][16.893s] GC(18) Using 8 workers of 8 for evacuation
[2023-04-10T17:35:29.531+0800][16.899s] GC(18)   Pre Evacuate Collection Set: 0.0ms
[2023-04-10T17:35:29.531+0800][16.899s] GC(18)   Evacuate Collection Set: 4.8ms
[2023-04-10T17:35:29.531+0800][16.899s] GC(18)   Post Evacuate Collection Set: 0.6ms
[2023-04-10T17:35:29.531+0800][16.899s] GC(18)   Other: 0.2ms
[2023-04-10T17:35:29.531+0800][16.899s] GC(18) Eden regions: 290->0(288)
[2023-04-10T17:35:29.531+0800][16.899s] GC(18) Survivor regions: 17->19(39)
[2023-04-10T17:35:29.531+0800][16.899s] GC(18) Old regions: 25->25
[2023-04-10T17:35:29.531+0800][16.899s] GC(18) Humongous regions: 25->13
[2023-04-10T17:35:29.531+0800][16.899s] GC(18) Metaspace: 56245K(57808K)->56245K(57808K) NonClass: 49587K(50432K)->49587K(50432K) Class: 6657K(7376K)->6657K(7376K)
[2023-04-10T17:35:29.531+0800][16.899s] GC(18) Pause Young (Normal) (G1 Evacuation Pause) 356M->56M(512M) 5.880ms
[2023-04-10T17:35:29.531+0800][16.899s] GC(18) User=0.11s Sys=0.00s Real=0.00s
[2023-04-10T17:35:30.214+0800][17.582s] GC(19) Pause Young (Normal) (G1 Evacuation Pause)
[2023-04-10T17:35:30.214+0800][17.582s] GC(19) Using 8 workers of 8 for evacuation
[2023-04-10T17:35:30.219+0800][17.587s] GC(19)   Pre Evacuate Collection Set: 0.0ms
[2023-04-10T17:35:30.219+0800][17.587s] GC(19)   Evacuate Collection Set: 4.3ms
[2023-04-10T17:35:30.219+0800][17.587s] GC(19)   Post Evacuate Collection Set: 0.6ms
[2023-04-10T17:35:30.219+0800][17.587s] GC(19)   Other: 0.2ms
[2023-04-10T17:35:30.219+0800][17.587s] GC(19) Eden regions: 288->0(294)
[2023-04-10T17:35:30.219+0800][17.587s] GC(19) Survivor regions: 19->13(39)
[2023-04-10T17:35:30.220+0800][17.587s] GC(19) Old regions: 25->25
[2023-04-10T17:35:30.220+0800][17.587s] GC(19) Humongous regions: 14->5
[2023-04-10T17:35:30.220+0800][17.587s] GC(19) Metaspace: 56250K(57808K)->56250K(57808K) NonClass: 49592K(50432K)->49592K(50432K) Class: 6657K(7376K)->6657K(7376K)
[2023-04-10T17:35:30.220+0800][17.587s] GC(19) Pause Young (Normal) (G1 Evacuation Pause) 345M->41M(512M) 5.365ms
[2023-04-10T17:35:30.220+0800][17.587s] GC(19) User=0.08s Sys=0.00s Real=0.01s
[2023-04-10T17:35:30.665+0800][18.033s] GC(20) Pause Young (Normal) (G1 Evacuation Pause)
[2023-04-10T17:35:30.666+0800][18.033s] GC(20) Using 8 workers of 8 for evacuation
[2023-04-10T17:35:30.670+0800][18.038s] GC(20)   Pre Evacuate Collection Set: 0.0ms
[2023-04-10T17:35:30.670+0800][18.038s] GC(20)   Evacuate Collection Set: 3.9ms
[2023-04-10T17:35:30.670+0800][18.038s] GC(20)   Post Evacuate Collection Set: 0.8ms
[2023-04-10T17:35:30.670+0800][18.038s] GC(20)   Other: 0.2ms
[2023-04-10T17:35:30.670+0800][18.038s] GC(20) Eden regions: 294->0(288)
[2023-04-10T17:35:30.670+0800][18.038s] GC(20) Survivor regions: 13->19(39)
[2023-04-10T17:35:30.670+0800][18.038s] GC(20) Old regions: 25->25
[2023-04-10T17:35:30.670+0800][18.038s] GC(20) Humongous regions: 8->7
[2023-04-10T17:35:30.670+0800][18.038s] GC(20) Metaspace: 56251K(57808K)->56251K(57808K) NonClass: 49593K(50432K)->49593K(50432K) Class: 6657K(7376K)->6657K(7376K)
[2023-04-10T17:35:30.670+0800][18.038s] GC(20) Pause Young (Normal) (G1 Evacuation Pause) 338M->49M(512M) 5.054ms
[2023-04-10T17:35:30.670+0800][18.038s] GC(20) User=0.12s Sys=0.00s Real=0.01s
[2023-04-10T17:35:31.282+0800][18.651s] GC(21) Pause Young (Normal) (G1 Evacuation Pause)
[2023-04-10T17:35:31.282+0800][18.651s] GC(21) Using 8 workers of 8 for evacuation
[2023-04-10T17:35:31.288+0800][18.656s] GC(21)   Pre Evacuate Collection Set: 0.0ms
[2023-04-10T17:35:31.288+0800][18.656s] GC(21)   Evacuate Collection Set: 4.4ms
[2023-04-10T17:35:31.288+0800][18.656s] GC(21)   Post Evacuate Collection Set: 0.6ms
[2023-04-10T17:35:31.288+0800][18.656s] GC(21)   Other: 0.2ms
[2023-04-10T17:35:31.288+0800][18.656s] GC(21) Eden regions: 288->0(288)
[2023-04-10T17:35:31.288+0800][18.656s] GC(21) Survivor regions: 19->19(39)
[2023-04-10T17:35:31.288+0800][18.656s] GC(21) Old regions: 25->25
[2023-04-10T17:35:31.288+0800][18.656s] GC(21) Humongous regions: 25->13
[2023-04-10T17:35:31.288+0800][18.656s] GC(21) Metaspace: 56251K(57808K)->56251K(57808K) NonClass: 49594K(50432K)->49594K(50432K) Class: 6657K(7376K)->6657K(7376K)
[2023-04-10T17:35:31.288+0800][18.656s] GC(21) Pause Young (Normal) (G1 Evacuation Pause) 355M->56M(512M) 5.515ms
[2023-04-10T17:35:31.288+0800][18.656s] GC(21) User=0.00s Sys=0.00s Real=0.01s
[2023-04-10T17:35:31.740+0800][19.108s] GC(22) Pause Young (Normal) (G1 Evacuation Pause)
[2023-04-10T17:35:31.740+0800][19.108s] GC(22) Using 8 workers of 8 for evacuation
[2023-04-10T17:35:31.744+0800][19.113s] GC(22)   Pre Evacuate Collection Set: 0.0ms
[2023-04-10T17:35:31.745+0800][19.113s] GC(22)   Evacuate Collection Set: 4.2ms
[2023-04-10T17:35:31.745+0800][19.113s] GC(22)   Post Evacuate Collection Set: 0.6ms
[2023-04-10T17:35:31.745+0800][19.113s] GC(22)   Other: 0.2ms
[2023-04-10T17:35:31.745+0800][19.113s] GC(22) Eden regions: 288->0(295)
[2023-04-10T17:35:31.745+0800][19.113s] GC(22) Survivor regions: 19->12(39)
[2023-04-10T17:35:31.745+0800][19.113s] GC(22) Old regions: 25->25
[2023-04-10T17:35:31.745+0800][19.113s] GC(22) Humongous regions: 13->4
[2023-04-10T17:35:31.745+0800][19.113s] GC(22) Metaspace: 56253K(57808K)->56253K(57808K) NonClass: 49596K(50432K)->49596K(50432K) Class: 6657K(7376K)->6657K(7376K)
[2023-04-10T17:35:31.745+0800][19.113s] GC(22) Pause Young (Normal) (G1 Evacuation Pause) 344M->39M(512M) 5.206ms
[2023-04-10T17:35:31.745+0800][19.113s] GC(22) User=0.00s Sys=0.00s Real=0.00s
[2023-04-10T17:35:32.136+0800][19.504s] GC(23) Pause Young (Normal) (G1 Evacuation Pause)
[2023-04-10T17:35:32.136+0800][19.504s] GC(23) Using 8 workers of 8 for evacuation
[2023-04-10T17:35:32.141+0800][19.509s] GC(23)   Pre Evacuate Collection Set: 0.0ms
[2023-04-10T17:35:32.141+0800][19.509s] GC(23)   Evacuate Collection Set: 3.9ms
[2023-04-10T17:35:32.141+0800][19.509s] GC(23)   Post Evacuate Collection Set: 0.7ms
[2023-04-10T17:35:32.141+0800][19.509s] GC(23)   Other: 0.1ms
[2023-04-10T17:35:32.141+0800][19.509s] GC(23) Eden regions: 295->0(298)
[2023-04-10T17:35:32.141+0800][19.509s] GC(23) Survivor regions: 12->9(39)
[2023-04-10T17:35:32.141+0800][19.509s] GC(23) Old regions: 25->33
[2023-04-10T17:35:32.141+0800][19.509s] GC(23) Humongous regions: 7->6
[2023-04-10T17:35:32.141+0800][19.509s] GC(23) Metaspace: 56253K(57808K)->56253K(57808K) NonClass: 49596K(50432K)->49596K(50432K) Class: 6657K(7376K)->6657K(7376K)
[2023-04-10T17:35:32.141+0800][19.509s] GC(23) Pause Young (Normal) (G1 Evacuation Pause) 337M->47M(512M) 4.904ms
[2023-04-10T17:35:32.141+0800][19.509s] GC(23) User=0.00s Sys=0.00s Real=0.01s
[2023-04-10T17:35:32.556+0800][19.924s] GC(24) Pause Young (Normal) (G1 Evacuation Pause)
[2023-04-10T17:35:32.556+0800][19.924s] GC(24) Using 8 workers of 8 for evacuation
[2023-04-10T17:35:32.558+0800][19.926s] GC(24)   Pre Evacuate Collection Set: 0.0ms
[2023-04-10T17:35:32.558+0800][19.926s] GC(24)   Evacuate Collection Set: 1.3ms
[2023-04-10T17:35:32.558+0800][19.926s] GC(24)   Post Evacuate Collection Set: 0.7ms
[2023-04-10T17:35:32.558+0800][19.926s] GC(24)   Other: 0.2ms
[2023-04-10T17:35:32.558+0800][19.926s] GC(24) Eden regions: 298->0(297)
[2023-04-10T17:35:32.558+0800][19.926s] GC(24) Survivor regions: 9->10(39)
[2023-04-10T17:35:32.558+0800][19.926s] GC(24) Old regions: 33->34
[2023-04-10T17:35:32.558+0800][19.927s] GC(24) Humongous regions: 20->13
[2023-04-10T17:35:32.558+0800][19.927s] GC(24) Metaspace: 56253K(57808K)->56253K(57808K) NonClass: 49596K(50432K)->49596K(50432K) Class: 6657K(7376K)->6657K(7376K)
[2023-04-10T17:35:32.558+0800][19.927s] GC(24) Pause Young (Normal) (G1 Evacuation Pause) 359M->56M(512M) 2.313ms
[2023-04-10T17:35:32.558+0800][19.927s] GC(24) User=0.02s Sys=0.00s Real=0.00s
[2023-04-10T17:35:33.150+0800][20.517s] GC(25) Pause Young (Normal) (G1 Evacuation Pause)
[2023-04-10T17:35:33.150+0800][20.517s] GC(25) Using 8 workers of 8 for evacuation
[2023-04-10T17:35:33.151+0800][20.519s] GC(25)   Pre Evacuate Collection Set: 0.0ms
[2023-04-10T17:35:33.151+0800][20.519s] GC(25)   Evacuate Collection Set: 0.6ms
[2023-04-10T17:35:33.151+0800][20.519s] GC(25)   Post Evacuate Collection Set: 0.5ms
[2023-04-10T17:35:33.151+0800][20.519s] GC(25)   Other: 0.1ms
[2023-04-10T17:35:33.151+0800][20.519s] GC(25) Eden regions: 297->0(306)
[2023-04-10T17:35:33.151+0800][20.519s] GC(25) Survivor regions: 10->1(39)
[2023-04-10T17:35:33.151+0800][20.519s] GC(25) Old regions: 34->34
[2023-04-10T17:35:33.151+0800][20.519s] GC(25) Humongous regions: 18->4
[2023-04-10T17:35:33.151+0800][20.519s] GC(25) Metaspace: 56258K(57808K)->56258K(57808K) NonClass: 49601K(50432K)->49601K(50432K) Class: 6657K(7376K)->6657K(7376K)
[2023-04-10T17:35:33.151+0800][20.519s] GC(25) Pause Young (Normal) (G1 Evacuation Pause) 358M->38M(512M) 1.375ms
[2023-04-10T17:35:33.151+0800][20.519s] GC(25) User=0.00s Sys=0.00s Real=0.00s
[2023-04-10T17:35:33.587+0800][20.954s] GC(26) Pause Young (Normal) (G1 Evacuation Pause)
[2023-04-10T17:35:33.587+0800][20.954s] GC(26) Using 8 workers of 8 for evacuation
[2023-04-10T17:35:33.588+0800][20.956s] GC(26)   Pre Evacuate Collection Set: 0.0ms
[2023-04-10T17:35:33.588+0800][20.956s] GC(26)   Evacuate Collection Set: 0.9ms
[2023-04-10T17:35:33.588+0800][20.956s] GC(26)   Post Evacuate Collection Set: 0.6ms
[2023-04-10T17:35:33.588+0800][20.956s] GC(26)   Other: 0.2ms
[2023-04-10T17:35:33.588+0800][20.956s] GC(26) Eden regions: 306->0(300)
[2023-04-10T17:35:33.588+0800][20.956s] GC(26) Survivor regions: 1->7(39)
[2023-04-10T17:35:33.588+0800][20.956s] GC(26) Old regions: 34->34
[2023-04-10T17:35:33.588+0800][20.956s] GC(26) Humongous regions: 7->6
[2023-04-10T17:35:33.588+0800][20.956s] GC(26) Metaspace: 56258K(57808K)->56258K(57808K) NonClass: 49601K(50432K)->49601K(50432K) Class: 6657K(7376K)->6657K(7376K)
[2023-04-10T17:35:33.588+0800][20.956s] GC(26) Pause Young (Normal) (G1 Evacuation Pause) 347M->46M(512M) 1.813ms
[2023-04-10T17:35:33.588+0800][20.956s] GC(26) User=0.00s Sys=0.00s Real=0.00s
[2023-04-10T17:35:34.066+0800][21.435s] GC(27) Pause Young (Normal) (G1 Evacuation Pause)
[2023-04-10T17:35:34.066+0800][21.435s] GC(27) Using 8 workers of 8 for evacuation
[2023-04-10T17:35:34.068+0800][21.436s] GC(27)   Pre Evacuate Collection Set: 0.0ms
[2023-04-10T17:35:34.068+0800][21.437s] GC(27)   Evacuate Collection Set: 1.0ms
[2023-04-10T17:35:34.068+0800][21.437s] GC(27)   Post Evacuate Collection Set: 0.7ms
[2023-04-10T17:35:34.068+0800][21.437s] GC(27)   Other: 0.2ms
[2023-04-10T17:35:34.068+0800][21.437s] GC(27) Eden regions: 300->0(298)
[2023-04-10T17:35:34.068+0800][21.437s] GC(27) Survivor regions: 7->9(39)
[2023-04-10T17:35:34.068+0800][21.437s] GC(27) Old regions: 34->34
[2023-04-10T17:35:34.068+0800][21.437s] GC(27) Humongous regions: 15->13
[2023-04-10T17:35:34.068+0800][21.437s] GC(27) Metaspace: 56258K(57808K)->56258K(57808K) NonClass: 49601K(50432K)->49601K(50432K) Class: 6657K(7376K)->6657K(7376K)
[2023-04-10T17:35:34.068+0800][21.437s] GC(27) Pause Young (Normal) (G1 Evacuation Pause) 355M->55M(512M) 2.183ms
[2023-04-10T17:35:34.068+0800][21.437s] GC(27) User=0.00s Sys=0.00s Real=0.00s
[2023-04-10T17:35:34.779+0800][22.148s] GC(28) Pause Young (Normal) (G1 Evacuation Pause)
[2023-04-10T17:35:34.779+0800][22.148s] GC(28) Using 8 workers of 8 for evacuation
[2023-04-10T17:35:34.781+0800][22.149s] GC(28)   Pre Evacuate Collection Set: 0.0ms
[2023-04-10T17:35:34.781+0800][22.149s] GC(28)   Evacuate Collection Set: 1.1ms
[2023-04-10T17:35:34.781+0800][22.149s] GC(28)   Post Evacuate Collection Set: 0.4ms
[2023-04-10T17:35:34.781+0800][22.149s] GC(28)   Other: 0.2ms
[2023-04-10T17:35:34.781+0800][22.149s] GC(28) Eden regions: 298->0(296)
[2023-04-10T17:35:34.781+0800][22.149s] GC(28) Survivor regions: 9->11(39)
[2023-04-10T17:35:34.781+0800][22.149s] GC(28) Old regions: 34->34
[2023-04-10T17:35:34.781+0800][22.149s] GC(28) Humongous regions: 23->13
[2023-04-10T17:35:34.781+0800][22.150s] GC(28) Metaspace: 56261K(57808K)->56261K(57808K) NonClass: 49603K(50432K)->49603K(50432K) Class: 6657K(7376K)->6657K(7376K)
[2023-04-10T17:35:34.781+0800][22.150s] GC(28) Pause Young (Normal) (G1 Evacuation Pause) 363M->56M(512M) 2.029ms
[2023-04-10T17:35:34.781+0800][22.150s] GC(28) User=0.00s Sys=0.00s Real=0.00s
[2023-04-10T17:35:35.423+0800][22.791s] GC(29) Pause Young (Normal) (G1 Evacuation Pause)
[2023-04-10T17:35:35.423+0800][22.791s] GC(29) Using 8 workers of 8 for evacuation
[2023-04-10T17:35:35.424+0800][22.792s] GC(29)   Pre Evacuate Collection Set: 0.0ms
[2023-04-10T17:35:35.424+0800][22.792s] GC(29)   Evacuate Collection Set: 0.6ms
[2023-04-10T17:35:35.424+0800][22.792s] GC(29)   Post Evacuate Collection Set: 0.5ms
[2023-04-10T17:35:35.424+0800][22.792s] GC(29)   Other: 0.2ms
[2023-04-10T17:35:35.424+0800][22.792s] GC(29) Eden regions: 296->0(301)
[2023-04-10T17:35:35.425+0800][22.792s] GC(29) Survivor regions: 11->6(39)
[2023-04-10T17:35:35.425+0800][22.792s] GC(29) Old regions: 34->34
[2023-04-10T17:35:35.425+0800][22.793s] GC(29) Humongous regions: 14->5
[2023-04-10T17:35:35.425+0800][22.793s] GC(29) Metaspace: 56276K(57808K)->56276K(57808K) NonClass: 49619K(50432K)->49619K(50432K) Class: 6657K(7376K)->6657K(7376K)
[2023-04-10T17:35:35.425+0800][22.793s] GC(29) Pause Young (Normal) (G1 Evacuation Pause) 353M->43M(512M) 1.494ms
[2023-04-10T17:35:35.425+0800][22.793s] GC(29) User=0.00s Sys=0.00s Real=0.00s
[2023-04-10T17:35:35.845+0800][23.213s] GC(30) Pause Young (Normal) (G1 Evacuation Pause)
[2023-04-10T17:35:35.845+0800][23.213s] GC(30) Using 8 workers of 8 for evacuation
[2023-04-10T17:35:35.847+0800][23.215s] GC(30)   Pre Evacuate Collection Set: 0.0ms
[2023-04-10T17:35:35.847+0800][23.215s] GC(30)   Evacuate Collection Set: 1.3ms
[2023-04-10T17:35:35.847+0800][23.215s] GC(30)   Post Evacuate Collection Set: 0.7ms
[2023-04-10T17:35:35.847+0800][23.215s] GC(30)   Other: 0.2ms
[2023-04-10T17:35:35.847+0800][23.215s] GC(30) Eden regions: 301->0(296)
[2023-04-10T17:35:35.847+0800][23.215s] GC(30) Survivor regions: 6->11(39)
[2023-04-10T17:35:35.847+0800][23.215s] GC(30) Old regions: 34->34
[2023-04-10T17:35:35.847+0800][23.215s] GC(30) Humongous regions: 8->7
[2023-04-10T17:35:35.847+0800][23.215s] GC(30) Metaspace: 56276K(57808K)->56276K(57808K) NonClass: 49619K(50432K)->49619K(50432K) Class: 6657K(7376K)->6657K(7376K)
[2023-04-10T17:35:35.847+0800][23.215s] GC(30) Pause Young (Normal) (G1 Evacuation Pause) 347M->50M(512M) 2.388ms
[2023-04-10T17:35:35.847+0800][23.215s] GC(30) User=0.00s Sys=0.00s Real=0.00s
[2023-04-10T17:35:36.886+0800][24.255s] GC(31) Pause Young (Normal) (G1 Evacuation Pause)
[2023-04-10T17:35:36.886+0800][24.255s] GC(31) Using 8 workers of 8 for evacuation
[2023-04-10T17:35:36.888+0800][24.256s] GC(31)   Pre Evacuate Collection Set: 0.0ms
[2023-04-10T17:35:36.888+0800][24.256s] GC(31)   Evacuate Collection Set: 1.1ms
[2023-04-10T17:35:36.888+0800][24.256s] GC(31)   Post Evacuate Collection Set: 0.5ms
[2023-04-10T17:35:36.888+0800][24.257s] GC(31)   Other: 0.2ms
[2023-04-10T17:35:36.888+0800][24.257s] GC(31) Eden regions: 296->0(296)
[2023-04-10T17:35:36.888+0800][24.257s] GC(31) Survivor regions: 11->11(39)
[2023-04-10T17:35:36.888+0800][24.257s] GC(31) Old regions: 34->34
[2023-04-10T17:35:36.888+0800][24.257s] GC(31) Humongous regions: 25->13
[2023-04-10T17:35:36.888+0800][24.257s] GC(31) Metaspace: 56280K(57808K)->56280K(57808K) NonClass: 49622K(50432K)->49622K(50432K) Class: 6657K(7376K)->6657K(7376K)
[2023-04-10T17:35:36.888+0800][24.257s] GC(31) Pause Young (Normal) (G1 Evacuation Pause) 364M->56M(512M) 1.953ms
[2023-04-10T17:35:36.888+0800][24.257s] GC(31) User=0.00s Sys=0.00s Real=0.00s
[2023-04-10T17:35:37.376+0800][24.744s] GC(32) Pause Young (Normal) (G1 Evacuation Pause)
[2023-04-10T17:35:37.376+0800][24.744s] GC(32) Using 8 workers of 8 for evacuation
[2023-04-10T17:35:37.378+0800][24.746s] GC(32)   Pre Evacuate Collection Set: 0.0ms
[2023-04-10T17:35:37.378+0800][24.746s] GC(32)   Evacuate Collection Set: 0.5ms
[2023-04-10T17:35:37.378+0800][24.746s] GC(32)   Post Evacuate Collection Set: 0.7ms
[2023-04-10T17:35:37.378+0800][24.746s] GC(32)   Other: 0.2ms
[2023-04-10T17:35:37.378+0800][24.746s] GC(32) Eden regions: 296->0(303)
[2023-04-10T17:35:37.378+0800][24.746s] GC(32) Survivor regions: 11->4(39)
[2023-04-10T17:35:37.378+0800][24.746s] GC(32) Old regions: 34->34
[2023-04-10T17:35:37.378+0800][24.746s] GC(32) Humongous regions: 14->5
[2023-04-10T17:35:37.378+0800][24.746s] GC(32) Metaspace: 56288K(57808K)->56288K(57808K) NonClass: 49630K(50432K)->49630K(50432K) Class: 6657K(7376K)->6657K(7376K)
[2023-04-10T17:35:37.378+0800][24.746s] GC(32) Pause Young (Normal) (G1 Evacuation Pause) 353M->42M(512M) 1.713ms
[2023-04-10T17:35:37.378+0800][24.746s] GC(32) User=0.00s Sys=0.00s Real=0.00s
[2023-04-10T17:35:37.897+0800][25.265s] GC(33) Pause Young (Normal) (G1 Evacuation Pause)
[2023-04-10T17:35:37.897+0800][25.265s] GC(33) Using 8 workers of 8 for evacuation
[2023-04-10T17:35:37.899+0800][25.267s] GC(33)   Pre Evacuate Collection Set: 0.0ms
[2023-04-10T17:35:37.899+0800][25.267s] GC(33)   Evacuate Collection Set: 0.9ms
[2023-04-10T17:35:37.899+0800][25.267s] GC(33)   Post Evacuate Collection Set: 0.7ms
[2023-04-10T17:35:37.899+0800][25.267s] GC(33)   Other: 0.2ms
[2023-04-10T17:35:37.899+0800][25.267s] GC(33) Eden regions: 303->0(297)
[2023-04-10T17:35:37.899+0800][25.267s] GC(33) Survivor regions: 4->10(39)
[2023-04-10T17:35:37.899+0800][25.267s] GC(33) Old regions: 34->34
[2023-04-10T17:35:37.899+0800][25.267s] GC(33) Humongous regions: 8->7
[2023-04-10T17:35:37.899+0800][25.267s] GC(33) Metaspace: 56288K(57808K)->56288K(57808K) NonClass: 49630K(50432K)->49630K(50432K) Class: 6657K(7376K)->6657K(7376K)
[2023-04-10T17:35:37.899+0800][25.267s] GC(33) Pause Young (Normal) (G1 Evacuation Pause) 348M->49M(512M) 1.934ms
[2023-04-10T17:35:37.899+0800][25.267s] GC(33) User=0.00s Sys=0.00s Real=0.00s
[2023-04-10T17:35:38.557+0800][25.925s] GC(34) Pause Young (Normal) (G1 Evacuation Pause)
[2023-04-10T17:35:38.557+0800][25.925s] GC(34) Using 8 workers of 8 for evacuation
[2023-04-10T17:35:38.559+0800][25.927s] GC(34)   Pre Evacuate Collection Set: 0.0ms
[2023-04-10T17:35:38.559+0800][25.927s] GC(34)   Evacuate Collection Set: 1.2ms
[2023-04-10T17:35:38.559+0800][25.927s] GC(34)   Post Evacuate Collection Set: 0.5ms
[2023-04-10T17:35:38.559+0800][25.927s] GC(34)   Other: 0.2ms
[2023-04-10T17:35:38.559+0800][25.927s] GC(34) Eden regions: 297->0(296)
[2023-04-10T17:35:38.559+0800][25.927s] GC(34) Survivor regions: 10->11(39)
[2023-04-10T17:35:38.559+0800][25.927s] GC(34) Old regions: 34->34
[2023-04-10T17:35:38.559+0800][25.927s] GC(34) Humongous regions: 25->13
[2023-04-10T17:35:38.559+0800][25.927s] GC(34) Metaspace: 56288K(57808K)->56288K(57808K) NonClass: 49630K(50432K)->49630K(50432K) Class: 6657K(7376K)->6657K(7376K)
[2023-04-10T17:35:38.559+0800][25.927s] GC(34) Pause Young (Normal) (G1 Evacuation Pause) 364M->56M(512M) 2.095ms
[2023-04-10T17:35:38.559+0800][25.927s] GC(34) User=0.11s Sys=0.00s Real=0.00s
[2023-04-10T17:35:39.035+0800][26.402s] GC(35) Pause Young (Normal) (G1 Evacuation Pause)
[2023-04-10T17:35:39.035+0800][26.403s] GC(35) Using 8 workers of 8 for evacuation
[2023-04-10T17:35:39.036+0800][26.404s] GC(35)   Pre Evacuate Collection Set: 0.0ms
[2023-04-10T17:35:39.036+0800][26.404s] GC(35)   Evacuate Collection Set: 0.5ms
[2023-04-10T17:35:39.036+0800][26.404s] GC(35)   Post Evacuate Collection Set: 0.6ms
[2023-04-10T17:35:39.036+0800][26.404s] GC(35)   Other: 0.2ms
[2023-04-10T17:35:39.036+0800][26.404s] GC(35) Eden regions: 296->0(304)
[2023-04-10T17:35:39.036+0800][26.404s] GC(35) Survivor regions: 11->3(39)
[2023-04-10T17:35:39.036+0800][26.404s] GC(35) Old regions: 34->34
[2023-04-10T17:35:39.036+0800][26.404s] GC(35) Humongous regions: 13->4
[2023-04-10T17:35:39.036+0800][26.404s] GC(35) Metaspace: 56292K(57808K)->56292K(57808K) NonClass: 49635K(50432K)->49635K(50432K) Class: 6657K(7376K)->6657K(7376K)
[2023-04-10T17:35:39.036+0800][26.404s] GC(35) Pause Young (Normal) (G1 Evacuation Pause) 352M->40M(512M) 1.401ms
[2023-04-10T17:35:39.036+0800][26.404s] GC(35) User=0.00s Sys=0.00s Real=0.00s
[2023-04-10T17:35:39.500+0800][26.869s] GC(36) Pause Young (Normal) (G1 Evacuation Pause)
[2023-04-10T17:35:39.501+0800][26.869s] GC(36) Using 8 workers of 8 for evacuation
[2023-04-10T17:35:39.502+0800][26.870s] GC(36)   Pre Evacuate Collection Set: 0.0ms
[2023-04-10T17:35:39.502+0800][26.870s] GC(36)   Evacuate Collection Set: 0.9ms
[2023-04-10T17:35:39.502+0800][26.870s] GC(36)   Post Evacuate Collection Set: 0.5ms
[2023-04-10T17:35:39.502+0800][26.870s] GC(36)   Other: 0.2ms
[2023-04-10T17:35:39.502+0800][26.870s] GC(36) Eden regions: 304->0(298)
[2023-04-10T17:35:39.502+0800][26.870s] GC(36) Survivor regions: 3->9(39)
[2023-04-10T17:35:39.502+0800][26.870s] GC(36) Old regions: 34->34
[2023-04-10T17:35:39.502+0800][26.870s] GC(36) Humongous regions: 7->6
[2023-04-10T17:35:39.502+0800][26.871s] GC(36) Metaspace: 56292K(57808K)->56292K(57808K) NonClass: 49635K(50432K)->49635K(50432K) Class: 6657K(7376K)->6657K(7376K)
[2023-04-10T17:35:39.502+0800][26.871s] GC(36) Pause Young (Normal) (G1 Evacuation Pause) 347M->47M(512M) 1.915ms
[2023-04-10T17:35:39.502+0800][26.871s] GC(36) User=0.00s Sys=0.00s Real=0.00s
[2023-04-10T17:35:39.955+0800][27.323s] GC(37) Pause Young (Normal) (G1 Evacuation Pause)
[2023-04-10T17:35:39.955+0800][27.323s] GC(37) Using 8 workers of 8 for evacuation
[2023-04-10T17:35:39.957+0800][27.325s] GC(37)   Pre Evacuate Collection Set: 0.0ms
[2023-04-10T17:35:39.957+0800][27.325s] GC(37)   Evacuate Collection Set: 1.2ms
[2023-04-10T17:35:39.957+0800][27.325s] GC(37)   Post Evacuate Collection Set: 0.6ms
[2023-04-10T17:35:39.957+0800][27.325s] GC(37)   Other: 0.2ms
[2023-04-10T17:35:39.957+0800][27.325s] GC(37) Eden regions: 298->0(296)
[2023-04-10T17:35:39.957+0800][27.325s] GC(37) Survivor regions: 9->11(39)
[2023-04-10T17:35:39.957+0800][27.325s] GC(37) Old regions: 34->34
[2023-04-10T17:35:39.957+0800][27.325s] GC(37) Humongous regions: 20->13
[2023-04-10T17:35:39.957+0800][27.325s] GC(37) Metaspace: 56292K(57808K)->56292K(57808K) NonClass: 49635K(50432K)->49635K(50432K) Class: 6657K(7376K)->6657K(7376K)
[2023-04-10T17:35:39.957+0800][27.325s] GC(37) Pause Young (Normal) (G1 Evacuation Pause) 359M->56M(512M) 2.131ms
[2023-04-10T17:35:39.957+0800][27.325s] GC(37) User=0.00s Sys=0.00s Real=0.00s
[2023-04-10T17:35:40.661+0800][28.029s] GC(38) Pause Young (Normal) (G1 Evacuation Pause)
[2023-04-10T17:35:40.661+0800][28.029s] GC(38) Using 8 workers of 8 for evacuation
[2023-04-10T17:35:40.662+0800][28.030s] GC(38)   Pre Evacuate Collection Set: 0.0ms
[2023-04-10T17:35:40.662+0800][28.030s] GC(38)   Evacuate Collection Set: 0.4ms
[2023-04-10T17:35:40.662+0800][28.030s] GC(38)   Post Evacuate Collection Set: 0.4ms
[2023-04-10T17:35:40.662+0800][28.030s] GC(38)   Other: 0.2ms
[2023-04-10T17:35:40.662+0800][28.030s] GC(38) Eden regions: 296->0(306)
[2023-04-10T17:35:40.662+0800][28.030s] GC(38) Survivor regions: 11->1(39)
[2023-04-10T17:35:40.662+0800][28.030s] GC(38) Old regions: 34->34
[2023-04-10T17:35:40.662+0800][28.030s] GC(38) Humongous regions: 18->4
[2023-04-10T17:35:40.662+0800][28.030s] GC(38) Metaspace: 56294K(57808K)->56294K(57808K) NonClass: 49637K(50432K)->49637K(50432K) Class: 6657K(7376K)->6657K(7376K)
[2023-04-10T17:35:40.662+0800][28.030s] GC(38) Pause Young (Normal) (G1 Evacuation Pause) 357M->38M(512M) 1.285ms
[2023-04-10T17:35:40.662+0800][28.030s] GC(38) User=0.00s Sys=0.00s Real=0.00s
[2023-04-10T17:35:41.115+0800][28.484s] GC(39) Pause Young (Normal) (G1 Evacuation Pause)
[2023-04-10T17:35:41.115+0800][28.484s] GC(39) Using 8 workers of 8 for evacuation
[2023-04-10T17:35:41.117+0800][28.485s] GC(39)   Pre Evacuate Collection Set: 0.0ms
[2023-04-10T17:35:41.117+0800][28.485s] GC(39)   Evacuate Collection Set: 0.8ms
[2023-04-10T17:35:41.117+0800][28.485s] GC(39)   Post Evacuate Collection Set: 0.5ms
[2023-04-10T17:35:41.117+0800][28.485s] GC(39)   Other: 0.2ms
[2023-04-10T17:35:41.117+0800][28.485s] GC(39) Eden regions: 306->0(299)
[2023-04-10T17:35:41.117+0800][28.485s] GC(39) Survivor regions: 1->8(39)
[2023-04-10T17:35:41.117+0800][28.485s] GC(39) Old regions: 34->34
[2023-04-10T17:35:41.117+0800][28.485s] GC(39) Humongous regions: 7->6
[2023-04-10T17:35:41.117+0800][28.485s] GC(39) Metaspace: 56294K(57808K)->56294K(57808K) NonClass: 49637K(50432K)->49637K(50432K) Class: 6657K(7376K)->6657K(7376K)
[2023-04-10T17:35:41.117+0800][28.486s] GC(39) Pause Young (Normal) (G1 Evacuation Pause) 347M->47M(512M) 1.740ms
[2023-04-10T17:35:41.117+0800][28.486s] GC(39) User=0.00s Sys=0.00s Real=0.00s
[2023-04-10T17:35:41.590+0800][28.959s] GC(40) Pause Young (Normal) (G1 Evacuation Pause)
[2023-04-10T17:35:41.591+0800][28.959s] GC(40) Using 8 workers of 8 for evacuation
[2023-04-10T17:35:41.592+0800][28.961s] GC(40)   Pre Evacuate Collection Set: 0.0ms
[2023-04-10T17:35:41.592+0800][28.961s] GC(40)   Evacuate Collection Set: 1.1ms
[2023-04-10T17:35:41.592+0800][28.961s] GC(40)   Post Evacuate Collection Set: 0.5ms
[2023-04-10T17:35:41.592+0800][28.961s] GC(40)   Other: 0.2ms
[2023-04-10T17:35:41.592+0800][28.961s] GC(40) Eden regions: 299->0(297)
[2023-04-10T17:35:41.592+0800][28.961s] GC(40) Survivor regions: 8->10(39)
[2023-04-10T17:35:41.592+0800][28.961s] GC(40) Old regions: 34->34
[2023-04-10T17:35:41.593+0800][28.961s] GC(40) Humongous regions: 15->13
[2023-04-10T17:35:41.593+0800][28.961s] GC(40) Metaspace: 56294K(57808K)->56294K(57808K) NonClass: 49637K(50432K)->49637K(50432K) Class: 6657K(7376K)->6657K(7376K)
[2023-04-10T17:35:41.593+0800][28.961s] GC(40) Pause Young (Normal) (G1 Evacuation Pause) 355M->55M(512M) 2.153ms
[2023-04-10T17:35:41.593+0800][28.961s] GC(40) User=0.00s Sys=0.00s Real=0.00s
[2023-04-10T17:35:42.130+0800][29.498s] GC(41) Pause Young (Normal) (G1 Evacuation Pause)
[2023-04-10T17:35:42.130+0800][29.498s] GC(41) Using 8 workers of 8 for evacuation
[2023-04-10T17:35:42.132+0800][29.500s] GC(41)   Pre Evacuate Collection Set: 0.0ms
[2023-04-10T17:35:42.132+0800][29.500s] GC(41)   Evacuate Collection Set: 1.1ms
[2023-04-10T17:35:42.132+0800][29.500s] GC(41)   Post Evacuate Collection Set: 0.8ms
[2023-04-10T17:35:42.132+0800][29.500s] GC(41)   Other: 0.2ms
[2023-04-10T17:35:42.132+0800][29.500s] GC(41) Eden regions: 297->0(297)
[2023-04-10T17:35:42.132+0800][29.500s] GC(41) Survivor regions: 10->10(39)
[2023-04-10T17:35:42.132+0800][29.500s] GC(41) Old regions: 34->34
[2023-04-10T17:35:42.132+0800][29.500s] GC(41) Humongous regions: 23->13
[2023-04-10T17:35:42.132+0800][29.500s] GC(41) Metaspace: 56297K(57808K)->56297K(57808K) NonClass: 49640K(50432K)->49640K(50432K) Class: 6657K(7376K)->6657K(7376K)
[2023-04-10T17:35:42.132+0800][29.501s] GC(41) Pause Young (Normal) (G1 Evacuation Pause) 362M->56M(512M) 2.315ms
[2023-04-10T17:35:42.132+0800][29.501s] GC(41) User=0.00s Sys=0.00s Real=0.00s
[2023-04-10T17:35:42.586+0800][29.954s] GC(42) Pause Young (Normal) (G1 Evacuation Pause)
[2023-04-10T17:35:42.586+0800][29.954s] GC(42) Using 8 workers of 8 for evacuation
[2023-04-10T17:35:42.588+0800][29.955s] GC(42)   Pre Evacuate Collection Set: 0.0ms
[2023-04-10T17:35:42.588+0800][29.955s] GC(42)   Evacuate Collection Set: 0.7ms
[2023-04-10T17:35:42.588+0800][29.955s] GC(42)   Post Evacuate Collection Set: 0.6ms
[2023-04-10T17:35:42.588+0800][29.955s] GC(42)   Other: 0.2ms
[2023-04-10T17:35:42.588+0800][29.956s] GC(42) Eden regions: 297->0(301)
[2023-04-10T17:35:42.588+0800][29.956s] GC(42) Survivor regions: 10->6(39)
[2023-04-10T17:35:42.588+0800][29.956s] GC(42) Old regions: 34->34
[2023-04-10T17:35:42.588+0800][29.956s] GC(42) Humongous regions: 14->5
[2023-04-10T17:35:42.588+0800][29.956s] GC(42) Metaspace: 56299K(57808K)->56299K(57808K) NonClass: 49642K(50432K)->49642K(50432K) Class: 6657K(7376K)->6657K(7376K)
[2023-04-10T17:35:42.588+0800][29.956s] GC(42) Pause Young (Normal) (G1 Evacuation Pause) 354M->43M(512M) 1.657ms
[2023-04-10T17:35:42.588+0800][29.956s] GC(42) User=0.00s Sys=0.00s Real=0.00s
[2023-04-10T17:35:43.009+0800][30.377s] GC(43) Pause Young (Normal) (G1 Evacuation Pause)
[2023-04-10T17:35:43.009+0800][30.377s] GC(43) Using 8 workers of 8 for evacuation
[2023-04-10T17:35:43.011+0800][30.379s] GC(43)   Pre Evacuate Collection Set: 0.0ms
[2023-04-10T17:35:43.011+0800][30.379s] GC(43)   Evacuate Collection Set: 1.1ms
[2023-04-10T17:35:43.011+0800][30.379s] GC(43)   Post Evacuate Collection Set: 0.6ms
[2023-04-10T17:35:43.011+0800][30.379s] GC(43)   Other: 0.2ms
[2023-04-10T17:35:43.011+0800][30.379s] GC(43) Eden regions: 301->0(296)
[2023-04-10T17:35:43.011+0800][30.379s] GC(43) Survivor regions: 6->11(39)
[2023-04-10T17:35:43.011+0800][30.379s] GC(43) Old regions: 34->34
[2023-04-10T17:35:43.011+0800][30.379s] GC(43) Humongous regions: 8->7
[2023-04-10T17:35:43.011+0800][30.379s] GC(43) Metaspace: 56299K(57808K)->56299K(57808K) NonClass: 49642K(50432K)->49642K(50432K) Class: 6657K(7376K)->6657K(7376K)
[2023-04-10T17:35:43.011+0800][30.380s] GC(43) Pause Young (Normal) (G1 Evacuation Pause) 347M->51M(512M) 2.216ms
[2023-04-10T17:35:43.011+0800][30.380s] GC(43) User=0.02s Sys=0.00s Real=0.00s
[2023-04-10T17:35:43.591+0800][30.959s] GC(44) Pause Young (Normal) (G1 Evacuation Pause)
[2023-04-10T17:35:43.591+0800][30.960s] GC(44) Using 8 workers of 8 for evacuation
[2023-04-10T17:35:43.593+0800][30.962s] GC(44)   Pre Evacuate Collection Set: 0.0ms
[2023-04-10T17:35:43.594+0800][30.962s] GC(44)   Evacuate Collection Set: 1.2ms
[2023-04-10T17:35:43.594+0800][30.962s] GC(44)   Post Evacuate Collection Set: 0.7ms
[2023-04-10T17:35:43.594+0800][30.962s] GC(44)   Other: 0.2ms
[2023-04-10T17:35:43.594+0800][30.962s] GC(44) Eden regions: 296->0(297)
[2023-04-10T17:35:43.594+0800][30.962s] GC(44) Survivor regions: 11->10(39)
[2023-04-10T17:35:43.594+0800][30.962s] GC(44) Old regions: 34->34
[2023-04-10T17:35:43.594+0800][30.962s] GC(44) Humongous regions: 25->13
[2023-04-10T17:35:43.594+0800][30.962s] GC(44) Metaspace: 56300K(57808K)->56300K(57808K) NonClass: 49642K(50432K)->49642K(50432K) Class: 6657K(7376K)->6657K(7376K)
[2023-04-10T17:35:43.594+0800][30.962s] GC(44) Pause Young (Normal) (G1 Evacuation Pause) 365M->56M(512M) 2.486ms
[2023-04-10T17:35:43.594+0800][30.962s] GC(44) User=0.00s Sys=0.00s Real=0.00s
[2023-04-10T17:35:44.060+0800][31.428s] GC(45) Pause Young (Normal) (G1 Evacuation Pause)
[2023-04-10T17:35:44.060+0800][31.429s] GC(45) Using 8 workers of 8 for evacuation
[2023-04-10T17:35:44.062+0800][31.430s] GC(45)   Pre Evacuate Collection Set: 0.0ms
[2023-04-10T17:35:44.062+0800][31.430s] GC(45)   Evacuate Collection Set: 0.6ms
[2023-04-10T17:35:44.062+0800][31.430s] GC(45)   Post Evacuate Collection Set: 0.4ms
[2023-04-10T17:35:44.062+0800][31.430s] GC(45)   Other: 0.2ms
[2023-04-10T17:35:44.062+0800][31.430s] GC(45) Eden regions: 297->0(302)
[2023-04-10T17:35:44.062+0800][31.430s] GC(45) Survivor regions: 10->5(39)
[2023-04-10T17:35:44.062+0800][31.430s] GC(45) Old regions: 34->34
[2023-04-10T17:35:44.062+0800][31.430s] GC(45) Humongous regions: 14->5
[2023-04-10T17:35:44.062+0800][31.430s] GC(45) Metaspace: 56300K(57808K)->56300K(57808K) NonClass: 49642K(50432K)->49642K(50432K) Class: 6657K(7376K)->6657K(7376K)
[2023-04-10T17:35:44.062+0800][31.430s] GC(45) Pause Young (Normal) (G1 Evacuation Pause) 354M->42M(512M) 1.589ms
[2023-04-10T17:35:44.062+0800][31.430s] GC(45) User=0.00s Sys=0.00s Real=0.00s
[2023-04-10T17:35:44.488+0800][31.855s] GC(46) Pause Young (Normal) (G1 Evacuation Pause)
[2023-04-10T17:35:44.488+0800][31.855s] GC(46) Using 8 workers of 8 for evacuation
[2023-04-10T17:35:44.489+0800][31.857s] GC(46)   Pre Evacuate Collection Set: 0.0ms
[2023-04-10T17:35:44.489+0800][31.857s] GC(46)   Evacuate Collection Set: 1.0ms
[2023-04-10T17:35:44.490+0800][31.857s] GC(46)   Post Evacuate Collection Set: 0.6ms
[2023-04-10T17:35:44.490+0800][31.857s] GC(46)   Other: 0.2ms
[2023-04-10T17:35:44.490+0800][31.857s] GC(46) Eden regions: 302->0(297)
[2023-04-10T17:35:44.490+0800][31.857s] GC(46) Survivor regions: 5->10(39)
[2023-04-10T17:35:44.490+0800][31.857s] GC(46) Old regions: 34->34
[2023-04-10T17:35:44.490+0800][31.857s] GC(46) Humongous regions: 8->7
[2023-04-10T17:35:44.490+0800][31.857s] GC(46) Metaspace: 56300K(57808K)->56300K(57808K) NonClass: 49642K(50432K)->49642K(50432K) Class: 6657K(7376K)->6657K(7376K)
[2023-04-10T17:35:44.490+0800][31.857s] GC(46) Pause Young (Normal) (G1 Evacuation Pause) 347M->49M(512M) 1.992ms
[2023-04-10T17:35:44.490+0800][31.857s] GC(46) User=0.00s Sys=0.00s Real=0.00s
[2023-04-10T17:35:45.071+0800][32.439s] GC(47) Pause Young (Normal) (G1 Evacuation Pause)
[2023-04-10T17:35:45.071+0800][32.439s] GC(47) Using 8 workers of 8 for evacuation
[2023-04-10T17:35:45.073+0800][32.441s] GC(47)   Pre Evacuate Collection Set: 0.0ms
[2023-04-10T17:35:45.073+0800][32.441s] GC(47)   Evacuate Collection Set: 1.3ms
[2023-04-10T17:35:45.073+0800][32.441s] GC(47)   Post Evacuate Collection Set: 0.6ms
[2023-04-10T17:35:45.073+0800][32.441s] GC(47)   Other: 0.2ms
[2023-04-10T17:35:45.073+0800][32.441s] GC(47) Eden regions: 297->0(296)
[2023-04-10T17:35:45.073+0800][32.441s] GC(47) Survivor regions: 10->11(39)
[2023-04-10T17:35:45.073+0800][32.441s] GC(47) Old regions: 34->34
[2023-04-10T17:35:45.073+0800][32.442s] GC(47) Humongous regions: 25->13
[2023-04-10T17:35:45.073+0800][32.442s] GC(47) Metaspace: 56301K(57808K)->56301K(57808K) NonClass: 49644K(50432K)->49644K(50432K) Class: 6657K(7376K)->6657K(7376K)
[2023-04-10T17:35:45.073+0800][32.442s] GC(47) Pause Young (Normal) (G1 Evacuation Pause) 364M->56M(512M) 2.215ms
[2023-04-10T17:35:45.073+0800][32.442s] GC(47) User=0.00s Sys=0.00s Real=0.00s
[2023-04-10T17:35:45.569+0800][32.937s] GC(48) Pause Young (Normal) (G1 Evacuation Pause)
[2023-04-10T17:35:45.569+0800][32.937s] GC(48) Using 8 workers of 8 for evacuation
[2023-04-10T17:35:45.570+0800][32.938s] GC(48)   Pre Evacuate Collection Set: 0.0ms
[2023-04-10T17:35:45.570+0800][32.938s] GC(48)   Evacuate Collection Set: 1.1ms
[2023-04-10T17:35:45.570+0800][32.938s] GC(48)   Post Evacuate Collection Set: 0.4ms
[2023-04-10T17:35:45.570+0800][32.938s] GC(48)   Other: 0.2ms
[2023-04-10T17:35:45.570+0800][32.938s] GC(48) Eden regions: 296->0(304)
[2023-04-10T17:35:45.570+0800][32.938s] GC(48) Survivor regions: 11->3(39)
[2023-04-10T17:35:45.571+0800][32.938s] GC(48) Old regions: 34->34
[2023-04-10T17:35:45.571+0800][32.938s] GC(48) Humongous regions: 13->4
[2023-04-10T17:35:45.571+0800][32.939s] GC(48) Metaspace: 56512K(58192K)->56512K(58192K) NonClass: 49817K(50688K)->49817K(50688K) Class: 6695K(7504K)->6695K(7504K)
[2023-04-10T17:35:45.571+0800][32.939s] GC(48) Pause Young (Normal) (G1 Evacuation Pause) 352M->40M(512M) 1.914ms
[2023-04-10T17:35:45.571+0800][32.939s] GC(48) User=0.00s Sys=0.00s Real=0.00s
[2023-04-10T17:35:46.033+0800][33.401s] GC(49) Pause Young (Normal) (G1 Evacuation Pause)
[2023-04-10T17:35:46.033+0800][33.401s] GC(49) Using 8 workers of 8 for evacuation
[2023-04-10T17:35:46.036+0800][33.404s] GC(49)   Pre Evacuate Collection Set: 0.0ms
[2023-04-10T17:35:46.036+0800][33.404s] GC(49)   Evacuate Collection Set: 1.9ms
[2023-04-10T17:35:46.036+0800][33.404s] GC(49)   Post Evacuate Collection Set: 0.5ms
[2023-04-10T17:35:46.036+0800][33.404s] GC(49)   Other: 0.3ms
[2023-04-10T17:35:46.036+0800][33.404s] GC(49) Eden regions: 304->0(299)
[2023-04-10T17:35:46.036+0800][33.404s] GC(49) Survivor regions: 3->8(39)
[2023-04-10T17:35:46.036+0800][33.404s] GC(49) Old regions: 34->34
[2023-04-10T17:35:46.036+0800][33.404s] GC(49) Humongous regions: 5->5
[2023-04-10T17:35:46.036+0800][33.404s] GC(49) Metaspace: 56613K(58448K)->56613K(58448K) NonClass: 49905K(50944K)->49905K(50944K) Class: 6708K(7504K)->6708K(7504K)
[2023-04-10T17:35:46.036+0800][33.404s] GC(49) Pause Young (Normal) (G1 Evacuation Pause) 345M->45M(512M) 3.002ms
[2023-04-10T17:35:46.036+0800][33.404s] GC(49) User=0.00s Sys=0.00s Real=0.00s
[2023-04-10T17:35:46.315+0800][33.683s] GC(50) Pause Young (Normal) (G1 Evacuation Pause)
[2023-04-10T17:35:46.315+0800][33.683s] GC(50) Using 8 workers of 8 for evacuation
[2023-04-10T17:35:46.317+0800][33.685s] GC(50)   Pre Evacuate Collection Set: 0.0ms
[2023-04-10T17:35:46.317+0800][33.685s] GC(50)   Evacuate Collection Set: 1.4ms
[2023-04-10T17:35:46.317+0800][33.685s] GC(50)   Post Evacuate Collection Set: 0.4ms
[2023-04-10T17:35:46.317+0800][33.685s] GC(50)   Other: 0.2ms
[2023-04-10T17:35:46.317+0800][33.685s] GC(50) Eden regions: 299->0(297)
[2023-04-10T17:35:46.317+0800][33.685s] GC(50) Survivor regions: 8->10(39)
[2023-04-10T17:35:46.317+0800][33.685s] GC(50) Old regions: 34->34
[2023-04-10T17:35:46.317+0800][33.685s] GC(50) Humongous regions: 7->6
[2023-04-10T17:35:46.317+0800][33.685s] GC(50) Metaspace: 56613K(58448K)->56613K(58448K) NonClass: 49905K(50944K)->49905K(50944K) Class: 6708K(7504K)->6708K(7504K)
[2023-04-10T17:35:46.317+0800][33.685s] GC(50) Pause Young (Normal) (G1 Evacuation Pause) 346M->49M(512M) 2.244ms
[2023-04-10T17:35:46.317+0800][33.686s] GC(50) User=0.00s Sys=0.00s Real=0.00s
[2023-04-10T17:35:46.614+0800][33.982s] GC(51) Pause Young (Normal) (G1 Evacuation Pause)
[2023-04-10T17:35:46.614+0800][33.982s] GC(51) Using 8 workers of 8 for evacuation
[2023-04-10T17:35:46.615+0800][33.984s] GC(51)   Pre Evacuate Collection Set: 0.0ms
[2023-04-10T17:35:46.616+0800][33.984s] GC(51)   Evacuate Collection Set: 1.2ms
[2023-04-10T17:35:46.616+0800][33.984s] GC(51)   Post Evacuate Collection Set: 0.4ms
[2023-04-10T17:35:46.616+0800][33.984s] GC(51)   Other: 0.2ms
[2023-04-10T17:35:46.616+0800][33.984s] GC(51) Eden regions: 297->0(297)
[2023-04-10T17:35:46.616+0800][33.984s] GC(51) Survivor regions: 10->10(39)
[2023-04-10T17:35:46.616+0800][33.984s] GC(51) Old regions: 34->34
[2023-04-10T17:35:46.616+0800][33.984s] GC(51) Humongous regions: 12->12
[2023-04-10T17:35:46.616+0800][33.984s] GC(51) Metaspace: 56613K(58448K)->56613K(58448K) NonClass: 49905K(50944K)->49905K(50944K) Class: 6708K(7504K)->6708K(7504K)
[2023-04-10T17:35:46.616+0800][33.984s] GC(51) Pause Young (Normal) (G1 Evacuation Pause) 352M->54M(512M) 2.052ms
[2023-04-10T17:35:46.616+0800][33.984s] GC(51) User=0.00s Sys=0.00s Real=0.00s
[2023-04-10T17:35:46.907+0800][34.275s] GC(52) Pause Young (Normal) (G1 Evacuation Pause)
[2023-04-10T17:35:46.907+0800][34.275s] GC(52) Using 8 workers of 8 for evacuation
[2023-04-10T17:35:46.909+0800][34.277s] GC(52)   Pre Evacuate Collection Set: 0.0ms
[2023-04-10T17:35:46.909+0800][34.277s] GC(52)   Evacuate Collection Set: 1.7ms
[2023-04-10T17:35:46.909+0800][34.277s] GC(52)   Post Evacuate Collection Set: 0.4ms
[2023-04-10T17:35:46.909+0800][34.277s] GC(52)   Other: 0.2ms
[2023-04-10T17:35:46.909+0800][34.277s] GC(52) Eden regions: 297->0(295)
[2023-04-10T17:35:46.909+0800][34.277s] GC(52) Survivor regions: 10->12(39)
[2023-04-10T17:35:46.909+0800][34.277s] GC(52) Old regions: 34->34
[2023-04-10T17:35:46.909+0800][34.277s] GC(52) Humongous regions: 25->13
[2023-04-10T17:35:46.909+0800][34.277s] GC(52) Metaspace: 56661K(58448K)->56661K(58448K) NonClass: 49950K(50944K)->49950K(50944K) Class: 6710K(7504K)->6710K(7504K)
[2023-04-10T17:35:46.909+0800][34.277s] GC(52) Pause Young (Normal) (G1 Evacuation Pause) 364M->58M(512M) 2.438ms
[2023-04-10T17:35:46.909+0800][34.277s] GC(52) User=0.00s Sys=0.00s Real=0.00s
[2023-04-10T17:35:47.306+0800][34.674s] GC(53) Pause Young (Normal) (G1 Evacuation Pause)
[2023-04-10T17:35:47.306+0800][34.674s] GC(53) Using 8 workers of 8 for evacuation
[2023-04-10T17:35:47.308+0800][34.676s] GC(53)   Pre Evacuate Collection Set: 0.0ms
[2023-04-10T17:35:47.308+0800][34.676s] GC(53)   Evacuate Collection Set: 1.4ms
[2023-04-10T17:35:47.308+0800][34.676s] GC(53)   Post Evacuate Collection Set: 0.5ms
[2023-04-10T17:35:47.308+0800][34.676s] GC(53)   Other: 0.2ms
[2023-04-10T17:35:47.308+0800][34.676s] GC(53) Eden regions: 295->0(295)
[2023-04-10T17:35:47.308+0800][34.676s] GC(53) Survivor regions: 12->12(39)
[2023-04-10T17:35:47.308+0800][34.676s] GC(53) Old regions: 34->34
[2023-04-10T17:35:47.308+0800][34.676s] GC(53) Humongous regions: 13->13
[2023-04-10T17:35:47.308+0800][34.676s] GC(53) Metaspace: 56675K(58448K)->56675K(58448K) NonClass: 49963K(50944K)->49963K(50944K) Class: 6712K(7504K)->6712K(7504K)
[2023-04-10T17:35:47.308+0800][34.676s] GC(53) Pause Young (Normal) (G1 Evacuation Pause) 353M->57M(512M) 2.225ms
[2023-04-10T17:35:47.308+0800][34.676s] GC(53) User=0.00s Sys=0.00s Real=0.00s
[2023-04-10T17:35:47.606+0800][34.974s] GC(54) Pause Young (Normal) (G1 Evacuation Pause)
[2023-04-10T17:35:47.606+0800][34.974s] GC(54) Using 8 workers of 8 for evacuation
[2023-04-10T17:35:47.607+0800][34.975s] GC(54)   Pre Evacuate Collection Set: 0.0ms
[2023-04-10T17:35:47.608+0800][34.975s] GC(54)   Evacuate Collection Set: 0.5ms
[2023-04-10T17:35:47.608+0800][34.975s] GC(54)   Post Evacuate Collection Set: 0.6ms
[2023-04-10T17:35:47.608+0800][34.975s] GC(54)   Other: 0.2ms
[2023-04-10T17:35:47.608+0800][34.975s] GC(54) Eden regions: 295->0(304)
[2023-04-10T17:35:47.608+0800][34.975s] GC(54) Survivor regions: 12->3(39)
[2023-04-10T17:35:47.608+0800][34.975s] GC(54) Old regions: 34->34
[2023-04-10T17:35:47.608+0800][34.975s] GC(54) Humongous regions: 13->4
[2023-04-10T17:35:47.608+0800][34.975s] GC(54) Metaspace: 56676K(58448K)->56676K(58448K) NonClass: 49963K(50944K)->49963K(50944K) Class: 6712K(7504K)->6712K(7504K)
[2023-04-10T17:35:47.608+0800][34.975s] GC(54) Pause Young (Normal) (G1 Evacuation Pause) 352M->40M(512M) 1.533ms
[2023-04-10T17:35:47.608+0800][34.976s] GC(54) User=0.00s Sys=0.00s Real=0.00s
[2023-04-10T17:35:47.870+0800][35.238s] GC(55) Pause Young (Normal) (G1 Evacuation Pause)
[2023-04-10T17:35:47.870+0800][35.238s] GC(55) Using 8 workers of 8 for evacuation
[2023-04-10T17:35:47.872+0800][35.240s] GC(55)   Pre Evacuate Collection Set: 0.0ms
[2023-04-10T17:35:47.872+0800][35.240s] GC(55)   Evacuate Collection Set: 0.9ms
[2023-04-10T17:35:47.872+0800][35.240s] GC(55)   Post Evacuate Collection Set: 0.6ms
[2023-04-10T17:35:47.872+0800][35.240s] GC(55)   Other: 0.2ms
[2023-04-10T17:35:47.872+0800][35.240s] GC(55) Eden regions: 304->0(300)
[2023-04-10T17:35:47.872+0800][35.240s] GC(55) Survivor regions: 3->7(39)
[2023-04-10T17:35:47.872+0800][35.240s] GC(55) Old regions: 34->34
[2023-04-10T17:35:47.872+0800][35.240s] GC(55) Humongous regions: 5->5
[2023-04-10T17:35:47.872+0800][35.240s] GC(55) Metaspace: 56676K(58448K)->56676K(58448K) NonClass: 49963K(50944K)->49963K(50944K) Class: 6712K(7504K)->6712K(7504K)
[2023-04-10T17:35:47.872+0800][35.240s] GC(55) Pause Young (Normal) (G1 Evacuation Pause) 345M->44M(512M) 2.009ms
[2023-04-10T17:35:47.872+0800][35.240s] GC(55) User=0.11s Sys=0.00s Real=0.00s
[2023-04-10T17:35:48.209+0800][35.578s] GC(56) Pause Young (Normal) (G1 Evacuation Pause)
[2023-04-10T17:35:48.210+0800][35.578s] GC(56) Using 8 workers of 8 for evacuation
[2023-04-10T17:35:48.211+0800][35.580s] GC(56)   Pre Evacuate Collection Set: 0.0ms
[2023-04-10T17:35:48.212+0800][35.580s] GC(56)   Evacuate Collection Set: 1.2ms
[2023-04-10T17:35:48.212+0800][35.580s] GC(56)   Post Evacuate Collection Set: 0.6ms
[2023-04-10T17:35:48.212+0800][35.580s] GC(56)   Other: 0.3ms
[2023-04-10T17:35:48.212+0800][35.580s] GC(56) Eden regions: 300->0(297)
[2023-04-10T17:35:48.212+0800][35.580s] GC(56) Survivor regions: 7->10(39)
[2023-04-10T17:35:48.212+0800][35.580s] GC(56) Old regions: 34->34
[2023-04-10T17:35:48.212+0800][35.580s] GC(56) Humongous regions: 7->6
[2023-04-10T17:35:48.212+0800][35.580s] GC(56) Metaspace: 56676K(58448K)->56676K(58448K) NonClass: 49963K(50944K)->49963K(50944K) Class: 6712K(7504K)->6712K(7504K)
[2023-04-10T17:35:48.212+0800][35.580s] GC(56) Pause Young (Normal) (G1 Evacuation Pause) 346M->49M(512M) 2.437ms
[2023-04-10T17:35:48.212+0800][35.580s] GC(56) User=0.00s Sys=0.00s Real=0.00s
[2023-04-10T17:35:48.481+0800][35.850s] GC(57) Pause Young (Normal) (G1 Evacuation Pause)
[2023-04-10T17:35:48.481+0800][35.850s] GC(57) Using 8 workers of 8 for evacuation
[2023-04-10T17:35:48.483+0800][35.852s] GC(57)   Pre Evacuate Collection Set: 0.0ms
[2023-04-10T17:35:48.483+0800][35.852s] GC(57)   Evacuate Collection Set: 1.4ms
[2023-04-10T17:35:48.483+0800][35.852s] GC(57)   Post Evacuate Collection Set: 0.5ms
[2023-04-10T17:35:48.484+0800][35.852s] GC(57)   Other: 0.2ms
[2023-04-10T17:35:48.484+0800][35.852s] GC(57) Eden regions: 297->0(297)
[2023-04-10T17:35:48.484+0800][35.852s] GC(57) Survivor regions: 10->10(39)
[2023-04-10T17:35:48.484+0800][35.852s] GC(57) Old regions: 34->34
[2023-04-10T17:35:48.484+0800][35.852s] GC(57) Humongous regions: 12->12
[2023-04-10T17:35:48.484+0800][35.852s] GC(57) Metaspace: 56676K(58448K)->56676K(58448K) NonClass: 49963K(50944K)->49963K(50944K) Class: 6712K(7504K)->6712K(7504K)
[2023-04-10T17:35:48.484+0800][35.852s] GC(57) Pause Young (Normal) (G1 Evacuation Pause) 352M->55M(512M) 2.400ms
[2023-04-10T17:35:48.484+0800][35.852s] GC(57) User=0.00s Sys=0.00s Real=0.00s
[2023-04-10T17:35:48.850+0800][36.219s] GC(58) Pause Young (Normal) (G1 Evacuation Pause)
[2023-04-10T17:35:48.851+0800][36.219s] GC(58) Using 8 workers of 8 for evacuation
[2023-04-10T17:35:48.853+0800][36.221s] GC(58)   Pre Evacuate Collection Set: 0.0ms
[2023-04-10T17:35:48.853+0800][36.221s] GC(58)   Evacuate Collection Set: 1.3ms
[2023-04-10T17:35:48.853+0800][36.221s] GC(58)   Post Evacuate Collection Set: 0.6ms
[2023-04-10T17:35:48.853+0800][36.221s] GC(58)   Other: 0.2ms
[2023-04-10T17:35:48.853+0800][36.221s] GC(58) Eden regions: 297->0(295)
[2023-04-10T17:35:48.853+0800][36.221s] GC(58) Survivor regions: 10->12(39)
[2023-04-10T17:35:48.853+0800][36.221s] GC(58) Old regions: 34->34
[2023-04-10T17:35:48.853+0800][36.221s] GC(58) Humongous regions: 25->13
[2023-04-10T17:35:48.853+0800][36.221s] GC(58) Metaspace: 56677K(58448K)->56677K(58448K) NonClass: 49964K(50944K)->49964K(50944K) Class: 6712K(7504K)->6712K(7504K)
[2023-04-10T17:35:48.853+0800][36.221s] GC(58) Pause Young (Normal) (G1 Evacuation Pause) 365M->57M(512M) 2.304ms
[2023-04-10T17:35:48.853+0800][36.221s] GC(58) User=0.00s Sys=0.00s Real=0.00s
[2023-04-10T17:35:49.148+0800][36.516s] GC(59) Pause Young (Normal) (G1 Evacuation Pause)
[2023-04-10T17:35:49.148+0800][36.516s] GC(59) Using 8 workers of 8 for evacuation
[2023-04-10T17:35:49.151+0800][36.518s] GC(59)   Pre Evacuate Collection Set: 0.0ms
[2023-04-10T17:35:49.151+0800][36.518s] GC(59)   Evacuate Collection Set: 1.3ms
[2023-04-10T17:35:49.151+0800][36.518s] GC(59)   Post Evacuate Collection Set: 0.5ms
[2023-04-10T17:35:49.151+0800][36.518s] GC(59)   Other: 0.2ms
[2023-04-10T17:35:49.151+0800][36.518s] GC(59) Eden regions: 295->0(295)
[2023-04-10T17:35:49.151+0800][36.518s] GC(59) Survivor regions: 12->12(39)
[2023-04-10T17:35:49.151+0800][36.518s] GC(59) Old regions: 34->34
[2023-04-10T17:35:49.151+0800][36.518s] GC(59) Humongous regions: 13->13
[2023-04-10T17:35:49.151+0800][36.518s] GC(59) Metaspace: 56677K(58448K)->56677K(58448K) NonClass: 49964K(50944K)->49964K(50944K) Class: 6712K(7504K)->6712K(7504K)
[2023-04-10T17:35:49.151+0800][36.518s] GC(59) Pause Young (Normal) (G1 Evacuation Pause) 352M->58M(512M) 2.172ms
[2023-04-10T17:35:49.151+0800][36.519s] GC(59) User=0.00s Sys=0.00s Real=0.00s
[2023-04-10T17:35:49.636+0800][37.004s] GC(60) Pause Young (Normal) (G1 Evacuation Pause)
[2023-04-10T17:35:49.636+0800][37.004s] GC(60) Using 8 workers of 8 for evacuation
[2023-04-10T17:35:49.637+0800][37.005s] GC(60)   Pre Evacuate Collection Set: 0.0ms
[2023-04-10T17:35:49.638+0800][37.005s] GC(60)   Evacuate Collection Set: 0.7ms
[2023-04-10T17:35:49.638+0800][37.005s] GC(60)   Post Evacuate Collection Set: 0.4ms
[2023-04-10T17:35:49.638+0800][37.006s] GC(60)   Other: 0.2ms
[2023-04-10T17:35:49.638+0800][37.006s] GC(60) Eden regions: 295->0(303)
[2023-04-10T17:35:49.638+0800][37.006s] GC(60) Survivor regions: 12->4(39)
[2023-04-10T17:35:49.638+0800][37.006s] GC(60) Old regions: 34->34
[2023-04-10T17:35:49.638+0800][37.006s] GC(60) Humongous regions: 14->5
[2023-04-10T17:35:49.638+0800][37.006s] GC(60) Metaspace: 56685K(58448K)->56685K(58448K) NonClass: 49973K(50944K)->49973K(50944K) Class: 6712K(7504K)->6712K(7504K)
[2023-04-10T17:35:49.638+0800][37.006s] GC(60) Pause Young (Normal) (G1 Evacuation Pause) 354M->42M(512M) 1.638ms
[2023-04-10T17:35:49.638+0800][37.006s] GC(60) User=0.11s Sys=0.00s Real=0.00s
[2023-04-10T17:35:50.180+0800][37.548s] GC(61) Pause Young (Normal) (G1 Evacuation Pause)
[2023-04-10T17:35:50.180+0800][37.548s] GC(61) Using 8 workers of 8 for evacuation
[2023-04-10T17:35:50.182+0800][37.550s] GC(61)   Pre Evacuate Collection Set: 0.0ms
[2023-04-10T17:35:50.182+0800][37.550s] GC(61)   Evacuate Collection Set: 1.2ms
[2023-04-10T17:35:50.182+0800][37.550s] GC(61)   Post Evacuate Collection Set: 0.6ms
[2023-04-10T17:35:50.182+0800][37.550s] GC(61)   Other: 0.2ms
[2023-04-10T17:35:50.182+0800][37.550s] GC(61) Eden regions: 303->0(297)
[2023-04-10T17:35:50.182+0800][37.550s] GC(61) Survivor regions: 4->10(39)
[2023-04-10T17:35:50.182+0800][37.551s] GC(61) Old regions: 34->34
[2023-04-10T17:35:50.182+0800][37.551s] GC(61) Humongous regions: 7->6
[2023-04-10T17:35:50.182+0800][37.551s] GC(61) Metaspace: 56713K(58448K)->56713K(58448K) NonClass: 49996K(50944K)->49996K(50944K) Class: 6716K(7504K)->6716K(7504K)
[2023-04-10T17:35:50.182+0800][37.551s] GC(61) Pause Young (Normal) (G1 Evacuation Pause) 347M->49M(512M) 2.233ms
[2023-04-10T17:35:50.182+0800][37.551s] GC(61) User=0.00s Sys=0.00s Real=0.00s
[2023-04-10T17:35:50.710+0800][38.078s] GC(62) Pause Young (Normal) (G1 Evacuation Pause)
[2023-04-10T17:35:50.710+0800][38.078s] GC(62) Using 8 workers of 8 for evacuation
[2023-04-10T17:35:50.712+0800][38.080s] GC(62)   Pre Evacuate Collection Set: 0.0ms
[2023-04-10T17:35:50.712+0800][38.080s] GC(62)   Evacuate Collection Set: 1.4ms
[2023-04-10T17:35:50.712+0800][38.080s] GC(62)   Post Evacuate Collection Set: 0.7ms
[2023-04-10T17:35:50.712+0800][38.080s] GC(62)   Other: 0.2ms
[2023-04-10T17:35:50.712+0800][38.080s] GC(62) Eden regions: 297->0(296)
[2023-04-10T17:35:50.712+0800][38.080s] GC(62) Survivor regions: 10->11(39)
[2023-04-10T17:35:50.712+0800][38.080s] GC(62) Old regions: 34->34
[2023-04-10T17:35:50.712+0800][38.080s] GC(62) Humongous regions: 26->14
[2023-04-10T17:35:50.712+0800][38.080s] GC(62) Metaspace: 56713K(58448K)->56713K(58448K) NonClass: 49996K(50944K)->49996K(50944K) Class: 6716K(7504K)->6716K(7504K)
[2023-04-10T17:35:50.712+0800][38.080s] GC(62) Pause Young (Normal) (G1 Evacuation Pause) 366M->58M(512M) 2.586ms
[2023-04-10T17:35:50.713+0800][38.080s] GC(62) User=0.00s Sys=0.00s Real=0.00s
[2023-04-10T17:35:51.399+0800][38.767s] GC(63) Pause Young (Normal) (G1 Evacuation Pause)
[2023-04-10T17:35:51.399+0800][38.767s] GC(63) Using 8 workers of 8 for evacuation
[2023-04-10T17:35:51.400+0800][38.768s] GC(63)   Pre Evacuate Collection Set: 0.0ms
[2023-04-10T17:35:51.400+0800][38.768s] GC(63)   Evacuate Collection Set: 0.5ms
[2023-04-10T17:35:51.400+0800][38.768s] GC(63)   Post Evacuate Collection Set: 0.5ms
[2023-04-10T17:35:51.400+0800][38.768s] GC(63)   Other: 0.2ms
[2023-04-10T17:35:51.401+0800][38.768s] GC(63) Eden regions: 296->0(306)
[2023-04-10T17:35:51.401+0800][38.768s] GC(63) Survivor regions: 11->1(39)
[2023-04-10T17:35:51.401+0800][38.768s] GC(63) Old regions: 34->34
[2023-04-10T17:35:51.401+0800][38.768s] GC(63) Humongous regions: 14->4
[2023-04-10T17:35:51.401+0800][38.768s] GC(63) Metaspace: 56779K(58448K)->56779K(58448K) NonClass: 50051K(50944K)->50051K(50944K) Class: 6727K(7504K)->6727K(7504K)
[2023-04-10T17:35:51.401+0800][38.768s] GC(63) Pause Young (Normal) (G1 Evacuation Pause) 354M->38M(512M) 1.420ms
[2023-04-10T17:35:51.401+0800][38.769s] GC(63) User=0.00s Sys=0.00s Real=0.00s
[2023-04-10T17:35:51.994+0800][39.363s] GC(64) Pause Young (Normal) (G1 Evacuation Pause)
[2023-04-10T17:35:51.994+0800][39.363s] GC(64) Using 8 workers of 8 for evacuation
[2023-04-10T17:35:51.996+0800][39.365s] GC(64)   Pre Evacuate Collection Set: 0.0ms
[2023-04-10T17:35:51.996+0800][39.365s] GC(64)   Evacuate Collection Set: 1.0ms
[2023-04-10T17:35:51.996+0800][39.365s] GC(64)   Post Evacuate Collection Set: 0.5ms
[2023-04-10T17:35:51.996+0800][39.365s] GC(64)   Other: 0.2ms
[2023-04-10T17:35:51.996+0800][39.365s] GC(64) Eden regions: 306->0(300)
[2023-04-10T17:35:51.996+0800][39.365s] GC(64) Survivor regions: 1->7(39)
[2023-04-10T17:35:51.996+0800][39.365s] GC(64) Old regions: 34->34
[2023-04-10T17:35:51.996+0800][39.365s] GC(64) Humongous regions: 7->6
[2023-04-10T17:35:51.996+0800][39.365s] GC(64) Metaspace: 56779K(58448K)->56779K(58448K) NonClass: 50051K(50944K)->50051K(50944K) Class: 6727K(7504K)->6727K(7504K)
[2023-04-10T17:35:51.996+0800][39.365s] GC(64) Pause Young (Normal) (G1 Evacuation Pause) 347M->46M(512M) 1.939ms
[2023-04-10T17:35:51.996+0800][39.365s] GC(64) User=0.11s Sys=0.00s Real=0.00s
[2023-04-10T17:35:52.417+0800][39.785s] GC(65) Pause Young (Normal) (G1 Evacuation Pause)
[2023-04-10T17:35:52.417+0800][39.785s] GC(65) Using 8 workers of 8 for evacuation
[2023-04-10T17:35:52.418+0800][39.787s] GC(65)   Pre Evacuate Collection Set: 0.0ms
[2023-04-10T17:35:52.418+0800][39.787s] GC(65)   Evacuate Collection Set: 1.0ms
[2023-04-10T17:35:52.418+0800][39.787s] GC(65)   Post Evacuate Collection Set: 0.7ms
[2023-04-10T17:35:52.418+0800][39.787s] GC(65)   Other: 0.2ms
[2023-04-10T17:35:52.418+0800][39.787s] GC(65) Eden regions: 300->0(298)
[2023-04-10T17:35:52.418+0800][39.787s] GC(65) Survivor regions: 7->9(39)
[2023-04-10T17:35:52.418+0800][39.787s] GC(65) Old regions: 34->34
[2023-04-10T17:35:52.418+0800][39.787s] GC(65) Humongous regions: 12->12
[2023-04-10T17:35:52.418+0800][39.787s] GC(65) Metaspace: 56779K(58448K)->56779K(58448K) NonClass: 50051K(50944K)->50051K(50944K) Class: 6727K(7504K)->6727K(7504K)
[2023-04-10T17:35:52.418+0800][39.787s] GC(65) Pause Young (Normal) (G1 Evacuation Pause) 352M->54M(512M) 1.979ms
[2023-04-10T17:35:52.419+0800][39.787s] GC(65) User=0.00s Sys=0.00s Real=0.00s
[2023-04-10T17:35:52.998+0800][40.366s] GC(66) Pause Young (Normal) (G1 Evacuation Pause)
[2023-04-10T17:35:52.998+0800][40.366s] GC(66) Using 8 workers of 8 for evacuation
[2023-04-10T17:35:52.999+0800][40.368s] GC(66)   Pre Evacuate Collection Set: 0.0ms
[2023-04-10T17:35:52.999+0800][40.368s] GC(66)   Evacuate Collection Set: 1.1ms
[2023-04-10T17:35:52.999+0800][40.368s] GC(66)   Post Evacuate Collection Set: 0.6ms
[2023-04-10T17:35:52.999+0800][40.368s] GC(66)   Other: 0.2ms
[2023-04-10T17:35:52.999+0800][40.368s] GC(66) Eden regions: 298->0(296)
[2023-04-10T17:35:53.000+0800][40.368s] GC(66) Survivor regions: 9->11(39)
[2023-04-10T17:35:53.000+0800][40.368s] GC(66) Old regions: 34->34
[2023-04-10T17:35:53.000+0800][40.368s] GC(66) Humongous regions: 25->13
[2023-04-10T17:35:53.000+0800][40.368s] GC(66) Metaspace: 56781K(58448K)->56781K(58448K) NonClass: 50053K(50944K)->50053K(50944K) Class: 6727K(7504K)->6727K(7504K)
[2023-04-10T17:35:53.000+0800][40.368s] GC(66) Pause Young (Normal) (G1 Evacuation Pause) 365M->56M(512M) 2.079ms
[2023-04-10T17:35:53.000+0800][40.368s] GC(66) User=0.00s Sys=0.00s Real=0.00s
[2023-04-10T17:35:53.487+0800][40.855s] GC(67) Pause Young (Normal) (G1 Evacuation Pause)
[2023-04-10T17:35:53.487+0800][40.855s] GC(67) Using 8 workers of 8 for evacuation
[2023-04-10T17:35:53.489+0800][40.857s] GC(67)   Pre Evacuate Collection Set: 0.0ms
[2023-04-10T17:35:53.489+0800][40.857s] GC(67)   Evacuate Collection Set: 0.7ms
[2023-04-10T17:35:53.489+0800][40.857s] GC(67)   Post Evacuate Collection Set: 0.6ms
[2023-04-10T17:35:53.489+0800][40.857s] GC(67)   Other: 0.2ms
[2023-04-10T17:35:53.489+0800][40.857s] GC(67) Eden regions: 296->0(301)
[2023-04-10T17:35:53.489+0800][40.857s] GC(67) Survivor regions: 11->6(39)
[2023-04-10T17:35:53.489+0800][40.857s] GC(67) Old regions: 34->34
[2023-04-10T17:35:53.489+0800][40.857s] GC(67) Humongous regions: 14->5
[2023-04-10T17:35:53.489+0800][40.857s] GC(67) Metaspace: 56791K(58448K)->56791K(58448K) NonClass: 50063K(50944K)->50063K(50944K) Class: 6727K(7504K)->6727K(7504K)
[2023-04-10T17:35:53.489+0800][40.857s] GC(67) Pause Young (Normal) (G1 Evacuation Pause) 353M->43M(512M) 1.569ms
[2023-04-10T17:35:53.489+0800][40.857s] GC(67) User=0.00s Sys=0.00s Real=0.00s
[2023-04-10T17:35:53.907+0800][41.275s] GC(68) Pause Young (Normal) (G1 Evacuation Pause)
[2023-04-10T17:35:53.907+0800][41.275s] GC(68) Using 8 workers of 8 for evacuation
[2023-04-10T17:35:53.909+0800][41.277s] GC(68)   Pre Evacuate Collection Set: 0.0ms
[2023-04-10T17:35:53.909+0800][41.277s] GC(68)   Evacuate Collection Set: 1.1ms
[2023-04-10T17:35:53.909+0800][41.277s] GC(68)   Post Evacuate Collection Set: 0.7ms
[2023-04-10T17:35:53.909+0800][41.277s] GC(68)   Other: 0.1ms
[2023-04-10T17:35:53.909+0800][41.277s] GC(68) Eden regions: 301->0(295)
[2023-04-10T17:35:53.909+0800][41.277s] GC(68) Survivor regions: 6->12(39)
[2023-04-10T17:35:53.909+0800][41.277s] GC(68) Old regions: 34->34
[2023-04-10T17:35:53.909+0800][41.277s] GC(68) Humongous regions: 8->7
[2023-04-10T17:35:53.909+0800][41.277s] GC(68) Metaspace: 56791K(58448K)->56791K(58448K) NonClass: 50063K(50944K)->50063K(50944K) Class: 6727K(7504K)->6727K(7504K)
[2023-04-10T17:35:53.909+0800][41.277s] GC(68) Pause Young (Normal) (G1 Evacuation Pause) 347M->52M(512M) 2.103ms
[2023-04-10T17:35:53.909+0800][41.277s] GC(68) User=0.00s Sys=0.00s Real=0.00s
[2023-04-10T17:35:54.438+0800][41.807s] GC(69) Pause Young (Normal) (G1 Evacuation Pause)
[2023-04-10T17:35:54.438+0800][41.807s] GC(69) Using 8 workers of 8 for evacuation
[2023-04-10T17:35:54.440+0800][41.809s] GC(69)   Pre Evacuate Collection Set: 0.0ms
[2023-04-10T17:35:54.440+0800][41.809s] GC(69)   Evacuate Collection Set: 1.4ms
[2023-04-10T17:35:54.441+0800][41.809s] GC(69)   Post Evacuate Collection Set: 0.6ms
[2023-04-10T17:35:54.441+0800][41.809s] GC(69)   Other: 0.2ms
[2023-04-10T17:35:54.441+0800][41.809s] GC(69) Eden regions: 295->0(296)
[2023-04-10T17:35:54.441+0800][41.809s] GC(69) Survivor regions: 12->11(39)
[2023-04-10T17:35:54.441+0800][41.809s] GC(69) Old regions: 34->34
[2023-04-10T17:35:54.441+0800][41.809s] GC(69) Humongous regions: 25->13
[2023-04-10T17:35:54.441+0800][41.809s] GC(69) Metaspace: 56792K(58448K)->56792K(58448K) NonClass: 50065K(50944K)->50065K(50944K) Class: 6727K(7504K)->6727K(7504K)
[2023-04-10T17:35:54.441+0800][41.809s] GC(69) Pause Young (Normal) (G1 Evacuation Pause) 365M->56M(512M) 2.415ms
[2023-04-10T17:35:54.441+0800][41.809s] GC(69) User=0.00s Sys=0.00s Real=0.00s
[2023-04-10T17:35:54.940+0800][42.308s] GC(70) Pause Young (Normal) (G1 Evacuation Pause)
[2023-04-10T17:35:54.940+0800][42.308s] GC(70) Using 8 workers of 8 for evacuation
[2023-04-10T17:35:54.941+0800][42.309s] GC(70)   Pre Evacuate Collection Set: 0.0ms
[2023-04-10T17:35:54.941+0800][42.309s] GC(70)   Evacuate Collection Set: 0.6ms
[2023-04-10T17:35:54.941+0800][42.309s] GC(70)   Post Evacuate Collection Set: 0.4ms
[2023-04-10T17:35:54.941+0800][42.310s] GC(70)   Other: 0.2ms
[2023-04-10T17:35:54.941+0800][42.310s] GC(70) Eden regions: 296->0(303)
[2023-04-10T17:35:54.941+0800][42.310s] GC(70) Survivor regions: 11->4(39)
[2023-04-10T17:35:54.941+0800][42.310s] GC(70) Old regions: 34->34
[2023-04-10T17:35:54.941+0800][42.310s] GC(70) Humongous regions: 14->5
[2023-04-10T17:35:54.941+0800][42.310s] GC(70) Metaspace: 56792K(58448K)->56792K(58448K) NonClass: 50065K(50944K)->50065K(50944K) Class: 6727K(7504K)->6727K(7504K)
[2023-04-10T17:35:54.941+0800][42.310s] GC(70) Pause Young (Normal) (G1 Evacuation Pause) 353M->42M(512M) 1.514ms
[2023-04-10T17:35:54.941+0800][42.310s] GC(70) User=0.00s Sys=0.00s Real=0.00s
[2023-04-10T17:35:55.463+0800][42.832s] GC(71) Pause Young (Normal) (G1 Evacuation Pause)
[2023-04-10T17:35:55.463+0800][42.832s] GC(71) Using 8 workers of 8 for evacuation
[2023-04-10T17:35:55.466+0800][42.834s] GC(71)   Pre Evacuate Collection Set: 0.0ms
[2023-04-10T17:35:55.466+0800][42.834s] GC(71)   Evacuate Collection Set: 1.1ms
[2023-04-10T17:35:55.466+0800][42.834s] GC(71)   Post Evacuate Collection Set: 0.5ms
[2023-04-10T17:35:55.466+0800][42.834s] GC(71)   Other: 0.2ms
[2023-04-10T17:35:55.466+0800][42.834s] GC(71) Eden regions: 303->0(297)
[2023-04-10T17:35:55.466+0800][42.834s] GC(71) Survivor regions: 4->10(39)
[2023-04-10T17:35:55.466+0800][42.834s] GC(71) Old regions: 34->34
[2023-04-10T17:35:55.466+0800][42.834s] GC(71) Humongous regions: 8->7
[2023-04-10T17:35:55.466+0800][42.834s] GC(71) Metaspace: 56792K(58448K)->56792K(58448K) NonClass: 50065K(50944K)->50065K(50944K) Class: 6727K(7504K)->6727K(7504K)
[2023-04-10T17:35:55.466+0800][42.834s] GC(71) Pause Young (Normal) (G1 Evacuation Pause) 348M->50M(512M) 2.212ms
[2023-04-10T17:35:55.466+0800][42.834s] GC(71) User=0.02s Sys=0.00s Real=0.00s
[2023-04-10T17:35:56.137+0800][43.506s] GC(72) Pause Young (Normal) (G1 Evacuation Pause)
[2023-04-10T17:35:56.137+0800][43.506s] GC(72) Using 8 workers of 8 for evacuation
[2023-04-10T17:35:56.139+0800][43.508s] GC(72)   Pre Evacuate Collection Set: 0.0ms
[2023-04-10T17:35:56.139+0800][43.508s] GC(72)   Evacuate Collection Set: 1.1ms
[2023-04-10T17:35:56.139+0800][43.508s] GC(72)   Post Evacuate Collection Set: 0.6ms
[2023-04-10T17:35:56.139+0800][43.508s] GC(72)   Other: 0.1ms
[2023-04-10T17:35:56.139+0800][43.508s] GC(72) Eden regions: 297->0(297)
[2023-04-10T17:35:56.139+0800][43.508s] GC(72) Survivor regions: 10->10(39)
[2023-04-10T17:35:56.139+0800][43.508s] GC(72) Old regions: 34->34
[2023-04-10T17:35:56.139+0800][43.508s] GC(72) Humongous regions: 25->13
[2023-04-10T17:35:56.139+0800][43.508s] GC(72) Metaspace: 56792K(58448K)->56792K(58448K) NonClass: 50065K(50944K)->50065K(50944K) Class: 6727K(7504K)->6727K(7504K)
[2023-04-10T17:35:56.139+0800][43.508s] GC(72) Pause Young (Normal) (G1 Evacuation Pause) 365M->56M(512M) 2.059ms
[2023-04-10T17:35:56.139+0800][43.508s] GC(72) User=0.00s Sys=0.00s Real=0.00s
[2023-04-10T17:35:56.648+0800][44.016s] GC(73) Pause Young (Normal) (G1 Evacuation Pause)
[2023-04-10T17:35:56.648+0800][44.016s] GC(73) Using 8 workers of 8 for evacuation
[2023-04-10T17:35:56.649+0800][44.017s] GC(73)   Pre Evacuate Collection Set: 0.0ms
[2023-04-10T17:35:56.649+0800][44.017s] GC(73)   Evacuate Collection Set: 0.6ms
[2023-04-10T17:35:56.649+0800][44.017s] GC(73)   Post Evacuate Collection Set: 0.4ms
[2023-04-10T17:35:56.649+0800][44.017s] GC(73)   Other: 0.2ms
[2023-04-10T17:35:56.649+0800][44.017s] GC(73) Eden regions: 297->0(304)
[2023-04-10T17:35:56.649+0800][44.017s] GC(73) Survivor regions: 10->3(39)
[2023-04-10T17:35:56.649+0800][44.017s] GC(73) Old regions: 34->34
[2023-04-10T17:35:56.649+0800][44.017s] GC(73) Humongous regions: 13->4
[2023-04-10T17:35:56.649+0800][44.017s] GC(73) Metaspace: 56792K(58448K)->56792K(58448K) NonClass: 50065K(50944K)->50065K(50944K) Class: 6727K(7504K)->6727K(7504K)
[2023-04-10T17:35:56.649+0800][44.017s] GC(73) Pause Young (Normal) (G1 Evacuation Pause) 353M->40M(512M) 1.416ms
[2023-04-10T17:35:56.649+0800][44.017s] GC(73) User=0.00s Sys=0.00s Real=0.00s
[2023-04-10T17:35:57.105+0800][44.473s] GC(74) Pause Young (Normal) (G1 Evacuation Pause)
[2023-04-10T17:35:57.105+0800][44.473s] GC(74) Using 8 workers of 8 for evacuation
[2023-04-10T17:35:57.107+0800][44.475s] GC(74)   Pre Evacuate Collection Set: 0.0ms
[2023-04-10T17:35:57.107+0800][44.475s] GC(74)   Evacuate Collection Set: 1.0ms
[2023-04-10T17:35:57.107+0800][44.475s] GC(74)   Post Evacuate Collection Set: 0.6ms
[2023-04-10T17:35:57.107+0800][44.475s] GC(74)   Other: 0.3ms
[2023-04-10T17:35:57.107+0800][44.475s] GC(74) Eden regions: 304->0(299)
[2023-04-10T17:35:57.107+0800][44.475s] GC(74) Survivor regions: 3->8(39)
[2023-04-10T17:35:57.107+0800][44.475s] GC(74) Old regions: 34->34
[2023-04-10T17:35:57.107+0800][44.475s] GC(74) Humongous regions: 7->6
[2023-04-10T17:35:57.107+0800][44.475s] GC(74) Metaspace: 56792K(58448K)->56792K(58448K) NonClass: 50065K(50944K)->50065K(50944K) Class: 6727K(7504K)->6727K(7504K)
[2023-04-10T17:35:57.107+0800][44.475s] GC(74) Pause Young (Normal) (G1 Evacuation Pause) 347M->47M(512M) 2.111ms
[2023-04-10T17:35:57.108+0800][44.475s] GC(74) User=0.00s Sys=0.00s Real=0.00s
[2023-04-10T17:35:57.582+0800][44.950s] GC(75) Pause Young (Normal) (G1 Evacuation Pause)
[2023-04-10T17:35:57.582+0800][44.951s] GC(75) Using 8 workers of 8 for evacuation
[2023-04-10T17:35:57.584+0800][44.952s] GC(75)   Pre Evacuate Collection Set: 0.0ms
[2023-04-10T17:35:57.584+0800][44.952s] GC(75)   Evacuate Collection Set: 1.2ms
[2023-04-10T17:35:57.584+0800][44.952s] GC(75)   Post Evacuate Collection Set: 0.6ms
[2023-04-10T17:35:57.584+0800][44.953s] GC(75)   Other: 0.2ms
[2023-04-10T17:35:57.584+0800][44.953s] GC(75) Eden regions: 299->0(297)
[2023-04-10T17:35:57.584+0800][44.953s] GC(75) Survivor regions: 8->10(39)
[2023-04-10T17:35:57.584+0800][44.953s] GC(75) Old regions: 34->34
[2023-04-10T17:35:57.584+0800][44.953s] GC(75) Humongous regions: 20->13
[2023-04-10T17:35:57.584+0800][44.953s] GC(75) Metaspace: 56792K(58448K)->56792K(58448K) NonClass: 50065K(50944K)->50065K(50944K) Class: 6727K(7504K)->6727K(7504K)
[2023-04-10T17:35:57.584+0800][44.953s] GC(75) Pause Young (Normal) (G1 Evacuation Pause) 360M->56M(512M) 2.208ms
[2023-04-10T17:35:57.584+0800][44.953s] GC(75) User=0.00s Sys=0.00s Real=0.00s
[2023-04-10T17:35:58.152+0800][45.520s] GC(76) Pause Young (Normal) (G1 Evacuation Pause)
[2023-04-10T17:35:58.152+0800][45.520s] GC(76) Using 8 workers of 8 for evacuation
[2023-04-10T17:35:58.153+0800][45.521s] GC(76)   Pre Evacuate Collection Set: 0.0ms
[2023-04-10T17:35:58.153+0800][45.521s] GC(76)   Evacuate Collection Set: 0.4ms
[2023-04-10T17:35:58.153+0800][45.521s] GC(76)   Post Evacuate Collection Set: 0.4ms
[2023-04-10T17:35:58.153+0800][45.521s] GC(76)   Other: 0.2ms
[2023-04-10T17:35:58.153+0800][45.521s] GC(76) Eden regions: 297->0(306)
[2023-04-10T17:35:58.153+0800][45.521s] GC(76) Survivor regions: 10->1(39)
[2023-04-10T17:35:58.153+0800][45.521s] GC(76) Old regions: 34->34
[2023-04-10T17:35:58.153+0800][45.521s] GC(76) Humongous regions: 18->4
[2023-04-10T17:35:58.153+0800][45.521s] GC(76) Metaspace: 56798K(58448K)->56798K(58448K) NonClass: 50070K(50944K)->50070K(50944K) Class: 6727K(7504K)->6727K(7504K)
[2023-04-10T17:35:58.153+0800][45.521s] GC(76) Pause Young (Normal) (G1 Evacuation Pause) 358M->38M(512M) 1.109ms
[2023-04-10T17:35:58.153+0800][45.521s] GC(76) User=0.00s Sys=0.00s Real=0.00s
[2023-04-10T17:35:58.578+0800][45.946s] GC(77) Pause Young (Normal) (G1 Evacuation Pause)
[2023-04-10T17:35:58.578+0800][45.946s] GC(77) Using 8 workers of 8 for evacuation
[2023-04-10T17:35:58.579+0800][45.947s] GC(77)   Pre Evacuate Collection Set: 0.0ms
[2023-04-10T17:35:58.579+0800][45.947s] GC(77)   Evacuate Collection Set: 0.8ms
[2023-04-10T17:35:58.579+0800][45.947s] GC(77)   Post Evacuate Collection Set: 0.7ms
[2023-04-10T17:35:58.579+0800][45.947s] GC(77)   Other: 0.1ms
[2023-04-10T17:35:58.579+0800][45.947s] GC(77) Eden regions: 306->0(300)
[2023-04-10T17:35:58.579+0800][45.947s] GC(77) Survivor regions: 1->7(39)
[2023-04-10T17:35:58.580+0800][45.948s] GC(77) Old regions: 34->34
[2023-04-10T17:35:58.580+0800][45.948s] GC(77) Humongous regions: 7->6
[2023-04-10T17:35:58.580+0800][45.948s] GC(77) Metaspace: 56798K(58448K)->56798K(58448K) NonClass: 50070K(50944K)->50070K(50944K) Class: 6727K(7504K)->6727K(7504K)
[2023-04-10T17:35:58.580+0800][45.948s] GC(77) Pause Young (Normal) (G1 Evacuation Pause) 347M->46M(512M) 1.929ms
[2023-04-10T17:35:58.580+0800][45.948s] GC(77) User=0.00s Sys=0.00s Real=0.00s
[2023-04-10T17:35:59.074+0800][46.442s] GC(78) Pause Young (Normal) (G1 Evacuation Pause)
[2023-04-10T17:35:59.074+0800][46.442s] GC(78) Using 8 workers of 8 for evacuation
[2023-04-10T17:35:59.076+0800][46.444s] GC(78)   Pre Evacuate Collection Set: 0.0ms
[2023-04-10T17:35:59.076+0800][46.444s] GC(78)   Evacuate Collection Set: 1.3ms
[2023-04-10T17:35:59.076+0800][46.444s] GC(78)   Post Evacuate Collection Set: 0.5ms
[2023-04-10T17:35:59.076+0800][46.444s] GC(78)   Other: 0.2ms
[2023-04-10T17:35:59.076+0800][46.444s] GC(78) Eden regions: 300->0(298)
[2023-04-10T17:35:59.076+0800][46.444s] GC(78) Survivor regions: 7->9(39)
[2023-04-10T17:35:59.076+0800][46.444s] GC(78) Old regions: 34->34
[2023-04-10T17:35:59.076+0800][46.444s] GC(78) Humongous regions: 12->12
[2023-04-10T17:35:59.077+0800][46.444s] GC(78) Metaspace: 56798K(58448K)->56798K(58448K) NonClass: 50070K(50944K)->50070K(50944K) Class: 6727K(7504K)->6727K(7504K)
[2023-04-10T17:35:59.077+0800][46.444s] GC(78) Pause Young (Normal) (G1 Evacuation Pause) 352M->54M(512M) 2.253ms
[2023-04-10T17:35:59.077+0800][46.444s] GC(78) User=0.00s Sys=0.00s Real=0.00s
[2023-04-10T17:35:59.675+0800][47.043s] GC(79) Pause Young (Normal) (G1 Evacuation Pause)
[2023-04-10T17:35:59.675+0800][47.043s] GC(79) Using 8 workers of 8 for evacuation
[2023-04-10T17:35:59.677+0800][47.045s] GC(79)   Pre Evacuate Collection Set: 0.0ms
[2023-04-10T17:35:59.677+0800][47.045s] GC(79)   Evacuate Collection Set: 1.2ms
[2023-04-10T17:35:59.677+0800][47.045s] GC(79)   Post Evacuate Collection Set: 0.6ms
[2023-04-10T17:35:59.677+0800][47.046s] GC(79)   Other: 0.2ms
[2023-04-10T17:35:59.677+0800][47.046s] GC(79) Eden regions: 298->0(296)
[2023-04-10T17:35:59.677+0800][47.046s] GC(79) Survivor regions: 9->11(39)
[2023-04-10T17:35:59.677+0800][47.046s] GC(79) Old regions: 34->34
[2023-04-10T17:35:59.677+0800][47.046s] GC(79) Humongous regions: 25->13
[2023-04-10T17:35:59.677+0800][47.046s] GC(79) Metaspace: 56803K(58448K)->56803K(58448K) NonClass: 50075K(50944K)->50075K(50944K) Class: 6727K(7504K)->6727K(7504K)
[2023-04-10T17:35:59.677+0800][47.046s] GC(79) Pause Young (Normal) (G1 Evacuation Pause) 365M->56M(512M) 2.268ms
[2023-04-10T17:35:59.677+0800][47.046s] GC(79) User=0.00s Sys=0.00s Real=0.00s
[2023-04-10T17:36:00.208+0800][47.576s] GC(80) Pause Young (Normal) (G1 Evacuation Pause)
[2023-04-10T17:36:00.208+0800][47.576s] GC(80) Using 8 workers of 8 for evacuation
[2023-04-10T17:36:00.209+0800][47.578s] GC(80)   Pre Evacuate Collection Set: 0.0ms
[2023-04-10T17:36:00.209+0800][47.578s] GC(80)   Evacuate Collection Set: 0.7ms
[2023-04-10T17:36:00.209+0800][47.578s] GC(80)   Post Evacuate Collection Set: 0.5ms
[2023-04-10T17:36:00.209+0800][47.578s] GC(80)   Other: 0.2ms
[2023-04-10T17:36:00.209+0800][47.578s] GC(80) Eden regions: 296->0(301)
[2023-04-10T17:36:00.209+0800][47.578s] GC(80) Survivor regions: 11->6(39)
[2023-04-10T17:36:00.209+0800][47.578s] GC(80) Old regions: 34->34
[2023-04-10T17:36:00.209+0800][47.578s] GC(80) Humongous regions: 14->5
[2023-04-10T17:36:00.209+0800][47.578s] GC(80) Metaspace: 56803K(58448K)->56803K(58448K) NonClass: 50075K(50944K)->50075K(50944K) Class: 6727K(7504K)->6727K(7504K)
[2023-04-10T17:36:00.209+0800][47.578s] GC(80) Pause Young (Normal) (G1 Evacuation Pause) 353M->43M(512M) 1.644ms
[2023-04-10T17:36:00.210+0800][47.578s] GC(80) User=0.00s Sys=0.00s Real=0.00s
[2023-04-10T17:36:00.711+0800][48.079s] GC(81) Pause Young (Normal) (G1 Evacuation Pause)
[2023-04-10T17:36:00.711+0800][48.079s] GC(81) Using 8 workers of 8 for evacuation
[2023-04-10T17:36:00.713+0800][48.081s] GC(81)   Pre Evacuate Collection Set: 0.0ms
[2023-04-10T17:36:00.713+0800][48.081s] GC(81)   Evacuate Collection Set: 1.2ms
[2023-04-10T17:36:00.713+0800][48.081s] GC(81)   Post Evacuate Collection Set: 0.5ms
[2023-04-10T17:36:00.713+0800][48.081s] GC(81)   Other: 0.2ms
[2023-04-10T17:36:00.713+0800][48.081s] GC(81) Eden regions: 301->0(296)
[2023-04-10T17:36:00.713+0800][48.081s] GC(81) Survivor regions: 6->11(39)
[2023-04-10T17:36:00.713+0800][48.081s] GC(81) Old regions: 34->34
[2023-04-10T17:36:00.713+0800][48.081s] GC(81) Humongous regions: 8->7
[2023-04-10T17:36:00.713+0800][48.081s] GC(81) Metaspace: 56803K(58448K)->56803K(58448K) NonClass: 50075K(50944K)->50075K(50944K) Class: 6727K(7504K)->6727K(7504K)
[2023-04-10T17:36:00.713+0800][48.081s] GC(81) Pause Young (Normal) (G1 Evacuation Pause) 347M->51M(512M) 2.291ms
[2023-04-10T17:36:00.713+0800][48.081s] GC(81) User=0.00s Sys=0.00s Real=0.00s
[2023-04-10T17:36:01.795+0800][49.163s] GC(82) Pause Young (Normal) (G1 Evacuation Pause)
[2023-04-10T17:36:01.795+0800][49.163s] GC(82) Using 8 workers of 8 for evacuation
[2023-04-10T17:36:01.797+0800][49.165s] GC(82)   Pre Evacuate Collection Set: 0.0ms
[2023-04-10T17:36:01.797+0800][49.165s] GC(82)   Evacuate Collection Set: 1.2ms
[2023-04-10T17:36:01.797+0800][49.165s] GC(82)   Post Evacuate Collection Set: 0.5ms
[2023-04-10T17:36:01.797+0800][49.165s] GC(82)   Other: 0.2ms
[2023-04-10T17:36:01.797+0800][49.165s] GC(82) Eden regions: 296->0(297)
[2023-04-10T17:36:01.797+0800][49.165s] GC(82) Survivor regions: 11->10(39)
[2023-04-10T17:36:01.797+0800][49.165s] GC(82) Old regions: 34->34
[2023-04-10T17:36:01.797+0800][49.165s] GC(82) Humongous regions: 25->13
[2023-04-10T17:36:01.797+0800][49.165s] GC(82) Metaspace: 56804K(58448K)->56804K(58448K) NonClass: 50076K(50944K)->50076K(50944K) Class: 6727K(7504K)->6727K(7504K)
[2023-04-10T17:36:01.797+0800][49.165s] GC(82) Pause Young (Normal) (G1 Evacuation Pause) 365M->56M(512M) 2.201ms
[2023-04-10T17:36:01.797+0800][49.165s] GC(82) User=0.00s Sys=0.00s Real=0.00s
[2023-04-10T17:36:02.274+0800][49.642s] GC(83) Pause Young (Normal) (G1 Evacuation Pause)
[2023-04-10T17:36:02.274+0800][49.642s] GC(83) Using 8 workers of 8 for evacuation
[2023-04-10T17:36:02.275+0800][49.643s] GC(83)   Pre Evacuate Collection Set: 0.0ms
[2023-04-10T17:36:02.275+0800][49.643s] GC(83)   Evacuate Collection Set: 0.6ms
[2023-04-10T17:36:02.275+0800][49.643s] GC(83)   Post Evacuate Collection Set: 0.5ms
[2023-04-10T17:36:02.275+0800][49.643s] GC(83)   Other: 0.2ms
[2023-04-10T17:36:02.275+0800][49.643s] GC(83) Eden regions: 297->0(302)
[2023-04-10T17:36:02.275+0800][49.643s] GC(83) Survivor regions: 10->5(39)
[2023-04-10T17:36:02.275+0800][49.643s] GC(83) Old regions: 34->34
[2023-04-10T17:36:02.276+0800][49.643s] GC(83) Humongous regions: 14->5
[2023-04-10T17:36:02.276+0800][49.643s] GC(83) Metaspace: 56805K(58448K)->56805K(58448K) NonClass: 50077K(50944K)->50077K(50944K) Class: 6727K(7504K)->6727K(7504K)
[2023-04-10T17:36:02.276+0800][49.644s] GC(83) Pause Young (Normal) (G1 Evacuation Pause) 354M->43M(512M) 1.556ms
[2023-04-10T17:36:02.276+0800][49.644s] GC(83) User=0.00s Sys=0.00s Real=0.00s
[2023-04-10T17:36:02.684+0800][50.051s] GC(84) Pause Young (Normal) (G1 Evacuation Pause)
[2023-04-10T17:36:02.684+0800][50.051s] GC(84) Using 8 workers of 8 for evacuation
[2023-04-10T17:36:02.685+0800][50.053s] GC(84)   Pre Evacuate Collection Set: 0.0ms
[2023-04-10T17:36:02.685+0800][50.053s] GC(84)   Evacuate Collection Set: 1.1ms
[2023-04-10T17:36:02.685+0800][50.053s] GC(84)   Post Evacuate Collection Set: 0.5ms
[2023-04-10T17:36:02.685+0800][50.053s] GC(84)   Other: 0.2ms
[2023-04-10T17:36:02.685+0800][50.053s] GC(84) Eden regions: 302->0(297)
[2023-04-10T17:36:02.686+0800][50.053s] GC(84) Survivor regions: 5->10(39)
[2023-04-10T17:36:02.686+0800][50.053s] GC(84) Old regions: 34->34
[2023-04-10T17:36:02.686+0800][50.053s] GC(84) Humongous regions: 8->7
[2023-04-10T17:36:02.686+0800][50.053s] GC(84) Metaspace: 56805K(58448K)->56805K(58448K) NonClass: 50077K(50944K)->50077K(50944K) Class: 6727K(7504K)->6727K(7504K)
[2023-04-10T17:36:02.686+0800][50.053s] GC(84) Pause Young (Normal) (G1 Evacuation Pause) 348M->50M(512M) 1.991ms
[2023-04-10T17:36:02.686+0800][50.053s] GC(84) User=0.00s Sys=0.00s Real=0.00s
[2023-04-10T17:36:03.272+0800][50.640s] GC(85) Pause Young (Normal) (G1 Evacuation Pause)
[2023-04-10T17:36:03.272+0800][50.641s] GC(85) Using 8 workers of 8 for evacuation
[2023-04-10T17:36:03.275+0800][50.643s] GC(85)   Pre Evacuate Collection Set: 0.0ms
[2023-04-10T17:36:03.275+0800][50.643s] GC(85)   Evacuate Collection Set: 1.4ms
[2023-04-10T17:36:03.275+0800][50.643s] GC(85)   Post Evacuate Collection Set: 0.5ms
[2023-04-10T17:36:03.275+0800][50.643s] GC(85)   Other: 0.2ms
[2023-04-10T17:36:03.275+0800][50.643s] GC(85) Eden regions: 297->0(296)
[2023-04-10T17:36:03.275+0800][50.643s] GC(85) Survivor regions: 10->11(39)
[2023-04-10T17:36:03.275+0800][50.643s] GC(85) Old regions: 34->34
[2023-04-10T17:36:03.275+0800][50.643s] GC(85) Humongous regions: 20->13
[2023-04-10T17:36:03.275+0800][50.643s] GC(85) Metaspace: 56805K(58448K)->56805K(58448K) NonClass: 50077K(50944K)->50077K(50944K) Class: 6727K(7504K)->6727K(7504K)
[2023-04-10T17:36:03.275+0800][50.643s] GC(85) Pause Young (Normal) (G1 Evacuation Pause) 360M->56M(512M) 2.360ms
[2023-04-10T17:36:03.275+0800][50.643s] GC(85) User=0.00s Sys=0.00s Real=0.00s
[2023-04-10T17:36:03.701+0800][51.069s] GC(86) Pause Young (Normal) (G1 Evacuation Pause)
[2023-04-10T17:36:03.701+0800][51.069s] GC(86) Using 8 workers of 8 for evacuation
[2023-04-10T17:36:03.702+0800][51.071s] GC(86)   Pre Evacuate Collection Set: 0.0ms
[2023-04-10T17:36:03.702+0800][51.071s] GC(86)   Evacuate Collection Set: 0.7ms
[2023-04-10T17:36:03.702+0800][51.071s] GC(86)   Post Evacuate Collection Set: 0.4ms
[2023-04-10T17:36:03.702+0800][51.071s] GC(86)   Other: 0.2ms
[2023-04-10T17:36:03.702+0800][51.071s] GC(86) Eden regions: 296->0(303)
[2023-04-10T17:36:03.702+0800][51.071s] GC(86) Survivor regions: 11->4(39)
[2023-04-10T17:36:03.702+0800][51.071s] GC(86) Old regions: 34->34
[2023-04-10T17:36:03.702+0800][51.071s] GC(86) Humongous regions: 13->4
[2023-04-10T17:36:03.702+0800][51.071s] GC(86) Metaspace: 56816K(58448K)->56816K(58448K) NonClass: 50088K(50944K)->50088K(50944K) Class: 6727K(7504K)->6727K(7504K)
[2023-04-10T17:36:03.702+0800][51.071s] GC(86) Pause Young (Normal) (G1 Evacuation Pause) 352M->40M(512M) 1.568ms
[2023-04-10T17:36:03.702+0800][51.071s] GC(86) User=0.00s Sys=0.00s Real=0.00s
[2023-04-10T17:36:03.927+0800][51.295s] GC(87) Pause Young (Normal) (G1 Evacuation Pause)
[2023-04-10T17:36:03.927+0800][51.295s] GC(87) Using 8 workers of 8 for evacuation
[2023-04-10T17:36:03.930+0800][51.298s] GC(87)   Pre Evacuate Collection Set: 0.0ms
[2023-04-10T17:36:03.930+0800][51.298s] GC(87)   Evacuate Collection Set: 1.8ms
[2023-04-10T17:36:03.930+0800][51.298s] GC(87)   Post Evacuate Collection Set: 0.6ms
[2023-04-10T17:36:03.930+0800][51.298s] GC(87)   Other: 0.2ms
[2023-04-10T17:36:03.930+0800][51.298s] GC(87) Eden regions: 303->0(300)
[2023-04-10T17:36:03.930+0800][51.298s] GC(87) Survivor regions: 4->7(39)
[2023-04-10T17:36:03.930+0800][51.298s] GC(87) Old regions: 34->34
[2023-04-10T17:36:03.930+0800][51.298s] GC(87) Humongous regions: 5->5
[2023-04-10T17:36:03.930+0800][51.298s] GC(87) Metaspace: 57151K(58960K)->57151K(58960K) NonClass: 50389K(51456K)->50389K(51456K) Class: 6762K(7504K)->6762K(7504K)
[2023-04-10T17:36:03.930+0800][51.298s] GC(87) Pause Young (Normal) (G1 Evacuation Pause) 344M->44M(512M) 2.744ms
[2023-04-10T17:36:03.930+0800][51.298s] GC(87) User=0.00s Sys=0.00s Real=0.00s
[2023-04-10T17:36:04.122+0800][51.491s] GC(88) Pause Young (Normal) (G1 Evacuation Pause)
[2023-04-10T17:36:04.123+0800][51.491s] GC(88) Using 8 workers of 8 for evacuation
[2023-04-10T17:36:04.125+0800][51.493s] GC(88)   Pre Evacuate Collection Set: 0.0ms
[2023-04-10T17:36:04.125+0800][51.493s] GC(88)   Evacuate Collection Set: 1.2ms
[2023-04-10T17:36:04.125+0800][51.493s] GC(88)   Post Evacuate Collection Set: 0.6ms
[2023-04-10T17:36:04.125+0800][51.493s] GC(88)   Other: 0.2ms
[2023-04-10T17:36:04.125+0800][51.493s] GC(88) Eden regions: 300->0(298)
[2023-04-10T17:36:04.125+0800][51.493s] GC(88) Survivor regions: 7->9(39)
[2023-04-10T17:36:04.125+0800][51.493s] GC(88) Old regions: 34->34
[2023-04-10T17:36:04.125+0800][51.493s] GC(88) Humongous regions: 7->6
[2023-04-10T17:36:04.125+0800][51.493s] GC(88) Metaspace: 57151K(58960K)->57151K(58960K) NonClass: 50389K(51456K)->50389K(51456K) Class: 6762K(7504K)->6762K(7504K)
[2023-04-10T17:36:04.125+0800][51.493s] GC(88) Pause Young (Normal) (G1 Evacuation Pause) 346M->48M(512M) 2.247ms
[2023-04-10T17:36:04.125+0800][51.493s] GC(88) User=0.00s Sys=0.00s Real=0.00s
[2023-04-10T17:36:04.304+0800][51.672s] GC(89) Pause Young (Normal) (G1 Evacuation Pause)
[2023-04-10T17:36:04.304+0800][51.672s] GC(89) Using 8 workers of 8 for evacuation
[2023-04-10T17:36:04.306+0800][51.674s] GC(89)   Pre Evacuate Collection Set: 0.0ms
[2023-04-10T17:36:04.306+0800][51.674s] GC(89)   Evacuate Collection Set: 1.3ms
[2023-04-10T17:36:04.306+0800][51.674s] GC(89)   Post Evacuate Collection Set: 0.6ms
[2023-04-10T17:36:04.306+0800][51.674s] GC(89)   Other: 0.1ms
[2023-04-10T17:36:04.306+0800][51.674s] GC(89) Eden regions: 298->0(296)
[2023-04-10T17:36:04.306+0800][51.674s] GC(89) Survivor regions: 9->11(39)
[2023-04-10T17:36:04.307+0800][51.675s] GC(89) Old regions: 34->34
[2023-04-10T17:36:04.307+0800][51.675s] GC(89) Humongous regions: 7->7
[2023-04-10T17:36:04.307+0800][51.675s] GC(89) Metaspace: 57151K(58960K)->57151K(58960K) NonClass: 50389K(51456K)->50389K(51456K) Class: 6762K(7504K)->6762K(7504K)
[2023-04-10T17:36:04.307+0800][51.675s] GC(89) Pause Young (Normal) (G1 Evacuation Pause) 347M->51M(512M) 2.223ms
[2023-04-10T17:36:04.307+0800][51.675s] GC(89) User=0.00s Sys=0.00s Real=0.00s
[2023-04-10T17:36:04.579+0800][51.947s] GC(90) Pause Young (Normal) (G1 Evacuation Pause)
[2023-04-10T17:36:04.579+0800][51.947s] GC(90) Using 8 workers of 8 for evacuation
[2023-04-10T17:36:04.581+0800][51.949s] GC(90)   Pre Evacuate Collection Set: 0.0ms
[2023-04-10T17:36:04.581+0800][51.949s] GC(90)   Evacuate Collection Set: 1.4ms
[2023-04-10T17:36:04.581+0800][51.949s] GC(90)   Post Evacuate Collection Set: 0.6ms
[2023-04-10T17:36:04.581+0800][51.949s] GC(90)   Other: 0.1ms
[2023-04-10T17:36:04.581+0800][51.949s] GC(90) Eden regions: 296->0(296)
[2023-04-10T17:36:04.581+0800][51.949s] GC(90) Survivor regions: 11->11(39)
[2023-04-10T17:36:04.581+0800][51.949s] GC(90) Old regions: 34->34
[2023-04-10T17:36:04.581+0800][51.949s] GC(90) Humongous regions: 20->13
[2023-04-10T17:36:04.581+0800][51.949s] GC(90) Metaspace: 57151K(58960K)->57151K(58960K) NonClass: 50389K(51456K)->50389K(51456K) Class: 6762K(7504K)->6762K(7504K)
[2023-04-10T17:36:04.581+0800][51.949s] GC(90) Pause Young (Normal) (G1 Evacuation Pause) 360M->57M(512M) 2.330ms
[2023-04-10T17:36:04.581+0800][51.949s] GC(90) User=0.00s Sys=0.00s Real=0.00s
[2023-04-10T17:36:04.926+0800][52.294s] GC(91) Pause Young (Normal) (G1 Evacuation Pause)
[2023-04-10T17:36:04.926+0800][52.294s] GC(91) Using 8 workers of 8 for evacuation
[2023-04-10T17:36:04.928+0800][52.296s] GC(91)   Pre Evacuate Collection Set: 0.0ms
[2023-04-10T17:36:04.928+0800][52.296s] GC(91)   Evacuate Collection Set: 1.3ms
[2023-04-10T17:36:04.928+0800][52.296s] GC(91)   Post Evacuate Collection Set: 0.6ms
[2023-04-10T17:36:04.928+0800][52.296s] GC(91)   Other: 0.2ms
[2023-04-10T17:36:04.928+0800][52.296s] GC(91) Eden regions: 296->0(295)
[2023-04-10T17:36:04.928+0800][52.296s] GC(91) Survivor regions: 11->12(39)
[2023-04-10T17:36:04.928+0800][52.296s] GC(91) Old regions: 34->34
[2023-04-10T17:36:04.928+0800][52.297s] GC(91) Humongous regions: 18->13
[2023-04-10T17:36:04.928+0800][52.297s] GC(91) Metaspace: 57152K(58960K)->57152K(58960K) NonClass: 50390K(51456K)->50390K(51456K) Class: 6762K(7504K)->6762K(7504K)
[2023-04-10T17:36:04.929+0800][52.297s] GC(91) Pause Young (Normal) (G1 Evacuation Pause) 358M->58M(512M) 2.314ms
[2023-04-10T17:36:04.929+0800][52.297s] GC(91) User=0.00s Sys=0.00s Real=0.00s
[2023-04-10T17:36:05.238+0800][52.606s] GC(92) Pause Young (Normal) (G1 Evacuation Pause)
[2023-04-10T17:36:05.238+0800][52.606s] GC(92) Using 8 workers of 8 for evacuation
[2023-04-10T17:36:05.239+0800][52.608s] GC(92)   Pre Evacuate Collection Set: 0.0ms
[2023-04-10T17:36:05.239+0800][52.608s] GC(92)   Evacuate Collection Set: 0.6ms
[2023-04-10T17:36:05.239+0800][52.608s] GC(92)   Post Evacuate Collection Set: 0.5ms
[2023-04-10T17:36:05.239+0800][52.608s] GC(92)   Other: 0.2ms
[2023-04-10T17:36:05.239+0800][52.608s] GC(92) Eden regions: 295->0(304)
[2023-04-10T17:36:05.239+0800][52.608s] GC(92) Survivor regions: 12->3(39)
[2023-04-10T17:36:05.239+0800][52.608s] GC(92) Old regions: 34->34
[2023-04-10T17:36:05.239+0800][52.608s] GC(92) Humongous regions: 13->4
[2023-04-10T17:36:05.239+0800][52.608s] GC(92) Metaspace: 57155K(58960K)->57155K(58960K) NonClass: 50392K(51456K)->50392K(51456K) Class: 6762K(7504K)->6762K(7504K)
[2023-04-10T17:36:05.239+0800][52.608s] GC(92) Pause Young (Normal) (G1 Evacuation Pause) 353M->39M(512M) 1.444ms
[2023-04-10T17:36:05.240+0800][52.608s] GC(92) User=0.00s Sys=0.00s Real=0.00s
[2023-04-10T17:36:05.508+0800][52.876s] GC(93) Pause Young (Normal) (G1 Evacuation Pause)
[2023-04-10T17:36:05.508+0800][52.876s] GC(93) Using 8 workers of 8 for evacuation
[2023-04-10T17:36:05.510+0800][52.877s] GC(93)   Pre Evacuate Collection Set: 0.0ms
[2023-04-10T17:36:05.510+0800][52.877s] GC(93)   Evacuate Collection Set: 0.9ms
[2023-04-10T17:36:05.510+0800][52.878s] GC(93)   Post Evacuate Collection Set: 0.4ms
[2023-04-10T17:36:05.510+0800][52.878s] GC(93)   Other: 0.1ms
[2023-04-10T17:36:05.510+0800][52.878s] GC(93) Eden regions: 304->0(301)
[2023-04-10T17:36:05.510+0800][52.878s] GC(93) Survivor regions: 3->6(39)
[2023-04-10T17:36:05.510+0800][52.878s] GC(93) Old regions: 34->34
[2023-04-10T17:36:05.510+0800][52.878s] GC(93) Humongous regions: 5->5
[2023-04-10T17:36:05.510+0800][52.878s] GC(93) Metaspace: 57155K(58960K)->57155K(58960K) NonClass: 50392K(51456K)->50392K(51456K) Class: 6762K(7504K)->6762K(7504K)
[2023-04-10T17:36:05.510+0800][52.878s] GC(93) Pause Young (Normal) (G1 Evacuation Pause) 344M->44M(512M) 1.661ms
[2023-04-10T17:36:05.510+0800][52.878s] GC(93) User=0.00s Sys=0.00s Real=0.00s
[2023-04-10T17:36:05.767+0800][53.135s] GC(94) Pause Young (Normal) (G1 Evacuation Pause)
[2023-04-10T17:36:05.767+0800][53.135s] GC(94) Using 8 workers of 8 for evacuation
[2023-04-10T17:36:05.769+0800][53.137s] GC(94)   Pre Evacuate Collection Set: 0.0ms
[2023-04-10T17:36:05.769+0800][53.137s] GC(94)   Evacuate Collection Set: 1.1ms
[2023-04-10T17:36:05.769+0800][53.137s] GC(94)   Post Evacuate Collection Set: 0.7ms
[2023-04-10T17:36:05.769+0800][53.137s] GC(94)   Other: 0.2ms
[2023-04-10T17:36:05.769+0800][53.137s] GC(94) Eden regions: 301->0(296)
[2023-04-10T17:36:05.769+0800][53.137s] GC(94) Survivor regions: 6->11(39)
[2023-04-10T17:36:05.769+0800][53.137s] GC(94) Old regions: 34->34
[2023-04-10T17:36:05.769+0800][53.137s] GC(94) Humongous regions: 7->6
[2023-04-10T17:36:05.769+0800][53.137s] GC(94) Metaspace: 57155K(58960K)->57155K(58960K) NonClass: 50392K(51456K)->50392K(51456K) Class: 6762K(7504K)->6762K(7504K)
[2023-04-10T17:36:05.769+0800][53.137s] GC(94) Pause Young (Normal) (G1 Evacuation Pause) 347M->50M(512M) 2.137ms
[2023-04-10T17:36:05.769+0800][53.137s] GC(94) User=0.00s Sys=0.00s Real=0.00s
[2023-04-10T17:36:06.020+0800][53.387s] GC(95) Pause Young (Normal) (G1 Evacuation Pause)
[2023-04-10T17:36:06.020+0800][53.387s] GC(95) Using 8 workers of 8 for evacuation
[2023-04-10T17:36:06.022+0800][53.390s] GC(95)   Pre Evacuate Collection Set: 0.0ms
[2023-04-10T17:36:06.022+0800][53.390s] GC(95)   Evacuate Collection Set: 1.4ms
[2023-04-10T17:36:06.022+0800][53.390s] GC(95)   Post Evacuate Collection Set: 0.7ms
[2023-04-10T17:36:06.022+0800][53.390s] GC(95)   Other: 0.2ms
[2023-04-10T17:36:06.022+0800][53.390s] GC(95) Eden regions: 296->0(294)
[2023-04-10T17:36:06.022+0800][53.390s] GC(95) Survivor regions: 11->13(39)
[2023-04-10T17:36:06.022+0800][53.390s] GC(95) Old regions: 34->34
[2023-04-10T17:36:06.022+0800][53.390s] GC(95) Humongous regions: 7->7
[2023-04-10T17:36:06.022+0800][53.390s] GC(95) Metaspace: 57155K(58960K)->57155K(58960K) NonClass: 50392K(51456K)->50392K(51456K) Class: 6762K(7504K)->6762K(7504K)
[2023-04-10T17:36:06.022+0800][53.390s] GC(95) Pause Young (Normal) (G1 Evacuation Pause) 347M->53M(512M) 2.534ms
[2023-04-10T17:36:06.022+0800][53.390s] GC(95) User=0.00s Sys=0.00s Real=0.00s
[2023-04-10T17:36:06.291+0800][53.659s] GC(96) Pause Young (Normal) (G1 Evacuation Pause)
[2023-04-10T17:36:06.291+0800][53.659s] GC(96) Using 8 workers of 8 for evacuation
[2023-04-10T17:36:06.293+0800][53.662s] GC(96)   Pre Evacuate Collection Set: 0.0ms
[2023-04-10T17:36:06.293+0800][53.662s] GC(96)   Evacuate Collection Set: 1.6ms
[2023-04-10T17:36:06.293+0800][53.662s] GC(96)   Post Evacuate Collection Set: 0.6ms
[2023-04-10T17:36:06.293+0800][53.662s] GC(96)   Other: 0.2ms
[2023-04-10T17:36:06.293+0800][53.662s] GC(96) Eden regions: 294->0(294)
[2023-04-10T17:36:06.293+0800][53.662s] GC(96) Survivor regions: 13->13(39)
[2023-04-10T17:36:06.293+0800][53.662s] GC(96) Old regions: 34->34
[2023-04-10T17:36:06.293+0800][53.662s] GC(96) Humongous regions: 25->13
[2023-04-10T17:36:06.293+0800][53.662s] GC(96) Metaspace: 57155K(58960K)->57155K(58960K) NonClass: 50392K(51456K)->50392K(51456K) Class: 6762K(7504K)->6762K(7504K)
[2023-04-10T17:36:06.293+0800][53.662s] GC(96) Pause Young (Normal) (G1 Evacuation Pause) 365M->58M(512M) 2.660ms
[2023-04-10T17:36:06.293+0800][53.662s] GC(96) User=0.09s Sys=0.00s Real=0.00s
[2023-04-10T17:36:06.640+0800][54.008s] GC(97) Pause Young (Normal) (G1 Evacuation Pause)
[2023-04-10T17:36:06.640+0800][54.008s] GC(97) Using 8 workers of 8 for evacuation
[2023-04-10T17:36:06.642+0800][54.010s] GC(97)   Pre Evacuate Collection Set: 0.0ms
[2023-04-10T17:36:06.642+0800][54.010s] GC(97)   Evacuate Collection Set: 1.4ms
[2023-04-10T17:36:06.642+0800][54.010s] GC(97)   Post Evacuate Collection Set: 0.6ms
[2023-04-10T17:36:06.642+0800][54.010s] GC(97)   Other: 0.1ms
[2023-04-10T17:36:06.642+0800][54.010s] GC(97) Eden regions: 294->0(296)
[2023-04-10T17:36:06.642+0800][54.010s] GC(97) Survivor regions: 13->11(39)
[2023-04-10T17:36:06.642+0800][54.010s] GC(97) Old regions: 34->34
[2023-04-10T17:36:06.642+0800][54.010s] GC(97) Humongous regions: 13->13
[2023-04-10T17:36:06.642+0800][54.010s] GC(97) Metaspace: 57156K(58960K)->57156K(58960K) NonClass: 50394K(51456K)->50394K(51456K) Class: 6762K(7504K)->6762K(7504K)
[2023-04-10T17:36:06.642+0800][54.010s] GC(97) Pause Young (Normal) (G1 Evacuation Pause) 352M->57M(512M) 2.320ms
[2023-04-10T17:36:06.642+0800][54.010s] GC(97) User=0.00s Sys=0.00s Real=0.00s
[2023-04-10T17:36:07.061+0800][54.429s] GC(98) Pause Young (Normal) (G1 Evacuation Pause)
[2023-04-10T17:36:07.061+0800][54.429s] GC(98) Using 8 workers of 8 for evacuation
[2023-04-10T17:36:07.062+0800][54.430s] GC(98)   Pre Evacuate Collection Set: 0.0ms
[2023-04-10T17:36:07.062+0800][54.430s] GC(98)   Evacuate Collection Set: 0.8ms
[2023-04-10T17:36:07.063+0800][54.430s] GC(98)   Post Evacuate Collection Set: 0.5ms
[2023-04-10T17:36:07.063+0800][54.430s] GC(98)   Other: 0.2ms
[2023-04-10T17:36:07.063+0800][54.430s] GC(98) Eden regions: 296->0(302)
[2023-04-10T17:36:07.063+0800][54.430s] GC(98) Survivor regions: 11->5(39)
[2023-04-10T17:36:07.063+0800][54.430s] GC(98) Old regions: 34->34
[2023-04-10T17:36:07.063+0800][54.430s] GC(98) Humongous regions: 14->5
[2023-04-10T17:36:07.063+0800][54.430s] GC(98) Metaspace: 57158K(58960K)->57158K(58960K) NonClass: 50395K(51456K)->50395K(51456K) Class: 6762K(7504K)->6762K(7504K)
[2023-04-10T17:36:07.063+0800][54.431s] GC(98) Pause Young (Normal) (G1 Evacuation Pause) 354M->43M(512M) 1.713ms
[2023-04-10T17:36:07.063+0800][54.431s] GC(98) User=0.00s Sys=0.00s Real=0.00s
[2023-04-10T17:36:07.475+0800][54.843s] GC(99) Pause Young (Normal) (G1 Evacuation Pause)
[2023-04-10T17:36:07.475+0800][54.843s] GC(99) Using 8 workers of 8 for evacuation
[2023-04-10T17:36:07.477+0800][54.845s] GC(99)   Pre Evacuate Collection Set: 0.0ms
[2023-04-10T17:36:07.477+0800][54.845s] GC(99)   Evacuate Collection Set: 1.1ms
[2023-04-10T17:36:07.477+0800][54.845s] GC(99)   Post Evacuate Collection Set: 0.7ms
[2023-04-10T17:36:07.477+0800][54.845s] GC(99)   Other: 0.2ms
[2023-04-10T17:36:07.477+0800][54.845s] GC(99) Eden regions: 302->0(297)
[2023-04-10T17:36:07.477+0800][54.845s] GC(99) Survivor regions: 5->10(39)
[2023-04-10T17:36:07.477+0800][54.845s] GC(99) Old regions: 34->34
[2023-04-10T17:36:07.477+0800][54.845s] GC(99) Humongous regions: 8->7
[2023-04-10T17:36:07.477+0800][54.845s] GC(99) Metaspace: 57158K(58960K)->57158K(58960K) NonClass: 50395K(51456K)->50395K(51456K) Class: 6762K(7504K)->6762K(7504K)
[2023-04-10T17:36:07.477+0800][54.845s] GC(99) Pause Young (Normal) (G1 Evacuation Pause) 348M->50M(512M) 2.154ms
[2023-04-10T17:36:07.477+0800][54.845s] GC(99) User=0.00s Sys=0.00s Real=0.00s
[2023-04-10T17:36:08.019+0800][55.387s] GC(100) Pause Young (Normal) (G1 Evacuation Pause)
[2023-04-10T17:36:08.019+0800][55.387s] GC(100) Using 8 workers of 8 for evacuation
[2023-04-10T17:36:08.021+0800][55.389s] GC(100)   Pre Evacuate Collection Set: 0.0ms
[2023-04-10T17:36:08.021+0800][55.389s] GC(100)   Evacuate Collection Set: 1.3ms
[2023-04-10T17:36:08.021+0800][55.389s] GC(100)   Post Evacuate Collection Set: 0.7ms
[2023-04-10T17:36:08.021+0800][55.389s] GC(100)   Other: 0.1ms
[2023-04-10T17:36:08.021+0800][55.389s] GC(100) Eden regions: 297->0(296)
[2023-04-10T17:36:08.021+0800][55.389s] GC(100) Survivor regions: 10->11(39)
[2023-04-10T17:36:08.021+0800][55.389s] GC(100) Old regions: 34->34
[2023-04-10T17:36:08.021+0800][55.389s] GC(100) Humongous regions: 26->14
[2023-04-10T17:36:08.021+0800][55.389s] GC(100) Metaspace: 57163K(58960K)->57163K(58960K) NonClass: 50400K(51456K)->50400K(51456K) Class: 6762K(7504K)->6762K(7504K)
[2023-04-10T17:36:08.021+0800][55.389s] GC(100) Pause Young (Normal) (G1 Evacuation Pause) 366M->58M(512M) 2.297ms
[2023-04-10T17:36:08.021+0800][55.389s] GC(100) User=0.00s Sys=0.00s Real=0.00s
[2023-04-10T17:36:08.431+0800][55.799s] GC(101) Pause Young (Normal) (G1 Evacuation Pause)
[2023-04-10T17:36:08.432+0800][55.799s] GC(101) Using 8 workers of 8 for evacuation
[2023-04-10T17:36:08.433+0800][55.801s] GC(101)   Pre Evacuate Collection Set: 0.0ms
[2023-04-10T17:36:08.433+0800][55.801s] GC(101)   Evacuate Collection Set: 0.5ms
[2023-04-10T17:36:08.433+0800][55.801s] GC(101)   Post Evacuate Collection Set: 0.5ms
[2023-04-10T17:36:08.433+0800][55.801s] GC(101)   Other: 0.2ms
[2023-04-10T17:36:08.433+0800][55.801s] GC(101) Eden regions: 296->0(304)
[2023-04-10T17:36:08.433+0800][55.801s] GC(101) Survivor regions: 11->3(39)
[2023-04-10T17:36:08.433+0800][55.801s] GC(101) Old regions: 34->34
[2023-04-10T17:36:08.433+0800][55.801s] GC(101) Humongous regions: 14->4
[2023-04-10T17:36:08.433+0800][55.801s] GC(101) Metaspace: 57166K(58960K)->57166K(58960K) NonClass: 50404K(51456K)->50404K(51456K) Class: 6762K(7504K)->6762K(7504K)
[2023-04-10T17:36:08.433+0800][55.801s] GC(101) Pause Young (Normal) (G1 Evacuation Pause) 354M->40M(512M) 1.393ms
[2023-04-10T17:36:08.433+0800][55.801s] GC(101) User=0.00s Sys=0.00s Real=0.00s
[2023-04-10T17:36:08.831+0800][56.199s] GC(102) Pause Young (Normal) (G1 Evacuation Pause)
[2023-04-10T17:36:08.831+0800][56.199s] GC(102) Using 8 workers of 8 for evacuation
[2023-04-10T17:36:08.832+0800][56.201s] GC(102)   Pre Evacuate Collection Set: 0.0ms
[2023-04-10T17:36:08.832+0800][56.201s] GC(102)   Evacuate Collection Set: 1.0ms
[2023-04-10T17:36:08.832+0800][56.201s] GC(102)   Post Evacuate Collection Set: 0.5ms
[2023-04-10T17:36:08.832+0800][56.201s] GC(102)   Other: 0.2ms
[2023-04-10T17:36:08.833+0800][56.201s] GC(102) Eden regions: 304->0(298)
[2023-04-10T17:36:08.833+0800][56.201s] GC(102) Survivor regions: 3->9(39)
[2023-04-10T17:36:08.833+0800][56.201s] GC(102) Old regions: 34->34
[2023-04-10T17:36:08.833+0800][56.201s] GC(102) Humongous regions: 7->6
[2023-04-10T17:36:08.833+0800][56.201s] GC(102) Metaspace: 57171K(58960K)->57171K(58960K) NonClass: 50408K(51456K)->50408K(51456K) Class: 6763K(7504K)->6763K(7504K)
[2023-04-10T17:36:08.833+0800][56.201s] GC(102) Pause Young (Normal) (G1 Evacuation Pause) 347M->48M(512M) 1.980ms
[2023-04-10T17:36:08.833+0800][56.201s] GC(102) User=0.00s Sys=0.00s Real=0.00s
[2023-04-10T17:36:09.238+0800][56.607s] GC(103) Pause Young (Normal) (G1 Evacuation Pause)
[2023-04-10T17:36:09.238+0800][56.607s] GC(103) Using 8 workers of 8 for evacuation
[2023-04-10T17:36:09.240+0800][56.609s] GC(103)   Pre Evacuate Collection Set: 0.0ms
[2023-04-10T17:36:09.240+0800][56.609s] GC(103)   Evacuate Collection Set: 1.1ms
[2023-04-10T17:36:09.240+0800][56.609s] GC(103)   Post Evacuate Collection Set: 0.7ms
[2023-04-10T17:36:09.240+0800][56.609s] GC(103)   Other: 0.1ms
[2023-04-10T17:36:09.240+0800][56.609s] GC(103) Eden regions: 298->0(296)
[2023-04-10T17:36:09.240+0800][56.609s] GC(103) Survivor regions: 9->11(39)
[2023-04-10T17:36:09.240+0800][56.609s] GC(103) Old regions: 34->34
[2023-04-10T17:36:09.240+0800][56.609s] GC(103) Humongous regions: 25->13
[2023-04-10T17:36:09.240+0800][56.609s] GC(103) Metaspace: 57171K(58960K)->57171K(58960K) NonClass: 50408K(51456K)->50408K(51456K) Class: 6763K(7504K)->6763K(7504K)
[2023-04-10T17:36:09.240+0800][56.609s] GC(103) Pause Young (Normal) (G1 Evacuation Pause) 365M->57M(512M) 2.099ms
[2023-04-10T17:36:09.240+0800][56.609s] GC(103) User=0.00s Sys=0.00s Real=0.00s
[2023-04-10T17:36:09.815+0800][57.183s] GC(104) Pause Young (Normal) (G1 Evacuation Pause)
[2023-04-10T17:36:09.815+0800][57.183s] GC(104) Using 8 workers of 8 for evacuation
[2023-04-10T17:36:09.816+0800][57.184s] GC(104)   Pre Evacuate Collection Set: 0.0ms
[2023-04-10T17:36:09.816+0800][57.184s] GC(104)   Evacuate Collection Set: 0.4ms
[2023-04-10T17:36:09.816+0800][57.184s] GC(104)   Post Evacuate Collection Set: 0.6ms
[2023-04-10T17:36:09.816+0800][57.184s] GC(104)   Other: 0.2ms
[2023-04-10T17:36:09.816+0800][57.184s] GC(104) Eden regions: 296->0(305)
[2023-04-10T17:36:09.816+0800][57.184s] GC(104) Survivor regions: 11->2(39)
[2023-04-10T17:36:09.816+0800][57.184s] GC(104) Old regions: 34->34
[2023-04-10T17:36:09.817+0800][57.184s] GC(104) Humongous regions: 13->4
[2023-04-10T17:36:09.817+0800][57.185s] GC(104) Metaspace: 57176K(58960K)->57176K(58960K) NonClass: 50412K(51456K)->50412K(51456K) Class: 6763K(7504K)->6763K(7504K)
[2023-04-10T17:36:09.817+0800][57.185s] GC(104) Pause Young (Normal) (G1 Evacuation Pause) 353M->39M(512M) 1.443ms
[2023-04-10T17:36:09.817+0800][57.185s] GC(104) User=0.00s Sys=0.00s Real=0.00s
[2023-04-10T17:36:10.229+0800][57.598s] GC(105) Pause Young (Normal) (G1 Evacuation Pause)
[2023-04-10T17:36:10.229+0800][57.598s] GC(105) Using 8 workers of 8 for evacuation
[2023-04-10T17:36:10.231+0800][57.599s] GC(105)   Pre Evacuate Collection Set: 0.0ms
[2023-04-10T17:36:10.231+0800][57.599s] GC(105)   Evacuate Collection Set: 1.1ms
[2023-04-10T17:36:10.231+0800][57.599s] GC(105)   Post Evacuate Collection Set: 0.4ms
[2023-04-10T17:36:10.231+0800][57.599s] GC(105)   Other: 0.2ms
[2023-04-10T17:36:10.231+0800][57.600s] GC(105) Eden regions: 305->0(299)
[2023-04-10T17:36:10.231+0800][57.600s] GC(105) Survivor regions: 2->8(39)
[2023-04-10T17:36:10.231+0800][57.600s] GC(105) Old regions: 34->34
[2023-04-10T17:36:10.231+0800][57.600s] GC(105) Humongous regions: 7->6
[2023-04-10T17:36:10.231+0800][57.600s] GC(105) Metaspace: 57176K(58960K)->57176K(58960K) NonClass: 50412K(51456K)->50412K(51456K) Class: 6763K(7504K)->6763K(7504K)
[2023-04-10T17:36:10.231+0800][57.600s] GC(105) Pause Young (Normal) (G1 Evacuation Pause) 347M->47M(512M) 1.988ms
[2023-04-10T17:36:10.231+0800][57.600s] GC(105) User=0.05s Sys=0.00s Real=0.00s
[2023-04-10T17:36:10.671+0800][58.039s] GC(106) Pause Young (Normal) (G1 Evacuation Pause)
[2023-04-10T17:36:10.671+0800][58.039s] GC(106) Using 8 workers of 8 for evacuation
[2023-04-10T17:36:10.673+0800][58.041s] GC(106)   Pre Evacuate Collection Set: 0.0ms
[2023-04-10T17:36:10.673+0800][58.041s] GC(106)   Evacuate Collection Set: 1.1ms
[2023-04-10T17:36:10.673+0800][58.041s] GC(106)   Post Evacuate Collection Set: 0.6ms
[2023-04-10T17:36:10.673+0800][58.041s] GC(106)   Other: 0.3ms
[2023-04-10T17:36:10.673+0800][58.041s] GC(106) Eden regions: 299->0(297)
[2023-04-10T17:36:10.673+0800][58.041s] GC(106) Survivor regions: 8->10(39)
[2023-04-10T17:36:10.673+0800][58.041s] GC(106) Old regions: 34->34
[2023-04-10T17:36:10.673+0800][58.041s] GC(106) Humongous regions: 20->13
[2023-04-10T17:36:10.673+0800][58.041s] GC(106) Metaspace: 57176K(58960K)->57176K(58960K) NonClass: 50412K(51456K)->50412K(51456K) Class: 6763K(7504K)->6763K(7504K)
[2023-04-10T17:36:10.673+0800][58.042s] GC(106) Pause Young (Normal) (G1 Evacuation Pause) 360M->56M(512M) 2.416ms
[2023-04-10T17:36:10.673+0800][58.042s] GC(106) User=0.00s Sys=0.00s Real=0.00s
[2023-04-10T17:36:11.173+0800][58.541s] GC(107) Pause Young (Normal) (G1 Evacuation Pause)
[2023-04-10T17:36:11.173+0800][58.541s] GC(107) Using 8 workers of 8 for evacuation
[2023-04-10T17:36:11.175+0800][58.543s] GC(107)   Pre Evacuate Collection Set: 0.0ms
[2023-04-10T17:36:11.175+0800][58.543s] GC(107)   Evacuate Collection Set: 1.1ms
[2023-04-10T17:36:11.175+0800][58.543s] GC(107)   Post Evacuate Collection Set: 0.6ms
[2023-04-10T17:36:11.175+0800][58.543s] GC(107)   Other: 0.2ms
[2023-04-10T17:36:11.175+0800][58.543s] GC(107) Eden regions: 297->0(296)
[2023-04-10T17:36:11.175+0800][58.543s] GC(107) Survivor regions: 10->11(39)
[2023-04-10T17:36:11.175+0800][58.543s] GC(107) Old regions: 34->34
[2023-04-10T17:36:11.175+0800][58.543s] GC(107) Humongous regions: 18->13
[2023-04-10T17:36:11.175+0800][58.543s] GC(107) Metaspace: 57176K(58960K)->57176K(58960K) NonClass: 50412K(51456K)->50412K(51456K) Class: 6763K(7504K)->6763K(7504K)
[2023-04-10T17:36:11.175+0800][58.543s] GC(107) Pause Young (Normal) (G1 Evacuation Pause) 358M->57M(512M) 2.105ms
[2023-04-10T17:36:11.175+0800][58.543s] GC(107) User=0.00s Sys=0.00s Real=0.00s
[2023-04-10T17:36:11.650+0800][59.018s] GC(108) Pause Young (Normal) (G1 Evacuation Pause)
[2023-04-10T17:36:11.650+0800][59.018s] GC(108) Using 8 workers of 8 for evacuation
[2023-04-10T17:36:11.651+0800][59.019s] GC(108)   Pre Evacuate Collection Set: 0.0ms
[2023-04-10T17:36:11.651+0800][59.019s] GC(108)   Evacuate Collection Set: 0.7ms
[2023-04-10T17:36:11.651+0800][59.019s] GC(108)   Post Evacuate Collection Set: 0.7ms
[2023-04-10T17:36:11.651+0800][59.020s] GC(108)   Other: 0.2ms
[2023-04-10T17:36:11.651+0800][59.020s] GC(108) Eden regions: 296->0(301)
[2023-04-10T17:36:11.651+0800][59.020s] GC(108) Survivor regions: 11->6(39)
[2023-04-10T17:36:11.651+0800][59.020s] GC(108) Old regions: 34->34
[2023-04-10T17:36:11.651+0800][59.020s] GC(108) Humongous regions: 14->5
[2023-04-10T17:36:11.651+0800][59.020s] GC(108) Metaspace: 57176K(58960K)->57176K(58960K) NonClass: 50413K(51456K)->50413K(51456K) Class: 6763K(7504K)->6763K(7504K)
[2023-04-10T17:36:11.651+0800][59.020s] GC(108) Pause Young (Normal) (G1 Evacuation Pause) 354M->44M(512M) 1.761ms
[2023-04-10T17:36:11.651+0800][59.020s] GC(108) User=0.00s Sys=0.00s Real=0.00s
[2023-04-10T17:36:12.088+0800][59.456s] GC(109) Pause Young (Normal) (G1 Evacuation Pause)
[2023-04-10T17:36:12.088+0800][59.456s] GC(109) Using 8 workers of 8 for evacuation
[2023-04-10T17:36:12.090+0800][59.458s] GC(109)   Pre Evacuate Collection Set: 0.0ms
[2023-04-10T17:36:12.090+0800][59.458s] GC(109)   Evacuate Collection Set: 1.0ms
[2023-04-10T17:36:12.090+0800][59.458s] GC(109)   Post Evacuate Collection Set: 0.7ms
[2023-04-10T17:36:12.090+0800][59.458s] GC(109)   Other: 0.2ms
[2023-04-10T17:36:12.090+0800][59.458s] GC(109) Eden regions: 301->0(299)
[2023-04-10T17:36:12.090+0800][59.458s] GC(109) Survivor regions: 6->8(39)
[2023-04-10T17:36:12.090+0800][59.458s] GC(109) Old regions: 34->34
[2023-04-10T17:36:12.090+0800][59.458s] GC(109) Humongous regions: 13->12
[2023-04-10T17:36:12.090+0800][59.458s] GC(109) Metaspace: 57176K(58960K)->57176K(58960K) NonClass: 50413K(51456K)->50413K(51456K) Class: 6763K(7504K)->6763K(7504K)
[2023-04-10T17:36:12.090+0800][59.458s] GC(109) Pause Young (Normal) (G1 Evacuation Pause) 353M->53M(512M) 2.033ms
[2023-04-10T17:36:12.090+0800][59.458s] GC(109) User=0.00s Sys=0.00s Real=0.00s
[2023-04-10T17:36:12.604+0800][59.972s] GC(110) Pause Young (Normal) (G1 Evacuation Pause)
[2023-04-10T17:36:12.604+0800][59.972s] GC(110) Using 8 workers of 8 for evacuation
[2023-04-10T17:36:12.606+0800][59.974s] GC(110)   Pre Evacuate Collection Set: 0.0ms
[2023-04-10T17:36:12.606+0800][59.974s] GC(110)   Evacuate Collection Set: 1.1ms
[2023-04-10T17:36:12.606+0800][59.974s] GC(110)   Post Evacuate Collection Set: 0.7ms
[2023-04-10T17:36:12.606+0800][59.974s] GC(110)   Other: 0.1ms
[2023-04-10T17:36:12.606+0800][59.974s] GC(110) Eden regions: 299->0(296)
[2023-04-10T17:36:12.606+0800][59.974s] GC(110) Survivor regions: 8->11(39)
[2023-04-10T17:36:12.606+0800][59.974s] GC(110) Old regions: 34->34
[2023-04-10T17:36:12.606+0800][59.974s] GC(110) Humongous regions: 25->13
[2023-04-10T17:36:12.606+0800][59.974s] GC(110) Metaspace: 57176K(58960K)->57176K(58960K) NonClass: 50413K(51456K)->50413K(51456K) Class: 6763K(7504K)->6763K(7504K)
[2023-04-10T17:36:12.606+0800][59.974s] GC(110) Pause Young (Normal) (G1 Evacuation Pause) 365M->56M(512M) 2.095ms
[2023-04-10T17:36:12.606+0800][59.974s] GC(110) User=0.11s Sys=0.00s Real=0.00s
[2023-04-10T17:36:13.038+0800][60.406s] GC(111) Pause Young (Normal) (G1 Evacuation Pause)
[2023-04-10T17:36:13.038+0800][60.406s] GC(111) Using 8 workers of 8 for evacuation
[2023-04-10T17:36:13.039+0800][60.407s] GC(111)   Pre Evacuate Collection Set: 0.0ms
[2023-04-10T17:36:13.039+0800][60.407s] GC(111)   Evacuate Collection Set: 0.5ms
[2023-04-10T17:36:13.039+0800][60.407s] GC(111)   Post Evacuate Collection Set: 0.5ms
[2023-04-10T17:36:13.039+0800][60.407s] GC(111)   Other: 0.2ms
[2023-04-10T17:36:13.039+0800][60.407s] GC(111) Eden regions: 296->0(303)
[2023-04-10T17:36:13.039+0800][60.407s] GC(111) Survivor regions: 11->4(39)
[2023-04-10T17:36:13.039+0800][60.407s] GC(111) Old regions: 34->34
[2023-04-10T17:36:13.039+0800][60.407s] GC(111) Humongous regions: 14->5
[2023-04-10T17:36:13.039+0800][60.407s] GC(111) Metaspace: 57177K(58960K)->57177K(58960K) NonClass: 50414K(51456K)->50414K(51456K) Class: 6763K(7504K)->6763K(7504K)
[2023-04-10T17:36:13.039+0800][60.407s] GC(111) Pause Young (Normal) (G1 Evacuation Pause) 353M->42M(512M) 1.312ms
[2023-04-10T17:36:13.039+0800][60.407s] GC(111) User=0.00s Sys=0.00s Real=0.00s
[2023-04-10T17:36:13.442+0800][60.810s] GC(112) Pause Young (Normal) (G1 Evacuation Pause)
[2023-04-10T17:36:13.442+0800][60.810s] GC(112) Using 8 workers of 8 for evacuation
[2023-04-10T17:36:13.444+0800][60.812s] GC(112)   Pre Evacuate Collection Set: 0.0ms
[2023-04-10T17:36:13.444+0800][60.812s] GC(112)   Evacuate Collection Set: 1.0ms
[2023-04-10T17:36:13.444+0800][60.812s] GC(112)   Post Evacuate Collection Set: 0.6ms
[2023-04-10T17:36:13.444+0800][60.812s] GC(112)   Other: 0.2ms
[2023-04-10T17:36:13.444+0800][60.812s] GC(112) Eden regions: 303->0(297)
[2023-04-10T17:36:13.444+0800][60.812s] GC(112) Survivor regions: 4->10(39)
[2023-04-10T17:36:13.444+0800][60.812s] GC(112) Old regions: 34->34
[2023-04-10T17:36:13.444+0800][60.812s] GC(112) Humongous regions: 8->7
[2023-04-10T17:36:13.444+0800][60.812s] GC(112) Metaspace: 57177K(58960K)->57177K(58960K) NonClass: 50414K(51456K)->50414K(51456K) Class: 6763K(7504K)->6763K(7504K)
[2023-04-10T17:36:13.444+0800][60.812s] GC(112) Pause Young (Normal) (G1 Evacuation Pause) 348M->50M(512M) 2.041ms
[2023-04-10T17:36:13.444+0800][60.812s] GC(112) User=0.00s Sys=0.00s Real=0.00s
[2023-04-10T17:36:14.071+0800][61.438s] GC(113) Pause Young (Normal) (G1 Evacuation Pause)
[2023-04-10T17:36:14.071+0800][61.438s] GC(113) Using 8 workers of 8 for evacuation
[2023-04-10T17:36:14.073+0800][61.440s] GC(113)   Pre Evacuate Collection Set: 0.0ms
[2023-04-10T17:36:14.073+0800][61.440s] GC(113)   Evacuate Collection Set: 1.3ms
[2023-04-10T17:36:14.073+0800][61.441s] GC(113)   Post Evacuate Collection Set: 0.5ms
[2023-04-10T17:36:14.073+0800][61.441s] GC(113)   Other: 0.3ms
[2023-04-10T17:36:14.073+0800][61.441s] GC(113) Eden regions: 297->0(296)
[2023-04-10T17:36:14.073+0800][61.441s] GC(113) Survivor regions: 10->11(39)
[2023-04-10T17:36:14.073+0800][61.441s] GC(113) Old regions: 34->34
[2023-04-10T17:36:14.073+0800][61.441s] GC(113) Humongous regions: 25->13
[2023-04-10T17:36:14.073+0800][61.441s] GC(113) Metaspace: 57177K(58960K)->57177K(58960K) NonClass: 50414K(51456K)->50414K(51456K) Class: 6763K(7504K)->6763K(7504K)
[2023-04-10T17:36:14.073+0800][61.441s] GC(113) Pause Young (Normal) (G1 Evacuation Pause) 365M->56M(512M) 2.477ms
[2023-04-10T17:36:14.073+0800][61.441s] GC(113) User=0.00s Sys=0.00s Real=0.00s
[2023-04-10T17:36:14.533+0800][61.901s] GC(114) Pause Young (Normal) (G1 Evacuation Pause)
[2023-04-10T17:36:14.533+0800][61.901s] GC(114) Using 8 workers of 8 for evacuation
[2023-04-10T17:36:14.534+0800][61.902s] GC(114)   Pre Evacuate Collection Set: 0.0ms
[2023-04-10T17:36:14.534+0800][61.902s] GC(114)   Evacuate Collection Set: 0.5ms
[2023-04-10T17:36:14.534+0800][61.902s] GC(114)   Post Evacuate Collection Set: 0.4ms
[2023-04-10T17:36:14.534+0800][61.902s] GC(114)   Other: 0.2ms
[2023-04-10T17:36:14.534+0800][61.902s] GC(114) Eden regions: 296->0(304)
[2023-04-10T17:36:14.534+0800][61.902s] GC(114) Survivor regions: 11->3(39)
[2023-04-10T17:36:14.534+0800][61.902s] GC(114) Old regions: 34->34
[2023-04-10T17:36:14.534+0800][61.902s] GC(114) Humongous regions: 13->4
[2023-04-10T17:36:14.534+0800][61.902s] GC(114) Metaspace: 57180K(58960K)->57180K(58960K) NonClass: 50417K(51456K)->50417K(51456K) Class: 6763K(7504K)->6763K(7504K)
[2023-04-10T17:36:14.534+0800][61.902s] GC(114) Pause Young (Normal) (G1 Evacuation Pause) 352M->40M(512M) 1.253ms
[2023-04-10T17:36:14.534+0800][61.902s] GC(114) User=0.00s Sys=0.00s Real=0.00s
[2023-04-10T17:36:14.991+0800][62.359s] GC(115) Pause Young (Normal) (G1 Evacuation Pause)
[2023-04-10T17:36:14.991+0800][62.359s] GC(115) Using 8 workers of 8 for evacuation
[2023-04-10T17:36:14.992+0800][62.360s] GC(115)   Pre Evacuate Collection Set: 0.0ms
[2023-04-10T17:36:14.992+0800][62.360s] GC(115)   Evacuate Collection Set: 1.0ms
[2023-04-10T17:36:14.992+0800][62.360s] GC(115)   Post Evacuate Collection Set: 0.4ms
[2023-04-10T17:36:14.992+0800][62.360s] GC(115)   Other: 0.2ms
[2023-04-10T17:36:14.992+0800][62.360s] GC(115) Eden regions: 304->0(298)
[2023-04-10T17:36:14.993+0800][62.360s] GC(115) Survivor regions: 3->9(39)
[2023-04-10T17:36:14.993+0800][62.360s] GC(115) Old regions: 34->34
[2023-04-10T17:36:14.993+0800][62.360s] GC(115) Humongous regions: 7->6
[2023-04-10T17:36:14.993+0800][62.360s] GC(115) Metaspace: 57180K(58960K)->57180K(58960K) NonClass: 50417K(51456K)->50417K(51456K) Class: 6763K(7504K)->6763K(7504K)
[2023-04-10T17:36:14.993+0800][62.360s] GC(115) Pause Young (Normal) (G1 Evacuation Pause) 347M->48M(512M) 1.843ms
[2023-04-10T17:36:14.993+0800][62.360s] GC(115) User=0.00s Sys=0.00s Real=0.00s
[2023-04-10T17:36:15.468+0800][62.836s] GC(116) Pause Young (Normal) (G1 Evacuation Pause)
[2023-04-10T17:36:15.468+0800][62.836s] GC(116) Using 8 workers of 8 for evacuation
[2023-04-10T17:36:15.470+0800][62.837s] GC(116)   Pre Evacuate Collection Set: 0.0ms
[2023-04-10T17:36:15.470+0800][62.838s] GC(116)   Evacuate Collection Set: 1.1ms
[2023-04-10T17:36:15.470+0800][62.838s] GC(116)   Post Evacuate Collection Set: 0.6ms
[2023-04-10T17:36:15.470+0800][62.838s] GC(116)   Other: 0.1ms
[2023-04-10T17:36:15.470+0800][62.838s] GC(116) Eden regions: 298->0(297)
[2023-04-10T17:36:15.470+0800][62.838s] GC(116) Survivor regions: 9->10(39)
[2023-04-10T17:36:15.470+0800][62.838s] GC(116) Old regions: 34->34
[2023-04-10T17:36:15.470+0800][62.838s] GC(116) Humongous regions: 20->13
[2023-04-10T17:36:15.470+0800][62.838s] GC(116) Metaspace: 57180K(58960K)->57180K(58960K) NonClass: 50417K(51456K)->50417K(51456K) Class: 6763K(7504K)->6763K(7504K)
[2023-04-10T17:36:15.470+0800][62.838s] GC(116) Pause Young (Normal) (G1 Evacuation Pause) 360M->56M(512M) 2.067ms
[2023-04-10T17:36:15.470+0800][62.838s] GC(116) User=0.00s Sys=0.00s Real=0.00s
[2023-04-10T17:36:16.074+0800][63.441s] GC(117) Pause Young (Normal) (G1 Evacuation Pause)
[2023-04-10T17:36:16.074+0800][63.442s] GC(117) Using 8 workers of 8 for evacuation
[2023-04-10T17:36:16.075+0800][63.442s] GC(117)   Pre Evacuate Collection Set: 0.0ms
[2023-04-10T17:36:16.075+0800][63.442s] GC(117)   Evacuate Collection Set: 0.4ms
[2023-04-10T17:36:16.075+0800][63.442s] GC(117)   Post Evacuate Collection Set: 0.3ms
[2023-04-10T17:36:16.075+0800][63.442s] GC(117)   Other: 0.2ms
[2023-04-10T17:36:16.075+0800][63.442s] GC(117) Eden regions: 297->0(306)
[2023-04-10T17:36:16.075+0800][63.442s] GC(117) Survivor regions: 10->1(39)
[2023-04-10T17:36:16.075+0800][63.442s] GC(117) Old regions: 34->34
[2023-04-10T17:36:16.075+0800][63.442s] GC(117) Humongous regions: 18->4
[2023-04-10T17:36:16.075+0800][63.443s] GC(117) Metaspace: 57180K(58960K)->57180K(58960K) NonClass: 50417K(51456K)->50417K(51456K) Class: 6763K(7504K)->6763K(7504K)
[2023-04-10T17:36:16.075+0800][63.443s] GC(117) Pause Young (Normal) (G1 Evacuation Pause) 358M->38M(512M) 1.092ms
[2023-04-10T17:36:16.075+0800][63.443s] GC(117) User=0.00s Sys=0.00s Real=0.00s
[2023-04-10T17:36:16.509+0800][63.877s] GC(118) Pause Young (Normal) (G1 Evacuation Pause)
[2023-04-10T17:36:16.509+0800][63.877s] GC(118) Using 8 workers of 8 for evacuation
[2023-04-10T17:36:16.510+0800][63.879s] GC(118)   Pre Evacuate Collection Set: 0.0ms
[2023-04-10T17:36:16.510+0800][63.879s] GC(118)   Evacuate Collection Set: 0.8ms
[2023-04-10T17:36:16.510+0800][63.879s] GC(118)   Post Evacuate Collection Set: 0.7ms
[2023-04-10T17:36:16.510+0800][63.879s] GC(118)   Other: 0.2ms
[2023-04-10T17:36:16.510+0800][63.879s] GC(118) Eden regions: 306->0(300)
[2023-04-10T17:36:16.511+0800][63.879s] GC(118) Survivor regions: 1->7(39)
[2023-04-10T17:36:16.511+0800][63.879s] GC(118) Old regions: 34->34
[2023-04-10T17:36:16.511+0800][63.879s] GC(118) Humongous regions: 7->6
[2023-04-10T17:36:16.511+0800][63.879s] GC(118) Metaspace: 57180K(58960K)->57180K(58960K) NonClass: 50417K(51456K)->50417K(51456K) Class: 6763K(7504K)->6763K(7504K)
[2023-04-10T17:36:16.511+0800][63.879s] GC(118) Pause Young (Normal) (G1 Evacuation Pause) 347M->46M(512M) 1.855ms
[2023-04-10T17:36:16.511+0800][63.879s] GC(118) User=0.00s Sys=0.02s Real=0.00s
[2023-04-10T17:36:16.934+0800][64.302s] GC(119) Pause Young (Normal) (G1 Evacuation Pause)
[2023-04-10T17:36:16.934+0800][64.302s] GC(119) Using 8 workers of 8 for evacuation
[2023-04-10T17:36:16.936+0800][64.304s] GC(119)   Pre Evacuate Collection Set: 0.0ms
[2023-04-10T17:36:16.936+0800][64.304s] GC(119)   Evacuate Collection Set: 1.2ms
[2023-04-10T17:36:16.936+0800][64.304s] GC(119)   Post Evacuate Collection Set: 0.6ms
[2023-04-10T17:36:16.936+0800][64.304s] GC(119)   Other: 0.2ms
[2023-04-10T17:36:16.936+0800][64.304s] GC(119) Eden regions: 300->0(297)
[2023-04-10T17:36:16.936+0800][64.304s] GC(119) Survivor regions: 7->10(39)
[2023-04-10T17:36:16.936+0800][64.304s] GC(119) Old regions: 34->34
[2023-04-10T17:36:16.936+0800][64.304s] GC(119) Humongous regions: 20->13
[2023-04-10T17:36:16.936+0800][64.305s] GC(119) Metaspace: 57180K(58960K)->57180K(58960K) NonClass: 50417K(51456K)->50417K(51456K) Class: 6763K(7504K)->6763K(7504K)
[2023-04-10T17:36:16.936+0800][64.305s] GC(119) Pause Young (Normal) (G1 Evacuation Pause) 360M->56M(512M) 2.313ms
[2023-04-10T17:36:16.936+0800][64.305s] GC(119) User=0.00s Sys=0.00s Real=0.00s
[2023-04-10T17:36:17.526+0800][64.894s] GC(120) Pause Young (Normal) (G1 Evacuation Pause)
[2023-04-10T17:36:17.526+0800][64.894s] GC(120) Using 8 workers of 8 for evacuation
[2023-04-10T17:36:17.528+0800][64.896s] GC(120)   Pre Evacuate Collection Set: 0.0ms
[2023-04-10T17:36:17.528+0800][64.896s] GC(120)   Evacuate Collection Set: 1.2ms
[2023-04-10T17:36:17.528+0800][64.896s] GC(120)   Post Evacuate Collection Set: 0.4ms
[2023-04-10T17:36:17.528+0800][64.896s] GC(120)   Other: 0.2ms
[2023-04-10T17:36:17.528+0800][64.896s] GC(120) Eden regions: 297->0(296)
[2023-04-10T17:36:17.528+0800][64.896s] GC(120) Survivor regions: 10->11(39)
[2023-04-10T17:36:17.528+0800][64.896s] GC(120) Old regions: 34->34
[2023-04-10T17:36:17.529+0800][64.896s] GC(120) Humongous regions: 18->13
[2023-04-10T17:36:17.529+0800][64.896s] GC(120) Metaspace: 57181K(58960K)->57181K(58960K) NonClass: 50418K(51456K)->50418K(51456K) Class: 6763K(7504K)->6763K(7504K)
[2023-04-10T17:36:17.529+0800][64.896s] GC(120) Pause Young (Normal) (G1 Evacuation Pause) 358M->57M(512M) 2.195ms
[2023-04-10T17:36:17.529+0800][64.897s] GC(120) User=0.08s Sys=0.00s Real=0.00s
[2023-04-10T17:36:18.099+0800][65.467s] GC(121) Pause Young (Normal) (G1 Evacuation Pause)
[2023-04-10T17:36:18.099+0800][65.467s] GC(121) Using 8 workers of 8 for evacuation
[2023-04-10T17:36:18.100+0800][65.468s] GC(121)   Pre Evacuate Collection Set: 0.0ms
[2023-04-10T17:36:18.100+0800][65.468s] GC(121)   Evacuate Collection Set: 0.8ms
[2023-04-10T17:36:18.100+0800][65.468s] GC(121)   Post Evacuate Collection Set: 0.5ms
[2023-04-10T17:36:18.101+0800][65.469s] GC(121)   Other: 0.2ms
[2023-04-10T17:36:18.101+0800][65.469s] GC(121) Eden regions: 296->0(301)
[2023-04-10T17:36:18.101+0800][65.469s] GC(121) Survivor regions: 11->6(39)
[2023-04-10T17:36:18.101+0800][65.469s] GC(121) Old regions: 34->34
[2023-04-10T17:36:18.101+0800][65.469s] GC(121) Humongous regions: 14->5
[2023-04-10T17:36:18.101+0800][65.469s] GC(121) Metaspace: 57183K(58960K)->57183K(58960K) NonClass: 50420K(51456K)->50420K(51456K) Class: 6763K(7504K)->6763K(7504K)
[2023-04-10T17:36:18.101+0800][65.469s] GC(121) Pause Young (Normal) (G1 Evacuation Pause) 354M->44M(512M) 1.755ms
[2023-04-10T17:36:18.101+0800][65.469s] GC(121) User=0.00s Sys=0.00s Real=0.00s
[2023-04-10T19:56:10.985+0800][8458.354s] GC(122) Pause Young (Concurrent Start) (Metadata GC Threshold)
[2023-04-10T19:56:10.986+0800][8458.354s] GC(122) Using 8 workers of 8 for evacuation
[2023-04-10T19:56:11.036+0800][8458.404s] GC(122)   Pre Evacuate Collection Set: 2.9ms
[2023-04-10T19:56:11.036+0800][8458.404s] GC(122)   Evacuate Collection Set: 42.7ms
[2023-04-10T19:56:11.036+0800][8458.404s] GC(122)   Post Evacuate Collection Set: 1.6ms
[2023-04-10T19:56:11.036+0800][8458.404s] GC(122)   Other: 3.1ms
[2023-04-10T19:56:11.036+0800][8458.404s] GC(122) Eden regions: 127->0(304)
[2023-04-10T19:56:11.036+0800][8458.404s] GC(122) Survivor regions: 6->3(39)
[2023-04-10T19:56:11.036+0800][8458.404s] GC(122) Old regions: 34->34
[2023-04-10T19:56:11.036+0800][8458.404s] GC(122) Humongous regions: 5->4
[2023-04-10T19:56:11.036+0800][8458.404s] GC(122) Metaspace: 58778K(60496K)->58778K(60496K) NonClass: 51854K(52736K)->51854K(52736K) Class: 6924K(7760K)->6924K(7760K)
[2023-04-10T19:56:11.037+0800][8458.404s] GC(122) Pause Young (Concurrent Start) (Metadata GC Threshold) 171M->40M(512M) 50.594ms
[2023-04-10T19:56:11.037+0800][8458.404s] GC(122) User=0.03s Sys=0.02s Real=0.05s
[2023-04-10T19:56:11.037+0800][8458.405s] GC(123) Concurrent Cycle
[2023-04-10T19:56:11.037+0800][8458.405s] GC(123) Concurrent Clear Claimed Marks
[2023-04-10T19:56:11.038+0800][8458.405s] GC(123) Concurrent Clear Claimed Marks 0.111ms
[2023-04-10T19:56:11.038+0800][8458.405s] GC(123) Concurrent Scan Root Regions
[2023-04-10T19:56:11.045+0800][8458.412s] GC(123) Concurrent Scan Root Regions 7.115ms
[2023-04-10T19:56:11.045+0800][8458.412s] GC(123) Concurrent Mark (8458.412s)
[2023-04-10T19:56:11.045+0800][8458.412s] GC(123) Concurrent Mark From Roots
[2023-04-10T19:56:11.045+0800][8458.412s] GC(123) Using 2 workers of 2 for marking
[2023-04-10T19:56:11.108+0800][8458.475s] GC(123) Concurrent Mark From Roots 62.900ms
[2023-04-10T19:56:11.108+0800][8458.475s] GC(123) Concurrent Preclean
[2023-04-10T19:56:11.108+0800][8458.476s] GC(123) Concurrent Preclean 0.465ms
[2023-04-10T19:56:11.108+0800][8458.476s] GC(123) Concurrent Mark (8458.412s, 8458.476s) 63.457ms
[2023-04-10T19:56:11.108+0800][8458.476s] GC(123) Pause Remark
[2023-04-10T19:56:11.187+0800][8458.555s] GC(123) Cleaned string and symbol table, strings: 27283 processed, 1458 removed, symbols: 169273 processed, 558 removed
[2023-04-10T19:56:11.189+0800][8458.557s] GC(123) Pause Remark 45M->45M(512M) 80.791ms
[2023-04-10T19:56:11.189+0800][8458.557s] GC(123) User=0.14s Sys=0.11s Real=0.08s
[2023-04-10T19:56:11.189+0800][8458.557s] GC(123) Concurrent Rebuild Remembered Sets
[2023-04-10T19:56:11.204+0800][8458.572s] GC(123) Concurrent Rebuild Remembered Sets 14.978ms
[2023-04-10T19:56:11.205+0800][8458.572s] GC(123) Pause Cleanup
[2023-04-10T19:56:11.205+0800][8458.573s] GC(123) Pause Cleanup 47M->47M(512M) 0.211ms
[2023-04-10T19:56:11.205+0800][8458.573s] GC(123) User=0.00s Sys=0.00s Real=0.00s
[2023-04-10T19:56:11.205+0800][8458.573s] GC(123) Concurrent Cleanup for Next Mark
[2023-04-10T19:56:11.208+0800][8458.576s] GC(123) Concurrent Cleanup for Next Mark 3.007ms
[2023-04-10T19:56:11.208+0800][8458.576s] GC(123) Concurrent Cycle 170.740ms
[2023-04-10T19:56:13.051+0800][8460.419s] GC(124) Pause Young (Normal) (G1 Evacuation Pause)
[2023-04-10T19:56:13.051+0800][8460.419s] GC(124) Using 8 workers of 8 for evacuation
[2023-04-10T19:56:13.073+0800][8460.441s] GC(124)   Pre Evacuate Collection Set: 0.0ms
[2023-04-10T19:56:13.073+0800][8460.441s] GC(124)   Evacuate Collection Set: 21.2ms
[2023-04-10T19:56:13.073+0800][8460.441s] GC(124)   Post Evacuate Collection Set: 0.7ms
[2023-04-10T19:56:13.073+0800][8460.441s] GC(124)   Other: 0.2ms
[2023-04-10T19:56:13.073+0800][8460.441s] GC(124) Eden regions: 304->0(299)
[2023-04-10T19:56:13.073+0800][8460.441s] GC(124) Survivor regions: 3->8(39)
[2023-04-10T19:56:13.073+0800][8460.441s] GC(124) Old regions: 34->34
[2023-04-10T19:56:13.073+0800][8460.441s] GC(124) Humongous regions: 5->5
[2023-04-10T19:56:13.073+0800][8460.441s] GC(124) Metaspace: 58204K(60752K)->58204K(60752K) NonClass: 51466K(52992K)->51466K(52992K) Class: 6738K(7760K)->6738K(7760K)
[2023-04-10T19:56:13.073+0800][8460.441s] GC(124) Pause Young (Normal) (G1 Evacuation Pause) 345M->46M(512M) 22.267ms
[2023-04-10T19:56:13.073+0800][8460.441s] GC(124) User=0.00s Sys=0.00s Real=0.02s
[2023-04-10T19:56:13.493+0800][8460.861s] GC(125) Pause Young (Normal) (G1 Evacuation Pause)
[2023-04-10T19:56:13.493+0800][8460.862s] GC(125) Using 8 workers of 8 for evacuation
[2023-04-10T19:56:13.511+0800][8460.879s] GC(125)   Pre Evacuate Collection Set: 0.0ms
[2023-04-10T19:56:13.511+0800][8460.879s] GC(125)   Evacuate Collection Set: 17.1ms
[2023-04-10T19:56:13.511+0800][8460.879s] GC(125)   Post Evacuate Collection Set: 0.5ms
[2023-04-10T19:56:13.511+0800][8460.879s] GC(125)   Other: 0.2ms
[2023-04-10T19:56:13.511+0800][8460.879s] GC(125) Eden regions: 299->0(294)
[2023-04-10T19:56:13.511+0800][8460.879s] GC(125) Survivor regions: 8->13(39)
[2023-04-10T19:56:13.511+0800][8460.879s] GC(125) Old regions: 34->34
[2023-04-10T19:56:13.511+0800][8460.879s] GC(125) Humongous regions: 8->7
[2023-04-10T19:56:13.511+0800][8460.879s] GC(125) Metaspace: 58204K(60752K)->58204K(60752K) NonClass: 51466K(52992K)->51466K(52992K) Class: 6738K(7760K)->6738K(7760K)
[2023-04-10T19:56:13.511+0800][8460.879s] GC(125) Pause Young (Normal) (G1 Evacuation Pause) 348M->53M(512M) 17.968ms
[2023-04-10T19:56:13.511+0800][8460.879s] GC(125) User=0.02s Sys=0.00s Real=0.02s
[2023-04-10T19:56:14.233+0800][8461.602s] GC(126) Pause Young (Normal) (G1 Evacuation Pause)
[2023-04-10T19:56:14.233+0800][8461.602s] GC(126) Using 8 workers of 8 for evacuation
[2023-04-10T19:56:14.246+0800][8461.614s] GC(126)   Pre Evacuate Collection Set: 0.0ms
[2023-04-10T19:56:14.246+0800][8461.614s] GC(126)   Evacuate Collection Set: 10.2ms
[2023-04-10T19:56:14.246+0800][8461.614s] GC(126)   Post Evacuate Collection Set: 1.9ms
[2023-04-10T19:56:14.246+0800][8461.614s] GC(126)   Other: 0.2ms
[2023-04-10T19:56:14.246+0800][8461.614s] GC(126) Eden regions: 294->0(294)
[2023-04-10T19:56:14.246+0800][8461.614s] GC(126) Survivor regions: 13->13(39)
[2023-04-10T19:56:14.246+0800][8461.614s] GC(126) Old regions: 34->34
[2023-04-10T19:56:14.246+0800][8461.614s] GC(126) Humongous regions: 25->13
[2023-04-10T19:56:14.246+0800][8461.614s] GC(126) Metaspace: 58204K(60752K)->58204K(60752K) NonClass: 51466K(52992K)->51466K(52992K) Class: 6738K(7760K)->6738K(7760K)
[2023-04-10T19:56:14.246+0800][8461.614s] GC(126) Pause Young (Normal) (G1 Evacuation Pause) 365M->59M(512M) 12.454ms
[2023-04-10T19:56:14.246+0800][8461.614s] GC(126) User=0.12s Sys=0.00s Real=0.01s
[2023-04-10T19:56:14.814+0800][8462.182s] GC(127) Pause Young (Normal) (G1 Evacuation Pause)
[2023-04-10T19:56:14.814+0800][8462.182s] GC(127) Using 8 workers of 8 for evacuation
[2023-04-10T19:56:14.822+0800][8462.190s] GC(127)   Pre Evacuate Collection Set: 0.0ms
[2023-04-10T19:56:14.822+0800][8462.190s] GC(127)   Evacuate Collection Set: 7.3ms
[2023-04-10T19:56:14.822+0800][8462.190s] GC(127)   Post Evacuate Collection Set: 0.6ms
[2023-04-10T19:56:14.822+0800][8462.190s] GC(127)   Other: 0.2ms
[2023-04-10T19:56:14.822+0800][8462.190s] GC(127) Eden regions: 294->0(301)
[2023-04-10T19:56:14.822+0800][8462.190s] GC(127) Survivor regions: 13->6(39)
[2023-04-10T19:56:14.822+0800][8462.190s] GC(127) Old regions: 34->35
[2023-04-10T19:56:14.822+0800][8462.190s] GC(127) Humongous regions: 14->5
[2023-04-10T19:56:14.822+0800][8462.191s] GC(127) Metaspace: 58204K(60752K)->58204K(60752K) NonClass: 51466K(52992K)->51466K(52992K) Class: 6738K(7760K)->6738K(7760K)
[2023-04-10T19:56:14.822+0800][8462.191s] GC(127) Pause Young (Normal) (G1 Evacuation Pause) 354M->44M(512M) 8.266ms
[2023-04-10T19:56:14.822+0800][8462.191s] GC(127) User=0.00s Sys=0.00s Real=0.01s
[2023-04-10T19:56:15.294+0800][8462.663s] GC(128) Pause Young (Normal) (G1 Evacuation Pause)
[2023-04-10T19:56:15.294+0800][8462.663s] GC(128) Using 8 workers of 8 for evacuation
[2023-04-10T19:56:15.304+0800][8462.673s] GC(128)   Pre Evacuate Collection Set: 0.0ms
[2023-04-10T19:56:15.304+0800][8462.673s] GC(128)   Evacuate Collection Set: 9.3ms
[2023-04-10T19:56:15.304+0800][8462.673s] GC(128)   Post Evacuate Collection Set: 0.6ms
[2023-04-10T19:56:15.304+0800][8462.673s] GC(128)   Other: 0.1ms
[2023-04-10T19:56:15.304+0800][8462.673s] GC(128) Eden regions: 301->0(295)
[2023-04-10T19:56:15.304+0800][8462.673s] GC(128) Survivor regions: 6->12(39)
[2023-04-10T19:56:15.304+0800][8462.673s] GC(128) Old regions: 35->35
[2023-04-10T19:56:15.305+0800][8462.673s] GC(128) Humongous regions: 7->6
[2023-04-10T19:56:15.305+0800][8462.673s] GC(128) Metaspace: 58204K(60752K)->58204K(60752K) NonClass: 51466K(52992K)->51466K(52992K) Class: 6738K(7760K)->6738K(7760K)
[2023-04-10T19:56:15.305+0800][8462.673s] GC(128) Pause Young (Normal) (G1 Evacuation Pause) 347M->51M(512M) 10.283ms
[2023-04-10T19:56:15.305+0800][8462.673s] GC(128) User=0.00s Sys=0.00s Real=0.01s
[2023-04-10T19:56:15.753+0800][8463.121s] GC(129) Pause Young (Normal) (G1 Evacuation Pause)
[2023-04-10T19:56:15.753+0800][8463.121s] GC(129) Using 8 workers of 8 for evacuation
[2023-04-10T19:56:15.756+0800][8463.124s] GC(129)   Pre Evacuate Collection Set: 0.0ms
[2023-04-10T19:56:15.756+0800][8463.124s] GC(129)   Evacuate Collection Set: 1.8ms
[2023-04-10T19:56:15.756+0800][8463.124s] GC(129)   Post Evacuate Collection Set: 0.6ms
[2023-04-10T19:56:15.756+0800][8463.124s] GC(129)   Other: 0.2ms
[2023-04-10T19:56:15.756+0800][8463.124s] GC(129) Eden regions: 295->0(295)
[2023-04-10T19:56:15.756+0800][8463.124s] GC(129) Survivor regions: 12->12(39)
[2023-04-10T19:56:15.756+0800][8463.124s] GC(129) Old regions: 35->35
[2023-04-10T19:56:15.756+0800][8463.124s] GC(129) Humongous regions: 25->13
[2023-04-10T19:56:15.756+0800][8463.124s] GC(129) Metaspace: 58205K(60752K)->58205K(60752K) NonClass: 51467K(52992K)->51467K(52992K) Class: 6738K(7760K)->6738K(7760K)
[2023-04-10T19:56:15.756+0800][8463.124s] GC(129) Pause Young (Normal) (G1 Evacuation Pause) 365M->58M(512M) 2.956ms
[2023-04-10T19:56:15.756+0800][8463.124s] GC(129) User=0.00s Sys=0.00s Real=0.00s
[2023-04-10T19:56:16.318+0800][8463.686s] GC(130) Pause Young (Normal) (G1 Evacuation Pause)
[2023-04-10T19:56:16.318+0800][8463.686s] GC(130) Using 8 workers of 8 for evacuation
[2023-04-10T19:56:16.320+0800][8463.688s] GC(130)   Pre Evacuate Collection Set: 0.0ms
[2023-04-10T19:56:16.320+0800][8463.688s] GC(130)   Evacuate Collection Set: 1.1ms
[2023-04-10T19:56:16.320+0800][8463.688s] GC(130)   Post Evacuate Collection Set: 0.8ms
[2023-04-10T19:56:16.320+0800][8463.688s] GC(130)   Other: 0.2ms
[2023-04-10T19:56:16.320+0800][8463.688s] GC(130) Eden regions: 295->0(302)
[2023-04-10T19:56:16.320+0800][8463.688s] GC(130) Survivor regions: 12->5(39)
[2023-04-10T19:56:16.320+0800][8463.688s] GC(130) Old regions: 35->35
[2023-04-10T19:56:16.320+0800][8463.688s] GC(130) Humongous regions: 13->4
[2023-04-10T19:56:16.320+0800][8463.688s] GC(130) Metaspace: 58205K(60752K)->58205K(60752K) NonClass: 51467K(52992K)->51467K(52992K) Class: 6738K(7760K)->6738K(7760K)
[2023-04-10T19:56:16.320+0800][8463.688s] GC(130) Pause Young (Normal) (G1 Evacuation Pause) 353M->42M(512M) 2.262ms
[2023-04-10T19:56:16.320+0800][8463.688s] GC(130) User=0.00s Sys=0.00s Real=0.00s
[2023-04-10T19:56:16.795+0800][8464.163s] GC(131) Pause Young (Normal) (G1 Evacuation Pause)
[2023-04-10T19:56:16.795+0800][8464.163s] GC(131) Using 8 workers of 8 for evacuation
[2023-04-10T19:56:16.797+0800][8464.166s] GC(131)   Pre Evacuate Collection Set: 0.0ms
[2023-04-10T19:56:16.797+0800][8464.166s] GC(131)   Evacuate Collection Set: 1.9ms
[2023-04-10T19:56:16.797+0800][8464.166s] GC(131)   Post Evacuate Collection Set: 0.5ms
[2023-04-10T19:56:16.798+0800][8464.166s] GC(131)   Other: 0.2ms
[2023-04-10T19:56:16.798+0800][8464.166s] GC(131) Eden regions: 302->0(297)
[2023-04-10T19:56:16.798+0800][8464.166s] GC(131) Survivor regions: 5->10(39)
[2023-04-10T19:56:16.798+0800][8464.166s] GC(131) Old regions: 35->35
[2023-04-10T19:56:16.798+0800][8464.166s] GC(131) Humongous regions: 7->6
[2023-04-10T19:56:16.798+0800][8464.166s] GC(131) Metaspace: 58205K(60752K)->58205K(60752K) NonClass: 51467K(52992K)->51467K(52992K) Class: 6738K(7760K)->6738K(7760K)
[2023-04-10T19:56:16.798+0800][8464.166s] GC(131) Pause Young (Normal) (G1 Evacuation Pause) 347M->49M(512M) 2.845ms
[2023-04-10T19:56:16.798+0800][8464.166s] GC(131) User=0.00s Sys=0.00s Real=0.00s
[2023-04-10T19:56:17.260+0800][8464.628s] GC(132) Pause Young (Normal) (G1 Evacuation Pause)
[2023-04-10T19:56:17.260+0800][8464.628s] GC(132) Using 8 workers of 8 for evacuation
[2023-04-10T19:56:17.262+0800][8464.630s] GC(132)   Pre Evacuate Collection Set: 0.0ms
[2023-04-10T19:56:17.262+0800][8464.630s] GC(132)   Evacuate Collection Set: 1.8ms
[2023-04-10T19:56:17.262+0800][8464.630s] GC(132)   Post Evacuate Collection Set: 0.8ms
[2023-04-10T19:56:17.262+0800][8464.630s] GC(132)   Other: 0.2ms
[2023-04-10T19:56:17.262+0800][8464.630s] GC(132) Eden regions: 297->0(295)
[2023-04-10T19:56:17.262+0800][8464.630s] GC(132) Survivor regions: 10->12(39)
[2023-04-10T19:56:17.262+0800][8464.630s] GC(132) Old regions: 35->35
[2023-04-10T19:56:17.262+0800][8464.630s] GC(132) Humongous regions: 20->13
[2023-04-10T19:56:17.262+0800][8464.631s] GC(132) Metaspace: 58205K(60752K)->58205K(60752K) NonClass: 51467K(52992K)->51467K(52992K) Class: 6738K(7760K)->6738K(7760K)
[2023-04-10T19:56:17.262+0800][8464.631s] GC(132) Pause Young (Normal) (G1 Evacuation Pause) 360M->58M(512M) 2.917ms
[2023-04-10T19:56:17.262+0800][8464.631s] GC(132) User=0.12s Sys=0.00s Real=0.00s
[2023-04-10T19:56:17.754+0800][8465.122s] GC(133) Pause Young (Normal) (G1 Evacuation Pause)
[2023-04-10T19:56:17.754+0800][8465.122s] GC(133) Using 8 workers of 8 for evacuation
[2023-04-10T19:56:17.757+0800][8465.124s] GC(133)   Pre Evacuate Collection Set: 0.0ms
[2023-04-10T19:56:17.757+0800][8465.124s] GC(133)   Evacuate Collection Set: 1.8ms
[2023-04-10T19:56:17.757+0800][8465.124s] GC(133)   Post Evacuate Collection Set: 0.7ms
[2023-04-10T19:56:17.757+0800][8465.124s] GC(133)   Other: 0.1ms
[2023-04-10T19:56:17.757+0800][8465.124s] GC(133) Eden regions: 295->0(294)
[2023-04-10T19:56:17.757+0800][8465.124s] GC(133) Survivor regions: 12->13(39)
[2023-04-10T19:56:17.757+0800][8465.124s] GC(133) Old regions: 35->35
[2023-04-10T19:56:17.757+0800][8465.124s] GC(133) Humongous regions: 18->13
[2023-04-10T19:56:17.757+0800][8465.124s] GC(133) Metaspace: 58205K(60752K)->58205K(60752K) NonClass: 51467K(52992K)->51467K(52992K) Class: 6738K(7760K)->6738K(7760K)
[2023-04-10T19:56:17.757+0800][8465.124s] GC(133) Pause Young (Normal) (G1 Evacuation Pause) 358M->59M(512M) 2.825ms
[2023-04-10T19:56:17.757+0800][8465.124s] GC(133) User=0.00s Sys=0.00s Real=0.00s
[2023-04-10T19:56:18.222+0800][8465.590s] GC(134) Pause Young (Normal) (G1 Evacuation Pause)
[2023-04-10T19:56:18.222+0800][8465.590s] GC(134) Using 8 workers of 8 for evacuation
[2023-04-10T19:56:18.224+0800][8465.592s] GC(134)   Pre Evacuate Collection Set: 0.0ms
[2023-04-10T19:56:18.224+0800][8465.592s] GC(134)   Evacuate Collection Set: 1.4ms
[2023-04-10T19:56:18.224+0800][8465.592s] GC(134)   Post Evacuate Collection Set: 0.8ms
[2023-04-10T19:56:18.224+0800][8465.592s] GC(134)   Other: 0.2ms
[2023-04-10T19:56:18.224+0800][8465.592s] GC(134) Eden regions: 294->0(299)
[2023-04-10T19:56:18.224+0800][8465.592s] GC(134) Survivor regions: 13->8(39)
[2023-04-10T19:56:18.224+0800][8465.592s] GC(134) Old regions: 35->35
[2023-04-10T19:56:18.224+0800][8465.592s] GC(134) Humongous regions: 14->5
[2023-04-10T19:56:18.224+0800][8465.592s] GC(134) Metaspace: 58206K(60752K)->58206K(60752K) NonClass: 51468K(52992K)->51468K(52992K) Class: 6738K(7760K)->6738K(7760K)
[2023-04-10T19:56:18.224+0800][8465.592s] GC(134) Pause Young (Normal) (G1 Evacuation Pause) 354M->46M(512M) 2.532ms
[2023-04-10T19:56:18.224+0800][8465.592s] GC(134) User=0.00s Sys=0.00s Real=0.00s
[2023-04-10T19:56:18.703+0800][8466.071s] GC(135) Pause Young (Normal) (G1 Evacuation Pause)
[2023-04-10T19:56:18.703+0800][8466.071s] GC(135) Using 8 workers of 8 for evacuation
[2023-04-10T19:56:18.712+0800][8466.080s] GC(135)   Pre Evacuate Collection Set: 0.0ms
[2023-04-10T19:56:18.712+0800][8466.080s] GC(135)   Evacuate Collection Set: 8.9ms
[2023-04-10T19:56:18.712+0800][8466.080s] GC(135)   Post Evacuate Collection Set: 0.6ms
[2023-04-10T19:56:18.712+0800][8466.081s] GC(135)   Other: 0.3ms
[2023-04-10T19:56:18.712+0800][8466.081s] GC(135) Eden regions: 299->0(293)
[2023-04-10T19:56:18.712+0800][8466.081s] GC(135) Survivor regions: 8->14(39)
[2023-04-10T19:56:18.713+0800][8466.081s] GC(135) Old regions: 35->35
[2023-04-10T19:56:18.713+0800][8466.081s] GC(135) Humongous regions: 8->7
[2023-04-10T19:56:18.713+0800][8466.081s] GC(135) Metaspace: 58206K(60752K)->58206K(60752K) NonClass: 51468K(52992K)->51468K(52992K) Class: 6738K(7760K)->6738K(7760K)
[2023-04-10T19:56:18.713+0800][8466.081s] GC(135) Pause Young (Normal) (G1 Evacuation Pause) 348M->54M(512M) 10.019ms
[2023-04-10T19:56:18.713+0800][8466.081s] GC(135) User=0.00s Sys=0.00s Real=0.01s
[2023-04-10T19:56:19.250+0800][8466.619s] GC(136) Pause Young (Normal) (G1 Evacuation Pause)
[2023-04-10T19:56:19.250+0800][8466.619s] GC(136) Using 8 workers of 8 for evacuation
[2023-04-10T19:56:19.253+0800][8466.621s] GC(136)   Pre Evacuate Collection Set: 0.0ms
[2023-04-10T19:56:19.253+0800][8466.621s] GC(136)   Evacuate Collection Set: 1.7ms
[2023-04-10T19:56:19.253+0800][8466.621s] GC(136)   Post Evacuate Collection Set: 0.8ms
[2023-04-10T19:56:19.253+0800][8466.621s] GC(136)   Other: 0.2ms
[2023-04-10T19:56:19.253+0800][8466.621s] GC(136) Eden regions: 293->0(294)
[2023-04-10T19:56:19.253+0800][8466.621s] GC(136) Survivor regions: 14->13(39)
[2023-04-10T19:56:19.253+0800][8466.621s] GC(136) Old regions: 35->35
[2023-04-10T19:56:19.253+0800][8466.621s] GC(136) Humongous regions: 25->13
[2023-04-10T19:56:19.253+0800][8466.621s] GC(136) Metaspace: 58208K(60752K)->58208K(60752K) NonClass: 51469K(52992K)->51469K(52992K) Class: 6738K(7760K)->6738K(7760K)
[2023-04-10T19:56:19.253+0800][8466.621s] GC(136) Pause Young (Normal) (G1 Evacuation Pause) 365M->59M(512M) 2.942ms
[2023-04-10T19:56:19.253+0800][8466.621s] GC(136) User=0.00s Sys=0.00s Real=0.00s
[2023-04-10T19:56:19.770+0800][8467.137s] GC(137) Pause Young (Normal) (G1 Evacuation Pause)
[2023-04-10T19:56:19.770+0800][8467.138s] GC(137) Using 8 workers of 8 for evacuation
[2023-04-10T19:56:19.772+0800][8467.139s] GC(137)   Pre Evacuate Collection Set: 0.0ms
[2023-04-10T19:56:19.772+0800][8467.139s] GC(137)   Evacuate Collection Set: 1.2ms
[2023-04-10T19:56:19.772+0800][8467.140s] GC(137)   Post Evacuate Collection Set: 0.5ms
[2023-04-10T19:56:19.772+0800][8467.140s] GC(137)   Other: 0.2ms
[2023-04-10T19:56:19.772+0800][8467.140s] GC(137) Eden regions: 294->0(301)
[2023-04-10T19:56:19.772+0800][8467.140s] GC(137) Survivor regions: 13->6(39)
[2023-04-10T19:56:19.772+0800][8467.140s] GC(137) Old regions: 35->35
[2023-04-10T19:56:19.772+0800][8467.140s] GC(137) Humongous regions: 14->5
[2023-04-10T19:56:19.772+0800][8467.140s] GC(137) Metaspace: 58208K(60752K)->58208K(60752K) NonClass: 51469K(52992K)->51469K(52992K) Class: 6738K(7760K)->6738K(7760K)
[2023-04-10T19:56:19.772+0800][8467.140s] GC(137) Pause Young (Normal) (G1 Evacuation Pause) 354M->45M(512M) 2.242ms
[2023-04-10T19:56:19.772+0800][8467.140s] GC(137) User=0.00s Sys=0.00s Real=0.00s
[2023-04-10T19:56:20.197+0800][8467.565s] GC(138) Pause Young (Normal) (G1 Evacuation Pause)
[2023-04-10T19:56:20.197+0800][8467.565s] GC(138) Using 8 workers of 8 for evacuation
[2023-04-10T19:56:20.209+0800][8467.577s] GC(138)   Pre Evacuate Collection Set: 0.0ms
[2023-04-10T19:56:20.210+0800][8467.577s] GC(138)   Evacuate Collection Set: 11.2ms
[2023-04-10T19:56:20.210+0800][8467.577s] GC(138)   Post Evacuate Collection Set: 0.7ms
[2023-04-10T19:56:20.210+0800][8467.577s] GC(138)   Other: 0.2ms
[2023-04-10T19:56:20.210+0800][8467.577s] GC(138) Eden regions: 301->0(297)
[2023-04-10T19:56:20.210+0800][8467.577s] GC(138) Survivor regions: 6->10(39)
[2023-04-10T19:56:20.210+0800][8467.577s] GC(138) Old regions: 35->36
[2023-04-10T19:56:20.210+0800][8467.577s] GC(138) Humongous regions: 7->6
[2023-04-10T19:56:20.210+0800][8467.577s] GC(138) Metaspace: 58208K(60752K)->58208K(60752K) NonClass: 51469K(52992K)->51469K(52992K) Class: 6738K(7760K)->6738K(7760K)
[2023-04-10T19:56:20.210+0800][8467.577s] GC(138) Pause Young (Normal) (G1 Evacuation Pause) 348M->51M(512M) 12.432ms
[2023-04-10T19:56:20.210+0800][8467.577s] GC(138) User=0.11s Sys=0.00s Real=0.01s
[2023-04-10T19:56:20.878+0800][8468.246s] GC(139) Pause Young (Normal) (G1 Evacuation Pause)
[2023-04-10T19:56:20.878+0800][8468.246s] GC(139) Using 8 workers of 8 for evacuation
[2023-04-10T19:56:20.880+0800][8468.248s] GC(139)   Pre Evacuate Collection Set: 0.0ms
[2023-04-10T19:56:20.880+0800][8468.248s] GC(139)   Evacuate Collection Set: 1.3ms
[2023-04-10T19:56:20.880+0800][8468.248s] GC(139)   Post Evacuate Collection Set: 0.6ms
[2023-04-10T19:56:20.880+0800][8468.248s] GC(139)   Other: 0.3ms
[2023-04-10T19:56:20.880+0800][8468.248s] GC(139) Eden regions: 297->0(296)
[2023-04-10T19:56:20.880+0800][8468.248s] GC(139) Survivor regions: 10->11(39)
[2023-04-10T19:56:20.880+0800][8468.248s] GC(139) Old regions: 36->37
[2023-04-10T19:56:20.880+0800][8468.248s] GC(139) Humongous regions: 25->13
[2023-04-10T19:56:20.880+0800][8468.248s] GC(139) Metaspace: 58208K(60752K)->58208K(60752K) NonClass: 51470K(52992K)->51470K(52992K) Class: 6738K(7760K)->6738K(7760K)
[2023-04-10T19:56:20.880+0800][8468.248s] GC(139) Pause Young (Normal) (G1 Evacuation Pause) 367M->59M(512M) 2.354ms
[2023-04-10T19:56:20.880+0800][8468.249s] GC(139) User=0.00s Sys=0.00s Real=0.00s
[2023-04-10T19:56:21.335+0800][8468.704s] GC(140) Pause Young (Normal) (G1 Evacuation Pause)
[2023-04-10T19:56:21.335+0800][8468.704s] GC(140) Using 8 workers of 8 for evacuation
[2023-04-10T19:56:21.336+0800][8468.705s] GC(140)   Pre Evacuate Collection Set: 0.0ms
[2023-04-10T19:56:21.336+0800][8468.705s] GC(140)   Evacuate Collection Set: 0.4ms
[2023-04-10T19:56:21.336+0800][8468.705s] GC(140)   Post Evacuate Collection Set: 0.5ms
[2023-04-10T19:56:21.336+0800][8468.705s] GC(140)   Other: 0.2ms
[2023-04-10T19:56:21.337+0800][8468.705s] GC(140) Eden regions: 296->0(304)
[2023-04-10T19:56:21.337+0800][8468.705s] GC(140) Survivor regions: 11->3(39)
[2023-04-10T19:56:21.337+0800][8468.705s] GC(140) Old regions: 37->37
[2023-04-10T19:56:21.337+0800][8468.705s] GC(140) Humongous regions: 13->4
[2023-04-10T19:56:21.337+0800][8468.705s] GC(140) Metaspace: 58211K(60752K)->58211K(60752K) NonClass: 51473K(52992K)->51473K(52992K) Class: 6738K(7760K)->6738K(7760K)
[2023-04-10T19:56:21.337+0800][8468.705s] GC(140) Pause Young (Normal) (G1 Evacuation Pause) 355M->42M(512M) 1.271ms
[2023-04-10T19:56:21.337+0800][8468.705s] GC(140) User=0.00s Sys=0.00s Real=0.00s
[2023-04-10T19:56:21.840+0800][8469.208s] GC(141) Pause Young (Normal) (G1 Evacuation Pause)
[2023-04-10T19:56:21.840+0800][8469.208s] GC(141) Using 8 workers of 8 for evacuation
[2023-04-10T19:56:21.842+0800][8469.210s] GC(141)   Pre Evacuate Collection Set: 0.0ms
[2023-04-10T19:56:21.842+0800][8469.210s] GC(141)   Evacuate Collection Set: 0.9ms
[2023-04-10T19:56:21.842+0800][8469.210s] GC(141)   Post Evacuate Collection Set: 0.4ms
[2023-04-10T19:56:21.842+0800][8469.210s] GC(141)   Other: 0.2ms
[2023-04-10T19:56:21.842+0800][8469.210s] GC(141) Eden regions: 304->0(297)
[2023-04-10T19:56:21.842+0800][8469.210s] GC(141) Survivor regions: 3->10(39)
[2023-04-10T19:56:21.842+0800][8469.210s] GC(141) Old regions: 37->37
[2023-04-10T19:56:21.842+0800][8469.210s] GC(141) Humongous regions: 7->6
[2023-04-10T19:56:21.842+0800][8469.210s] GC(141) Metaspace: 58211K(60752K)->58211K(60752K) NonClass: 51473K(52992K)->51473K(52992K) Class: 6738K(7760K)->6738K(7760K)
[2023-04-10T19:56:21.842+0800][8469.210s] GC(141) Pause Young (Normal) (G1 Evacuation Pause) 349M->51M(512M) 1.852ms
[2023-04-10T19:56:21.842+0800][8469.210s] GC(141) User=0.00s Sys=0.00s Real=0.00s
[2023-04-10T19:56:22.322+0800][8469.690s] GC(142) Pause Young (Normal) (G1 Evacuation Pause)
[2023-04-10T19:56:22.322+0800][8469.690s] GC(142) Using 8 workers of 8 for evacuation
[2023-04-10T19:56:22.324+0800][8469.692s] GC(142)   Pre Evacuate Collection Set: 0.0ms
[2023-04-10T19:56:22.324+0800][8469.692s] GC(142)   Evacuate Collection Set: 1.2ms
[2023-04-10T19:56:22.324+0800][8469.692s] GC(142)   Post Evacuate Collection Set: 0.5ms
[2023-04-10T19:56:22.324+0800][8469.692s] GC(142)   Other: 0.2ms
[2023-04-10T19:56:22.324+0800][8469.692s] GC(142) Eden regions: 297->0(297)
[2023-04-10T19:56:22.324+0800][8469.692s] GC(142) Survivor regions: 10->10(39)
[2023-04-10T19:56:22.324+0800][8469.692s] GC(142) Old regions: 37->37
[2023-04-10T19:56:22.324+0800][8469.692s] GC(142) Humongous regions: 20->13
[2023-04-10T19:56:22.324+0800][8469.692s] GC(142) Metaspace: 58211K(60752K)->58211K(60752K) NonClass: 51473K(52992K)->51473K(52992K) Class: 6738K(7760K)->6738K(7760K)
[2023-04-10T19:56:22.324+0800][8469.692s] GC(142) Pause Young (Normal) (G1 Evacuation Pause) 362M->59M(512M) 2.120ms
[2023-04-10T19:56:22.324+0800][8469.692s] GC(142) User=0.00s Sys=0.00s Real=0.00s
[2023-04-10T19:56:22.950+0800][8470.318s] GC(143) Pause Young (Normal) (G1 Evacuation Pause)
[2023-04-10T19:56:22.950+0800][8470.318s] GC(143) Using 8 workers of 8 for evacuation
[2023-04-10T19:56:22.951+0800][8470.319s] GC(143)   Pre Evacuate Collection Set: 0.0ms
[2023-04-10T19:56:22.951+0800][8470.319s] GC(143)   Evacuate Collection Set: 0.3ms
[2023-04-10T19:56:22.951+0800][8470.319s] GC(143)   Post Evacuate Collection Set: 0.5ms
[2023-04-10T19:56:22.951+0800][8470.319s] GC(143)   Other: 0.2ms
[2023-04-10T19:56:22.951+0800][8470.319s] GC(143) Eden regions: 297->0(306)
[2023-04-10T19:56:22.951+0800][8470.319s] GC(143) Survivor regions: 10->1(39)
[2023-04-10T19:56:22.951+0800][8470.319s] GC(143) Old regions: 37->37
[2023-04-10T19:56:22.951+0800][8470.319s] GC(143) Humongous regions: 18->4
[2023-04-10T19:56:22.951+0800][8470.319s] GC(143) Metaspace: 58212K(60752K)->58212K(60752K) NonClass: 51474K(52992K)->51474K(52992K) Class: 6738K(7760K)->6738K(7760K)
[2023-04-10T19:56:22.951+0800][8470.319s] GC(143) Pause Young (Normal) (G1 Evacuation Pause) 361M->40M(512M) 1.157ms
[2023-04-10T19:56:22.951+0800][8470.319s] GC(143) User=0.00s Sys=0.00s Real=0.00s
[2023-04-10T19:56:23.345+0800][8470.713s] GC(144) Pause Young (Normal) (G1 Evacuation Pause)
[2023-04-10T19:56:23.345+0800][8470.713s] GC(144) Using 8 workers of 8 for evacuation
[2023-04-10T19:56:23.346+0800][8470.714s] GC(144)   Pre Evacuate Collection Set: 0.0ms
[2023-04-10T19:56:23.346+0800][8470.714s] GC(144)   Evacuate Collection Set: 0.7ms
[2023-04-10T19:56:23.346+0800][8470.714s] GC(144)   Post Evacuate Collection Set: 0.6ms
[2023-04-10T19:56:23.347+0800][8470.714s] GC(144)   Other: 0.2ms
[2023-04-10T19:56:23.347+0800][8470.714s] GC(144) Eden regions: 306->0(300)
[2023-04-10T19:56:23.347+0800][8470.714s] GC(144) Survivor regions: 1->7(39)
[2023-04-10T19:56:23.347+0800][8470.714s] GC(144) Old regions: 37->37
[2023-04-10T19:56:23.347+0800][8470.714s] GC(144) Humongous regions: 5->5
[2023-04-10T19:56:23.347+0800][8470.714s] GC(144) Metaspace: 58213K(60752K)->58213K(60752K) NonClass: 51475K(52992K)->51475K(52992K) Class: 6738K(7760K)->6738K(7760K)
[2023-04-10T19:56:23.347+0800][8470.714s] GC(144) Pause Young (Normal) (G1 Evacuation Pause) 347M->47M(512M) 1.720ms
[2023-04-10T19:56:23.347+0800][8470.714s] GC(144) User=0.00s Sys=0.00s Real=0.00s
[2023-04-10T19:56:23.752+0800][8471.120s] GC(145) Pause Young (Normal) (G1 Evacuation Pause)
[2023-04-10T19:56:23.752+0800][8471.120s] GC(145) Using 8 workers of 8 for evacuation
[2023-04-10T19:56:23.754+0800][8471.122s] GC(145)   Pre Evacuate Collection Set: 0.0ms
[2023-04-10T19:56:23.754+0800][8471.122s] GC(145)   Evacuate Collection Set: 1.0ms
[2023-04-10T19:56:23.754+0800][8471.122s] GC(145)   Post Evacuate Collection Set: 0.7ms
[2023-04-10T19:56:23.754+0800][8471.122s] GC(145)   Other: 0.2ms
[2023-04-10T19:56:23.754+0800][8471.122s] GC(145) Eden regions: 300->0(298)
[2023-04-10T19:56:23.754+0800][8471.122s] GC(145) Survivor regions: 7->9(39)
[2023-04-10T19:56:23.754+0800][8471.122s] GC(145) Old regions: 37->37
[2023-04-10T19:56:23.754+0800][8471.122s] GC(145) Humongous regions: 13->12
[2023-04-10T19:56:23.754+0800][8471.122s] GC(145) Metaspace: 58213K(60752K)->58213K(60752K) NonClass: 51475K(52992K)->51475K(52992K) Class: 6738K(7760K)->6738K(7760K)
[2023-04-10T19:56:23.754+0800][8471.122s] GC(145) Pause Young (Normal) (G1 Evacuation Pause) 355M->57M(512M) 2.041ms
[2023-04-10T19:56:23.754+0800][8471.122s] GC(145) User=0.00s Sys=0.00s Real=0.00s
[2023-04-10T19:56:24.286+0800][8471.653s] GC(146) Pause Young (Normal) (G1 Evacuation Pause)
[2023-04-10T19:56:24.286+0800][8471.653s] GC(146) Using 8 workers of 8 for evacuation
[2023-04-10T19:56:24.288+0800][8471.655s] GC(146)   Pre Evacuate Collection Set: 0.0ms
[2023-04-10T19:56:24.288+0800][8471.655s] GC(146)   Evacuate Collection Set: 1.2ms
[2023-04-10T19:56:24.288+0800][8471.655s] GC(146)   Post Evacuate Collection Set: 0.7ms
[2023-04-10T19:56:24.288+0800][8471.655s] GC(146)   Other: 0.2ms
[2023-04-10T19:56:24.288+0800][8471.655s] GC(146) Eden regions: 298->0(296)
[2023-04-10T19:56:24.288+0800][8471.655s] GC(146) Survivor regions: 9->11(39)
[2023-04-10T19:56:24.288+0800][8471.655s] GC(146) Old regions: 37->37
[2023-04-10T19:56:24.288+0800][8471.655s] GC(146) Humongous regions: 25->13
[2023-04-10T19:56:24.288+0800][8471.655s] GC(146) Metaspace: 58213K(60752K)->58213K(60752K) NonClass: 51475K(52992K)->51475K(52992K) Class: 6738K(7760K)->6738K(7760K)
[2023-04-10T19:56:24.288+0800][8471.655s] GC(146) Pause Young (Normal) (G1 Evacuation Pause) 368M->59M(512M) 2.233ms
[2023-04-10T19:56:24.288+0800][8471.656s] GC(146) User=0.00s Sys=0.00s Real=0.00s
[2023-04-10T19:56:24.736+0800][8472.105s] GC(147) Pause Young (Normal) (G1 Evacuation Pause)
[2023-04-10T19:56:24.736+0800][8472.105s] GC(147) Using 8 workers of 8 for evacuation
[2023-04-10T19:56:24.738+0800][8472.106s] GC(147)   Pre Evacuate Collection Set: 0.0ms
[2023-04-10T19:56:24.738+0800][8472.106s] GC(147)   Evacuate Collection Set: 0.6ms
[2023-04-10T19:56:24.738+0800][8472.106s] GC(147)   Post Evacuate Collection Set: 0.7ms
[2023-04-10T19:56:24.738+0800][8472.106s] GC(147)   Other: 0.1ms
[2023-04-10T19:56:24.738+0800][8472.106s] GC(147) Eden regions: 296->0(302)
[2023-04-10T19:56:24.738+0800][8472.106s] GC(147) Survivor regions: 11->5(39)
[2023-04-10T19:56:24.738+0800][8472.106s] GC(147) Old regions: 37->37
[2023-04-10T19:56:24.738+0800][8472.106s] GC(147) Humongous regions: 14->5
[2023-04-10T19:56:24.738+0800][8472.106s] GC(147) Metaspace: 58213K(60752K)->58213K(60752K) NonClass: 51475K(52992K)->51475K(52992K) Class: 6738K(7760K)->6738K(7760K)
[2023-04-10T19:56:24.738+0800][8472.106s] GC(147) Pause Young (Normal) (G1 Evacuation Pause) 356M->45M(512M) 1.524ms
[2023-04-10T19:56:24.738+0800][8472.106s] GC(147) User=0.00s Sys=0.00s Real=0.00s
[2023-04-10T19:56:25.157+0800][8472.525s] GC(148) Pause Young (Normal) (G1 Evacuation Pause)
[2023-04-10T19:56:25.157+0800][8472.525s] GC(148) Using 8 workers of 8 for evacuation
[2023-04-10T19:56:25.159+0800][8472.527s] GC(148)   Pre Evacuate Collection Set: 0.0ms
[2023-04-10T19:56:25.159+0800][8472.527s] GC(148)   Evacuate Collection Set: 1.1ms
[2023-04-10T19:56:25.159+0800][8472.527s] GC(148)   Post Evacuate Collection Set: 0.8ms
[2023-04-10T19:56:25.159+0800][8472.527s] GC(148)   Other: 0.2ms
[2023-04-10T19:56:25.159+0800][8472.527s] GC(148) Eden regions: 302->0(297)
[2023-04-10T19:56:25.159+0800][8472.527s] GC(148) Survivor regions: 5->10(39)
[2023-04-10T19:56:25.159+0800][8472.527s] GC(148) Old regions: 37->37
[2023-04-10T19:56:25.159+0800][8472.527s] GC(148) Humongous regions: 8->7
[2023-04-10T19:56:25.159+0800][8472.527s] GC(148) Metaspace: 58216K(60752K)->58216K(60752K) NonClass: 51478K(52992K)->51478K(52992K) Class: 6738K(7760K)->6738K(7760K)
[2023-04-10T19:56:25.159+0800][8472.527s] GC(148) Pause Young (Normal) (G1 Evacuation Pause) 350M->53M(512M) 2.387ms
[2023-04-10T19:56:25.159+0800][8472.527s] GC(148) User=0.00s Sys=0.00s Real=0.00s
[2023-04-10T19:56:25.788+0800][8473.156s] GC(149) Pause Young (Normal) (G1 Evacuation Pause)
[2023-04-10T19:56:25.788+0800][8473.156s] GC(149) Using 8 workers of 8 for evacuation
[2023-04-10T19:56:25.790+0800][8473.158s] GC(149)   Pre Evacuate Collection Set: 0.0ms
[2023-04-10T19:56:25.790+0800][8473.158s] GC(149)   Evacuate Collection Set: 1.3ms
[2023-04-10T19:56:25.790+0800][8473.158s] GC(149)   Post Evacuate Collection Set: 0.6ms
[2023-04-10T19:56:25.790+0800][8473.158s] GC(149)   Other: 0.2ms
[2023-04-10T19:56:25.790+0800][8473.158s] GC(149) Eden regions: 297->0(296)
[2023-04-10T19:56:25.790+0800][8473.158s] GC(149) Survivor regions: 10->11(39)
[2023-04-10T19:56:25.790+0800][8473.158s] GC(149) Old regions: 37->37
[2023-04-10T19:56:25.790+0800][8473.158s] GC(149) Humongous regions: 25->13
[2023-04-10T19:56:25.790+0800][8473.159s] GC(149) Metaspace: 58216K(60752K)->58216K(60752K) NonClass: 51478K(52992K)->51478K(52992K) Class: 6738K(7760K)->6738K(7760K)
[2023-04-10T19:56:25.790+0800][8473.159s] GC(149) Pause Young (Normal) (G1 Evacuation Pause) 368M->59M(512M) 2.166ms
[2023-04-10T19:56:25.790+0800][8473.159s] GC(149) User=0.00s Sys=0.00s Real=0.00s
[2023-04-10T19:56:26.220+0800][8473.588s] GC(150) Pause Young (Normal) (G1 Evacuation Pause)
[2023-04-10T19:56:26.220+0800][8473.588s] GC(150) Using 8 workers of 8 for evacuation
[2023-04-10T19:56:26.221+0800][8473.589s] GC(150)   Pre Evacuate Collection Set: 0.0ms
[2023-04-10T19:56:26.221+0800][8473.589s] GC(150)   Evacuate Collection Set: 0.6ms
[2023-04-10T19:56:26.221+0800][8473.589s] GC(150)   Post Evacuate Collection Set: 0.5ms
[2023-04-10T19:56:26.222+0800][8473.589s] GC(150)   Other: 0.2ms
[2023-04-10T19:56:26.222+0800][8473.589s] GC(150) Eden regions: 296->0(304)
[2023-04-10T19:56:26.222+0800][8473.589s] GC(150) Survivor regions: 11->3(39)
[2023-04-10T19:56:26.222+0800][8473.589s] GC(150) Old regions: 37->37
[2023-04-10T19:56:26.222+0800][8473.589s] GC(150) Humongous regions: 13->4
[2023-04-10T19:56:26.222+0800][8473.589s] GC(150) Metaspace: 58216K(60752K)->58216K(60752K) NonClass: 51478K(52992K)->51478K(52992K) Class: 6738K(7760K)->6738K(7760K)
[2023-04-10T19:56:26.222+0800][8473.589s] GC(150) Pause Young (Normal) (G1 Evacuation Pause) 355M->43M(512M) 1.490ms
[2023-04-10T19:56:26.222+0800][8473.589s] GC(150) User=0.00s Sys=0.00s Real=0.00s
[2023-04-10T19:56:26.674+0800][8474.042s] GC(151) Pause Young (Normal) (G1 Evacuation Pause)
[2023-04-10T19:56:26.674+0800][8474.043s] GC(151) Using 8 workers of 8 for evacuation
[2023-04-10T19:56:26.676+0800][8474.044s] GC(151)   Pre Evacuate Collection Set: 0.0ms
[2023-04-10T19:56:26.676+0800][8474.044s] GC(151)   Evacuate Collection Set: 1.0ms
[2023-04-10T19:56:26.676+0800][8474.044s] GC(151)   Post Evacuate Collection Set: 0.7ms
[2023-04-10T19:56:26.676+0800][8474.044s] GC(151)   Other: 0.2ms
[2023-04-10T19:56:26.676+0800][8474.044s] GC(151) Eden regions: 304->0(298)
[2023-04-10T19:56:26.676+0800][8474.044s] GC(151) Survivor regions: 3->9(39)
[2023-04-10T19:56:26.676+0800][8474.044s] GC(151) Old regions: 37->37
[2023-04-10T19:56:26.676+0800][8474.044s] GC(151) Humongous regions: 7->6
[2023-04-10T19:56:26.676+0800][8474.044s] GC(151) Metaspace: 58216K(60752K)->58216K(60752K) NonClass: 51478K(52992K)->51478K(52992K) Class: 6738K(7760K)->6738K(7760K)
[2023-04-10T19:56:26.676+0800][8474.044s] GC(151) Pause Young (Normal) (G1 Evacuation Pause) 350M->50M(512M) 1.939ms
[2023-04-10T19:56:26.676+0800][8474.044s] GC(151) User=0.00s Sys=0.00s Real=0.00s
[2023-04-10T19:56:27.134+0800][8474.502s] GC(152) Pause Young (Normal) (G1 Evacuation Pause)
[2023-04-10T19:56:27.134+0800][8474.503s] GC(152) Using 8 workers of 8 for evacuation
[2023-04-10T19:56:27.136+0800][8474.504s] GC(152)   Pre Evacuate Collection Set: 0.0ms
[2023-04-10T19:56:27.136+0800][8474.505s] GC(152)   Evacuate Collection Set: 1.2ms
[2023-04-10T19:56:27.136+0800][8474.505s] GC(152)   Post Evacuate Collection Set: 0.6ms
[2023-04-10T19:56:27.136+0800][8474.505s] GC(152)   Other: 0.2ms
[2023-04-10T19:56:27.136+0800][8474.505s] GC(152) Eden regions: 298->0(296)
[2023-04-10T19:56:27.136+0800][8474.505s] GC(152) Survivor regions: 9->11(39)
[2023-04-10T19:56:27.136+0800][8474.505s] GC(152) Old regions: 37->37
[2023-04-10T19:56:27.136+0800][8474.505s] GC(152) Humongous regions: 20->13
[2023-04-10T19:56:27.136+0800][8474.505s] GC(152) Metaspace: 58216K(60752K)->58216K(60752K) NonClass: 51478K(52992K)->51478K(52992K) Class: 6738K(7760K)->6738K(7760K)
[2023-04-10T19:56:27.136+0800][8474.505s] GC(152) Pause Young (Normal) (G1 Evacuation Pause) 362M->59M(512M) 2.271ms
[2023-04-10T19:56:27.136+0800][8474.505s] GC(152) User=0.02s Sys=0.00s Real=0.00s
[2023-04-10T19:56:27.771+0800][8475.138s] GC(153) Pause Young (Normal) (G1 Evacuation Pause)
[2023-04-10T19:56:27.771+0800][8475.138s] GC(153) Using 8 workers of 8 for evacuation
[2023-04-10T19:56:27.772+0800][8475.139s] GC(153)   Pre Evacuate Collection Set: 0.0ms
[2023-04-10T19:56:27.772+0800][8475.139s] GC(153)   Evacuate Collection Set: 0.3ms
[2023-04-10T19:56:27.772+0800][8475.139s] GC(153)   Post Evacuate Collection Set: 0.6ms
[2023-04-10T19:56:27.772+0800][8475.139s] GC(153)   Other: 0.2ms
[2023-04-10T19:56:27.772+0800][8475.139s] GC(153) Eden regions: 296->0(306)
[2023-04-10T19:56:27.772+0800][8475.139s] GC(153) Survivor regions: 11->1(39)
[2023-04-10T19:56:27.772+0800][8475.139s] GC(153) Old regions: 37->37
[2023-04-10T19:56:27.772+0800][8475.139s] GC(153) Humongous regions: 18->4
[2023-04-10T19:56:27.772+0800][8475.140s] GC(153) Metaspace: 58217K(60752K)->58217K(60752K) NonClass: 51478K(52992K)->51478K(52992K) Class: 6738K(7760K)->6738K(7760K)
[2023-04-10T19:56:27.772+0800][8475.140s] GC(153) Pause Young (Normal) (G1 Evacuation Pause) 360M->41M(512M) 1.233ms
[2023-04-10T19:56:27.772+0800][8475.140s] GC(153) User=0.00s Sys=0.00s Real=0.00s
[2023-04-10T19:56:28.200+0800][8475.568s] GC(154) Pause Young (Normal) (G1 Evacuation Pause)
[2023-04-10T19:56:28.200+0800][8475.568s] GC(154) Using 8 workers of 8 for evacuation
[2023-04-10T19:56:28.202+0800][8475.570s] GC(154)   Pre Evacuate Collection Set: 0.0ms
[2023-04-10T19:56:28.202+0800][8475.570s] GC(154)   Evacuate Collection Set: 0.8ms
[2023-04-10T19:56:28.202+0800][8475.570s] GC(154)   Post Evacuate Collection Set: 0.4ms
[2023-04-10T19:56:28.202+0800][8475.570s] GC(154)   Other: 0.2ms
[2023-04-10T19:56:28.202+0800][8475.570s] GC(154) Eden regions: 306->0(300)
[2023-04-10T19:56:28.202+0800][8475.570s] GC(154) Survivor regions: 1->7(39)
[2023-04-10T19:56:28.202+0800][8475.570s] GC(154) Old regions: 37->37
[2023-04-10T19:56:28.202+0800][8475.570s] GC(154) Humongous regions: 7->6
[2023-04-10T19:56:28.202+0800][8475.570s] GC(154) Metaspace: 58217K(60752K)->58217K(60752K) NonClass: 51478K(52992K)->51478K(52992K) Class: 6738K(7760K)->6738K(7760K)
[2023-04-10T19:56:28.202+0800][8475.570s] GC(154) Pause Young (Normal) (G1 Evacuation Pause) 350M->49M(512M) 1.541ms
[2023-04-10T19:56:28.202+0800][8475.570s] GC(154) User=0.00s Sys=0.00s Real=0.00s
[2023-04-10T19:56:28.702+0800][8476.070s] GC(155) Pause Young (Normal) (G1 Evacuation Pause)
[2023-04-10T19:56:28.702+0800][8476.070s] GC(155) Using 8 workers of 8 for evacuation
[2023-04-10T19:56:28.704+0800][8476.072s] GC(155)   Pre Evacuate Collection Set: 0.0ms
[2023-04-10T19:56:28.704+0800][8476.072s] GC(155)   Evacuate Collection Set: 1.1ms
[2023-04-10T19:56:28.704+0800][8476.072s] GC(155)   Post Evacuate Collection Set: 0.4ms
[2023-04-10T19:56:28.704+0800][8476.072s] GC(155)   Other: 0.2ms
[2023-04-10T19:56:28.704+0800][8476.072s] GC(155) Eden regions: 300->0(298)
[2023-04-10T19:56:28.704+0800][8476.072s] GC(155) Survivor regions: 7->9(39)
[2023-04-10T19:56:28.704+0800][8476.072s] GC(155) Old regions: 37->37
[2023-04-10T19:56:28.704+0800][8476.072s] GC(155) Humongous regions: 12->12
[2023-04-10T19:56:28.704+0800][8476.072s] GC(155) Metaspace: 58218K(60752K)->58218K(60752K) NonClass: 51479K(52992K)->51479K(52992K) Class: 6738K(7760K)->6738K(7760K)
[2023-04-10T19:56:28.704+0800][8476.072s] GC(155) Pause Young (Normal) (G1 Evacuation Pause) 355M->57M(512M) 2.042ms
[2023-04-10T19:56:28.704+0800][8476.072s] GC(155) User=0.00s Sys=0.00s Real=0.00s
[2023-04-10T19:56:29.301+0800][8476.669s] GC(156) Pause Young (Normal) (G1 Evacuation Pause)
[2023-04-10T19:56:29.301+0800][8476.669s] GC(156) Using 8 workers of 8 for evacuation
[2023-04-10T19:56:29.303+0800][8476.671s] GC(156)   Pre Evacuate Collection Set: 0.0ms
[2023-04-10T19:56:29.303+0800][8476.671s] GC(156)   Evacuate Collection Set: 1.1ms
[2023-04-10T19:56:29.303+0800][8476.671s] GC(156)   Post Evacuate Collection Set: 0.7ms
[2023-04-10T19:56:29.303+0800][8476.671s] GC(156)   Other: 0.2ms
[2023-04-10T19:56:29.303+0800][8476.671s] GC(156) Eden regions: 298->0(296)
[2023-04-10T19:56:29.303+0800][8476.671s] GC(156) Survivor regions: 9->11(39)
[2023-04-10T19:56:29.303+0800][8476.671s] GC(156) Old regions: 37->37
[2023-04-10T19:56:29.303+0800][8476.672s] GC(156) Humongous regions: 25->13
[2023-04-10T19:56:29.303+0800][8476.672s] GC(156) Metaspace: 58218K(60752K)->58218K(60752K) NonClass: 51479K(52992K)->51479K(52992K) Class: 6738K(7760K)->6738K(7760K)
[2023-04-10T19:56:29.303+0800][8476.672s] GC(156) Pause Young (Normal) (G1 Evacuation Pause) 368M->60M(512M) 2.111ms
[2023-04-10T19:56:29.303+0800][8476.672s] GC(156) User=0.00s Sys=0.00s Real=0.00s
[2023-04-10T19:56:29.794+0800][8477.162s] GC(157) Pause Young (Normal) (G1 Evacuation Pause)
[2023-04-10T19:56:29.794+0800][8477.162s] GC(157) Using 8 workers of 8 for evacuation
[2023-04-10T19:56:29.796+0800][8477.164s] GC(157)   Pre Evacuate Collection Set: 0.0ms
[2023-04-10T19:56:29.796+0800][8477.164s] GC(157)   Evacuate Collection Set: 0.8ms
[2023-04-10T19:56:29.796+0800][8477.164s] GC(157)   Post Evacuate Collection Set: 0.5ms
[2023-04-10T19:56:29.796+0800][8477.164s] GC(157)   Other: 0.2ms
[2023-04-10T19:56:29.796+0800][8477.164s] GC(157) Eden regions: 296->0(302)
[2023-04-10T19:56:29.796+0800][8477.164s] GC(157) Survivor regions: 11->5(39)
[2023-04-10T19:56:29.796+0800][8477.164s] GC(157) Old regions: 37->37
[2023-04-10T19:56:29.796+0800][8477.164s] GC(157) Humongous regions: 14->5
[2023-04-10T19:56:29.796+0800][8477.164s] GC(157) Metaspace: 58218K(60752K)->58218K(60752K) NonClass: 51479K(52992K)->51479K(52992K) Class: 6738K(7760K)->6738K(7760K)
[2023-04-10T19:56:29.796+0800][8477.164s] GC(157) Pause Young (Normal) (G1 Evacuation Pause) 357M->46M(512M) 1.629ms
[2023-04-10T19:56:29.796+0800][8477.164s] GC(157) User=0.00s Sys=0.00s Real=0.00s
[2023-04-10T19:56:30.221+0800][8477.589s] GC(158) Pause Young (Normal) (G1 Evacuation Pause)
[2023-04-10T19:56:30.221+0800][8477.589s] GC(158) Using 8 workers of 8 for evacuation
[2023-04-10T19:56:30.223+0800][8477.591s] GC(158)   Pre Evacuate Collection Set: 0.0ms
[2023-04-10T19:56:30.223+0800][8477.591s] GC(158)   Evacuate Collection Set: 1.1ms
[2023-04-10T19:56:30.223+0800][8477.591s] GC(158)   Post Evacuate Collection Set: 0.5ms
[2023-04-10T19:56:30.223+0800][8477.591s] GC(158)   Other: 0.1ms
[2023-04-10T19:56:30.223+0800][8477.591s] GC(158) Eden regions: 302->0(296)
[2023-04-10T19:56:30.223+0800][8477.591s] GC(158) Survivor regions: 5->11(39)
[2023-04-10T19:56:30.223+0800][8477.591s] GC(158) Old regions: 37->37
[2023-04-10T19:56:30.223+0800][8477.591s] GC(158) Humongous regions: 8->7
[2023-04-10T19:56:30.223+0800][8477.591s] GC(158) Metaspace: 58218K(60752K)->58218K(60752K) NonClass: 51479K(52992K)->51479K(52992K) Class: 6738K(7760K)->6738K(7760K)
[2023-04-10T19:56:30.223+0800][8477.591s] GC(158) Pause Young (Normal) (G1 Evacuation Pause) 351M->54M(512M) 2.082ms
[2023-04-10T19:56:30.223+0800][8477.591s] GC(158) User=0.00s Sys=0.00s Real=0.00s
[2023-04-10T19:56:30.781+0800][8478.149s] GC(159) Pause Young (Normal) (G1 Evacuation Pause)
[2023-04-10T19:56:30.781+0800][8478.150s] GC(159) Using 8 workers of 8 for evacuation
[2023-04-10T19:56:30.783+0800][8478.151s] GC(159)   Pre Evacuate Collection Set: 0.0ms
[2023-04-10T19:56:30.783+0800][8478.151s] GC(159)   Evacuate Collection Set: 1.1ms
[2023-04-10T19:56:30.783+0800][8478.151s] GC(159)   Post Evacuate Collection Set: 0.6ms
[2023-04-10T19:56:30.783+0800][8478.151s] GC(159)   Other: 0.2ms
[2023-04-10T19:56:30.783+0800][8478.151s] GC(159) Eden regions: 296->0(297)
[2023-04-10T19:56:30.783+0800][8478.151s] GC(159) Survivor regions: 11->10(39)
[2023-04-10T19:56:30.783+0800][8478.151s] GC(159) Old regions: 37->37
[2023-04-10T19:56:30.783+0800][8478.152s] GC(159) Humongous regions: 25->13
[2023-04-10T19:56:30.783+0800][8478.152s] GC(159) Metaspace: 58218K(60752K)->58218K(60752K) NonClass: 51479K(52992K)->51479K(52992K) Class: 6738K(7760K)->6738K(7760K)
[2023-04-10T19:56:30.783+0800][8478.152s] GC(159) Pause Young (Normal) (G1 Evacuation Pause) 368M->59M(512M) 2.085ms
[2023-04-10T19:56:30.783+0800][8478.152s] GC(159) User=0.00s Sys=0.00s Real=0.00s
[2023-04-10T19:56:31.226+0800][8478.594s] GC(160) Pause Young (Normal) (G1 Evacuation Pause)
[2023-04-10T19:56:31.226+0800][8478.594s] GC(160) Using 8 workers of 8 for evacuation
[2023-04-10T19:56:31.228+0800][8478.596s] GC(160)   Pre Evacuate Collection Set: 0.0ms
[2023-04-10T19:56:31.228+0800][8478.596s] GC(160)   Evacuate Collection Set: 0.5ms
[2023-04-10T19:56:31.228+0800][8478.596s] GC(160)   Post Evacuate Collection Set: 0.6ms
[2023-04-10T19:56:31.228+0800][8478.596s] GC(160)   Other: 0.1ms
[2023-04-10T19:56:31.228+0800][8478.596s] GC(160) Eden regions: 297->0(303)
[2023-04-10T19:56:31.228+0800][8478.596s] GC(160) Survivor regions: 10->4(39)
[2023-04-10T19:56:31.228+0800][8478.596s] GC(160) Old regions: 37->37
[2023-04-10T19:56:31.228+0800][8478.596s] GC(160) Humongous regions: 14->5
[2023-04-10T19:56:31.228+0800][8478.596s] GC(160) Metaspace: 58218K(60752K)->58218K(60752K) NonClass: 51480K(52992K)->51480K(52992K) Class: 6738K(7760K)->6738K(7760K)
[2023-04-10T19:56:31.228+0800][8478.596s] GC(160) Pause Young (Normal) (G1 Evacuation Pause) 357M->44M(512M) 1.442ms
[2023-04-10T19:56:31.228+0800][8478.596s] GC(160) User=0.00s Sys=0.00s Real=0.00s
[2023-04-10T19:56:31.637+0800][8479.005s] GC(161) Pause Young (Normal) (G1 Evacuation Pause)
[2023-04-10T19:56:31.637+0800][8479.005s] GC(161) Using 8 workers of 8 for evacuation
[2023-04-10T19:56:31.639+0800][8479.007s] GC(161)   Pre Evacuate Collection Set: 0.0ms
[2023-04-10T19:56:31.639+0800][8479.007s] GC(161)   Evacuate Collection Set: 1.1ms
[2023-04-10T19:56:31.639+0800][8479.007s] GC(161)   Post Evacuate Collection Set: 0.6ms
[2023-04-10T19:56:31.639+0800][8479.007s] GC(161)   Other: 0.2ms
[2023-04-10T19:56:31.639+0800][8479.007s] GC(161) Eden regions: 303->0(297)
[2023-04-10T19:56:31.639+0800][8479.007s] GC(161) Survivor regions: 4->10(39)
[2023-04-10T19:56:31.639+0800][8479.007s] GC(161) Old regions: 37->37
[2023-04-10T19:56:31.639+0800][8479.007s] GC(161) Humongous regions: 7->6
[2023-04-10T19:56:31.639+0800][8479.007s] GC(161) Metaspace: 58218K(60752K)->58218K(60752K) NonClass: 51480K(52992K)->51480K(52992K) Class: 6738K(7760K)->6738K(7760K)
[2023-04-10T19:56:31.639+0800][8479.007s] GC(161) Pause Young (Normal) (G1 Evacuation Pause) 349M->51M(512M) 2.021ms
[2023-04-10T19:56:31.639+0800][8479.007s] GC(161) User=0.00s Sys=0.00s Real=0.00s
[2023-04-10T19:56:32.066+0800][8479.433s] GC(162) Pause Young (Normal) (G1 Evacuation Pause)
[2023-04-10T19:56:32.066+0800][8479.433s] GC(162) Using 8 workers of 8 for evacuation
[2023-04-10T19:56:32.067+0800][8479.435s] GC(162)   Pre Evacuate Collection Set: 0.0ms
[2023-04-10T19:56:32.068+0800][8479.435s] GC(162)   Evacuate Collection Set: 1.1ms
[2023-04-10T19:56:32.068+0800][8479.435s] GC(162)   Post Evacuate Collection Set: 0.6ms
[2023-04-10T19:56:32.068+0800][8479.435s] GC(162)   Other: 0.2ms
[2023-04-10T19:56:32.068+0800][8479.435s] GC(162) Eden regions: 297->0(297)
[2023-04-10T19:56:32.068+0800][8479.435s] GC(162) Survivor regions: 10->10(39)
[2023-04-10T19:56:32.068+0800][8479.435s] GC(162) Old regions: 37->37
[2023-04-10T19:56:32.068+0800][8479.435s] GC(162) Humongous regions: 25->13
[2023-04-10T19:56:32.068+0800][8479.435s] GC(162) Metaspace: 58218K(60752K)->58218K(60752K) NonClass: 51480K(52992K)->51480K(52992K) Class: 6738K(7760K)->6738K(7760K)
[2023-04-10T19:56:32.068+0800][8479.435s] GC(162) Pause Young (Normal) (G1 Evacuation Pause) 367M->59M(512M) 2.094ms
[2023-04-10T19:56:32.068+0800][8479.435s] GC(162) User=0.00s Sys=0.00s Real=0.00s
[2023-04-10T19:56:32.646+0800][8480.014s] GC(163) Pause Young (Normal) (G1 Evacuation Pause)
[2023-04-10T19:56:32.646+0800][8480.014s] GC(163) Using 8 workers of 8 for evacuation
[2023-04-10T19:56:32.647+0800][8480.016s] GC(163)   Pre Evacuate Collection Set: 0.0ms
[2023-04-10T19:56:32.647+0800][8480.016s] GC(163)   Evacuate Collection Set: 0.5ms
[2023-04-10T19:56:32.647+0800][8480.016s] GC(163)   Post Evacuate Collection Set: 0.6ms
[2023-04-10T19:56:32.647+0800][8480.016s] GC(163)   Other: 0.2ms
[2023-04-10T19:56:32.647+0800][8480.016s] GC(163) Eden regions: 297->0(305)
[2023-04-10T19:56:32.647+0800][8480.016s] GC(163) Survivor regions: 10->2(39)
[2023-04-10T19:56:32.647+0800][8480.016s] GC(163) Old regions: 37->37
[2023-04-10T19:56:32.647+0800][8480.016s] GC(163) Humongous regions: 13->4
[2023-04-10T19:56:32.648+0800][8480.016s] GC(163) Metaspace: 58222K(60752K)->58222K(60752K) NonClass: 51484K(52992K)->51484K(52992K) Class: 6738K(7760K)->6738K(7760K)
[2023-04-10T19:56:32.648+0800][8480.016s] GC(163) Pause Young (Normal) (G1 Evacuation Pause) 356M->42M(512M) 1.375ms
[2023-04-10T19:56:32.648+0800][8480.016s] GC(163) User=0.00s Sys=0.00s Real=0.00s
[2023-04-10T19:56:32.892+0800][8480.261s] GC(164) Pause Young (Normal) (G1 Evacuation Pause)
[2023-04-10T19:56:32.892+0800][8480.261s] GC(164) Using 8 workers of 8 for evacuation
[2023-04-10T19:56:32.893+0800][8480.262s] GC(164)   Pre Evacuate Collection Set: 0.0ms
[2023-04-10T19:56:32.893+0800][8480.262s] GC(164)   Evacuate Collection Set: 0.7ms
[2023-04-10T19:56:32.893+0800][8480.262s] GC(164)   Post Evacuate Collection Set: 0.4ms
[2023-04-10T19:56:32.893+0800][8480.262s] GC(164)   Other: 0.2ms
[2023-04-10T19:56:32.893+0800][8480.262s] GC(164) Eden regions: 305->0(302)
[2023-04-10T19:56:32.894+0800][8480.262s] GC(164) Survivor regions: 2->5(39)
[2023-04-10T19:56:32.894+0800][8480.262s] GC(164) Old regions: 37->37
[2023-04-10T19:56:32.894+0800][8480.262s] GC(164) Humongous regions: 5->5
[2023-04-10T19:56:32.894+0800][8480.262s] GC(164) Metaspace: 58222K(60752K)->58222K(60752K) NonClass: 51484K(52992K)->51484K(52992K) Class: 6738K(7760K)->6738K(7760K)
[2023-04-10T19:56:32.894+0800][8480.262s] GC(164) Pause Young (Normal) (G1 Evacuation Pause) 348M->46M(512M) 1.585ms
[2023-04-10T19:56:32.894+0800][8480.262s] GC(164) User=0.00s Sys=0.00s Real=0.00s
[2023-04-10T19:56:33.089+0800][8480.457s] GC(165) Pause Young (Normal) (G1 Evacuation Pause)
[2023-04-10T19:56:33.089+0800][8480.457s] GC(165) Using 8 workers of 8 for evacuation
[2023-04-10T19:56:33.091+0800][8480.459s] GC(165)   Pre Evacuate Collection Set: 0.0ms
[2023-04-10T19:56:33.091+0800][8480.459s] GC(165)   Evacuate Collection Set: 0.9ms
[2023-04-10T19:56:33.091+0800][8480.459s] GC(165)   Post Evacuate Collection Set: 0.6ms
[2023-04-10T19:56:33.091+0800][8480.459s] GC(165)   Other: 0.2ms
[2023-04-10T19:56:33.091+0800][8480.459s] GC(165) Eden regions: 302->0(299)
[2023-04-10T19:56:33.091+0800][8480.459s] GC(165) Survivor regions: 5->8(39)
[2023-04-10T19:56:33.091+0800][8480.459s] GC(165) Old regions: 37->37
[2023-04-10T19:56:33.091+0800][8480.459s] GC(165) Humongous regions: 7->6
[2023-04-10T19:56:33.091+0800][8480.459s] GC(165) Metaspace: 58222K(60752K)->58222K(60752K) NonClass: 51484K(52992K)->51484K(52992K) Class: 6738K(7760K)->6738K(7760K)
[2023-04-10T19:56:33.091+0800][8480.459s] GC(165) Pause Young (Normal) (G1 Evacuation Pause) 350M->49M(512M) 1.846ms
[2023-04-10T19:56:33.091+0800][8480.459s] GC(165) User=0.11s Sys=0.00s Real=0.00s
[2023-04-10T19:56:33.278+0800][8480.646s] GC(166) Pause Young (Normal) (G1 Evacuation Pause)
[2023-04-10T19:56:33.278+0800][8480.646s] GC(166) Using 8 workers of 8 for evacuation
[2023-04-10T19:56:33.280+0800][8480.648s] GC(166)   Pre Evacuate Collection Set: 0.0ms
[2023-04-10T19:56:33.280+0800][8480.648s] GC(166)   Evacuate Collection Set: 1.2ms
[2023-04-10T19:56:33.280+0800][8480.648s] GC(166)   Post Evacuate Collection Set: 0.5ms
[2023-04-10T19:56:33.280+0800][8480.648s] GC(166)   Other: 0.2ms
[2023-04-10T19:56:33.280+0800][8480.648s] GC(166) Eden regions: 299->0(297)
[2023-04-10T19:56:33.280+0800][8480.648s] GC(166) Survivor regions: 8->10(39)
[2023-04-10T19:56:33.280+0800][8480.648s] GC(166) Old regions: 37->37
[2023-04-10T19:56:33.280+0800][8480.648s] GC(166) Humongous regions: 6->6
[2023-04-10T19:56:33.280+0800][8480.648s] GC(166) Metaspace: 58222K(60752K)->58222K(60752K) NonClass: 51484K(52992K)->51484K(52992K) Class: 6738K(7760K)->6738K(7760K)
[2023-04-10T19:56:33.280+0800][8480.648s] GC(166) Pause Young (Normal) (G1 Evacuation Pause) 348M->52M(512M) 2.028ms
[2023-04-10T19:56:33.280+0800][8480.648s] GC(166) User=0.00s Sys=0.00s Real=0.00s
[2023-04-10T19:56:33.517+0800][8480.885s] GC(167) Pause Young (Normal) (G1 Evacuation Pause)
[2023-04-10T19:56:33.517+0800][8480.885s] GC(167) Using 8 workers of 8 for evacuation
[2023-04-10T19:56:33.520+0800][8480.887s] GC(167)   Pre Evacuate Collection Set: 0.0ms
[2023-04-10T19:56:33.520+0800][8480.887s] GC(167)   Evacuate Collection Set: 1.3ms
[2023-04-10T19:56:33.520+0800][8480.887s] GC(167)   Post Evacuate Collection Set: 0.7ms
[2023-04-10T19:56:33.520+0800][8480.887s] GC(167)   Other: 0.2ms
[2023-04-10T19:56:33.520+0800][8480.887s] GC(167) Eden regions: 297->0(297)
[2023-04-10T19:56:33.520+0800][8480.887s] GC(167) Survivor regions: 10->10(39)
[2023-04-10T19:56:33.520+0800][8480.887s] GC(167) Old regions: 37->37
[2023-04-10T19:56:33.520+0800][8480.888s] GC(167) Humongous regions: 12->12
[2023-04-10T19:56:33.520+0800][8480.888s] GC(167) Metaspace: 58222K(60752K)->58222K(60752K) NonClass: 51484K(52992K)->51484K(52992K) Class: 6738K(7760K)->6738K(7760K)
[2023-04-10T19:56:33.520+0800][8480.888s] GC(167) Pause Young (Normal) (G1 Evacuation Pause) 355M->58M(512M) 2.421ms
[2023-04-10T19:56:33.520+0800][8480.888s] GC(167) User=0.00s Sys=0.00s Real=0.00s
[2023-04-10T19:56:33.790+0800][8481.158s] GC(168) Pause Young (Normal) (G1 Evacuation Pause)
[2023-04-10T19:56:33.790+0800][8481.158s] GC(168) Using 8 workers of 8 for evacuation
[2023-04-10T19:56:33.800+0800][8481.168s] GC(168)   Pre Evacuate Collection Set: 0.0ms
[2023-04-10T19:56:33.800+0800][8481.168s] GC(168)   Evacuate Collection Set: 9.5ms
[2023-04-10T19:56:33.800+0800][8481.168s] GC(168)   Post Evacuate Collection Set: 0.5ms
[2023-04-10T19:56:33.800+0800][8481.168s] GC(168)   Other: 0.2ms
[2023-04-10T19:56:33.800+0800][8481.168s] GC(168) Eden regions: 297->0(293)
[2023-04-10T19:56:33.800+0800][8481.168s] GC(168) Survivor regions: 10->14(39)
[2023-04-10T19:56:33.800+0800][8481.168s] GC(168) Old regions: 37->37
[2023-04-10T19:56:33.800+0800][8481.168s] GC(168) Humongous regions: 25->13
[2023-04-10T19:56:33.800+0800][8481.168s] GC(168) Metaspace: 58222K(60752K)->58222K(60752K) NonClass: 51484K(52992K)->51484K(52992K) Class: 6738K(7760K)->6738K(7760K)
[2023-04-10T19:56:33.800+0800][8481.168s] GC(168) Pause Young (Normal) (G1 Evacuation Pause) 368M->63M(512M) 10.371ms
[2023-04-10T19:56:33.800+0800][8481.168s] GC(168) User=0.11s Sys=0.00s Real=0.01s
[2023-04-10T19:56:34.088+0800][8481.456s] GC(169) Pause Young (Normal) (G1 Evacuation Pause)
[2023-04-10T19:56:34.088+0800][8481.456s] GC(169) Using 8 workers of 8 for evacuation
[2023-04-10T19:56:34.090+0800][8481.458s] GC(169)   Pre Evacuate Collection Set: 0.0ms
[2023-04-10T19:56:34.090+0800][8481.458s] GC(169)   Evacuate Collection Set: 1.5ms
[2023-04-10T19:56:34.090+0800][8481.458s] GC(169)   Post Evacuate Collection Set: 0.5ms
[2023-04-10T19:56:34.090+0800][8481.458s] GC(169)   Other: 0.2ms
[2023-04-10T19:56:34.090+0800][8481.458s] GC(169) Eden regions: 293->0(295)
[2023-04-10T19:56:34.090+0800][8481.459s] GC(169) Survivor regions: 14->12(39)
[2023-04-10T19:56:34.090+0800][8481.459s] GC(169) Old regions: 37->37
[2023-04-10T19:56:34.090+0800][8481.459s] GC(169) Humongous regions: 13->13
[2023-04-10T19:56:34.090+0800][8481.459s] GC(169) Metaspace: 58222K(60752K)->58222K(60752K) NonClass: 51484K(52992K)->51484K(52992K) Class: 6738K(7760K)->6738K(7760K)
[2023-04-10T19:56:34.091+0800][8481.459s] GC(169) Pause Young (Normal) (G1 Evacuation Pause) 356M->61M(512M) 2.460ms
[2023-04-10T19:56:34.091+0800][8481.459s] GC(169) User=0.11s Sys=0.00s Real=0.00s
[2023-04-10T19:56:34.435+0800][8481.803s] GC(170) Pause Young (Normal) (G1 Evacuation Pause)
[2023-04-10T19:56:34.435+0800][8481.803s] GC(170) Using 8 workers of 8 for evacuation
[2023-04-10T19:56:34.437+0800][8481.804s] GC(170)   Pre Evacuate Collection Set: 0.0ms
[2023-04-10T19:56:34.437+0800][8481.804s] GC(170)   Evacuate Collection Set: 0.5ms
[2023-04-10T19:56:34.437+0800][8481.804s] GC(170)   Post Evacuate Collection Set: 0.6ms
[2023-04-10T19:56:34.437+0800][8481.804s] GC(170)   Other: 0.1ms
[2023-04-10T19:56:34.437+0800][8481.804s] GC(170) Eden regions: 295->0(303)
[2023-04-10T19:56:34.437+0800][8481.805s] GC(170) Survivor regions: 12->4(39)
[2023-04-10T19:56:34.437+0800][8481.805s] GC(170) Old regions: 37->37
[2023-04-10T19:56:34.437+0800][8481.805s] GC(170) Humongous regions: 13->4
[2023-04-10T19:56:34.437+0800][8481.805s] GC(170) Metaspace: 58223K(60752K)->58223K(60752K) NonClass: 51484K(52992K)->51484K(52992K) Class: 6738K(7760K)->6738K(7760K)
[2023-04-10T19:56:34.437+0800][8481.805s] GC(170) Pause Young (Normal) (G1 Evacuation Pause) 356M->43M(512M) 1.397ms
[2023-04-10T19:56:34.437+0800][8481.805s] GC(170) User=0.00s Sys=0.00s Real=0.00s
[2023-04-10T19:56:34.735+0800][8482.103s] GC(171) Pause Young (Normal) (G1 Evacuation Pause)
[2023-04-10T19:56:34.735+0800][8482.103s] GC(171) Using 8 workers of 8 for evacuation
[2023-04-10T19:56:34.737+0800][8482.104s] GC(171)   Pre Evacuate Collection Set: 0.0ms
[2023-04-10T19:56:34.737+0800][8482.104s] GC(171)   Evacuate Collection Set: 1.0ms
[2023-04-10T19:56:34.737+0800][8482.104s] GC(171)   Post Evacuate Collection Set: 0.5ms
[2023-04-10T19:56:34.737+0800][8482.104s] GC(171)   Other: 0.2ms
[2023-04-10T19:56:34.737+0800][8482.104s] GC(171) Eden regions: 303->0(300)
[2023-04-10T19:56:34.737+0800][8482.104s] GC(171) Survivor regions: 4->7(39)
[2023-04-10T19:56:34.737+0800][8482.105s] GC(171) Old regions: 37->37
[2023-04-10T19:56:34.737+0800][8482.105s] GC(171) Humongous regions: 5->5
[2023-04-10T19:56:34.737+0800][8482.105s] GC(171) Metaspace: 58223K(60752K)->58223K(60752K) NonClass: 51484K(52992K)->51484K(52992K) Class: 6738K(7760K)->6738K(7760K)
[2023-04-10T19:56:34.737+0800][8482.105s] GC(171) Pause Young (Normal) (G1 Evacuation Pause) 347M->48M(512M) 1.988ms
[2023-04-10T19:56:34.737+0800][8482.105s] GC(171) User=0.00s Sys=0.00s Real=0.00s
[2023-04-10T19:56:35.009+0800][8482.377s] GC(172) Pause Young (Normal) (G1 Evacuation Pause)
[2023-04-10T19:56:35.009+0800][8482.377s] GC(172) Using 8 workers of 8 for evacuation
[2023-04-10T19:56:35.011+0800][8482.379s] GC(172)   Pre Evacuate Collection Set: 0.0ms
[2023-04-10T19:56:35.011+0800][8482.379s] GC(172)   Evacuate Collection Set: 1.3ms
[2023-04-10T19:56:35.011+0800][8482.379s] GC(172)   Post Evacuate Collection Set: 0.6ms
[2023-04-10T19:56:35.011+0800][8482.379s] GC(172)   Other: 0.3ms
[2023-04-10T19:56:35.011+0800][8482.379s] GC(172) Eden regions: 300->0(297)
[2023-04-10T19:56:35.011+0800][8482.379s] GC(172) Survivor regions: 7->10(39)
[2023-04-10T19:56:35.011+0800][8482.379s] GC(172) Old regions: 37->37
[2023-04-10T19:56:35.011+0800][8482.379s] GC(172) Humongous regions: 7->6
[2023-04-10T19:56:35.011+0800][8482.379s] GC(172) Metaspace: 58223K(60752K)->58223K(60752K) NonClass: 51484K(52992K)->51484K(52992K) Class: 6738K(7760K)->6738K(7760K)
[2023-04-10T19:56:35.011+0800][8482.379s] GC(172) Pause Young (Normal) (G1 Evacuation Pause) 350M->52M(512M) 2.316ms
[2023-04-10T19:56:35.011+0800][8482.379s] GC(172) User=0.00s Sys=0.00s Real=0.00s
[2023-04-10T19:56:35.331+0800][8482.698s] GC(173) Pause Young (Normal) (G1 Evacuation Pause)
[2023-04-10T19:56:35.331+0800][8482.698s] GC(173) Using 8 workers of 8 for evacuation
[2023-04-10T19:56:35.333+0800][8482.700s] GC(173)   Pre Evacuate Collection Set: 0.0ms
[2023-04-10T19:56:35.333+0800][8482.700s] GC(173)   Evacuate Collection Set: 1.2ms
[2023-04-10T19:56:35.333+0800][8482.700s] GC(173)   Post Evacuate Collection Set: 0.4ms
[2023-04-10T19:56:35.333+0800][8482.700s] GC(173)   Other: 0.2ms
[2023-04-10T19:56:35.333+0800][8482.700s] GC(173) Eden regions: 297->0(297)
[2023-04-10T19:56:35.333+0800][8482.700s] GC(173) Survivor regions: 10->10(39)
[2023-04-10T19:56:35.333+0800][8482.700s] GC(173) Old regions: 37->37
[2023-04-10T19:56:35.333+0800][8482.700s] GC(173) Humongous regions: 12->12
[2023-04-10T19:56:35.333+0800][8482.700s] GC(173) Metaspace: 58223K(60752K)->58223K(60752K) NonClass: 51484K(52992K)->51484K(52992K) Class: 6738K(7760K)->6738K(7760K)
[2023-04-10T19:56:35.333+0800][8482.700s] GC(173) Pause Young (Normal) (G1 Evacuation Pause) 355M->58M(512M) 1.947ms
[2023-04-10T19:56:35.333+0800][8482.700s] GC(173) User=0.00s Sys=0.00s Real=0.00s
[2023-04-10T19:56:35.611+0800][8482.978s] GC(174) Pause Young (Normal) (G1 Evacuation Pause)
[2023-04-10T19:56:35.611+0800][8482.978s] GC(174) Using 8 workers of 8 for evacuation
[2023-04-10T19:56:35.613+0800][8482.980s] GC(174)   Pre Evacuate Collection Set: 0.0ms
[2023-04-10T19:56:35.613+0800][8482.981s] GC(174)   Evacuate Collection Set: 1.4ms
[2023-04-10T19:56:35.613+0800][8482.981s] GC(174)   Post Evacuate Collection Set: 0.6ms
[2023-04-10T19:56:35.613+0800][8482.981s] GC(174)   Other: 0.2ms
[2023-04-10T19:56:35.613+0800][8482.981s] GC(174) Eden regions: 297->0(295)
[2023-04-10T19:56:35.613+0800][8482.981s] GC(174) Survivor regions: 10->12(39)
[2023-04-10T19:56:35.613+0800][8482.981s] GC(174) Old regions: 37->37
[2023-04-10T19:56:35.613+0800][8482.981s] GC(174) Humongous regions: 25->13
[2023-04-10T19:56:35.613+0800][8482.981s] GC(174) Metaspace: 58223K(60752K)->58223K(60752K) NonClass: 51485K(52992K)->51485K(52992K) Class: 6738K(7760K)->6738K(7760K)
[2023-04-10T19:56:35.613+0800][8482.981s] GC(174) Pause Young (Normal) (G1 Evacuation Pause) 368M->61M(512M) 2.341ms
[2023-04-10T19:56:35.613+0800][8482.981s] GC(174) User=0.00s Sys=0.00s Real=0.00s
[2023-04-10T19:56:36.079+0800][8483.448s] GC(175) Pause Young (Normal) (G1 Evacuation Pause)
[2023-04-10T19:56:36.079+0800][8483.448s] GC(175) Using 8 workers of 8 for evacuation
[2023-04-10T19:56:36.081+0800][8483.449s] GC(175)   Pre Evacuate Collection Set: 0.1ms
[2023-04-10T19:56:36.081+0800][8483.449s] GC(175)   Evacuate Collection Set: 0.5ms
[2023-04-10T19:56:36.081+0800][8483.449s] GC(175)   Post Evacuate Collection Set: 0.6ms
[2023-04-10T19:56:36.081+0800][8483.449s] GC(175)   Other: 0.2ms
[2023-04-10T19:56:36.081+0800][8483.449s] GC(175) Eden regions: 295->0(305)
[2023-04-10T19:56:36.081+0800][8483.449s] GC(175) Survivor regions: 12->2(39)
[2023-04-10T19:56:36.081+0800][8483.449s] GC(175) Old regions: 37->37
[2023-04-10T19:56:36.081+0800][8483.449s] GC(175) Humongous regions: 13->4
[2023-04-10T19:56:36.081+0800][8483.449s] GC(175) Metaspace: 58224K(60752K)->58224K(60752K) NonClass: 51486K(52992K)->51486K(52992K) Class: 6738K(7760K)->6738K(7760K)
[2023-04-10T19:56:36.081+0800][8483.449s] GC(175) Pause Young (Normal) (G1 Evacuation Pause) 356M->42M(512M) 1.484ms
[2023-04-10T19:56:36.081+0800][8483.449s] GC(175) User=0.00s Sys=0.00s Real=0.00s
[2023-04-10T19:56:36.561+0800][8483.929s] GC(176) Pause Young (Normal) (G1 Evacuation Pause)
[2023-04-10T19:56:36.561+0800][8483.929s] GC(176) Using 8 workers of 8 for evacuation
[2023-04-10T19:56:36.563+0800][8483.931s] GC(176)   Pre Evacuate Collection Set: 0.0ms
[2023-04-10T19:56:36.563+0800][8483.931s] GC(176)   Evacuate Collection Set: 1.2ms
[2023-04-10T19:56:36.563+0800][8483.931s] GC(176)   Post Evacuate Collection Set: 0.5ms
[2023-04-10T19:56:36.563+0800][8483.931s] GC(176)   Other: 0.2ms
[2023-04-10T19:56:36.563+0800][8483.931s] GC(176) Eden regions: 305->0(299)
[2023-04-10T19:56:36.563+0800][8483.931s] GC(176) Survivor regions: 2->8(39)
[2023-04-10T19:56:36.563+0800][8483.931s] GC(176) Old regions: 37->37
[2023-04-10T19:56:36.563+0800][8483.931s] GC(176) Humongous regions: 7->6
[2023-04-10T19:56:36.563+0800][8483.931s] GC(176) Metaspace: 58224K(60752K)->58224K(60752K) NonClass: 51486K(52992K)->51486K(52992K) Class: 6738K(7760K)->6738K(7760K)
[2023-04-10T19:56:36.563+0800][8483.931s] GC(176) Pause Young (Normal) (G1 Evacuation Pause) 350M->50M(512M) 2.170ms
[2023-04-10T19:56:36.563+0800][8483.931s] GC(176) User=0.00s Sys=0.00s Real=0.00s
[2023-04-10T19:56:37.011+0800][8484.379s] GC(177) Pause Young (Normal) (G1 Evacuation Pause)
[2023-04-10T19:56:37.011+0800][8484.380s] GC(177) Using 8 workers of 8 for evacuation
[2023-04-10T19:56:37.012+0800][8484.381s] GC(177)   Pre Evacuate Collection Set: 0.0ms
[2023-04-10T19:56:37.013+0800][8484.381s] GC(177)   Evacuate Collection Set: 1.0ms
[2023-04-10T19:56:37.013+0800][8484.381s] GC(177)   Post Evacuate Collection Set: 0.4ms
[2023-04-10T19:56:37.013+0800][8484.381s] GC(177)   Other: 0.2ms
[2023-04-10T19:56:37.013+0800][8484.381s] GC(177) Eden regions: 299->0(297)
[2023-04-10T19:56:37.013+0800][8484.381s] GC(177) Survivor regions: 8->10(39)
[2023-04-10T19:56:37.013+0800][8484.381s] GC(177) Old regions: 37->37
[2023-04-10T19:56:37.013+0800][8484.381s] GC(177) Humongous regions: 16->13
[2023-04-10T19:56:37.013+0800][8484.381s] GC(177) Metaspace: 58226K(60752K)->58226K(60752K) NonClass: 51488K(52992K)->51488K(52992K) Class: 6738K(7760K)->6738K(7760K)
[2023-04-10T19:56:37.013+0800][8484.381s] GC(177) Pause Young (Normal) (G1 Evacuation Pause) 359M->58M(512M) 1.841ms
[2023-04-10T19:56:37.013+0800][8484.381s] GC(177) User=0.00s Sys=0.00s Real=0.00s
[2023-04-10T19:56:37.553+0800][8484.922s] GC(178) Pause Young (Normal) (G1 Evacuation Pause)
[2023-04-10T19:56:37.553+0800][8484.922s] GC(178) Using 8 workers of 8 for evacuation
[2023-04-10T19:56:37.555+0800][8484.924s] GC(178)   Pre Evacuate Collection Set: 0.0ms
[2023-04-10T19:56:37.555+0800][8484.924s] GC(178)   Evacuate Collection Set: 1.2ms
[2023-04-10T19:56:37.555+0800][8484.924s] GC(178)   Post Evacuate Collection Set: 0.4ms
[2023-04-10T19:56:37.555+0800][8484.924s] GC(178)   Other: 0.2ms
[2023-04-10T19:56:37.555+0800][8484.924s] GC(178) Eden regions: 297->0(296)
[2023-04-10T19:56:37.555+0800][8484.924s] GC(178) Survivor regions: 10->11(39)
[2023-04-10T19:56:37.555+0800][8484.924s] GC(178) Old regions: 37->37
[2023-04-10T19:56:37.555+0800][8484.924s] GC(178) Humongous regions: 23->13
[2023-04-10T19:56:37.555+0800][8484.924s] GC(178) Metaspace: 58226K(60752K)->58226K(60752K) NonClass: 51488K(52992K)->51488K(52992K) Class: 6738K(7760K)->6738K(7760K)
[2023-04-10T19:56:37.555+0800][8484.924s] GC(178) Pause Young (Normal) (G1 Evacuation Pause) 365M->60M(512M) 1.953ms
[2023-04-10T19:56:37.555+0800][8484.924s] GC(178) User=0.00s Sys=0.00s Real=0.00s
[2023-04-10T19:56:38.051+0800][8485.419s] GC(179) Pause Young (Normal) (G1 Evacuation Pause)
[2023-04-10T19:56:38.051+0800][8485.419s] GC(179) Using 8 workers of 8 for evacuation
[2023-04-10T19:56:38.052+0800][8485.420s] GC(179)   Pre Evacuate Collection Set: 0.0ms
[2023-04-10T19:56:38.052+0800][8485.420s] GC(179)   Evacuate Collection Set: 0.6ms
[2023-04-10T19:56:38.052+0800][8485.420s] GC(179)   Post Evacuate Collection Set: 0.5ms
[2023-04-10T19:56:38.052+0800][8485.420s] GC(179)   Other: 0.1ms
[2023-04-10T19:56:38.052+0800][8485.420s] GC(179) Eden regions: 296->0(302)
[2023-04-10T19:56:38.052+0800][8485.420s] GC(179) Survivor regions: 11->5(39)
[2023-04-10T19:56:38.052+0800][8485.421s] GC(179) Old regions: 37->37
[2023-04-10T19:56:38.052+0800][8485.421s] GC(179) Humongous regions: 14->5
[2023-04-10T19:56:38.052+0800][8485.421s] GC(179) Metaspace: 58228K(60752K)->58228K(60752K) NonClass: 51490K(52992K)->51490K(52992K) Class: 6738K(7760K)->6738K(7760K)
[2023-04-10T19:56:38.052+0800][8485.421s] GC(179) Pause Young (Normal) (G1 Evacuation Pause) 357M->46M(512M) 1.452ms
[2023-04-10T19:56:38.052+0800][8485.421s] GC(179) User=0.00s Sys=0.00s Real=0.00s
[2023-04-10T19:56:38.466+0800][8485.834s] GC(180) Pause Young (Normal) (G1 Evacuation Pause)
[2023-04-10T19:56:38.466+0800][8485.834s] GC(180) Using 8 workers of 8 for evacuation
[2023-04-10T19:56:38.468+0800][8485.836s] GC(180)   Pre Evacuate Collection Set: 0.0ms
[2023-04-10T19:56:38.468+0800][8485.836s] GC(180)   Evacuate Collection Set: 1.1ms
[2023-04-10T19:56:38.468+0800][8485.836s] GC(180)   Post Evacuate Collection Set: 0.7ms
[2023-04-10T19:56:38.468+0800][8485.836s] GC(180)   Other: 0.1ms
[2023-04-10T19:56:38.468+0800][8485.836s] GC(180) Eden regions: 302->0(297)
[2023-04-10T19:56:38.468+0800][8485.836s] GC(180) Survivor regions: 5->10(39)
[2023-04-10T19:56:38.468+0800][8485.836s] GC(180) Old regions: 37->37
[2023-04-10T19:56:38.468+0800][8485.836s] GC(180) Humongous regions: 8->7
[2023-04-10T19:56:38.468+0800][8485.836s] GC(180) Metaspace: 58228K(60752K)->58228K(60752K) NonClass: 51490K(52992K)->51490K(52992K) Class: 6738K(7760K)->6738K(7760K)
[2023-04-10T19:56:38.468+0800][8485.836s] GC(180) Pause Young (Normal) (G1 Evacuation Pause) 351M->53M(512M) 2.086ms
[2023-04-10T19:56:38.468+0800][8485.836s] GC(180) User=0.00s Sys=0.00s Real=0.00s
[2023-04-10T19:56:39.146+0800][8486.513s] GC(181) Pause Young (Normal) (G1 Evacuation Pause)
[2023-04-10T19:56:39.146+0800][8486.513s] GC(181) Using 8 workers of 8 for evacuation
[2023-04-10T19:56:39.148+0800][8486.516s] GC(181)   Pre Evacuate Collection Set: 0.0ms
[2023-04-10T19:56:39.148+0800][8486.516s] GC(181)   Evacuate Collection Set: 1.2ms
[2023-04-10T19:56:39.148+0800][8486.516s] GC(181)   Post Evacuate Collection Set: 0.7ms
[2023-04-10T19:56:39.148+0800][8486.516s] GC(181)   Other: 0.2ms
[2023-04-10T19:56:39.148+0800][8486.516s] GC(181) Eden regions: 297->0(296)
[2023-04-10T19:56:39.148+0800][8486.516s] GC(181) Survivor regions: 10->11(39)
[2023-04-10T19:56:39.148+0800][8486.516s] GC(181) Old regions: 37->37
[2023-04-10T19:56:39.148+0800][8486.516s] GC(181) Humongous regions: 25->13
[2023-04-10T19:56:39.148+0800][8486.516s] GC(181) Metaspace: 58230K(60752K)->58230K(60752K) NonClass: 51491K(52992K)->51491K(52992K) Class: 6738K(7760K)->6738K(7760K)
[2023-04-10T19:56:39.148+0800][8486.516s] GC(181) Pause Young (Normal) (G1 Evacuation Pause) 368M->59M(512M) 2.276ms
[2023-04-10T19:56:39.148+0800][8486.516s] GC(181) User=0.00s Sys=0.00s Real=0.00s
[2023-04-10T19:56:39.582+0800][8486.950s] GC(182) Pause Young (Normal) (G1 Evacuation Pause)
[2023-04-10T19:56:39.582+0800][8486.950s] GC(182) Using 8 workers of 8 for evacuation
[2023-04-10T19:56:39.583+0800][8486.951s] GC(182)   Pre Evacuate Collection Set: 0.0ms
[2023-04-10T19:56:39.583+0800][8486.952s] GC(182)   Evacuate Collection Set: 0.4ms
[2023-04-10T19:56:39.583+0800][8486.952s] GC(182)   Post Evacuate Collection Set: 0.5ms
[2023-04-10T19:56:39.583+0800][8486.952s] GC(182)   Other: 0.2ms
[2023-04-10T19:56:39.583+0800][8486.952s] GC(182) Eden regions: 296->0(304)
[2023-04-10T19:56:39.583+0800][8486.952s] GC(182) Survivor regions: 11->3(39)
[2023-04-10T19:56:39.583+0800][8486.952s] GC(182) Old regions: 37->37
[2023-04-10T19:56:39.583+0800][8486.952s] GC(182) Humongous regions: 13->4
[2023-04-10T19:56:39.583+0800][8486.952s] GC(182) Metaspace: 58230K(60752K)->58230K(60752K) NonClass: 51491K(52992K)->51491K(52992K) Class: 6738K(7760K)->6738K(7760K)
[2023-04-10T19:56:39.583+0800][8486.952s] GC(182) Pause Young (Normal) (G1 Evacuation Pause) 355M->43M(512M) 1.285ms
[2023-04-10T19:56:39.583+0800][8486.952s] GC(182) User=0.00s Sys=0.00s Real=0.00s
[2023-04-10T19:56:39.969+0800][8487.337s] GC(183) Pause Young (Normal) (G1 Evacuation Pause)
[2023-04-10T19:56:39.969+0800][8487.337s] GC(183) Using 8 workers of 8 for evacuation
[2023-04-10T19:56:39.971+0800][8487.339s] GC(183)   Pre Evacuate Collection Set: 0.0ms
[2023-04-10T19:56:39.971+0800][8487.339s] GC(183)   Evacuate Collection Set: 0.9ms
[2023-04-10T19:56:39.971+0800][8487.339s] GC(183)   Post Evacuate Collection Set: 0.7ms
[2023-04-10T19:56:39.971+0800][8487.339s] GC(183)   Other: 0.1ms
[2023-04-10T19:56:39.971+0800][8487.339s] GC(183) Eden regions: 304->0(298)
[2023-04-10T19:56:39.971+0800][8487.339s] GC(183) Survivor regions: 3->9(39)
[2023-04-10T19:56:39.971+0800][8487.339s] GC(183) Old regions: 37->37
[2023-04-10T19:56:39.971+0800][8487.339s] GC(183) Humongous regions: 7->6
[2023-04-10T19:56:39.971+0800][8487.339s] GC(183) Metaspace: 58230K(60752K)->58230K(60752K) NonClass: 51491K(52992K)->51491K(52992K) Class: 6738K(7760K)->6738K(7760K)
[2023-04-10T19:56:39.971+0800][8487.339s] GC(183) Pause Young (Normal) (G1 Evacuation Pause) 350M->51M(512M) 1.887ms
[2023-04-10T19:56:39.971+0800][8487.339s] GC(183) User=0.00s Sys=0.00s Real=0.00s
[2023-04-10T19:56:40.580+0800][8487.948s] GC(184) Pause Young (Normal) (G1 Evacuation Pause)
[2023-04-10T19:56:40.580+0800][8487.948s] GC(184) Using 8 workers of 8 for evacuation
[2023-04-10T19:56:40.582+0800][8487.950s] GC(184)   Pre Evacuate Collection Set: 0.0ms
[2023-04-10T19:56:40.583+0800][8487.950s] GC(184)   Evacuate Collection Set: 1.4ms
[2023-04-10T19:56:40.583+0800][8487.950s] GC(184)   Post Evacuate Collection Set: 0.4ms
[2023-04-10T19:56:40.583+0800][8487.951s] GC(184)   Other: 0.2ms
[2023-04-10T19:56:40.583+0800][8487.951s] GC(184) Eden regions: 298->0(296)
[2023-04-10T19:56:40.583+0800][8487.951s] GC(184) Survivor regions: 9->11(39)
[2023-04-10T19:56:40.583+0800][8487.951s] GC(184) Old regions: 37->37
[2023-04-10T19:56:40.583+0800][8487.951s] GC(184) Humongous regions: 20->13
[2023-04-10T19:56:40.583+0800][8487.951s] GC(184) Metaspace: 58230K(60752K)->58230K(60752K) NonClass: 51491K(52992K)->51491K(52992K) Class: 6738K(7760K)->6738K(7760K)
[2023-04-10T19:56:40.583+0800][8487.951s] GC(184) Pause Young (Normal) (G1 Evacuation Pause) 363M->60M(512M) 2.275ms
[2023-04-10T19:56:40.583+0800][8487.951s] GC(184) User=0.00s Sys=0.00s Real=0.00s
[2023-04-10T19:56:41.242+0800][8488.611s] GC(185) Pause Young (Normal) (G1 Evacuation Pause)
[2023-04-10T19:56:41.242+0800][8488.611s] GC(185) Using 8 workers of 8 for evacuation
[2023-04-10T19:56:41.243+0800][8488.611s] GC(185)   Pre Evacuate Collection Set: 0.0ms
[2023-04-10T19:56:41.243+0800][8488.611s] GC(185)   Evacuate Collection Set: 0.3ms
[2023-04-10T19:56:41.243+0800][8488.611s] GC(185)   Post Evacuate Collection Set: 0.3ms
[2023-04-10T19:56:41.243+0800][8488.611s] GC(185)   Other: 0.2ms
[2023-04-10T19:56:41.243+0800][8488.611s] GC(185) Eden regions: 296->0(305)
[2023-04-10T19:56:41.243+0800][8488.611s] GC(185) Survivor regions: 11->2(39)
[2023-04-10T19:56:41.243+0800][8488.611s] GC(185) Old regions: 37->37
[2023-04-10T19:56:41.243+0800][8488.611s] GC(185) Humongous regions: 18->4
[2023-04-10T19:56:41.243+0800][8488.612s] GC(185) Metaspace: 58235K(60752K)->58235K(60752K) NonClass: 51497K(52992K)->51497K(52992K) Class: 6738K(7760K)->6738K(7760K)
[2023-04-10T19:56:41.243+0800][8488.612s] GC(185) Pause Young (Normal) (G1 Evacuation Pause) 361M->42M(512M) 1.015ms
[2023-04-10T19:56:41.243+0800][8488.612s] GC(185) User=0.00s Sys=0.00s Real=0.00s
[2023-04-10T19:56:41.741+0800][8489.110s] GC(186) Pause Young (Normal) (G1 Evacuation Pause)
[2023-04-10T19:56:41.742+0800][8489.110s] GC(186) Using 8 workers of 8 for evacuation
[2023-04-10T19:56:41.743+0800][8489.111s] GC(186)   Pre Evacuate Collection Set: 0.0ms
[2023-04-10T19:56:41.743+0800][8489.111s] GC(186)   Evacuate Collection Set: 0.7ms
[2023-04-10T19:56:41.743+0800][8489.111s] GC(186)   Post Evacuate Collection Set: 0.4ms
[2023-04-10T19:56:41.743+0800][8489.111s] GC(186)   Other: 0.2ms
[2023-04-10T19:56:41.743+0800][8489.111s] GC(186) Eden regions: 305->0(300)
[2023-04-10T19:56:41.743+0800][8489.111s] GC(186) Survivor regions: 2->7(39)
[2023-04-10T19:56:41.743+0800][8489.111s] GC(186) Old regions: 37->37
[2023-04-10T19:56:41.743+0800][8489.111s] GC(186) Humongous regions: 7->6
[2023-04-10T19:56:41.743+0800][8489.111s] GC(186) Metaspace: 58235K(60752K)->58235K(60752K) NonClass: 51497K(52992K)->51497K(52992K) Class: 6738K(7760K)->6738K(7760K)
[2023-04-10T19:56:41.743+0800][8489.111s] GC(186) Pause Young (Normal) (G1 Evacuation Pause) 350M->49M(512M) 1.503ms
[2023-04-10T19:56:41.743+0800][8489.111s] GC(186) User=0.00s Sys=0.00s Real=0.00s
[2023-04-10T19:56:42.194+0800][8489.563s] GC(187) Pause Young (Normal) (G1 Evacuation Pause)
[2023-04-10T19:56:42.194+0800][8489.563s] GC(187) Using 8 workers of 8 for evacuation
[2023-04-10T19:56:42.196+0800][8489.564s] GC(187)   Pre Evacuate Collection Set: 0.0ms
[2023-04-10T19:56:42.196+0800][8489.564s] GC(187)   Evacuate Collection Set: 1.1ms
[2023-04-10T19:56:42.196+0800][8489.564s] GC(187)   Post Evacuate Collection Set: 0.5ms
[2023-04-10T19:56:42.196+0800][8489.564s] GC(187)   Other: 0.2ms
[2023-04-10T19:56:42.196+0800][8489.564s] GC(187) Eden regions: 300->0(298)
[2023-04-10T19:56:42.196+0800][8489.564s] GC(187) Survivor regions: 7->9(39)
[2023-04-10T19:56:42.196+0800][8489.565s] GC(187) Old regions: 37->37
[2023-04-10T19:56:42.196+0800][8489.565s] GC(187) Humongous regions: 15->13
[2023-04-10T19:56:42.196+0800][8489.565s] GC(187) Metaspace: 58235K(60752K)->58235K(60752K) NonClass: 51497K(52992K)->51497K(52992K) Class: 6738K(7760K)->6738K(7760K)
[2023-04-10T19:56:42.196+0800][8489.565s] GC(187) Pause Young (Normal) (G1 Evacuation Pause) 358M->58M(512M) 1.997ms
[2023-04-10T19:56:42.196+0800][8489.565s] GC(187) User=0.00s Sys=0.00s Real=0.00s
[2023-04-10T19:56:42.763+0800][8490.131s] GC(188) Pause Young (Normal) (G1 Evacuation Pause)
[2023-04-10T19:56:42.763+0800][8490.131s] GC(188) Using 8 workers of 8 for evacuation
[2023-04-10T19:56:42.765+0800][8490.133s] GC(188)   Pre Evacuate Collection Set: 0.0ms
[2023-04-10T19:56:42.765+0800][8490.133s] GC(188)   Evacuate Collection Set: 1.3ms
[2023-04-10T19:56:42.765+0800][8490.133s] GC(188)   Post Evacuate Collection Set: 0.6ms
[2023-04-10T19:56:42.765+0800][8490.133s] GC(188)   Other: 0.2ms
[2023-04-10T19:56:42.765+0800][8490.133s] GC(188) Eden regions: 298->0(297)
[2023-04-10T19:56:42.765+0800][8490.133s] GC(188) Survivor regions: 9->10(39)
[2023-04-10T19:56:42.765+0800][8490.133s] GC(188) Old regions: 37->37
[2023-04-10T19:56:42.765+0800][8490.133s] GC(188) Humongous regions: 23->13
[2023-04-10T19:56:42.765+0800][8490.133s] GC(188) Metaspace: 58236K(60752K)->58236K(60752K) NonClass: 51498K(52992K)->51498K(52992K) Class: 6738K(7760K)->6738K(7760K)
[2023-04-10T19:56:42.765+0800][8490.133s] GC(188) Pause Young (Normal) (G1 Evacuation Pause) 366M->59M(512M) 2.398ms
[2023-04-10T19:56:42.765+0800][8490.133s] GC(188) User=0.00s Sys=0.00s Real=0.00s
[2023-04-10T19:56:43.238+0800][8490.605s] GC(189) Pause Young (Normal) (G1 Evacuation Pause)
[2023-04-10T19:56:43.238+0800][8490.605s] GC(189) Using 8 workers of 8 for evacuation
[2023-04-10T19:56:43.239+0800][8490.607s] GC(189)   Pre Evacuate Collection Set: 0.0ms
[2023-04-10T19:56:43.239+0800][8490.607s] GC(189)   Evacuate Collection Set: 0.6ms
[2023-04-10T19:56:43.239+0800][8490.607s] GC(189)   Post Evacuate Collection Set: 0.5ms
[2023-04-10T19:56:43.239+0800][8490.607s] GC(189)   Other: 0.2ms
[2023-04-10T19:56:43.239+0800][8490.607s] GC(189) Eden regions: 297->0(302)
[2023-04-10T19:56:43.239+0800][8490.607s] GC(189) Survivor regions: 10->5(39)
[2023-04-10T19:56:43.239+0800][8490.607s] GC(189) Old regions: 37->37
[2023-04-10T19:56:43.239+0800][8490.607s] GC(189) Humongous regions: 14->5
[2023-04-10T19:56:43.239+0800][8490.607s] GC(189) Metaspace: 58236K(60752K)->58236K(60752K) NonClass: 51498K(52992K)->51498K(52992K) Class: 6738K(7760K)->6738K(7760K)
[2023-04-10T19:56:43.239+0800][8490.607s] GC(189) Pause Young (Normal) (G1 Evacuation Pause) 357M->46M(512M) 1.540ms
[2023-04-10T19:56:43.239+0800][8490.607s] GC(189) User=0.00s Sys=0.00s Real=0.00s
[2023-04-10T19:56:43.686+0800][8491.055s] GC(190) Pause Young (Normal) (G1 Evacuation Pause)
[2023-04-10T19:56:43.686+0800][8491.055s] GC(190) Using 8 workers of 8 for evacuation
[2023-04-10T19:56:43.688+0800][8491.056s] GC(190)   Pre Evacuate Collection Set: 0.0ms
[2023-04-10T19:56:43.688+0800][8491.056s] GC(190)   Evacuate Collection Set: 1.0ms
[2023-04-10T19:56:43.688+0800][8491.056s] GC(190)   Post Evacuate Collection Set: 0.6ms
[2023-04-10T19:56:43.688+0800][8491.056s] GC(190)   Other: 0.2ms
[2023-04-10T19:56:43.688+0800][8491.056s] GC(190) Eden regions: 302->0(296)
[2023-04-10T19:56:43.688+0800][8491.057s] GC(190) Survivor regions: 5->11(39)
[2023-04-10T19:56:43.688+0800][8491.057s] GC(190) Old regions: 37->37
[2023-04-10T19:56:43.688+0800][8491.057s] GC(190) Humongous regions: 8->7
[2023-04-10T19:56:43.688+0800][8491.057s] GC(190) Metaspace: 58236K(60752K)->58236K(60752K) NonClass: 51498K(52992K)->51498K(52992K) Class: 6738K(7760K)->6738K(7760K)
[2023-04-10T19:56:43.688+0800][8491.057s] GC(190) Pause Young (Normal) (G1 Evacuation Pause) 351M->54M(512M) 2.128ms
[2023-04-10T19:56:43.688+0800][8491.057s] GC(190) User=0.00s Sys=0.00s Real=0.00s
[2023-04-10T19:56:44.316+0800][8491.684s] GC(191) Pause Young (Normal) (G1 Evacuation Pause)
[2023-04-10T19:56:44.316+0800][8491.684s] GC(191) Using 8 workers of 8 for evacuation
[2023-04-10T19:56:44.318+0800][8491.685s] GC(191)   Pre Evacuate Collection Set: 0.0ms
[2023-04-10T19:56:44.318+0800][8491.685s] GC(191)   Evacuate Collection Set: 1.1ms
[2023-04-10T19:56:44.318+0800][8491.685s] GC(191)   Post Evacuate Collection Set: 0.5ms
[2023-04-10T19:56:44.318+0800][8491.686s] GC(191)   Other: 0.2ms
[2023-04-10T19:56:44.318+0800][8491.686s] GC(191) Eden regions: 296->0(297)
[2023-04-10T19:56:44.318+0800][8491.686s] GC(191) Survivor regions: 11->10(39)
[2023-04-10T19:56:44.318+0800][8491.686s] GC(191) Old regions: 37->37
[2023-04-10T19:56:44.318+0800][8491.686s] GC(191) Humongous regions: 25->13
[2023-04-10T19:56:44.318+0800][8491.686s] GC(191) Metaspace: 58236K(60752K)->58236K(60752K) NonClass: 51498K(52992K)->51498K(52992K) Class: 6738K(7760K)->6738K(7760K)
[2023-04-10T19:56:44.318+0800][8491.686s] GC(191) Pause Young (Normal) (G1 Evacuation Pause) 368M->59M(512M) 2.243ms
[2023-04-10T19:56:44.318+0800][8491.686s] GC(191) User=0.00s Sys=0.00s Real=0.00s
[2023-04-10T19:56:44.758+0800][8492.127s] GC(192) Pause Young (Normal) (G1 Evacuation Pause)
[2023-04-10T19:56:44.758+0800][8492.127s] GC(192) Using 8 workers of 8 for evacuation
[2023-04-10T19:56:44.760+0800][8492.128s] GC(192)   Pre Evacuate Collection Set: 0.0ms
[2023-04-10T19:56:44.760+0800][8492.128s] GC(192)   Evacuate Collection Set: 0.5ms
[2023-04-10T19:56:44.760+0800][8492.128s] GC(192)   Post Evacuate Collection Set: 0.7ms
[2023-04-10T19:56:44.760+0800][8492.128s] GC(192)   Other: 0.2ms
[2023-04-10T19:56:44.760+0800][8492.128s] GC(192) Eden regions: 297->0(303)
[2023-04-10T19:56:44.760+0800][8492.128s] GC(192) Survivor regions: 10->4(39)
[2023-04-10T19:56:44.760+0800][8492.128s] GC(192) Old regions: 37->37
[2023-04-10T19:56:44.760+0800][8492.128s] GC(192) Humongous regions: 13->4
[2023-04-10T19:56:44.760+0800][8492.128s] GC(192) Metaspace: 58237K(60752K)->58237K(60752K) NonClass: 51499K(52992K)->51499K(52992K) Class: 6738K(7760K)->6738K(7760K)
[2023-04-10T19:56:44.760+0800][8492.128s] GC(192) Pause Young (Normal) (G1 Evacuation Pause) 356M->44M(512M) 1.493ms
[2023-04-10T19:56:44.760+0800][8492.128s] GC(192) User=0.00s Sys=0.00s Real=0.00s
[2023-04-10T19:56:45.202+0800][8492.570s] GC(193) Pause Young (Normal) (G1 Evacuation Pause)
[2023-04-10T19:56:45.202+0800][8492.570s] GC(193) Using 8 workers of 8 for evacuation
[2023-04-10T19:56:45.203+0800][8492.571s] GC(193)   Pre Evacuate Collection Set: 0.0ms
[2023-04-10T19:56:45.203+0800][8492.571s] GC(193)   Evacuate Collection Set: 1.0ms
[2023-04-10T19:56:45.203+0800][8492.571s] GC(193)   Post Evacuate Collection Set: 0.5ms
[2023-04-10T19:56:45.204+0800][8492.571s] GC(193)   Other: 0.1ms
[2023-04-10T19:56:45.204+0800][8492.572s] GC(193) Eden regions: 303->0(298)
[2023-04-10T19:56:45.204+0800][8492.572s] GC(193) Survivor regions: 4->9(39)
[2023-04-10T19:56:45.204+0800][8492.572s] GC(193) Old regions: 37->37
[2023-04-10T19:56:45.204+0800][8492.572s] GC(193) Humongous regions: 7->6
[2023-04-10T19:56:45.204+0800][8492.572s] GC(193) Metaspace: 58237K(60752K)->58237K(60752K) NonClass: 51499K(52992K)->51499K(52992K) Class: 6738K(7760K)->6738K(7760K)
[2023-04-10T19:56:45.204+0800][8492.572s] GC(193) Pause Young (Normal) (G1 Evacuation Pause) 350M->51M(512M) 1.911ms
[2023-04-10T19:56:45.204+0800][8492.572s] GC(193) User=0.00s Sys=0.00s Real=0.00s
[2023-04-10T19:56:45.676+0800][8493.044s] GC(194) Pause Young (Normal) (G1 Evacuation Pause)
[2023-04-10T19:56:45.676+0800][8493.044s] GC(194) Using 8 workers of 8 for evacuation
[2023-04-10T19:56:45.678+0800][8493.046s] GC(194)   Pre Evacuate Collection Set: 0.0ms
[2023-04-10T19:56:45.678+0800][8493.046s] GC(194)   Evacuate Collection Set: 1.1ms
[2023-04-10T19:56:45.678+0800][8493.046s] GC(194)   Post Evacuate Collection Set: 0.6ms
[2023-04-10T19:56:45.678+0800][8493.046s] GC(194)   Other: 0.2ms
[2023-04-10T19:56:45.678+0800][8493.046s] GC(194) Eden regions: 298->0(296)
[2023-04-10T19:56:45.678+0800][8493.046s] GC(194) Survivor regions: 9->11(39)
[2023-04-10T19:56:45.678+0800][8493.046s] GC(194) Old regions: 37->37
[2023-04-10T19:56:45.678+0800][8493.046s] GC(194) Humongous regions: 20->13
[2023-04-10T19:56:45.678+0800][8493.046s] GC(194) Metaspace: 58237K(60752K)->58237K(60752K) NonClass: 51499K(52992K)->51499K(52992K) Class: 6738K(7760K)->6738K(7760K)
[2023-04-10T19:56:45.678+0800][8493.046s] GC(194) Pause Young (Normal) (G1 Evacuation Pause) 363M->60M(512M) 2.078ms
[2023-04-10T19:56:45.678+0800][8493.046s] GC(194) User=0.00s Sys=0.00s Real=0.00s
[2023-04-10T19:56:46.228+0800][8493.596s] GC(195) Pause Young (Normal) (G1 Evacuation Pause)
[2023-04-10T19:56:46.228+0800][8493.596s] GC(195) Using 8 workers of 8 for evacuation
[2023-04-10T19:56:46.229+0800][8493.597s] GC(195)   Pre Evacuate Collection Set: 0.0ms
[2023-04-10T19:56:46.229+0800][8493.597s] GC(195)   Evacuate Collection Set: 0.3ms
[2023-04-10T19:56:46.229+0800][8493.597s] GC(195)   Post Evacuate Collection Set: 0.4ms
[2023-04-10T19:56:46.229+0800][8493.597s] GC(195)   Other: 0.2ms
[2023-04-10T19:56:46.229+0800][8493.597s] GC(195) Eden regions: 296->0(305)
[2023-04-10T19:56:46.229+0800][8493.597s] GC(195) Survivor regions: 11->2(39)
[2023-04-10T19:56:46.229+0800][8493.597s] GC(195) Old regions: 37->37
[2023-04-10T19:56:46.229+0800][8493.597s] GC(195) Humongous regions: 18->4
[2023-04-10T19:56:46.229+0800][8493.597s] GC(195) Metaspace: 58242K(60752K)->58242K(60752K) NonClass: 51503K(52992K)->51503K(52992K) Class: 6738K(7760K)->6738K(7760K)
[2023-04-10T19:56:46.229+0800][8493.597s] GC(195) Pause Young (Normal) (G1 Evacuation Pause) 361M->42M(512M) 1.311ms
[2023-04-10T19:56:46.229+0800][8493.597s] GC(195) User=0.00s Sys=0.00s Real=0.00s
[2023-04-10T19:56:46.771+0800][8494.139s] GC(196) Pause Young (Normal) (G1 Evacuation Pause)
[2023-04-10T19:56:46.771+0800][8494.139s] GC(196) Using 8 workers of 8 for evacuation
[2023-04-10T19:56:46.772+0800][8494.141s] GC(196)   Pre Evacuate Collection Set: 0.0ms
[2023-04-10T19:56:46.772+0800][8494.141s] GC(196)   Evacuate Collection Set: 0.8ms
[2023-04-10T19:56:46.772+0800][8494.141s] GC(196)   Post Evacuate Collection Set: 0.6ms
[2023-04-10T19:56:46.772+0800][8494.141s] GC(196)   Other: 0.2ms
[2023-04-10T19:56:46.772+0800][8494.141s] GC(196) Eden regions: 305->0(299)
[2023-04-10T19:56:46.772+0800][8494.141s] GC(196) Survivor regions: 2->8(39)
[2023-04-10T19:56:46.772+0800][8494.141s] GC(196) Old regions: 37->37
[2023-04-10T19:56:46.772+0800][8494.141s] GC(196) Humongous regions: 7->6
[2023-04-10T19:56:46.773+0800][8494.141s] GC(196) Metaspace: 58242K(60752K)->58242K(60752K) NonClass: 51503K(52992K)->51503K(52992K) Class: 6738K(7760K)->6738K(7760K)
[2023-04-10T19:56:46.773+0800][8494.141s] GC(196) Pause Young (Normal) (G1 Evacuation Pause) 350M->50M(512M) 1.973ms
[2023-04-10T19:56:46.773+0800][8494.141s] GC(196) User=0.00s Sys=0.00s Real=0.00s
[2023-04-10T19:56:47.281+0800][8494.649s] GC(197) Pause Young (Normal) (G1 Evacuation Pause)
[2023-04-10T19:56:47.281+0800][8494.649s] GC(197) Using 8 workers of 8 for evacuation
[2023-04-10T19:56:47.283+0800][8494.651s] GC(197)   Pre Evacuate Collection Set: 0.0ms
[2023-04-10T19:56:47.283+0800][8494.651s] GC(197)   Evacuate Collection Set: 1.3ms
[2023-04-10T19:56:47.283+0800][8494.651s] GC(197)   Post Evacuate Collection Set: 0.6ms
[2023-04-10T19:56:47.283+0800][8494.651s] GC(197)   Other: 0.2ms
[2023-04-10T19:56:47.283+0800][8494.651s] GC(197) Eden regions: 299->0(297)
[2023-04-10T19:56:47.283+0800][8494.651s] GC(197) Survivor regions: 8->10(39)
[2023-04-10T19:56:47.283+0800][8494.651s] GC(197) Old regions: 37->37
[2023-04-10T19:56:47.283+0800][8494.651s] GC(197) Humongous regions: 20->13
[2023-04-10T19:56:47.283+0800][8494.651s] GC(197) Metaspace: 58242K(60752K)->58242K(60752K) NonClass: 51503K(52992K)->51503K(52992K) Class: 6738K(7760K)->6738K(7760K)
[2023-04-10T19:56:47.283+0800][8494.651s] GC(197) Pause Young (Normal) (G1 Evacuation Pause) 363M->59M(512M) 2.368ms
[2023-04-10T19:56:47.283+0800][8494.651s] GC(197) User=0.00s Sys=0.00s Real=0.00s
[2023-04-10T19:56:47.837+0800][8495.204s] GC(198) Pause Young (Normal) (G1 Evacuation Pause)
[2023-04-10T19:56:47.837+0800][8495.205s] GC(198) Using 8 workers of 8 for evacuation
[2023-04-10T19:56:47.839+0800][8495.206s] GC(198)   Pre Evacuate Collection Set: 0.0ms
[2023-04-10T19:56:47.839+0800][8495.206s] GC(198)   Evacuate Collection Set: 1.0ms
[2023-04-10T19:56:47.839+0800][8495.206s] GC(198)   Post Evacuate Collection Set: 0.7ms
[2023-04-10T19:56:47.839+0800][8495.206s] GC(198)   Other: 0.2ms
[2023-04-10T19:56:47.839+0800][8495.206s] GC(198) Eden regions: 297->0(297)
[2023-04-10T19:56:47.839+0800][8495.206s] GC(198) Survivor regions: 10->10(39)
[2023-04-10T19:56:47.839+0800][8495.206s] GC(198) Old regions: 37->37
[2023-04-10T19:56:47.839+0800][8495.206s] GC(198) Humongous regions: 18->13
[2023-04-10T19:56:47.839+0800][8495.207s] GC(198) Metaspace: 58242K(60752K)->58242K(60752K) NonClass: 51503K(52992K)->51503K(52992K) Class: 6738K(7760K)->6738K(7760K)
[2023-04-10T19:56:47.839+0800][8495.207s] GC(198) Pause Young (Normal) (G1 Evacuation Pause) 361M->59M(512M) 2.090ms
[2023-04-10T19:56:47.839+0800][8495.207s] GC(198) User=0.00s Sys=0.00s Real=0.00s
[2023-04-10T19:56:48.320+0800][8495.689s] GC(199) Pause Young (Normal) (G1 Evacuation Pause)
[2023-04-10T19:56:48.320+0800][8495.689s] GC(199) Using 8 workers of 8 for evacuation
[2023-04-10T19:56:48.322+0800][8495.690s] GC(199)   Pre Evacuate Collection Set: 0.0ms
[2023-04-10T19:56:48.322+0800][8495.690s] GC(199)   Evacuate Collection Set: 0.7ms
[2023-04-10T19:56:48.322+0800][8495.690s] GC(199)   Post Evacuate Collection Set: 0.6ms
[2023-04-10T19:56:48.322+0800][8495.690s] GC(199)   Other: 0.1ms
[2023-04-10T19:56:48.322+0800][8495.690s] GC(199) Eden regions: 297->0(300)
[2023-04-10T19:56:48.322+0800][8495.690s] GC(199) Survivor regions: 10->7(39)
[2023-04-10T19:56:48.322+0800][8495.690s] GC(199) Old regions: 37->37
[2023-04-10T19:56:48.322+0800][8495.690s] GC(199) Humongous regions: 14->5
[2023-04-10T19:56:48.322+0800][8495.690s] GC(199) Metaspace: 58242K(60752K)->58242K(60752K) NonClass: 51503K(52992K)->51503K(52992K) Class: 6738K(7760K)->6738K(7760K)
[2023-04-10T19:56:48.322+0800][8495.690s] GC(199) Pause Young (Normal) (G1 Evacuation Pause) 357M->48M(512M) 1.667ms
[2023-04-10T19:56:48.322+0800][8495.690s] GC(199) User=0.00s Sys=0.00s Real=0.00s
[2023-04-10T19:56:48.807+0800][8496.174s] GC(200) Pause Young (Normal) (G1 Evacuation Pause)
[2023-04-10T19:56:48.807+0800][8496.174s] GC(200) Using 8 workers of 8 for evacuation
[2023-04-10T19:56:48.809+0800][8496.176s] GC(200)   Pre Evacuate Collection Set: 0.0ms
[2023-04-10T19:56:48.809+0800][8496.176s] GC(200)   Evacuate Collection Set: 1.3ms
[2023-04-10T19:56:48.809+0800][8496.176s] GC(200)   Post Evacuate Collection Set: 0.5ms
[2023-04-10T19:56:48.809+0800][8496.177s] GC(200)   Other: 0.3ms
[2023-04-10T19:56:48.809+0800][8496.177s] GC(200) Eden regions: 300->0(295)
[2023-04-10T19:56:48.809+0800][8496.177s] GC(200) Survivor regions: 7->12(39)
[2023-04-10T19:56:48.809+0800][8496.177s] GC(200) Old regions: 37->37
[2023-04-10T19:56:48.809+0800][8496.177s] GC(200) Humongous regions: 8->7
[2023-04-10T19:56:48.809+0800][8496.177s] GC(200) Metaspace: 58242K(60752K)->58242K(60752K) NonClass: 51503K(52992K)->51503K(52992K) Class: 6738K(7760K)->6738K(7760K)
[2023-04-10T19:56:48.809+0800][8496.177s] GC(200) Pause Young (Normal) (G1 Evacuation Pause) 351M->55M(512M) 2.223ms
[2023-04-10T19:56:48.809+0800][8496.177s] GC(200) User=0.02s Sys=0.00s Real=0.00s
[2023-04-10T19:56:49.411+0800][8496.780s] GC(201) Pause Young (Normal) (G1 Evacuation Pause)
[2023-04-10T19:56:49.411+0800][8496.780s] GC(201) Using 8 workers of 8 for evacuation
[2023-04-10T19:56:49.413+0800][8496.782s] GC(201)   Pre Evacuate Collection Set: 0.0ms
[2023-04-10T19:56:49.413+0800][8496.782s] GC(201)   Evacuate Collection Set: 1.2ms
[2023-04-10T19:56:49.413+0800][8496.782s] GC(201)   Post Evacuate Collection Set: 0.5ms
[2023-04-10T19:56:49.413+0800][8496.782s] GC(201)   Other: 0.2ms
[2023-04-10T19:56:49.413+0800][8496.782s] GC(201) Eden regions: 295->0(296)
[2023-04-10T19:56:49.413+0800][8496.782s] GC(201) Survivor regions: 12->11(39)
[2023-04-10T19:56:49.413+0800][8496.782s] GC(201) Old regions: 37->37
[2023-04-10T19:56:49.413+0800][8496.782s] GC(201) Humongous regions: 20->13
[2023-04-10T19:56:49.413+0800][8496.782s] GC(201) Metaspace: 58242K(60752K)->58242K(60752K) NonClass: 51503K(52992K)->51503K(52992K) Class: 6738K(7760K)->6738K(7760K)
[2023-04-10T19:56:49.413+0800][8496.782s] GC(201) Pause Young (Normal) (G1 Evacuation Pause) 363M->60M(512M) 2.132ms
[2023-04-10T19:56:49.413+0800][8496.782s] GC(201) User=0.00s Sys=0.00s Real=0.00s
[2023-04-10T19:56:49.966+0800][8497.334s] GC(202) Pause Young (Normal) (G1 Evacuation Pause)
[2023-04-10T19:56:49.966+0800][8497.335s] GC(202) Using 8 workers of 8 for evacuation
[2023-04-10T19:56:49.968+0800][8497.336s] GC(202)   Pre Evacuate Collection Set: 0.0ms
[2023-04-10T19:56:49.968+0800][8497.336s] GC(202)   Evacuate Collection Set: 0.8ms
[2023-04-10T19:56:49.968+0800][8497.336s] GC(202)   Post Evacuate Collection Set: 0.4ms
[2023-04-10T19:56:49.968+0800][8497.336s] GC(202)   Other: 0.2ms
[2023-04-10T19:56:49.968+0800][8497.336s] GC(202) Eden regions: 296->0(303)
[2023-04-10T19:56:49.968+0800][8497.336s] GC(202) Survivor regions: 11->4(39)
[2023-04-10T19:56:49.968+0800][8497.336s] GC(202) Old regions: 37->37
[2023-04-10T19:56:49.968+0800][8497.336s] GC(202) Humongous regions: 13->4
[2023-04-10T19:56:49.968+0800][8497.336s] GC(202) Metaspace: 58246K(60752K)->58246K(60752K) NonClass: 51508K(52992K)->51508K(52992K) Class: 6738K(7760K)->6738K(7760K)
[2023-04-10T19:56:49.968+0800][8497.336s] GC(202) Pause Young (Normal) (G1 Evacuation Pause) 356M->44M(512M) 1.700ms
[2023-04-10T19:56:49.968+0800][8497.336s] GC(202) User=0.00s Sys=0.00s Real=0.00s
[2023-04-10T19:56:50.186+0800][8497.555s] GC(203) Pause Young (Normal) (G1 Evacuation Pause)
[2023-04-10T19:56:50.186+0800][8497.555s] GC(203) Using 8 workers of 8 for evacuation
[2023-04-10T19:56:50.188+0800][8497.556s] GC(203)   Pre Evacuate Collection Set: 0.0ms
[2023-04-10T19:56:50.188+0800][8497.556s] GC(203)   Evacuate Collection Set: 1.0ms
[2023-04-10T19:56:50.188+0800][8497.556s] GC(203)   Post Evacuate Collection Set: 0.3ms
[2023-04-10T19:56:50.188+0800][8497.557s] GC(203)   Other: 0.2ms
[2023-04-10T19:56:50.188+0800][8497.557s] GC(203) Eden regions: 303->0(301)
[2023-04-10T19:56:50.188+0800][8497.557s] GC(203) Survivor regions: 4->6(39)
[2023-04-10T19:56:50.188+0800][8497.557s] GC(203) Old regions: 37->37
[2023-04-10T19:56:50.188+0800][8497.557s] GC(203) Humongous regions: 5->5
[2023-04-10T19:56:50.188+0800][8497.557s] GC(203) Metaspace: 58246K(60752K)->58246K(60752K) NonClass: 51508K(52992K)->51508K(52992K) Class: 6738K(7760K)->6738K(7760K)
[2023-04-10T19:56:50.188+0800][8497.557s] GC(203) Pause Young (Normal) (G1 Evacuation Pause) 348M->47M(512M) 1.889ms
[2023-04-10T19:56:50.188+0800][8497.557s] GC(203) User=0.00s Sys=0.00s Real=0.00s
[2023-04-10T19:56:50.454+0800][8497.823s] GC(204) Pause Young (Normal) (G1 Evacuation Pause)
[2023-04-10T19:56:50.454+0800][8497.823s] GC(204) Using 8 workers of 8 for evacuation
[2023-04-10T19:56:50.456+0800][8497.824s] GC(204)   Pre Evacuate Collection Set: 0.0ms
[2023-04-10T19:56:50.456+0800][8497.824s] GC(204)   Evacuate Collection Set: 1.0ms
[2023-04-10T19:56:50.456+0800][8497.824s] GC(204)   Post Evacuate Collection Set: 0.4ms
[2023-04-10T19:56:50.456+0800][8497.824s] GC(204)   Other: 0.2ms
[2023-04-10T19:56:50.456+0800][8497.824s] GC(204) Eden regions: 301->0(298)
[2023-04-10T19:56:50.456+0800][8497.824s] GC(204) Survivor regions: 6->9(39)
[2023-04-10T19:56:50.456+0800][8497.825s] GC(204) Old regions: 37->37
[2023-04-10T19:56:50.456+0800][8497.825s] GC(204) Humongous regions: 7->6
[2023-04-10T19:56:50.456+0800][8497.825s] GC(204) Metaspace: 58246K(60752K)->58246K(60752K) NonClass: 51508K(52992K)->51508K(52992K) Class: 6738K(7760K)->6738K(7760K)
[2023-04-10T19:56:50.456+0800][8497.825s] GC(204) Pause Young (Normal) (G1 Evacuation Pause) 350M->51M(512M) 1.947ms
[2023-04-10T19:56:50.456+0800][8497.825s] GC(204) User=0.00s Sys=0.00s Real=0.00s
[2023-04-10T19:56:50.742+0800][8498.110s] GC(205) Pause Young (Normal) (G1 Evacuation Pause)
[2023-04-10T19:56:50.742+0800][8498.110s] GC(205) Using 8 workers of 8 for evacuation
[2023-04-10T19:56:50.744+0800][8498.112s] GC(205)   Pre Evacuate Collection Set: 0.0ms
[2023-04-10T19:56:50.744+0800][8498.112s] GC(205)   Evacuate Collection Set: 1.2ms
[2023-04-10T19:56:50.744+0800][8498.112s] GC(205)   Post Evacuate Collection Set: 0.4ms
[2023-04-10T19:56:50.744+0800][8498.112s] GC(205)   Other: 0.2ms
[2023-04-10T19:56:50.744+0800][8498.112s] GC(205) Eden regions: 298->0(296)
[2023-04-10T19:56:50.744+0800][8498.112s] GC(205) Survivor regions: 9->11(39)
[2023-04-10T19:56:50.744+0800][8498.112s] GC(205) Old regions: 37->37
[2023-04-10T19:56:50.744+0800][8498.112s] GC(205) Humongous regions: 7->7
[2023-04-10T19:56:50.744+0800][8498.112s] GC(205) Metaspace: 58246K(60752K)->58246K(60752K) NonClass: 51508K(52992K)->51508K(52992K) Class: 6738K(7760K)->6738K(7760K)
[2023-04-10T19:56:50.744+0800][8498.112s] GC(205) Pause Young (Normal) (G1 Evacuation Pause) 350M->54M(512M) 1.925ms
[2023-04-10T19:56:50.744+0800][8498.112s] GC(205) User=0.00s Sys=0.00s Real=0.00s
[2023-04-10T19:56:51.013+0800][8498.381s] GC(206) Pause Young (Normal) (G1 Evacuation Pause)
[2023-04-10T19:56:51.013+0800][8498.382s] GC(206) Using 8 workers of 8 for evacuation
[2023-04-10T19:56:51.016+0800][8498.384s] GC(206)   Pre Evacuate Collection Set: 0.0ms
[2023-04-10T19:56:51.016+0800][8498.384s] GC(206)   Evacuate Collection Set: 1.5ms
[2023-04-10T19:56:51.016+0800][8498.384s] GC(206)   Post Evacuate Collection Set: 0.6ms
[2023-04-10T19:56:51.016+0800][8498.384s] GC(206)   Other: 0.2ms
[2023-04-10T19:56:51.016+0800][8498.384s] GC(206) Eden regions: 296->0(295)
[2023-04-10T19:56:51.016+0800][8498.384s] GC(206) Survivor regions: 11->12(39)
[2023-04-10T19:56:51.016+0800][8498.384s] GC(206) Old regions: 37->37
[2023-04-10T19:56:51.016+0800][8498.384s] GC(206) Humongous regions: 20->13
[2023-04-10T19:56:51.016+0800][8498.384s] GC(206) Metaspace: 58246K(60752K)->58246K(60752K) NonClass: 51508K(52992K)->51508K(52992K) Class: 6738K(7760K)->6738K(7760K)
[2023-04-10T19:56:51.016+0800][8498.384s] GC(206) Pause Young (Normal) (G1 Evacuation Pause) 363M->61M(512M) 2.750ms
[2023-04-10T19:56:51.016+0800][8498.384s] GC(206) User=0.00s Sys=0.00s Real=0.00s
[2023-04-10T19:56:51.415+0800][8498.784s] GC(207) Pause Young (Normal) (G1 Evacuation Pause)
[2023-04-10T19:56:51.416+0800][8498.784s] GC(207) Using 8 workers of 8 for evacuation
[2023-04-10T19:56:51.418+0800][8498.786s] GC(207)   Pre Evacuate Collection Set: 0.0ms
[2023-04-10T19:56:51.418+0800][8498.786s] GC(207)   Evacuate Collection Set: 1.3ms
[2023-04-10T19:56:51.418+0800][8498.786s] GC(207)   Post Evacuate Collection Set: 0.5ms
[2023-04-10T19:56:51.418+0800][8498.786s] GC(207)   Other: 0.2ms
[2023-04-10T19:56:51.418+0800][8498.786s] GC(207) Eden regions: 295->0(295)
[2023-04-10T19:56:51.418+0800][8498.786s] GC(207) Survivor regions: 12->12(39)
[2023-04-10T19:56:51.418+0800][8498.786s] GC(207) Old regions: 37->37
[2023-04-10T19:56:51.418+0800][8498.786s] GC(207) Humongous regions: 18->13
[2023-04-10T19:56:51.418+0800][8498.786s] GC(207) Metaspace: 58248K(60752K)->58248K(60752K) NonClass: 51509K(52992K)->51509K(52992K) Class: 6738K(7760K)->6738K(7760K)
[2023-04-10T19:56:51.418+0800][8498.786s] GC(207) Pause Young (Normal) (G1 Evacuation Pause) 361M->61M(512M) 2.333ms
[2023-04-10T19:56:51.418+0800][8498.786s] GC(207) User=0.02s Sys=0.00s Real=0.00s
[2023-04-10T19:56:51.720+0800][8499.088s] GC(208) Pause Young (Normal) (G1 Evacuation Pause)
[2023-04-10T19:56:51.720+0800][8499.088s] GC(208) Using 8 workers of 8 for evacuation
[2023-04-10T19:56:51.721+0800][8499.089s] GC(208)   Pre Evacuate Collection Set: 0.0ms
[2023-04-10T19:56:51.721+0800][8499.089s] GC(208)   Evacuate Collection Set: 0.4ms
[2023-04-10T19:56:51.721+0800][8499.089s] GC(208)   Post Evacuate Collection Set: 0.4ms
[2023-04-10T19:56:51.721+0800][8499.089s] GC(208)   Other: 0.2ms
[2023-04-10T19:56:51.721+0800][8499.089s] GC(208) Eden regions: 295->0(304)
[2023-04-10T19:56:51.721+0800][8499.089s] GC(208) Survivor regions: 12->3(39)
[2023-04-10T19:56:51.721+0800][8499.089s] GC(208) Old regions: 37->37
[2023-04-10T19:56:51.721+0800][8499.089s] GC(208) Humongous regions: 13->4
[2023-04-10T19:56:51.721+0800][8499.089s] GC(208) Metaspace: 58248K(60752K)->58248K(60752K) NonClass: 51510K(52992K)->51510K(52992K) Class: 6738K(7760K)->6738K(7760K)
[2023-04-10T19:56:51.721+0800][8499.089s] GC(208) Pause Young (Normal) (G1 Evacuation Pause) 356M->43M(512M) 1.281ms
[2023-04-10T19:56:51.721+0800][8499.089s] GC(208) User=0.00s Sys=0.00s Real=0.00s
[2023-04-10T19:56:52.005+0800][8499.373s] GC(209) Pause Young (Normal) (G1 Evacuation Pause)
[2023-04-10T19:56:52.005+0800][8499.373s] GC(209) Using 8 workers of 8 for evacuation
[2023-04-10T19:56:52.007+0800][8499.375s] GC(209)   Pre Evacuate Collection Set: 0.0ms
[2023-04-10T19:56:52.007+0800][8499.375s] GC(209)   Evacuate Collection Set: 0.7ms
[2023-04-10T19:56:52.007+0800][8499.375s] GC(209)   Post Evacuate Collection Set: 0.4ms
[2023-04-10T19:56:52.007+0800][8499.375s] GC(209)   Other: 0.2ms
[2023-04-10T19:56:52.007+0800][8499.375s] GC(209) Eden regions: 304->0(301)
[2023-04-10T19:56:52.007+0800][8499.375s] GC(209) Survivor regions: 3->6(39)
[2023-04-10T19:56:52.007+0800][8499.375s] GC(209) Old regions: 37->37
[2023-04-10T19:56:52.007+0800][8499.375s] GC(209) Humongous regions: 5->5
[2023-04-10T19:56:52.007+0800][8499.375s] GC(209) Metaspace: 58248K(60752K)->58248K(60752K) NonClass: 51510K(52992K)->51510K(52992K) Class: 6738K(7760K)->6738K(7760K)
[2023-04-10T19:56:52.007+0800][8499.375s] GC(209) Pause Young (Normal) (G1 Evacuation Pause) 348M->47M(512M) 1.613ms
[2023-04-10T19:56:52.007+0800][8499.375s] GC(209) User=0.00s Sys=0.00s Real=0.00s
[2023-04-10T19:56:52.275+0800][8499.643s] GC(210) Pause Young (Normal) (G1 Evacuation Pause)
[2023-04-10T19:56:52.275+0800][8499.643s] GC(210) Using 8 workers of 8 for evacuation
[2023-04-10T19:56:52.277+0800][8499.645s] GC(210)   Pre Evacuate Collection Set: 0.0ms
[2023-04-10T19:56:52.277+0800][8499.645s] GC(210)   Evacuate Collection Set: 1.1ms
[2023-04-10T19:56:52.277+0800][8499.645s] GC(210)   Post Evacuate Collection Set: 0.7ms
[2023-04-10T19:56:52.277+0800][8499.645s] GC(210)   Other: 0.2ms
[2023-04-10T19:56:52.277+0800][8499.645s] GC(210) Eden regions: 301->0(298)
[2023-04-10T19:56:52.277+0800][8499.645s] GC(210) Survivor regions: 6->9(39)
[2023-04-10T19:56:52.277+0800][8499.645s] GC(210) Old regions: 37->37
[2023-04-10T19:56:52.277+0800][8499.645s] GC(210) Humongous regions: 7->6
[2023-04-10T19:56:52.277+0800][8499.645s] GC(210) Metaspace: 58248K(60752K)->58248K(60752K) NonClass: 51510K(52992K)->51510K(52992K) Class: 6738K(7760K)->6738K(7760K)
[2023-04-10T19:56:52.277+0800][8499.645s] GC(210) Pause Young (Normal) (G1 Evacuation Pause) 350M->51M(512M) 2.137ms
[2023-04-10T19:56:52.277+0800][8499.645s] GC(210) User=0.02s Sys=0.00s Real=0.00s
[2023-04-10T19:56:52.521+0800][8499.889s] GC(211) Pause Young (Normal) (G1 Evacuation Pause)
[2023-04-10T19:56:52.522+0800][8499.889s] GC(211) Using 8 workers of 8 for evacuation
[2023-04-10T19:56:52.524+0800][8499.891s] GC(211)   Pre Evacuate Collection Set: 0.0ms
[2023-04-10T19:56:52.524+0800][8499.891s] GC(211)   Evacuate Collection Set: 1.3ms
[2023-04-10T19:56:52.524+0800][8499.891s] GC(211)   Post Evacuate Collection Set: 0.6ms
[2023-04-10T19:56:52.524+0800][8499.891s] GC(211)   Other: 0.2ms
[2023-04-10T19:56:52.524+0800][8499.891s] GC(211) Eden regions: 298->0(295)
[2023-04-10T19:56:52.524+0800][8499.891s] GC(211) Survivor regions: 9->12(39)
[2023-04-10T19:56:52.524+0800][8499.891s] GC(211) Old regions: 37->37
[2023-04-10T19:56:52.524+0800][8499.892s] GC(211) Humongous regions: 7->7
[2023-04-10T19:56:52.524+0800][8499.892s] GC(211) Metaspace: 58248K(60752K)->58248K(60752K) NonClass: 51510K(52992K)->51510K(52992K) Class: 6738K(7760K)->6738K(7760K)
[2023-04-10T19:56:52.524+0800][8499.892s] GC(211) Pause Young (Normal) (G1 Evacuation Pause) 350M->55M(512M) 2.221ms
[2023-04-10T19:56:52.524+0800][8499.892s] GC(211) User=0.00s Sys=0.00s Real=0.00s
[2023-04-10T19:56:52.824+0800][8500.192s] GC(212) Pause Young (Normal) (G1 Evacuation Pause)
[2023-04-10T19:56:52.824+0800][8500.192s] GC(212) Using 8 workers of 8 for evacuation
[2023-04-10T19:56:52.826+0800][8500.194s] GC(212)   Pre Evacuate Collection Set: 0.0ms
[2023-04-10T19:56:52.826+0800][8500.194s] GC(212)   Evacuate Collection Set: 1.3ms
[2023-04-10T19:56:52.826+0800][8500.194s] GC(212)   Post Evacuate Collection Set: 0.6ms
[2023-04-10T19:56:52.826+0800][8500.194s] GC(212)   Other: 0.1ms
[2023-04-10T19:56:52.826+0800][8500.194s] GC(212) Eden regions: 295->0(295)
[2023-04-10T19:56:52.826+0800][8500.194s] GC(212) Survivor regions: 12->12(39)
[2023-04-10T19:56:52.826+0800][8500.194s] GC(212) Old regions: 37->37
[2023-04-10T19:56:52.826+0800][8500.194s] GC(212) Humongous regions: 20->13
[2023-04-10T19:56:52.826+0800][8500.194s] GC(212) Metaspace: 58248K(60752K)->58248K(60752K) NonClass: 51510K(52992K)->51510K(52992K) Class: 6738K(7760K)->6738K(7760K)
[2023-04-10T19:56:52.826+0800][8500.195s] GC(212) Pause Young (Normal) (G1 Evacuation Pause) 363M->61M(512M) 2.193ms
[2023-04-10T19:56:52.827+0800][8500.195s] GC(212) User=0.00s Sys=0.00s Real=0.00s
[2023-04-10T19:56:53.229+0800][8500.597s] GC(213) Pause Young (Normal) (G1 Evacuation Pause)
[2023-04-10T19:56:53.229+0800][8500.597s] GC(213) Using 8 workers of 8 for evacuation
[2023-04-10T19:56:53.230+0800][8500.599s] GC(213)   Pre Evacuate Collection Set: 0.0ms
[2023-04-10T19:56:53.230+0800][8500.599s] GC(213)   Evacuate Collection Set: 1.3ms
[2023-04-10T19:56:53.230+0800][8500.599s] GC(213)   Post Evacuate Collection Set: 0.6ms
[2023-04-10T19:56:53.230+0800][8500.599s] GC(213)   Other: 0.2ms
[2023-04-10T19:56:53.230+0800][8500.599s] GC(213) Eden regions: 295->0(296)
[2023-04-10T19:56:53.230+0800][8500.599s] GC(213) Survivor regions: 12->11(39)
[2023-04-10T19:56:53.230+0800][8500.599s] GC(213) Old regions: 37->37
[2023-04-10T19:56:53.230+0800][8500.599s] GC(213) Humongous regions: 18->13
[2023-04-10T19:56:53.231+0800][8500.599s] GC(213) Metaspace: 58248K(60752K)->58248K(60752K) NonClass: 51510K(52992K)->51510K(52992K) Class: 6738K(7760K)->6738K(7760K)
[2023-04-10T19:56:53.231+0800][8500.599s] GC(213) Pause Young (Normal) (G1 Evacuation Pause) 361M->60M(512M) 2.279ms
[2023-04-10T19:56:53.231+0800][8500.599s] GC(213) User=0.09s Sys=0.00s Real=0.00s
[2023-04-10T19:56:53.732+0800][8501.100s] GC(214) Pause Young (Normal) (G1 Evacuation Pause)
[2023-04-10T19:56:53.732+0800][8501.100s] GC(214) Using 8 workers of 8 for evacuation
[2023-04-10T19:56:53.733+0800][8501.101s] GC(214)   Pre Evacuate Collection Set: 0.0ms
[2023-04-10T19:56:53.733+0800][8501.101s] GC(214)   Evacuate Collection Set: 0.8ms
[2023-04-10T19:56:53.733+0800][8501.101s] GC(214)   Post Evacuate Collection Set: 0.7ms
[2023-04-10T19:56:53.733+0800][8501.101s] GC(214)   Other: 0.2ms
[2023-04-10T19:56:53.733+0800][8501.101s] GC(214) Eden regions: 296->0(301)
[2023-04-10T19:56:53.733+0800][8501.101s] GC(214) Survivor regions: 11->6(39)
[2023-04-10T19:56:53.733+0800][8501.101s] GC(214) Old regions: 37->38
[2023-04-10T19:56:53.733+0800][8501.101s] GC(214) Humongous regions: 14->5
[2023-04-10T19:56:53.733+0800][8501.101s] GC(214) Metaspace: 58249K(60752K)->58249K(60752K) NonClass: 51511K(52992K)->51511K(52992K) Class: 6738K(7760K)->6738K(7760K)
[2023-04-10T19:56:53.733+0800][8501.102s] GC(214) Pause Young (Normal) (G1 Evacuation Pause) 357M->47M(512M) 1.901ms
[2023-04-10T19:56:53.733+0800][8501.102s] GC(214) User=0.00s Sys=0.00s Real=0.00s
[2023-04-10T19:56:54.159+0800][8501.527s] GC(215) Pause Young (Normal) (G1 Evacuation Pause)
[2023-04-10T19:56:54.159+0800][8501.527s] GC(215) Using 8 workers of 8 for evacuation
[2023-04-10T19:56:54.161+0800][8501.529s] GC(215)   Pre Evacuate Collection Set: 0.0ms
[2023-04-10T19:56:54.161+0800][8501.529s] GC(215)   Evacuate Collection Set: 1.3ms
[2023-04-10T19:56:54.161+0800][8501.529s] GC(215)   Post Evacuate Collection Set: 0.4ms
[2023-04-10T19:56:54.161+0800][8501.529s] GC(215)   Other: 0.2ms
[2023-04-10T19:56:54.161+0800][8501.529s] GC(215) Eden regions: 301->0(296)
[2023-04-10T19:56:54.161+0800][8501.529s] GC(215) Survivor regions: 6->11(39)
[2023-04-10T19:56:54.161+0800][8501.529s] GC(215) Old regions: 38->38
[2023-04-10T19:56:54.161+0800][8501.529s] GC(215) Humongous regions: 8->7
[2023-04-10T19:56:54.161+0800][8501.529s] GC(215) Metaspace: 58249K(60752K)->58249K(60752K) NonClass: 51511K(52992K)->51511K(52992K) Class: 6738K(7760K)->6738K(7760K)
[2023-04-10T19:56:54.161+0800][8501.529s] GC(215) Pause Young (Normal) (G1 Evacuation Pause) 351M->54M(512M) 2.164ms
[2023-04-10T19:56:54.161+0800][8501.529s] GC(215) User=0.00s Sys=0.00s Real=0.00s
[2023-04-10T19:56:54.814+0800][8502.182s] GC(216) Pause Young (Normal) (G1 Evacuation Pause)
[2023-04-10T19:56:54.814+0800][8502.182s] GC(216) Using 8 workers of 8 for evacuation
[2023-04-10T19:56:54.816+0800][8502.184s] GC(216)   Pre Evacuate Collection Set: 0.0ms
[2023-04-10T19:56:54.816+0800][8502.184s] GC(216)   Evacuate Collection Set: 1.1ms
[2023-04-10T19:56:54.816+0800][8502.184s] GC(216)   Post Evacuate Collection Set: 0.5ms
[2023-04-10T19:56:54.816+0800][8502.184s] GC(216)   Other: 0.2ms
[2023-04-10T19:56:54.816+0800][8502.184s] GC(216) Eden regions: 296->0(297)
[2023-04-10T19:56:54.816+0800][8502.184s] GC(216) Survivor regions: 11->10(39)
[2023-04-10T19:56:54.816+0800][8502.184s] GC(216) Old regions: 38->38
[2023-04-10T19:56:54.816+0800][8502.184s] GC(216) Humongous regions: 26->13
[2023-04-10T19:56:54.816+0800][8502.184s] GC(216) Metaspace: 58254K(60752K)->58254K(60752K) NonClass: 51516K(52992K)->51516K(52992K) Class: 6738K(7760K)->6738K(7760K)
[2023-04-10T19:56:54.816+0800][8502.184s] GC(216) Pause Young (Normal) (G1 Evacuation Pause) 369M->59M(512M) 2.173ms
[2023-04-10T19:56:54.816+0800][8502.184s] GC(216) User=0.00s Sys=0.00s Real=0.00s
[2023-04-10T19:56:55.325+0800][8502.693s] GC(217) Pause Young (Normal) (G1 Evacuation Pause)
[2023-04-10T19:56:55.325+0800][8502.693s] GC(217) Using 8 workers of 8 for evacuation
[2023-04-10T19:56:55.326+0800][8502.694s] GC(217)   Pre Evacuate Collection Set: 0.0ms
[2023-04-10T19:56:55.326+0800][8502.694s] GC(217)   Evacuate Collection Set: 0.5ms
[2023-04-10T19:56:55.326+0800][8502.694s] GC(217)   Post Evacuate Collection Set: 0.4ms
[2023-04-10T19:56:55.326+0800][8502.694s] GC(217)   Other: 0.2ms
[2023-04-10T19:56:55.326+0800][8502.694s] GC(217) Eden regions: 297->0(303)
[2023-04-10T19:56:55.326+0800][8502.694s] GC(217) Survivor regions: 10->4(39)
[2023-04-10T19:56:55.326+0800][8502.694s] GC(217) Old regions: 38->38
[2023-04-10T19:56:55.326+0800][8502.694s] GC(217) Humongous regions: 13->4
[2023-04-10T19:56:55.326+0800][8502.694s] GC(217) Metaspace: 58255K(60752K)->58255K(60752K) NonClass: 51517K(52992K)->51517K(52992K) Class: 6738K(7760K)->6738K(7760K)
[2023-04-10T19:56:55.326+0800][8502.694s] GC(217) Pause Young (Normal) (G1 Evacuation Pause) 356M->44M(512M) 1.254ms
[2023-04-10T19:56:55.326+0800][8502.694s] GC(217) User=0.00s Sys=0.00s Real=0.00s
[2023-04-10T19:56:55.771+0800][8503.139s] GC(218) Pause Young (Normal) (G1 Evacuation Pause)
[2023-04-10T19:56:55.771+0800][8503.139s] GC(218) Using 8 workers of 8 for evacuation
[2023-04-10T19:56:55.773+0800][8503.141s] GC(218)   Pre Evacuate Collection Set: 0.0ms
[2023-04-10T19:56:55.773+0800][8503.141s] GC(218)   Evacuate Collection Set: 1.0ms
[2023-04-10T19:56:55.773+0800][8503.141s] GC(218)   Post Evacuate Collection Set: 0.7ms
[2023-04-10T19:56:55.773+0800][8503.141s] GC(218)   Other: 0.2ms
[2023-04-10T19:56:55.773+0800][8503.141s] GC(218) Eden regions: 303->0(297)
[2023-04-10T19:56:55.773+0800][8503.141s] GC(218) Survivor regions: 4->10(39)
[2023-04-10T19:56:55.773+0800][8503.141s] GC(218) Old regions: 38->38
[2023-04-10T19:56:55.773+0800][8503.141s] GC(218) Humongous regions: 7->6
[2023-04-10T19:56:55.773+0800][8503.141s] GC(218) Metaspace: 58255K(60752K)->58255K(60752K) NonClass: 51517K(52992K)->51517K(52992K) Class: 6738K(7760K)->6738K(7760K)
[2023-04-10T19:56:55.773+0800][8503.141s] GC(218) Pause Young (Normal) (G1 Evacuation Pause) 350M->52M(512M) 1.962ms
[2023-04-10T19:56:55.773+0800][8503.141s] GC(218) User=0.00s Sys=0.00s Real=0.00s
[2023-04-10T19:56:56.359+0800][8503.727s] GC(219) Pause Young (Normal) (G1 Evacuation Pause)
[2023-04-10T19:56:56.359+0800][8503.727s] GC(219) Using 8 workers of 8 for evacuation
[2023-04-10T19:56:56.361+0800][8503.729s] GC(219)   Pre Evacuate Collection Set: 0.0ms
[2023-04-10T19:56:56.361+0800][8503.729s] GC(219)   Evacuate Collection Set: 1.1ms
[2023-04-10T19:56:56.361+0800][8503.729s] GC(219)   Post Evacuate Collection Set: 0.3ms
[2023-04-10T19:56:56.361+0800][8503.729s] GC(219)   Other: 0.2ms
[2023-04-10T19:56:56.361+0800][8503.729s] GC(219) Eden regions: 297->0(296)
[2023-04-10T19:56:56.361+0800][8503.729s] GC(219) Survivor regions: 10->11(39)
[2023-04-10T19:56:56.361+0800][8503.729s] GC(219) Old regions: 38->38
[2023-04-10T19:56:56.361+0800][8503.729s] GC(219) Humongous regions: 25->13
[2023-04-10T19:56:56.361+0800][8503.729s] GC(219) Metaspace: 58255K(60752K)->58255K(60752K) NonClass: 51517K(52992K)->51517K(52992K) Class: 6738K(7760K)->6738K(7760K)
[2023-04-10T19:56:56.361+0800][8503.729s] GC(219) Pause Young (Normal) (G1 Evacuation Pause) 368M->60M(512M) 1.823ms
[2023-04-10T19:56:56.361+0800][8503.729s] GC(219) User=0.00s Sys=0.00s Real=0.00s
[2023-04-10T19:56:57.122+0800][8504.491s] GC(220) Pause Young (Normal) (G1 Evacuation Pause)
[2023-04-10T19:56:57.122+0800][8504.491s] GC(220) Using 8 workers of 8 for evacuation
[2023-04-10T19:56:57.123+0800][8504.492s] GC(220)   Pre Evacuate Collection Set: 0.0ms
[2023-04-10T19:56:57.123+0800][8504.492s] GC(220)   Evacuate Collection Set: 0.4ms
[2023-04-10T19:56:57.123+0800][8504.492s] GC(220)   Post Evacuate Collection Set: 0.5ms
[2023-04-10T19:56:57.123+0800][8504.492s] GC(220)   Other: 0.1ms
[2023-04-10T19:56:57.123+0800][8504.492s] GC(220) Eden regions: 296->0(305)
[2023-04-10T19:56:57.123+0800][8504.492s] GC(220) Survivor regions: 11->2(39)
[2023-04-10T19:56:57.123+0800][8504.492s] GC(220) Old regions: 38->38
[2023-04-10T19:56:57.123+0800][8504.492s] GC(220) Humongous regions: 13->4
[2023-04-10T19:56:57.123+0800][8504.492s] GC(220) Metaspace: 58255K(60752K)->58255K(60752K) NonClass: 51517K(52992K)->51517K(52992K) Class: 6738K(7760K)->6738K(7760K)
[2023-04-10T19:56:57.123+0800][8504.492s] GC(220) Pause Young (Normal) (G1 Evacuation Pause) 356M->42M(512M) 1.171ms
[2023-04-10T19:56:57.123+0800][8504.492s] GC(220) User=0.00s Sys=0.00s Real=0.00s
[2023-04-10T19:56:57.634+0800][8505.002s] GC(221) Pause Young (Normal) (G1 Evacuation Pause)
[2023-04-10T19:56:57.634+0800][8505.002s] GC(221) Using 8 workers of 8 for evacuation
[2023-04-10T19:56:57.636+0800][8505.004s] GC(221)   Pre Evacuate Collection Set: 0.0ms
[2023-04-10T19:56:57.636+0800][8505.004s] GC(221)   Evacuate Collection Set: 0.9ms
[2023-04-10T19:56:57.636+0800][8505.004s] GC(221)   Post Evacuate Collection Set: 0.5ms
[2023-04-10T19:56:57.636+0800][8505.004s] GC(221)   Other: 0.2ms
[2023-04-10T19:56:57.636+0800][8505.004s] GC(221) Eden regions: 305->0(299)
[2023-04-10T19:56:57.636+0800][8505.004s] GC(221) Survivor regions: 2->8(39)
[2023-04-10T19:56:57.636+0800][8505.004s] GC(221) Old regions: 38->38
[2023-04-10T19:56:57.636+0800][8505.004s] GC(221) Humongous regions: 7->6
[2023-04-10T19:56:57.636+0800][8505.004s] GC(221) Metaspace: 58279K(60752K)->58279K(60752K) NonClass: 51540K(52992K)->51540K(52992K) Class: 6738K(7760K)->6738K(7760K)
[2023-04-10T19:56:57.636+0800][8505.004s] GC(221) Pause Young (Normal) (G1 Evacuation Pause) 350M->50M(512M) 1.775ms
[2023-04-10T19:56:57.636+0800][8505.004s] GC(221) User=0.00s Sys=0.00s Real=0.00s
[2023-04-10T19:56:58.073+0800][8505.441s] GC(222) Pause Young (Normal) (G1 Evacuation Pause)
[2023-04-10T19:56:58.074+0800][8505.441s] GC(222) Using 8 workers of 8 for evacuation
[2023-04-10T19:56:58.076+0800][8505.443s] GC(222)   Pre Evacuate Collection Set: 0.0ms
[2023-04-10T19:56:58.076+0800][8505.443s] GC(222)   Evacuate Collection Set: 1.2ms
[2023-04-10T19:56:58.076+0800][8505.443s] GC(222)   Post Evacuate Collection Set: 0.7ms
[2023-04-10T19:56:58.076+0800][8505.443s] GC(222)   Other: 0.2ms
[2023-04-10T19:56:58.076+0800][8505.443s] GC(222) Eden regions: 299->0(297)
[2023-04-10T19:56:58.076+0800][8505.443s] GC(222) Survivor regions: 8->10(39)
[2023-04-10T19:56:58.076+0800][8505.443s] GC(222) Old regions: 38->38
[2023-04-10T19:56:58.076+0800][8505.444s] GC(222) Humongous regions: 20->13
[2023-04-10T19:56:58.076+0800][8505.444s] GC(222) Metaspace: 58279K(60752K)->58279K(60752K) NonClass: 51540K(52992K)->51540K(52992K) Class: 6738K(7760K)->6738K(7760K)
[2023-04-10T19:56:58.076+0800][8505.444s] GC(222) Pause Young (Normal) (G1 Evacuation Pause) 363M->59M(512M) 2.295ms
[2023-04-10T19:56:58.076+0800][8505.444s] GC(222) User=0.02s Sys=0.00s Real=0.00s
[2023-04-10T19:56:58.622+0800][8505.990s] GC(223) Pause Young (Normal) (G1 Evacuation Pause)
[2023-04-10T19:56:58.622+0800][8505.990s] GC(223) Using 8 workers of 8 for evacuation
[2023-04-10T19:56:58.624+0800][8505.992s] GC(223)   Pre Evacuate Collection Set: 0.0ms
[2023-04-10T19:56:58.624+0800][8505.992s] GC(223)   Evacuate Collection Set: 1.3ms
[2023-04-10T19:56:58.624+0800][8505.992s] GC(223)   Post Evacuate Collection Set: 0.5ms
[2023-04-10T19:56:58.624+0800][8505.992s] GC(223)   Other: 0.2ms
[2023-04-10T19:56:58.624+0800][8505.992s] GC(223) Eden regions: 297->0(296)
[2023-04-10T19:56:58.624+0800][8505.992s] GC(223) Survivor regions: 10->11(39)
[2023-04-10T19:56:58.624+0800][8505.992s] GC(223) Old regions: 38->38
[2023-04-10T19:56:58.624+0800][8505.992s] GC(223) Humongous regions: 18->13
[2023-04-10T19:56:58.624+0800][8505.992s] GC(223) Metaspace: 58279K(60752K)->58279K(60752K) NonClass: 51540K(52992K)->51540K(52992K) Class: 6738K(7760K)->6738K(7760K)
[2023-04-10T19:56:58.624+0800][8505.992s] GC(223) Pause Young (Normal) (G1 Evacuation Pause) 361M->60M(512M) 2.234ms
[2023-04-10T19:56:58.624+0800][8505.992s] GC(223) User=0.00s Sys=0.00s Real=0.00s
[2023-04-10T19:56:59.115+0800][8506.483s] GC(224) Pause Young (Normal) (G1 Evacuation Pause)
[2023-04-10T19:56:59.115+0800][8506.483s] GC(224) Using 8 workers of 8 for evacuation
[2023-04-10T19:56:59.117+0800][8506.485s] GC(224)   Pre Evacuate Collection Set: 0.0ms
[2023-04-10T19:56:59.117+0800][8506.485s] GC(224)   Evacuate Collection Set: 0.8ms
[2023-04-10T19:56:59.117+0800][8506.485s] GC(224)   Post Evacuate Collection Set: 0.5ms
[2023-04-10T19:56:59.117+0800][8506.485s] GC(224)   Other: 0.2ms
[2023-04-10T19:56:59.117+0800][8506.485s] GC(224) Eden regions: 296->0(301)
[2023-04-10T19:56:59.117+0800][8506.485s] GC(224) Survivor regions: 11->6(39)
[2023-04-10T19:56:59.117+0800][8506.485s] GC(224) Old regions: 38->38
[2023-04-10T19:56:59.117+0800][8506.485s] GC(224) Humongous regions: 14->5
[2023-04-10T19:56:59.117+0800][8506.485s] GC(224) Metaspace: 58279K(60752K)->58279K(60752K) NonClass: 51541K(52992K)->51541K(52992K) Class: 6738K(7760K)->6738K(7760K)
[2023-04-10T19:56:59.117+0800][8506.485s] GC(224) Pause Young (Normal) (G1 Evacuation Pause) 357M->47M(512M) 1.800ms
[2023-04-10T19:56:59.117+0800][8506.485s] GC(224) User=0.00s Sys=0.00s Real=0.00s
[2023-04-10T19:56:59.554+0800][8506.923s] GC(225) Pause Young (Normal) (G1 Evacuation Pause)
[2023-04-10T19:56:59.554+0800][8506.923s] GC(225) Using 8 workers of 8 for evacuation
[2023-04-10T19:56:59.556+0800][8506.924s] GC(225)   Pre Evacuate Collection Set: 0.0ms
[2023-04-10T19:56:59.556+0800][8506.924s] GC(225)   Evacuate Collection Set: 1.1ms
[2023-04-10T19:56:59.556+0800][8506.924s] GC(225)   Post Evacuate Collection Set: 0.4ms
[2023-04-10T19:56:59.556+0800][8506.924s] GC(225)   Other: 0.2ms
[2023-04-10T19:56:59.556+0800][8506.924s] GC(225) Eden regions: 301->0(295)
[2023-04-10T19:56:59.556+0800][8506.924s] GC(225) Survivor regions: 6->12(39)
[2023-04-10T19:56:59.556+0800][8506.924s] GC(225) Old regions: 38->38
[2023-04-10T19:56:59.556+0800][8506.924s] GC(225) Humongous regions: 8->7
[2023-04-10T19:56:59.556+0800][8506.925s] GC(225) Metaspace: 58279K(60752K)->58279K(60752K) NonClass: 51541K(52992K)->51541K(52992K) Class: 6738K(7760K)->6738K(7760K)
[2023-04-10T19:56:59.556+0800][8506.925s] GC(225) Pause Young (Normal) (G1 Evacuation Pause) 351M->55M(512M) 1.892ms
[2023-04-10T19:56:59.556+0800][8506.925s] GC(225) User=0.00s Sys=0.00s Real=0.00s
[2023-04-10T19:57:00.206+0800][8507.574s] GC(226) Pause Young (Normal) (G1 Evacuation Pause)
[2023-04-10T19:57:00.206+0800][8507.574s] GC(226) Using 8 workers of 8 for evacuation
[2023-04-10T19:57:00.208+0800][8507.575s] GC(226)   Pre Evacuate Collection Set: 0.0ms
[2023-04-10T19:57:00.208+0800][8507.575s] GC(226)   Evacuate Collection Set: 1.2ms
[2023-04-10T19:57:00.208+0800][8507.576s] GC(226)   Post Evacuate Collection Set: 0.6ms
[2023-04-10T19:57:00.208+0800][8507.576s] GC(226)   Other: 0.2ms
[2023-04-10T19:57:00.208+0800][8507.576s] GC(226) Eden regions: 295->0(296)
[2023-04-10T19:57:00.208+0800][8507.576s] GC(226) Survivor regions: 12->11(39)
[2023-04-10T19:57:00.208+0800][8507.576s] GC(226) Old regions: 38->38
[2023-04-10T19:57:00.208+0800][8507.576s] GC(226) Humongous regions: 25->13
[2023-04-10T19:57:00.208+0800][8507.576s] GC(226) Metaspace: 58279K(60752K)->58279K(60752K) NonClass: 51541K(52992K)->51541K(52992K) Class: 6738K(7760K)->6738K(7760K)
[2023-04-10T19:57:00.208+0800][8507.576s] GC(226) Pause Young (Normal) (G1 Evacuation Pause) 368M->60M(512M) 2.283ms
[2023-04-10T19:57:00.208+0800][8507.576s] GC(226) User=0.00s Sys=0.00s Real=0.00s
[2023-04-10T19:57:00.721+0800][8508.089s] GC(227) Pause Young (Normal) (G1 Evacuation Pause)
[2023-04-10T19:57:00.721+0800][8508.089s] GC(227) Using 8 workers of 8 for evacuation
[2023-04-10T19:57:00.722+0800][8508.091s] GC(227)   Pre Evacuate Collection Set: 0.0ms
[2023-04-10T19:57:00.722+0800][8508.091s] GC(227)   Evacuate Collection Set: 0.6ms
[2023-04-10T19:57:00.722+0800][8508.091s] GC(227)   Post Evacuate Collection Set: 0.6ms
[2023-04-10T19:57:00.722+0800][8508.091s] GC(227)   Other: 0.1ms
[2023-04-10T19:57:00.722+0800][8508.091s] GC(227) Eden regions: 296->0(302)
[2023-04-10T19:57:00.722+0800][8508.091s] GC(227) Survivor regions: 11->5(39)
[2023-04-10T19:57:00.722+0800][8508.091s] GC(227) Old regions: 38->38
[2023-04-10T19:57:00.722+0800][8508.091s] GC(227) Humongous regions: 13->4
[2023-04-10T19:57:00.722+0800][8508.091s] GC(227) Metaspace: 58279K(60752K)->58279K(60752K) NonClass: 51541K(52992K)->51541K(52992K) Class: 6738K(7760K)->6738K(7760K)
[2023-04-10T19:57:00.722+0800][8508.091s] GC(227) Pause Young (Normal) (G1 Evacuation Pause) 356M->45M(512M) 1.462ms
[2023-04-10T19:57:00.722+0800][8508.091s] GC(227) User=0.00s Sys=0.00s Real=0.00s
[2023-04-10T19:57:01.165+0800][8508.533s] GC(228) Pause Young (Normal) (G1 Evacuation Pause)
[2023-04-10T19:57:01.165+0800][8508.533s] GC(228) Using 8 workers of 8 for evacuation
[2023-04-10T19:57:01.166+0800][8508.535s] GC(228)   Pre Evacuate Collection Set: 0.0ms
[2023-04-10T19:57:01.167+0800][8508.535s] GC(228)   Evacuate Collection Set: 1.1ms
[2023-04-10T19:57:01.167+0800][8508.535s] GC(228)   Post Evacuate Collection Set: 0.4ms
[2023-04-10T19:57:01.167+0800][8508.535s] GC(228)   Other: 0.3ms
[2023-04-10T19:57:01.167+0800][8508.535s] GC(228) Eden regions: 302->0(297)
[2023-04-10T19:57:01.167+0800][8508.535s] GC(228) Survivor regions: 5->10(39)
[2023-04-10T19:57:01.167+0800][8508.535s] GC(228) Old regions: 38->38
[2023-04-10T19:57:01.167+0800][8508.535s] GC(228) Humongous regions: 7->6
[2023-04-10T19:57:01.167+0800][8508.535s] GC(228) Metaspace: 58279K(60752K)->58279K(60752K) NonClass: 51541K(52992K)->51541K(52992K) Class: 6738K(7760K)->6738K(7760K)
[2023-04-10T19:57:01.167+0800][8508.535s] GC(228) Pause Young (Normal) (G1 Evacuation Pause) 350M->52M(512M) 2.142ms
[2023-04-10T19:57:01.167+0800][8508.535s] GC(228) User=0.00s Sys=0.00s Real=0.00s
[2023-04-10T19:57:01.718+0800][8509.086s] GC(229) Pause Young (Normal) (G1 Evacuation Pause)
[2023-04-10T19:57:01.719+0800][8509.086s] GC(229) Using 8 workers of 8 for evacuation
[2023-04-10T19:57:01.721+0800][8509.088s] GC(229)   Pre Evacuate Collection Set: 0.0ms
[2023-04-10T19:57:01.721+0800][8509.089s] GC(229)   Evacuate Collection Set: 1.3ms
[2023-04-10T19:57:01.721+0800][8509.089s] GC(229)   Post Evacuate Collection Set: 0.6ms
[2023-04-10T19:57:01.721+0800][8509.089s] GC(229)   Other: 0.2ms
[2023-04-10T19:57:01.721+0800][8509.089s] GC(229) Eden regions: 297->0(295)
[2023-04-10T19:57:01.721+0800][8509.089s] GC(229) Survivor regions: 10->12(39)
[2023-04-10T19:57:01.721+0800][8509.089s] GC(229) Old regions: 38->38
[2023-04-10T19:57:01.721+0800][8509.089s] GC(229) Humongous regions: 20->13
[2023-04-10T19:57:01.721+0800][8509.089s] GC(229) Metaspace: 58279K(60752K)->58279K(60752K) NonClass: 51541K(52992K)->51541K(52992K) Class: 6738K(7760K)->6738K(7760K)
[2023-04-10T19:57:01.721+0800][8509.089s] GC(229) Pause Young (Normal) (G1 Evacuation Pause) 363M->61M(512M) 2.382ms
[2023-04-10T19:57:01.721+0800][8509.089s] GC(229) User=0.00s Sys=0.00s Real=0.00s
[2023-04-10T19:57:02.286+0800][8509.654s] GC(230) Pause Young (Normal) (G1 Evacuation Pause)
[2023-04-10T19:57:02.286+0800][8509.654s] GC(230) Using 8 workers of 8 for evacuation
[2023-04-10T19:57:02.287+0800][8509.655s] GC(230)   Pre Evacuate Collection Set: 0.0ms
[2023-04-10T19:57:02.287+0800][8509.655s] GC(230)   Evacuate Collection Set: 0.4ms
[2023-04-10T19:57:02.287+0800][8509.655s] GC(230)   Post Evacuate Collection Set: 0.6ms
[2023-04-10T19:57:02.287+0800][8509.655s] GC(230)   Other: 0.2ms
[2023-04-10T19:57:02.287+0800][8509.655s] GC(230) Eden regions: 295->0(304)
[2023-04-10T19:57:02.287+0800][8509.655s] GC(230) Survivor regions: 12->3(39)
[2023-04-10T19:57:02.287+0800][8509.655s] GC(230) Old regions: 38->38
[2023-04-10T19:57:02.287+0800][8509.655s] GC(230) Humongous regions: 18->4
[2023-04-10T19:57:02.287+0800][8509.655s] GC(230) Metaspace: 58281K(60752K)->58281K(60752K) NonClass: 51543K(52992K)->51543K(52992K) Class: 6738K(7760K)->6738K(7760K)
[2023-04-10T19:57:02.287+0800][8509.655s] GC(230) Pause Young (Normal) (G1 Evacuation Pause) 361M->43M(512M) 1.329ms
[2023-04-10T19:57:02.287+0800][8509.655s] GC(230) User=0.00s Sys=0.00s Real=0.00s
[2023-04-10T19:57:02.669+0800][8510.037s] GC(231) Pause Young (Normal) (G1 Evacuation Pause)
[2023-04-10T19:57:02.669+0800][8510.037s] GC(231) Using 8 workers of 8 for evacuation
[2023-04-10T19:57:02.670+0800][8510.039s] GC(231)   Pre Evacuate Collection Set: 0.0ms
[2023-04-10T19:57:02.670+0800][8510.039s] GC(231)   Evacuate Collection Set: 0.9ms
[2023-04-10T19:57:02.670+0800][8510.039s] GC(231)   Post Evacuate Collection Set: 0.6ms
[2023-04-10T19:57:02.670+0800][8510.039s] GC(231)   Other: 0.2ms
[2023-04-10T19:57:02.670+0800][8510.039s] GC(231) Eden regions: 304->0(299)
[2023-04-10T19:57:02.670+0800][8510.039s] GC(231) Survivor regions: 3->8(39)
[2023-04-10T19:57:02.670+0800][8510.039s] GC(231) Old regions: 38->38
[2023-04-10T19:57:02.670+0800][8510.039s] GC(231) Humongous regions: 7->6
[2023-04-10T19:57:02.670+0800][8510.039s] GC(231) Metaspace: 58281K(60752K)->58281K(60752K) NonClass: 51543K(52992K)->51543K(52992K) Class: 6738K(7760K)->6738K(7760K)
[2023-04-10T19:57:02.671+0800][8510.039s] GC(231) Pause Young (Normal) (G1 Evacuation Pause) 350M->50M(512M) 1.908ms
[2023-04-10T19:57:02.671+0800][8510.039s] GC(231) User=0.00s Sys=0.00s Real=0.00s
[2023-04-10T19:57:03.083+0800][8510.451s] GC(232) Pause Young (Normal) (G1 Evacuation Pause)
[2023-04-10T19:57:03.083+0800][8510.451s] GC(232) Using 8 workers of 8 for evacuation
[2023-04-10T19:57:03.085+0800][8510.453s] GC(232)   Pre Evacuate Collection Set: 0.0ms
[2023-04-10T19:57:03.085+0800][8510.453s] GC(232)   Evacuate Collection Set: 1.2ms
[2023-04-10T19:57:03.085+0800][8510.453s] GC(232)   Post Evacuate Collection Set: 0.6ms
[2023-04-10T19:57:03.085+0800][8510.453s] GC(232)   Other: 0.2ms
[2023-04-10T19:57:03.085+0800][8510.453s] GC(232) Eden regions: 299->0(297)
[2023-04-10T19:57:03.085+0800][8510.453s] GC(232) Survivor regions: 8->10(39)
[2023-04-10T19:57:03.085+0800][8510.453s] GC(232) Old regions: 38->38
[2023-04-10T19:57:03.085+0800][8510.453s] GC(232) Humongous regions: 15->13
[2023-04-10T19:57:03.085+0800][8510.453s] GC(232) Metaspace: 58281K(60752K)->58281K(60752K) NonClass: 51543K(52992K)->51543K(52992K) Class: 6738K(7760K)->6738K(7760K)
[2023-04-10T19:57:03.085+0800][8510.453s] GC(232) Pause Young (Normal) (G1 Evacuation Pause) 358M->59M(512M) 2.242ms
[2023-04-10T19:57:03.085+0800][8510.453s] GC(232) User=0.00s Sys=0.00s Real=0.00s
[2023-04-10T19:57:03.650+0800][8511.018s] GC(233) Pause Young (Normal) (G1 Evacuation Pause)
[2023-04-10T19:57:03.650+0800][8511.018s] GC(233) Using 8 workers of 8 for evacuation
[2023-04-10T19:57:03.652+0800][8511.020s] GC(233)   Pre Evacuate Collection Set: 0.0ms
[2023-04-10T19:57:03.652+0800][8511.020s] GC(233)   Evacuate Collection Set: 1.2ms
[2023-04-10T19:57:03.652+0800][8511.020s] GC(233)   Post Evacuate Collection Set: 0.7ms
[2023-04-10T19:57:03.652+0800][8511.020s] GC(233)   Other: 0.3ms
[2023-04-10T19:57:03.652+0800][8511.020s] GC(233) Eden regions: 297->0(296)
[2023-04-10T19:57:03.652+0800][8511.020s] GC(233) Survivor regions: 10->11(39)
[2023-04-10T19:57:03.652+0800][8511.020s] GC(233) Old regions: 38->38
[2023-04-10T19:57:03.652+0800][8511.020s] GC(233) Humongous regions: 23->13
[2023-04-10T19:57:03.652+0800][8511.020s] GC(233) Metaspace: 58281K(60752K)->58281K(60752K) NonClass: 51543K(52992K)->51543K(52992K) Class: 6738K(7760K)->6738K(7760K)
[2023-04-10T19:57:03.652+0800][8511.020s] GC(233) Pause Young (Normal) (G1 Evacuation Pause) 366M->60M(512M) 2.500ms
[2023-04-10T19:57:03.653+0800][8511.020s] GC(233) User=0.02s Sys=0.00s Real=0.00s
[2023-04-10T19:57:04.132+0800][8511.500s] GC(234) Pause Young (Normal) (G1 Evacuation Pause)
[2023-04-10T19:57:04.132+0800][8511.501s] GC(234) Using 8 workers of 8 for evacuation
[2023-04-10T19:57:04.133+0800][8511.502s] GC(234)   Pre Evacuate Collection Set: 0.0ms
[2023-04-10T19:57:04.133+0800][8511.502s] GC(234)   Evacuate Collection Set: 0.8ms
[2023-04-10T19:57:04.134+0800][8511.502s] GC(234)   Post Evacuate Collection Set: 0.5ms
[2023-04-10T19:57:04.134+0800][8511.502s] GC(234)   Other: 0.2ms
[2023-04-10T19:57:04.134+0800][8511.502s] GC(234) Eden regions: 296->0(300)
[2023-04-10T19:57:04.134+0800][8511.502s] GC(234) Survivor regions: 11->7(39)
[2023-04-10T19:57:04.134+0800][8511.502s] GC(234) Old regions: 38->38
[2023-04-10T19:57:04.134+0800][8511.502s] GC(234) Humongous regions: 14->5
[2023-04-10T19:57:04.134+0800][8511.502s] GC(234) Metaspace: 58282K(60752K)->58282K(60752K) NonClass: 51544K(52992K)->51544K(52992K) Class: 6738K(7760K)->6738K(7760K)
[2023-04-10T19:57:04.134+0800][8511.502s] GC(234) Pause Young (Normal) (G1 Evacuation Pause) 357M->48M(512M) 1.705ms
[2023-04-10T19:57:04.134+0800][8511.502s] GC(234) User=0.00s Sys=0.00s Real=0.00s
[2023-04-10T19:57:04.572+0800][8511.940s] GC(235) Pause Young (Normal) (G1 Evacuation Pause)
[2023-04-10T19:57:04.572+0800][8511.940s] GC(235) Using 8 workers of 8 for evacuation
[2023-04-10T19:57:04.573+0800][8511.942s] GC(235)   Pre Evacuate Collection Set: 0.0ms
[2023-04-10T19:57:04.573+0800][8511.942s] GC(235)   Evacuate Collection Set: 1.2ms
[2023-04-10T19:57:04.573+0800][8511.942s] GC(235)   Post Evacuate Collection Set: 0.6ms
[2023-04-10T19:57:04.573+0800][8511.942s] GC(235)   Other: 0.2ms
[2023-04-10T19:57:04.573+0800][8511.942s] GC(235) Eden regions: 300->0(295)
[2023-04-10T19:57:04.573+0800][8511.942s] GC(235) Survivor regions: 7->12(39)
[2023-04-10T19:57:04.573+0800][8511.942s] GC(235) Old regions: 38->38
[2023-04-10T19:57:04.573+0800][8511.942s] GC(235) Humongous regions: 8->7
[2023-04-10T19:57:04.573+0800][8511.942s] GC(235) Metaspace: 58282K(60752K)->58282K(60752K) NonClass: 51544K(52992K)->51544K(52992K) Class: 6738K(7760K)->6738K(7760K)
[2023-04-10T19:57:04.573+0800][8511.942s] GC(235) Pause Young (Normal) (G1 Evacuation Pause) 351M->55M(512M) 2.191ms
[2023-04-10T19:57:04.573+0800][8511.942s] GC(235) User=0.00s Sys=0.00s Real=0.00s
[2023-04-10T19:57:05.221+0800][8512.589s] GC(236) Pause Young (Normal) (G1 Evacuation Pause)
[2023-04-10T19:57:05.221+0800][8512.589s] GC(236) Using 8 workers of 8 for evacuation
[2023-04-10T19:57:05.223+0800][8512.591s] GC(236)   Pre Evacuate Collection Set: 0.0ms
[2023-04-10T19:57:05.223+0800][8512.591s] GC(236)   Evacuate Collection Set: 1.2ms
[2023-04-10T19:57:05.223+0800][8512.591s] GC(236)   Post Evacuate Collection Set: 0.6ms
[2023-04-10T19:57:05.223+0800][8512.591s] GC(236)   Other: 0.2ms
[2023-04-10T19:57:05.223+0800][8512.591s] GC(236) Eden regions: 295->0(297)
[2023-04-10T19:57:05.223+0800][8512.591s] GC(236) Survivor regions: 12->10(39)
[2023-04-10T19:57:05.223+0800][8512.591s] GC(236) Old regions: 38->38
[2023-04-10T19:57:05.223+0800][8512.591s] GC(236) Humongous regions: 25->13
[2023-04-10T19:57:05.223+0800][8512.591s] GC(236) Metaspace: 58283K(60752K)->58283K(60752K) NonClass: 51545K(52992K)->51545K(52992K) Class: 6738K(7760K)->6738K(7760K)
[2023-04-10T19:57:05.224+0800][8512.591s] GC(236) Pause Young (Normal) (G1 Evacuation Pause) 368M->60M(512M) 2.394ms
[2023-04-10T19:57:05.224+0800][8512.591s] GC(236) User=0.00s Sys=0.00s Real=0.00s
[2023-04-10T19:57:05.688+0800][8513.056s] GC(237) Pause Young (Normal) (G1 Evacuation Pause)
[2023-04-10T19:57:05.688+0800][8513.056s] GC(237) Using 8 workers of 8 for evacuation
[2023-04-10T19:57:05.689+0800][8513.057s] GC(237)   Pre Evacuate Collection Set: 0.0ms
[2023-04-10T19:57:05.689+0800][8513.057s] GC(237)   Evacuate Collection Set: 0.5ms
[2023-04-10T19:57:05.689+0800][8513.057s] GC(237)   Post Evacuate Collection Set: 0.6ms
[2023-04-10T19:57:05.689+0800][8513.057s] GC(237)   Other: 0.1ms
[2023-04-10T19:57:05.689+0800][8513.057s] GC(237) Eden regions: 297->0(303)
[2023-04-10T19:57:05.689+0800][8513.057s] GC(237) Survivor regions: 10->4(39)
[2023-04-10T19:57:05.689+0800][8513.057s] GC(237) Old regions: 38->38
[2023-04-10T19:57:05.689+0800][8513.057s] GC(237) Humongous regions: 14->5
[2023-04-10T19:57:05.689+0800][8513.057s] GC(237) Metaspace: 58283K(60752K)->58283K(60752K) NonClass: 51545K(52992K)->51545K(52992K) Class: 6738K(7760K)->6738K(7760K)
[2023-04-10T19:57:05.689+0800][8513.057s] GC(237) Pause Young (Normal) (G1 Evacuation Pause) 358M->46M(512M) 1.369ms
[2023-04-10T19:57:05.689+0800][8513.057s] GC(237) User=0.00s Sys=0.00s Real=0.00s
[2023-04-10T19:57:06.412+0800][8513.781s] GC(238) Pause Young (Normal) (G1 Evacuation Pause)
[2023-04-10T19:57:06.412+0800][8513.781s] GC(238) Using 8 workers of 8 for evacuation
[2023-04-10T19:57:06.413+0800][8513.782s] GC(238)   Pre Evacuate Collection Set: 0.0ms
[2023-04-10T19:57:06.413+0800][8513.782s] GC(238)   Evacuate Collection Set: 0.7ms
[2023-04-10T19:57:06.413+0800][8513.782s] GC(238)   Post Evacuate Collection Set: 0.4ms
[2023-04-10T19:57:06.413+0800][8513.782s] GC(238)   Other: 0.2ms
[2023-04-10T19:57:06.413+0800][8513.782s] GC(238) Eden regions: 303->0(305)
[2023-04-10T19:57:06.414+0800][8513.782s] GC(238) Survivor regions: 4->2(39)
[2023-04-10T19:57:06.414+0800][8513.782s] GC(238) Old regions: 38->38
[2023-04-10T19:57:06.414+0800][8513.782s] GC(238) Humongous regions: 7->4
[2023-04-10T19:57:06.414+0800][8513.782s] GC(238) Metaspace: 58403K(61008K)->58403K(61008K) NonClass: 51652K(53248K)->51652K(53248K) Class: 6750K(7760K)->6750K(7760K)
[2023-04-10T19:57:06.414+0800][8513.782s] GC(238) Pause Young (Normal) (G1 Evacuation Pause) 351M->43M(512M) 1.442ms
[2023-04-10T19:57:06.414+0800][8513.782s] GC(238) User=0.00s Sys=0.00s Real=0.00s
[2023-04-10T19:57:06.820+0800][8514.188s] GC(239) Pause Young (Normal) (G1 Evacuation Pause)
[2023-04-10T19:57:06.820+0800][8514.188s] GC(239) Using 8 workers of 8 for evacuation
[2023-04-10T19:57:06.822+0800][8514.190s] GC(239)   Pre Evacuate Collection Set: 0.0ms
[2023-04-10T19:57:06.822+0800][8514.190s] GC(239)   Evacuate Collection Set: 0.9ms
[2023-04-10T19:57:06.822+0800][8514.190s] GC(239)   Post Evacuate Collection Set: 0.6ms
[2023-04-10T19:57:06.822+0800][8514.190s] GC(239)   Other: 0.2ms
[2023-04-10T19:57:06.822+0800][8514.190s] GC(239) Eden regions: 305->0(300)
[2023-04-10T19:57:06.822+0800][8514.190s] GC(239) Survivor regions: 2->7(39)
[2023-04-10T19:57:06.822+0800][8514.190s] GC(239) Old regions: 38->38
[2023-04-10T19:57:06.822+0800][8514.190s] GC(239) Humongous regions: 5->5
[2023-04-10T19:57:06.822+0800][8514.190s] GC(239) Metaspace: 58403K(61008K)->58403K(61008K) NonClass: 51652K(53248K)->51652K(53248K) Class: 6750K(7760K)->6750K(7760K)
[2023-04-10T19:57:06.822+0800][8514.190s] GC(239) Pause Young (Normal) (G1 Evacuation Pause) 349M->49M(512M) 1.880ms
[2023-04-10T19:57:06.822+0800][8514.190s] GC(239) User=0.00s Sys=0.00s Real=0.00s
[2023-04-10T19:57:07.276+0800][8514.644s] GC(240) Pause Young (Normal) (G1 Evacuation Pause)
[2023-04-10T19:57:07.276+0800][8514.644s] GC(240) Using 8 workers of 8 for evacuation
[2023-04-10T19:57:07.277+0800][8514.645s] GC(240)   Pre Evacuate Collection Set: 0.0ms
[2023-04-10T19:57:07.277+0800][8514.645s] GC(240)   Evacuate Collection Set: 1.1ms
[2023-04-10T19:57:07.277+0800][8514.645s] GC(240)   Post Evacuate Collection Set: 0.5ms
[2023-04-10T19:57:07.277+0800][8514.645s] GC(240)   Other: 0.1ms
[2023-04-10T19:57:07.277+0800][8514.645s] GC(240) Eden regions: 300->0(298)
[2023-04-10T19:57:07.277+0800][8514.645s] GC(240) Survivor regions: 7->9(39)
[2023-04-10T19:57:07.277+0800][8514.645s] GC(240) Old regions: 38->38
[2023-04-10T19:57:07.277+0800][8514.645s] GC(240) Humongous regions: 13->12
[2023-04-10T19:57:07.277+0800][8514.645s] GC(240) Metaspace: 58403K(61008K)->58403K(61008K) NonClass: 51652K(53248K)->51652K(53248K) Class: 6750K(7760K)->6750K(7760K)
[2023-04-10T19:57:07.277+0800][8514.645s] GC(240) Pause Young (Normal) (G1 Evacuation Pause) 357M->58M(512M) 1.953ms
[2023-04-10T19:57:07.277+0800][8514.646s] GC(240) User=0.11s Sys=0.00s Real=0.00s
[2023-04-10T19:57:07.839+0800][8515.207s] GC(241) Pause Young (Normal) (G1 Evacuation Pause)
[2023-04-10T19:57:07.839+0800][8515.207s] GC(241) Using 8 workers of 8 for evacuation
[2023-04-10T19:57:07.841+0800][8515.209s] GC(241)   Pre Evacuate Collection Set: 0.0ms
[2023-04-10T19:57:07.841+0800][8515.209s] GC(241)   Evacuate Collection Set: 1.3ms
[2023-04-10T19:57:07.841+0800][8515.209s] GC(241)   Post Evacuate Collection Set: 0.5ms
[2023-04-10T19:57:07.841+0800][8515.209s] GC(241)   Other: 0.2ms
[2023-04-10T19:57:07.841+0800][8515.209s] GC(241) Eden regions: 298->0(295)
[2023-04-10T19:57:07.841+0800][8515.209s] GC(241) Survivor regions: 9->12(39)
[2023-04-10T19:57:07.841+0800][8515.209s] GC(241) Old regions: 38->38
[2023-04-10T19:57:07.841+0800][8515.209s] GC(241) Humongous regions: 25->13
[2023-04-10T19:57:07.841+0800][8515.209s] GC(241) Metaspace: 58404K(61008K)->58404K(61008K) NonClass: 51653K(53248K)->51653K(53248K) Class: 6750K(7760K)->6750K(7760K)
[2023-04-10T19:57:07.841+0800][8515.209s] GC(241) Pause Young (Normal) (G1 Evacuation Pause) 369M->62M(512M) 2.245ms
[2023-04-10T19:57:07.841+0800][8515.209s] GC(241) User=0.12s Sys=0.00s Real=0.00s
[2023-04-10T19:57:08.307+0800][8515.675s] GC(242) Pause Young (Normal) (G1 Evacuation Pause)
[2023-04-10T19:57:08.307+0800][8515.675s] GC(242) Using 8 workers of 8 for evacuation
[2023-04-10T19:57:08.308+0800][8515.677s] GC(242)   Pre Evacuate Collection Set: 0.0ms
[2023-04-10T19:57:08.309+0800][8515.677s] GC(242)   Evacuate Collection Set: 0.8ms
[2023-04-10T19:57:08.309+0800][8515.677s] GC(242)   Post Evacuate Collection Set: 0.6ms
[2023-04-10T19:57:08.309+0800][8515.677s] GC(242)   Other: 0.2ms
[2023-04-10T19:57:08.309+0800][8515.677s] GC(242) Eden regions: 295->0(301)
[2023-04-10T19:57:08.309+0800][8515.677s] GC(242) Survivor regions: 12->6(39)
[2023-04-10T19:57:08.309+0800][8515.677s] GC(242) Old regions: 38->38
[2023-04-10T19:57:08.309+0800][8515.677s] GC(242) Humongous regions: 14->5
[2023-04-10T19:57:08.309+0800][8515.677s] GC(242) Metaspace: 58407K(61008K)->58407K(61008K) NonClass: 51657K(53248K)->51657K(53248K) Class: 6750K(7760K)->6750K(7760K)
[2023-04-10T19:57:08.309+0800][8515.677s] GC(242) Pause Young (Normal) (G1 Evacuation Pause) 358M->48M(512M) 1.813ms
[2023-04-10T19:57:08.309+0800][8515.677s] GC(242) User=0.12s Sys=0.00s Real=0.00s
[2023-04-10T19:57:08.694+0800][8516.062s] GC(243) Pause Young (Normal) (G1 Evacuation Pause)
[2023-04-10T19:57:08.694+0800][8516.063s] GC(243) Using 8 workers of 8 for evacuation
[2023-04-10T19:57:08.696+0800][8516.065s] GC(243)   Pre Evacuate Collection Set: 0.0ms
[2023-04-10T19:57:08.697+0800][8516.065s] GC(243)   Evacuate Collection Set: 1.3ms
[2023-04-10T19:57:08.697+0800][8516.065s] GC(243)   Post Evacuate Collection Set: 0.6ms
[2023-04-10T19:57:08.697+0800][8516.065s] GC(243)   Other: 0.2ms
[2023-04-10T19:57:08.697+0800][8516.065s] GC(243) Eden regions: 301->0(296)
[2023-04-10T19:57:08.697+0800][8516.065s] GC(243) Survivor regions: 6->11(39)
[2023-04-10T19:57:08.697+0800][8516.065s] GC(243) Old regions: 38->38
[2023-04-10T19:57:08.697+0800][8516.065s] GC(243) Humongous regions: 8->7
[2023-04-10T19:57:08.697+0800][8516.065s] GC(243) Metaspace: 58409K(61008K)->58409K(61008K) NonClass: 51658K(53248K)->51658K(53248K) Class: 6750K(7760K)->6750K(7760K)
[2023-04-10T19:57:08.697+0800][8516.065s] GC(243) Pause Young (Normal) (G1 Evacuation Pause) 352M->55M(512M) 2.271ms
[2023-04-10T19:57:08.697+0800][8516.065s] GC(243) User=0.00s Sys=0.00s Real=0.00s
[2023-04-10T19:57:09.218+0800][8516.587s] GC(244) Pause Young (Normal) (G1 Evacuation Pause)
[2023-04-10T19:57:09.218+0800][8516.587s] GC(244) Using 8 workers of 8 for evacuation
[2023-04-10T19:57:09.220+0800][8516.589s] GC(244)   Pre Evacuate Collection Set: 0.0ms
[2023-04-10T19:57:09.220+0800][8516.589s] GC(244)   Evacuate Collection Set: 1.4ms
[2023-04-10T19:57:09.220+0800][8516.589s] GC(244)   Post Evacuate Collection Set: 0.6ms
[2023-04-10T19:57:09.220+0800][8516.589s] GC(244)   Other: 0.2ms
[2023-04-10T19:57:09.220+0800][8516.589s] GC(244) Eden regions: 296->0(296)
[2023-04-10T19:57:09.220+0800][8516.589s] GC(244) Survivor regions: 11->11(39)
[2023-04-10T19:57:09.220+0800][8516.589s] GC(244) Old regions: 38->38
[2023-04-10T19:57:09.220+0800][8516.589s] GC(244) Humongous regions: 25->13
[2023-04-10T19:57:09.220+0800][8516.589s] GC(244) Metaspace: 58409K(61008K)->58409K(61008K) NonClass: 51659K(53248K)->51659K(53248K) Class: 6750K(7760K)->6750K(7760K)
[2023-04-10T19:57:09.220+0800][8516.589s] GC(244) Pause Young (Normal) (G1 Evacuation Pause) 369M->61M(512M) 2.440ms
[2023-04-10T19:57:09.220+0800][8516.589s] GC(244) User=0.00s Sys=0.00s Real=0.00s
[2023-04-10T19:57:09.683+0800][8517.051s] GC(245) Pause Young (Normal) (G1 Evacuation Pause)
[2023-04-10T19:57:09.683+0800][8517.051s] GC(245) Using 8 workers of 8 for evacuation
[2023-04-10T19:57:09.684+0800][8517.052s] GC(245)   Pre Evacuate Collection Set: 0.0ms
[2023-04-10T19:57:09.684+0800][8517.052s] GC(245)   Evacuate Collection Set: 0.6ms
[2023-04-10T19:57:09.684+0800][8517.052s] GC(245)   Post Evacuate Collection Set: 0.6ms
[2023-04-10T19:57:09.684+0800][8517.052s] GC(245)   Other: 0.1ms
[2023-04-10T19:57:09.684+0800][8517.052s] GC(245) Eden regions: 296->0(303)
[2023-04-10T19:57:09.684+0800][8517.052s] GC(245) Survivor regions: 11->4(39)
[2023-04-10T19:57:09.684+0800][8517.052s] GC(245) Old regions: 38->38
[2023-04-10T19:57:09.684+0800][8517.052s] GC(245) Humongous regions: 13->4
[2023-04-10T19:57:09.685+0800][8517.052s] GC(245) Metaspace: 58409K(61008K)->58409K(61008K) NonClass: 51659K(53248K)->51659K(53248K) Class: 6750K(7760K)->6750K(7760K)
[2023-04-10T19:57:09.685+0800][8517.052s] GC(245) Pause Young (Normal) (G1 Evacuation Pause) 357M->45M(512M) 1.553ms
[2023-04-10T19:57:09.685+0800][8517.053s] GC(245) User=0.12s Sys=0.00s Real=0.00s
[2023-04-10T19:57:10.107+0800][8517.476s] GC(246) Pause Young (Normal) (G1 Evacuation Pause)
[2023-04-10T19:57:10.107+0800][8517.476s] GC(246) Using 8 workers of 8 for evacuation
[2023-04-10T19:57:10.109+0800][8517.478s] GC(246)   Pre Evacuate Collection Set: 0.0ms
[2023-04-10T19:57:10.109+0800][8517.478s] GC(246)   Evacuate Collection Set: 1.2ms
[2023-04-10T19:57:10.109+0800][8517.478s] GC(246)   Post Evacuate Collection Set: 0.5ms
[2023-04-10T19:57:10.110+0800][8517.478s] GC(246)   Other: 0.2ms
[2023-04-10T19:57:10.110+0800][8517.478s] GC(246) Eden regions: 303->0(297)
[2023-04-10T19:57:10.110+0800][8517.478s] GC(246) Survivor regions: 4->10(39)
[2023-04-10T19:57:10.110+0800][8517.478s] GC(246) Old regions: 38->38
[2023-04-10T19:57:10.110+0800][8517.478s] GC(246) Humongous regions: 7->6
[2023-04-10T19:57:10.110+0800][8517.478s] GC(246) Metaspace: 58409K(61008K)->58409K(61008K) NonClass: 51659K(53248K)->51659K(53248K) Class: 6750K(7760K)->6750K(7760K)
[2023-04-10T19:57:10.110+0800][8517.478s] GC(246) Pause Young (Normal) (G1 Evacuation Pause) 351M->53M(512M) 2.258ms
[2023-04-10T19:57:10.110+0800][8517.478s] GC(246) User=0.00s Sys=0.00s Real=0.00s
[2023-04-10T19:57:10.614+0800][8517.982s] GC(247) Pause Young (Normal) (G1 Evacuation Pause)
[2023-04-10T19:57:10.614+0800][8517.982s] GC(247) Using 8 workers of 8 for evacuation
[2023-04-10T19:57:10.616+0800][8517.984s] GC(247)   Pre Evacuate Collection Set: 0.0ms
[2023-04-10T19:57:10.616+0800][8517.984s] GC(247)   Evacuate Collection Set: 1.5ms
[2023-04-10T19:57:10.616+0800][8517.984s] GC(247)   Post Evacuate Collection Set: 0.7ms
[2023-04-10T19:57:10.616+0800][8517.985s] GC(247)   Other: 0.2ms
[2023-04-10T19:57:10.617+0800][8517.985s] GC(247) Eden regions: 297->0(296)
[2023-04-10T19:57:10.617+0800][8517.985s] GC(247) Survivor regions: 10->11(39)
[2023-04-10T19:57:10.617+0800][8517.985s] GC(247) Old regions: 38->38
[2023-04-10T19:57:10.617+0800][8517.985s] GC(247) Humongous regions: 20->13
[2023-04-10T19:57:10.617+0800][8517.985s] GC(247) Metaspace: 58409K(61008K)->58409K(61008K) NonClass: 51659K(53248K)->51659K(53248K) Class: 6750K(7760K)->6750K(7760K)
[2023-04-10T19:57:10.617+0800][8517.985s] GC(247) Pause Young (Normal) (G1 Evacuation Pause) 364M->61M(512M) 2.612ms
[2023-04-10T19:57:10.617+0800][8517.985s] GC(247) User=0.00s Sys=0.00s Real=0.00s
[2023-04-10T19:57:11.158+0800][8518.526s] GC(248) Pause Young (Normal) (G1 Evacuation Pause)
[2023-04-10T19:57:11.158+0800][8518.526s] GC(248) Using 8 workers of 8 for evacuation
[2023-04-10T19:57:11.159+0800][8518.527s] GC(248)   Pre Evacuate Collection Set: 0.0ms
[2023-04-10T19:57:11.159+0800][8518.527s] GC(248)   Evacuate Collection Set: 0.6ms
[2023-04-10T19:57:11.159+0800][8518.527s] GC(248)   Post Evacuate Collection Set: 0.4ms
[2023-04-10T19:57:11.159+0800][8518.527s] GC(248)   Other: 0.2ms
[2023-04-10T19:57:11.159+0800][8518.527s] GC(248) Eden regions: 296->0(305)
[2023-04-10T19:57:11.159+0800][8518.527s] GC(248) Survivor regions: 11->2(39)
[2023-04-10T19:57:11.160+0800][8518.527s] GC(248) Old regions: 38->38
[2023-04-10T19:57:11.160+0800][8518.527s] GC(248) Humongous regions: 18->4
[2023-04-10T19:57:11.160+0800][8518.527s] GC(248) Metaspace: 58409K(61008K)->58409K(61008K) NonClass: 51659K(53248K)->51659K(53248K) Class: 6750K(7760K)->6750K(7760K)
[2023-04-10T19:57:11.160+0800][8518.527s] GC(248) Pause Young (Normal) (G1 Evacuation Pause) 362M->43M(512M) 1.422ms
[2023-04-10T19:57:11.160+0800][8518.527s] GC(248) User=0.00s Sys=0.00s Real=0.00s
[2023-04-10T19:57:11.616+0800][8518.984s] GC(249) Pause Young (Normal) (G1 Evacuation Pause)
[2023-04-10T19:57:11.616+0800][8518.984s] GC(249) Using 8 workers of 8 for evacuation
[2023-04-10T19:57:11.618+0800][8518.986s] GC(249)   Pre Evacuate Collection Set: 0.0ms
[2023-04-10T19:57:11.618+0800][8518.986s] GC(249)   Evacuate Collection Set: 1.0ms
[2023-04-10T19:57:11.618+0800][8518.986s] GC(249)   Post Evacuate Collection Set: 0.4ms
[2023-04-10T19:57:11.618+0800][8518.986s] GC(249)   Other: 0.2ms
[2023-04-10T19:57:11.618+0800][8518.986s] GC(249) Eden regions: 305->0(299)
[2023-04-10T19:57:11.618+0800][8518.986s] GC(249) Survivor regions: 2->8(39)
[2023-04-10T19:57:11.618+0800][8518.986s] GC(249) Old regions: 38->38
[2023-04-10T19:57:11.618+0800][8518.986s] GC(249) Humongous regions: 7->6
[2023-04-10T19:57:11.618+0800][8518.986s] GC(249) Metaspace: 58409K(61008K)->58409K(61008K) NonClass: 51659K(53248K)->51659K(53248K) Class: 6750K(7760K)->6750K(7760K)
[2023-04-10T19:57:11.618+0800][8518.986s] GC(249) Pause Young (Normal) (G1 Evacuation Pause) 351M->51M(512M) 1.835ms
[2023-04-10T19:57:11.618+0800][8518.986s] GC(249) User=0.00s Sys=0.00s Real=0.00s
[2023-04-10T19:57:12.093+0800][8519.461s] GC(250) Pause Young (Normal) (G1 Evacuation Pause)
[2023-04-10T19:57:12.093+0800][8519.461s] GC(250) Using 8 workers of 8 for evacuation
[2023-04-10T19:57:12.095+0800][8519.463s] GC(250)   Pre Evacuate Collection Set: 0.0ms
[2023-04-10T19:57:12.095+0800][8519.463s] GC(250)   Evacuate Collection Set: 1.2ms
[2023-04-10T19:57:12.095+0800][8519.463s] GC(250)   Post Evacuate Collection Set: 0.6ms
[2023-04-10T19:57:12.095+0800][8519.463s] GC(250)   Other: 0.2ms
[2023-04-10T19:57:12.095+0800][8519.463s] GC(250) Eden regions: 299->0(297)
[2023-04-10T19:57:12.095+0800][8519.463s] GC(250) Survivor regions: 8->10(39)
[2023-04-10T19:57:12.095+0800][8519.463s] GC(250) Old regions: 38->38
[2023-04-10T19:57:12.095+0800][8519.463s] GC(250) Humongous regions: 12->12
[2023-04-10T19:57:12.095+0800][8519.463s] GC(250) Metaspace: 58409K(61008K)->58409K(61008K) NonClass: 51659K(53248K)->51659K(53248K) Class: 6750K(7760K)->6750K(7760K)
[2023-04-10T19:57:12.095+0800][8519.463s] GC(250) Pause Young (Normal) (G1 Evacuation Pause) 356M->59M(512M) 2.257ms
[2023-04-10T19:57:12.095+0800][8519.463s] GC(250) User=0.00s Sys=0.00s Real=0.00s
[2023-04-10T19:57:12.602+0800][8519.970s] GC(251) Pause Young (Normal) (G1 Evacuation Pause)
[2023-04-10T19:57:12.602+0800][8519.970s] GC(251) Using 8 workers of 8 for evacuation
[2023-04-10T19:57:12.604+0800][8519.972s] GC(251)   Pre Evacuate Collection Set: 0.0ms
[2023-04-10T19:57:12.604+0800][8519.972s] GC(251)   Evacuate Collection Set: 1.4ms
[2023-04-10T19:57:12.604+0800][8519.972s] GC(251)   Post Evacuate Collection Set: 0.6ms
[2023-04-10T19:57:12.604+0800][8519.972s] GC(251)   Other: 0.2ms
[2023-04-10T19:57:12.604+0800][8519.972s] GC(251) Eden regions: 297->0(296)
[2023-04-10T19:57:12.604+0800][8519.972s] GC(251) Survivor regions: 10->11(39)
[2023-04-10T19:57:12.604+0800][8519.972s] GC(251) Old regions: 38->38
[2023-04-10T19:57:12.604+0800][8519.972s] GC(251) Humongous regions: 25->13
[2023-04-10T19:57:12.604+0800][8519.972s] GC(251) Metaspace: 58416K(61008K)->58416K(61008K) NonClass: 51665K(53248K)->51665K(53248K) Class: 6750K(7760K)->6750K(7760K)
[2023-04-10T19:57:12.604+0800][8519.972s] GC(251) Pause Young (Normal) (G1 Evacuation Pause) 369M->61M(512M) 2.347ms
[2023-04-10T19:57:12.605+0800][8519.972s] GC(251) User=0.00s Sys=0.00s Real=0.00s
[2023-04-10T19:57:13.087+0800][8520.455s] GC(252) Pause Young (Normal) (G1 Evacuation Pause)
[2023-04-10T19:57:13.087+0800][8520.455s] GC(252) Using 8 workers of 8 for evacuation
[2023-04-10T19:57:13.088+0800][8520.456s] GC(252)   Pre Evacuate Collection Set: 0.0ms
[2023-04-10T19:57:13.088+0800][8520.456s] GC(252)   Evacuate Collection Set: 1.2ms
[2023-04-10T19:57:13.088+0800][8520.456s] GC(252)   Post Evacuate Collection Set: 0.5ms
[2023-04-10T19:57:13.088+0800][8520.457s] GC(252)   Other: 0.2ms
[2023-04-10T19:57:13.088+0800][8520.457s] GC(252) Eden regions: 296->0(301)
[2023-04-10T19:57:13.089+0800][8520.457s] GC(252) Survivor regions: 11->6(39)
[2023-04-10T19:57:13.089+0800][8520.457s] GC(252) Old regions: 38->38
[2023-04-10T19:57:13.089+0800][8520.457s] GC(252) Humongous regions: 14->5
[2023-04-10T19:57:13.089+0800][8520.457s] GC(252) Metaspace: 58416K(61008K)->58416K(61008K) NonClass: 51665K(53248K)->51665K(53248K) Class: 6750K(7760K)->6750K(7760K)
[2023-04-10T19:57:13.089+0800][8520.457s] GC(252) Pause Young (Normal) (G1 Evacuation Pause) 358M->48M(512M) 2.094ms
[2023-04-10T19:57:13.089+0800][8520.457s] GC(252) User=0.00s Sys=0.00s Real=0.00s
[2023-04-10T19:57:13.562+0800][8520.930s] GC(253) Pause Young (Normal) (G1 Evacuation Pause)
[2023-04-10T19:57:13.562+0800][8520.930s] GC(253) Using 8 workers of 8 for evacuation
[2023-04-10T19:57:13.564+0800][8520.932s] GC(253)   Pre Evacuate Collection Set: 0.0ms
[2023-04-10T19:57:13.564+0800][8520.932s] GC(253)   Evacuate Collection Set: 1.3ms
[2023-04-10T19:57:13.564+0800][8520.932s] GC(253)   Post Evacuate Collection Set: 0.7ms
[2023-04-10T19:57:13.564+0800][8520.932s] GC(253)   Other: 0.2ms
[2023-04-10T19:57:13.564+0800][8520.932s] GC(253) Eden regions: 301->0(297)
[2023-04-10T19:57:13.564+0800][8520.932s] GC(253) Survivor regions: 6->10(39)
[2023-04-10T19:57:13.564+0800][8520.932s] GC(253) Old regions: 38->39
[2023-04-10T19:57:13.564+0800][8520.932s] GC(253) Humongous regions: 8->7
[2023-04-10T19:57:13.564+0800][8520.932s] GC(253) Metaspace: 58416K(61008K)->58416K(61008K) NonClass: 51665K(53248K)->51665K(53248K) Class: 6750K(7760K)->6750K(7760K)
[2023-04-10T19:57:13.564+0800][8520.932s] GC(253) Pause Young (Normal) (G1 Evacuation Pause) 352M->55M(512M) 2.342ms
[2023-04-10T19:57:13.564+0800][8520.932s] GC(253) User=0.00s Sys=0.00s Real=0.00s
[2023-04-10T19:57:14.150+0800][8521.518s] GC(254) Pause Young (Normal) (G1 Evacuation Pause)
[2023-04-10T19:57:14.150+0800][8521.518s] GC(254) Using 8 workers of 8 for evacuation
[2023-04-10T19:57:14.152+0800][8521.520s] GC(254)   Pre Evacuate Collection Set: 0.0ms
[2023-04-10T19:57:14.152+0800][8521.520s] GC(254)   Evacuate Collection Set: 1.2ms
[2023-04-10T19:57:14.152+0800][8521.520s] GC(254)   Post Evacuate Collection Set: 0.5ms
[2023-04-10T19:57:14.152+0800][8521.520s] GC(254)   Other: 0.2ms
[2023-04-10T19:57:14.152+0800][8521.520s] GC(254) Eden regions: 297->0(296)
[2023-04-10T19:57:14.152+0800][8521.520s] GC(254) Survivor regions: 10->11(39)
[2023-04-10T19:57:14.152+0800][8521.520s] GC(254) Old regions: 39->39
[2023-04-10T19:57:14.152+0800][8521.520s] GC(254) Humongous regions: 25->13
[2023-04-10T19:57:14.152+0800][8521.520s] GC(254) Metaspace: 58416K(61008K)->58416K(61008K) NonClass: 51665K(53248K)->51665K(53248K) Class: 6750K(7760K)->6750K(7760K)
[2023-04-10T19:57:14.153+0800][8521.520s] GC(254) Pause Young (Normal) (G1 Evacuation Pause) 370M->61M(512M) 2.098ms
[2023-04-10T19:57:14.153+0800][8521.521s] GC(254) User=0.09s Sys=0.00s Real=0.00s
[2023-04-10T19:57:14.600+0800][8521.968s] GC(255) Pause Young (Normal) (G1 Evacuation Pause)
[2023-04-10T19:57:14.600+0800][8521.968s] GC(255) Using 8 workers of 8 for evacuation
[2023-04-10T19:57:14.601+0800][8521.969s] GC(255)   Pre Evacuate Collection Set: 0.0ms
[2023-04-10T19:57:14.601+0800][8521.969s] GC(255)   Evacuate Collection Set: 0.5ms
[2023-04-10T19:57:14.601+0800][8521.969s] GC(255)   Post Evacuate Collection Set: 0.6ms
[2023-04-10T19:57:14.601+0800][8521.969s] GC(255)   Other: 0.1ms
[2023-04-10T19:57:14.601+0800][8521.969s] GC(255) Eden regions: 296->0(303)
[2023-04-10T19:57:14.601+0800][8521.969s] GC(255) Survivor regions: 11->4(39)
[2023-04-10T19:57:14.601+0800][8521.969s] GC(255) Old regions: 39->39
[2023-04-10T19:57:14.601+0800][8521.969s] GC(255) Humongous regions: 14->5
[2023-04-10T19:57:14.602+0800][8521.969s] GC(255) Metaspace: 58416K(61008K)->58416K(61008K) NonClass: 51665K(53248K)->51665K(53248K) Class: 6750K(7760K)->6750K(7760K)
[2023-04-10T19:57:14.602+0800][8521.970s] GC(255) Pause Young (Normal) (G1 Evacuation Pause) 358M->46M(512M) 1.518ms
[2023-04-10T19:57:14.602+0800][8521.970s] GC(255) User=0.00s Sys=0.00s Real=0.00s
[2023-04-10T19:57:15.063+0800][8522.430s] GC(256) Pause Young (Normal) (G1 Evacuation Pause)
[2023-04-10T19:57:15.063+0800][8522.431s] GC(256) Using 8 workers of 8 for evacuation
[2023-04-10T19:57:15.065+0800][8522.432s] GC(256)   Pre Evacuate Collection Set: 0.0ms
[2023-04-10T19:57:15.065+0800][8522.432s] GC(256)   Evacuate Collection Set: 1.0ms
[2023-04-10T19:57:15.065+0800][8522.432s] GC(256)   Post Evacuate Collection Set: 0.6ms
[2023-04-10T19:57:15.065+0800][8522.432s] GC(256)   Other: 0.2ms
[2023-04-10T19:57:15.065+0800][8522.432s] GC(256) Eden regions: 303->0(297)
[2023-04-10T19:57:15.065+0800][8522.432s] GC(256) Survivor regions: 4->10(39)
[2023-04-10T19:57:15.065+0800][8522.432s] GC(256) Old regions: 39->39
[2023-04-10T19:57:15.065+0800][8522.432s] GC(256) Humongous regions: 7->6
[2023-04-10T19:57:15.065+0800][8522.432s] GC(256) Metaspace: 58416K(61008K)->58416K(61008K) NonClass: 51665K(53248K)->51665K(53248K) Class: 6750K(7760K)->6750K(7760K)
[2023-04-10T19:57:15.065+0800][8522.432s] GC(256) Pause Young (Normal) (G1 Evacuation Pause) 351M->54M(512M) 2.001ms
[2023-04-10T19:57:15.065+0800][8522.433s] GC(256) User=0.00s Sys=0.00s Real=0.00s
[2023-04-10T19:57:15.724+0800][8523.092s] GC(257) Pause Young (Normal) (G1 Evacuation Pause)
[2023-04-10T19:57:15.724+0800][8523.092s] GC(257) Using 8 workers of 8 for evacuation
[2023-04-10T19:57:15.726+0800][8523.094s] GC(257)   Pre Evacuate Collection Set: 0.0ms
[2023-04-10T19:57:15.726+0800][8523.094s] GC(257)   Evacuate Collection Set: 1.4ms
[2023-04-10T19:57:15.726+0800][8523.094s] GC(257)   Post Evacuate Collection Set: 0.6ms
[2023-04-10T19:57:15.726+0800][8523.094s] GC(257)   Other: 0.2ms
[2023-04-10T19:57:15.726+0800][8523.094s] GC(257) Eden regions: 297->0(296)
[2023-04-10T19:57:15.726+0800][8523.094s] GC(257) Survivor regions: 10->11(39)
[2023-04-10T19:57:15.726+0800][8523.094s] GC(257) Old regions: 39->39
[2023-04-10T19:57:15.726+0800][8523.094s] GC(257) Humongous regions: 25->13
[2023-04-10T19:57:15.726+0800][8523.094s] GC(257) Metaspace: 58416K(61008K)->58416K(61008K) NonClass: 51665K(53248K)->51665K(53248K) Class: 6750K(7760K)->6750K(7760K)
[2023-04-10T19:57:15.726+0800][8523.094s] GC(257) Pause Young (Normal) (G1 Evacuation Pause) 370M->62M(512M) 2.434ms
[2023-04-10T19:57:15.726+0800][8523.094s] GC(257) User=0.00s Sys=0.00s Real=0.00s
[2023-04-10T19:57:16.398+0800][8523.766s] GC(258) Pause Young (Normal) (G1 Evacuation Pause)
[2023-04-10T19:57:16.398+0800][8523.766s] GC(258) Using 8 workers of 8 for evacuation
[2023-04-10T19:57:16.399+0800][8523.768s] GC(258)   Pre Evacuate Collection Set: 0.0ms
[2023-04-10T19:57:16.399+0800][8523.768s] GC(258)   Evacuate Collection Set: 0.7ms
[2023-04-10T19:57:16.399+0800][8523.768s] GC(258)   Post Evacuate Collection Set: 0.5ms
[2023-04-10T19:57:16.399+0800][8523.768s] GC(258)   Other: 0.2ms
[2023-04-10T19:57:16.399+0800][8523.768s] GC(258) Eden regions: 296->0(305)
[2023-04-10T19:57:16.399+0800][8523.768s] GC(258) Survivor regions: 11->2(39)
[2023-04-10T19:57:16.399+0800][8523.768s] GC(258) Old regions: 39->39
[2023-04-10T19:57:16.399+0800][8523.768s] GC(258) Humongous regions: 13->4
[2023-04-10T19:57:16.399+0800][8523.768s] GC(258) Metaspace: 58416K(61008K)->58416K(61008K) NonClass: 51665K(53248K)->51665K(53248K) Class: 6750K(7760K)->6750K(7760K)
[2023-04-10T19:57:16.399+0800][8523.768s] GC(258) Pause Young (Normal) (G1 Evacuation Pause) 358M->44M(512M) 1.641ms
[2023-04-10T19:57:16.399+0800][8523.768s] GC(258) User=0.00s Sys=0.00s Real=0.00s
[2023-04-10T19:57:16.859+0800][8524.227s] GC(259) Pause Young (Normal) (G1 Evacuation Pause)
[2023-04-10T19:57:16.859+0800][8524.227s] GC(259) Using 8 workers of 8 for evacuation
[2023-04-10T19:57:16.861+0800][8524.229s] GC(259)   Pre Evacuate Collection Set: 0.0ms
[2023-04-10T19:57:16.861+0800][8524.229s] GC(259)   Evacuate Collection Set: 1.0ms
[2023-04-10T19:57:16.861+0800][8524.229s] GC(259)   Post Evacuate Collection Set: 0.6ms
[2023-04-10T19:57:16.861+0800][8524.229s] GC(259)   Other: 0.2ms
[2023-04-10T19:57:16.861+0800][8524.229s] GC(259) Eden regions: 305->0(299)
[2023-04-10T19:57:16.861+0800][8524.229s] GC(259) Survivor regions: 2->8(39)
[2023-04-10T19:57:16.861+0800][8524.229s] GC(259) Old regions: 39->39
[2023-04-10T19:57:16.861+0800][8524.229s] GC(259) Humongous regions: 7->6
[2023-04-10T19:57:16.861+0800][8524.229s] GC(259) Metaspace: 58416K(61008K)->58416K(61008K) NonClass: 51665K(53248K)->51665K(53248K) Class: 6750K(7760K)->6750K(7760K)
[2023-04-10T19:57:16.861+0800][8524.229s] GC(259) Pause Young (Normal) (G1 Evacuation Pause) 352M->52M(512M) 2.200ms
[2023-04-10T19:57:16.861+0800][8524.229s] GC(259) User=0.00s Sys=0.00s Real=0.00s
[2023-04-10T19:57:17.320+0800][8524.688s] GC(260) Pause Young (Normal) (G1 Evacuation Pause)
[2023-04-10T19:57:17.320+0800][8524.688s] GC(260) Using 8 workers of 8 for evacuation
[2023-04-10T19:57:17.322+0800][8524.690s] GC(260)   Pre Evacuate Collection Set: 0.0ms
[2023-04-10T19:57:17.322+0800][8524.690s] GC(260)   Evacuate Collection Set: 1.3ms
[2023-04-10T19:57:17.322+0800][8524.690s] GC(260)   Post Evacuate Collection Set: 0.6ms
[2023-04-10T19:57:17.322+0800][8524.690s] GC(260)   Other: 0.2ms
[2023-04-10T19:57:17.322+0800][8524.690s] GC(260) Eden regions: 299->0(296)
[2023-04-10T19:57:17.322+0800][8524.690s] GC(260) Survivor regions: 8->11(39)
[2023-04-10T19:57:17.322+0800][8524.690s] GC(260) Old regions: 39->39
[2023-04-10T19:57:17.322+0800][8524.690s] GC(260) Humongous regions: 20->13
[2023-04-10T19:57:17.322+0800][8524.690s] GC(260) Metaspace: 58416K(61008K)->58416K(61008K) NonClass: 51665K(53248K)->51665K(53248K) Class: 6750K(7760K)->6750K(7760K)
[2023-04-10T19:57:17.322+0800][8524.690s] GC(260) Pause Young (Normal) (G1 Evacuation Pause) 365M->61M(512M) 2.252ms
[2023-04-10T19:57:17.322+0800][8524.690s] GC(260) User=0.00s Sys=0.00s Real=0.00s
[2023-04-10T19:57:17.828+0800][8525.196s] GC(261) Pause Young (Normal) (G1 Evacuation Pause)
[2023-04-10T19:57:17.828+0800][8525.196s] GC(261) Using 8 workers of 8 for evacuation
[2023-04-10T19:57:17.830+0800][8525.198s] GC(261)   Pre Evacuate Collection Set: 0.0ms
[2023-04-10T19:57:17.830+0800][8525.198s] GC(261)   Evacuate Collection Set: 1.2ms
[2023-04-10T19:57:17.830+0800][8525.198s] GC(261)   Post Evacuate Collection Set: 0.6ms
[2023-04-10T19:57:17.830+0800][8525.198s] GC(261)   Other: 0.2ms
[2023-04-10T19:57:17.830+0800][8525.198s] GC(261) Eden regions: 296->0(296)
[2023-04-10T19:57:17.830+0800][8525.198s] GC(261) Survivor regions: 11->11(39)
[2023-04-10T19:57:17.830+0800][8525.198s] GC(261) Old regions: 39->39
[2023-04-10T19:57:17.830+0800][8525.198s] GC(261) Humongous regions: 18->13
[2023-04-10T19:57:17.830+0800][8525.198s] GC(261) Metaspace: 58416K(61008K)->58416K(61008K) NonClass: 51665K(53248K)->51665K(53248K) Class: 6750K(7760K)->6750K(7760K)
[2023-04-10T19:57:17.830+0800][8525.198s] GC(261) Pause Young (Normal) (G1 Evacuation Pause) 362M->61M(512M) 2.120ms
[2023-04-10T19:57:17.830+0800][8525.198s] GC(261) User=0.00s Sys=0.00s Real=0.00s
[2023-04-10T19:57:18.283+0800][8525.650s] GC(262) Pause Young (Normal) (G1 Evacuation Pause)
[2023-04-10T19:57:18.283+0800][8525.650s] GC(262) Using 8 workers of 8 for evacuation
[2023-04-10T19:57:18.284+0800][8525.652s] GC(262)   Pre Evacuate Collection Set: 0.0ms
[2023-04-10T19:57:18.284+0800][8525.652s] GC(262)   Evacuate Collection Set: 0.7ms
[2023-04-10T19:57:18.284+0800][8525.652s] GC(262)   Post Evacuate Collection Set: 0.7ms
[2023-04-10T19:57:18.284+0800][8525.652s] GC(262)   Other: 0.2ms
[2023-04-10T19:57:18.284+0800][8525.652s] GC(262) Eden regions: 296->0(301)
[2023-04-10T19:57:18.284+0800][8525.652s] GC(262) Survivor regions: 11->6(39)
[2023-04-10T19:57:18.284+0800][8525.652s] GC(262) Old regions: 39->39
[2023-04-10T19:57:18.284+0800][8525.652s] GC(262) Humongous regions: 14->5
[2023-04-10T19:57:18.284+0800][8525.652s] GC(262) Metaspace: 58418K(61008K)->58418K(61008K) NonClass: 51667K(53248K)->51667K(53248K) Class: 6750K(7760K)->6750K(7760K)
[2023-04-10T19:57:18.284+0800][8525.652s] GC(262) Pause Young (Normal) (G1 Evacuation Pause) 358M->49M(512M) 1.711ms
[2023-04-10T19:57:18.284+0800][8525.652s] GC(262) User=0.00s Sys=0.00s Real=0.00s
[2023-04-10T19:57:18.682+0800][8526.050s] GC(263) Pause Young (Normal) (G1 Evacuation Pause)
[2023-04-10T19:57:18.682+0800][8526.050s] GC(263) Using 8 workers of 8 for evacuation
[2023-04-10T19:57:18.684+0800][8526.052s] GC(263)   Pre Evacuate Collection Set: 0.0ms
[2023-04-10T19:57:18.684+0800][8526.052s] GC(263)   Evacuate Collection Set: 1.2ms
[2023-04-10T19:57:18.684+0800][8526.052s] GC(263)   Post Evacuate Collection Set: 0.6ms
[2023-04-10T19:57:18.684+0800][8526.052s] GC(263)   Other: 0.2ms
[2023-04-10T19:57:18.684+0800][8526.052s] GC(263) Eden regions: 301->0(295)
[2023-04-10T19:57:18.684+0800][8526.052s] GC(263) Survivor regions: 6->12(39)
[2023-04-10T19:57:18.684+0800][8526.052s] GC(263) Old regions: 39->39
[2023-04-10T19:57:18.684+0800][8526.052s] GC(263) Humongous regions: 8->7
[2023-04-10T19:57:18.684+0800][8526.052s] GC(263) Metaspace: 58418K(61008K)->58418K(61008K) NonClass: 51667K(53248K)->51667K(53248K) Class: 6750K(7760K)->6750K(7760K)
[2023-04-10T19:57:18.684+0800][8526.052s] GC(263) Pause Young (Normal) (G1 Evacuation Pause) 353M->57M(512M) 2.232ms
[2023-04-10T19:57:18.684+0800][8526.052s] GC(263) User=0.02s Sys=0.00s Real=0.00s
[2023-04-10T19:57:19.180+0800][8526.548s] GC(264) Pause Young (Normal) (G1 Evacuation Pause)
[2023-04-10T19:57:19.180+0800][8526.548s] GC(264) Using 8 workers of 8 for evacuation
[2023-04-10T19:57:19.182+0800][8526.550s] GC(264)   Pre Evacuate Collection Set: 0.0ms
[2023-04-10T19:57:19.182+0800][8526.550s] GC(264)   Evacuate Collection Set: 1.2ms
[2023-04-10T19:57:19.182+0800][8526.550s] GC(264)   Post Evacuate Collection Set: 0.6ms
[2023-04-10T19:57:19.182+0800][8526.550s] GC(264)   Other: 0.2ms
[2023-04-10T19:57:19.182+0800][8526.550s] GC(264) Eden regions: 295->0(296)
[2023-04-10T19:57:19.182+0800][8526.550s] GC(264) Survivor regions: 12->11(39)
[2023-04-10T19:57:19.182+0800][8526.550s] GC(264) Old regions: 39->39
[2023-04-10T19:57:19.182+0800][8526.550s] GC(264) Humongous regions: 25->13
[2023-04-10T19:57:19.182+0800][8526.550s] GC(264) Metaspace: 58421K(61008K)->58421K(61008K) NonClass: 51671K(53248K)->51671K(53248K) Class: 6750K(7760K)->6750K(7760K)
[2023-04-10T19:57:19.182+0800][8526.550s] GC(264) Pause Young (Normal) (G1 Evacuation Pause) 370M->61M(512M) 2.192ms
[2023-04-10T19:57:19.182+0800][8526.550s] GC(264) User=0.00s Sys=0.00s Real=0.00s
[2023-04-10T19:57:19.649+0800][8527.017s] GC(265) Pause Young (Normal) (G1 Evacuation Pause)
[2023-04-10T19:57:19.650+0800][8527.018s] GC(265) Using 8 workers of 8 for evacuation
[2023-04-10T19:57:19.651+0800][8527.019s] GC(265)   Pre Evacuate Collection Set: 0.0ms
[2023-04-10T19:57:19.651+0800][8527.019s] GC(265)   Evacuate Collection Set: 0.7ms
[2023-04-10T19:57:19.651+0800][8527.019s] GC(265)   Post Evacuate Collection Set: 0.5ms
[2023-04-10T19:57:19.651+0800][8527.019s] GC(265)   Other: 0.2ms
[2023-04-10T19:57:19.651+0800][8527.019s] GC(265) Eden regions: 296->0(302)
[2023-04-10T19:57:19.651+0800][8527.019s] GC(265) Survivor regions: 11->5(39)
[2023-04-10T19:57:19.651+0800][8527.019s] GC(265) Old regions: 39->39
[2023-04-10T19:57:19.651+0800][8527.019s] GC(265) Humongous regions: 14->5
[2023-04-10T19:57:19.651+0800][8527.019s] GC(265) Metaspace: 58421K(61008K)->58421K(61008K) NonClass: 51671K(53248K)->51671K(53248K) Class: 6750K(7760K)->6750K(7760K)
[2023-04-10T19:57:19.651+0800][8527.019s] GC(265) Pause Young (Normal) (G1 Evacuation Pause) 358M->48M(512M) 1.659ms
[2023-04-10T19:57:19.651+0800][8527.019s] GC(265) User=0.00s Sys=0.00s Real=0.00s
[2023-04-10T19:57:20.099+0800][8527.467s] GC(266) Pause Young (Normal) (G1 Evacuation Pause)
[2023-04-10T19:57:20.099+0800][8527.467s] GC(266) Using 8 workers of 8 for evacuation
[2023-04-10T19:57:20.101+0800][8527.469s] GC(266)   Pre Evacuate Collection Set: 0.0ms
[2023-04-10T19:57:20.101+0800][8527.469s] GC(266)   Evacuate Collection Set: 1.0ms
[2023-04-10T19:57:20.101+0800][8527.469s] GC(266)   Post Evacuate Collection Set: 0.6ms
[2023-04-10T19:57:20.101+0800][8527.469s] GC(266)   Other: 0.2ms
[2023-04-10T19:57:20.101+0800][8527.469s] GC(266) Eden regions: 302->0(297)
[2023-04-10T19:57:20.101+0800][8527.469s] GC(266) Survivor regions: 5->10(39)
[2023-04-10T19:57:20.101+0800][8527.469s] GC(266) Old regions: 39->39
[2023-04-10T19:57:20.101+0800][8527.469s] GC(266) Humongous regions: 8->7
[2023-04-10T19:57:20.101+0800][8527.469s] GC(266) Metaspace: 58421K(61008K)->58421K(61008K) NonClass: 51671K(53248K)->51671K(53248K) Class: 6750K(7760K)->6750K(7760K)
[2023-04-10T19:57:20.101+0800][8527.469s] GC(266) Pause Young (Normal) (G1 Evacuation Pause) 353M->55M(512M) 2.079ms
[2023-04-10T19:57:20.101+0800][8527.469s] GC(266) User=0.00s Sys=0.00s Real=0.00s
[2023-04-10T19:57:20.692+0800][8528.060s] GC(267) Pause Young (Normal) (G1 Evacuation Pause)
[2023-04-10T19:57:20.692+0800][8528.060s] GC(267) Using 8 workers of 8 for evacuation
[2023-04-10T19:57:20.694+0800][8528.062s] GC(267)   Pre Evacuate Collection Set: 0.0ms
[2023-04-10T19:57:20.694+0800][8528.062s] GC(267)   Evacuate Collection Set: 1.2ms
[2023-04-10T19:57:20.694+0800][8528.062s] GC(267)   Post Evacuate Collection Set: 0.7ms
[2023-04-10T19:57:20.695+0800][8528.062s] GC(267)   Other: 0.2ms
[2023-04-10T19:57:20.695+0800][8528.062s] GC(267) Eden regions: 297->0(297)
[2023-04-10T19:57:20.695+0800][8528.062s] GC(267) Survivor regions: 10->10(39)
[2023-04-10T19:57:20.695+0800][8528.062s] GC(267) Old regions: 39->39
[2023-04-10T19:57:20.695+0800][8528.062s] GC(267) Humongous regions: 25->13
[2023-04-10T19:57:20.695+0800][8528.062s] GC(267) Metaspace: 58421K(61008K)->58421K(61008K) NonClass: 51671K(53248K)->51671K(53248K) Class: 6750K(7760K)->6750K(7760K)
[2023-04-10T19:57:20.695+0800][8528.063s] GC(267) Pause Young (Normal) (G1 Evacuation Pause) 370M->61M(512M) 2.163ms
[2023-04-10T19:57:20.695+0800][8528.063s] GC(267) User=0.00s Sys=0.00s Real=0.00s
[2023-04-10T19:57:21.121+0800][8528.489s] GC(268) Pause Young (Normal) (G1 Evacuation Pause)
[2023-04-10T19:57:21.121+0800][8528.489s] GC(268) Using 8 workers of 8 for evacuation
[2023-04-10T19:57:21.122+0800][8528.490s] GC(268)   Pre Evacuate Collection Set: 0.0ms
[2023-04-10T19:57:21.122+0800][8528.490s] GC(268)   Evacuate Collection Set: 0.4ms
[2023-04-10T19:57:21.122+0800][8528.490s] GC(268)   Post Evacuate Collection Set: 0.4ms
[2023-04-10T19:57:21.122+0800][8528.490s] GC(268)   Other: 0.3ms
[2023-04-10T19:57:21.122+0800][8528.490s] GC(268) Eden regions: 297->0(304)
[2023-04-10T19:57:21.122+0800][8528.490s] GC(268) Survivor regions: 10->3(39)
[2023-04-10T19:57:21.122+0800][8528.490s] GC(268) Old regions: 39->39
[2023-04-10T19:57:21.122+0800][8528.490s] GC(268) Humongous regions: 13->4
[2023-04-10T19:57:21.122+0800][8528.491s] GC(268) Metaspace: 58423K(61008K)->58423K(61008K) NonClass: 51672K(53248K)->51672K(53248K) Class: 6750K(7760K)->6750K(7760K)
[2023-04-10T19:57:21.122+0800][8528.491s] GC(268) Pause Young (Normal) (G1 Evacuation Pause) 358M->44M(512M) 1.284ms
[2023-04-10T19:57:21.122+0800][8528.491s] GC(268) User=0.00s Sys=0.00s Real=0.00s
[2023-04-10T19:57:21.535+0800][8528.903s] GC(269) Pause Young (Normal) (G1 Evacuation Pause)
[2023-04-10T19:57:21.535+0800][8528.903s] GC(269) Using 8 workers of 8 for evacuation
[2023-04-10T19:57:21.536+0800][8528.905s] GC(269)   Pre Evacuate Collection Set: 0.0ms
[2023-04-10T19:57:21.536+0800][8528.905s] GC(269)   Evacuate Collection Set: 0.9ms
[2023-04-10T19:57:21.536+0800][8528.905s] GC(269)   Post Evacuate Collection Set: 0.6ms
[2023-04-10T19:57:21.537+0800][8528.905s] GC(269)   Other: 0.2ms
[2023-04-10T19:57:21.537+0800][8528.905s] GC(269) Eden regions: 304->0(298)
[2023-04-10T19:57:21.537+0800][8528.905s] GC(269) Survivor regions: 3->9(39)
[2023-04-10T19:57:21.537+0800][8528.905s] GC(269) Old regions: 39->39
[2023-04-10T19:57:21.537+0800][8528.905s] GC(269) Humongous regions: 7->6
[2023-04-10T19:57:21.537+0800][8528.905s] GC(269) Metaspace: 58423K(61008K)->58423K(61008K) NonClass: 51672K(53248K)->51672K(53248K) Class: 6750K(7760K)->6750K(7760K)
[2023-04-10T19:57:21.537+0800][8528.905s] GC(269) Pause Young (Normal) (G1 Evacuation Pause) 351M->52M(512M) 1.817ms
[2023-04-10T19:57:21.537+0800][8528.905s] GC(269) User=0.00s Sys=0.00s Real=0.00s
[2023-04-10T19:57:21.938+0800][8529.306s] GC(270) Pause Young (Normal) (G1 Evacuation Pause)
[2023-04-10T19:57:21.938+0800][8529.307s] GC(270) Using 8 workers of 8 for evacuation
[2023-04-10T19:57:21.940+0800][8529.308s] GC(270)   Pre Evacuate Collection Set: 0.0ms
[2023-04-10T19:57:21.940+0800][8529.308s] GC(270)   Evacuate Collection Set: 1.0ms
[2023-04-10T19:57:21.940+0800][8529.308s] GC(270)   Post Evacuate Collection Set: 0.6ms
[2023-04-10T19:57:21.940+0800][8529.308s] GC(270)   Other: 0.2ms
[2023-04-10T19:57:21.940+0800][8529.308s] GC(270) Eden regions: 298->0(297)
[2023-04-10T19:57:21.940+0800][8529.309s] GC(270) Survivor regions: 9->10(39)
[2023-04-10T19:57:21.940+0800][8529.309s] GC(270) Old regions: 39->39
[2023-04-10T19:57:21.940+0800][8529.309s] GC(270) Humongous regions: 20->13
[2023-04-10T19:57:21.940+0800][8529.309s] GC(270) Metaspace: 58423K(61008K)->58423K(61008K) NonClass: 51672K(53248K)->51672K(53248K) Class: 6750K(7760K)->6750K(7760K)
[2023-04-10T19:57:21.940+0800][8529.309s] GC(270) Pause Young (Normal) (G1 Evacuation Pause) 364M->61M(512M) 2.087ms
[2023-04-10T19:57:21.940+0800][8529.309s] GC(270) User=0.00s Sys=0.00s Real=0.00s
[2023-04-10T19:57:22.469+0800][8529.837s] GC(271) Pause Young (Normal) (G1 Evacuation Pause)
[2023-04-10T19:57:22.469+0800][8529.837s] GC(271) Using 8 workers of 8 for evacuation
[2023-04-10T19:57:22.470+0800][8529.838s] GC(271)   Pre Evacuate Collection Set: 0.0ms
[2023-04-10T19:57:22.470+0800][8529.838s] GC(271)   Evacuate Collection Set: 0.3ms
[2023-04-10T19:57:22.470+0800][8529.838s] GC(271)   Post Evacuate Collection Set: 0.5ms
[2023-04-10T19:57:22.470+0800][8529.838s] GC(271)   Other: 0.2ms
[2023-04-10T19:57:22.470+0800][8529.838s] GC(271) Eden regions: 297->0(306)
[2023-04-10T19:57:22.470+0800][8529.838s] GC(271) Survivor regions: 10->1(39)
[2023-04-10T19:57:22.470+0800][8529.838s] GC(271) Old regions: 39->39
[2023-04-10T19:57:22.470+0800][8529.838s] GC(271) Humongous regions: 18->4
[2023-04-10T19:57:22.470+0800][8529.838s] GC(271) Metaspace: 58427K(61008K)->58427K(61008K) NonClass: 51676K(53248K)->51676K(53248K) Class: 6750K(7760K)->6750K(7760K)
[2023-04-10T19:57:22.470+0800][8529.838s] GC(271) Pause Young (Normal) (G1 Evacuation Pause) 363M->43M(512M) 1.096ms
[2023-04-10T19:57:22.470+0800][8529.838s] GC(271) User=0.00s Sys=0.00s Real=0.00s
[2023-04-10T19:57:22.931+0800][8530.300s] GC(272) Pause Young (Normal) (G1 Evacuation Pause)
[2023-04-10T19:57:22.932+0800][8530.300s] GC(272) Using 8 workers of 8 for evacuation
[2023-04-10T19:57:22.933+0800][8530.301s] GC(272)   Pre Evacuate Collection Set: 0.0ms
[2023-04-10T19:57:22.933+0800][8530.301s] GC(272)   Evacuate Collection Set: 0.9ms
[2023-04-10T19:57:22.933+0800][8530.302s] GC(272)   Post Evacuate Collection Set: 0.5ms
[2023-04-10T19:57:22.933+0800][8530.302s] GC(272)   Other: 0.2ms
[2023-04-10T19:57:22.933+0800][8530.302s] GC(272) Eden regions: 306->0(300)
[2023-04-10T19:57:22.933+0800][8530.302s] GC(272) Survivor regions: 1->7(39)
[2023-04-10T19:57:22.933+0800][8530.302s] GC(272) Old regions: 39->39
[2023-04-10T19:57:22.933+0800][8530.302s] GC(272) Humongous regions: 7->6
[2023-04-10T19:57:22.933+0800][8530.302s] GC(272) Metaspace: 58427K(61008K)->58427K(61008K) NonClass: 51676K(53248K)->51676K(53248K) Class: 6750K(7760K)->6750K(7760K)
[2023-04-10T19:57:22.933+0800][8530.302s] GC(272) Pause Young (Normal) (G1 Evacuation Pause) 352M->51M(512M) 1.940ms
[2023-04-10T19:57:22.933+0800][8530.302s] GC(272) User=0.09s Sys=0.00s Real=0.00s
[2023-04-10T19:57:23.372+0800][8530.740s] GC(273) Pause Young (Normal) (G1 Evacuation Pause)
[2023-04-10T19:57:23.372+0800][8530.740s] GC(273) Using 8 workers of 8 for evacuation
[2023-04-10T19:57:23.373+0800][8530.742s] GC(273)   Pre Evacuate Collection Set: 0.0ms
[2023-04-10T19:57:23.373+0800][8530.742s] GC(273)   Evacuate Collection Set: 1.0ms
[2023-04-10T19:57:23.373+0800][8530.742s] GC(273)   Post Evacuate Collection Set: 0.6ms
[2023-04-10T19:57:23.373+0800][8530.742s] GC(273)   Other: 0.2ms
[2023-04-10T19:57:23.373+0800][8530.742s] GC(273) Eden regions: 300->0(298)
[2023-04-10T19:57:23.373+0800][8530.742s] GC(273) Survivor regions: 7->9(39)
[2023-04-10T19:57:23.373+0800][8530.742s] GC(273) Old regions: 39->39
[2023-04-10T19:57:23.373+0800][8530.742s] GC(273) Humongous regions: 12->12
[2023-04-10T19:57:23.373+0800][8530.742s] GC(273) Metaspace: 58427K(61008K)->58427K(61008K) NonClass: 51676K(53248K)->51676K(53248K) Class: 6750K(7760K)->6750K(7760K)
[2023-04-10T19:57:23.373+0800][8530.742s] GC(273) Pause Young (Normal) (G1 Evacuation Pause) 357M->59M(512M) 1.913ms
[2023-04-10T19:57:23.373+0800][8530.742s] GC(273) User=0.00s Sys=0.00s Real=0.00s
[2023-04-10T19:57:23.890+0800][8531.258s] GC(274) Pause Young (Normal) (G1 Evacuation Pause)
[2023-04-10T19:57:23.890+0800][8531.258s] GC(274) Using 8 workers of 8 for evacuation
[2023-04-10T19:57:23.892+0800][8531.260s] GC(274)   Pre Evacuate Collection Set: 0.0ms
[2023-04-10T19:57:23.892+0800][8531.260s] GC(274)   Evacuate Collection Set: 1.1ms
[2023-04-10T19:57:23.892+0800][8531.260s] GC(274)   Post Evacuate Collection Set: 0.6ms
[2023-04-10T19:57:23.892+0800][8531.260s] GC(274)   Other: 0.2ms
[2023-04-10T19:57:23.892+0800][8531.260s] GC(274) Eden regions: 298->0(296)
[2023-04-10T19:57:23.892+0800][8531.260s] GC(274) Survivor regions: 9->11(39)
[2023-04-10T19:57:23.892+0800][8531.260s] GC(274) Old regions: 39->39
[2023-04-10T19:57:23.892+0800][8531.260s] GC(274) Humongous regions: 25->13
[2023-04-10T19:57:23.892+0800][8531.260s] GC(274) Metaspace: 58427K(61008K)->58427K(61008K) NonClass: 51676K(53248K)->51676K(53248K) Class: 6750K(7760K)->6750K(7760K)
[2023-04-10T19:57:23.892+0800][8531.260s] GC(274) Pause Young (Normal) (G1 Evacuation Pause) 370M->62M(512M) 1.990ms
[2023-04-10T19:57:23.892+0800][8531.260s] GC(274) User=0.00s Sys=0.00s Real=0.00s
[2023-04-10T19:57:24.419+0800][8531.787s] GC(275) Pause Young (Normal) (G1 Evacuation Pause)
[2023-04-10T19:57:24.419+0800][8531.787s] GC(275) Using 8 workers of 8 for evacuation
[2023-04-10T19:57:24.421+0800][8531.788s] GC(275)   Pre Evacuate Collection Set: 0.0ms
[2023-04-10T19:57:24.421+0800][8531.788s] GC(275)   Evacuate Collection Set: 0.6ms
[2023-04-10T19:57:24.421+0800][8531.788s] GC(275)   Post Evacuate Collection Set: 0.5ms
[2023-04-10T19:57:24.421+0800][8531.788s] GC(275)   Other: 0.2ms
[2023-04-10T19:57:24.421+0800][8531.789s] GC(275) Eden regions: 296->0(302)
[2023-04-10T19:57:24.421+0800][8531.789s] GC(275) Survivor regions: 11->5(39)
[2023-04-10T19:57:24.421+0800][8531.789s] GC(275) Old regions: 39->39
[2023-04-10T19:57:24.421+0800][8531.789s] GC(275) Humongous regions: 14->5
[2023-04-10T19:57:24.421+0800][8531.789s] GC(275) Metaspace: 58429K(61008K)->58429K(61008K) NonClass: 51678K(53248K)->51678K(53248K) Class: 6750K(7760K)->6750K(7760K)
[2023-04-10T19:57:24.421+0800][8531.789s] GC(275) Pause Young (Normal) (G1 Evacuation Pause) 359M->48M(512M) 1.517ms
[2023-04-10T19:57:24.421+0800][8531.789s] GC(275) User=0.00s Sys=0.00s Real=0.00s
[2023-04-10T19:57:24.843+0800][8532.211s] GC(276) Pause Young (Normal) (G1 Evacuation Pause)
[2023-04-10T19:57:24.843+0800][8532.211s] GC(276) Using 8 workers of 8 for evacuation
[2023-04-10T19:57:24.845+0800][8532.213s] GC(276)   Pre Evacuate Collection Set: 0.0ms
[2023-04-10T19:57:24.845+0800][8532.213s] GC(276)   Evacuate Collection Set: 1.0ms
[2023-04-10T19:57:24.845+0800][8532.213s] GC(276)   Post Evacuate Collection Set: 0.6ms
[2023-04-10T19:57:24.845+0800][8532.213s] GC(276)   Other: 0.2ms
[2023-04-10T19:57:24.845+0800][8532.213s] GC(276) Eden regions: 302->0(297)
[2023-04-10T19:57:24.845+0800][8532.213s] GC(276) Survivor regions: 5->10(39)
[2023-04-10T19:57:24.845+0800][8532.213s] GC(276) Old regions: 39->39
[2023-04-10T19:57:24.845+0800][8532.213s] GC(276) Humongous regions: 8->7
[2023-04-10T19:57:24.845+0800][8532.213s] GC(276) Metaspace: 58429K(61008K)->58429K(61008K) NonClass: 51678K(53248K)->51678K(53248K) Class: 6750K(7760K)->6750K(7760K)
[2023-04-10T19:57:24.845+0800][8532.213s] GC(276) Pause Young (Normal) (G1 Evacuation Pause) 353M->55M(512M) 1.995ms
[2023-04-10T19:57:24.845+0800][8532.213s] GC(276) User=0.00s Sys=0.00s Real=0.00s
[2023-04-10T19:57:25.488+0800][8532.856s] GC(277) Pause Young (Normal) (G1 Evacuation Pause)
[2023-04-10T19:57:25.488+0800][8532.856s] GC(277) Using 8 workers of 8 for evacuation
[2023-04-10T19:57:25.490+0800][8532.858s] GC(277)   Pre Evacuate Collection Set: 0.0ms
[2023-04-10T19:57:25.490+0800][8532.858s] GC(277)   Evacuate Collection Set: 1.2ms
[2023-04-10T19:57:25.490+0800][8532.858s] GC(277)   Post Evacuate Collection Set: 0.5ms
[2023-04-10T19:57:25.490+0800][8532.858s] GC(277)   Other: 0.2ms
[2023-04-10T19:57:25.490+0800][8532.858s] GC(277) Eden regions: 297->0(297)
[2023-04-10T19:57:25.490+0800][8532.858s] GC(277) Survivor regions: 10->10(39)
[2023-04-10T19:57:25.490+0800][8532.858s] GC(277) Old regions: 39->39
[2023-04-10T19:57:25.490+0800][8532.858s] GC(277) Humongous regions: 25->13
[2023-04-10T19:57:25.490+0800][8532.858s] GC(277) Metaspace: 58429K(61008K)->58429K(61008K) NonClass: 51679K(53248K)->51679K(53248K) Class: 6750K(7760K)->6750K(7760K)
[2023-04-10T19:57:25.490+0800][8532.858s] GC(277) Pause Young (Normal) (G1 Evacuation Pause) 370M->61M(512M) 2.086ms
[2023-04-10T19:57:25.490+0800][8532.858s] GC(277) User=0.00s Sys=0.00s Real=0.00s
[2023-04-10T19:57:25.877+0800][8533.245s] GC(278) Pause Young (Normal) (G1 Evacuation Pause)
[2023-04-10T19:57:25.877+0800][8533.245s] GC(278) Using 8 workers of 8 for evacuation
[2023-04-10T19:57:25.878+0800][8533.246s] GC(278)   Pre Evacuate Collection Set: 0.0ms
[2023-04-10T19:57:25.878+0800][8533.246s] GC(278)   Evacuate Collection Set: 0.6ms
[2023-04-10T19:57:25.878+0800][8533.246s] GC(278)   Post Evacuate Collection Set: 0.6ms
[2023-04-10T19:57:25.878+0800][8533.246s] GC(278)   Other: 0.1ms
[2023-04-10T19:57:25.878+0800][8533.246s] GC(278) Eden regions: 297->0(304)
[2023-04-10T19:57:25.878+0800][8533.246s] GC(278) Survivor regions: 10->3(39)
[2023-04-10T19:57:25.878+0800][8533.246s] GC(278) Old regions: 39->39
[2023-04-10T19:57:25.878+0800][8533.246s] GC(278) Humongous regions: 13->4
[2023-04-10T19:57:25.878+0800][8533.246s] GC(278) Metaspace: 58436K(61008K)->58436K(61008K) NonClass: 51685K(53248K)->51685K(53248K) Class: 6750K(7760K)->6750K(7760K)
[2023-04-10T19:57:25.878+0800][8533.246s] GC(278) Pause Young (Normal) (G1 Evacuation Pause) 358M->45M(512M) 1.451ms
[2023-04-10T19:57:25.878+0800][8533.246s] GC(278) User=0.00s Sys=0.00s Real=0.00s
[2023-04-10T19:57:26.070+0800][8533.438s] GC(279) Pause Young (Normal) (G1 Evacuation Pause)
[2023-04-10T19:57:26.070+0800][8533.438s] GC(279) Using 8 workers of 8 for evacuation
[2023-04-10T19:57:26.072+0800][8533.439s] GC(279)   Pre Evacuate Collection Set: 0.0ms
[2023-04-10T19:57:26.072+0800][8533.439s] GC(279)   Evacuate Collection Set: 0.8ms
[2023-04-10T19:57:26.072+0800][8533.439s] GC(279)   Post Evacuate Collection Set: 0.4ms
[2023-04-10T19:57:26.072+0800][8533.440s] GC(279)   Other: 0.3ms
[2023-04-10T19:57:26.072+0800][8533.440s] GC(279) Eden regions: 304->0(301)
[2023-04-10T19:57:26.072+0800][8533.440s] GC(279) Survivor regions: 3->6(39)
[2023-04-10T19:57:26.072+0800][8533.440s] GC(279) Old regions: 39->39
[2023-04-10T19:57:26.072+0800][8533.440s] GC(279) Humongous regions: 5->5
[2023-04-10T19:57:26.072+0800][8533.440s] GC(279) Metaspace: 58436K(61008K)->58436K(61008K) NonClass: 51685K(53248K)->51685K(53248K) Class: 6750K(7760K)->6750K(7760K)
[2023-04-10T19:57:26.072+0800][8533.440s] GC(279) Pause Young (Normal) (G1 Evacuation Pause) 350M->49M(512M) 1.925ms
[2023-04-10T19:57:26.072+0800][8533.440s] GC(279) User=0.00s Sys=0.00s Real=0.00s
[2023-04-10T19:57:26.294+0800][8533.662s] GC(280) Pause Young (Normal) (G1 Evacuation Pause)
[2023-04-10T19:57:26.294+0800][8533.662s] GC(280) Using 8 workers of 8 for evacuation
[2023-04-10T19:57:26.296+0800][8533.664s] GC(280)   Pre Evacuate Collection Set: 0.0ms
[2023-04-10T19:57:26.296+0800][8533.664s] GC(280)   Evacuate Collection Set: 1.0ms
[2023-04-10T19:57:26.296+0800][8533.664s] GC(280)   Post Evacuate Collection Set: 0.5ms
[2023-04-10T19:57:26.296+0800][8533.664s] GC(280)   Other: 0.1ms
[2023-04-10T19:57:26.296+0800][8533.664s] GC(280) Eden regions: 301->0(299)
[2023-04-10T19:57:26.296+0800][8533.664s] GC(280) Survivor regions: 6->8(39)
[2023-04-10T19:57:26.296+0800][8533.664s] GC(280) Old regions: 39->39
[2023-04-10T19:57:26.296+0800][8533.664s] GC(280) Humongous regions: 7->6
[2023-04-10T19:57:26.296+0800][8533.664s] GC(280) Metaspace: 58436K(61008K)->58436K(61008K) NonClass: 51685K(53248K)->51685K(53248K) Class: 6750K(7760K)->6750K(7760K)
[2023-04-10T19:57:26.296+0800][8533.664s] GC(280) Pause Young (Normal) (G1 Evacuation Pause) 352M->52M(512M) 1.795ms
[2023-04-10T19:57:26.296+0800][8533.664s] GC(280) User=0.00s Sys=0.00s Real=0.00s
[2023-04-10T19:57:26.515+0800][8533.883s] GC(281) Pause Young (Normal) (G1 Evacuation Pause)
[2023-04-10T19:57:26.515+0800][8533.883s] GC(281) Using 8 workers of 8 for evacuation
[2023-04-10T19:57:26.517+0800][8533.885s] GC(281)   Pre Evacuate Collection Set: 0.0ms
[2023-04-10T19:57:26.517+0800][8533.885s] GC(281)   Evacuate Collection Set: 1.2ms
[2023-04-10T19:57:26.517+0800][8533.885s] GC(281)   Post Evacuate Collection Set: 0.5ms
[2023-04-10T19:57:26.517+0800][8533.885s] GC(281)   Other: 0.2ms
[2023-04-10T19:57:26.517+0800][8533.885s] GC(281) Eden regions: 299->0(296)
[2023-04-10T19:57:26.517+0800][8533.885s] GC(281) Survivor regions: 8->11(39)
[2023-04-10T19:57:26.517+0800][8533.885s] GC(281) Old regions: 39->39
[2023-04-10T19:57:26.517+0800][8533.885s] GC(281) Humongous regions: 6->6
[2023-04-10T19:57:26.517+0800][8533.885s] GC(281) Metaspace: 58436K(61008K)->58436K(61008K) NonClass: 51685K(53248K)->51685K(53248K) Class: 6750K(7760K)->6750K(7760K)
[2023-04-10T19:57:26.517+0800][8533.885s] GC(281) Pause Young (Normal) (G1 Evacuation Pause) 351M->55M(512M) 2.119ms
[2023-04-10T19:57:26.517+0800][8533.885s] GC(281) User=0.00s Sys=0.00s Real=0.00s
[2023-04-10T19:57:26.790+0800][8534.158s] GC(282) Pause Young (Normal) (G1 Evacuation Pause)
[2023-04-10T19:57:26.790+0800][8534.158s] GC(282) Using 8 workers of 8 for evacuation
[2023-04-10T19:57:26.792+0800][8534.160s] GC(282)   Pre Evacuate Collection Set: 0.0ms
[2023-04-10T19:57:26.792+0800][8534.160s] GC(282)   Evacuate Collection Set: 1.2ms
[2023-04-10T19:57:26.792+0800][8534.160s] GC(282)   Post Evacuate Collection Set: 0.5ms
[2023-04-10T19:57:26.792+0800][8534.160s] GC(282)   Other: 0.2ms
[2023-04-10T19:57:26.792+0800][8534.160s] GC(282) Eden regions: 296->0(296)
[2023-04-10T19:57:26.792+0800][8534.160s] GC(282) Survivor regions: 11->11(39)
[2023-04-10T19:57:26.792+0800][8534.160s] GC(282) Old regions: 39->39
[2023-04-10T19:57:26.792+0800][8534.160s] GC(282) Humongous regions: 15->13
[2023-04-10T19:57:26.792+0800][8534.160s] GC(282) Metaspace: 58436K(61008K)->58436K(61008K) NonClass: 51685K(53248K)->51685K(53248K) Class: 6750K(7760K)->6750K(7760K)
[2023-04-10T19:57:26.792+0800][8534.160s] GC(282) Pause Young (Normal) (G1 Evacuation Pause) 360M->61M(512M) 2.172ms
[2023-04-10T19:57:26.792+0800][8534.160s] GC(282) User=0.00s Sys=0.00s Real=0.00s
[2023-04-10T19:57:27.134+0800][8534.502s] GC(283) Pause Young (Normal) (G1 Evacuation Pause)
[2023-04-10T19:57:27.134+0800][8534.502s] GC(283) Using 8 workers of 8 for evacuation
[2023-04-10T19:57:27.137+0800][8534.505s] GC(283)   Pre Evacuate Collection Set: 0.0ms
[2023-04-10T19:57:27.137+0800][8534.505s] GC(283)   Evacuate Collection Set: 1.6ms
[2023-04-10T19:57:27.137+0800][8534.505s] GC(283)   Post Evacuate Collection Set: 0.6ms
[2023-04-10T19:57:27.137+0800][8534.505s] GC(283)   Other: 0.2ms
[2023-04-10T19:57:27.137+0800][8534.505s] GC(283) Eden regions: 296->0(296)
[2023-04-10T19:57:27.137+0800][8534.505s] GC(283) Survivor regions: 11->11(39)
[2023-04-10T19:57:27.137+0800][8534.505s] GC(283) Old regions: 39->39
[2023-04-10T19:57:27.137+0800][8534.505s] GC(283) Humongous regions: 23->13
[2023-04-10T19:57:27.137+0800][8534.505s] GC(283) Metaspace: 58439K(61008K)->58439K(61008K) NonClass: 51689K(53248K)->51689K(53248K) Class: 6750K(7760K)->6750K(7760K)
[2023-04-10T19:57:27.137+0800][8534.505s] GC(283) Pause Young (Normal) (G1 Evacuation Pause) 367M->62M(512M) 2.616ms
[2023-04-10T19:57:27.137+0800][8534.505s] GC(283) User=0.02s Sys=0.00s Real=0.00s
[2023-04-10T19:57:27.395+0800][8534.764s] GC(284) Pause Young (Normal) (G1 Evacuation Pause)
[2023-04-10T19:57:27.395+0800][8534.764s] GC(284) Using 8 workers of 8 for evacuation
[2023-04-10T19:57:27.397+0800][8534.766s] GC(284)   Pre Evacuate Collection Set: 0.0ms
[2023-04-10T19:57:27.397+0800][8534.766s] GC(284)   Evacuate Collection Set: 1.3ms
[2023-04-10T19:57:27.397+0800][8534.766s] GC(284)   Post Evacuate Collection Set: 0.5ms
[2023-04-10T19:57:27.397+0800][8534.766s] GC(284)   Other: 0.2ms
[2023-04-10T19:57:27.397+0800][8534.766s] GC(284) Eden regions: 296->0(295)
[2023-04-10T19:57:27.397+0800][8534.766s] GC(284) Survivor regions: 11->12(39)
[2023-04-10T19:57:27.397+0800][8534.766s] GC(284) Old regions: 39->39
[2023-04-10T19:57:27.397+0800][8534.766s] GC(284) Humongous regions: 13->13
[2023-04-10T19:57:27.398+0800][8534.766s] GC(284) Metaspace: 58440K(61008K)->58440K(61008K) NonClass: 51690K(53248K)->51690K(53248K) Class: 6750K(7760K)->6750K(7760K)
[2023-04-10T19:57:27.398+0800][8534.766s] GC(284) Pause Young (Normal) (G1 Evacuation Pause) 358M->63M(512M) 2.174ms
[2023-04-10T19:57:27.398+0800][8534.766s] GC(284) User=0.00s Sys=0.00s Real=0.00s
[2023-04-10T19:57:27.683+0800][8535.051s] GC(285) Pause Young (Normal) (G1 Evacuation Pause)
[2023-04-10T19:57:27.683+0800][8535.051s] GC(285) Using 8 workers of 8 for evacuation
[2023-04-10T19:57:27.685+0800][8535.052s] GC(285)   Pre Evacuate Collection Set: 0.0ms
[2023-04-10T19:57:27.685+0800][8535.052s] GC(285)   Evacuate Collection Set: 0.8ms
[2023-04-10T19:57:27.685+0800][8535.052s] GC(285)   Post Evacuate Collection Set: 0.5ms
[2023-04-10T19:57:27.685+0800][8535.052s] GC(285)   Other: 0.2ms
[2023-04-10T19:57:27.685+0800][8535.053s] GC(285) Eden regions: 295->0(302)
[2023-04-10T19:57:27.685+0800][8535.053s] GC(285) Survivor regions: 12->5(39)
[2023-04-10T19:57:27.685+0800][8535.053s] GC(285) Old regions: 39->39
[2023-04-10T19:57:27.685+0800][8535.053s] GC(285) Humongous regions: 13->4
[2023-04-10T19:57:27.685+0800][8535.053s] GC(285) Metaspace: 58443K(61008K)->58443K(61008K) NonClass: 51693K(53248K)->51693K(53248K) Class: 6750K(7760K)->6750K(7760K)
[2023-04-10T19:57:27.685+0800][8535.053s] GC(285) Pause Young (Normal) (G1 Evacuation Pause) 358M->47M(512M) 1.670ms
[2023-04-10T19:57:27.685+0800][8535.053s] GC(285) User=0.11s Sys=0.00s Real=0.00s
[2023-04-10T19:57:28.004+0800][8535.372s] GC(286) Pause Young (Normal) (G1 Evacuation Pause)
[2023-04-10T19:57:28.004+0800][8535.372s] GC(286) Using 8 workers of 8 for evacuation
[2023-04-10T19:57:28.005+0800][8535.373s] GC(286)   Pre Evacuate Collection Set: 0.0ms
[2023-04-10T19:57:28.006+0800][8535.373s] GC(286)   Evacuate Collection Set: 1.0ms
[2023-04-10T19:57:28.006+0800][8535.373s] GC(286)   Post Evacuate Collection Set: 0.5ms
[2023-04-10T19:57:28.006+0800][8535.373s] GC(286)   Other: 0.2ms
[2023-04-10T19:57:28.006+0800][8535.373s] GC(286) Eden regions: 302->0(299)
[2023-04-10T19:57:28.006+0800][8535.373s] GC(286) Survivor regions: 5->8(39)
[2023-04-10T19:57:28.006+0800][8535.373s] GC(286) Old regions: 39->39
[2023-04-10T19:57:28.006+0800][8535.373s] GC(286) Humongous regions: 7->6
[2023-04-10T19:57:28.006+0800][8535.373s] GC(286) Metaspace: 58443K(61008K)->58443K(61008K) NonClass: 51693K(53248K)->51693K(53248K) Class: 6750K(7760K)->6750K(7760K)
[2023-04-10T19:57:28.006+0800][8535.374s] GC(286) Pause Young (Normal) (G1 Evacuation Pause) 352M->52M(512M) 1.877ms
[2023-04-10T19:57:28.006+0800][8535.374s] GC(286) User=0.00s Sys=0.00s Real=0.00s
[2023-04-10T19:57:28.328+0800][8535.697s] GC(287) Pause Young (Normal) (G1 Evacuation Pause)
[2023-04-10T19:57:28.328+0800][8535.697s] GC(287) Using 8 workers of 8 for evacuation
[2023-04-10T19:57:28.330+0800][8535.699s] GC(287)   Pre Evacuate Collection Set: 0.0ms
[2023-04-10T19:57:28.330+0800][8535.699s] GC(287)   Evacuate Collection Set: 1.2ms
[2023-04-10T19:57:28.330+0800][8535.699s] GC(287)   Post Evacuate Collection Set: 0.4ms
[2023-04-10T19:57:28.330+0800][8535.699s] GC(287)   Other: 0.2ms
[2023-04-10T19:57:28.330+0800][8535.699s] GC(287) Eden regions: 299->0(296)
[2023-04-10T19:57:28.330+0800][8535.699s] GC(287) Survivor regions: 8->11(39)
[2023-04-10T19:57:28.330+0800][8535.699s] GC(287) Old regions: 39->39
[2023-04-10T19:57:28.330+0800][8535.699s] GC(287) Humongous regions: 7->7
[2023-04-10T19:57:28.330+0800][8535.699s] GC(287) Metaspace: 58443K(61008K)->58443K(61008K) NonClass: 51693K(53248K)->51693K(53248K) Class: 6750K(7760K)->6750K(7760K)
[2023-04-10T19:57:28.330+0800][8535.699s] GC(287) Pause Young (Normal) (G1 Evacuation Pause) 352M->56M(512M) 1.989ms
[2023-04-10T19:57:28.330+0800][8535.699s] GC(287) User=0.00s Sys=0.00s Real=0.00s
[2023-04-10T19:57:28.593+0800][8535.962s] GC(288) Pause Young (Normal) (G1 Evacuation Pause)
[2023-04-10T19:57:28.593+0800][8535.962s] GC(288) Using 8 workers of 8 for evacuation
[2023-04-10T19:57:28.595+0800][8535.964s] GC(288)   Pre Evacuate Collection Set: 0.0ms
[2023-04-10T19:57:28.595+0800][8535.964s] GC(288)   Evacuate Collection Set: 1.2ms
[2023-04-10T19:57:28.595+0800][8535.964s] GC(288)   Post Evacuate Collection Set: 0.5ms
[2023-04-10T19:57:28.595+0800][8535.964s] GC(288)   Other: 0.2ms
[2023-04-10T19:57:28.595+0800][8535.964s] GC(288) Eden regions: 296->0(296)
[2023-04-10T19:57:28.595+0800][8535.964s] GC(288) Survivor regions: 11->11(39)
[2023-04-10T19:57:28.595+0800][8535.964s] GC(288) Old regions: 39->39
[2023-04-10T19:57:28.595+0800][8535.964s] GC(288) Humongous regions: 20->13
[2023-04-10T19:57:28.595+0800][8535.964s] GC(288) Metaspace: 58443K(61008K)->58443K(61008K) NonClass: 51693K(53248K)->51693K(53248K) Class: 6750K(7760K)->6750K(7760K)
[2023-04-10T19:57:28.595+0800][8535.964s] GC(288) Pause Young (Normal) (G1 Evacuation Pause) 365M->62M(512M) 2.108ms
[2023-04-10T19:57:28.595+0800][8535.964s] GC(288) User=0.00s Sys=0.00s Real=0.00s
[2023-04-10T19:57:29.045+0800][8536.413s] GC(289) Pause Young (Normal) (G1 Evacuation Pause)
[2023-04-10T19:57:29.045+0800][8536.413s] GC(289) Using 8 workers of 8 for evacuation
[2023-04-10T19:57:29.047+0800][8536.415s] GC(289)   Pre Evacuate Collection Set: 0.0ms
[2023-04-10T19:57:29.047+0800][8536.415s] GC(289)   Evacuate Collection Set: 1.7ms
[2023-04-10T19:57:29.047+0800][8536.415s] GC(289)   Post Evacuate Collection Set: 0.5ms
[2023-04-10T19:57:29.047+0800][8536.415s] GC(289)   Other: 0.2ms
[2023-04-10T19:57:29.047+0800][8536.415s] GC(289) Eden regions: 296->0(296)
[2023-04-10T19:57:29.047+0800][8536.415s] GC(289) Survivor regions: 11->11(39)
[2023-04-10T19:57:29.047+0800][8536.415s] GC(289) Old regions: 39->39
[2023-04-10T19:57:29.048+0800][8536.415s] GC(289) Humongous regions: 18->13
[2023-04-10T19:57:29.048+0800][8536.415s] GC(289) Metaspace: 58444K(61008K)->58444K(61008K) NonClass: 51693K(53248K)->51693K(53248K) Class: 6750K(7760K)->6750K(7760K)
[2023-04-10T19:57:29.048+0800][8536.415s] GC(289) Pause Young (Normal) (G1 Evacuation Pause) 363M->62M(512M) 2.649ms
[2023-04-10T19:57:29.048+0800][8536.415s] GC(289) User=0.00s Sys=0.00s Real=0.00s
[2023-04-10T19:57:29.470+0800][8536.838s] GC(290) Pause Young (Normal) (G1 Evacuation Pause)
[2023-04-10T19:57:29.470+0800][8536.838s] GC(290) Using 8 workers of 8 for evacuation
[2023-04-10T19:57:29.471+0800][8536.839s] GC(290)   Pre Evacuate Collection Set: 0.0ms
[2023-04-10T19:57:29.471+0800][8536.839s] GC(290)   Evacuate Collection Set: 0.6ms
[2023-04-10T19:57:29.471+0800][8536.839s] GC(290)   Post Evacuate Collection Set: 0.6ms
[2023-04-10T19:57:29.471+0800][8536.839s] GC(290)   Other: 0.2ms
[2023-04-10T19:57:29.471+0800][8536.839s] GC(290) Eden regions: 296->0(303)
[2023-04-10T19:57:29.471+0800][8536.839s] GC(290) Survivor regions: 11->4(39)
[2023-04-10T19:57:29.471+0800][8536.839s] GC(290) Old regions: 39->39
[2023-04-10T19:57:29.471+0800][8536.839s] GC(290) Humongous regions: 13->4
[2023-04-10T19:57:29.472+0800][8536.839s] GC(290) Metaspace: 58446K(61008K)->58446K(61008K) NonClass: 51696K(53248K)->51696K(53248K) Class: 6750K(7760K)->6750K(7760K)
[2023-04-10T19:57:29.472+0800][8536.839s] GC(290) Pause Young (Normal) (G1 Evacuation Pause) 358M->46M(512M) 1.612ms
[2023-04-10T19:57:29.472+0800][8536.839s] GC(290) User=0.00s Sys=0.00s Real=0.00s
[2023-04-10T19:57:29.926+0800][8537.294s] GC(291) Pause Young (Normal) (G1 Evacuation Pause)
[2023-04-10T19:57:29.926+0800][8537.294s] GC(291) Using 8 workers of 8 for evacuation
[2023-04-10T19:57:29.928+0800][8537.296s] GC(291)   Pre Evacuate Collection Set: 0.0ms
[2023-04-10T19:57:29.928+0800][8537.296s] GC(291)   Evacuate Collection Set: 1.0ms
[2023-04-10T19:57:29.928+0800][8537.296s] GC(291)   Post Evacuate Collection Set: 0.4ms
[2023-04-10T19:57:29.928+0800][8537.296s] GC(291)   Other: 0.2ms
[2023-04-10T19:57:29.928+0800][8537.296s] GC(291) Eden regions: 303->0(298)
[2023-04-10T19:57:29.928+0800][8537.296s] GC(291) Survivor regions: 4->9(39)
[2023-04-10T19:57:29.928+0800][8537.296s] GC(291) Old regions: 39->39
[2023-04-10T19:57:29.928+0800][8537.296s] GC(291) Humongous regions: 7->6
[2023-04-10T19:57:29.928+0800][8537.296s] GC(291) Metaspace: 58446K(61008K)->58446K(61008K) NonClass: 51696K(53248K)->51696K(53248K) Class: 6750K(7760K)->6750K(7760K)
[2023-04-10T19:57:29.928+0800][8537.296s] GC(291) Pause Young (Normal) (G1 Evacuation Pause) 352M->53M(512M) 1.806ms
[2023-04-10T19:57:29.928+0800][8537.296s] GC(291) User=0.00s Sys=0.00s Real=0.00s
[2023-04-10T19:57:30.396+0800][8537.764s] GC(292) Pause Young (Normal) (G1 Evacuation Pause)
[2023-04-10T19:57:30.396+0800][8537.764s] GC(292) Using 8 workers of 8 for evacuation
[2023-04-10T19:57:30.398+0800][8537.766s] GC(292)   Pre Evacuate Collection Set: 0.0ms
[2023-04-10T19:57:30.398+0800][8537.766s] GC(292)   Evacuate Collection Set: 1.1ms
[2023-04-10T19:57:30.398+0800][8537.766s] GC(292)   Post Evacuate Collection Set: 0.5ms
[2023-04-10T19:57:30.398+0800][8537.766s] GC(292)   Other: 0.1ms
[2023-04-10T19:57:30.398+0800][8537.766s] GC(292) Eden regions: 298->0(297)
[2023-04-10T19:57:30.398+0800][8537.766s] GC(292) Survivor regions: 9->10(39)
[2023-04-10T19:57:30.398+0800][8537.766s] GC(292) Old regions: 39->39
[2023-04-10T19:57:30.398+0800][8537.766s] GC(292) Humongous regions: 21->13
[2023-04-10T19:57:30.398+0800][8537.766s] GC(292) Metaspace: 58449K(61008K)->58449K(61008K) NonClass: 51698K(53248K)->51698K(53248K) Class: 6750K(7760K)->6750K(7760K)
[2023-04-10T19:57:30.398+0800][8537.766s] GC(292) Pause Young (Normal) (G1 Evacuation Pause) 366M->61M(512M) 1.944ms
[2023-04-10T19:57:30.398+0800][8537.766s] GC(292) User=0.00s Sys=0.00s Real=0.00s
[2023-04-10T19:57:30.945+0800][8538.313s] GC(293) Pause Young (Normal) (G1 Evacuation Pause)
[2023-04-10T19:57:30.945+0800][8538.313s] GC(293) Using 8 workers of 8 for evacuation
[2023-04-10T19:57:30.946+0800][8538.314s] GC(293)   Pre Evacuate Collection Set: 0.0ms
[2023-04-10T19:57:30.946+0800][8538.314s] GC(293)   Evacuate Collection Set: 0.3ms
[2023-04-10T19:57:30.946+0800][8538.314s] GC(293)   Post Evacuate Collection Set: 0.5ms
[2023-04-10T19:57:30.946+0800][8538.314s] GC(293)   Other: 0.1ms
[2023-04-10T19:57:30.946+0800][8538.314s] GC(293) Eden regions: 297->0(306)
[2023-04-10T19:57:30.946+0800][8538.314s] GC(293) Survivor regions: 10->1(39)
[2023-04-10T19:57:30.946+0800][8538.314s] GC(293) Old regions: 39->39
[2023-04-10T19:57:30.946+0800][8538.314s] GC(293) Humongous regions: 18->4
[2023-04-10T19:57:30.946+0800][8538.314s] GC(293) Metaspace: 58453K(61008K)->58453K(61008K) NonClass: 51702K(53248K)->51702K(53248K) Class: 6750K(7760K)->6750K(7760K)
[2023-04-10T19:57:30.946+0800][8538.314s] GC(293) Pause Young (Normal) (G1 Evacuation Pause) 363M->43M(512M) 1.118ms
[2023-04-10T19:57:30.946+0800][8538.314s] GC(293) User=0.00s Sys=0.00s Real=0.00s
[2023-04-10T19:57:31.353+0800][8538.721s] GC(294) Pause Young (Normal) (G1 Evacuation Pause)
[2023-04-10T19:57:31.353+0800][8538.721s] GC(294) Using 8 workers of 8 for evacuation
[2023-04-10T19:57:31.355+0800][8538.723s] GC(294)   Pre Evacuate Collection Set: 0.0ms
[2023-04-10T19:57:31.355+0800][8538.723s] GC(294)   Evacuate Collection Set: 0.7ms
[2023-04-10T19:57:31.355+0800][8538.723s] GC(294)   Post Evacuate Collection Set: 0.6ms
[2023-04-10T19:57:31.355+0800][8538.723s] GC(294)   Other: 0.2ms
[2023-04-10T19:57:31.355+0800][8538.723s] GC(294) Eden regions: 306->0(300)
[2023-04-10T19:57:31.355+0800][8538.723s] GC(294) Survivor regions: 1->7(39)
[2023-04-10T19:57:31.355+0800][8538.723s] GC(294) Old regions: 39->39
[2023-04-10T19:57:31.355+0800][8538.723s] GC(294) Humongous regions: 7->6
[2023-04-10T19:57:31.355+0800][8538.723s] GC(294) Metaspace: 58453K(61008K)->58453K(61008K) NonClass: 51702K(53248K)->51702K(53248K) Class: 6750K(7760K)->6750K(7760K)
[2023-04-10T19:57:31.355+0800][8538.723s] GC(294) Pause Young (Normal) (G1 Evacuation Pause) 352M->51M(512M) 1.682ms
[2023-04-10T19:57:31.355+0800][8538.723s] GC(294) User=0.00s Sys=0.00s Real=0.00s
[2023-04-10T19:57:31.754+0800][8539.122s] GC(295) Pause Young (Normal) (G1 Evacuation Pause)
[2023-04-10T19:57:31.754+0800][8539.122s] GC(295) Using 8 workers of 8 for evacuation
[2023-04-10T19:57:31.756+0800][8539.123s] GC(295)   Pre Evacuate Collection Set: 0.0ms
[2023-04-10T19:57:31.756+0800][8539.123s] GC(295)   Evacuate Collection Set: 0.9ms
[2023-04-10T19:57:31.756+0800][8539.124s] GC(295)   Post Evacuate Collection Set: 0.6ms
[2023-04-10T19:57:31.756+0800][8539.124s] GC(295)   Other: 0.2ms
[2023-04-10T19:57:31.756+0800][8539.124s] GC(295) Eden regions: 300->0(298)
[2023-04-10T19:57:31.756+0800][8539.124s] GC(295) Survivor regions: 7->9(39)
[2023-04-10T19:57:31.756+0800][8539.124s] GC(295) Old regions: 39->39
[2023-04-10T19:57:31.756+0800][8539.124s] GC(295) Humongous regions: 12->12
[2023-04-10T19:57:31.756+0800][8539.124s] GC(295) Metaspace: 58453K(61008K)->58453K(61008K) NonClass: 51702K(53248K)->51702K(53248K) Class: 6750K(7760K)->6750K(7760K)
[2023-04-10T19:57:31.756+0800][8539.124s] GC(295) Pause Young (Normal) (G1 Evacuation Pause) 357M->59M(512M) 1.883ms
[2023-04-10T19:57:31.756+0800][8539.124s] GC(295) User=0.00s Sys=0.00s Real=0.00s
[2023-04-10T19:57:32.269+0800][8539.637s] GC(296) Pause Young (Normal) (G1 Evacuation Pause)
[2023-04-10T19:57:32.269+0800][8539.637s] GC(296) Using 8 workers of 8 for evacuation
[2023-04-10T19:57:32.270+0800][8539.639s] GC(296)   Pre Evacuate Collection Set: 0.0ms
[2023-04-10T19:57:32.270+0800][8539.639s] GC(296)   Evacuate Collection Set: 1.1ms
[2023-04-10T19:57:32.270+0800][8539.639s] GC(296)   Post Evacuate Collection Set: 0.6ms
[2023-04-10T19:57:32.270+0800][8539.639s] GC(296)   Other: 0.2ms
[2023-04-10T19:57:32.270+0800][8539.639s] GC(296) Eden regions: 298->0(296)
[2023-04-10T19:57:32.271+0800][8539.639s] GC(296) Survivor regions: 9->11(39)
[2023-04-10T19:57:32.271+0800][8539.639s] GC(296) Old regions: 39->39
[2023-04-10T19:57:32.271+0800][8539.639s] GC(296) Humongous regions: 25->13
[2023-04-10T19:57:32.271+0800][8539.639s] GC(296) Metaspace: 58453K(61008K)->58453K(61008K) NonClass: 51703K(53248K)->51703K(53248K) Class: 6750K(7760K)->6750K(7760K)
[2023-04-10T19:57:32.271+0800][8539.639s] GC(296) Pause Young (Normal) (G1 Evacuation Pause) 370M->62M(512M) 2.144ms
[2023-04-10T19:57:32.271+0800][8539.639s] GC(296) User=0.00s Sys=0.00s Real=0.00s
[2023-04-10T19:57:32.708+0800][8540.076s] GC(297) Pause Young (Normal) (G1 Evacuation Pause)
[2023-04-10T19:57:32.708+0800][8540.076s] GC(297) Using 8 workers of 8 for evacuation
[2023-04-10T19:57:32.709+0800][8540.077s] GC(297)   Pre Evacuate Collection Set: 0.0ms
[2023-04-10T19:57:32.709+0800][8540.078s] GC(297)   Evacuate Collection Set: 0.5ms
[2023-04-10T19:57:32.709+0800][8540.078s] GC(297)   Post Evacuate Collection Set: 0.5ms
[2023-04-10T19:57:32.709+0800][8540.078s] GC(297)   Other: 0.2ms
[2023-04-10T19:57:32.709+0800][8540.078s] GC(297) Eden regions: 296->0(302)
[2023-04-10T19:57:32.709+0800][8540.078s] GC(297) Survivor regions: 11->5(39)
[2023-04-10T19:57:32.709+0800][8540.078s] GC(297) Old regions: 39->39
[2023-04-10T19:57:32.709+0800][8540.078s] GC(297) Humongous regions: 14->5
[2023-04-10T19:57:32.709+0800][8540.078s] GC(297) Metaspace: 58456K(61008K)->58456K(61008K) NonClass: 51706K(53248K)->51706K(53248K) Class: 6750K(7760K)->6750K(7760K)
[2023-04-10T19:57:32.709+0800][8540.078s] GC(297) Pause Young (Normal) (G1 Evacuation Pause) 359M->48M(512M) 1.333ms
[2023-04-10T19:57:32.709+0800][8540.078s] GC(297) User=0.00s Sys=0.00s Real=0.00s
[2023-04-10T19:57:33.106+0800][8540.473s] GC(298) Pause Young (Normal) (G1 Evacuation Pause)
[2023-04-10T19:57:33.106+0800][8540.473s] GC(298) Using 8 workers of 8 for evacuation
[2023-04-10T19:57:33.107+0800][8540.475s] GC(298)   Pre Evacuate Collection Set: 0.0ms
[2023-04-10T19:57:33.107+0800][8540.475s] GC(298)   Evacuate Collection Set: 1.1ms
[2023-04-10T19:57:33.107+0800][8540.475s] GC(298)   Post Evacuate Collection Set: 0.6ms
[2023-04-10T19:57:33.107+0800][8540.475s] GC(298)   Other: 0.2ms
[2023-04-10T19:57:33.107+0800][8540.475s] GC(298) Eden regions: 302->0(296)
[2023-04-10T19:57:33.108+0800][8540.475s] GC(298) Survivor regions: 5->11(39)
[2023-04-10T19:57:33.108+0800][8540.475s] GC(298) Old regions: 39->39
[2023-04-10T19:57:33.108+0800][8540.475s] GC(298) Humongous regions: 8->7
[2023-04-10T19:57:33.108+0800][8540.475s] GC(298) Metaspace: 58456K(61008K)->58456K(61008K) NonClass: 51706K(53248K)->51706K(53248K) Class: 6750K(7760K)->6750K(7760K)
[2023-04-10T19:57:33.108+0800][8540.476s] GC(298) Pause Young (Normal) (G1 Evacuation Pause) 353M->56M(512M) 2.077ms
[2023-04-10T19:57:33.108+0800][8540.476s] GC(298) User=0.00s Sys=0.00s Real=0.00s
[2023-04-10T19:57:33.624+0800][8540.992s] GC(299) Pause Young (Normal) (G1 Evacuation Pause)
[2023-04-10T19:57:33.624+0800][8540.992s] GC(299) Using 8 workers of 8 for evacuation
[2023-04-10T19:57:33.626+0800][8540.994s] GC(299)   Pre Evacuate Collection Set: 0.0ms
[2023-04-10T19:57:33.626+0800][8540.994s] GC(299)   Evacuate Collection Set: 1.2ms
[2023-04-10T19:57:33.626+0800][8540.994s] GC(299)   Post Evacuate Collection Set: 0.6ms
[2023-04-10T19:57:33.626+0800][8540.994s] GC(299)   Other: 0.2ms
[2023-04-10T19:57:33.626+0800][8540.994s] GC(299) Eden regions: 296->0(297)
[2023-04-10T19:57:33.626+0800][8540.994s] GC(299) Survivor regions: 11->10(39)
[2023-04-10T19:57:33.626+0800][8540.994s] GC(299) Old regions: 39->39
[2023-04-10T19:57:33.626+0800][8540.994s] GC(299) Humongous regions: 25->13
[2023-04-10T19:57:33.626+0800][8540.994s] GC(299) Metaspace: 58457K(61008K)->58457K(61008K) NonClass: 51706K(53248K)->51706K(53248K) Class: 6750K(7760K)->6750K(7760K)
[2023-04-10T19:57:33.626+0800][8540.994s] GC(299) Pause Young (Normal) (G1 Evacuation Pause) 370M->61M(512M) 2.173ms
[2023-04-10T19:57:33.626+0800][8540.994s] GC(299) User=0.00s Sys=0.00s Real=0.00s
[2023-04-10T19:57:34.041+0800][8541.408s] GC(300) Pause Young (Normal) (G1 Evacuation Pause)
[2023-04-10T19:57:34.041+0800][8541.408s] GC(300) Using 8 workers of 8 for evacuation
[2023-04-10T19:57:34.042+0800][8541.410s] GC(300)   Pre Evacuate Collection Set: 0.0ms
[2023-04-10T19:57:34.042+0800][8541.410s] GC(300)   Evacuate Collection Set: 0.4ms
[2023-04-10T19:57:34.042+0800][8541.410s] GC(300)   Post Evacuate Collection Set: 0.6ms
[2023-04-10T19:57:34.042+0800][8541.410s] GC(300)   Other: 0.1ms
[2023-04-10T19:57:34.042+0800][8541.410s] GC(300) Eden regions: 297->0(304)
[2023-04-10T19:57:34.042+0800][8541.410s] GC(300) Survivor regions: 10->3(39)
[2023-04-10T19:57:34.042+0800][8541.410s] GC(300) Old regions: 39->39
[2023-04-10T19:57:34.042+0800][8541.410s] GC(300) Humongous regions: 13->4
[2023-04-10T19:57:34.042+0800][8541.410s] GC(300) Metaspace: 58457K(61008K)->58457K(61008K) NonClass: 51706K(53248K)->51706K(53248K) Class: 6750K(7760K)->6750K(7760K)
[2023-04-10T19:57:34.042+0800][8541.410s] GC(300) Pause Young (Normal) (G1 Evacuation Pause) 358M->45M(512M) 1.335ms
[2023-04-10T19:57:34.042+0800][8541.410s] GC(300) User=0.00s Sys=0.00s Real=0.00s
[2023-04-10T19:57:34.454+0800][8541.821s] GC(301) Pause Young (Normal) (G1 Evacuation Pause)
[2023-04-10T19:57:34.454+0800][8541.821s] GC(301) Using 8 workers of 8 for evacuation
[2023-04-10T19:57:34.455+0800][8541.823s] GC(301)   Pre Evacuate Collection Set: 0.0ms
[2023-04-10T19:57:34.455+0800][8541.823s] GC(301)   Evacuate Collection Set: 0.9ms
[2023-04-10T19:57:34.455+0800][8541.823s] GC(301)   Post Evacuate Collection Set: 0.6ms
[2023-04-10T19:57:34.455+0800][8541.823s] GC(301)   Other: 0.2ms
[2023-04-10T19:57:34.455+0800][8541.823s] GC(301) Eden regions: 304->0(298)
[2023-04-10T19:57:34.455+0800][8541.823s] GC(301) Survivor regions: 3->9(39)
[2023-04-10T19:57:34.455+0800][8541.823s] GC(301) Old regions: 39->39
[2023-04-10T19:57:34.455+0800][8541.823s] GC(301) Humongous regions: 7->6
[2023-04-10T19:57:34.455+0800][8541.823s] GC(301) Metaspace: 58457K(61008K)->58457K(61008K) NonClass: 51706K(53248K)->51706K(53248K) Class: 6750K(7760K)->6750K(7760K)
[2023-04-10T19:57:34.455+0800][8541.823s] GC(301) Pause Young (Normal) (G1 Evacuation Pause) 352M->53M(512M) 1.870ms
[2023-04-10T19:57:34.455+0800][8541.823s] GC(301) User=0.00s Sys=0.00s Real=0.00s
[2023-04-10T19:57:34.894+0800][8542.262s] GC(302) Pause Young (Normal) (G1 Evacuation Pause)
[2023-04-10T19:57:34.894+0800][8542.262s] GC(302) Using 8 workers of 8 for evacuation
[2023-04-10T19:57:34.896+0800][8542.263s] GC(302)   Pre Evacuate Collection Set: 0.0ms
[2023-04-10T19:57:34.896+0800][8542.263s] GC(302)   Evacuate Collection Set: 1.1ms
[2023-04-10T19:57:34.896+0800][8542.263s] GC(302)   Post Evacuate Collection Set: 0.6ms
[2023-04-10T19:57:34.896+0800][8542.263s] GC(302)   Other: 0.1ms
[2023-04-10T19:57:34.896+0800][8542.263s] GC(302) Eden regions: 298->0(296)
[2023-04-10T19:57:34.896+0800][8542.263s] GC(302) Survivor regions: 9->11(39)
[2023-04-10T19:57:34.896+0800][8542.264s] GC(302) Old regions: 39->39
[2023-04-10T19:57:34.896+0800][8542.264s] GC(302) Humongous regions: 20->13
[2023-04-10T19:57:34.896+0800][8542.264s] GC(302) Metaspace: 58457K(61008K)->58457K(61008K) NonClass: 51706K(53248K)->51706K(53248K) Class: 6750K(7760K)->6750K(7760K)
[2023-04-10T19:57:34.896+0800][8542.264s] GC(302) Pause Young (Normal) (G1 Evacuation Pause) 365M->62M(512M) 2.033ms
[2023-04-10T19:57:34.896+0800][8542.264s] GC(302) User=0.00s Sys=0.00s Real=0.00s
[2023-04-10T19:57:35.472+0800][8542.840s] GC(303) Pause Young (Normal) (G1 Evacuation Pause)
[2023-04-10T19:57:35.472+0800][8542.840s] GC(303) Using 8 workers of 8 for evacuation
[2023-04-10T19:57:35.472+0800][8542.840s] GC(303)   Pre Evacuate Collection Set: 0.0ms
[2023-04-10T19:57:35.472+0800][8542.840s] GC(303)   Evacuate Collection Set: 0.4ms
[2023-04-10T19:57:35.472+0800][8542.841s] GC(303)   Post Evacuate Collection Set: 0.4ms
[2023-04-10T19:57:35.472+0800][8542.841s] GC(303)   Other: 0.2ms
[2023-04-10T19:57:35.473+0800][8542.841s] GC(303) Eden regions: 296->0(306)
[2023-04-10T19:57:35.473+0800][8542.841s] GC(303) Survivor regions: 11->1(39)
[2023-04-10T19:57:35.473+0800][8542.841s] GC(303) Old regions: 39->39
[2023-04-10T19:57:35.473+0800][8542.841s] GC(303) Humongous regions: 18->4
[2023-04-10T19:57:35.473+0800][8542.841s] GC(303) Metaspace: 58458K(61008K)->58458K(61008K) NonClass: 51708K(53248K)->51708K(53248K) Class: 6750K(7760K)->6750K(7760K)
[2023-04-10T19:57:35.473+0800][8542.841s] GC(303) Pause Young (Normal) (G1 Evacuation Pause) 363M->43M(512M) 1.130ms
[2023-04-10T19:57:35.473+0800][8542.841s] GC(303) User=0.00s Sys=0.00s Real=0.00s
[2023-04-10T19:57:35.947+0800][8543.315s] GC(304) Pause Young (Normal) (G1 Evacuation Pause)
[2023-04-10T19:57:35.947+0800][8543.315s] GC(304) Using 8 workers of 8 for evacuation
[2023-04-10T19:57:35.948+0800][8543.316s] GC(304)   Pre Evacuate Collection Set: 0.0ms
[2023-04-10T19:57:35.948+0800][8543.316s] GC(304)   Evacuate Collection Set: 0.8ms
[2023-04-10T19:57:35.948+0800][8543.316s] GC(304)   Post Evacuate Collection Set: 0.6ms
[2023-04-10T19:57:35.948+0800][8543.316s] GC(304)   Other: 0.2ms
[2023-04-10T19:57:35.948+0800][8543.316s] GC(304) Eden regions: 306->0(299)
[2023-04-10T19:57:35.948+0800][8543.316s] GC(304) Survivor regions: 1->8(39)
[2023-04-10T19:57:35.948+0800][8543.316s] GC(304) Old regions: 39->39
[2023-04-10T19:57:35.948+0800][8543.316s] GC(304) Humongous regions: 7->6
[2023-04-10T19:57:35.948+0800][8543.316s] GC(304) Metaspace: 58458K(61008K)->58458K(61008K) NonClass: 51708K(53248K)->51708K(53248K) Class: 6750K(7760K)->6750K(7760K)
[2023-04-10T19:57:35.948+0800][8543.316s] GC(304) Pause Young (Normal) (G1 Evacuation Pause) 352M->52M(512M) 1.747ms
[2023-04-10T19:57:35.949+0800][8543.316s] GC(304) User=0.02s Sys=0.00s Real=0.00s
[2023-04-10T19:57:36.476+0800][8543.844s] GC(305) Pause Young (Normal) (G1 Evacuation Pause)
[2023-04-10T19:57:36.476+0800][8543.844s] GC(305) Using 8 workers of 8 for evacuation
[2023-04-10T19:57:36.477+0800][8543.846s] GC(305)   Pre Evacuate Collection Set: 0.0ms
[2023-04-10T19:57:36.477+0800][8543.846s] GC(305)   Evacuate Collection Set: 1.0ms
[2023-04-10T19:57:36.478+0800][8543.846s] GC(305)   Post Evacuate Collection Set: 0.4ms
[2023-04-10T19:57:36.478+0800][8543.846s] GC(305)   Other: 0.1ms
[2023-04-10T19:57:36.478+0800][8543.846s] GC(305) Eden regions: 299->0(298)
[2023-04-10T19:57:36.478+0800][8543.846s] GC(305) Survivor regions: 8->9(39)
[2023-04-10T19:57:36.478+0800][8543.846s] GC(305) Old regions: 39->39
[2023-04-10T19:57:36.478+0800][8543.846s] GC(305) Humongous regions: 15->13
[2023-04-10T19:57:36.478+0800][8543.846s] GC(305) Metaspace: 58458K(61008K)->58458K(61008K) NonClass: 51708K(53248K)->51708K(53248K) Class: 6750K(7760K)->6750K(7760K)
[2023-04-10T19:57:36.478+0800][8543.846s] GC(305) Pause Young (Normal) (G1 Evacuation Pause) 360M->60M(512M) 1.736ms
[2023-04-10T19:57:36.478+0800][8543.846s] GC(305) User=0.00s Sys=0.00s Real=0.00s
[2023-04-10T19:57:36.995+0800][8544.363s] GC(306) Pause Young (Normal) (G1 Evacuation Pause)
[2023-04-10T19:57:36.995+0800][8544.363s] GC(306) Using 8 workers of 8 for evacuation
[2023-04-10T19:57:36.997+0800][8544.365s] GC(306)   Pre Evacuate Collection Set: 0.0ms
[2023-04-10T19:57:36.997+0800][8544.365s] GC(306)   Evacuate Collection Set: 1.1ms
[2023-04-10T19:57:36.997+0800][8544.365s] GC(306)   Post Evacuate Collection Set: 0.5ms
[2023-04-10T19:57:36.997+0800][8544.365s] GC(306)   Other: 0.2ms
[2023-04-10T19:57:36.997+0800][8544.365s] GC(306) Eden regions: 298->0(297)
[2023-04-10T19:57:36.997+0800][8544.365s] GC(306) Survivor regions: 9->10(39)
[2023-04-10T19:57:36.997+0800][8544.365s] GC(306) Old regions: 39->39
[2023-04-10T19:57:36.997+0800][8544.365s] GC(306) Humongous regions: 23->13
[2023-04-10T19:57:36.997+0800][8544.365s] GC(306) Metaspace: 58458K(61008K)->58458K(61008K) NonClass: 51708K(53248K)->51708K(53248K) Class: 6750K(7760K)->6750K(7760K)
[2023-04-10T19:57:36.997+0800][8544.365s] GC(306) Pause Young (Normal) (G1 Evacuation Pause) 368M->61M(512M) 2.122ms
[2023-04-10T19:57:36.997+0800][8544.365s] GC(306) User=0.12s Sys=0.00s Real=0.00s
[2023-04-10T19:57:37.557+0800][8544.926s] GC(307) Pause Young (Normal) (G1 Evacuation Pause)
[2023-04-10T19:57:37.558+0800][8544.926s] GC(307) Using 8 workers of 8 for evacuation
[2023-04-10T19:57:37.559+0800][8544.927s] GC(307)   Pre Evacuate Collection Set: 0.0ms
[2023-04-10T19:57:37.559+0800][8544.927s] GC(307)   Evacuate Collection Set: 0.6ms
[2023-04-10T19:57:37.559+0800][8544.927s] GC(307)   Post Evacuate Collection Set: 0.5ms
[2023-04-10T19:57:37.559+0800][8544.927s] GC(307)   Other: 0.2ms
[2023-04-10T19:57:37.559+0800][8544.927s] GC(307) Eden regions: 297->0(302)
[2023-04-10T19:57:37.559+0800][8544.927s] GC(307) Survivor regions: 10->5(39)
[2023-04-10T19:57:37.559+0800][8544.927s] GC(307) Old regions: 39->39
[2023-04-10T19:57:37.559+0800][8544.927s] GC(307) Humongous regions: 14->5
[2023-04-10T19:57:37.559+0800][8544.927s] GC(307) Metaspace: 58459K(61008K)->58459K(61008K) NonClass: 51708K(53248K)->51708K(53248K) Class: 6750K(7760K)->6750K(7760K)
[2023-04-10T19:57:37.559+0800][8544.927s] GC(307) Pause Young (Normal) (G1 Evacuation Pause) 359M->48M(512M) 1.530ms
[2023-04-10T19:57:37.559+0800][8544.927s] GC(307) User=0.02s Sys=0.00s Real=0.00s
[2023-04-10T19:57:38.013+0800][8545.381s] GC(308) Pause Young (Normal) (G1 Evacuation Pause)
[2023-04-10T19:57:38.013+0800][8545.381s] GC(308) Using 8 workers of 8 for evacuation
[2023-04-10T19:57:38.015+0800][8545.383s] GC(308)   Pre Evacuate Collection Set: 0.0ms
[2023-04-10T19:57:38.015+0800][8545.383s] GC(308)   Evacuate Collection Set: 1.1ms
[2023-04-10T19:57:38.015+0800][8545.383s] GC(308)   Post Evacuate Collection Set: 0.7ms
[2023-04-10T19:57:38.015+0800][8545.383s] GC(308)   Other: 0.2ms
[2023-04-10T19:57:38.015+0800][8545.383s] GC(308) Eden regions: 302->0(295)
[2023-04-10T19:57:38.015+0800][8545.383s] GC(308) Survivor regions: 5->12(39)
[2023-04-10T19:57:38.015+0800][8545.383s] GC(308) Old regions: 39->39
[2023-04-10T19:57:38.015+0800][8545.383s] GC(308) Humongous regions: 8->7
[2023-04-10T19:57:38.015+0800][8545.383s] GC(308) Metaspace: 58459K(61008K)->58459K(61008K) NonClass: 51708K(53248K)->51708K(53248K) Class: 6750K(7760K)->6750K(7760K)
[2023-04-10T19:57:38.015+0800][8545.383s] GC(308) Pause Young (Normal) (G1 Evacuation Pause) 353M->57M(512M) 2.139ms
[2023-04-10T19:57:38.015+0800][8545.383s] GC(308) User=0.00s Sys=0.00s Real=0.00s
[2023-04-10T19:57:38.605+0800][8545.973s] GC(309) Pause Young (Normal) (G1 Evacuation Pause)
[2023-04-10T19:57:38.605+0800][8545.973s] GC(309) Using 8 workers of 8 for evacuation
[2023-04-10T19:57:38.607+0800][8545.975s] GC(309)   Pre Evacuate Collection Set: 0.0ms
[2023-04-10T19:57:38.607+0800][8545.975s] GC(309)   Evacuate Collection Set: 1.1ms
[2023-04-10T19:57:38.607+0800][8545.975s] GC(309)   Post Evacuate Collection Set: 0.5ms
[2023-04-10T19:57:38.607+0800][8545.975s] GC(309)   Other: 0.2ms
[2023-04-10T19:57:38.607+0800][8545.975s] GC(309) Eden regions: 295->0(297)
[2023-04-10T19:57:38.607+0800][8545.975s] GC(309) Survivor regions: 12->10(39)
[2023-04-10T19:57:38.607+0800][8545.975s] GC(309) Old regions: 39->39
[2023-04-10T19:57:38.607+0800][8545.975s] GC(309) Humongous regions: 25->13
[2023-04-10T19:57:38.607+0800][8545.975s] GC(309) Metaspace: 58460K(61008K)->58460K(61008K) NonClass: 51710K(53248K)->51710K(53248K) Class: 6750K(7760K)->6750K(7760K)
[2023-04-10T19:57:38.607+0800][8545.975s] GC(309) Pause Young (Normal) (G1 Evacuation Pause) 370M->61M(512M) 1.936ms
[2023-04-10T19:57:38.607+0800][8545.975s] GC(309) User=0.00s Sys=0.00s Real=0.00s
[2023-04-10T19:57:39.027+0800][8546.395s] GC(310) Pause Young (Normal) (G1 Evacuation Pause)
[2023-04-10T19:57:39.027+0800][8546.395s] GC(310) Using 8 workers of 8 for evacuation
[2023-04-10T19:57:39.029+0800][8546.396s] GC(310)   Pre Evacuate Collection Set: 0.0ms
[2023-04-10T19:57:39.029+0800][8546.396s] GC(310)   Evacuate Collection Set: 0.4ms
[2023-04-10T19:57:39.029+0800][8546.396s] GC(310)   Post Evacuate Collection Set: 0.6ms
[2023-04-10T19:57:39.029+0800][8546.397s] GC(310)   Other: 0.2ms
[2023-04-10T19:57:39.029+0800][8546.397s] GC(310) Eden regions: 297->0(303)
[2023-04-10T19:57:39.029+0800][8546.397s] GC(310) Survivor regions: 10->4(39)
[2023-04-10T19:57:39.029+0800][8546.397s] GC(310) Old regions: 39->39
[2023-04-10T19:57:39.029+0800][8546.397s] GC(310) Humongous regions: 14->5
[2023-04-10T19:57:39.029+0800][8546.397s] GC(310) Metaspace: 58462K(61008K)->58462K(61008K) NonClass: 51711K(53248K)->51711K(53248K) Class: 6750K(7760K)->6750K(7760K)
[2023-04-10T19:57:39.029+0800][8546.397s] GC(310) Pause Young (Normal) (G1 Evacuation Pause) 359M->47M(512M) 1.548ms
[2023-04-10T19:57:39.029+0800][8546.397s] GC(310) User=0.00s Sys=0.00s Real=0.00s
[2023-04-10T19:57:39.426+0800][8546.795s] GC(311) Pause Young (Normal) (G1 Evacuation Pause)
[2023-04-10T19:57:39.427+0800][8546.795s] GC(311) Using 8 workers of 8 for evacuation
[2023-04-10T19:57:39.428+0800][8546.797s] GC(311)   Pre Evacuate Collection Set: 0.0ms
[2023-04-10T19:57:39.428+0800][8546.797s] GC(311)   Evacuate Collection Set: 1.0ms
[2023-04-10T19:57:39.428+0800][8546.797s] GC(311)   Post Evacuate Collection Set: 0.6ms
[2023-04-10T19:57:39.428+0800][8546.797s] GC(311)   Other: 0.2ms
[2023-04-10T19:57:39.428+0800][8546.797s] GC(311) Eden regions: 303->0(298)
[2023-04-10T19:57:39.428+0800][8546.797s] GC(311) Survivor regions: 4->9(39)
[2023-04-10T19:57:39.428+0800][8546.797s] GC(311) Old regions: 39->39
[2023-04-10T19:57:39.428+0800][8546.797s] GC(311) Humongous regions: 7->6
[2023-04-10T19:57:39.428+0800][8546.797s] GC(311) Metaspace: 58462K(61008K)->58462K(61008K) NonClass: 51711K(53248K)->51711K(53248K) Class: 6750K(7760K)->6750K(7760K)
[2023-04-10T19:57:39.428+0800][8546.797s] GC(311) Pause Young (Normal) (G1 Evacuation Pause) 352M->53M(512M) 1.947ms
[2023-04-10T19:57:39.428+0800][8546.797s] GC(311) User=0.00s Sys=0.00s Real=0.00s
[2023-04-10T19:57:39.857+0800][8547.225s] GC(312) Pause Young (Normal) (G1 Evacuation Pause)
[2023-04-10T19:57:39.857+0800][8547.225s] GC(312) Using 8 workers of 8 for evacuation
[2023-04-10T19:57:39.859+0800][8547.227s] GC(312)   Pre Evacuate Collection Set: 0.0ms
[2023-04-10T19:57:39.859+0800][8547.227s] GC(312)   Evacuate Collection Set: 1.0ms
[2023-04-10T19:57:39.859+0800][8547.227s] GC(312)   Post Evacuate Collection Set: 0.5ms
[2023-04-10T19:57:39.859+0800][8547.227s] GC(312)   Other: 0.2ms
[2023-04-10T19:57:39.859+0800][8547.227s] GC(312) Eden regions: 298->0(297)
[2023-04-10T19:57:39.859+0800][8547.227s] GC(312) Survivor regions: 9->10(39)
[2023-04-10T19:57:39.859+0800][8547.227s] GC(312) Old regions: 39->39
[2023-04-10T19:57:39.859+0800][8547.227s] GC(312) Humongous regions: 25->13
[2023-04-10T19:57:39.859+0800][8547.227s] GC(312) Metaspace: 58462K(61008K)->58462K(61008K) NonClass: 51711K(53248K)->51711K(53248K) Class: 6750K(7760K)->6750K(7760K)
[2023-04-10T19:57:39.859+0800][8547.227s] GC(312) Pause Young (Normal) (G1 Evacuation Pause) 370M->61M(512M) 1.843ms
[2023-04-10T19:57:39.859+0800][8547.227s] GC(312) User=0.00s Sys=0.00s Real=0.00s
[2023-04-10T19:57:40.445+0800][8547.813s] GC(313) Pause Young (Normal) (G1 Evacuation Pause)
[2023-04-10T19:57:40.445+0800][8547.813s] GC(313) Using 8 workers of 8 for evacuation
[2023-04-10T19:57:40.446+0800][8547.814s] GC(313)   Pre Evacuate Collection Set: 0.0ms
[2023-04-10T19:57:40.446+0800][8547.814s] GC(313)   Evacuate Collection Set: 0.4ms
[2023-04-10T19:57:40.446+0800][8547.814s] GC(313)   Post Evacuate Collection Set: 0.5ms
[2023-04-10T19:57:40.446+0800][8547.814s] GC(313)   Other: 0.2ms
[2023-04-10T19:57:40.446+0800][8547.814s] GC(313) Eden regions: 297->0(304)
[2023-04-10T19:57:40.446+0800][8547.814s] GC(313) Survivor regions: 10->3(39)
[2023-04-10T19:57:40.446+0800][8547.814s] GC(313) Old regions: 39->39
[2023-04-10T19:57:40.446+0800][8547.814s] GC(313) Humongous regions: 13->4
[2023-04-10T19:57:40.446+0800][8547.814s] GC(313) Metaspace: 58463K(61008K)->58463K(61008K) NonClass: 51712K(53248K)->51712K(53248K) Class: 6750K(7760K)->6750K(7760K)
[2023-04-10T19:57:40.446+0800][8547.814s] GC(313) Pause Young (Normal) (G1 Evacuation Pause) 358M->45M(512M) 1.188ms
[2023-04-10T19:57:40.446+0800][8547.814s] GC(313) User=0.00s Sys=0.00s Real=0.00s
[2023-04-10T19:57:40.846+0800][8548.215s] GC(314) Pause Young (Normal) (G1 Evacuation Pause)
[2023-04-10T19:57:40.846+0800][8548.215s] GC(314) Using 8 workers of 8 for evacuation
[2023-04-10T19:57:40.848+0800][8548.216s] GC(314)   Pre Evacuate Collection Set: 0.0ms
[2023-04-10T19:57:40.848+0800][8548.216s] GC(314)   Evacuate Collection Set: 0.8ms
[2023-04-10T19:57:40.848+0800][8548.216s] GC(314)   Post Evacuate Collection Set: 0.7ms
[2023-04-10T19:57:40.848+0800][8548.216s] GC(314)   Other: 0.2ms
[2023-04-10T19:57:40.848+0800][8548.216s] GC(314) Eden regions: 304->0(299)
[2023-04-10T19:57:40.848+0800][8548.216s] GC(314) Survivor regions: 3->8(39)
[2023-04-10T19:57:40.848+0800][8548.216s] GC(314) Old regions: 39->39
[2023-04-10T19:57:40.848+0800][8548.216s] GC(314) Humongous regions: 7->6
[2023-04-10T19:57:40.848+0800][8548.216s] GC(314) Metaspace: 58463K(61008K)->58463K(61008K) NonClass: 51712K(53248K)->51712K(53248K) Class: 6750K(7760K)->6750K(7760K)
[2023-04-10T19:57:40.848+0800][8548.216s] GC(314) Pause Young (Normal) (G1 Evacuation Pause) 352M->52M(512M) 1.846ms
[2023-04-10T19:57:40.848+0800][8548.216s] GC(314) User=0.00s Sys=0.00s Real=0.00s
[2023-04-10T19:57:41.261+0800][8548.629s] GC(315) Pause Young (Normal) (G1 Evacuation Pause)
[2023-04-10T19:57:41.261+0800][8548.629s] GC(315) Using 8 workers of 8 for evacuation
[2023-04-10T19:57:41.262+0800][8548.630s] GC(315)   Pre Evacuate Collection Set: 0.0ms
[2023-04-10T19:57:41.262+0800][8548.631s] GC(315)   Evacuate Collection Set: 1.1ms
[2023-04-10T19:57:41.262+0800][8548.631s] GC(315)   Post Evacuate Collection Set: 0.6ms
[2023-04-10T19:57:41.262+0800][8548.631s] GC(315)   Other: 0.1ms
[2023-04-10T19:57:41.262+0800][8548.631s] GC(315) Eden regions: 299->0(297)
[2023-04-10T19:57:41.262+0800][8548.631s] GC(315) Survivor regions: 8->10(39)
[2023-04-10T19:57:41.262+0800][8548.631s] GC(315) Old regions: 39->40
[2023-04-10T19:57:41.262+0800][8548.631s] GC(315) Humongous regions: 20->13
[2023-04-10T19:57:41.262+0800][8548.631s] GC(315) Metaspace: 58463K(61008K)->58463K(61008K) NonClass: 51712K(53248K)->51712K(53248K) Class: 6750K(7760K)->6750K(7760K)
[2023-04-10T19:57:41.262+0800][8548.631s] GC(315) Pause Young (Normal) (G1 Evacuation Pause) 365M->61M(512M) 2.078ms
[2023-04-10T19:57:41.262+0800][8548.631s] GC(315) User=0.12s Sys=0.00s Real=0.00s
[2023-04-10T19:57:41.913+0800][8549.281s] GC(316) Pause Young (Normal) (G1 Evacuation Pause)
[2023-04-10T19:57:41.913+0800][8549.281s] GC(316) Using 8 workers of 8 for evacuation
[2023-04-10T19:57:41.914+0800][8549.282s] GC(316)   Pre Evacuate Collection Set: 0.0ms
[2023-04-10T19:57:41.914+0800][8549.282s] GC(316)   Evacuate Collection Set: 0.2ms
[2023-04-10T19:57:41.914+0800][8549.282s] GC(316)   Post Evacuate Collection Set: 0.5ms
[2023-04-10T19:57:41.914+0800][8549.282s] GC(316)   Other: 0.2ms
[2023-04-10T19:57:41.914+0800][8549.282s] GC(316) Eden regions: 297->0(306)
[2023-04-10T19:57:41.914+0800][8549.282s] GC(316) Survivor regions: 10->1(39)
[2023-04-10T19:57:41.914+0800][8549.282s] GC(316) Old regions: 40->40
[2023-04-10T19:57:41.914+0800][8549.282s] GC(316) Humongous regions: 13->4
[2023-04-10T19:57:41.914+0800][8549.282s] GC(316) Metaspace: 58466K(61008K)->58466K(61008K) NonClass: 51716K(53248K)->51716K(53248K) Class: 6750K(7760K)->6750K(7760K)
[2023-04-10T19:57:41.914+0800][8549.282s] GC(316) Pause Young (Normal) (G1 Evacuation Pause) 358M->43M(512M) 1.124ms
[2023-04-10T19:57:41.914+0800][8549.282s] GC(316) User=0.00s Sys=0.00s Real=0.00s
[2023-04-10T19:57:42.165+0800][8549.533s] GC(317) Pause Young (Normal) (G1 Evacuation Pause)
[2023-04-10T19:57:42.165+0800][8549.533s] GC(317) Using 8 workers of 8 for evacuation
[2023-04-10T19:57:42.166+0800][8549.534s] GC(317)   Pre Evacuate Collection Set: 0.0ms
[2023-04-10T19:57:42.166+0800][8549.534s] GC(317)   Evacuate Collection Set: 0.7ms
[2023-04-10T19:57:42.166+0800][8549.534s] GC(317)   Post Evacuate Collection Set: 0.4ms
[2023-04-10T19:57:42.166+0800][8549.534s] GC(317)   Other: 0.2ms
[2023-04-10T19:57:42.166+0800][8549.534s] GC(317) Eden regions: 306->0(302)
[2023-04-10T19:57:42.166+0800][8549.534s] GC(317) Survivor regions: 1->5(39)
[2023-04-10T19:57:42.166+0800][8549.534s] GC(317) Old regions: 40->40
[2023-04-10T19:57:42.166+0800][8549.534s] GC(317) Humongous regions: 5->5
[2023-04-10T19:57:42.166+0800][8549.534s] GC(317) Metaspace: 58470K(61008K)->58470K(61008K) NonClass: 51720K(53248K)->51720K(53248K) Class: 6750K(7760K)->6750K(7760K)
[2023-04-10T19:57:42.166+0800][8549.534s] GC(317) Pause Young (Normal) (G1 Evacuation Pause) 350M->48M(512M) 1.496ms
[2023-04-10T19:57:42.166+0800][8549.534s] GC(317) User=0.00s Sys=0.00s Real=0.00s
[2023-04-10T19:57:42.396+0800][8549.764s] GC(318) Pause Young (Normal) (G1 Evacuation Pause)
[2023-04-10T19:57:42.396+0800][8549.764s] GC(318) Using 8 workers of 8 for evacuation
[2023-04-10T19:57:42.398+0800][8549.766s] GC(318)   Pre Evacuate Collection Set: 0.0ms
[2023-04-10T19:57:42.398+0800][8549.766s] GC(318)   Evacuate Collection Set: 0.9ms
[2023-04-10T19:57:42.398+0800][8549.766s] GC(318)   Post Evacuate Collection Set: 0.5ms
[2023-04-10T19:57:42.398+0800][8549.766s] GC(318)   Other: 0.2ms
[2023-04-10T19:57:42.398+0800][8549.766s] GC(318) Eden regions: 302->0(299)
[2023-04-10T19:57:42.398+0800][8549.766s] GC(318) Survivor regions: 5->8(39)
[2023-04-10T19:57:42.398+0800][8549.766s] GC(318) Old regions: 40->40
[2023-04-10T19:57:42.398+0800][8549.766s] GC(318) Humongous regions: 5->5
[2023-04-10T19:57:42.398+0800][8549.766s] GC(318) Metaspace: 58470K(61008K)->58470K(61008K) NonClass: 51720K(53248K)->51720K(53248K) Class: 6750K(7760K)->6750K(7760K)
[2023-04-10T19:57:42.398+0800][8549.766s] GC(318) Pause Young (Normal) (G1 Evacuation Pause) 350M->51M(512M) 1.752ms
[2023-04-10T19:57:42.398+0800][8549.766s] GC(318) User=0.00s Sys=0.00s Real=0.00s
[2023-04-10T19:57:42.609+0800][8549.977s] GC(319) Pause Young (Normal) (G1 Evacuation Pause)
[2023-04-10T19:57:42.609+0800][8549.977s] GC(319) Using 8 workers of 8 for evacuation
[2023-04-10T19:57:42.611+0800][8549.979s] GC(319)   Pre Evacuate Collection Set: 0.0ms
[2023-04-10T19:57:42.611+0800][8549.979s] GC(319)   Evacuate Collection Set: 1.1ms
[2023-04-10T19:57:42.611+0800][8549.979s] GC(319)   Post Evacuate Collection Set: 0.6ms
[2023-04-10T19:57:42.611+0800][8549.979s] GC(319)   Other: 0.2ms
[2023-04-10T19:57:42.611+0800][8549.979s] GC(319) Eden regions: 299->0(297)
[2023-04-10T19:57:42.611+0800][8549.979s] GC(319) Survivor regions: 8->10(39)
[2023-04-10T19:57:42.611+0800][8549.979s] GC(319) Old regions: 40->40
[2023-04-10T19:57:42.611+0800][8549.979s] GC(319) Humongous regions: 7->6
[2023-04-10T19:57:42.611+0800][8549.979s] GC(319) Metaspace: 58470K(61008K)->58470K(61008K) NonClass: 51720K(53248K)->51720K(53248K) Class: 6750K(7760K)->6750K(7760K)
[2023-04-10T19:57:42.611+0800][8549.979s] GC(319) Pause Young (Normal) (G1 Evacuation Pause) 352M->54M(512M) 2.130ms
[2023-04-10T19:57:42.611+0800][8549.979s] GC(319) User=0.00s Sys=0.00s Real=0.00s
[2023-04-10T19:57:42.899+0800][8550.268s] GC(320) Pause Young (Normal) (G1 Evacuation Pause)
[2023-04-10T19:57:42.899+0800][8550.268s] GC(320) Using 8 workers of 8 for evacuation
[2023-04-10T19:57:42.901+0800][8550.270s] GC(320)   Pre Evacuate Collection Set: 0.0ms
[2023-04-10T19:57:42.901+0800][8550.270s] GC(320)   Evacuate Collection Set: 1.4ms
[2023-04-10T19:57:42.901+0800][8550.270s] GC(320)   Post Evacuate Collection Set: 0.4ms
[2023-04-10T19:57:42.901+0800][8550.270s] GC(320)   Other: 0.2ms
[2023-04-10T19:57:42.901+0800][8550.270s] GC(320) Eden regions: 297->0(294)
[2023-04-10T19:57:42.901+0800][8550.270s] GC(320) Survivor regions: 10->13(39)
[2023-04-10T19:57:42.901+0800][8550.270s] GC(320) Old regions: 40->40
[2023-04-10T19:57:42.901+0800][8550.270s] GC(320) Humongous regions: 7->7
[2023-04-10T19:57:42.901+0800][8550.270s] GC(320) Metaspace: 58470K(61008K)->58470K(61008K) NonClass: 51720K(53248K)->51720K(53248K) Class: 6750K(7760K)->6750K(7760K)
[2023-04-10T19:57:42.901+0800][8550.270s] GC(320) Pause Young (Normal) (G1 Evacuation Pause) 352M->58M(512M) 2.171ms
[2023-04-10T19:57:42.901+0800][8550.270s] GC(320) User=0.00s Sys=0.00s Real=0.00s
[2023-04-10T19:57:43.207+0800][8550.575s] GC(321) Pause Young (Normal) (G1 Evacuation Pause)
[2023-04-10T19:57:43.207+0800][8550.575s] GC(321) Using 8 workers of 8 for evacuation
[2023-04-10T19:57:43.209+0800][8550.577s] GC(321)   Pre Evacuate Collection Set: 0.0ms
[2023-04-10T19:57:43.209+0800][8550.577s] GC(321)   Evacuate Collection Set: 1.3ms
[2023-04-10T19:57:43.209+0800][8550.577s] GC(321)   Post Evacuate Collection Set: 0.7ms
[2023-04-10T19:57:43.209+0800][8550.577s] GC(321)   Other: 0.2ms
[2023-04-10T19:57:43.209+0800][8550.577s] GC(321) Eden regions: 294->0(295)
[2023-04-10T19:57:43.209+0800][8550.577s] GC(321) Survivor regions: 13->12(39)
[2023-04-10T19:57:43.209+0800][8550.577s] GC(321) Old regions: 40->40
[2023-04-10T19:57:43.209+0800][8550.577s] GC(321) Humongous regions: 20->13
[2023-04-10T19:57:43.209+0800][8550.577s] GC(321) Metaspace: 58470K(61008K)->58470K(61008K) NonClass: 51720K(53248K)->51720K(53248K) Class: 6750K(7760K)->6750K(7760K)
[2023-04-10T19:57:43.209+0800][8550.577s] GC(321) Pause Young (Normal) (G1 Evacuation Pause) 365M->63M(512M) 2.342ms
[2023-04-10T19:57:43.209+0800][8550.577s] GC(321) User=0.00s Sys=0.00s Real=0.00s
[2023-04-10T19:57:43.624+0800][8550.992s] GC(322) Pause Young (Normal) (G1 Evacuation Pause)
[2023-04-10T19:57:43.624+0800][8550.992s] GC(322) Using 8 workers of 8 for evacuation
[2023-04-10T19:57:43.626+0800][8550.994s] GC(322)   Pre Evacuate Collection Set: 0.0ms
[2023-04-10T19:57:43.626+0800][8550.994s] GC(322)   Evacuate Collection Set: 1.3ms
[2023-04-10T19:57:43.626+0800][8550.994s] GC(322)   Post Evacuate Collection Set: 0.6ms
[2023-04-10T19:57:43.627+0800][8550.994s] GC(322)   Other: 0.1ms
[2023-04-10T19:57:43.627+0800][8550.994s] GC(322) Eden regions: 295->0(295)
[2023-04-10T19:57:43.627+0800][8550.994s] GC(322) Survivor regions: 12->12(39)
[2023-04-10T19:57:43.627+0800][8550.994s] GC(322) Old regions: 40->40
[2023-04-10T19:57:43.627+0800][8550.994s] GC(322) Humongous regions: 18->13
[2023-04-10T19:57:43.627+0800][8550.994s] GC(322) Metaspace: 58470K(61008K)->58470K(61008K) NonClass: 51720K(53248K)->51720K(53248K) Class: 6750K(7760K)->6750K(7760K)
[2023-04-10T19:57:43.627+0800][8550.994s] GC(322) Pause Young (Normal) (G1 Evacuation Pause) 363M->63M(512M) 2.301ms
[2023-04-10T19:57:43.627+0800][8550.994s] GC(322) User=0.00s Sys=0.00s Real=0.00s
[2023-04-10T19:57:43.904+0800][8551.272s] GC(323) Pause Young (Normal) (G1 Evacuation Pause)
[2023-04-10T19:57:43.904+0800][8551.272s] GC(323) Using 8 workers of 8 for evacuation
[2023-04-10T19:57:43.906+0800][8551.274s] GC(323)   Pre Evacuate Collection Set: 0.0ms
[2023-04-10T19:57:43.906+0800][8551.274s] GC(323)   Evacuate Collection Set: 0.6ms
[2023-04-10T19:57:43.906+0800][8551.274s] GC(323)   Post Evacuate Collection Set: 0.6ms
[2023-04-10T19:57:43.906+0800][8551.274s] GC(323)   Other: 0.1ms
[2023-04-10T19:57:43.906+0800][8551.274s] GC(323) Eden regions: 295->0(303)
[2023-04-10T19:57:43.906+0800][8551.274s] GC(323) Survivor regions: 12->4(39)
[2023-04-10T19:57:43.906+0800][8551.274s] GC(323) Old regions: 40->40
[2023-04-10T19:57:43.906+0800][8551.274s] GC(323) Humongous regions: 13->4
[2023-04-10T19:57:43.906+0800][8551.274s] GC(323) Metaspace: 58471K(61008K)->58471K(61008K) NonClass: 51720K(53248K)->51720K(53248K) Class: 6750K(7760K)->6750K(7760K)
[2023-04-10T19:57:43.906+0800][8551.274s] GC(323) Pause Young (Normal) (G1 Evacuation Pause) 358M->46M(512M) 1.488ms
[2023-04-10T19:57:43.906+0800][8551.274s] GC(323) User=0.00s Sys=0.00s Real=0.00s
[2023-04-10T19:57:44.145+0800][8551.513s] GC(324) Pause Young (Normal) (G1 Evacuation Pause)
[2023-04-10T19:57:44.145+0800][8551.513s] GC(324) Using 8 workers of 8 for evacuation
[2023-04-10T19:57:44.147+0800][8551.514s] GC(324)   Pre Evacuate Collection Set: 0.0ms
[2023-04-10T19:57:44.147+0800][8551.514s] GC(324)   Evacuate Collection Set: 0.9ms
[2023-04-10T19:57:44.147+0800][8551.514s] GC(324)   Post Evacuate Collection Set: 0.6ms
[2023-04-10T19:57:44.147+0800][8551.515s] GC(324)   Other: 0.2ms
[2023-04-10T19:57:44.147+0800][8551.515s] GC(324) Eden regions: 303->0(300)
[2023-04-10T19:57:44.147+0800][8551.515s] GC(324) Survivor regions: 4->7(39)
[2023-04-10T19:57:44.147+0800][8551.515s] GC(324) Old regions: 40->40
[2023-04-10T19:57:44.147+0800][8551.515s] GC(324) Humongous regions: 5->5
[2023-04-10T19:57:44.147+0800][8551.515s] GC(324) Metaspace: 58471K(61008K)->58471K(61008K) NonClass: 51720K(53248K)->51720K(53248K) Class: 6750K(7760K)->6750K(7760K)
[2023-04-10T19:57:44.147+0800][8551.515s] GC(324) Pause Young (Normal) (G1 Evacuation Pause) 350M->50M(512M) 1.857ms
[2023-04-10T19:57:44.147+0800][8551.515s] GC(324) User=0.00s Sys=0.00s Real=0.00s
[2023-04-10T19:57:44.397+0800][8551.765s] GC(325) Pause Young (Normal) (G1 Evacuation Pause)
[2023-04-10T19:57:44.397+0800][8551.765s] GC(325) Using 8 workers of 8 for evacuation
[2023-04-10T19:57:44.399+0800][8551.767s] GC(325)   Pre Evacuate Collection Set: 0.0ms
[2023-04-10T19:57:44.399+0800][8551.767s] GC(325)   Evacuate Collection Set: 1.1ms
[2023-04-10T19:57:44.399+0800][8551.767s] GC(325)   Post Evacuate Collection Set: 0.7ms
[2023-04-10T19:57:44.399+0800][8551.767s] GC(325)   Other: 0.2ms
[2023-04-10T19:57:44.399+0800][8551.767s] GC(325) Eden regions: 300->0(297)
[2023-04-10T19:57:44.399+0800][8551.767s] GC(325) Survivor regions: 7->10(39)
[2023-04-10T19:57:44.399+0800][8551.767s] GC(325) Old regions: 40->40
[2023-04-10T19:57:44.399+0800][8551.767s] GC(325) Humongous regions: 7->6
[2023-04-10T19:57:44.399+0800][8551.767s] GC(325) Metaspace: 58471K(61008K)->58471K(61008K) NonClass: 51720K(53248K)->51720K(53248K) Class: 6750K(7760K)->6750K(7760K)
[2023-04-10T19:57:44.399+0800][8551.767s] GC(325) Pause Young (Normal) (G1 Evacuation Pause) 352M->54M(512M) 2.212ms
[2023-04-10T19:57:44.399+0800][8551.767s] GC(325) User=0.00s Sys=0.00s Real=0.00s
[2023-04-10T19:57:44.680+0800][8552.048s] GC(326) Pause Young (Normal) (G1 Evacuation Pause)
[2023-04-10T19:57:44.680+0800][8552.048s] GC(326) Using 8 workers of 8 for evacuation
[2023-04-10T19:57:44.682+0800][8552.050s] GC(326)   Pre Evacuate Collection Set: 0.0ms
[2023-04-10T19:57:44.682+0800][8552.050s] GC(326)   Evacuate Collection Set: 1.2ms
[2023-04-10T19:57:44.682+0800][8552.050s] GC(326)   Post Evacuate Collection Set: 0.6ms
[2023-04-10T19:57:44.682+0800][8552.050s] GC(326)   Other: 0.1ms
[2023-04-10T19:57:44.682+0800][8552.050s] GC(326) Eden regions: 297->0(296)
[2023-04-10T19:57:44.682+0800][8552.050s] GC(326) Survivor regions: 10->11(39)
[2023-04-10T19:57:44.682+0800][8552.050s] GC(326) Old regions: 40->40
[2023-04-10T19:57:44.682+0800][8552.050s] GC(326) Humongous regions: 12->12
[2023-04-10T19:57:44.682+0800][8552.050s] GC(326) Metaspace: 58471K(61008K)->58471K(61008K) NonClass: 51720K(53248K)->51720K(53248K) Class: 6750K(7760K)->6750K(7760K)
[2023-04-10T19:57:44.682+0800][8552.050s] GC(326) Pause Young (Normal) (G1 Evacuation Pause) 357M->61M(512M) 2.129ms
[2023-04-10T19:57:44.682+0800][8552.050s] GC(326) User=0.00s Sys=0.00s Real=0.00s
[2023-04-10T19:57:44.990+0800][8552.358s] GC(327) Pause Young (Normal) (G1 Evacuation Pause)
[2023-04-10T19:57:44.990+0800][8552.358s] GC(327) Using 8 workers of 8 for evacuation
[2023-04-10T19:57:44.992+0800][8552.360s] GC(327)   Pre Evacuate Collection Set: 0.0ms
[2023-04-10T19:57:44.992+0800][8552.360s] GC(327)   Evacuate Collection Set: 1.2ms
[2023-04-10T19:57:44.992+0800][8552.360s] GC(327)   Post Evacuate Collection Set: 0.5ms
[2023-04-10T19:57:44.992+0800][8552.360s] GC(327)   Other: 0.2ms
[2023-04-10T19:57:44.992+0800][8552.360s] GC(327) Eden regions: 296->0(296)
[2023-04-10T19:57:44.992+0800][8552.360s] GC(327) Survivor regions: 11->11(39)
[2023-04-10T19:57:44.992+0800][8552.360s] GC(327) Old regions: 40->40
[2023-04-10T19:57:44.992+0800][8552.360s] GC(327) Humongous regions: 25->13
[2023-04-10T19:57:44.992+0800][8552.360s] GC(327) Metaspace: 58471K(61008K)->58471K(61008K) NonClass: 51720K(53248K)->51720K(53248K) Class: 6750K(7760K)->6750K(7760K)
[2023-04-10T19:57:44.992+0800][8552.360s] GC(327) Pause Young (Normal) (G1 Evacuation Pause) 370M->63M(512M) 2.038ms
[2023-04-10T19:57:44.993+0800][8552.361s] GC(327) User=0.00s Sys=0.00s Real=0.00s
[2023-04-10T19:57:45.425+0800][8552.794s] GC(328) Pause Young (Normal) (G1 Evacuation Pause)
[2023-04-10T19:57:45.425+0800][8552.794s] GC(328) Using 8 workers of 8 for evacuation
[2023-04-10T19:57:45.426+0800][8552.795s] GC(328)   Pre Evacuate Collection Set: 0.0ms
[2023-04-10T19:57:45.426+0800][8552.795s] GC(328)   Evacuate Collection Set: 0.4ms
[2023-04-10T19:57:45.426+0800][8552.795s] GC(328)   Post Evacuate Collection Set: 0.6ms
[2023-04-10T19:57:45.427+0800][8552.795s] GC(328)   Other: 0.1ms
[2023-04-10T19:57:45.427+0800][8552.795s] GC(328) Eden regions: 296->0(304)
[2023-04-10T19:57:45.427+0800][8552.795s] GC(328) Survivor regions: 11->3(39)
[2023-04-10T19:57:45.427+0800][8552.795s] GC(328) Old regions: 40->40
[2023-04-10T19:57:45.427+0800][8552.795s] GC(328) Humongous regions: 13->4
[2023-04-10T19:57:45.427+0800][8552.795s] GC(328) Metaspace: 58472K(61008K)->58472K(61008K) NonClass: 51722K(53248K)->51722K(53248K) Class: 6750K(7760K)->6750K(7760K)
[2023-04-10T19:57:45.427+0800][8552.795s] GC(328) Pause Young (Normal) (G1 Evacuation Pause) 359M->45M(512M) 1.371ms
[2023-04-10T19:57:45.427+0800][8552.795s] GC(328) User=0.00s Sys=0.00s Real=0.00s
[2023-04-10T19:57:45.836+0800][8553.204s] GC(329) Pause Young (Normal) (G1 Evacuation Pause)
[2023-04-10T19:57:45.836+0800][8553.204s] GC(329) Using 8 workers of 8 for evacuation
[2023-04-10T19:57:45.838+0800][8553.206s] GC(329)   Pre Evacuate Collection Set: 0.0ms
[2023-04-10T19:57:45.838+0800][8553.206s] GC(329)   Evacuate Collection Set: 0.9ms
[2023-04-10T19:57:45.838+0800][8553.206s] GC(329)   Post Evacuate Collection Set: 0.5ms
[2023-04-10T19:57:45.838+0800][8553.206s] GC(329)   Other: 0.2ms
[2023-04-10T19:57:45.838+0800][8553.206s] GC(329) Eden regions: 304->0(299)
[2023-04-10T19:57:45.838+0800][8553.206s] GC(329) Survivor regions: 3->8(39)
[2023-04-10T19:57:45.838+0800][8553.206s] GC(329) Old regions: 40->40
[2023-04-10T19:57:45.838+0800][8553.206s] GC(329) Humongous regions: 7->6
[2023-04-10T19:57:45.838+0800][8553.206s] GC(329) Metaspace: 58473K(61008K)->58473K(61008K) NonClass: 51722K(53248K)->51722K(53248K) Class: 6750K(7760K)->6750K(7760K)
[2023-04-10T19:57:45.838+0800][8553.206s] GC(329) Pause Young (Normal) (G1 Evacuation Pause) 352M->52M(512M) 1.728ms
[2023-04-10T19:57:45.838+0800][8553.206s] GC(329) User=0.00s Sys=0.00s Real=0.00s
[2023-04-10T19:57:46.241+0800][8553.609s] GC(330) Pause Young (Normal) (G1 Evacuation Pause)
[2023-04-10T19:57:46.241+0800][8553.609s] GC(330) Using 8 workers of 8 for evacuation
[2023-04-10T19:57:46.243+0800][8553.612s] GC(330)   Pre Evacuate Collection Set: 0.0ms
[2023-04-10T19:57:46.243+0800][8553.612s] GC(330)   Evacuate Collection Set: 1.3ms
[2023-04-10T19:57:46.243+0800][8553.612s] GC(330)   Post Evacuate Collection Set: 0.7ms
[2023-04-10T19:57:46.243+0800][8553.612s] GC(330)   Other: 0.2ms
[2023-04-10T19:57:46.243+0800][8553.612s] GC(330) Eden regions: 299->0(297)
[2023-04-10T19:57:46.243+0800][8553.612s] GC(330) Survivor regions: 8->10(39)
[2023-04-10T19:57:46.243+0800][8553.612s] GC(330) Old regions: 40->40
[2023-04-10T19:57:46.243+0800][8553.612s] GC(330) Humongous regions: 15->13
[2023-04-10T19:57:46.243+0800][8553.612s] GC(330) Metaspace: 58473K(61008K)->58473K(61008K) NonClass: 51722K(53248K)->51722K(53248K) Class: 6750K(7760K)->6750K(7760K)
[2023-04-10T19:57:46.244+0800][8553.612s] GC(330) Pause Young (Normal) (G1 Evacuation Pause) 360M->61M(512M) 2.439ms
[2023-04-10T19:57:46.244+0800][8553.612s] GC(330) User=0.00s Sys=0.00s Real=0.00s
[2023-04-10T19:57:46.762+0800][8554.130s] GC(331) Pause Young (Normal) (G1 Evacuation Pause)
[2023-04-10T19:57:46.762+0800][8554.130s] GC(331) Using 8 workers of 8 for evacuation
[2023-04-10T19:57:46.765+0800][8554.133s] GC(331)   Pre Evacuate Collection Set: 0.0ms
[2023-04-10T19:57:46.765+0800][8554.133s] GC(331)   Evacuate Collection Set: 1.2ms
[2023-04-10T19:57:46.765+0800][8554.133s] GC(331)   Post Evacuate Collection Set: 0.8ms
[2023-04-10T19:57:46.765+0800][8554.133s] GC(331)   Other: 0.2ms
[2023-04-10T19:57:46.765+0800][8554.133s] GC(331) Eden regions: 297->0(296)
[2023-04-10T19:57:46.765+0800][8554.133s] GC(331) Survivor regions: 10->11(39)
[2023-04-10T19:57:46.765+0800][8554.133s] GC(331) Old regions: 40->40
[2023-04-10T19:57:46.765+0800][8554.133s] GC(331) Humongous regions: 24->13
[2023-04-10T19:57:46.765+0800][8554.133s] GC(331) Metaspace: 58476K(61008K)->58476K(61008K) NonClass: 51725K(53248K)->51725K(53248K) Class: 6750K(7760K)->6750K(7760K)
[2023-04-10T19:57:46.765+0800][8554.133s] GC(331) Pause Young (Normal) (G1 Evacuation Pause) 369M->62M(512M) 2.471ms
[2023-04-10T19:57:46.765+0800][8554.133s] GC(331) User=0.00s Sys=0.00s Real=0.00s
[2023-04-10T19:57:47.215+0800][8554.583s] GC(332) Pause Young (Normal) (G1 Evacuation Pause)
[2023-04-10T19:57:47.215+0800][8554.583s] GC(332) Using 8 workers of 8 for evacuation
[2023-04-10T19:57:47.216+0800][8554.584s] GC(332)   Pre Evacuate Collection Set: 0.0ms
[2023-04-10T19:57:47.216+0800][8554.584s] GC(332)   Evacuate Collection Set: 0.6ms
[2023-04-10T19:57:47.216+0800][8554.584s] GC(332)   Post Evacuate Collection Set: 0.6ms
[2023-04-10T19:57:47.216+0800][8554.584s] GC(332)   Other: 0.2ms
[2023-04-10T19:57:47.216+0800][8554.584s] GC(332) Eden regions: 296->0(301)
[2023-04-10T19:57:47.216+0800][8554.584s] GC(332) Survivor regions: 11->6(39)
[2023-04-10T19:57:47.216+0800][8554.584s] GC(332) Old regions: 40->40
[2023-04-10T19:57:47.216+0800][8554.584s] GC(332) Humongous regions: 14->5
[2023-04-10T19:57:47.216+0800][8554.584s] GC(332) Metaspace: 58476K(61008K)->58476K(61008K) NonClass: 51726K(53248K)->51726K(53248K) Class: 6750K(7760K)->6750K(7760K)
[2023-04-10T19:57:47.216+0800][8554.584s] GC(332) Pause Young (Normal) (G1 Evacuation Pause) 359M->49M(512M) 1.551ms
[2023-04-10T19:57:47.216+0800][8554.584s] GC(332) User=0.00s Sys=0.00s Real=0.00s
[2023-04-10T19:57:47.613+0800][8554.981s] GC(333) Pause Young (Normal) (G1 Evacuation Pause)
[2023-04-10T19:57:47.613+0800][8554.981s] GC(333) Using 8 workers of 8 for evacuation
[2023-04-10T19:57:47.614+0800][8554.983s] GC(333)   Pre Evacuate Collection Set: 0.0ms
[2023-04-10T19:57:47.614+0800][8554.983s] GC(333)   Evacuate Collection Set: 0.9ms
[2023-04-10T19:57:47.615+0800][8554.983s] GC(333)   Post Evacuate Collection Set: 0.5ms
[2023-04-10T19:57:47.615+0800][8554.983s] GC(333)   Other: 0.2ms
[2023-04-10T19:57:47.615+0800][8554.983s] GC(333) Eden regions: 301->0(299)
[2023-04-10T19:57:47.615+0800][8554.983s] GC(333) Survivor regions: 6->8(39)
[2023-04-10T19:57:47.615+0800][8554.983s] GC(333) Old regions: 40->40
[2023-04-10T19:57:47.615+0800][8554.983s] GC(333) Humongous regions: 13->12
[2023-04-10T19:57:47.615+0800][8554.983s] GC(333) Metaspace: 58476K(61008K)->58476K(61008K) NonClass: 51726K(53248K)->51726K(53248K) Class: 6750K(7760K)->6750K(7760K)
[2023-04-10T19:57:47.615+0800][8554.983s] GC(333) Pause Young (Normal) (G1 Evacuation Pause) 358M->58M(512M) 1.900ms
[2023-04-10T19:57:47.615+0800][8554.983s] GC(333) User=0.00s Sys=0.00s Real=0.00s
[2023-04-10T19:57:48.148+0800][8555.517s] GC(334) Pause Young (Normal) (G1 Evacuation Pause)
[2023-04-10T19:57:48.148+0800][8555.517s] GC(334) Using 8 workers of 8 for evacuation
[2023-04-10T19:57:48.151+0800][8555.519s] GC(334)   Pre Evacuate Collection Set: 0.0ms
[2023-04-10T19:57:48.151+0800][8555.519s] GC(334)   Evacuate Collection Set: 1.1ms
[2023-04-10T19:57:48.151+0800][8555.519s] GC(334)   Post Evacuate Collection Set: 0.8ms
[2023-04-10T19:57:48.151+0800][8555.519s] GC(334)   Other: 0.3ms
[2023-04-10T19:57:48.151+0800][8555.519s] GC(334) Eden regions: 299->0(297)
[2023-04-10T19:57:48.151+0800][8555.519s] GC(334) Survivor regions: 8->10(39)
[2023-04-10T19:57:48.151+0800][8555.519s] GC(334) Old regions: 40->40
[2023-04-10T19:57:48.151+0800][8555.519s] GC(334) Humongous regions: 25->13
[2023-04-10T19:57:48.151+0800][8555.519s] GC(334) Metaspace: 58476K(61008K)->58476K(61008K) NonClass: 51726K(53248K)->51726K(53248K) Class: 6750K(7760K)->6750K(7760K)
[2023-04-10T19:57:48.151+0800][8555.519s] GC(334) Pause Young (Normal) (G1 Evacuation Pause) 370M->61M(512M) 2.504ms
[2023-04-10T19:57:48.151+0800][8555.519s] GC(334) User=0.00s Sys=0.00s Real=0.00s
[2023-04-10T19:57:48.576+0800][8555.944s] GC(335) Pause Young (Normal) (G1 Evacuation Pause)
[2023-04-10T19:57:48.576+0800][8555.944s] GC(335) Using 8 workers of 8 for evacuation
[2023-04-10T19:57:48.577+0800][8555.945s] GC(335)   Pre Evacuate Collection Set: 0.0ms
[2023-04-10T19:57:48.577+0800][8555.945s] GC(335)   Evacuate Collection Set: 0.5ms
[2023-04-10T19:57:48.577+0800][8555.945s] GC(335)   Post Evacuate Collection Set: 0.6ms
[2023-04-10T19:57:48.577+0800][8555.945s] GC(335)   Other: 0.2ms
[2023-04-10T19:57:48.577+0800][8555.945s] GC(335) Eden regions: 297->0(303)
[2023-04-10T19:57:48.577+0800][8555.945s] GC(335) Survivor regions: 10->4(39)
[2023-04-10T19:57:48.578+0800][8555.945s] GC(335) Old regions: 40->40
[2023-04-10T19:57:48.578+0800][8555.946s] GC(335) Humongous regions: 14->5
[2023-04-10T19:57:48.578+0800][8555.946s] GC(335) Metaspace: 58480K(61008K)->58480K(61008K) NonClass: 51729K(53248K)->51729K(53248K) Class: 6750K(7760K)->6750K(7760K)
[2023-04-10T19:57:48.578+0800][8555.946s] GC(335) Pause Young (Normal) (G1 Evacuation Pause) 359M->47M(512M) 1.495ms
[2023-04-10T19:57:48.578+0800][8555.946s] GC(335) User=0.00s Sys=0.00s Real=0.00s
[2023-04-10T19:57:48.975+0800][8556.342s] GC(336) Pause Young (Normal) (G1 Evacuation Pause)
[2023-04-10T19:57:48.975+0800][8556.342s] GC(336) Using 8 workers of 8 for evacuation
[2023-04-10T19:57:48.976+0800][8556.344s] GC(336)   Pre Evacuate Collection Set: 0.0ms
[2023-04-10T19:57:48.977+0800][8556.344s] GC(336)   Evacuate Collection Set: 1.0ms
[2023-04-10T19:57:48.977+0800][8556.344s] GC(336)   Post Evacuate Collection Set: 0.6ms
[2023-04-10T19:57:48.977+0800][8556.344s] GC(336)   Other: 0.2ms
[2023-04-10T19:57:48.977+0800][8556.344s] GC(336) Eden regions: 303->0(298)
[2023-04-10T19:57:48.977+0800][8556.344s] GC(336) Survivor regions: 4->9(39)
[2023-04-10T19:57:48.977+0800][8556.344s] GC(336) Old regions: 40->40
[2023-04-10T19:57:48.977+0800][8556.344s] GC(336) Humongous regions: 7->6
[2023-04-10T19:57:48.977+0800][8556.344s] GC(336) Metaspace: 58480K(61008K)->58480K(61008K) NonClass: 51729K(53248K)->51729K(53248K) Class: 6750K(7760K)->6750K(7760K)
[2023-04-10T19:57:48.977+0800][8556.344s] GC(336) Pause Young (Normal) (G1 Evacuation Pause) 352M->54M(512M) 2.031ms
[2023-04-10T19:57:48.977+0800][8556.344s] GC(336) User=0.00s Sys=0.00s Real=0.00s
[2023-04-10T19:57:49.407+0800][8556.775s] GC(337) Pause Young (Normal) (G1 Evacuation Pause)
[2023-04-10T19:57:49.407+0800][8556.775s] GC(337) Using 8 workers of 8 for evacuation
[2023-04-10T19:57:49.408+0800][8556.776s] GC(337)   Pre Evacuate Collection Set: 0.0ms
[2023-04-10T19:57:49.409+0800][8556.776s] GC(337)   Evacuate Collection Set: 1.0ms
[2023-04-10T19:57:49.409+0800][8556.776s] GC(337)   Post Evacuate Collection Set: 0.7ms
[2023-04-10T19:57:49.409+0800][8556.776s] GC(337)   Other: 0.1ms
[2023-04-10T19:57:49.409+0800][8556.776s] GC(337) Eden regions: 298->0(297)
[2023-04-10T19:57:49.409+0800][8556.776s] GC(337) Survivor regions: 9->10(39)
[2023-04-10T19:57:49.409+0800][8556.777s] GC(337) Old regions: 40->40
[2023-04-10T19:57:49.409+0800][8556.777s] GC(337) Humongous regions: 25->13
[2023-04-10T19:57:49.409+0800][8556.777s] GC(337) Metaspace: 58480K(61008K)->58480K(61008K) NonClass: 51729K(53248K)->51729K(53248K) Class: 6750K(7760K)->6750K(7760K)
[2023-04-10T19:57:49.409+0800][8556.777s] GC(337) Pause Young (Normal) (G1 Evacuation Pause) 371M->61M(512M) 2.091ms
[2023-04-10T19:57:49.409+0800][8556.777s] GC(337) User=0.00s Sys=0.00s Real=0.00s
[2023-04-10T19:57:49.930+0800][8557.298s] GC(338) Pause Young (Normal) (G1 Evacuation Pause)
[2023-04-10T19:57:49.930+0800][8557.298s] GC(338) Using 8 workers of 8 for evacuation
[2023-04-10T19:57:49.931+0800][8557.299s] GC(338)   Pre Evacuate Collection Set: 0.0ms
[2023-04-10T19:57:49.931+0800][8557.299s] GC(338)   Evacuate Collection Set: 0.4ms
[2023-04-10T19:57:49.931+0800][8557.299s] GC(338)   Post Evacuate Collection Set: 0.6ms
[2023-04-10T19:57:49.932+0800][8557.299s] GC(338)   Other: 0.3ms
[2023-04-10T19:57:49.932+0800][8557.299s] GC(338) Eden regions: 297->0(305)
[2023-04-10T19:57:49.932+0800][8557.299s] GC(338) Survivor regions: 10->2(39)
[2023-04-10T19:57:49.932+0800][8557.299s] GC(338) Old regions: 40->40
[2023-04-10T19:57:49.932+0800][8557.299s] GC(338) Humongous regions: 13->4
[2023-04-10T19:57:49.932+0800][8557.299s] GC(338) Metaspace: 58483K(61008K)->58483K(61008K) NonClass: 51732K(53248K)->51732K(53248K) Class: 6750K(7760K)->6750K(7760K)
[2023-04-10T19:57:49.932+0800][8557.299s] GC(338) Pause Young (Normal) (G1 Evacuation Pause) 358M->45M(512M) 1.623ms
[2023-04-10T19:57:49.932+0800][8557.299s] GC(338) User=0.00s Sys=0.00s Real=0.00s
[2023-04-10T19:57:50.361+0800][8557.729s] GC(339) Pause Young (Normal) (G1 Evacuation Pause)
[2023-04-10T19:57:50.361+0800][8557.729s] GC(339) Using 8 workers of 8 for evacuation
[2023-04-10T19:57:50.363+0800][8557.731s] GC(339)   Pre Evacuate Collection Set: 0.0ms
[2023-04-10T19:57:50.363+0800][8557.731s] GC(339)   Evacuate Collection Set: 0.8ms
[2023-04-10T19:57:50.363+0800][8557.731s] GC(339)   Post Evacuate Collection Set: 0.7ms
[2023-04-10T19:57:50.363+0800][8557.731s] GC(339)   Other: 0.2ms
[2023-04-10T19:57:50.363+0800][8557.731s] GC(339) Eden regions: 305->0(299)
[2023-04-10T19:57:50.363+0800][8557.731s] GC(339) Survivor regions: 2->8(39)
[2023-04-10T19:57:50.363+0800][8557.731s] GC(339) Old regions: 40->40
[2023-04-10T19:57:50.363+0800][8557.731s] GC(339) Humongous regions: 7->6
[2023-04-10T19:57:50.363+0800][8557.731s] GC(339) Metaspace: 58483K(61008K)->58483K(61008K) NonClass: 51732K(53248K)->51732K(53248K) Class: 6750K(7760K)->6750K(7760K)
[2023-04-10T19:57:50.363+0800][8557.731s] GC(339) Pause Young (Normal) (G1 Evacuation Pause) 353M->52M(512M) 1.899ms
[2023-04-10T19:57:50.363+0800][8557.731s] GC(339) User=0.00s Sys=0.00s Real=0.00s
[2023-04-10T19:57:50.780+0800][8558.148s] GC(340) Pause Young (Normal) (G1 Evacuation Pause)
[2023-04-10T19:57:50.780+0800][8558.148s] GC(340) Using 8 workers of 8 for evacuation
[2023-04-10T19:57:50.782+0800][8558.150s] GC(340)   Pre Evacuate Collection Set: 0.0ms
[2023-04-10T19:57:50.782+0800][8558.150s] GC(340)   Evacuate Collection Set: 1.0ms
[2023-04-10T19:57:50.782+0800][8558.150s] GC(340)   Post Evacuate Collection Set: 0.6ms
[2023-04-10T19:57:50.782+0800][8558.150s] GC(340)   Other: 0.2ms
[2023-04-10T19:57:50.782+0800][8558.150s] GC(340) Eden regions: 299->0(297)
[2023-04-10T19:57:50.782+0800][8558.150s] GC(340) Survivor regions: 8->10(39)
[2023-04-10T19:57:50.782+0800][8558.150s] GC(340) Old regions: 40->40
[2023-04-10T19:57:50.782+0800][8558.150s] GC(340) Humongous regions: 20->13
[2023-04-10T19:57:50.782+0800][8558.150s] GC(340) Metaspace: 58483K(61008K)->58483K(61008K) NonClass: 51732K(53248K)->51732K(53248K) Class: 6750K(7760K)->6750K(7760K)
[2023-04-10T19:57:50.782+0800][8558.150s] GC(340) Pause Young (Normal) (G1 Evacuation Pause) 365M->61M(512M) 2.033ms
[2023-04-10T19:57:50.782+0800][8558.151s] GC(340) User=0.00s Sys=0.00s Real=0.00s
[2023-04-10T19:57:51.319+0800][8558.688s] GC(341) Pause Young (Normal) (G1 Evacuation Pause)
[2023-04-10T19:57:51.320+0800][8558.688s] GC(341) Using 8 workers of 8 for evacuation
[2023-04-10T19:57:51.321+0800][8558.690s] GC(341)   Pre Evacuate Collection Set: 0.0ms
[2023-04-10T19:57:51.322+0800][8558.690s] GC(341)   Evacuate Collection Set: 1.1ms
[2023-04-10T19:57:51.322+0800][8558.690s] GC(341)   Post Evacuate Collection Set: 0.6ms
[2023-04-10T19:57:51.322+0800][8558.690s] GC(341)   Other: 0.2ms
[2023-04-10T19:57:51.322+0800][8558.690s] GC(341) Eden regions: 297->0(296)
[2023-04-10T19:57:51.322+0800][8558.690s] GC(341) Survivor regions: 10->11(39)
[2023-04-10T19:57:51.322+0800][8558.690s] GC(341) Old regions: 40->40
[2023-04-10T19:57:51.322+0800][8558.690s] GC(341) Humongous regions: 18->13
[2023-04-10T19:57:51.322+0800][8558.690s] GC(341) Metaspace: 58483K(61008K)->58483K(61008K) NonClass: 51732K(53248K)->51732K(53248K) Class: 6750K(7760K)->6750K(7760K)
[2023-04-10T19:57:51.322+0800][8558.690s] GC(341) Pause Young (Normal) (G1 Evacuation Pause) 363M->62M(512M) 2.210ms
[2023-04-10T19:57:51.322+0800][8558.690s] GC(341) User=0.00s Sys=0.00s Real=0.00s
[2023-04-10T19:57:51.844+0800][8559.212s] GC(342) Pause Young (Normal) (G1 Evacuation Pause)
[2023-04-10T19:57:51.844+0800][8559.212s] GC(342) Using 8 workers of 8 for evacuation
[2023-04-10T19:57:51.845+0800][8559.213s] GC(342)   Pre Evacuate Collection Set: 0.0ms
[2023-04-10T19:57:51.845+0800][8559.213s] GC(342)   Evacuate Collection Set: 0.7ms
[2023-04-10T19:57:51.845+0800][8559.213s] GC(342)   Post Evacuate Collection Set: 0.6ms
[2023-04-10T19:57:51.845+0800][8559.213s] GC(342)   Other: 0.2ms
[2023-04-10T19:57:51.845+0800][8559.213s] GC(342) Eden regions: 296->0(301)
[2023-04-10T19:57:51.845+0800][8559.213s] GC(342) Survivor regions: 11->6(39)
[2023-04-10T19:57:51.845+0800][8559.213s] GC(342) Old regions: 40->40
[2023-04-10T19:57:51.845+0800][8559.213s] GC(342) Humongous regions: 14->5
[2023-04-10T19:57:51.845+0800][8559.213s] GC(342) Metaspace: 58483K(61008K)->58483K(61008K) NonClass: 51732K(53248K)->51732K(53248K) Class: 6750K(7760K)->6750K(7760K)
[2023-04-10T19:57:51.845+0800][8559.213s] GC(342) Pause Young (Normal) (G1 Evacuation Pause) 359M->49M(512M) 1.641ms
[2023-04-10T19:57:51.845+0800][8559.213s] GC(342) User=0.00s Sys=0.00s Real=0.00s
[2023-04-10T19:57:52.313+0800][8559.682s] GC(343) Pause Young (Normal) (G1 Evacuation Pause)
[2023-04-10T19:57:52.313+0800][8559.682s] GC(343) Using 8 workers of 8 for evacuation
[2023-04-10T19:57:52.315+0800][8559.683s] GC(343)   Pre Evacuate Collection Set: 0.0ms
[2023-04-10T19:57:52.315+0800][8559.683s] GC(343)   Evacuate Collection Set: 1.1ms
[2023-04-10T19:57:52.315+0800][8559.683s] GC(343)   Post Evacuate Collection Set: 0.5ms
[2023-04-10T19:57:52.315+0800][8559.683s] GC(343)   Other: 0.2ms
[2023-04-10T19:57:52.315+0800][8559.683s] GC(343) Eden regions: 301->0(295)
[2023-04-10T19:57:52.315+0800][8559.683s] GC(343) Survivor regions: 6->12(39)
[2023-04-10T19:57:52.315+0800][8559.683s] GC(343) Old regions: 40->40
[2023-04-10T19:57:52.315+0800][8559.684s] GC(343) Humongous regions: 8->7
[2023-04-10T19:57:52.315+0800][8559.684s] GC(343) Metaspace: 58483K(61008K)->58483K(61008K) NonClass: 51732K(53248K)->51732K(53248K) Class: 6750K(7760K)->6750K(7760K)
[2023-04-10T19:57:52.315+0800][8559.684s] GC(343) Pause Young (Normal) (G1 Evacuation Pause) 353M->57M(512M) 1.978ms
[2023-04-10T19:57:52.315+0800][8559.684s] GC(343) User=0.00s Sys=0.00s Real=0.00s
[2023-04-10T19:57:52.868+0800][8560.236s] GC(344) Pause Young (Normal) (G1 Evacuation Pause)
[2023-04-10T19:57:52.868+0800][8560.236s] GC(344) Using 8 workers of 8 for evacuation
[2023-04-10T19:57:52.870+0800][8560.238s] GC(344)   Pre Evacuate Collection Set: 0.0ms
[2023-04-10T19:57:52.870+0800][8560.238s] GC(344)   Evacuate Collection Set: 1.1ms
[2023-04-10T19:57:52.870+0800][8560.238s] GC(344)   Post Evacuate Collection Set: 0.4ms
[2023-04-10T19:57:52.870+0800][8560.238s] GC(344)   Other: 0.2ms
[2023-04-10T19:57:52.870+0800][8560.238s] GC(344) Eden regions: 295->0(296)
[2023-04-10T19:57:52.870+0800][8560.238s] GC(344) Survivor regions: 12->11(39)
[2023-04-10T19:57:52.870+0800][8560.238s] GC(344) Old regions: 40->40
[2023-04-10T19:57:52.870+0800][8560.238s] GC(344) Humongous regions: 25->13
[2023-04-10T19:57:52.870+0800][8560.238s] GC(344) Metaspace: 58483K(61008K)->58483K(61008K) NonClass: 51732K(53248K)->51732K(53248K) Class: 6750K(7760K)->6750K(7760K)
[2023-04-10T19:57:52.870+0800][8560.238s] GC(344) Pause Young (Normal) (G1 Evacuation Pause) 370M->62M(512M) 1.998ms
[2023-04-10T19:57:52.870+0800][8560.238s] GC(344) User=0.00s Sys=0.00s Real=0.00s
[2023-04-10T19:57:53.366+0800][8560.734s] GC(345) Pause Young (Normal) (G1 Evacuation Pause)
[2023-04-10T19:57:53.366+0800][8560.734s] GC(345) Using 8 workers of 8 for evacuation
[2023-04-10T19:57:53.368+0800][8560.735s] GC(345)   Pre Evacuate Collection Set: 0.1ms
[2023-04-10T19:57:53.368+0800][8560.735s] GC(345)   Evacuate Collection Set: 0.5ms
[2023-04-10T19:57:53.368+0800][8560.735s] GC(345)   Post Evacuate Collection Set: 0.6ms
[2023-04-10T19:57:53.368+0800][8560.735s] GC(345)   Other: 0.2ms
[2023-04-10T19:57:53.368+0800][8560.735s] GC(345) Eden regions: 296->0(303)
[2023-04-10T19:57:53.368+0800][8560.736s] GC(345) Survivor regions: 11->4(39)
[2023-04-10T19:57:53.368+0800][8560.736s] GC(345) Old regions: 40->40
[2023-04-10T19:57:53.368+0800][8560.736s] GC(345) Humongous regions: 14->5
[2023-04-10T19:57:53.368+0800][8560.736s] GC(345) Metaspace: 58497K(61008K)->58497K(61008K) NonClass: 51747K(53248K)->51747K(53248K) Class: 6750K(7760K)->6750K(7760K)
[2023-04-10T19:57:53.368+0800][8560.736s] GC(345) Pause Young (Normal) (G1 Evacuation Pause) 359M->47M(512M) 1.646ms
[2023-04-10T19:57:53.368+0800][8560.736s] GC(345) User=0.00s Sys=0.00s Real=0.00s
[2023-04-10T19:57:53.784+0800][8561.152s] GC(346) Pause Young (Normal) (G1 Evacuation Pause)
[2023-04-10T19:57:53.784+0800][8561.152s] GC(346) Using 8 workers of 8 for evacuation
[2023-04-10T19:57:53.786+0800][8561.154s] GC(346)   Pre Evacuate Collection Set: 0.0ms
[2023-04-10T19:57:53.786+0800][8561.154s] GC(346)   Evacuate Collection Set: 1.0ms
[2023-04-10T19:57:53.786+0800][8561.154s] GC(346)   Post Evacuate Collection Set: 0.5ms
[2023-04-10T19:57:53.786+0800][8561.154s] GC(346)   Other: 0.2ms
[2023-04-10T19:57:53.786+0800][8561.154s] GC(346) Eden regions: 303->0(297)
[2023-04-10T19:57:53.786+0800][8561.154s] GC(346) Survivor regions: 4->10(39)
[2023-04-10T19:57:53.786+0800][8561.154s] GC(346) Old regions: 40->40
[2023-04-10T19:57:53.786+0800][8561.154s] GC(346) Humongous regions: 7->6
[2023-04-10T19:57:53.786+0800][8561.154s] GC(346) Metaspace: 58497K(61008K)->58497K(61008K) NonClass: 51747K(53248K)->51747K(53248K) Class: 6750K(7760K)->6750K(7760K)
[2023-04-10T19:57:53.786+0800][8561.154s] GC(346) Pause Young (Normal) (G1 Evacuation Pause) 352M->54M(512M) 2.005ms
[2023-04-10T19:57:53.786+0800][8561.154s] GC(346) User=0.00s Sys=0.00s Real=0.00s
[2023-04-10T19:57:54.350+0800][8561.718s] GC(347) Pause Young (Normal) (G1 Evacuation Pause)
[2023-04-10T19:57:54.350+0800][8561.718s] GC(347) Using 8 workers of 8 for evacuation
[2023-04-10T19:57:54.352+0800][8561.720s] GC(347)   Pre Evacuate Collection Set: 0.0ms
[2023-04-10T19:57:54.352+0800][8561.720s] GC(347)   Evacuate Collection Set: 1.1ms
[2023-04-10T19:57:54.352+0800][8561.720s] GC(347)   Post Evacuate Collection Set: 0.6ms
[2023-04-10T19:57:54.352+0800][8561.720s] GC(347)   Other: 0.2ms
[2023-04-10T19:57:54.352+0800][8561.720s] GC(347) Eden regions: 297->0(297)
[2023-04-10T19:57:54.352+0800][8561.720s] GC(347) Survivor regions: 10->10(39)
[2023-04-10T19:57:54.352+0800][8561.720s] GC(347) Old regions: 40->40
[2023-04-10T19:57:54.352+0800][8561.720s] GC(347) Humongous regions: 25->13
[2023-04-10T19:57:54.352+0800][8561.720s] GC(347) Metaspace: 58497K(61008K)->58497K(61008K) NonClass: 51747K(53248K)->51747K(53248K) Class: 6750K(7760K)->6750K(7760K)
[2023-04-10T19:57:54.352+0800][8561.720s] GC(347) Pause Young (Normal) (G1 Evacuation Pause) 370M->62M(512M) 2.016ms
[2023-04-10T19:57:54.352+0800][8561.720s] GC(347) User=0.00s Sys=0.00s Real=0.00s
[2023-04-10T19:57:54.760+0800][8562.128s] GC(348) Pause Young (Normal) (G1 Evacuation Pause)
[2023-04-10T19:57:54.760+0800][8562.128s] GC(348) Using 8 workers of 8 for evacuation
[2023-04-10T19:57:54.762+0800][8562.130s] GC(348)   Pre Evacuate Collection Set: 0.0ms
[2023-04-10T19:57:54.762+0800][8562.130s] GC(348)   Evacuate Collection Set: 0.4ms
[2023-04-10T19:57:54.762+0800][8562.130s] GC(348)   Post Evacuate Collection Set: 0.6ms
[2023-04-10T19:57:54.762+0800][8562.130s] GC(348)   Other: 0.2ms
[2023-04-10T19:57:54.762+0800][8562.130s] GC(348) Eden regions: 297->0(304)
[2023-04-10T19:57:54.762+0800][8562.130s] GC(348) Survivor regions: 10->3(39)
[2023-04-10T19:57:54.762+0800][8562.130s] GC(348) Old regions: 40->40
[2023-04-10T19:57:54.762+0800][8562.130s] GC(348) Humongous regions: 13->4
[2023-04-10T19:57:54.762+0800][8562.130s] GC(348) Metaspace: 58497K(61008K)->58497K(61008K) NonClass: 51747K(53248K)->51747K(53248K) Class: 6750K(7760K)->6750K(7760K)
[2023-04-10T19:57:54.762+0800][8562.130s] GC(348) Pause Young (Normal) (G1 Evacuation Pause) 359M->45M(512M) 1.566ms
[2023-04-10T19:57:54.762+0800][8562.130s] GC(348) User=0.02s Sys=0.00s Real=0.00s
[2023-04-10T19:57:55.168+0800][8562.536s] GC(349) Pause Young (Normal) (G1 Evacuation Pause)
[2023-04-10T19:57:55.168+0800][8562.536s] GC(349) Using 8 workers of 8 for evacuation
[2023-04-10T19:57:55.169+0800][8562.537s] GC(349)   Pre Evacuate Collection Set: 0.0ms
[2023-04-10T19:57:55.169+0800][8562.537s] GC(349)   Evacuate Collection Set: 0.9ms
[2023-04-10T19:57:55.169+0800][8562.537s] GC(349)   Post Evacuate Collection Set: 0.6ms
[2023-04-10T19:57:55.169+0800][8562.537s] GC(349)   Other: 0.2ms
[2023-04-10T19:57:55.169+0800][8562.537s] GC(349) Eden regions: 304->0(298)
[2023-04-10T19:57:55.169+0800][8562.537s] GC(349) Survivor regions: 3->9(39)
[2023-04-10T19:57:55.170+0800][8562.538s] GC(349) Old regions: 40->40
[2023-04-10T19:57:55.170+0800][8562.538s] GC(349) Humongous regions: 7->6
[2023-04-10T19:57:55.170+0800][8562.538s] GC(349) Metaspace: 58497K(61008K)->58497K(61008K) NonClass: 51747K(53248K)->51747K(53248K) Class: 6750K(7760K)->6750K(7760K)
[2023-04-10T19:57:55.170+0800][8562.538s] GC(349) Pause Young (Normal) (G1 Evacuation Pause) 352M->53M(512M) 1.985ms
[2023-04-10T19:57:55.170+0800][8562.538s] GC(349) User=0.00s Sys=0.00s Real=0.00s
[2023-04-10T19:57:55.613+0800][8562.981s] GC(350) Pause Young (Normal) (G1 Evacuation Pause)
[2023-04-10T19:57:55.613+0800][8562.981s] GC(350) Using 8 workers of 8 for evacuation
[2023-04-10T19:57:55.614+0800][8562.983s] GC(350)   Pre Evacuate Collection Set: 0.0ms
[2023-04-10T19:57:55.615+0800][8562.983s] GC(350)   Evacuate Collection Set: 1.1ms
[2023-04-10T19:57:55.615+0800][8562.983s] GC(350)   Post Evacuate Collection Set: 0.6ms
[2023-04-10T19:57:55.615+0800][8562.983s] GC(350)   Other: 0.2ms
[2023-04-10T19:57:55.615+0800][8562.983s] GC(350) Eden regions: 298->0(297)
[2023-04-10T19:57:55.615+0800][8562.983s] GC(350) Survivor regions: 9->10(39)
[2023-04-10T19:57:55.615+0800][8562.983s] GC(350) Old regions: 40->40
[2023-04-10T19:57:55.615+0800][8562.983s] GC(350) Humongous regions: 20->13
[2023-04-10T19:57:55.615+0800][8562.983s] GC(350) Metaspace: 58497K(61008K)->58497K(61008K) NonClass: 51747K(53248K)->51747K(53248K) Class: 6750K(7760K)->6750K(7760K)
[2023-04-10T19:57:55.615+0800][8562.983s] GC(350) Pause Young (Normal) (G1 Evacuation Pause) 365M->61M(512M) 2.150ms
[2023-04-10T19:57:55.615+0800][8562.983s] GC(350) User=0.00s Sys=0.00s Real=0.00s
[2023-04-10T19:57:56.139+0800][8563.507s] GC(351) Pause Young (Normal) (G1 Evacuation Pause)
[2023-04-10T19:57:56.139+0800][8563.507s] GC(351) Using 8 workers of 8 for evacuation
[2023-04-10T19:57:56.140+0800][8563.508s] GC(351)   Pre Evacuate Collection Set: 0.0ms
[2023-04-10T19:57:56.140+0800][8563.508s] GC(351)   Evacuate Collection Set: 0.3ms
[2023-04-10T19:57:56.140+0800][8563.508s] GC(351)   Post Evacuate Collection Set: 0.5ms
[2023-04-10T19:57:56.140+0800][8563.508s] GC(351)   Other: 0.1ms
[2023-04-10T19:57:56.140+0800][8563.508s] GC(351) Eden regions: 297->0(306)
[2023-04-10T19:57:56.140+0800][8563.508s] GC(351) Survivor regions: 10->1(39)
[2023-04-10T19:57:56.140+0800][8563.508s] GC(351) Old regions: 40->40
[2023-04-10T19:57:56.140+0800][8563.508s] GC(351) Humongous regions: 18->4
[2023-04-10T19:57:56.140+0800][8563.508s] GC(351) Metaspace: 58501K(61008K)->58501K(61008K) NonClass: 51750K(53248K)->51750K(53248K) Class: 6750K(7760K)->6750K(7760K)
[2023-04-10T19:57:56.140+0800][8563.508s] GC(351) Pause Young (Normal) (G1 Evacuation Pause) 363M->43M(512M) 1.149ms
[2023-04-10T19:57:56.140+0800][8563.508s] GC(351) User=0.00s Sys=0.00s Real=0.00s
[2023-04-10T19:57:56.574+0800][8563.942s] GC(352) Pause Young (Normal) (G1 Evacuation Pause)
[2023-04-10T19:57:56.574+0800][8563.942s] GC(352) Using 8 workers of 8 for evacuation
[2023-04-10T19:57:56.575+0800][8563.944s] GC(352)   Pre Evacuate Collection Set: 0.0ms
[2023-04-10T19:57:56.575+0800][8563.944s] GC(352)   Evacuate Collection Set: 0.7ms
[2023-04-10T19:57:56.575+0800][8563.944s] GC(352)   Post Evacuate Collection Set: 0.5ms
[2023-04-10T19:57:56.575+0800][8563.944s] GC(352)   Other: 0.2ms
[2023-04-10T19:57:56.575+0800][8563.944s] GC(352) Eden regions: 306->0(300)
[2023-04-10T19:57:56.575+0800][8563.944s] GC(352) Survivor regions: 1->7(39)
[2023-04-10T19:57:56.575+0800][8563.944s] GC(352) Old regions: 40->40
[2023-04-10T19:57:56.575+0800][8563.944s] GC(352) Humongous regions: 7->6
[2023-04-10T19:57:56.575+0800][8563.944s] GC(352) Metaspace: 58501K(61008K)->58501K(61008K) NonClass: 51750K(53248K)->51750K(53248K) Class: 6750K(7760K)->6750K(7760K)
[2023-04-10T19:57:56.575+0800][8563.944s] GC(352) Pause Young (Normal) (G1 Evacuation Pause) 352M->51M(512M) 1.583ms
[2023-04-10T19:57:56.575+0800][8563.944s] GC(352) User=0.00s Sys=0.00s Real=0.00s
[2023-04-10T19:59:23.137+0800][8650.505s] GC(353) Pause Young (Normal) (G1 Evacuation Pause)
[2023-04-10T19:59:23.137+0800][8650.505s] GC(353) Using 8 workers of 8 for evacuation
[2023-04-10T19:59:23.138+0800][8650.506s] GC(353)   Pre Evacuate Collection Set: 0.0ms
[2023-04-10T19:59:23.138+0800][8650.506s] GC(353)   Evacuate Collection Set: 0.9ms
[2023-04-10T19:59:23.138+0800][8650.506s] GC(353)   Post Evacuate Collection Set: 0.4ms
[2023-04-10T19:59:23.138+0800][8650.506s] GC(353)   Other: 0.2ms
[2023-04-10T19:59:23.138+0800][8650.506s] GC(353) Eden regions: 300->0(302)
[2023-04-10T19:59:23.138+0800][8650.506s] GC(353) Survivor regions: 7->5(39)
[2023-04-10T19:59:23.138+0800][8650.506s] GC(353) Old regions: 40->40
[2023-04-10T19:59:23.138+0800][8650.506s] GC(353) Humongous regions: 6->4
[2023-04-10T19:59:23.138+0800][8650.506s] GC(353) Metaspace: 58653K(61264K)->58653K(61264K) NonClass: 51893K(53504K)->51893K(53504K) Class: 6759K(7760K)->6759K(7760K)
[2023-04-10T19:59:23.138+0800][8650.506s] GC(353) Pause Young (Normal) (G1 Evacuation Pause) 351M->47M(512M) 1.643ms
[2023-04-10T19:59:23.138+0800][8650.506s] GC(353) User=0.00s Sys=0.00s Real=0.00s
[2023-04-10T19:59:23.568+0800][8650.937s] GC(354) Pause Young (Normal) (G1 Evacuation Pause)
[2023-04-10T19:59:23.569+0800][8650.937s] GC(354) Using 8 workers of 8 for evacuation
[2023-04-10T19:59:23.571+0800][8650.939s] GC(354)   Pre Evacuate Collection Set: 0.0ms
[2023-04-10T19:59:23.571+0800][8650.939s] GC(354)   Evacuate Collection Set: 1.1ms
[2023-04-10T19:59:23.571+0800][8650.939s] GC(354)   Post Evacuate Collection Set: 0.8ms
[2023-04-10T19:59:23.571+0800][8650.939s] GC(354)   Other: 0.2ms
[2023-04-10T19:59:23.571+0800][8650.939s] GC(354) Eden regions: 302->0(297)
[2023-04-10T19:59:23.571+0800][8650.939s] GC(354) Survivor regions: 5->10(39)
[2023-04-10T19:59:23.571+0800][8650.939s] GC(354) Old regions: 40->40
[2023-04-10T19:59:23.571+0800][8650.939s] GC(354) Humongous regions: 7->6
[2023-04-10T19:59:23.571+0800][8650.939s] GC(354) Metaspace: 58653K(61264K)->58653K(61264K) NonClass: 51893K(53504K)->51893K(53504K) Class: 6759K(7760K)->6759K(7760K)
[2023-04-10T19:59:23.571+0800][8650.939s] GC(354) Pause Young (Normal) (G1 Evacuation Pause) 352M->54M(512M) 2.255ms
[2023-04-10T19:59:23.571+0800][8650.939s] GC(354) User=0.00s Sys=0.00s Real=0.00s
[2023-04-10T19:59:24.018+0800][8651.386s] GC(355) Pause Young (Normal) (G1 Evacuation Pause)
[2023-04-10T19:59:24.018+0800][8651.386s] GC(355) Using 8 workers of 8 for evacuation
[2023-04-10T19:59:24.021+0800][8651.388s] GC(355)   Pre Evacuate Collection Set: 0.0ms
[2023-04-10T19:59:24.021+0800][8651.388s] GC(355)   Evacuate Collection Set: 1.4ms
[2023-04-10T19:59:24.021+0800][8651.388s] GC(355)   Post Evacuate Collection Set: 0.8ms
[2023-04-10T19:59:24.021+0800][8651.388s] GC(355)   Other: 0.2ms
[2023-04-10T19:59:24.021+0800][8651.388s] GC(355) Eden regions: 297->0(295)
[2023-04-10T19:59:24.021+0800][8651.389s] GC(355) Survivor regions: 10->12(39)
[2023-04-10T19:59:24.021+0800][8651.389s] GC(355) Old regions: 40->40
[2023-04-10T19:59:24.021+0800][8651.389s] GC(355) Humongous regions: 20->13
[2023-04-10T19:59:24.021+0800][8651.389s] GC(355) Metaspace: 58653K(61264K)->58653K(61264K) NonClass: 51893K(53504K)->51893K(53504K) Class: 6759K(7760K)->6759K(7760K)
[2023-04-10T19:59:24.021+0800][8651.389s] GC(355) Pause Young (Normal) (G1 Evacuation Pause) 365M->63M(512M) 2.517ms
[2023-04-10T19:59:24.021+0800][8651.389s] GC(355) User=0.00s Sys=0.00s Real=0.00s
[2023-04-10T19:59:24.570+0800][8651.938s] GC(356) Pause Young (Normal) (G1 Evacuation Pause)
[2023-04-10T19:59:24.570+0800][8651.938s] GC(356) Using 8 workers of 8 for evacuation
[2023-04-10T19:59:24.571+0800][8651.939s] GC(356)   Pre Evacuate Collection Set: 0.0ms
[2023-04-10T19:59:24.571+0800][8651.939s] GC(356)   Evacuate Collection Set: 0.5ms
[2023-04-10T19:59:24.571+0800][8651.939s] GC(356)   Post Evacuate Collection Set: 0.4ms
[2023-04-10T19:59:24.571+0800][8651.939s] GC(356)   Other: 0.2ms
[2023-04-10T19:59:24.571+0800][8651.939s] GC(356) Eden regions: 295->0(305)
[2023-04-10T19:59:24.571+0800][8651.939s] GC(356) Survivor regions: 12->2(39)
[2023-04-10T19:59:24.571+0800][8651.939s] GC(356) Old regions: 40->40
[2023-04-10T19:59:24.571+0800][8651.939s] GC(356) Humongous regions: 18->4
[2023-04-10T19:59:24.571+0800][8651.939s] GC(356) Metaspace: 58653K(61264K)->58653K(61264K) NonClass: 51893K(53504K)->51893K(53504K) Class: 6759K(7760K)->6759K(7760K)
[2023-04-10T19:59:24.571+0800][8651.939s] GC(356) Pause Young (Normal) (G1 Evacuation Pause) 363M->44M(512M) 1.417ms
[2023-04-10T19:59:24.571+0800][8651.939s] GC(356) User=0.00s Sys=0.00s Real=0.00s
[2023-04-10T19:59:25.038+0800][8652.406s] GC(357) Pause Young (Normal) (G1 Evacuation Pause)
[2023-04-10T19:59:25.038+0800][8652.406s] GC(357) Using 8 workers of 8 for evacuation
[2023-04-10T19:59:25.040+0800][8652.408s] GC(357)   Pre Evacuate Collection Set: 0.0ms
[2023-04-10T19:59:25.040+0800][8652.408s] GC(357)   Evacuate Collection Set: 1.1ms
[2023-04-10T19:59:25.040+0800][8652.408s] GC(357)   Post Evacuate Collection Set: 0.5ms
[2023-04-10T19:59:25.040+0800][8652.408s] GC(357)   Other: 0.2ms
[2023-04-10T19:59:25.040+0800][8652.408s] GC(357) Eden regions: 305->0(298)
[2023-04-10T19:59:25.040+0800][8652.408s] GC(357) Survivor regions: 2->9(39)
[2023-04-10T19:59:25.040+0800][8652.408s] GC(357) Old regions: 40->40
[2023-04-10T19:59:25.040+0800][8652.408s] GC(357) Humongous regions: 7->6
[2023-04-10T19:59:25.040+0800][8652.408s] GC(357) Metaspace: 58653K(61264K)->58653K(61264K) NonClass: 51893K(53504K)->51893K(53504K) Class: 6759K(7760K)->6759K(7760K)
[2023-04-10T19:59:25.040+0800][8652.408s] GC(357) Pause Young (Normal) (G1 Evacuation Pause) 352M->53M(512M) 2.042ms
[2023-04-10T19:59:25.040+0800][8652.408s] GC(357) User=0.00s Sys=0.00s Real=0.00s
[2023-04-10T19:59:25.540+0800][8652.908s] GC(358) Pause Young (Normal) (G1 Evacuation Pause)
[2023-04-10T19:59:25.540+0800][8652.908s] GC(358) Using 8 workers of 8 for evacuation
[2023-04-10T19:59:25.542+0800][8652.910s] GC(358)   Pre Evacuate Collection Set: 0.0ms
[2023-04-10T19:59:25.542+0800][8652.910s] GC(358)   Evacuate Collection Set: 1.3ms
[2023-04-10T19:59:25.542+0800][8652.910s] GC(358)   Post Evacuate Collection Set: 0.5ms
[2023-04-10T19:59:25.542+0800][8652.910s] GC(358)   Other: 0.2ms
[2023-04-10T19:59:25.542+0800][8652.910s] GC(358) Eden regions: 298->0(297)
[2023-04-10T19:59:25.542+0800][8652.910s] GC(358) Survivor regions: 9->10(39)
[2023-04-10T19:59:25.542+0800][8652.910s] GC(358) Old regions: 40->40
[2023-04-10T19:59:25.542+0800][8652.910s] GC(358) Humongous regions: 12->12
[2023-04-10T19:59:25.543+0800][8652.910s] GC(358) Metaspace: 58653K(61264K)->58653K(61264K) NonClass: 51893K(53504K)->51893K(53504K) Class: 6759K(7760K)->6759K(7760K)
[2023-04-10T19:59:25.543+0800][8652.910s] GC(358) Pause Young (Normal) (G1 Evacuation Pause) 357M->60M(512M) 2.289ms
[2023-04-10T19:59:25.543+0800][8652.910s] GC(358) User=0.00s Sys=0.02s Real=0.00s
[2023-04-10T19:59:26.059+0800][8653.427s] GC(359) Pause Young (Normal) (G1 Evacuation Pause)
[2023-04-10T19:59:26.059+0800][8653.427s] GC(359) Using 8 workers of 8 for evacuation
[2023-04-10T19:59:26.061+0800][8653.429s] GC(359)   Pre Evacuate Collection Set: 0.0ms
[2023-04-10T19:59:26.061+0800][8653.429s] GC(359)   Evacuate Collection Set: 1.6ms
[2023-04-10T19:59:26.061+0800][8653.429s] GC(359)   Post Evacuate Collection Set: 0.7ms
[2023-04-10T19:59:26.061+0800][8653.429s] GC(359)   Other: 0.2ms
[2023-04-10T19:59:26.061+0800][8653.429s] GC(359) Eden regions: 297->0(296)
[2023-04-10T19:59:26.061+0800][8653.429s] GC(359) Survivor regions: 10->11(39)
[2023-04-10T19:59:26.061+0800][8653.429s] GC(359) Old regions: 40->40
[2023-04-10T19:59:26.061+0800][8653.429s] GC(359) Humongous regions: 25->13
[2023-04-10T19:59:26.061+0800][8653.429s] GC(359) Metaspace: 58653K(61264K)->58653K(61264K) NonClass: 51893K(53504K)->51893K(53504K) Class: 6759K(7760K)->6759K(7760K)
[2023-04-10T19:59:26.061+0800][8653.429s] GC(359) Pause Young (Normal) (G1 Evacuation Pause) 370M->63M(512M) 2.640ms
[2023-04-10T19:59:26.061+0800][8653.429s] GC(359) User=0.00s Sys=0.00s Real=0.00s
[2023-04-10T19:59:26.527+0800][8653.894s] GC(360) Pause Young (Normal) (G1 Evacuation Pause)
[2023-04-10T19:59:26.527+0800][8653.894s] GC(360) Using 8 workers of 8 for evacuation
[2023-04-10T19:59:26.528+0800][8653.896s] GC(360)   Pre Evacuate Collection Set: 0.0ms
[2023-04-10T19:59:26.528+0800][8653.896s] GC(360)   Evacuate Collection Set: 0.9ms
[2023-04-10T19:59:26.528+0800][8653.896s] GC(360)   Post Evacuate Collection Set: 0.6ms
[2023-04-10T19:59:26.528+0800][8653.896s] GC(360)   Other: 0.2ms
[2023-04-10T19:59:26.528+0800][8653.896s] GC(360) Eden regions: 296->0(301)
[2023-04-10T19:59:26.528+0800][8653.896s] GC(360) Survivor regions: 11->6(39)
[2023-04-10T19:59:26.528+0800][8653.896s] GC(360) Old regions: 40->40
[2023-04-10T19:59:26.528+0800][8653.896s] GC(360) Humongous regions: 14->5
[2023-04-10T19:59:26.528+0800][8653.896s] GC(360) Metaspace: 58653K(61264K)->58653K(61264K) NonClass: 51893K(53504K)->51893K(53504K) Class: 6759K(7760K)->6759K(7760K)
[2023-04-10T19:59:26.528+0800][8653.896s] GC(360) Pause Young (Normal) (G1 Evacuation Pause) 360M->50M(512M) 1.792ms
[2023-04-10T19:59:26.528+0800][8653.896s] GC(360) User=0.00s Sys=0.00s Real=0.00s
[2023-04-10T19:59:26.907+0800][8654.275s] GC(361) Pause Young (Normal) (G1 Evacuation Pause)
[2023-04-10T19:59:26.907+0800][8654.275s] GC(361) Using 8 workers of 8 for evacuation
[2023-04-10T19:59:26.909+0800][8654.277s] GC(361)   Pre Evacuate Collection Set: 0.0ms
[2023-04-10T19:59:26.909+0800][8654.277s] GC(361)   Evacuate Collection Set: 1.3ms
[2023-04-10T19:59:26.909+0800][8654.277s] GC(361)   Post Evacuate Collection Set: 0.7ms
[2023-04-10T19:59:26.909+0800][8654.277s] GC(361)   Other: 0.1ms
[2023-04-10T19:59:26.909+0800][8654.277s] GC(361) Eden regions: 301->0(295)
[2023-04-10T19:59:26.909+0800][8654.277s] GC(361) Survivor regions: 6->12(39)
[2023-04-10T19:59:26.909+0800][8654.277s] GC(361) Old regions: 40->40
[2023-04-10T19:59:26.909+0800][8654.277s] GC(361) Humongous regions: 8->7
[2023-04-10T19:59:26.909+0800][8654.277s] GC(361) Metaspace: 58653K(61264K)->58653K(61264K) NonClass: 51893K(53504K)->51893K(53504K) Class: 6759K(7760K)->6759K(7760K)
[2023-04-10T19:59:26.909+0800][8654.277s] GC(361) Pause Young (Normal) (G1 Evacuation Pause) 354M->57M(512M) 2.380ms
[2023-04-10T19:59:26.909+0800][8654.277s] GC(361) User=0.00s Sys=0.00s Real=0.00s
[2023-04-10T19:59:27.405+0800][8654.773s] GC(362) Pause Young (Normal) (G1 Evacuation Pause)
[2023-04-10T19:59:27.405+0800][8654.773s] GC(362) Using 8 workers of 8 for evacuation
[2023-04-10T19:59:27.407+0800][8654.775s] GC(362)   Pre Evacuate Collection Set: 0.0ms
[2023-04-10T19:59:27.407+0800][8654.775s] GC(362)   Evacuate Collection Set: 1.4ms
[2023-04-10T19:59:27.407+0800][8654.775s] GC(362)   Post Evacuate Collection Set: 0.7ms
[2023-04-10T19:59:27.407+0800][8654.775s] GC(362)   Other: 0.2ms
[2023-04-10T19:59:27.407+0800][8654.775s] GC(362) Eden regions: 295->0(296)
[2023-04-10T19:59:27.407+0800][8654.775s] GC(362) Survivor regions: 12->11(39)
[2023-04-10T19:59:27.407+0800][8654.775s] GC(362) Old regions: 40->40
[2023-04-10T19:59:27.407+0800][8654.775s] GC(362) Humongous regions: 25->13
[2023-04-10T19:59:27.407+0800][8654.775s] GC(362) Metaspace: 58653K(61264K)->58653K(61264K) NonClass: 51893K(53504K)->51893K(53504K) Class: 6759K(7760K)->6759K(7760K)
[2023-04-10T19:59:27.407+0800][8654.775s] GC(362) Pause Young (Normal) (G1 Evacuation Pause) 370M->63M(512M) 2.438ms
[2023-04-10T19:59:27.407+0800][8654.775s] GC(362) User=0.00s Sys=0.00s Real=0.00s
[2023-04-10T19:59:27.850+0800][8655.217s] GC(363) Pause Young (Normal) (G1 Evacuation Pause)
[2023-04-10T19:59:27.850+0800][8655.218s] GC(363) Using 8 workers of 8 for evacuation
[2023-04-10T19:59:27.851+0800][8655.219s] GC(363)   Pre Evacuate Collection Set: 0.0ms
[2023-04-10T19:59:27.851+0800][8655.219s] GC(363)   Evacuate Collection Set: 0.7ms
[2023-04-10T19:59:27.851+0800][8655.219s] GC(363)   Post Evacuate Collection Set: 0.6ms
[2023-04-10T19:59:27.851+0800][8655.219s] GC(363)   Other: 0.1ms
[2023-04-10T19:59:27.851+0800][8655.219s] GC(363) Eden regions: 296->0(303)
[2023-04-10T19:59:27.851+0800][8655.219s] GC(363) Survivor regions: 11->4(39)
[2023-04-10T19:59:27.851+0800][8655.219s] GC(363) Old regions: 40->40
[2023-04-10T19:59:27.851+0800][8655.219s] GC(363) Humongous regions: 14->5
[2023-04-10T19:59:27.851+0800][8655.219s] GC(363) Metaspace: 58661K(61264K)->58661K(61264K) NonClass: 51901K(53504K)->51901K(53504K) Class: 6759K(7760K)->6759K(7760K)
[2023-04-10T19:59:27.851+0800][8655.219s] GC(363) Pause Young (Normal) (G1 Evacuation Pause) 360M->48M(512M) 1.623ms
[2023-04-10T19:59:27.851+0800][8655.219s] GC(363) User=0.00s Sys=0.00s Real=0.00s
[2023-04-10T19:59:28.262+0800][8655.630s] GC(364) Pause Young (Normal) (G1 Evacuation Pause)
[2023-04-10T19:59:28.262+0800][8655.630s] GC(364) Using 8 workers of 8 for evacuation
[2023-04-10T19:59:28.264+0800][8655.632s] GC(364)   Pre Evacuate Collection Set: 0.0ms
[2023-04-10T19:59:28.264+0800][8655.632s] GC(364)   Evacuate Collection Set: 1.4ms
[2023-04-10T19:59:28.264+0800][8655.632s] GC(364)   Post Evacuate Collection Set: 0.5ms
[2023-04-10T19:59:28.264+0800][8655.632s] GC(364)   Other: 0.2ms
[2023-04-10T19:59:28.264+0800][8655.632s] GC(364) Eden regions: 303->0(295)
[2023-04-10T19:59:28.264+0800][8655.632s] GC(364) Survivor regions: 4->12(39)
[2023-04-10T19:59:28.264+0800][8655.632s] GC(364) Old regions: 40->40
[2023-04-10T19:59:28.264+0800][8655.632s] GC(364) Humongous regions: 7->6
[2023-04-10T19:59:28.264+0800][8655.632s] GC(364) Metaspace: 58661K(61264K)->58661K(61264K) NonClass: 51901K(53504K)->51901K(53504K) Class: 6759K(7760K)->6759K(7760K)
[2023-04-10T19:59:28.264+0800][8655.632s] GC(364) Pause Young (Normal) (G1 Evacuation Pause) 352M->56M(512M) 2.253ms
[2023-04-10T19:59:28.264+0800][8655.632s] GC(364) User=0.00s Sys=0.00s Real=0.00s
[2023-04-10T19:59:28.712+0800][8656.079s] GC(365) Pause Young (Normal) (G1 Evacuation Pause)
[2023-04-10T19:59:28.712+0800][8656.079s] GC(365) Using 8 workers of 8 for evacuation
[2023-04-10T19:59:28.713+0800][8656.082s] GC(365)   Pre Evacuate Collection Set: 0.0ms
[2023-04-10T19:59:28.713+0800][8656.082s] GC(365)   Evacuate Collection Set: 1.4ms
[2023-04-10T19:59:28.713+0800][8656.082s] GC(365)   Post Evacuate Collection Set: 0.7ms
[2023-04-10T19:59:28.713+0800][8656.082s] GC(365)   Other: 0.2ms
[2023-04-10T19:59:28.713+0800][8656.082s] GC(365) Eden regions: 295->0(295)
[2023-04-10T19:59:28.713+0800][8656.082s] GC(365) Survivor regions: 12->12(39)
[2023-04-10T19:59:28.713+0800][8656.082s] GC(365) Old regions: 40->40
[2023-04-10T19:59:28.713+0800][8656.082s] GC(365) Humongous regions: 25->13
[2023-04-10T19:59:28.713+0800][8656.082s] GC(365) Metaspace: 58661K(61264K)->58661K(61264K) NonClass: 51901K(53504K)->51901K(53504K) Class: 6759K(7760K)->6759K(7760K)
[2023-04-10T19:59:28.713+0800][8656.082s] GC(365) Pause Young (Normal) (G1 Evacuation Pause) 370M->63M(512M) 2.425ms
[2023-04-10T19:59:28.713+0800][8656.082s] GC(365) User=0.00s Sys=0.00s Real=0.00s
[2023-04-10T19:59:29.254+0800][8656.622s] GC(366) Pause Young (Normal) (G1 Evacuation Pause)
[2023-04-10T19:59:29.254+0800][8656.622s] GC(366) Using 8 workers of 8 for evacuation
[2023-04-10T19:59:29.256+0800][8656.624s] GC(366)   Pre Evacuate Collection Set: 0.0ms
[2023-04-10T19:59:29.256+0800][8656.624s] GC(366)   Evacuate Collection Set: 0.6ms
[2023-04-10T19:59:29.256+0800][8656.624s] GC(366)   Post Evacuate Collection Set: 0.7ms
[2023-04-10T19:59:29.256+0800][8656.624s] GC(366)   Other: 0.2ms
[2023-04-10T19:59:29.256+0800][8656.624s] GC(366) Eden regions: 295->0(304)
[2023-04-10T19:59:29.256+0800][8656.624s] GC(366) Survivor regions: 12->3(39)
[2023-04-10T19:59:29.256+0800][8656.624s] GC(366) Old regions: 40->40
[2023-04-10T19:59:29.256+0800][8656.624s] GC(366) Humongous regions: 13->4
[2023-04-10T19:59:29.256+0800][8656.624s] GC(366) Metaspace: 58661K(61264K)->58661K(61264K) NonClass: 51901K(53504K)->51901K(53504K) Class: 6759K(7760K)->6759K(7760K)
[2023-04-10T19:59:29.256+0800][8656.624s] GC(366) Pause Young (Normal) (G1 Evacuation Pause) 358M->45M(512M) 1.547ms
[2023-04-10T19:59:29.256+0800][8656.624s] GC(366) User=0.00s Sys=0.00s Real=0.00s
[2023-04-10T19:59:29.677+0800][8657.045s] GC(367) Pause Young (Normal) (G1 Evacuation Pause)
[2023-04-10T19:59:29.677+0800][8657.045s] GC(367) Using 8 workers of 8 for evacuation
[2023-04-10T19:59:29.679+0800][8657.047s] GC(367)   Pre Evacuate Collection Set: 0.0ms
[2023-04-10T19:59:29.679+0800][8657.047s] GC(367)   Evacuate Collection Set: 1.1ms
[2023-04-10T19:59:29.679+0800][8657.047s] GC(367)   Post Evacuate Collection Set: 0.6ms
[2023-04-10T19:59:29.679+0800][8657.047s] GC(367)   Other: 0.2ms
[2023-04-10T19:59:29.679+0800][8657.047s] GC(367) Eden regions: 304->0(299)
[2023-04-10T19:59:29.679+0800][8657.047s] GC(367) Survivor regions: 3->8(39)
[2023-04-10T19:59:29.679+0800][8657.047s] GC(367) Old regions: 40->40
[2023-04-10T19:59:29.679+0800][8657.047s] GC(367) Humongous regions: 7->6
[2023-04-10T19:59:29.679+0800][8657.047s] GC(367) Metaspace: 58661K(61264K)->58661K(61264K) NonClass: 51901K(53504K)->51901K(53504K) Class: 6759K(7760K)->6759K(7760K)
[2023-04-10T19:59:29.679+0800][8657.047s] GC(367) Pause Young (Normal) (G1 Evacuation Pause) 352M->53M(512M) 2.173ms
[2023-04-10T19:59:29.679+0800][8657.047s] GC(367) User=0.00s Sys=0.00s Real=0.00s
[2023-04-10T19:59:30.127+0800][8657.495s] GC(368) Pause Young (Normal) (G1 Evacuation Pause)
[2023-04-10T19:59:30.127+0800][8657.495s] GC(368) Using 8 workers of 8 for evacuation
[2023-04-10T19:59:30.129+0800][8657.497s] GC(368)   Pre Evacuate Collection Set: 0.0ms
[2023-04-10T19:59:30.129+0800][8657.497s] GC(368)   Evacuate Collection Set: 1.5ms
[2023-04-10T19:59:30.129+0800][8657.497s] GC(368)   Post Evacuate Collection Set: 0.6ms
[2023-04-10T19:59:30.129+0800][8657.497s] GC(368)   Other: 0.2ms
[2023-04-10T19:59:30.129+0800][8657.498s] GC(368) Eden regions: 299->0(297)
[2023-04-10T19:59:30.129+0800][8657.498s] GC(368) Survivor regions: 8->10(39)
[2023-04-10T19:59:30.129+0800][8657.498s] GC(368) Old regions: 40->41
[2023-04-10T19:59:30.129+0800][8657.498s] GC(368) Humongous regions: 20->13
[2023-04-10T19:59:30.129+0800][8657.498s] GC(368) Metaspace: 58661K(61264K)->58661K(61264K) NonClass: 51901K(53504K)->51901K(53504K) Class: 6759K(7760K)->6759K(7760K)
[2023-04-10T19:59:30.129+0800][8657.498s] GC(368) Pause Young (Normal) (G1 Evacuation Pause) 366M->62M(512M) 2.519ms
[2023-04-10T19:59:30.129+0800][8657.498s] GC(368) User=0.00s Sys=0.00s Real=0.00s
[2023-04-10T19:59:30.716+0800][8658.084s] GC(369) Pause Young (Normal) (G1 Evacuation Pause)
[2023-04-10T19:59:30.716+0800][8658.084s] GC(369) Using 8 workers of 8 for evacuation
[2023-04-10T19:59:30.718+0800][8658.086s] GC(369)   Pre Evacuate Collection Set: 0.0ms
[2023-04-10T19:59:30.718+0800][8658.086s] GC(369)   Evacuate Collection Set: 1.1ms
[2023-04-10T19:59:30.718+0800][8658.086s] GC(369)   Post Evacuate Collection Set: 0.4ms
[2023-04-10T19:59:30.718+0800][8658.086s] GC(369)   Other: 0.2ms
[2023-04-10T19:59:30.718+0800][8658.086s] GC(369) Eden regions: 297->0(296)
[2023-04-10T19:59:30.718+0800][8658.086s] GC(369) Survivor regions: 10->11(39)
[2023-04-10T19:59:30.718+0800][8658.086s] GC(369) Old regions: 41->41
[2023-04-10T19:59:30.718+0800][8658.086s] GC(369) Humongous regions: 18->13
[2023-04-10T19:59:30.718+0800][8658.086s] GC(369) Metaspace: 58661K(61264K)->58661K(61264K) NonClass: 51901K(53504K)->51901K(53504K) Class: 6759K(7760K)->6759K(7760K)
[2023-04-10T19:59:30.718+0800][8658.086s] GC(369) Pause Young (Normal) (G1 Evacuation Pause) 364M->63M(512M) 2.005ms
[2023-04-10T19:59:30.718+0800][8658.086s] GC(369) User=0.00s Sys=0.00s Real=0.00s
[2023-04-10T19:59:31.188+0800][8658.556s] GC(370) Pause Young (Normal) (G1 Evacuation Pause)
[2023-04-10T19:59:31.188+0800][8658.556s] GC(370) Using 8 workers of 8 for evacuation
[2023-04-10T19:59:31.189+0800][8658.557s] GC(370)   Pre Evacuate Collection Set: 0.0ms
[2023-04-10T19:59:31.189+0800][8658.557s] GC(370)   Evacuate Collection Set: 0.7ms
[2023-04-10T19:59:31.189+0800][8658.557s] GC(370)   Post Evacuate Collection Set: 0.7ms
[2023-04-10T19:59:31.189+0800][8658.557s] GC(370)   Other: 0.1ms
[2023-04-10T19:59:31.189+0800][8658.557s] GC(370) Eden regions: 296->0(301)
[2023-04-10T19:59:31.189+0800][8658.557s] GC(370) Survivor regions: 11->6(39)
[2023-04-10T19:59:31.189+0800][8658.557s] GC(370) Old regions: 41->41
[2023-04-10T19:59:31.189+0800][8658.557s] GC(370) Humongous regions: 14->5
[2023-04-10T19:59:31.189+0800][8658.557s] GC(370) Metaspace: 58664K(61264K)->58664K(61264K) NonClass: 51904K(53504K)->51904K(53504K) Class: 6759K(7760K)->6759K(7760K)
[2023-04-10T19:59:31.190+0800][8658.557s] GC(370) Pause Young (Normal) (G1 Evacuation Pause) 360M->50M(512M) 1.729ms
[2023-04-10T19:59:31.190+0800][8658.557s] GC(370) User=0.00s Sys=0.00s Real=0.00s
[2023-04-10T19:59:31.597+0800][8658.966s] GC(371) Pause Young (Normal) (G1 Evacuation Pause)
[2023-04-10T19:59:31.597+0800][8658.966s] GC(371) Using 8 workers of 8 for evacuation
[2023-04-10T19:59:31.599+0800][8658.967s] GC(371)   Pre Evacuate Collection Set: 0.0ms
[2023-04-10T19:59:31.599+0800][8658.967s] GC(371)   Evacuate Collection Set: 1.0ms
[2023-04-10T19:59:31.599+0800][8658.967s] GC(371)   Post Evacuate Collection Set: 0.7ms
[2023-04-10T19:59:31.599+0800][8658.967s] GC(371)   Other: 0.1ms
[2023-04-10T19:59:31.599+0800][8658.968s] GC(371) Eden regions: 301->0(298)
[2023-04-10T19:59:31.599+0800][8658.968s] GC(371) Survivor regions: 6->9(39)
[2023-04-10T19:59:31.599+0800][8658.968s] GC(371) Old regions: 41->41
[2023-04-10T19:59:31.599+0800][8658.968s] GC(371) Humongous regions: 13->12
[2023-04-10T19:59:31.599+0800][8658.968s] GC(371) Metaspace: 58664K(61264K)->58664K(61264K) NonClass: 51904K(53504K)->51904K(53504K) Class: 6759K(7760K)->6759K(7760K)
[2023-04-10T19:59:31.599+0800][8658.968s] GC(371) Pause Young (Normal) (G1 Evacuation Pause) 359M->60M(512M) 2.028ms
[2023-04-10T19:59:31.599+0800][8658.968s] GC(371) User=0.00s Sys=0.00s Real=0.00s
[2023-04-10T19:59:32.158+0800][8659.527s] GC(372) Pause Young (Normal) (G1 Evacuation Pause)
[2023-04-10T19:59:32.158+0800][8659.527s] GC(372) Using 8 workers of 8 for evacuation
[2023-04-10T19:59:32.160+0800][8659.529s] GC(372)   Pre Evacuate Collection Set: 0.0ms
[2023-04-10T19:59:32.160+0800][8659.529s] GC(372)   Evacuate Collection Set: 1.2ms
[2023-04-10T19:59:32.160+0800][8659.529s] GC(372)   Post Evacuate Collection Set: 0.6ms
[2023-04-10T19:59:32.160+0800][8659.529s] GC(372)   Other: 0.2ms
[2023-04-10T19:59:32.160+0800][8659.529s] GC(372) Eden regions: 298->0(296)
[2023-04-10T19:59:32.160+0800][8659.529s] GC(372) Survivor regions: 9->11(39)
[2023-04-10T19:59:32.160+0800][8659.529s] GC(372) Old regions: 41->41
[2023-04-10T19:59:32.160+0800][8659.529s] GC(372) Humongous regions: 25->13
[2023-04-10T19:59:32.160+0800][8659.529s] GC(372) Metaspace: 58664K(61264K)->58664K(61264K) NonClass: 51904K(53504K)->51904K(53504K) Class: 6759K(7760K)->6759K(7760K)
[2023-04-10T19:59:32.160+0800][8659.529s] GC(372) Pause Young (Normal) (G1 Evacuation Pause) 371M->63M(512M) 2.091ms
[2023-04-10T19:59:32.161+0800][8659.529s] GC(372) User=0.00s Sys=0.00s Real=0.00s
[2023-04-10T19:59:32.611+0800][8659.979s] GC(373) Pause Young (Normal) (G1 Evacuation Pause)
[2023-04-10T19:59:32.611+0800][8659.979s] GC(373) Using 8 workers of 8 for evacuation
[2023-04-10T19:59:32.612+0800][8659.980s] GC(373)   Pre Evacuate Collection Set: 0.0ms
[2023-04-10T19:59:32.612+0800][8659.981s] GC(373)   Evacuate Collection Set: 0.6ms
[2023-04-10T19:59:32.613+0800][8659.981s] GC(373)   Post Evacuate Collection Set: 0.5ms
[2023-04-10T19:59:32.613+0800][8659.981s] GC(373)   Other: 0.2ms
[2023-04-10T19:59:32.613+0800][8659.981s] GC(373) Eden regions: 296->0(303)
[2023-04-10T19:59:32.613+0800][8659.981s] GC(373) Survivor regions: 11->4(39)
[2023-04-10T19:59:32.613+0800][8659.981s] GC(373) Old regions: 41->41
[2023-04-10T19:59:32.613+0800][8659.981s] GC(373) Humongous regions: 14->5
[2023-04-10T19:59:32.613+0800][8659.981s] GC(373) Metaspace: 58664K(61264K)->58664K(61264K) NonClass: 51904K(53504K)->51904K(53504K) Class: 6759K(7760K)->6759K(7760K)
[2023-04-10T19:59:32.613+0800][8659.981s] GC(373) Pause Young (Normal) (G1 Evacuation Pause) 360M->48M(512M) 1.681ms
[2023-04-10T19:59:32.613+0800][8659.981s] GC(373) User=0.00s Sys=0.00s Real=0.00s
[2023-04-10T19:59:33.084+0800][8660.452s] GC(374) Pause Young (Normal) (G1 Evacuation Pause)
[2023-04-10T19:59:33.084+0800][8660.452s] GC(374) Using 8 workers of 8 for evacuation
[2023-04-10T19:59:33.086+0800][8660.454s] GC(374)   Pre Evacuate Collection Set: 0.0ms
[2023-04-10T19:59:33.086+0800][8660.454s] GC(374)   Evacuate Collection Set: 1.1ms
[2023-04-10T19:59:33.086+0800][8660.454s] GC(374)   Post Evacuate Collection Set: 0.5ms
[2023-04-10T19:59:33.086+0800][8660.454s] GC(374)   Other: 0.2ms
[2023-04-10T19:59:33.086+0800][8660.454s] GC(374) Eden regions: 303->0(297)
[2023-04-10T19:59:33.086+0800][8660.454s] GC(374) Survivor regions: 4->10(39)
[2023-04-10T19:59:33.086+0800][8660.454s] GC(374) Old regions: 41->41
[2023-04-10T19:59:33.086+0800][8660.454s] GC(374) Humongous regions: 8->7
[2023-04-10T19:59:33.086+0800][8660.454s] GC(374) Metaspace: 58664K(61264K)->58664K(61264K) NonClass: 51904K(53504K)->51904K(53504K) Class: 6759K(7760K)->6759K(7760K)
[2023-04-10T19:59:33.086+0800][8660.454s] GC(374) Pause Young (Normal) (G1 Evacuation Pause) 354M->56M(512M) 2.019ms
[2023-04-10T19:59:33.086+0800][8660.454s] GC(374) User=0.00s Sys=0.00s Real=0.00s
[2023-04-10T19:59:33.679+0800][8661.047s] GC(375) Pause Young (Normal) (G1 Evacuation Pause)
[2023-04-10T19:59:33.680+0800][8661.047s] GC(375) Using 8 workers of 8 for evacuation
[2023-04-10T19:59:33.681+0800][8661.049s] GC(375)   Pre Evacuate Collection Set: 0.0ms
[2023-04-10T19:59:33.681+0800][8661.049s] GC(375)   Evacuate Collection Set: 1.2ms
[2023-04-10T19:59:33.681+0800][8661.049s] GC(375)   Post Evacuate Collection Set: 0.5ms
[2023-04-10T19:59:33.681+0800][8661.049s] GC(375)   Other: 0.2ms
[2023-04-10T19:59:33.682+0800][8661.049s] GC(375) Eden regions: 297->0(296)
[2023-04-10T19:59:33.682+0800][8661.050s] GC(375) Survivor regions: 10->11(39)
[2023-04-10T19:59:33.682+0800][8661.050s] GC(375) Old regions: 41->41
[2023-04-10T19:59:33.682+0800][8661.050s] GC(375) Humongous regions: 25->13
[2023-04-10T19:59:33.682+0800][8661.050s] GC(375) Metaspace: 58664K(61264K)->58664K(61264K) NonClass: 51904K(53504K)->51904K(53504K) Class: 6759K(7760K)->6759K(7760K)
[2023-04-10T19:59:33.682+0800][8661.050s] GC(375) Pause Young (Normal) (G1 Evacuation Pause) 371M->63M(512M) 2.281ms
[2023-04-10T19:59:33.682+0800][8661.050s] GC(375) User=0.00s Sys=0.00s Real=0.00s
[2023-04-10T19:59:34.091+0800][8661.459s] GC(376) Pause Young (Normal) (G1 Evacuation Pause)
[2023-04-10T19:59:34.091+0800][8661.459s] GC(376) Using 8 workers of 8 for evacuation
[2023-04-10T19:59:34.092+0800][8661.461s] GC(376)   Pre Evacuate Collection Set: 0.0ms
[2023-04-10T19:59:34.093+0800][8661.461s] GC(376)   Evacuate Collection Set: 0.5ms
[2023-04-10T19:59:34.093+0800][8661.461s] GC(376)   Post Evacuate Collection Set: 0.7ms
[2023-04-10T19:59:34.093+0800][8661.461s] GC(376)   Other: 0.3ms
[2023-04-10T19:59:34.093+0800][8661.461s] GC(376) Eden regions: 296->0(304)
[2023-04-10T19:59:34.093+0800][8661.461s] GC(376) Survivor regions: 11->3(39)
[2023-04-10T19:59:34.093+0800][8661.461s] GC(376) Old regions: 41->41
[2023-04-10T19:59:34.093+0800][8661.461s] GC(376) Humongous regions: 13->4
[2023-04-10T19:59:34.093+0800][8661.461s] GC(376) Metaspace: 58664K(61264K)->58664K(61264K) NonClass: 51904K(53504K)->51904K(53504K) Class: 6759K(7760K)->6759K(7760K)
[2023-04-10T19:59:34.093+0800][8661.461s] GC(376) Pause Young (Normal) (G1 Evacuation Pause) 359M->46M(512M) 1.847ms
[2023-04-10T19:59:34.093+0800][8661.461s] GC(376) User=0.00s Sys=0.00s Real=0.00s
[2023-04-10T19:59:34.541+0800][8661.909s] GC(377) Pause Young (Normal) (G1 Evacuation Pause)
[2023-04-10T19:59:34.541+0800][8661.909s] GC(377) Using 8 workers of 8 for evacuation
[2023-04-10T19:59:34.543+0800][8661.911s] GC(377)   Pre Evacuate Collection Set: 0.0ms
[2023-04-10T19:59:34.543+0800][8661.911s] GC(377)   Evacuate Collection Set: 1.1ms
[2023-04-10T19:59:34.543+0800][8661.911s] GC(377)   Post Evacuate Collection Set: 0.6ms
[2023-04-10T19:59:34.543+0800][8661.911s] GC(377)   Other: 0.2ms
[2023-04-10T19:59:34.543+0800][8661.911s] GC(377) Eden regions: 304->0(297)
[2023-04-10T19:59:34.543+0800][8661.911s] GC(377) Survivor regions: 3->10(39)
[2023-04-10T19:59:34.543+0800][8661.911s] GC(377) Old regions: 41->41
[2023-04-10T19:59:34.543+0800][8661.911s] GC(377) Humongous regions: 7->6
[2023-04-10T19:59:34.543+0800][8661.911s] GC(377) Metaspace: 58664K(61264K)->58664K(61264K) NonClass: 51904K(53504K)->51904K(53504K) Class: 6759K(7760K)->6759K(7760K)
[2023-04-10T19:59:34.543+0800][8661.911s] GC(377) Pause Young (Normal) (G1 Evacuation Pause) 353M->55M(512M) 2.185ms
[2023-04-10T19:59:34.543+0800][8661.911s] GC(377) User=0.12s Sys=0.00s Real=0.00s
[2023-04-10T19:59:35.013+0800][8662.381s] GC(378) Pause Young (Normal) (G1 Evacuation Pause)
[2023-04-10T19:59:35.013+0800][8662.382s] GC(378) Using 8 workers of 8 for evacuation
[2023-04-10T19:59:35.015+0800][8662.383s] GC(378)   Pre Evacuate Collection Set: 0.0ms
[2023-04-10T19:59:35.015+0800][8662.383s] GC(378)   Evacuate Collection Set: 1.2ms
[2023-04-10T19:59:35.015+0800][8662.383s] GC(378)   Post Evacuate Collection Set: 0.4ms
[2023-04-10T19:59:35.015+0800][8662.383s] GC(378)   Other: 0.3ms
[2023-04-10T19:59:35.015+0800][8662.384s] GC(378) Eden regions: 297->0(297)
[2023-04-10T19:59:35.015+0800][8662.384s] GC(378) Survivor regions: 10->10(39)
[2023-04-10T19:59:35.015+0800][8662.384s] GC(378) Old regions: 41->41
[2023-04-10T19:59:35.015+0800][8662.384s] GC(378) Humongous regions: 20->13
[2023-04-10T19:59:35.015+0800][8662.384s] GC(378) Metaspace: 58664K(61264K)->58664K(61264K) NonClass: 51904K(53504K)->51904K(53504K) Class: 6759K(7760K)->6759K(7760K)
[2023-04-10T19:59:35.015+0800][8662.384s] GC(378) Pause Young (Normal) (G1 Evacuation Pause) 366M->62M(512M) 2.188ms
[2023-04-10T19:59:35.015+0800][8662.384s] GC(378) User=0.00s Sys=0.00s Real=0.00s
[2023-04-10T19:59:35.672+0800][8663.040s] GC(379) Pause Young (Normal) (G1 Evacuation Pause)
[2023-04-10T19:59:35.672+0800][8663.040s] GC(379) Using 8 workers of 8 for evacuation
[2023-04-10T19:59:35.673+0800][8663.041s] GC(379)   Pre Evacuate Collection Set: 0.0ms
[2023-04-10T19:59:35.673+0800][8663.041s] GC(379)   Evacuate Collection Set: 0.3ms
[2023-04-10T19:59:35.673+0800][8663.041s] GC(379)   Post Evacuate Collection Set: 0.5ms
[2023-04-10T19:59:35.673+0800][8663.041s] GC(379)   Other: 0.2ms
[2023-04-10T19:59:35.673+0800][8663.041s] GC(379) Eden regions: 297->0(306)
[2023-04-10T19:59:35.673+0800][8663.041s] GC(379) Survivor regions: 10->1(39)
[2023-04-10T19:59:35.673+0800][8663.041s] GC(379) Old regions: 41->41
[2023-04-10T19:59:35.673+0800][8663.041s] GC(379) Humongous regions: 18->4
[2023-04-10T19:59:35.673+0800][8663.041s] GC(379) Metaspace: 58664K(61264K)->58664K(61264K) NonClass: 51904K(53504K)->51904K(53504K) Class: 6759K(7760K)->6759K(7760K)
[2023-04-10T19:59:35.673+0800][8663.041s] GC(379) Pause Young (Normal) (G1 Evacuation Pause) 364M->44M(512M) 1.150ms
[2023-04-10T19:59:35.673+0800][8663.041s] GC(379) User=0.00s Sys=0.00s Real=0.00s
[2023-04-10T19:59:36.106+0800][8663.475s] GC(380) Pause Young (Normal) (G1 Evacuation Pause)
[2023-04-10T19:59:36.106+0800][8663.475s] GC(380) Using 8 workers of 8 for evacuation
[2023-04-10T19:59:36.108+0800][8663.476s] GC(380)   Pre Evacuate Collection Set: 0.0ms
[2023-04-10T19:59:36.108+0800][8663.476s] GC(380)   Evacuate Collection Set: 0.8ms
[2023-04-10T19:59:36.108+0800][8663.476s] GC(380)   Post Evacuate Collection Set: 0.7ms
[2023-04-10T19:59:36.108+0800][8663.476s] GC(380)   Other: 0.2ms
[2023-04-10T19:59:36.108+0800][8663.477s] GC(380) Eden regions: 306->0(300)
[2023-04-10T19:59:36.108+0800][8663.477s] GC(380) Survivor regions: 1->7(39)
[2023-04-10T19:59:36.108+0800][8663.477s] GC(380) Old regions: 41->41
[2023-04-10T19:59:36.108+0800][8663.477s] GC(380) Humongous regions: 7->6
[2023-04-10T19:59:36.108+0800][8663.477s] GC(380) Metaspace: 58664K(61264K)->58664K(61264K) NonClass: 51904K(53504K)->51904K(53504K) Class: 6759K(7760K)->6759K(7760K)
[2023-04-10T19:59:36.108+0800][8663.477s] GC(380) Pause Young (Normal) (G1 Evacuation Pause) 353M->52M(512M) 2.081ms
[2023-04-10T19:59:36.109+0800][8663.477s] GC(380) User=0.00s Sys=0.00s Real=0.00s
[2023-04-10T19:59:36.586+0800][8663.954s] GC(381) Pause Young (Normal) (G1 Evacuation Pause)
[2023-04-10T19:59:36.586+0800][8663.954s] GC(381) Using 8 workers of 8 for evacuation
[2023-04-10T19:59:36.588+0800][8663.956s] GC(381)   Pre Evacuate Collection Set: 0.0ms
[2023-04-10T19:59:36.588+0800][8663.956s] GC(381)   Evacuate Collection Set: 1.1ms
[2023-04-10T19:59:36.588+0800][8663.956s] GC(381)   Post Evacuate Collection Set: 0.6ms
[2023-04-10T19:59:36.588+0800][8663.956s] GC(381)   Other: 0.2ms
[2023-04-10T19:59:36.588+0800][8663.956s] GC(381) Eden regions: 300->0(298)
[2023-04-10T19:59:36.588+0800][8663.956s] GC(381) Survivor regions: 7->9(39)
[2023-04-10T19:59:36.588+0800][8663.956s] GC(381) Old regions: 41->41
[2023-04-10T19:59:36.588+0800][8663.956s] GC(381) Humongous regions: 12->12
[2023-04-10T19:59:36.588+0800][8663.956s] GC(381) Metaspace: 58664K(61264K)->58664K(61264K) NonClass: 51904K(53504K)->51904K(53504K) Class: 6759K(7760K)->6759K(7760K)
[2023-04-10T19:59:36.588+0800][8663.956s] GC(381) Pause Young (Normal) (G1 Evacuation Pause) 358M->60M(512M) 2.102ms
[2023-04-10T19:59:36.588+0800][8663.956s] GC(381) User=0.00s Sys=0.00s Real=0.00s
[2023-04-10T19:59:37.088+0800][8664.456s] GC(382) Pause Young (Normal) (G1 Evacuation Pause)
[2023-04-10T19:59:37.088+0800][8664.456s] GC(382) Using 8 workers of 8 for evacuation
[2023-04-10T19:59:37.090+0800][8664.458s] GC(382)   Pre Evacuate Collection Set: 0.0ms
[2023-04-10T19:59:37.090+0800][8664.458s] GC(382)   Evacuate Collection Set: 1.2ms
[2023-04-10T19:59:37.090+0800][8664.458s] GC(382)   Post Evacuate Collection Set: 0.6ms
[2023-04-10T19:59:37.090+0800][8664.458s] GC(382)   Other: 0.2ms
[2023-04-10T19:59:37.090+0800][8664.458s] GC(382) Eden regions: 298->0(296)
[2023-04-10T19:59:37.090+0800][8664.458s] GC(382) Survivor regions: 9->11(39)
[2023-04-10T19:59:37.090+0800][8664.458s] GC(382) Old regions: 41->41
[2023-04-10T19:59:37.090+0800][8664.458s] GC(382) Humongous regions: 25->13
[2023-04-10T19:59:37.090+0800][8664.458s] GC(382) Metaspace: 58667K(61264K)->58667K(61264K) NonClass: 51908K(53504K)->51908K(53504K) Class: 6759K(7760K)->6759K(7760K)
[2023-04-10T19:59:37.090+0800][8664.458s] GC(382) Pause Young (Normal) (G1 Evacuation Pause) 371M->63M(512M) 2.117ms
[2023-04-10T19:59:37.090+0800][8664.458s] GC(382) User=0.12s Sys=0.00s Real=0.00s
[2023-04-10T19:59:37.601+0800][8664.969s] GC(383) Pause Young (Normal) (G1 Evacuation Pause)
[2023-04-10T19:59:37.602+0800][8664.969s] GC(383) Using 8 workers of 8 for evacuation
[2023-04-10T19:59:37.602+0800][8664.970s] GC(383)   Pre Evacuate Collection Set: 0.0ms
[2023-04-10T19:59:37.602+0800][8664.971s] GC(383)   Evacuate Collection Set: 0.6ms
[2023-04-10T19:59:37.603+0800][8664.971s] GC(383)   Post Evacuate Collection Set: 0.4ms
[2023-04-10T19:59:37.603+0800][8664.971s] GC(383)   Other: 0.2ms
[2023-04-10T19:59:37.603+0800][8664.971s] GC(383) Eden regions: 296->0(302)
[2023-04-10T19:59:37.603+0800][8664.971s] GC(383) Survivor regions: 11->5(39)
[2023-04-10T19:59:37.603+0800][8664.971s] GC(383) Old regions: 41->41
[2023-04-10T19:59:37.603+0800][8664.971s] GC(383) Humongous regions: 14->5
[2023-04-10T19:59:37.603+0800][8664.971s] GC(383) Metaspace: 58667K(61264K)->58667K(61264K) NonClass: 51908K(53504K)->51908K(53504K) Class: 6759K(7760K)->6759K(7760K)
[2023-04-10T19:59:37.603+0800][8664.971s] GC(383) Pause Young (Normal) (G1 Evacuation Pause) 360M->49M(512M) 1.500ms
[2023-04-10T19:59:37.603+0800][8664.971s] GC(383) User=0.00s Sys=0.00s Real=0.00s
[2023-04-10T19:59:38.012+0800][8665.380s] GC(384) Pause Young (Normal) (G1 Evacuation Pause)
[2023-04-10T19:59:38.012+0800][8665.380s] GC(384) Using 8 workers of 8 for evacuation
[2023-04-10T19:59:38.014+0800][8665.382s] GC(384)   Pre Evacuate Collection Set: 0.0ms
[2023-04-10T19:59:38.014+0800][8665.382s] GC(384)   Evacuate Collection Set: 1.1ms
[2023-04-10T19:59:38.014+0800][8665.382s] GC(384)   Post Evacuate Collection Set: 0.7ms
[2023-04-10T19:59:38.014+0800][8665.382s] GC(384)   Other: 0.2ms
[2023-04-10T19:59:38.014+0800][8665.382s] GC(384) Eden regions: 302->0(296)
[2023-04-10T19:59:38.014+0800][8665.382s] GC(384) Survivor regions: 5->11(39)
[2023-04-10T19:59:38.014+0800][8665.382s] GC(384) Old regions: 41->41
[2023-04-10T19:59:38.014+0800][8665.382s] GC(384) Humongous regions: 8->7
[2023-04-10T19:59:38.014+0800][8665.382s] GC(384) Metaspace: 58667K(61264K)->58667K(61264K) NonClass: 51908K(53504K)->51908K(53504K) Class: 6759K(7760K)->6759K(7760K)
[2023-04-10T19:59:38.014+0800][8665.382s] GC(384) Pause Young (Normal) (G1 Evacuation Pause) 354M->57M(512M) 2.079ms
[2023-04-10T19:59:38.014+0800][8665.382s] GC(384) User=0.00s Sys=0.00s Real=0.00s
[2023-04-10T19:59:38.559+0800][8665.927s] GC(385) Pause Young (Normal) (G1 Evacuation Pause)
[2023-04-10T19:59:38.559+0800][8665.927s] GC(385) Using 8 workers of 8 for evacuation
[2023-04-10T19:59:38.561+0800][8665.929s] GC(385)   Pre Evacuate Collection Set: 0.0ms
[2023-04-10T19:59:38.561+0800][8665.929s] GC(385)   Evacuate Collection Set: 1.2ms
[2023-04-10T19:59:38.561+0800][8665.929s] GC(385)   Post Evacuate Collection Set: 0.7ms
[2023-04-10T19:59:38.561+0800][8665.929s] GC(385)   Other: 0.2ms
[2023-04-10T19:59:38.562+0800][8665.929s] GC(385) Eden regions: 296->0(297)
[2023-04-10T19:59:38.562+0800][8665.929s] GC(385) Survivor regions: 11->10(39)
[2023-04-10T19:59:38.562+0800][8665.929s] GC(385) Old regions: 41->41
[2023-04-10T19:59:38.562+0800][8665.929s] GC(385) Humongous regions: 25->13
[2023-04-10T19:59:38.562+0800][8665.929s] GC(385) Metaspace: 58669K(61264K)->58669K(61264K) NonClass: 51909K(53504K)->51909K(53504K) Class: 6759K(7760K)->6759K(7760K)
[2023-04-10T19:59:38.562+0800][8665.929s] GC(385) Pause Young (Normal) (G1 Evacuation Pause) 371M->63M(512M) 2.242ms
[2023-04-10T19:59:38.562+0800][8665.929s] GC(385) User=0.00s Sys=0.00s Real=0.00s
[2023-04-10T19:59:39.011+0800][8666.379s] GC(386) Pause Young (Normal) (G1 Evacuation Pause)
[2023-04-10T19:59:39.011+0800][8666.379s] GC(386) Using 8 workers of 8 for evacuation
[2023-04-10T19:59:39.012+0800][8666.380s] GC(386)   Pre Evacuate Collection Set: 0.0ms
[2023-04-10T19:59:39.012+0800][8666.380s] GC(386)   Evacuate Collection Set: 0.5ms
[2023-04-10T19:59:39.012+0800][8666.380s] GC(386)   Post Evacuate Collection Set: 0.6ms
[2023-04-10T19:59:39.012+0800][8666.380s] GC(386)   Other: 0.2ms
[2023-04-10T19:59:39.012+0800][8666.380s] GC(386) Eden regions: 297->0(303)
[2023-04-10T19:59:39.012+0800][8666.380s] GC(386) Survivor regions: 10->4(39)
[2023-04-10T19:59:39.012+0800][8666.380s] GC(386) Old regions: 41->41
[2023-04-10T19:59:39.012+0800][8666.380s] GC(386) Humongous regions: 13->4
[2023-04-10T19:59:39.012+0800][8666.380s] GC(386) Metaspace: 58669K(61264K)->58669K(61264K) NonClass: 51909K(53504K)->51909K(53504K) Class: 6759K(7760K)->6759K(7760K)
[2023-04-10T19:59:39.012+0800][8666.380s] GC(386) Pause Young (Normal) (G1 Evacuation Pause) 360M->47M(512M) 1.461ms
[2023-04-10T19:59:39.012+0800][8666.380s] GC(386) User=0.00s Sys=0.00s Real=0.00s
[2023-04-10T19:59:39.496+0800][8666.863s] GC(387) Pause Young (Normal) (G1 Evacuation Pause)
[2023-04-10T19:59:39.496+0800][8666.863s] GC(387) Using 8 workers of 8 for evacuation
[2023-04-10T19:59:39.498+0800][8666.865s] GC(387)   Pre Evacuate Collection Set: 0.0ms
[2023-04-10T19:59:39.498+0800][8666.865s] GC(387)   Evacuate Collection Set: 0.9ms
[2023-04-10T19:59:39.498+0800][8666.865s] GC(387)   Post Evacuate Collection Set: 0.7ms
[2023-04-10T19:59:39.498+0800][8666.865s] GC(387)   Other: 0.2ms
[2023-04-10T19:59:39.498+0800][8666.865s] GC(387) Eden regions: 303->0(298)
[2023-04-10T19:59:39.498+0800][8666.865s] GC(387) Survivor regions: 4->9(39)
[2023-04-10T19:59:39.498+0800][8666.865s] GC(387) Old regions: 41->41
[2023-04-10T19:59:39.498+0800][8666.865s] GC(387) Humongous regions: 7->6
[2023-04-10T19:59:39.498+0800][8666.865s] GC(387) Metaspace: 58669K(61264K)->58669K(61264K) NonClass: 51909K(53504K)->51909K(53504K) Class: 6759K(7760K)->6759K(7760K)
[2023-04-10T19:59:39.498+0800][8666.865s] GC(387) Pause Young (Normal) (G1 Evacuation Pause) 353M->54M(512M) 2.103ms
[2023-04-10T19:59:39.498+0800][8666.865s] GC(387) User=0.00s Sys=0.00s Real=0.00s
[2023-04-10T19:59:39.985+0800][8667.353s] GC(388) Pause Young (Normal) (G1 Evacuation Pause)
[2023-04-10T19:59:39.985+0800][8667.353s] GC(388) Using 8 workers of 8 for evacuation
[2023-04-10T19:59:39.986+0800][8667.354s] GC(388)   Pre Evacuate Collection Set: 0.0ms
[2023-04-10T19:59:39.986+0800][8667.354s] GC(388)   Evacuate Collection Set: 1.2ms
[2023-04-10T19:59:39.986+0800][8667.354s] GC(388)   Post Evacuate Collection Set: 0.4ms
[2023-04-10T19:59:39.986+0800][8667.354s] GC(388)   Other: 0.2ms
[2023-04-10T19:59:39.986+0800][8667.354s] GC(388) Eden regions: 298->0(296)
[2023-04-10T19:59:39.986+0800][8667.355s] GC(388) Survivor regions: 9->11(39)
[2023-04-10T19:59:39.987+0800][8667.355s] GC(388) Old regions: 41->41
[2023-04-10T19:59:39.987+0800][8667.355s] GC(388) Humongous regions: 20->13
[2023-04-10T19:59:39.987+0800][8667.355s] GC(388) Metaspace: 58669K(61264K)->58669K(61264K) NonClass: 51909K(53504K)->51909K(53504K) Class: 6759K(7760K)->6759K(7760K)
[2023-04-10T19:59:39.987+0800][8667.355s] GC(388) Pause Young (Normal) (G1 Evacuation Pause) 366M->63M(512M) 1.912ms
[2023-04-10T19:59:39.987+0800][8667.355s] GC(388) User=0.00s Sys=0.00s Real=0.00s
[2023-04-10T19:59:40.697+0800][8668.065s] GC(389) Pause Young (Normal) (G1 Evacuation Pause)
[2023-04-10T19:59:40.697+0800][8668.065s] GC(389) Using 8 workers of 8 for evacuation
[2023-04-10T19:59:40.698+0800][8668.066s] GC(389)   Pre Evacuate Collection Set: 0.0ms
[2023-04-10T19:59:40.698+0800][8668.066s] GC(389)   Evacuate Collection Set: 0.3ms
[2023-04-10T19:59:40.698+0800][8668.066s] GC(389)   Post Evacuate Collection Set: 0.6ms
[2023-04-10T19:59:40.698+0800][8668.066s] GC(389)   Other: 0.1ms
[2023-04-10T19:59:40.698+0800][8668.066s] GC(389) Eden regions: 296->0(305)
[2023-04-10T19:59:40.698+0800][8668.066s] GC(389) Survivor regions: 11->2(39)
[2023-04-10T19:59:40.698+0800][8668.066s] GC(389) Old regions: 41->41
[2023-04-10T19:59:40.698+0800][8668.066s] GC(389) Humongous regions: 18->4
[2023-04-10T19:59:40.698+0800][8668.066s] GC(389) Metaspace: 58669K(61264K)->58669K(61264K) NonClass: 51909K(53504K)->51909K(53504K) Class: 6759K(7760K)->6759K(7760K)
[2023-04-10T19:59:40.698+0800][8668.066s] GC(389) Pause Young (Normal) (G1 Evacuation Pause) 364M->45M(512M) 1.279ms
[2023-04-10T19:59:40.698+0800][8668.067s] GC(389) User=0.00s Sys=0.00s Real=0.00s
[2023-04-10T19:59:41.121+0800][8668.490s] GC(390) Pause Young (Normal) (G1 Evacuation Pause)
[2023-04-10T19:59:41.121+0800][8668.490s] GC(390) Using 8 workers of 8 for evacuation
[2023-04-10T19:59:41.123+0800][8668.491s] GC(390)   Pre Evacuate Collection Set: 0.0ms
[2023-04-10T19:59:41.123+0800][8668.491s] GC(390)   Evacuate Collection Set: 0.8ms
[2023-04-10T19:59:41.123+0800][8668.491s] GC(390)   Post Evacuate Collection Set: 0.6ms
[2023-04-10T19:59:41.123+0800][8668.491s] GC(390)   Other: 0.2ms
[2023-04-10T19:59:41.123+0800][8668.492s] GC(390) Eden regions: 305->0(299)
[2023-04-10T19:59:41.123+0800][8668.492s] GC(390) Survivor regions: 2->8(39)
[2023-04-10T19:59:41.123+0800][8668.492s] GC(390) Old regions: 41->41
[2023-04-10T19:59:41.123+0800][8668.492s] GC(390) Humongous regions: 7->6
[2023-04-10T19:59:41.123+0800][8668.492s] GC(390) Metaspace: 58669K(61264K)->58669K(61264K) NonClass: 51909K(53504K)->51909K(53504K) Class: 6759K(7760K)->6759K(7760K)
[2023-04-10T19:59:41.123+0800][8668.492s] GC(390) Pause Young (Normal) (G1 Evacuation Pause) 353M->53M(512M) 1.739ms
[2023-04-10T19:59:41.123+0800][8668.492s] GC(390) User=0.00s Sys=0.00s Real=0.00s
[2023-04-10T19:59:41.574+0800][8668.942s] GC(391) Pause Young (Normal) (G1 Evacuation Pause)
[2023-04-10T19:59:41.574+0800][8668.942s] GC(391) Using 8 workers of 8 for evacuation
[2023-04-10T19:59:41.576+0800][8668.944s] GC(391)   Pre Evacuate Collection Set: 0.0ms
[2023-04-10T19:59:41.576+0800][8668.944s] GC(391)   Evacuate Collection Set: 1.1ms
[2023-04-10T19:59:41.576+0800][8668.944s] GC(391)   Post Evacuate Collection Set: 0.6ms
[2023-04-10T19:59:41.576+0800][8668.944s] GC(391)   Other: 0.1ms
[2023-04-10T19:59:41.576+0800][8668.944s] GC(391) Eden regions: 299->0(298)
[2023-04-10T19:59:41.576+0800][8668.944s] GC(391) Survivor regions: 8->9(39)
[2023-04-10T19:59:41.576+0800][8668.944s] GC(391) Old regions: 41->41
[2023-04-10T19:59:41.576+0800][8668.944s] GC(391) Humongous regions: 15->13
[2023-04-10T19:59:41.576+0800][8668.944s] GC(391) Metaspace: 58669K(61264K)->58669K(61264K) NonClass: 51909K(53504K)->51909K(53504K) Class: 6759K(7760K)->6759K(7760K)
[2023-04-10T19:59:41.576+0800][8668.944s] GC(391) Pause Young (Normal) (G1 Evacuation Pause) 361M->61M(512M) 2.219ms
[2023-04-10T19:59:41.576+0800][8668.944s] GC(391) User=0.00s Sys=0.00s Real=0.00s
[2023-04-10T19:59:42.072+0800][8669.439s] GC(392) Pause Young (Normal) (G1 Evacuation Pause)
[2023-04-10T19:59:42.072+0800][8669.439s] GC(392) Using 8 workers of 8 for evacuation
[2023-04-10T19:59:42.074+0800][8669.441s] GC(392)   Pre Evacuate Collection Set: 0.0ms
[2023-04-10T19:59:42.074+0800][8669.441s] GC(392)   Evacuate Collection Set: 1.1ms
[2023-04-10T19:59:42.074+0800][8669.441s] GC(392)   Post Evacuate Collection Set: 0.6ms
[2023-04-10T19:59:42.074+0800][8669.441s] GC(392)   Other: 0.2ms
[2023-04-10T19:59:42.074+0800][8669.441s] GC(392) Eden regions: 298->0(296)
[2023-04-10T19:59:42.074+0800][8669.441s] GC(392) Survivor regions: 9->11(39)
[2023-04-10T19:59:42.074+0800][8669.441s] GC(392) Old regions: 41->41
[2023-04-10T19:59:42.074+0800][8669.442s] GC(392) Humongous regions: 23->13
[2023-04-10T19:59:42.074+0800][8669.442s] GC(392) Metaspace: 58670K(61264K)->58670K(61264K) NonClass: 51910K(53504K)->51910K(53504K) Class: 6759K(7760K)->6759K(7760K)
[2023-04-10T19:59:42.074+0800][8669.442s] GC(392) Pause Young (Normal) (G1 Evacuation Pause) 369M->63M(512M) 2.241ms
[2023-04-10T19:59:42.074+0800][8669.442s] GC(392) User=0.02s Sys=0.00s Real=0.00s
[2023-04-10T19:59:42.409+0800][8669.777s] GC(393) Pause Young (Normal) (G1 Evacuation Pause)
[2023-04-10T19:59:42.409+0800][8669.777s] GC(393) Using 8 workers of 8 for evacuation
[2023-04-10T19:59:42.411+0800][8669.779s] GC(393)   Pre Evacuate Collection Set: 0.0ms
[2023-04-10T19:59:42.411+0800][8669.779s] GC(393)   Evacuate Collection Set: 0.9ms
[2023-04-10T19:59:42.411+0800][8669.779s] GC(393)   Post Evacuate Collection Set: 0.5ms
[2023-04-10T19:59:42.411+0800][8669.779s] GC(393)   Other: 0.2ms
[2023-04-10T19:59:42.411+0800][8669.779s] GC(393) Eden regions: 296->0(302)
[2023-04-10T19:59:42.411+0800][8669.779s] GC(393) Survivor regions: 11->5(39)
[2023-04-10T19:59:42.411+0800][8669.779s] GC(393) Old regions: 41->41
[2023-04-10T19:59:42.411+0800][8669.779s] GC(393) Humongous regions: 13->4
[2023-04-10T19:59:42.411+0800][8669.779s] GC(393) Metaspace: 58675K(61264K)->58675K(61264K) NonClass: 51915K(53504K)->51915K(53504K) Class: 6759K(7760K)->6759K(7760K)
[2023-04-10T19:59:42.411+0800][8669.779s] GC(393) Pause Young (Normal) (G1 Evacuation Pause) 359M->48M(512M) 2.082ms
[2023-04-10T19:59:42.411+0800][8669.779s] GC(393) User=0.00s Sys=0.00s Real=0.00s
[2023-04-10T19:59:42.605+0800][8669.973s] GC(394) Pause Young (Normal) (G1 Evacuation Pause)
[2023-04-10T19:59:42.605+0800][8669.973s] GC(394) Using 8 workers of 8 for evacuation
[2023-04-10T19:59:42.606+0800][8669.974s] GC(394)   Pre Evacuate Collection Set: 0.0ms
[2023-04-10T19:59:42.606+0800][8669.974s] GC(394)   Evacuate Collection Set: 0.9ms
[2023-04-10T19:59:42.606+0800][8669.974s] GC(394)   Post Evacuate Collection Set: 0.5ms
[2023-04-10T19:59:42.606+0800][8669.974s] GC(394)   Other: 0.2ms
[2023-04-10T19:59:42.606+0800][8669.974s] GC(394) Eden regions: 302->0(300)
[2023-04-10T19:59:42.606+0800][8669.974s] GC(394) Survivor regions: 5->7(39)
[2023-04-10T19:59:42.606+0800][8669.974s] GC(394) Old regions: 41->41
[2023-04-10T19:59:42.607+0800][8669.974s] GC(394) Humongous regions: 5->5
[2023-04-10T19:59:42.607+0800][8669.974s] GC(394) Metaspace: 58675K(61264K)->58675K(61264K) NonClass: 51915K(53504K)->51915K(53504K) Class: 6759K(7760K)->6759K(7760K)
[2023-04-10T19:59:42.607+0800][8669.974s] GC(394) Pause Young (Normal) (G1 Evacuation Pause) 351M->52M(512M) 1.720ms
[2023-04-10T19:59:42.607+0800][8669.974s] GC(394) User=0.12s Sys=0.00s Real=0.00s
[2023-04-10T19:59:42.822+0800][8670.190s] GC(395) Pause Young (Normal) (G1 Evacuation Pause)
[2023-04-10T19:59:42.822+0800][8670.190s] GC(395) Using 8 workers of 8 for evacuation
[2023-04-10T19:59:42.825+0800][8670.193s] GC(395)   Pre Evacuate Collection Set: 0.0ms
[2023-04-10T19:59:42.825+0800][8670.193s] GC(395)   Evacuate Collection Set: 2.1ms
[2023-04-10T19:59:42.825+0800][8670.193s] GC(395)   Post Evacuate Collection Set: 0.6ms
[2023-04-10T19:59:42.825+0800][8670.193s] GC(395)   Other: 0.2ms
[2023-04-10T19:59:42.825+0800][8670.193s] GC(395) Eden regions: 300->0(298)
[2023-04-10T19:59:42.825+0800][8670.193s] GC(395) Survivor regions: 7->9(39)
[2023-04-10T19:59:42.825+0800][8670.193s] GC(395) Old regions: 41->41
[2023-04-10T19:59:42.825+0800][8670.193s] GC(395) Humongous regions: 7->6
[2023-04-10T19:59:42.825+0800][8670.193s] GC(395) Metaspace: 58905K(61520K)->58905K(61520K) NonClass: 52120K(53760K)->52120K(53760K) Class: 6785K(7760K)->6785K(7760K)
[2023-04-10T19:59:42.825+0800][8670.193s] GC(395) Pause Young (Normal) (G1 Evacuation Pause) 354M->54M(512M) 3.216ms
[2023-04-10T19:59:42.825+0800][8670.193s] GC(395) User=0.06s Sys=0.00s Real=0.00s
[2023-04-10T19:59:43.119+0800][8670.487s] GC(396) Pause Young (Normal) (G1 Evacuation Pause)
[2023-04-10T19:59:43.119+0800][8670.487s] GC(396) Using 8 workers of 8 for evacuation
[2023-04-10T19:59:43.122+0800][8670.490s] GC(396)   Pre Evacuate Collection Set: 0.0ms
[2023-04-10T19:59:43.122+0800][8670.490s] GC(396)   Evacuate Collection Set: 1.7ms
[2023-04-10T19:59:43.122+0800][8670.490s] GC(396)   Post Evacuate Collection Set: 1.1ms
[2023-04-10T19:59:43.122+0800][8670.490s] GC(396)   Other: 0.2ms
[2023-04-10T19:59:43.122+0800][8670.490s] GC(396) Eden regions: 298->0(296)
[2023-04-10T19:59:43.122+0800][8670.490s] GC(396) Survivor regions: 9->11(39)
[2023-04-10T19:59:43.122+0800][8670.490s] GC(396) Old regions: 41->41
[2023-04-10T19:59:43.123+0800][8670.490s] GC(396) Humongous regions: 6->6
[2023-04-10T19:59:43.123+0800][8670.490s] GC(396) Metaspace: 59116K(61776K)->59116K(61776K) NonClass: 52329K(54016K)->52329K(54016K) Class: 6786K(7760K)->6786K(7760K)
[2023-04-10T19:59:43.123+0800][8670.491s] GC(396) Pause Young (Normal) (G1 Evacuation Pause) 352M->56M(512M) 3.326ms
[2023-04-10T19:59:43.123+0800][8670.491s] GC(396) User=0.09s Sys=0.00s Real=0.00s
[2023-04-10T19:59:43.589+0800][8670.958s] GC(397) Pause Young (Normal) (G1 Evacuation Pause)
[2023-04-10T19:59:43.589+0800][8670.958s] GC(397) Using 8 workers of 8 for evacuation
[2023-04-10T19:59:43.592+0800][8670.960s] GC(397)   Pre Evacuate Collection Set: 0.0ms
[2023-04-10T19:59:43.592+0800][8670.960s] GC(397)   Evacuate Collection Set: 1.7ms
[2023-04-10T19:59:43.592+0800][8670.960s] GC(397)   Post Evacuate Collection Set: 0.6ms
[2023-04-10T19:59:43.592+0800][8670.960s] GC(397)   Other: 0.2ms
[2023-04-10T19:59:43.592+0800][8670.960s] GC(397) Eden regions: 296->0(296)
[2023-04-10T19:59:43.592+0800][8670.960s] GC(397) Survivor regions: 11->11(39)
[2023-04-10T19:59:43.592+0800][8670.960s] GC(397) Old regions: 41->41
[2023-04-10T19:59:43.592+0800][8670.960s] GC(397) Humongous regions: 12->12
[2023-04-10T19:59:43.592+0800][8670.960s] GC(397) Metaspace: 59251K(61776K)->59251K(61776K) NonClass: 52462K(54016K)->52462K(54016K) Class: 6789K(7760K)->6789K(7760K)
[2023-04-10T19:59:43.592+0800][8670.960s] GC(397) Pause Young (Normal) (G1 Evacuation Pause) 358M->62M(512M) 2.758ms
[2023-04-10T19:59:43.592+0800][8670.960s] GC(397) User=0.02s Sys=0.00s Real=0.00s
[2023-04-10T19:59:43.914+0800][8671.283s] GC(398) Pause Young (Normal) (G1 Evacuation Pause)
[2023-04-10T19:59:43.915+0800][8671.283s] GC(398) Using 8 workers of 8 for evacuation
[2023-04-10T19:59:43.917+0800][8671.285s] GC(398)   Pre Evacuate Collection Set: 0.0ms
[2023-04-10T19:59:43.917+0800][8671.285s] GC(398)   Evacuate Collection Set: 1.5ms
[2023-04-10T19:59:43.917+0800][8671.285s] GC(398)   Post Evacuate Collection Set: 0.5ms
[2023-04-10T19:59:43.917+0800][8671.285s] GC(398)   Other: 0.2ms
[2023-04-10T19:59:43.917+0800][8671.285s] GC(398) Eden regions: 296->0(294)
[2023-04-10T19:59:43.917+0800][8671.285s] GC(398) Survivor regions: 11->13(39)
[2023-04-10T19:59:43.917+0800][8671.285s] GC(398) Old regions: 41->41
[2023-04-10T19:59:43.917+0800][8671.285s] GC(398) Humongous regions: 25->13
[2023-04-10T19:59:43.917+0800][8671.285s] GC(398) Metaspace: 59280K(61776K)->59280K(61776K) NonClass: 52491K(54016K)->52491K(54016K) Class: 6789K(7760K)->6789K(7760K)
[2023-04-10T19:59:43.917+0800][8671.285s] GC(398) Pause Young (Normal) (G1 Evacuation Pause) 371M->65M(512M) 2.401ms
[2023-04-10T19:59:43.917+0800][8671.285s] GC(398) User=0.00s Sys=0.00s Real=0.00s
[2023-04-10T19:59:44.335+0800][8671.704s] GC(399) Pause Young (Normal) (G1 Evacuation Pause)
[2023-04-10T19:59:44.335+0800][8671.704s] GC(399) Using 8 workers of 8 for evacuation
[2023-04-10T19:59:44.338+0800][8671.706s] GC(399)   Pre Evacuate Collection Set: 0.0ms
[2023-04-10T19:59:44.338+0800][8671.706s] GC(399)   Evacuate Collection Set: 1.6ms
[2023-04-10T19:59:44.338+0800][8671.706s] GC(399)   Post Evacuate Collection Set: 0.4ms
[2023-04-10T19:59:44.338+0800][8671.706s] GC(399)   Other: 0.2ms
[2023-04-10T19:59:44.338+0800][8671.706s] GC(399) Eden regions: 294->0(294)
[2023-04-10T19:59:44.338+0800][8671.706s] GC(399) Survivor regions: 13->13(39)
[2023-04-10T19:59:44.338+0800][8671.706s] GC(399) Old regions: 41->41
[2023-04-10T19:59:44.338+0800][8671.706s] GC(399) Humongous regions: 13->13
[2023-04-10T19:59:44.338+0800][8671.706s] GC(399) Metaspace: 59544K(61776K)->59544K(61776K) NonClass: 52706K(54016K)->52706K(54016K) Class: 6837K(7760K)->6837K(7760K)
[2023-04-10T19:59:44.338+0800][8671.706s] GC(399) Pause Young (Normal) (G1 Evacuation Pause) 359M->65M(512M) 2.404ms
[2023-04-10T19:59:44.338+0800][8671.706s] GC(399) User=0.00s Sys=0.00s Real=0.00s
[2023-04-10T19:59:44.659+0800][8672.028s] GC(400) Pause Young (Normal) (G1 Evacuation Pause)
[2023-04-10T19:59:44.659+0800][8672.028s] GC(400) Using 8 workers of 8 for evacuation
[2023-04-10T19:59:44.661+0800][8672.029s] GC(400)   Pre Evacuate Collection Set: 0.0ms
[2023-04-10T19:59:44.661+0800][8672.029s] GC(400)   Evacuate Collection Set: 0.8ms
[2023-04-10T19:59:44.661+0800][8672.029s] GC(400)   Post Evacuate Collection Set: 0.5ms
[2023-04-10T19:59:44.661+0800][8672.029s] GC(400)   Other: 0.2ms
[2023-04-10T19:59:44.661+0800][8672.029s] GC(400) Eden regions: 294->0(303)
[2023-04-10T19:59:44.661+0800][8672.029s] GC(400) Survivor regions: 13->4(39)
[2023-04-10T19:59:44.661+0800][8672.029s] GC(400) Old regions: 41->41
[2023-04-10T19:59:44.661+0800][8672.029s] GC(400) Humongous regions: 13->4
[2023-04-10T19:59:44.661+0800][8672.029s] GC(400) Metaspace: 59544K(61776K)->59544K(61776K) NonClass: 52706K(54016K)->52706K(54016K) Class: 6837K(7760K)->6837K(7760K)
[2023-04-10T19:59:44.661+0800][8672.029s] GC(400) Pause Young (Normal) (G1 Evacuation Pause) 359M->47M(512M) 1.689ms
[2023-04-10T19:59:44.661+0800][8672.029s] GC(400) User=0.00s Sys=0.00s Real=0.00s
[2023-04-10T19:59:44.918+0800][8672.286s] GC(401) Pause Young (Normal) (G1 Evacuation Pause)
[2023-04-10T19:59:44.918+0800][8672.286s] GC(401) Using 8 workers of 8 for evacuation
[2023-04-10T19:59:44.920+0800][8672.288s] GC(401)   Pre Evacuate Collection Set: 0.0ms
[2023-04-10T19:59:44.920+0800][8672.288s] GC(401)   Evacuate Collection Set: 1.3ms
[2023-04-10T19:59:44.920+0800][8672.288s] GC(401)   Post Evacuate Collection Set: 0.5ms
[2023-04-10T19:59:44.920+0800][8672.288s] GC(401)   Other: 0.2ms
[2023-04-10T19:59:44.920+0800][8672.288s] GC(401) Eden regions: 303->0(300)
[2023-04-10T19:59:44.920+0800][8672.288s] GC(401) Survivor regions: 4->7(39)
[2023-04-10T19:59:44.920+0800][8672.288s] GC(401) Old regions: 41->41
[2023-04-10T19:59:44.920+0800][8672.288s] GC(401) Humongous regions: 5->5
[2023-04-10T19:59:44.920+0800][8672.288s] GC(401) Metaspace: 59544K(61776K)->59544K(61776K) NonClass: 52706K(54016K)->52706K(54016K) Class: 6837K(7760K)->6837K(7760K)
[2023-04-10T19:59:44.920+0800][8672.288s] GC(401) Pause Young (Normal) (G1 Evacuation Pause) 351M->51M(512M) 2.356ms
[2023-04-10T19:59:44.920+0800][8672.288s] GC(401) User=0.00s Sys=0.00s Real=0.00s
[2023-04-10T19:59:45.189+0800][8672.557s] GC(402) Pause Young (Normal) (G1 Evacuation Pause)
[2023-04-10T19:59:45.189+0800][8672.557s] GC(402) Using 8 workers of 8 for evacuation
[2023-04-10T19:59:45.192+0800][8672.560s] GC(402)   Pre Evacuate Collection Set: 0.0ms
[2023-04-10T19:59:45.192+0800][8672.560s] GC(402)   Evacuate Collection Set: 1.6ms
[2023-04-10T19:59:45.192+0800][8672.560s] GC(402)   Post Evacuate Collection Set: 0.6ms
[2023-04-10T19:59:45.192+0800][8672.560s] GC(402)   Other: 0.2ms
[2023-04-10T19:59:45.192+0800][8672.560s] GC(402) Eden regions: 300->0(296)
[2023-04-10T19:59:45.192+0800][8672.560s] GC(402) Survivor regions: 7->11(39)
[2023-04-10T19:59:45.192+0800][8672.560s] GC(402) Old regions: 41->41
[2023-04-10T19:59:45.192+0800][8672.560s] GC(402) Humongous regions: 7->6
[2023-04-10T19:59:45.192+0800][8672.560s] GC(402) Metaspace: 59544K(61776K)->59544K(61776K) NonClass: 52706K(54016K)->52706K(54016K) Class: 6837K(7760K)->6837K(7760K)
[2023-04-10T19:59:45.192+0800][8672.560s] GC(402) Pause Young (Normal) (G1 Evacuation Pause) 353M->56M(512M) 2.779ms
[2023-04-10T19:59:45.192+0800][8672.560s] GC(402) User=0.00s Sys=0.00s Real=0.00s
[2023-04-10T19:59:45.568+0800][8672.935s] GC(403) Pause Young (Normal) (G1 Evacuation Pause)
[2023-04-10T19:59:45.568+0800][8672.935s] GC(403) Using 8 workers of 8 for evacuation
[2023-04-10T19:59:45.570+0800][8672.938s] GC(403)   Pre Evacuate Collection Set: 0.0ms
[2023-04-10T19:59:45.570+0800][8672.938s] GC(403)   Evacuate Collection Set: 1.9ms
[2023-04-10T19:59:45.570+0800][8672.938s] GC(403)   Post Evacuate Collection Set: 0.6ms
[2023-04-10T19:59:45.571+0800][8672.938s] GC(403)   Other: 0.2ms
[2023-04-10T19:59:45.571+0800][8672.938s] GC(403) Eden regions: 296->0(294)
[2023-04-10T19:59:45.571+0800][8672.938s] GC(403) Survivor regions: 11->13(39)
[2023-04-10T19:59:45.571+0800][8672.938s] GC(403) Old regions: 41->41
[2023-04-10T19:59:45.571+0800][8672.938s] GC(403) Humongous regions: 7->7
[2023-04-10T19:59:45.571+0800][8672.938s] GC(403) Metaspace: 59627K(62032K)->59627K(62032K) NonClass: 52774K(54272K)->52774K(54272K) Class: 6852K(7760K)->6852K(7760K)
[2023-04-10T19:59:45.571+0800][8672.938s] GC(403) Pause Young (Normal) (G1 Evacuation Pause) 353M->60M(512M) 3.049ms
[2023-04-10T19:59:45.571+0800][8672.939s] GC(403) User=0.00s Sys=0.00s Real=0.00s
[2023-04-10T19:59:45.856+0800][8673.225s] GC(404) Pause Young (Normal) (G1 Evacuation Pause)
[2023-04-10T19:59:45.856+0800][8673.225s] GC(404) Using 8 workers of 8 for evacuation
[2023-04-10T19:59:45.859+0800][8673.227s] GC(404)   Pre Evacuate Collection Set: 0.0ms
[2023-04-10T19:59:45.859+0800][8673.227s] GC(404)   Evacuate Collection Set: 1.9ms
[2023-04-10T19:59:45.859+0800][8673.227s] GC(404)   Post Evacuate Collection Set: 0.6ms
[2023-04-10T19:59:45.859+0800][8673.227s] GC(404)   Other: 0.2ms
[2023-04-10T19:59:45.859+0800][8673.227s] GC(404) Eden regions: 294->0(294)
[2023-04-10T19:59:45.859+0800][8673.227s] GC(404) Survivor regions: 13->13(39)
[2023-04-10T19:59:45.859+0800][8673.228s] GC(404) Old regions: 41->41
[2023-04-10T19:59:45.859+0800][8673.228s] GC(404) Humongous regions: 25->13
[2023-04-10T19:59:45.859+0800][8673.228s] GC(404) Metaspace: 59627K(62032K)->59627K(62032K) NonClass: 52774K(54272K)->52774K(54272K) Class: 6852K(7760K)->6852K(7760K)
[2023-04-10T19:59:45.859+0800][8673.228s] GC(404) Pause Young (Normal) (G1 Evacuation Pause) 372M->65M(512M) 3.086ms
[2023-04-10T19:59:45.859+0800][8673.228s] GC(404) User=0.00s Sys=0.00s Real=0.00s
[2023-04-10T19:59:46.330+0800][8673.697s] GC(405) Pause Young (Normal) (G1 Evacuation Pause)
[2023-04-10T19:59:46.330+0800][8673.697s] GC(405) Using 8 workers of 8 for evacuation
[2023-04-10T19:59:46.332+0800][8673.700s] GC(405)   Pre Evacuate Collection Set: 0.0ms
[2023-04-10T19:59:46.332+0800][8673.700s] GC(405)   Evacuate Collection Set: 1.6ms
[2023-04-10T19:59:46.332+0800][8673.700s] GC(405)   Post Evacuate Collection Set: 0.6ms
[2023-04-10T19:59:46.332+0800][8673.700s] GC(405)   Other: 0.2ms
[2023-04-10T19:59:46.332+0800][8673.700s] GC(405) Eden regions: 294->0(295)
[2023-04-10T19:59:46.332+0800][8673.700s] GC(405) Survivor regions: 13->12(39)
[2023-04-10T19:59:46.332+0800][8673.700s] GC(405) Old regions: 41->41
[2023-04-10T19:59:46.332+0800][8673.700s] GC(405) Humongous regions: 13->13
[2023-04-10T19:59:46.332+0800][8673.700s] GC(405) Metaspace: 59629K(62032K)->59629K(62032K) NonClass: 52776K(54272K)->52776K(54272K) Class: 6852K(7760K)->6852K(7760K)
[2023-04-10T19:59:46.332+0800][8673.700s] GC(405) Pause Young (Normal) (G1 Evacuation Pause) 359M->65M(512M) 2.604ms
[2023-04-10T19:59:46.332+0800][8673.700s] GC(405) User=0.00s Sys=0.00s Real=0.00s
[2023-04-10T19:59:46.800+0800][8674.167s] GC(406) Pause Young (Normal) (G1 Evacuation Pause)
[2023-04-10T19:59:46.800+0800][8674.168s] GC(406) Using 8 workers of 8 for evacuation
[2023-04-10T19:59:46.802+0800][8674.170s] GC(406)   Pre Evacuate Collection Set: 0.0ms
[2023-04-10T19:59:46.802+0800][8674.170s] GC(406)   Evacuate Collection Set: 1.3ms
[2023-04-10T19:59:46.802+0800][8674.170s] GC(406)   Post Evacuate Collection Set: 0.6ms
[2023-04-10T19:59:46.802+0800][8674.170s] GC(406)   Other: 0.2ms
[2023-04-10T19:59:46.802+0800][8674.170s] GC(406) Eden regions: 295->0(299)
[2023-04-10T19:59:46.802+0800][8674.170s] GC(406) Survivor regions: 12->8(39)
[2023-04-10T19:59:46.802+0800][8674.170s] GC(406) Old regions: 41->41
[2023-04-10T19:59:46.802+0800][8674.170s] GC(406) Humongous regions: 14->5
[2023-04-10T19:59:46.802+0800][8674.170s] GC(406) Metaspace: 59629K(62032K)->59629K(62032K) NonClass: 52776K(54272K)->52776K(54272K) Class: 6852K(7760K)->6852K(7760K)
[2023-04-10T19:59:46.802+0800][8674.170s] GC(406) Pause Young (Normal) (G1 Evacuation Pause) 361M->52M(512M) 2.365ms
[2023-04-10T19:59:46.802+0800][8674.170s] GC(406) User=0.00s Sys=0.00s Real=0.00s
[2023-04-10T19:59:47.236+0800][8674.604s] GC(407) Pause Young (Normal) (G1 Evacuation Pause)
[2023-04-10T19:59:47.236+0800][8674.604s] GC(407) Using 8 workers of 8 for evacuation
[2023-04-10T19:59:47.245+0800][8674.613s] GC(407)   Pre Evacuate Collection Set: 0.0ms
[2023-04-10T19:59:47.245+0800][8674.613s] GC(407)   Evacuate Collection Set: 8.0ms
[2023-04-10T19:59:47.245+0800][8674.613s] GC(407)   Post Evacuate Collection Set: 0.8ms
[2023-04-10T19:59:47.245+0800][8674.613s] GC(407)   Other: 0.2ms
[2023-04-10T19:59:47.245+0800][8674.613s] GC(407) Eden regions: 299->0(297)
[2023-04-10T19:59:47.245+0800][8674.613s] GC(407) Survivor regions: 8->10(39)
[2023-04-10T19:59:47.245+0800][8674.613s] GC(407) Old regions: 41->41
[2023-04-10T19:59:47.245+0800][8674.613s] GC(407) Humongous regions: 14->13
[2023-04-10T19:59:47.245+0800][8674.613s] GC(407) Metaspace: 59629K(62032K)->59629K(62032K) NonClass: 52776K(54272K)->52776K(54272K) Class: 6852K(7760K)->6852K(7760K)
[2023-04-10T19:59:47.245+0800][8674.613s] GC(407) Pause Young (Normal) (G1 Evacuation Pause) 360M->62M(512M) 9.239ms
[2023-04-10T19:59:47.245+0800][8674.613s] GC(407) User=0.00s Sys=0.00s Real=0.01s
[2023-04-10T19:59:47.895+0800][8675.263s] GC(408) Pause Young (Normal) (G1 Evacuation Pause)
[2023-04-10T19:59:47.895+0800][8675.263s] GC(408) Using 8 workers of 8 for evacuation
[2023-04-10T19:59:47.897+0800][8675.266s] GC(408)   Pre Evacuate Collection Set: 0.0ms
[2023-04-10T19:59:47.897+0800][8675.266s] GC(408)   Evacuate Collection Set: 1.4ms
[2023-04-10T19:59:47.897+0800][8675.266s] GC(408)   Post Evacuate Collection Set: 0.6ms
[2023-04-10T19:59:47.897+0800][8675.266s] GC(408)   Other: 0.2ms
[2023-04-10T19:59:47.897+0800][8675.266s] GC(408) Eden regions: 297->0(296)
[2023-04-10T19:59:47.897+0800][8675.266s] GC(408) Survivor regions: 10->11(39)
[2023-04-10T19:59:47.897+0800][8675.266s] GC(408) Old regions: 41->41
[2023-04-10T19:59:47.897+0800][8675.266s] GC(408) Humongous regions: 26->13
[2023-04-10T19:59:47.897+0800][8675.266s] GC(408) Metaspace: 59644K(62032K)->59644K(62032K) NonClass: 52791K(54272K)->52791K(54272K) Class: 6852K(7760K)->6852K(7760K)
[2023-04-10T19:59:47.897+0800][8675.266s] GC(408) Pause Young (Normal) (G1 Evacuation Pause) 372M->64M(512M) 2.415ms
[2023-04-10T19:59:47.897+0800][8675.266s] GC(408) User=0.00s Sys=0.00s Real=0.00s
[2023-04-10T19:59:48.356+0800][8675.723s] GC(409) Pause Young (Normal) (G1 Evacuation Pause)
[2023-04-10T19:59:48.356+0800][8675.723s] GC(409) Using 8 workers of 8 for evacuation
[2023-04-10T19:59:48.357+0800][8675.725s] GC(409)   Pre Evacuate Collection Set: 0.0ms
[2023-04-10T19:59:48.357+0800][8675.725s] GC(409)   Evacuate Collection Set: 1.0ms
[2023-04-10T19:59:48.357+0800][8675.725s] GC(409)   Post Evacuate Collection Set: 0.5ms
[2023-04-10T19:59:48.357+0800][8675.725s] GC(409)   Other: 0.2ms
[2023-04-10T19:59:48.357+0800][8675.725s] GC(409) Eden regions: 296->0(303)
[2023-04-10T19:59:48.357+0800][8675.725s] GC(409) Survivor regions: 11->4(39)
[2023-04-10T19:59:48.357+0800][8675.725s] GC(409) Old regions: 41->41
[2023-04-10T19:59:48.357+0800][8675.725s] GC(409) Humongous regions: 14->5
[2023-04-10T19:59:48.357+0800][8675.725s] GC(409) Metaspace: 59658K(62032K)->59658K(62032K) NonClass: 52805K(54272K)->52805K(54272K) Class: 6852K(7760K)->6852K(7760K)
[2023-04-10T19:59:48.357+0800][8675.725s] GC(409) Pause Young (Normal) (G1 Evacuation Pause) 361M->49M(512M) 1.833ms
[2023-04-10T19:59:48.357+0800][8675.725s] GC(409) User=0.00s Sys=0.00s Real=0.00s
[2023-04-10T19:59:48.775+0800][8676.143s] GC(410) Pause Young (Normal) (G1 Evacuation Pause)
[2023-04-10T19:59:48.775+0800][8676.143s] GC(410) Using 8 workers of 8 for evacuation
[2023-04-10T19:59:48.777+0800][8676.145s] GC(410)   Pre Evacuate Collection Set: 0.0ms
[2023-04-10T19:59:48.777+0800][8676.145s] GC(410)   Evacuate Collection Set: 1.5ms
[2023-04-10T19:59:48.777+0800][8676.145s] GC(410)   Post Evacuate Collection Set: 0.7ms
[2023-04-10T19:59:48.777+0800][8676.145s] GC(410)   Other: 0.2ms
[2023-04-10T19:59:48.777+0800][8676.145s] GC(410) Eden regions: 303->0(297)
[2023-04-10T19:59:48.777+0800][8676.145s] GC(410) Survivor regions: 4->10(39)
[2023-04-10T19:59:48.777+0800][8676.145s] GC(410) Old regions: 41->41
[2023-04-10T19:59:48.777+0800][8676.145s] GC(410) Humongous regions: 7->6
[2023-04-10T19:59:48.777+0800][8676.145s] GC(410) Metaspace: 59658K(62032K)->59658K(62032K) NonClass: 52805K(54272K)->52805K(54272K) Class: 6852K(7760K)->6852K(7760K)
[2023-04-10T19:59:48.777+0800][8676.145s] GC(410) Pause Young (Normal) (G1 Evacuation Pause) 354M->56M(512M) 2.722ms
[2023-04-10T19:59:48.778+0800][8676.145s] GC(410) User=0.02s Sys=0.00s Real=0.00s
[2023-04-10T19:59:49.279+0800][8676.647s] GC(411) Pause Young (Normal) (G1 Evacuation Pause)
[2023-04-10T19:59:49.279+0800][8676.647s] GC(411) Using 8 workers of 8 for evacuation
[2023-04-10T19:59:49.281+0800][8676.649s] GC(411)   Pre Evacuate Collection Set: 0.0ms
[2023-04-10T19:59:49.281+0800][8676.649s] GC(411)   Evacuate Collection Set: 1.4ms
[2023-04-10T19:59:49.281+0800][8676.649s] GC(411)   Post Evacuate Collection Set: 0.7ms
[2023-04-10T19:59:49.281+0800][8676.649s] GC(411)   Other: 0.2ms
[2023-04-10T19:59:49.281+0800][8676.649s] GC(411) Eden regions: 297->0(295)
[2023-04-10T19:59:49.281+0800][8676.649s] GC(411) Survivor regions: 10->12(39)
[2023-04-10T19:59:49.281+0800][8676.649s] GC(411) Old regions: 41->41
[2023-04-10T19:59:49.281+0800][8676.649s] GC(411) Humongous regions: 20->13
[2023-04-10T19:59:49.281+0800][8676.649s] GC(411) Metaspace: 59724K(62032K)->59724K(62032K) NonClass: 52870K(54272K)->52870K(54272K) Class: 6853K(7760K)->6853K(7760K)
[2023-04-10T19:59:49.281+0800][8676.649s] GC(411) Pause Young (Normal) (G1 Evacuation Pause) 367M->64M(512M) 2.449ms
[2023-04-10T19:59:49.281+0800][8676.649s] GC(411) User=0.00s Sys=0.00s Real=0.00s
[2023-04-10T19:59:49.867+0800][8677.236s] GC(412) Pause Young (Normal) (G1 Evacuation Pause)
[2023-04-10T19:59:49.867+0800][8677.236s] GC(412) Using 8 workers of 8 for evacuation
[2023-04-10T19:59:49.869+0800][8677.237s] GC(412)   Pre Evacuate Collection Set: 0.0ms
[2023-04-10T19:59:49.869+0800][8677.237s] GC(412)   Evacuate Collection Set: 0.7ms
[2023-04-10T19:59:49.869+0800][8677.237s] GC(412)   Post Evacuate Collection Set: 0.7ms
[2023-04-10T19:59:49.869+0800][8677.237s] GC(412)   Other: 0.1ms
[2023-04-10T19:59:49.869+0800][8677.237s] GC(412) Eden regions: 295->0(305)
[2023-04-10T19:59:49.869+0800][8677.237s] GC(412) Survivor regions: 12->2(39)
[2023-04-10T19:59:49.869+0800][8677.237s] GC(412) Old regions: 41->41
[2023-04-10T19:59:49.869+0800][8677.237s] GC(412) Humongous regions: 18->4
[2023-04-10T19:59:49.869+0800][8677.237s] GC(412) Metaspace: 59724K(62032K)->59724K(62032K) NonClass: 52871K(54272K)->52871K(54272K) Class: 6853K(7760K)->6853K(7760K)
[2023-04-10T19:59:49.869+0800][8677.237s] GC(412) Pause Young (Normal) (G1 Evacuation Pause) 364M->46M(512M) 1.700ms
[2023-04-10T19:59:49.869+0800][8677.237s] GC(412) User=0.00s Sys=0.00s Real=0.00s
[2023-04-10T19:59:50.271+0800][8677.640s] GC(413) Pause Young (Normal) (G1 Evacuation Pause)
[2023-04-10T19:59:50.271+0800][8677.640s] GC(413) Using 8 workers of 8 for evacuation
[2023-04-10T19:59:50.273+0800][8677.642s] GC(413)   Pre Evacuate Collection Set: 0.0ms
[2023-04-10T19:59:50.273+0800][8677.642s] GC(413)   Evacuate Collection Set: 1.0ms
[2023-04-10T19:59:50.273+0800][8677.642s] GC(413)   Post Evacuate Collection Set: 0.6ms
[2023-04-10T19:59:50.273+0800][8677.642s] GC(413)   Other: 0.1ms
[2023-04-10T19:59:50.273+0800][8677.642s] GC(413) Eden regions: 305->0(299)
[2023-04-10T19:59:50.273+0800][8677.642s] GC(413) Survivor regions: 2->8(39)
[2023-04-10T19:59:50.273+0800][8677.642s] GC(413) Old regions: 41->41
[2023-04-10T19:59:50.273+0800][8677.642s] GC(413) Humongous regions: 7->6
[2023-04-10T19:59:50.273+0800][8677.642s] GC(413) Metaspace: 59724K(62032K)->59724K(62032K) NonClass: 52871K(54272K)->52871K(54272K) Class: 6853K(7760K)->6853K(7760K)
[2023-04-10T19:59:50.273+0800][8677.642s] GC(413) Pause Young (Normal) (G1 Evacuation Pause) 354M->54M(512M) 2.046ms
[2023-04-10T19:59:50.273+0800][8677.642s] GC(413) User=0.00s Sys=0.00s Real=0.00s
[2023-04-10T19:59:50.705+0800][8678.074s] GC(414) Pause Young (Normal) (G1 Evacuation Pause)
[2023-04-10T19:59:50.705+0800][8678.074s] GC(414) Using 8 workers of 8 for evacuation
[2023-04-10T19:59:50.707+0800][8678.076s] GC(414)   Pre Evacuate Collection Set: 0.0ms
[2023-04-10T19:59:50.707+0800][8678.076s] GC(414)   Evacuate Collection Set: 1.3ms
[2023-04-10T19:59:50.707+0800][8678.076s] GC(414)   Post Evacuate Collection Set: 0.8ms
[2023-04-10T19:59:50.707+0800][8678.076s] GC(414)   Other: 0.2ms
[2023-04-10T19:59:50.708+0800][8678.076s] GC(414) Eden regions: 299->0(297)
[2023-04-10T19:59:50.708+0800][8678.076s] GC(414) Survivor regions: 8->10(39)
[2023-04-10T19:59:50.708+0800][8678.076s] GC(414) Old regions: 41->42
[2023-04-10T19:59:50.708+0800][8678.076s] GC(414) Humongous regions: 15->13
[2023-04-10T19:59:50.708+0800][8678.076s] GC(414) Metaspace: 59724K(62032K)->59724K(62032K) NonClass: 52871K(54272K)->52871K(54272K) Class: 6853K(7760K)->6853K(7760K)
[2023-04-10T19:59:50.708+0800][8678.076s] GC(414) Pause Young (Normal) (G1 Evacuation Pause) 362M->63M(512M) 2.645ms
[2023-04-10T19:59:50.708+0800][8678.076s] GC(414) User=0.00s Sys=0.00s Real=0.00s
[2023-04-10T19:59:51.248+0800][8678.616s] GC(415) Pause Young (Normal) (G1 Evacuation Pause)
[2023-04-10T19:59:51.248+0800][8678.616s] GC(415) Using 8 workers of 8 for evacuation
[2023-04-10T19:59:51.250+0800][8678.618s] GC(415)   Pre Evacuate Collection Set: 0.0ms
[2023-04-10T19:59:51.250+0800][8678.618s] GC(415)   Evacuate Collection Set: 1.2ms
[2023-04-10T19:59:51.250+0800][8678.618s] GC(415)   Post Evacuate Collection Set: 0.5ms
[2023-04-10T19:59:51.250+0800][8678.618s] GC(415)   Other: 0.2ms
[2023-04-10T19:59:51.250+0800][8678.618s] GC(415) Eden regions: 297->0(296)
[2023-04-10T19:59:51.250+0800][8678.618s] GC(415) Survivor regions: 10->11(39)
[2023-04-10T19:59:51.250+0800][8678.618s] GC(415) Old regions: 42->42
[2023-04-10T19:59:51.250+0800][8678.618s] GC(415) Humongous regions: 23->13
[2023-04-10T19:59:51.250+0800][8678.618s] GC(415) Metaspace: 59725K(62032K)->59725K(62032K) NonClass: 52872K(54272K)->52872K(54272K) Class: 6853K(7760K)->6853K(7760K)
[2023-04-10T19:59:51.250+0800][8678.618s] GC(415) Pause Young (Normal) (G1 Evacuation Pause) 370M->64M(512M) 2.029ms
[2023-04-10T19:59:51.250+0800][8678.618s] GC(415) User=0.00s Sys=0.00s Real=0.00s
[2023-04-10T19:59:51.798+0800][8679.166s] GC(416) Pause Young (Normal) (G1 Evacuation Pause)
[2023-04-10T19:59:51.798+0800][8679.166s] GC(416) Using 8 workers of 8 for evacuation
[2023-04-10T19:59:51.800+0800][8679.168s] GC(416)   Pre Evacuate Collection Set: 0.0ms
[2023-04-10T19:59:51.800+0800][8679.168s] GC(416)   Evacuate Collection Set: 0.8ms
[2023-04-10T19:59:51.800+0800][8679.168s] GC(416)   Post Evacuate Collection Set: 0.6ms
[2023-04-10T19:59:51.800+0800][8679.168s] GC(416)   Other: 0.2ms
[2023-04-10T19:59:51.800+0800][8679.168s] GC(416) Eden regions: 296->0(301)
[2023-04-10T19:59:51.800+0800][8679.168s] GC(416) Survivor regions: 11->6(39)
[2023-04-10T19:59:51.800+0800][8679.168s] GC(416) Old regions: 42->42
[2023-04-10T19:59:51.800+0800][8679.168s] GC(416) Humongous regions: 14->5
[2023-04-10T19:59:51.800+0800][8679.168s] GC(416) Metaspace: 59730K(62032K)->59730K(62032K) NonClass: 52876K(54272K)->52876K(54272K) Class: 6853K(7760K)->6853K(7760K)
[2023-04-10T19:59:51.800+0800][8679.168s] GC(416) Pause Young (Normal) (G1 Evacuation Pause) 361M->51M(512M) 1.757ms
[2023-04-10T19:59:51.800+0800][8679.168s] GC(416) User=0.00s Sys=0.00s Real=0.00s
[2023-04-10T19:59:52.207+0800][8679.575s] GC(417) Pause Young (Normal) (G1 Evacuation Pause)
[2023-04-10T19:59:52.207+0800][8679.575s] GC(417) Using 8 workers of 8 for evacuation
[2023-04-10T19:59:52.209+0800][8679.577s] GC(417)   Pre Evacuate Collection Set: 0.0ms
[2023-04-10T19:59:52.209+0800][8679.577s] GC(417)   Evacuate Collection Set: 1.2ms
[2023-04-10T19:59:52.209+0800][8679.577s] GC(417)   Post Evacuate Collection Set: 0.6ms
[2023-04-10T19:59:52.209+0800][8679.577s] GC(417)   Other: 0.2ms
[2023-04-10T19:59:52.209+0800][8679.577s] GC(417) Eden regions: 301->0(295)
[2023-04-10T19:59:52.209+0800][8679.577s] GC(417) Survivor regions: 6->12(39)
[2023-04-10T19:59:52.209+0800][8679.577s] GC(417) Old regions: 42->42
[2023-04-10T19:59:52.209+0800][8679.577s] GC(417) Humongous regions: 8->7
[2023-04-10T19:59:52.209+0800][8679.577s] GC(417) Metaspace: 59730K(62032K)->59730K(62032K) NonClass: 52876K(54272K)->52876K(54272K) Class: 6853K(7760K)->6853K(7760K)
[2023-04-10T19:59:52.209+0800][8679.577s] GC(417) Pause Young (Normal) (G1 Evacuation Pause) 355M->59M(512M) 2.176ms
[2023-04-10T19:59:52.209+0800][8679.577s] GC(417) User=0.00s Sys=0.00s Real=0.00s
[2023-04-10T19:59:52.809+0800][8680.177s] GC(418) Pause Young (Normal) (G1 Evacuation Pause)
[2023-04-10T19:59:52.809+0800][8680.177s] GC(418) Using 8 workers of 8 for evacuation
[2023-04-10T19:59:52.811+0800][8680.179s] GC(418)   Pre Evacuate Collection Set: 0.0ms
[2023-04-10T19:59:52.811+0800][8680.179s] GC(418)   Evacuate Collection Set: 1.3ms
[2023-04-10T19:59:52.811+0800][8680.179s] GC(418)   Post Evacuate Collection Set: 0.6ms
[2023-04-10T19:59:52.812+0800][8680.180s] GC(418)   Other: 0.2ms
[2023-04-10T19:59:52.812+0800][8680.180s] GC(418) Eden regions: 295->0(296)
[2023-04-10T19:59:52.812+0800][8680.180s] GC(418) Survivor regions: 12->11(39)
[2023-04-10T19:59:52.812+0800][8680.180s] GC(418) Old regions: 42->42
[2023-04-10T19:59:52.812+0800][8680.180s] GC(418) Humongous regions: 25->13
[2023-04-10T19:59:52.812+0800][8680.180s] GC(418) Metaspace: 59731K(62032K)->59731K(62032K) NonClass: 52877K(54272K)->52877K(54272K) Class: 6853K(7760K)->6853K(7760K)
[2023-04-10T19:59:52.812+0800][8680.180s] GC(418) Pause Young (Normal) (G1 Evacuation Pause) 372M->64M(512M) 2.671ms
[2023-04-10T19:59:52.812+0800][8680.180s] GC(418) User=0.00s Sys=0.00s Real=0.00s
[2023-04-10T19:59:53.274+0800][8680.642s] GC(419) Pause Young (Normal) (G1 Evacuation Pause)
[2023-04-10T19:59:53.274+0800][8680.642s] GC(419) Using 8 workers of 8 for evacuation
[2023-04-10T19:59:53.275+0800][8680.644s] GC(419)   Pre Evacuate Collection Set: 0.0ms
[2023-04-10T19:59:53.275+0800][8680.644s] GC(419)   Evacuate Collection Set: 0.5ms
[2023-04-10T19:59:53.275+0800][8680.644s] GC(419)   Post Evacuate Collection Set: 0.7ms
[2023-04-10T19:59:53.275+0800][8680.644s] GC(419)   Other: 0.1ms
[2023-04-10T19:59:53.275+0800][8680.644s] GC(419) Eden regions: 296->0(303)
[2023-04-10T19:59:53.275+0800][8680.644s] GC(419) Survivor regions: 11->4(39)
[2023-04-10T19:59:53.275+0800][8680.644s] GC(419) Old regions: 42->42
[2023-04-10T19:59:53.275+0800][8680.644s] GC(419) Humongous regions: 14->5
[2023-04-10T19:59:53.275+0800][8680.644s] GC(419) Metaspace: 59731K(62032K)->59731K(62032K) NonClass: 52877K(54272K)->52877K(54272K) Class: 6853K(7760K)->6853K(7760K)
[2023-04-10T19:59:53.275+0800][8680.644s] GC(419) Pause Young (Normal) (G1 Evacuation Pause) 361M->49M(512M) 1.507ms
[2023-04-10T19:59:53.275+0800][8680.644s] GC(419) User=0.00s Sys=0.00s Real=0.00s
[2023-04-10T19:59:53.723+0800][8681.091s] GC(420) Pause Young (Normal) (G1 Evacuation Pause)
[2023-04-10T19:59:53.723+0800][8681.091s] GC(420) Using 8 workers of 8 for evacuation
[2023-04-10T19:59:53.725+0800][8681.093s] GC(420)   Pre Evacuate Collection Set: 0.1ms
[2023-04-10T19:59:53.725+0800][8681.093s] GC(420)   Evacuate Collection Set: 1.0ms
[2023-04-10T19:59:53.725+0800][8681.093s] GC(420)   Post Evacuate Collection Set: 0.4ms
[2023-04-10T19:59:53.725+0800][8681.093s] GC(420)   Other: 0.2ms
[2023-04-10T19:59:53.725+0800][8681.093s] GC(420) Eden regions: 303->0(297)
[2023-04-10T19:59:53.725+0800][8681.093s] GC(420) Survivor regions: 4->10(39)
[2023-04-10T19:59:53.725+0800][8681.093s] GC(420) Old regions: 42->42
[2023-04-10T19:59:53.725+0800][8681.093s] GC(420) Humongous regions: 7->6
[2023-04-10T19:59:53.725+0800][8681.093s] GC(420) Metaspace: 59731K(62032K)->59731K(62032K) NonClass: 52877K(54272K)->52877K(54272K) Class: 6853K(7760K)->6853K(7760K)
[2023-04-10T19:59:53.725+0800][8681.093s] GC(420) Pause Young (Normal) (G1 Evacuation Pause) 354M->56M(512M) 1.829ms
[2023-04-10T19:59:53.725+0800][8681.093s] GC(420) User=0.00s Sys=0.00s Real=0.00s
[2023-04-10T19:59:54.151+0800][8681.519s] GC(421) Pause Young (Normal) (G1 Evacuation Pause)
[2023-04-10T19:59:54.151+0800][8681.519s] GC(421) Using 8 workers of 8 for evacuation
[2023-04-10T19:59:54.153+0800][8681.522s] GC(421)   Pre Evacuate Collection Set: 0.0ms
[2023-04-10T19:59:54.153+0800][8681.522s] GC(421)   Evacuate Collection Set: 1.3ms
[2023-04-10T19:59:54.153+0800][8681.522s] GC(421)   Post Evacuate Collection Set: 0.7ms
[2023-04-10T19:59:54.153+0800][8681.522s] GC(421)   Other: 0.2ms
[2023-04-10T19:59:54.153+0800][8681.522s] GC(421) Eden regions: 297->0(296)
[2023-04-10T19:59:54.153+0800][8681.522s] GC(421) Survivor regions: 10->11(39)
[2023-04-10T19:59:54.153+0800][8681.522s] GC(421) Old regions: 42->42
[2023-04-10T19:59:54.153+0800][8681.522s] GC(421) Humongous regions: 25->13
[2023-04-10T19:59:54.153+0800][8681.522s] GC(421) Metaspace: 59731K(62032K)->59731K(62032K) NonClass: 52877K(54272K)->52877K(54272K) Class: 6853K(7760K)->6853K(7760K)
[2023-04-10T19:59:54.153+0800][8681.522s] GC(421) Pause Young (Normal) (G1 Evacuation Pause) 372M->64M(512M) 2.640ms
[2023-04-10T19:59:54.154+0800][8681.522s] GC(421) User=0.08s Sys=0.02s Real=0.00s
[2023-04-10T19:59:54.800+0800][8682.169s] GC(422) Pause Young (Normal) (G1 Evacuation Pause)
[2023-04-10T19:59:54.800+0800][8682.169s] GC(422) Using 8 workers of 8 for evacuation
[2023-04-10T19:59:54.801+0800][8682.170s] GC(422)   Pre Evacuate Collection Set: 0.0ms
[2023-04-10T19:59:54.801+0800][8682.170s] GC(422)   Evacuate Collection Set: 0.4ms
[2023-04-10T19:59:54.801+0800][8682.170s] GC(422)   Post Evacuate Collection Set: 0.5ms
[2023-04-10T19:59:54.801+0800][8682.170s] GC(422)   Other: 0.2ms
[2023-04-10T19:59:54.801+0800][8682.170s] GC(422) Eden regions: 296->0(305)
[2023-04-10T19:59:54.801+0800][8682.170s] GC(422) Survivor regions: 11->2(39)
[2023-04-10T19:59:54.801+0800][8682.170s] GC(422) Old regions: 42->42
[2023-04-10T19:59:54.801+0800][8682.170s] GC(422) Humongous regions: 13->4
[2023-04-10T19:59:54.801+0800][8682.170s] GC(422) Metaspace: 59736K(62032K)->59736K(62032K) NonClass: 52882K(54272K)->52882K(54272K) Class: 6853K(7760K)->6853K(7760K)
[2023-04-10T19:59:54.802+0800][8682.170s] GC(422) Pause Young (Normal) (G1 Evacuation Pause) 360M->46M(512M) 1.323ms
[2023-04-10T19:59:54.802+0800][8682.170s] GC(422) User=0.00s Sys=0.00s Real=0.00s
[2023-04-10T19:59:55.287+0800][8682.655s] GC(423) Pause Young (Normal) (G1 Evacuation Pause)
[2023-04-10T19:59:55.287+0800][8682.655s] GC(423) Using 8 workers of 8 for evacuation
[2023-04-10T19:59:55.288+0800][8682.657s] GC(423)   Pre Evacuate Collection Set: 0.0ms
[2023-04-10T19:59:55.288+0800][8682.657s] GC(423)   Evacuate Collection Set: 0.8ms
[2023-04-10T19:59:55.288+0800][8682.657s] GC(423)   Post Evacuate Collection Set: 0.5ms
[2023-04-10T19:59:55.288+0800][8682.657s] GC(423)   Other: 0.2ms
[2023-04-10T19:59:55.288+0800][8682.657s] GC(423) Eden regions: 305->0(299)
[2023-04-10T19:59:55.289+0800][8682.657s] GC(423) Survivor regions: 2->8(39)
[2023-04-10T19:59:55.289+0800][8682.657s] GC(423) Old regions: 42->42
[2023-04-10T19:59:55.289+0800][8682.657s] GC(423) Humongous regions: 7->6
[2023-04-10T19:59:55.289+0800][8682.657s] GC(423) Metaspace: 59736K(62032K)->59736K(62032K) NonClass: 52882K(54272K)->52882K(54272K) Class: 6853K(7760K)->6853K(7760K)
[2023-04-10T19:59:55.289+0800][8682.657s] GC(423) Pause Young (Normal) (G1 Evacuation Pause) 354M->54M(512M) 1.832ms
[2023-04-10T19:59:55.289+0800][8682.657s] GC(423) User=0.00s Sys=0.00s Real=0.00s
[2023-04-10T19:59:55.750+0800][8683.119s] GC(424) Pause Young (Normal) (G1 Evacuation Pause)
[2023-04-10T19:59:55.750+0800][8683.119s] GC(424) Using 8 workers of 8 for evacuation
[2023-04-10T19:59:55.752+0800][8683.120s] GC(424)   Pre Evacuate Collection Set: 0.0ms
[2023-04-10T19:59:55.752+0800][8683.120s] GC(424)   Evacuate Collection Set: 1.1ms
[2023-04-10T19:59:55.752+0800][8683.120s] GC(424)   Post Evacuate Collection Set: 0.6ms
[2023-04-10T19:59:55.752+0800][8683.120s] GC(424)   Other: 0.2ms
[2023-04-10T19:59:55.752+0800][8683.120s] GC(424) Eden regions: 299->0(297)
[2023-04-10T19:59:55.752+0800][8683.120s] GC(424) Survivor regions: 8->10(39)
[2023-04-10T19:59:55.752+0800][8683.120s] GC(424) Old regions: 42->42
[2023-04-10T19:59:55.752+0800][8683.121s] GC(424) Humongous regions: 15->13
[2023-04-10T19:59:55.752+0800][8683.121s] GC(424) Metaspace: 59736K(62032K)->59736K(62032K) NonClass: 52882K(54272K)->52882K(54272K) Class: 6853K(7760K)->6853K(7760K)
[2023-04-10T19:59:55.752+0800][8683.121s] GC(424) Pause Young (Normal) (G1 Evacuation Pause) 362M->63M(512M) 2.013ms
[2023-04-10T19:59:55.752+0800][8683.121s] GC(424) User=0.00s Sys=0.00s Real=0.00s
[2023-04-10T19:59:56.244+0800][8683.612s] GC(425) Pause Young (Normal) (G1 Evacuation Pause)
[2023-04-10T19:59:56.244+0800][8683.612s] GC(425) Using 8 workers of 8 for evacuation
[2023-04-10T19:59:56.246+0800][8683.614s] GC(425)   Pre Evacuate Collection Set: 0.0ms
[2023-04-10T19:59:56.246+0800][8683.614s] GC(425)   Evacuate Collection Set: 1.3ms
[2023-04-10T19:59:56.246+0800][8683.614s] GC(425)   Post Evacuate Collection Set: 0.8ms
[2023-04-10T19:59:56.246+0800][8683.614s] GC(425)   Other: 0.2ms
[2023-04-10T19:59:56.246+0800][8683.614s] GC(425) Eden regions: 297->0(297)
[2023-04-10T19:59:56.246+0800][8683.614s] GC(425) Survivor regions: 10->10(39)
[2023-04-10T19:59:56.246+0800][8683.614s] GC(425) Old regions: 42->42
[2023-04-10T19:59:56.246+0800][8683.614s] GC(425) Humongous regions: 23->13
[2023-04-10T19:59:56.246+0800][8683.614s] GC(425) Metaspace: 59736K(62032K)->59736K(62032K) NonClass: 52882K(54272K)->52882K(54272K) Class: 6853K(7760K)->6853K(7760K)
[2023-04-10T19:59:56.246+0800][8683.615s] GC(425) Pause Young (Normal) (G1 Evacuation Pause) 370M->64M(512M) 2.443ms
[2023-04-10T19:59:56.246+0800][8683.615s] GC(425) User=0.02s Sys=0.00s Real=0.00s
[2023-04-10T19:59:56.748+0800][8684.116s] GC(426) Pause Young (Normal) (G1 Evacuation Pause)
[2023-04-10T19:59:56.749+0800][8684.117s] GC(426) Using 8 workers of 8 for evacuation
[2023-04-10T19:59:56.750+0800][8684.118s] GC(426)   Pre Evacuate Collection Set: 0.0ms
[2023-04-10T19:59:56.750+0800][8684.118s] GC(426)   Evacuate Collection Set: 0.8ms
[2023-04-10T19:59:56.750+0800][8684.118s] GC(426)   Post Evacuate Collection Set: 0.4ms
[2023-04-10T19:59:56.750+0800][8684.118s] GC(426)   Other: 0.3ms
[2023-04-10T19:59:56.750+0800][8684.118s] GC(426) Eden regions: 297->0(301)
[2023-04-10T19:59:56.750+0800][8684.118s] GC(426) Survivor regions: 10->6(39)
[2023-04-10T19:59:56.750+0800][8684.118s] GC(426) Old regions: 42->42
[2023-04-10T19:59:56.750+0800][8684.118s] GC(426) Humongous regions: 14->5
[2023-04-10T19:59:56.750+0800][8684.118s] GC(426) Metaspace: 59749K(62032K)->59749K(62032K) NonClass: 52896K(54272K)->52896K(54272K) Class: 6853K(7760K)->6853K(7760K)
[2023-04-10T19:59:56.750+0800][8684.118s] GC(426) Pause Young (Normal) (G1 Evacuation Pause) 362M->52M(512M) 1.815ms
[2023-04-10T19:59:56.750+0800][8684.118s] GC(426) User=0.00s Sys=0.00s Real=0.00s
[2023-04-10T19:59:57.193+0800][8684.561s] GC(427) Pause Young (Normal) (G1 Evacuation Pause)
[2023-04-10T19:59:57.193+0800][8684.561s] GC(427) Using 8 workers of 8 for evacuation
[2023-04-10T19:59:57.195+0800][8684.562s] GC(427)   Pre Evacuate Collection Set: 0.0ms
[2023-04-10T19:59:57.195+0800][8684.562s] GC(427)   Evacuate Collection Set: 1.1ms
[2023-04-10T19:59:57.195+0800][8684.562s] GC(427)   Post Evacuate Collection Set: 0.5ms
[2023-04-10T19:59:57.195+0800][8684.563s] GC(427)   Other: 0.1ms
[2023-04-10T19:59:57.195+0800][8684.563s] GC(427) Eden regions: 301->0(298)
[2023-04-10T19:59:57.195+0800][8684.563s] GC(427) Survivor regions: 6->9(39)
[2023-04-10T19:59:57.195+0800][8684.563s] GC(427) Old regions: 42->42
[2023-04-10T19:59:57.195+0800][8684.563s] GC(427) Humongous regions: 13->12
[2023-04-10T19:59:57.195+0800][8684.563s] GC(427) Metaspace: 59749K(62032K)->59749K(62032K) NonClass: 52896K(54272K)->52896K(54272K) Class: 6853K(7760K)->6853K(7760K)
[2023-04-10T19:59:57.195+0800][8684.563s] GC(427) Pause Young (Normal) (G1 Evacuation Pause) 361M->61M(512M) 1.922ms
[2023-04-10T19:59:57.195+0800][8684.563s] GC(427) User=0.00s Sys=0.00s Real=0.00s
[2023-04-10T19:59:57.764+0800][8685.132s] GC(428) Pause Young (Normal) (G1 Evacuation Pause)
[2023-04-10T19:59:57.764+0800][8685.132s] GC(428) Using 8 workers of 8 for evacuation
[2023-04-10T19:59:57.766+0800][8685.134s] GC(428)   Pre Evacuate Collection Set: 0.0ms
[2023-04-10T19:59:57.766+0800][8685.134s] GC(428)   Evacuate Collection Set: 1.1ms
[2023-04-10T19:59:57.766+0800][8685.134s] GC(428)   Post Evacuate Collection Set: 0.6ms
[2023-04-10T19:59:57.766+0800][8685.134s] GC(428)   Other: 0.1ms
[2023-04-10T19:59:57.766+0800][8685.134s] GC(428) Eden regions: 298->0(296)
[2023-04-10T19:59:57.766+0800][8685.134s] GC(428) Survivor regions: 9->11(39)
[2023-04-10T19:59:57.766+0800][8685.134s] GC(428) Old regions: 42->42
[2023-04-10T19:59:57.766+0800][8685.134s] GC(428) Humongous regions: 25->13
[2023-04-10T19:59:57.766+0800][8685.134s] GC(428) Metaspace: 59749K(62032K)->59749K(62032K) NonClass: 52896K(54272K)->52896K(54272K) Class: 6853K(7760K)->6853K(7760K)
[2023-04-10T19:59:57.766+0800][8685.134s] GC(428) Pause Young (Normal) (G1 Evacuation Pause) 372M->64M(512M) 2.034ms
[2023-04-10T19:59:57.766+0800][8685.134s] GC(428) User=0.00s Sys=0.00s Real=0.00s
[2023-04-10T19:59:58.246+0800][8685.614s] GC(429) Pause Young (Normal) (G1 Evacuation Pause)
[2023-04-10T19:59:58.246+0800][8685.614s] GC(429) Using 8 workers of 8 for evacuation
[2023-04-10T19:59:58.247+0800][8685.615s] GC(429)   Pre Evacuate Collection Set: 0.0ms
[2023-04-10T19:59:58.247+0800][8685.615s] GC(429)   Evacuate Collection Set: 0.8ms
[2023-04-10T19:59:58.247+0800][8685.615s] GC(429)   Post Evacuate Collection Set: 0.4ms
[2023-04-10T19:59:58.247+0800][8685.615s] GC(429)   Other: 0.2ms
[2023-04-10T19:59:58.247+0800][8685.615s] GC(429) Eden regions: 296->0(302)
[2023-04-10T19:59:58.247+0800][8685.615s] GC(429) Survivor regions: 11->5(39)
[2023-04-10T19:59:58.248+0800][8685.615s] GC(429) Old regions: 42->42
[2023-04-10T19:59:58.248+0800][8685.615s] GC(429) Humongous regions: 14->5
[2023-04-10T19:59:58.248+0800][8685.615s] GC(429) Metaspace: 59750K(62032K)->59750K(62032K) NonClass: 52896K(54272K)->52896K(54272K) Class: 6853K(7760K)->6853K(7760K)
[2023-04-10T19:59:58.248+0800][8685.615s] GC(429) Pause Young (Normal) (G1 Evacuation Pause) 361M->50M(512M) 1.590ms
[2023-04-10T19:59:58.248+0800][8685.615s] GC(429) User=0.00s Sys=0.00s Real=0.00s
[2023-04-10T19:59:58.653+0800][8686.020s] GC(430) Pause Young (Normal) (G1 Evacuation Pause)
[2023-04-10T19:59:58.653+0800][8686.020s] GC(430) Using 8 workers of 8 for evacuation
[2023-04-10T19:59:58.654+0800][8686.022s] GC(430)   Pre Evacuate Collection Set: 0.0ms
[2023-04-10T19:59:58.655+0800][8686.022s] GC(430)   Evacuate Collection Set: 1.1ms
[2023-04-10T19:59:58.655+0800][8686.022s] GC(430)   Post Evacuate Collection Set: 0.7ms
[2023-04-10T19:59:58.655+0800][8686.022s] GC(430)   Other: 0.2ms
[2023-04-10T19:59:58.655+0800][8686.022s] GC(430) Eden regions: 302->0(296)
[2023-04-10T19:59:58.655+0800][8686.022s] GC(430) Survivor regions: 5->11(39)
[2023-04-10T19:59:58.655+0800][8686.022s] GC(430) Old regions: 42->42
[2023-04-10T19:59:58.655+0800][8686.022s] GC(430) Humongous regions: 8->7
[2023-04-10T19:59:58.655+0800][8686.022s] GC(430) Metaspace: 59750K(62032K)->59750K(62032K) NonClass: 52896K(54272K)->52896K(54272K) Class: 6853K(7760K)->6853K(7760K)
[2023-04-10T19:59:58.655+0800][8686.023s] GC(430) Pause Young (Normal) (G1 Evacuation Pause) 355M->58M(512M) 2.085ms
[2023-04-10T19:59:58.655+0800][8686.023s] GC(430) User=0.00s Sys=0.00s Real=0.00s
[2023-04-10T19:59:59.168+0800][8686.537s] GC(431) Pause Young (Normal) (G1 Evacuation Pause)
[2023-04-10T19:59:59.168+0800][8686.537s] GC(431) Using 8 workers of 8 for evacuation
[2023-04-10T19:59:59.171+0800][8686.539s] GC(431)   Pre Evacuate Collection Set: 0.0ms
[2023-04-10T19:59:59.171+0800][8686.539s] GC(431)   Evacuate Collection Set: 1.2ms
[2023-04-10T19:59:59.171+0800][8686.539s] GC(431)   Post Evacuate Collection Set: 0.7ms
[2023-04-10T19:59:59.171+0800][8686.539s] GC(431)   Other: 0.2ms
[2023-04-10T19:59:59.171+0800][8686.539s] GC(431) Eden regions: 296->0(296)
[2023-04-10T19:59:59.171+0800][8686.539s] GC(431) Survivor regions: 11->11(39)
[2023-04-10T19:59:59.171+0800][8686.539s] GC(431) Old regions: 42->42
[2023-04-10T19:59:59.171+0800][8686.539s] GC(431) Humongous regions: 20->13
[2023-04-10T19:59:59.171+0800][8686.539s] GC(431) Metaspace: 59753K(62032K)->59753K(62032K) NonClass: 52899K(54272K)->52899K(54272K) Class: 6853K(7760K)->6853K(7760K)
[2023-04-10T19:59:59.171+0800][8686.539s] GC(431) Pause Young (Normal) (G1 Evacuation Pause) 367M->64M(512M) 2.264ms
[2023-04-10T19:59:59.171+0800][8686.539s] GC(431) User=0.00s Sys=0.00s Real=0.00s
[2023-04-10T19:59:59.531+0800][8686.900s] GC(432) Pause Young (Normal) (G1 Evacuation Pause)
[2023-04-10T19:59:59.531+0800][8686.900s] GC(432) Using 8 workers of 8 for evacuation
[2023-04-10T19:59:59.533+0800][8686.901s] GC(432)   Pre Evacuate Collection Set: 0.0ms
[2023-04-10T19:59:59.533+0800][8686.901s] GC(432)   Evacuate Collection Set: 0.6ms
[2023-04-10T19:59:59.533+0800][8686.901s] GC(432)   Post Evacuate Collection Set: 0.6ms
[2023-04-10T19:59:59.533+0800][8686.901s] GC(432)   Other: 0.1ms
[2023-04-10T19:59:59.533+0800][8686.901s] GC(432) Eden regions: 296->0(303)
[2023-04-10T19:59:59.533+0800][8686.901s] GC(432) Survivor regions: 11->4(39)
[2023-04-10T19:59:59.533+0800][8686.901s] GC(432) Old regions: 42->42
[2023-04-10T19:59:59.533+0800][8686.901s] GC(432) Humongous regions: 13->4
[2023-04-10T19:59:59.533+0800][8686.901s] GC(432) Metaspace: 59754K(62032K)->59754K(62032K) NonClass: 52900K(54272K)->52900K(54272K) Class: 6853K(7760K)->6853K(7760K)
[2023-04-10T19:59:59.533+0800][8686.901s] GC(432) Pause Young (Normal) (G1 Evacuation Pause) 360M->48M(512M) 1.499ms
[2023-04-10T19:59:59.533+0800][8686.901s] GC(432) User=0.00s Sys=0.00s Real=0.00s
[2023-04-10T19:59:59.722+0800][8687.090s] GC(433) Pause Young (Normal) (G1 Evacuation Pause)
[2023-04-10T19:59:59.722+0800][8687.091s] GC(433) Using 8 workers of 8 for evacuation
[2023-04-10T19:59:59.724+0800][8687.092s] GC(433)   Pre Evacuate Collection Set: 0.0ms
[2023-04-10T19:59:59.724+0800][8687.092s] GC(433)   Evacuate Collection Set: 0.8ms
[2023-04-10T19:59:59.724+0800][8687.092s] GC(433)   Post Evacuate Collection Set: 0.6ms
[2023-04-10T19:59:59.724+0800][8687.092s] GC(433)   Other: 0.2ms
[2023-04-10T19:59:59.724+0800][8687.092s] GC(433) Eden regions: 303->0(301)
[2023-04-10T19:59:59.724+0800][8687.092s] GC(433) Survivor regions: 4->6(39)
[2023-04-10T19:59:59.724+0800][8687.092s] GC(433) Old regions: 42->42
[2023-04-10T19:59:59.724+0800][8687.092s] GC(433) Humongous regions: 5->5
[2023-04-10T19:59:59.724+0800][8687.092s] GC(433) Metaspace: 59754K(62032K)->59754K(62032K) NonClass: 52900K(54272K)->52900K(54272K) Class: 6853K(7760K)->6853K(7760K)
[2023-04-10T19:59:59.724+0800][8687.092s] GC(433) Pause Young (Normal) (G1 Evacuation Pause) 352M->52M(512M) 1.725ms
[2023-04-10T19:59:59.724+0800][8687.092s] GC(433) User=0.00s Sys=0.00s Real=0.00s
[2023-04-10T19:59:59.898+0800][8687.266s] GC(434) Pause Young (Normal) (G1 Evacuation Pause)
[2023-04-10T19:59:59.898+0800][8687.266s] GC(434) Using 8 workers of 8 for evacuation
[2023-04-10T19:59:59.900+0800][8687.268s] GC(434)   Pre Evacuate Collection Set: 0.0ms
[2023-04-10T19:59:59.900+0800][8687.268s] GC(434)   Evacuate Collection Set: 1.2ms
[2023-04-10T19:59:59.900+0800][8687.268s] GC(434)   Post Evacuate Collection Set: 0.6ms
[2023-04-10T19:59:59.900+0800][8687.268s] GC(434)   Other: 0.2ms
[2023-04-10T19:59:59.900+0800][8687.268s] GC(434) Eden regions: 301->0(298)
[2023-04-10T19:59:59.900+0800][8687.268s] GC(434) Survivor regions: 6->9(39)
[2023-04-10T19:59:59.900+0800][8687.268s] GC(434) Old regions: 42->42
[2023-04-10T19:59:59.900+0800][8687.268s] GC(434) Humongous regions: 7->6
[2023-04-10T19:59:59.900+0800][8687.268s] GC(434) Metaspace: 59754K(62032K)->59754K(62032K) NonClass: 52900K(54272K)->52900K(54272K) Class: 6853K(7760K)->6853K(7760K)
[2023-04-10T19:59:59.900+0800][8687.268s] GC(434) Pause Young (Normal) (G1 Evacuation Pause) 355M->55M(512M) 2.098ms
[2023-04-10T19:59:59.900+0800][8687.268s] GC(434) User=0.00s Sys=0.00s Real=0.00s
[2023-04-10T20:00:00.108+0800][8687.476s] GC(435) Pause Young (Normal) (G1 Evacuation Pause)
[2023-04-10T20:00:00.108+0800][8687.476s] GC(435) Using 8 workers of 8 for evacuation
[2023-04-10T20:00:00.110+0800][8687.478s] GC(435)   Pre Evacuate Collection Set: 0.0ms
[2023-04-10T20:00:00.110+0800][8687.478s] GC(435)   Evacuate Collection Set: 1.3ms
[2023-04-10T20:00:00.110+0800][8687.478s] GC(435)   Post Evacuate Collection Set: 0.6ms
[2023-04-10T20:00:00.110+0800][8687.478s] GC(435)   Other: 0.2ms
[2023-04-10T20:00:00.110+0800][8687.478s] GC(435) Eden regions: 298->0(296)
[2023-04-10T20:00:00.110+0800][8687.478s] GC(435) Survivor regions: 9->11(39)
[2023-04-10T20:00:00.110+0800][8687.478s] GC(435) Old regions: 42->42
[2023-04-10T20:00:00.110+0800][8687.478s] GC(435) Humongous regions: 7->7
[2023-04-10T20:00:00.110+0800][8687.478s] GC(435) Metaspace: 59754K(62032K)->59754K(62032K) NonClass: 52900K(54272K)->52900K(54272K) Class: 6853K(7760K)->6853K(7760K)
[2023-04-10T20:00:00.110+0800][8687.478s] GC(435) Pause Young (Normal) (G1 Evacuation Pause) 354M->58M(512M) 2.276ms
[2023-04-10T20:00:00.110+0800][8687.478s] GC(435) User=0.00s Sys=0.00s Real=0.00s
[2023-04-10T20:00:00.403+0800][8687.771s] GC(436) Pause Young (Normal) (G1 Evacuation Pause)
[2023-04-10T20:00:00.403+0800][8687.771s] GC(436) Using 8 workers of 8 for evacuation
[2023-04-10T20:00:00.405+0800][8687.773s] GC(436)   Pre Evacuate Collection Set: 0.0ms
[2023-04-10T20:00:00.405+0800][8687.773s] GC(436)   Evacuate Collection Set: 1.2ms
[2023-04-10T20:00:00.405+0800][8687.773s] GC(436)   Post Evacuate Collection Set: 0.4ms
[2023-04-10T20:00:00.405+0800][8687.773s] GC(436)   Other: 0.2ms
[2023-04-10T20:00:00.405+0800][8687.773s] GC(436) Eden regions: 296->0(296)
[2023-04-10T20:00:00.405+0800][8687.773s] GC(436) Survivor regions: 11->11(39)
[2023-04-10T20:00:00.405+0800][8687.773s] GC(436) Old regions: 42->42
[2023-04-10T20:00:00.405+0800][8687.773s] GC(436) Humongous regions: 15->13
[2023-04-10T20:00:00.405+0800][8687.773s] GC(436) Metaspace: 59754K(62032K)->59754K(62032K) NonClass: 52900K(54272K)->52900K(54272K) Class: 6853K(7760K)->6853K(7760K)
[2023-04-10T20:00:00.405+0800][8687.773s] GC(436) Pause Young (Normal) (G1 Evacuation Pause) 362M->64M(512M) 1.914ms
[2023-04-10T20:00:00.405+0800][8687.773s] GC(436) User=0.00s Sys=0.00s Real=0.00s
[2023-04-10T20:00:00.740+0800][8688.108s] GC(437) Pause Young (Normal) (G1 Evacuation Pause)
[2023-04-10T20:00:00.740+0800][8688.108s] GC(437) Using 8 workers of 8 for evacuation
[2023-04-10T20:00:00.742+0800][8688.111s] GC(437)   Pre Evacuate Collection Set: 0.0ms
[2023-04-10T20:00:00.742+0800][8688.111s] GC(437)   Evacuate Collection Set: 1.3ms
[2023-04-10T20:00:00.742+0800][8688.111s] GC(437)   Post Evacuate Collection Set: 0.7ms
[2023-04-10T20:00:00.742+0800][8688.111s] GC(437)   Other: 0.1ms
[2023-04-10T20:00:00.742+0800][8688.111s] GC(437) Eden regions: 296->0(295)
[2023-04-10T20:00:00.742+0800][8688.111s] GC(437) Survivor regions: 11->12(39)
[2023-04-10T20:00:00.742+0800][8688.111s] GC(437) Old regions: 42->42
[2023-04-10T20:00:00.742+0800][8688.111s] GC(437) Humongous regions: 23->13
[2023-04-10T20:00:00.742+0800][8688.111s] GC(437) Metaspace: 59754K(62032K)->59754K(62032K) NonClass: 52900K(54272K)->52900K(54272K) Class: 6853K(7760K)->6853K(7760K)
[2023-04-10T20:00:00.742+0800][8688.111s] GC(437) Pause Young (Normal) (G1 Evacuation Pause) 370M->65M(512M) 2.400ms
[2023-04-10T20:00:00.742+0800][8688.111s] GC(437) User=0.00s Sys=0.00s Real=0.00s
[2023-04-10T20:00:00.992+0800][8688.359s] GC(438) Pause Young (Normal) (G1 Evacuation Pause)
[2023-04-10T20:00:00.992+0800][8688.360s] GC(438) Using 8 workers of 8 for evacuation
[2023-04-10T20:00:00.994+0800][8688.362s] GC(438)   Pre Evacuate Collection Set: 0.0ms
[2023-04-10T20:00:00.994+0800][8688.362s] GC(438)   Evacuate Collection Set: 1.3ms
[2023-04-10T20:00:00.994+0800][8688.362s] GC(438)   Post Evacuate Collection Set: 0.6ms
[2023-04-10T20:00:00.994+0800][8688.362s] GC(438)   Other: 0.2ms
[2023-04-10T20:00:00.994+0800][8688.362s] GC(438) Eden regions: 295->0(295)
[2023-04-10T20:00:00.994+0800][8688.362s] GC(438) Survivor regions: 12->12(39)
[2023-04-10T20:00:00.994+0800][8688.362s] GC(438) Old regions: 42->42
[2023-04-10T20:00:00.994+0800][8688.362s] GC(438) Humongous regions: 13->13
[2023-04-10T20:00:00.994+0800][8688.362s] GC(438) Metaspace: 59754K(62032K)->59754K(62032K) NonClass: 52900K(54272K)->52900K(54272K) Class: 6853K(7760K)->6853K(7760K)
[2023-04-10T20:00:00.994+0800][8688.362s] GC(438) Pause Young (Normal) (G1 Evacuation Pause) 360M->65M(512M) 2.231ms
[2023-04-10T20:00:00.994+0800][8688.362s] GC(438) User=0.00s Sys=0.00s Real=0.00s
[2023-04-10T20:00:01.255+0800][8688.623s] GC(439) Pause Young (Normal) (G1 Evacuation Pause)
[2023-04-10T20:00:01.255+0800][8688.623s] GC(439) Using 8 workers of 8 for evacuation
[2023-04-10T20:00:01.257+0800][8688.625s] GC(439)   Pre Evacuate Collection Set: 0.0ms
[2023-04-10T20:00:01.257+0800][8688.625s] GC(439)   Evacuate Collection Set: 0.7ms
[2023-04-10T20:00:01.257+0800][8688.625s] GC(439)   Post Evacuate Collection Set: 0.6ms
[2023-04-10T20:00:01.257+0800][8688.625s] GC(439)   Other: 0.2ms
[2023-04-10T20:00:01.257+0800][8688.625s] GC(439) Eden regions: 295->0(302)
[2023-04-10T20:00:01.257+0800][8688.625s] GC(439) Survivor regions: 12->5(39)
[2023-04-10T20:00:01.257+0800][8688.625s] GC(439) Old regions: 42->42
[2023-04-10T20:00:01.257+0800][8688.625s] GC(439) Humongous regions: 14->5
[2023-04-10T20:00:01.257+0800][8688.625s] GC(439) Metaspace: 59755K(62032K)->59755K(62032K) NonClass: 52901K(54272K)->52901K(54272K) Class: 6853K(7760K)->6853K(7760K)
[2023-04-10T20:00:01.257+0800][8688.625s] GC(439) Pause Young (Normal) (G1 Evacuation Pause) 361M->50M(512M) 1.737ms
[2023-04-10T20:00:01.257+0800][8688.625s] GC(439) User=0.00s Sys=0.00s Real=0.00s
[2023-04-10T20:00:01.550+0800][8688.918s] GC(440) Pause Young (Normal) (G1 Evacuation Pause)
[2023-04-10T20:00:01.550+0800][8688.918s] GC(440) Using 8 workers of 8 for evacuation
[2023-04-10T20:00:01.552+0800][8688.920s] GC(440)   Pre Evacuate Collection Set: 0.0ms
[2023-04-10T20:00:01.552+0800][8688.920s] GC(440)   Evacuate Collection Set: 1.0ms
[2023-04-10T20:00:01.552+0800][8688.920s] GC(440)   Post Evacuate Collection Set: 0.5ms
[2023-04-10T20:00:01.552+0800][8688.920s] GC(440)   Other: 0.1ms
[2023-04-10T20:00:01.552+0800][8688.920s] GC(440) Eden regions: 302->0(299)
[2023-04-10T20:00:01.552+0800][8688.920s] GC(440) Survivor regions: 5->8(39)
[2023-04-10T20:00:01.552+0800][8688.920s] GC(440) Old regions: 42->42
[2023-04-10T20:00:01.552+0800][8688.920s] GC(440) Humongous regions: 7->6
[2023-04-10T20:00:01.552+0800][8688.920s] GC(440) Metaspace: 59755K(62032K)->59755K(62032K) NonClass: 52901K(54272K)->52901K(54272K) Class: 6853K(7760K)->6853K(7760K)
[2023-04-10T20:00:01.552+0800][8688.920s] GC(440) Pause Young (Normal) (G1 Evacuation Pause) 354M->55M(512M) 1.897ms
[2023-04-10T20:00:01.552+0800][8688.920s] GC(440) User=0.00s Sys=0.00s Real=0.00s
[2023-04-10T20:00:01.807+0800][8689.175s] GC(441) Pause Young (Normal) (G1 Evacuation Pause)
[2023-04-10T20:00:01.807+0800][8689.175s] GC(441) Using 8 workers of 8 for evacuation
[2023-04-10T20:00:01.809+0800][8689.177s] GC(441)   Pre Evacuate Collection Set: 0.0ms
[2023-04-10T20:00:01.809+0800][8689.177s] GC(441)   Evacuate Collection Set: 1.4ms
[2023-04-10T20:00:01.809+0800][8689.177s] GC(441)   Post Evacuate Collection Set: 0.8ms
[2023-04-10T20:00:01.809+0800][8689.177s] GC(441)   Other: 0.2ms
[2023-04-10T20:00:01.809+0800][8689.177s] GC(441) Eden regions: 299->0(295)
[2023-04-10T20:00:01.809+0800][8689.177s] GC(441) Survivor regions: 8->12(39)
[2023-04-10T20:00:01.809+0800][8689.177s] GC(441) Old regions: 42->42
[2023-04-10T20:00:01.809+0800][8689.177s] GC(441) Humongous regions: 7->7
[2023-04-10T20:00:01.809+0800][8689.177s] GC(441) Metaspace: 59755K(62032K)->59755K(62032K) NonClass: 52901K(54272K)->52901K(54272K) Class: 6853K(7760K)->6853K(7760K)
[2023-04-10T20:00:01.809+0800][8689.177s] GC(441) Pause Young (Normal) (G1 Evacuation Pause) 355M->59M(512M) 2.661ms
[2023-04-10T20:00:01.809+0800][8689.177s] GC(441) User=0.02s Sys=0.00s Real=0.00s
[2023-04-10T20:00:02.083+0800][8689.450s] GC(442) Pause Young (Normal) (G1 Evacuation Pause)
[2023-04-10T20:00:02.083+0800][8689.450s] GC(442) Using 8 workers of 8 for evacuation
[2023-04-10T20:00:02.085+0800][8689.453s] GC(442)   Pre Evacuate Collection Set: 0.0ms
[2023-04-10T20:00:02.085+0800][8689.453s] GC(442)   Evacuate Collection Set: 1.5ms
[2023-04-10T20:00:02.085+0800][8689.453s] GC(442)   Post Evacuate Collection Set: 0.5ms
[2023-04-10T20:00:02.085+0800][8689.453s] GC(442)   Other: 0.2ms
[2023-04-10T20:00:02.085+0800][8689.453s] GC(442) Eden regions: 295->0(296)
[2023-04-10T20:00:02.085+0800][8689.453s] GC(442) Survivor regions: 12->11(39)
[2023-04-10T20:00:02.085+0800][8689.453s] GC(442) Old regions: 42->42
[2023-04-10T20:00:02.085+0800][8689.453s] GC(442) Humongous regions: 20->13
[2023-04-10T20:00:02.085+0800][8689.453s] GC(442) Metaspace: 59755K(62032K)->59755K(62032K) NonClass: 52901K(54272K)->52901K(54272K) Class: 6853K(7760K)->6853K(7760K)
[2023-04-10T20:00:02.085+0800][8689.453s] GC(442) Pause Young (Normal) (G1 Evacuation Pause) 367M->65M(512M) 2.411ms
[2023-04-10T20:00:02.085+0800][8689.453s] GC(442) User=0.00s Sys=0.00s Real=0.00s
[2023-04-10T20:00:02.533+0800][8689.901s] GC(443) Pause Young (Normal) (G1 Evacuation Pause)
[2023-04-10T20:00:02.533+0800][8689.901s] GC(443) Using 8 workers of 8 for evacuation
[2023-04-10T20:00:02.535+0800][8689.903s] GC(443)   Pre Evacuate Collection Set: 0.0ms
[2023-04-10T20:00:02.535+0800][8689.903s] GC(443)   Evacuate Collection Set: 1.4ms
[2023-04-10T20:00:02.536+0800][8689.903s] GC(443)   Post Evacuate Collection Set: 0.5ms
[2023-04-10T20:00:02.536+0800][8689.903s] GC(443)   Other: 0.2ms
[2023-04-10T20:00:02.536+0800][8689.903s] GC(443) Eden regions: 296->0(296)
[2023-04-10T20:00:02.536+0800][8689.903s] GC(443) Survivor regions: 11->11(39)
[2023-04-10T20:00:02.536+0800][8689.903s] GC(443) Old regions: 42->42
[2023-04-10T20:00:02.536+0800][8689.903s] GC(443) Humongous regions: 18->13
[2023-04-10T20:00:02.536+0800][8689.903s] GC(443) Metaspace: 59761K(62032K)->59761K(62032K) NonClass: 52907K(54272K)->52907K(54272K) Class: 6853K(7760K)->6853K(7760K)
[2023-04-10T20:00:02.536+0800][8689.903s] GC(443) Pause Young (Normal) (G1 Evacuation Pause) 366M->65M(512M) 2.380ms
[2023-04-10T20:00:02.536+0800][8689.904s] GC(443) User=0.00s Sys=0.00s Real=0.00s
[2023-04-10T20:00:02.972+0800][8690.340s] GC(444) Pause Young (Normal) (G1 Evacuation Pause)
[2023-04-10T20:00:02.972+0800][8690.340s] GC(444) Using 8 workers of 8 for evacuation
[2023-04-10T20:00:02.973+0800][8690.341s] GC(444)   Pre Evacuate Collection Set: 0.0ms
[2023-04-10T20:00:02.973+0800][8690.341s] GC(444)   Evacuate Collection Set: 0.6ms
[2023-04-10T20:00:02.973+0800][8690.341s] GC(444)   Post Evacuate Collection Set: 0.6ms
[2023-04-10T20:00:02.973+0800][8690.341s] GC(444)   Other: 0.1ms
[2023-04-10T20:00:02.973+0800][8690.341s] GC(444) Eden regions: 296->0(303)
[2023-04-10T20:00:02.973+0800][8690.341s] GC(444) Survivor regions: 11->4(39)
[2023-04-10T20:00:02.973+0800][8690.341s] GC(444) Old regions: 42->42
[2023-04-10T20:00:02.973+0800][8690.341s] GC(444) Humongous regions: 14->5
[2023-04-10T20:00:02.973+0800][8690.341s] GC(444) Metaspace: 59761K(62032K)->59761K(62032K) NonClass: 52907K(54272K)->52907K(54272K) Class: 6853K(7760K)->6853K(7760K)
[2023-04-10T20:00:02.973+0800][8690.341s] GC(444) Pause Young (Normal) (G1 Evacuation Pause) 362M->50M(512M) 1.443ms
[2023-04-10T20:00:02.973+0800][8690.341s] GC(444) User=0.00s Sys=0.00s Real=0.00s
[2023-04-10T20:00:03.357+0800][8690.726s] GC(445) Pause Young (Normal) (G1 Evacuation Pause)
[2023-04-10T20:00:03.357+0800][8690.726s] GC(445) Using 8 workers of 8 for evacuation
[2023-04-10T20:00:03.359+0800][8690.728s] GC(445)   Pre Evacuate Collection Set: 0.0ms
[2023-04-10T20:00:03.359+0800][8690.728s] GC(445)   Evacuate Collection Set: 1.1ms
[2023-04-10T20:00:03.359+0800][8690.728s] GC(445)   Post Evacuate Collection Set: 0.8ms
[2023-04-10T20:00:03.359+0800][8690.728s] GC(445)   Other: 0.2ms
[2023-04-10T20:00:03.359+0800][8690.728s] GC(445) Eden regions: 303->0(297)
[2023-04-10T20:00:03.359+0800][8690.728s] GC(445) Survivor regions: 4->10(39)
[2023-04-10T20:00:03.359+0800][8690.728s] GC(445) Old regions: 42->42
[2023-04-10T20:00:03.359+0800][8690.728s] GC(445) Humongous regions: 8->7
[2023-04-10T20:00:03.359+0800][8690.728s] GC(445) Metaspace: 59761K(62032K)->59761K(62032K) NonClass: 52907K(54272K)->52907K(54272K) Class: 6853K(7760K)->6853K(7760K)
[2023-04-10T20:00:03.359+0800][8690.728s] GC(445) Pause Young (Normal) (G1 Evacuation Pause) 356M->58M(512M) 2.188ms
[2023-04-10T20:00:03.359+0800][8690.728s] GC(445) User=0.00s Sys=0.00s Real=0.00s
[2023-04-10T20:00:03.765+0800][8691.134s] GC(446) Pause Young (Normal) (G1 Evacuation Pause)
[2023-04-10T20:00:03.765+0800][8691.134s] GC(446) Using 8 workers of 8 for evacuation
[2023-04-10T20:00:03.767+0800][8691.136s] GC(446)   Pre Evacuate Collection Set: 0.0ms
[2023-04-10T20:00:03.767+0800][8691.136s] GC(446)   Evacuate Collection Set: 1.4ms
[2023-04-10T20:00:03.767+0800][8691.136s] GC(446)   Post Evacuate Collection Set: 0.7ms
[2023-04-10T20:00:03.767+0800][8691.136s] GC(446)   Other: 0.2ms
[2023-04-10T20:00:03.767+0800][8691.136s] GC(446) Eden regions: 297->0(294)
[2023-04-10T20:00:03.767+0800][8691.136s] GC(446) Survivor regions: 10->13(39)
[2023-04-10T20:00:03.767+0800][8691.136s] GC(446) Old regions: 42->42
[2023-04-10T20:00:03.767+0800][8691.136s] GC(446) Humongous regions: 25->13
[2023-04-10T20:00:03.768+0800][8691.136s] GC(446) Metaspace: 59761K(62032K)->59761K(62032K) NonClass: 52907K(54272K)->52907K(54272K) Class: 6853K(7760K)->6853K(7760K)
[2023-04-10T20:00:03.768+0800][8691.136s] GC(446) Pause Young (Normal) (G1 Evacuation Pause) 373M->66M(512M) 2.544ms
[2023-04-10T20:00:03.768+0800][8691.136s] GC(446) User=0.00s Sys=0.00s Real=0.00s
[2023-04-10T20:00:04.287+0800][8691.654s] GC(447) Pause Young (Normal) (G1 Evacuation Pause)
[2023-04-10T20:00:04.287+0800][8691.654s] GC(447) Using 8 workers of 8 for evacuation
[2023-04-10T20:00:04.288+0800][8691.655s] GC(447)   Pre Evacuate Collection Set: 0.0ms
[2023-04-10T20:00:04.288+0800][8691.656s] GC(447)   Evacuate Collection Set: 0.3ms
[2023-04-10T20:00:04.288+0800][8691.656s] GC(447)   Post Evacuate Collection Set: 0.6ms
[2023-04-10T20:00:04.288+0800][8691.656s] GC(447)   Other: 0.1ms
[2023-04-10T20:00:04.288+0800][8691.656s] GC(447) Eden regions: 294->0(305)
[2023-04-10T20:00:04.288+0800][8691.656s] GC(447) Survivor regions: 13->2(39)
[2023-04-10T20:00:04.288+0800][8691.656s] GC(447) Old regions: 42->42
[2023-04-10T20:00:04.288+0800][8691.656s] GC(447) Humongous regions: 14->4
[2023-04-10T20:00:04.288+0800][8691.656s] GC(447) Metaspace: 59767K(62032K)->59767K(62032K) NonClass: 52914K(54272K)->52914K(54272K) Class: 6853K(7760K)->6853K(7760K)
[2023-04-10T20:00:04.288+0800][8691.656s] GC(447) Pause Young (Normal) (G1 Evacuation Pause) 361M->47M(512M) 1.282ms
[2023-04-10T20:00:04.288+0800][8691.656s] GC(447) User=0.00s Sys=0.00s Real=0.00s
[2023-04-10T20:00:04.707+0800][8692.075s] GC(448) Pause Young (Normal) (G1 Evacuation Pause)
[2023-04-10T20:00:04.707+0800][8692.075s] GC(448) Using 8 workers of 8 for evacuation
[2023-04-10T20:00:04.709+0800][8692.077s] GC(448)   Pre Evacuate Collection Set: 0.0ms
[2023-04-10T20:00:04.709+0800][8692.077s] GC(448)   Evacuate Collection Set: 0.8ms
[2023-04-10T20:00:04.709+0800][8692.077s] GC(448)   Post Evacuate Collection Set: 0.6ms
[2023-04-10T20:00:04.709+0800][8692.077s] GC(448)   Other: 0.2ms
[2023-04-10T20:00:04.709+0800][8692.077s] GC(448) Eden regions: 305->0(299)
[2023-04-10T20:00:04.709+0800][8692.077s] GC(448) Survivor regions: 2->8(39)
[2023-04-10T20:00:04.709+0800][8692.077s] GC(448) Old regions: 42->42
[2023-04-10T20:00:04.709+0800][8692.077s] GC(448) Humongous regions: 7->6
[2023-04-10T20:00:04.709+0800][8692.077s] GC(448) Metaspace: 59767K(62032K)->59767K(62032K) NonClass: 52914K(54272K)->52914K(54272K) Class: 6853K(7760K)->6853K(7760K)
[2023-04-10T20:00:04.709+0800][8692.077s] GC(448) Pause Young (Normal) (G1 Evacuation Pause) 355M->54M(512M) 1.849ms
[2023-04-10T20:00:04.709+0800][8692.077s] GC(448) User=0.00s Sys=0.00s Real=0.00s
[2023-04-10T20:00:05.104+0800][8692.472s] GC(449) Pause Young (Normal) (G1 Evacuation Pause)
[2023-04-10T20:00:05.104+0800][8692.472s] GC(449) Using 8 workers of 8 for evacuation
[2023-04-10T20:00:05.106+0800][8692.474s] GC(449)   Pre Evacuate Collection Set: 0.0ms
[2023-04-10T20:00:05.106+0800][8692.474s] GC(449)   Evacuate Collection Set: 1.0ms
[2023-04-10T20:00:05.106+0800][8692.474s] GC(449)   Post Evacuate Collection Set: 0.6ms
[2023-04-10T20:00:05.106+0800][8692.474s] GC(449)   Other: 0.2ms
[2023-04-10T20:00:05.106+0800][8692.474s] GC(449) Eden regions: 299->0(297)
[2023-04-10T20:00:05.106+0800][8692.474s] GC(449) Survivor regions: 8->10(39)
[2023-04-10T20:00:05.106+0800][8692.474s] GC(449) Old regions: 42->42
[2023-04-10T20:00:05.106+0800][8692.474s] GC(449) Humongous regions: 20->13
[2023-04-10T20:00:05.106+0800][8692.474s] GC(449) Metaspace: 59767K(62032K)->59767K(62032K) NonClass: 52914K(54272K)->52914K(54272K) Class: 6853K(7760K)->6853K(7760K)
[2023-04-10T20:00:05.106+0800][8692.474s] GC(449) Pause Young (Normal) (G1 Evacuation Pause) 367M->63M(512M) 1.996ms
[2023-04-10T20:00:05.106+0800][8692.474s] GC(449) User=0.12s Sys=0.00s Real=0.00s
[2023-04-10T20:00:05.635+0800][8693.003s] GC(450) Pause Young (Normal) (G1 Evacuation Pause)
[2023-04-10T20:00:05.635+0800][8693.003s] GC(450) Using 8 workers of 8 for evacuation
[2023-04-10T20:00:05.637+0800][8693.005s] GC(450)   Pre Evacuate Collection Set: 0.0ms
[2023-04-10T20:00:05.637+0800][8693.005s] GC(450)   Evacuate Collection Set: 1.1ms
[2023-04-10T20:00:05.637+0800][8693.005s] GC(450)   Post Evacuate Collection Set: 0.6ms
[2023-04-10T20:00:05.637+0800][8693.005s] GC(450)   Other: 0.2ms
[2023-04-10T20:00:05.637+0800][8693.005s] GC(450) Eden regions: 297->0(296)
[2023-04-10T20:00:05.637+0800][8693.005s] GC(450) Survivor regions: 10->11(39)
[2023-04-10T20:00:05.637+0800][8693.005s] GC(450) Old regions: 42->42
[2023-04-10T20:00:05.637+0800][8693.005s] GC(450) Humongous regions: 18->13
[2023-04-10T20:00:05.637+0800][8693.005s] GC(450) Metaspace: 59767K(62032K)->59767K(62032K) NonClass: 52914K(54272K)->52914K(54272K) Class: 6853K(7760K)->6853K(7760K)
[2023-04-10T20:00:05.637+0800][8693.005s] GC(450) Pause Young (Normal) (G1 Evacuation Pause) 365M->64M(512M) 2.214ms
[2023-04-10T20:00:05.637+0800][8693.005s] GC(450) User=0.12s Sys=0.00s Real=0.00s
[2023-04-10T20:00:06.064+0800][8693.432s] GC(451) Pause Young (Normal) (G1 Evacuation Pause)
[2023-04-10T20:00:06.064+0800][8693.432s] GC(451) Using 8 workers of 8 for evacuation
[2023-04-10T20:00:06.065+0800][8693.433s] GC(451)   Pre Evacuate Collection Set: 0.0ms
[2023-04-10T20:00:06.065+0800][8693.433s] GC(451)   Evacuate Collection Set: 0.7ms
[2023-04-10T20:00:06.065+0800][8693.434s] GC(451)   Post Evacuate Collection Set: 0.7ms
[2023-04-10T20:00:06.065+0800][8693.434s] GC(451)   Other: 0.2ms
[2023-04-10T20:00:06.066+0800][8693.434s] GC(451) Eden regions: 296->0(301)
[2023-04-10T20:00:06.066+0800][8693.434s] GC(451) Survivor regions: 11->6(39)
[2023-04-10T20:00:06.066+0800][8693.434s] GC(451) Old regions: 42->42
[2023-04-10T20:00:06.066+0800][8693.434s] GC(451) Humongous regions: 14->5
[2023-04-10T20:00:06.066+0800][8693.434s] GC(451) Metaspace: 59769K(62032K)->59769K(62032K) NonClass: 52915K(54272K)->52915K(54272K) Class: 6853K(7760K)->6853K(7760K)
[2023-04-10T20:00:06.066+0800][8693.434s] GC(451) Pause Young (Normal) (G1 Evacuation Pause) 361M->52M(512M) 1.718ms
[2023-04-10T20:00:06.066+0800][8693.434s] GC(451) User=0.00s Sys=0.00s Real=0.00s
[2023-04-10T20:00:06.464+0800][8693.833s] GC(452) Pause Young (Normal) (G1 Evacuation Pause)
[2023-04-10T20:00:06.464+0800][8693.833s] GC(452) Using 8 workers of 8 for evacuation
[2023-04-10T20:00:06.466+0800][8693.834s] GC(452)   Pre Evacuate Collection Set: 0.0ms
[2023-04-10T20:00:06.466+0800][8693.834s] GC(452)   Evacuate Collection Set: 0.9ms
[2023-04-10T20:00:06.466+0800][8693.834s] GC(452)   Post Evacuate Collection Set: 0.4ms
[2023-04-10T20:00:06.466+0800][8693.834s] GC(452)   Other: 0.2ms
[2023-04-10T20:00:06.466+0800][8693.834s] GC(452) Eden regions: 301->0(298)
[2023-04-10T20:00:06.466+0800][8693.834s] GC(452) Survivor regions: 6->9(39)
[2023-04-10T20:00:06.466+0800][8693.834s] GC(452) Old regions: 42->42
[2023-04-10T20:00:06.466+0800][8693.834s] GC(452) Humongous regions: 13->12
[2023-04-10T20:00:06.466+0800][8693.834s] GC(452) Metaspace: 59769K(62032K)->59769K(62032K) NonClass: 52915K(54272K)->52915K(54272K) Class: 6853K(7760K)->6853K(7760K)
[2023-04-10T20:00:06.466+0800][8693.834s] GC(452) Pause Young (Normal) (G1 Evacuation Pause) 361M->61M(512M) 1.779ms
[2023-04-10T20:00:06.466+0800][8693.834s] GC(452) User=0.00s Sys=0.03s Real=0.00s
[2023-04-10T20:00:07.007+0800][8694.375s] GC(453) Pause Young (Normal) (G1 Evacuation Pause)
[2023-04-10T20:00:07.008+0800][8694.376s] GC(453) Using 8 workers of 8 for evacuation
[2023-04-10T20:00:07.009+0800][8694.377s] GC(453)   Pre Evacuate Collection Set: 0.0ms
[2023-04-10T20:00:07.010+0800][8694.378s] GC(453)   Evacuate Collection Set: 1.1ms
[2023-04-10T20:00:07.010+0800][8694.378s] GC(453)   Post Evacuate Collection Set: 0.7ms
[2023-04-10T20:00:07.010+0800][8694.378s] GC(453)   Other: 0.2ms
[2023-04-10T20:00:07.010+0800][8694.378s] GC(453) Eden regions: 298->0(296)
[2023-04-10T20:00:07.010+0800][8694.378s] GC(453) Survivor regions: 9->11(39)
[2023-04-10T20:00:07.010+0800][8694.378s] GC(453) Old regions: 42->42
[2023-04-10T20:00:07.010+0800][8694.378s] GC(453) Humongous regions: 25->13
[2023-04-10T20:00:07.010+0800][8694.378s] GC(453) Metaspace: 59773K(62032K)->59773K(62032K) NonClass: 52919K(54272K)->52919K(54272K) Class: 6853K(7760K)->6853K(7760K)
[2023-04-10T20:00:07.010+0800][8694.378s] GC(453) Pause Young (Normal) (G1 Evacuation Pause) 372M->64M(512M) 2.170ms
[2023-04-10T20:00:07.010+0800][8694.378s] GC(453) User=0.00s Sys=0.00s Real=0.00s
[2023-04-10T20:00:07.457+0800][8694.825s] GC(454) Pause Young (Normal) (G1 Evacuation Pause)
[2023-04-10T20:00:07.457+0800][8694.825s] GC(454) Using 8 workers of 8 for evacuation
[2023-04-10T20:00:07.458+0800][8694.826s] GC(454)   Pre Evacuate Collection Set: 0.0ms
[2023-04-10T20:00:07.458+0800][8694.826s] GC(454)   Evacuate Collection Set: 0.5ms
[2023-04-10T20:00:07.458+0800][8694.826s] GC(454)   Post Evacuate Collection Set: 0.6ms
[2023-04-10T20:00:07.458+0800][8694.826s] GC(454)   Other: 0.1ms
[2023-04-10T20:00:07.458+0800][8694.826s] GC(454) Eden regions: 296->0(302)
[2023-04-10T20:00:07.458+0800][8694.826s] GC(454) Survivor regions: 11->5(39)
[2023-04-10T20:00:07.458+0800][8694.826s] GC(454) Old regions: 42->42
[2023-04-10T20:00:07.458+0800][8694.826s] GC(454) Humongous regions: 14->5
[2023-04-10T20:00:07.458+0800][8694.826s] GC(454) Metaspace: 59773K(62032K)->59773K(62032K) NonClass: 52920K(54272K)->52920K(54272K) Class: 6853K(7760K)->6853K(7760K)
[2023-04-10T20:00:07.458+0800][8694.826s] GC(454) Pause Young (Normal) (G1 Evacuation Pause) 361M->50M(512M) 1.418ms
[2023-04-10T20:00:07.458+0800][8694.826s] GC(454) User=0.00s Sys=0.00s Real=0.00s
[2023-04-10T20:00:07.850+0800][8695.217s] GC(455) Pause Young (Normal) (G1 Evacuation Pause)
[2023-04-10T20:00:07.850+0800][8695.218s] GC(455) Using 8 workers of 8 for evacuation
[2023-04-10T20:00:07.852+0800][8695.219s] GC(455)   Pre Evacuate Collection Set: 0.0ms
[2023-04-10T20:00:07.852+0800][8695.219s] GC(455)   Evacuate Collection Set: 1.0ms
[2023-04-10T20:00:07.852+0800][8695.219s] GC(455)   Post Evacuate Collection Set: 0.7ms
[2023-04-10T20:00:07.852+0800][8695.219s] GC(455)   Other: 0.2ms
[2023-04-10T20:00:07.852+0800][8695.219s] GC(455) Eden regions: 302->0(297)
[2023-04-10T20:00:07.852+0800][8695.220s] GC(455) Survivor regions: 5->10(39)
[2023-04-10T20:00:07.852+0800][8695.220s] GC(455) Old regions: 42->42
[2023-04-10T20:00:07.852+0800][8695.220s] GC(455) Humongous regions: 8->7
[2023-04-10T20:00:07.852+0800][8695.220s] GC(455) Metaspace: 59773K(62032K)->59773K(62032K) NonClass: 52920K(54272K)->52920K(54272K) Class: 6853K(7760K)->6853K(7760K)
[2023-04-10T20:00:07.852+0800][8695.220s] GC(455) Pause Young (Normal) (G1 Evacuation Pause) 355M->57M(512M) 2.089ms
[2023-04-10T20:00:07.852+0800][8695.220s] GC(455) User=0.00s Sys=0.00s Real=0.00s
[2023-04-10T20:00:08.404+0800][8695.772s] GC(456) Pause Young (Normal) (G1 Evacuation Pause)
[2023-04-10T20:00:08.405+0800][8695.772s] GC(456) Using 8 workers of 8 for evacuation
[2023-04-10T20:00:08.406+0800][8695.774s] GC(456)   Pre Evacuate Collection Set: 0.0ms
[2023-04-10T20:00:08.406+0800][8695.774s] GC(456)   Evacuate Collection Set: 1.1ms
[2023-04-10T20:00:08.406+0800][8695.774s] GC(456)   Post Evacuate Collection Set: 0.6ms
[2023-04-10T20:00:08.406+0800][8695.774s] GC(456)   Other: 0.2ms
[2023-04-10T20:00:08.406+0800][8695.774s] GC(456) Eden regions: 297->0(297)
[2023-04-10T20:00:08.406+0800][8695.774s] GC(456) Survivor regions: 10->10(39)
[2023-04-10T20:00:08.406+0800][8695.774s] GC(456) Old regions: 42->42
[2023-04-10T20:00:08.407+0800][8695.774s] GC(456) Humongous regions: 25->13
[2023-04-10T20:00:08.407+0800][8695.774s] GC(456) Metaspace: 59773K(62032K)->59773K(62032K) NonClass: 52920K(54272K)->52920K(54272K) Class: 6853K(7760K)->6853K(7760K)
[2023-04-10T20:00:08.407+0800][8695.774s] GC(456) Pause Young (Normal) (G1 Evacuation Pause) 372M->64M(512M) 2.152ms
[2023-04-10T20:00:08.407+0800][8695.774s] GC(456) User=0.00s Sys=0.00s Real=0.00s
[2023-04-10T20:00:08.795+0800][8696.163s] GC(457) Pause Young (Normal) (G1 Evacuation Pause)
[2023-04-10T20:00:08.795+0800][8696.163s] GC(457) Using 8 workers of 8 for evacuation
[2023-04-10T20:00:08.796+0800][8696.164s] GC(457)   Pre Evacuate Collection Set: 0.0ms
[2023-04-10T20:00:08.796+0800][8696.164s] GC(457)   Evacuate Collection Set: 0.4ms
[2023-04-10T20:00:08.796+0800][8696.164s] GC(457)   Post Evacuate Collection Set: 0.6ms
[2023-04-10T20:00:08.796+0800][8696.164s] GC(457)   Other: 0.2ms
[2023-04-10T20:00:08.796+0800][8696.164s] GC(457) Eden regions: 297->0(304)
[2023-04-10T20:00:08.796+0800][8696.164s] GC(457) Survivor regions: 10->3(39)
[2023-04-10T20:00:08.796+0800][8696.164s] GC(457) Old regions: 42->42
[2023-04-10T20:00:08.796+0800][8696.164s] GC(457) Humongous regions: 13->4
[2023-04-10T20:00:08.796+0800][8696.164s] GC(457) Metaspace: 59776K(62032K)->59776K(62032K) NonClass: 52922K(54272K)->52922K(54272K) Class: 6853K(7760K)->6853K(7760K)
[2023-04-10T20:00:08.796+0800][8696.164s] GC(457) Pause Young (Normal) (G1 Evacuation Pause) 361M->47M(512M) 1.242ms
[2023-04-10T20:00:08.796+0800][8696.164s] GC(457) User=0.00s Sys=0.00s Real=0.00s
[2023-04-10T20:00:09.204+0800][8696.572s] GC(458) Pause Young (Normal) (G1 Evacuation Pause)
[2023-04-10T20:00:09.204+0800][8696.572s] GC(458) Using 8 workers of 8 for evacuation
[2023-04-10T20:00:09.205+0800][8696.574s] GC(458)   Pre Evacuate Collection Set: 0.0ms
[2023-04-10T20:00:09.205+0800][8696.574s] GC(458)   Evacuate Collection Set: 0.9ms
[2023-04-10T20:00:09.205+0800][8696.574s] GC(458)   Post Evacuate Collection Set: 0.6ms
[2023-04-10T20:00:09.205+0800][8696.574s] GC(458)   Other: 0.2ms
[2023-04-10T20:00:09.205+0800][8696.574s] GC(458) Eden regions: 304->0(299)
[2023-04-10T20:00:09.205+0800][8696.574s] GC(458) Survivor regions: 3->8(39)
[2023-04-10T20:00:09.205+0800][8696.574s] GC(458) Old regions: 42->42
[2023-04-10T20:00:09.205+0800][8696.574s] GC(458) Humongous regions: 7->6
[2023-04-10T20:00:09.206+0800][8696.574s] GC(458) Metaspace: 59776K(62032K)->59776K(62032K) NonClass: 52922K(54272K)->52922K(54272K) Class: 6853K(7760K)->6853K(7760K)
[2023-04-10T20:00:09.206+0800][8696.574s] GC(458) Pause Young (Normal) (G1 Evacuation Pause) 354M->55M(512M) 1.855ms
[2023-04-10T20:00:09.206+0800][8696.574s] GC(458) User=0.00s Sys=0.00s Real=0.00s
[2023-04-10T20:00:09.669+0800][8697.037s] GC(459) Pause Young (Normal) (G1 Evacuation Pause)
[2023-04-10T20:00:09.669+0800][8697.037s] GC(459) Using 8 workers of 8 for evacuation
[2023-04-10T20:00:09.671+0800][8697.038s] GC(459)   Pre Evacuate Collection Set: 0.0ms
[2023-04-10T20:00:09.671+0800][8697.038s] GC(459)   Evacuate Collection Set: 1.1ms
[2023-04-10T20:00:09.671+0800][8697.039s] GC(459)   Post Evacuate Collection Set: 0.6ms
[2023-04-10T20:00:09.671+0800][8697.039s] GC(459)   Other: 0.2ms
[2023-04-10T20:00:09.671+0800][8697.039s] GC(459) Eden regions: 299->0(297)
[2023-04-10T20:00:09.671+0800][8697.039s] GC(459) Survivor regions: 8->10(39)
[2023-04-10T20:00:09.671+0800][8697.039s] GC(459) Old regions: 42->42
[2023-04-10T20:00:09.671+0800][8697.039s] GC(459) Humongous regions: 20->13
[2023-04-10T20:00:09.671+0800][8697.039s] GC(459) Metaspace: 59776K(62032K)->59776K(62032K) NonClass: 52922K(54272K)->52922K(54272K) Class: 6853K(7760K)->6853K(7760K)
[2023-04-10T20:00:09.671+0800][8697.039s] GC(459) Pause Young (Normal) (G1 Evacuation Pause) 368M->64M(512M) 2.083ms
[2023-04-10T20:00:09.671+0800][8697.039s] GC(459) User=0.00s Sys=0.00s Real=0.00s
[2023-04-10T20:00:10.248+0800][8697.616s] GC(460) Pause Young (Normal) (G1 Evacuation Pause)
[2023-04-10T20:00:10.248+0800][8697.616s] GC(460) Using 8 workers of 8 for evacuation
[2023-04-10T20:00:10.249+0800][8697.617s] GC(460)   Pre Evacuate Collection Set: 0.0ms
[2023-04-10T20:00:10.249+0800][8697.617s] GC(460)   Evacuate Collection Set: 0.2ms
[2023-04-10T20:00:10.249+0800][8697.617s] GC(460)   Post Evacuate Collection Set: 0.5ms
[2023-04-10T20:00:10.249+0800][8697.617s] GC(460)   Other: 0.1ms
[2023-04-10T20:00:10.249+0800][8697.617s] GC(460) Eden regions: 297->0(306)
[2023-04-10T20:00:10.249+0800][8697.617s] GC(460) Survivor regions: 10->1(39)
[2023-04-10T20:00:10.249+0800][8697.617s] GC(460) Old regions: 42->42
[2023-04-10T20:00:10.249+0800][8697.617s] GC(460) Humongous regions: 18->4
[2023-04-10T20:00:10.249+0800][8697.617s] GC(460) Metaspace: 59789K(62032K)->59789K(62032K) NonClass: 52935K(54272K)->52935K(54272K) Class: 6853K(7760K)->6853K(7760K)
[2023-04-10T20:00:10.249+0800][8697.617s] GC(460) Pause Young (Normal) (G1 Evacuation Pause) 366M->45M(512M) 1.070ms
[2023-04-10T20:00:10.249+0800][8697.617s] GC(460) User=0.00s Sys=0.00s Real=0.00s
[2023-04-10T20:00:10.678+0800][8698.046s] GC(461) Pause Young (Normal) (G1 Evacuation Pause)
[2023-04-10T20:00:10.678+0800][8698.047s] GC(461) Using 8 workers of 8 for evacuation
[2023-04-10T20:00:10.680+0800][8698.048s] GC(461)   Pre Evacuate Collection Set: 0.0ms
[2023-04-10T20:00:10.680+0800][8698.048s] GC(461)   Evacuate Collection Set: 0.8ms
[2023-04-10T20:00:10.680+0800][8698.048s] GC(461)   Post Evacuate Collection Set: 0.7ms
[2023-04-10T20:00:10.680+0800][8698.048s] GC(461)   Other: 0.3ms
[2023-04-10T20:00:10.680+0800][8698.048s] GC(461) Eden regions: 306->0(300)
[2023-04-10T20:00:10.680+0800][8698.048s] GC(461) Survivor regions: 1->7(39)
[2023-04-10T20:00:10.680+0800][8698.048s] GC(461) Old regions: 42->42
[2023-04-10T20:00:10.680+0800][8698.048s] GC(461) Humongous regions: 7->6
[2023-04-10T20:00:10.680+0800][8698.048s] GC(461) Metaspace: 59789K(62032K)->59789K(62032K) NonClass: 52935K(54272K)->52935K(54272K) Class: 6853K(7760K)->6853K(7760K)
[2023-04-10T20:00:10.680+0800][8698.048s] GC(461) Pause Young (Normal) (G1 Evacuation Pause) 354M->53M(512M) 1.916ms
[2023-04-10T20:00:10.680+0800][8698.048s] GC(461) User=0.00s Sys=0.00s Real=0.00s
[2023-04-10T20:00:11.087+0800][8698.455s] GC(462) Pause Young (Normal) (G1 Evacuation Pause)
[2023-04-10T20:00:11.087+0800][8698.455s] GC(462) Using 8 workers of 8 for evacuation
[2023-04-10T20:00:11.088+0800][8698.457s] GC(462)   Pre Evacuate Collection Set: 0.0ms
[2023-04-10T20:00:11.089+0800][8698.457s] GC(462)   Evacuate Collection Set: 1.1ms
[2023-04-10T20:00:11.089+0800][8698.457s] GC(462)   Post Evacuate Collection Set: 0.5ms
[2023-04-10T20:00:11.090+0800][8698.457s] GC(462)   Other: 0.2ms
[2023-04-10T20:00:11.090+0800][8698.457s] GC(462) Eden regions: 300->0(298)
[2023-04-10T20:00:11.090+0800][8698.457s] GC(462) Survivor regions: 7->9(39)
[2023-04-10T20:00:11.090+0800][8698.457s] GC(462) Old regions: 42->42
[2023-04-10T20:00:11.090+0800][8698.457s] GC(462) Humongous regions: 12->12
[2023-04-10T20:00:11.090+0800][8698.457s] GC(462) Metaspace: 59789K(62032K)->59789K(62032K) NonClass: 52935K(54272K)->52935K(54272K) Class: 6853K(7760K)->6853K(7760K)
[2023-04-10T20:00:11.090+0800][8698.457s] GC(462) Pause Young (Normal) (G1 Evacuation Pause) 359M->62M(512M) 2.197ms
[2023-04-10T20:00:11.090+0800][8698.458s] GC(462) User=0.02s Sys=0.00s Real=0.00s
[2023-04-10T20:00:11.640+0800][8699.008s] GC(463) Pause Young (Normal) (G1 Evacuation Pause)
[2023-04-10T20:00:11.640+0800][8699.008s] GC(463) Using 8 workers of 8 for evacuation
[2023-04-10T20:00:11.641+0800][8699.010s] GC(463)   Pre Evacuate Collection Set: 0.0ms
[2023-04-10T20:00:11.642+0800][8699.010s] GC(463)   Evacuate Collection Set: 1.2ms
[2023-04-10T20:00:11.642+0800][8699.010s] GC(463)   Post Evacuate Collection Set: 0.6ms
[2023-04-10T20:00:11.642+0800][8699.010s] GC(463)   Other: 0.3ms
[2023-04-10T20:00:11.642+0800][8699.010s] GC(463) Eden regions: 298->0(297)
[2023-04-10T20:00:11.642+0800][8699.010s] GC(463) Survivor regions: 9->10(39)
[2023-04-10T20:00:11.642+0800][8699.010s] GC(463) Old regions: 42->42
[2023-04-10T20:00:11.642+0800][8699.010s] GC(463) Humongous regions: 25->13
[2023-04-10T20:00:11.642+0800][8699.010s] GC(463) Metaspace: 59789K(62032K)->59789K(62032K) NonClass: 52935K(54272K)->52935K(54272K) Class: 6853K(7760K)->6853K(7760K)
[2023-04-10T20:00:11.642+0800][8699.010s] GC(463) Pause Young (Normal) (G1 Evacuation Pause) 373M->64M(512M) 2.227ms
[2023-04-10T20:00:11.642+0800][8699.010s] GC(463) User=0.00s Sys=0.00s Real=0.00s
[2023-04-10T20:00:12.069+0800][8699.438s] GC(464) Pause Young (Normal) (G1 Evacuation Pause)
[2023-04-10T20:00:12.069+0800][8699.438s] GC(464) Using 8 workers of 8 for evacuation
[2023-04-10T20:00:12.071+0800][8699.439s] GC(464)   Pre Evacuate Collection Set: 0.0ms
[2023-04-10T20:00:12.071+0800][8699.439s] GC(464)   Evacuate Collection Set: 0.6ms
[2023-04-10T20:00:12.071+0800][8699.439s] GC(464)   Post Evacuate Collection Set: 0.7ms
[2023-04-10T20:00:12.071+0800][8699.439s] GC(464)   Other: 0.2ms
[2023-04-10T20:00:12.071+0800][8699.439s] GC(464) Eden regions: 297->0(302)
[2023-04-10T20:00:12.071+0800][8699.439s] GC(464) Survivor regions: 10->5(39)
[2023-04-10T20:00:12.071+0800][8699.439s] GC(464) Old regions: 42->42
[2023-04-10T20:00:12.071+0800][8699.439s] GC(464) Humongous regions: 14->5
[2023-04-10T20:00:12.071+0800][8699.439s] GC(464) Metaspace: 59789K(62032K)->59789K(62032K) NonClass: 52936K(54272K)->52936K(54272K) Class: 6853K(7760K)->6853K(7760K)
[2023-04-10T20:00:12.071+0800][8699.439s] GC(464) Pause Young (Normal) (G1 Evacuation Pause) 362M->50M(512M) 1.586ms
[2023-04-10T20:00:12.071+0800][8699.439s] GC(464) User=0.00s Sys=0.00s Real=0.00s
[2023-04-10T20:00:12.556+0800][8699.925s] GC(465) Pause Young (Normal) (G1 Evacuation Pause)
[2023-04-10T20:00:12.556+0800][8699.925s] GC(465) Using 8 workers of 8 for evacuation
[2023-04-10T20:00:12.558+0800][8699.927s] GC(465)   Pre Evacuate Collection Set: 0.0ms
[2023-04-10T20:00:12.558+0800][8699.927s] GC(465)   Evacuate Collection Set: 1.2ms
[2023-04-10T20:00:12.558+0800][8699.927s] GC(465)   Post Evacuate Collection Set: 0.5ms
[2023-04-10T20:00:12.558+0800][8699.927s] GC(465)   Other: 0.2ms
[2023-04-10T20:00:12.558+0800][8699.927s] GC(465) Eden regions: 302->0(296)
[2023-04-10T20:00:12.558+0800][8699.927s] GC(465) Survivor regions: 5->11(39)
[2023-04-10T20:00:12.558+0800][8699.927s] GC(465) Old regions: 42->42
[2023-04-10T20:00:12.558+0800][8699.927s] GC(465) Humongous regions: 8->7
[2023-04-10T20:00:12.558+0800][8699.927s] GC(465) Metaspace: 59789K(62032K)->59789K(62032K) NonClass: 52936K(54272K)->52936K(54272K) Class: 6853K(7760K)->6853K(7760K)
[2023-04-10T20:00:12.558+0800][8699.927s] GC(465) Pause Young (Normal) (G1 Evacuation Pause) 355M->58M(512M) 2.156ms
[2023-04-10T20:00:12.558+0800][8699.927s] GC(465) User=0.06s Sys=0.02s Real=0.00s
[2023-04-10T20:00:13.214+0800][8700.582s] GC(466) Pause Young (Normal) (G1 Evacuation Pause)
[2023-04-10T20:00:13.214+0800][8700.582s] GC(466) Using 8 workers of 8 for evacuation
[2023-04-10T20:00:13.216+0800][8700.584s] GC(466)   Pre Evacuate Collection Set: 0.0ms
[2023-04-10T20:00:13.216+0800][8700.584s] GC(466)   Evacuate Collection Set: 1.2ms
[2023-04-10T20:00:13.216+0800][8700.584s] GC(466)   Post Evacuate Collection Set: 0.5ms
[2023-04-10T20:00:13.216+0800][8700.584s] GC(466)   Other: 0.2ms
[2023-04-10T20:00:13.216+0800][8700.584s] GC(466) Eden regions: 296->0(297)
[2023-04-10T20:00:13.216+0800][8700.584s] GC(466) Survivor regions: 11->10(39)
[2023-04-10T20:00:13.216+0800][8700.584s] GC(466) Old regions: 42->42
[2023-04-10T20:00:13.216+0800][8700.584s] GC(466) Humongous regions: 25->13
[2023-04-10T20:00:13.216+0800][8700.584s] GC(466) Metaspace: 59790K(62032K)->59790K(62032K) NonClass: 52936K(54272K)->52936K(54272K) Class: 6853K(7760K)->6853K(7760K)
[2023-04-10T20:00:13.216+0800][8700.584s] GC(466) Pause Young (Normal) (G1 Evacuation Pause) 372M->64M(512M) 2.119ms
[2023-04-10T20:00:13.216+0800][8700.584s] GC(466) User=0.00s Sys=0.00s Real=0.00s
[2023-04-10T20:00:13.638+0800][8701.006s] GC(467) Pause Young (Normal) (G1 Evacuation Pause)
[2023-04-10T20:00:13.638+0800][8701.006s] GC(467) Using 8 workers of 8 for evacuation
[2023-04-10T20:00:13.639+0800][8701.007s] GC(467)   Pre Evacuate Collection Set: 0.0ms
[2023-04-10T20:00:13.639+0800][8701.007s] GC(467)   Evacuate Collection Set: 0.4ms
[2023-04-10T20:00:13.639+0800][8701.007s] GC(467)   Post Evacuate Collection Set: 0.6ms
[2023-04-10T20:00:13.639+0800][8701.007s] GC(467)   Other: 0.2ms
[2023-04-10T20:00:13.639+0800][8701.007s] GC(467) Eden regions: 297->0(304)
[2023-04-10T20:00:13.639+0800][8701.007s] GC(467) Survivor regions: 10->3(39)
[2023-04-10T20:00:13.639+0800][8701.007s] GC(467) Old regions: 42->42
[2023-04-10T20:00:13.639+0800][8701.007s] GC(467) Humongous regions: 13->4
[2023-04-10T20:00:13.639+0800][8701.007s] GC(467) Metaspace: 59791K(62032K)->59791K(62032K) NonClass: 52937K(54272K)->52937K(54272K) Class: 6853K(7760K)->6853K(7760K)
[2023-04-10T20:00:13.639+0800][8701.007s] GC(467) Pause Young (Normal) (G1 Evacuation Pause) 361M->48M(512M) 1.347ms
[2023-04-10T20:00:13.639+0800][8701.007s] GC(467) User=0.00s Sys=0.00s Real=0.00s
[2023-04-10T20:00:14.079+0800][8701.447s] GC(468) Pause Young (Normal) (G1 Evacuation Pause)
[2023-04-10T20:00:14.079+0800][8701.447s] GC(468) Using 8 workers of 8 for evacuation
[2023-04-10T20:00:14.081+0800][8701.448s] GC(468)   Pre Evacuate Collection Set: 0.0ms
[2023-04-10T20:00:14.081+0800][8701.448s] GC(468)   Evacuate Collection Set: 0.9ms
[2023-04-10T20:00:14.081+0800][8701.449s] GC(468)   Post Evacuate Collection Set: 0.7ms
[2023-04-10T20:00:14.081+0800][8701.449s] GC(468)   Other: 0.2ms
[2023-04-10T20:00:14.081+0800][8701.449s] GC(468) Eden regions: 304->0(299)
[2023-04-10T20:00:14.081+0800][8701.449s] GC(468) Survivor regions: 3->8(39)
[2023-04-10T20:00:14.081+0800][8701.449s] GC(468) Old regions: 42->42
[2023-04-10T20:00:14.081+0800][8701.449s] GC(468) Humongous regions: 7->6
[2023-04-10T20:00:14.081+0800][8701.449s] GC(468) Metaspace: 59793K(62032K)->59793K(62032K) NonClass: 52940K(54272K)->52940K(54272K) Class: 6853K(7760K)->6853K(7760K)
[2023-04-10T20:00:14.081+0800][8701.449s] GC(468) Pause Young (Normal) (G1 Evacuation Pause) 355M->55M(512M) 1.915ms
[2023-04-10T20:00:14.081+0800][8701.449s] GC(468) User=0.00s Sys=0.00s Real=0.00s
[2023-04-10T20:01:16.336+0800][8763.704s] GC(469) Pause Young (Normal) (G1 Evacuation Pause)
[2023-04-10T20:01:16.336+0800][8763.704s] GC(469) Using 8 workers of 8 for evacuation
[2023-04-10T20:01:16.338+0800][8763.706s] GC(469)   Pre Evacuate Collection Set: 0.1ms
[2023-04-10T20:01:16.338+0800][8763.706s] GC(469)   Evacuate Collection Set: 0.9ms
[2023-04-10T20:01:16.338+0800][8763.706s] GC(469)   Post Evacuate Collection Set: 0.4ms
[2023-04-10T20:01:16.338+0800][8763.706s] GC(469)   Other: 0.3ms
[2023-04-10T20:01:16.338+0800][8763.706s] GC(469) Eden regions: 299->0(302)
[2023-04-10T20:01:16.338+0800][8763.706s] GC(469) Survivor regions: 8->5(39)
[2023-04-10T20:01:16.338+0800][8763.706s] GC(469) Old regions: 42->42
[2023-04-10T20:01:16.338+0800][8763.706s] GC(469) Humongous regions: 7->5
[2023-04-10T20:01:16.338+0800][8763.706s] GC(469) Metaspace: 60325K(62672K)->60325K(62672K) NonClass: 53420K(54784K)->53420K(54784K) Class: 6905K(7888K)->6905K(7888K)
[2023-04-10T20:01:16.338+0800][8763.706s] GC(469) Pause Young (Normal) (G1 Evacuation Pause) 355M->50M(512M) 1.935ms
[2023-04-10T20:01:16.338+0800][8763.706s] GC(469) User=0.00s Sys=0.00s Real=0.00s
[2023-04-10T20:01:16.810+0800][8764.178s] GC(470) Pause Young (Normal) (G1 Evacuation Pause)
[2023-04-10T20:01:16.810+0800][8764.178s] GC(470) Using 8 workers of 8 for evacuation
[2023-04-10T20:01:16.812+0800][8764.180s] GC(470)   Pre Evacuate Collection Set: 0.0ms
[2023-04-10T20:01:16.812+0800][8764.180s] GC(470)   Evacuate Collection Set: 1.3ms
[2023-04-10T20:01:16.812+0800][8764.180s] GC(470)   Post Evacuate Collection Set: 0.4ms
[2023-04-10T20:01:16.812+0800][8764.180s] GC(470)   Other: 0.2ms
[2023-04-10T20:01:16.812+0800][8764.180s] GC(470) Eden regions: 302->0(297)
[2023-04-10T20:01:16.812+0800][8764.180s] GC(470) Survivor regions: 5->10(39)
[2023-04-10T20:01:16.812+0800][8764.180s] GC(470) Old regions: 42->42
[2023-04-10T20:01:16.812+0800][8764.180s] GC(470) Humongous regions: 8->7
[2023-04-10T20:01:16.812+0800][8764.180s] GC(470) Metaspace: 60325K(62672K)->60325K(62672K) NonClass: 53420K(54784K)->53420K(54784K) Class: 6905K(7888K)->6905K(7888K)
[2023-04-10T20:01:16.813+0800][8764.180s] GC(470) Pause Young (Normal) (G1 Evacuation Pause) 355M->57M(512M) 2.264ms
[2023-04-10T20:01:16.813+0800][8764.180s] GC(470) User=0.00s Sys=0.00s Real=0.00s
[2023-04-10T20:01:17.272+0800][8764.639s] GC(471) Pause Young (Normal) (G1 Evacuation Pause)
[2023-04-10T20:01:17.272+0800][8764.639s] GC(471) Using 8 workers of 8 for evacuation
[2023-04-10T20:01:17.274+0800][8764.642s] GC(471)   Pre Evacuate Collection Set: 0.0ms
[2023-04-10T20:01:17.274+0800][8764.642s] GC(471)   Evacuate Collection Set: 1.6ms
[2023-04-10T20:01:17.274+0800][8764.642s] GC(471)   Post Evacuate Collection Set: 0.7ms
[2023-04-10T20:01:17.274+0800][8764.642s] GC(471)   Other: 0.3ms
[2023-04-10T20:01:17.274+0800][8764.642s] GC(471) Eden regions: 297->0(295)
[2023-04-10T20:01:17.274+0800][8764.642s] GC(471) Survivor regions: 10->12(39)
[2023-04-10T20:01:17.274+0800][8764.642s] GC(471) Old regions: 42->42
[2023-04-10T20:01:17.274+0800][8764.642s] GC(471) Humongous regions: 25->13
[2023-04-10T20:01:17.274+0800][8764.642s] GC(471) Metaspace: 60325K(62672K)->60325K(62672K) NonClass: 53420K(54784K)->53420K(54784K) Class: 6905K(7888K)->6905K(7888K)
[2023-04-10T20:01:17.274+0800][8764.642s] GC(471) Pause Young (Normal) (G1 Evacuation Pause) 372M->65M(512M) 2.806ms
[2023-04-10T20:01:17.274+0800][8764.642s] GC(471) User=0.00s Sys=0.00s Real=0.00s
[2023-04-10T20:01:17.831+0800][8765.200s] GC(472) Pause Young (Normal) (G1 Evacuation Pause)
[2023-04-10T20:01:17.831+0800][8765.200s] GC(472) Using 8 workers of 8 for evacuation
[2023-04-10T20:01:17.833+0800][8765.201s] GC(472)   Pre Evacuate Collection Set: 0.0ms
[2023-04-10T20:01:17.833+0800][8765.201s] GC(472)   Evacuate Collection Set: 0.6ms
[2023-04-10T20:01:17.833+0800][8765.201s] GC(472)   Post Evacuate Collection Set: 0.6ms
[2023-04-10T20:01:17.833+0800][8765.201s] GC(472)   Other: 0.1ms
[2023-04-10T20:01:17.833+0800][8765.201s] GC(472) Eden regions: 295->0(304)
[2023-04-10T20:01:17.833+0800][8765.201s] GC(472) Survivor regions: 12->3(39)
[2023-04-10T20:01:17.833+0800][8765.201s] GC(472) Old regions: 42->42
[2023-04-10T20:01:17.833+0800][8765.201s] GC(472) Humongous regions: 13->4
[2023-04-10T20:01:17.833+0800][8765.201s] GC(472) Metaspace: 60325K(62672K)->60325K(62672K) NonClass: 53420K(54784K)->53420K(54784K) Class: 6905K(7888K)->6905K(7888K)
[2023-04-10T20:01:17.833+0800][8765.201s] GC(472) Pause Young (Normal) (G1 Evacuation Pause) 360M->47M(512M) 1.511ms
[2023-04-10T20:01:17.833+0800][8765.201s] GC(472) User=0.00s Sys=0.00s Real=0.00s
[2023-04-10T20:01:18.289+0800][8765.657s] GC(473) Pause Young (Normal) (G1 Evacuation Pause)
[2023-04-10T20:01:18.289+0800][8765.657s] GC(473) Using 8 workers of 8 for evacuation
[2023-04-10T20:01:18.291+0800][8765.659s] GC(473)   Pre Evacuate Collection Set: 0.0ms
[2023-04-10T20:01:18.291+0800][8765.659s] GC(473)   Evacuate Collection Set: 1.2ms
[2023-04-10T20:01:18.291+0800][8765.659s] GC(473)   Post Evacuate Collection Set: 0.5ms
[2023-04-10T20:01:18.291+0800][8765.659s] GC(473)   Other: 0.2ms
[2023-04-10T20:01:18.291+0800][8765.659s] GC(473) Eden regions: 304->0(298)
[2023-04-10T20:01:18.291+0800][8765.659s] GC(473) Survivor regions: 3->9(39)
[2023-04-10T20:01:18.291+0800][8765.659s] GC(473) Old regions: 42->42
[2023-04-10T20:01:18.291+0800][8765.659s] GC(473) Humongous regions: 7->6
[2023-04-10T20:01:18.291+0800][8765.659s] GC(473) Metaspace: 60348K(62672K)->60348K(62672K) NonClass: 53443K(54784K)->53443K(54784K) Class: 6905K(7888K)->6905K(7888K)
[2023-04-10T20:01:18.291+0800][8765.659s] GC(473) Pause Young (Normal) (G1 Evacuation Pause) 354M->55M(512M) 2.163ms
[2023-04-10T20:01:18.291+0800][8765.659s] GC(473) User=0.00s Sys=0.00s Real=0.00s
[2023-04-10T20:01:18.728+0800][8766.096s] GC(474) Pause Young (Normal) (G1 Evacuation Pause)
[2023-04-10T20:01:18.729+0800][8766.097s] GC(474) Using 8 workers of 8 for evacuation
[2023-04-10T20:01:18.731+0800][8766.099s] GC(474)   Pre Evacuate Collection Set: 0.0ms
[2023-04-10T20:01:18.731+0800][8766.099s] GC(474)   Evacuate Collection Set: 1.4ms
[2023-04-10T20:01:18.731+0800][8766.099s] GC(474)   Post Evacuate Collection Set: 0.7ms
[2023-04-10T20:01:18.731+0800][8766.099s] GC(474)   Other: 0.2ms
[2023-04-10T20:01:18.731+0800][8766.099s] GC(474) Eden regions: 298->0(296)
[2023-04-10T20:01:18.731+0800][8766.099s] GC(474) Survivor regions: 9->11(39)
[2023-04-10T20:01:18.731+0800][8766.099s] GC(474) Old regions: 42->42
[2023-04-10T20:01:18.731+0800][8766.099s] GC(474) Humongous regions: 20->13
[2023-04-10T20:01:18.731+0800][8766.099s] GC(474) Metaspace: 60349K(62672K)->60349K(62672K) NonClass: 53443K(54784K)->53443K(54784K) Class: 6905K(7888K)->6905K(7888K)
[2023-04-10T20:01:18.731+0800][8766.099s] GC(474) Pause Young (Normal) (G1 Evacuation Pause) 367M->64M(512M) 2.441ms
[2023-04-10T20:01:18.731+0800][8766.099s] GC(474) User=0.11s Sys=0.00s Real=0.00s
[2023-04-10T20:01:19.275+0800][8766.643s] GC(475) Pause Young (Normal) (G1 Evacuation Pause)
[2023-04-10T20:01:19.275+0800][8766.643s] GC(475) Using 8 workers of 8 for evacuation
[2023-04-10T20:01:19.277+0800][8766.645s] GC(475)   Pre Evacuate Collection Set: 0.0ms
[2023-04-10T20:01:19.277+0800][8766.645s] GC(475)   Evacuate Collection Set: 1.4ms
[2023-04-10T20:01:19.277+0800][8766.645s] GC(475)   Post Evacuate Collection Set: 0.7ms
[2023-04-10T20:01:19.277+0800][8766.645s] GC(475)   Other: 0.2ms
[2023-04-10T20:01:19.277+0800][8766.645s] GC(475) Eden regions: 296->0(295)
[2023-04-10T20:01:19.277+0800][8766.645s] GC(475) Survivor regions: 11->12(39)
[2023-04-10T20:01:19.277+0800][8766.645s] GC(475) Old regions: 42->42
[2023-04-10T20:01:19.277+0800][8766.645s] GC(475) Humongous regions: 18->13
[2023-04-10T20:01:19.277+0800][8766.645s] GC(475) Metaspace: 60349K(62672K)->60349K(62672K) NonClass: 53443K(54784K)->53443K(54784K) Class: 6905K(7888K)->6905K(7888K)
[2023-04-10T20:01:19.277+0800][8766.645s] GC(475) Pause Young (Normal) (G1 Evacuation Pause) 365M->65M(512M) 2.494ms
[2023-04-10T20:01:19.277+0800][8766.645s] GC(475) User=0.02s Sys=0.00s Real=0.00s
[2023-04-10T20:01:19.777+0800][8767.145s] GC(476) Pause Young (Normal) (G1 Evacuation Pause)
[2023-04-10T20:01:19.777+0800][8767.145s] GC(476) Using 8 workers of 8 for evacuation
[2023-04-10T20:01:19.779+0800][8767.147s] GC(476)   Pre Evacuate Collection Set: 0.0ms
[2023-04-10T20:01:19.779+0800][8767.147s] GC(476)   Evacuate Collection Set: 0.9ms
[2023-04-10T20:01:19.779+0800][8767.147s] GC(476)   Post Evacuate Collection Set: 0.7ms
[2023-04-10T20:01:19.779+0800][8767.147s] GC(476)   Other: 0.2ms
[2023-04-10T20:01:19.779+0800][8767.147s] GC(476) Eden regions: 295->0(300)
[2023-04-10T20:01:19.779+0800][8767.147s] GC(476) Survivor regions: 12->7(39)
[2023-04-10T20:01:19.779+0800][8767.147s] GC(476) Old regions: 42->42
[2023-04-10T20:01:19.779+0800][8767.147s] GC(476) Humongous regions: 14->5
[2023-04-10T20:01:19.779+0800][8767.147s] GC(476) Metaspace: 60349K(62672K)->60349K(62672K) NonClass: 53444K(54784K)->53444K(54784K) Class: 6905K(7888K)->6905K(7888K)
[2023-04-10T20:01:19.779+0800][8767.147s] GC(476) Pause Young (Normal) (G1 Evacuation Pause) 361M->53M(512M) 1.965ms
[2023-04-10T20:01:19.779+0800][8767.147s] GC(476) User=0.12s Sys=0.00s Real=0.00s
[2023-04-10T20:01:20.170+0800][8767.538s] GC(477) Pause Young (Normal) (G1 Evacuation Pause)
[2023-04-10T20:01:20.170+0800][8767.538s] GC(477) Using 8 workers of 8 for evacuation
[2023-04-10T20:01:20.172+0800][8767.540s] GC(477)   Pre Evacuate Collection Set: 0.0ms
[2023-04-10T20:01:20.172+0800][8767.540s] GC(477)   Evacuate Collection Set: 1.5ms
[2023-04-10T20:01:20.172+0800][8767.540s] GC(477)   Post Evacuate Collection Set: 0.6ms
[2023-04-10T20:01:20.172+0800][8767.540s] GC(477)   Other: 0.2ms
[2023-04-10T20:01:20.172+0800][8767.540s] GC(477) Eden regions: 300->0(295)
[2023-04-10T20:01:20.172+0800][8767.540s] GC(477) Survivor regions: 7->12(39)
[2023-04-10T20:01:20.172+0800][8767.540s] GC(477) Old regions: 42->42
[2023-04-10T20:01:20.172+0800][8767.540s] GC(477) Humongous regions: 8->7
[2023-04-10T20:01:20.172+0800][8767.540s] GC(477) Metaspace: 60349K(62672K)->60349K(62672K) NonClass: 53444K(54784K)->53444K(54784K) Class: 6905K(7888K)->6905K(7888K)
[2023-04-10T20:01:20.172+0800][8767.540s] GC(477) Pause Young (Normal) (G1 Evacuation Pause) 356M->60M(512M) 2.453ms
[2023-04-10T20:01:20.172+0800][8767.540s] GC(477) User=0.00s Sys=0.00s Real=0.00s
[2023-04-10T20:01:20.767+0800][8768.135s] GC(478) Pause Young (Normal) (G1 Evacuation Pause)
[2023-04-10T20:01:20.767+0800][8768.135s] GC(478) Using 8 workers of 8 for evacuation
[2023-04-10T20:01:20.770+0800][8768.137s] GC(478)   Pre Evacuate Collection Set: 0.0ms
[2023-04-10T20:01:20.770+0800][8768.138s] GC(478)   Evacuate Collection Set: 1.5ms
[2023-04-10T20:01:20.770+0800][8768.138s] GC(478)   Post Evacuate Collection Set: 0.7ms
[2023-04-10T20:01:20.770+0800][8768.138s] GC(478)   Other: 0.3ms
[2023-04-10T20:01:20.770+0800][8768.138s] GC(478) Eden regions: 295->0(295)
[2023-04-10T20:01:20.770+0800][8768.138s] GC(478) Survivor regions: 12->12(39)
[2023-04-10T20:01:20.770+0800][8768.138s] GC(478) Old regions: 42->42
[2023-04-10T20:01:20.770+0800][8768.138s] GC(478) Humongous regions: 25->13
[2023-04-10T20:01:20.770+0800][8768.138s] GC(478) Metaspace: 60349K(62672K)->60349K(62672K) NonClass: 53444K(54784K)->53444K(54784K) Class: 6905K(7888K)->6905K(7888K)
[2023-04-10T20:01:20.770+0800][8768.138s] GC(478) Pause Young (Normal) (G1 Evacuation Pause) 373M->65M(512M) 2.642ms
[2023-04-10T20:01:20.770+0800][8768.138s] GC(478) User=0.00s Sys=0.00s Real=0.00s
[2023-04-10T20:01:21.202+0800][8768.570s] GC(479) Pause Young (Normal) (G1 Evacuation Pause)
[2023-04-10T20:01:21.203+0800][8768.570s] GC(479) Using 8 workers of 8 for evacuation
[2023-04-10T20:01:21.204+0800][8768.572s] GC(479)   Pre Evacuate Collection Set: 0.0ms
[2023-04-10T20:01:21.204+0800][8768.572s] GC(479)   Evacuate Collection Set: 0.8ms
[2023-04-10T20:01:21.204+0800][8768.572s] GC(479)   Post Evacuate Collection Set: 0.4ms
[2023-04-10T20:01:21.204+0800][8768.572s] GC(479)   Other: 0.3ms
[2023-04-10T20:01:21.204+0800][8768.572s] GC(479) Eden regions: 295->0(302)
[2023-04-10T20:01:21.204+0800][8768.572s] GC(479) Survivor regions: 12->5(39)
[2023-04-10T20:01:21.204+0800][8768.572s] GC(479) Old regions: 42->42
[2023-04-10T20:01:21.204+0800][8768.572s] GC(479) Humongous regions: 14->5
[2023-04-10T20:01:21.204+0800][8768.572s] GC(479) Metaspace: 60349K(62672K)->60349K(62672K) NonClass: 53444K(54784K)->53444K(54784K) Class: 6905K(7888K)->6905K(7888K)
[2023-04-10T20:01:21.204+0800][8768.572s] GC(479) Pause Young (Normal) (G1 Evacuation Pause) 361M->51M(512M) 1.697ms
[2023-04-10T20:01:21.204+0800][8768.572s] GC(479) User=0.00s Sys=0.00s Real=0.00s
[2023-04-10T20:01:21.627+0800][8768.994s] GC(480) Pause Young (Normal) (G1 Evacuation Pause)
[2023-04-10T20:01:21.627+0800][8768.994s] GC(480) Using 8 workers of 8 for evacuation
[2023-04-10T20:01:21.629+0800][8768.996s] GC(480)   Pre Evacuate Collection Set: 0.0ms
[2023-04-10T20:01:21.629+0800][8768.996s] GC(480)   Evacuate Collection Set: 1.3ms
[2023-04-10T20:01:21.629+0800][8768.996s] GC(480)   Post Evacuate Collection Set: 0.5ms
[2023-04-10T20:01:21.629+0800][8768.996s] GC(480)   Other: 0.3ms
[2023-04-10T20:01:21.629+0800][8768.997s] GC(480) Eden regions: 302->0(296)
[2023-04-10T20:01:21.629+0800][8768.997s] GC(480) Survivor regions: 5->11(39)
[2023-04-10T20:01:21.629+0800][8768.997s] GC(480) Old regions: 42->42
[2023-04-10T20:01:21.629+0800][8768.997s] GC(480) Humongous regions: 8->7
[2023-04-10T20:01:21.629+0800][8768.997s] GC(480) Metaspace: 60349K(62672K)->60349K(62672K) NonClass: 53444K(54784K)->53444K(54784K) Class: 6905K(7888K)->6905K(7888K)
[2023-04-10T20:01:21.629+0800][8768.997s] GC(480) Pause Young (Normal) (G1 Evacuation Pause) 356M->58M(512M) 2.401ms
[2023-04-10T20:01:21.629+0800][8768.997s] GC(480) User=0.00s Sys=0.00s Real=0.00s
[2023-04-10T20:01:22.127+0800][8769.495s] GC(481) Pause Young (Normal) (G1 Evacuation Pause)
[2023-04-10T20:01:22.127+0800][8769.495s] GC(481) Using 8 workers of 8 for evacuation
[2023-04-10T20:01:22.129+0800][8769.497s] GC(481)   Pre Evacuate Collection Set: 0.0ms
[2023-04-10T20:01:22.129+0800][8769.497s] GC(481)   Evacuate Collection Set: 1.2ms
[2023-04-10T20:01:22.129+0800][8769.497s] GC(481)   Post Evacuate Collection Set: 0.4ms
[2023-04-10T20:01:22.129+0800][8769.497s] GC(481)   Other: 0.2ms
[2023-04-10T20:01:22.129+0800][8769.497s] GC(481) Eden regions: 296->0(296)
[2023-04-10T20:01:22.129+0800][8769.497s] GC(481) Survivor regions: 11->11(39)
[2023-04-10T20:01:22.129+0800][8769.497s] GC(481) Old regions: 42->42
[2023-04-10T20:01:22.129+0800][8769.497s] GC(481) Humongous regions: 25->13
[2023-04-10T20:01:22.129+0800][8769.497s] GC(481) Metaspace: 60349K(62672K)->60349K(62672K) NonClass: 53444K(54784K)->53444K(54784K) Class: 6905K(7888K)->6905K(7888K)
[2023-04-10T20:01:22.129+0800][8769.497s] GC(481) Pause Young (Normal) (G1 Evacuation Pause) 372M->65M(512M) 2.169ms
[2023-04-10T20:01:22.129+0800][8769.497s] GC(481) User=0.00s Sys=0.00s Real=0.00s
[2023-04-10T20:01:22.612+0800][8769.980s] GC(482) Pause Young (Normal) (G1 Evacuation Pause)
[2023-04-10T20:01:22.612+0800][8769.980s] GC(482) Using 8 workers of 8 for evacuation
[2023-04-10T20:01:22.613+0800][8769.981s] GC(482)   Pre Evacuate Collection Set: 0.0ms
[2023-04-10T20:01:22.613+0800][8769.981s] GC(482)   Evacuate Collection Set: 0.7ms
[2023-04-10T20:01:22.613+0800][8769.981s] GC(482)   Post Evacuate Collection Set: 0.5ms
[2023-04-10T20:01:22.613+0800][8769.981s] GC(482)   Other: 0.2ms
[2023-04-10T20:01:22.613+0800][8769.981s] GC(482) Eden regions: 296->0(303)
[2023-04-10T20:01:22.613+0800][8769.981s] GC(482) Survivor regions: 11->4(39)
[2023-04-10T20:01:22.613+0800][8769.981s] GC(482) Old regions: 42->42
[2023-04-10T20:01:22.613+0800][8769.981s] GC(482) Humongous regions: 13->4
[2023-04-10T20:01:22.614+0800][8769.981s] GC(482) Metaspace: 60349K(62672K)->60349K(62672K) NonClass: 53444K(54784K)->53444K(54784K) Class: 6905K(7888K)->6905K(7888K)
[2023-04-10T20:01:22.614+0800][8769.981s] GC(482) Pause Young (Normal) (G1 Evacuation Pause) 361M->48M(512M) 1.591ms
[2023-04-10T20:01:22.614+0800][8769.981s] GC(482) User=0.00s Sys=0.00s Real=0.00s
[2023-04-10T20:01:23.050+0800][8770.418s] GC(483) Pause Young (Normal) (G1 Evacuation Pause)
[2023-04-10T20:01:23.050+0800][8770.418s] GC(483) Using 8 workers of 8 for evacuation
[2023-04-10T20:01:23.059+0800][8770.427s] GC(483)   Pre Evacuate Collection Set: 0.0ms
[2023-04-10T20:01:23.059+0800][8770.427s] GC(483)   Evacuate Collection Set: 7.8ms
[2023-04-10T20:01:23.059+0800][8770.427s] GC(483)   Post Evacuate Collection Set: 0.6ms
[2023-04-10T20:01:23.059+0800][8770.427s] GC(483)   Other: 0.2ms
[2023-04-10T20:01:23.059+0800][8770.427s] GC(483) Eden regions: 303->0(298)
[2023-04-10T20:01:23.059+0800][8770.427s] GC(483) Survivor regions: 4->9(39)
[2023-04-10T20:01:23.059+0800][8770.427s] GC(483) Old regions: 42->42
[2023-04-10T20:01:23.059+0800][8770.427s] GC(483) Humongous regions: 7->6
[2023-04-10T20:01:23.059+0800][8770.427s] GC(483) Metaspace: 60349K(62672K)->60349K(62672K) NonClass: 53444K(54784K)->53444K(54784K) Class: 6905K(7888K)->6905K(7888K)
[2023-04-10T20:01:23.059+0800][8770.427s] GC(483) Pause Young (Normal) (G1 Evacuation Pause) 354M->56M(512M) 8.745ms
[2023-04-10T20:01:23.059+0800][8770.427s] GC(483) User=0.02s Sys=0.00s Real=0.01s
[2023-04-10T20:01:23.546+0800][8770.914s] GC(484) Pause Young (Normal) (G1 Evacuation Pause)
[2023-04-10T20:01:23.546+0800][8770.914s] GC(484) Using 8 workers of 8 for evacuation
[2023-04-10T20:01:23.548+0800][8770.916s] GC(484)   Pre Evacuate Collection Set: 0.0ms
[2023-04-10T20:01:23.548+0800][8770.916s] GC(484)   Evacuate Collection Set: 1.6ms
[2023-04-10T20:01:23.548+0800][8770.916s] GC(484)   Post Evacuate Collection Set: 0.5ms
[2023-04-10T20:01:23.548+0800][8770.916s] GC(484)   Other: 0.2ms
[2023-04-10T20:01:23.548+0800][8770.916s] GC(484) Eden regions: 298->0(297)
[2023-04-10T20:01:23.548+0800][8770.916s] GC(484) Survivor regions: 9->10(39)
[2023-04-10T20:01:23.548+0800][8770.917s] GC(484) Old regions: 42->43
[2023-04-10T20:01:23.548+0800][8770.917s] GC(484) Humongous regions: 20->13
[2023-04-10T20:01:23.548+0800][8770.917s] GC(484) Metaspace: 60349K(62672K)->60349K(62672K) NonClass: 53444K(54784K)->53444K(54784K) Class: 6905K(7888K)->6905K(7888K)
[2023-04-10T20:01:23.548+0800][8770.917s] GC(484) Pause Young (Normal) (G1 Evacuation Pause) 368M->65M(512M) 2.633ms
[2023-04-10T20:01:23.548+0800][8770.917s] GC(484) User=0.00s Sys=0.00s Real=0.00s
[2023-04-10T20:01:24.175+0800][8771.542s] GC(485) Pause Young (Normal) (G1 Evacuation Pause)
[2023-04-10T20:01:24.175+0800][8771.543s] GC(485) Using 8 workers of 8 for evacuation
[2023-04-10T20:01:24.176+0800][8771.544s] GC(485)   Pre Evacuate Collection Set: 0.0ms
[2023-04-10T20:01:24.176+0800][8771.544s] GC(485)   Evacuate Collection Set: 0.3ms
[2023-04-10T20:01:24.176+0800][8771.544s] GC(485)   Post Evacuate Collection Set: 0.5ms
[2023-04-10T20:01:24.176+0800][8771.544s] GC(485)   Other: 0.2ms
[2023-04-10T20:01:24.176+0800][8771.544s] GC(485) Eden regions: 297->0(306)
[2023-04-10T20:01:24.176+0800][8771.544s] GC(485) Survivor regions: 10->1(39)
[2023-04-10T20:01:24.176+0800][8771.544s] GC(485) Old regions: 43->43
[2023-04-10T20:01:24.176+0800][8771.544s] GC(485) Humongous regions: 18->4
[2023-04-10T20:01:24.176+0800][8771.544s] GC(485) Metaspace: 60350K(62672K)->60350K(62672K) NonClass: 53445K(54784K)->53445K(54784K) Class: 6905K(7888K)->6905K(7888K)
[2023-04-10T20:01:24.176+0800][8771.544s] GC(485) Pause Young (Normal) (G1 Evacuation Pause) 367M->46M(512M) 1.273ms
[2023-04-10T20:01:24.176+0800][8771.544s] GC(485) User=0.00s Sys=0.00s Real=0.00s
[2023-04-10T20:01:24.576+0800][8771.944s] GC(486) Pause Young (Normal) (G1 Evacuation Pause)
[2023-04-10T20:01:24.576+0800][8771.944s] GC(486) Using 8 workers of 8 for evacuation
[2023-04-10T20:01:24.578+0800][8771.946s] GC(486)   Pre Evacuate Collection Set: 0.0ms
[2023-04-10T20:01:24.578+0800][8771.946s] GC(486)   Evacuate Collection Set: 0.8ms
[2023-04-10T20:01:24.578+0800][8771.946s] GC(486)   Post Evacuate Collection Set: 0.7ms
[2023-04-10T20:01:24.578+0800][8771.946s] GC(486)   Other: 0.2ms
[2023-04-10T20:01:24.578+0800][8771.946s] GC(486) Eden regions: 306->0(300)
[2023-04-10T20:01:24.578+0800][8771.946s] GC(486) Survivor regions: 1->7(39)
[2023-04-10T20:01:24.578+0800][8771.946s] GC(486) Old regions: 43->43
[2023-04-10T20:01:24.578+0800][8771.946s] GC(486) Humongous regions: 7->6
[2023-04-10T20:01:24.578+0800][8771.946s] GC(486) Metaspace: 60350K(62672K)->60350K(62672K) NonClass: 53445K(54784K)->53445K(54784K) Class: 6905K(7888K)->6905K(7888K)
[2023-04-10T20:01:24.578+0800][8771.946s] GC(486) Pause Young (Normal) (G1 Evacuation Pause) 355M->54M(512M) 1.790ms
[2023-04-10T20:01:24.578+0800][8771.946s] GC(486) User=0.00s Sys=0.00s Real=0.00s
[2023-04-10T20:01:24.985+0800][8772.353s] GC(487) Pause Young (Normal) (G1 Evacuation Pause)
[2023-04-10T20:01:24.985+0800][8772.353s] GC(487) Using 8 workers of 8 for evacuation
[2023-04-10T20:01:24.987+0800][8772.355s] GC(487)   Pre Evacuate Collection Set: 0.0ms
[2023-04-10T20:01:24.987+0800][8772.355s] GC(487)   Evacuate Collection Set: 1.0ms
[2023-04-10T20:01:24.987+0800][8772.355s] GC(487)   Post Evacuate Collection Set: 0.7ms
[2023-04-10T20:01:24.987+0800][8772.355s] GC(487)   Other: 0.2ms
[2023-04-10T20:01:24.987+0800][8772.355s] GC(487) Eden regions: 300->0(298)
[2023-04-10T20:01:24.987+0800][8772.355s] GC(487) Survivor regions: 7->9(39)
[2023-04-10T20:01:24.987+0800][8772.355s] GC(487) Old regions: 43->43
[2023-04-10T20:01:24.987+0800][8772.355s] GC(487) Humongous regions: 12->12
[2023-04-10T20:01:24.987+0800][8772.355s] GC(487) Metaspace: 60367K(62672K)->60367K(62672K) NonClass: 53461K(54784K)->53461K(54784K) Class: 6905K(7888K)->6905K(7888K)
[2023-04-10T20:01:24.987+0800][8772.355s] GC(487) Pause Young (Normal) (G1 Evacuation Pause) 360M->63M(512M) 2.026ms
[2023-04-10T20:01:24.987+0800][8772.355s] GC(487) User=0.00s Sys=0.00s Real=0.00s
[2023-04-10T20:01:25.577+0800][8772.944s] GC(488) Pause Young (Normal) (G1 Evacuation Pause)
[2023-04-10T20:01:25.577+0800][8772.944s] GC(488) Using 8 workers of 8 for evacuation
[2023-04-10T20:01:25.579+0800][8772.946s] GC(488)   Pre Evacuate Collection Set: 0.0ms
[2023-04-10T20:01:25.579+0800][8772.946s] GC(488)   Evacuate Collection Set: 1.2ms
[2023-04-10T20:01:25.579+0800][8772.946s] GC(488)   Post Evacuate Collection Set: 0.7ms
[2023-04-10T20:01:25.579+0800][8772.947s] GC(488)   Other: 0.2ms
[2023-04-10T20:01:25.579+0800][8772.947s] GC(488) Eden regions: 298->0(296)
[2023-04-10T20:01:25.579+0800][8772.947s] GC(488) Survivor regions: 9->11(39)
[2023-04-10T20:01:25.579+0800][8772.947s] GC(488) Old regions: 43->43
[2023-04-10T20:01:25.579+0800][8772.947s] GC(488) Humongous regions: 25->13
[2023-04-10T20:01:25.579+0800][8772.947s] GC(488) Metaspace: 60367K(62672K)->60367K(62672K) NonClass: 53461K(54784K)->53461K(54784K) Class: 6905K(7888K)->6905K(7888K)
[2023-04-10T20:01:25.579+0800][8772.947s] GC(488) Pause Young (Normal) (G1 Evacuation Pause) 374M->65M(512M) 2.224ms
[2023-04-10T20:01:25.579+0800][8772.947s] GC(488) User=0.00s Sys=0.00s Real=0.00s
[2023-04-10T20:01:26.045+0800][8773.413s] GC(489) Pause Young (Normal) (G1 Evacuation Pause)
[2023-04-10T20:01:26.045+0800][8773.413s] GC(489) Using 8 workers of 8 for evacuation
[2023-04-10T20:01:26.046+0800][8773.415s] GC(489)   Pre Evacuate Collection Set: 0.0ms
[2023-04-10T20:01:26.046+0800][8773.415s] GC(489)   Evacuate Collection Set: 0.7ms
[2023-04-10T20:01:26.046+0800][8773.415s] GC(489)   Post Evacuate Collection Set: 0.7ms
[2023-04-10T20:01:26.046+0800][8773.415s] GC(489)   Other: 0.2ms
[2023-04-10T20:01:26.046+0800][8773.415s] GC(489) Eden regions: 296->0(302)
[2023-04-10T20:01:26.046+0800][8773.415s] GC(489) Survivor regions: 11->5(39)
[2023-04-10T20:01:26.046+0800][8773.415s] GC(489) Old regions: 43->43
[2023-04-10T20:01:26.046+0800][8773.415s] GC(489) Humongous regions: 14->5
[2023-04-10T20:01:26.046+0800][8773.415s] GC(489) Metaspace: 60367K(62672K)->60367K(62672K) NonClass: 53461K(54784K)->53461K(54784K) Class: 6905K(7888K)->6905K(7888K)
[2023-04-10T20:01:26.046+0800][8773.415s] GC(489) Pause Young (Normal) (G1 Evacuation Pause) 362M->52M(512M) 1.763ms
[2023-04-10T20:01:26.046+0800][8773.415s] GC(489) User=0.00s Sys=0.00s Real=0.00s
[2023-04-10T20:01:26.468+0800][8773.836s] GC(490) Pause Young (Normal) (G1 Evacuation Pause)
[2023-04-10T20:01:26.468+0800][8773.836s] GC(490) Using 8 workers of 8 for evacuation
[2023-04-10T20:01:26.470+0800][8773.838s] GC(490)   Pre Evacuate Collection Set: 0.0ms
[2023-04-10T20:01:26.470+0800][8773.838s] GC(490)   Evacuate Collection Set: 1.3ms
[2023-04-10T20:01:26.470+0800][8773.838s] GC(490)   Post Evacuate Collection Set: 0.5ms
[2023-04-10T20:01:26.470+0800][8773.838s] GC(490)   Other: 0.2ms
[2023-04-10T20:01:26.470+0800][8773.838s] GC(490) Eden regions: 302->0(296)
[2023-04-10T20:01:26.470+0800][8773.838s] GC(490) Survivor regions: 5->11(39)
[2023-04-10T20:01:26.470+0800][8773.838s] GC(490) Old regions: 43->43
[2023-04-10T20:01:26.470+0800][8773.838s] GC(490) Humongous regions: 8->7
[2023-04-10T20:01:26.470+0800][8773.838s] GC(490) Metaspace: 60367K(62672K)->60367K(62672K) NonClass: 53461K(54784K)->53461K(54784K) Class: 6905K(7888K)->6905K(7888K)
[2023-04-10T20:01:26.470+0800][8773.839s] GC(490) Pause Young (Normal) (G1 Evacuation Pause) 357M->59M(512M) 2.265ms
[2023-04-10T20:01:26.470+0800][8773.839s] GC(490) User=0.00s Sys=0.00s Real=0.00s
[2023-04-10T20:01:27.025+0800][8774.393s] GC(491) Pause Young (Normal) (G1 Evacuation Pause)
[2023-04-10T20:01:27.025+0800][8774.393s] GC(491) Using 8 workers of 8 for evacuation
[2023-04-10T20:01:27.027+0800][8774.395s] GC(491)   Pre Evacuate Collection Set: 0.0ms
[2023-04-10T20:01:27.027+0800][8774.396s] GC(491)   Evacuate Collection Set: 1.2ms
[2023-04-10T20:01:27.027+0800][8774.396s] GC(491)   Post Evacuate Collection Set: 0.7ms
[2023-04-10T20:01:27.027+0800][8774.396s] GC(491)   Other: 0.2ms
[2023-04-10T20:01:27.027+0800][8774.396s] GC(491) Eden regions: 296->0(296)
[2023-04-10T20:01:27.027+0800][8774.396s] GC(491) Survivor regions: 11->11(39)
[2023-04-10T20:01:27.027+0800][8774.396s] GC(491) Old regions: 43->43
[2023-04-10T20:01:27.027+0800][8774.396s] GC(491) Humongous regions: 25->13
[2023-04-10T20:01:27.027+0800][8774.396s] GC(491) Metaspace: 60367K(62672K)->60367K(62672K) NonClass: 53461K(54784K)->53461K(54784K) Class: 6905K(7888K)->6905K(7888K)
[2023-04-10T20:01:27.027+0800][8774.396s] GC(491) Pause Young (Normal) (G1 Evacuation Pause) 373M->65M(512M) 2.234ms
[2023-04-10T20:01:27.027+0800][8774.396s] GC(491) User=0.12s Sys=0.00s Real=0.00s
[2023-04-10T20:01:27.510+0800][8774.878s] GC(492) Pause Young (Normal) (G1 Evacuation Pause)
[2023-04-10T20:01:27.510+0800][8774.878s] GC(492) Using 8 workers of 8 for evacuation
[2023-04-10T20:01:27.511+0800][8774.879s] GC(492)   Pre Evacuate Collection Set: 0.0ms
[2023-04-10T20:01:27.511+0800][8774.879s] GC(492)   Evacuate Collection Set: 0.6ms
[2023-04-10T20:01:27.511+0800][8774.879s] GC(492)   Post Evacuate Collection Set: 0.3ms
[2023-04-10T20:01:27.511+0800][8774.879s] GC(492)   Other: 0.2ms
[2023-04-10T20:01:27.511+0800][8774.879s] GC(492) Eden regions: 296->0(303)
[2023-04-10T20:01:27.511+0800][8774.879s] GC(492) Survivor regions: 11->4(39)
[2023-04-10T20:01:27.511+0800][8774.879s] GC(492) Old regions: 43->43
[2023-04-10T20:01:27.511+0800][8774.879s] GC(492) Humongous regions: 13->4
[2023-04-10T20:01:27.511+0800][8774.879s] GC(492) Metaspace: 60367K(62672K)->60367K(62672K) NonClass: 53461K(54784K)->53461K(54784K) Class: 6905K(7888K)->6905K(7888K)
[2023-04-10T20:01:27.511+0800][8774.879s] GC(492) Pause Young (Normal) (G1 Evacuation Pause) 361M->49M(512M) 1.442ms
[2023-04-10T20:01:27.511+0800][8774.879s] GC(492) User=0.00s Sys=0.00s Real=0.00s
[2023-04-10T20:01:27.916+0800][8775.284s] GC(493) Pause Young (Normal) (G1 Evacuation Pause)
[2023-04-10T20:01:27.916+0800][8775.284s] GC(493) Using 8 workers of 8 for evacuation
[2023-04-10T20:01:27.918+0800][8775.286s] GC(493)   Pre Evacuate Collection Set: 0.0ms
[2023-04-10T20:01:27.918+0800][8775.286s] GC(493)   Evacuate Collection Set: 1.1ms
[2023-04-10T20:01:27.918+0800][8775.286s] GC(493)   Post Evacuate Collection Set: 0.7ms
[2023-04-10T20:01:27.918+0800][8775.286s] GC(493)   Other: 0.2ms
[2023-04-10T20:01:27.918+0800][8775.286s] GC(493) Eden regions: 303->0(298)
[2023-04-10T20:01:27.918+0800][8775.286s] GC(493) Survivor regions: 4->9(39)
[2023-04-10T20:01:27.918+0800][8775.286s] GC(493) Old regions: 43->43
[2023-04-10T20:01:27.918+0800][8775.286s] GC(493) Humongous regions: 7->6
[2023-04-10T20:01:27.918+0800][8775.286s] GC(493) Metaspace: 60367K(62672K)->60367K(62672K) NonClass: 53461K(54784K)->53461K(54784K) Class: 6905K(7888K)->6905K(7888K)
[2023-04-10T20:01:27.918+0800][8775.287s] GC(493) Pause Young (Normal) (G1 Evacuation Pause) 355M->57M(512M) 2.274ms
[2023-04-10T20:01:27.918+0800][8775.287s] GC(493) User=0.02s Sys=0.00s Real=0.00s
[2023-04-10T20:01:28.356+0800][8775.724s] GC(494) Pause Young (Normal) (G1 Evacuation Pause)
[2023-04-10T20:01:28.356+0800][8775.724s] GC(494) Using 8 workers of 8 for evacuation
[2023-04-10T20:01:28.358+0800][8775.726s] GC(494)   Pre Evacuate Collection Set: 0.0ms
[2023-04-10T20:01:28.358+0800][8775.726s] GC(494)   Evacuate Collection Set: 1.2ms
[2023-04-10T20:01:28.358+0800][8775.726s] GC(494)   Post Evacuate Collection Set: 0.6ms
[2023-04-10T20:01:28.358+0800][8775.726s] GC(494)   Other: 0.2ms
[2023-04-10T20:01:28.358+0800][8775.726s] GC(494) Eden regions: 298->0(296)
[2023-04-10T20:01:28.358+0800][8775.726s] GC(494) Survivor regions: 9->11(39)
[2023-04-10T20:01:28.358+0800][8775.726s] GC(494) Old regions: 43->43
[2023-04-10T20:01:28.358+0800][8775.726s] GC(494) Humongous regions: 20->13
[2023-04-10T20:01:28.358+0800][8775.726s] GC(494) Metaspace: 60367K(62672K)->60367K(62672K) NonClass: 53461K(54784K)->53461K(54784K) Class: 6905K(7888K)->6905K(7888K)
[2023-04-10T20:01:28.358+0800][8775.726s] GC(494) Pause Young (Normal) (G1 Evacuation Pause) 369M->66M(512M) 2.147ms
[2023-04-10T20:01:28.358+0800][8775.726s] GC(494) User=0.00s Sys=0.00s Real=0.00s
[2023-04-10T20:01:28.858+0800][8776.226s] GC(495) Pause Young (Normal) (G1 Evacuation Pause)
[2023-04-10T20:01:28.858+0800][8776.226s] GC(495) Using 8 workers of 8 for evacuation
[2023-04-10T20:01:28.860+0800][8776.227s] GC(495)   Pre Evacuate Collection Set: 0.0ms
[2023-04-10T20:01:28.860+0800][8776.227s] GC(495)   Evacuate Collection Set: 0.5ms
[2023-04-10T20:01:28.860+0800][8776.227s] GC(495)   Post Evacuate Collection Set: 0.6ms
[2023-04-10T20:01:28.860+0800][8776.227s] GC(495)   Other: 0.2ms
[2023-04-10T20:01:28.860+0800][8776.227s] GC(495) Eden regions: 296->0(305)
[2023-04-10T20:01:28.860+0800][8776.227s] GC(495) Survivor regions: 11->2(39)
[2023-04-10T20:01:28.860+0800][8776.227s] GC(495) Old regions: 43->43
[2023-04-10T20:01:28.860+0800][8776.227s] GC(495) Humongous regions: 18->4
[2023-04-10T20:01:28.860+0800][8776.227s] GC(495) Metaspace: 60367K(62672K)->60367K(62672K) NonClass: 53461K(54784K)->53461K(54784K) Class: 6905K(7888K)->6905K(7888K)
[2023-04-10T20:01:28.860+0800][8776.228s] GC(495) Pause Young (Normal) (G1 Evacuation Pause) 367M->47M(512M) 1.369ms
[2023-04-10T20:01:28.860+0800][8776.228s] GC(495) User=0.00s Sys=0.00s Real=0.00s
[2023-04-10T20:01:29.244+0800][8776.612s] GC(496) Pause Young (Normal) (G1 Evacuation Pause)
[2023-04-10T20:01:29.244+0800][8776.612s] GC(496) Using 8 workers of 8 for evacuation
[2023-04-10T20:01:29.246+0800][8776.614s] GC(496)   Pre Evacuate Collection Set: 0.0ms
[2023-04-10T20:01:29.246+0800][8776.614s] GC(496)   Evacuate Collection Set: 0.8ms
[2023-04-10T20:01:29.246+0800][8776.614s] GC(496)   Post Evacuate Collection Set: 0.6ms
[2023-04-10T20:01:29.246+0800][8776.614s] GC(496)   Other: 0.2ms
[2023-04-10T20:01:29.246+0800][8776.614s] GC(496) Eden regions: 305->0(300)
[2023-04-10T20:01:29.246+0800][8776.614s] GC(496) Survivor regions: 2->7(39)
[2023-04-10T20:01:29.246+0800][8776.614s] GC(496) Old regions: 43->43
[2023-04-10T20:01:29.246+0800][8776.614s] GC(496) Humongous regions: 7->6
[2023-04-10T20:01:29.246+0800][8776.614s] GC(496) Metaspace: 60367K(62672K)->60367K(62672K) NonClass: 53461K(54784K)->53461K(54784K) Class: 6905K(7888K)->6905K(7888K)
[2023-04-10T20:01:29.246+0800][8776.614s] GC(496) Pause Young (Normal) (G1 Evacuation Pause) 355M->55M(512M) 1.775ms
[2023-04-10T20:01:29.246+0800][8776.614s] GC(496) User=0.06s Sys=0.02s Real=0.00s
[2023-04-10T20:01:29.689+0800][8777.057s] GC(497) Pause Young (Normal) (G1 Evacuation Pause)
[2023-04-10T20:01:29.689+0800][8777.057s] GC(497) Using 8 workers of 8 for evacuation
[2023-04-10T20:01:29.691+0800][8777.059s] GC(497)   Pre Evacuate Collection Set: 0.0ms
[2023-04-10T20:01:29.691+0800][8777.059s] GC(497)   Evacuate Collection Set: 1.1ms
[2023-04-10T20:01:29.691+0800][8777.059s] GC(497)   Post Evacuate Collection Set: 0.6ms
[2023-04-10T20:01:29.691+0800][8777.059s] GC(497)   Other: 0.2ms
[2023-04-10T20:01:29.691+0800][8777.059s] GC(497) Eden regions: 300->0(297)
[2023-04-10T20:01:29.691+0800][8777.059s] GC(497) Survivor regions: 7->10(39)
[2023-04-10T20:01:29.691+0800][8777.059s] GC(497) Old regions: 43->43
[2023-04-10T20:01:29.691+0800][8777.059s] GC(497) Humongous regions: 12->12
[2023-04-10T20:01:29.691+0800][8777.059s] GC(497) Metaspace: 60367K(62672K)->60367K(62672K) NonClass: 53461K(54784K)->53461K(54784K) Class: 6905K(7888K)->6905K(7888K)
[2023-04-10T20:01:29.691+0800][8777.059s] GC(497) Pause Young (Normal) (G1 Evacuation Pause) 361M->64M(512M) 2.108ms
[2023-04-10T20:01:29.691+0800][8777.059s] GC(497) User=0.00s Sys=0.00s Real=0.00s
[2023-04-10T20:01:30.168+0800][8777.536s] GC(498) Pause Young (Normal) (G1 Evacuation Pause)
[2023-04-10T20:01:30.168+0800][8777.536s] GC(498) Using 8 workers of 8 for evacuation
[2023-04-10T20:01:30.170+0800][8777.538s] GC(498)   Pre Evacuate Collection Set: 0.0ms
[2023-04-10T20:01:30.170+0800][8777.538s] GC(498)   Evacuate Collection Set: 1.2ms
[2023-04-10T20:01:30.170+0800][8777.538s] GC(498)   Post Evacuate Collection Set: 0.7ms
[2023-04-10T20:01:30.170+0800][8777.538s] GC(498)   Other: 0.2ms
[2023-04-10T20:01:30.170+0800][8777.538s] GC(498) Eden regions: 297->0(296)
[2023-04-10T20:01:30.170+0800][8777.538s] GC(498) Survivor regions: 10->11(39)
[2023-04-10T20:01:30.170+0800][8777.538s] GC(498) Old regions: 43->43
[2023-04-10T20:01:30.170+0800][8777.538s] GC(498) Humongous regions: 25->13
[2023-04-10T20:01:30.170+0800][8777.538s] GC(498) Metaspace: 60367K(62672K)->60367K(62672K) NonClass: 53462K(54784K)->53462K(54784K) Class: 6905K(7888K)->6905K(7888K)
[2023-04-10T20:01:30.170+0800][8777.538s] GC(498) Pause Young (Normal) (G1 Evacuation Pause) 374M->65M(512M) 2.240ms
[2023-04-10T20:01:30.170+0800][8777.538s] GC(498) User=0.00s Sys=0.00s Real=0.00s
[2023-04-10T20:01:30.625+0800][8777.994s] GC(499) Pause Young (Normal) (G1 Evacuation Pause)
[2023-04-10T20:01:30.625+0800][8777.994s] GC(499) Using 8 workers of 8 for evacuation
[2023-04-10T20:01:30.627+0800][8777.995s] GC(499)   Pre Evacuate Collection Set: 0.0ms
[2023-04-10T20:01:30.627+0800][8777.995s] GC(499)   Evacuate Collection Set: 0.6ms
[2023-04-10T20:01:30.627+0800][8777.995s] GC(499)   Post Evacuate Collection Set: 0.7ms
[2023-04-10T20:01:30.627+0800][8777.995s] GC(499)   Other: 0.2ms
[2023-04-10T20:01:30.627+0800][8777.995s] GC(499) Eden regions: 296->0(301)
[2023-04-10T20:01:30.627+0800][8777.995s] GC(499) Survivor regions: 11->6(39)
[2023-04-10T20:01:30.627+0800][8777.995s] GC(499) Old regions: 43->43
[2023-04-10T20:01:30.627+0800][8777.995s] GC(499) Humongous regions: 14->5
[2023-04-10T20:01:30.627+0800][8777.995s] GC(499) Metaspace: 60367K(62672K)->60367K(62672K) NonClass: 53462K(54784K)->53462K(54784K) Class: 6905K(7888K)->6905K(7888K)
[2023-04-10T20:01:30.627+0800][8777.995s] GC(499) Pause Young (Normal) (G1 Evacuation Pause) 362M->52M(512M) 1.635ms
[2023-04-10T20:01:30.627+0800][8777.996s] GC(499) User=0.00s Sys=0.00s Real=0.00s
[2023-04-10T20:01:31.038+0800][8778.405s] GC(500) Pause Young (Normal) (G1 Evacuation Pause)
[2023-04-10T20:01:31.038+0800][8778.405s] GC(500) Using 8 workers of 8 for evacuation
[2023-04-10T20:01:31.040+0800][8778.407s] GC(500)   Pre Evacuate Collection Set: 0.0ms
[2023-04-10T20:01:31.040+0800][8778.407s] GC(500)   Evacuate Collection Set: 1.2ms
[2023-04-10T20:01:31.040+0800][8778.407s] GC(500)   Post Evacuate Collection Set: 0.7ms
[2023-04-10T20:01:31.040+0800][8778.407s] GC(500)   Other: 0.2ms
[2023-04-10T20:01:31.040+0800][8778.407s] GC(500) Eden regions: 301->0(296)
[2023-04-10T20:01:31.040+0800][8778.407s] GC(500) Survivor regions: 6->11(39)
[2023-04-10T20:01:31.040+0800][8778.407s] GC(500) Old regions: 43->43
[2023-04-10T20:01:31.040+0800][8778.408s] GC(500) Humongous regions: 8->7
[2023-04-10T20:01:31.040+0800][8778.408s] GC(500) Metaspace: 60367K(62672K)->60367K(62672K) NonClass: 53462K(54784K)->53462K(54784K) Class: 6905K(7888K)->6905K(7888K)
[2023-04-10T20:01:31.040+0800][8778.408s] GC(500) Pause Young (Normal) (G1 Evacuation Pause) 356M->60M(512M) 2.237ms
[2023-04-10T20:01:31.040+0800][8778.408s] GC(500) User=0.00s Sys=0.00s Real=0.00s
[2023-04-10T20:01:31.645+0800][8779.014s] GC(501) Pause Young (Normal) (G1 Evacuation Pause)
[2023-04-10T20:01:31.645+0800][8779.014s] GC(501) Using 8 workers of 8 for evacuation
[2023-04-10T20:01:31.647+0800][8779.016s] GC(501)   Pre Evacuate Collection Set: 0.0ms
[2023-04-10T20:01:31.647+0800][8779.016s] GC(501)   Evacuate Collection Set: 1.2ms
[2023-04-10T20:01:31.647+0800][8779.016s] GC(501)   Post Evacuate Collection Set: 0.7ms
[2023-04-10T20:01:31.647+0800][8779.016s] GC(501)   Other: 0.2ms
[2023-04-10T20:01:31.647+0800][8779.016s] GC(501) Eden regions: 296->0(296)
[2023-04-10T20:01:31.647+0800][8779.016s] GC(501) Survivor regions: 11->11(39)
[2023-04-10T20:01:31.647+0800][8779.016s] GC(501) Old regions: 43->43
[2023-04-10T20:01:31.647+0800][8779.016s] GC(501) Humongous regions: 25->13
[2023-04-10T20:01:31.647+0800][8779.016s] GC(501) Metaspace: 60367K(62672K)->60367K(62672K) NonClass: 53462K(54784K)->53462K(54784K) Class: 6905K(7888K)->6905K(7888K)
[2023-04-10T20:01:31.648+0800][8779.016s] GC(501) Pause Young (Normal) (G1 Evacuation Pause) 374M->65M(512M) 2.220ms
[2023-04-10T20:01:31.648+0800][8779.016s] GC(501) User=0.00s Sys=0.00s Real=0.00s
[2023-04-10T20:01:32.114+0800][8779.481s] GC(502) Pause Young (Normal) (G1 Evacuation Pause)
[2023-04-10T20:01:32.114+0800][8779.481s] GC(502) Using 8 workers of 8 for evacuation
[2023-04-10T20:01:32.115+0800][8779.482s] GC(502)   Pre Evacuate Collection Set: 0.0ms
[2023-04-10T20:01:32.115+0800][8779.483s] GC(502)   Evacuate Collection Set: 0.6ms
[2023-04-10T20:01:32.115+0800][8779.483s] GC(502)   Post Evacuate Collection Set: 0.4ms
[2023-04-10T20:01:32.115+0800][8779.483s] GC(502)   Other: 0.2ms
[2023-04-10T20:01:32.115+0800][8779.483s] GC(502) Eden regions: 296->0(303)
[2023-04-10T20:01:32.115+0800][8779.483s] GC(502) Survivor regions: 11->4(39)
[2023-04-10T20:01:32.115+0800][8779.483s] GC(502) Old regions: 43->43
[2023-04-10T20:01:32.115+0800][8779.483s] GC(502) Humongous regions: 14->5
[2023-04-10T20:01:32.115+0800][8779.483s] GC(502) Metaspace: 60367K(62672K)->60367K(62672K) NonClass: 53462K(54784K)->53462K(54784K) Class: 6905K(7888K)->6905K(7888K)
[2023-04-10T20:01:32.115+0800][8779.483s] GC(502) Pause Young (Normal) (G1 Evacuation Pause) 362M->51M(512M) 1.525ms
[2023-04-10T20:01:32.115+0800][8779.483s] GC(502) User=0.00s Sys=0.00s Real=0.00s
[2023-04-10T20:01:32.552+0800][8779.921s] GC(503) Pause Young (Normal) (G1 Evacuation Pause)
[2023-04-10T20:01:32.552+0800][8779.921s] GC(503) Using 8 workers of 8 for evacuation
[2023-04-10T20:01:32.555+0800][8779.923s] GC(503)   Pre Evacuate Collection Set: 0.0ms
[2023-04-10T20:01:32.555+0800][8779.923s] GC(503)   Evacuate Collection Set: 1.1ms
[2023-04-10T20:01:32.555+0800][8779.923s] GC(503)   Post Evacuate Collection Set: 0.8ms
[2023-04-10T20:01:32.555+0800][8779.923s] GC(503)   Other: 0.2ms
[2023-04-10T20:01:32.555+0800][8779.923s] GC(503) Eden regions: 303->0(297)
[2023-04-10T20:01:32.555+0800][8779.923s] GC(503) Survivor regions: 4->10(39)
[2023-04-10T20:01:32.555+0800][8779.923s] GC(503) Old regions: 43->43
[2023-04-10T20:01:32.555+0800][8779.923s] GC(503) Humongous regions: 7->6
[2023-04-10T20:01:32.555+0800][8779.923s] GC(503) Metaspace: 60367K(62672K)->60367K(62672K) NonClass: 53462K(54784K)->53462K(54784K) Class: 6905K(7888K)->6905K(7888K)
[2023-04-10T20:01:32.555+0800][8779.923s] GC(503) Pause Young (Normal) (G1 Evacuation Pause) 355M->58M(512M) 2.162ms
[2023-04-10T20:01:32.555+0800][8779.923s] GC(503) User=0.00s Sys=0.00s Real=0.00s
[2023-04-10T20:01:32.974+0800][8780.342s] GC(504) Pause Young (Normal) (G1 Evacuation Pause)
[2023-04-10T20:01:32.975+0800][8780.343s] GC(504) Using 8 workers of 8 for evacuation
[2023-04-10T20:01:32.977+0800][8780.345s] GC(504)   Pre Evacuate Collection Set: 0.0ms
[2023-04-10T20:01:32.977+0800][8780.345s] GC(504)   Evacuate Collection Set: 1.2ms
[2023-04-10T20:01:32.977+0800][8780.345s] GC(504)   Post Evacuate Collection Set: 0.7ms
[2023-04-10T20:01:32.977+0800][8780.345s] GC(504)   Other: 0.2ms
[2023-04-10T20:01:32.977+0800][8780.345s] GC(504) Eden regions: 297->0(296)
[2023-04-10T20:01:32.977+0800][8780.345s] GC(504) Survivor regions: 10->11(39)
[2023-04-10T20:01:32.977+0800][8780.345s] GC(504) Old regions: 43->43
[2023-04-10T20:01:32.977+0800][8780.345s] GC(504) Humongous regions: 25->13
[2023-04-10T20:01:32.977+0800][8780.345s] GC(504) Metaspace: 60367K(62672K)->60367K(62672K) NonClass: 53462K(54784K)->53462K(54784K) Class: 6905K(7888K)->6905K(7888K)
[2023-04-10T20:01:32.977+0800][8780.345s] GC(504) Pause Young (Normal) (G1 Evacuation Pause) 374M->66M(512M) 2.347ms
[2023-04-10T20:01:32.977+0800][8780.345s] GC(504) User=0.00s Sys=0.00s Real=0.00s
[2023-04-10T20:01:33.523+0800][8780.891s] GC(505) Pause Young (Normal) (G1 Evacuation Pause)
[2023-04-10T20:01:33.523+0800][8780.891s] GC(505) Using 8 workers of 8 for evacuation
[2023-04-10T20:01:33.524+0800][8780.892s] GC(505)   Pre Evacuate Collection Set: 0.0ms
[2023-04-10T20:01:33.524+0800][8780.892s] GC(505)   Evacuate Collection Set: 0.4ms
[2023-04-10T20:01:33.524+0800][8780.892s] GC(505)   Post Evacuate Collection Set: 0.7ms
[2023-04-10T20:01:33.524+0800][8780.892s] GC(505)   Other: 0.2ms
[2023-04-10T20:01:33.524+0800][8780.892s] GC(505) Eden regions: 296->0(305)
[2023-04-10T20:01:33.524+0800][8780.892s] GC(505) Survivor regions: 11->2(39)
[2023-04-10T20:01:33.524+0800][8780.892s] GC(505) Old regions: 43->43
[2023-04-10T20:01:33.525+0800][8780.892s] GC(505) Humongous regions: 13->4
[2023-04-10T20:01:33.525+0800][8780.892s] GC(505) Metaspace: 60367K(62672K)->60367K(62672K) NonClass: 53462K(54784K)->53462K(54784K) Class: 6905K(7888K)->6905K(7888K)
[2023-04-10T20:01:33.525+0800][8780.892s] GC(505) Pause Young (Normal) (G1 Evacuation Pause) 362M->48M(512M) 1.380ms
[2023-04-10T20:01:33.525+0800][8780.892s] GC(505) User=0.00s Sys=0.00s Real=0.00s
[2023-04-10T20:01:33.932+0800][8781.301s] GC(506) Pause Young (Normal) (G1 Evacuation Pause)
[2023-04-10T20:01:33.932+0800][8781.301s] GC(506) Using 8 workers of 8 for evacuation
[2023-04-10T20:01:33.934+0800][8781.303s] GC(506)   Pre Evacuate Collection Set: 0.0ms
[2023-04-10T20:01:33.934+0800][8781.303s] GC(506)   Evacuate Collection Set: 0.9ms
[2023-04-10T20:01:33.934+0800][8781.303s] GC(506)   Post Evacuate Collection Set: 0.7ms
[2023-04-10T20:01:33.934+0800][8781.303s] GC(506)   Other: 0.3ms
[2023-04-10T20:01:33.934+0800][8781.303s] GC(506) Eden regions: 305->0(299)
[2023-04-10T20:01:33.934+0800][8781.303s] GC(506) Survivor regions: 2->8(39)
[2023-04-10T20:01:33.934+0800][8781.303s] GC(506) Old regions: 43->43
[2023-04-10T20:01:33.934+0800][8781.303s] GC(506) Humongous regions: 7->6
[2023-04-10T20:01:33.934+0800][8781.303s] GC(506) Metaspace: 60367K(62672K)->60367K(62672K) NonClass: 53462K(54784K)->53462K(54784K) Class: 6905K(7888K)->6905K(7888K)
[2023-04-10T20:01:33.934+0800][8781.303s] GC(506) Pause Young (Normal) (G1 Evacuation Pause) 356M->55M(512M) 2.046ms
[2023-04-10T20:01:33.934+0800][8781.303s] GC(506) User=0.11s Sys=0.00s Real=0.00s
[2023-04-10T20:01:34.324+0800][8781.692s] GC(507) Pause Young (Normal) (G1 Evacuation Pause)
[2023-04-10T20:01:34.324+0800][8781.692s] GC(507) Using 8 workers of 8 for evacuation
[2023-04-10T20:01:34.326+0800][8781.693s] GC(507)   Pre Evacuate Collection Set: 0.0ms
[2023-04-10T20:01:34.326+0800][8781.693s] GC(507)   Evacuate Collection Set: 1.1ms
[2023-04-10T20:01:34.326+0800][8781.694s] GC(507)   Post Evacuate Collection Set: 0.6ms
[2023-04-10T20:01:34.326+0800][8781.694s] GC(507)   Other: 0.2ms
[2023-04-10T20:01:34.326+0800][8781.694s] GC(507) Eden regions: 299->0(297)
[2023-04-10T20:01:34.326+0800][8781.694s] GC(507) Survivor regions: 8->10(39)
[2023-04-10T20:01:34.326+0800][8781.694s] GC(507) Old regions: 43->43
[2023-04-10T20:01:34.326+0800][8781.694s] GC(507) Humongous regions: 20->13
[2023-04-10T20:01:34.326+0800][8781.694s] GC(507) Metaspace: 60367K(62672K)->60367K(62672K) NonClass: 53462K(54784K)->53462K(54784K) Class: 6905K(7888K)->6905K(7888K)
[2023-04-10T20:01:34.326+0800][8781.694s] GC(507) Pause Young (Normal) (G1 Evacuation Pause) 368M->64M(512M) 2.038ms
[2023-04-10T20:01:34.326+0800][8781.694s] GC(507) User=0.00s Sys=0.00s Real=0.00s
[2023-04-10T20:01:34.883+0800][8782.251s] GC(508) Pause Young (Normal) (G1 Evacuation Pause)
[2023-04-10T20:01:34.883+0800][8782.251s] GC(508) Using 8 workers of 8 for evacuation
[2023-04-10T20:01:34.885+0800][8782.253s] GC(508)   Pre Evacuate Collection Set: 0.0ms
[2023-04-10T20:01:34.885+0800][8782.253s] GC(508)   Evacuate Collection Set: 1.3ms
[2023-04-10T20:01:34.885+0800][8782.253s] GC(508)   Post Evacuate Collection Set: 0.5ms
[2023-04-10T20:01:34.885+0800][8782.253s] GC(508)   Other: 0.2ms
[2023-04-10T20:01:34.885+0800][8782.253s] GC(508) Eden regions: 297->0(296)
[2023-04-10T20:01:34.885+0800][8782.253s] GC(508) Survivor regions: 10->11(39)
[2023-04-10T20:01:34.886+0800][8782.254s] GC(508) Old regions: 43->43
[2023-04-10T20:01:34.886+0800][8782.254s] GC(508) Humongous regions: 18->13
[2023-04-10T20:01:34.886+0800][8782.254s] GC(508) Metaspace: 60367K(62672K)->60367K(62672K) NonClass: 53462K(54784K)->53462K(54784K) Class: 6905K(7888K)->6905K(7888K)
[2023-04-10T20:01:34.886+0800][8782.254s] GC(508) Pause Young (Normal) (G1 Evacuation Pause) 366M->66M(512M) 2.177ms
[2023-04-10T20:01:34.886+0800][8782.254s] GC(508) User=0.00s Sys=0.00s Real=0.00s
[2023-04-10T20:01:35.249+0800][8782.618s] GC(509) Pause Young (Normal) (G1 Evacuation Pause)
[2023-04-10T20:01:35.249+0800][8782.618s] GC(509) Using 8 workers of 8 for evacuation
[2023-04-10T20:01:35.251+0800][8782.619s] GC(509)   Pre Evacuate Collection Set: 0.0ms
[2023-04-10T20:01:35.251+0800][8782.619s] GC(509)   Evacuate Collection Set: 0.7ms
[2023-04-10T20:01:35.252+0800][8782.619s] GC(509)   Post Evacuate Collection Set: 0.5ms
[2023-04-10T20:01:35.252+0800][8782.619s] GC(509)   Other: 0.1ms
[2023-04-10T20:01:35.252+0800][8782.619s] GC(509) Eden regions: 296->0(302)
[2023-04-10T20:01:35.252+0800][8782.619s] GC(509) Survivor regions: 11->5(39)
[2023-04-10T20:01:35.252+0800][8782.619s] GC(509) Old regions: 43->43
[2023-04-10T20:01:35.252+0800][8782.619s] GC(509) Humongous regions: 13->4
[2023-04-10T20:01:35.252+0800][8782.619s] GC(509) Metaspace: 60367K(62672K)->60367K(62672K) NonClass: 53462K(54784K)->53462K(54784K) Class: 6905K(7888K)->6905K(7888K)
[2023-04-10T20:01:35.252+0800][8782.619s] GC(509) Pause Young (Normal) (G1 Evacuation Pause) 362M->51M(512M) 1.721ms
[2023-04-10T20:01:35.252+0800][8782.619s] GC(509) User=0.00s Sys=0.00s Real=0.00s
[2023-04-10T20:01:35.482+0800][8782.851s] GC(510) Pause Young (Normal) (G1 Evacuation Pause)
[2023-04-10T20:01:35.482+0800][8782.851s] GC(510) Using 8 workers of 8 for evacuation
[2023-04-10T20:01:35.484+0800][8782.852s] GC(510)   Pre Evacuate Collection Set: 0.0ms
[2023-04-10T20:01:35.484+0800][8782.853s] GC(510)   Evacuate Collection Set: 1.0ms
[2023-04-10T20:01:35.484+0800][8782.853s] GC(510)   Post Evacuate Collection Set: 0.5ms
[2023-04-10T20:01:35.484+0800][8782.853s] GC(510)   Other: 0.2ms
[2023-04-10T20:01:35.484+0800][8782.853s] GC(510) Eden regions: 302->0(300)
[2023-04-10T20:01:35.484+0800][8782.853s] GC(510) Survivor regions: 5->7(39)
[2023-04-10T20:01:35.484+0800][8782.853s] GC(510) Old regions: 43->43
[2023-04-10T20:01:35.484+0800][8782.853s] GC(510) Humongous regions: 5->5
[2023-04-10T20:01:35.484+0800][8782.853s] GC(510) Metaspace: 60367K(62672K)->60367K(62672K) NonClass: 53462K(54784K)->53462K(54784K) Class: 6905K(7888K)->6905K(7888K)
[2023-04-10T20:01:35.484+0800][8782.853s] GC(510) Pause Young (Normal) (G1 Evacuation Pause) 354M->54M(512M) 1.925ms
[2023-04-10T20:01:35.484+0800][8782.853s] GC(510) User=0.00s Sys=0.00s Real=0.00s
[2023-04-10T20:01:35.703+0800][8783.072s] GC(511) Pause Young (Normal) (G1 Evacuation Pause)
[2023-04-10T20:01:35.703+0800][8783.072s] GC(511) Using 8 workers of 8 for evacuation
[2023-04-10T20:01:35.705+0800][8783.073s] GC(511)   Pre Evacuate Collection Set: 0.0ms
[2023-04-10T20:01:35.705+0800][8783.074s] GC(511)   Evacuate Collection Set: 1.1ms
[2023-04-10T20:01:35.705+0800][8783.074s] GC(511)   Post Evacuate Collection Set: 0.5ms
[2023-04-10T20:01:35.705+0800][8783.074s] GC(511)   Other: 0.2ms
[2023-04-10T20:01:35.705+0800][8783.074s] GC(511) Eden regions: 300->0(297)
[2023-04-10T20:01:35.705+0800][8783.074s] GC(511) Survivor regions: 7->10(39)
[2023-04-10T20:01:35.705+0800][8783.074s] GC(511) Old regions: 43->43
[2023-04-10T20:01:35.705+0800][8783.074s] GC(511) Humongous regions: 7->6
[2023-04-10T20:01:35.705+0800][8783.074s] GC(511) Metaspace: 60367K(62672K)->60367K(62672K) NonClass: 53462K(54784K)->53462K(54784K) Class: 6905K(7888K)->6905K(7888K)
[2023-04-10T20:01:35.705+0800][8783.074s] GC(511) Pause Young (Normal) (G1 Evacuation Pause) 356M->58M(512M) 2.059ms
[2023-04-10T20:01:35.705+0800][8783.074s] GC(511) User=0.00s Sys=0.00s Real=0.00s
[2023-04-10T20:01:35.930+0800][8783.299s] GC(512) Pause Young (Normal) (G1 Evacuation Pause)
[2023-04-10T20:01:35.930+0800][8783.299s] GC(512) Using 8 workers of 8 for evacuation
[2023-04-10T20:01:35.932+0800][8783.301s] GC(512)   Pre Evacuate Collection Set: 0.0ms
[2023-04-10T20:01:35.932+0800][8783.301s] GC(512)   Evacuate Collection Set: 1.3ms
[2023-04-10T20:01:35.932+0800][8783.301s] GC(512)   Post Evacuate Collection Set: 0.7ms
[2023-04-10T20:01:35.932+0800][8783.301s] GC(512)   Other: 0.2ms
[2023-04-10T20:01:35.932+0800][8783.301s] GC(512) Eden regions: 297->0(295)
[2023-04-10T20:01:35.932+0800][8783.301s] GC(512) Survivor regions: 10->12(39)
[2023-04-10T20:01:35.932+0800][8783.301s] GC(512) Old regions: 43->43
[2023-04-10T20:01:35.932+0800][8783.301s] GC(512) Humongous regions: 7->7
[2023-04-10T20:01:35.932+0800][8783.301s] GC(512) Metaspace: 60368K(62672K)->60368K(62672K) NonClass: 53463K(54784K)->53463K(54784K) Class: 6905K(7888K)->6905K(7888K)
[2023-04-10T20:01:35.932+0800][8783.301s] GC(512) Pause Young (Normal) (G1 Evacuation Pause) 356M->61M(512M) 2.344ms
[2023-04-10T20:01:35.933+0800][8783.301s] GC(512) User=0.02s Sys=0.00s Real=0.00s
[2023-04-10T20:01:36.193+0800][8783.561s] GC(513) Pause Young (Normal) (G1 Evacuation Pause)
[2023-04-10T20:01:36.193+0800][8783.561s] GC(513) Using 8 workers of 8 for evacuation
[2023-04-10T20:01:36.195+0800][8783.563s] GC(513)   Pre Evacuate Collection Set: 0.0ms
[2023-04-10T20:01:36.195+0800][8783.563s] GC(513)   Evacuate Collection Set: 1.4ms
[2023-04-10T20:01:36.195+0800][8783.564s] GC(513)   Post Evacuate Collection Set: 0.6ms
[2023-04-10T20:01:36.195+0800][8783.564s] GC(513)   Other: 0.2ms
[2023-04-10T20:01:36.195+0800][8783.564s] GC(513) Eden regions: 295->0(295)
[2023-04-10T20:01:36.195+0800][8783.564s] GC(513) Survivor regions: 12->12(39)
[2023-04-10T20:01:36.195+0800][8783.564s] GC(513) Old regions: 43->43
[2023-04-10T20:01:36.195+0800][8783.564s] GC(513) Humongous regions: 20->13
[2023-04-10T20:01:36.195+0800][8783.564s] GC(513) Metaspace: 60368K(62672K)->60368K(62672K) NonClass: 53463K(54784K)->53463K(54784K) Class: 6905K(7888K)->6905K(7888K)
[2023-04-10T20:01:36.195+0800][8783.564s] GC(513) Pause Young (Normal) (G1 Evacuation Pause) 369M->66M(512M) 2.453ms
[2023-04-10T20:01:36.195+0800][8783.564s] GC(513) User=0.00s Sys=0.00s Real=0.00s
[2023-04-10T20:01:36.554+0800][8783.922s] GC(514) Pause Young (Normal) (G1 Evacuation Pause)
[2023-04-10T20:01:36.554+0800][8783.922s] GC(514) Using 8 workers of 8 for evacuation
[2023-04-10T20:01:36.556+0800][8783.924s] GC(514)   Pre Evacuate Collection Set: 0.0ms
[2023-04-10T20:01:36.556+0800][8783.924s] GC(514)   Evacuate Collection Set: 1.4ms
[2023-04-10T20:01:36.556+0800][8783.924s] GC(514)   Post Evacuate Collection Set: 0.6ms
[2023-04-10T20:01:36.556+0800][8783.924s] GC(514)   Other: 0.2ms
[2023-04-10T20:01:36.556+0800][8783.924s] GC(514) Eden regions: 295->0(295)
[2023-04-10T20:01:36.556+0800][8783.924s] GC(514) Survivor regions: 12->12(39)
[2023-04-10T20:01:36.556+0800][8783.924s] GC(514) Old regions: 43->43
[2023-04-10T20:01:36.556+0800][8783.924s] GC(514) Humongous regions: 18->13
[2023-04-10T20:01:36.556+0800][8783.924s] GC(514) Metaspace: 60368K(62672K)->60368K(62672K) NonClass: 53463K(54784K)->53463K(54784K) Class: 6905K(7888K)->6905K(7888K)
[2023-04-10T20:01:36.556+0800][8783.924s] GC(514) Pause Young (Normal) (G1 Evacuation Pause) 366M->67M(512M) 2.451ms
[2023-04-10T20:01:36.556+0800][8783.924s] GC(514) User=0.00s Sys=0.00s Real=0.00s
[2023-04-10T20:01:36.833+0800][8784.201s] GC(515) Pause Young (Normal) (G1 Evacuation Pause)
[2023-04-10T20:01:36.833+0800][8784.201s] GC(515) Using 8 workers of 8 for evacuation
[2023-04-10T20:01:36.834+0800][8784.202s] GC(515)   Pre Evacuate Collection Set: 0.0ms
[2023-04-10T20:01:36.834+0800][8784.202s] GC(515)   Evacuate Collection Set: 0.5ms
[2023-04-10T20:01:36.834+0800][8784.202s] GC(515)   Post Evacuate Collection Set: 0.6ms
[2023-04-10T20:01:36.834+0800][8784.202s] GC(515)   Other: 0.1ms
[2023-04-10T20:01:36.834+0800][8784.202s] GC(515) Eden regions: 295->0(305)
[2023-04-10T20:01:36.834+0800][8784.202s] GC(515) Survivor regions: 12->2(39)
[2023-04-10T20:01:36.834+0800][8784.202s] GC(515) Old regions: 43->43
[2023-04-10T20:01:36.834+0800][8784.202s] GC(515) Humongous regions: 13->4
[2023-04-10T20:01:36.835+0800][8784.202s] GC(515) Metaspace: 60368K(62672K)->60368K(62672K) NonClass: 53463K(54784K)->53463K(54784K) Class: 6905K(7888K)->6905K(7888K)
[2023-04-10T20:01:36.835+0800][8784.203s] GC(515) Pause Young (Normal) (G1 Evacuation Pause) 362M->48M(512M) 1.464ms
[2023-04-10T20:01:36.835+0800][8784.203s] GC(515) User=0.00s Sys=0.00s Real=0.00s
[2023-04-10T20:01:37.060+0800][8784.428s] GC(516) Pause Young (Normal) (G1 Evacuation Pause)
[2023-04-10T20:01:37.060+0800][8784.428s] GC(516) Using 8 workers of 8 for evacuation
[2023-04-10T20:01:37.062+0800][8784.429s] GC(516)   Pre Evacuate Collection Set: 0.0ms
[2023-04-10T20:01:37.062+0800][8784.429s] GC(516)   Evacuate Collection Set: 0.7ms
[2023-04-10T20:01:37.062+0800][8784.429s] GC(516)   Post Evacuate Collection Set: 0.6ms
[2023-04-10T20:01:37.062+0800][8784.430s] GC(516)   Other: 0.2ms
[2023-04-10T20:01:37.062+0800][8784.430s] GC(516) Eden regions: 305->0(301)
[2023-04-10T20:01:37.062+0800][8784.430s] GC(516) Survivor regions: 2->6(39)
[2023-04-10T20:01:37.062+0800][8784.430s] GC(516) Old regions: 43->43
[2023-04-10T20:01:37.062+0800][8784.430s] GC(516) Humongous regions: 5->5
[2023-04-10T20:01:37.062+0800][8784.430s] GC(516) Metaspace: 60368K(62672K)->60368K(62672K) NonClass: 53463K(54784K)->53463K(54784K) Class: 6905K(7888K)->6905K(7888K)
[2023-04-10T20:01:37.062+0800][8784.430s] GC(516) Pause Young (Normal) (G1 Evacuation Pause) 354M->53M(512M) 1.675ms
[2023-04-10T20:01:37.062+0800][8784.430s] GC(516) User=0.00s Sys=0.00s Real=0.00s
[2023-04-10T20:01:37.319+0800][8784.687s] GC(517) Pause Young (Normal) (G1 Evacuation Pause)
[2023-04-10T20:01:37.319+0800][8784.687s] GC(517) Using 8 workers of 8 for evacuation
[2023-04-10T20:01:37.321+0800][8784.690s] GC(517)   Pre Evacuate Collection Set: 0.0ms
[2023-04-10T20:01:37.321+0800][8784.690s] GC(517)   Evacuate Collection Set: 1.3ms
[2023-04-10T20:01:37.321+0800][8784.690s] GC(517)   Post Evacuate Collection Set: 0.7ms
[2023-04-10T20:01:37.321+0800][8784.690s] GC(517)   Other: 0.3ms
[2023-04-10T20:01:37.321+0800][8784.690s] GC(517) Eden regions: 301->0(296)
[2023-04-10T20:01:37.321+0800][8784.690s] GC(517) Survivor regions: 6->11(39)
[2023-04-10T20:01:37.321+0800][8784.690s] GC(517) Old regions: 43->43
[2023-04-10T20:01:37.321+0800][8784.690s] GC(517) Humongous regions: 7->6
[2023-04-10T20:01:37.321+0800][8784.690s] GC(517) Metaspace: 60368K(62672K)->60368K(62672K) NonClass: 53463K(54784K)->53463K(54784K) Class: 6905K(7888K)->6905K(7888K)
[2023-04-10T20:01:37.321+0800][8784.690s] GC(517) Pause Young (Normal) (G1 Evacuation Pause) 355M->59M(512M) 2.521ms
[2023-04-10T20:01:37.321+0800][8784.690s] GC(517) User=0.00s Sys=0.00s Real=0.00s
[2023-04-10T20:01:37.590+0800][8784.958s] GC(518) Pause Young (Normal) (G1 Evacuation Pause)
[2023-04-10T20:01:37.590+0800][8784.958s] GC(518) Using 8 workers of 8 for evacuation
[2023-04-10T20:01:37.592+0800][8784.961s] GC(518)   Pre Evacuate Collection Set: 0.0ms
[2023-04-10T20:01:37.592+0800][8784.961s] GC(518)   Evacuate Collection Set: 1.4ms
[2023-04-10T20:01:37.592+0800][8784.961s] GC(518)   Post Evacuate Collection Set: 0.6ms
[2023-04-10T20:01:37.592+0800][8784.961s] GC(518)   Other: 0.2ms
[2023-04-10T20:01:37.592+0800][8784.961s] GC(518) Eden regions: 296->0(295)
[2023-04-10T20:01:37.592+0800][8784.961s] GC(518) Survivor regions: 11->12(39)
[2023-04-10T20:01:37.592+0800][8784.961s] GC(518) Old regions: 43->43
[2023-04-10T20:01:37.592+0800][8784.961s] GC(518) Humongous regions: 7->7
[2023-04-10T20:01:37.592+0800][8784.961s] GC(518) Metaspace: 60368K(62672K)->60368K(62672K) NonClass: 53463K(54784K)->53463K(54784K) Class: 6905K(7888K)->6905K(7888K)
[2023-04-10T20:01:37.592+0800][8784.961s] GC(518) Pause Young (Normal) (G1 Evacuation Pause) 356M->61M(512M) 2.392ms
[2023-04-10T20:01:37.592+0800][8784.961s] GC(518) User=0.00s Sys=0.00s Real=0.00s
[2023-04-10T20:01:37.843+0800][8785.211s] GC(519) Pause Young (Normal) (G1 Evacuation Pause)
[2023-04-10T20:01:37.843+0800][8785.211s] GC(519) Using 8 workers of 8 for evacuation
[2023-04-10T20:01:37.845+0800][8785.213s] GC(519)   Pre Evacuate Collection Set: 0.0ms
[2023-04-10T20:01:37.845+0800][8785.213s] GC(519)   Evacuate Collection Set: 1.3ms
[2023-04-10T20:01:37.845+0800][8785.213s] GC(519)   Post Evacuate Collection Set: 0.6ms
[2023-04-10T20:01:37.845+0800][8785.213s] GC(519)   Other: 0.2ms
[2023-04-10T20:01:37.845+0800][8785.213s] GC(519) Eden regions: 295->0(295)
[2023-04-10T20:01:37.845+0800][8785.213s] GC(519) Survivor regions: 12->12(39)
[2023-04-10T20:01:37.845+0800][8785.213s] GC(519) Old regions: 43->43
[2023-04-10T20:01:37.845+0800][8785.213s] GC(519) Humongous regions: 25->13
[2023-04-10T20:01:37.845+0800][8785.213s] GC(519) Metaspace: 60368K(62672K)->60368K(62672K) NonClass: 53463K(54784K)->53463K(54784K) Class: 6905K(7888K)->6905K(7888K)
[2023-04-10T20:01:37.845+0800][8785.213s] GC(519) Pause Young (Normal) (G1 Evacuation Pause) 374M->67M(512M) 2.249ms
[2023-04-10T20:01:37.845+0800][8785.213s] GC(519) User=0.00s Sys=0.00s Real=0.00s
[2023-04-10T20:01:38.247+0800][8785.616s] GC(520) Pause Young (Normal) (G1 Evacuation Pause)
[2023-04-10T20:01:38.247+0800][8785.616s] GC(520) Using 8 workers of 8 for evacuation
[2023-04-10T20:01:38.249+0800][8785.618s] GC(520)   Pre Evacuate Collection Set: 0.0ms
[2023-04-10T20:01:38.250+0800][8785.618s] GC(520)   Evacuate Collection Set: 1.4ms
[2023-04-10T20:01:38.250+0800][8785.618s] GC(520)   Post Evacuate Collection Set: 0.6ms
[2023-04-10T20:01:38.250+0800][8785.618s] GC(520)   Other: 0.2ms
[2023-04-10T20:01:38.250+0800][8785.618s] GC(520) Eden regions: 295->0(295)
[2023-04-10T20:01:38.250+0800][8785.618s] GC(520) Survivor regions: 12->12(39)
[2023-04-10T20:01:38.250+0800][8785.618s] GC(520) Old regions: 43->43
[2023-04-10T20:01:38.250+0800][8785.618s] GC(520) Humongous regions: 13->13
[2023-04-10T20:01:38.250+0800][8785.618s] GC(520) Metaspace: 60368K(62672K)->60368K(62672K) NonClass: 53463K(54784K)->53463K(54784K) Class: 6905K(7888K)->6905K(7888K)
[2023-04-10T20:01:38.250+0800][8785.618s] GC(520) Pause Young (Normal) (G1 Evacuation Pause) 362M->66M(512M) 2.660ms
[2023-04-10T20:01:38.250+0800][8785.618s] GC(520) User=0.00s Sys=0.00s Real=0.00s
[2023-04-10T20:01:38.751+0800][8786.120s] GC(521) Pause Young (Normal) (G1 Evacuation Pause)
[2023-04-10T20:01:38.751+0800][8786.120s] GC(521) Using 8 workers of 8 for evacuation
[2023-04-10T20:01:38.753+0800][8786.121s] GC(521)   Pre Evacuate Collection Set: 0.0ms
[2023-04-10T20:01:38.753+0800][8786.121s] GC(521)   Evacuate Collection Set: 0.9ms
[2023-04-10T20:01:38.753+0800][8786.121s] GC(521)   Post Evacuate Collection Set: 0.4ms
[2023-04-10T20:01:38.753+0800][8786.121s] GC(521)   Other: 0.2ms
[2023-04-10T20:01:38.753+0800][8786.121s] GC(521) Eden regions: 295->0(301)
[2023-04-10T20:01:38.753+0800][8786.121s] GC(521) Survivor regions: 12->6(39)
[2023-04-10T20:01:38.753+0800][8786.121s] GC(521) Old regions: 43->43
[2023-04-10T20:01:38.753+0800][8786.121s] GC(521) Humongous regions: 14->5
[2023-04-10T20:01:38.753+0800][8786.121s] GC(521) Metaspace: 60368K(62672K)->60368K(62672K) NonClass: 53463K(54784K)->53463K(54784K) Class: 6905K(7888K)->6905K(7888K)
[2023-04-10T20:01:38.753+0800][8786.121s] GC(521) Pause Young (Normal) (G1 Evacuation Pause) 362M->53M(512M) 1.861ms
[2023-04-10T20:01:38.753+0800][8786.121s] GC(521) User=0.00s Sys=0.00s Real=0.00s
[2023-04-10T20:01:39.207+0800][8786.575s] GC(522) Pause Young (Normal) (G1 Evacuation Pause)
[2023-04-10T20:01:39.207+0800][8786.575s] GC(522) Using 8 workers of 8 for evacuation
[2023-04-10T20:01:39.209+0800][8786.577s] GC(522)   Pre Evacuate Collection Set: 0.0ms
[2023-04-10T20:01:39.209+0800][8786.577s] GC(522)   Evacuate Collection Set: 1.3ms
[2023-04-10T20:01:39.209+0800][8786.577s] GC(522)   Post Evacuate Collection Set: 0.5ms
[2023-04-10T20:01:39.209+0800][8786.577s] GC(522)   Other: 0.2ms
[2023-04-10T20:01:39.209+0800][8786.577s] GC(522) Eden regions: 301->0(295)
[2023-04-10T20:01:39.209+0800][8786.577s] GC(522) Survivor regions: 6->12(39)
[2023-04-10T20:01:39.209+0800][8786.577s] GC(522) Old regions: 43->43
[2023-04-10T20:01:39.209+0800][8786.577s] GC(522) Humongous regions: 9->8
[2023-04-10T20:01:39.209+0800][8786.577s] GC(522) Metaspace: 60368K(62672K)->60368K(62672K) NonClass: 53463K(54784K)->53463K(54784K) Class: 6905K(7888K)->6905K(7888K)
[2023-04-10T20:01:39.209+0800][8786.577s] GC(522) Pause Young (Normal) (G1 Evacuation Pause) 358M->62M(512M) 2.320ms
[2023-04-10T20:01:39.209+0800][8786.577s] GC(522) User=0.00s Sys=0.00s Real=0.00s
[2023-04-10T20:01:39.863+0800][8787.231s] GC(523) Pause Young (Normal) (G1 Evacuation Pause)
[2023-04-10T20:01:39.863+0800][8787.231s] GC(523) Using 8 workers of 8 for evacuation
[2023-04-10T20:01:39.864+0800][8787.233s] GC(523)   Pre Evacuate Collection Set: 0.0ms
[2023-04-10T20:01:39.864+0800][8787.233s] GC(523)   Evacuate Collection Set: 1.2ms
[2023-04-10T20:01:39.865+0800][8787.233s] GC(523)   Post Evacuate Collection Set: 0.4ms
[2023-04-10T20:01:39.865+0800][8787.233s] GC(523)   Other: 0.2ms
[2023-04-10T20:01:39.865+0800][8787.233s] GC(523) Eden regions: 295->0(297)
[2023-04-10T20:01:39.865+0800][8787.233s] GC(523) Survivor regions: 12->10(39)
[2023-04-10T20:01:39.865+0800][8787.233s] GC(523) Old regions: 43->43
[2023-04-10T20:01:39.865+0800][8787.233s] GC(523) Humongous regions: 26->13
[2023-04-10T20:01:39.865+0800][8787.233s] GC(523) Metaspace: 60370K(62672K)->60370K(62672K) NonClass: 53465K(54784K)->53465K(54784K) Class: 6905K(7888K)->6905K(7888K)
[2023-04-10T20:01:39.865+0800][8787.233s] GC(523) Pause Young (Normal) (G1 Evacuation Pause) 375M->65M(512M) 2.100ms
[2023-04-10T20:01:39.865+0800][8787.233s] GC(523) User=0.00s Sys=0.00s Real=0.00s
[2023-04-10T20:01:40.341+0800][8787.709s] GC(524) Pause Young (Normal) (G1 Evacuation Pause)
[2023-04-10T20:01:40.341+0800][8787.709s] GC(524) Using 8 workers of 8 for evacuation
[2023-04-10T20:01:40.342+0800][8787.710s] GC(524)   Pre Evacuate Collection Set: 0.0ms
[2023-04-10T20:01:40.342+0800][8787.710s] GC(524)   Evacuate Collection Set: 0.5ms
[2023-04-10T20:01:40.342+0800][8787.710s] GC(524)   Post Evacuate Collection Set: 0.4ms
[2023-04-10T20:01:40.342+0800][8787.710s] GC(524)   Other: 0.2ms
[2023-04-10T20:01:40.342+0800][8787.710s] GC(524) Eden regions: 297->0(303)
[2023-04-10T20:01:40.342+0800][8787.710s] GC(524) Survivor regions: 10->4(39)
[2023-04-10T20:01:40.342+0800][8787.710s] GC(524) Old regions: 43->43
[2023-04-10T20:01:40.342+0800][8787.710s] GC(524) Humongous regions: 13->4
[2023-04-10T20:01:40.342+0800][8787.710s] GC(524) Metaspace: 60370K(62672K)->60370K(62672K) NonClass: 53465K(54784K)->53465K(54784K) Class: 6905K(7888K)->6905K(7888K)
[2023-04-10T20:01:40.342+0800][8787.710s] GC(524) Pause Young (Normal) (G1 Evacuation Pause) 362M->50M(512M) 1.398ms
[2023-04-10T20:01:40.342+0800][8787.710s] GC(524) User=0.00s Sys=0.00s Real=0.00s
[2023-04-10T20:01:40.745+0800][8788.113s] GC(525) Pause Young (Normal) (G1 Evacuation Pause)
[2023-04-10T20:01:40.746+0800][8788.114s] GC(525) Using 8 workers of 8 for evacuation
[2023-04-10T20:01:40.747+0800][8788.115s] GC(525)   Pre Evacuate Collection Set: 0.0ms
[2023-04-10T20:01:40.747+0800][8788.115s] GC(525)   Evacuate Collection Set: 1.0ms
[2023-04-10T20:01:40.747+0800][8788.115s] GC(525)   Post Evacuate Collection Set: 0.5ms
[2023-04-10T20:01:40.747+0800][8788.115s] GC(525)   Other: 0.2ms
[2023-04-10T20:01:40.747+0800][8788.115s] GC(525) Eden regions: 303->0(298)
[2023-04-10T20:01:40.747+0800][8788.115s] GC(525) Survivor regions: 4->9(39)
[2023-04-10T20:01:40.747+0800][8788.115s] GC(525) Old regions: 43->43
[2023-04-10T20:01:40.747+0800][8788.115s] GC(525) Humongous regions: 7->6
[2023-04-10T20:01:40.747+0800][8788.115s] GC(525) Metaspace: 60370K(62672K)->60370K(62672K) NonClass: 53465K(54784K)->53465K(54784K) Class: 6905K(7888K)->6905K(7888K)
[2023-04-10T20:01:40.747+0800][8788.115s] GC(525) Pause Young (Normal) (G1 Evacuation Pause) 356M->57M(512M) 1.903ms
[2023-04-10T20:01:40.747+0800][8788.115s] GC(525) User=0.00s Sys=0.02s Real=0.00s
[2023-04-10T20:01:41.158+0800][8788.526s] GC(526) Pause Young (Normal) (G1 Evacuation Pause)
[2023-04-10T20:01:41.158+0800][8788.526s] GC(526) Using 8 workers of 8 for evacuation
[2023-04-10T20:01:41.160+0800][8788.528s] GC(526)   Pre Evacuate Collection Set: 0.0ms
[2023-04-10T20:01:41.160+0800][8788.528s] GC(526)   Evacuate Collection Set: 1.4ms
[2023-04-10T20:01:41.160+0800][8788.528s] GC(526)   Post Evacuate Collection Set: 0.5ms
[2023-04-10T20:01:41.160+0800][8788.528s] GC(526)   Other: 0.2ms
[2023-04-10T20:01:41.160+0800][8788.528s] GC(526) Eden regions: 298->0(296)
[2023-04-10T20:01:41.160+0800][8788.528s] GC(526) Survivor regions: 9->11(39)
[2023-04-10T20:01:41.160+0800][8788.528s] GC(526) Old regions: 43->43
[2023-04-10T20:01:41.160+0800][8788.528s] GC(526) Humongous regions: 20->13
[2023-04-10T20:01:41.160+0800][8788.528s] GC(526) Metaspace: 60370K(62672K)->60370K(62672K) NonClass: 53465K(54784K)->53465K(54784K) Class: 6905K(7888K)->6905K(7888K)
[2023-04-10T20:01:41.160+0800][8788.528s] GC(526) Pause Young (Normal) (G1 Evacuation Pause) 369M->66M(512M) 2.613ms
[2023-04-10T20:01:41.160+0800][8788.528s] GC(526) User=0.00s Sys=0.00s Real=0.00s
[2023-04-10T20:01:41.802+0800][8789.170s] GC(527) Pause Young (Normal) (G1 Evacuation Pause)
[2023-04-10T20:01:41.802+0800][8789.170s] GC(527) Using 8 workers of 8 for evacuation
[2023-04-10T20:01:41.803+0800][8789.171s] GC(527)   Pre Evacuate Collection Set: 0.0ms
[2023-04-10T20:01:41.803+0800][8789.171s] GC(527)   Evacuate Collection Set: 0.4ms
[2023-04-10T20:01:41.803+0800][8789.171s] GC(527)   Post Evacuate Collection Set: 0.4ms
[2023-04-10T20:01:41.803+0800][8789.171s] GC(527)   Other: 0.2ms
[2023-04-10T20:01:41.803+0800][8789.171s] GC(527) Eden regions: 296->0(305)
[2023-04-10T20:01:41.803+0800][8789.171s] GC(527) Survivor regions: 11->2(39)
[2023-04-10T20:01:41.803+0800][8789.171s] GC(527) Old regions: 43->43
[2023-04-10T20:01:41.803+0800][8789.171s] GC(527) Humongous regions: 18->4
[2023-04-10T20:01:41.803+0800][8789.171s] GC(527) Metaspace: 60370K(62672K)->60370K(62672K) NonClass: 53465K(54784K)->53465K(54784K) Class: 6905K(7888K)->6905K(7888K)
[2023-04-10T20:01:41.803+0800][8789.172s] GC(527) Pause Young (Normal) (G1 Evacuation Pause) 367M->48M(512M) 1.226ms
[2023-04-10T20:01:41.803+0800][8789.172s] GC(527) User=0.00s Sys=0.00s Real=0.00s
[2023-04-10T20:01:42.235+0800][8789.602s] GC(528) Pause Young (Normal) (G1 Evacuation Pause)
[2023-04-10T20:01:42.235+0800][8789.602s] GC(528) Using 8 workers of 8 for evacuation
[2023-04-10T20:01:42.235+0800][8789.604s] GC(528)   Pre Evacuate Collection Set: 0.0ms
[2023-04-10T20:01:42.235+0800][8789.604s] GC(528)   Evacuate Collection Set: 0.9ms
[2023-04-10T20:01:42.235+0800][8789.604s] GC(528)   Post Evacuate Collection Set: 0.6ms
[2023-04-10T20:01:42.235+0800][8789.604s] GC(528)   Other: 0.2ms
[2023-04-10T20:01:42.235+0800][8789.604s] GC(528) Eden regions: 305->0(299)
[2023-04-10T20:01:42.235+0800][8789.604s] GC(528) Survivor regions: 2->8(39)
[2023-04-10T20:01:42.235+0800][8789.604s] GC(528) Old regions: 43->43
[2023-04-10T20:01:42.235+0800][8789.604s] GC(528) Humongous regions: 7->6
[2023-04-10T20:01:42.235+0800][8789.604s] GC(528) Metaspace: 60370K(62672K)->60370K(62672K) NonClass: 53465K(54784K)->53465K(54784K) Class: 6905K(7888K)->6905K(7888K)
[2023-04-10T20:01:42.235+0800][8789.604s] GC(528) Pause Young (Normal) (G1 Evacuation Pause) 356M->56M(512M) 1.789ms
[2023-04-10T20:01:42.235+0800][8789.604s] GC(528) User=0.00s Sys=0.00s Real=0.00s
[2023-04-10T20:01:42.637+0800][8790.005s] GC(529) Pause Young (Normal) (G1 Evacuation Pause)
[2023-04-10T20:01:42.637+0800][8790.005s] GC(529) Using 8 workers of 8 for evacuation
[2023-04-10T20:01:42.639+0800][8790.007s] GC(529)   Pre Evacuate Collection Set: 0.0ms
[2023-04-10T20:01:42.639+0800][8790.007s] GC(529)   Evacuate Collection Set: 1.1ms
[2023-04-10T20:01:42.639+0800][8790.007s] GC(529)   Post Evacuate Collection Set: 0.7ms
[2023-04-10T20:01:42.639+0800][8790.007s] GC(529)   Other: 0.2ms
[2023-04-10T20:01:42.639+0800][8790.007s] GC(529) Eden regions: 299->0(297)
[2023-04-10T20:01:42.639+0800][8790.007s] GC(529) Survivor regions: 8->10(39)
[2023-04-10T20:01:42.639+0800][8790.007s] GC(529) Old regions: 43->43
[2023-04-10T20:01:42.639+0800][8790.007s] GC(529) Humongous regions: 15->13
[2023-04-10T20:01:42.639+0800][8790.007s] GC(529) Metaspace: 60370K(62672K)->60370K(62672K) NonClass: 53465K(54784K)->53465K(54784K) Class: 6905K(7888K)->6905K(7888K)
[2023-04-10T20:01:42.639+0800][8790.007s] GC(529) Pause Young (Normal) (G1 Evacuation Pause) 363M->65M(512M) 2.141ms
[2023-04-10T20:01:42.639+0800][8790.007s] GC(529) User=0.00s Sys=0.00s Real=0.00s
[2023-04-10T20:01:43.091+0800][8790.459s] GC(530) Pause Young (Normal) (G1 Evacuation Pause)
[2023-04-10T20:01:43.091+0800][8790.459s] GC(530) Using 8 workers of 8 for evacuation
[2023-04-10T20:01:43.092+0800][8790.461s] GC(530)   Pre Evacuate Collection Set: 0.0ms
[2023-04-10T20:01:43.093+0800][8790.461s] GC(530)   Evacuate Collection Set: 1.2ms
[2023-04-10T20:01:43.093+0800][8790.461s] GC(530)   Post Evacuate Collection Set: 0.5ms
[2023-04-10T20:01:43.093+0800][8790.461s] GC(530)   Other: 0.2ms
[2023-04-10T20:01:43.093+0800][8790.461s] GC(530) Eden regions: 297->0(296)
[2023-04-10T20:01:43.093+0800][8790.461s] GC(530) Survivor regions: 10->11(39)
[2023-04-10T20:01:43.093+0800][8790.461s] GC(530) Old regions: 43->43
[2023-04-10T20:01:43.093+0800][8790.461s] GC(530) Humongous regions: 23->13
[2023-04-10T20:01:43.093+0800][8790.461s] GC(530) Metaspace: 60370K(62672K)->60370K(62672K) NonClass: 53465K(54784K)->53465K(54784K) Class: 6905K(7888K)->6905K(7888K)
[2023-04-10T20:01:43.093+0800][8790.461s] GC(530) Pause Young (Normal) (G1 Evacuation Pause) 372M->66M(512M) 2.120ms
[2023-04-10T20:01:43.093+0800][8790.461s] GC(530) User=0.00s Sys=0.00s Real=0.00s
[2023-04-10T20:01:43.588+0800][8790.956s] GC(531) Pause Young (Normal) (G1 Evacuation Pause)
[2023-04-10T20:01:43.588+0800][8790.956s] GC(531) Using 8 workers of 8 for evacuation
[2023-04-10T20:01:43.589+0800][8790.957s] GC(531)   Pre Evacuate Collection Set: 0.0ms
[2023-04-10T20:01:43.589+0800][8790.957s] GC(531)   Evacuate Collection Set: 0.8ms
[2023-04-10T20:01:43.589+0800][8790.957s] GC(531)   Post Evacuate Collection Set: 0.5ms
[2023-04-10T20:01:43.589+0800][8790.958s] GC(531)   Other: 0.2ms
[2023-04-10T20:01:43.589+0800][8790.958s] GC(531) Eden regions: 296->0(301)
[2023-04-10T20:01:43.589+0800][8790.958s] GC(531) Survivor regions: 11->6(39)
[2023-04-10T20:01:43.589+0800][8790.958s] GC(531) Old regions: 43->43
[2023-04-10T20:01:43.589+0800][8790.958s] GC(531) Humongous regions: 14->5
[2023-04-10T20:01:43.589+0800][8790.958s] GC(531) Metaspace: 60371K(62672K)->60371K(62672K) NonClass: 53466K(54784K)->53466K(54784K) Class: 6905K(7888K)->6905K(7888K)
[2023-04-10T20:01:43.589+0800][8790.958s] GC(531) Pause Young (Normal) (G1 Evacuation Pause) 363M->53M(512M) 1.609ms
[2023-04-10T20:01:43.589+0800][8790.958s] GC(531) User=0.00s Sys=0.00s Real=0.00s
[2023-04-10T20:01:44.004+0800][8791.373s] GC(532) Pause Young (Normal) (G1 Evacuation Pause)
[2023-04-10T20:01:44.004+0800][8791.373s] GC(532) Using 8 workers of 8 for evacuation
[2023-04-10T20:01:44.006+0800][8791.374s] GC(532)   Pre Evacuate Collection Set: 0.0ms
[2023-04-10T20:01:44.006+0800][8791.374s] GC(532)   Evacuate Collection Set: 1.1ms
[2023-04-10T20:01:44.006+0800][8791.374s] GC(532)   Post Evacuate Collection Set: 0.5ms
[2023-04-10T20:01:44.006+0800][8791.374s] GC(532)   Other: 0.2ms
[2023-04-10T20:01:44.006+0800][8791.375s] GC(532) Eden regions: 301->0(296)
[2023-04-10T20:01:44.006+0800][8791.375s] GC(532) Survivor regions: 6->11(39)
[2023-04-10T20:01:44.006+0800][8791.375s] GC(532) Old regions: 43->43
[2023-04-10T20:01:44.006+0800][8791.375s] GC(532) Humongous regions: 8->7
[2023-04-10T20:01:44.006+0800][8791.375s] GC(532) Metaspace: 60371K(62672K)->60371K(62672K) NonClass: 53466K(54784K)->53466K(54784K) Class: 6905K(7888K)->6905K(7888K)
[2023-04-10T20:01:44.006+0800][8791.375s] GC(532) Pause Young (Normal) (G1 Evacuation Pause) 357M->60M(512M) 1.999ms
[2023-04-10T20:01:44.006+0800][8791.375s] GC(532) User=0.00s Sys=0.00s Real=0.00s
[2023-04-10T20:01:44.508+0800][8791.876s] GC(533) Pause Young (Normal) (G1 Evacuation Pause)
[2023-04-10T20:01:44.508+0800][8791.876s] GC(533) Using 8 workers of 8 for evacuation
[2023-04-10T20:01:44.510+0800][8791.878s] GC(533)   Pre Evacuate Collection Set: 0.0ms
[2023-04-10T20:01:44.510+0800][8791.878s] GC(533)   Evacuate Collection Set: 1.2ms
[2023-04-10T20:01:44.510+0800][8791.878s] GC(533)   Post Evacuate Collection Set: 0.7ms
[2023-04-10T20:01:44.510+0800][8791.878s] GC(533)   Other: 0.2ms
[2023-04-10T20:01:44.510+0800][8791.878s] GC(533) Eden regions: 296->0(296)
[2023-04-10T20:01:44.510+0800][8791.878s] GC(533) Survivor regions: 11->11(39)
[2023-04-10T20:01:44.510+0800][8791.878s] GC(533) Old regions: 43->43
[2023-04-10T20:01:44.510+0800][8791.878s] GC(533) Humongous regions: 25->13
[2023-04-10T20:01:44.510+0800][8791.878s] GC(533) Metaspace: 60371K(62672K)->60371K(62672K) NonClass: 53466K(54784K)->53466K(54784K) Class: 6905K(7888K)->6905K(7888K)
[2023-04-10T20:01:44.510+0800][8791.878s] GC(533) Pause Young (Normal) (G1 Evacuation Pause) 374M->66M(512M) 2.329ms
[2023-04-10T20:01:44.510+0800][8791.878s] GC(533) User=0.00s Sys=0.00s Real=0.00s
[2023-04-10T20:01:44.927+0800][8792.295s] GC(534) Pause Young (Normal) (G1 Evacuation Pause)
[2023-04-10T20:01:44.927+0800][8792.295s] GC(534) Using 8 workers of 8 for evacuation
[2023-04-10T20:01:44.928+0800][8792.296s] GC(534)   Pre Evacuate Collection Set: 0.0ms
[2023-04-10T20:01:44.928+0800][8792.296s] GC(534)   Evacuate Collection Set: 0.5ms
[2023-04-10T20:01:44.928+0800][8792.296s] GC(534)   Post Evacuate Collection Set: 0.6ms
[2023-04-10T20:01:44.928+0800][8792.296s] GC(534)   Other: 0.2ms
[2023-04-10T20:01:44.928+0800][8792.296s] GC(534) Eden regions: 296->0(303)
[2023-04-10T20:01:44.928+0800][8792.296s] GC(534) Survivor regions: 11->4(39)
[2023-04-10T20:01:44.928+0800][8792.296s] GC(534) Old regions: 43->43
[2023-04-10T20:01:44.928+0800][8792.296s] GC(534) Humongous regions: 14->5
[2023-04-10T20:01:44.928+0800][8792.296s] GC(534) Metaspace: 60374K(62672K)->60374K(62672K) NonClass: 53469K(54784K)->53469K(54784K) Class: 6905K(7888K)->6905K(7888K)
[2023-04-10T20:01:44.928+0800][8792.296s] GC(534) Pause Young (Normal) (G1 Evacuation Pause) 363M->51M(512M) 1.439ms
[2023-04-10T20:01:44.928+0800][8792.296s] GC(534) User=0.00s Sys=0.00s Real=0.00s
[2023-04-10T20:01:45.359+0800][8792.727s] GC(535) Pause Young (Normal) (G1 Evacuation Pause)
[2023-04-10T20:01:45.359+0800][8792.727s] GC(535) Using 8 workers of 8 for evacuation
[2023-04-10T20:01:45.360+0800][8792.729s] GC(535)   Pre Evacuate Collection Set: 0.0ms
[2023-04-10T20:01:45.360+0800][8792.729s] GC(535)   Evacuate Collection Set: 0.9ms
[2023-04-10T20:01:45.360+0800][8792.729s] GC(535)   Post Evacuate Collection Set: 0.5ms
[2023-04-10T20:01:45.360+0800][8792.729s] GC(535)   Other: 0.2ms
[2023-04-10T20:01:45.361+0800][8792.729s] GC(535) Eden regions: 303->0(297)
[2023-04-10T20:01:45.361+0800][8792.729s] GC(535) Survivor regions: 4->10(39)
[2023-04-10T20:01:45.361+0800][8792.729s] GC(535) Old regions: 43->43
[2023-04-10T20:01:45.361+0800][8792.729s] GC(535) Humongous regions: 7->6
[2023-04-10T20:01:45.361+0800][8792.729s] GC(535) Metaspace: 60374K(62672K)->60374K(62672K) NonClass: 53469K(54784K)->53469K(54784K) Class: 6905K(7888K)->6905K(7888K)
[2023-04-10T20:01:45.361+0800][8792.729s] GC(535) Pause Young (Normal) (G1 Evacuation Pause) 356M->58M(512M) 1.888ms
[2023-04-10T20:01:45.361+0800][8792.729s] GC(535) User=0.00s Sys=0.00s Real=0.00s
[2023-04-10T20:01:45.766+0800][8793.134s] GC(536) Pause Young (Normal) (G1 Evacuation Pause)
[2023-04-10T20:01:45.766+0800][8793.134s] GC(536) Using 8 workers of 8 for evacuation
[2023-04-10T20:01:45.768+0800][8793.136s] GC(536)   Pre Evacuate Collection Set: 0.0ms
[2023-04-10T20:01:45.768+0800][8793.137s] GC(536)   Evacuate Collection Set: 1.3ms
[2023-04-10T20:01:45.768+0800][8793.137s] GC(536)   Post Evacuate Collection Set: 0.7ms
[2023-04-10T20:01:45.768+0800][8793.137s] GC(536)   Other: 0.2ms
[2023-04-10T20:01:45.768+0800][8793.137s] GC(536) Eden regions: 297->0(296)
[2023-04-10T20:01:45.768+0800][8793.137s] GC(536) Survivor regions: 10->11(39)
[2023-04-10T20:01:45.768+0800][8793.137s] GC(536) Old regions: 43->44
[2023-04-10T20:01:45.768+0800][8793.137s] GC(536) Humongous regions: 25->13
[2023-04-10T20:01:45.768+0800][8793.137s] GC(536) Metaspace: 60374K(62672K)->60374K(62672K) NonClass: 53469K(54784K)->53469K(54784K) Class: 6905K(7888K)->6905K(7888K)
[2023-04-10T20:01:45.768+0800][8793.137s] GC(536) Pause Young (Normal) (G1 Evacuation Pause) 374M->66M(512M) 2.567ms
[2023-04-10T20:01:45.768+0800][8793.137s] GC(536) User=0.00s Sys=0.00s Real=0.00s
[2023-04-10T20:01:46.289+0800][8793.657s] GC(537) Pause Young (Normal) (G1 Evacuation Pause)
[2023-04-10T20:01:46.289+0800][8793.658s] GC(537) Using 8 workers of 8 for evacuation
[2023-04-10T20:01:46.290+0800][8793.658s] GC(537)   Pre Evacuate Collection Set: 0.0ms
[2023-04-10T20:01:46.290+0800][8793.658s] GC(537)   Evacuate Collection Set: 0.4ms
[2023-04-10T20:01:46.290+0800][8793.659s] GC(537)   Post Evacuate Collection Set: 0.4ms
[2023-04-10T20:01:46.290+0800][8793.659s] GC(537)   Other: 0.3ms
[2023-04-10T20:01:46.290+0800][8793.659s] GC(537) Eden regions: 296->0(305)
[2023-04-10T20:01:46.290+0800][8793.659s] GC(537) Survivor regions: 11->2(39)
[2023-04-10T20:01:46.290+0800][8793.659s] GC(537) Old regions: 44->44
[2023-04-10T20:01:46.290+0800][8793.659s] GC(537) Humongous regions: 13->4
[2023-04-10T20:01:46.290+0800][8793.659s] GC(537) Metaspace: 60374K(62672K)->60374K(62672K) NonClass: 53469K(54784K)->53469K(54784K) Class: 6905K(7888K)->6905K(7888K)
[2023-04-10T20:01:46.290+0800][8793.659s] GC(537) Pause Young (Normal) (G1 Evacuation Pause) 362M->48M(512M) 1.228ms
[2023-04-10T20:01:46.290+0800][8793.659s] GC(537) User=0.00s Sys=0.00s Real=0.00s
[2023-04-10T20:01:46.700+0800][8794.068s] GC(538) Pause Young (Normal) (G1 Evacuation Pause)
[2023-04-10T20:01:46.700+0800][8794.068s] GC(538) Using 8 workers of 8 for evacuation
[2023-04-10T20:01:46.701+0800][8794.069s] GC(538)   Pre Evacuate Collection Set: 0.0ms
[2023-04-10T20:01:46.701+0800][8794.069s] GC(538)   Evacuate Collection Set: 0.8ms
[2023-04-10T20:01:46.701+0800][8794.069s] GC(538)   Post Evacuate Collection Set: 0.5ms
[2023-04-10T20:01:46.701+0800][8794.069s] GC(538)   Other: 0.2ms
[2023-04-10T20:01:46.701+0800][8794.069s] GC(538) Eden regions: 305->0(299)
[2023-04-10T20:01:46.701+0800][8794.069s] GC(538) Survivor regions: 2->8(39)
[2023-04-10T20:01:46.701+0800][8794.069s] GC(538) Old regions: 44->44
[2023-04-10T20:01:46.701+0800][8794.069s] GC(538) Humongous regions: 7->6
[2023-04-10T20:01:46.701+0800][8794.069s] GC(538) Metaspace: 60374K(62672K)->60374K(62672K) NonClass: 53469K(54784K)->53469K(54784K) Class: 6905K(7888K)->6905K(7888K)
[2023-04-10T20:01:46.701+0800][8794.069s] GC(538) Pause Young (Normal) (G1 Evacuation Pause) 356M->56M(512M) 1.643ms
[2023-04-10T20:01:46.701+0800][8794.069s] GC(538) User=0.00s Sys=0.00s Real=0.00s
[2023-04-10T20:01:47.103+0800][8794.471s] GC(539) Pause Young (Normal) (G1 Evacuation Pause)
[2023-04-10T20:01:47.103+0800][8794.471s] GC(539) Using 8 workers of 8 for evacuation
[2023-04-10T20:01:47.106+0800][8794.473s] GC(539)   Pre Evacuate Collection Set: 0.0ms
[2023-04-10T20:01:47.106+0800][8794.473s] GC(539)   Evacuate Collection Set: 1.0ms
[2023-04-10T20:01:47.106+0800][8794.473s] GC(539)   Post Evacuate Collection Set: 0.7ms
[2023-04-10T20:01:47.106+0800][8794.473s] GC(539)   Other: 0.2ms
[2023-04-10T20:01:47.106+0800][8794.473s] GC(539) Eden regions: 299->0(297)
[2023-04-10T20:01:47.106+0800][8794.473s] GC(539) Survivor regions: 8->10(39)
[2023-04-10T20:01:47.106+0800][8794.473s] GC(539) Old regions: 44->44
[2023-04-10T20:01:47.106+0800][8794.473s] GC(539) Humongous regions: 15->13
[2023-04-10T20:01:47.106+0800][8794.473s] GC(539) Metaspace: 60374K(62672K)->60374K(62672K) NonClass: 53469K(54784K)->53469K(54784K) Class: 6905K(7888K)->6905K(7888K)
[2023-04-10T20:01:47.106+0800][8794.473s] GC(539) Pause Young (Normal) (G1 Evacuation Pause) 364M->65M(512M) 2.047ms
[2023-04-10T20:01:47.106+0800][8794.473s] GC(539) User=0.00s Sys=0.02s Real=0.00s
[2023-04-10T20:01:47.564+0800][8794.932s] GC(540) Pause Young (Normal) (G1 Evacuation Pause)
[2023-04-10T20:01:47.564+0800][8794.932s] GC(540) Using 8 workers of 8 for evacuation
[2023-04-10T20:01:47.566+0800][8794.934s] GC(540)   Pre Evacuate Collection Set: 0.0ms
[2023-04-10T20:01:47.566+0800][8794.934s] GC(540)   Evacuate Collection Set: 1.1ms
[2023-04-10T20:01:47.566+0800][8794.934s] GC(540)   Post Evacuate Collection Set: 0.6ms
[2023-04-10T20:01:47.566+0800][8794.934s] GC(540)   Other: 0.2ms
[2023-04-10T20:01:47.566+0800][8794.934s] GC(540) Eden regions: 297->0(297)
[2023-04-10T20:01:47.566+0800][8794.934s] GC(540) Survivor regions: 10->10(39)
[2023-04-10T20:01:47.566+0800][8794.934s] GC(540) Old regions: 44->44
[2023-04-10T20:01:47.566+0800][8794.934s] GC(540) Humongous regions: 23->13
[2023-04-10T20:01:47.566+0800][8794.934s] GC(540) Metaspace: 60374K(62672K)->60374K(62672K) NonClass: 53469K(54784K)->53469K(54784K) Class: 6905K(7888K)->6905K(7888K)
[2023-04-10T20:01:47.566+0800][8794.934s] GC(540) Pause Young (Normal) (G1 Evacuation Pause) 372M->65M(512M) 2.095ms
[2023-04-10T20:01:47.566+0800][8794.934s] GC(540) User=0.00s Sys=0.00s Real=0.00s
[2023-04-10T20:01:48.018+0800][8795.386s] GC(541) Pause Young (Normal) (G1 Evacuation Pause)
[2023-04-10T20:01:48.018+0800][8795.386s] GC(541) Using 8 workers of 8 for evacuation
[2023-04-10T20:01:48.020+0800][8795.388s] GC(541)   Pre Evacuate Collection Set: 0.0ms
[2023-04-10T20:01:48.020+0800][8795.388s] GC(541)   Evacuate Collection Set: 0.8ms
[2023-04-10T20:01:48.020+0800][8795.388s] GC(541)   Post Evacuate Collection Set: 0.6ms
[2023-04-10T20:01:48.020+0800][8795.388s] GC(541)   Other: 0.2ms
[2023-04-10T20:01:48.020+0800][8795.388s] GC(541) Eden regions: 297->0(301)
[2023-04-10T20:01:48.020+0800][8795.388s] GC(541) Survivor regions: 10->6(39)
[2023-04-10T20:01:48.020+0800][8795.388s] GC(541) Old regions: 44->44
[2023-04-10T20:01:48.020+0800][8795.388s] GC(541) Humongous regions: 14->5
[2023-04-10T20:01:48.020+0800][8795.388s] GC(541) Metaspace: 60374K(62672K)->60374K(62672K) NonClass: 53469K(54784K)->53469K(54784K) Class: 6905K(7888K)->6905K(7888K)
[2023-04-10T20:01:48.020+0800][8795.388s] GC(541) Pause Young (Normal) (G1 Evacuation Pause) 363M->53M(512M) 1.780ms
[2023-04-10T20:01:48.020+0800][8795.388s] GC(541) User=0.00s Sys=0.00s Real=0.00s
[2023-04-10T20:01:48.413+0800][8795.781s] GC(542) Pause Young (Normal) (G1 Evacuation Pause)
[2023-04-10T20:01:48.413+0800][8795.782s] GC(542) Using 8 workers of 8 for evacuation
[2023-04-10T20:01:48.415+0800][8795.783s] GC(542)   Pre Evacuate Collection Set: 0.0ms
[2023-04-10T20:01:48.415+0800][8795.783s] GC(542)   Evacuate Collection Set: 1.0ms
[2023-04-10T20:01:48.415+0800][8795.783s] GC(542)   Post Evacuate Collection Set: 0.7ms
[2023-04-10T20:01:48.415+0800][8795.783s] GC(542)   Other: 0.2ms
[2023-04-10T20:01:48.415+0800][8795.783s] GC(542) Eden regions: 301->0(298)
[2023-04-10T20:01:48.415+0800][8795.783s] GC(542) Survivor regions: 6->9(39)
[2023-04-10T20:01:48.415+0800][8795.783s] GC(542) Old regions: 44->44
[2023-04-10T20:01:48.415+0800][8795.783s] GC(542) Humongous regions: 13->12
[2023-04-10T20:01:48.415+0800][8795.783s] GC(542) Metaspace: 60374K(62672K)->60374K(62672K) NonClass: 53469K(54784K)->53469K(54784K) Class: 6905K(7888K)->6905K(7888K)
[2023-04-10T20:01:48.415+0800][8795.784s] GC(542) Pause Young (Normal) (G1 Evacuation Pause) 362M->63M(512M) 2.052ms
[2023-04-10T20:01:48.415+0800][8795.784s] GC(542) User=0.00s Sys=0.00s Real=0.00s
[2023-04-10T20:01:48.906+0800][8796.274s] GC(543) Pause Young (Normal) (G1 Evacuation Pause)
[2023-04-10T20:01:48.906+0800][8796.274s] GC(543) Using 8 workers of 8 for evacuation
[2023-04-10T20:01:48.908+0800][8796.276s] GC(543)   Pre Evacuate Collection Set: 0.0ms
[2023-04-10T20:01:48.908+0800][8796.276s] GC(543)   Evacuate Collection Set: 1.1ms
[2023-04-10T20:01:48.908+0800][8796.276s] GC(543)   Post Evacuate Collection Set: 0.7ms
[2023-04-10T20:01:48.908+0800][8796.277s] GC(543)   Other: 0.2ms
[2023-04-10T20:01:48.908+0800][8796.277s] GC(543) Eden regions: 298->0(296)
[2023-04-10T20:01:48.908+0800][8796.277s] GC(543) Survivor regions: 9->11(39)
[2023-04-10T20:01:48.908+0800][8796.277s] GC(543) Old regions: 44->44
[2023-04-10T20:01:48.908+0800][8796.277s] GC(543) Humongous regions: 25->13
[2023-04-10T20:01:48.908+0800][8796.277s] GC(543) Metaspace: 60374K(62672K)->60374K(62672K) NonClass: 53469K(54784K)->53469K(54784K) Class: 6905K(7888K)->6905K(7888K)
[2023-04-10T20:01:48.908+0800][8796.277s] GC(543) Pause Young (Normal) (G1 Evacuation Pause) 374M->66M(512M) 2.315ms
[2023-04-10T20:01:48.908+0800][8796.277s] GC(543) User=0.00s Sys=0.00s Real=0.00s
[2023-04-10T20:01:49.338+0800][8796.707s] GC(544) Pause Young (Normal) (G1 Evacuation Pause)
[2023-04-10T20:01:49.338+0800][8796.707s] GC(544) Using 8 workers of 8 for evacuation
[2023-04-10T20:01:49.340+0800][8796.708s] GC(544)   Pre Evacuate Collection Set: 0.0ms
[2023-04-10T20:01:49.340+0800][8796.708s] GC(544)   Evacuate Collection Set: 0.6ms
[2023-04-10T20:01:49.340+0800][8796.708s] GC(544)   Post Evacuate Collection Set: 0.6ms
[2023-04-10T20:01:49.340+0800][8796.708s] GC(544)   Other: 0.2ms
[2023-04-10T20:01:49.340+0800][8796.708s] GC(544) Eden regions: 296->0(302)
[2023-04-10T20:01:49.340+0800][8796.708s] GC(544) Survivor regions: 11->5(39)
[2023-04-10T20:01:49.340+0800][8796.708s] GC(544) Old regions: 44->44
[2023-04-10T20:01:49.340+0800][8796.708s] GC(544) Humongous regions: 14->5
[2023-04-10T20:01:49.340+0800][8796.708s] GC(544) Metaspace: 60374K(62672K)->60374K(62672K) NonClass: 53469K(54784K)->53469K(54784K) Class: 6905K(7888K)->6905K(7888K)
[2023-04-10T20:01:49.340+0800][8796.708s] GC(544) Pause Young (Normal) (G1 Evacuation Pause) 363M->52M(512M) 1.637ms
[2023-04-10T20:01:49.340+0800][8796.708s] GC(544) User=0.05s Sys=0.00s Real=0.00s
[2023-04-10T20:01:49.730+0800][8797.098s] GC(545) Pause Young (Normal) (G1 Evacuation Pause)
[2023-04-10T20:01:49.730+0800][8797.098s] GC(545) Using 8 workers of 8 for evacuation
[2023-04-10T20:01:49.732+0800][8797.100s] GC(545)   Pre Evacuate Collection Set: 0.0ms
[2023-04-10T20:01:49.732+0800][8797.100s] GC(545)   Evacuate Collection Set: 1.1ms
[2023-04-10T20:01:49.732+0800][8797.100s] GC(545)   Post Evacuate Collection Set: 0.6ms
[2023-04-10T20:01:49.732+0800][8797.100s] GC(545)   Other: 0.2ms
[2023-04-10T20:01:49.732+0800][8797.100s] GC(545) Eden regions: 302->0(297)
[2023-04-10T20:01:49.732+0800][8797.100s] GC(545) Survivor regions: 5->10(39)
[2023-04-10T20:01:49.732+0800][8797.100s] GC(545) Old regions: 44->44
[2023-04-10T20:01:49.732+0800][8797.100s] GC(545) Humongous regions: 8->7
[2023-04-10T20:01:49.732+0800][8797.100s] GC(545) Metaspace: 60374K(62672K)->60374K(62672K) NonClass: 53469K(54784K)->53469K(54784K) Class: 6905K(7888K)->6905K(7888K)
[2023-04-10T20:01:49.732+0800][8797.100s] GC(545) Pause Young (Normal) (G1 Evacuation Pause) 357M->59M(512M) 2.047ms
[2023-04-10T20:01:49.732+0800][8797.100s] GC(545) User=0.00s Sys=0.00s Real=0.00s
[2023-04-10T20:01:50.290+0800][8797.658s] GC(546) Pause Young (Normal) (G1 Evacuation Pause)
[2023-04-10T20:01:50.290+0800][8797.658s] GC(546) Using 8 workers of 8 for evacuation
[2023-04-10T20:01:50.292+0800][8797.660s] GC(546)   Pre Evacuate Collection Set: 0.0ms
[2023-04-10T20:01:50.292+0800][8797.660s] GC(546)   Evacuate Collection Set: 1.2ms
[2023-04-10T20:01:50.292+0800][8797.660s] GC(546)   Post Evacuate Collection Set: 0.5ms
[2023-04-10T20:01:50.292+0800][8797.660s] GC(546)   Other: 0.2ms
[2023-04-10T20:01:50.292+0800][8797.660s] GC(546) Eden regions: 297->0(296)
[2023-04-10T20:01:50.292+0800][8797.660s] GC(546) Survivor regions: 10->11(39)
[2023-04-10T20:01:50.292+0800][8797.661s] GC(546) Old regions: 44->44
[2023-04-10T20:01:50.292+0800][8797.661s] GC(546) Humongous regions: 20->13
[2023-04-10T20:01:50.292+0800][8797.661s] GC(546) Metaspace: 60374K(62672K)->60374K(62672K) NonClass: 53469K(54784K)->53469K(54784K) Class: 6905K(7888K)->6905K(7888K)
[2023-04-10T20:01:50.293+0800][8797.661s] GC(546) Pause Young (Normal) (G1 Evacuation Pause) 369M->66M(512M) 2.186ms
[2023-04-10T20:01:50.293+0800][8797.661s] GC(546) User=0.02s Sys=0.00s Real=0.00s
[2023-04-10T20:01:50.660+0800][8798.028s] GC(547) Pause Young (Normal) (G1 Evacuation Pause)
[2023-04-10T20:01:50.660+0800][8798.029s] GC(547) Using 8 workers of 8 for evacuation
[2023-04-10T20:01:50.662+0800][8798.030s] GC(547)   Pre Evacuate Collection Set: 0.0ms
[2023-04-10T20:01:50.662+0800][8798.030s] GC(547)   Evacuate Collection Set: 0.7ms
[2023-04-10T20:01:50.662+0800][8798.030s] GC(547)   Post Evacuate Collection Set: 0.7ms
[2023-04-10T20:01:50.662+0800][8798.030s] GC(547)   Other: 0.2ms
[2023-04-10T20:01:50.662+0800][8798.030s] GC(547) Eden regions: 296->0(303)
[2023-04-10T20:01:50.662+0800][8798.030s] GC(547) Survivor regions: 11->4(39)
[2023-04-10T20:01:50.662+0800][8798.030s] GC(547) Old regions: 44->44
[2023-04-10T20:01:50.662+0800][8798.030s] GC(547) Humongous regions: 13->4
[2023-04-10T20:01:50.662+0800][8798.030s] GC(547) Metaspace: 60375K(62672K)->60375K(62672K) NonClass: 53469K(54784K)->53469K(54784K) Class: 6905K(7888K)->6905K(7888K)
[2023-04-10T20:01:50.662+0800][8798.030s] GC(547) Pause Young (Normal) (G1 Evacuation Pause) 362M->50M(512M) 1.656ms
[2023-04-10T20:01:50.662+0800][8798.030s] GC(547) User=0.00s Sys=0.00s Real=0.00s
[2023-04-10T20:01:50.843+0800][8798.211s] GC(548) Pause Young (Normal) (G1 Evacuation Pause)
[2023-04-10T20:01:50.843+0800][8798.211s] GC(548) Using 8 workers of 8 for evacuation
[2023-04-10T20:01:50.845+0800][8798.213s] GC(548)   Pre Evacuate Collection Set: 0.0ms
[2023-04-10T20:01:50.845+0800][8798.213s] GC(548)   Evacuate Collection Set: 0.8ms
[2023-04-10T20:01:50.845+0800][8798.213s] GC(548)   Post Evacuate Collection Set: 0.6ms
[2023-04-10T20:01:50.845+0800][8798.213s] GC(548)   Other: 0.2ms
[2023-04-10T20:01:50.845+0800][8798.213s] GC(548) Eden regions: 303->0(301)
[2023-04-10T20:01:50.845+0800][8798.213s] GC(548) Survivor regions: 4->6(39)
[2023-04-10T20:01:50.845+0800][8798.213s] GC(548) Old regions: 44->44
[2023-04-10T20:01:50.845+0800][8798.213s] GC(548) Humongous regions: 5->5
[2023-04-10T20:01:50.845+0800][8798.213s] GC(548) Metaspace: 60375K(62672K)->60375K(62672K) NonClass: 53469K(54784K)->53469K(54784K) Class: 6905K(7888K)->6905K(7888K)
[2023-04-10T20:01:50.845+0800][8798.213s] GC(548) Pause Young (Normal) (G1 Evacuation Pause) 354M->53M(512M) 1.784ms
[2023-04-10T20:01:50.845+0800][8798.213s] GC(548) User=0.00s Sys=0.00s Real=0.00s
[2023-04-10T20:01:51.025+0800][8798.393s] GC(549) Pause Young (Normal) (G1 Evacuation Pause)
[2023-04-10T20:01:51.025+0800][8798.393s] GC(549) Using 8 workers of 8 for evacuation
[2023-04-10T20:01:51.027+0800][8798.395s] GC(549)   Pre Evacuate Collection Set: 0.0ms
[2023-04-10T20:01:51.027+0800][8798.395s] GC(549)   Evacuate Collection Set: 1.0ms
[2023-04-10T20:01:51.027+0800][8798.395s] GC(549)   Post Evacuate Collection Set: 0.5ms
[2023-04-10T20:01:51.027+0800][8798.395s] GC(549)   Other: 0.2ms
[2023-04-10T20:01:51.027+0800][8798.395s] GC(549) Eden regions: 301->0(298)
[2023-04-10T20:01:51.027+0800][8798.395s] GC(549) Survivor regions: 6->9(39)
[2023-04-10T20:01:51.027+0800][8798.395s] GC(549) Old regions: 44->44
[2023-04-10T20:01:51.027+0800][8798.395s] GC(549) Humongous regions: 7->6
[2023-04-10T20:01:51.027+0800][8798.395s] GC(549) Metaspace: 60375K(62672K)->60375K(62672K) NonClass: 53469K(54784K)->53469K(54784K) Class: 6905K(7888K)->6905K(7888K)
[2023-04-10T20:01:51.027+0800][8798.395s] GC(549) Pause Young (Normal) (G1 Evacuation Pause) 356M->57M(512M) 1.867ms
[2023-04-10T20:01:51.027+0800][8798.395s] GC(549) User=0.00s Sys=0.03s Real=0.00s
[2023-04-10T20:01:51.221+0800][8798.589s] GC(550) Pause Young (Normal) (G1 Evacuation Pause)
[2023-04-10T20:01:51.221+0800][8798.589s] GC(550) Using 8 workers of 8 for evacuation
[2023-04-10T20:01:51.223+0800][8798.591s] GC(550)   Pre Evacuate Collection Set: 0.0ms
[2023-04-10T20:01:51.223+0800][8798.591s] GC(550)   Evacuate Collection Set: 1.2ms
[2023-04-10T20:01:51.223+0800][8798.591s] GC(550)   Post Evacuate Collection Set: 0.7ms
[2023-04-10T20:01:51.223+0800][8798.592s] GC(550)   Other: 0.2ms
[2023-04-10T20:01:51.223+0800][8798.592s] GC(550) Eden regions: 298->0(295)
[2023-04-10T20:01:51.223+0800][8798.592s] GC(550) Survivor regions: 9->12(39)
[2023-04-10T20:01:51.223+0800][8798.592s] GC(550) Old regions: 44->44
[2023-04-10T20:01:51.223+0800][8798.592s] GC(550) Humongous regions: 7->7
[2023-04-10T20:01:51.223+0800][8798.592s] GC(550) Metaspace: 60375K(62672K)->60375K(62672K) NonClass: 53469K(54784K)->53469K(54784K) Class: 6905K(7888K)->6905K(7888K)
[2023-04-10T20:01:51.223+0800][8798.592s] GC(550) Pause Young (Normal) (G1 Evacuation Pause) 356M->61M(512M) 2.219ms
[2023-04-10T20:01:51.223+0800][8798.592s] GC(550) User=0.00s Sys=0.00s Real=0.00s
[2023-04-10T20:01:51.502+0800][8798.870s] GC(551) Pause Young (Normal) (G1 Evacuation Pause)
[2023-04-10T20:01:51.502+0800][8798.870s] GC(551) Using 8 workers of 8 for evacuation
[2023-04-10T20:01:51.505+0800][8798.872s] GC(551)   Pre Evacuate Collection Set: 0.0ms
[2023-04-10T20:01:51.505+0800][8798.872s] GC(551)   Evacuate Collection Set: 1.5ms
[2023-04-10T20:01:51.505+0800][8798.872s] GC(551)   Post Evacuate Collection Set: 0.6ms
[2023-04-10T20:01:51.505+0800][8798.873s] GC(551)   Other: 0.2ms
[2023-04-10T20:01:51.505+0800][8798.873s] GC(551) Eden regions: 295->0(296)
[2023-04-10T20:01:51.505+0800][8798.873s] GC(551) Survivor regions: 12->11(39)
[2023-04-10T20:01:51.505+0800][8798.873s] GC(551) Old regions: 44->44
[2023-04-10T20:01:51.505+0800][8798.873s] GC(551) Humongous regions: 15->13
[2023-04-10T20:01:51.505+0800][8798.873s] GC(551) Metaspace: 60375K(62672K)->60375K(62672K) NonClass: 53469K(54784K)->53469K(54784K) Class: 6905K(7888K)->6905K(7888K)
[2023-04-10T20:01:51.505+0800][8798.873s] GC(551) Pause Young (Normal) (G1 Evacuation Pause) 364M->66M(512M) 2.483ms
[2023-04-10T20:01:51.505+0800][8798.873s] GC(551) User=0.00s Sys=0.00s Real=0.00s
[2023-04-10T20:01:51.846+0800][8799.214s] GC(552) Pause Young (Normal) (G1 Evacuation Pause)
[2023-04-10T20:01:51.846+0800][8799.214s] GC(552) Using 8 workers of 8 for evacuation
[2023-04-10T20:01:51.848+0800][8799.216s] GC(552)   Pre Evacuate Collection Set: 0.0ms
[2023-04-10T20:01:51.848+0800][8799.216s] GC(552)   Evacuate Collection Set: 1.4ms
[2023-04-10T20:01:51.848+0800][8799.216s] GC(552)   Post Evacuate Collection Set: 0.6ms
[2023-04-10T20:01:51.848+0800][8799.216s] GC(552)   Other: 0.2ms
[2023-04-10T20:01:51.848+0800][8799.216s] GC(552) Eden regions: 296->0(295)
[2023-04-10T20:01:51.848+0800][8799.216s] GC(552) Survivor regions: 11->12(39)
[2023-04-10T20:01:51.848+0800][8799.216s] GC(552) Old regions: 44->44
[2023-04-10T20:01:51.848+0800][8799.216s] GC(552) Humongous regions: 23->13
[2023-04-10T20:01:51.848+0800][8799.216s] GC(552) Metaspace: 60375K(62672K)->60375K(62672K) NonClass: 53469K(54784K)->53469K(54784K) Class: 6905K(7888K)->6905K(7888K)
[2023-04-10T20:01:51.848+0800][8799.216s] GC(552) Pause Young (Normal) (G1 Evacuation Pause) 372M->67M(512M) 2.340ms
[2023-04-10T20:01:51.848+0800][8799.216s] GC(552) User=0.00s Sys=0.00s Real=0.00s
[2023-04-10T20:01:52.083+0800][8799.451s] GC(553) Pause Young (Normal) (G1 Evacuation Pause)
[2023-04-10T20:01:52.083+0800][8799.451s] GC(553) Using 8 workers of 8 for evacuation
[2023-04-10T20:01:52.085+0800][8799.453s] GC(553)   Pre Evacuate Collection Set: 0.0ms
[2023-04-10T20:01:52.085+0800][8799.453s] GC(553)   Evacuate Collection Set: 1.3ms
[2023-04-10T20:01:52.085+0800][8799.453s] GC(553)   Post Evacuate Collection Set: 0.7ms
[2023-04-10T20:01:52.085+0800][8799.453s] GC(553)   Other: 0.2ms
[2023-04-10T20:01:52.085+0800][8799.453s] GC(553) Eden regions: 295->0(295)
[2023-04-10T20:01:52.085+0800][8799.453s] GC(553) Survivor regions: 12->12(39)
[2023-04-10T20:01:52.085+0800][8799.453s] GC(553) Old regions: 44->44
[2023-04-10T20:01:52.085+0800][8799.454s] GC(553) Humongous regions: 13->13
[2023-04-10T20:01:52.085+0800][8799.454s] GC(553) Metaspace: 60375K(62672K)->60375K(62672K) NonClass: 53469K(54784K)->53469K(54784K) Class: 6905K(7888K)->6905K(7888K)
[2023-04-10T20:01:52.085+0800][8799.454s] GC(553) Pause Young (Normal) (G1 Evacuation Pause) 362M->67M(512M) 2.352ms
[2023-04-10T20:01:52.085+0800][8799.454s] GC(553) User=0.00s Sys=0.00s Real=0.00s
[2023-04-10T20:01:52.344+0800][8799.712s] GC(554) Pause Young (Normal) (G1 Evacuation Pause)
[2023-04-10T20:01:52.344+0800][8799.712s] GC(554) Using 8 workers of 8 for evacuation
[2023-04-10T20:01:52.345+0800][8799.714s] GC(554)   Pre Evacuate Collection Set: 0.0ms
[2023-04-10T20:01:52.345+0800][8799.714s] GC(554)   Evacuate Collection Set: 0.7ms
[2023-04-10T20:01:52.345+0800][8799.714s] GC(554)   Post Evacuate Collection Set: 0.6ms
[2023-04-10T20:01:52.345+0800][8799.714s] GC(554)   Other: 0.2ms
[2023-04-10T20:01:52.345+0800][8799.714s] GC(554) Eden regions: 295->0(302)
[2023-04-10T20:01:52.345+0800][8799.714s] GC(554) Survivor regions: 12->5(39)
[2023-04-10T20:01:52.345+0800][8799.714s] GC(554) Old regions: 44->44
[2023-04-10T20:01:52.345+0800][8799.714s] GC(554) Humongous regions: 14->5
[2023-04-10T20:01:52.345+0800][8799.714s] GC(554) Metaspace: 60375K(62672K)->60375K(62672K) NonClass: 53470K(54784K)->53470K(54784K) Class: 6905K(7888K)->6905K(7888K)
[2023-04-10T20:01:52.345+0800][8799.714s] GC(554) Pause Young (Normal) (G1 Evacuation Pause) 363M->52M(512M) 1.602ms
[2023-04-10T20:01:52.345+0800][8799.714s] GC(554) User=0.00s Sys=0.00s Real=0.00s
[2023-04-10T20:01:52.592+0800][8799.960s] GC(555) Pause Young (Normal) (G1 Evacuation Pause)
[2023-04-10T20:01:52.592+0800][8799.960s] GC(555) Using 8 workers of 8 for evacuation
[2023-04-10T20:01:52.594+0800][8799.962s] GC(555)   Pre Evacuate Collection Set: 0.0ms
[2023-04-10T20:01:52.594+0800][8799.962s] GC(555)   Evacuate Collection Set: 1.0ms
[2023-04-10T20:01:52.594+0800][8799.962s] GC(555)   Post Evacuate Collection Set: 0.6ms
[2023-04-10T20:01:52.594+0800][8799.962s] GC(555)   Other: 0.2ms
[2023-04-10T20:01:52.594+0800][8799.962s] GC(555) Eden regions: 302->0(298)
[2023-04-10T20:01:52.594+0800][8799.962s] GC(555) Survivor regions: 5->9(39)
[2023-04-10T20:01:52.594+0800][8799.962s] GC(555) Old regions: 44->44
[2023-04-10T20:01:52.594+0800][8799.962s] GC(555) Humongous regions: 7->6
[2023-04-10T20:01:52.594+0800][8799.962s] GC(555) Metaspace: 60375K(62672K)->60375K(62672K) NonClass: 53470K(54784K)->53470K(54784K) Class: 6905K(7888K)->6905K(7888K)
[2023-04-10T20:01:52.594+0800][8799.962s] GC(555) Pause Young (Normal) (G1 Evacuation Pause) 356M->57M(512M) 2.027ms
[2023-04-10T20:01:52.594+0800][8799.962s] GC(555) User=0.00s Sys=0.00s Real=0.00s
[2023-04-10T20:01:52.822+0800][8800.190s] GC(556) Pause Young (Normal) (G1 Evacuation Pause)
[2023-04-10T20:01:52.822+0800][8800.190s] GC(556) Using 8 workers of 8 for evacuation
[2023-04-10T20:01:52.825+0800][8800.192s] GC(556)   Pre Evacuate Collection Set: 0.0ms
[2023-04-10T20:01:52.825+0800][8800.192s] GC(556)   Evacuate Collection Set: 1.4ms
[2023-04-10T20:01:52.825+0800][8800.193s] GC(556)   Post Evacuate Collection Set: 0.7ms
[2023-04-10T20:01:52.825+0800][8800.193s] GC(556)   Other: 0.2ms
[2023-04-10T20:01:52.825+0800][8800.193s] GC(556) Eden regions: 298->0(294)
[2023-04-10T20:01:52.825+0800][8800.193s] GC(556) Survivor regions: 9->13(39)
[2023-04-10T20:01:52.825+0800][8800.193s] GC(556) Old regions: 44->44
[2023-04-10T20:01:52.825+0800][8800.193s] GC(556) Humongous regions: 7->7
[2023-04-10T20:01:52.825+0800][8800.193s] GC(556) Metaspace: 60375K(62672K)->60375K(62672K) NonClass: 53470K(54784K)->53470K(54784K) Class: 6905K(7888K)->6905K(7888K)
[2023-04-10T20:01:52.825+0800][8800.193s] GC(556) Pause Young (Normal) (G1 Evacuation Pause) 356M->62M(512M) 2.425ms
[2023-04-10T20:01:52.825+0800][8800.193s] GC(556) User=0.12s Sys=0.00s Real=0.00s
[2023-04-10T20:01:53.099+0800][8800.467s] GC(557) Pause Young (Normal) (G1 Evacuation Pause)
[2023-04-10T20:01:53.099+0800][8800.467s] GC(557) Using 8 workers of 8 for evacuation
[2023-04-10T20:01:53.101+0800][8800.469s] GC(557)   Pre Evacuate Collection Set: 0.0ms
[2023-04-10T20:01:53.101+0800][8800.469s] GC(557)   Evacuate Collection Set: 1.3ms
[2023-04-10T20:01:53.101+0800][8800.469s] GC(557)   Post Evacuate Collection Set: 0.5ms
[2023-04-10T20:01:53.101+0800][8800.469s] GC(557)   Other: 0.2ms
[2023-04-10T20:01:53.101+0800][8800.469s] GC(557) Eden regions: 294->0(295)
[2023-04-10T20:01:53.101+0800][8800.469s] GC(557) Survivor regions: 13->12(39)
[2023-04-10T20:01:53.101+0800][8800.469s] GC(557) Old regions: 44->44
[2023-04-10T20:01:53.101+0800][8800.469s] GC(557) Humongous regions: 20->13
[2023-04-10T20:01:53.101+0800][8800.469s] GC(557) Metaspace: 60375K(62672K)->60375K(62672K) NonClass: 53470K(54784K)->53470K(54784K) Class: 6905K(7888K)->6905K(7888K)
[2023-04-10T20:01:53.101+0800][8800.469s] GC(557) Pause Young (Normal) (G1 Evacuation Pause) 369M->67M(512M) 2.112ms
[2023-04-10T20:01:53.101+0800][8800.469s] GC(557) User=0.00s Sys=0.00s Real=0.00s
[2023-04-10T20:01:53.439+0800][8800.807s] GC(558) Pause Young (Normal) (G1 Evacuation Pause)
[2023-04-10T20:01:53.439+0800][8800.807s] GC(558) Using 8 workers of 8 for evacuation
[2023-04-10T20:01:53.441+0800][8800.809s] GC(558)   Pre Evacuate Collection Set: 0.0ms
[2023-04-10T20:01:53.441+0800][8800.809s] GC(558)   Evacuate Collection Set: 1.3ms
[2023-04-10T20:01:53.441+0800][8800.809s] GC(558)   Post Evacuate Collection Set: 0.5ms
[2023-04-10T20:01:53.441+0800][8800.809s] GC(558)   Other: 0.2ms
[2023-04-10T20:01:53.441+0800][8800.809s] GC(558) Eden regions: 295->0(296)
[2023-04-10T20:01:53.441+0800][8800.809s] GC(558) Survivor regions: 12->11(39)
[2023-04-10T20:01:53.441+0800][8800.809s] GC(558) Old regions: 44->44
[2023-04-10T20:01:53.441+0800][8800.809s] GC(558) Humongous regions: 18->13
[2023-04-10T20:01:53.441+0800][8800.809s] GC(558) Metaspace: 60375K(62672K)->60375K(62672K) NonClass: 53470K(54784K)->53470K(54784K) Class: 6905K(7888K)->6905K(7888K)
[2023-04-10T20:01:53.441+0800][8800.809s] GC(558) Pause Young (Normal) (G1 Evacuation Pause) 367M->66M(512M) 2.313ms
[2023-04-10T20:01:53.441+0800][8800.809s] GC(558) User=0.00s Sys=0.00s Real=0.00s
[2023-04-10T20:01:53.863+0800][8801.231s] GC(559) Pause Young (Normal) (G1 Evacuation Pause)
[2023-04-10T20:01:53.863+0800][8801.231s] GC(559) Using 8 workers of 8 for evacuation
[2023-04-10T20:01:53.865+0800][8801.233s] GC(559)   Pre Evacuate Collection Set: 0.0ms
[2023-04-10T20:01:53.865+0800][8801.233s] GC(559)   Evacuate Collection Set: 0.6ms
[2023-04-10T20:01:53.865+0800][8801.233s] GC(559)   Post Evacuate Collection Set: 0.6ms
[2023-04-10T20:01:53.865+0800][8801.233s] GC(559)   Other: 0.2ms
[2023-04-10T20:01:53.865+0800][8801.233s] GC(559) Eden regions: 296->0(303)
[2023-04-10T20:01:53.865+0800][8801.233s] GC(559) Survivor regions: 11->4(39)
[2023-04-10T20:01:53.865+0800][8801.233s] GC(559) Old regions: 44->44
[2023-04-10T20:01:53.865+0800][8801.233s] GC(559) Humongous regions: 14->5
[2023-04-10T20:01:53.865+0800][8801.233s] GC(559) Metaspace: 60375K(62672K)->60375K(62672K) NonClass: 53470K(54784K)->53470K(54784K) Class: 6905K(7888K)->6905K(7888K)
[2023-04-10T20:01:53.865+0800][8801.233s] GC(559) Pause Young (Normal) (G1 Evacuation Pause) 363M->52M(512M) 1.533ms
[2023-04-10T20:01:53.865+0800][8801.233s] GC(559) User=0.00s Sys=0.00s Real=0.00s
[2023-04-10T20:01:54.278+0800][8801.646s] GC(560) Pause Young (Normal) (G1 Evacuation Pause)
[2023-04-10T20:01:54.278+0800][8801.646s] GC(560) Using 8 workers of 8 for evacuation
[2023-04-10T20:01:54.281+0800][8801.649s] GC(560)   Pre Evacuate Collection Set: 0.0ms
[2023-04-10T20:01:54.281+0800][8801.649s] GC(560)   Evacuate Collection Set: 1.6ms
[2023-04-10T20:01:54.281+0800][8801.649s] GC(560)   Post Evacuate Collection Set: 0.6ms
[2023-04-10T20:01:54.281+0800][8801.649s] GC(560)   Other: 0.2ms
[2023-04-10T20:01:54.281+0800][8801.649s] GC(560) Eden regions: 303->0(295)
[2023-04-10T20:01:54.281+0800][8801.649s] GC(560) Survivor regions: 4->12(39)
[2023-04-10T20:01:54.281+0800][8801.649s] GC(560) Old regions: 44->44
[2023-04-10T20:01:54.281+0800][8801.649s] GC(560) Humongous regions: 8->7
[2023-04-10T20:01:54.281+0800][8801.649s] GC(560) Metaspace: 60375K(62672K)->60375K(62672K) NonClass: 53470K(54784K)->53470K(54784K) Class: 6905K(7888K)->6905K(7888K)
[2023-04-10T20:01:54.281+0800][8801.649s] GC(560) Pause Young (Normal) (G1 Evacuation Pause) 357M->61M(512M) 2.676ms
[2023-04-10T20:01:54.281+0800][8801.649s] GC(560) User=0.00s Sys=0.00s Real=0.00s
[2023-04-10T20:01:54.742+0800][8802.110s] GC(561) Pause Young (Normal) (G1 Evacuation Pause)
[2023-04-10T20:01:54.742+0800][8802.110s] GC(561) Using 8 workers of 8 for evacuation
[2023-04-10T20:01:54.744+0800][8802.112s] GC(561)   Pre Evacuate Collection Set: 0.0ms
[2023-04-10T20:01:54.744+0800][8802.112s] GC(561)   Evacuate Collection Set: 1.4ms
[2023-04-10T20:01:54.744+0800][8802.112s] GC(561)   Post Evacuate Collection Set: 0.7ms
[2023-04-10T20:01:54.744+0800][8802.112s] GC(561)   Other: 0.2ms
[2023-04-10T20:01:54.744+0800][8802.112s] GC(561) Eden regions: 295->0(295)
[2023-04-10T20:01:54.744+0800][8802.112s] GC(561) Survivor regions: 12->12(39)
[2023-04-10T20:01:54.744+0800][8802.112s] GC(561) Old regions: 44->44
[2023-04-10T20:01:54.744+0800][8802.112s] GC(561) Humongous regions: 26->14
[2023-04-10T20:01:54.744+0800][8802.112s] GC(561) Metaspace: 60375K(62672K)->60375K(62672K) NonClass: 53470K(54784K)->53470K(54784K) Class: 6905K(7888K)->6905K(7888K)
[2023-04-10T20:01:54.744+0800][8802.112s] GC(561) Pause Young (Normal) (G1 Evacuation Pause) 375M->68M(512M) 2.356ms
[2023-04-10T20:01:54.744+0800][8802.112s] GC(561) User=0.00s Sys=0.00s Real=0.00s
[2023-04-10T20:01:55.310+0800][8802.678s] GC(562) Pause Young (Normal) (G1 Evacuation Pause)
[2023-04-10T20:01:55.310+0800][8802.678s] GC(562) Using 8 workers of 8 for evacuation
[2023-04-10T20:01:55.311+0800][8802.679s] GC(562)   Pre Evacuate Collection Set: 0.0ms
[2023-04-10T20:01:55.311+0800][8802.679s] GC(562)   Evacuate Collection Set: 0.3ms
[2023-04-10T20:01:55.311+0800][8802.679s] GC(562)   Post Evacuate Collection Set: 0.4ms
[2023-04-10T20:01:55.311+0800][8802.679s] GC(562)   Other: 0.2ms
[2023-04-10T20:01:55.311+0800][8802.679s] GC(562) Eden regions: 295->0(305)
[2023-04-10T20:01:55.311+0800][8802.679s] GC(562) Survivor regions: 12->2(39)
[2023-04-10T20:01:55.311+0800][8802.679s] GC(562) Old regions: 44->44
[2023-04-10T20:01:55.311+0800][8802.679s] GC(562) Humongous regions: 14->4
[2023-04-10T20:01:55.311+0800][8802.679s] GC(562) Metaspace: 60376K(62672K)->60376K(62672K) NonClass: 53470K(54784K)->53470K(54784K) Class: 6905K(7888K)->6905K(7888K)
[2023-04-10T20:01:55.311+0800][8802.679s] GC(562) Pause Young (Normal) (G1 Evacuation Pause) 363M->48M(512M) 1.176ms
[2023-04-10T20:01:55.311+0800][8802.679s] GC(562) User=0.00s Sys=0.00s Real=0.00s
[2023-04-10T20:01:55.711+0800][8803.079s] GC(563) Pause Young (Normal) (G1 Evacuation Pause)
[2023-04-10T20:01:55.711+0800][8803.079s] GC(563) Using 8 workers of 8 for evacuation
[2023-04-10T20:01:55.713+0800][8803.081s] GC(563)   Pre Evacuate Collection Set: 0.0ms
[2023-04-10T20:01:55.713+0800][8803.081s] GC(563)   Evacuate Collection Set: 0.8ms
[2023-04-10T20:01:55.713+0800][8803.081s] GC(563)   Post Evacuate Collection Set: 0.6ms
[2023-04-10T20:01:55.713+0800][8803.081s] GC(563)   Other: 0.3ms
[2023-04-10T20:01:55.713+0800][8803.081s] GC(563) Eden regions: 305->0(299)
[2023-04-10T20:01:55.713+0800][8803.081s] GC(563) Survivor regions: 2->8(39)
[2023-04-10T20:01:55.713+0800][8803.081s] GC(563) Old regions: 44->44
[2023-04-10T20:01:55.713+0800][8803.081s] GC(563) Humongous regions: 7->6
[2023-04-10T20:01:55.713+0800][8803.081s] GC(563) Metaspace: 60376K(62672K)->60376K(62672K) NonClass: 53470K(54784K)->53470K(54784K) Class: 6905K(7888K)->6905K(7888K)
[2023-04-10T20:01:55.713+0800][8803.081s] GC(563) Pause Young (Normal) (G1 Evacuation Pause) 356M->56M(512M) 1.887ms
[2023-04-10T20:01:55.713+0800][8803.081s] GC(563) User=0.00s Sys=0.00s Real=0.00s
[2023-04-10T20:01:56.134+0800][8803.502s] GC(564) Pause Young (Normal) (G1 Evacuation Pause)
[2023-04-10T20:01:56.134+0800][8803.502s] GC(564) Using 8 workers of 8 for evacuation
[2023-04-10T20:01:56.136+0800][8803.504s] GC(564)   Pre Evacuate Collection Set: 0.0ms
[2023-04-10T20:01:56.136+0800][8803.504s] GC(564)   Evacuate Collection Set: 1.1ms
[2023-04-10T20:01:56.136+0800][8803.504s] GC(564)   Post Evacuate Collection Set: 0.4ms
[2023-04-10T20:01:56.136+0800][8803.504s] GC(564)   Other: 0.4ms
[2023-04-10T20:01:56.136+0800][8803.504s] GC(564) Eden regions: 299->0(297)
[2023-04-10T20:01:56.136+0800][8803.504s] GC(564) Survivor regions: 8->10(39)
[2023-04-10T20:01:56.137+0800][8803.504s] GC(564) Old regions: 44->44
[2023-04-10T20:01:56.137+0800][8803.504s] GC(564) Humongous regions: 20->13
[2023-04-10T20:01:56.137+0800][8803.504s] GC(564) Metaspace: 60376K(62672K)->60376K(62672K) NonClass: 53470K(54784K)->53470K(54784K) Class: 6905K(7888K)->6905K(7888K)
[2023-04-10T20:01:56.137+0800][8803.505s] GC(564) Pause Young (Normal) (G1 Evacuation Pause) 369M->65M(512M) 2.179ms
[2023-04-10T20:01:56.137+0800][8803.505s] GC(564) User=0.02s Sys=0.00s Real=0.00s
[2023-04-10T20:01:56.786+0800][8804.155s] GC(565) Pause Young (Normal) (G1 Evacuation Pause)
[2023-04-10T20:01:56.786+0800][8804.155s] GC(565) Using 8 workers of 8 for evacuation
[2023-04-10T20:01:56.788+0800][8804.157s] GC(565)   Pre Evacuate Collection Set: 0.0ms
[2023-04-10T20:01:56.788+0800][8804.157s] GC(565)   Evacuate Collection Set: 1.2ms
[2023-04-10T20:01:56.788+0800][8804.157s] GC(565)   Post Evacuate Collection Set: 0.6ms
[2023-04-10T20:01:56.788+0800][8804.157s] GC(565)   Other: 0.2ms
[2023-04-10T20:01:56.788+0800][8804.157s] GC(565) Eden regions: 297->0(296)
[2023-04-10T20:01:56.788+0800][8804.157s] GC(565) Survivor regions: 10->11(39)
[2023-04-10T20:01:56.788+0800][8804.157s] GC(565) Old regions: 44->44
[2023-04-10T20:01:56.788+0800][8804.157s] GC(565) Humongous regions: 18->13
[2023-04-10T20:01:56.788+0800][8804.157s] GC(565) Metaspace: 60376K(62672K)->60376K(62672K) NonClass: 53470K(54784K)->53470K(54784K) Class: 6905K(7888K)->6905K(7888K)
[2023-04-10T20:01:56.788+0800][8804.157s] GC(565) Pause Young (Normal) (G1 Evacuation Pause) 367M->66M(512M) 2.087ms
[2023-04-10T20:01:56.788+0800][8804.157s] GC(565) User=0.00s Sys=0.00s Real=0.00s
[2023-04-10T20:01:57.257+0800][8804.625s] GC(566) Pause Young (Normal) (G1 Evacuation Pause)
[2023-04-10T20:01:57.257+0800][8804.625s] GC(566) Using 8 workers of 8 for evacuation
[2023-04-10T20:01:57.258+0800][8804.626s] GC(566)   Pre Evacuate Collection Set: 0.0ms
[2023-04-10T20:01:57.258+0800][8804.626s] GC(566)   Evacuate Collection Set: 0.9ms
[2023-04-10T20:01:57.258+0800][8804.626s] GC(566)   Post Evacuate Collection Set: 0.7ms
[2023-04-10T20:01:57.258+0800][8804.626s] GC(566)   Other: 0.2ms
[2023-04-10T20:01:57.258+0800][8804.626s] GC(566) Eden regions: 296->0(301)
[2023-04-10T20:01:57.259+0800][8804.627s] GC(566) Survivor regions: 11->6(39)
[2023-04-10T20:01:57.259+0800][8804.627s] GC(566) Old regions: 44->44
[2023-04-10T20:01:57.259+0800][8804.627s] GC(566) Humongous regions: 14->5
[2023-04-10T20:01:57.259+0800][8804.627s] GC(566) Metaspace: 60376K(62672K)->60376K(62672K) NonClass: 53471K(54784K)->53471K(54784K) Class: 6905K(7888K)->6905K(7888K)
[2023-04-10T20:01:57.259+0800][8804.627s] GC(566) Pause Young (Normal) (G1 Evacuation Pause) 363M->53M(512M) 2.078ms
[2023-04-10T20:01:57.259+0800][8804.627s] GC(566) User=0.00s Sys=0.00s Real=0.00s
[2023-04-10T20:01:57.765+0800][8805.133s] GC(567) Pause Young (Normal) (G1 Evacuation Pause)
[2023-04-10T20:01:57.765+0800][8805.133s] GC(567) Using 8 workers of 8 for evacuation
[2023-04-10T20:01:57.767+0800][8805.135s] GC(567)   Pre Evacuate Collection Set: 0.0ms
[2023-04-10T20:01:57.767+0800][8805.135s] GC(567)   Evacuate Collection Set: 1.0ms
[2023-04-10T20:01:57.767+0800][8805.135s] GC(567)   Post Evacuate Collection Set: 0.5ms
[2023-04-10T20:01:57.767+0800][8805.135s] GC(567)   Other: 0.2ms
[2023-04-10T20:01:57.767+0800][8805.135s] GC(567) Eden regions: 301->0(298)
[2023-04-10T20:01:57.767+0800][8805.135s] GC(567) Survivor regions: 6->9(39)
[2023-04-10T20:01:57.767+0800][8805.135s] GC(567) Old regions: 44->44
[2023-04-10T20:01:57.767+0800][8805.135s] GC(567) Humongous regions: 13->12
[2023-04-10T20:01:57.767+0800][8805.135s] GC(567) Metaspace: 60376K(62672K)->60376K(62672K) NonClass: 53471K(54784K)->53471K(54784K) Class: 6905K(7888K)->6905K(7888K)
[2023-04-10T20:01:57.767+0800][8805.135s] GC(567) Pause Young (Normal) (G1 Evacuation Pause) 362M->63M(512M) 1.947ms
[2023-04-10T20:01:57.767+0800][8805.135s] GC(567) User=0.00s Sys=0.00s Real=0.00s
[2023-04-10T20:01:58.293+0800][8805.660s] GC(568) Pause Young (Normal) (G1 Evacuation Pause)
[2023-04-10T20:01:58.293+0800][8805.660s] GC(568) Using 8 workers of 8 for evacuation
[2023-04-10T20:01:58.294+0800][8805.662s] GC(568)   Pre Evacuate Collection Set: 0.0ms
[2023-04-10T20:01:58.295+0800][8805.662s] GC(568)   Evacuate Collection Set: 1.2ms
[2023-04-10T20:01:58.295+0800][8805.662s] GC(568)   Post Evacuate Collection Set: 0.6ms
[2023-04-10T20:01:58.295+0800][8805.662s] GC(568)   Other: 0.2ms
[2023-04-10T20:01:58.295+0800][8805.662s] GC(568) Eden regions: 298->0(297)
[2023-04-10T20:01:58.295+0800][8805.662s] GC(568) Survivor regions: 9->10(39)
[2023-04-10T20:01:58.295+0800][8805.662s] GC(568) Old regions: 44->44
[2023-04-10T20:01:58.295+0800][8805.662s] GC(568) Humongous regions: 25->13
[2023-04-10T20:01:58.295+0800][8805.662s] GC(568) Metaspace: 60376K(62672K)->60376K(62672K) NonClass: 53471K(54784K)->53471K(54784K) Class: 6905K(7888K)->6905K(7888K)
[2023-04-10T20:01:58.295+0800][8805.662s] GC(568) Pause Young (Normal) (G1 Evacuation Pause) 374M->65M(512M) 2.168ms
[2023-04-10T20:01:58.295+0800][8805.662s] GC(568) User=0.00s Sys=0.00s Real=0.00s
[2023-04-10T20:01:58.767+0800][8806.135s] GC(569) Pause Young (Normal) (G1 Evacuation Pause)
[2023-04-10T20:01:58.767+0800][8806.136s] GC(569) Using 8 workers of 8 for evacuation
[2023-04-10T20:01:58.768+0800][8806.137s] GC(569)   Pre Evacuate Collection Set: 0.0ms
[2023-04-10T20:01:58.769+0800][8806.137s] GC(569)   Evacuate Collection Set: 0.5ms
[2023-04-10T20:01:58.769+0800][8806.137s] GC(569)   Post Evacuate Collection Set: 0.6ms
[2023-04-10T20:01:58.769+0800][8806.137s] GC(569)   Other: 0.2ms
[2023-04-10T20:01:58.769+0800][8806.137s] GC(569) Eden regions: 297->0(303)
[2023-04-10T20:01:58.769+0800][8806.137s] GC(569) Survivor regions: 10->4(39)
[2023-04-10T20:01:58.769+0800][8806.137s] GC(569) Old regions: 44->44
[2023-04-10T20:01:58.769+0800][8806.137s] GC(569) Humongous regions: 14->5
[2023-04-10T20:01:58.769+0800][8806.137s] GC(569) Metaspace: 60376K(62672K)->60376K(62672K) NonClass: 53471K(54784K)->53471K(54784K) Class: 6905K(7888K)->6905K(7888K)
[2023-04-10T20:01:58.769+0800][8806.137s] GC(569) Pause Young (Normal) (G1 Evacuation Pause) 363M->51M(512M) 1.493ms
[2023-04-10T20:01:58.769+0800][8806.137s] GC(569) User=0.00s Sys=0.00s Real=0.00s
[2023-04-10T20:01:59.224+0800][8806.592s] GC(570) Pause Young (Normal) (G1 Evacuation Pause)
[2023-04-10T20:01:59.224+0800][8806.592s] GC(570) Using 8 workers of 8 for evacuation
[2023-04-10T20:01:59.226+0800][8806.594s] GC(570)   Pre Evacuate Collection Set: 0.0ms
[2023-04-10T20:01:59.226+0800][8806.594s] GC(570)   Evacuate Collection Set: 1.3ms
[2023-04-10T20:01:59.226+0800][8806.594s] GC(570)   Post Evacuate Collection Set: 0.5ms
[2023-04-10T20:01:59.226+0800][8806.594s] GC(570)   Other: 0.2ms
[2023-04-10T20:01:59.226+0800][8806.594s] GC(570) Eden regions: 303->0(297)
[2023-04-10T20:01:59.226+0800][8806.594s] GC(570) Survivor regions: 4->10(39)
[2023-04-10T20:01:59.226+0800][8806.594s] GC(570) Old regions: 44->44
[2023-04-10T20:01:59.226+0800][8806.594s] GC(570) Humongous regions: 8->7
[2023-04-10T20:01:59.226+0800][8806.594s] GC(570) Metaspace: 60376K(62672K)->60376K(62672K) NonClass: 53471K(54784K)->53471K(54784K) Class: 6905K(7888K)->6905K(7888K)
[2023-04-10T20:01:59.226+0800][8806.594s] GC(570) Pause Young (Normal) (G1 Evacuation Pause) 357M->59M(512M) 2.183ms
[2023-04-10T20:01:59.226+0800][8806.595s] GC(570) User=0.00s Sys=0.00s Real=0.00s
[2023-04-10T20:01:59.727+0800][8807.095s] GC(571) Pause Young (Normal) (G1 Evacuation Pause)
[2023-04-10T20:01:59.727+0800][8807.095s] GC(571) Using 8 workers of 8 for evacuation
[2023-04-10T20:01:59.729+0800][8807.097s] GC(571)   Pre Evacuate Collection Set: 0.0ms
[2023-04-10T20:01:59.729+0800][8807.097s] GC(571)   Evacuate Collection Set: 1.1ms
[2023-04-10T20:01:59.729+0800][8807.097s] GC(571)   Post Evacuate Collection Set: 0.5ms
[2023-04-10T20:01:59.729+0800][8807.097s] GC(571)   Other: 0.2ms
[2023-04-10T20:01:59.729+0800][8807.097s] GC(571) Eden regions: 297->0(297)
[2023-04-10T20:01:59.729+0800][8807.097s] GC(571) Survivor regions: 10->10(39)
[2023-04-10T20:01:59.729+0800][8807.097s] GC(571) Old regions: 44->44
[2023-04-10T20:01:59.729+0800][8807.097s] GC(571) Humongous regions: 25->13
[2023-04-10T20:01:59.729+0800][8807.097s] GC(571) Metaspace: 60377K(62672K)->60377K(62672K) NonClass: 53471K(54784K)->53471K(54784K) Class: 6905K(7888K)->6905K(7888K)
[2023-04-10T20:01:59.729+0800][8807.097s] GC(571) Pause Young (Normal) (G1 Evacuation Pause) 374M->65M(512M) 1.949ms
[2023-04-10T20:01:59.729+0800][8807.097s] GC(571) User=0.00s Sys=0.00s Real=0.00s
[2023-04-10T20:02:00.374+0800][8807.742s] GC(572) Pause Young (Normal) (G1 Evacuation Pause)
[2023-04-10T20:02:00.374+0800][8807.742s] GC(572) Using 8 workers of 8 for evacuation
[2023-04-10T20:02:00.375+0800][8807.743s] GC(572)   Pre Evacuate Collection Set: 0.0ms
[2023-04-10T20:02:00.375+0800][8807.743s] GC(572)   Evacuate Collection Set: 0.4ms
[2023-04-10T20:02:00.375+0800][8807.743s] GC(572)   Post Evacuate Collection Set: 0.4ms
[2023-04-10T20:02:00.375+0800][8807.743s] GC(572)   Other: 0.2ms
[2023-04-10T20:02:00.375+0800][8807.743s] GC(572) Eden regions: 297->0(305)
[2023-04-10T20:02:00.375+0800][8807.743s] GC(572) Survivor regions: 10->2(39)
[2023-04-10T20:02:00.375+0800][8807.743s] GC(572) Old regions: 44->44
[2023-04-10T20:02:00.375+0800][8807.743s] GC(572) Humongous regions: 13->4
[2023-04-10T20:02:00.376+0800][8807.743s] GC(572) Metaspace: 60377K(62672K)->60377K(62672K) NonClass: 53471K(54784K)->53471K(54784K) Class: 6905K(7888K)->6905K(7888K)
[2023-04-10T20:02:00.376+0800][8807.743s] GC(572) Pause Young (Normal) (G1 Evacuation Pause) 362M->48M(512M) 1.240ms
[2023-04-10T20:02:00.376+0800][8807.743s] GC(572) User=0.00s Sys=0.00s Real=0.00s
[2023-04-10T20:02:00.841+0800][8808.209s] GC(573) Pause Young (Normal) (G1 Evacuation Pause)
[2023-04-10T20:02:00.841+0800][8808.209s] GC(573) Using 8 workers of 8 for evacuation
[2023-04-10T20:02:00.843+0800][8808.210s] GC(573)   Pre Evacuate Collection Set: 0.0ms
[2023-04-10T20:02:00.843+0800][8808.210s] GC(573)   Evacuate Collection Set: 0.9ms
[2023-04-10T20:02:00.843+0800][8808.211s] GC(573)   Post Evacuate Collection Set: 0.5ms
[2023-04-10T20:02:00.843+0800][8808.211s] GC(573)   Other: 0.2ms
[2023-04-10T20:02:00.843+0800][8808.211s] GC(573) Eden regions: 305->0(299)
[2023-04-10T20:02:00.843+0800][8808.211s] GC(573) Survivor regions: 2->8(39)
[2023-04-10T20:02:00.843+0800][8808.211s] GC(573) Old regions: 44->44
[2023-04-10T20:02:00.843+0800][8808.211s] GC(573) Humongous regions: 7->6
[2023-04-10T20:02:00.843+0800][8808.211s] GC(573) Metaspace: 60377K(62672K)->60377K(62672K) NonClass: 53471K(54784K)->53471K(54784K) Class: 6905K(7888K)->6905K(7888K)
[2023-04-10T20:02:00.843+0800][8808.211s] GC(573) Pause Young (Normal) (G1 Evacuation Pause) 356M->56M(512M) 1.756ms
[2023-04-10T20:02:00.843+0800][8808.211s] GC(573) User=0.00s Sys=0.00s Real=0.00s
[2023-04-10T20:02:01.359+0800][8808.727s] GC(574) Pause Young (Normal) (G1 Evacuation Pause)
[2023-04-10T20:02:01.359+0800][8808.727s] GC(574) Using 8 workers of 8 for evacuation
[2023-04-10T20:02:01.361+0800][8808.729s] GC(574)   Pre Evacuate Collection Set: 0.0ms
[2023-04-10T20:02:01.361+0800][8808.729s] GC(574)   Evacuate Collection Set: 1.2ms
[2023-04-10T20:02:01.361+0800][8808.729s] GC(574)   Post Evacuate Collection Set: 0.5ms
[2023-04-10T20:02:01.361+0800][8808.729s] GC(574)   Other: 0.3ms
[2023-04-10T20:02:01.361+0800][8808.729s] GC(574) Eden regions: 299->0(297)
[2023-04-10T20:02:01.361+0800][8808.729s] GC(574) Survivor regions: 8->10(39)
[2023-04-10T20:02:01.361+0800][8808.729s] GC(574) Old regions: 44->44
[2023-04-10T20:02:01.361+0800][8808.729s] GC(574) Humongous regions: 20->13
[2023-04-10T20:02:01.361+0800][8808.729s] GC(574) Metaspace: 60377K(62672K)->60377K(62672K) NonClass: 53471K(54784K)->53471K(54784K) Class: 6905K(7888K)->6905K(7888K)
[2023-04-10T20:02:01.361+0800][8808.730s] GC(574) Pause Young (Normal) (G1 Evacuation Pause) 369M->65M(512M) 2.498ms
[2023-04-10T20:02:01.361+0800][8808.730s] GC(574) User=0.00s Sys=0.00s Real=0.00s
[2023-04-10T20:02:01.980+0800][8809.349s] GC(575) Pause Young (Normal) (G1 Evacuation Pause)
[2023-04-10T20:02:01.981+0800][8809.349s] GC(575) Using 8 workers of 8 for evacuation
[2023-04-10T20:02:01.982+0800][8809.350s] GC(575)   Pre Evacuate Collection Set: 0.0ms
[2023-04-10T20:02:01.982+0800][8809.351s] GC(575)   Evacuate Collection Set: 1.1ms
[2023-04-10T20:02:01.982+0800][8809.351s] GC(575)   Post Evacuate Collection Set: 0.4ms
[2023-04-10T20:02:01.982+0800][8809.351s] GC(575)   Other: 0.2ms
[2023-04-10T20:02:01.982+0800][8809.351s] GC(575) Eden regions: 297->0(297)
[2023-04-10T20:02:01.982+0800][8809.351s] GC(575) Survivor regions: 10->10(39)
[2023-04-10T20:02:01.982+0800][8809.351s] GC(575) Old regions: 44->44
[2023-04-10T20:02:01.982+0800][8809.351s] GC(575) Humongous regions: 18->13
[2023-04-10T20:02:01.982+0800][8809.351s] GC(575) Metaspace: 60377K(62672K)->60377K(62672K) NonClass: 53471K(54784K)->53471K(54784K) Class: 6905K(7888K)->6905K(7888K)
[2023-04-10T20:02:01.982+0800][8809.351s] GC(575) Pause Young (Normal) (G1 Evacuation Pause) 367M->65M(512M) 1.997ms
[2023-04-10T20:02:01.982+0800][8809.351s] GC(575) User=0.00s Sys=0.00s Real=0.00s
[2023-04-10T20:02:02.522+0800][8809.890s] GC(576) Pause Young (Normal) (G1 Evacuation Pause)
[2023-04-10T20:02:02.522+0800][8809.890s] GC(576) Using 8 workers of 8 for evacuation
[2023-04-10T20:02:02.523+0800][8809.891s] GC(576)   Pre Evacuate Collection Set: 0.0ms
[2023-04-10T20:02:02.524+0800][8809.891s] GC(576)   Evacuate Collection Set: 0.8ms
[2023-04-10T20:02:02.524+0800][8809.891s] GC(576)   Post Evacuate Collection Set: 0.4ms
[2023-04-10T20:02:02.524+0800][8809.892s] GC(576)   Other: 0.2ms
[2023-04-10T20:02:02.524+0800][8809.892s] GC(576) Eden regions: 297->0(301)
[2023-04-10T20:02:02.524+0800][8809.892s] GC(576) Survivor regions: 10->6(39)
[2023-04-10T20:02:02.524+0800][8809.892s] GC(576) Old regions: 44->44
[2023-04-10T20:02:02.524+0800][8809.892s] GC(576) Humongous regions: 14->5
[2023-04-10T20:02:02.524+0800][8809.892s] GC(576) Metaspace: 60377K(62672K)->60377K(62672K) NonClass: 53471K(54784K)->53471K(54784K) Class: 6905K(7888K)->6905K(7888K)
[2023-04-10T20:02:02.524+0800][8809.892s] GC(576) Pause Young (Normal) (G1 Evacuation Pause) 363M->53M(512M) 1.782ms
[2023-04-10T20:02:02.524+0800][8809.892s] GC(576) User=0.00s Sys=0.00s Real=0.00s
[2023-04-10T20:02:02.998+0800][8810.365s] GC(577) Pause Young (Normal) (G1 Evacuation Pause)
[2023-04-10T20:02:02.998+0800][8810.365s] GC(577) Using 8 workers of 8 for evacuation
[2023-04-10T20:02:02.999+0800][8810.367s] GC(577)   Pre Evacuate Collection Set: 0.0ms
[2023-04-10T20:02:02.999+0800][8810.367s] GC(577)   Evacuate Collection Set: 1.0ms
[2023-04-10T20:02:02.999+0800][8810.367s] GC(577)   Post Evacuate Collection Set: 0.5ms
[2023-04-10T20:02:03.000+0800][8810.367s] GC(577)   Other: 0.2ms
[2023-04-10T20:02:03.000+0800][8810.367s] GC(577) Eden regions: 301->0(298)
[2023-04-10T20:02:03.000+0800][8810.367s] GC(577) Survivor regions: 6->9(39)
[2023-04-10T20:02:03.000+0800][8810.368s] GC(577) Old regions: 44->44
[2023-04-10T20:02:03.000+0800][8810.368s] GC(577) Humongous regions: 13->12
[2023-04-10T20:02:03.000+0800][8810.368s] GC(577) Metaspace: 60377K(62672K)->60377K(62672K) NonClass: 53471K(54784K)->53471K(54784K) Class: 6905K(7888K)->6905K(7888K)
[2023-04-10T20:02:03.000+0800][8810.368s] GC(577) Pause Young (Normal) (G1 Evacuation Pause) 362M->63M(512M) 2.182ms
[2023-04-10T20:02:03.000+0800][8810.368s] GC(577) User=0.00s Sys=0.00s Real=0.00s
[2023-04-10T20:02:03.542+0800][8810.911s] GC(578) Pause Young (Normal) (G1 Evacuation Pause)
[2023-04-10T20:02:03.542+0800][8810.911s] GC(578) Using 8 workers of 8 for evacuation
[2023-04-10T20:02:03.544+0800][8810.913s] GC(578)   Pre Evacuate Collection Set: 0.0ms
[2023-04-10T20:02:03.544+0800][8810.913s] GC(578)   Evacuate Collection Set: 1.2ms
[2023-04-10T20:02:03.544+0800][8810.913s] GC(578)   Post Evacuate Collection Set: 0.6ms
[2023-04-10T20:02:03.544+0800][8810.913s] GC(578)   Other: 0.2ms
[2023-04-10T20:02:03.544+0800][8810.913s] GC(578) Eden regions: 298->0(296)
[2023-04-10T20:02:03.544+0800][8810.913s] GC(578) Survivor regions: 9->11(39)
[2023-04-10T20:02:03.544+0800][8810.913s] GC(578) Old regions: 44->44
[2023-04-10T20:02:03.544+0800][8810.913s] GC(578) Humongous regions: 25->13
[2023-04-10T20:02:03.544+0800][8810.913s] GC(578) Metaspace: 60377K(62672K)->60377K(62672K) NonClass: 53471K(54784K)->53471K(54784K) Class: 6905K(7888K)->6905K(7888K)
[2023-04-10T20:02:03.544+0800][8810.913s] GC(578) Pause Young (Normal) (G1 Evacuation Pause) 374M->66M(512M) 2.277ms
[2023-04-10T20:02:03.545+0800][8810.913s] GC(578) User=0.00s Sys=0.00s Real=0.00s
[2023-04-10T20:02:04.053+0800][8811.421s] GC(579) Pause Young (Normal) (G1 Evacuation Pause)
[2023-04-10T20:02:04.053+0800][8811.421s] GC(579) Using 8 workers of 8 for evacuation
[2023-04-10T20:02:04.055+0800][8811.422s] GC(579)   Pre Evacuate Collection Set: 0.0ms
[2023-04-10T20:02:04.055+0800][8811.423s] GC(579)   Evacuate Collection Set: 0.8ms
[2023-04-10T20:02:04.055+0800][8811.423s] GC(579)   Post Evacuate Collection Set: 0.5ms
[2023-04-10T20:02:04.055+0800][8811.423s] GC(579)   Other: 0.2ms
[2023-04-10T20:02:04.055+0800][8811.423s] GC(579) Eden regions: 296->0(303)
[2023-04-10T20:02:04.055+0800][8811.423s] GC(579) Survivor regions: 11->4(39)
[2023-04-10T20:02:04.055+0800][8811.423s] GC(579) Old regions: 44->44
[2023-04-10T20:02:04.055+0800][8811.423s] GC(579) Humongous regions: 14->5
[2023-04-10T20:02:04.055+0800][8811.423s] GC(579) Metaspace: 60381K(62672K)->60381K(62672K) NonClass: 53476K(54784K)->53476K(54784K) Class: 6905K(7888K)->6905K(7888K)
[2023-04-10T20:02:04.055+0800][8811.423s] GC(579) Pause Young (Normal) (G1 Evacuation Pause) 363M->52M(512M) 1.714ms
[2023-04-10T20:02:04.055+0800][8811.423s] GC(579) User=0.00s Sys=0.00s Real=0.00s
[2023-04-10T20:02:04.448+0800][8811.816s] GC(580) Pause Young (Normal) (G1 Evacuation Pause)
[2023-04-10T20:02:04.448+0800][8811.816s] GC(580) Using 8 workers of 8 for evacuation
[2023-04-10T20:02:04.450+0800][8811.818s] GC(580)   Pre Evacuate Collection Set: 0.0ms
[2023-04-10T20:02:04.450+0800][8811.818s] GC(580)   Evacuate Collection Set: 1.1ms
[2023-04-10T20:02:04.450+0800][8811.818s] GC(580)   Post Evacuate Collection Set: 0.7ms
[2023-04-10T20:02:04.450+0800][8811.818s] GC(580)   Other: 0.2ms
[2023-04-10T20:02:04.450+0800][8811.818s] GC(580) Eden regions: 303->0(297)
[2023-04-10T20:02:04.450+0800][8811.818s] GC(580) Survivor regions: 4->10(39)
[2023-04-10T20:02:04.450+0800][8811.818s] GC(580) Old regions: 44->44
[2023-04-10T20:02:04.450+0800][8811.818s] GC(580) Humongous regions: 8->7
[2023-04-10T20:02:04.450+0800][8811.818s] GC(580) Metaspace: 60381K(62672K)->60381K(62672K) NonClass: 53476K(54784K)->53476K(54784K) Class: 6905K(7888K)->6905K(7888K)
[2023-04-10T20:02:04.450+0800][8811.818s] GC(580) Pause Young (Normal) (G1 Evacuation Pause) 358M->60M(512M) 2.145ms
[2023-04-10T20:02:04.450+0800][8811.818s] GC(580) User=0.09s Sys=0.02s Real=0.00s
[2023-04-10T20:02:04.994+0800][8812.362s] GC(581) Pause Young (Normal) (G1 Evacuation Pause)
[2023-04-10T20:02:04.994+0800][8812.362s] GC(581) Using 8 workers of 8 for evacuation
[2023-04-10T20:02:04.996+0800][8812.364s] GC(581)   Pre Evacuate Collection Set: 0.0ms
[2023-04-10T20:02:04.996+0800][8812.364s] GC(581)   Evacuate Collection Set: 1.2ms
[2023-04-10T20:02:04.996+0800][8812.364s] GC(581)   Post Evacuate Collection Set: 0.6ms
[2023-04-10T20:02:04.996+0800][8812.364s] GC(581)   Other: 0.2ms
[2023-04-10T20:02:04.996+0800][8812.364s] GC(581) Eden regions: 297->0(296)
[2023-04-10T20:02:04.996+0800][8812.364s] GC(581) Survivor regions: 10->11(39)
[2023-04-10T20:02:04.996+0800][8812.364s] GC(581) Old regions: 44->44
[2023-04-10T20:02:04.996+0800][8812.364s] GC(581) Humongous regions: 25->13
[2023-04-10T20:02:04.996+0800][8812.364s] GC(581) Metaspace: 60382K(62672K)->60382K(62672K) NonClass: 53477K(54784K)->53477K(54784K) Class: 6905K(7888K)->6905K(7888K)
[2023-04-10T20:02:04.996+0800][8812.364s] GC(581) Pause Young (Normal) (G1 Evacuation Pause) 375M->66M(512M) 2.214ms
[2023-04-10T20:02:04.996+0800][8812.364s] GC(581) User=0.12s Sys=0.00s Real=0.00s
[2023-04-10T20:02:05.436+0800][8812.804s] GC(582) Pause Young (Normal) (G1 Evacuation Pause)
[2023-04-10T20:02:05.436+0800][8812.804s] GC(582) Using 8 workers of 8 for evacuation
[2023-04-10T20:02:05.437+0800][8812.805s] GC(582)   Pre Evacuate Collection Set: 0.0ms
[2023-04-10T20:02:05.437+0800][8812.805s] GC(582)   Evacuate Collection Set: 0.5ms
[2023-04-10T20:02:05.437+0800][8812.805s] GC(582)   Post Evacuate Collection Set: 0.6ms
[2023-04-10T20:02:05.437+0800][8812.805s] GC(582)   Other: 0.2ms
[2023-04-10T20:02:05.437+0800][8812.805s] GC(582) Eden regions: 296->0(304)
[2023-04-10T20:02:05.437+0800][8812.805s] GC(582) Survivor regions: 11->3(39)
[2023-04-10T20:02:05.437+0800][8812.805s] GC(582) Old regions: 44->44
[2023-04-10T20:02:05.437+0800][8812.805s] GC(582) Humongous regions: 13->4
[2023-04-10T20:02:05.437+0800][8812.805s] GC(582) Metaspace: 60383K(62672K)->60383K(62672K) NonClass: 53477K(54784K)->53477K(54784K) Class: 6905K(7888K)->6905K(7888K)
[2023-04-10T20:02:05.437+0800][8812.805s] GC(582) Pause Young (Normal) (G1 Evacuation Pause) 362M->49M(512M) 1.418ms
[2023-04-10T20:02:05.438+0800][8812.805s] GC(582) User=0.00s Sys=0.00s Real=0.00s
[2023-04-10T20:02:05.898+0800][8813.266s] GC(583) Pause Young (Normal) (G1 Evacuation Pause)
[2023-04-10T20:02:05.898+0800][8813.266s] GC(583) Using 8 workers of 8 for evacuation
[2023-04-10T20:02:05.900+0800][8813.268s] GC(583)   Pre Evacuate Collection Set: 0.0ms
[2023-04-10T20:02:05.900+0800][8813.268s] GC(583)   Evacuate Collection Set: 1.0ms
[2023-04-10T20:02:05.900+0800][8813.268s] GC(583)   Post Evacuate Collection Set: 0.6ms
[2023-04-10T20:02:05.900+0800][8813.268s] GC(583)   Other: 0.2ms
[2023-04-10T20:02:05.900+0800][8813.268s] GC(583) Eden regions: 304->0(299)
[2023-04-10T20:02:05.900+0800][8813.268s] GC(583) Survivor regions: 3->8(39)
[2023-04-10T20:02:05.900+0800][8813.268s] GC(583) Old regions: 44->44
[2023-04-10T20:02:05.900+0800][8813.268s] GC(583) Humongous regions: 7->6
[2023-04-10T20:02:05.900+0800][8813.268s] GC(583) Metaspace: 60383K(62672K)->60383K(62672K) NonClass: 53477K(54784K)->53477K(54784K) Class: 6905K(7888K)->6905K(7888K)
[2023-04-10T20:02:05.900+0800][8813.268s] GC(583) Pause Young (Normal) (G1 Evacuation Pause) 356M->56M(512M) 1.913ms
[2023-04-10T20:02:05.900+0800][8813.268s] GC(583) User=0.00s Sys=0.00s Real=0.00s
[2023-04-10T20:02:53.395+0800][8860.763s] GC(584) Pause Young (Normal) (G1 Evacuation Pause)
[2023-04-10T20:02:53.395+0800][8860.763s] GC(584) Using 8 workers of 8 for evacuation
[2023-04-10T20:02:53.396+0800][8860.764s] GC(584)   Pre Evacuate Collection Set: 0.0ms
[2023-04-10T20:02:53.396+0800][8860.764s] GC(584)   Evacuate Collection Set: 0.8ms
[2023-04-10T20:02:53.396+0800][8860.764s] GC(584)   Post Evacuate Collection Set: 0.7ms
[2023-04-10T20:02:53.396+0800][8860.764s] GC(584)   Other: 0.2ms
[2023-04-10T20:02:53.396+0800][8860.764s] GC(584) Eden regions: 299->0(302)
[2023-04-10T20:02:53.396+0800][8860.764s] GC(584) Survivor regions: 8->5(39)
[2023-04-10T20:02:53.396+0800][8860.764s] GC(584) Old regions: 44->44
[2023-04-10T20:02:53.396+0800][8860.765s] GC(584) Humongous regions: 7->5
[2023-04-10T20:02:53.396+0800][8860.765s] GC(584) Metaspace: 60448K(62672K)->60448K(62672K) NonClass: 53543K(54784K)->53543K(54784K) Class: 6905K(7888K)->6905K(7888K)
[2023-04-10T20:02:53.396+0800][8860.765s] GC(584) Pause Young (Normal) (G1 Evacuation Pause) 356M->52M(512M) 1.797ms
[2023-04-10T20:02:53.396+0800][8860.765s] GC(584) User=0.00s Sys=0.00s Real=0.00s
[2023-04-10T20:02:53.857+0800][8861.225s] GC(585) Pause Young (Normal) (G1 Evacuation Pause)
[2023-04-10T20:02:53.857+0800][8861.225s] GC(585) Using 8 workers of 8 for evacuation
[2023-04-10T20:02:53.859+0800][8861.227s] GC(585)   Pre Evacuate Collection Set: 0.0ms
[2023-04-10T20:02:53.859+0800][8861.227s] GC(585)   Evacuate Collection Set: 1.3ms
[2023-04-10T20:02:53.859+0800][8861.227s] GC(585)   Post Evacuate Collection Set: 0.5ms
[2023-04-10T20:02:53.859+0800][8861.228s] GC(585)   Other: 0.2ms
[2023-04-10T20:02:53.859+0800][8861.228s] GC(585) Eden regions: 302->0(297)
[2023-04-10T20:02:53.859+0800][8861.228s] GC(585) Survivor regions: 5->10(39)
[2023-04-10T20:02:53.859+0800][8861.228s] GC(585) Old regions: 44->44
[2023-04-10T20:02:53.859+0800][8861.228s] GC(585) Humongous regions: 8->7
[2023-04-10T20:02:53.859+0800][8861.228s] GC(585) Metaspace: 60448K(62672K)->60448K(62672K) NonClass: 53543K(54784K)->53543K(54784K) Class: 6905K(7888K)->6905K(7888K)
[2023-04-10T20:02:53.859+0800][8861.228s] GC(585) Pause Young (Normal) (G1 Evacuation Pause) 357M->59M(512M) 2.274ms
[2023-04-10T20:02:53.859+0800][8861.228s] GC(585) User=0.00s Sys=0.00s Real=0.00s
[2023-04-10T20:02:54.268+0800][8861.636s] GC(586) Pause Young (Normal) (G1 Evacuation Pause)
[2023-04-10T20:02:54.268+0800][8861.636s] GC(586) Using 8 workers of 8 for evacuation
[2023-04-10T20:02:54.271+0800][8861.638s] GC(586)   Pre Evacuate Collection Set: 0.0ms
[2023-04-10T20:02:54.271+0800][8861.638s] GC(586)   Evacuate Collection Set: 1.7ms
[2023-04-10T20:02:54.271+0800][8861.638s] GC(586)   Post Evacuate Collection Set: 0.7ms
[2023-04-10T20:02:54.271+0800][8861.639s] GC(586)   Other: 0.2ms
[2023-04-10T20:02:54.271+0800][8861.639s] GC(586) Eden regions: 297->0(295)
[2023-04-10T20:02:54.271+0800][8861.639s] GC(586) Survivor regions: 10->12(39)
[2023-04-10T20:02:54.271+0800][8861.639s] GC(586) Old regions: 44->44
[2023-04-10T20:02:54.271+0800][8861.639s] GC(586) Humongous regions: 25->13
[2023-04-10T20:02:54.271+0800][8861.639s] GC(586) Metaspace: 60448K(62672K)->60448K(62672K) NonClass: 53543K(54784K)->53543K(54784K) Class: 6905K(7888K)->6905K(7888K)
[2023-04-10T20:02:54.271+0800][8861.639s] GC(586) Pause Young (Normal) (G1 Evacuation Pause) 374M->67M(512M) 2.717ms
[2023-04-10T20:02:54.271+0800][8861.639s] GC(586) User=0.00s Sys=0.00s Real=0.00s
[2023-04-10T20:02:54.817+0800][8862.185s] GC(587) Pause Young (Normal) (G1 Evacuation Pause)
[2023-04-10T20:02:54.817+0800][8862.185s] GC(587) Using 8 workers of 8 for evacuation
[2023-04-10T20:02:54.818+0800][8862.186s] GC(587)   Pre Evacuate Collection Set: 0.0ms
[2023-04-10T20:02:54.818+0800][8862.186s] GC(587)   Evacuate Collection Set: 0.6ms
[2023-04-10T20:02:54.818+0800][8862.186s] GC(587)   Post Evacuate Collection Set: 0.6ms
[2023-04-10T20:02:54.818+0800][8862.186s] GC(587)   Other: 0.2ms
[2023-04-10T20:02:54.818+0800][8862.186s] GC(587) Eden regions: 295->0(304)
[2023-04-10T20:02:54.818+0800][8862.186s] GC(587) Survivor regions: 12->3(39)
[2023-04-10T20:02:54.818+0800][8862.187s] GC(587) Old regions: 44->44
[2023-04-10T20:02:54.818+0800][8862.187s] GC(587) Humongous regions: 13->4
[2023-04-10T20:02:54.818+0800][8862.187s] GC(587) Metaspace: 60448K(62672K)->60448K(62672K) NonClass: 53543K(54784K)->53543K(54784K) Class: 6905K(7888K)->6905K(7888K)
[2023-04-10T20:02:54.818+0800][8862.187s] GC(587) Pause Young (Normal) (G1 Evacuation Pause) 362M->49M(512M) 1.683ms
[2023-04-10T20:02:54.818+0800][8862.187s] GC(587) User=0.00s Sys=0.00s Real=0.00s
[2023-04-10T20:02:55.242+0800][8862.609s] GC(588) Pause Young (Normal) (G1 Evacuation Pause)
[2023-04-10T20:02:55.242+0800][8862.610s] GC(588) Using 8 workers of 8 for evacuation
[2023-04-10T20:02:55.243+0800][8862.611s] GC(588)   Pre Evacuate Collection Set: 0.0ms
[2023-04-10T20:02:55.243+0800][8862.611s] GC(588)   Evacuate Collection Set: 1.1ms
[2023-04-10T20:02:55.243+0800][8862.611s] GC(588)   Post Evacuate Collection Set: 0.4ms
[2023-04-10T20:02:55.243+0800][8862.611s] GC(588)   Other: 0.2ms
[2023-04-10T20:02:55.243+0800][8862.611s] GC(588) Eden regions: 304->0(298)
[2023-04-10T20:02:55.243+0800][8862.611s] GC(588) Survivor regions: 3->9(39)
[2023-04-10T20:02:55.243+0800][8862.611s] GC(588) Old regions: 44->44
[2023-04-10T20:02:55.243+0800][8862.611s] GC(588) Humongous regions: 7->6
[2023-04-10T20:02:55.243+0800][8862.611s] GC(588) Metaspace: 60448K(62672K)->60448K(62672K) NonClass: 53543K(54784K)->53543K(54784K) Class: 6905K(7888K)->6905K(7888K)
[2023-04-10T20:02:55.244+0800][8862.611s] GC(588) Pause Young (Normal) (G1 Evacuation Pause) 356M->57M(512M) 1.986ms
[2023-04-10T20:02:55.244+0800][8862.611s] GC(588) User=0.00s Sys=0.00s Real=0.00s
[2023-04-10T20:02:55.752+0800][8863.120s] GC(589) Pause Young (Normal) (G1 Evacuation Pause)
[2023-04-10T20:02:55.752+0800][8863.120s] GC(589) Using 8 workers of 8 for evacuation
[2023-04-10T20:02:55.754+0800][8863.122s] GC(589)   Pre Evacuate Collection Set: 0.0ms
[2023-04-10T20:02:55.754+0800][8863.122s] GC(589)   Evacuate Collection Set: 1.3ms
[2023-04-10T20:02:55.754+0800][8863.122s] GC(589)   Post Evacuate Collection Set: 0.5ms
[2023-04-10T20:02:55.754+0800][8863.122s] GC(589)   Other: 0.2ms
[2023-04-10T20:02:55.754+0800][8863.122s] GC(589) Eden regions: 298->0(296)
[2023-04-10T20:02:55.754+0800][8863.122s] GC(589) Survivor regions: 9->11(39)
[2023-04-10T20:02:55.754+0800][8863.122s] GC(589) Old regions: 44->44
[2023-04-10T20:02:55.754+0800][8863.122s] GC(589) Humongous regions: 20->13
[2023-04-10T20:02:55.754+0800][8863.122s] GC(589) Metaspace: 60448K(62672K)->60448K(62672K) NonClass: 53543K(54784K)->53543K(54784K) Class: 6905K(7888K)->6905K(7888K)
[2023-04-10T20:02:55.754+0800][8863.122s] GC(589) Pause Young (Normal) (G1 Evacuation Pause) 369M->66M(512M) 2.208ms
[2023-04-10T20:02:55.754+0800][8863.122s] GC(589) User=0.00s Sys=0.00s Real=0.00s
[2023-04-10T20:02:56.285+0800][8863.653s] GC(590) Pause Young (Normal) (G1 Evacuation Pause)
[2023-04-10T20:02:56.285+0800][8863.653s] GC(590) Using 8 workers of 8 for evacuation
[2023-04-10T20:02:56.287+0800][8863.656s] GC(590)   Pre Evacuate Collection Set: 0.0ms
[2023-04-10T20:02:56.287+0800][8863.656s] GC(590)   Evacuate Collection Set: 1.5ms
[2023-04-10T20:02:56.287+0800][8863.656s] GC(590)   Post Evacuate Collection Set: 0.6ms
[2023-04-10T20:02:56.287+0800][8863.656s] GC(590)   Other: 0.1ms
[2023-04-10T20:02:56.287+0800][8863.656s] GC(590) Eden regions: 296->0(295)
[2023-04-10T20:02:56.287+0800][8863.656s] GC(590) Survivor regions: 11->12(39)
[2023-04-10T20:02:56.288+0800][8863.656s] GC(590) Old regions: 44->44
[2023-04-10T20:02:56.288+0800][8863.656s] GC(590) Humongous regions: 18->13
[2023-04-10T20:02:56.288+0800][8863.656s] GC(590) Metaspace: 60448K(62672K)->60448K(62672K) NonClass: 53543K(54784K)->53543K(54784K) Class: 6905K(7888K)->6905K(7888K)
[2023-04-10T20:02:56.288+0800][8863.656s] GC(590) Pause Young (Normal) (G1 Evacuation Pause) 367M->67M(512M) 2.490ms
[2023-04-10T20:02:56.288+0800][8863.656s] GC(590) User=0.00s Sys=0.00s Real=0.00s
[2023-04-10T20:02:56.740+0800][8864.109s] GC(591) Pause Young (Normal) (G1 Evacuation Pause)
[2023-04-10T20:02:56.740+0800][8864.109s] GC(591) Using 8 workers of 8 for evacuation
[2023-04-10T20:02:56.742+0800][8864.110s] GC(591)   Pre Evacuate Collection Set: 0.0ms
[2023-04-10T20:02:56.742+0800][8864.110s] GC(591)   Evacuate Collection Set: 0.9ms
[2023-04-10T20:02:56.742+0800][8864.110s] GC(591)   Post Evacuate Collection Set: 0.7ms
[2023-04-10T20:02:56.742+0800][8864.110s] GC(591)   Other: 0.2ms
[2023-04-10T20:02:56.742+0800][8864.110s] GC(591) Eden regions: 295->0(300)
[2023-04-10T20:02:56.742+0800][8864.110s] GC(591) Survivor regions: 12->7(39)
[2023-04-10T20:02:56.742+0800][8864.110s] GC(591) Old regions: 44->44
[2023-04-10T20:02:56.742+0800][8864.110s] GC(591) Humongous regions: 14->5
[2023-04-10T20:02:56.742+0800][8864.111s] GC(591) Metaspace: 60448K(62672K)->60448K(62672K) NonClass: 53543K(54784K)->53543K(54784K) Class: 6905K(7888K)->6905K(7888K)
[2023-04-10T20:02:56.742+0800][8864.111s] GC(591) Pause Young (Normal) (G1 Evacuation Pause) 363M->54M(512M) 1.978ms
[2023-04-10T20:02:56.742+0800][8864.111s] GC(591) User=0.00s Sys=0.00s Real=0.00s
[2023-04-10T20:02:57.159+0800][8864.527s] GC(592) Pause Young (Normal) (G1 Evacuation Pause)
[2023-04-10T20:02:57.159+0800][8864.527s] GC(592) Using 8 workers of 8 for evacuation
[2023-04-10T20:02:57.161+0800][8864.529s] GC(592)   Pre Evacuate Collection Set: 0.0ms
[2023-04-10T20:02:57.161+0800][8864.529s] GC(592)   Evacuate Collection Set: 1.4ms
[2023-04-10T20:02:57.161+0800][8864.529s] GC(592)   Post Evacuate Collection Set: 0.5ms
[2023-04-10T20:02:57.161+0800][8864.529s] GC(592)   Other: 0.2ms
[2023-04-10T20:02:57.161+0800][8864.529s] GC(592) Eden regions: 300->0(295)
[2023-04-10T20:02:57.161+0800][8864.529s] GC(592) Survivor regions: 7->12(39)
[2023-04-10T20:02:57.161+0800][8864.529s] GC(592) Old regions: 44->44
[2023-04-10T20:02:57.161+0800][8864.529s] GC(592) Humongous regions: 8->7
[2023-04-10T20:02:57.161+0800][8864.529s] GC(592) Metaspace: 60448K(62672K)->60448K(62672K) NonClass: 53543K(54784K)->53543K(54784K) Class: 6905K(7888K)->6905K(7888K)
[2023-04-10T20:02:57.161+0800][8864.529s] GC(592) Pause Young (Normal) (G1 Evacuation Pause) 357M->62M(512M) 2.452ms
[2023-04-10T20:02:57.161+0800][8864.529s] GC(592) User=0.00s Sys=0.00s Real=0.00s
[2023-04-10T20:02:57.746+0800][8865.114s] GC(593) Pause Young (Normal) (G1 Evacuation Pause)
[2023-04-10T20:02:57.746+0800][8865.114s] GC(593) Using 8 workers of 8 for evacuation
[2023-04-10T20:02:57.749+0800][8865.116s] GC(593)   Pre Evacuate Collection Set: 0.0ms
[2023-04-10T20:02:57.749+0800][8865.116s] GC(593)   Evacuate Collection Set: 1.4ms
[2023-04-10T20:02:57.749+0800][8865.116s] GC(593)   Post Evacuate Collection Set: 0.6ms
[2023-04-10T20:02:57.749+0800][8865.117s] GC(593)   Other: 0.2ms
[2023-04-10T20:02:57.749+0800][8865.117s] GC(593) Eden regions: 295->0(295)
[2023-04-10T20:02:57.749+0800][8865.117s] GC(593) Survivor regions: 12->12(39)
[2023-04-10T20:02:57.749+0800][8865.117s] GC(593) Old regions: 44->44
[2023-04-10T20:02:57.749+0800][8865.117s] GC(593) Humongous regions: 25->13
[2023-04-10T20:02:57.749+0800][8865.117s] GC(593) Metaspace: 60456K(62672K)->60456K(62672K) NonClass: 53550K(54784K)->53550K(54784K) Class: 6905K(7888K)->6905K(7888K)
[2023-04-10T20:02:57.749+0800][8865.117s] GC(593) Pause Young (Normal) (G1 Evacuation Pause) 375M->67M(512M) 2.487ms
[2023-04-10T20:02:57.749+0800][8865.117s] GC(593) User=0.00s Sys=0.00s Real=0.00s
[2023-04-10T20:02:58.217+0800][8865.586s] GC(594) Pause Young (Normal) (G1 Evacuation Pause)
[2023-04-10T20:02:58.217+0800][8865.586s] GC(594) Using 8 workers of 8 for evacuation
[2023-04-10T20:02:58.219+0800][8865.587s] GC(594)   Pre Evacuate Collection Set: 0.0ms
[2023-04-10T20:02:58.219+0800][8865.588s] GC(594)   Evacuate Collection Set: 0.9ms
[2023-04-10T20:02:58.219+0800][8865.588s] GC(594)   Post Evacuate Collection Set: 0.6ms
[2023-04-10T20:02:58.219+0800][8865.588s] GC(594)   Other: 0.3ms
[2023-04-10T20:02:58.219+0800][8865.588s] GC(594) Eden regions: 295->0(302)
[2023-04-10T20:02:58.219+0800][8865.588s] GC(594) Survivor regions: 12->5(39)
[2023-04-10T20:02:58.219+0800][8865.588s] GC(594) Old regions: 44->44
[2023-04-10T20:02:58.219+0800][8865.588s] GC(594) Humongous regions: 14->5
[2023-04-10T20:02:58.219+0800][8865.588s] GC(594) Metaspace: 60456K(62672K)->60456K(62672K) NonClass: 53550K(54784K)->53550K(54784K) Class: 6905K(7888K)->6905K(7888K)
[2023-04-10T20:02:58.219+0800][8865.588s] GC(594) Pause Young (Normal) (G1 Evacuation Pause) 363M->52M(512M) 1.924ms
[2023-04-10T20:02:58.219+0800][8865.588s] GC(594) User=0.00s Sys=0.00s Real=0.00s
[2023-04-10T20:02:58.626+0800][8865.994s] GC(595) Pause Young (Normal) (G1 Evacuation Pause)
[2023-04-10T20:02:58.626+0800][8865.994s] GC(595) Using 8 workers of 8 for evacuation
[2023-04-10T20:02:58.628+0800][8865.996s] GC(595)   Pre Evacuate Collection Set: 0.0ms
[2023-04-10T20:02:58.628+0800][8865.996s] GC(595)   Evacuate Collection Set: 1.2ms
[2023-04-10T20:02:58.628+0800][8865.996s] GC(595)   Post Evacuate Collection Set: 0.6ms
[2023-04-10T20:02:58.628+0800][8865.996s] GC(595)   Other: 0.1ms
[2023-04-10T20:02:58.628+0800][8865.996s] GC(595) Eden regions: 302->0(296)
[2023-04-10T20:02:58.628+0800][8865.996s] GC(595) Survivor regions: 5->11(39)
[2023-04-10T20:02:58.628+0800][8865.996s] GC(595) Old regions: 44->44
[2023-04-10T20:02:58.628+0800][8865.996s] GC(595) Humongous regions: 8->7
[2023-04-10T20:02:58.628+0800][8865.996s] GC(595) Metaspace: 60456K(62672K)->60456K(62672K) NonClass: 53550K(54784K)->53550K(54784K) Class: 6905K(7888K)->6905K(7888K)
[2023-04-10T20:02:58.628+0800][8865.996s] GC(595) Pause Young (Normal) (G1 Evacuation Pause) 357M->60M(512M) 2.210ms
[2023-04-10T20:02:58.628+0800][8865.996s] GC(595) User=0.00s Sys=0.00s Real=0.00s
[2023-04-10T20:02:59.073+0800][8866.441s] GC(596) Pause Young (Normal) (G1 Evacuation Pause)
[2023-04-10T20:02:59.073+0800][8866.441s] GC(596) Using 8 workers of 8 for evacuation
[2023-04-10T20:02:59.075+0800][8866.443s] GC(596)   Pre Evacuate Collection Set: 0.0ms
[2023-04-10T20:02:59.075+0800][8866.443s] GC(596)   Evacuate Collection Set: 1.4ms
[2023-04-10T20:02:59.075+0800][8866.443s] GC(596)   Post Evacuate Collection Set: 0.6ms
[2023-04-10T20:02:59.075+0800][8866.443s] GC(596)   Other: 0.2ms
[2023-04-10T20:02:59.075+0800][8866.443s] GC(596) Eden regions: 296->0(296)
[2023-04-10T20:02:59.075+0800][8866.443s] GC(596) Survivor regions: 11->11(39)
[2023-04-10T20:02:59.075+0800][8866.443s] GC(596) Old regions: 44->44
[2023-04-10T20:02:59.075+0800][8866.443s] GC(596) Humongous regions: 25->13
[2023-04-10T20:02:59.075+0800][8866.443s] GC(596) Metaspace: 60456K(62672K)->60456K(62672K) NonClass: 53551K(54784K)->53551K(54784K) Class: 6905K(7888K)->6905K(7888K)
[2023-04-10T20:02:59.075+0800][8866.443s] GC(596) Pause Young (Normal) (G1 Evacuation Pause) 374M->66M(512M) 2.470ms
[2023-04-10T20:02:59.075+0800][8866.443s] GC(596) User=0.12s Sys=0.00s Real=0.00s
[2023-04-10T20:02:59.612+0800][8866.980s] GC(597) Pause Young (Normal) (G1 Evacuation Pause)
[2023-04-10T20:02:59.612+0800][8866.981s] GC(597) Using 8 workers of 8 for evacuation
[2023-04-10T20:02:59.614+0800][8866.982s] GC(597)   Pre Evacuate Collection Set: 0.0ms
[2023-04-10T20:02:59.614+0800][8866.982s] GC(597)   Evacuate Collection Set: 0.7ms
[2023-04-10T20:02:59.614+0800][8866.982s] GC(597)   Post Evacuate Collection Set: 0.4ms
[2023-04-10T20:02:59.614+0800][8866.982s] GC(597)   Other: 0.2ms
[2023-04-10T20:02:59.614+0800][8866.982s] GC(597) Eden regions: 296->0(303)
[2023-04-10T20:02:59.614+0800][8866.982s] GC(597) Survivor regions: 11->4(39)
[2023-04-10T20:02:59.614+0800][8866.982s] GC(597) Old regions: 44->44
[2023-04-10T20:02:59.614+0800][8866.982s] GC(597) Humongous regions: 13->4
[2023-04-10T20:02:59.614+0800][8866.982s] GC(597) Metaspace: 60456K(62672K)->60456K(62672K) NonClass: 53551K(54784K)->53551K(54784K) Class: 6905K(7888K)->6905K(7888K)
[2023-04-10T20:02:59.614+0800][8866.982s] GC(597) Pause Young (Normal) (G1 Evacuation Pause) 362M->50M(512M) 1.551ms
[2023-04-10T20:02:59.614+0800][8866.982s] GC(597) User=0.00s Sys=0.00s Real=0.00s
[2023-04-10T20:03:00.051+0800][8867.419s] GC(598) Pause Young (Normal) (G1 Evacuation Pause)
[2023-04-10T20:03:00.051+0800][8867.419s] GC(598) Using 8 workers of 8 for evacuation
[2023-04-10T20:03:00.053+0800][8867.421s] GC(598)   Pre Evacuate Collection Set: 0.0ms
[2023-04-10T20:03:00.053+0800][8867.421s] GC(598)   Evacuate Collection Set: 1.1ms
[2023-04-10T20:03:00.053+0800][8867.421s] GC(598)   Post Evacuate Collection Set: 0.6ms
[2023-04-10T20:03:00.053+0800][8867.421s] GC(598)   Other: 0.2ms
[2023-04-10T20:03:00.053+0800][8867.421s] GC(598) Eden regions: 303->0(297)
[2023-04-10T20:03:00.053+0800][8867.421s] GC(598) Survivor regions: 4->10(39)
[2023-04-10T20:03:00.053+0800][8867.421s] GC(598) Old regions: 44->44
[2023-04-10T20:03:00.053+0800][8867.421s] GC(598) Humongous regions: 7->6
[2023-04-10T20:03:00.053+0800][8867.421s] GC(598) Metaspace: 60456K(62672K)->60456K(62672K) NonClass: 53551K(54784K)->53551K(54784K) Class: 6905K(7888K)->6905K(7888K)
[2023-04-10T20:03:00.053+0800][8867.421s] GC(598) Pause Young (Normal) (G1 Evacuation Pause) 356M->58M(512M) 2.004ms
[2023-04-10T20:03:00.053+0800][8867.421s] GC(598) User=0.00s Sys=0.00s Real=0.00s
[2023-04-10T20:03:00.548+0800][8867.916s] GC(599) Pause Young (Normal) (G1 Evacuation Pause)
[2023-04-10T20:03:00.548+0800][8867.916s] GC(599) Using 8 workers of 8 for evacuation
[2023-04-10T20:03:00.550+0800][8867.918s] GC(599)   Pre Evacuate Collection Set: 0.0ms
[2023-04-10T20:03:00.550+0800][8867.918s] GC(599)   Evacuate Collection Set: 1.4ms
[2023-04-10T20:03:00.550+0800][8867.918s] GC(599)   Post Evacuate Collection Set: 0.6ms
[2023-04-10T20:03:00.550+0800][8867.918s] GC(599)   Other: 0.2ms
[2023-04-10T20:03:00.550+0800][8867.918s] GC(599) Eden regions: 297->0(297)
[2023-04-10T20:03:00.550+0800][8867.918s] GC(599) Survivor regions: 10->10(39)
[2023-04-10T20:03:00.550+0800][8867.918s] GC(599) Old regions: 44->45
[2023-04-10T20:03:00.551+0800][8867.918s] GC(599) Humongous regions: 20->13
[2023-04-10T20:03:00.551+0800][8867.918s] GC(599) Metaspace: 60456K(62672K)->60456K(62672K) NonClass: 53551K(54784K)->53551K(54784K) Class: 6905K(7888K)->6905K(7888K)
[2023-04-10T20:03:00.551+0800][8867.918s] GC(599) Pause Young (Normal) (G1 Evacuation Pause) 369M->66M(512M) 2.321ms
[2023-04-10T20:03:00.551+0800][8867.918s] GC(599) User=0.00s Sys=0.00s Real=0.00s
[2023-04-10T20:03:01.128+0800][8868.496s] GC(600) Pause Young (Normal) (G1 Evacuation Pause)
[2023-04-10T20:03:01.128+0800][8868.496s] GC(600) Using 8 workers of 8 for evacuation
[2023-04-10T20:03:01.129+0800][8868.497s] GC(600)   Pre Evacuate Collection Set: 0.0ms
[2023-04-10T20:03:01.129+0800][8868.497s] GC(600)   Evacuate Collection Set: 0.4ms
[2023-04-10T20:03:01.129+0800][8868.497s] GC(600)   Post Evacuate Collection Set: 0.5ms
[2023-04-10T20:03:01.129+0800][8868.497s] GC(600)   Other: 0.2ms
[2023-04-10T20:03:01.129+0800][8868.497s] GC(600) Eden regions: 297->0(306)
[2023-04-10T20:03:01.129+0800][8868.497s] GC(600) Survivor regions: 10->1(39)
[2023-04-10T20:03:01.129+0800][8868.497s] GC(600) Old regions: 45->45
[2023-04-10T20:03:01.129+0800][8868.497s] GC(600) Humongous regions: 18->4
[2023-04-10T20:03:01.129+0800][8868.497s] GC(600) Metaspace: 60456K(62672K)->60456K(62672K) NonClass: 53551K(54784K)->53551K(54784K) Class: 6905K(7888K)->6905K(7888K)
[2023-04-10T20:03:01.129+0800][8868.497s] GC(600) Pause Young (Normal) (G1 Evacuation Pause) 368M->48M(512M) 1.315ms
[2023-04-10T20:03:01.129+0800][8868.498s] GC(600) User=0.00s Sys=0.00s Real=0.00s
[2023-04-10T20:03:01.648+0800][8869.016s] GC(601) Pause Young (Normal) (G1 Evacuation Pause)
[2023-04-10T20:03:01.648+0800][8869.016s] GC(601) Using 8 workers of 8 for evacuation
[2023-04-10T20:03:01.650+0800][8869.018s] GC(601)   Pre Evacuate Collection Set: 0.0ms
[2023-04-10T20:03:01.650+0800][8869.018s] GC(601)   Evacuate Collection Set: 0.8ms
[2023-04-10T20:03:01.650+0800][8869.018s] GC(601)   Post Evacuate Collection Set: 0.4ms
[2023-04-10T20:03:01.650+0800][8869.018s] GC(601)   Other: 0.2ms
[2023-04-10T20:03:01.650+0800][8869.018s] GC(601) Eden regions: 306->0(300)
[2023-04-10T20:03:01.650+0800][8869.018s] GC(601) Survivor regions: 1->7(39)
[2023-04-10T20:03:01.650+0800][8869.018s] GC(601) Old regions: 45->45
[2023-04-10T20:03:01.650+0800][8869.018s] GC(601) Humongous regions: 7->6
[2023-04-10T20:03:01.650+0800][8869.018s] GC(601) Metaspace: 60456K(62672K)->60456K(62672K) NonClass: 53551K(54784K)->53551K(54784K) Class: 6905K(7888K)->6905K(7888K)
[2023-04-10T20:03:01.650+0800][8869.018s] GC(601) Pause Young (Normal) (G1 Evacuation Pause) 357M->56M(512M) 1.648ms
[2023-04-10T20:03:01.650+0800][8869.018s] GC(601) User=0.00s Sys=0.00s Real=0.00s
[2023-04-10T20:03:02.121+0800][8869.489s] GC(602) Pause Young (Normal) (G1 Evacuation Pause)
[2023-04-10T20:03:02.121+0800][8869.489s] GC(602) Using 8 workers of 8 for evacuation
[2023-04-10T20:03:02.123+0800][8869.491s] GC(602)   Pre Evacuate Collection Set: 0.0ms
[2023-04-10T20:03:02.123+0800][8869.491s] GC(602)   Evacuate Collection Set: 1.0ms
[2023-04-10T20:03:02.123+0800][8869.491s] GC(602)   Post Evacuate Collection Set: 0.6ms
[2023-04-10T20:03:02.123+0800][8869.491s] GC(602)   Other: 0.2ms
[2023-04-10T20:03:02.123+0800][8869.491s] GC(602) Eden regions: 300->0(298)
[2023-04-10T20:03:02.123+0800][8869.491s] GC(602) Survivor regions: 7->9(39)
[2023-04-10T20:03:02.123+0800][8869.491s] GC(602) Old regions: 45->45
[2023-04-10T20:03:02.123+0800][8869.491s] GC(602) Humongous regions: 12->12
[2023-04-10T20:03:02.123+0800][8869.491s] GC(602) Metaspace: 60456K(62672K)->60456K(62672K) NonClass: 53551K(54784K)->53551K(54784K) Class: 6905K(7888K)->6905K(7888K)
[2023-04-10T20:03:02.123+0800][8869.491s] GC(602) Pause Young (Normal) (G1 Evacuation Pause) 362M->64M(512M) 2.004ms
[2023-04-10T20:03:02.123+0800][8869.491s] GC(602) User=0.00s Sys=0.00s Real=0.00s
[2023-04-10T20:03:02.701+0800][8870.068s] GC(603) Pause Young (Normal) (G1 Evacuation Pause)
[2023-04-10T20:03:02.701+0800][8870.068s] GC(603) Using 8 workers of 8 for evacuation
[2023-04-10T20:03:02.702+0800][8870.070s] GC(603)   Pre Evacuate Collection Set: 0.0ms
[2023-04-10T20:03:02.703+0800][8870.070s] GC(603)   Evacuate Collection Set: 1.1ms
[2023-04-10T20:03:02.703+0800][8870.070s] GC(603)   Post Evacuate Collection Set: 0.5ms
[2023-04-10T20:03:02.703+0800][8870.070s] GC(603)   Other: 0.2ms
[2023-04-10T20:03:02.703+0800][8870.070s] GC(603) Eden regions: 298->0(296)
[2023-04-10T20:03:02.703+0800][8870.070s] GC(603) Survivor regions: 9->11(39)
[2023-04-10T20:03:02.703+0800][8870.070s] GC(603) Old regions: 45->45
[2023-04-10T20:03:02.703+0800][8870.070s] GC(603) Humongous regions: 25->13
[2023-04-10T20:03:02.703+0800][8870.070s] GC(603) Metaspace: 60456K(62672K)->60456K(62672K) NonClass: 53551K(54784K)->53551K(54784K) Class: 6905K(7888K)->6905K(7888K)
[2023-04-10T20:03:02.703+0800][8870.071s] GC(603) Pause Young (Normal) (G1 Evacuation Pause) 375M->67M(512M) 2.179ms
[2023-04-10T20:03:02.703+0800][8870.071s] GC(603) User=0.00s Sys=0.00s Real=0.00s
[2023-04-10T20:03:03.193+0800][8870.561s] GC(604) Pause Young (Normal) (G1 Evacuation Pause)
[2023-04-10T20:03:03.193+0800][8870.561s] GC(604) Using 8 workers of 8 for evacuation
[2023-04-10T20:03:03.194+0800][8870.562s] GC(604)   Pre Evacuate Collection Set: 0.0ms
[2023-04-10T20:03:03.194+0800][8870.562s] GC(604)   Evacuate Collection Set: 0.6ms
[2023-04-10T20:03:03.194+0800][8870.562s] GC(604)   Post Evacuate Collection Set: 0.6ms
[2023-04-10T20:03:03.195+0800][8870.562s] GC(604)   Other: 0.2ms
[2023-04-10T20:03:03.195+0800][8870.562s] GC(604) Eden regions: 296->0(302)
[2023-04-10T20:03:03.195+0800][8870.562s] GC(604) Survivor regions: 11->5(39)
[2023-04-10T20:03:03.195+0800][8870.562s] GC(604) Old regions: 45->45
[2023-04-10T20:03:03.195+0800][8870.562s] GC(604) Humongous regions: 14->5
[2023-04-10T20:03:03.195+0800][8870.562s] GC(604) Metaspace: 60456K(62672K)->60456K(62672K) NonClass: 53551K(54784K)->53551K(54784K) Class: 6905K(7888K)->6905K(7888K)
[2023-04-10T20:03:03.195+0800][8870.563s] GC(604) Pause Young (Normal) (G1 Evacuation Pause) 364M->53M(512M) 1.634ms
[2023-04-10T20:03:03.195+0800][8870.563s] GC(604) User=0.00s Sys=0.00s Real=0.00s
[2023-04-10T20:03:03.605+0800][8870.973s] GC(605) Pause Young (Normal) (G1 Evacuation Pause)
[2023-04-10T20:03:03.605+0800][8870.973s] GC(605) Using 8 workers of 8 for evacuation
[2023-04-10T20:03:03.607+0800][8870.975s] GC(605)   Pre Evacuate Collection Set: 0.0ms
[2023-04-10T20:03:03.607+0800][8870.975s] GC(605)   Evacuate Collection Set: 1.1ms
[2023-04-10T20:03:03.607+0800][8870.975s] GC(605)   Post Evacuate Collection Set: 0.7ms
[2023-04-10T20:03:03.607+0800][8870.975s] GC(605)   Other: 0.2ms
[2023-04-10T20:03:03.607+0800][8870.975s] GC(605) Eden regions: 302->0(295)
[2023-04-10T20:03:03.607+0800][8870.975s] GC(605) Survivor regions: 5->12(39)
[2023-04-10T20:03:03.607+0800][8870.975s] GC(605) Old regions: 45->45
[2023-04-10T20:03:03.607+0800][8870.975s] GC(605) Humongous regions: 8->7
[2023-04-10T20:03:03.607+0800][8870.975s] GC(605) Metaspace: 60456K(62672K)->60456K(62672K) NonClass: 53551K(54784K)->53551K(54784K) Class: 6905K(7888K)->6905K(7888K)
[2023-04-10T20:03:03.607+0800][8870.975s] GC(605) Pause Young (Normal) (G1 Evacuation Pause) 358M->62M(512M) 2.080ms
[2023-04-10T20:03:03.607+0800][8870.975s] GC(605) User=0.11s Sys=0.00s Real=0.00s
[2023-04-10T20:03:04.158+0800][8871.526s] GC(606) Pause Young (Normal) (G1 Evacuation Pause)
[2023-04-10T20:03:04.158+0800][8871.526s] GC(606) Using 8 workers of 8 for evacuation
[2023-04-10T20:03:04.160+0800][8871.528s] GC(606)   Pre Evacuate Collection Set: 0.0ms
[2023-04-10T20:03:04.160+0800][8871.528s] GC(606)   Evacuate Collection Set: 1.3ms
[2023-04-10T20:03:04.160+0800][8871.528s] GC(606)   Post Evacuate Collection Set: 0.6ms
[2023-04-10T20:03:04.160+0800][8871.528s] GC(606)   Other: 0.2ms
[2023-04-10T20:03:04.160+0800][8871.528s] GC(606) Eden regions: 295->0(296)
[2023-04-10T20:03:04.160+0800][8871.528s] GC(606) Survivor regions: 12->11(39)
[2023-04-10T20:03:04.160+0800][8871.528s] GC(606) Old regions: 45->45
[2023-04-10T20:03:04.160+0800][8871.528s] GC(606) Humongous regions: 25->13
[2023-04-10T20:03:04.160+0800][8871.528s] GC(606) Metaspace: 60475K(62928K)->60475K(62928K) NonClass: 53569K(55040K)->53569K(55040K) Class: 6905K(7888K)->6905K(7888K)
[2023-04-10T20:03:04.160+0800][8871.528s] GC(606) Pause Young (Normal) (G1 Evacuation Pause) 375M->67M(512M) 2.290ms
[2023-04-10T20:03:04.160+0800][8871.528s] GC(606) User=0.00s Sys=0.00s Real=0.00s
[2023-04-10T20:03:04.594+0800][8871.962s] GC(607) Pause Young (Normal) (G1 Evacuation Pause)
[2023-04-10T20:03:04.594+0800][8871.962s] GC(607) Using 8 workers of 8 for evacuation
[2023-04-10T20:03:04.595+0800][8871.963s] GC(607)   Pre Evacuate Collection Set: 0.0ms
[2023-04-10T20:03:04.595+0800][8871.963s] GC(607)   Evacuate Collection Set: 0.5ms
[2023-04-10T20:03:04.595+0800][8871.963s] GC(607)   Post Evacuate Collection Set: 0.7ms
[2023-04-10T20:03:04.595+0800][8871.963s] GC(607)   Other: 0.2ms
[2023-04-10T20:03:04.595+0800][8871.963s] GC(607) Eden regions: 296->0(304)
[2023-04-10T20:03:04.595+0800][8871.963s] GC(607) Survivor regions: 11->3(39)
[2023-04-10T20:03:04.595+0800][8871.963s] GC(607) Old regions: 45->45
[2023-04-10T20:03:04.595+0800][8871.963s] GC(607) Humongous regions: 13->4
[2023-04-10T20:03:04.595+0800][8871.963s] GC(607) Metaspace: 60475K(62928K)->60475K(62928K) NonClass: 53569K(55040K)->53569K(55040K) Class: 6905K(7888K)->6905K(7888K)
[2023-04-10T20:03:04.595+0800][8871.963s] GC(607) Pause Young (Normal) (G1 Evacuation Pause) 363M->51M(512M) 1.483ms
[2023-04-10T20:03:04.595+0800][8871.963s] GC(607) User=0.00s Sys=0.00s Real=0.00s
[2023-04-10T20:03:04.977+0800][8872.345s] GC(608) Pause Young (Normal) (G1 Evacuation Pause)
[2023-04-10T20:03:04.977+0800][8872.345s] GC(608) Using 8 workers of 8 for evacuation
[2023-04-10T20:03:04.979+0800][8872.347s] GC(608)   Pre Evacuate Collection Set: 0.0ms
[2023-04-10T20:03:04.979+0800][8872.347s] GC(608)   Evacuate Collection Set: 1.1ms
[2023-04-10T20:03:04.979+0800][8872.347s] GC(608)   Post Evacuate Collection Set: 0.6ms
[2023-04-10T20:03:04.979+0800][8872.347s] GC(608)   Other: 0.2ms
[2023-04-10T20:03:04.979+0800][8872.347s] GC(608) Eden regions: 304->0(298)
[2023-04-10T20:03:04.979+0800][8872.347s] GC(608) Survivor regions: 3->9(39)
[2023-04-10T20:03:04.979+0800][8872.347s] GC(608) Old regions: 45->45
[2023-04-10T20:03:04.979+0800][8872.347s] GC(608) Humongous regions: 7->6
[2023-04-10T20:03:04.979+0800][8872.347s] GC(608) Metaspace: 60475K(62928K)->60475K(62928K) NonClass: 53569K(55040K)->53569K(55040K) Class: 6905K(7888K)->6905K(7888K)
[2023-04-10T20:03:04.979+0800][8872.347s] GC(608) Pause Young (Normal) (G1 Evacuation Pause) 358M->58M(512M) 2.059ms
[2023-04-10T20:03:04.979+0800][8872.347s] GC(608) User=0.00s Sys=0.00s Real=0.00s
[2023-04-10T20:03:05.421+0800][8872.789s] GC(609) Pause Young (Normal) (G1 Evacuation Pause)
[2023-04-10T20:03:05.421+0800][8872.789s] GC(609) Using 8 workers of 8 for evacuation
[2023-04-10T20:03:05.423+0800][8872.791s] GC(609)   Pre Evacuate Collection Set: 0.0ms
[2023-04-10T20:03:05.423+0800][8872.791s] GC(609)   Evacuate Collection Set: 1.3ms
[2023-04-10T20:03:05.423+0800][8872.791s] GC(609)   Post Evacuate Collection Set: 0.6ms
[2023-04-10T20:03:05.423+0800][8872.791s] GC(609)   Other: 0.2ms
[2023-04-10T20:03:05.423+0800][8872.791s] GC(609) Eden regions: 298->0(296)
[2023-04-10T20:03:05.423+0800][8872.791s] GC(609) Survivor regions: 9->11(39)
[2023-04-10T20:03:05.423+0800][8872.791s] GC(609) Old regions: 45->45
[2023-04-10T20:03:05.423+0800][8872.791s] GC(609) Humongous regions: 20->13
[2023-04-10T20:03:05.423+0800][8872.791s] GC(609) Metaspace: 60475K(62928K)->60475K(62928K) NonClass: 53569K(55040K)->53569K(55040K) Class: 6905K(7888K)->6905K(7888K)
[2023-04-10T20:03:05.423+0800][8872.791s] GC(609) Pause Young (Normal) (G1 Evacuation Pause) 370M->67M(512M) 2.242ms
[2023-04-10T20:03:05.423+0800][8872.791s] GC(609) User=0.00s Sys=0.00s Real=0.00s
[2023-04-10T20:03:05.951+0800][8873.319s] GC(610) Pause Young (Normal) (G1 Evacuation Pause)
[2023-04-10T20:03:05.951+0800][8873.319s] GC(610) Using 8 workers of 8 for evacuation
[2023-04-10T20:03:05.952+0800][8873.320s] GC(610)   Pre Evacuate Collection Set: 0.0ms
[2023-04-10T20:03:05.952+0800][8873.320s] GC(610)   Evacuate Collection Set: 0.4ms
[2023-04-10T20:03:05.952+0800][8873.320s] GC(610)   Post Evacuate Collection Set: 0.6ms
[2023-04-10T20:03:05.952+0800][8873.320s] GC(610)   Other: 0.2ms
[2023-04-10T20:03:05.952+0800][8873.320s] GC(610) Eden regions: 296->0(305)
[2023-04-10T20:03:05.952+0800][8873.320s] GC(610) Survivor regions: 11->2(39)
[2023-04-10T20:03:05.952+0800][8873.320s] GC(610) Old regions: 45->45
[2023-04-10T20:03:05.952+0800][8873.320s] GC(610) Humongous regions: 18->4
[2023-04-10T20:03:05.952+0800][8873.320s] GC(610) Metaspace: 60477K(62928K)->60477K(62928K) NonClass: 53572K(55040K)->53572K(55040K) Class: 6905K(7888K)->6905K(7888K)
[2023-04-10T20:03:05.952+0800][8873.320s] GC(610) Pause Young (Normal) (G1 Evacuation Pause) 368M->49M(512M) 1.342ms
[2023-04-10T20:03:05.952+0800][8873.320s] GC(610) User=0.00s Sys=0.00s Real=0.00s
[2023-04-10T20:03:06.408+0800][8873.776s] GC(611) Pause Young (Normal) (G1 Evacuation Pause)
[2023-04-10T20:03:06.408+0800][8873.777s] GC(611) Using 8 workers of 8 for evacuation
[2023-04-10T20:03:06.410+0800][8873.778s] GC(611)   Pre Evacuate Collection Set: 0.0ms
[2023-04-10T20:03:06.410+0800][8873.778s] GC(611)   Evacuate Collection Set: 0.9ms
[2023-04-10T20:03:06.410+0800][8873.778s] GC(611)   Post Evacuate Collection Set: 0.4ms
[2023-04-10T20:03:06.410+0800][8873.778s] GC(611)   Other: 0.2ms
[2023-04-10T20:03:06.410+0800][8873.778s] GC(611) Eden regions: 305->0(300)
[2023-04-10T20:03:06.410+0800][8873.778s] GC(611) Survivor regions: 2->7(39)
[2023-04-10T20:03:06.410+0800][8873.778s] GC(611) Old regions: 45->45
[2023-04-10T20:03:06.410+0800][8873.778s] GC(611) Humongous regions: 7->6
[2023-04-10T20:03:06.410+0800][8873.778s] GC(611) Metaspace: 60477K(62928K)->60477K(62928K) NonClass: 53572K(55040K)->53572K(55040K) Class: 6905K(7888K)->6905K(7888K)
[2023-04-10T20:03:06.410+0800][8873.779s] GC(611) Pause Young (Normal) (G1 Evacuation Pause) 357M->57M(512M) 2.047ms
[2023-04-10T20:03:06.410+0800][8873.779s] GC(611) User=0.00s Sys=0.00s Real=0.00s
[2023-04-10T20:03:06.821+0800][8874.189s] GC(612) Pause Young (Normal) (G1 Evacuation Pause)
[2023-04-10T20:03:06.821+0800][8874.189s] GC(612) Using 8 workers of 8 for evacuation
[2023-04-10T20:03:06.823+0800][8874.191s] GC(612)   Pre Evacuate Collection Set: 0.0ms
[2023-04-10T20:03:06.823+0800][8874.191s] GC(612)   Evacuate Collection Set: 1.1ms
[2023-04-10T20:03:06.823+0800][8874.191s] GC(612)   Post Evacuate Collection Set: 0.6ms
[2023-04-10T20:03:06.823+0800][8874.191s] GC(612)   Other: 0.2ms
[2023-04-10T20:03:06.823+0800][8874.191s] GC(612) Eden regions: 300->0(297)
[2023-04-10T20:03:06.823+0800][8874.191s] GC(612) Survivor regions: 7->10(39)
[2023-04-10T20:03:06.823+0800][8874.191s] GC(612) Old regions: 45->45
[2023-04-10T20:03:06.823+0800][8874.191s] GC(612) Humongous regions: 12->12
[2023-04-10T20:03:06.823+0800][8874.191s] GC(612) Metaspace: 60477K(62928K)->60477K(62928K) NonClass: 53572K(55040K)->53572K(55040K) Class: 6905K(7888K)->6905K(7888K)
[2023-04-10T20:03:06.823+0800][8874.191s] GC(612) Pause Young (Normal) (G1 Evacuation Pause) 363M->65M(512M) 2.111ms
[2023-04-10T20:03:06.823+0800][8874.191s] GC(612) User=0.00s Sys=0.00s Real=0.00s
[2023-04-10T20:03:07.320+0800][8874.688s] GC(613) Pause Young (Normal) (G1 Evacuation Pause)
[2023-04-10T20:03:07.320+0800][8874.688s] GC(613) Using 8 workers of 8 for evacuation
[2023-04-10T20:03:07.322+0800][8874.690s] GC(613)   Pre Evacuate Collection Set: 0.0ms
[2023-04-10T20:03:07.322+0800][8874.690s] GC(613)   Evacuate Collection Set: 1.3ms
[2023-04-10T20:03:07.322+0800][8874.690s] GC(613)   Post Evacuate Collection Set: 0.7ms
[2023-04-10T20:03:07.322+0800][8874.690s] GC(613)   Other: 0.2ms
[2023-04-10T20:03:07.322+0800][8874.690s] GC(613) Eden regions: 297->0(296)
[2023-04-10T20:03:07.322+0800][8874.690s] GC(613) Survivor regions: 10->11(39)
[2023-04-10T20:03:07.322+0800][8874.690s] GC(613) Old regions: 45->45
[2023-04-10T20:03:07.322+0800][8874.690s] GC(613) Humongous regions: 25->13
[2023-04-10T20:03:07.322+0800][8874.690s] GC(613) Metaspace: 60480K(62928K)->60480K(62928K) NonClass: 53574K(55040K)->53574K(55040K) Class: 6905K(7888K)->6905K(7888K)
[2023-04-10T20:03:07.322+0800][8874.690s] GC(613) Pause Young (Normal) (G1 Evacuation Pause) 375M->67M(512M) 2.299ms
[2023-04-10T20:03:07.322+0800][8874.690s] GC(613) User=0.00s Sys=0.00s Real=0.00s
[2023-04-10T20:03:07.750+0800][8875.118s] GC(614) Pause Young (Normal) (G1 Evacuation Pause)
[2023-04-10T20:03:07.750+0800][8875.118s] GC(614) Using 8 workers of 8 for evacuation
[2023-04-10T20:03:07.751+0800][8875.119s] GC(614)   Pre Evacuate Collection Set: 0.0ms
[2023-04-10T20:03:07.752+0800][8875.119s] GC(614)   Evacuate Collection Set: 0.7ms
[2023-04-10T20:03:07.752+0800][8875.119s] GC(614)   Post Evacuate Collection Set: 0.5ms
[2023-04-10T20:03:07.752+0800][8875.119s] GC(614)   Other: 0.1ms
[2023-04-10T20:03:07.752+0800][8875.119s] GC(614) Eden regions: 296->0(302)
[2023-04-10T20:03:07.752+0800][8875.119s] GC(614) Survivor regions: 11->5(39)
[2023-04-10T20:03:07.752+0800][8875.119s] GC(614) Old regions: 45->45
[2023-04-10T20:03:07.752+0800][8875.119s] GC(614) Humongous regions: 14->5
[2023-04-10T20:03:07.752+0800][8875.119s] GC(614) Metaspace: 60480K(62928K)->60480K(62928K) NonClass: 53574K(55040K)->53574K(55040K) Class: 6905K(7888K)->6905K(7888K)
[2023-04-10T20:03:07.752+0800][8875.119s] GC(614) Pause Young (Normal) (G1 Evacuation Pause) 364M->54M(512M) 1.565ms
[2023-04-10T20:03:07.752+0800][8875.119s] GC(614) User=0.00s Sys=0.00s Real=0.00s
[2023-04-10T20:03:08.146+0800][8875.514s] GC(615) Pause Young (Normal) (G1 Evacuation Pause)
[2023-04-10T20:03:08.146+0800][8875.514s] GC(615) Using 8 workers of 8 for evacuation
[2023-04-10T20:03:08.147+0800][8875.516s] GC(615)   Pre Evacuate Collection Set: 0.0ms
[2023-04-10T20:03:08.147+0800][8875.516s] GC(615)   Evacuate Collection Set: 1.2ms
[2023-04-10T20:03:08.147+0800][8875.516s] GC(615)   Post Evacuate Collection Set: 0.7ms
[2023-04-10T20:03:08.147+0800][8875.516s] GC(615)   Other: 0.2ms
[2023-04-10T20:03:08.147+0800][8875.516s] GC(615) Eden regions: 302->0(296)
[2023-04-10T20:03:08.147+0800][8875.516s] GC(615) Survivor regions: 5->11(39)
[2023-04-10T20:03:08.147+0800][8875.516s] GC(615) Old regions: 45->45
[2023-04-10T20:03:08.147+0800][8875.516s] GC(615) Humongous regions: 8->7
[2023-04-10T20:03:08.147+0800][8875.516s] GC(615) Metaspace: 60480K(62928K)->60480K(62928K) NonClass: 53574K(55040K)->53574K(55040K) Class: 6905K(7888K)->6905K(7888K)
[2023-04-10T20:03:08.147+0800][8875.516s] GC(615) Pause Young (Normal) (G1 Evacuation Pause) 359M->61M(512M) 2.213ms
[2023-04-10T20:03:08.147+0800][8875.516s] GC(615) User=0.00s Sys=0.00s Real=0.00s
[2023-04-10T20:03:08.670+0800][8876.039s] GC(616) Pause Young (Normal) (G1 Evacuation Pause)
[2023-04-10T20:03:08.670+0800][8876.039s] GC(616) Using 8 workers of 8 for evacuation
[2023-04-10T20:03:08.672+0800][8876.041s] GC(616)   Pre Evacuate Collection Set: 0.0ms
[2023-04-10T20:03:08.672+0800][8876.041s] GC(616)   Evacuate Collection Set: 1.2ms
[2023-04-10T20:03:08.672+0800][8876.041s] GC(616)   Post Evacuate Collection Set: 0.7ms
[2023-04-10T20:03:08.672+0800][8876.041s] GC(616)   Other: 0.2ms
[2023-04-10T20:03:08.672+0800][8876.041s] GC(616) Eden regions: 296->0(296)
[2023-04-10T20:03:08.672+0800][8876.041s] GC(616) Survivor regions: 11->11(39)
[2023-04-10T20:03:08.672+0800][8876.041s] GC(616) Old regions: 45->45
[2023-04-10T20:03:08.672+0800][8876.041s] GC(616) Humongous regions: 25->13
[2023-04-10T20:03:08.672+0800][8876.041s] GC(616) Metaspace: 60480K(62928K)->60480K(62928K) NonClass: 53574K(55040K)->53574K(55040K) Class: 6905K(7888K)->6905K(7888K)
[2023-04-10T20:03:08.672+0800][8876.041s] GC(616) Pause Young (Normal) (G1 Evacuation Pause) 375M->67M(512M) 2.199ms
[2023-04-10T20:03:08.672+0800][8876.041s] GC(616) User=0.00s Sys=0.00s Real=0.00s
[2023-04-10T20:03:09.172+0800][8876.540s] GC(617) Pause Young (Normal) (G1 Evacuation Pause)
[2023-04-10T20:03:09.172+0800][8876.540s] GC(617) Using 8 workers of 8 for evacuation
[2023-04-10T20:03:09.173+0800][8876.541s] GC(617)   Pre Evacuate Collection Set: 0.0ms
[2023-04-10T20:03:09.173+0800][8876.541s] GC(617)   Evacuate Collection Set: 0.6ms
[2023-04-10T20:03:09.173+0800][8876.541s] GC(617)   Post Evacuate Collection Set: 0.5ms
[2023-04-10T20:03:09.173+0800][8876.541s] GC(617)   Other: 0.2ms
[2023-04-10T20:03:09.173+0800][8876.541s] GC(617) Eden regions: 296->0(303)
[2023-04-10T20:03:09.173+0800][8876.541s] GC(617) Survivor regions: 11->4(39)
[2023-04-10T20:03:09.173+0800][8876.541s] GC(617) Old regions: 45->45
[2023-04-10T20:03:09.173+0800][8876.541s] GC(617) Humongous regions: 14->5
[2023-04-10T20:03:09.173+0800][8876.541s] GC(617) Metaspace: 60490K(62928K)->60490K(62928K) NonClass: 53584K(55040K)->53584K(55040K) Class: 6905K(7888K)->6905K(7888K)
[2023-04-10T20:03:09.173+0800][8876.541s] GC(617) Pause Young (Normal) (G1 Evacuation Pause) 364M->52M(512M) 1.463ms
[2023-04-10T20:03:09.173+0800][8876.541s] GC(617) User=0.00s Sys=0.00s Real=0.00s
[2023-04-10T20:03:09.605+0800][8876.973s] GC(618) Pause Young (Normal) (G1 Evacuation Pause)
[2023-04-10T20:03:09.605+0800][8876.973s] GC(618) Using 8 workers of 8 for evacuation
[2023-04-10T20:03:09.607+0800][8876.975s] GC(618)   Pre Evacuate Collection Set: 0.0ms
[2023-04-10T20:03:09.607+0800][8876.975s] GC(618)   Evacuate Collection Set: 1.0ms
[2023-04-10T20:03:09.607+0800][8876.975s] GC(618)   Post Evacuate Collection Set: 0.6ms
[2023-04-10T20:03:09.607+0800][8876.975s] GC(618)   Other: 0.2ms
[2023-04-10T20:03:09.607+0800][8876.975s] GC(618) Eden regions: 303->0(298)
[2023-04-10T20:03:09.607+0800][8876.975s] GC(618) Survivor regions: 4->9(39)
[2023-04-10T20:03:09.607+0800][8876.975s] GC(618) Old regions: 45->45
[2023-04-10T20:03:09.607+0800][8876.975s] GC(618) Humongous regions: 7->6
[2023-04-10T20:03:09.607+0800][8876.975s] GC(618) Metaspace: 60490K(62928K)->60490K(62928K) NonClass: 53584K(55040K)->53584K(55040K) Class: 6905K(7888K)->6905K(7888K)
[2023-04-10T20:03:09.607+0800][8876.975s] GC(618) Pause Young (Normal) (G1 Evacuation Pause) 357M->59M(512M) 1.941ms
[2023-04-10T20:03:09.607+0800][8876.975s] GC(618) User=0.00s Sys=0.00s Real=0.00s
[2023-04-10T20:03:10.054+0800][8877.422s] GC(619) Pause Young (Normal) (G1 Evacuation Pause)
[2023-04-10T20:03:10.054+0800][8877.422s] GC(619) Using 8 workers of 8 for evacuation
[2023-04-10T20:03:10.056+0800][8877.424s] GC(619)   Pre Evacuate Collection Set: 0.0ms
[2023-04-10T20:03:10.056+0800][8877.425s] GC(619)   Evacuate Collection Set: 1.2ms
[2023-04-10T20:03:10.056+0800][8877.425s] GC(619)   Post Evacuate Collection Set: 0.7ms
[2023-04-10T20:03:10.056+0800][8877.425s] GC(619)   Other: 0.2ms
[2023-04-10T20:03:10.056+0800][8877.425s] GC(619) Eden regions: 298->0(296)
[2023-04-10T20:03:10.056+0800][8877.425s] GC(619) Survivor regions: 9->11(39)
[2023-04-10T20:03:10.056+0800][8877.425s] GC(619) Old regions: 45->45
[2023-04-10T20:03:10.056+0800][8877.425s] GC(619) Humongous regions: 20->13
[2023-04-10T20:03:10.056+0800][8877.425s] GC(619) Metaspace: 60490K(62928K)->60490K(62928K) NonClass: 53584K(55040K)->53584K(55040K) Class: 6905K(7888K)->6905K(7888K)
[2023-04-10T20:03:10.056+0800][8877.425s] GC(619) Pause Young (Normal) (G1 Evacuation Pause) 371M->67M(512M) 2.285ms
[2023-04-10T20:03:10.056+0800][8877.425s] GC(619) User=0.00s Sys=0.00s Real=0.00s
[2023-04-10T20:03:10.606+0800][8877.974s] GC(620) Pause Young (Normal) (G1 Evacuation Pause)
[2023-04-10T20:03:10.606+0800][8877.974s] GC(620) Using 8 workers of 8 for evacuation
[2023-04-10T20:03:10.607+0800][8877.975s] GC(620)   Pre Evacuate Collection Set: 0.0ms
[2023-04-10T20:03:10.607+0800][8877.975s] GC(620)   Evacuate Collection Set: 0.4ms
[2023-04-10T20:03:10.607+0800][8877.975s] GC(620)   Post Evacuate Collection Set: 0.7ms
[2023-04-10T20:03:10.607+0800][8877.975s] GC(620)   Other: 0.1ms
[2023-04-10T20:03:10.607+0800][8877.975s] GC(620) Eden regions: 296->0(305)
[2023-04-10T20:03:10.607+0800][8877.975s] GC(620) Survivor regions: 11->2(39)
[2023-04-10T20:03:10.607+0800][8877.975s] GC(620) Old regions: 45->45
[2023-04-10T20:03:10.607+0800][8877.975s] GC(620) Humongous regions: 18->4
[2023-04-10T20:03:10.607+0800][8877.975s] GC(620) Metaspace: 60491K(62928K)->60491K(62928K) NonClass: 53585K(55040K)->53585K(55040K) Class: 6905K(7888K)->6905K(7888K)
[2023-04-10T20:03:10.607+0800][8877.975s] GC(620) Pause Young (Normal) (G1 Evacuation Pause) 368M->50M(512M) 1.359ms
[2023-04-10T20:03:10.607+0800][8877.975s] GC(620) User=0.00s Sys=0.00s Real=0.00s
[2023-04-10T20:03:11.032+0800][8878.400s] GC(621) Pause Young (Normal) (G1 Evacuation Pause)
[2023-04-10T20:03:11.032+0800][8878.400s] GC(621) Using 8 workers of 8 for evacuation
[2023-04-10T20:03:11.034+0800][8878.402s] GC(621)   Pre Evacuate Collection Set: 0.0ms
[2023-04-10T20:03:11.034+0800][8878.402s] GC(621)   Evacuate Collection Set: 1.0ms
[2023-04-10T20:03:11.034+0800][8878.402s] GC(621)   Post Evacuate Collection Set: 0.6ms
[2023-04-10T20:03:11.034+0800][8878.402s] GC(621)   Other: 0.2ms
[2023-04-10T20:03:11.034+0800][8878.402s] GC(621) Eden regions: 305->0(299)
[2023-04-10T20:03:11.034+0800][8878.402s] GC(621) Survivor regions: 2->8(39)
[2023-04-10T20:03:11.034+0800][8878.402s] GC(621) Old regions: 45->45
[2023-04-10T20:03:11.034+0800][8878.402s] GC(621) Humongous regions: 7->6
[2023-04-10T20:03:11.034+0800][8878.402s] GC(621) Metaspace: 60491K(62928K)->60491K(62928K) NonClass: 53585K(55040K)->53585K(55040K) Class: 6905K(7888K)->6905K(7888K)
[2023-04-10T20:03:11.034+0800][8878.402s] GC(621) Pause Young (Normal) (G1 Evacuation Pause) 358M->57M(512M) 2.068ms
[2023-04-10T20:03:11.034+0800][8878.402s] GC(621) User=0.00s Sys=0.00s Real=0.00s
[2023-04-10T20:03:11.535+0800][8878.902s] GC(622) Pause Young (Normal) (G1 Evacuation Pause)
[2023-04-10T20:03:11.535+0800][8878.902s] GC(622) Using 8 workers of 8 for evacuation
[2023-04-10T20:03:11.536+0800][8878.904s] GC(622)   Pre Evacuate Collection Set: 0.0ms
[2023-04-10T20:03:11.536+0800][8878.904s] GC(622)   Evacuate Collection Set: 1.1ms
[2023-04-10T20:03:11.536+0800][8878.904s] GC(622)   Post Evacuate Collection Set: 0.4ms
[2023-04-10T20:03:11.536+0800][8878.904s] GC(622)   Other: 0.2ms
[2023-04-10T20:03:11.536+0800][8878.904s] GC(622) Eden regions: 299->0(297)
[2023-04-10T20:03:11.536+0800][8878.904s] GC(622) Survivor regions: 8->10(39)
[2023-04-10T20:03:11.536+0800][8878.904s] GC(622) Old regions: 45->45
[2023-04-10T20:03:11.537+0800][8878.904s] GC(622) Humongous regions: 20->13
[2023-04-10T20:03:11.537+0800][8878.904s] GC(622) Metaspace: 60491K(62928K)->60491K(62928K) NonClass: 53585K(55040K)->53585K(55040K) Class: 6905K(7888K)->6905K(7888K)
[2023-04-10T20:03:11.537+0800][8878.904s] GC(622) Pause Young (Normal) (G1 Evacuation Pause) 370M->66M(512M) 1.995ms
[2023-04-10T20:03:11.537+0800][8878.904s] GC(622) User=0.00s Sys=0.00s Real=0.00s
[2023-04-10T20:03:12.119+0800][8879.487s] GC(623) Pause Young (Normal) (G1 Evacuation Pause)
[2023-04-10T20:03:12.119+0800][8879.487s] GC(623) Using 8 workers of 8 for evacuation
[2023-04-10T20:03:12.121+0800][8879.489s] GC(623)   Pre Evacuate Collection Set: 0.0ms
[2023-04-10T20:03:12.121+0800][8879.489s] GC(623)   Evacuate Collection Set: 1.2ms
[2023-04-10T20:03:12.121+0800][8879.489s] GC(623)   Post Evacuate Collection Set: 0.5ms
[2023-04-10T20:03:12.121+0800][8879.489s] GC(623)   Other: 0.2ms
[2023-04-10T20:03:12.121+0800][8879.489s] GC(623) Eden regions: 297->0(296)
[2023-04-10T20:03:12.121+0800][8879.489s] GC(623) Survivor regions: 10->11(39)
[2023-04-10T20:03:12.121+0800][8879.489s] GC(623) Old regions: 45->45
[2023-04-10T20:03:12.121+0800][8879.489s] GC(623) Humongous regions: 18->13
[2023-04-10T20:03:12.121+0800][8879.489s] GC(623) Metaspace: 60491K(62928K)->60491K(62928K) NonClass: 53585K(55040K)->53585K(55040K) Class: 6905K(7888K)->6905K(7888K)
[2023-04-10T20:03:12.121+0800][8879.489s] GC(623) Pause Young (Normal) (G1 Evacuation Pause) 368M->67M(512M) 2.349ms
[2023-04-10T20:03:12.121+0800][8879.489s] GC(623) User=0.02s Sys=0.00s Real=0.00s
[2023-04-10T20:03:12.434+0800][8879.802s] GC(624) Pause Young (Normal) (G1 Evacuation Pause)
[2023-04-10T20:03:12.434+0800][8879.802s] GC(624) Using 8 workers of 8 for evacuation
[2023-04-10T20:03:12.436+0800][8879.804s] GC(624)   Pre Evacuate Collection Set: 0.0ms
[2023-04-10T20:03:12.436+0800][8879.804s] GC(624)   Evacuate Collection Set: 0.7ms
[2023-04-10T20:03:12.436+0800][8879.804s] GC(624)   Post Evacuate Collection Set: 0.6ms
[2023-04-10T20:03:12.436+0800][8879.804s] GC(624)   Other: 0.2ms
[2023-04-10T20:03:12.436+0800][8879.804s] GC(624) Eden regions: 296->0(302)
[2023-04-10T20:03:12.436+0800][8879.804s] GC(624) Survivor regions: 11->5(39)
[2023-04-10T20:03:12.436+0800][8879.804s] GC(624) Old regions: 45->45
[2023-04-10T20:03:12.436+0800][8879.804s] GC(624) Humongous regions: 13->4
[2023-04-10T20:03:12.436+0800][8879.804s] GC(624) Metaspace: 60492K(62928K)->60492K(62928K) NonClass: 53586K(55040K)->53586K(55040K) Class: 6905K(7888K)->6905K(7888K)
[2023-04-10T20:03:12.436+0800][8879.804s] GC(624) Pause Young (Normal) (G1 Evacuation Pause) 363M->52M(512M) 1.635ms
[2023-04-10T20:03:12.436+0800][8879.804s] GC(624) User=0.00s Sys=0.00s Real=0.00s
[2023-04-10T20:03:12.625+0800][8879.993s] GC(625) Pause Young (Normal) (G1 Evacuation Pause)
[2023-04-10T20:03:12.625+0800][8879.993s] GC(625) Using 8 workers of 8 for evacuation
[2023-04-10T20:03:12.626+0800][8879.995s] GC(625)   Pre Evacuate Collection Set: 0.0ms
[2023-04-10T20:03:12.626+0800][8879.995s] GC(625)   Evacuate Collection Set: 0.9ms
[2023-04-10T20:03:12.626+0800][8879.995s] GC(625)   Post Evacuate Collection Set: 0.5ms
[2023-04-10T20:03:12.626+0800][8879.995s] GC(625)   Other: 0.2ms
[2023-04-10T20:03:12.626+0800][8879.995s] GC(625) Eden regions: 302->0(300)
[2023-04-10T20:03:12.626+0800][8879.995s] GC(625) Survivor regions: 5->7(39)
[2023-04-10T20:03:12.626+0800][8879.995s] GC(625) Old regions: 45->45
[2023-04-10T20:03:12.626+0800][8879.995s] GC(625) Humongous regions: 5->5
[2023-04-10T20:03:12.626+0800][8879.995s] GC(625) Metaspace: 60492K(62928K)->60492K(62928K) NonClass: 53586K(55040K)->53586K(55040K) Class: 6905K(7888K)->6905K(7888K)
[2023-04-10T20:03:12.626+0800][8879.995s] GC(625) Pause Young (Normal) (G1 Evacuation Pause) 355M->55M(512M) 1.805ms
[2023-04-10T20:03:12.627+0800][8879.995s] GC(625) User=0.00s Sys=0.00s Real=0.00s
[2023-04-10T20:03:12.847+0800][8880.215s] GC(626) Pause Young (Normal) (G1 Evacuation Pause)
[2023-04-10T20:03:12.847+0800][8880.215s] GC(626) Using 8 workers of 8 for evacuation
[2023-04-10T20:03:12.849+0800][8880.217s] GC(626)   Pre Evacuate Collection Set: 0.0ms
[2023-04-10T20:03:12.849+0800][8880.217s] GC(626)   Evacuate Collection Set: 1.1ms
[2023-04-10T20:03:12.849+0800][8880.217s] GC(626)   Post Evacuate Collection Set: 0.5ms
[2023-04-10T20:03:12.849+0800][8880.217s] GC(626)   Other: 0.2ms
[2023-04-10T20:03:12.849+0800][8880.217s] GC(626) Eden regions: 300->0(297)
[2023-04-10T20:03:12.849+0800][8880.217s] GC(626) Survivor regions: 7->10(39)
[2023-04-10T20:03:12.849+0800][8880.217s] GC(626) Old regions: 45->45
[2023-04-10T20:03:12.849+0800][8880.217s] GC(626) Humongous regions: 7->6
[2023-04-10T20:03:12.849+0800][8880.217s] GC(626) Metaspace: 60492K(62928K)->60492K(62928K) NonClass: 53586K(55040K)->53586K(55040K) Class: 6905K(7888K)->6905K(7888K)
[2023-04-10T20:03:12.849+0800][8880.217s] GC(626) Pause Young (Normal) (G1 Evacuation Pause) 357M->59M(512M) 1.988ms
[2023-04-10T20:03:12.849+0800][8880.217s] GC(626) User=0.00s Sys=0.00s Real=0.00s
[2023-04-10T20:03:13.089+0800][8880.457s] GC(627) Pause Young (Normal) (G1 Evacuation Pause)
[2023-04-10T20:03:13.089+0800][8880.457s] GC(627) Using 8 workers of 8 for evacuation
[2023-04-10T20:03:13.091+0800][8880.459s] GC(627)   Pre Evacuate Collection Set: 0.0ms
[2023-04-10T20:03:13.091+0800][8880.459s] GC(627)   Evacuate Collection Set: 1.3ms
[2023-04-10T20:03:13.091+0800][8880.459s] GC(627)   Post Evacuate Collection Set: 0.5ms
[2023-04-10T20:03:13.091+0800][8880.459s] GC(627)   Other: 0.1ms
[2023-04-10T20:03:13.091+0800][8880.459s] GC(627) Eden regions: 297->0(295)
[2023-04-10T20:03:13.091+0800][8880.459s] GC(627) Survivor regions: 10->12(39)
[2023-04-10T20:03:13.091+0800][8880.459s] GC(627) Old regions: 45->45
[2023-04-10T20:03:13.091+0800][8880.459s] GC(627) Humongous regions: 7->7
[2023-04-10T20:03:13.091+0800][8880.459s] GC(627) Metaspace: 60492K(62928K)->60492K(62928K) NonClass: 53586K(55040K)->53586K(55040K) Class: 6905K(7888K)->6905K(7888K)
[2023-04-10T20:03:13.091+0800][8880.459s] GC(627) Pause Young (Normal) (G1 Evacuation Pause) 357M->63M(512M) 2.154ms
[2023-04-10T20:03:13.091+0800][8880.459s] GC(627) User=0.11s Sys=0.00s Real=0.00s
[2023-04-10T20:03:13.355+0800][8880.723s] GC(628) Pause Young (Normal) (G1 Evacuation Pause)
[2023-04-10T20:03:13.355+0800][8880.723s] GC(628) Using 8 workers of 8 for evacuation
[2023-04-10T20:03:13.357+0800][8880.726s] GC(628)   Pre Evacuate Collection Set: 0.0ms
[2023-04-10T20:03:13.357+0800][8880.726s] GC(628)   Evacuate Collection Set: 1.5ms
[2023-04-10T20:03:13.357+0800][8880.726s] GC(628)   Post Evacuate Collection Set: 0.7ms
[2023-04-10T20:03:13.357+0800][8880.726s] GC(628)   Other: 0.3ms
[2023-04-10T20:03:13.357+0800][8880.726s] GC(628) Eden regions: 295->0(295)
[2023-04-10T20:03:13.357+0800][8880.726s] GC(628) Survivor regions: 12->12(39)
[2023-04-10T20:03:13.357+0800][8880.726s] GC(628) Old regions: 45->45
[2023-04-10T20:03:13.357+0800][8880.726s] GC(628) Humongous regions: 20->13
[2023-04-10T20:03:13.357+0800][8880.726s] GC(628) Metaspace: 60492K(62928K)->60492K(62928K) NonClass: 53586K(55040K)->53586K(55040K) Class: 6905K(7888K)->6905K(7888K)
[2023-04-10T20:03:13.357+0800][8880.726s] GC(628) Pause Young (Normal) (G1 Evacuation Pause) 371M->68M(512M) 2.711ms
[2023-04-10T20:03:13.357+0800][8880.726s] GC(628) User=0.00s Sys=0.00s Real=0.00s
[2023-04-10T20:03:13.694+0800][8881.062s] GC(629) Pause Young (Normal) (G1 Evacuation Pause)
[2023-04-10T20:03:13.694+0800][8881.062s] GC(629) Using 8 workers of 8 for evacuation
[2023-04-10T20:03:13.695+0800][8881.064s] GC(629)   Pre Evacuate Collection Set: 0.0ms
[2023-04-10T20:03:13.696+0800][8881.064s] GC(629)   Evacuate Collection Set: 1.3ms
[2023-04-10T20:03:13.696+0800][8881.064s] GC(629)   Post Evacuate Collection Set: 0.5ms
[2023-04-10T20:03:13.696+0800][8881.064s] GC(629)   Other: 0.2ms
[2023-04-10T20:03:13.696+0800][8881.064s] GC(629) Eden regions: 295->0(295)
[2023-04-10T20:03:13.696+0800][8881.064s] GC(629) Survivor regions: 12->12(39)
[2023-04-10T20:03:13.696+0800][8881.064s] GC(629) Old regions: 45->45
[2023-04-10T20:03:13.696+0800][8881.064s] GC(629) Humongous regions: 18->13
[2023-04-10T20:03:13.696+0800][8881.064s] GC(629) Metaspace: 60492K(62928K)->60492K(62928K) NonClass: 53586K(55040K)->53586K(55040K) Class: 6905K(7888K)->6905K(7888K)
[2023-04-10T20:03:13.696+0800][8881.064s] GC(629) Pause Young (Normal) (G1 Evacuation Pause) 368M->68M(512M) 2.245ms
[2023-04-10T20:03:13.696+0800][8881.064s] GC(629) User=0.00s Sys=0.00s Real=0.00s
[2023-04-10T20:03:14.021+0800][8881.389s] GC(630) Pause Young (Normal) (G1 Evacuation Pause)
[2023-04-10T20:03:14.021+0800][8881.389s] GC(630) Using 8 workers of 8 for evacuation
[2023-04-10T20:03:14.022+0800][8881.390s] GC(630)   Pre Evacuate Collection Set: 0.0ms
[2023-04-10T20:03:14.022+0800][8881.390s] GC(630)   Evacuate Collection Set: 0.5ms
[2023-04-10T20:03:14.022+0800][8881.390s] GC(630)   Post Evacuate Collection Set: 0.5ms
[2023-04-10T20:03:14.022+0800][8881.390s] GC(630)   Other: 0.2ms
[2023-04-10T20:03:14.022+0800][8881.390s] GC(630) Eden regions: 295->0(305)
[2023-04-10T20:03:14.022+0800][8881.390s] GC(630) Survivor regions: 12->2(39)
[2023-04-10T20:03:14.022+0800][8881.390s] GC(630) Old regions: 45->45
[2023-04-10T20:03:14.022+0800][8881.390s] GC(630) Humongous regions: 13->4
[2023-04-10T20:03:14.022+0800][8881.390s] GC(630) Metaspace: 60492K(62928K)->60492K(62928K) NonClass: 53586K(55040K)->53586K(55040K) Class: 6905K(7888K)->6905K(7888K)
[2023-04-10T20:03:14.022+0800][8881.390s] GC(630) Pause Young (Normal) (G1 Evacuation Pause) 363M->50M(512M) 1.628ms
[2023-04-10T20:03:14.022+0800][8881.390s] GC(630) User=0.00s Sys=0.00s Real=0.00s
[2023-04-10T20:03:14.258+0800][8881.626s] GC(631) Pause Young (Normal) (G1 Evacuation Pause)
[2023-04-10T20:03:14.258+0800][8881.626s] GC(631) Using 8 workers of 8 for evacuation
[2023-04-10T20:03:14.259+0800][8881.627s] GC(631)   Pre Evacuate Collection Set: 0.0ms
[2023-04-10T20:03:14.259+0800][8881.627s] GC(631)   Evacuate Collection Set: 0.8ms
[2023-04-10T20:03:14.259+0800][8881.627s] GC(631)   Post Evacuate Collection Set: 0.7ms
[2023-04-10T20:03:14.260+0800][8881.627s] GC(631)   Other: 0.2ms
[2023-04-10T20:03:14.260+0800][8881.627s] GC(631) Eden regions: 305->0(301)
[2023-04-10T20:03:14.260+0800][8881.627s] GC(631) Survivor regions: 2->6(39)
[2023-04-10T20:03:14.260+0800][8881.627s] GC(631) Old regions: 45->45
[2023-04-10T20:03:14.260+0800][8881.628s] GC(631) Humongous regions: 5->5
[2023-04-10T20:03:14.260+0800][8881.628s] GC(631) Metaspace: 60492K(62928K)->60492K(62928K) NonClass: 53586K(55040K)->53586K(55040K) Class: 6905K(7888K)->6905K(7888K)
[2023-04-10T20:03:14.260+0800][8881.628s] GC(631) Pause Young (Normal) (G1 Evacuation Pause) 356M->54M(512M) 1.943ms
[2023-04-10T20:03:14.260+0800][8881.628s] GC(631) User=0.00s Sys=0.00s Real=0.00s
[2023-04-10T20:03:14.524+0800][8881.892s] GC(632) Pause Young (Normal) (G1 Evacuation Pause)
[2023-04-10T20:03:14.524+0800][8881.892s] GC(632) Using 8 workers of 8 for evacuation
[2023-04-10T20:03:14.526+0800][8881.894s] GC(632)   Pre Evacuate Collection Set: 0.0ms
[2023-04-10T20:03:14.526+0800][8881.894s] GC(632)   Evacuate Collection Set: 1.1ms
[2023-04-10T20:03:14.526+0800][8881.894s] GC(632)   Post Evacuate Collection Set: 0.6ms
[2023-04-10T20:03:14.526+0800][8881.894s] GC(632)   Other: 0.2ms
[2023-04-10T20:03:14.526+0800][8881.894s] GC(632) Eden regions: 301->0(297)
[2023-04-10T20:03:14.526+0800][8881.894s] GC(632) Survivor regions: 6->10(39)
[2023-04-10T20:03:14.526+0800][8881.894s] GC(632) Old regions: 45->45
[2023-04-10T20:03:14.526+0800][8881.894s] GC(632) Humongous regions: 7->6
[2023-04-10T20:03:14.526+0800][8881.894s] GC(632) Metaspace: 60492K(62928K)->60492K(62928K) NonClass: 53586K(55040K)->53586K(55040K) Class: 6905K(7888K)->6905K(7888K)
[2023-04-10T20:03:14.526+0800][8881.894s] GC(632) Pause Young (Normal) (G1 Evacuation Pause) 357M->59M(512M) 2.093ms
[2023-04-10T20:03:14.526+0800][8881.894s] GC(632) User=0.00s Sys=0.00s Real=0.00s
[2023-04-10T20:03:14.771+0800][8882.139s] GC(633) Pause Young (Normal) (G1 Evacuation Pause)
[2023-04-10T20:03:14.771+0800][8882.139s] GC(633) Using 8 workers of 8 for evacuation
[2023-04-10T20:03:14.773+0800][8882.141s] GC(633)   Pre Evacuate Collection Set: 0.0ms
[2023-04-10T20:03:14.773+0800][8882.141s] GC(633)   Evacuate Collection Set: 1.3ms
[2023-04-10T20:03:14.773+0800][8882.141s] GC(633)   Post Evacuate Collection Set: 0.7ms
[2023-04-10T20:03:14.773+0800][8882.141s] GC(633)   Other: 0.2ms
[2023-04-10T20:03:14.773+0800][8882.141s] GC(633) Eden regions: 297->0(294)
[2023-04-10T20:03:14.773+0800][8882.141s] GC(633) Survivor regions: 10->13(39)
[2023-04-10T20:03:14.773+0800][8882.141s] GC(633) Old regions: 45->45
[2023-04-10T20:03:14.773+0800][8882.141s] GC(633) Humongous regions: 7->7
[2023-04-10T20:03:14.773+0800][8882.141s] GC(633) Metaspace: 60492K(62928K)->60492K(62928K) NonClass: 53586K(55040K)->53586K(55040K) Class: 6905K(7888K)->6905K(7888K)
[2023-04-10T20:03:14.773+0800][8882.141s] GC(633) Pause Young (Normal) (G1 Evacuation Pause) 357M->63M(512M) 2.305ms
[2023-04-10T20:03:14.773+0800][8882.141s] GC(633) User=0.00s Sys=0.00s Real=0.00s
[2023-04-10T20:03:15.023+0800][8882.391s] GC(634) Pause Young (Normal) (G1 Evacuation Pause)
[2023-04-10T20:03:15.023+0800][8882.391s] GC(634) Using 8 workers of 8 for evacuation
[2023-04-10T20:03:15.025+0800][8882.393s] GC(634)   Pre Evacuate Collection Set: 0.0ms
[2023-04-10T20:03:15.025+0800][8882.393s] GC(634)   Evacuate Collection Set: 1.3ms
[2023-04-10T20:03:15.025+0800][8882.393s] GC(634)   Post Evacuate Collection Set: 0.6ms
[2023-04-10T20:03:15.025+0800][8882.393s] GC(634)   Other: 0.2ms
[2023-04-10T20:03:15.025+0800][8882.393s] GC(634) Eden regions: 294->0(295)
[2023-04-10T20:03:15.025+0800][8882.393s] GC(634) Survivor regions: 13->12(39)
[2023-04-10T20:03:15.025+0800][8882.393s] GC(634) Old regions: 45->45
[2023-04-10T20:03:15.025+0800][8882.393s] GC(634) Humongous regions: 20->13
[2023-04-10T20:03:15.025+0800][8882.393s] GC(634) Metaspace: 60492K(62928K)->60492K(62928K) NonClass: 53586K(55040K)->53586K(55040K) Class: 6905K(7888K)->6905K(7888K)
[2023-04-10T20:03:15.025+0800][8882.393s] GC(634) Pause Young (Normal) (G1 Evacuation Pause) 370M->69M(512M) 2.247ms
[2023-04-10T20:03:15.025+0800][8882.393s] GC(634) User=0.00s Sys=0.00s Real=0.00s
[2023-04-10T20:03:15.502+0800][8882.870s] GC(635) Pause Young (Normal) (G1 Evacuation Pause)
[2023-04-10T20:03:15.502+0800][8882.870s] GC(635) Using 8 workers of 8 for evacuation
[2023-04-10T20:03:15.504+0800][8882.872s] GC(635)   Pre Evacuate Collection Set: 0.0ms
[2023-04-10T20:03:15.504+0800][8882.872s] GC(635)   Evacuate Collection Set: 1.4ms
[2023-04-10T20:03:15.504+0800][8882.872s] GC(635)   Post Evacuate Collection Set: 0.4ms
[2023-04-10T20:03:15.504+0800][8882.872s] GC(635)   Other: 0.2ms
[2023-04-10T20:03:15.504+0800][8882.872s] GC(635) Eden regions: 295->0(296)
[2023-04-10T20:03:15.504+0800][8882.872s] GC(635) Survivor regions: 12->11(39)
[2023-04-10T20:03:15.504+0800][8882.872s] GC(635) Old regions: 45->45
[2023-04-10T20:03:15.504+0800][8882.872s] GC(635) Humongous regions: 18->13
[2023-04-10T20:03:15.504+0800][8882.872s] GC(635) Metaspace: 60492K(62928K)->60492K(62928K) NonClass: 53586K(55040K)->53586K(55040K) Class: 6905K(7888K)->6905K(7888K)
[2023-04-10T20:03:15.504+0800][8882.872s] GC(635) Pause Young (Normal) (G1 Evacuation Pause) 369M->68M(512M) 2.189ms
[2023-04-10T20:03:15.504+0800][8882.872s] GC(635) User=0.00s Sys=0.00s Real=0.00s
[2023-04-10T20:03:15.943+0800][8883.310s] GC(636) Pause Young (Normal) (G1 Evacuation Pause)
[2023-04-10T20:03:15.943+0800][8883.310s] GC(636) Using 8 workers of 8 for evacuation
[2023-04-10T20:03:15.944+0800][8883.312s] GC(636)   Pre Evacuate Collection Set: 0.0ms
[2023-04-10T20:03:15.944+0800][8883.312s] GC(636)   Evacuate Collection Set: 0.7ms
[2023-04-10T20:03:15.944+0800][8883.312s] GC(636)   Post Evacuate Collection Set: 0.7ms
[2023-04-10T20:03:15.944+0800][8883.312s] GC(636)   Other: 0.2ms
[2023-04-10T20:03:15.944+0800][8883.312s] GC(636) Eden regions: 296->0(301)
[2023-04-10T20:03:15.944+0800][8883.312s] GC(636) Survivor regions: 11->6(39)
[2023-04-10T20:03:15.944+0800][8883.312s] GC(636) Old regions: 45->45
[2023-04-10T20:03:15.944+0800][8883.312s] GC(636) Humongous regions: 14->5
[2023-04-10T20:03:15.944+0800][8883.312s] GC(636) Metaspace: 60492K(62928K)->60492K(62928K) NonClass: 53586K(55040K)->53586K(55040K) Class: 6905K(7888K)->6905K(7888K)
[2023-04-10T20:03:15.944+0800][8883.312s] GC(636) Pause Young (Normal) (G1 Evacuation Pause) 365M->54M(512M) 1.693ms
[2023-04-10T20:03:15.944+0800][8883.312s] GC(636) User=0.00s Sys=0.00s Real=0.00s
[2023-04-10T20:03:16.325+0800][8883.693s] GC(637) Pause Young (Normal) (G1 Evacuation Pause)
[2023-04-10T20:03:16.325+0800][8883.693s] GC(637) Using 8 workers of 8 for evacuation
[2023-04-10T20:03:16.327+0800][8883.695s] GC(637)   Pre Evacuate Collection Set: 0.0ms
[2023-04-10T20:03:16.327+0800][8883.695s] GC(637)   Evacuate Collection Set: 1.2ms
[2023-04-10T20:03:16.327+0800][8883.695s] GC(637)   Post Evacuate Collection Set: 0.7ms
[2023-04-10T20:03:16.327+0800][8883.695s] GC(637)   Other: 0.2ms
[2023-04-10T20:03:16.327+0800][8883.695s] GC(637) Eden regions: 301->0(296)
[2023-04-10T20:03:16.327+0800][8883.695s] GC(637) Survivor regions: 6->11(39)
[2023-04-10T20:03:16.327+0800][8883.695s] GC(637) Old regions: 45->45
[2023-04-10T20:03:16.327+0800][8883.695s] GC(637) Humongous regions: 8->7
[2023-04-10T20:03:16.327+0800][8883.695s] GC(637) Metaspace: 60492K(62928K)->60492K(62928K) NonClass: 53586K(55040K)->53586K(55040K) Class: 6905K(7888K)->6905K(7888K)
[2023-04-10T20:03:16.327+0800][8883.695s] GC(637) Pause Young (Normal) (G1 Evacuation Pause) 358M->62M(512M) 2.169ms
[2023-04-10T20:03:16.327+0800][8883.695s] GC(637) User=0.00s Sys=0.00s Real=0.00s
[2023-04-10T20:03:16.862+0800][8884.230s] GC(638) Pause Young (Normal) (G1 Evacuation Pause)
[2023-04-10T20:03:16.862+0800][8884.230s] GC(638) Using 8 workers of 8 for evacuation
[2023-04-10T20:03:16.864+0800][8884.232s] GC(638)   Pre Evacuate Collection Set: 0.0ms
[2023-04-10T20:03:16.864+0800][8884.232s] GC(638)   Evacuate Collection Set: 1.2ms
[2023-04-10T20:03:16.864+0800][8884.232s] GC(638)   Post Evacuate Collection Set: 0.6ms
[2023-04-10T20:03:16.864+0800][8884.232s] GC(638)   Other: 0.2ms
[2023-04-10T20:03:16.864+0800][8884.232s] GC(638) Eden regions: 296->0(297)
[2023-04-10T20:03:16.864+0800][8884.232s] GC(638) Survivor regions: 11->10(39)
[2023-04-10T20:03:16.864+0800][8884.232s] GC(638) Old regions: 45->45
[2023-04-10T20:03:16.864+0800][8884.232s] GC(638) Humongous regions: 26->13
[2023-04-10T20:03:16.864+0800][8884.232s] GC(638) Metaspace: 60497K(62928K)->60497K(62928K) NonClass: 53591K(55040K)->53591K(55040K) Class: 6905K(7888K)->6905K(7888K)
[2023-04-10T20:03:16.864+0800][8884.232s] GC(638) Pause Young (Normal) (G1 Evacuation Pause) 377M->67M(512M) 2.082ms
[2023-04-10T20:03:16.864+0800][8884.233s] GC(638) User=0.00s Sys=0.00s Real=0.00s
[2023-04-10T20:03:17.276+0800][8884.645s] GC(639) Pause Young (Normal) (G1 Evacuation Pause)
[2023-04-10T20:03:17.277+0800][8884.645s] GC(639) Using 8 workers of 8 for evacuation
[2023-04-10T20:03:17.278+0800][8884.646s] GC(639)   Pre Evacuate Collection Set: 0.0ms
[2023-04-10T20:03:17.278+0800][8884.646s] GC(639)   Evacuate Collection Set: 0.4ms
[2023-04-10T20:03:17.278+0800][8884.646s] GC(639)   Post Evacuate Collection Set: 0.6ms
[2023-04-10T20:03:17.278+0800][8884.646s] GC(639)   Other: 0.2ms
[2023-04-10T20:03:17.278+0800][8884.646s] GC(639) Eden regions: 297->0(303)
[2023-04-10T20:03:17.278+0800][8884.646s] GC(639) Survivor regions: 10->4(39)
[2023-04-10T20:03:17.278+0800][8884.646s] GC(639) Old regions: 45->45
[2023-04-10T20:03:17.278+0800][8884.646s] GC(639) Humongous regions: 13->4
[2023-04-10T20:03:17.278+0800][8884.646s] GC(639) Metaspace: 60497K(62928K)->60497K(62928K) NonClass: 53591K(55040K)->53591K(55040K) Class: 6905K(7888K)->6905K(7888K)
[2023-04-10T20:03:17.278+0800][8884.646s] GC(639) Pause Young (Normal) (G1 Evacuation Pause) 364M->51M(512M) 1.404ms
[2023-04-10T20:03:17.278+0800][8884.646s] GC(639) User=0.02s Sys=0.00s Real=0.00s
[2023-04-10T20:03:17.659+0800][8885.027s] GC(640) Pause Young (Normal) (G1 Evacuation Pause)
[2023-04-10T20:03:17.659+0800][8885.027s] GC(640) Using 8 workers of 8 for evacuation
[2023-04-10T20:03:17.661+0800][8885.029s] GC(640)   Pre Evacuate Collection Set: 0.0ms
[2023-04-10T20:03:17.661+0800][8885.029s] GC(640)   Evacuate Collection Set: 0.9ms
[2023-04-10T20:03:17.661+0800][8885.029s] GC(640)   Post Evacuate Collection Set: 0.6ms
[2023-04-10T20:03:17.661+0800][8885.029s] GC(640)   Other: 0.2ms
[2023-04-10T20:03:17.661+0800][8885.029s] GC(640) Eden regions: 303->0(298)
[2023-04-10T20:03:17.661+0800][8885.029s] GC(640) Survivor regions: 4->9(39)
[2023-04-10T20:03:17.661+0800][8885.029s] GC(640) Old regions: 45->45
[2023-04-10T20:03:17.661+0800][8885.029s] GC(640) Humongous regions: 7->6
[2023-04-10T20:03:17.661+0800][8885.029s] GC(640) Metaspace: 60497K(62928K)->60497K(62928K) NonClass: 53591K(55040K)->53591K(55040K) Class: 6905K(7888K)->6905K(7888K)
[2023-04-10T20:03:17.661+0800][8885.029s] GC(640) Pause Young (Normal) (G1 Evacuation Pause) 357M->58M(512M) 1.862ms
[2023-04-10T20:03:17.661+0800][8885.029s] GC(640) User=0.00s Sys=0.00s Real=0.00s
[2023-04-10T20:03:18.058+0800][8885.426s] GC(641) Pause Young (Normal) (G1 Evacuation Pause)
[2023-04-10T20:03:18.058+0800][8885.426s] GC(641) Using 8 workers of 8 for evacuation
[2023-04-10T20:03:18.060+0800][8885.428s] GC(641)   Pre Evacuate Collection Set: 0.0ms
[2023-04-10T20:03:18.060+0800][8885.428s] GC(641)   Evacuate Collection Set: 1.2ms
[2023-04-10T20:03:18.060+0800][8885.428s] GC(641)   Post Evacuate Collection Set: 0.6ms
[2023-04-10T20:03:18.060+0800][8885.428s] GC(641)   Other: 0.2ms
[2023-04-10T20:03:18.060+0800][8885.428s] GC(641) Eden regions: 298->0(296)
[2023-04-10T20:03:18.060+0800][8885.428s] GC(641) Survivor regions: 9->11(39)
[2023-04-10T20:03:18.060+0800][8885.428s] GC(641) Old regions: 45->45
[2023-04-10T20:03:18.060+0800][8885.428s] GC(641) Humongous regions: 20->13
[2023-04-10T20:03:18.060+0800][8885.428s] GC(641) Metaspace: 60497K(62928K)->60497K(62928K) NonClass: 53591K(55040K)->53591K(55040K) Class: 6905K(7888K)->6905K(7888K)
[2023-04-10T20:03:18.060+0800][8885.428s] GC(641) Pause Young (Normal) (G1 Evacuation Pause) 370M->67M(512M) 2.179ms
[2023-04-10T20:03:18.060+0800][8885.428s] GC(641) User=0.11s Sys=0.00s Real=0.00s
[2023-04-10T20:03:18.568+0800][8885.936s] GC(642) Pause Young (Normal) (G1 Evacuation Pause)
[2023-04-10T20:03:18.568+0800][8885.936s] GC(642) Using 8 workers of 8 for evacuation
[2023-04-10T20:03:18.570+0800][8885.937s] GC(642)   Pre Evacuate Collection Set: 0.0ms
[2023-04-10T20:03:18.570+0800][8885.937s] GC(642)   Evacuate Collection Set: 0.4ms
[2023-04-10T20:03:18.570+0800][8885.937s] GC(642)   Post Evacuate Collection Set: 0.6ms
[2023-04-10T20:03:18.570+0800][8885.937s] GC(642)   Other: 0.2ms
[2023-04-10T20:03:18.570+0800][8885.937s] GC(642) Eden regions: 296->0(305)
[2023-04-10T20:03:18.570+0800][8885.937s] GC(642) Survivor regions: 11->2(39)
[2023-04-10T20:03:18.570+0800][8885.937s] GC(642) Old regions: 45->45
[2023-04-10T20:03:18.570+0800][8885.937s] GC(642) Humongous regions: 18->4
[2023-04-10T20:03:18.570+0800][8885.938s] GC(642) Metaspace: 60497K(62928K)->60497K(62928K) NonClass: 53591K(55040K)->53591K(55040K) Class: 6905K(7888K)->6905K(7888K)
[2023-04-10T20:03:18.570+0800][8885.938s] GC(642) Pause Young (Normal) (G1 Evacuation Pause) 368M->49M(512M) 1.366ms
[2023-04-10T20:03:18.570+0800][8885.938s] GC(642) User=0.00s Sys=0.00s Real=0.00s
[2023-04-10T20:03:18.952+0800][8886.320s] GC(643) Pause Young (Normal) (G1 Evacuation Pause)
[2023-04-10T20:03:18.952+0800][8886.320s] GC(643) Using 8 workers of 8 for evacuation
[2023-04-10T20:03:18.953+0800][8886.321s] GC(643)   Pre Evacuate Collection Set: 0.0ms
[2023-04-10T20:03:18.953+0800][8886.321s] GC(643)   Evacuate Collection Set: 0.8ms
[2023-04-10T20:03:18.953+0800][8886.321s] GC(643)   Post Evacuate Collection Set: 0.7ms
[2023-04-10T20:03:18.953+0800][8886.321s] GC(643)   Other: 0.2ms
[2023-04-10T20:03:18.953+0800][8886.321s] GC(643) Eden regions: 305->0(300)
[2023-04-10T20:03:18.953+0800][8886.321s] GC(643) Survivor regions: 2->7(39)
[2023-04-10T20:03:18.953+0800][8886.321s] GC(643) Old regions: 45->45
[2023-04-10T20:03:18.954+0800][8886.321s] GC(643) Humongous regions: 7->6
[2023-04-10T20:03:18.954+0800][8886.321s] GC(643) Metaspace: 60497K(62928K)->60497K(62928K) NonClass: 53591K(55040K)->53591K(55040K) Class: 6905K(7888K)->6905K(7888K)
[2023-04-10T20:03:18.954+0800][8886.321s] GC(643) Pause Young (Normal) (G1 Evacuation Pause) 357M->57M(512M) 1.866ms
[2023-04-10T20:03:18.954+0800][8886.322s] GC(643) User=0.00s Sys=0.00s Real=0.00s
[2023-04-10T20:03:19.352+0800][8886.721s] GC(644) Pause Young (Normal) (G1 Evacuation Pause)
[2023-04-10T20:03:19.352+0800][8886.721s] GC(644) Using 8 workers of 8 for evacuation
[2023-04-10T20:03:19.354+0800][8886.723s] GC(644)   Pre Evacuate Collection Set: 0.0ms
[2023-04-10T20:03:19.354+0800][8886.723s] GC(644)   Evacuate Collection Set: 1.0ms
[2023-04-10T20:03:19.354+0800][8886.723s] GC(644)   Post Evacuate Collection Set: 0.6ms
[2023-04-10T20:03:19.354+0800][8886.723s] GC(644)   Other: 0.2ms
[2023-04-10T20:03:19.354+0800][8886.723s] GC(644) Eden regions: 300->0(298)
[2023-04-10T20:03:19.354+0800][8886.723s] GC(644) Survivor regions: 7->9(39)
[2023-04-10T20:03:19.354+0800][8886.723s] GC(644) Old regions: 45->45
[2023-04-10T20:03:19.354+0800][8886.723s] GC(644) Humongous regions: 15->13
[2023-04-10T20:03:19.354+0800][8886.723s] GC(644) Metaspace: 60497K(62928K)->60497K(62928K) NonClass: 53591K(55040K)->53591K(55040K) Class: 6905K(7888K)->6905K(7888K)
[2023-04-10T20:03:19.354+0800][8886.723s] GC(644) Pause Young (Normal) (G1 Evacuation Pause) 366M->66M(512M) 1.939ms
[2023-04-10T20:03:19.354+0800][8886.723s] GC(644) User=0.00s Sys=0.00s Real=0.00s
[2023-04-10T20:03:19.893+0800][8887.262s] GC(645) Pause Young (Normal) (G1 Evacuation Pause)
[2023-04-10T20:03:19.893+0800][8887.262s] GC(645) Using 8 workers of 8 for evacuation
[2023-04-10T20:03:19.895+0800][8887.264s] GC(645)   Pre Evacuate Collection Set: 0.0ms
[2023-04-10T20:03:19.895+0800][8887.264s] GC(645)   Evacuate Collection Set: 1.2ms
[2023-04-10T20:03:19.895+0800][8887.264s] GC(645)   Post Evacuate Collection Set: 0.5ms
[2023-04-10T20:03:19.895+0800][8887.264s] GC(645)   Other: 0.2ms
[2023-04-10T20:03:19.895+0800][8887.264s] GC(645) Eden regions: 298->0(297)
[2023-04-10T20:03:19.895+0800][8887.264s] GC(645) Survivor regions: 9->10(39)
[2023-04-10T20:03:19.895+0800][8887.264s] GC(645) Old regions: 45->45
[2023-04-10T20:03:19.895+0800][8887.264s] GC(645) Humongous regions: 23->13
[2023-04-10T20:03:19.896+0800][8887.264s] GC(645) Metaspace: 60497K(62928K)->60497K(62928K) NonClass: 53591K(55040K)->53591K(55040K) Class: 6905K(7888K)->6905K(7888K)
[2023-04-10T20:03:19.896+0800][8887.264s] GC(645) Pause Young (Normal) (G1 Evacuation Pause) 374M->67M(512M) 2.170ms
[2023-04-10T20:03:19.896+0800][8887.264s] GC(645) User=0.00s Sys=0.00s Real=0.00s
[2023-04-10T20:03:20.438+0800][8887.806s] GC(646) Pause Young (Normal) (G1 Evacuation Pause)
[2023-04-10T20:03:20.439+0800][8887.806s] GC(646) Using 8 workers of 8 for evacuation
[2023-04-10T20:03:20.440+0800][8887.808s] GC(646)   Pre Evacuate Collection Set: 0.0ms
[2023-04-10T20:03:20.440+0800][8887.808s] GC(646)   Evacuate Collection Set: 0.7ms
[2023-04-10T20:03:20.440+0800][8887.808s] GC(646)   Post Evacuate Collection Set: 0.4ms
[2023-04-10T20:03:20.440+0800][8887.808s] GC(646)   Other: 0.2ms
[2023-04-10T20:03:20.440+0800][8887.808s] GC(646) Eden regions: 297->0(301)
[2023-04-10T20:03:20.440+0800][8887.808s] GC(646) Survivor regions: 10->6(39)
[2023-04-10T20:03:20.440+0800][8887.808s] GC(646) Old regions: 45->45
[2023-04-10T20:03:20.440+0800][8887.808s] GC(646) Humongous regions: 14->5
[2023-04-10T20:03:20.440+0800][8887.808s] GC(646) Metaspace: 60497K(62928K)->60497K(62928K) NonClass: 53591K(55040K)->53591K(55040K) Class: 6905K(7888K)->6905K(7888K)
[2023-04-10T20:03:20.440+0800][8887.808s] GC(646) Pause Young (Normal) (G1 Evacuation Pause) 365M->54M(512M) 1.542ms
[2023-04-10T20:03:20.440+0800][8887.808s] GC(646) User=0.00s Sys=0.00s Real=0.00s
[2023-04-10T20:03:20.836+0800][8888.204s] GC(647) Pause Young (Normal) (G1 Evacuation Pause)
[2023-04-10T20:03:20.836+0800][8888.204s] GC(647) Using 8 workers of 8 for evacuation
[2023-04-10T20:03:20.838+0800][8888.206s] GC(647)   Pre Evacuate Collection Set: 0.0ms
[2023-04-10T20:03:20.838+0800][8888.206s] GC(647)   Evacuate Collection Set: 1.1ms
[2023-04-10T20:03:20.838+0800][8888.206s] GC(647)   Post Evacuate Collection Set: 0.7ms
[2023-04-10T20:03:20.838+0800][8888.206s] GC(647)   Other: 0.2ms
[2023-04-10T20:03:20.838+0800][8888.206s] GC(647) Eden regions: 301->0(296)
[2023-04-10T20:03:20.838+0800][8888.206s] GC(647) Survivor regions: 6->11(39)
[2023-04-10T20:03:20.838+0800][8888.206s] GC(647) Old regions: 45->45
[2023-04-10T20:03:20.838+0800][8888.206s] GC(647) Humongous regions: 8->7
[2023-04-10T20:03:20.838+0800][8888.206s] GC(647) Metaspace: 60497K(62928K)->60497K(62928K) NonClass: 53591K(55040K)->53591K(55040K) Class: 6905K(7888K)->6905K(7888K)
[2023-04-10T20:03:20.838+0800][8888.206s] GC(647) Pause Young (Normal) (G1 Evacuation Pause) 358M->62M(512M) 2.211ms
[2023-04-10T20:03:20.838+0800][8888.206s] GC(647) User=0.00s Sys=0.00s Real=0.00s
[2023-04-10T20:03:21.382+0800][8888.750s] GC(648) Pause Young (Normal) (G1 Evacuation Pause)
[2023-04-10T20:03:21.382+0800][8888.750s] GC(648) Using 8 workers of 8 for evacuation
[2023-04-10T20:03:21.385+0800][8888.753s] GC(648)   Pre Evacuate Collection Set: 0.0ms
[2023-04-10T20:03:21.385+0800][8888.753s] GC(648)   Evacuate Collection Set: 1.5ms
[2023-04-10T20:03:21.385+0800][8888.753s] GC(648)   Post Evacuate Collection Set: 0.7ms
[2023-04-10T20:03:21.385+0800][8888.753s] GC(648)   Other: 0.3ms
[2023-04-10T20:03:21.385+0800][8888.753s] GC(648) Eden regions: 296->0(296)
[2023-04-10T20:03:21.385+0800][8888.753s] GC(648) Survivor regions: 11->11(39)
[2023-04-10T20:03:21.385+0800][8888.753s] GC(648) Old regions: 45->45
[2023-04-10T20:03:21.385+0800][8888.753s] GC(648) Humongous regions: 25->13
[2023-04-10T20:03:21.385+0800][8888.753s] GC(648) Metaspace: 60497K(62928K)->60497K(62928K) NonClass: 53591K(55040K)->53591K(55040K) Class: 6905K(7888K)->6905K(7888K)
[2023-04-10T20:03:21.385+0800][8888.753s] GC(648) Pause Young (Normal) (G1 Evacuation Pause) 376M->67M(512M) 2.786ms
[2023-04-10T20:03:21.385+0800][8888.753s] GC(648) User=0.00s Sys=0.00s Real=0.00s
[2023-04-10T20:03:21.891+0800][8889.260s] GC(649) Pause Young (Normal) (G1 Evacuation Pause)
[2023-04-10T20:03:21.892+0800][8889.260s] GC(649) Using 8 workers of 8 for evacuation
[2023-04-10T20:03:21.893+0800][8889.261s] GC(649)   Pre Evacuate Collection Set: 0.0ms
[2023-04-10T20:03:21.893+0800][8889.261s] GC(649)   Evacuate Collection Set: 0.6ms
[2023-04-10T20:03:21.893+0800][8889.261s] GC(649)   Post Evacuate Collection Set: 0.5ms
[2023-04-10T20:03:21.893+0800][8889.261s] GC(649)   Other: 0.2ms
[2023-04-10T20:03:21.893+0800][8889.261s] GC(649) Eden regions: 296->0(303)
[2023-04-10T20:03:21.893+0800][8889.261s] GC(649) Survivor regions: 11->4(39)
[2023-04-10T20:03:21.893+0800][8889.261s] GC(649) Old regions: 45->45
[2023-04-10T20:03:21.893+0800][8889.261s] GC(649) Humongous regions: 14->5
[2023-04-10T20:03:21.893+0800][8889.261s] GC(649) Metaspace: 60515K(62928K)->60515K(62928K) NonClass: 53610K(55040K)->53610K(55040K) Class: 6905K(7888K)->6905K(7888K)
[2023-04-10T20:03:21.893+0800][8889.261s] GC(649) Pause Young (Normal) (G1 Evacuation Pause) 364M->52M(512M) 1.479ms
[2023-04-10T20:03:21.893+0800][8889.261s] GC(649) User=0.00s Sys=0.00s Real=0.00s
[2023-04-10T20:03:22.359+0800][8889.728s] GC(650) Pause Young (Normal) (G1 Evacuation Pause)
[2023-04-10T20:03:22.360+0800][8889.728s] GC(650) Using 8 workers of 8 for evacuation
[2023-04-10T20:03:22.361+0800][8889.730s] GC(650)   Pre Evacuate Collection Set: 0.0ms
[2023-04-10T20:03:22.361+0800][8889.730s] GC(650)   Evacuate Collection Set: 1.0ms
[2023-04-10T20:03:22.361+0800][8889.730s] GC(650)   Post Evacuate Collection Set: 0.6ms
[2023-04-10T20:03:22.361+0800][8889.730s] GC(650)   Other: 0.2ms
[2023-04-10T20:03:22.361+0800][8889.730s] GC(650) Eden regions: 303->0(297)
[2023-04-10T20:03:22.361+0800][8889.730s] GC(650) Survivor regions: 4->10(39)
[2023-04-10T20:03:22.362+0800][8889.730s] GC(650) Old regions: 45->45
[2023-04-10T20:03:22.362+0800][8889.730s] GC(650) Humongous regions: 7->6
[2023-04-10T20:03:22.362+0800][8889.730s] GC(650) Metaspace: 60515K(62928K)->60515K(62928K) NonClass: 53610K(55040K)->53610K(55040K) Class: 6905K(7888K)->6905K(7888K)
[2023-04-10T20:03:22.362+0800][8889.730s] GC(650) Pause Young (Normal) (G1 Evacuation Pause) 357M->59M(512M) 2.146ms
[2023-04-10T20:03:22.362+0800][8889.730s] GC(650) User=0.00s Sys=0.00s Real=0.00s
[2023-04-10T20:03:22.806+0800][8890.174s] GC(651) Pause Young (Normal) (G1 Evacuation Pause)
[2023-04-10T20:03:22.806+0800][8890.174s] GC(651) Using 8 workers of 8 for evacuation
[2023-04-10T20:03:22.808+0800][8890.176s] GC(651)   Pre Evacuate Collection Set: 0.0ms
[2023-04-10T20:03:22.808+0800][8890.176s] GC(651)   Evacuate Collection Set: 1.2ms
[2023-04-10T20:03:22.808+0800][8890.176s] GC(651)   Post Evacuate Collection Set: 0.7ms
[2023-04-10T20:03:22.808+0800][8890.176s] GC(651)   Other: 0.2ms
[2023-04-10T20:03:22.808+0800][8890.176s] GC(651) Eden regions: 297->0(296)
[2023-04-10T20:03:22.808+0800][8890.176s] GC(651) Survivor regions: 10->11(39)
[2023-04-10T20:03:22.808+0800][8890.176s] GC(651) Old regions: 45->45
[2023-04-10T20:03:22.808+0800][8890.176s] GC(651) Humongous regions: 25->13
[2023-04-10T20:03:22.808+0800][8890.176s] GC(651) Metaspace: 60515K(62928K)->60515K(62928K) NonClass: 53610K(55040K)->53610K(55040K) Class: 6905K(7888K)->6905K(7888K)
[2023-04-10T20:03:22.808+0800][8890.176s] GC(651) Pause Young (Normal) (G1 Evacuation Pause) 375M->68M(512M) 2.206ms
[2023-04-10T20:03:22.808+0800][8890.176s] GC(651) User=0.00s Sys=0.00s Real=0.00s
[2023-04-10T20:03:23.380+0800][8890.748s] GC(652) Pause Young (Normal) (G1 Evacuation Pause)
[2023-04-10T20:03:23.380+0800][8890.748s] GC(652) Using 8 workers of 8 for evacuation
[2023-04-10T20:03:23.381+0800][8890.749s] GC(652)   Pre Evacuate Collection Set: 0.0ms
[2023-04-10T20:03:23.381+0800][8890.749s] GC(652)   Evacuate Collection Set: 0.5ms
[2023-04-10T20:03:23.381+0800][8890.749s] GC(652)   Post Evacuate Collection Set: 0.5ms
[2023-04-10T20:03:23.381+0800][8890.749s] GC(652)   Other: 0.2ms
[2023-04-10T20:03:23.381+0800][8890.749s] GC(652) Eden regions: 296->0(305)
[2023-04-10T20:03:23.381+0800][8890.749s] GC(652) Survivor regions: 11->2(39)
[2023-04-10T20:03:23.381+0800][8890.749s] GC(652) Old regions: 45->45
[2023-04-10T20:03:23.381+0800][8890.749s] GC(652) Humongous regions: 13->4
[2023-04-10T20:03:23.381+0800][8890.749s] GC(652) Metaspace: 60585K(62928K)->60585K(62928K) NonClass: 53679K(55040K)->53679K(55040K) Class: 6905K(7888K)->6905K(7888K)
[2023-04-10T20:03:23.381+0800][8890.749s] GC(652) Pause Young (Normal) (G1 Evacuation Pause) 364M->50M(512M) 1.315ms
[2023-04-10T20:03:23.381+0800][8890.749s] GC(652) User=0.00s Sys=0.00s Real=0.00s
[2023-04-10T20:03:23.843+0800][8891.211s] GC(653) Pause Young (Normal) (G1 Evacuation Pause)
[2023-04-10T20:03:23.843+0800][8891.211s] GC(653) Using 8 workers of 8 for evacuation
[2023-04-10T20:03:23.845+0800][8891.213s] GC(653)   Pre Evacuate Collection Set: 0.0ms
[2023-04-10T20:03:23.845+0800][8891.213s] GC(653)   Evacuate Collection Set: 1.0ms
[2023-04-10T20:03:23.845+0800][8891.213s] GC(653)   Post Evacuate Collection Set: 0.7ms
[2023-04-10T20:03:23.845+0800][8891.213s] GC(653)   Other: 0.2ms
[2023-04-10T20:03:23.845+0800][8891.213s] GC(653) Eden regions: 305->0(299)
[2023-04-10T20:03:23.845+0800][8891.213s] GC(653) Survivor regions: 2->8(39)
[2023-04-10T20:03:23.845+0800][8891.213s] GC(653) Old regions: 45->45
[2023-04-10T20:03:23.845+0800][8891.213s] GC(653) Humongous regions: 7->6
[2023-04-10T20:03:23.845+0800][8891.213s] GC(653) Metaspace: 60585K(62928K)->60585K(62928K) NonClass: 53679K(55040K)->53679K(55040K) Class: 6905K(7888K)->6905K(7888K)
[2023-04-10T20:03:23.845+0800][8891.213s] GC(653) Pause Young (Normal) (G1 Evacuation Pause) 358M->58M(512M) 2.039ms
[2023-04-10T20:03:23.845+0800][8891.213s] GC(653) User=0.00s Sys=0.00s Real=0.00s
[2023-04-10T20:03:24.303+0800][8891.670s] GC(654) Pause Young (Normal) (G1 Evacuation Pause)
[2023-04-10T20:03:24.303+0800][8891.670s] GC(654) Using 8 workers of 8 for evacuation
[2023-04-10T20:03:24.305+0800][8891.672s] GC(654)   Pre Evacuate Collection Set: 0.0ms
[2023-04-10T20:03:24.305+0800][8891.672s] GC(654)   Evacuate Collection Set: 1.1ms
[2023-04-10T20:03:24.305+0800][8891.672s] GC(654)   Post Evacuate Collection Set: 0.7ms
[2023-04-10T20:03:24.305+0800][8891.672s] GC(654)   Other: 0.2ms
[2023-04-10T20:03:24.305+0800][8891.672s] GC(654) Eden regions: 299->0(297)
[2023-04-10T20:03:24.305+0800][8891.672s] GC(654) Survivor regions: 8->10(39)
[2023-04-10T20:03:24.305+0800][8891.672s] GC(654) Old regions: 45->45
[2023-04-10T20:03:24.305+0800][8891.672s] GC(654) Humongous regions: 15->13
[2023-04-10T20:03:24.305+0800][8891.672s] GC(654) Metaspace: 60585K(62928K)->60585K(62928K) NonClass: 53679K(55040K)->53679K(55040K) Class: 6905K(7888K)->6905K(7888K)
[2023-04-10T20:03:24.305+0800][8891.673s] GC(654) Pause Young (Normal) (G1 Evacuation Pause) 366M->66M(512M) 2.228ms
[2023-04-10T20:03:24.305+0800][8891.673s] GC(654) User=0.00s Sys=0.00s Real=0.00s
[2023-04-10T20:03:24.768+0800][8892.136s] GC(655) Pause Young (Normal) (G1 Evacuation Pause)
[2023-04-10T20:03:24.768+0800][8892.136s] GC(655) Using 8 workers of 8 for evacuation
[2023-04-10T20:03:24.770+0800][8892.138s] GC(655)   Pre Evacuate Collection Set: 0.0ms
[2023-04-10T20:03:24.770+0800][8892.138s] GC(655)   Evacuate Collection Set: 1.2ms
[2023-04-10T20:03:24.770+0800][8892.138s] GC(655)   Post Evacuate Collection Set: 0.7ms
[2023-04-10T20:03:24.770+0800][8892.138s] GC(655)   Other: 0.2ms
[2023-04-10T20:03:24.770+0800][8892.138s] GC(655) Eden regions: 297->0(296)
[2023-04-10T20:03:24.770+0800][8892.138s] GC(655) Survivor regions: 10->11(39)
[2023-04-10T20:03:24.770+0800][8892.138s] GC(655) Old regions: 45->45
[2023-04-10T20:03:24.770+0800][8892.138s] GC(655) Humongous regions: 23->13
[2023-04-10T20:03:24.770+0800][8892.138s] GC(655) Metaspace: 60585K(62928K)->60585K(62928K) NonClass: 53679K(55040K)->53679K(55040K) Class: 6905K(7888K)->6905K(7888K)
[2023-04-10T20:03:24.770+0800][8892.138s] GC(655) Pause Young (Normal) (G1 Evacuation Pause) 373M->67M(512M) 2.187ms
[2023-04-10T20:03:24.770+0800][8892.138s] GC(655) User=0.00s Sys=0.00s Real=0.00s
[2023-04-10T20:03:25.230+0800][8892.597s] GC(656) Pause Young (Normal) (G1 Evacuation Pause)
[2023-04-10T20:03:25.230+0800][8892.597s] GC(656) Using 8 workers of 8 for evacuation
[2023-04-10T20:03:25.231+0800][8892.599s] GC(656)   Pre Evacuate Collection Set: 0.0ms
[2023-04-10T20:03:25.231+0800][8892.599s] GC(656)   Evacuate Collection Set: 0.7ms
[2023-04-10T20:03:25.231+0800][8892.599s] GC(656)   Post Evacuate Collection Set: 0.5ms
[2023-04-10T20:03:25.231+0800][8892.599s] GC(656)   Other: 0.2ms
[2023-04-10T20:03:25.231+0800][8892.599s] GC(656) Eden regions: 296->0(301)
[2023-04-10T20:03:25.231+0800][8892.599s] GC(656) Survivor regions: 11->6(39)
[2023-04-10T20:03:25.231+0800][8892.599s] GC(656) Old regions: 45->45
[2023-04-10T20:03:25.231+0800][8892.599s] GC(656) Humongous regions: 14->5
[2023-04-10T20:03:25.231+0800][8892.599s] GC(656) Metaspace: 60585K(62928K)->60585K(62928K) NonClass: 53679K(55040K)->53679K(55040K) Class: 6905K(7888K)->6905K(7888K)
[2023-04-10T20:03:25.231+0800][8892.599s] GC(656) Pause Young (Normal) (G1 Evacuation Pause) 364M->55M(512M) 1.572ms
[2023-04-10T20:03:25.231+0800][8892.599s] GC(656) User=0.02s Sys=0.00s Real=0.00s
[2023-04-10T20:03:25.675+0800][8893.043s] GC(657) Pause Young (Normal) (G1 Evacuation Pause)
[2023-04-10T20:03:25.675+0800][8893.043s] GC(657) Using 8 workers of 8 for evacuation
[2023-04-10T20:03:25.677+0800][8893.045s] GC(657)   Pre Evacuate Collection Set: 0.0ms
[2023-04-10T20:03:25.677+0800][8893.045s] GC(657)   Evacuate Collection Set: 1.1ms
[2023-04-10T20:03:25.677+0800][8893.045s] GC(657)   Post Evacuate Collection Set: 0.7ms
[2023-04-10T20:03:25.677+0800][8893.045s] GC(657)   Other: 0.2ms
[2023-04-10T20:03:25.677+0800][8893.045s] GC(657) Eden regions: 301->0(298)
[2023-04-10T20:03:25.677+0800][8893.045s] GC(657) Survivor regions: 6->9(39)
[2023-04-10T20:03:25.677+0800][8893.045s] GC(657) Old regions: 45->45
[2023-04-10T20:03:25.677+0800][8893.045s] GC(657) Humongous regions: 13->12
[2023-04-10T20:03:25.677+0800][8893.045s] GC(657) Metaspace: 60585K(62928K)->60585K(62928K) NonClass: 53679K(55040K)->53679K(55040K) Class: 6905K(7888K)->6905K(7888K)
[2023-04-10T20:03:25.677+0800][8893.045s] GC(657) Pause Young (Normal) (G1 Evacuation Pause) 364M->64M(512M) 2.290ms
[2023-04-10T20:03:25.677+0800][8893.045s] GC(657) User=0.00s Sys=0.00s Real=0.00s
[2023-04-10T20:03:26.182+0800][8893.550s] GC(658) Pause Young (Normal) (G1 Evacuation Pause)
[2023-04-10T20:03:26.182+0800][8893.550s] GC(658) Using 8 workers of 8 for evacuation
[2023-04-10T20:03:26.184+0800][8893.552s] GC(658)   Pre Evacuate Collection Set: 0.0ms
[2023-04-10T20:03:26.184+0800][8893.552s] GC(658)   Evacuate Collection Set: 1.3ms
[2023-04-10T20:03:26.184+0800][8893.552s] GC(658)   Post Evacuate Collection Set: 0.5ms
[2023-04-10T20:03:26.184+0800][8893.552s] GC(658)   Other: 0.2ms
[2023-04-10T20:03:26.184+0800][8893.552s] GC(658) Eden regions: 298->0(296)
[2023-04-10T20:03:26.184+0800][8893.552s] GC(658) Survivor regions: 9->11(39)
[2023-04-10T20:03:26.184+0800][8893.552s] GC(658) Old regions: 45->45
[2023-04-10T20:03:26.184+0800][8893.552s] GC(658) Humongous regions: 25->13
[2023-04-10T20:03:26.184+0800][8893.552s] GC(658) Metaspace: 60585K(62928K)->60585K(62928K) NonClass: 53679K(55040K)->53679K(55040K) Class: 6905K(7888K)->6905K(7888K)
[2023-04-10T20:03:26.184+0800][8893.552s] GC(658) Pause Young (Normal) (G1 Evacuation Pause) 375M->67M(512M) 2.215ms
[2023-04-10T20:03:26.184+0800][8893.552s] GC(658) User=0.02s Sys=0.00s Real=0.00s
[2023-04-10T20:03:26.665+0800][8894.033s] GC(659) Pause Young (Normal) (G1 Evacuation Pause)
[2023-04-10T20:03:26.665+0800][8894.033s] GC(659) Using 8 workers of 8 for evacuation
[2023-04-10T20:03:26.666+0800][8894.034s] GC(659)   Pre Evacuate Collection Set: 0.0ms
[2023-04-10T20:03:26.666+0800][8894.034s] GC(659)   Evacuate Collection Set: 0.6ms
[2023-04-10T20:03:26.666+0800][8894.034s] GC(659)   Post Evacuate Collection Set: 0.6ms
[2023-04-10T20:03:26.666+0800][8894.034s] GC(659)   Other: 0.2ms
[2023-04-10T20:03:26.666+0800][8894.034s] GC(659) Eden regions: 296->0(302)
[2023-04-10T20:03:26.666+0800][8894.034s] GC(659) Survivor regions: 11->5(39)
[2023-04-10T20:03:26.666+0800][8894.034s] GC(659) Old regions: 45->45
[2023-04-10T20:03:26.666+0800][8894.034s] GC(659) Humongous regions: 14->5
[2023-04-10T20:03:26.666+0800][8894.034s] GC(659) Metaspace: 60585K(62928K)->60585K(62928K) NonClass: 53679K(55040K)->53679K(55040K) Class: 6905K(7888K)->6905K(7888K)
[2023-04-10T20:03:26.666+0800][8894.034s] GC(659) Pause Young (Normal) (G1 Evacuation Pause) 364M->54M(512M) 1.553ms
[2023-04-10T20:03:26.666+0800][8894.034s] GC(659) User=0.00s Sys=0.00s Real=0.00s
[2023-04-10T20:03:27.092+0800][8894.460s] GC(660) Pause Young (Normal) (G1 Evacuation Pause)
[2023-04-10T20:03:27.092+0800][8894.460s] GC(660) Using 8 workers of 8 for evacuation
[2023-04-10T20:03:27.094+0800][8894.462s] GC(660)   Pre Evacuate Collection Set: 0.0ms
[2023-04-10T20:03:27.094+0800][8894.462s] GC(660)   Evacuate Collection Set: 1.2ms
[2023-04-10T20:03:27.094+0800][8894.462s] GC(660)   Post Evacuate Collection Set: 0.6ms
[2023-04-10T20:03:27.094+0800][8894.462s] GC(660)   Other: 0.2ms
[2023-04-10T20:03:27.094+0800][8894.462s] GC(660) Eden regions: 302->0(297)
[2023-04-10T20:03:27.094+0800][8894.462s] GC(660) Survivor regions: 5->10(39)
[2023-04-10T20:03:27.094+0800][8894.463s] GC(660) Old regions: 45->45
[2023-04-10T20:03:27.094+0800][8894.463s] GC(660) Humongous regions: 8->7
[2023-04-10T20:03:27.094+0800][8894.463s] GC(660) Metaspace: 60585K(62928K)->60585K(62928K) NonClass: 53679K(55040K)->53679K(55040K) Class: 6905K(7888K)->6905K(7888K)
[2023-04-10T20:03:27.094+0800][8894.463s] GC(660) Pause Young (Normal) (G1 Evacuation Pause) 359M->61M(512M) 2.169ms
[2023-04-10T20:03:27.094+0800][8894.463s] GC(660) User=0.00s Sys=0.00s Real=0.00s
[2023-04-10T20:03:27.606+0800][8894.974s] GC(661) Pause Young (Normal) (G1 Evacuation Pause)
[2023-04-10T20:03:27.606+0800][8894.974s] GC(661) Using 8 workers of 8 for evacuation
[2023-04-10T20:03:27.608+0800][8894.976s] GC(661)   Pre Evacuate Collection Set: 0.0ms
[2023-04-10T20:03:27.608+0800][8894.976s] GC(661)   Evacuate Collection Set: 1.2ms
[2023-04-10T20:03:27.608+0800][8894.976s] GC(661)   Post Evacuate Collection Set: 0.7ms
[2023-04-10T20:03:27.608+0800][8894.976s] GC(661)   Other: 0.2ms
[2023-04-10T20:03:27.608+0800][8894.976s] GC(661) Eden regions: 297->0(296)
[2023-04-10T20:03:27.608+0800][8894.976s] GC(661) Survivor regions: 10->11(39)
[2023-04-10T20:03:27.608+0800][8894.976s] GC(661) Old regions: 45->45
[2023-04-10T20:03:27.608+0800][8894.976s] GC(661) Humongous regions: 20->13
[2023-04-10T20:03:27.608+0800][8894.976s] GC(661) Metaspace: 60585K(62928K)->60585K(62928K) NonClass: 53679K(55040K)->53679K(55040K) Class: 6905K(7888K)->6905K(7888K)
[2023-04-10T20:03:27.608+0800][8894.976s] GC(661) Pause Young (Normal) (G1 Evacuation Pause) 371M->67M(512M) 2.291ms
[2023-04-10T20:03:27.608+0800][8894.976s] GC(661) User=0.00s Sys=0.00s Real=0.00s
[2023-04-10T20:03:27.964+0800][8895.331s] GC(662) Pause Young (Normal) (G1 Evacuation Pause)
[2023-04-10T20:03:27.964+0800][8895.331s] GC(662) Using 8 workers of 8 for evacuation
[2023-04-10T20:03:27.965+0800][8895.333s] GC(662)   Pre Evacuate Collection Set: 0.0ms
[2023-04-10T20:03:27.965+0800][8895.333s] GC(662)   Evacuate Collection Set: 0.7ms
[2023-04-10T20:03:27.965+0800][8895.333s] GC(662)   Post Evacuate Collection Set: 0.5ms
[2023-04-10T20:03:27.965+0800][8895.333s] GC(662)   Other: 0.2ms
[2023-04-10T20:03:27.965+0800][8895.333s] GC(662) Eden regions: 296->0(303)
[2023-04-10T20:03:27.965+0800][8895.333s] GC(662) Survivor regions: 11->4(39)
[2023-04-10T20:03:27.965+0800][8895.333s] GC(662) Old regions: 45->45
[2023-04-10T20:03:27.965+0800][8895.333s] GC(662) Humongous regions: 13->4
[2023-04-10T20:03:27.965+0800][8895.333s] GC(662) Metaspace: 60586K(62928K)->60586K(62928K) NonClass: 53680K(55040K)->53680K(55040K) Class: 6905K(7888K)->6905K(7888K)
[2023-04-10T20:03:27.965+0800][8895.333s] GC(662) Pause Young (Normal) (G1 Evacuation Pause) 363M->51M(512M) 1.590ms
[2023-04-10T20:03:27.965+0800][8895.333s] GC(662) User=0.02s Sys=0.00s Real=0.00s
[2023-04-10T20:03:28.138+0800][8895.507s] GC(663) Pause Young (Normal) (G1 Evacuation Pause)
[2023-04-10T20:03:28.138+0800][8895.507s] GC(663) Using 8 workers of 8 for evacuation
[2023-04-10T20:03:28.140+0800][8895.509s] GC(663)   Pre Evacuate Collection Set: 0.0ms
[2023-04-10T20:03:28.140+0800][8895.509s] GC(663)   Evacuate Collection Set: 0.8ms
[2023-04-10T20:03:28.140+0800][8895.509s] GC(663)   Post Evacuate Collection Set: 0.7ms
[2023-04-10T20:03:28.140+0800][8895.509s] GC(663)   Other: 0.3ms
[2023-04-10T20:03:28.140+0800][8895.509s] GC(663) Eden regions: 303->0(301)
[2023-04-10T20:03:28.140+0800][8895.509s] GC(663) Survivor regions: 4->6(39)
[2023-04-10T20:03:28.140+0800][8895.509s] GC(663) Old regions: 45->45
[2023-04-10T20:03:28.140+0800][8895.509s] GC(663) Humongous regions: 5->5
[2023-04-10T20:03:28.140+0800][8895.509s] GC(663) Metaspace: 60586K(62928K)->60586K(62928K) NonClass: 53680K(55040K)->53680K(55040K) Class: 6905K(7888K)->6905K(7888K)
[2023-04-10T20:03:28.140+0800][8895.509s] GC(663) Pause Young (Normal) (G1 Evacuation Pause) 355M->55M(512M) 1.942ms
[2023-04-10T20:03:28.140+0800][8895.509s] GC(663) User=0.00s Sys=0.00s Real=0.00s
[2023-04-10T20:03:28.379+0800][8895.748s] GC(664) Pause Young (Normal) (G1 Evacuation Pause)
[2023-04-10T20:03:28.379+0800][8895.748s] GC(664) Using 8 workers of 8 for evacuation
[2023-04-10T20:03:28.381+0800][8895.749s] GC(664)   Pre Evacuate Collection Set: 0.0ms
[2023-04-10T20:03:28.381+0800][8895.749s] GC(664)   Evacuate Collection Set: 1.1ms
[2023-04-10T20:03:28.381+0800][8895.750s] GC(664)   Post Evacuate Collection Set: 0.4ms
[2023-04-10T20:03:28.381+0800][8895.750s] GC(664)   Other: 0.2ms
[2023-04-10T20:03:28.381+0800][8895.750s] GC(664) Eden regions: 301->0(299)
[2023-04-10T20:03:28.381+0800][8895.750s] GC(664) Survivor regions: 6->8(39)
[2023-04-10T20:03:28.381+0800][8895.750s] GC(664) Old regions: 45->45
[2023-04-10T20:03:28.381+0800][8895.750s] GC(664) Humongous regions: 7->6
[2023-04-10T20:03:28.381+0800][8895.750s] GC(664) Metaspace: 60586K(62928K)->60586K(62928K) NonClass: 53680K(55040K)->53680K(55040K) Class: 6905K(7888K)->6905K(7888K)
[2023-04-10T20:03:28.381+0800][8895.750s] GC(664) Pause Young (Normal) (G1 Evacuation Pause) 358M->58M(512M) 1.907ms
[2023-04-10T20:03:28.381+0800][8895.750s] GC(664) User=0.00s Sys=0.00s Real=0.00s
[2023-04-10T20:03:28.619+0800][8895.988s] GC(665) Pause Young (Normal) (G1 Evacuation Pause)
[2023-04-10T20:03:28.619+0800][8895.988s] GC(665) Using 8 workers of 8 for evacuation
[2023-04-10T20:03:28.621+0800][8895.990s] GC(665)   Pre Evacuate Collection Set: 0.0ms
[2023-04-10T20:03:28.621+0800][8895.990s] GC(665)   Evacuate Collection Set: 1.2ms
[2023-04-10T20:03:28.621+0800][8895.990s] GC(665)   Post Evacuate Collection Set: 0.6ms
[2023-04-10T20:03:28.621+0800][8895.990s] GC(665)   Other: 0.2ms
[2023-04-10T20:03:28.622+0800][8895.990s] GC(665) Eden regions: 299->0(296)
[2023-04-10T20:03:28.622+0800][8895.990s] GC(665) Survivor regions: 8->11(39)
[2023-04-10T20:03:28.622+0800][8895.990s] GC(665) Old regions: 45->45
[2023-04-10T20:03:28.622+0800][8895.990s] GC(665) Humongous regions: 7->7
[2023-04-10T20:03:28.622+0800][8895.990s] GC(665) Metaspace: 60587K(62928K)->60587K(62928K) NonClass: 53681K(55040K)->53681K(55040K) Class: 6905K(7888K)->6905K(7888K)
[2023-04-10T20:03:28.622+0800][8895.990s] GC(665) Pause Young (Normal) (G1 Evacuation Pause) 358M->62M(512M) 2.220ms
[2023-04-10T20:03:28.622+0800][8895.990s] GC(665) User=0.12s Sys=0.00s Real=0.00s
[2023-04-10T20:03:28.915+0800][8896.283s] GC(666) Pause Young (Normal) (G1 Evacuation Pause)
[2023-04-10T20:03:28.915+0800][8896.284s] GC(666) Using 8 workers of 8 for evacuation
[2023-04-10T20:03:28.917+0800][8896.285s] GC(666)   Pre Evacuate Collection Set: 0.0ms
[2023-04-10T20:03:28.917+0800][8896.286s] GC(666)   Evacuate Collection Set: 1.3ms
[2023-04-10T20:03:28.917+0800][8896.286s] GC(666)   Post Evacuate Collection Set: 0.5ms
[2023-04-10T20:03:28.918+0800][8896.286s] GC(666)   Other: 0.2ms
[2023-04-10T20:03:28.918+0800][8896.286s] GC(666) Eden regions: 296->0(296)
[2023-04-10T20:03:28.918+0800][8896.286s] GC(666) Survivor regions: 11->11(39)
[2023-04-10T20:03:28.918+0800][8896.286s] GC(666) Old regions: 45->45
[2023-04-10T20:03:28.918+0800][8896.286s] GC(666) Humongous regions: 15->13
[2023-04-10T20:03:28.918+0800][8896.286s] GC(666) Metaspace: 60587K(62928K)->60587K(62928K) NonClass: 53681K(55040K)->53681K(55040K) Class: 6905K(7888K)->6905K(7888K)
[2023-04-10T20:03:28.918+0800][8896.286s] GC(666) Pause Young (Normal) (G1 Evacuation Pause) 366M->68M(512M) 2.199ms
[2023-04-10T20:03:28.918+0800][8896.286s] GC(666) User=0.00s Sys=0.02s Real=0.00s
[2023-04-10T20:03:29.290+0800][8896.658s] GC(667) Pause Young (Normal) (G1 Evacuation Pause)
[2023-04-10T20:03:29.290+0800][8896.658s] GC(667) Using 8 workers of 8 for evacuation
[2023-04-10T20:03:29.292+0800][8896.660s] GC(667)   Pre Evacuate Collection Set: 0.0ms
[2023-04-10T20:03:29.292+0800][8896.660s] GC(667)   Evacuate Collection Set: 1.3ms
[2023-04-10T20:03:29.292+0800][8896.660s] GC(667)   Post Evacuate Collection Set: 0.6ms
[2023-04-10T20:03:29.292+0800][8896.660s] GC(667)   Other: 0.2ms
[2023-04-10T20:03:29.292+0800][8896.660s] GC(667) Eden regions: 296->0(295)
[2023-04-10T20:03:29.292+0800][8896.660s] GC(667) Survivor regions: 11->12(39)
[2023-04-10T20:03:29.292+0800][8896.660s] GC(667) Old regions: 45->45
[2023-04-10T20:03:29.292+0800][8896.660s] GC(667) Humongous regions: 23->13
[2023-04-10T20:03:29.292+0800][8896.660s] GC(667) Metaspace: 60587K(62928K)->60587K(62928K) NonClass: 53681K(55040K)->53681K(55040K) Class: 6905K(7888K)->6905K(7888K)
[2023-04-10T20:03:29.292+0800][8896.660s] GC(667) Pause Young (Normal) (G1 Evacuation Pause) 374M->69M(512M) 2.259ms
[2023-04-10T20:03:29.292+0800][8896.660s] GC(667) User=0.00s Sys=0.00s Real=0.00s
[2023-04-10T20:03:29.539+0800][8896.907s] GC(668) Pause Young (Normal) (G1 Evacuation Pause)
[2023-04-10T20:03:29.540+0800][8896.907s] GC(668) Using 8 workers of 8 for evacuation
[2023-04-10T20:03:29.541+0800][8896.909s] GC(668)   Pre Evacuate Collection Set: 0.0ms
[2023-04-10T20:03:29.541+0800][8896.909s] GC(668)   Evacuate Collection Set: 1.3ms
[2023-04-10T20:03:29.542+0800][8896.909s] GC(668)   Post Evacuate Collection Set: 0.5ms
[2023-04-10T20:03:29.542+0800][8896.909s] GC(668)   Other: 0.2ms
[2023-04-10T20:03:29.542+0800][8896.909s] GC(668) Eden regions: 295->0(295)
[2023-04-10T20:03:29.542+0800][8896.909s] GC(668) Survivor regions: 12->12(39)
[2023-04-10T20:03:29.542+0800][8896.909s] GC(668) Old regions: 45->45
[2023-04-10T20:03:29.542+0800][8896.909s] GC(668) Humongous regions: 13->13
[2023-04-10T20:03:29.542+0800][8896.909s] GC(668) Metaspace: 60587K(62928K)->60587K(62928K) NonClass: 53681K(55040K)->53681K(55040K) Class: 6905K(7888K)->6905K(7888K)
[2023-04-10T20:03:29.542+0800][8896.909s] GC(668) Pause Young (Normal) (G1 Evacuation Pause) 364M->69M(512M) 2.225ms
[2023-04-10T20:03:29.542+0800][8896.909s] GC(668) User=0.00s Sys=0.00s Real=0.00s
[2023-04-10T20:03:29.795+0800][8897.163s] GC(669) Pause Young (Normal) (G1 Evacuation Pause)
[2023-04-10T20:03:29.795+0800][8897.163s] GC(669) Using 8 workers of 8 for evacuation
[2023-04-10T20:03:29.796+0800][8897.164s] GC(669)   Pre Evacuate Collection Set: 0.0ms
[2023-04-10T20:03:29.796+0800][8897.164s] GC(669)   Evacuate Collection Set: 0.8ms
[2023-04-10T20:03:29.796+0800][8897.164s] GC(669)   Post Evacuate Collection Set: 0.6ms
[2023-04-10T20:03:29.796+0800][8897.164s] GC(669)   Other: 0.4ms
[2023-04-10T20:03:29.796+0800][8897.164s] GC(669) Eden regions: 295->0(302)
[2023-04-10T20:03:29.796+0800][8897.164s] GC(669) Survivor regions: 12->5(39)
[2023-04-10T20:03:29.796+0800][8897.164s] GC(669) Old regions: 45->45
[2023-04-10T20:03:29.796+0800][8897.164s] GC(669) Humongous regions: 14->5
[2023-04-10T20:03:29.796+0800][8897.164s] GC(669) Metaspace: 60587K(62928K)->60587K(62928K) NonClass: 53681K(55040K)->53681K(55040K) Class: 6905K(7888K)->6905K(7888K)
[2023-04-10T20:03:29.797+0800][8897.164s] GC(669) Pause Young (Normal) (G1 Evacuation Pause) 365M->54M(512M) 1.973ms
[2023-04-10T20:03:29.797+0800][8897.164s] GC(669) User=0.00s Sys=0.00s Real=0.00s
[2023-04-10T20:03:30.048+0800][8897.417s] GC(670) Pause Young (Normal) (G1 Evacuation Pause)
[2023-04-10T20:03:30.048+0800][8897.417s] GC(670) Using 8 workers of 8 for evacuation
[2023-04-10T20:03:30.050+0800][8897.419s] GC(670)   Pre Evacuate Collection Set: 0.0ms
[2023-04-10T20:03:30.050+0800][8897.419s] GC(670)   Evacuate Collection Set: 1.0ms
[2023-04-10T20:03:30.050+0800][8897.419s] GC(670)   Post Evacuate Collection Set: 0.5ms
[2023-04-10T20:03:30.050+0800][8897.419s] GC(670)   Other: 0.2ms
[2023-04-10T20:03:30.050+0800][8897.419s] GC(670) Eden regions: 302->0(298)
[2023-04-10T20:03:30.050+0800][8897.419s] GC(670) Survivor regions: 5->9(39)
[2023-04-10T20:03:30.050+0800][8897.419s] GC(670) Old regions: 45->45
[2023-04-10T20:03:30.050+0800][8897.419s] GC(670) Humongous regions: 7->6
[2023-04-10T20:03:30.050+0800][8897.419s] GC(670) Metaspace: 60587K(62928K)->60587K(62928K) NonClass: 53681K(55040K)->53681K(55040K) Class: 6905K(7888K)->6905K(7888K)
[2023-04-10T20:03:30.050+0800][8897.419s] GC(670) Pause Young (Normal) (G1 Evacuation Pause) 358M->58M(512M) 2.003ms
[2023-04-10T20:03:30.050+0800][8897.419s] GC(670) User=0.00s Sys=0.00s Real=0.00s
[2023-04-10T20:03:30.356+0800][8897.723s] GC(671) Pause Young (Normal) (G1 Evacuation Pause)
[2023-04-10T20:03:30.356+0800][8897.723s] GC(671) Using 8 workers of 8 for evacuation
[2023-04-10T20:03:30.357+0800][8897.725s] GC(671)   Pre Evacuate Collection Set: 0.0ms
[2023-04-10T20:03:30.357+0800][8897.725s] GC(671)   Evacuate Collection Set: 1.2ms
[2023-04-10T20:03:30.357+0800][8897.725s] GC(671)   Post Evacuate Collection Set: 0.5ms
[2023-04-10T20:03:30.357+0800][8897.725s] GC(671)   Other: 0.2ms
[2023-04-10T20:03:30.358+0800][8897.725s] GC(671) Eden regions: 298->0(295)
[2023-04-10T20:03:30.358+0800][8897.725s] GC(671) Survivor regions: 9->12(39)
[2023-04-10T20:03:30.358+0800][8897.725s] GC(671) Old regions: 45->45
[2023-04-10T20:03:30.358+0800][8897.725s] GC(671) Humongous regions: 7->7
[2023-04-10T20:03:30.358+0800][8897.725s] GC(671) Metaspace: 60587K(62928K)->60587K(62928K) NonClass: 53681K(55040K)->53681K(55040K) Class: 6905K(7888K)->6905K(7888K)
[2023-04-10T20:03:30.358+0800][8897.725s] GC(671) Pause Young (Normal) (G1 Evacuation Pause) 357M->63M(512M) 2.088ms
[2023-04-10T20:03:30.358+0800][8897.725s] GC(671) User=0.00s Sys=0.02s Real=0.00s
[2023-04-10T20:03:30.620+0800][8897.989s] GC(672) Pause Young (Normal) (G1 Evacuation Pause)
[2023-04-10T20:03:30.620+0800][8897.989s] GC(672) Using 8 workers of 8 for evacuation
[2023-04-10T20:03:30.622+0800][8897.991s] GC(672)   Pre Evacuate Collection Set: 0.0ms
[2023-04-10T20:03:30.622+0800][8897.991s] GC(672)   Evacuate Collection Set: 1.4ms
[2023-04-10T20:03:30.622+0800][8897.991s] GC(672)   Post Evacuate Collection Set: 0.6ms
[2023-04-10T20:03:30.622+0800][8897.991s] GC(672)   Other: 0.2ms
[2023-04-10T20:03:30.622+0800][8897.991s] GC(672) Eden regions: 295->0(295)
[2023-04-10T20:03:30.622+0800][8897.991s] GC(672) Survivor regions: 12->12(39)
[2023-04-10T20:03:30.622+0800][8897.991s] GC(672) Old regions: 45->45
[2023-04-10T20:03:30.622+0800][8897.991s] GC(672) Humongous regions: 20->13
[2023-04-10T20:03:30.622+0800][8897.991s] GC(672) Metaspace: 60587K(62928K)->60587K(62928K) NonClass: 53681K(55040K)->53681K(55040K) Class: 6905K(7888K)->6905K(7888K)
[2023-04-10T20:03:30.622+0800][8897.991s] GC(672) Pause Young (Normal) (G1 Evacuation Pause) 371M->69M(512M) 2.261ms
[2023-04-10T20:03:30.622+0800][8897.991s] GC(672) User=0.00s Sys=0.00s Real=0.00s
[2023-04-10T20:03:30.956+0800][8898.324s] GC(673) Pause Young (Normal) (G1 Evacuation Pause)
[2023-04-10T20:03:30.956+0800][8898.324s] GC(673) Using 8 workers of 8 for evacuation
[2023-04-10T20:03:30.958+0800][8898.326s] GC(673)   Pre Evacuate Collection Set: 0.0ms
[2023-04-10T20:03:30.958+0800][8898.326s] GC(673)   Evacuate Collection Set: 1.2ms
[2023-04-10T20:03:30.958+0800][8898.326s] GC(673)   Post Evacuate Collection Set: 0.7ms
[2023-04-10T20:03:30.958+0800][8898.326s] GC(673)   Other: 0.2ms
[2023-04-10T20:03:30.958+0800][8898.326s] GC(673) Eden regions: 295->0(296)
[2023-04-10T20:03:30.958+0800][8898.326s] GC(673) Survivor regions: 12->11(39)
[2023-04-10T20:03:30.958+0800][8898.326s] GC(673) Old regions: 45->45
[2023-04-10T20:03:30.958+0800][8898.326s] GC(673) Humongous regions: 18->13
[2023-04-10T20:03:30.958+0800][8898.326s] GC(673) Metaspace: 60587K(62928K)->60587K(62928K) NonClass: 53681K(55040K)->53681K(55040K) Class: 6905K(7888K)->6905K(7888K)
[2023-04-10T20:03:30.958+0800][8898.326s] GC(673) Pause Young (Normal) (G1 Evacuation Pause) 369M->68M(512M) 2.196ms
[2023-04-10T20:03:30.958+0800][8898.326s] GC(673) User=0.00s Sys=0.00s Real=0.00s
[2023-04-10T20:03:31.428+0800][8898.796s] GC(674) Pause Young (Normal) (G1 Evacuation Pause)
[2023-04-10T20:03:31.428+0800][8898.796s] GC(674) Using 8 workers of 8 for evacuation
[2023-04-10T20:03:31.429+0800][8898.797s] GC(674)   Pre Evacuate Collection Set: 0.0ms
[2023-04-10T20:03:31.429+0800][8898.797s] GC(674)   Evacuate Collection Set: 0.7ms
[2023-04-10T20:03:31.429+0800][8898.797s] GC(674)   Post Evacuate Collection Set: 0.7ms
[2023-04-10T20:03:31.429+0800][8898.797s] GC(674)   Other: 0.3ms
[2023-04-10T20:03:31.429+0800][8898.797s] GC(674) Eden regions: 296->0(303)
[2023-04-10T20:03:31.429+0800][8898.797s] GC(674) Survivor regions: 11->4(39)
[2023-04-10T20:03:31.429+0800][8898.797s] GC(674) Old regions: 45->45
[2023-04-10T20:03:31.429+0800][8898.797s] GC(674) Humongous regions: 14->5
[2023-04-10T20:03:31.429+0800][8898.797s] GC(674) Metaspace: 60590K(62928K)->60590K(62928K) NonClass: 53684K(55040K)->53684K(55040K) Class: 6905K(7888K)->6905K(7888K)
[2023-04-10T20:03:31.429+0800][8898.797s] GC(674) Pause Young (Normal) (G1 Evacuation Pause) 365M->53M(512M) 1.861ms
[2023-04-10T20:03:31.429+0800][8898.797s] GC(674) User=0.00s Sys=0.00s Real=0.00s
[2023-04-10T20:03:31.884+0800][8899.252s] GC(675) Pause Young (Normal) (G1 Evacuation Pause)
[2023-04-10T20:03:31.884+0800][8899.252s] GC(675) Using 8 workers of 8 for evacuation
[2023-04-10T20:03:31.885+0800][8899.254s] GC(675)   Pre Evacuate Collection Set: 0.0ms
[2023-04-10T20:03:31.885+0800][8899.254s] GC(675)   Evacuate Collection Set: 1.2ms
[2023-04-10T20:03:31.885+0800][8899.254s] GC(675)   Post Evacuate Collection Set: 0.4ms
[2023-04-10T20:03:31.886+0800][8899.254s] GC(675)   Other: 0.2ms
[2023-04-10T20:03:31.886+0800][8899.254s] GC(675) Eden regions: 303->0(297)
[2023-04-10T20:03:31.886+0800][8899.254s] GC(675) Survivor regions: 4->10(39)
[2023-04-10T20:03:31.886+0800][8899.254s] GC(675) Old regions: 45->45
[2023-04-10T20:03:31.886+0800][8899.254s] GC(675) Humongous regions: 8->7
[2023-04-10T20:03:31.886+0800][8899.254s] GC(675) Metaspace: 60590K(62928K)->60590K(62928K) NonClass: 53684K(55040K)->53684K(55040K) Class: 6905K(7888K)->6905K(7888K)
[2023-04-10T20:03:31.886+0800][8899.254s] GC(675) Pause Young (Normal) (G1 Evacuation Pause) 359M->61M(512M) 2.109ms
[2023-04-10T20:03:31.886+0800][8899.254s] GC(675) User=0.00s Sys=0.02s Real=0.00s
[2023-04-10T20:03:32.351+0800][8899.719s] GC(676) Pause Young (Normal) (G1 Evacuation Pause)
[2023-04-10T20:03:32.351+0800][8899.719s] GC(676) Using 8 workers of 8 for evacuation
[2023-04-10T20:03:32.353+0800][8899.721s] GC(676)   Pre Evacuate Collection Set: 0.0ms
[2023-04-10T20:03:32.353+0800][8899.721s] GC(676)   Evacuate Collection Set: 1.3ms
[2023-04-10T20:03:32.353+0800][8899.721s] GC(676)   Post Evacuate Collection Set: 0.5ms
[2023-04-10T20:03:32.353+0800][8899.721s] GC(676)   Other: 0.2ms
[2023-04-10T20:03:32.353+0800][8899.721s] GC(676) Eden regions: 297->0(296)
[2023-04-10T20:03:32.353+0800][8899.721s] GC(676) Survivor regions: 10->11(39)
[2023-04-10T20:03:32.353+0800][8899.721s] GC(676) Old regions: 45->45
[2023-04-10T20:03:32.353+0800][8899.721s] GC(676) Humongous regions: 26->13
[2023-04-10T20:03:32.353+0800][8899.721s] GC(676) Metaspace: 60590K(62928K)->60590K(62928K) NonClass: 53684K(55040K)->53684K(55040K) Class: 6905K(7888K)->6905K(7888K)
[2023-04-10T20:03:32.353+0800][8899.721s] GC(676) Pause Young (Normal) (G1 Evacuation Pause) 377M->68M(512M) 2.191ms
[2023-04-10T20:03:32.353+0800][8899.721s] GC(676) User=0.00s Sys=0.00s Real=0.00s
[2023-04-10T20:03:32.948+0800][8900.316s] GC(677) Pause Young (Normal) (G1 Evacuation Pause)
[2023-04-10T20:03:32.948+0800][8900.316s] GC(677) Using 8 workers of 8 for evacuation
[2023-04-10T20:03:32.949+0800][8900.317s] GC(677)   Pre Evacuate Collection Set: 0.1ms
[2023-04-10T20:03:32.949+0800][8900.317s] GC(677)   Evacuate Collection Set: 0.5ms
[2023-04-10T20:03:32.949+0800][8900.317s] GC(677)   Post Evacuate Collection Set: 0.4ms
[2023-04-10T20:03:32.949+0800][8900.317s] GC(677)   Other: 0.2ms
[2023-04-10T20:03:32.949+0800][8900.317s] GC(677) Eden regions: 296->0(305)
[2023-04-10T20:03:32.949+0800][8900.317s] GC(677) Survivor regions: 11->2(39)
[2023-04-10T20:03:32.949+0800][8900.317s] GC(677) Old regions: 45->45
[2023-04-10T20:03:32.949+0800][8900.317s] GC(677) Humongous regions: 13->4
[2023-04-10T20:03:32.949+0800][8900.317s] GC(677) Metaspace: 60592K(62928K)->60592K(62928K) NonClass: 53686K(55040K)->53686K(55040K) Class: 6905K(7888K)->6905K(7888K)
[2023-04-10T20:03:32.949+0800][8900.318s] GC(677) Pause Young (Normal) (G1 Evacuation Pause) 364M->50M(512M) 1.355ms
[2023-04-10T20:03:32.949+0800][8900.318s] GC(677) User=0.02s Sys=0.00s Real=0.00s
[2023-04-10T20:03:33.426+0800][8900.793s] GC(678) Pause Young (Normal) (G1 Evacuation Pause)
[2023-04-10T20:03:33.426+0800][8900.793s] GC(678) Using 8 workers of 8 for evacuation
[2023-04-10T20:03:33.427+0800][8900.795s] GC(678)   Pre Evacuate Collection Set: 0.0ms
[2023-04-10T20:03:33.428+0800][8900.795s] GC(678)   Evacuate Collection Set: 1.0ms
[2023-04-10T20:03:33.428+0800][8900.795s] GC(678)   Post Evacuate Collection Set: 0.5ms
[2023-04-10T20:03:33.428+0800][8900.795s] GC(678)   Other: 0.2ms
[2023-04-10T20:03:33.428+0800][8900.795s] GC(678) Eden regions: 305->0(299)
[2023-04-10T20:03:33.428+0800][8900.795s] GC(678) Survivor regions: 2->8(39)
[2023-04-10T20:03:33.428+0800][8900.795s] GC(678) Old regions: 45->45
[2023-04-10T20:03:33.428+0800][8900.796s] GC(678) Humongous regions: 7->6
[2023-04-10T20:03:33.428+0800][8900.796s] GC(678) Metaspace: 60592K(62928K)->60592K(62928K) NonClass: 53686K(55040K)->53686K(55040K) Class: 6905K(7888K)->6905K(7888K)
[2023-04-10T20:03:33.428+0800][8900.796s] GC(678) Pause Young (Normal) (G1 Evacuation Pause) 358M->58M(512M) 2.207ms
[2023-04-10T20:03:33.428+0800][8900.796s] GC(678) User=0.00s Sys=0.00s Real=0.00s
[2023-04-10T20:03:33.869+0800][8901.237s] GC(679) Pause Young (Normal) (G1 Evacuation Pause)
[2023-04-10T20:03:33.869+0800][8901.237s] GC(679) Using 8 workers of 8 for evacuation
[2023-04-10T20:03:33.871+0800][8901.238s] GC(679)   Pre Evacuate Collection Set: 0.0ms
[2023-04-10T20:03:33.871+0800][8901.238s] GC(679)   Evacuate Collection Set: 1.1ms
[2023-04-10T20:03:33.871+0800][8901.239s] GC(679)   Post Evacuate Collection Set: 0.6ms
[2023-04-10T20:03:33.871+0800][8901.239s] GC(679)   Other: 0.2ms
[2023-04-10T20:03:33.871+0800][8901.239s] GC(679) Eden regions: 299->0(297)
[2023-04-10T20:03:33.871+0800][8901.239s] GC(679) Survivor regions: 8->10(39)
[2023-04-10T20:03:33.871+0800][8901.239s] GC(679) Old regions: 45->45
[2023-04-10T20:03:33.871+0800][8901.239s] GC(679) Humongous regions: 20->13
[2023-04-10T20:03:33.871+0800][8901.239s] GC(679) Metaspace: 60592K(62928K)->60592K(62928K) NonClass: 53686K(55040K)->53686K(55040K) Class: 6905K(7888K)->6905K(7888K)
[2023-04-10T20:03:33.871+0800][8901.239s] GC(679) Pause Young (Normal) (G1 Evacuation Pause) 371M->67M(512M) 2.290ms
[2023-04-10T20:03:33.871+0800][8901.239s] GC(679) User=0.06s Sys=0.03s Real=0.00s
[2023-04-10T20:03:34.378+0800][8901.745s] GC(680) Pause Young (Normal) (G1 Evacuation Pause)
[2023-04-10T20:03:34.378+0800][8901.745s] GC(680) Using 8 workers of 8 for evacuation
[2023-04-10T20:03:34.380+0800][8901.747s] GC(680)   Pre Evacuate Collection Set: 0.0ms
[2023-04-10T20:03:34.380+0800][8901.748s] GC(680)   Evacuate Collection Set: 1.2ms
[2023-04-10T20:03:34.380+0800][8901.748s] GC(680)   Post Evacuate Collection Set: 0.6ms
[2023-04-10T20:03:34.380+0800][8901.748s] GC(680)   Other: 0.2ms
[2023-04-10T20:03:34.380+0800][8901.748s] GC(680) Eden regions: 297->0(296)
[2023-04-10T20:03:34.380+0800][8901.748s] GC(680) Survivor regions: 10->11(39)
[2023-04-10T20:03:34.380+0800][8901.748s] GC(680) Old regions: 45->45
[2023-04-10T20:03:34.380+0800][8901.748s] GC(680) Humongous regions: 18->13
[2023-04-10T20:03:34.380+0800][8901.748s] GC(680) Metaspace: 60592K(62928K)->60592K(62928K) NonClass: 53686K(55040K)->53686K(55040K) Class: 6905K(7888K)->6905K(7888K)
[2023-04-10T20:03:34.380+0800][8901.748s] GC(680) Pause Young (Normal) (G1 Evacuation Pause) 369M->67M(512M) 2.300ms
[2023-04-10T20:03:34.380+0800][8901.748s] GC(680) User=0.00s Sys=0.00s Real=0.00s
[2023-04-10T20:03:34.846+0800][8902.215s] GC(681) Pause Young (Normal) (G1 Evacuation Pause)
[2023-04-10T20:03:34.846+0800][8902.215s] GC(681) Using 8 workers of 8 for evacuation
[2023-04-10T20:03:34.848+0800][8902.216s] GC(681)   Pre Evacuate Collection Set: 0.0ms
[2023-04-10T20:03:34.848+0800][8902.216s] GC(681)   Evacuate Collection Set: 0.8ms
[2023-04-10T20:03:34.848+0800][8902.216s] GC(681)   Post Evacuate Collection Set: 0.6ms
[2023-04-10T20:03:34.848+0800][8902.216s] GC(681)   Other: 0.2ms
[2023-04-10T20:03:34.848+0800][8902.216s] GC(681) Eden regions: 296->0(301)
[2023-04-10T20:03:34.848+0800][8902.216s] GC(681) Survivor regions: 11->6(39)
[2023-04-10T20:03:34.848+0800][8902.216s] GC(681) Old regions: 45->45
[2023-04-10T20:03:34.848+0800][8902.216s] GC(681) Humongous regions: 14->5
[2023-04-10T20:03:34.848+0800][8902.216s] GC(681) Metaspace: 60593K(62928K)->60593K(62928K) NonClass: 53687K(55040K)->53687K(55040K) Class: 6905K(7888K)->6905K(7888K)
[2023-04-10T20:03:34.848+0800][8902.216s] GC(681) Pause Young (Normal) (G1 Evacuation Pause) 364M->55M(512M) 1.750ms
[2023-04-10T20:03:34.848+0800][8902.216s] GC(681) User=0.00s Sys=0.00s Real=0.00s
[2023-04-10T20:03:35.252+0800][8902.620s] GC(682) Pause Young (Normal) (G1 Evacuation Pause)
[2023-04-10T20:03:35.252+0800][8902.620s] GC(682) Using 8 workers of 8 for evacuation
[2023-04-10T20:03:35.254+0800][8902.622s] GC(682)   Pre Evacuate Collection Set: 0.0ms
[2023-04-10T20:03:35.254+0800][8902.622s] GC(682)   Evacuate Collection Set: 1.0ms
[2023-04-10T20:03:35.254+0800][8902.622s] GC(682)   Post Evacuate Collection Set: 0.6ms
[2023-04-10T20:03:35.254+0800][8902.622s] GC(682)   Other: 0.2ms
[2023-04-10T20:03:35.254+0800][8902.622s] GC(682) Eden regions: 301->0(298)
[2023-04-10T20:03:35.254+0800][8902.622s] GC(682) Survivor regions: 6->9(39)
[2023-04-10T20:03:35.254+0800][8902.622s] GC(682) Old regions: 45->45
[2023-04-10T20:03:35.254+0800][8902.622s] GC(682) Humongous regions: 13->12
[2023-04-10T20:03:35.254+0800][8902.622s] GC(682) Metaspace: 60593K(62928K)->60593K(62928K) NonClass: 53687K(55040K)->53687K(55040K) Class: 6905K(7888K)->6905K(7888K)
[2023-04-10T20:03:35.254+0800][8902.622s] GC(682) Pause Young (Normal) (G1 Evacuation Pause) 364M->65M(512M) 2.007ms
[2023-04-10T20:03:35.254+0800][8902.622s] GC(682) User=0.00s Sys=0.00s Real=0.00s
[2023-04-10T20:03:35.775+0800][8903.143s] GC(683) Pause Young (Normal) (G1 Evacuation Pause)
[2023-04-10T20:03:35.775+0800][8903.143s] GC(683) Using 8 workers of 8 for evacuation
[2023-04-10T20:03:35.777+0800][8903.145s] GC(683)   Pre Evacuate Collection Set: 0.0ms
[2023-04-10T20:03:35.777+0800][8903.145s] GC(683)   Evacuate Collection Set: 1.1ms
[2023-04-10T20:03:35.777+0800][8903.145s] GC(683)   Post Evacuate Collection Set: 0.7ms
[2023-04-10T20:03:35.777+0800][8903.145s] GC(683)   Other: 0.2ms
[2023-04-10T20:03:35.777+0800][8903.145s] GC(683) Eden regions: 298->0(297)
[2023-04-10T20:03:35.777+0800][8903.145s] GC(683) Survivor regions: 9->10(39)
[2023-04-10T20:03:35.777+0800][8903.145s] GC(683) Old regions: 45->45
[2023-04-10T20:03:35.777+0800][8903.145s] GC(683) Humongous regions: 25->13
[2023-04-10T20:03:35.777+0800][8903.146s] GC(683) Metaspace: 60593K(62928K)->60593K(62928K) NonClass: 53687K(55040K)->53687K(55040K) Class: 6905K(7888K)->6905K(7888K)
[2023-04-10T20:03:35.778+0800][8903.146s] GC(683) Pause Young (Normal) (G1 Evacuation Pause) 376M->67M(512M) 2.435ms
[2023-04-10T20:03:35.778+0800][8903.146s] GC(683) User=0.00s Sys=0.00s Real=0.00s
[2023-04-10T20:03:36.189+0800][8903.558s] GC(684) Pause Young (Normal) (G1 Evacuation Pause)
[2023-04-10T20:03:36.189+0800][8903.558s] GC(684) Using 8 workers of 8 for evacuation
[2023-04-10T20:03:36.191+0800][8903.559s] GC(684)   Pre Evacuate Collection Set: 0.0ms
[2023-04-10T20:03:36.191+0800][8903.559s] GC(684)   Evacuate Collection Set: 0.6ms
[2023-04-10T20:03:36.191+0800][8903.559s] GC(684)   Post Evacuate Collection Set: 0.7ms
[2023-04-10T20:03:36.191+0800][8903.559s] GC(684)   Other: 0.2ms
[2023-04-10T20:03:36.191+0800][8903.559s] GC(684) Eden regions: 297->0(303)
[2023-04-10T20:03:36.191+0800][8903.559s] GC(684) Survivor regions: 10->4(39)
[2023-04-10T20:03:36.191+0800][8903.559s] GC(684) Old regions: 45->45
[2023-04-10T20:03:36.191+0800][8903.559s] GC(684) Humongous regions: 14->5
[2023-04-10T20:03:36.191+0800][8903.559s] GC(684) Metaspace: 60593K(62928K)->60593K(62928K) NonClass: 53687K(55040K)->53687K(55040K) Class: 6905K(7888K)->6905K(7888K)
[2023-04-10T20:03:36.191+0800][8903.559s] GC(684) Pause Young (Normal) (G1 Evacuation Pause) 365M->53M(512M) 1.586ms
[2023-04-10T20:03:36.191+0800][8903.559s] GC(684) User=0.00s Sys=0.00s Real=0.00s
[2023-04-10T20:03:36.599+0800][8903.967s] GC(685) Pause Young (Normal) (G1 Evacuation Pause)
[2023-04-10T20:03:36.599+0800][8903.968s] GC(685) Using 8 workers of 8 for evacuation
[2023-04-10T20:03:36.601+0800][8903.969s] GC(685)   Pre Evacuate Collection Set: 0.0ms
[2023-04-10T20:03:36.601+0800][8903.969s] GC(685)   Evacuate Collection Set: 1.0ms
[2023-04-10T20:03:36.601+0800][8903.969s] GC(685)   Post Evacuate Collection Set: 0.6ms
[2023-04-10T20:03:36.601+0800][8903.969s] GC(685)   Other: 0.2ms
[2023-04-10T20:03:36.601+0800][8903.969s] GC(685) Eden regions: 303->0(297)
[2023-04-10T20:03:36.601+0800][8903.969s] GC(685) Survivor regions: 4->10(39)
[2023-04-10T20:03:36.601+0800][8903.969s] GC(685) Old regions: 45->45
[2023-04-10T20:03:36.601+0800][8903.969s] GC(685) Humongous regions: 8->7
[2023-04-10T20:03:36.601+0800][8903.969s] GC(685) Metaspace: 60593K(62928K)->60593K(62928K) NonClass: 53687K(55040K)->53687K(55040K) Class: 6905K(7888K)->6905K(7888K)
[2023-04-10T20:03:36.601+0800][8903.969s] GC(685) Pause Young (Normal) (G1 Evacuation Pause) 359M->61M(512M) 2.020ms
[2023-04-10T20:03:36.601+0800][8903.970s] GC(685) User=0.00s Sys=0.00s Real=0.00s
[2023-04-10T20:03:37.149+0800][8904.517s] GC(686) Pause Young (Normal) (G1 Evacuation Pause)
[2023-04-10T20:03:37.149+0800][8904.517s] GC(686) Using 8 workers of 8 for evacuation
[2023-04-10T20:03:37.151+0800][8904.519s] GC(686)   Pre Evacuate Collection Set: 0.0ms
[2023-04-10T20:03:37.151+0800][8904.519s] GC(686)   Evacuate Collection Set: 1.1ms
[2023-04-10T20:03:37.151+0800][8904.519s] GC(686)   Post Evacuate Collection Set: 0.7ms
[2023-04-10T20:03:37.151+0800][8904.519s] GC(686)   Other: 0.2ms
[2023-04-10T20:03:37.151+0800][8904.519s] GC(686) Eden regions: 297->0(296)
[2023-04-10T20:03:37.151+0800][8904.519s] GC(686) Survivor regions: 10->11(39)
[2023-04-10T20:03:37.151+0800][8904.519s] GC(686) Old regions: 45->45
[2023-04-10T20:03:37.151+0800][8904.519s] GC(686) Humongous regions: 25->13
[2023-04-10T20:03:37.151+0800][8904.519s] GC(686) Metaspace: 60595K(62928K)->60595K(62928K) NonClass: 53689K(55040K)->53689K(55040K) Class: 6905K(7888K)->6905K(7888K)
[2023-04-10T20:03:37.151+0800][8904.519s] GC(686) Pause Young (Normal) (G1 Evacuation Pause) 376M->68M(512M) 2.214ms
[2023-04-10T20:03:37.151+0800][8904.519s] GC(686) User=0.00s Sys=0.00s Real=0.00s
[2023-04-10T20:03:37.582+0800][8904.950s] GC(687) Pause Young (Normal) (G1 Evacuation Pause)
[2023-04-10T20:03:37.582+0800][8904.950s] GC(687) Using 8 workers of 8 for evacuation
[2023-04-10T20:03:37.583+0800][8904.951s] GC(687)   Pre Evacuate Collection Set: 0.0ms
[2023-04-10T20:03:37.583+0800][8904.951s] GC(687)   Evacuate Collection Set: 0.5ms
[2023-04-10T20:03:37.583+0800][8904.951s] GC(687)   Post Evacuate Collection Set: 0.5ms
[2023-04-10T20:03:37.583+0800][8904.951s] GC(687)   Other: 0.3ms
[2023-04-10T20:03:37.583+0800][8904.951s] GC(687) Eden regions: 296->0(305)
[2023-04-10T20:03:37.583+0800][8904.951s] GC(687) Survivor regions: 11->2(39)
[2023-04-10T20:03:37.583+0800][8904.951s] GC(687) Old regions: 45->45
[2023-04-10T20:03:37.583+0800][8904.951s] GC(687) Humongous regions: 13->4
[2023-04-10T20:03:37.583+0800][8904.951s] GC(687) Metaspace: 60595K(62928K)->60595K(62928K) NonClass: 53689K(55040K)->53689K(55040K) Class: 6905K(7888K)->6905K(7888K)
[2023-04-10T20:03:37.583+0800][8904.951s] GC(687) Pause Young (Normal) (G1 Evacuation Pause) 364M->50M(512M) 1.466ms
[2023-04-10T20:03:37.583+0800][8904.951s] GC(687) User=0.00s Sys=0.00s Real=0.00s
[2023-04-10T20:03:38.000+0800][8905.368s] GC(688) Pause Young (Normal) (G1 Evacuation Pause)
[2023-04-10T20:03:38.000+0800][8905.368s] GC(688) Using 8 workers of 8 for evacuation
[2023-04-10T20:03:38.002+0800][8905.370s] GC(688)   Pre Evacuate Collection Set: 0.0ms
[2023-04-10T20:03:38.002+0800][8905.370s] GC(688)   Evacuate Collection Set: 0.9ms
[2023-04-10T20:03:38.002+0800][8905.370s] GC(688)   Post Evacuate Collection Set: 0.6ms
[2023-04-10T20:03:38.002+0800][8905.370s] GC(688)   Other: 0.2ms
[2023-04-10T20:03:38.002+0800][8905.370s] GC(688) Eden regions: 305->0(299)
[2023-04-10T20:03:38.002+0800][8905.370s] GC(688) Survivor regions: 2->8(39)
[2023-04-10T20:03:38.002+0800][8905.370s] GC(688) Old regions: 45->45
[2023-04-10T20:03:38.002+0800][8905.370s] GC(688) Humongous regions: 7->6
[2023-04-10T20:03:38.002+0800][8905.370s] GC(688) Metaspace: 60595K(62928K)->60595K(62928K) NonClass: 53689K(55040K)->53689K(55040K) Class: 6905K(7888K)->6905K(7888K)
[2023-04-10T20:03:38.002+0800][8905.370s] GC(688) Pause Young (Normal) (G1 Evacuation Pause) 358M->58M(512M) 1.862ms
[2023-04-10T20:03:38.002+0800][8905.370s] GC(688) User=0.00s Sys=0.00s Real=0.00s
[2023-04-10T20:03:38.408+0800][8905.775s] GC(689) Pause Young (Normal) (G1 Evacuation Pause)
[2023-04-10T20:03:38.408+0800][8905.776s] GC(689) Using 8 workers of 8 for evacuation
[2023-04-10T20:03:38.410+0800][8905.777s] GC(689)   Pre Evacuate Collection Set: 0.0ms
[2023-04-10T20:03:38.410+0800][8905.777s] GC(689)   Evacuate Collection Set: 1.1ms
[2023-04-10T20:03:38.410+0800][8905.777s] GC(689)   Post Evacuate Collection Set: 0.6ms
[2023-04-10T20:03:38.410+0800][8905.777s] GC(689)   Other: 0.2ms
[2023-04-10T20:03:38.410+0800][8905.777s] GC(689) Eden regions: 299->0(297)
[2023-04-10T20:03:38.410+0800][8905.777s] GC(689) Survivor regions: 8->10(39)
[2023-04-10T20:03:38.410+0800][8905.777s] GC(689) Old regions: 45->45
[2023-04-10T20:03:38.410+0800][8905.777s] GC(689) Humongous regions: 20->13
[2023-04-10T20:03:38.410+0800][8905.777s] GC(689) Metaspace: 60595K(62928K)->60595K(62928K) NonClass: 53689K(55040K)->53689K(55040K) Class: 6905K(7888K)->6905K(7888K)
[2023-04-10T20:03:38.410+0800][8905.778s] GC(689) Pause Young (Normal) (G1 Evacuation Pause) 371M->67M(512M) 2.031ms
[2023-04-10T20:03:38.410+0800][8905.778s] GC(689) User=0.00s Sys=0.00s Real=0.00s
[2023-04-10T20:03:38.975+0800][8906.344s] GC(690) Pause Young (Normal) (G1 Evacuation Pause)
[2023-04-10T20:03:38.976+0800][8906.344s] GC(690) Using 8 workers of 8 for evacuation
[2023-04-10T20:03:38.976+0800][8906.345s] GC(690)   Pre Evacuate Collection Set: 0.0ms
[2023-04-10T20:03:38.976+0800][8906.345s] GC(690)   Evacuate Collection Set: 0.3ms
[2023-04-10T20:03:38.976+0800][8906.345s] GC(690)   Post Evacuate Collection Set: 0.5ms
[2023-04-10T20:03:38.977+0800][8906.345s] GC(690)   Other: 0.1ms
[2023-04-10T20:03:38.977+0800][8906.345s] GC(690) Eden regions: 297->0(306)
[2023-04-10T20:03:38.977+0800][8906.345s] GC(690) Survivor regions: 10->1(39)
[2023-04-10T20:03:38.977+0800][8906.345s] GC(690) Old regions: 45->45
[2023-04-10T20:03:38.977+0800][8906.345s] GC(690) Humongous regions: 18->4
[2023-04-10T20:03:38.977+0800][8906.345s] GC(690) Metaspace: 60595K(62928K)->60595K(62928K) NonClass: 53689K(55040K)->53689K(55040K) Class: 6905K(7888K)->6905K(7888K)
[2023-04-10T20:03:38.977+0800][8906.345s] GC(690) Pause Young (Normal) (G1 Evacuation Pause) 369M->49M(512M) 1.132ms
[2023-04-10T20:03:38.977+0800][8906.345s] GC(690) User=0.00s Sys=0.00s Real=0.00s
[2023-04-10T20:03:39.355+0800][8906.722s] GC(691) Pause Young (Normal) (G1 Evacuation Pause)
[2023-04-10T20:03:39.355+0800][8906.722s] GC(691) Using 8 workers of 8 for evacuation
[2023-04-10T20:03:39.356+0800][8906.724s] GC(691)   Pre Evacuate Collection Set: 0.0ms
[2023-04-10T20:03:39.356+0800][8906.724s] GC(691)   Evacuate Collection Set: 0.8ms
[2023-04-10T20:03:39.356+0800][8906.724s] GC(691)   Post Evacuate Collection Set: 0.7ms
[2023-04-10T20:03:39.356+0800][8906.724s] GC(691)   Other: 0.2ms
[2023-04-10T20:03:39.356+0800][8906.724s] GC(691) Eden regions: 306->0(300)
[2023-04-10T20:03:39.356+0800][8906.724s] GC(691) Survivor regions: 1->7(39)
[2023-04-10T20:03:39.356+0800][8906.724s] GC(691) Old regions: 45->45
[2023-04-10T20:03:39.356+0800][8906.724s] GC(691) Humongous regions: 7->6
[2023-04-10T20:03:39.356+0800][8906.724s] GC(691) Metaspace: 60595K(62928K)->60595K(62928K) NonClass: 53689K(55040K)->53689K(55040K) Class: 6905K(7888K)->6905K(7888K)
[2023-04-10T20:03:39.356+0800][8906.724s] GC(691) Pause Young (Normal) (G1 Evacuation Pause) 358M->57M(512M) 1.790ms
[2023-04-10T20:03:39.356+0800][8906.724s] GC(691) User=0.12s Sys=0.00s Real=0.00s
[2023-04-10T20:03:39.743+0800][8907.111s] GC(692) Pause Young (Normal) (G1 Evacuation Pause)
[2023-04-10T20:03:39.743+0800][8907.111s] GC(692) Using 8 workers of 8 for evacuation
[2023-04-10T20:03:39.745+0800][8907.113s] GC(692)   Pre Evacuate Collection Set: 0.0ms
[2023-04-10T20:03:39.745+0800][8907.113s] GC(692)   Evacuate Collection Set: 1.0ms
[2023-04-10T20:03:39.745+0800][8907.113s] GC(692)   Post Evacuate Collection Set: 0.7ms
[2023-04-10T20:03:39.745+0800][8907.113s] GC(692)   Other: 0.2ms
[2023-04-10T20:03:39.745+0800][8907.113s] GC(692) Eden regions: 300->0(298)
[2023-04-10T20:03:39.745+0800][8907.113s] GC(692) Survivor regions: 7->9(39)
[2023-04-10T20:03:39.745+0800][8907.113s] GC(692) Old regions: 45->45
[2023-04-10T20:03:39.745+0800][8907.113s] GC(692) Humongous regions: 12->12
[2023-04-10T20:03:39.745+0800][8907.113s] GC(692) Metaspace: 60595K(62928K)->60595K(62928K) NonClass: 53689K(55040K)->53689K(55040K) Class: 6905K(7888K)->6905K(7888K)
[2023-04-10T20:03:39.745+0800][8907.113s] GC(692) Pause Young (Normal) (G1 Evacuation Pause) 363M->65M(512M) 1.998ms
[2023-04-10T20:03:39.745+0800][8907.113s] GC(692) User=0.00s Sys=0.00s Real=0.00s
[2023-04-10T20:03:40.420+0800][8907.787s] GC(693) Pause Young (Normal) (G1 Evacuation Pause)
[2023-04-10T20:03:40.420+0800][8907.788s] GC(693) Using 8 workers of 8 for evacuation
[2023-04-10T20:03:40.421+0800][8907.789s] GC(693)   Pre Evacuate Collection Set: 0.0ms
[2023-04-10T20:03:40.422+0800][8907.789s] GC(693)   Evacuate Collection Set: 1.0ms
[2023-04-10T20:03:40.422+0800][8907.789s] GC(693)   Post Evacuate Collection Set: 0.4ms
[2023-04-10T20:03:40.422+0800][8907.789s] GC(693)   Other: 0.2ms
[2023-04-10T20:03:40.422+0800][8907.789s] GC(693) Eden regions: 298->0(297)
[2023-04-10T20:03:40.422+0800][8907.789s] GC(693) Survivor regions: 9->10(39)
[2023-04-10T20:03:40.422+0800][8907.789s] GC(693) Old regions: 45->45
[2023-04-10T20:03:40.422+0800][8907.789s] GC(693) Humongous regions: 25->13
[2023-04-10T20:03:40.422+0800][8907.789s] GC(693) Metaspace: 60595K(62928K)->60595K(62928K) NonClass: 53689K(55040K)->53689K(55040K) Class: 6905K(7888K)->6905K(7888K)
[2023-04-10T20:03:40.422+0800][8907.789s] GC(693) Pause Young (Normal) (G1 Evacuation Pause) 376M->67M(512M) 1.835ms
[2023-04-10T20:03:40.422+0800][8907.789s] GC(693) User=0.00s Sys=0.00s Real=0.00s
[2023-04-10T20:03:40.918+0800][8908.287s] GC(694) Pause Young (Normal) (G1 Evacuation Pause)
[2023-04-10T20:03:40.918+0800][8908.287s] GC(694) Using 8 workers of 8 for evacuation
[2023-04-10T20:03:40.919+0800][8908.288s] GC(694)   Pre Evacuate Collection Set: 0.0ms
[2023-04-10T20:03:40.919+0800][8908.288s] GC(694)   Evacuate Collection Set: 0.6ms
[2023-04-10T20:03:40.919+0800][8908.288s] GC(694)   Post Evacuate Collection Set: 0.4ms
[2023-04-10T20:03:40.920+0800][8908.288s] GC(694)   Other: 0.2ms
[2023-04-10T20:03:40.920+0800][8908.288s] GC(694) Eden regions: 297->0(302)
[2023-04-10T20:03:40.920+0800][8908.288s] GC(694) Survivor regions: 10->5(39)
[2023-04-10T20:03:40.920+0800][8908.288s] GC(694) Old regions: 45->45
[2023-04-10T20:03:40.920+0800][8908.288s] GC(694) Humongous regions: 14->5
[2023-04-10T20:03:40.920+0800][8908.288s] GC(694) Metaspace: 60596K(62928K)->60596K(62928K) NonClass: 53690K(55040K)->53690K(55040K) Class: 6905K(7888K)->6905K(7888K)
[2023-04-10T20:03:40.920+0800][8908.288s] GC(694) Pause Young (Normal) (G1 Evacuation Pause) 365M->54M(512M) 1.556ms
[2023-04-10T20:03:40.920+0800][8908.288s] GC(694) User=0.00s Sys=0.00s Real=0.00s
[2023-04-10T20:03:41.378+0800][8908.747s] GC(695) Pause Young (Normal) (G1 Evacuation Pause)
[2023-04-10T20:03:41.378+0800][8908.747s] GC(695) Using 8 workers of 8 for evacuation
[2023-04-10T20:03:41.380+0800][8908.749s] GC(695)   Pre Evacuate Collection Set: 0.0ms
[2023-04-10T20:03:41.380+0800][8908.749s] GC(695)   Evacuate Collection Set: 1.3ms
[2023-04-10T20:03:41.381+0800][8908.749s] GC(695)   Post Evacuate Collection Set: 0.6ms
[2023-04-10T20:03:41.381+0800][8908.749s] GC(695)   Other: 0.2ms
[2023-04-10T20:03:41.381+0800][8908.749s] GC(695) Eden regions: 302->0(297)
[2023-04-10T20:03:41.381+0800][8908.749s] GC(695) Survivor regions: 5->10(39)
[2023-04-10T20:03:41.381+0800][8908.749s] GC(695) Old regions: 45->45
[2023-04-10T20:03:41.381+0800][8908.749s] GC(695) Humongous regions: 8->7
[2023-04-10T20:03:41.381+0800][8908.749s] GC(695) Metaspace: 60603K(62928K)->60603K(62928K) NonClass: 53697K(55040K)->53697K(55040K) Class: 6905K(7888K)->6905K(7888K)
[2023-04-10T20:03:41.381+0800][8908.749s] GC(695) Pause Young (Normal) (G1 Evacuation Pause) 359M->61M(512M) 2.288ms
[2023-04-10T20:03:41.381+0800][8908.749s] GC(695) User=0.00s Sys=0.00s Real=0.00s
[2023-04-10T20:03:41.973+0800][8909.342s] GC(696) Pause Young (Normal) (G1 Evacuation Pause)
[2023-04-10T20:03:41.973+0800][8909.342s] GC(696) Using 8 workers of 8 for evacuation
[2023-04-10T20:03:41.975+0800][8909.344s] GC(696)   Pre Evacuate Collection Set: 0.0ms
[2023-04-10T20:03:41.975+0800][8909.344s] GC(696)   Evacuate Collection Set: 1.2ms
[2023-04-10T20:03:41.975+0800][8909.344s] GC(696)   Post Evacuate Collection Set: 0.6ms
[2023-04-10T20:03:41.975+0800][8909.344s] GC(696)   Other: 0.2ms
[2023-04-10T20:03:41.975+0800][8909.344s] GC(696) Eden regions: 297->0(297)
[2023-04-10T20:03:41.975+0800][8909.344s] GC(696) Survivor regions: 10->10(39)
[2023-04-10T20:03:41.975+0800][8909.344s] GC(696) Old regions: 45->45
[2023-04-10T20:03:41.975+0800][8909.344s] GC(696) Humongous regions: 25->13
[2023-04-10T20:03:41.975+0800][8909.344s] GC(696) Metaspace: 60603K(62928K)->60603K(62928K) NonClass: 53697K(55040K)->53697K(55040K) Class: 6905K(7888K)->6905K(7888K)
[2023-04-10T20:03:41.975+0800][8909.344s] GC(696) Pause Young (Normal) (G1 Evacuation Pause) 376M->67M(512M) 2.164ms
[2023-04-10T20:03:41.975+0800][8909.344s] GC(696) User=0.00s Sys=0.00s Real=0.00s
[2023-04-10T20:03:42.377+0800][8909.745s] GC(697) Pause Young (Normal) (G1 Evacuation Pause)
[2023-04-10T20:03:42.377+0800][8909.745s] GC(697) Using 8 workers of 8 for evacuation
[2023-04-10T20:03:42.378+0800][8909.746s] GC(697)   Pre Evacuate Collection Set: 0.0ms
[2023-04-10T20:03:42.378+0800][8909.746s] GC(697)   Evacuate Collection Set: 0.5ms
[2023-04-10T20:03:42.378+0800][8909.746s] GC(697)   Post Evacuate Collection Set: 0.7ms
[2023-04-10T20:03:42.378+0800][8909.746s] GC(697)   Other: 0.1ms
[2023-04-10T20:03:42.378+0800][8909.746s] GC(697) Eden regions: 297->0(303)
[2023-04-10T20:03:42.378+0800][8909.746s] GC(697) Survivor regions: 10->4(39)
[2023-04-10T20:03:42.378+0800][8909.746s] GC(697) Old regions: 45->45
[2023-04-10T20:03:42.378+0800][8909.746s] GC(697) Humongous regions: 13->4
[2023-04-10T20:03:42.378+0800][8909.746s] GC(697) Metaspace: 60603K(62928K)->60603K(62928K) NonClass: 53697K(55040K)->53697K(55040K) Class: 6905K(7888K)->6905K(7888K)
[2023-04-10T20:03:42.378+0800][8909.746s] GC(697) Pause Young (Normal) (G1 Evacuation Pause) 364M->52M(512M) 1.500ms
[2023-04-10T20:03:42.378+0800][8909.746s] GC(697) User=0.00s Sys=0.00s Real=0.00s
[2023-04-10T20:03:42.873+0800][8910.241s] GC(698) Pause Young (Normal) (G1 Evacuation Pause)
[2023-04-10T20:03:42.873+0800][8910.241s] GC(698) Using 8 workers of 8 for evacuation
[2023-04-10T20:03:42.875+0800][8910.243s] GC(698)   Pre Evacuate Collection Set: 0.0ms
[2023-04-10T20:03:42.875+0800][8910.243s] GC(698)   Evacuate Collection Set: 0.9ms
[2023-04-10T20:03:42.875+0800][8910.243s] GC(698)   Post Evacuate Collection Set: 0.6ms
[2023-04-10T20:03:42.875+0800][8910.243s] GC(698)   Other: 0.2ms
[2023-04-10T20:03:42.875+0800][8910.243s] GC(698) Eden regions: 303->0(299)
[2023-04-10T20:03:42.875+0800][8910.243s] GC(698) Survivor regions: 4->8(39)
[2023-04-10T20:03:42.875+0800][8910.243s] GC(698) Old regions: 45->45
[2023-04-10T20:03:42.875+0800][8910.243s] GC(698) Humongous regions: 7->6
[2023-04-10T20:03:42.875+0800][8910.243s] GC(698) Metaspace: 60603K(62928K)->60603K(62928K) NonClass: 53697K(55040K)->53697K(55040K) Class: 6905K(7888K)->6905K(7888K)
[2023-04-10T20:03:42.875+0800][8910.243s] GC(698) Pause Young (Normal) (G1 Evacuation Pause) 358M->58M(512M) 1.823ms
[2023-04-10T20:03:42.875+0800][8910.243s] GC(698) User=0.00s Sys=0.00s Real=0.00s
[2023-04-10T20:07:11.914+0800][9119.281s] GC(699) Pause Young (Normal) (G1 Evacuation Pause)
[2023-04-10T20:07:11.914+0800][9119.281s] GC(699) Using 8 workers of 8 for evacuation
[2023-04-10T20:07:11.915+0800][9119.283s] GC(699)   Pre Evacuate Collection Set: 0.0ms
[2023-04-10T20:07:11.915+0800][9119.283s] GC(699)   Evacuate Collection Set: 0.9ms
[2023-04-10T20:07:11.915+0800][9119.283s] GC(699)   Post Evacuate Collection Set: 0.7ms
[2023-04-10T20:07:11.915+0800][9119.283s] GC(699)   Other: 0.2ms
[2023-04-10T20:07:11.915+0800][9119.283s] GC(699) Eden regions: 299->0(302)
[2023-04-10T20:07:11.915+0800][9119.283s] GC(699) Survivor regions: 8->5(39)
[2023-04-10T20:07:11.915+0800][9119.283s] GC(699) Old regions: 45->45
[2023-04-10T20:07:11.915+0800][9119.283s] GC(699) Humongous regions: 7->5
[2023-04-10T20:07:11.915+0800][9119.283s] GC(699) Metaspace: 60724K(62928K)->60724K(62928K) NonClass: 53805K(55040K)->53805K(55040K) Class: 6918K(7888K)->6918K(7888K)
[2023-04-10T20:07:11.915+0800][9119.283s] GC(699) Pause Young (Normal) (G1 Evacuation Pause) 358M->54M(512M) 1.895ms
[2023-04-10T20:07:11.915+0800][9119.283s] GC(699) User=0.00s Sys=0.00s Real=0.00s
[2023-04-10T20:07:12.302+0800][9119.670s] GC(700) Pause Young (Normal) (G1 Evacuation Pause)
[2023-04-10T20:07:12.302+0800][9119.670s] GC(700) Using 8 workers of 8 for evacuation
[2023-04-10T20:07:12.304+0800][9119.672s] GC(700)   Pre Evacuate Collection Set: 0.0ms
[2023-04-10T20:07:12.304+0800][9119.672s] GC(700)   Evacuate Collection Set: 1.2ms
[2023-04-10T20:07:12.304+0800][9119.672s] GC(700)   Post Evacuate Collection Set: 0.7ms
[2023-04-10T20:07:12.304+0800][9119.672s] GC(700)   Other: 0.2ms
[2023-04-10T20:07:12.304+0800][9119.672s] GC(700) Eden regions: 302->0(297)
[2023-04-10T20:07:12.304+0800][9119.672s] GC(700) Survivor regions: 5->10(39)
[2023-04-10T20:07:12.304+0800][9119.672s] GC(700) Old regions: 45->45
[2023-04-10T20:07:12.304+0800][9119.672s] GC(700) Humongous regions: 8->7
[2023-04-10T20:07:12.304+0800][9119.672s] GC(700) Metaspace: 60724K(62928K)->60724K(62928K) NonClass: 53805K(55040K)->53805K(55040K) Class: 6918K(7888K)->6918K(7888K)
[2023-04-10T20:07:12.304+0800][9119.672s] GC(700) Pause Young (Normal) (G1 Evacuation Pause) 359M->61M(512M) 2.295ms
[2023-04-10T20:07:12.304+0800][9119.672s] GC(700) User=0.00s Sys=0.00s Real=0.00s
[2023-04-10T20:07:12.687+0800][9120.055s] GC(701) Pause Young (Normal) (G1 Evacuation Pause)
[2023-04-10T20:07:12.687+0800][9120.055s] GC(701) Using 8 workers of 8 for evacuation
[2023-04-10T20:07:12.690+0800][9120.058s] GC(701)   Pre Evacuate Collection Set: 0.0ms
[2023-04-10T20:07:12.690+0800][9120.058s] GC(701)   Evacuate Collection Set: 1.5ms
[2023-04-10T20:07:12.690+0800][9120.058s] GC(701)   Post Evacuate Collection Set: 0.8ms
[2023-04-10T20:07:12.690+0800][9120.058s] GC(701)   Other: 0.2ms
[2023-04-10T20:07:12.690+0800][9120.058s] GC(701) Eden regions: 297->0(295)
[2023-04-10T20:07:12.690+0800][9120.058s] GC(701) Survivor regions: 10->12(39)
[2023-04-10T20:07:12.690+0800][9120.058s] GC(701) Old regions: 45->45
[2023-04-10T20:07:12.690+0800][9120.058s] GC(701) Humongous regions: 25->13
[2023-04-10T20:07:12.690+0800][9120.058s] GC(701) Metaspace: 60724K(62928K)->60724K(62928K) NonClass: 53805K(55040K)->53805K(55040K) Class: 6918K(7888K)->6918K(7888K)
[2023-04-10T20:07:12.690+0800][9120.058s] GC(701) Pause Young (Normal) (G1 Evacuation Pause) 376M->69M(512M) 2.644ms
[2023-04-10T20:07:12.690+0800][9120.058s] GC(701) User=0.00s Sys=0.00s Real=0.00s
[2023-04-10T20:07:13.191+0800][9120.559s] GC(702) Pause Young (Normal) (G1 Evacuation Pause)
[2023-04-10T20:07:13.191+0800][9120.559s] GC(702) Using 8 workers of 8 for evacuation
[2023-04-10T20:07:13.192+0800][9120.560s] GC(702)   Pre Evacuate Collection Set: 0.0ms
[2023-04-10T20:07:13.192+0800][9120.560s] GC(702)   Evacuate Collection Set: 0.6ms
[2023-04-10T20:07:13.192+0800][9120.560s] GC(702)   Post Evacuate Collection Set: 0.6ms
[2023-04-10T20:07:13.192+0800][9120.560s] GC(702)   Other: 0.2ms
[2023-04-10T20:07:13.192+0800][9120.560s] GC(702) Eden regions: 295->0(304)
[2023-04-10T20:07:13.192+0800][9120.560s] GC(702) Survivor regions: 12->3(39)
[2023-04-10T20:07:13.192+0800][9120.560s] GC(702) Old regions: 45->45
[2023-04-10T20:07:13.192+0800][9120.560s] GC(702) Humongous regions: 13->4
[2023-04-10T20:07:13.192+0800][9120.560s] GC(702) Metaspace: 60724K(62928K)->60724K(62928K) NonClass: 53805K(55040K)->53805K(55040K) Class: 6918K(7888K)->6918K(7888K)
[2023-04-10T20:07:13.192+0800][9120.560s] GC(702) Pause Young (Normal) (G1 Evacuation Pause) 364M->51M(512M) 1.499ms
[2023-04-10T20:07:13.192+0800][9120.560s] GC(702) User=0.00s Sys=0.00s Real=0.00s
[2023-04-10T20:07:13.615+0800][9120.983s] GC(703) Pause Young (Normal) (G1 Evacuation Pause)
[2023-04-10T20:07:13.615+0800][9120.983s] GC(703) Using 8 workers of 8 for evacuation
[2023-04-10T20:07:13.617+0800][9120.985s] GC(703)   Pre Evacuate Collection Set: 0.0ms
[2023-04-10T20:07:13.617+0800][9120.985s] GC(703)   Evacuate Collection Set: 1.1ms
[2023-04-10T20:07:13.617+0800][9120.985s] GC(703)   Post Evacuate Collection Set: 0.7ms
[2023-04-10T20:07:13.617+0800][9120.985s] GC(703)   Other: 0.2ms
[2023-04-10T20:07:13.617+0800][9120.985s] GC(703) Eden regions: 304->0(298)
[2023-04-10T20:07:13.617+0800][9120.985s] GC(703) Survivor regions: 3->9(39)
[2023-04-10T20:07:13.617+0800][9120.985s] GC(703) Old regions: 45->45
[2023-04-10T20:07:13.617+0800][9120.985s] GC(703) Humongous regions: 7->6
[2023-04-10T20:07:13.617+0800][9120.985s] GC(703) Metaspace: 60724K(62928K)->60724K(62928K) NonClass: 53805K(55040K)->53805K(55040K) Class: 6918K(7888K)->6918K(7888K)
[2023-04-10T20:07:13.617+0800][9120.985s] GC(703) Pause Young (Normal) (G1 Evacuation Pause) 358M->59M(512M) 2.051ms
[2023-04-10T20:07:13.617+0800][9120.985s] GC(703) User=0.00s Sys=0.00s Real=0.00s
[2023-04-10T20:07:14.016+0800][9121.385s] GC(704) Pause Young (Normal) (G1 Evacuation Pause)
[2023-04-10T20:07:14.016+0800][9121.385s] GC(704) Using 8 workers of 8 for evacuation
[2023-04-10T20:07:14.018+0800][9121.387s] GC(704)   Pre Evacuate Collection Set: 0.0ms
[2023-04-10T20:07:14.019+0800][9121.387s] GC(704)   Evacuate Collection Set: 1.4ms
[2023-04-10T20:07:14.019+0800][9121.387s] GC(704)   Post Evacuate Collection Set: 0.6ms
[2023-04-10T20:07:14.019+0800][9121.387s] GC(704)   Other: 0.2ms
[2023-04-10T20:07:14.019+0800][9121.387s] GC(704) Eden regions: 298->0(296)
[2023-04-10T20:07:14.019+0800][9121.387s] GC(704) Survivor regions: 9->11(39)
[2023-04-10T20:07:14.019+0800][9121.387s] GC(704) Old regions: 45->45
[2023-04-10T20:07:14.019+0800][9121.387s] GC(704) Humongous regions: 20->13
[2023-04-10T20:07:14.019+0800][9121.387s] GC(704) Metaspace: 60724K(62928K)->60724K(62928K) NonClass: 53805K(55040K)->53805K(55040K) Class: 6918K(7888K)->6918K(7888K)
[2023-04-10T20:07:14.019+0800][9121.387s] GC(704) Pause Young (Normal) (G1 Evacuation Pause) 371M->68M(512M) 2.501ms
[2023-04-10T20:07:14.019+0800][9121.387s] GC(704) User=0.00s Sys=0.00s Real=0.00s
[2023-04-10T20:07:14.573+0800][9121.942s] GC(705) Pause Young (Normal) (G1 Evacuation Pause)
[2023-04-10T20:07:14.573+0800][9121.942s] GC(705) Using 8 workers of 8 for evacuation
[2023-04-10T20:07:14.576+0800][9121.944s] GC(705)   Pre Evacuate Collection Set: 0.0ms
[2023-04-10T20:07:14.576+0800][9121.944s] GC(705)   Evacuate Collection Set: 1.4ms
[2023-04-10T20:07:14.576+0800][9121.944s] GC(705)   Post Evacuate Collection Set: 0.5ms
[2023-04-10T20:07:14.576+0800][9121.944s] GC(705)   Other: 0.2ms
[2023-04-10T20:07:14.576+0800][9121.944s] GC(705) Eden regions: 296->0(296)
[2023-04-10T20:07:14.576+0800][9121.944s] GC(705) Survivor regions: 11->11(39)
[2023-04-10T20:07:14.576+0800][9121.944s] GC(705) Old regions: 45->45
[2023-04-10T20:07:14.576+0800][9121.944s] GC(705) Humongous regions: 18->13
[2023-04-10T20:07:14.576+0800][9121.944s] GC(705) Metaspace: 60724K(62928K)->60724K(62928K) NonClass: 53805K(55040K)->53805K(55040K) Class: 6918K(7888K)->6918K(7888K)
[2023-04-10T20:07:14.576+0800][9121.944s] GC(705) Pause Young (Normal) (G1 Evacuation Pause) 369M->68M(512M) 2.576ms
[2023-04-10T20:07:14.576+0800][9121.944s] GC(705) User=0.02s Sys=0.00s Real=0.00s
[2023-04-10T20:07:15.073+0800][9122.441s] GC(706) Pause Young (Normal) (G1 Evacuation Pause)
[2023-04-10T20:07:15.073+0800][9122.441s] GC(706) Using 8 workers of 8 for evacuation
[2023-04-10T20:07:15.075+0800][9122.443s] GC(706)   Pre Evacuate Collection Set: 0.0ms
[2023-04-10T20:07:15.075+0800][9122.443s] GC(706)   Evacuate Collection Set: 0.9ms
[2023-04-10T20:07:15.075+0800][9122.443s] GC(706)   Post Evacuate Collection Set: 0.7ms
[2023-04-10T20:07:15.075+0800][9122.443s] GC(706)   Other: 0.2ms
[2023-04-10T20:07:15.075+0800][9122.443s] GC(706) Eden regions: 296->0(300)
[2023-04-10T20:07:15.075+0800][9122.443s] GC(706) Survivor regions: 11->7(39)
[2023-04-10T20:07:15.075+0800][9122.443s] GC(706) Old regions: 45->45
[2023-04-10T20:07:15.075+0800][9122.443s] GC(706) Humongous regions: 14->5
[2023-04-10T20:07:15.075+0800][9122.443s] GC(706) Metaspace: 60724K(62928K)->60724K(62928K) NonClass: 53806K(55040K)->53806K(55040K) Class: 6918K(7888K)->6918K(7888K)
[2023-04-10T20:07:15.075+0800][9122.443s] GC(706) Pause Young (Normal) (G1 Evacuation Pause) 365M->56M(512M) 1.949ms
[2023-04-10T20:07:15.075+0800][9122.443s] GC(706) User=0.12s Sys=0.00s Real=0.00s
[2023-04-10T20:07:15.488+0800][9122.856s] GC(707) Pause Young (Normal) (G1 Evacuation Pause)
[2023-04-10T20:07:15.488+0800][9122.856s] GC(707) Using 8 workers of 8 for evacuation
[2023-04-10T20:07:15.490+0800][9122.858s] GC(707)   Pre Evacuate Collection Set: 0.0ms
[2023-04-10T20:07:15.490+0800][9122.858s] GC(707)   Evacuate Collection Set: 1.2ms
[2023-04-10T20:07:15.490+0800][9122.858s] GC(707)   Post Evacuate Collection Set: 0.6ms
[2023-04-10T20:07:15.490+0800][9122.858s] GC(707)   Other: 0.2ms
[2023-04-10T20:07:15.490+0800][9122.858s] GC(707) Eden regions: 300->0(298)
[2023-04-10T20:07:15.490+0800][9122.858s] GC(707) Survivor regions: 7->9(39)
[2023-04-10T20:07:15.490+0800][9122.858s] GC(707) Old regions: 45->45
[2023-04-10T20:07:15.490+0800][9122.858s] GC(707) Humongous regions: 13->12
[2023-04-10T20:07:15.490+0800][9122.858s] GC(707) Metaspace: 60724K(62928K)->60724K(62928K) NonClass: 53806K(55040K)->53806K(55040K) Class: 6918K(7888K)->6918K(7888K)
[2023-04-10T20:07:15.490+0800][9122.858s] GC(707) Pause Young (Normal) (G1 Evacuation Pause) 364M->65M(512M) 2.350ms
[2023-04-10T20:07:15.490+0800][9122.858s] GC(707) User=0.00s Sys=0.00s Real=0.00s
[2023-04-10T20:07:15.967+0800][9123.334s] GC(708) Pause Young (Normal) (G1 Evacuation Pause)
[2023-04-10T20:07:15.967+0800][9123.334s] GC(708) Using 8 workers of 8 for evacuation
[2023-04-10T20:07:15.969+0800][9123.337s] GC(708)   Pre Evacuate Collection Set: 0.0ms
[2023-04-10T20:07:15.969+0800][9123.337s] GC(708)   Evacuate Collection Set: 1.4ms
[2023-04-10T20:07:15.969+0800][9123.337s] GC(708)   Post Evacuate Collection Set: 0.7ms
[2023-04-10T20:07:15.969+0800][9123.337s] GC(708)   Other: 0.2ms
[2023-04-10T20:07:15.969+0800][9123.337s] GC(708) Eden regions: 298->0(295)
[2023-04-10T20:07:15.969+0800][9123.337s] GC(708) Survivor regions: 9->12(39)
[2023-04-10T20:07:15.969+0800][9123.337s] GC(708) Old regions: 45->45
[2023-04-10T20:07:15.969+0800][9123.337s] GC(708) Humongous regions: 25->13
[2023-04-10T20:07:15.969+0800][9123.337s] GC(708) Metaspace: 60724K(62928K)->60724K(62928K) NonClass: 53806K(55040K)->53806K(55040K) Class: 6918K(7888K)->6918K(7888K)
[2023-04-10T20:07:15.969+0800][9123.337s] GC(708) Pause Young (Normal) (G1 Evacuation Pause) 376M->69M(512M) 2.505ms
[2023-04-10T20:07:15.969+0800][9123.337s] GC(708) User=0.00s Sys=0.00s Real=0.00s
[2023-04-10T20:07:16.380+0800][9123.749s] GC(709) Pause Young (Normal) (G1 Evacuation Pause)
[2023-04-10T20:07:16.380+0800][9123.749s] GC(709) Using 8 workers of 8 for evacuation
[2023-04-10T20:07:16.381+0800][9123.750s] GC(709)   Pre Evacuate Collection Set: 0.0ms
[2023-04-10T20:07:16.382+0800][9123.750s] GC(709)   Evacuate Collection Set: 0.8ms
[2023-04-10T20:07:16.382+0800][9123.750s] GC(709)   Post Evacuate Collection Set: 0.5ms
[2023-04-10T20:07:16.382+0800][9123.750s] GC(709)   Other: 0.3ms
[2023-04-10T20:07:16.382+0800][9123.750s] GC(709) Eden regions: 295->0(302)
[2023-04-10T20:07:16.382+0800][9123.750s] GC(709) Survivor regions: 12->5(39)
[2023-04-10T20:07:16.382+0800][9123.750s] GC(709) Old regions: 45->46
[2023-04-10T20:07:16.382+0800][9123.750s] GC(709) Humongous regions: 14->5
[2023-04-10T20:07:16.382+0800][9123.750s] GC(709) Metaspace: 60724K(62928K)->60724K(62928K) NonClass: 53806K(55040K)->53806K(55040K) Class: 6918K(7888K)->6918K(7888K)
[2023-04-10T20:07:16.382+0800][9123.750s] GC(709) Pause Young (Normal) (G1 Evacuation Pause) 365M->54M(512M) 1.882ms
[2023-04-10T20:07:16.382+0800][9123.750s] GC(709) User=0.00s Sys=0.00s Real=0.00s
[2023-04-10T20:07:16.773+0800][9124.141s] GC(710) Pause Young (Normal) (G1 Evacuation Pause)
[2023-04-10T20:07:16.773+0800][9124.141s] GC(710) Using 8 workers of 8 for evacuation
[2023-04-10T20:07:16.774+0800][9124.143s] GC(710)   Pre Evacuate Collection Set: 0.0ms
[2023-04-10T20:07:16.774+0800][9124.143s] GC(710)   Evacuate Collection Set: 1.2ms
[2023-04-10T20:07:16.774+0800][9124.143s] GC(710)   Post Evacuate Collection Set: 0.6ms
[2023-04-10T20:07:16.774+0800][9124.143s] GC(710)   Other: 0.2ms
[2023-04-10T20:07:16.774+0800][9124.143s] GC(710) Eden regions: 302->0(296)
[2023-04-10T20:07:16.774+0800][9124.143s] GC(710) Survivor regions: 5->11(39)
[2023-04-10T20:07:16.774+0800][9124.143s] GC(710) Old regions: 46->46
[2023-04-10T20:07:16.774+0800][9124.143s] GC(710) Humongous regions: 8->7
[2023-04-10T20:07:16.774+0800][9124.143s] GC(710) Metaspace: 60724K(62928K)->60724K(62928K) NonClass: 53806K(55040K)->53806K(55040K) Class: 6918K(7888K)->6918K(7888K)
[2023-04-10T20:07:16.774+0800][9124.143s] GC(710) Pause Young (Normal) (G1 Evacuation Pause) 359M->62M(512M) 2.144ms
[2023-04-10T20:07:16.774+0800][9124.143s] GC(710) User=0.00s Sys=0.00s Real=0.00s
[2023-04-10T20:07:17.333+0800][9124.702s] GC(711) Pause Young (Normal) (G1 Evacuation Pause)
[2023-04-10T20:07:17.333+0800][9124.702s] GC(711) Using 8 workers of 8 for evacuation
[2023-04-10T20:07:17.335+0800][9124.704s] GC(711)   Pre Evacuate Collection Set: 0.0ms
[2023-04-10T20:07:17.335+0800][9124.704s] GC(711)   Evacuate Collection Set: 1.3ms
[2023-04-10T20:07:17.335+0800][9124.704s] GC(711)   Post Evacuate Collection Set: 0.5ms
[2023-04-10T20:07:17.335+0800][9124.704s] GC(711)   Other: 0.2ms
[2023-04-10T20:07:17.335+0800][9124.704s] GC(711) Eden regions: 296->0(296)
[2023-04-10T20:07:17.335+0800][9124.704s] GC(711) Survivor regions: 11->11(39)
[2023-04-10T20:07:17.335+0800][9124.704s] GC(711) Old regions: 46->46
[2023-04-10T20:07:17.335+0800][9124.704s] GC(711) Humongous regions: 25->13
[2023-04-10T20:07:17.335+0800][9124.704s] GC(711) Metaspace: 60724K(62928K)->60724K(62928K) NonClass: 53806K(55040K)->53806K(55040K) Class: 6918K(7888K)->6918K(7888K)
[2023-04-10T20:07:17.335+0800][9124.704s] GC(711) Pause Young (Normal) (G1 Evacuation Pause) 376M->68M(512M) 2.122ms
[2023-04-10T20:07:17.335+0800][9124.704s] GC(711) User=0.00s Sys=0.00s Real=0.00s
[2023-04-10T20:07:17.785+0800][9125.153s] GC(712) Pause Young (Normal) (G1 Evacuation Pause)
[2023-04-10T20:07:17.785+0800][9125.153s] GC(712) Using 8 workers of 8 for evacuation
[2023-04-10T20:07:17.786+0800][9125.154s] GC(712)   Pre Evacuate Collection Set: 0.0ms
[2023-04-10T20:07:17.786+0800][9125.154s] GC(712)   Evacuate Collection Set: 0.6ms
[2023-04-10T20:07:17.786+0800][9125.154s] GC(712)   Post Evacuate Collection Set: 0.7ms
[2023-04-10T20:07:17.786+0800][9125.154s] GC(712)   Other: 0.2ms
[2023-04-10T20:07:17.786+0800][9125.154s] GC(712) Eden regions: 296->0(303)
[2023-04-10T20:07:17.786+0800][9125.154s] GC(712) Survivor regions: 11->4(39)
[2023-04-10T20:07:17.786+0800][9125.154s] GC(712) Old regions: 46->46
[2023-04-10T20:07:17.786+0800][9125.154s] GC(712) Humongous regions: 13->4
[2023-04-10T20:07:17.786+0800][9125.154s] GC(712) Metaspace: 60724K(62928K)->60724K(62928K) NonClass: 53806K(55040K)->53806K(55040K) Class: 6918K(7888K)->6918K(7888K)
[2023-04-10T20:07:17.786+0800][9125.154s] GC(712) Pause Young (Normal) (G1 Evacuation Pause) 364M->52M(512M) 1.639ms
[2023-04-10T20:07:17.786+0800][9125.154s] GC(712) User=0.00s Sys=0.00s Real=0.00s
[2023-04-10T20:07:18.198+0800][9125.566s] GC(713) Pause Young (Normal) (G1 Evacuation Pause)
[2023-04-10T20:07:18.198+0800][9125.566s] GC(713) Using 8 workers of 8 for evacuation
[2023-04-10T20:07:18.200+0800][9125.568s] GC(713)   Pre Evacuate Collection Set: 0.0ms
[2023-04-10T20:07:18.200+0800][9125.568s] GC(713)   Evacuate Collection Set: 1.2ms
[2023-04-10T20:07:18.200+0800][9125.568s] GC(713)   Post Evacuate Collection Set: 0.6ms
[2023-04-10T20:07:18.200+0800][9125.568s] GC(713)   Other: 0.2ms
[2023-04-10T20:07:18.200+0800][9125.568s] GC(713) Eden regions: 303->0(298)
[2023-04-10T20:07:18.200+0800][9125.568s] GC(713) Survivor regions: 4->9(39)
[2023-04-10T20:07:18.201+0800][9125.568s] GC(713) Old regions: 46->46
[2023-04-10T20:07:18.201+0800][9125.568s] GC(713) Humongous regions: 7->6
[2023-04-10T20:07:18.201+0800][9125.568s] GC(713) Metaspace: 60724K(62928K)->60724K(62928K) NonClass: 53806K(55040K)->53806K(55040K) Class: 6918K(7888K)->6918K(7888K)
[2023-04-10T20:07:18.201+0800][9125.568s] GC(713) Pause Young (Normal) (G1 Evacuation Pause) 358M->59M(512M) 2.373ms
[2023-04-10T20:07:18.201+0800][9125.569s] GC(713) User=0.11s Sys=0.00s Real=0.00s
[2023-04-10T20:07:18.604+0800][9125.972s] GC(714) Pause Young (Normal) (G1 Evacuation Pause)
[2023-04-10T20:07:18.604+0800][9125.972s] GC(714) Using 8 workers of 8 for evacuation
[2023-04-10T20:07:18.606+0800][9125.974s] GC(714)   Pre Evacuate Collection Set: 0.0ms
[2023-04-10T20:07:18.606+0800][9125.974s] GC(714)   Evacuate Collection Set: 1.3ms
[2023-04-10T20:07:18.606+0800][9125.974s] GC(714)   Post Evacuate Collection Set: 0.7ms
[2023-04-10T20:07:18.606+0800][9125.974s] GC(714)   Other: 0.2ms
[2023-04-10T20:07:18.606+0800][9125.974s] GC(714) Eden regions: 298->0(297)
[2023-04-10T20:07:18.606+0800][9125.974s] GC(714) Survivor regions: 9->10(39)
[2023-04-10T20:07:18.606+0800][9125.974s] GC(714) Old regions: 46->46
[2023-04-10T20:07:18.606+0800][9125.974s] GC(714) Humongous regions: 20->13
[2023-04-10T20:07:18.606+0800][9125.975s] GC(714) Metaspace: 60724K(62928K)->60724K(62928K) NonClass: 53806K(55040K)->53806K(55040K) Class: 6918K(7888K)->6918K(7888K)
[2023-04-10T20:07:18.606+0800][9125.975s] GC(714) Pause Young (Normal) (G1 Evacuation Pause) 371M->68M(512M) 2.374ms
[2023-04-10T20:07:18.606+0800][9125.975s] GC(714) User=0.12s Sys=0.00s Real=0.00s
[2023-04-10T20:07:19.135+0800][9126.503s] GC(715) Pause Young (Normal) (G1 Evacuation Pause)
[2023-04-10T20:07:19.135+0800][9126.503s] GC(715) Using 8 workers of 8 for evacuation
[2023-04-10T20:07:19.136+0800][9126.504s] GC(715)   Pre Evacuate Collection Set: 0.0ms
[2023-04-10T20:07:19.136+0800][9126.504s] GC(715)   Evacuate Collection Set: 0.3ms
[2023-04-10T20:07:19.136+0800][9126.504s] GC(715)   Post Evacuate Collection Set: 0.5ms
[2023-04-10T20:07:19.136+0800][9126.504s] GC(715)   Other: 0.1ms
[2023-04-10T20:07:19.136+0800][9126.504s] GC(715) Eden regions: 297->0(306)
[2023-04-10T20:07:19.136+0800][9126.504s] GC(715) Survivor regions: 10->1(39)
[2023-04-10T20:07:19.136+0800][9126.504s] GC(715) Old regions: 46->46
[2023-04-10T20:07:19.136+0800][9126.504s] GC(715) Humongous regions: 18->4
[2023-04-10T20:07:19.136+0800][9126.504s] GC(715) Metaspace: 60725K(62928K)->60725K(62928K) NonClass: 53807K(55040K)->53807K(55040K) Class: 6918K(7888K)->6918K(7888K)
[2023-04-10T20:07:19.136+0800][9126.504s] GC(715) Pause Young (Normal) (G1 Evacuation Pause) 370M->50M(512M) 1.161ms
[2023-04-10T20:07:19.136+0800][9126.504s] GC(715) User=0.00s Sys=0.00s Real=0.00s
[2023-04-10T20:07:19.514+0800][9126.882s] GC(716) Pause Young (Normal) (G1 Evacuation Pause)
[2023-04-10T20:07:19.514+0800][9126.882s] GC(716) Using 8 workers of 8 for evacuation
[2023-04-10T20:07:19.515+0800][9126.883s] GC(716)   Pre Evacuate Collection Set: 0.0ms
[2023-04-10T20:07:19.515+0800][9126.883s] GC(716)   Evacuate Collection Set: 0.8ms
[2023-04-10T20:07:19.515+0800][9126.883s] GC(716)   Post Evacuate Collection Set: 0.7ms
[2023-04-10T20:07:19.515+0800][9126.883s] GC(716)   Other: 0.2ms
[2023-04-10T20:07:19.515+0800][9126.883s] GC(716) Eden regions: 306->0(300)
[2023-04-10T20:07:19.515+0800][9126.883s] GC(716) Survivor regions: 1->7(39)
[2023-04-10T20:07:19.515+0800][9126.884s] GC(716) Old regions: 46->47
[2023-04-10T20:07:19.515+0800][9126.884s] GC(716) Humongous regions: 7->6
[2023-04-10T20:07:19.515+0800][9126.884s] GC(716) Metaspace: 60725K(62928K)->60725K(62928K) NonClass: 53807K(55040K)->53807K(55040K) Class: 6918K(7888K)->6918K(7888K)
[2023-04-10T20:07:19.515+0800][9126.884s] GC(716) Pause Young (Normal) (G1 Evacuation Pause) 359M->58M(512M) 1.798ms
[2023-04-10T20:07:19.515+0800][9126.884s] GC(716) User=0.00s Sys=0.00s Real=0.00s
[2023-04-10T20:07:19.914+0800][9127.282s] GC(717) Pause Young (Normal) (G1 Evacuation Pause)
[2023-04-10T20:07:19.914+0800][9127.282s] GC(717) Using 8 workers of 8 for evacuation
[2023-04-10T20:07:19.916+0800][9127.284s] GC(717)   Pre Evacuate Collection Set: 0.0ms
[2023-04-10T20:07:19.916+0800][9127.284s] GC(717)   Evacuate Collection Set: 1.0ms
[2023-04-10T20:07:19.916+0800][9127.284s] GC(717)   Post Evacuate Collection Set: 0.6ms
[2023-04-10T20:07:19.916+0800][9127.284s] GC(717)   Other: 0.2ms
[2023-04-10T20:07:19.916+0800][9127.284s] GC(717) Eden regions: 300->0(298)
[2023-04-10T20:07:19.916+0800][9127.284s] GC(717) Survivor regions: 7->9(39)
[2023-04-10T20:07:19.916+0800][9127.284s] GC(717) Old regions: 47->47
[2023-04-10T20:07:19.916+0800][9127.284s] GC(717) Humongous regions: 12->12
[2023-04-10T20:07:19.916+0800][9127.284s] GC(717) Metaspace: 60725K(62928K)->60725K(62928K) NonClass: 53807K(55040K)->53807K(55040K) Class: 6918K(7888K)->6918K(7888K)
[2023-04-10T20:07:19.916+0800][9127.284s] GC(717) Pause Young (Normal) (G1 Evacuation Pause) 364M->66M(512M) 1.884ms
[2023-04-10T20:07:19.916+0800][9127.284s] GC(717) User=0.00s Sys=0.00s Real=0.00s
[2023-04-10T20:07:20.439+0800][9127.807s] GC(718) Pause Young (Normal) (G1 Evacuation Pause)
[2023-04-10T20:07:20.439+0800][9127.807s] GC(718) Using 8 workers of 8 for evacuation
[2023-04-10T20:07:20.441+0800][9127.809s] GC(718)   Pre Evacuate Collection Set: 0.0ms
[2023-04-10T20:07:20.441+0800][9127.809s] GC(718)   Evacuate Collection Set: 1.1ms
[2023-04-10T20:07:20.441+0800][9127.809s] GC(718)   Post Evacuate Collection Set: 0.7ms
[2023-04-10T20:07:20.441+0800][9127.809s] GC(718)   Other: 0.2ms
[2023-04-10T20:07:20.441+0800][9127.809s] GC(718) Eden regions: 298->0(296)
[2023-04-10T20:07:20.441+0800][9127.809s] GC(718) Survivor regions: 9->11(39)
[2023-04-10T20:07:20.441+0800][9127.809s] GC(718) Old regions: 47->47
[2023-04-10T20:07:20.441+0800][9127.809s] GC(718) Humongous regions: 25->13
[2023-04-10T20:07:20.441+0800][9127.809s] GC(718) Metaspace: 60725K(62928K)->60725K(62928K) NonClass: 53807K(55040K)->53807K(55040K) Class: 6918K(7888K)->6918K(7888K)
[2023-04-10T20:07:20.441+0800][9127.809s] GC(718) Pause Young (Normal) (G1 Evacuation Pause) 377M->69M(512M) 2.164ms
[2023-04-10T20:07:20.441+0800][9127.809s] GC(718) User=0.00s Sys=0.00s Real=0.00s
[2023-04-10T20:07:20.919+0800][9128.287s] GC(719) Pause Young (Normal) (G1 Evacuation Pause)
[2023-04-10T20:07:20.919+0800][9128.287s] GC(719) Using 8 workers of 8 for evacuation
[2023-04-10T20:07:20.921+0800][9128.289s] GC(719)   Pre Evacuate Collection Set: 0.0ms
[2023-04-10T20:07:20.921+0800][9128.289s] GC(719)   Evacuate Collection Set: 0.6ms
[2023-04-10T20:07:20.921+0800][9128.289s] GC(719)   Post Evacuate Collection Set: 0.7ms
[2023-04-10T20:07:20.921+0800][9128.289s] GC(719)   Other: 0.2ms
[2023-04-10T20:07:20.921+0800][9128.289s] GC(719) Eden regions: 296->0(302)
[2023-04-10T20:07:20.921+0800][9128.289s] GC(719) Survivor regions: 11->5(39)
[2023-04-10T20:07:20.921+0800][9128.289s] GC(719) Old regions: 47->47
[2023-04-10T20:07:20.921+0800][9128.289s] GC(719) Humongous regions: 14->5
[2023-04-10T20:07:20.921+0800][9128.289s] GC(719) Metaspace: 60725K(62928K)->60725K(62928K) NonClass: 53807K(55040K)->53807K(55040K) Class: 6918K(7888K)->6918K(7888K)
[2023-04-10T20:07:20.921+0800][9128.289s] GC(719) Pause Young (Normal) (G1 Evacuation Pause) 366M->55M(512M) 1.668ms
[2023-04-10T20:07:20.921+0800][9128.289s] GC(719) User=0.00s Sys=0.00s Real=0.00s
[2023-04-10T20:07:21.301+0800][9128.670s] GC(720) Pause Young (Normal) (G1 Evacuation Pause)
[2023-04-10T20:07:21.301+0800][9128.670s] GC(720) Using 8 workers of 8 for evacuation
[2023-04-10T20:07:21.303+0800][9128.672s] GC(720)   Pre Evacuate Collection Set: 0.0ms
[2023-04-10T20:07:21.303+0800][9128.672s] GC(720)   Evacuate Collection Set: 1.1ms
[2023-04-10T20:07:21.303+0800][9128.672s] GC(720)   Post Evacuate Collection Set: 0.7ms
[2023-04-10T20:07:21.303+0800][9128.672s] GC(720)   Other: 0.2ms
[2023-04-10T20:07:21.303+0800][9128.672s] GC(720) Eden regions: 302->0(296)
[2023-04-10T20:07:21.303+0800][9128.672s] GC(720) Survivor regions: 5->11(39)
[2023-04-10T20:07:21.303+0800][9128.672s] GC(720) Old regions: 47->47
[2023-04-10T20:07:21.303+0800][9128.672s] GC(720) Humongous regions: 8->7
[2023-04-10T20:07:21.303+0800][9128.672s] GC(720) Metaspace: 60725K(62928K)->60725K(62928K) NonClass: 53807K(55040K)->53807K(55040K) Class: 6918K(7888K)->6918K(7888K)
[2023-04-10T20:07:21.303+0800][9128.672s] GC(720) Pause Young (Normal) (G1 Evacuation Pause) 360M->63M(512M) 2.211ms
[2023-04-10T20:07:21.303+0800][9128.672s] GC(720) User=0.00s Sys=0.00s Real=0.00s
[2023-04-10T20:07:21.871+0800][9129.238s] GC(721) Pause Young (Normal) (G1 Evacuation Pause)
[2023-04-10T20:07:21.871+0800][9129.238s] GC(721) Using 8 workers of 8 for evacuation
[2023-04-10T20:07:21.873+0800][9129.240s] GC(721)   Pre Evacuate Collection Set: 0.0ms
[2023-04-10T20:07:21.873+0800][9129.240s] GC(721)   Evacuate Collection Set: 1.2ms
[2023-04-10T20:07:21.873+0800][9129.240s] GC(721)   Post Evacuate Collection Set: 0.7ms
[2023-04-10T20:07:21.873+0800][9129.240s] GC(721)   Other: 0.2ms
[2023-04-10T20:07:21.873+0800][9129.240s] GC(721) Eden regions: 296->0(296)
[2023-04-10T20:07:21.873+0800][9129.241s] GC(721) Survivor regions: 11->11(39)
[2023-04-10T20:07:21.873+0800][9129.241s] GC(721) Old regions: 47->47
[2023-04-10T20:07:21.873+0800][9129.241s] GC(721) Humongous regions: 25->13
[2023-04-10T20:07:21.873+0800][9129.241s] GC(721) Metaspace: 60725K(62928K)->60725K(62928K) NonClass: 53807K(55040K)->53807K(55040K) Class: 6918K(7888K)->6918K(7888K)
[2023-04-10T20:07:21.873+0800][9129.241s] GC(721) Pause Young (Normal) (G1 Evacuation Pause) 377M->69M(512M) 2.380ms
[2023-04-10T20:07:21.873+0800][9129.241s] GC(721) User=0.00s Sys=0.00s Real=0.00s
[2023-04-10T20:07:22.352+0800][9129.720s] GC(722) Pause Young (Normal) (G1 Evacuation Pause)
[2023-04-10T20:07:22.352+0800][9129.721s] GC(722) Using 8 workers of 8 for evacuation
[2023-04-10T20:07:22.354+0800][9129.722s] GC(722)   Pre Evacuate Collection Set: 0.0ms
[2023-04-10T20:07:22.354+0800][9129.722s] GC(722)   Evacuate Collection Set: 0.5ms
[2023-04-10T20:07:22.354+0800][9129.722s] GC(722)   Post Evacuate Collection Set: 0.6ms
[2023-04-10T20:07:22.354+0800][9129.722s] GC(722)   Other: 0.2ms
[2023-04-10T20:07:22.354+0800][9129.722s] GC(722) Eden regions: 296->0(303)
[2023-04-10T20:07:22.354+0800][9129.722s] GC(722) Survivor regions: 11->4(39)
[2023-04-10T20:07:22.354+0800][9129.722s] GC(722) Old regions: 47->47
[2023-04-10T20:07:22.354+0800][9129.722s] GC(722) Humongous regions: 13->4
[2023-04-10T20:07:22.354+0800][9129.722s] GC(722) Metaspace: 60752K(63184K)->60752K(63184K) NonClass: 53833K(55296K)->53833K(55296K) Class: 6918K(7888K)->6918K(7888K)
[2023-04-10T20:07:22.354+0800][9129.722s] GC(722) Pause Young (Normal) (G1 Evacuation Pause) 365M->53M(512M) 1.491ms
[2023-04-10T20:07:22.354+0800][9129.722s] GC(722) User=0.00s Sys=0.00s Real=0.00s
[2023-04-10T20:07:22.752+0800][9130.120s] GC(723) Pause Young (Normal) (G1 Evacuation Pause)
[2023-04-10T20:07:22.752+0800][9130.120s] GC(723) Using 8 workers of 8 for evacuation
[2023-04-10T20:07:22.753+0800][9130.122s] GC(723)   Pre Evacuate Collection Set: 0.0ms
[2023-04-10T20:07:22.753+0800][9130.122s] GC(723)   Evacuate Collection Set: 0.9ms
[2023-04-10T20:07:22.753+0800][9130.122s] GC(723)   Post Evacuate Collection Set: 0.6ms
[2023-04-10T20:07:22.753+0800][9130.122s] GC(723)   Other: 0.2ms
[2023-04-10T20:07:22.753+0800][9130.122s] GC(723) Eden regions: 303->0(298)
[2023-04-10T20:07:22.753+0800][9130.122s] GC(723) Survivor regions: 4->9(39)
[2023-04-10T20:07:22.753+0800][9130.122s] GC(723) Old regions: 47->47
[2023-04-10T20:07:22.754+0800][9130.122s] GC(723) Humongous regions: 7->6
[2023-04-10T20:07:22.754+0800][9130.122s] GC(723) Metaspace: 60753K(63184K)->60753K(63184K) NonClass: 53834K(55296K)->53834K(55296K) Class: 6918K(7888K)->6918K(7888K)
[2023-04-10T20:07:22.754+0800][9130.122s] GC(723) Pause Young (Normal) (G1 Evacuation Pause) 359M->60M(512M) 2.069ms
[2023-04-10T20:07:22.754+0800][9130.122s] GC(723) User=0.00s Sys=0.00s Real=0.00s
[2023-04-10T20:07:23.202+0800][9130.570s] GC(724) Pause Young (Normal) (G1 Evacuation Pause)
[2023-04-10T20:07:23.202+0800][9130.570s] GC(724) Using 8 workers of 8 for evacuation
[2023-04-10T20:07:23.204+0800][9130.572s] GC(724)   Pre Evacuate Collection Set: 0.0ms
[2023-04-10T20:07:23.204+0800][9130.572s] GC(724)   Evacuate Collection Set: 1.2ms
[2023-04-10T20:07:23.204+0800][9130.572s] GC(724)   Post Evacuate Collection Set: 0.4ms
[2023-04-10T20:07:23.204+0800][9130.572s] GC(724)   Other: 0.2ms
[2023-04-10T20:07:23.204+0800][9130.572s] GC(724) Eden regions: 298->0(296)
[2023-04-10T20:07:23.204+0800][9130.572s] GC(724) Survivor regions: 9->11(39)
[2023-04-10T20:07:23.204+0800][9130.572s] GC(724) Old regions: 47->47
[2023-04-10T20:07:23.204+0800][9130.572s] GC(724) Humongous regions: 20->13
[2023-04-10T20:07:23.204+0800][9130.572s] GC(724) Metaspace: 60753K(63184K)->60753K(63184K) NonClass: 53834K(55296K)->53834K(55296K) Class: 6918K(7888K)->6918K(7888K)
[2023-04-10T20:07:23.204+0800][9130.572s] GC(724) Pause Young (Normal) (G1 Evacuation Pause) 372M->69M(512M) 1.941ms
[2023-04-10T20:07:23.204+0800][9130.572s] GC(724) User=0.00s Sys=0.00s Real=0.00s
[2023-04-10T20:07:23.822+0800][9131.190s] GC(725) Pause Young (Normal) (G1 Evacuation Pause)
[2023-04-10T20:07:23.822+0800][9131.190s] GC(725) Using 8 workers of 8 for evacuation
[2023-04-10T20:07:23.824+0800][9131.191s] GC(725)   Pre Evacuate Collection Set: 0.0ms
[2023-04-10T20:07:23.824+0800][9131.191s] GC(725)   Evacuate Collection Set: 0.4ms
[2023-04-10T20:07:23.824+0800][9131.191s] GC(725)   Post Evacuate Collection Set: 0.6ms
[2023-04-10T20:07:23.824+0800][9131.192s] GC(725)   Other: 0.2ms
[2023-04-10T20:07:23.824+0800][9131.192s] GC(725) Eden regions: 296->0(305)
[2023-04-10T20:07:23.824+0800][9131.192s] GC(725) Survivor regions: 11->2(39)
[2023-04-10T20:07:23.824+0800][9131.192s] GC(725) Old regions: 47->47
[2023-04-10T20:07:23.824+0800][9131.192s] GC(725) Humongous regions: 18->4
[2023-04-10T20:07:23.824+0800][9131.192s] GC(725) Metaspace: 60754K(63184K)->60754K(63184K) NonClass: 53835K(55296K)->53835K(55296K) Class: 6918K(7888K)->6918K(7888K)
[2023-04-10T20:07:23.824+0800][9131.192s] GC(725) Pause Young (Normal) (G1 Evacuation Pause) 370M->51M(512M) 1.393ms
[2023-04-10T20:07:23.824+0800][9131.192s] GC(725) User=0.02s Sys=0.00s Real=0.00s
[2023-04-10T20:07:24.248+0800][9131.617s] GC(726) Pause Young (Normal) (G1 Evacuation Pause)
[2023-04-10T20:07:24.249+0800][9131.617s] GC(726) Using 8 workers of 8 for evacuation
[2023-04-10T20:07:24.250+0800][9131.619s] GC(726)   Pre Evacuate Collection Set: 0.0ms
[2023-04-10T20:07:24.250+0800][9131.619s] GC(726)   Evacuate Collection Set: 0.8ms
[2023-04-10T20:07:24.250+0800][9131.619s] GC(726)   Post Evacuate Collection Set: 0.6ms
[2023-04-10T20:07:24.250+0800][9131.619s] GC(726)   Other: 0.2ms
[2023-04-10T20:07:24.250+0800][9131.619s] GC(726) Eden regions: 305->0(299)
[2023-04-10T20:07:24.250+0800][9131.619s] GC(726) Survivor regions: 2->8(39)
[2023-04-10T20:07:24.250+0800][9131.619s] GC(726) Old regions: 47->47
[2023-04-10T20:07:24.250+0800][9131.619s] GC(726) Humongous regions: 7->6
[2023-04-10T20:07:24.250+0800][9131.619s] GC(726) Metaspace: 60754K(63184K)->60754K(63184K) NonClass: 53835K(55296K)->53835K(55296K) Class: 6918K(7888K)->6918K(7888K)
[2023-04-10T20:07:24.250+0800][9131.619s] GC(726) Pause Young (Normal) (G1 Evacuation Pause) 359M->59M(512M) 1.791ms
[2023-04-10T20:07:24.250+0800][9131.619s] GC(726) User=0.00s Sys=0.00s Real=0.00s
[2023-04-10T20:07:24.663+0800][9132.031s] GC(727) Pause Young (Normal) (G1 Evacuation Pause)
[2023-04-10T20:07:24.663+0800][9132.032s] GC(727) Using 8 workers of 8 for evacuation
[2023-04-10T20:07:24.665+0800][9132.034s] GC(727)   Pre Evacuate Collection Set: 0.0ms
[2023-04-10T20:07:24.665+0800][9132.034s] GC(727)   Evacuate Collection Set: 1.2ms
[2023-04-10T20:07:24.665+0800][9132.034s] GC(727)   Post Evacuate Collection Set: 0.7ms
[2023-04-10T20:07:24.665+0800][9132.034s] GC(727)   Other: 0.4ms
[2023-04-10T20:07:24.665+0800][9132.034s] GC(727) Eden regions: 299->0(297)
[2023-04-10T20:07:24.665+0800][9132.034s] GC(727) Survivor regions: 8->10(39)
[2023-04-10T20:07:24.665+0800][9132.034s] GC(727) Old regions: 47->47
[2023-04-10T20:07:24.665+0800][9132.034s] GC(727) Humongous regions: 12->12
[2023-04-10T20:07:24.665+0800][9132.034s] GC(727) Metaspace: 60754K(63184K)->60754K(63184K) NonClass: 53835K(55296K)->53835K(55296K) Class: 6918K(7888K)->6918K(7888K)
[2023-04-10T20:07:24.665+0800][9132.034s] GC(727) Pause Young (Normal) (G1 Evacuation Pause) 364M->67M(512M) 2.389ms
[2023-04-10T20:07:24.665+0800][9132.034s] GC(727) User=0.00s Sys=0.00s Real=0.00s
[2023-04-10T20:07:25.198+0800][9132.566s] GC(728) Pause Young (Normal) (G1 Evacuation Pause)
[2023-04-10T20:07:25.198+0800][9132.566s] GC(728) Using 8 workers of 8 for evacuation
[2023-04-10T20:07:25.200+0800][9132.568s] GC(728)   Pre Evacuate Collection Set: 0.0ms
[2023-04-10T20:07:25.200+0800][9132.568s] GC(728)   Evacuate Collection Set: 1.3ms
[2023-04-10T20:07:25.200+0800][9132.568s] GC(728)   Post Evacuate Collection Set: 0.5ms
[2023-04-10T20:07:25.200+0800][9132.568s] GC(728)   Other: 0.2ms
[2023-04-10T20:07:25.200+0800][9132.568s] GC(728) Eden regions: 297->0(296)
[2023-04-10T20:07:25.200+0800][9132.568s] GC(728) Survivor regions: 10->11(39)
[2023-04-10T20:07:25.200+0800][9132.568s] GC(728) Old regions: 47->47
[2023-04-10T20:07:25.200+0800][9132.568s] GC(728) Humongous regions: 25->13
[2023-04-10T20:07:25.200+0800][9132.568s] GC(728) Metaspace: 60755K(63184K)->60755K(63184K) NonClass: 53836K(55296K)->53836K(55296K) Class: 6918K(7888K)->6918K(7888K)
[2023-04-10T20:07:25.200+0800][9132.568s] GC(728) Pause Young (Normal) (G1 Evacuation Pause) 377M->69M(512M) 2.214ms
[2023-04-10T20:07:25.200+0800][9132.568s] GC(728) User=0.08s Sys=0.00s Real=0.00s
[2023-04-10T20:07:25.690+0800][9133.058s] GC(729) Pause Young (Normal) (G1 Evacuation Pause)
[2023-04-10T20:07:25.690+0800][9133.058s] GC(729) Using 8 workers of 8 for evacuation
[2023-04-10T20:07:25.692+0800][9133.060s] GC(729)   Pre Evacuate Collection Set: 0.0ms
[2023-04-10T20:07:25.692+0800][9133.060s] GC(729)   Evacuate Collection Set: 0.7ms
[2023-04-10T20:07:25.692+0800][9133.060s] GC(729)   Post Evacuate Collection Set: 0.6ms
[2023-04-10T20:07:25.692+0800][9133.060s] GC(729)   Other: 0.2ms
[2023-04-10T20:07:25.692+0800][9133.060s] GC(729) Eden regions: 296->0(301)
[2023-04-10T20:07:25.692+0800][9133.060s] GC(729) Survivor regions: 11->6(39)
[2023-04-10T20:07:25.692+0800][9133.060s] GC(729) Old regions: 47->47
[2023-04-10T20:07:25.692+0800][9133.060s] GC(729) Humongous regions: 14->5
[2023-04-10T20:07:25.692+0800][9133.060s] GC(729) Metaspace: 60755K(63184K)->60755K(63184K) NonClass: 53837K(55296K)->53837K(55296K) Class: 6918K(7888K)->6918K(7888K)
[2023-04-10T20:07:25.692+0800][9133.060s] GC(729) Pause Young (Normal) (G1 Evacuation Pause) 366M->56M(512M) 1.608ms
[2023-04-10T20:07:25.692+0800][9133.060s] GC(729) User=0.00s Sys=0.00s Real=0.00s
[2023-04-10T20:07:26.135+0800][9133.503s] GC(730) Pause Young (Normal) (G1 Evacuation Pause)
[2023-04-10T20:07:26.135+0800][9133.504s] GC(730) Using 8 workers of 8 for evacuation
[2023-04-10T20:07:26.137+0800][9133.506s] GC(730)   Pre Evacuate Collection Set: 0.0ms
[2023-04-10T20:07:26.137+0800][9133.506s] GC(730)   Evacuate Collection Set: 1.2ms
[2023-04-10T20:07:26.137+0800][9133.506s] GC(730)   Post Evacuate Collection Set: 0.6ms
[2023-04-10T20:07:26.137+0800][9133.506s] GC(730)   Other: 0.2ms
[2023-04-10T20:07:26.137+0800][9133.506s] GC(730) Eden regions: 301->0(296)
[2023-04-10T20:07:26.137+0800][9133.506s] GC(730) Survivor regions: 6->11(39)
[2023-04-10T20:07:26.137+0800][9133.506s] GC(730) Old regions: 47->47
[2023-04-10T20:07:26.137+0800][9133.506s] GC(730) Humongous regions: 8->7
[2023-04-10T20:07:26.137+0800][9133.506s] GC(730) Metaspace: 60766K(63184K)->60766K(63184K) NonClass: 53847K(55296K)->53847K(55296K) Class: 6918K(7888K)->6918K(7888K)
[2023-04-10T20:07:26.137+0800][9133.506s] GC(730) Pause Young (Normal) (G1 Evacuation Pause) 360M->63M(512M) 2.490ms
[2023-04-10T20:07:26.137+0800][9133.506s] GC(730) User=0.11s Sys=0.00s Real=0.00s
[2023-04-10T20:07:26.693+0800][9134.061s] GC(731) Pause Young (Normal) (G1 Evacuation Pause)
[2023-04-10T20:07:26.693+0800][9134.061s] GC(731) Using 8 workers of 8 for evacuation
[2023-04-10T20:07:26.695+0800][9134.063s] GC(731)   Pre Evacuate Collection Set: 0.0ms
[2023-04-10T20:07:26.695+0800][9134.063s] GC(731)   Evacuate Collection Set: 1.2ms
[2023-04-10T20:07:26.695+0800][9134.063s] GC(731)   Post Evacuate Collection Set: 0.8ms
[2023-04-10T20:07:26.695+0800][9134.063s] GC(731)   Other: 0.2ms
[2023-04-10T20:07:26.695+0800][9134.063s] GC(731) Eden regions: 296->0(296)
[2023-04-10T20:07:26.695+0800][9134.063s] GC(731) Survivor regions: 11->11(39)
[2023-04-10T20:07:26.695+0800][9134.063s] GC(731) Old regions: 47->47
[2023-04-10T20:07:26.695+0800][9134.063s] GC(731) Humongous regions: 25->13
[2023-04-10T20:07:26.695+0800][9134.063s] GC(731) Metaspace: 60777K(63184K)->60777K(63184K) NonClass: 53859K(55296K)->53859K(55296K) Class: 6918K(7888K)->6918K(7888K)
[2023-04-10T20:07:26.695+0800][9134.063s] GC(731) Pause Young (Normal) (G1 Evacuation Pause) 377M->69M(512M) 2.387ms
[2023-04-10T20:07:26.695+0800][9134.063s] GC(731) User=0.00s Sys=0.00s Real=0.00s
[2023-04-10T20:07:27.148+0800][9134.516s] GC(732) Pause Young (Normal) (G1 Evacuation Pause)
[2023-04-10T20:07:27.149+0800][9134.516s] GC(732) Using 8 workers of 8 for evacuation
[2023-04-10T20:07:27.150+0800][9134.517s] GC(732)   Pre Evacuate Collection Set: 0.0ms
[2023-04-10T20:07:27.150+0800][9134.517s] GC(732)   Evacuate Collection Set: 0.6ms
[2023-04-10T20:07:27.150+0800][9134.518s] GC(732)   Post Evacuate Collection Set: 0.6ms
[2023-04-10T20:07:27.150+0800][9134.518s] GC(732)   Other: 0.2ms
[2023-04-10T20:07:27.150+0800][9134.518s] GC(732) Eden regions: 296->0(303)
[2023-04-10T20:07:27.150+0800][9134.518s] GC(732) Survivor regions: 11->4(39)
[2023-04-10T20:07:27.150+0800][9134.518s] GC(732) Old regions: 47->47
[2023-04-10T20:07:27.150+0800][9134.518s] GC(732) Humongous regions: 13->4
[2023-04-10T20:07:27.150+0800][9134.518s] GC(732) Metaspace: 60798K(63184K)->60798K(63184K) NonClass: 53879K(55296K)->53879K(55296K) Class: 6918K(7888K)->6918K(7888K)
[2023-04-10T20:07:27.150+0800][9134.518s] GC(732) Pause Young (Normal) (G1 Evacuation Pause) 365M->53M(512M) 1.510ms
[2023-04-10T20:07:27.150+0800][9134.518s] GC(732) User=0.00s Sys=0.00s Real=0.00s
[2023-04-10T20:07:27.557+0800][9134.925s] GC(733) Pause Young (Normal) (G1 Evacuation Pause)
[2023-04-10T20:07:27.557+0800][9134.925s] GC(733) Using 8 workers of 8 for evacuation
[2023-04-10T20:07:27.559+0800][9134.926s] GC(733)   Pre Evacuate Collection Set: 0.0ms
[2023-04-10T20:07:27.559+0800][9134.926s] GC(733)   Evacuate Collection Set: 1.1ms
[2023-04-10T20:07:27.559+0800][9134.927s] GC(733)   Post Evacuate Collection Set: 0.4ms
[2023-04-10T20:07:27.559+0800][9134.927s] GC(733)   Other: 0.2ms
[2023-04-10T20:07:27.559+0800][9134.927s] GC(733) Eden regions: 303->0(298)
[2023-04-10T20:07:27.559+0800][9134.927s] GC(733) Survivor regions: 4->9(39)
[2023-04-10T20:07:27.559+0800][9134.927s] GC(733) Old regions: 47->47
[2023-04-10T20:07:27.559+0800][9134.927s] GC(733) Humongous regions: 7->6
[2023-04-10T20:07:27.559+0800][9134.927s] GC(733) Metaspace: 60798K(63184K)->60798K(63184K) NonClass: 53879K(55296K)->53879K(55296K) Class: 6918K(7888K)->6918K(7888K)
[2023-04-10T20:07:27.559+0800][9134.927s] GC(733) Pause Young (Normal) (G1 Evacuation Pause) 359M->60M(512M) 2.007ms
[2023-04-10T20:07:27.559+0800][9134.927s] GC(733) User=0.02s Sys=0.00s Real=0.00s
[2023-04-10T20:07:28.015+0800][9135.383s] GC(734) Pause Young (Normal) (G1 Evacuation Pause)
[2023-04-10T20:07:28.015+0800][9135.383s] GC(734) Using 8 workers of 8 for evacuation
[2023-04-10T20:07:28.017+0800][9135.385s] GC(734)   Pre Evacuate Collection Set: 0.0ms
[2023-04-10T20:07:28.017+0800][9135.385s] GC(734)   Evacuate Collection Set: 1.2ms
[2023-04-10T20:07:28.017+0800][9135.385s] GC(734)   Post Evacuate Collection Set: 0.7ms
[2023-04-10T20:07:28.017+0800][9135.385s] GC(734)   Other: 0.2ms
[2023-04-10T20:07:28.017+0800][9135.385s] GC(734) Eden regions: 298->0(296)
[2023-04-10T20:07:28.017+0800][9135.385s] GC(734) Survivor regions: 9->11(39)
[2023-04-10T20:07:28.017+0800][9135.385s] GC(734) Old regions: 47->47
[2023-04-10T20:07:28.017+0800][9135.385s] GC(734) Humongous regions: 20->13
[2023-04-10T20:07:28.017+0800][9135.385s] GC(734) Metaspace: 60798K(63184K)->60798K(63184K) NonClass: 53879K(55296K)->53879K(55296K) Class: 6918K(7888K)->6918K(7888K)
[2023-04-10T20:07:28.017+0800][9135.385s] GC(734) Pause Young (Normal) (G1 Evacuation Pause) 372M->69M(512M) 2.195ms
[2023-04-10T20:07:28.017+0800][9135.385s] GC(734) User=0.00s Sys=0.00s Real=0.00s
[2023-04-10T20:07:28.594+0800][9135.962s] GC(735) Pause Young (Normal) (G1 Evacuation Pause)
[2023-04-10T20:07:28.594+0800][9135.962s] GC(735) Using 8 workers of 8 for evacuation
[2023-04-10T20:07:28.595+0800][9135.963s] GC(735)   Pre Evacuate Collection Set: 0.0ms
[2023-04-10T20:07:28.595+0800][9135.963s] GC(735)   Evacuate Collection Set: 0.5ms
[2023-04-10T20:07:28.595+0800][9135.963s] GC(735)   Post Evacuate Collection Set: 0.4ms
[2023-04-10T20:07:28.595+0800][9135.963s] GC(735)   Other: 0.2ms
[2023-04-10T20:07:28.595+0800][9135.963s] GC(735) Eden regions: 296->0(305)
[2023-04-10T20:07:28.595+0800][9135.963s] GC(735) Survivor regions: 11->2(39)
[2023-04-10T20:07:28.595+0800][9135.963s] GC(735) Old regions: 47->47
[2023-04-10T20:07:28.595+0800][9135.963s] GC(735) Humongous regions: 18->4
[2023-04-10T20:07:28.595+0800][9135.963s] GC(735) Metaspace: 60798K(63184K)->60798K(63184K) NonClass: 53879K(55296K)->53879K(55296K) Class: 6918K(7888K)->6918K(7888K)
[2023-04-10T20:07:28.595+0800][9135.963s] GC(735) Pause Young (Normal) (G1 Evacuation Pause) 370M->51M(512M) 1.306ms
[2023-04-10T20:07:28.595+0800][9135.963s] GC(735) User=0.00s Sys=0.00s Real=0.00s
[2023-04-10T20:07:29.048+0800][9136.417s] GC(736) Pause Young (Normal) (G1 Evacuation Pause)
[2023-04-10T20:07:29.048+0800][9136.417s] GC(736) Using 8 workers of 8 for evacuation
[2023-04-10T20:07:29.050+0800][9136.419s] GC(736)   Pre Evacuate Collection Set: 0.0ms
[2023-04-10T20:07:29.050+0800][9136.419s] GC(736)   Evacuate Collection Set: 0.9ms
[2023-04-10T20:07:29.050+0800][9136.419s] GC(736)   Post Evacuate Collection Set: 0.6ms
[2023-04-10T20:07:29.050+0800][9136.419s] GC(736)   Other: 0.2ms
[2023-04-10T20:07:29.050+0800][9136.419s] GC(736) Eden regions: 305->0(299)
[2023-04-10T20:07:29.050+0800][9136.419s] GC(736) Survivor regions: 2->8(39)
[2023-04-10T20:07:29.050+0800][9136.419s] GC(736) Old regions: 47->47
[2023-04-10T20:07:29.050+0800][9136.419s] GC(736) Humongous regions: 7->6
[2023-04-10T20:07:29.050+0800][9136.419s] GC(736) Metaspace: 60798K(63184K)->60798K(63184K) NonClass: 53879K(55296K)->53879K(55296K) Class: 6918K(7888K)->6918K(7888K)
[2023-04-10T20:07:29.050+0800][9136.419s] GC(736) Pause Young (Normal) (G1 Evacuation Pause) 359M->59M(512M) 1.917ms
[2023-04-10T20:07:29.050+0800][9136.419s] GC(736) User=0.00s Sys=0.00s Real=0.00s
[2023-04-10T20:07:29.459+0800][9136.827s] GC(737) Pause Young (Normal) (G1 Evacuation Pause)
[2023-04-10T20:07:29.459+0800][9136.827s] GC(737) Using 8 workers of 8 for evacuation
[2023-04-10T20:07:29.461+0800][9136.829s] GC(737)   Pre Evacuate Collection Set: 0.0ms
[2023-04-10T20:07:29.461+0800][9136.829s] GC(737)   Evacuate Collection Set: 1.1ms
[2023-04-10T20:07:29.461+0800][9136.829s] GC(737)   Post Evacuate Collection Set: 0.7ms
[2023-04-10T20:07:29.461+0800][9136.829s] GC(737)   Other: 0.2ms
[2023-04-10T20:07:29.461+0800][9136.829s] GC(737) Eden regions: 299->0(297)
[2023-04-10T20:07:29.461+0800][9136.829s] GC(737) Survivor regions: 8->10(39)
[2023-04-10T20:07:29.461+0800][9136.829s] GC(737) Old regions: 47->47
[2023-04-10T20:07:29.461+0800][9136.829s] GC(737) Humongous regions: 20->13
[2023-04-10T20:07:29.461+0800][9136.829s] GC(737) Metaspace: 60798K(63184K)->60798K(63184K) NonClass: 53879K(55296K)->53879K(55296K) Class: 6918K(7888K)->6918K(7888K)
[2023-04-10T20:07:29.461+0800][9136.829s] GC(737) Pause Young (Normal) (G1 Evacuation Pause) 372M->68M(512M) 2.193ms
[2023-04-10T20:07:29.461+0800][9136.829s] GC(737) User=0.00s Sys=0.00s Real=0.00s
[2023-04-10T20:07:30.026+0800][9137.394s] GC(738) Pause Young (Normal) (G1 Evacuation Pause)
[2023-04-10T20:07:30.026+0800][9137.394s] GC(738) Using 8 workers of 8 for evacuation
[2023-04-10T20:07:30.028+0800][9137.396s] GC(738)   Pre Evacuate Collection Set: 0.0ms
[2023-04-10T20:07:30.028+0800][9137.396s] GC(738)   Evacuate Collection Set: 1.3ms
[2023-04-10T20:07:30.028+0800][9137.396s] GC(738)   Post Evacuate Collection Set: 0.4ms
[2023-04-10T20:07:30.028+0800][9137.396s] GC(738)   Other: 0.2ms
[2023-04-10T20:07:30.028+0800][9137.396s] GC(738) Eden regions: 297->0(296)
[2023-04-10T20:07:30.029+0800][9137.397s] GC(738) Survivor regions: 10->11(39)
[2023-04-10T20:07:30.029+0800][9137.397s] GC(738) Old regions: 47->47
[2023-04-10T20:07:30.029+0800][9137.397s] GC(738) Humongous regions: 18->13
[2023-04-10T20:07:30.029+0800][9137.397s] GC(738) Metaspace: 60812K(63184K)->60812K(63184K) NonClass: 53893K(55296K)->53893K(55296K) Class: 6918K(7888K)->6918K(7888K)
[2023-04-10T20:07:30.029+0800][9137.397s] GC(738) Pause Young (Normal) (G1 Evacuation Pause) 370M->69M(512M) 2.413ms
[2023-04-10T20:07:30.029+0800][9137.397s] GC(738) User=0.11s Sys=0.00s Real=0.00s
[2023-04-10T20:07:30.397+0800][9137.765s] GC(739) Pause Young (Normal) (G1 Evacuation Pause)
[2023-04-10T20:07:30.397+0800][9137.765s] GC(739) Using 8 workers of 8 for evacuation
[2023-04-10T20:07:30.399+0800][9137.767s] GC(739)   Pre Evacuate Collection Set: 0.0ms
[2023-04-10T20:07:30.399+0800][9137.767s] GC(739)   Evacuate Collection Set: 0.9ms
[2023-04-10T20:07:30.399+0800][9137.767s] GC(739)   Post Evacuate Collection Set: 0.7ms
[2023-04-10T20:07:30.399+0800][9137.767s] GC(739)   Other: 0.2ms
[2023-04-10T20:07:30.399+0800][9137.767s] GC(739) Eden regions: 296->0(302)
[2023-04-10T20:07:30.399+0800][9137.767s] GC(739) Survivor regions: 11->5(39)
[2023-04-10T20:07:30.399+0800][9137.767s] GC(739) Old regions: 47->47
[2023-04-10T20:07:30.399+0800][9137.767s] GC(739) Humongous regions: 13->4
[2023-04-10T20:07:30.399+0800][9137.767s] GC(739) Metaspace: 60822K(63184K)->60822K(63184K) NonClass: 53903K(55296K)->53903K(55296K) Class: 6918K(7888K)->6918K(7888K)
[2023-04-10T20:07:30.399+0800][9137.767s] GC(739) Pause Young (Normal) (G1 Evacuation Pause) 365M->54M(512M) 1.971ms
[2023-04-10T20:07:30.399+0800][9137.767s] GC(739) User=0.00s Sys=0.00s Real=0.00s
[2023-04-10T20:07:30.604+0800][9137.971s] GC(740) Pause Young (Normal) (G1 Evacuation Pause)
[2023-04-10T20:07:30.604+0800][9137.972s] GC(740) Using 8 workers of 8 for evacuation
[2023-04-10T20:07:30.605+0800][9137.973s] GC(740)   Pre Evacuate Collection Set: 0.0ms
[2023-04-10T20:07:30.605+0800][9137.973s] GC(740)   Evacuate Collection Set: 1.0ms
[2023-04-10T20:07:30.605+0800][9137.973s] GC(740)   Post Evacuate Collection Set: 0.5ms
[2023-04-10T20:07:30.605+0800][9137.973s] GC(740)   Other: 0.2ms
[2023-04-10T20:07:30.605+0800][9137.973s] GC(740) Eden regions: 302->0(300)
[2023-04-10T20:07:30.605+0800][9137.973s] GC(740) Survivor regions: 5->7(39)
[2023-04-10T20:07:30.605+0800][9137.973s] GC(740) Old regions: 47->47
[2023-04-10T20:07:30.606+0800][9137.973s] GC(740) Humongous regions: 5->5
[2023-04-10T20:07:30.606+0800][9137.973s] GC(740) Metaspace: 60822K(63184K)->60822K(63184K) NonClass: 53903K(55296K)->53903K(55296K) Class: 6918K(7888K)->6918K(7888K)
[2023-04-10T20:07:30.606+0800][9137.973s] GC(740) Pause Young (Normal) (G1 Evacuation Pause) 357M->57M(512M) 2.014ms
[2023-04-10T20:07:30.606+0800][9137.974s] GC(740) User=0.09s Sys=0.00s Real=0.00s
[2023-04-10T20:07:30.825+0800][9138.193s] GC(741) Pause Young (Normal) (G1 Evacuation Pause)
[2023-04-10T20:07:30.825+0800][9138.193s] GC(741) Using 8 workers of 8 for evacuation
[2023-04-10T20:07:30.827+0800][9138.195s] GC(741)   Pre Evacuate Collection Set: 0.0ms
[2023-04-10T20:07:30.827+0800][9138.195s] GC(741)   Evacuate Collection Set: 1.1ms
[2023-04-10T20:07:30.827+0800][9138.195s] GC(741)   Post Evacuate Collection Set: 0.5ms
[2023-04-10T20:07:30.827+0800][9138.195s] GC(741)   Other: 0.2ms
[2023-04-10T20:07:30.827+0800][9138.195s] GC(741) Eden regions: 300->0(297)
[2023-04-10T20:07:30.827+0800][9138.195s] GC(741) Survivor regions: 7->10(39)
[2023-04-10T20:07:30.827+0800][9138.195s] GC(741) Old regions: 47->47
[2023-04-10T20:07:30.827+0800][9138.195s] GC(741) Humongous regions: 7->6
[2023-04-10T20:07:30.827+0800][9138.195s] GC(741) Metaspace: 60822K(63184K)->60822K(63184K) NonClass: 53903K(55296K)->53903K(55296K) Class: 6918K(7888K)->6918K(7888K)
[2023-04-10T20:07:30.827+0800][9138.195s] GC(741) Pause Young (Normal) (G1 Evacuation Pause) 359M->61M(512M) 2.189ms
[2023-04-10T20:07:30.827+0800][9138.195s] GC(741) User=0.00s Sys=0.00s Real=0.00s
[2023-04-10T20:07:31.078+0800][9138.446s] GC(742) Pause Young (Normal) (G1 Evacuation Pause)
[2023-04-10T20:07:31.078+0800][9138.446s] GC(742) Using 8 workers of 8 for evacuation
[2023-04-10T20:07:31.080+0800][9138.449s] GC(742)   Pre Evacuate Collection Set: 0.0ms
[2023-04-10T20:07:31.081+0800][9138.449s] GC(742)   Evacuate Collection Set: 1.7ms
[2023-04-10T20:07:31.081+0800][9138.449s] GC(742)   Post Evacuate Collection Set: 0.6ms
[2023-04-10T20:07:31.081+0800][9138.449s] GC(742)   Other: 0.2ms
[2023-04-10T20:07:31.081+0800][9138.449s] GC(742) Eden regions: 297->0(295)
[2023-04-10T20:07:31.081+0800][9138.449s] GC(742) Survivor regions: 10->12(39)
[2023-04-10T20:07:31.081+0800][9138.449s] GC(742) Old regions: 47->47
[2023-04-10T20:07:31.081+0800][9138.449s] GC(742) Humongous regions: 7->7
[2023-04-10T20:07:31.081+0800][9138.449s] GC(742) Metaspace: 60834K(63184K)->60834K(63184K) NonClass: 53915K(55296K)->53915K(55296K) Class: 6918K(7888K)->6918K(7888K)
[2023-04-10T20:07:31.081+0800][9138.449s] GC(742) Pause Young (Normal) (G1 Evacuation Pause) 359M->64M(512M) 2.745ms
[2023-04-10T20:07:31.081+0800][9138.449s] GC(742) User=0.00s Sys=0.00s Real=0.00s
[2023-04-10T20:07:31.346+0800][9138.714s] GC(743) Pause Young (Normal) (G1 Evacuation Pause)
[2023-04-10T20:07:31.346+0800][9138.714s] GC(743) Using 8 workers of 8 for evacuation
[2023-04-10T20:07:31.348+0800][9138.716s] GC(743)   Pre Evacuate Collection Set: 0.0ms
[2023-04-10T20:07:31.348+0800][9138.716s] GC(743)   Evacuate Collection Set: 1.5ms
[2023-04-10T20:07:31.348+0800][9138.716s] GC(743)   Post Evacuate Collection Set: 0.6ms
[2023-04-10T20:07:31.348+0800][9138.716s] GC(743)   Other: 0.2ms
[2023-04-10T20:07:31.348+0800][9138.716s] GC(743) Eden regions: 295->0(296)
[2023-04-10T20:07:31.348+0800][9138.716s] GC(743) Survivor regions: 12->11(39)
[2023-04-10T20:07:31.348+0800][9138.716s] GC(743) Old regions: 47->47
[2023-04-10T20:07:31.348+0800][9138.716s] GC(743) Humongous regions: 20->13
[2023-04-10T20:07:31.348+0800][9138.716s] GC(743) Metaspace: 60837K(63184K)->60837K(63184K) NonClass: 53918K(55296K)->53918K(55296K) Class: 6918K(7888K)->6918K(7888K)
[2023-04-10T20:07:31.348+0800][9138.716s] GC(743) Pause Young (Normal) (G1 Evacuation Pause) 372M->70M(512M) 2.715ms
[2023-04-10T20:07:31.348+0800][9138.716s] GC(743) User=0.00s Sys=0.00s Real=0.00s
[2023-04-10T20:07:31.745+0800][9139.113s] GC(744) Pause Young (Normal) (G1 Evacuation Pause)
[2023-04-10T20:07:31.745+0800][9139.113s] GC(744) Using 8 workers of 8 for evacuation
[2023-04-10T20:07:31.747+0800][9139.115s] GC(744)   Pre Evacuate Collection Set: 0.0ms
[2023-04-10T20:07:31.747+0800][9139.115s] GC(744)   Evacuate Collection Set: 1.7ms
[2023-04-10T20:07:31.747+0800][9139.115s] GC(744)   Post Evacuate Collection Set: 0.6ms
[2023-04-10T20:07:31.747+0800][9139.116s] GC(744)   Other: 0.2ms
[2023-04-10T20:07:31.747+0800][9139.116s] GC(744) Eden regions: 296->0(295)
[2023-04-10T20:07:31.747+0800][9139.116s] GC(744) Survivor regions: 11->12(39)
[2023-04-10T20:07:31.747+0800][9139.116s] GC(744) Old regions: 47->47
[2023-04-10T20:07:31.747+0800][9139.116s] GC(744) Humongous regions: 18->13
[2023-04-10T20:07:31.747+0800][9139.116s] GC(744) Metaspace: 60837K(63184K)->60837K(63184K) NonClass: 53918K(55296K)->53918K(55296K) Class: 6918K(7888K)->6918K(7888K)
[2023-04-10T20:07:31.747+0800][9139.116s] GC(744) Pause Young (Normal) (G1 Evacuation Pause) 371M->70M(512M) 2.777ms
[2023-04-10T20:07:31.747+0800][9139.116s] GC(744) User=0.09s Sys=0.00s Real=0.00s
[2023-04-10T20:07:32.048+0800][9139.416s] GC(745) Pause Young (Normal) (G1 Evacuation Pause)
[2023-04-10T20:07:32.048+0800][9139.417s] GC(745) Using 8 workers of 8 for evacuation
[2023-04-10T20:07:32.051+0800][9139.420s] GC(745)   Pre Evacuate Collection Set: 0.0ms
[2023-04-10T20:07:32.051+0800][9139.420s] GC(745)   Evacuate Collection Set: 2.0ms
[2023-04-10T20:07:32.051+0800][9139.420s] GC(745)   Post Evacuate Collection Set: 0.8ms
[2023-04-10T20:07:32.051+0800][9139.420s] GC(745)   Other: 0.3ms
[2023-04-10T20:07:32.051+0800][9139.420s] GC(745) Eden regions: 295->0(295)
[2023-04-10T20:07:32.051+0800][9139.420s] GC(745) Survivor regions: 12->12(39)
[2023-04-10T20:07:32.051+0800][9139.420s] GC(745) Old regions: 47->47
[2023-04-10T20:07:32.051+0800][9139.420s] GC(745) Humongous regions: 13->13
[2023-04-10T20:07:32.051+0800][9139.420s] GC(745) Metaspace: 60837K(63184K)->60837K(63184K) NonClass: 53918K(55296K)->53918K(55296K) Class: 6918K(7888K)->6918K(7888K)
[2023-04-10T20:07:32.051+0800][9139.420s] GC(745) Pause Young (Normal) (G1 Evacuation Pause) 365M->70M(512M) 3.303ms
[2023-04-10T20:07:32.051+0800][9139.420s] GC(745) User=0.00s Sys=0.00s Real=0.00s
[2023-04-10T20:07:32.321+0800][9139.689s] GC(746) Pause Young (Normal) (G1 Evacuation Pause)
[2023-04-10T20:07:32.321+0800][9139.689s] GC(746) Using 8 workers of 8 for evacuation
[2023-04-10T20:07:32.322+0800][9139.690s] GC(746)   Pre Evacuate Collection Set: 0.0ms
[2023-04-10T20:07:32.322+0800][9139.690s] GC(746)   Evacuate Collection Set: 0.7ms
[2023-04-10T20:07:32.322+0800][9139.690s] GC(746)   Post Evacuate Collection Set: 0.3ms
[2023-04-10T20:07:32.322+0800][9139.690s] GC(746)   Other: 0.2ms
[2023-04-10T20:07:32.322+0800][9139.690s] GC(746) Eden regions: 295->0(302)
[2023-04-10T20:07:32.322+0800][9139.690s] GC(746) Survivor regions: 12->5(39)
[2023-04-10T20:07:32.322+0800][9139.690s] GC(746) Old regions: 47->47
[2023-04-10T20:07:32.322+0800][9139.690s] GC(746) Humongous regions: 14->5
[2023-04-10T20:07:32.322+0800][9139.690s] GC(746) Metaspace: 60840K(63184K)->60840K(63184K) NonClass: 53922K(55296K)->53922K(55296K) Class: 6918K(7888K)->6918K(7888K)
[2023-04-10T20:07:32.322+0800][9139.690s] GC(746) Pause Young (Normal) (G1 Evacuation Pause) 366M->56M(512M) 1.363ms
[2023-04-10T20:07:32.322+0800][9139.691s] GC(746) User=0.00s Sys=0.00s Real=0.00s
[2023-04-10T20:07:32.599+0800][9139.967s] GC(747) Pause Young (Normal) (G1 Evacuation Pause)
[2023-04-10T20:07:32.599+0800][9139.967s] GC(747) Using 8 workers of 8 for evacuation
[2023-04-10T20:07:32.601+0800][9139.969s] GC(747)   Pre Evacuate Collection Set: 0.0ms
[2023-04-10T20:07:32.601+0800][9139.969s] GC(747)   Evacuate Collection Set: 1.1ms
[2023-04-10T20:07:32.601+0800][9139.969s] GC(747)   Post Evacuate Collection Set: 0.5ms
[2023-04-10T20:07:32.601+0800][9139.969s] GC(747)   Other: 0.1ms
[2023-04-10T20:07:32.601+0800][9139.969s] GC(747) Eden regions: 302->0(298)
[2023-04-10T20:07:32.601+0800][9139.969s] GC(747) Survivor regions: 5->9(39)
[2023-04-10T20:07:32.601+0800][9139.969s] GC(747) Old regions: 47->47
[2023-04-10T20:07:32.601+0800][9139.969s] GC(747) Humongous regions: 7->6
[2023-04-10T20:07:32.601+0800][9139.969s] GC(747) Metaspace: 60840K(63184K)->60840K(63184K) NonClass: 53922K(55296K)->53922K(55296K) Class: 6918K(7888K)->6918K(7888K)
[2023-04-10T20:07:32.601+0800][9139.969s] GC(747) Pause Young (Normal) (G1 Evacuation Pause) 360M->60M(512M) 1.938ms
[2023-04-10T20:07:32.601+0800][9139.969s] GC(747) User=0.00s Sys=0.00s Real=0.00s
[2023-04-10T20:07:32.844+0800][9140.212s] GC(748) Pause Young (Normal) (G1 Evacuation Pause)
[2023-04-10T20:07:32.844+0800][9140.212s] GC(748) Using 8 workers of 8 for evacuation
[2023-04-10T20:07:32.846+0800][9140.214s] GC(748)   Pre Evacuate Collection Set: 0.0ms
[2023-04-10T20:07:32.846+0800][9140.214s] GC(748)   Evacuate Collection Set: 1.4ms
[2023-04-10T20:07:32.846+0800][9140.214s] GC(748)   Post Evacuate Collection Set: 0.7ms
[2023-04-10T20:07:32.846+0800][9140.214s] GC(748)   Other: 0.2ms
[2023-04-10T20:07:32.846+0800][9140.214s] GC(748) Eden regions: 298->0(295)
[2023-04-10T20:07:32.846+0800][9140.214s] GC(748) Survivor regions: 9->12(39)
[2023-04-10T20:07:32.846+0800][9140.214s] GC(748) Old regions: 47->47
[2023-04-10T20:07:32.846+0800][9140.214s] GC(748) Humongous regions: 7->7
[2023-04-10T20:07:32.846+0800][9140.214s] GC(748) Metaspace: 60840K(63184K)->60840K(63184K) NonClass: 53922K(55296K)->53922K(55296K) Class: 6918K(7888K)->6918K(7888K)
[2023-04-10T20:07:32.846+0800][9140.215s] GC(748) Pause Young (Normal) (G1 Evacuation Pause) 359M->64M(512M) 2.433ms
[2023-04-10T20:07:32.846+0800][9140.215s] GC(748) User=0.00s Sys=0.00s Real=0.00s
[2023-04-10T20:07:33.118+0800][9140.486s] GC(749) Pause Young (Normal) (G1 Evacuation Pause)
[2023-04-10T20:07:33.118+0800][9140.486s] GC(749) Using 8 workers of 8 for evacuation
[2023-04-10T20:07:33.121+0800][9140.488s] GC(749)   Pre Evacuate Collection Set: 0.0ms
[2023-04-10T20:07:33.121+0800][9140.488s] GC(749)   Evacuate Collection Set: 1.6ms
[2023-04-10T20:07:33.121+0800][9140.488s] GC(749)   Post Evacuate Collection Set: 0.8ms
[2023-04-10T20:07:33.121+0800][9140.489s] GC(749)   Other: 0.2ms
[2023-04-10T20:07:33.121+0800][9140.489s] GC(749) Eden regions: 295->0(295)
[2023-04-10T20:07:33.121+0800][9140.489s] GC(749) Survivor regions: 12->12(39)
[2023-04-10T20:07:33.121+0800][9140.489s] GC(749) Old regions: 47->47
[2023-04-10T20:07:33.121+0800][9140.489s] GC(749) Humongous regions: 20->13
[2023-04-10T20:07:33.121+0800][9140.489s] GC(749) Metaspace: 60840K(63184K)->60840K(63184K) NonClass: 53922K(55296K)->53922K(55296K) Class: 6918K(7888K)->6918K(7888K)
[2023-04-10T20:07:33.121+0800][9140.489s] GC(749) Pause Young (Normal) (G1 Evacuation Pause) 372M->70M(512M) 2.818ms
[2023-04-10T20:07:33.121+0800][9140.489s] GC(749) User=0.00s Sys=0.00s Real=0.00s
[2023-04-10T20:07:33.616+0800][9140.984s] GC(750) Pause Young (Normal) (G1 Evacuation Pause)
[2023-04-10T20:07:33.616+0800][9140.984s] GC(750) Using 8 workers of 8 for evacuation
[2023-04-10T20:07:33.618+0800][9140.986s] GC(750)   Pre Evacuate Collection Set: 0.0ms
[2023-04-10T20:07:33.618+0800][9140.986s] GC(750)   Evacuate Collection Set: 1.3ms
[2023-04-10T20:07:33.618+0800][9140.987s] GC(750)   Post Evacuate Collection Set: 0.6ms
[2023-04-10T20:07:33.618+0800][9140.987s] GC(750)   Other: 0.2ms
[2023-04-10T20:07:33.618+0800][9140.987s] GC(750) Eden regions: 295->0(296)
[2023-04-10T20:07:33.618+0800][9140.987s] GC(750) Survivor regions: 12->11(39)
[2023-04-10T20:07:33.618+0800][9140.987s] GC(750) Old regions: 47->47
[2023-04-10T20:07:33.618+0800][9140.987s] GC(750) Humongous regions: 18->13
[2023-04-10T20:07:33.618+0800][9140.987s] GC(750) Metaspace: 60840K(63184K)->60840K(63184K) NonClass: 53922K(55296K)->53922K(55296K) Class: 6918K(7888K)->6918K(7888K)
[2023-04-10T20:07:33.618+0800][9140.987s] GC(750) Pause Young (Normal) (G1 Evacuation Pause) 370M->70M(512M) 2.263ms
[2023-04-10T20:07:33.618+0800][9140.987s] GC(750) User=0.00s Sys=0.00s Real=0.00s
[2023-04-10T20:07:34.101+0800][9141.469s] GC(751) Pause Young (Normal) (G1 Evacuation Pause)
[2023-04-10T20:07:34.101+0800][9141.469s] GC(751) Using 8 workers of 8 for evacuation
[2023-04-10T20:07:34.102+0800][9141.471s] GC(751)   Pre Evacuate Collection Set: 0.0ms
[2023-04-10T20:07:34.102+0800][9141.471s] GC(751)   Evacuate Collection Set: 0.8ms
[2023-04-10T20:07:34.102+0800][9141.471s] GC(751)   Post Evacuate Collection Set: 0.4ms
[2023-04-10T20:07:34.102+0800][9141.471s] GC(751)   Other: 0.2ms
[2023-04-10T20:07:34.102+0800][9141.471s] GC(751) Eden regions: 296->0(301)
[2023-04-10T20:07:34.102+0800][9141.471s] GC(751) Survivor regions: 11->6(39)
[2023-04-10T20:07:34.102+0800][9141.471s] GC(751) Old regions: 47->47
[2023-04-10T20:07:34.102+0800][9141.471s] GC(751) Humongous regions: 14->5
[2023-04-10T20:07:34.102+0800][9141.471s] GC(751) Metaspace: 60842K(63184K)->60842K(63184K) NonClass: 53923K(55296K)->53923K(55296K) Class: 6918K(7888K)->6918K(7888K)
[2023-04-10T20:07:34.102+0800][9141.471s] GC(751) Pause Young (Normal) (G1 Evacuation Pause) 367M->56M(512M) 1.778ms
[2023-04-10T20:07:34.102+0800][9141.471s] GC(751) User=0.00s Sys=0.00s Real=0.00s
[2023-04-10T20:07:34.588+0800][9141.956s] GC(752) Pause Young (Normal) (G1 Evacuation Pause)
[2023-04-10T20:07:34.588+0800][9141.956s] GC(752) Using 8 workers of 8 for evacuation
[2023-04-10T20:07:34.590+0800][9141.958s] GC(752)   Pre Evacuate Collection Set: 0.0ms
[2023-04-10T20:07:34.590+0800][9141.958s] GC(752)   Evacuate Collection Set: 1.3ms
[2023-04-10T20:07:34.590+0800][9141.958s] GC(752)   Post Evacuate Collection Set: 0.5ms
[2023-04-10T20:07:34.590+0800][9141.958s] GC(752)   Other: 0.2ms
[2023-04-10T20:07:34.590+0800][9141.958s] GC(752) Eden regions: 301->0(296)
[2023-04-10T20:07:34.590+0800][9141.958s] GC(752) Survivor regions: 6->11(39)
[2023-04-10T20:07:34.590+0800][9141.958s] GC(752) Old regions: 47->47
[2023-04-10T20:07:34.590+0800][9141.958s] GC(752) Humongous regions: 9->7
[2023-04-10T20:07:34.590+0800][9141.958s] GC(752) Metaspace: 60844K(63184K)->60844K(63184K) NonClass: 53926K(55296K)->53926K(55296K) Class: 6918K(7888K)->6918K(7888K)
[2023-04-10T20:07:34.590+0800][9141.958s] GC(752) Pause Young (Normal) (G1 Evacuation Pause) 361M->64M(512M) 2.367ms
[2023-04-10T20:07:34.590+0800][9141.958s] GC(752) User=0.02s Sys=0.00s Real=0.00s
[2023-04-10T20:07:35.278+0800][9142.646s] GC(753) Pause Young (Normal) (G1 Evacuation Pause)
[2023-04-10T20:07:35.278+0800][9142.646s] GC(753) Using 8 workers of 8 for evacuation
[2023-04-10T20:07:35.280+0800][9142.648s] GC(753)   Pre Evacuate Collection Set: 0.0ms
[2023-04-10T20:07:35.280+0800][9142.648s] GC(753)   Evacuate Collection Set: 1.5ms
[2023-04-10T20:07:35.280+0800][9142.648s] GC(753)   Post Evacuate Collection Set: 0.4ms
[2023-04-10T20:07:35.280+0800][9142.648s] GC(753)   Other: 0.2ms
[2023-04-10T20:07:35.280+0800][9142.648s] GC(753) Eden regions: 296->0(296)
[2023-04-10T20:07:35.280+0800][9142.648s] GC(753) Survivor regions: 11->11(39)
[2023-04-10T20:07:35.280+0800][9142.648s] GC(753) Old regions: 47->47
[2023-04-10T20:07:35.280+0800][9142.648s] GC(753) Humongous regions: 25->13
[2023-04-10T20:07:35.280+0800][9142.648s] GC(753) Metaspace: 60845K(63184K)->60845K(63184K) NonClass: 53926K(55296K)->53926K(55296K) Class: 6918K(7888K)->6918K(7888K)
[2023-04-10T20:07:35.280+0800][9142.648s] GC(753) Pause Young (Normal) (G1 Evacuation Pause) 378M->69M(512M) 2.328ms
[2023-04-10T20:07:35.280+0800][9142.648s] GC(753) User=0.00s Sys=0.00s Real=0.00s
[2023-04-10T20:07:35.752+0800][9143.121s] GC(754) Pause Young (Normal) (G1 Evacuation Pause)
[2023-04-10T20:07:35.752+0800][9143.121s] GC(754) Using 8 workers of 8 for evacuation
[2023-04-10T20:07:35.753+0800][9143.122s] GC(754)   Pre Evacuate Collection Set: 0.0ms
[2023-04-10T20:07:35.753+0800][9143.122s] GC(754)   Evacuate Collection Set: 0.5ms
[2023-04-10T20:07:35.753+0800][9143.122s] GC(754)   Post Evacuate Collection Set: 0.6ms
[2023-04-10T20:07:35.753+0800][9143.122s] GC(754)   Other: 0.2ms
[2023-04-10T20:07:35.753+0800][9143.122s] GC(754) Eden regions: 296->0(304)
[2023-04-10T20:07:35.753+0800][9143.122s] GC(754) Survivor regions: 11->3(39)
[2023-04-10T20:07:35.753+0800][9143.122s] GC(754) Old regions: 47->47
[2023-04-10T20:07:35.754+0800][9143.122s] GC(754) Humongous regions: 13->4
[2023-04-10T20:07:35.754+0800][9143.122s] GC(754) Metaspace: 60846K(63184K)->60846K(63184K) NonClass: 53927K(55296K)->53927K(55296K) Class: 6918K(7888K)->6918K(7888K)
[2023-04-10T20:07:35.754+0800][9143.122s] GC(754) Pause Young (Normal) (G1 Evacuation Pause) 365M->52M(512M) 1.514ms
[2023-04-10T20:07:35.754+0800][9143.122s] GC(754) User=0.00s Sys=0.00s Real=0.00s
[2023-04-10T20:07:36.144+0800][9143.512s] GC(755) Pause Young (Normal) (G1 Evacuation Pause)
[2023-04-10T20:07:36.144+0800][9143.512s] GC(755) Using 8 workers of 8 for evacuation
[2023-04-10T20:07:36.146+0800][9143.514s] GC(755)   Pre Evacuate Collection Set: 0.0ms
[2023-04-10T20:07:36.146+0800][9143.514s] GC(755)   Evacuate Collection Set: 0.9ms
[2023-04-10T20:07:36.146+0800][9143.514s] GC(755)   Post Evacuate Collection Set: 0.8ms
[2023-04-10T20:07:36.146+0800][9143.514s] GC(755)   Other: 0.2ms
[2023-04-10T20:07:36.146+0800][9143.514s] GC(755) Eden regions: 304->0(299)
[2023-04-10T20:07:36.146+0800][9143.514s] GC(755) Survivor regions: 3->8(39)
[2023-04-10T20:07:36.146+0800][9143.514s] GC(755) Old regions: 47->47
[2023-04-10T20:07:36.146+0800][9143.514s] GC(755) Humongous regions: 7->6
[2023-04-10T20:07:36.146+0800][9143.514s] GC(755) Metaspace: 60846K(63184K)->60846K(63184K) NonClass: 53927K(55296K)->53927K(55296K) Class: 6918K(7888K)->6918K(7888K)
[2023-04-10T20:07:36.146+0800][9143.514s] GC(755) Pause Young (Normal) (G1 Evacuation Pause) 359M->60M(512M) 2.166ms
[2023-04-10T20:07:36.146+0800][9143.514s] GC(755) User=0.00s Sys=0.00s Real=0.00s
[2023-04-10T20:07:36.572+0800][9143.940s] GC(756) Pause Young (Normal) (G1 Evacuation Pause)
[2023-04-10T20:07:36.572+0800][9143.940s] GC(756) Using 8 workers of 8 for evacuation
[2023-04-10T20:07:36.574+0800][9143.942s] GC(756)   Pre Evacuate Collection Set: 0.0ms
[2023-04-10T20:07:36.574+0800][9143.942s] GC(756)   Evacuate Collection Set: 1.1ms
[2023-04-10T20:07:36.574+0800][9143.942s] GC(756)   Post Evacuate Collection Set: 0.7ms
[2023-04-10T20:07:36.574+0800][9143.942s] GC(756)   Other: 0.2ms
[2023-04-10T20:07:36.574+0800][9143.942s] GC(756) Eden regions: 299->0(297)
[2023-04-10T20:07:36.574+0800][9143.942s] GC(756) Survivor regions: 8->10(39)
[2023-04-10T20:07:36.574+0800][9143.942s] GC(756) Old regions: 47->47
[2023-04-10T20:07:36.574+0800][9143.942s] GC(756) Humongous regions: 20->13
[2023-04-10T20:07:36.574+0800][9143.942s] GC(756) Metaspace: 60846K(63184K)->60846K(63184K) NonClass: 53927K(55296K)->53927K(55296K) Class: 6918K(7888K)->6918K(7888K)
[2023-04-10T20:07:36.574+0800][9143.942s] GC(756) Pause Young (Normal) (G1 Evacuation Pause) 373M->69M(512M) 2.112ms
[2023-04-10T20:07:36.574+0800][9143.942s] GC(756) User=0.00s Sys=0.03s Real=0.00s
[2023-04-10T20:07:37.081+0800][9144.449s] GC(757) Pause Young (Normal) (G1 Evacuation Pause)
[2023-04-10T20:07:37.081+0800][9144.449s] GC(757) Using 8 workers of 8 for evacuation
[2023-04-10T20:07:37.082+0800][9144.450s] GC(757)   Pre Evacuate Collection Set: 0.0ms
[2023-04-10T20:07:37.082+0800][9144.450s] GC(757)   Evacuate Collection Set: 0.3ms
[2023-04-10T20:07:37.082+0800][9144.450s] GC(757)   Post Evacuate Collection Set: 0.5ms
[2023-04-10T20:07:37.082+0800][9144.450s] GC(757)   Other: 0.2ms
[2023-04-10T20:07:37.082+0800][9144.450s] GC(757) Eden regions: 297->0(306)
[2023-04-10T20:07:37.082+0800][9144.450s] GC(757) Survivor regions: 10->1(39)
[2023-04-10T20:07:37.082+0800][9144.450s] GC(757) Old regions: 47->47
[2023-04-10T20:07:37.082+0800][9144.450s] GC(757) Humongous regions: 18->4
[2023-04-10T20:07:37.082+0800][9144.450s] GC(757) Metaspace: 60846K(63184K)->60846K(63184K) NonClass: 53927K(55296K)->53927K(55296K) Class: 6918K(7888K)->6918K(7888K)
[2023-04-10T20:07:37.082+0800][9144.450s] GC(757) Pause Young (Normal) (G1 Evacuation Pause) 371M->51M(512M) 1.132ms
[2023-04-10T20:07:37.082+0800][9144.450s] GC(757) User=0.00s Sys=0.00s Real=0.00s
[2023-04-10T20:07:37.472+0800][9144.840s] GC(758) Pause Young (Normal) (G1 Evacuation Pause)
[2023-04-10T20:07:37.472+0800][9144.840s] GC(758) Using 8 workers of 8 for evacuation
[2023-04-10T20:07:37.473+0800][9144.841s] GC(758)   Pre Evacuate Collection Set: 0.0ms
[2023-04-10T20:07:37.473+0800][9144.841s] GC(758)   Evacuate Collection Set: 0.8ms
[2023-04-10T20:07:37.473+0800][9144.842s] GC(758)   Post Evacuate Collection Set: 0.5ms
[2023-04-10T20:07:37.473+0800][9144.842s] GC(758)   Other: 0.2ms
[2023-04-10T20:07:37.473+0800][9144.842s] GC(758) Eden regions: 306->0(300)
[2023-04-10T20:07:37.473+0800][9144.842s] GC(758) Survivor regions: 1->7(39)
[2023-04-10T20:07:37.474+0800][9144.842s] GC(758) Old regions: 47->47
[2023-04-10T20:07:37.474+0800][9144.842s] GC(758) Humongous regions: 7->6
[2023-04-10T20:07:37.474+0800][9144.842s] GC(758) Metaspace: 60846K(63184K)->60846K(63184K) NonClass: 53927K(55296K)->53927K(55296K) Class: 6918K(7888K)->6918K(7888K)
[2023-04-10T20:07:37.474+0800][9144.842s] GC(758) Pause Young (Normal) (G1 Evacuation Pause) 360M->58M(512M) 1.829ms
[2023-04-10T20:07:37.474+0800][9144.842s] GC(758) User=0.00s Sys=0.00s Real=0.00s
[2023-04-10T20:07:37.865+0800][9145.233s] GC(759) Pause Young (Normal) (G1 Evacuation Pause)
[2023-04-10T20:07:37.865+0800][9145.233s] GC(759) Using 8 workers of 8 for evacuation
[2023-04-10T20:07:37.866+0800][9145.235s] GC(759)   Pre Evacuate Collection Set: 0.0ms
[2023-04-10T20:07:37.867+0800][9145.235s] GC(759)   Evacuate Collection Set: 1.0ms
[2023-04-10T20:07:37.867+0800][9145.235s] GC(759)   Post Evacuate Collection Set: 0.6ms
[2023-04-10T20:07:37.867+0800][9145.235s] GC(759)   Other: 0.2ms
[2023-04-10T20:07:37.867+0800][9145.235s] GC(759) Eden regions: 300->0(298)
[2023-04-10T20:07:37.867+0800][9145.235s] GC(759) Survivor regions: 7->9(39)
[2023-04-10T20:07:37.867+0800][9145.235s] GC(759) Old regions: 47->47
[2023-04-10T20:07:37.867+0800][9145.235s] GC(759) Humongous regions: 12->12
[2023-04-10T20:07:37.867+0800][9145.235s] GC(759) Metaspace: 60846K(63184K)->60846K(63184K) NonClass: 53927K(55296K)->53927K(55296K) Class: 6918K(7888K)->6918K(7888K)
[2023-04-10T20:07:37.867+0800][9145.235s] GC(759) Pause Young (Normal) (G1 Evacuation Pause) 364M->67M(512M) 1.964ms
[2023-04-10T20:07:37.867+0800][9145.235s] GC(759) User=0.00s Sys=0.00s Real=0.00s
[2023-04-10T20:07:38.372+0800][9145.740s] GC(760) Pause Young (Normal) (G1 Evacuation Pause)
[2023-04-10T20:07:38.372+0800][9145.740s] GC(760) Using 8 workers of 8 for evacuation
[2023-04-10T20:07:38.374+0800][9145.742s] GC(760)   Pre Evacuate Collection Set: 0.0ms
[2023-04-10T20:07:38.374+0800][9145.742s] GC(760)   Evacuate Collection Set: 1.2ms
[2023-04-10T20:07:38.374+0800][9145.742s] GC(760)   Post Evacuate Collection Set: 0.7ms
[2023-04-10T20:07:38.374+0800][9145.742s] GC(760)   Other: 0.2ms
[2023-04-10T20:07:38.374+0800][9145.742s] GC(760) Eden regions: 298->0(297)
[2023-04-10T20:07:38.374+0800][9145.742s] GC(760) Survivor regions: 9->10(39)
[2023-04-10T20:07:38.374+0800][9145.742s] GC(760) Old regions: 47->47
[2023-04-10T20:07:38.374+0800][9145.742s] GC(760) Humongous regions: 25->13
[2023-04-10T20:07:38.374+0800][9145.742s] GC(760) Metaspace: 60846K(63184K)->60846K(63184K) NonClass: 53927K(55296K)->53927K(55296K) Class: 6918K(7888K)->6918K(7888K)
[2023-04-10T20:07:38.374+0800][9145.742s] GC(760) Pause Young (Normal) (G1 Evacuation Pause) 378M->69M(512M) 2.268ms
[2023-04-10T20:07:38.374+0800][9145.743s] GC(760) User=0.00s Sys=0.00s Real=0.00s
[2023-04-10T20:07:38.829+0800][9146.197s] GC(761) Pause Young (Normal) (G1 Evacuation Pause)
[2023-04-10T20:07:38.829+0800][9146.197s] GC(761) Using 8 workers of 8 for evacuation
[2023-04-10T20:07:38.831+0800][9146.198s] GC(761)   Pre Evacuate Collection Set: 0.0ms
[2023-04-10T20:07:38.831+0800][9146.198s] GC(761)   Evacuate Collection Set: 0.6ms
[2023-04-10T20:07:38.831+0800][9146.198s] GC(761)   Post Evacuate Collection Set: 0.7ms
[2023-04-10T20:07:38.831+0800][9146.199s] GC(761)   Other: 0.2ms
[2023-04-10T20:07:38.831+0800][9146.199s] GC(761) Eden regions: 297->0(301)
[2023-04-10T20:07:38.831+0800][9146.199s] GC(761) Survivor regions: 10->6(39)
[2023-04-10T20:07:38.831+0800][9146.199s] GC(761) Old regions: 47->47
[2023-04-10T20:07:38.831+0800][9146.199s] GC(761) Humongous regions: 14->5
[2023-04-10T20:07:38.831+0800][9146.199s] GC(761) Metaspace: 60846K(63184K)->60846K(63184K) NonClass: 53927K(55296K)->53927K(55296K) Class: 6918K(7888K)->6918K(7888K)
[2023-04-10T20:07:38.831+0800][9146.199s] GC(761) Pause Young (Normal) (G1 Evacuation Pause) 367M->56M(512M) 1.649ms
[2023-04-10T20:07:38.831+0800][9146.199s] GC(761) User=0.00s Sys=0.00s Real=0.00s
[2023-04-10T20:07:39.230+0800][9146.599s] GC(762) Pause Young (Normal) (G1 Evacuation Pause)
[2023-04-10T20:07:39.231+0800][9146.599s] GC(762) Using 8 workers of 8 for evacuation
[2023-04-10T20:07:39.233+0800][9146.601s] GC(762)   Pre Evacuate Collection Set: 0.0ms
[2023-04-10T20:07:39.233+0800][9146.601s] GC(762)   Evacuate Collection Set: 1.2ms
[2023-04-10T20:07:39.233+0800][9146.601s] GC(762)   Post Evacuate Collection Set: 0.7ms
[2023-04-10T20:07:39.233+0800][9146.601s] GC(762)   Other: 0.2ms
[2023-04-10T20:07:39.233+0800][9146.601s] GC(762) Eden regions: 301->0(296)
[2023-04-10T20:07:39.233+0800][9146.601s] GC(762) Survivor regions: 6->11(39)
[2023-04-10T20:07:39.233+0800][9146.601s] GC(762) Old regions: 47->47
[2023-04-10T20:07:39.233+0800][9146.601s] GC(762) Humongous regions: 8->7
[2023-04-10T20:07:39.233+0800][9146.601s] GC(762) Metaspace: 60846K(63184K)->60846K(63184K) NonClass: 53927K(55296K)->53927K(55296K) Class: 6918K(7888K)->6918K(7888K)
[2023-04-10T20:07:39.233+0800][9146.601s] GC(762) Pause Young (Normal) (G1 Evacuation Pause) 360M->63M(512M) 2.309ms
[2023-04-10T20:07:39.233+0800][9146.601s] GC(762) User=0.00s Sys=0.00s Real=0.00s
[2023-04-10T20:07:39.725+0800][9147.093s] GC(763) Pause Young (Normal) (G1 Evacuation Pause)
[2023-04-10T20:07:39.725+0800][9147.093s] GC(763) Using 8 workers of 8 for evacuation
[2023-04-10T20:07:39.727+0800][9147.095s] GC(763)   Pre Evacuate Collection Set: 0.0ms
[2023-04-10T20:07:39.727+0800][9147.095s] GC(763)   Evacuate Collection Set: 1.2ms
[2023-04-10T20:07:39.727+0800][9147.095s] GC(763)   Post Evacuate Collection Set: 0.6ms
[2023-04-10T20:07:39.727+0800][9147.095s] GC(763)   Other: 0.2ms
[2023-04-10T20:07:39.727+0800][9147.095s] GC(763) Eden regions: 296->0(297)
[2023-04-10T20:07:39.727+0800][9147.095s] GC(763) Survivor regions: 11->10(39)
[2023-04-10T20:07:39.727+0800][9147.095s] GC(763) Old regions: 47->47
[2023-04-10T20:07:39.727+0800][9147.095s] GC(763) Humongous regions: 25->13
[2023-04-10T20:07:39.727+0800][9147.095s] GC(763) Metaspace: 60846K(63184K)->60846K(63184K) NonClass: 53927K(55296K)->53927K(55296K) Class: 6918K(7888K)->6918K(7888K)
[2023-04-10T20:07:39.727+0800][9147.095s] GC(763) Pause Young (Normal) (G1 Evacuation Pause) 377M->69M(512M) 2.168ms
[2023-04-10T20:07:39.727+0800][9147.095s] GC(763) User=0.00s Sys=0.00s Real=0.00s
[2023-04-10T20:07:40.134+0800][9147.502s] GC(764) Pause Young (Normal) (G1 Evacuation Pause)
[2023-04-10T20:07:40.134+0800][9147.502s] GC(764) Using 8 workers of 8 for evacuation
[2023-04-10T20:07:40.135+0800][9147.503s] GC(764)   Pre Evacuate Collection Set: 0.0ms
[2023-04-10T20:07:40.135+0800][9147.504s] GC(764)   Evacuate Collection Set: 0.5ms
[2023-04-10T20:07:40.135+0800][9147.504s] GC(764)   Post Evacuate Collection Set: 0.7ms
[2023-04-10T20:07:40.135+0800][9147.504s] GC(764)   Other: 0.2ms
[2023-04-10T20:07:40.135+0800][9147.504s] GC(764) Eden regions: 297->0(303)
[2023-04-10T20:07:40.135+0800][9147.504s] GC(764) Survivor regions: 10->4(39)
[2023-04-10T20:07:40.135+0800][9147.504s] GC(764) Old regions: 47->47
[2023-04-10T20:07:40.135+0800][9147.504s] GC(764) Humongous regions: 14->5
[2023-04-10T20:07:40.135+0800][9147.504s] GC(764) Metaspace: 60846K(63184K)->60846K(63184K) NonClass: 53928K(55296K)->53928K(55296K) Class: 6918K(7888K)->6918K(7888K)
[2023-04-10T20:07:40.135+0800][9147.504s] GC(764) Pause Young (Normal) (G1 Evacuation Pause) 367M->54M(512M) 1.523ms
[2023-04-10T20:07:40.135+0800][9147.504s] GC(764) User=0.00s Sys=0.00s Real=0.00s
[2023-04-10T20:07:40.562+0800][9147.929s] GC(765) Pause Young (Normal) (G1 Evacuation Pause)
[2023-04-10T20:07:40.562+0800][9147.929s] GC(765) Using 8 workers of 8 for evacuation
[2023-04-10T20:07:40.563+0800][9147.931s] GC(765)   Pre Evacuate Collection Set: 0.0ms
[2023-04-10T20:07:40.563+0800][9147.931s] GC(765)   Evacuate Collection Set: 1.1ms
[2023-04-10T20:07:40.563+0800][9147.931s] GC(765)   Post Evacuate Collection Set: 0.7ms
[2023-04-10T20:07:40.563+0800][9147.931s] GC(765)   Other: 0.2ms
[2023-04-10T20:07:40.563+0800][9147.932s] GC(765) Eden regions: 303->0(298)
[2023-04-10T20:07:40.563+0800][9147.932s] GC(765) Survivor regions: 4->9(39)
[2023-04-10T20:07:40.563+0800][9147.932s] GC(765) Old regions: 47->47
[2023-04-10T20:07:40.563+0800][9147.932s] GC(765) Humongous regions: 7->6
[2023-04-10T20:07:40.563+0800][9147.932s] GC(765) Metaspace: 60846K(63184K)->60846K(63184K) NonClass: 53928K(55296K)->53928K(55296K) Class: 6918K(7888K)->6918K(7888K)
[2023-04-10T20:07:40.563+0800][9147.932s] GC(765) Pause Young (Normal) (G1 Evacuation Pause) 359M->61M(512M) 2.299ms
[2023-04-10T20:07:40.563+0800][9147.932s] GC(765) User=0.00s Sys=0.00s Real=0.00s
[2023-04-10T20:07:40.979+0800][9148.347s] GC(766) Pause Young (Normal) (G1 Evacuation Pause)
[2023-04-10T20:07:40.979+0800][9148.347s] GC(766) Using 8 workers of 8 for evacuation
[2023-04-10T20:07:40.981+0800][9148.349s] GC(766)   Pre Evacuate Collection Set: 0.0ms
[2023-04-10T20:07:40.981+0800][9148.349s] GC(766)   Evacuate Collection Set: 1.3ms
[2023-04-10T20:07:40.981+0800][9148.349s] GC(766)   Post Evacuate Collection Set: 0.7ms
[2023-04-10T20:07:40.981+0800][9148.349s] GC(766)   Other: 0.2ms
[2023-04-10T20:07:40.981+0800][9148.349s] GC(766) Eden regions: 298->0(296)
[2023-04-10T20:07:40.981+0800][9148.349s] GC(766) Survivor regions: 9->11(39)
[2023-04-10T20:07:40.981+0800][9148.349s] GC(766) Old regions: 47->47
[2023-04-10T20:07:40.981+0800][9148.349s] GC(766) Humongous regions: 25->13
[2023-04-10T20:07:40.981+0800][9148.349s] GC(766) Metaspace: 60846K(63184K)->60846K(63184K) NonClass: 53928K(55296K)->53928K(55296K) Class: 6918K(7888K)->6918K(7888K)
[2023-04-10T20:07:40.981+0800][9148.349s] GC(766) Pause Young (Normal) (G1 Evacuation Pause) 378M->69M(512M) 2.318ms
[2023-04-10T20:07:40.981+0800][9148.349s] GC(766) User=0.11s Sys=0.00s Real=0.00s
[2023-04-10T20:07:41.509+0800][9148.877s] GC(767) Pause Young (Normal) (G1 Evacuation Pause)
[2023-04-10T20:07:41.509+0800][9148.877s] GC(767) Using 8 workers of 8 for evacuation
[2023-04-10T20:07:41.510+0800][9148.878s] GC(767)   Pre Evacuate Collection Set: 0.0ms
[2023-04-10T20:07:41.510+0800][9148.878s] GC(767)   Evacuate Collection Set: 0.3ms
[2023-04-10T20:07:41.510+0800][9148.878s] GC(767)   Post Evacuate Collection Set: 0.6ms
[2023-04-10T20:07:41.510+0800][9148.879s] GC(767)   Other: 0.2ms
[2023-04-10T20:07:41.510+0800][9148.879s] GC(767) Eden regions: 296->0(305)
[2023-04-10T20:07:41.510+0800][9148.879s] GC(767) Survivor regions: 11->2(39)
[2023-04-10T20:07:41.510+0800][9148.879s] GC(767) Old regions: 47->47
[2023-04-10T20:07:41.510+0800][9148.879s] GC(767) Humongous regions: 13->4
[2023-04-10T20:07:41.510+0800][9148.879s] GC(767) Metaspace: 60853K(63184K)->60853K(63184K) NonClass: 53934K(55296K)->53934K(55296K) Class: 6918K(7888K)->6918K(7888K)
[2023-04-10T20:07:41.510+0800][9148.879s] GC(767) Pause Young (Normal) (G1 Evacuation Pause) 365M->51M(512M) 1.229ms
[2023-04-10T20:07:41.510+0800][9148.879s] GC(767) User=0.00s Sys=0.00s Real=0.00s
[2023-04-10T20:07:41.889+0800][9149.257s] GC(768) Pause Young (Normal) (G1 Evacuation Pause)
[2023-04-10T20:07:41.889+0800][9149.257s] GC(768) Using 8 workers of 8 for evacuation
[2023-04-10T20:07:41.891+0800][9149.259s] GC(768)   Pre Evacuate Collection Set: 0.0ms
[2023-04-10T20:07:41.891+0800][9149.259s] GC(768)   Evacuate Collection Set: 0.8ms
[2023-04-10T20:07:41.891+0800][9149.259s] GC(768)   Post Evacuate Collection Set: 0.6ms
[2023-04-10T20:07:41.891+0800][9149.259s] GC(768)   Other: 0.2ms
[2023-04-10T20:07:41.891+0800][9149.259s] GC(768) Eden regions: 305->0(300)
[2023-04-10T20:07:41.891+0800][9149.259s] GC(768) Survivor regions: 2->7(39)
[2023-04-10T20:07:41.891+0800][9149.259s] GC(768) Old regions: 47->47
[2023-04-10T20:07:41.891+0800][9149.259s] GC(768) Humongous regions: 7->6
[2023-04-10T20:07:41.891+0800][9149.259s] GC(768) Metaspace: 60853K(63184K)->60853K(63184K) NonClass: 53934K(55296K)->53934K(55296K) Class: 6918K(7888K)->6918K(7888K)
[2023-04-10T20:07:41.891+0800][9149.259s] GC(768) Pause Young (Normal) (G1 Evacuation Pause) 359M->59M(512M) 1.876ms
[2023-04-10T20:07:41.891+0800][9149.259s] GC(768) User=0.00s Sys=0.00s Real=0.00s
[2023-04-10T20:07:42.273+0800][9149.642s] GC(769) Pause Young (Normal) (G1 Evacuation Pause)
[2023-04-10T20:07:42.274+0800][9149.642s] GC(769) Using 8 workers of 8 for evacuation
[2023-04-10T20:07:42.275+0800][9149.644s] GC(769)   Pre Evacuate Collection Set: 0.0ms
[2023-04-10T20:07:42.276+0800][9149.644s] GC(769)   Evacuate Collection Set: 1.1ms
[2023-04-10T20:07:42.276+0800][9149.644s] GC(769)   Post Evacuate Collection Set: 0.7ms
[2023-04-10T20:07:42.276+0800][9149.644s] GC(769)   Other: 0.2ms
[2023-04-10T20:07:42.276+0800][9149.644s] GC(769) Eden regions: 300->0(297)
[2023-04-10T20:07:42.276+0800][9149.644s] GC(769) Survivor regions: 7->10(39)
[2023-04-10T20:07:42.276+0800][9149.644s] GC(769) Old regions: 47->47
[2023-04-10T20:07:42.276+0800][9149.644s] GC(769) Humongous regions: 12->12
[2023-04-10T20:07:42.276+0800][9149.644s] GC(769) Metaspace: 60853K(63184K)->60853K(63184K) NonClass: 53934K(55296K)->53934K(55296K) Class: 6918K(7888K)->6918K(7888K)
[2023-04-10T20:07:42.276+0800][9149.644s] GC(769) Pause Young (Normal) (G1 Evacuation Pause) 365M->67M(512M) 2.190ms
[2023-04-10T20:07:42.276+0800][9149.644s] GC(769) User=0.00s Sys=0.00s Real=0.00s
[2023-04-10T20:07:42.906+0800][9150.273s] GC(770) Pause Young (Normal) (G1 Evacuation Pause)
[2023-04-10T20:07:42.906+0800][9150.273s] GC(770) Using 8 workers of 8 for evacuation
[2023-04-10T20:07:42.907+0800][9150.275s] GC(770)   Pre Evacuate Collection Set: 0.0ms
[2023-04-10T20:07:42.907+0800][9150.275s] GC(770)   Evacuate Collection Set: 1.2ms
[2023-04-10T20:07:42.907+0800][9150.275s] GC(770)   Post Evacuate Collection Set: 0.5ms
[2023-04-10T20:07:42.908+0800][9150.275s] GC(770)   Other: 0.2ms
[2023-04-10T20:07:42.908+0800][9150.275s] GC(770) Eden regions: 297->0(297)
[2023-04-10T20:07:42.908+0800][9150.275s] GC(770) Survivor regions: 10->10(39)
[2023-04-10T20:07:42.908+0800][9150.275s] GC(770) Old regions: 47->47
[2023-04-10T20:07:42.908+0800][9150.276s] GC(770) Humongous regions: 25->13
[2023-04-10T20:07:42.908+0800][9150.276s] GC(770) Metaspace: 60853K(63184K)->60853K(63184K) NonClass: 53934K(55296K)->53934K(55296K) Class: 6918K(7888K)->6918K(7888K)
[2023-04-10T20:07:42.908+0800][9150.276s] GC(770) Pause Young (Normal) (G1 Evacuation Pause) 377M->69M(512M) 2.217ms
[2023-04-10T20:07:42.908+0800][9150.276s] GC(770) User=0.00s Sys=0.00s Real=0.00s
[2023-04-10T20:07:43.326+0800][9150.694s] GC(771) Pause Young (Normal) (G1 Evacuation Pause)
[2023-04-10T20:07:43.327+0800][9150.694s] GC(771) Using 8 workers of 8 for evacuation
[2023-04-10T20:07:43.328+0800][9150.696s] GC(771)   Pre Evacuate Collection Set: 0.0ms
[2023-04-10T20:07:43.328+0800][9150.696s] GC(771)   Evacuate Collection Set: 0.7ms
[2023-04-10T20:07:43.328+0800][9150.696s] GC(771)   Post Evacuate Collection Set: 0.7ms
[2023-04-10T20:07:43.328+0800][9150.696s] GC(771)   Other: 0.2ms
[2023-04-10T20:07:43.328+0800][9150.696s] GC(771) Eden regions: 297->0(301)
[2023-04-10T20:07:43.328+0800][9150.696s] GC(771) Survivor regions: 10->6(39)
[2023-04-10T20:07:43.328+0800][9150.696s] GC(771) Old regions: 47->47
[2023-04-10T20:07:43.328+0800][9150.696s] GC(771) Humongous regions: 14->5
[2023-04-10T20:07:43.328+0800][9150.696s] GC(771) Metaspace: 60858K(63184K)->60858K(63184K) NonClass: 53939K(55296K)->53939K(55296K) Class: 6918K(7888K)->6918K(7888K)
[2023-04-10T20:07:43.328+0800][9150.696s] GC(771) Pause Young (Normal) (G1 Evacuation Pause) 367M->56M(512M) 1.726ms
[2023-04-10T20:07:43.328+0800][9150.696s] GC(771) User=0.00s Sys=0.00s Real=0.00s
[2023-04-10T20:07:43.715+0800][9151.083s] GC(772) Pause Young (Normal) (G1 Evacuation Pause)
[2023-04-10T20:07:43.715+0800][9151.083s] GC(772) Using 8 workers of 8 for evacuation
[2023-04-10T20:07:43.717+0800][9151.085s] GC(772)   Pre Evacuate Collection Set: 0.0ms
[2023-04-10T20:07:43.717+0800][9151.085s] GC(772)   Evacuate Collection Set: 1.2ms
[2023-04-10T20:07:43.717+0800][9151.085s] GC(772)   Post Evacuate Collection Set: 0.6ms
[2023-04-10T20:07:43.717+0800][9151.086s] GC(772)   Other: 0.2ms
[2023-04-10T20:07:43.717+0800][9151.086s] GC(772) Eden regions: 301->0(296)
[2023-04-10T20:07:43.717+0800][9151.086s] GC(772) Survivor regions: 6->11(39)
[2023-04-10T20:07:43.717+0800][9151.086s] GC(772) Old regions: 47->47
[2023-04-10T20:07:43.717+0800][9151.086s] GC(772) Humongous regions: 8->7
[2023-04-10T20:07:43.717+0800][9151.086s] GC(772) Metaspace: 60858K(63184K)->60858K(63184K) NonClass: 53939K(55296K)->53939K(55296K) Class: 6918K(7888K)->6918K(7888K)
[2023-04-10T20:07:43.717+0800][9151.086s] GC(772) Pause Young (Normal) (G1 Evacuation Pause) 360M->64M(512M) 2.183ms
[2023-04-10T20:07:43.717+0800][9151.086s] GC(772) User=0.00s Sys=0.00s Real=0.00s
[2023-04-10T20:07:44.236+0800][9151.604s] GC(773) Pause Young (Normal) (G1 Evacuation Pause)
[2023-04-10T20:07:44.236+0800][9151.604s] GC(773) Using 8 workers of 8 for evacuation
[2023-04-10T20:07:44.238+0800][9151.606s] GC(773)   Pre Evacuate Collection Set: 0.0ms
[2023-04-10T20:07:44.238+0800][9151.606s] GC(773)   Evacuate Collection Set: 1.3ms
[2023-04-10T20:07:44.238+0800][9151.606s] GC(773)   Post Evacuate Collection Set: 0.8ms
[2023-04-10T20:07:44.238+0800][9151.606s] GC(773)   Other: 0.2ms
[2023-04-10T20:07:44.238+0800][9151.606s] GC(773) Eden regions: 296->0(297)
[2023-04-10T20:07:44.238+0800][9151.606s] GC(773) Survivor regions: 11->10(39)
[2023-04-10T20:07:44.238+0800][9151.606s] GC(773) Old regions: 47->47
[2023-04-10T20:07:44.238+0800][9151.606s] GC(773) Humongous regions: 25->13
[2023-04-10T20:07:44.238+0800][9151.606s] GC(773) Metaspace: 60858K(63184K)->60858K(63184K) NonClass: 53940K(55296K)->53940K(55296K) Class: 6918K(7888K)->6918K(7888K)
[2023-04-10T20:07:44.238+0800][9151.606s] GC(773) Pause Young (Normal) (G1 Evacuation Pause) 378M->69M(512M) 2.382ms
[2023-04-10T20:07:44.238+0800][9151.606s] GC(773) User=0.00s Sys=0.00s Real=0.00s
[2023-04-10T20:07:44.750+0800][9152.119s] GC(774) Pause Young (Normal) (G1 Evacuation Pause)
[2023-04-10T20:07:44.750+0800][9152.119s] GC(774) Using 8 workers of 8 for evacuation
[2023-04-10T20:07:44.751+0800][9152.120s] GC(774)   Pre Evacuate Collection Set: 0.0ms
[2023-04-10T20:07:44.752+0800][9152.120s] GC(774)   Evacuate Collection Set: 0.6ms
[2023-04-10T20:07:44.752+0800][9152.120s] GC(774)   Post Evacuate Collection Set: 0.6ms
[2023-04-10T20:07:44.752+0800][9152.120s] GC(774)   Other: 0.2ms
[2023-04-10T20:07:44.752+0800][9152.120s] GC(774) Eden regions: 297->0(302)
[2023-04-10T20:07:44.752+0800][9152.120s] GC(774) Survivor regions: 10->5(39)
[2023-04-10T20:07:44.752+0800][9152.120s] GC(774) Old regions: 47->47
[2023-04-10T20:07:44.752+0800][9152.120s] GC(774) Humongous regions: 14->5
[2023-04-10T20:07:44.752+0800][9152.120s] GC(774) Metaspace: 60859K(63184K)->60859K(63184K) NonClass: 53940K(55296K)->53940K(55296K) Class: 6918K(7888K)->6918K(7888K)
[2023-04-10T20:07:44.752+0800][9152.120s] GC(774) Pause Young (Normal) (G1 Evacuation Pause) 367M->55M(512M) 1.551ms
[2023-04-10T20:07:44.752+0800][9152.120s] GC(774) User=0.00s Sys=0.00s Real=0.00s
[2023-04-10T20:07:45.136+0800][9152.504s] GC(775) Pause Young (Normal) (G1 Evacuation Pause)
[2023-04-10T20:07:45.136+0800][9152.504s] GC(775) Using 8 workers of 8 for evacuation
[2023-04-10T20:07:45.138+0800][9152.506s] GC(775)   Pre Evacuate Collection Set: 0.0ms
[2023-04-10T20:07:45.138+0800][9152.506s] GC(775)   Evacuate Collection Set: 1.1ms
[2023-04-10T20:07:45.138+0800][9152.506s] GC(775)   Post Evacuate Collection Set: 0.6ms
[2023-04-10T20:07:45.138+0800][9152.506s] GC(775)   Other: 0.2ms
[2023-04-10T20:07:45.138+0800][9152.506s] GC(775) Eden regions: 302->0(297)
[2023-04-10T20:07:45.138+0800][9152.506s] GC(775) Survivor regions: 5->10(39)
[2023-04-10T20:07:45.138+0800][9152.506s] GC(775) Old regions: 47->47
[2023-04-10T20:07:45.138+0800][9152.506s] GC(775) Humongous regions: 8->7
[2023-04-10T20:07:45.138+0800][9152.506s] GC(775) Metaspace: 60859K(63184K)->60859K(63184K) NonClass: 53940K(55296K)->53940K(55296K) Class: 6918K(7888K)->6918K(7888K)
[2023-04-10T20:07:45.138+0800][9152.506s] GC(775) Pause Young (Normal) (G1 Evacuation Pause) 360M->63M(512M) 2.020ms
[2023-04-10T20:07:45.138+0800][9152.506s] GC(775) User=0.00s Sys=0.00s Real=0.00s
[2023-04-10T20:07:45.724+0800][9153.092s] GC(776) Pause Young (Normal) (G1 Evacuation Pause)
[2023-04-10T20:07:45.724+0800][9153.092s] GC(776) Using 8 workers of 8 for evacuation
[2023-04-10T20:07:45.726+0800][9153.094s] GC(776)   Pre Evacuate Collection Set: 0.0ms
[2023-04-10T20:07:45.726+0800][9153.094s] GC(776)   Evacuate Collection Set: 1.2ms
[2023-04-10T20:07:45.726+0800][9153.094s] GC(776)   Post Evacuate Collection Set: 0.7ms
[2023-04-10T20:07:45.726+0800][9153.094s] GC(776)   Other: 0.2ms
[2023-04-10T20:07:45.726+0800][9153.094s] GC(776) Eden regions: 297->0(296)
[2023-04-10T20:07:45.726+0800][9153.094s] GC(776) Survivor regions: 10->11(39)
[2023-04-10T20:07:45.726+0800][9153.094s] GC(776) Old regions: 47->47
[2023-04-10T20:07:45.726+0800][9153.094s] GC(776) Humongous regions: 20->13
[2023-04-10T20:07:45.726+0800][9153.094s] GC(776) Metaspace: 60859K(63184K)->60859K(63184K) NonClass: 53940K(55296K)->53940K(55296K) Class: 6918K(7888K)->6918K(7888K)
[2023-04-10T20:07:45.726+0800][9153.094s] GC(776) Pause Young (Normal) (G1 Evacuation Pause) 373M->69M(512M) 2.188ms
[2023-04-10T20:07:45.726+0800][9153.094s] GC(776) User=0.00s Sys=0.00s Real=0.00s
[2023-04-10T20:07:46.102+0800][9153.470s] GC(777) Pause Young (Normal) (G1 Evacuation Pause)
[2023-04-10T20:07:46.102+0800][9153.470s] GC(777) Using 8 workers of 8 for evacuation
[2023-04-10T20:07:46.103+0800][9153.471s] GC(777)   Pre Evacuate Collection Set: 0.0ms
[2023-04-10T20:07:46.103+0800][9153.471s] GC(777)   Evacuate Collection Set: 0.6ms
[2023-04-10T20:07:46.103+0800][9153.471s] GC(777)   Post Evacuate Collection Set: 0.6ms
[2023-04-10T20:07:46.103+0800][9153.471s] GC(777)   Other: 0.2ms
[2023-04-10T20:07:46.103+0800][9153.471s] GC(777) Eden regions: 296->0(304)
[2023-04-10T20:07:46.103+0800][9153.471s] GC(777) Survivor regions: 11->3(39)
[2023-04-10T20:07:46.103+0800][9153.471s] GC(777) Old regions: 47->47
[2023-04-10T20:07:46.103+0800][9153.471s] GC(777) Humongous regions: 13->4
[2023-04-10T20:07:46.103+0800][9153.471s] GC(777) Metaspace: 60862K(63184K)->60862K(63184K) NonClass: 53943K(55296K)->53943K(55296K) Class: 6918K(7888K)->6918K(7888K)
[2023-04-10T20:07:46.103+0800][9153.471s] GC(777) Pause Young (Normal) (G1 Evacuation Pause) 365M->53M(512M) 1.449ms
[2023-04-10T20:07:46.103+0800][9153.471s] GC(777) User=0.00s Sys=0.00s Real=0.00s
[2023-04-10T20:07:46.285+0800][9153.653s] GC(778) Pause Young (Normal) (G1 Evacuation Pause)
[2023-04-10T20:07:46.285+0800][9153.654s] GC(778) Using 8 workers of 8 for evacuation
[2023-04-10T20:07:46.287+0800][9153.655s] GC(778)   Pre Evacuate Collection Set: 0.0ms
[2023-04-10T20:07:46.287+0800][9153.655s] GC(778)   Evacuate Collection Set: 0.8ms
[2023-04-10T20:07:46.287+0800][9153.655s] GC(778)   Post Evacuate Collection Set: 0.6ms
[2023-04-10T20:07:46.287+0800][9153.655s] GC(778)   Other: 0.1ms
[2023-04-10T20:07:46.287+0800][9153.655s] GC(778) Eden regions: 304->0(301)
[2023-04-10T20:07:46.287+0800][9153.655s] GC(778) Survivor regions: 3->6(39)
[2023-04-10T20:07:46.287+0800][9153.655s] GC(778) Old regions: 47->47
[2023-04-10T20:07:46.287+0800][9153.655s] GC(778) Humongous regions: 5->5
[2023-04-10T20:07:46.287+0800][9153.655s] GC(778) Metaspace: 60862K(63184K)->60862K(63184K) NonClass: 53943K(55296K)->53943K(55296K) Class: 6918K(7888K)->6918K(7888K)
[2023-04-10T20:07:46.287+0800][9153.655s] GC(778) Pause Young (Normal) (G1 Evacuation Pause) 358M->56M(512M) 1.682ms
[2023-04-10T20:07:46.287+0800][9153.655s] GC(778) User=0.00s Sys=0.00s Real=0.00s
[2023-04-10T20:07:46.484+0800][9153.852s] GC(779) Pause Young (Normal) (G1 Evacuation Pause)
[2023-04-10T20:07:46.484+0800][9153.852s] GC(779) Using 8 workers of 8 for evacuation
[2023-04-10T20:07:46.486+0800][9153.853s] GC(779)   Pre Evacuate Collection Set: 0.0ms
[2023-04-10T20:07:46.486+0800][9153.853s] GC(779)   Evacuate Collection Set: 1.0ms
[2023-04-10T20:07:46.486+0800][9153.853s] GC(779)   Post Evacuate Collection Set: 0.5ms
[2023-04-10T20:07:46.486+0800][9153.853s] GC(779)   Other: 0.2ms
[2023-04-10T20:07:46.486+0800][9153.854s] GC(779) Eden regions: 301->0(299)
[2023-04-10T20:07:46.486+0800][9153.854s] GC(779) Survivor regions: 6->8(39)
[2023-04-10T20:07:46.486+0800][9153.854s] GC(779) Old regions: 47->47
[2023-04-10T20:07:46.486+0800][9153.854s] GC(779) Humongous regions: 7->6
[2023-04-10T20:07:46.486+0800][9153.854s] GC(779) Metaspace: 60862K(63184K)->60862K(63184K) NonClass: 53943K(55296K)->53943K(55296K) Class: 6918K(7888K)->6918K(7888K)
[2023-04-10T20:07:46.486+0800][9153.854s] GC(779) Pause Young (Normal) (G1 Evacuation Pause) 359M->60M(512M) 1.830ms
[2023-04-10T20:07:46.486+0800][9153.854s] GC(779) User=0.00s Sys=0.00s Real=0.00s
[2023-04-10T20:07:46.678+0800][9154.046s] GC(780) Pause Young (Normal) (G1 Evacuation Pause)
[2023-04-10T20:07:46.678+0800][9154.046s] GC(780) Using 8 workers of 8 for evacuation
[2023-04-10T20:07:46.680+0800][9154.048s] GC(780)   Pre Evacuate Collection Set: 0.0ms
[2023-04-10T20:07:46.680+0800][9154.048s] GC(780)   Evacuate Collection Set: 1.3ms
[2023-04-10T20:07:46.680+0800][9154.048s] GC(780)   Post Evacuate Collection Set: 0.7ms
[2023-04-10T20:07:46.680+0800][9154.048s] GC(780)   Other: 0.2ms
[2023-04-10T20:07:46.681+0800][9154.049s] GC(780) Eden regions: 299->0(296)
[2023-04-10T20:07:46.681+0800][9154.049s] GC(780) Survivor regions: 8->11(39)
[2023-04-10T20:07:46.681+0800][9154.049s] GC(780) Old regions: 47->47
[2023-04-10T20:07:46.681+0800][9154.049s] GC(780) Humongous regions: 7->7
[2023-04-10T20:07:46.681+0800][9154.049s] GC(780) Metaspace: 60862K(63184K)->60862K(63184K) NonClass: 53943K(55296K)->53943K(55296K) Class: 6918K(7888K)->6918K(7888K)
[2023-04-10T20:07:46.681+0800][9154.049s] GC(780) Pause Young (Normal) (G1 Evacuation Pause) 360M->64M(512M) 2.417ms
[2023-04-10T20:07:46.681+0800][9154.049s] GC(780) User=0.00s Sys=0.00s Real=0.00s
[2023-04-10T20:07:46.952+0800][9154.320s] GC(781) Pause Young (Normal) (G1 Evacuation Pause)
[2023-04-10T20:07:46.952+0800][9154.320s] GC(781) Using 8 workers of 8 for evacuation
[2023-04-10T20:07:46.954+0800][9154.322s] GC(781)   Pre Evacuate Collection Set: 0.0ms
[2023-04-10T20:07:46.954+0800][9154.322s] GC(781)   Evacuate Collection Set: 1.3ms
[2023-04-10T20:07:46.954+0800][9154.322s] GC(781)   Post Evacuate Collection Set: 0.6ms
[2023-04-10T20:07:46.954+0800][9154.322s] GC(781)   Other: 0.2ms
[2023-04-10T20:07:46.954+0800][9154.322s] GC(781) Eden regions: 296->0(296)
[2023-04-10T20:07:46.954+0800][9154.322s] GC(781) Survivor regions: 11->11(39)
[2023-04-10T20:07:46.954+0800][9154.322s] GC(781) Old regions: 47->47
[2023-04-10T20:07:46.954+0800][9154.322s] GC(781) Humongous regions: 15->13
[2023-04-10T20:07:46.954+0800][9154.322s] GC(781) Metaspace: 60862K(63184K)->60862K(63184K) NonClass: 53943K(55296K)->53943K(55296K) Class: 6918K(7888K)->6918K(7888K)
[2023-04-10T20:07:46.954+0800][9154.322s] GC(781) Pause Young (Normal) (G1 Evacuation Pause) 368M->69M(512M) 2.143ms
[2023-04-10T20:07:46.955+0800][9154.322s] GC(781) User=0.00s Sys=0.00s Real=0.00s
[2023-04-10T20:07:47.293+0800][9154.661s] GC(782) Pause Young (Normal) (G1 Evacuation Pause)
[2023-04-10T20:07:47.293+0800][9154.661s] GC(782) Using 8 workers of 8 for evacuation
[2023-04-10T20:07:47.296+0800][9154.663s] GC(782)   Pre Evacuate Collection Set: 0.0ms
[2023-04-10T20:07:47.296+0800][9154.663s] GC(782)   Evacuate Collection Set: 1.4ms
[2023-04-10T20:07:47.296+0800][9154.663s] GC(782)   Post Evacuate Collection Set: 0.7ms
[2023-04-10T20:07:47.296+0800][9154.663s] GC(782)   Other: 0.2ms
[2023-04-10T20:07:47.296+0800][9154.664s] GC(782) Eden regions: 296->0(295)
[2023-04-10T20:07:47.296+0800][9154.664s] GC(782) Survivor regions: 11->12(39)
[2023-04-10T20:07:47.296+0800][9154.664s] GC(782) Old regions: 47->47
[2023-04-10T20:07:47.296+0800][9154.664s] GC(782) Humongous regions: 23->13
[2023-04-10T20:07:47.296+0800][9154.664s] GC(782) Metaspace: 60862K(63184K)->60862K(63184K) NonClass: 53943K(55296K)->53943K(55296K) Class: 6918K(7888K)->6918K(7888K)
[2023-04-10T20:07:47.296+0800][9154.664s] GC(782) Pause Young (Normal) (G1 Evacuation Pause) 375M->70M(512M) 2.356ms
[2023-04-10T20:07:47.296+0800][9154.664s] GC(782) User=0.00s Sys=0.00s Real=0.00s
[2023-04-10T20:07:47.554+0800][9154.922s] GC(783) Pause Young (Normal) (G1 Evacuation Pause)
[2023-04-10T20:07:47.554+0800][9154.922s] GC(783) Using 8 workers of 8 for evacuation
[2023-04-10T20:07:47.556+0800][9154.923s] GC(783)   Pre Evacuate Collection Set: 0.0ms
[2023-04-10T20:07:47.556+0800][9154.924s] GC(783)   Evacuate Collection Set: 1.3ms
[2023-04-10T20:07:47.556+0800][9154.924s] GC(783)   Post Evacuate Collection Set: 0.5ms
[2023-04-10T20:07:47.556+0800][9154.924s] GC(783)   Other: 0.2ms
[2023-04-10T20:07:47.556+0800][9154.924s] GC(783) Eden regions: 295->0(296)
[2023-04-10T20:07:47.556+0800][9154.924s] GC(783) Survivor regions: 12->11(39)
[2023-04-10T20:07:47.556+0800][9154.924s] GC(783) Old regions: 47->47
[2023-04-10T20:07:47.556+0800][9154.924s] GC(783) Humongous regions: 13->13
[2023-04-10T20:07:47.556+0800][9154.924s] GC(783) Metaspace: 60862K(63184K)->60862K(63184K) NonClass: 53943K(55296K)->53943K(55296K) Class: 6918K(7888K)->6918K(7888K)
[2023-04-10T20:07:47.556+0800][9154.924s] GC(783) Pause Young (Normal) (G1 Evacuation Pause) 365M->70M(512M) 2.109ms
[2023-04-10T20:07:47.556+0800][9154.924s] GC(783) User=0.00s Sys=0.00s Real=0.00s
[2023-04-10T20:07:47.799+0800][9155.167s] GC(784) Pause Young (Normal) (G1 Evacuation Pause)
[2023-04-10T20:07:47.799+0800][9155.167s] GC(784) Using 8 workers of 8 for evacuation
[2023-04-10T20:07:47.800+0800][9155.168s] GC(784)   Pre Evacuate Collection Set: 0.0ms
[2023-04-10T20:07:47.801+0800][9155.168s] GC(784)   Evacuate Collection Set: 0.7ms
[2023-04-10T20:07:47.801+0800][9155.168s] GC(784)   Post Evacuate Collection Set: 0.6ms
[2023-04-10T20:07:47.801+0800][9155.168s] GC(784)   Other: 0.2ms
[2023-04-10T20:07:47.801+0800][9155.168s] GC(784) Eden regions: 296->0(302)
[2023-04-10T20:07:47.801+0800][9155.168s] GC(784) Survivor regions: 11->5(39)
[2023-04-10T20:07:47.801+0800][9155.168s] GC(784) Old regions: 47->47
[2023-04-10T20:07:47.801+0800][9155.168s] GC(784) Humongous regions: 14->5
[2023-04-10T20:07:47.801+0800][9155.168s] GC(784) Metaspace: 60862K(63184K)->60862K(63184K) NonClass: 53943K(55296K)->53943K(55296K) Class: 6918K(7888K)->6918K(7888K)
[2023-04-10T20:07:47.801+0800][9155.169s] GC(784) Pause Young (Normal) (G1 Evacuation Pause) 367M->56M(512M) 1.721ms
[2023-04-10T20:07:47.801+0800][9155.169s] GC(784) User=0.00s Sys=0.00s Real=0.00s
[2023-04-10T20:07:48.064+0800][9155.431s] GC(785) Pause Young (Normal) (G1 Evacuation Pause)
[2023-04-10T20:07:48.064+0800][9155.431s] GC(785) Using 8 workers of 8 for evacuation
[2023-04-10T20:07:48.065+0800][9155.433s] GC(785)   Pre Evacuate Collection Set: 0.0ms
[2023-04-10T20:07:48.065+0800][9155.433s] GC(785)   Evacuate Collection Set: 1.0ms
[2023-04-10T20:07:48.065+0800][9155.433s] GC(785)   Post Evacuate Collection Set: 0.6ms
[2023-04-10T20:07:48.065+0800][9155.433s] GC(785)   Other: 0.2ms
[2023-04-10T20:07:48.065+0800][9155.433s] GC(785) Eden regions: 302->0(298)
[2023-04-10T20:07:48.065+0800][9155.433s] GC(785) Survivor regions: 5->9(39)
[2023-04-10T20:07:48.065+0800][9155.433s] GC(785) Old regions: 47->47
[2023-04-10T20:07:48.066+0800][9155.433s] GC(785) Humongous regions: 7->6
[2023-04-10T20:07:48.066+0800][9155.433s] GC(785) Metaspace: 60862K(63184K)->60862K(63184K) NonClass: 53943K(55296K)->53943K(55296K) Class: 6918K(7888K)->6918K(7888K)
[2023-04-10T20:07:48.066+0800][9155.433s] GC(785) Pause Young (Normal) (G1 Evacuation Pause) 360M->61M(512M) 1.982ms
[2023-04-10T20:07:48.066+0800][9155.433s] GC(785) User=0.00s Sys=0.00s Real=0.00s
[2023-04-10T20:07:48.298+0800][9155.666s] GC(786) Pause Young (Normal) (G1 Evacuation Pause)
[2023-04-10T20:07:48.298+0800][9155.667s] GC(786) Using 8 workers of 8 for evacuation
[2023-04-10T20:07:48.301+0800][9155.669s] GC(786)   Pre Evacuate Collection Set: 0.0ms
[2023-04-10T20:07:48.301+0800][9155.669s] GC(786)   Evacuate Collection Set: 1.4ms
[2023-04-10T20:07:48.301+0800][9155.669s] GC(786)   Post Evacuate Collection Set: 0.5ms
[2023-04-10T20:07:48.301+0800][9155.669s] GC(786)   Other: 0.2ms
[2023-04-10T20:07:48.301+0800][9155.669s] GC(786) Eden regions: 298->0(295)
[2023-04-10T20:07:48.301+0800][9155.669s] GC(786) Survivor regions: 9->12(39)
[2023-04-10T20:07:48.301+0800][9155.669s] GC(786) Old regions: 47->47
[2023-04-10T20:07:48.301+0800][9155.669s] GC(786) Humongous regions: 7->7
[2023-04-10T20:07:48.301+0800][9155.669s] GC(786) Metaspace: 60862K(63184K)->60862K(63184K) NonClass: 53943K(55296K)->53943K(55296K) Class: 6918K(7888K)->6918K(7888K)
[2023-04-10T20:07:48.301+0800][9155.669s] GC(786) Pause Young (Normal) (G1 Evacuation Pause) 360M->64M(512M) 2.336ms
[2023-04-10T20:07:48.301+0800][9155.669s] GC(786) User=0.00s Sys=0.00s Real=0.00s
[2023-04-10T20:07:48.563+0800][9155.931s] GC(787) Pause Young (Normal) (G1 Evacuation Pause)
[2023-04-10T20:07:48.563+0800][9155.931s] GC(787) Using 8 workers of 8 for evacuation
[2023-04-10T20:07:48.565+0800][9155.933s] GC(787)   Pre Evacuate Collection Set: 0.0ms
[2023-04-10T20:07:48.565+0800][9155.933s] GC(787)   Evacuate Collection Set: 1.3ms
[2023-04-10T20:07:48.565+0800][9155.933s] GC(787)   Post Evacuate Collection Set: 0.6ms
[2023-04-10T20:07:48.565+0800][9155.933s] GC(787)   Other: 0.2ms
[2023-04-10T20:07:48.565+0800][9155.933s] GC(787) Eden regions: 295->0(295)
[2023-04-10T20:07:48.565+0800][9155.933s] GC(787) Survivor regions: 12->12(39)
[2023-04-10T20:07:48.565+0800][9155.933s] GC(787) Old regions: 47->47
[2023-04-10T20:07:48.565+0800][9155.933s] GC(787) Humongous regions: 20->13
[2023-04-10T20:07:48.565+0800][9155.933s] GC(787) Metaspace: 60862K(63184K)->60862K(63184K) NonClass: 53943K(55296K)->53943K(55296K) Class: 6918K(7888K)->6918K(7888K)
[2023-04-10T20:07:48.565+0800][9155.933s] GC(787) Pause Young (Normal) (G1 Evacuation Pause) 372M->71M(512M) 2.301ms
[2023-04-10T20:07:48.565+0800][9155.933s] GC(787) User=0.00s Sys=0.00s Real=0.00s
[2023-04-10T20:07:48.868+0800][9156.236s] GC(788) Pause Young (Normal) (G1 Evacuation Pause)
[2023-04-10T20:07:48.868+0800][9156.236s] GC(788) Using 8 workers of 8 for evacuation
[2023-04-10T20:07:48.870+0800][9156.238s] GC(788)   Pre Evacuate Collection Set: 0.0ms
[2023-04-10T20:07:48.870+0800][9156.238s] GC(788)   Evacuate Collection Set: 1.3ms
[2023-04-10T20:07:48.870+0800][9156.238s] GC(788)   Post Evacuate Collection Set: 0.6ms
[2023-04-10T20:07:48.870+0800][9156.238s] GC(788)   Other: 0.2ms
[2023-04-10T20:07:48.870+0800][9156.238s] GC(788) Eden regions: 295->0(296)
[2023-04-10T20:07:48.870+0800][9156.238s] GC(788) Survivor regions: 12->11(39)
[2023-04-10T20:07:48.870+0800][9156.238s] GC(788) Old regions: 47->47
[2023-04-10T20:07:48.870+0800][9156.238s] GC(788) Humongous regions: 18->13
[2023-04-10T20:07:48.870+0800][9156.238s] GC(788) Metaspace: 60862K(63184K)->60862K(63184K) NonClass: 53943K(55296K)->53943K(55296K) Class: 6918K(7888K)->6918K(7888K)
[2023-04-10T20:07:48.870+0800][9156.238s] GC(788) Pause Young (Normal) (G1 Evacuation Pause) 371M->70M(512M) 2.286ms
[2023-04-10T20:07:48.870+0800][9156.238s] GC(788) User=0.00s Sys=0.00s Real=0.00s
[2023-04-10T20:07:49.272+0800][9156.640s] GC(789) Pause Young (Normal) (G1 Evacuation Pause)
[2023-04-10T20:07:49.272+0800][9156.640s] GC(789) Using 8 workers of 8 for evacuation
[2023-04-10T20:07:49.273+0800][9156.642s] GC(789)   Pre Evacuate Collection Set: 0.0ms
[2023-04-10T20:07:49.273+0800][9156.642s] GC(789)   Evacuate Collection Set: 0.6ms
[2023-04-10T20:07:49.273+0800][9156.642s] GC(789)   Post Evacuate Collection Set: 0.6ms
[2023-04-10T20:07:49.273+0800][9156.642s] GC(789)   Other: 0.2ms
[2023-04-10T20:07:49.273+0800][9156.642s] GC(789) Eden regions: 296->0(303)
[2023-04-10T20:07:49.273+0800][9156.642s] GC(789) Survivor regions: 11->4(39)
[2023-04-10T20:07:49.273+0800][9156.642s] GC(789) Old regions: 47->47
[2023-04-10T20:07:49.273+0800][9156.642s] GC(789) Humongous regions: 14->5
[2023-04-10T20:07:49.273+0800][9156.642s] GC(789) Metaspace: 60862K(63184K)->60862K(63184K) NonClass: 53943K(55296K)->53943K(55296K) Class: 6918K(7888K)->6918K(7888K)
[2023-04-10T20:07:49.273+0800][9156.642s] GC(789) Pause Young (Normal) (G1 Evacuation Pause) 367M->55M(512M) 1.558ms
[2023-04-10T20:07:49.273+0800][9156.642s] GC(789) User=0.00s Sys=0.00s Real=0.00s
[2023-04-10T20:07:49.662+0800][9157.030s] GC(790) Pause Young (Normal) (G1 Evacuation Pause)
[2023-04-10T20:07:49.662+0800][9157.030s] GC(790) Using 8 workers of 8 for evacuation
[2023-04-10T20:07:49.664+0800][9157.032s] GC(790)   Pre Evacuate Collection Set: 0.0ms
[2023-04-10T20:07:49.664+0800][9157.032s] GC(790)   Evacuate Collection Set: 1.0ms
[2023-04-10T20:07:49.664+0800][9157.032s] GC(790)   Post Evacuate Collection Set: 0.7ms
[2023-04-10T20:07:49.664+0800][9157.032s] GC(790)   Other: 0.2ms
[2023-04-10T20:07:49.664+0800][9157.032s] GC(790) Eden regions: 303->0(297)
[2023-04-10T20:07:49.664+0800][9157.032s] GC(790) Survivor regions: 4->10(39)
[2023-04-10T20:07:49.664+0800][9157.032s] GC(790) Old regions: 47->47
[2023-04-10T20:07:49.664+0800][9157.032s] GC(790) Humongous regions: 7->6
[2023-04-10T20:07:49.664+0800][9157.032s] GC(790) Metaspace: 60862K(63184K)->60862K(63184K) NonClass: 53943K(55296K)->53943K(55296K) Class: 6918K(7888K)->6918K(7888K)
[2023-04-10T20:07:49.664+0800][9157.032s] GC(790) Pause Young (Normal) (G1 Evacuation Pause) 360M->62M(512M) 2.085ms
[2023-04-10T20:07:49.664+0800][9157.032s] GC(790) User=0.00s Sys=0.00s Real=0.00s
[2023-04-10T20:07:50.058+0800][9157.426s] GC(791) Pause Young (Normal) (G1 Evacuation Pause)
[2023-04-10T20:07:50.058+0800][9157.427s] GC(791) Using 8 workers of 8 for evacuation
[2023-04-10T20:07:50.060+0800][9157.429s] GC(791)   Pre Evacuate Collection Set: 0.0ms
[2023-04-10T20:07:50.060+0800][9157.429s] GC(791)   Evacuate Collection Set: 1.3ms
[2023-04-10T20:07:50.060+0800][9157.429s] GC(791)   Post Evacuate Collection Set: 0.6ms
[2023-04-10T20:07:50.060+0800][9157.429s] GC(791)   Other: 0.2ms
[2023-04-10T20:07:50.060+0800][9157.429s] GC(791) Eden regions: 297->0(295)
[2023-04-10T20:07:50.060+0800][9157.429s] GC(791) Survivor regions: 10->12(39)
[2023-04-10T20:07:50.060+0800][9157.429s] GC(791) Old regions: 47->47
[2023-04-10T20:07:50.060+0800][9157.429s] GC(791) Humongous regions: 20->13
[2023-04-10T20:07:50.060+0800][9157.429s] GC(791) Metaspace: 60862K(63184K)->60862K(63184K) NonClass: 53943K(55296K)->53943K(55296K) Class: 6918K(7888K)->6918K(7888K)
[2023-04-10T20:07:50.060+0800][9157.429s] GC(791) Pause Young (Normal) (G1 Evacuation Pause) 373M->70M(512M) 2.282ms
[2023-04-10T20:07:50.060+0800][9157.429s] GC(791) User=0.00s Sys=0.00s Real=0.00s
[2023-04-10T20:07:50.620+0800][9157.988s] GC(792) Pause Young (Normal) (G1 Evacuation Pause)
[2023-04-10T20:07:50.620+0800][9157.988s] GC(792) Using 8 workers of 8 for evacuation
[2023-04-10T20:07:50.621+0800][9157.989s] GC(792)   Pre Evacuate Collection Set: 0.0ms
[2023-04-10T20:07:50.621+0800][9157.989s] GC(792)   Evacuate Collection Set: 0.3ms
[2023-04-10T20:07:50.621+0800][9157.989s] GC(792)   Post Evacuate Collection Set: 0.6ms
[2023-04-10T20:07:50.621+0800][9157.989s] GC(792)   Other: 0.1ms
[2023-04-10T20:07:50.621+0800][9157.989s] GC(792) Eden regions: 295->0(305)
[2023-04-10T20:07:50.621+0800][9157.989s] GC(792) Survivor regions: 12->2(39)
[2023-04-10T20:07:50.621+0800][9157.989s] GC(792) Old regions: 47->47
[2023-04-10T20:07:50.621+0800][9157.989s] GC(792) Humongous regions: 19->4
[2023-04-10T20:07:50.621+0800][9157.989s] GC(792) Metaspace: 60862K(63184K)->60862K(63184K) NonClass: 53943K(55296K)->53943K(55296K) Class: 6918K(7888K)->6918K(7888K)
[2023-04-10T20:07:50.621+0800][9157.989s] GC(792) Pause Young (Normal) (G1 Evacuation Pause) 371M->52M(512M) 1.226ms
[2023-04-10T20:07:50.621+0800][9157.989s] GC(792) User=0.00s Sys=0.00s Real=0.00s
[2023-04-10T20:07:50.999+0800][9158.367s] GC(793) Pause Young (Normal) (G1 Evacuation Pause)
[2023-04-10T20:07:50.999+0800][9158.367s] GC(793) Using 8 workers of 8 for evacuation
[2023-04-10T20:07:51.001+0800][9158.369s] GC(793)   Pre Evacuate Collection Set: 0.0ms
[2023-04-10T20:07:51.001+0800][9158.369s] GC(793)   Evacuate Collection Set: 0.8ms
[2023-04-10T20:07:51.001+0800][9158.369s] GC(793)   Post Evacuate Collection Set: 0.7ms
[2023-04-10T20:07:51.001+0800][9158.369s] GC(793)   Other: 0.2ms
[2023-04-10T20:07:51.001+0800][9158.369s] GC(793) Eden regions: 305->0(299)
[2023-04-10T20:07:51.001+0800][9158.369s] GC(793) Survivor regions: 2->8(39)
[2023-04-10T20:07:51.001+0800][9158.369s] GC(793) Old regions: 47->47
[2023-04-10T20:07:51.001+0800][9158.369s] GC(793) Humongous regions: 7->6
[2023-04-10T20:07:51.001+0800][9158.369s] GC(793) Metaspace: 60862K(63184K)->60862K(63184K) NonClass: 53943K(55296K)->53943K(55296K) Class: 6918K(7888K)->6918K(7888K)
[2023-04-10T20:07:51.001+0800][9158.369s] GC(793) Pause Young (Normal) (G1 Evacuation Pause) 360M->60M(512M) 1.884ms
[2023-04-10T20:07:51.001+0800][9158.369s] GC(793) User=0.00s Sys=0.00s Real=0.00s
[2023-04-10T20:07:51.402+0800][9158.769s] GC(794) Pause Young (Normal) (G1 Evacuation Pause)
[2023-04-10T20:07:51.402+0800][9158.769s] GC(794) Using 8 workers of 8 for evacuation
[2023-04-10T20:07:51.403+0800][9158.771s] GC(794)   Pre Evacuate Collection Set: 0.0ms
[2023-04-10T20:07:51.404+0800][9158.771s] GC(794)   Evacuate Collection Set: 1.1ms
[2023-04-10T20:07:51.404+0800][9158.771s] GC(794)   Post Evacuate Collection Set: 0.6ms
[2023-04-10T20:07:51.404+0800][9158.771s] GC(794)   Other: 0.2ms
[2023-04-10T20:07:51.404+0800][9158.771s] GC(794) Eden regions: 299->0(297)
[2023-04-10T20:07:51.404+0800][9158.771s] GC(794) Survivor regions: 8->10(39)
[2023-04-10T20:07:51.404+0800][9158.771s] GC(794) Old regions: 47->47
[2023-04-10T20:07:51.404+0800][9158.771s] GC(794) Humongous regions: 20->13
[2023-04-10T20:07:51.404+0800][9158.771s] GC(794) Metaspace: 60862K(63184K)->60862K(63184K) NonClass: 53943K(55296K)->53943K(55296K) Class: 6918K(7888K)->6918K(7888K)
[2023-04-10T20:07:51.404+0800][9158.771s] GC(794) Pause Young (Normal) (G1 Evacuation Pause) 373M->68M(512M) 2.115ms
[2023-04-10T20:07:51.404+0800][9158.771s] GC(794) User=0.11s Sys=0.00s Real=0.00s
[2023-04-10T20:07:51.888+0800][9159.256s] GC(795) Pause Young (Normal) (G1 Evacuation Pause)
[2023-04-10T20:07:51.888+0800][9159.256s] GC(795) Using 8 workers of 8 for evacuation
[2023-04-10T20:07:51.890+0800][9159.258s] GC(795)   Pre Evacuate Collection Set: 0.0ms
[2023-04-10T20:07:51.890+0800][9159.258s] GC(795)   Evacuate Collection Set: 1.3ms
[2023-04-10T20:07:51.890+0800][9159.258s] GC(795)   Post Evacuate Collection Set: 0.6ms
[2023-04-10T20:07:51.890+0800][9159.258s] GC(795)   Other: 0.2ms
[2023-04-10T20:07:51.890+0800][9159.258s] GC(795) Eden regions: 297->0(296)
[2023-04-10T20:07:51.890+0800][9159.258s] GC(795) Survivor regions: 10->11(39)
[2023-04-10T20:07:51.890+0800][9159.258s] GC(795) Old regions: 47->47
[2023-04-10T20:07:51.890+0800][9159.258s] GC(795) Humongous regions: 18->13
[2023-04-10T20:07:51.890+0800][9159.258s] GC(795) Metaspace: 60862K(63184K)->60862K(63184K) NonClass: 53943K(55296K)->53943K(55296K) Class: 6918K(7888K)->6918K(7888K)
[2023-04-10T20:07:51.890+0800][9159.258s] GC(795) Pause Young (Normal) (G1 Evacuation Pause) 370M->69M(512M) 2.299ms
[2023-04-10T20:07:51.890+0800][9159.258s] GC(795) User=0.00s Sys=0.00s Real=0.00s
[2023-04-10T20:07:52.322+0800][9159.690s] GC(796) Pause Young (Normal) (G1 Evacuation Pause)
[2023-04-10T20:07:52.322+0800][9159.690s] GC(796) Using 8 workers of 8 for evacuation
[2023-04-10T20:07:52.323+0800][9159.691s] GC(796)   Pre Evacuate Collection Set: 0.0ms
[2023-04-10T20:07:52.323+0800][9159.691s] GC(796)   Evacuate Collection Set: 0.7ms
[2023-04-10T20:07:52.323+0800][9159.691s] GC(796)   Post Evacuate Collection Set: 0.7ms
[2023-04-10T20:07:52.323+0800][9159.691s] GC(796)   Other: 0.2ms
[2023-04-10T20:07:52.323+0800][9159.691s] GC(796) Eden regions: 296->0(301)
[2023-04-10T20:07:52.323+0800][9159.691s] GC(796) Survivor regions: 11->6(39)
[2023-04-10T20:07:52.323+0800][9159.691s] GC(796) Old regions: 47->47
[2023-04-10T20:07:52.323+0800][9159.691s] GC(796) Humongous regions: 14->5
[2023-04-10T20:07:52.323+0800][9159.691s] GC(796) Metaspace: 60863K(63184K)->60863K(63184K) NonClass: 53945K(55296K)->53945K(55296K) Class: 6918K(7888K)->6918K(7888K)
[2023-04-10T20:07:52.323+0800][9159.691s] GC(796) Pause Young (Normal) (G1 Evacuation Pause) 366M->57M(512M) 1.776ms
[2023-04-10T20:07:52.324+0800][9159.691s] GC(796) User=0.00s Sys=0.00s Real=0.00s
[2023-04-10T20:07:52.729+0800][9160.097s] GC(797) Pause Young (Normal) (G1 Evacuation Pause)
[2023-04-10T20:07:52.729+0800][9160.097s] GC(797) Using 8 workers of 8 for evacuation
[2023-04-10T20:07:52.731+0800][9160.099s] GC(797)   Pre Evacuate Collection Set: 0.0ms
[2023-04-10T20:07:52.731+0800][9160.099s] GC(797)   Evacuate Collection Set: 1.0ms
[2023-04-10T20:07:52.731+0800][9160.099s] GC(797)   Post Evacuate Collection Set: 0.6ms
[2023-04-10T20:07:52.731+0800][9160.099s] GC(797)   Other: 0.2ms
[2023-04-10T20:07:52.731+0800][9160.099s] GC(797) Eden regions: 301->0(299)
[2023-04-10T20:07:52.731+0800][9160.099s] GC(797) Survivor regions: 6->8(39)
[2023-04-10T20:07:52.731+0800][9160.099s] GC(797) Old regions: 47->47
[2023-04-10T20:07:52.731+0800][9160.099s] GC(797) Humongous regions: 13->12
[2023-04-10T20:07:52.731+0800][9160.099s] GC(797) Metaspace: 60863K(63184K)->60863K(63184K) NonClass: 53945K(55296K)->53945K(55296K) Class: 6918K(7888K)->6918K(7888K)
[2023-04-10T20:07:52.731+0800][9160.099s] GC(797) Pause Young (Normal) (G1 Evacuation Pause) 366M->66M(512M) 1.941ms
[2023-04-10T20:07:52.731+0800][9160.099s] GC(797) User=0.02s Sys=0.00s Real=0.00s
[2023-04-10T20:07:53.265+0800][9160.633s] GC(798) Pause Young (Normal) (G1 Evacuation Pause)
[2023-04-10T20:07:53.265+0800][9160.633s] GC(798) Using 8 workers of 8 for evacuation
[2023-04-10T20:07:53.267+0800][9160.635s] GC(798)   Pre Evacuate Collection Set: 0.0ms
[2023-04-10T20:07:53.267+0800][9160.635s] GC(798)   Evacuate Collection Set: 1.1ms
[2023-04-10T20:07:53.267+0800][9160.635s] GC(798)   Post Evacuate Collection Set: 0.7ms
[2023-04-10T20:07:53.267+0800][9160.635s] GC(798)   Other: 0.2ms
[2023-04-10T20:07:53.267+0800][9160.635s] GC(798) Eden regions: 299->0(296)
[2023-04-10T20:07:53.267+0800][9160.635s] GC(798) Survivor regions: 8->11(39)
[2023-04-10T20:07:53.267+0800][9160.635s] GC(798) Old regions: 47->47
[2023-04-10T20:07:53.267+0800][9160.635s] GC(798) Humongous regions: 25->13
[2023-04-10T20:07:53.267+0800][9160.635s] GC(798) Metaspace: 60863K(63184K)->60863K(63184K) NonClass: 53945K(55296K)->53945K(55296K) Class: 6918K(7888K)->6918K(7888K)
[2023-04-10T20:07:53.267+0800][9160.635s] GC(798) Pause Young (Normal) (G1 Evacuation Pause) 378M->69M(512M) 2.131ms
[2023-04-10T20:07:53.267+0800][9160.635s] GC(798) User=0.00s Sys=0.00s Real=0.00s
[2023-04-10T20:07:53.671+0800][9161.039s] GC(799) Pause Young (Normal) (G1 Evacuation Pause)
[2023-04-10T20:07:53.671+0800][9161.039s] GC(799) Using 8 workers of 8 for evacuation
[2023-04-10T20:07:53.672+0800][9161.041s] GC(799)   Pre Evacuate Collection Set: 0.0ms
[2023-04-10T20:07:53.672+0800][9161.041s] GC(799)   Evacuate Collection Set: 0.6ms
[2023-04-10T20:07:53.672+0800][9161.041s] GC(799)   Post Evacuate Collection Set: 0.6ms
[2023-04-10T20:07:53.672+0800][9161.041s] GC(799)   Other: 0.2ms
[2023-04-10T20:07:53.672+0800][9161.041s] GC(799) Eden regions: 296->0(303)
[2023-04-10T20:07:53.672+0800][9161.041s] GC(799) Survivor regions: 11->4(39)
[2023-04-10T20:07:53.672+0800][9161.041s] GC(799) Old regions: 47->47
[2023-04-10T20:07:53.672+0800][9161.041s] GC(799) Humongous regions: 14->5
[2023-04-10T20:07:53.672+0800][9161.041s] GC(799) Metaspace: 60863K(63184K)->60863K(63184K) NonClass: 53945K(55296K)->53945K(55296K) Class: 6918K(7888K)->6918K(7888K)
[2023-04-10T20:07:53.672+0800][9161.041s] GC(799) Pause Young (Normal) (G1 Evacuation Pause) 366M->55M(512M) 1.461ms
[2023-04-10T20:07:53.672+0800][9161.041s] GC(799) User=0.00s Sys=0.00s Real=0.00s
[2023-04-10T20:07:54.078+0800][9161.446s] GC(800) Pause Young (Normal) (G1 Evacuation Pause)
[2023-04-10T20:07:54.078+0800][9161.446s] GC(800) Using 8 workers of 8 for evacuation
[2023-04-10T20:07:54.080+0800][9161.448s] GC(800)   Pre Evacuate Collection Set: 0.0ms
[2023-04-10T20:07:54.081+0800][9161.448s] GC(800)   Evacuate Collection Set: 1.4ms
[2023-04-10T20:07:54.081+0800][9161.448s] GC(800)   Post Evacuate Collection Set: 0.7ms
[2023-04-10T20:07:54.081+0800][9161.448s] GC(800)   Other: 0.3ms
[2023-04-10T20:07:54.081+0800][9161.448s] GC(800) Eden regions: 303->0(298)
[2023-04-10T20:07:54.081+0800][9161.448s] GC(800) Survivor regions: 4->9(39)
[2023-04-10T20:07:54.081+0800][9161.449s] GC(800) Old regions: 47->47
[2023-04-10T20:07:54.081+0800][9161.449s] GC(800) Humongous regions: 8->7
[2023-04-10T20:07:54.081+0800][9161.449s] GC(800) Metaspace: 60863K(63184K)->60863K(63184K) NonClass: 53945K(55296K)->53945K(55296K) Class: 6918K(7888K)->6918K(7888K)
[2023-04-10T20:07:54.081+0800][9161.449s] GC(800) Pause Young (Normal) (G1 Evacuation Pause) 361M->62M(512M) 2.702ms
[2023-04-10T20:07:54.081+0800][9161.449s] GC(800) User=0.00s Sys=0.00s Real=0.00s
[2023-04-10T20:07:54.507+0800][9161.874s] GC(801) Pause Young (Normal) (G1 Evacuation Pause)
[2023-04-10T20:07:54.507+0800][9161.874s] GC(801) Using 8 workers of 8 for evacuation
[2023-04-10T20:07:54.509+0800][9161.877s] GC(801)   Pre Evacuate Collection Set: 0.0ms
[2023-04-10T20:07:54.509+0800][9161.877s] GC(801)   Evacuate Collection Set: 1.3ms
[2023-04-10T20:07:54.509+0800][9161.877s] GC(801)   Post Evacuate Collection Set: 0.7ms
[2023-04-10T20:07:54.509+0800][9161.877s] GC(801)   Other: 0.2ms
[2023-04-10T20:07:54.509+0800][9161.877s] GC(801) Eden regions: 298->0(294)
[2023-04-10T20:07:54.509+0800][9161.877s] GC(801) Survivor regions: 9->13(39)
[2023-04-10T20:07:54.509+0800][9161.877s] GC(801) Old regions: 47->47
[2023-04-10T20:07:54.509+0800][9161.877s] GC(801) Humongous regions: 25->13
[2023-04-10T20:07:54.509+0800][9161.877s] GC(801) Metaspace: 60863K(63184K)->60863K(63184K) NonClass: 53945K(55296K)->53945K(55296K) Class: 6918K(7888K)->6918K(7888K)
[2023-04-10T20:07:54.509+0800][9161.877s] GC(801) Pause Young (Normal) (G1 Evacuation Pause) 378M->71M(512M) 2.453ms
[2023-04-10T20:07:54.509+0800][9161.877s] GC(801) User=0.00s Sys=0.00s Real=0.00s
[2023-04-10T20:07:55.155+0800][9162.523s] GC(802) Pause Young (Normal) (G1 Evacuation Pause)
[2023-04-10T20:07:55.155+0800][9162.523s] GC(802) Using 8 workers of 8 for evacuation
[2023-04-10T20:07:55.156+0800][9162.524s] GC(802)   Pre Evacuate Collection Set: 0.0ms
[2023-04-10T20:07:55.156+0800][9162.524s] GC(802)   Evacuate Collection Set: 0.5ms
[2023-04-10T20:07:55.156+0800][9162.524s] GC(802)   Post Evacuate Collection Set: 0.4ms
[2023-04-10T20:07:55.156+0800][9162.524s] GC(802)   Other: 0.2ms
[2023-04-10T20:07:55.156+0800][9162.524s] GC(802) Eden regions: 294->0(305)
[2023-04-10T20:07:55.156+0800][9162.524s] GC(802) Survivor regions: 13->2(39)
[2023-04-10T20:07:55.156+0800][9162.524s] GC(802) Old regions: 47->47
[2023-04-10T20:07:55.156+0800][9162.524s] GC(802) Humongous regions: 13->4
[2023-04-10T20:07:55.156+0800][9162.524s] GC(802) Metaspace: 60863K(63184K)->60863K(63184K) NonClass: 53945K(55296K)->53945K(55296K) Class: 6918K(7888K)->6918K(7888K)
[2023-04-10T20:07:55.156+0800][9162.524s] GC(802) Pause Young (Normal) (G1 Evacuation Pause) 365M->52M(512M) 1.310ms
[2023-04-10T20:07:55.157+0800][9162.524s] GC(802) User=0.00s Sys=0.00s Real=0.00s
[2023-04-10T20:07:55.626+0800][9162.994s] GC(803) Pause Young (Normal) (G1 Evacuation Pause)
[2023-04-10T20:07:55.626+0800][9162.994s] GC(803) Using 8 workers of 8 for evacuation
[2023-04-10T20:07:55.628+0800][9162.995s] GC(803)   Pre Evacuate Collection Set: 0.0ms
[2023-04-10T20:07:55.628+0800][9162.995s] GC(803)   Evacuate Collection Set: 0.8ms
[2023-04-10T20:07:55.628+0800][9162.995s] GC(803)   Post Evacuate Collection Set: 0.6ms
[2023-04-10T20:07:55.628+0800][9162.995s] GC(803)   Other: 0.2ms
[2023-04-10T20:07:55.628+0800][9162.996s] GC(803) Eden regions: 305->0(299)
[2023-04-10T20:07:55.628+0800][9162.996s] GC(803) Survivor regions: 2->8(39)
[2023-04-10T20:07:55.628+0800][9162.996s] GC(803) Old regions: 47->47
[2023-04-10T20:07:55.628+0800][9162.996s] GC(803) Humongous regions: 7->6
[2023-04-10T20:07:55.628+0800][9162.996s] GC(803) Metaspace: 60863K(63184K)->60863K(63184K) NonClass: 53945K(55296K)->53945K(55296K) Class: 6918K(7888K)->6918K(7888K)
[2023-04-10T20:07:55.628+0800][9162.996s] GC(803) Pause Young (Normal) (G1 Evacuation Pause) 360M->60M(512M) 1.832ms
[2023-04-10T20:07:55.628+0800][9162.996s] GC(803) User=0.00s Sys=0.00s Real=0.00s
[2023-04-10T20:07:56.198+0800][9163.566s] GC(804) Pause Young (Normal) (G1 Evacuation Pause)
[2023-04-10T20:07:56.198+0800][9163.566s] GC(804) Using 8 workers of 8 for evacuation
[2023-04-10T20:07:56.200+0800][9163.568s] GC(804)   Pre Evacuate Collection Set: 0.0ms
[2023-04-10T20:07:56.200+0800][9163.568s] GC(804)   Evacuate Collection Set: 1.2ms
[2023-04-10T20:07:56.200+0800][9163.568s] GC(804)   Post Evacuate Collection Set: 0.5ms
[2023-04-10T20:07:56.200+0800][9163.568s] GC(804)   Other: 0.3ms
[2023-04-10T20:07:56.200+0800][9163.568s] GC(804) Eden regions: 299->0(297)
[2023-04-10T20:07:56.200+0800][9163.568s] GC(804) Survivor regions: 8->10(39)
[2023-04-10T20:07:56.200+0800][9163.568s] GC(804) Old regions: 47->47
[2023-04-10T20:07:56.200+0800][9163.568s] GC(804) Humongous regions: 20->13
[2023-04-10T20:07:56.200+0800][9163.568s] GC(804) Metaspace: 60863K(63184K)->60863K(63184K) NonClass: 53945K(55296K)->53945K(55296K) Class: 6918K(7888K)->6918K(7888K)
[2023-04-10T20:07:56.200+0800][9163.569s] GC(804) Pause Young (Normal) (G1 Evacuation Pause) 373M->69M(512M) 2.174ms
[2023-04-10T20:07:56.200+0800][9163.569s] GC(804) User=0.11s Sys=0.00s Real=0.00s
[2023-04-10T20:07:56.748+0800][9164.116s] GC(805) Pause Young (Normal) (G1 Evacuation Pause)
[2023-04-10T20:07:56.748+0800][9164.116s] GC(805) Using 8 workers of 8 for evacuation
[2023-04-10T20:07:56.750+0800][9164.118s] GC(805)   Pre Evacuate Collection Set: 0.0ms
[2023-04-10T20:07:56.750+0800][9164.118s] GC(805)   Evacuate Collection Set: 1.2ms
[2023-04-10T20:07:56.750+0800][9164.118s] GC(805)   Post Evacuate Collection Set: 0.8ms
[2023-04-10T20:07:56.750+0800][9164.118s] GC(805)   Other: 0.2ms
[2023-04-10T20:07:56.750+0800][9164.118s] GC(805) Eden regions: 297->0(296)
[2023-04-10T20:07:56.750+0800][9164.118s] GC(805) Survivor regions: 10->11(39)
[2023-04-10T20:07:56.750+0800][9164.118s] GC(805) Old regions: 47->47
[2023-04-10T20:07:56.750+0800][9164.118s] GC(805) Humongous regions: 18->13
[2023-04-10T20:07:56.750+0800][9164.118s] GC(805) Metaspace: 60866K(63184K)->60866K(63184K) NonClass: 53947K(55296K)->53947K(55296K) Class: 6918K(7888K)->6918K(7888K)
[2023-04-10T20:07:56.750+0800][9164.119s] GC(805) Pause Young (Normal) (G1 Evacuation Pause) 371M->69M(512M) 2.514ms
[2023-04-10T20:07:56.750+0800][9164.119s] GC(805) User=0.00s Sys=0.00s Real=0.00s
[2023-04-10T20:07:57.220+0800][9164.588s] GC(806) Pause Young (Normal) (G1 Evacuation Pause)
[2023-04-10T20:07:57.220+0800][9164.588s] GC(806) Using 8 workers of 8 for evacuation
[2023-04-10T20:07:57.221+0800][9164.589s] GC(806)   Pre Evacuate Collection Set: 0.0ms
[2023-04-10T20:07:57.221+0800][9164.589s] GC(806)   Evacuate Collection Set: 0.7ms
[2023-04-10T20:07:57.221+0800][9164.589s] GC(806)   Post Evacuate Collection Set: 0.5ms
[2023-04-10T20:07:57.221+0800][9164.589s] GC(806)   Other: 0.2ms
[2023-04-10T20:07:57.221+0800][9164.589s] GC(806) Eden regions: 296->0(301)
[2023-04-10T20:07:57.221+0800][9164.589s] GC(806) Survivor regions: 11->6(39)
[2023-04-10T20:07:57.221+0800][9164.589s] GC(806) Old regions: 47->47
[2023-04-10T20:07:57.221+0800][9164.589s] GC(806) Humongous regions: 14->5
[2023-04-10T20:07:57.222+0800][9164.589s] GC(806) Metaspace: 60869K(63184K)->60869K(63184K) NonClass: 53950K(55296K)->53950K(55296K) Class: 6918K(7888K)->6918K(7888K)
[2023-04-10T20:07:57.222+0800][9164.589s] GC(806) Pause Young (Normal) (G1 Evacuation Pause) 366M->57M(512M) 1.654ms
[2023-04-10T20:07:57.222+0800][9164.589s] GC(806) User=0.00s Sys=0.00s Real=0.00s
[2023-04-10T20:07:57.648+0800][9165.017s] GC(807) Pause Young (Normal) (G1 Evacuation Pause)
[2023-04-10T20:07:57.648+0800][9165.017s] GC(807) Using 8 workers of 8 for evacuation
[2023-04-10T20:07:57.650+0800][9165.019s] GC(807)   Pre Evacuate Collection Set: 0.0ms
[2023-04-10T20:07:57.650+0800][9165.019s] GC(807)   Evacuate Collection Set: 1.1ms
[2023-04-10T20:07:57.650+0800][9165.019s] GC(807)   Post Evacuate Collection Set: 0.6ms
[2023-04-10T20:07:57.650+0800][9165.019s] GC(807)   Other: 0.3ms
[2023-04-10T20:07:57.650+0800][9165.019s] GC(807) Eden regions: 301->0(298)
[2023-04-10T20:07:57.650+0800][9165.019s] GC(807) Survivor regions: 6->9(39)
[2023-04-10T20:07:57.650+0800][9165.019s] GC(807) Old regions: 47->47
[2023-04-10T20:07:57.650+0800][9165.019s] GC(807) Humongous regions: 13->12
[2023-04-10T20:07:57.650+0800][9165.019s] GC(807) Metaspace: 60869K(63184K)->60869K(63184K) NonClass: 53950K(55296K)->53950K(55296K) Class: 6918K(7888K)->6918K(7888K)
[2023-04-10T20:07:57.650+0800][9165.019s] GC(807) Pause Young (Normal) (G1 Evacuation Pause) 366M->66M(512M) 2.037ms
[2023-04-10T20:07:57.650+0800][9165.019s] GC(807) User=0.00s Sys=0.00s Real=0.00s
[2023-04-10T20:07:58.287+0800][9165.655s] GC(808) Pause Young (Normal) (G1 Evacuation Pause)
[2023-04-10T20:07:58.287+0800][9165.655s] GC(808) Using 8 workers of 8 for evacuation
[2023-04-10T20:07:58.289+0800][9165.657s] GC(808)   Pre Evacuate Collection Set: 0.0ms
[2023-04-10T20:07:58.289+0800][9165.657s] GC(808)   Evacuate Collection Set: 1.1ms
[2023-04-10T20:07:58.289+0800][9165.657s] GC(808)   Post Evacuate Collection Set: 0.6ms
[2023-04-10T20:07:58.289+0800][9165.657s] GC(808)   Other: 0.1ms
[2023-04-10T20:07:58.289+0800][9165.657s] GC(808) Eden regions: 298->0(297)
[2023-04-10T20:07:58.289+0800][9165.657s] GC(808) Survivor regions: 9->10(39)
[2023-04-10T20:07:58.289+0800][9165.657s] GC(808) Old regions: 47->47
[2023-04-10T20:07:58.289+0800][9165.657s] GC(808) Humongous regions: 25->13
[2023-04-10T20:07:58.289+0800][9165.657s] GC(808) Metaspace: 60869K(63184K)->60869K(63184K) NonClass: 53951K(55296K)->53951K(55296K) Class: 6918K(7888K)->6918K(7888K)
[2023-04-10T20:07:58.289+0800][9165.657s] GC(808) Pause Young (Normal) (G1 Evacuation Pause) 377M->69M(512M) 2.115ms
[2023-04-10T20:07:58.289+0800][9165.657s] GC(808) User=0.00s Sys=0.00s Real=0.00s
[2023-04-10T20:07:58.714+0800][9166.082s] GC(809) Pause Young (Normal) (G1 Evacuation Pause)
[2023-04-10T20:07:58.714+0800][9166.082s] GC(809) Using 8 workers of 8 for evacuation
[2023-04-10T20:07:58.716+0800][9166.084s] GC(809)   Pre Evacuate Collection Set: 0.0ms
[2023-04-10T20:07:58.716+0800][9166.084s] GC(809)   Evacuate Collection Set: 0.6ms
[2023-04-10T20:07:58.716+0800][9166.084s] GC(809)   Post Evacuate Collection Set: 0.7ms
[2023-04-10T20:07:58.716+0800][9166.084s] GC(809)   Other: 0.2ms
[2023-04-10T20:07:58.716+0800][9166.084s] GC(809) Eden regions: 297->0(302)
[2023-04-10T20:07:58.716+0800][9166.084s] GC(809) Survivor regions: 10->5(39)
[2023-04-10T20:07:58.716+0800][9166.084s] GC(809) Old regions: 47->47
[2023-04-10T20:07:58.716+0800][9166.084s] GC(809) Humongous regions: 14->5
[2023-04-10T20:07:58.716+0800][9166.084s] GC(809) Metaspace: 60873K(63184K)->60873K(63184K) NonClass: 53955K(55296K)->53955K(55296K) Class: 6918K(7888K)->6918K(7888K)
[2023-04-10T20:07:58.716+0800][9166.084s] GC(809) Pause Young (Normal) (G1 Evacuation Pause) 367M->55M(512M) 1.611ms
[2023-04-10T20:07:58.716+0800][9166.084s] GC(809) User=0.02s Sys=0.00s Real=0.00s
[2023-04-10T20:07:59.185+0800][9166.553s] GC(810) Pause Young (Normal) (G1 Evacuation Pause)
[2023-04-10T20:07:59.185+0800][9166.554s] GC(810) Using 8 workers of 8 for evacuation
[2023-04-10T20:07:59.187+0800][9166.555s] GC(810)   Pre Evacuate Collection Set: 0.0ms
[2023-04-10T20:07:59.187+0800][9166.555s] GC(810)   Evacuate Collection Set: 1.1ms
[2023-04-10T20:07:59.187+0800][9166.555s] GC(810)   Post Evacuate Collection Set: 0.4ms
[2023-04-10T20:07:59.187+0800][9166.555s] GC(810)   Other: 0.3ms
[2023-04-10T20:07:59.187+0800][9166.555s] GC(810) Eden regions: 302->0(297)
[2023-04-10T20:07:59.187+0800][9166.555s] GC(810) Survivor regions: 5->10(39)
[2023-04-10T20:07:59.187+0800][9166.555s] GC(810) Old regions: 47->47
[2023-04-10T20:07:59.187+0800][9166.555s] GC(810) Humongous regions: 8->7
[2023-04-10T20:07:59.187+0800][9166.555s] GC(810) Metaspace: 60873K(63184K)->60873K(63184K) NonClass: 53955K(55296K)->53955K(55296K) Class: 6918K(7888K)->6918K(7888K)
[2023-04-10T20:07:59.187+0800][9166.555s] GC(810) Pause Young (Normal) (G1 Evacuation Pause) 360M->63M(512M) 2.003ms
[2023-04-10T20:07:59.187+0800][9166.555s] GC(810) User=0.00s Sys=0.00s Real=0.00s
[2023-04-10T20:07:59.705+0800][9167.073s] GC(811) Pause Young (Normal) (G1 Evacuation Pause)
[2023-04-10T20:07:59.705+0800][9167.074s] GC(811) Using 8 workers of 8 for evacuation
[2023-04-10T20:07:59.707+0800][9167.076s] GC(811)   Pre Evacuate Collection Set: 0.0ms
[2023-04-10T20:07:59.707+0800][9167.076s] GC(811)   Evacuate Collection Set: 1.2ms
[2023-04-10T20:07:59.707+0800][9167.076s] GC(811)   Post Evacuate Collection Set: 0.7ms
[2023-04-10T20:07:59.707+0800][9167.076s] GC(811)   Other: 0.2ms
[2023-04-10T20:07:59.707+0800][9167.076s] GC(811) Eden regions: 297->0(297)
[2023-04-10T20:07:59.707+0800][9167.076s] GC(811) Survivor regions: 10->10(39)
[2023-04-10T20:07:59.707+0800][9167.076s] GC(811) Old regions: 47->47
[2023-04-10T20:07:59.707+0800][9167.076s] GC(811) Humongous regions: 25->13
[2023-04-10T20:07:59.707+0800][9167.076s] GC(811) Metaspace: 60873K(63184K)->60873K(63184K) NonClass: 53955K(55296K)->53955K(55296K) Class: 6918K(7888K)->6918K(7888K)
[2023-04-10T20:07:59.707+0800][9167.076s] GC(811) Pause Young (Normal) (G1 Evacuation Pause) 378M->69M(512M) 2.249ms
[2023-04-10T20:07:59.707+0800][9167.076s] GC(811) User=0.00s Sys=0.00s Real=0.00s
[2023-04-10T20:08:00.098+0800][9167.465s] GC(812) Pause Young (Normal) (G1 Evacuation Pause)
[2023-04-10T20:08:00.098+0800][9167.465s] GC(812) Using 8 workers of 8 for evacuation
[2023-04-10T20:08:00.099+0800][9167.467s] GC(812)   Pre Evacuate Collection Set: 0.0ms
[2023-04-10T20:08:00.099+0800][9167.467s] GC(812)   Evacuate Collection Set: 0.5ms
[2023-04-10T20:08:00.099+0800][9167.467s] GC(812)   Post Evacuate Collection Set: 0.7ms
[2023-04-10T20:08:00.099+0800][9167.467s] GC(812)   Other: 0.2ms
[2023-04-10T20:08:00.099+0800][9167.467s] GC(812) Eden regions: 297->0(304)
[2023-04-10T20:08:00.099+0800][9167.467s] GC(812) Survivor regions: 10->3(39)
[2023-04-10T20:08:00.099+0800][9167.467s] GC(812) Old regions: 47->47
[2023-04-10T20:08:00.099+0800][9167.467s] GC(812) Humongous regions: 13->4
[2023-04-10T20:08:00.099+0800][9167.467s] GC(812) Metaspace: 60873K(63184K)->60873K(63184K) NonClass: 53955K(55296K)->53955K(55296K) Class: 6918K(7888K)->6918K(7888K)
[2023-04-10T20:08:00.099+0800][9167.467s] GC(812) Pause Young (Normal) (G1 Evacuation Pause) 366M->53M(512M) 1.434ms
[2023-04-10T20:08:00.099+0800][9167.467s] GC(812) User=0.00s Sys=0.00s Real=0.00s
[2023-04-10T20:08:00.631+0800][9168.000s] GC(813) Pause Young (Normal) (G1 Evacuation Pause)
[2023-04-10T20:08:00.631+0800][9168.000s] GC(813) Using 8 workers of 8 for evacuation
[2023-04-10T20:08:00.633+0800][9168.001s] GC(813)   Pre Evacuate Collection Set: 0.0ms
[2023-04-10T20:08:00.633+0800][9168.001s] GC(813)   Evacuate Collection Set: 0.9ms
[2023-04-10T20:08:00.633+0800][9168.001s] GC(813)   Post Evacuate Collection Set: 0.5ms
[2023-04-10T20:08:00.633+0800][9168.001s] GC(813)   Other: 0.2ms
[2023-04-10T20:08:00.633+0800][9168.001s] GC(813) Eden regions: 304->0(299)
[2023-04-10T20:08:00.633+0800][9168.001s] GC(813) Survivor regions: 3->8(39)
[2023-04-10T20:08:00.633+0800][9168.001s] GC(813) Old regions: 47->47
[2023-04-10T20:08:00.633+0800][9168.001s] GC(813) Humongous regions: 7->6
[2023-04-10T20:08:00.633+0800][9168.001s] GC(813) Metaspace: 60873K(63184K)->60873K(63184K) NonClass: 53955K(55296K)->53955K(55296K) Class: 6918K(7888K)->6918K(7888K)
[2023-04-10T20:08:00.633+0800][9168.001s] GC(813) Pause Young (Normal) (G1 Evacuation Pause) 360M->60M(512M) 1.747ms
[2023-04-10T20:08:00.633+0800][9168.001s] GC(813) User=0.00s Sys=0.00s Real=0.00s
[2023-04-10T20:08:52.102+0800][9219.470s] GC(814) Pause Young (Normal) (G1 Evacuation Pause)
[2023-04-10T20:08:52.102+0800][9219.470s] GC(814) Using 8 workers of 8 for evacuation
[2023-04-10T20:08:52.104+0800][9219.471s] GC(814)   Pre Evacuate Collection Set: 0.0ms
[2023-04-10T20:08:52.104+0800][9219.471s] GC(814)   Evacuate Collection Set: 0.8ms
[2023-04-10T20:08:52.104+0800][9219.471s] GC(814)   Post Evacuate Collection Set: 0.6ms
[2023-04-10T20:08:52.104+0800][9219.471s] GC(814)   Other: 0.2ms
[2023-04-10T20:08:52.104+0800][9219.471s] GC(814) Eden regions: 299->0(302)
[2023-04-10T20:08:52.104+0800][9219.471s] GC(814) Survivor regions: 8->5(39)
[2023-04-10T20:08:52.104+0800][9219.471s] GC(814) Old regions: 47->47
[2023-04-10T20:08:52.104+0800][9219.471s] GC(814) Humongous regions: 6->4
[2023-04-10T20:08:52.104+0800][9219.471s] GC(814) Metaspace: 61059K(63184K)->61059K(63184K) NonClass: 54140K(55296K)->54140K(55296K) Class: 6918K(7888K)->6918K(7888K)
[2023-04-10T20:08:52.104+0800][9219.471s] GC(814) Pause Young (Normal) (G1 Evacuation Pause) 359M->54M(512M) 1.737ms
[2023-04-10T20:08:52.104+0800][9219.471s] GC(814) User=0.00s Sys=0.00s Real=0.00s
[2023-04-10T20:08:52.528+0800][9219.896s] GC(815) Pause Young (Normal) (G1 Evacuation Pause)
[2023-04-10T20:08:52.528+0800][9219.896s] GC(815) Using 8 workers of 8 for evacuation
[2023-04-10T20:08:52.530+0800][9219.898s] GC(815)   Pre Evacuate Collection Set: 0.0ms
[2023-04-10T20:08:52.530+0800][9219.898s] GC(815)   Evacuate Collection Set: 1.3ms
[2023-04-10T20:08:52.530+0800][9219.898s] GC(815)   Post Evacuate Collection Set: 0.5ms
[2023-04-10T20:08:52.530+0800][9219.898s] GC(815)   Other: 0.2ms
[2023-04-10T20:08:52.531+0800][9219.898s] GC(815) Eden regions: 302->0(297)
[2023-04-10T20:08:52.531+0800][9219.898s] GC(815) Survivor regions: 5->10(39)
[2023-04-10T20:08:52.531+0800][9219.898s] GC(815) Old regions: 47->47
[2023-04-10T20:08:52.531+0800][9219.898s] GC(815) Humongous regions: 7->6
[2023-04-10T20:08:52.531+0800][9219.898s] GC(815) Metaspace: 61059K(63184K)->61059K(63184K) NonClass: 54140K(55296K)->54140K(55296K) Class: 6918K(7888K)->6918K(7888K)
[2023-04-10T20:08:52.531+0800][9219.898s] GC(815) Pause Young (Normal) (G1 Evacuation Pause) 359M->62M(512M) 2.395ms
[2023-04-10T20:08:52.531+0800][9219.898s] GC(815) User=0.00s Sys=0.00s Real=0.00s
[2023-04-10T20:08:52.936+0800][9220.304s] GC(816) Pause Young (Normal) (G1 Evacuation Pause)
[2023-04-10T20:08:52.936+0800][9220.304s] GC(816) Using 8 workers of 8 for evacuation
[2023-04-10T20:08:52.938+0800][9220.306s] GC(816)   Pre Evacuate Collection Set: 0.0ms
[2023-04-10T20:08:52.938+0800][9220.306s] GC(816)   Evacuate Collection Set: 1.3ms
[2023-04-10T20:08:52.938+0800][9220.306s] GC(816)   Post Evacuate Collection Set: 0.7ms
[2023-04-10T20:08:52.938+0800][9220.306s] GC(816)   Other: 0.2ms
[2023-04-10T20:08:52.938+0800][9220.306s] GC(816) Eden regions: 297->0(295)
[2023-04-10T20:08:52.938+0800][9220.306s] GC(816) Survivor regions: 10->12(39)
[2023-04-10T20:08:52.938+0800][9220.306s] GC(816) Old regions: 47->47
[2023-04-10T20:08:52.938+0800][9220.306s] GC(816) Humongous regions: 20->13
[2023-04-10T20:08:52.938+0800][9220.306s] GC(816) Metaspace: 61059K(63184K)->61059K(63184K) NonClass: 54140K(55296K)->54140K(55296K) Class: 6918K(7888K)->6918K(7888K)
[2023-04-10T20:08:52.938+0800][9220.306s] GC(816) Pause Young (Normal) (G1 Evacuation Pause) 373M->70M(512M) 2.359ms
[2023-04-10T20:08:52.938+0800][9220.306s] GC(816) User=0.00s Sys=0.00s Real=0.00s
[2023-04-10T20:08:53.431+0800][9220.800s] GC(817) Pause Young (Normal) (G1 Evacuation Pause)
[2023-04-10T20:08:53.431+0800][9220.800s] GC(817) Using 8 workers of 8 for evacuation
[2023-04-10T20:08:53.433+0800][9220.801s] GC(817)   Pre Evacuate Collection Set: 0.0ms
[2023-04-10T20:08:53.433+0800][9220.801s] GC(817)   Evacuate Collection Set: 0.6ms
[2023-04-10T20:08:53.433+0800][9220.801s] GC(817)   Post Evacuate Collection Set: 0.6ms
[2023-04-10T20:08:53.433+0800][9220.801s] GC(817)   Other: 0.2ms
[2023-04-10T20:08:53.433+0800][9220.801s] GC(817) Eden regions: 295->0(305)
[2023-04-10T20:08:53.433+0800][9220.801s] GC(817) Survivor regions: 12->2(39)
[2023-04-10T20:08:53.433+0800][9220.801s] GC(817) Old regions: 47->47
[2023-04-10T20:08:53.433+0800][9220.801s] GC(817) Humongous regions: 18->4
[2023-04-10T20:08:53.433+0800][9220.801s] GC(817) Metaspace: 61059K(63184K)->61059K(63184K) NonClass: 54140K(55296K)->54140K(55296K) Class: 6918K(7888K)->6918K(7888K)
[2023-04-10T20:08:53.433+0800][9220.801s] GC(817) Pause Young (Normal) (G1 Evacuation Pause) 370M->52M(512M) 1.519ms
[2023-04-10T20:08:53.433+0800][9220.801s] GC(817) User=0.02s Sys=0.00s Real=0.00s
[2023-04-10T20:08:53.811+0800][9221.179s] GC(818) Pause Young (Normal) (G1 Evacuation Pause)
[2023-04-10T20:08:53.812+0800][9221.179s] GC(818) Using 8 workers of 8 for evacuation
[2023-04-10T20:08:53.813+0800][9221.181s] GC(818)   Pre Evacuate Collection Set: 0.0ms
[2023-04-10T20:08:53.813+0800][9221.181s] GC(818)   Evacuate Collection Set: 1.0ms
[2023-04-10T20:08:53.813+0800][9221.181s] GC(818)   Post Evacuate Collection Set: 0.7ms
[2023-04-10T20:08:53.813+0800][9221.181s] GC(818)   Other: 0.2ms
[2023-04-10T20:08:53.813+0800][9221.181s] GC(818) Eden regions: 305->0(299)
[2023-04-10T20:08:53.813+0800][9221.181s] GC(818) Survivor regions: 2->8(39)
[2023-04-10T20:08:53.813+0800][9221.181s] GC(818) Old regions: 47->47
[2023-04-10T20:08:53.813+0800][9221.181s] GC(818) Humongous regions: 7->6
[2023-04-10T20:08:53.813+0800][9221.181s] GC(818) Metaspace: 61059K(63184K)->61059K(63184K) NonClass: 54140K(55296K)->54140K(55296K) Class: 6918K(7888K)->6918K(7888K)
[2023-04-10T20:08:53.813+0800][9221.181s] GC(818) Pause Young (Normal) (G1 Evacuation Pause) 360M->60M(512M) 1.998ms
[2023-04-10T20:08:53.813+0800][9221.181s] GC(818) User=0.00s Sys=0.00s Real=0.00s
[2023-04-10T20:08:54.194+0800][9221.562s] GC(819) Pause Young (Normal) (G1 Evacuation Pause)
[2023-04-10T20:08:54.194+0800][9221.562s] GC(819) Using 8 workers of 8 for evacuation
[2023-04-10T20:08:54.196+0800][9221.564s] GC(819)   Pre Evacuate Collection Set: 0.0ms
[2023-04-10T20:08:54.196+0800][9221.564s] GC(819)   Evacuate Collection Set: 1.4ms
[2023-04-10T20:08:54.196+0800][9221.564s] GC(819)   Post Evacuate Collection Set: 0.7ms
[2023-04-10T20:08:54.196+0800][9221.564s] GC(819)   Other: 0.2ms
[2023-04-10T20:08:54.196+0800][9221.564s] GC(819) Eden regions: 299->0(297)
[2023-04-10T20:08:54.196+0800][9221.564s] GC(819) Survivor regions: 8->10(39)
[2023-04-10T20:08:54.196+0800][9221.564s] GC(819) Old regions: 47->47
[2023-04-10T20:08:54.196+0800][9221.564s] GC(819) Humongous regions: 12->12
[2023-04-10T20:08:54.196+0800][9221.564s] GC(819) Metaspace: 61059K(63184K)->61059K(63184K) NonClass: 54140K(55296K)->54140K(55296K) Class: 6918K(7888K)->6918K(7888K)
[2023-04-10T20:08:54.196+0800][9221.564s] GC(819) Pause Young (Normal) (G1 Evacuation Pause) 365M->68M(512M) 2.375ms
[2023-04-10T20:08:54.196+0800][9221.564s] GC(819) User=0.00s Sys=0.00s Real=0.00s
[2023-04-10T20:08:54.657+0800][9222.025s] GC(820) Pause Young (Normal) (G1 Evacuation Pause)
[2023-04-10T20:08:54.657+0800][9222.025s] GC(820) Using 8 workers of 8 for evacuation
[2023-04-10T20:08:54.659+0800][9222.027s] GC(820)   Pre Evacuate Collection Set: 0.0ms
[2023-04-10T20:08:54.659+0800][9222.027s] GC(820)   Evacuate Collection Set: 1.5ms
[2023-04-10T20:08:54.660+0800][9222.027s] GC(820)   Post Evacuate Collection Set: 0.7ms
[2023-04-10T20:08:54.660+0800][9222.028s] GC(820)   Other: 0.2ms
[2023-04-10T20:08:54.660+0800][9222.028s] GC(820) Eden regions: 297->0(295)
[2023-04-10T20:08:54.660+0800][9222.028s] GC(820) Survivor regions: 10->12(39)
[2023-04-10T20:08:54.660+0800][9222.028s] GC(820) Old regions: 47->47
[2023-04-10T20:08:54.660+0800][9222.028s] GC(820) Humongous regions: 25->13
[2023-04-10T20:08:54.660+0800][9222.028s] GC(820) Metaspace: 61059K(63184K)->61059K(63184K) NonClass: 54140K(55296K)->54140K(55296K) Class: 6918K(7888K)->6918K(7888K)
[2023-04-10T20:08:54.660+0800][9222.028s] GC(820) Pause Young (Normal) (G1 Evacuation Pause) 378M->71M(512M) 2.549ms
[2023-04-10T20:08:54.660+0800][9222.028s] GC(820) User=0.00s Sys=0.00s Real=0.00s
[2023-04-10T20:08:55.067+0800][9222.435s] GC(821) Pause Young (Normal) (G1 Evacuation Pause)
[2023-04-10T20:08:55.067+0800][9222.435s] GC(821) Using 8 workers of 8 for evacuation
[2023-04-10T20:08:55.069+0800][9222.436s] GC(821)   Pre Evacuate Collection Set: 0.0ms
[2023-04-10T20:08:55.069+0800][9222.436s] GC(821)   Evacuate Collection Set: 0.8ms
[2023-04-10T20:08:55.069+0800][9222.437s] GC(821)   Post Evacuate Collection Set: 0.6ms
[2023-04-10T20:08:55.069+0800][9222.437s] GC(821)   Other: 0.2ms
[2023-04-10T20:08:55.069+0800][9222.437s] GC(821) Eden regions: 295->0(300)
[2023-04-10T20:08:55.069+0800][9222.437s] GC(821) Survivor regions: 12->7(39)
[2023-04-10T20:08:55.069+0800][9222.437s] GC(821) Old regions: 47->47
[2023-04-10T20:08:55.069+0800][9222.437s] GC(821) Humongous regions: 14->5
[2023-04-10T20:08:55.069+0800][9222.437s] GC(821) Metaspace: 61060K(63184K)->61060K(63184K) NonClass: 54142K(55296K)->54142K(55296K) Class: 6918K(7888K)->6918K(7888K)
[2023-04-10T20:08:55.069+0800][9222.437s] GC(821) Pause Young (Normal) (G1 Evacuation Pause) 367M->57M(512M) 1.794ms
[2023-04-10T20:08:55.069+0800][9222.437s] GC(821) User=0.00s Sys=0.00s Real=0.00s
[2023-04-10T20:08:55.472+0800][9222.841s] GC(822) Pause Young (Normal) (G1 Evacuation Pause)
[2023-04-10T20:08:55.473+0800][9222.841s] GC(822) Using 8 workers of 8 for evacuation
[2023-04-10T20:08:55.475+0800][9222.843s] GC(822)   Pre Evacuate Collection Set: 0.0ms
[2023-04-10T20:08:55.475+0800][9222.843s] GC(822)   Evacuate Collection Set: 1.3ms
[2023-04-10T20:08:55.475+0800][9222.843s] GC(822)   Post Evacuate Collection Set: 0.7ms
[2023-04-10T20:08:55.475+0800][9222.843s] GC(822)   Other: 0.2ms
[2023-04-10T20:08:55.475+0800][9222.843s] GC(822) Eden regions: 300->0(295)
[2023-04-10T20:08:55.475+0800][9222.843s] GC(822) Survivor regions: 7->12(39)
[2023-04-10T20:08:55.475+0800][9222.843s] GC(822) Old regions: 47->47
[2023-04-10T20:08:55.475+0800][9222.843s] GC(822) Humongous regions: 8->7
[2023-04-10T20:08:55.475+0800][9222.843s] GC(822) Metaspace: 61060K(63184K)->61060K(63184K) NonClass: 54142K(55296K)->54142K(55296K) Class: 6918K(7888K)->6918K(7888K)
[2023-04-10T20:08:55.475+0800][9222.843s] GC(822) Pause Young (Normal) (G1 Evacuation Pause) 360M->65M(512M) 2.371ms
[2023-04-10T20:08:55.475+0800][9222.843s] GC(822) User=0.00s Sys=0.00s Real=0.00s
[2023-04-10T20:08:55.963+0800][9223.332s] GC(823) Pause Young (Normal) (G1 Evacuation Pause)
[2023-04-10T20:08:55.963+0800][9223.332s] GC(823) Using 8 workers of 8 for evacuation
[2023-04-10T20:08:55.966+0800][9223.334s] GC(823)   Pre Evacuate Collection Set: 0.0ms
[2023-04-10T20:08:55.966+0800][9223.334s] GC(823)   Evacuate Collection Set: 1.4ms
[2023-04-10T20:08:55.966+0800][9223.334s] GC(823)   Post Evacuate Collection Set: 0.7ms
[2023-04-10T20:08:55.966+0800][9223.334s] GC(823)   Other: 0.2ms
[2023-04-10T20:08:55.966+0800][9223.334s] GC(823) Eden regions: 295->0(296)
[2023-04-10T20:08:55.966+0800][9223.334s] GC(823) Survivor regions: 12->11(39)
[2023-04-10T20:08:55.966+0800][9223.334s] GC(823) Old regions: 47->47
[2023-04-10T20:08:55.966+0800][9223.334s] GC(823) Humongous regions: 25->13
[2023-04-10T20:08:55.966+0800][9223.334s] GC(823) Metaspace: 61060K(63184K)->61060K(63184K) NonClass: 54142K(55296K)->54142K(55296K) Class: 6918K(7888K)->6918K(7888K)
[2023-04-10T20:08:55.966+0800][9223.334s] GC(823) Pause Young (Normal) (G1 Evacuation Pause) 378M->70M(512M) 2.443ms
[2023-04-10T20:08:55.966+0800][9223.334s] GC(823) User=0.02s Sys=0.00s Real=0.00s
[2023-04-10T20:08:56.363+0800][9223.731s] GC(824) Pause Young (Normal) (G1 Evacuation Pause)
[2023-04-10T20:08:56.363+0800][9223.731s] GC(824) Using 8 workers of 8 for evacuation
[2023-04-10T20:08:56.365+0800][9223.733s] GC(824)   Pre Evacuate Collection Set: 0.0ms
[2023-04-10T20:08:56.365+0800][9223.733s] GC(824)   Evacuate Collection Set: 0.8ms
[2023-04-10T20:08:56.365+0800][9223.733s] GC(824)   Post Evacuate Collection Set: 0.7ms
[2023-04-10T20:08:56.365+0800][9223.733s] GC(824)   Other: 0.2ms
[2023-04-10T20:08:56.365+0800][9223.733s] GC(824) Eden regions: 296->0(303)
[2023-04-10T20:08:56.365+0800][9223.733s] GC(824) Survivor regions: 11->4(39)
[2023-04-10T20:08:56.365+0800][9223.733s] GC(824) Old regions: 47->47
[2023-04-10T20:08:56.365+0800][9223.733s] GC(824) Humongous regions: 14->5
[2023-04-10T20:08:56.365+0800][9223.733s] GC(824) Metaspace: 61061K(63184K)->61061K(63184K) NonClass: 54143K(55296K)->54143K(55296K) Class: 6918K(7888K)->6918K(7888K)
[2023-04-10T20:08:56.365+0800][9223.733s] GC(824) Pause Young (Normal) (G1 Evacuation Pause) 367M->55M(512M) 1.854ms
[2023-04-10T20:08:56.365+0800][9223.733s] GC(824) User=0.00s Sys=0.00s Real=0.00s
[2023-04-10T20:08:56.771+0800][9224.139s] GC(825) Pause Young (Normal) (G1 Evacuation Pause)
[2023-04-10T20:08:56.771+0800][9224.139s] GC(825) Using 8 workers of 8 for evacuation
[2023-04-10T20:08:56.773+0800][9224.141s] GC(825)   Pre Evacuate Collection Set: 0.0ms
[2023-04-10T20:08:56.773+0800][9224.141s] GC(825)   Evacuate Collection Set: 1.2ms
[2023-04-10T20:08:56.773+0800][9224.141s] GC(825)   Post Evacuate Collection Set: 0.6ms
[2023-04-10T20:08:56.773+0800][9224.141s] GC(825)   Other: 0.1ms
[2023-04-10T20:08:56.773+0800][9224.141s] GC(825) Eden regions: 303->0(296)
[2023-04-10T20:08:56.773+0800][9224.141s] GC(825) Survivor regions: 4->11(39)
[2023-04-10T20:08:56.773+0800][9224.141s] GC(825) Old regions: 47->47
[2023-04-10T20:08:56.773+0800][9224.141s] GC(825) Humongous regions: 7->6
[2023-04-10T20:08:56.773+0800][9224.141s] GC(825) Metaspace: 61061K(63184K)->61061K(63184K) NonClass: 54143K(55296K)->54143K(55296K) Class: 6918K(7888K)->6918K(7888K)
[2023-04-10T20:08:56.773+0800][9224.141s] GC(825) Pause Young (Normal) (G1 Evacuation Pause) 360M->63M(512M) 2.144ms
[2023-04-10T20:08:56.773+0800][9224.141s] GC(825) User=0.00s Sys=0.00s Real=0.00s
[2023-04-10T20:08:57.158+0800][9224.526s] GC(826) Pause Young (Normal) (G1 Evacuation Pause)
[2023-04-10T20:08:57.158+0800][9224.526s] GC(826) Using 8 workers of 8 for evacuation
[2023-04-10T20:08:57.160+0800][9224.528s] GC(826)   Pre Evacuate Collection Set: 0.0ms
[2023-04-10T20:08:57.160+0800][9224.528s] GC(826)   Evacuate Collection Set: 1.5ms
[2023-04-10T20:08:57.160+0800][9224.528s] GC(826)   Post Evacuate Collection Set: 0.6ms
[2023-04-10T20:08:57.160+0800][9224.528s] GC(826)   Other: 0.2ms
[2023-04-10T20:08:57.160+0800][9224.528s] GC(826) Eden regions: 296->0(295)
[2023-04-10T20:08:57.160+0800][9224.528s] GC(826) Survivor regions: 11->12(39)
[2023-04-10T20:08:57.160+0800][9224.528s] GC(826) Old regions: 47->47
[2023-04-10T20:08:57.160+0800][9224.528s] GC(826) Humongous regions: 25->13
[2023-04-10T20:08:57.160+0800][9224.528s] GC(826) Metaspace: 61061K(63184K)->61061K(63184K) NonClass: 54143K(55296K)->54143K(55296K) Class: 6918K(7888K)->6918K(7888K)
[2023-04-10T20:08:57.160+0800][9224.528s] GC(826) Pause Young (Normal) (G1 Evacuation Pause) 378M->70M(512M) 2.435ms
[2023-04-10T20:08:57.160+0800][9224.528s] GC(826) User=0.00s Sys=0.00s Real=0.00s
[2023-04-10T20:08:57.656+0800][9225.024s] GC(827) Pause Young (Normal) (G1 Evacuation Pause)
[2023-04-10T20:08:57.656+0800][9225.024s] GC(827) Using 8 workers of 8 for evacuation
[2023-04-10T20:08:57.656+0800][9225.025s] GC(827)   Pre Evacuate Collection Set: 0.0ms
[2023-04-10T20:08:57.656+0800][9225.025s] GC(827)   Evacuate Collection Set: 0.6ms
[2023-04-10T20:08:57.656+0800][9225.025s] GC(827)   Post Evacuate Collection Set: 0.6ms
[2023-04-10T20:08:57.656+0800][9225.025s] GC(827)   Other: 0.2ms
[2023-04-10T20:08:57.656+0800][9225.025s] GC(827) Eden regions: 295->0(304)
[2023-04-10T20:08:57.656+0800][9225.025s] GC(827) Survivor regions: 12->3(39)
[2023-04-10T20:08:57.656+0800][9225.025s] GC(827) Old regions: 47->47
[2023-04-10T20:08:57.656+0800][9225.025s] GC(827) Humongous regions: 13->4
[2023-04-10T20:08:57.658+0800][9225.025s] GC(827) Metaspace: 61062K(63184K)->61062K(63184K) NonClass: 54143K(55296K)->54143K(55296K) Class: 6918K(7888K)->6918K(7888K)
[2023-04-10T20:08:57.658+0800][9225.025s] GC(827) Pause Young (Normal) (G1 Evacuation Pause) 365M->53M(512M) 1.655ms
[2023-04-10T20:08:57.658+0800][9225.025s] GC(827) User=0.00s Sys=0.00s Real=0.00s
[2023-04-10T20:08:58.025+0800][9225.393s] GC(828) Pause Young (Normal) (G1 Evacuation Pause)
[2023-04-10T20:08:58.025+0800][9225.393s] GC(828) Using 8 workers of 8 for evacuation
[2023-04-10T20:08:58.027+0800][9225.395s] GC(828)   Pre Evacuate Collection Set: 0.0ms
[2023-04-10T20:08:58.027+0800][9225.395s] GC(828)   Evacuate Collection Set: 1.0ms
[2023-04-10T20:08:58.027+0800][9225.395s] GC(828)   Post Evacuate Collection Set: 0.6ms
[2023-04-10T20:08:58.027+0800][9225.395s] GC(828)   Other: 0.2ms
[2023-04-10T20:08:58.027+0800][9225.395s] GC(828) Eden regions: 304->0(298)
[2023-04-10T20:08:58.027+0800][9225.395s] GC(828) Survivor regions: 3->9(39)
[2023-04-10T20:08:58.027+0800][9225.395s] GC(828) Old regions: 47->47
[2023-04-10T20:08:58.027+0800][9225.395s] GC(828) Humongous regions: 7->6
[2023-04-10T20:08:58.027+0800][9225.395s] GC(828) Metaspace: 61062K(63184K)->61062K(63184K) NonClass: 54143K(55296K)->54143K(55296K) Class: 6918K(7888K)->6918K(7888K)
[2023-04-10T20:08:58.027+0800][9225.395s] GC(828) Pause Young (Normal) (G1 Evacuation Pause) 360M->61M(512M) 2.013ms
[2023-04-10T20:08:58.027+0800][9225.395s] GC(828) User=0.00s Sys=0.00s Real=0.00s
[2023-04-10T20:08:58.408+0800][9225.776s] GC(829) Pause Young (Normal) (G1 Evacuation Pause)
[2023-04-10T20:08:58.408+0800][9225.776s] GC(829) Using 8 workers of 8 for evacuation
[2023-04-10T20:08:58.410+0800][9225.778s] GC(829)   Pre Evacuate Collection Set: 0.0ms
[2023-04-10T20:08:58.410+0800][9225.778s] GC(829)   Evacuate Collection Set: 1.5ms
[2023-04-10T20:08:58.410+0800][9225.778s] GC(829)   Post Evacuate Collection Set: 0.7ms
[2023-04-10T20:08:58.410+0800][9225.778s] GC(829)   Other: 0.2ms
[2023-04-10T20:08:58.410+0800][9225.778s] GC(829) Eden regions: 298->0(297)
[2023-04-10T20:08:58.410+0800][9225.778s] GC(829) Survivor regions: 9->10(39)
[2023-04-10T20:08:58.410+0800][9225.778s] GC(829) Old regions: 47->48
[2023-04-10T20:08:58.410+0800][9225.778s] GC(829) Humongous regions: 20->13
[2023-04-10T20:08:58.410+0800][9225.778s] GC(829) Metaspace: 61062K(63184K)->61062K(63184K) NonClass: 54143K(55296K)->54143K(55296K) Class: 6918K(7888K)->6918K(7888K)
[2023-04-10T20:08:58.410+0800][9225.778s] GC(829) Pause Young (Normal) (G1 Evacuation Pause) 373M->70M(512M) 2.481ms
[2023-04-10T20:08:58.410+0800][9225.778s] GC(829) User=0.00s Sys=0.00s Real=0.00s
[2023-04-10T20:08:58.857+0800][9226.225s] GC(830) Pause Young (Normal) (G1 Evacuation Pause)
[2023-04-10T20:08:58.857+0800][9226.225s] GC(830) Using 8 workers of 8 for evacuation
[2023-04-10T20:08:58.859+0800][9226.227s] GC(830)   Pre Evacuate Collection Set: 0.0ms
[2023-04-10T20:08:58.859+0800][9226.227s] GC(830)   Evacuate Collection Set: 1.2ms
[2023-04-10T20:08:58.859+0800][9226.227s] GC(830)   Post Evacuate Collection Set: 0.7ms
[2023-04-10T20:08:58.859+0800][9226.227s] GC(830)   Other: 0.2ms
[2023-04-10T20:08:58.859+0800][9226.227s] GC(830) Eden regions: 297->0(296)
[2023-04-10T20:08:58.859+0800][9226.227s] GC(830) Survivor regions: 10->11(39)
[2023-04-10T20:08:58.859+0800][9226.227s] GC(830) Old regions: 48->48
[2023-04-10T20:08:58.859+0800][9226.227s] GC(830) Humongous regions: 18->13
[2023-04-10T20:08:58.859+0800][9226.227s] GC(830) Metaspace: 61062K(63184K)->61062K(63184K) NonClass: 54143K(55296K)->54143K(55296K) Class: 6918K(7888K)->6918K(7888K)
[2023-04-10T20:08:58.859+0800][9226.227s] GC(830) Pause Young (Normal) (G1 Evacuation Pause) 372M->70M(512M) 2.284ms
[2023-04-10T20:08:58.859+0800][9226.227s] GC(830) User=0.00s Sys=0.00s Real=0.00s
[2023-04-10T20:08:59.327+0800][9226.695s] GC(831) Pause Young (Normal) (G1 Evacuation Pause)
[2023-04-10T20:08:59.327+0800][9226.695s] GC(831) Using 8 workers of 8 for evacuation
[2023-04-10T20:08:59.328+0800][9226.696s] GC(831)   Pre Evacuate Collection Set: 0.0ms
[2023-04-10T20:08:59.328+0800][9226.696s] GC(831)   Evacuate Collection Set: 0.7ms
[2023-04-10T20:08:59.328+0800][9226.696s] GC(831)   Post Evacuate Collection Set: 0.7ms
[2023-04-10T20:08:59.328+0800][9226.696s] GC(831)   Other: 0.2ms
[2023-04-10T20:08:59.328+0800][9226.696s] GC(831) Eden regions: 296->0(301)
[2023-04-10T20:08:59.328+0800][9226.696s] GC(831) Survivor regions: 11->6(39)
[2023-04-10T20:08:59.328+0800][9226.696s] GC(831) Old regions: 48->48
[2023-04-10T20:08:59.329+0800][9226.697s] GC(831) Humongous regions: 14->5
[2023-04-10T20:08:59.329+0800][9226.697s] GC(831) Metaspace: 61063K(63184K)->61063K(63184K) NonClass: 54145K(55296K)->54145K(55296K) Class: 6918K(7888K)->6918K(7888K)
[2023-04-10T20:08:59.329+0800][9226.697s] GC(831) Pause Young (Normal) (G1 Evacuation Pause) 367M->58M(512M) 1.882ms
[2023-04-10T20:08:59.329+0800][9226.697s] GC(831) User=0.00s Sys=0.00s Real=0.00s
[2023-04-10T20:08:59.730+0800][9227.098s] GC(832) Pause Young (Normal) (G1 Evacuation Pause)
[2023-04-10T20:08:59.730+0800][9227.098s] GC(832) Using 8 workers of 8 for evacuation
[2023-04-10T20:08:59.732+0800][9227.099s] GC(832)   Pre Evacuate Collection Set: 0.0ms
[2023-04-10T20:08:59.732+0800][9227.099s] GC(832)   Evacuate Collection Set: 1.1ms
[2023-04-10T20:08:59.732+0800][9227.099s] GC(832)   Post Evacuate Collection Set: 0.7ms
[2023-04-10T20:08:59.732+0800][9227.099s] GC(832)   Other: 0.2ms
[2023-04-10T20:08:59.732+0800][9227.100s] GC(832) Eden regions: 301->0(298)
[2023-04-10T20:08:59.732+0800][9227.100s] GC(832) Survivor regions: 6->9(39)
[2023-04-10T20:08:59.732+0800][9227.100s] GC(832) Old regions: 48->48
[2023-04-10T20:08:59.732+0800][9227.100s] GC(832) Humongous regions: 13->12
[2023-04-10T20:08:59.732+0800][9227.100s] GC(832) Metaspace: 61063K(63184K)->61063K(63184K) NonClass: 54145K(55296K)->54145K(55296K) Class: 6918K(7888K)->6918K(7888K)
[2023-04-10T20:08:59.732+0800][9227.100s] GC(832) Pause Young (Normal) (G1 Evacuation Pause) 367M->67M(512M) 2.047ms
[2023-04-10T20:08:59.732+0800][9227.100s] GC(832) User=0.09s Sys=0.02s Real=0.00s
[2023-04-10T20:09:00.231+0800][9227.599s] GC(833) Pause Young (Normal) (G1 Evacuation Pause)
[2023-04-10T20:09:00.231+0800][9227.599s] GC(833) Using 8 workers of 8 for evacuation
[2023-04-10T20:09:00.233+0800][9227.601s] GC(833)   Pre Evacuate Collection Set: 0.0ms
[2023-04-10T20:09:00.233+0800][9227.601s] GC(833)   Evacuate Collection Set: 1.2ms
[2023-04-10T20:09:00.233+0800][9227.601s] GC(833)   Post Evacuate Collection Set: 0.6ms
[2023-04-10T20:09:00.233+0800][9227.601s] GC(833)   Other: 0.2ms
[2023-04-10T20:09:00.234+0800][9227.601s] GC(833) Eden regions: 298->0(296)
[2023-04-10T20:09:00.234+0800][9227.601s] GC(833) Survivor regions: 9->11(39)
[2023-04-10T20:09:00.234+0800][9227.601s] GC(833) Old regions: 48->48
[2023-04-10T20:09:00.234+0800][9227.601s] GC(833) Humongous regions: 25->13
[2023-04-10T20:09:00.234+0800][9227.602s] GC(833) Metaspace: 61063K(63184K)->61063K(63184K) NonClass: 54145K(55296K)->54145K(55296K) Class: 6918K(7888K)->6918K(7888K)
[2023-04-10T20:09:00.234+0800][9227.602s] GC(833) Pause Young (Normal) (G1 Evacuation Pause) 378M->70M(512M) 2.217ms
[2023-04-10T20:09:00.234+0800][9227.602s] GC(833) User=0.00s Sys=0.00s Real=0.00s
[2023-04-10T20:09:00.680+0800][9228.048s] GC(834) Pause Young (Normal) (G1 Evacuation Pause)
[2023-04-10T20:09:00.680+0800][9228.048s] GC(834) Using 8 workers of 8 for evacuation
[2023-04-10T20:09:00.681+0800][9228.049s] GC(834)   Pre Evacuate Collection Set: 0.0ms
[2023-04-10T20:09:00.681+0800][9228.049s] GC(834)   Evacuate Collection Set: 0.5ms
[2023-04-10T20:09:00.681+0800][9228.049s] GC(834)   Post Evacuate Collection Set: 0.6ms
[2023-04-10T20:09:00.681+0800][9228.049s] GC(834)   Other: 0.2ms
[2023-04-10T20:09:00.681+0800][9228.049s] GC(834) Eden regions: 296->0(303)
[2023-04-10T20:09:00.681+0800][9228.050s] GC(834) Survivor regions: 11->4(39)
[2023-04-10T20:09:00.681+0800][9228.050s] GC(834) Old regions: 48->48
[2023-04-10T20:09:00.681+0800][9228.050s] GC(834) Humongous regions: 14->5
[2023-04-10T20:09:00.681+0800][9228.050s] GC(834) Metaspace: 61063K(63184K)->61063K(63184K) NonClass: 54145K(55296K)->54145K(55296K) Class: 6918K(7888K)->6918K(7888K)
[2023-04-10T20:09:00.681+0800][9228.050s] GC(834) Pause Young (Normal) (G1 Evacuation Pause) 367M->56M(512M) 1.516ms
[2023-04-10T20:09:00.681+0800][9228.050s] GC(834) User=0.00s Sys=0.00s Real=0.00s
[2023-04-10T20:09:01.065+0800][9228.434s] GC(835) Pause Young (Normal) (G1 Evacuation Pause)
[2023-04-10T20:09:01.065+0800][9228.434s] GC(835) Using 8 workers of 8 for evacuation
[2023-04-10T20:09:01.067+0800][9228.435s] GC(835)   Pre Evacuate Collection Set: 0.0ms
[2023-04-10T20:09:01.067+0800][9228.435s] GC(835)   Evacuate Collection Set: 1.0ms
[2023-04-10T20:09:01.067+0800][9228.435s] GC(835)   Post Evacuate Collection Set: 0.6ms
[2023-04-10T20:09:01.067+0800][9228.435s] GC(835)   Other: 0.2ms
[2023-04-10T20:09:01.067+0800][9228.436s] GC(835) Eden regions: 303->0(297)
[2023-04-10T20:09:01.067+0800][9228.436s] GC(835) Survivor regions: 4->10(39)
[2023-04-10T20:09:01.067+0800][9228.436s] GC(835) Old regions: 48->48
[2023-04-10T20:09:01.067+0800][9228.436s] GC(835) Humongous regions: 8->7
[2023-04-10T20:09:01.067+0800][9228.436s] GC(835) Metaspace: 61063K(63184K)->61063K(63184K) NonClass: 54145K(55296K)->54145K(55296K) Class: 6918K(7888K)->6918K(7888K)
[2023-04-10T20:09:01.067+0800][9228.436s] GC(835) Pause Young (Normal) (G1 Evacuation Pause) 362M->64M(512M) 1.945ms
[2023-04-10T20:09:01.067+0800][9228.436s] GC(835) User=0.00s Sys=0.00s Real=0.00s
[2023-04-10T20:09:01.605+0800][9228.973s] GC(836) Pause Young (Normal) (G1 Evacuation Pause)
[2023-04-10T20:09:01.605+0800][9228.973s] GC(836) Using 8 workers of 8 for evacuation
[2023-04-10T20:09:01.607+0800][9228.975s] GC(836)   Pre Evacuate Collection Set: 0.0ms
[2023-04-10T20:09:01.607+0800][9228.975s] GC(836)   Evacuate Collection Set: 1.2ms
[2023-04-10T20:09:01.607+0800][9228.975s] GC(836)   Post Evacuate Collection Set: 0.7ms
[2023-04-10T20:09:01.607+0800][9228.975s] GC(836)   Other: 0.2ms
[2023-04-10T20:09:01.607+0800][9228.975s] GC(836) Eden regions: 297->0(296)
[2023-04-10T20:09:01.607+0800][9228.975s] GC(836) Survivor regions: 10->11(39)
[2023-04-10T20:09:01.607+0800][9228.975s] GC(836) Old regions: 48->48
[2023-04-10T20:09:01.607+0800][9228.975s] GC(836) Humongous regions: 25->13
[2023-04-10T20:09:01.607+0800][9228.975s] GC(836) Metaspace: 61063K(63184K)->61063K(63184K) NonClass: 54145K(55296K)->54145K(55296K) Class: 6918K(7888K)->6918K(7888K)
[2023-04-10T20:09:01.607+0800][9228.975s] GC(836) Pause Young (Normal) (G1 Evacuation Pause) 379M->71M(512M) 2.214ms
[2023-04-10T20:09:01.607+0800][9228.975s] GC(836) User=0.00s Sys=0.00s Real=0.00s
[2023-04-10T20:09:01.992+0800][9229.360s] GC(837) Pause Young (Normal) (G1 Evacuation Pause)
[2023-04-10T20:09:01.992+0800][9229.360s] GC(837) Using 8 workers of 8 for evacuation
[2023-04-10T20:09:01.993+0800][9229.361s] GC(837)   Pre Evacuate Collection Set: 0.0ms
[2023-04-10T20:09:01.993+0800][9229.361s] GC(837)   Evacuate Collection Set: 0.5ms
[2023-04-10T20:09:01.993+0800][9229.361s] GC(837)   Post Evacuate Collection Set: 0.7ms
[2023-04-10T20:09:01.993+0800][9229.361s] GC(837)   Other: 0.2ms
[2023-04-10T20:09:01.993+0800][9229.361s] GC(837) Eden regions: 296->0(304)
[2023-04-10T20:09:01.993+0800][9229.361s] GC(837) Survivor regions: 11->3(39)
[2023-04-10T20:09:01.993+0800][9229.361s] GC(837) Old regions: 48->48
[2023-04-10T20:09:01.993+0800][9229.361s] GC(837) Humongous regions: 13->4
[2023-04-10T20:09:01.993+0800][9229.361s] GC(837) Metaspace: 61065K(63184K)->61065K(63184K) NonClass: 54146K(55296K)->54146K(55296K) Class: 6918K(7888K)->6918K(7888K)
[2023-04-10T20:09:01.993+0800][9229.361s] GC(837) Pause Young (Normal) (G1 Evacuation Pause) 367M->54M(512M) 1.442ms
[2023-04-10T20:09:01.994+0800][9229.361s] GC(837) User=0.00s Sys=0.00s Real=0.00s
[2023-04-10T20:09:02.393+0800][9229.761s] GC(838) Pause Young (Normal) (G1 Evacuation Pause)
[2023-04-10T20:09:02.393+0800][9229.761s] GC(838) Using 8 workers of 8 for evacuation
[2023-04-10T20:09:02.395+0800][9229.763s] GC(838)   Pre Evacuate Collection Set: 0.0ms
[2023-04-10T20:09:02.395+0800][9229.763s] GC(838)   Evacuate Collection Set: 0.9ms
[2023-04-10T20:09:02.395+0800][9229.763s] GC(838)   Post Evacuate Collection Set: 0.6ms
[2023-04-10T20:09:02.395+0800][9229.763s] GC(838)   Other: 0.2ms
[2023-04-10T20:09:02.395+0800][9229.763s] GC(838) Eden regions: 304->0(298)
[2023-04-10T20:09:02.395+0800][9229.763s] GC(838) Survivor regions: 3->9(39)
[2023-04-10T20:09:02.395+0800][9229.763s] GC(838) Old regions: 48->48
[2023-04-10T20:09:02.395+0800][9229.763s] GC(838) Humongous regions: 7->6
[2023-04-10T20:09:02.395+0800][9229.763s] GC(838) Metaspace: 61065K(63184K)->61065K(63184K) NonClass: 54146K(55296K)->54146K(55296K) Class: 6918K(7888K)->6918K(7888K)
[2023-04-10T20:09:02.395+0800][9229.763s] GC(838) Pause Young (Normal) (G1 Evacuation Pause) 361M->61M(512M) 1.886ms
[2023-04-10T20:09:02.395+0800][9229.763s] GC(838) User=0.00s Sys=0.00s Real=0.00s
[2023-04-10T20:09:02.789+0800][9230.156s] GC(839) Pause Young (Normal) (G1 Evacuation Pause)
[2023-04-10T20:09:02.789+0800][9230.156s] GC(839) Using 8 workers of 8 for evacuation
[2023-04-10T20:09:02.791+0800][9230.158s] GC(839)   Pre Evacuate Collection Set: 0.0ms
[2023-04-10T20:09:02.791+0800][9230.158s] GC(839)   Evacuate Collection Set: 1.2ms
[2023-04-10T20:09:02.791+0800][9230.158s] GC(839)   Post Evacuate Collection Set: 0.7ms
[2023-04-10T20:09:02.791+0800][9230.158s] GC(839)   Other: 0.3ms
[2023-04-10T20:09:02.791+0800][9230.158s] GC(839) Eden regions: 298->0(297)
[2023-04-10T20:09:02.791+0800][9230.158s] GC(839) Survivor regions: 9->10(39)
[2023-04-10T20:09:02.791+0800][9230.158s] GC(839) Old regions: 48->48
[2023-04-10T20:09:02.791+0800][9230.158s] GC(839) Humongous regions: 20->13
[2023-04-10T20:09:02.791+0800][9230.159s] GC(839) Metaspace: 61065K(63184K)->61065K(63184K) NonClass: 54146K(55296K)->54146K(55296K) Class: 6918K(7888K)->6918K(7888K)
[2023-04-10T20:09:02.791+0800][9230.159s] GC(839) Pause Young (Normal) (G1 Evacuation Pause) 373M->70M(512M) 2.319ms
[2023-04-10T20:09:02.791+0800][9230.159s] GC(839) User=0.00s Sys=0.00s Real=0.00s
[2023-04-10T20:09:03.409+0800][9230.778s] GC(840) Pause Young (Normal) (G1 Evacuation Pause)
[2023-04-10T20:09:03.409+0800][9230.778s] GC(840) Using 8 workers of 8 for evacuation
[2023-04-10T20:09:03.410+0800][9230.779s] GC(840)   Pre Evacuate Collection Set: 0.0ms
[2023-04-10T20:09:03.410+0800][9230.779s] GC(840)   Evacuate Collection Set: 0.3ms
[2023-04-10T20:09:03.410+0800][9230.779s] GC(840)   Post Evacuate Collection Set: 0.6ms
[2023-04-10T20:09:03.410+0800][9230.779s] GC(840)   Other: 0.2ms
[2023-04-10T20:09:03.410+0800][9230.779s] GC(840) Eden regions: 297->0(306)
[2023-04-10T20:09:03.410+0800][9230.779s] GC(840) Survivor regions: 10->1(39)
[2023-04-10T20:09:03.410+0800][9230.779s] GC(840) Old regions: 48->48
[2023-04-10T20:09:03.410+0800][9230.779s] GC(840) Humongous regions: 18->4
[2023-04-10T20:09:03.410+0800][9230.779s] GC(840) Metaspace: 61070K(63184K)->61070K(63184K) NonClass: 54151K(55296K)->54151K(55296K) Class: 6918K(7888K)->6918K(7888K)
[2023-04-10T20:09:03.410+0800][9230.779s] GC(840) Pause Young (Normal) (G1 Evacuation Pause) 372M->52M(512M) 1.236ms
[2023-04-10T20:09:03.410+0800][9230.779s] GC(840) User=0.00s Sys=0.00s Real=0.00s
[2023-04-10T20:09:03.825+0800][9231.193s] GC(841) Pause Young (Normal) (G1 Evacuation Pause)
[2023-04-10T20:09:03.825+0800][9231.193s] GC(841) Using 8 workers of 8 for evacuation
[2023-04-10T20:09:03.826+0800][9231.195s] GC(841)   Pre Evacuate Collection Set: 0.0ms
[2023-04-10T20:09:03.826+0800][9231.195s] GC(841)   Evacuate Collection Set: 0.8ms
[2023-04-10T20:09:03.826+0800][9231.195s] GC(841)   Post Evacuate Collection Set: 0.7ms
[2023-04-10T20:09:03.826+0800][9231.195s] GC(841)   Other: 0.2ms
[2023-04-10T20:09:03.826+0800][9231.195s] GC(841) Eden regions: 306->0(300)
[2023-04-10T20:09:03.826+0800][9231.195s] GC(841) Survivor regions: 1->7(39)
[2023-04-10T20:09:03.826+0800][9231.195s] GC(841) Old regions: 48->48
[2023-04-10T20:09:03.826+0800][9231.195s] GC(841) Humongous regions: 7->6
[2023-04-10T20:09:03.826+0800][9231.195s] GC(841) Metaspace: 61070K(63184K)->61070K(63184K) NonClass: 54151K(55296K)->54151K(55296K) Class: 6918K(7888K)->6918K(7888K)
[2023-04-10T20:09:03.826+0800][9231.195s] GC(841) Pause Young (Normal) (G1 Evacuation Pause) 361M->60M(512M) 1.842ms
[2023-04-10T20:09:03.826+0800][9231.195s] GC(841) User=0.00s Sys=0.00s Real=0.00s
[2023-04-10T20:09:04.204+0800][9231.572s] GC(842) Pause Young (Normal) (G1 Evacuation Pause)
[2023-04-10T20:09:04.204+0800][9231.572s] GC(842) Using 8 workers of 8 for evacuation
[2023-04-10T20:09:04.206+0800][9231.574s] GC(842)   Pre Evacuate Collection Set: 0.0ms
[2023-04-10T20:09:04.206+0800][9231.574s] GC(842)   Evacuate Collection Set: 1.0ms
[2023-04-10T20:09:04.206+0800][9231.574s] GC(842)   Post Evacuate Collection Set: 0.6ms
[2023-04-10T20:09:04.206+0800][9231.574s] GC(842)   Other: 0.2ms
[2023-04-10T20:09:04.206+0800][9231.574s] GC(842) Eden regions: 300->0(298)
[2023-04-10T20:09:04.206+0800][9231.574s] GC(842) Survivor regions: 7->9(39)
[2023-04-10T20:09:04.206+0800][9231.574s] GC(842) Old regions: 48->48
[2023-04-10T20:09:04.206+0800][9231.574s] GC(842) Humongous regions: 12->12
[2023-04-10T20:09:04.206+0800][9231.574s] GC(842) Metaspace: 61070K(63184K)->61070K(63184K) NonClass: 54151K(55296K)->54151K(55296K) Class: 6918K(7888K)->6918K(7888K)
[2023-04-10T20:09:04.206+0800][9231.574s] GC(842) Pause Young (Normal) (G1 Evacuation Pause) 366M->68M(512M) 2.000ms
[2023-04-10T20:09:04.206+0800][9231.574s] GC(842) User=0.00s Sys=0.00s Real=0.00s
[2023-04-10T20:09:04.674+0800][9232.042s] GC(843) Pause Young (Normal) (G1 Evacuation Pause)
[2023-04-10T20:09:04.674+0800][9232.042s] GC(843) Using 8 workers of 8 for evacuation
[2023-04-10T20:09:04.676+0800][9232.044s] GC(843)   Pre Evacuate Collection Set: 0.0ms
[2023-04-10T20:09:04.676+0800][9232.044s] GC(843)   Evacuate Collection Set: 1.1ms
[2023-04-10T20:09:04.676+0800][9232.044s] GC(843)   Post Evacuate Collection Set: 0.7ms
[2023-04-10T20:09:04.676+0800][9232.044s] GC(843)   Other: 0.2ms
[2023-04-10T20:09:04.676+0800][9232.045s] GC(843) Eden regions: 298->0(296)
[2023-04-10T20:09:04.676+0800][9232.045s] GC(843) Survivor regions: 9->11(39)
[2023-04-10T20:09:04.676+0800][9232.045s] GC(843) Old regions: 48->48
[2023-04-10T20:09:04.676+0800][9232.045s] GC(843) Humongous regions: 25->13
[2023-04-10T20:09:04.676+0800][9232.045s] GC(843) Metaspace: 61070K(63184K)->61070K(63184K) NonClass: 54151K(55296K)->54151K(55296K) Class: 6918K(7888K)->6918K(7888K)
[2023-04-10T20:09:04.676+0800][9232.045s] GC(843) Pause Young (Normal) (G1 Evacuation Pause) 379M->71M(512M) 2.143ms
[2023-04-10T20:09:04.676+0800][9232.045s] GC(843) User=0.00s Sys=0.00s Real=0.00s
[2023-04-10T20:09:05.092+0800][9232.461s] GC(844) Pause Young (Normal) (G1 Evacuation Pause)
[2023-04-10T20:09:05.092+0800][9232.461s] GC(844) Using 8 workers of 8 for evacuation
[2023-04-10T20:09:05.094+0800][9232.462s] GC(844)   Pre Evacuate Collection Set: 0.0ms
[2023-04-10T20:09:05.094+0800][9232.462s] GC(844)   Evacuate Collection Set: 0.6ms
[2023-04-10T20:09:05.094+0800][9232.462s] GC(844)   Post Evacuate Collection Set: 0.6ms
[2023-04-10T20:09:05.094+0800][9232.462s] GC(844)   Other: 0.2ms
[2023-04-10T20:09:05.094+0800][9232.462s] GC(844) Eden regions: 296->0(302)
[2023-04-10T20:09:05.094+0800][9232.462s] GC(844) Survivor regions: 11->5(39)
[2023-04-10T20:09:05.094+0800][9232.462s] GC(844) Old regions: 48->48
[2023-04-10T20:09:05.094+0800][9232.462s] GC(844) Humongous regions: 14->5
[2023-04-10T20:09:05.094+0800][9232.462s] GC(844) Metaspace: 61070K(63184K)->61070K(63184K) NonClass: 54152K(55296K)->54152K(55296K) Class: 6918K(7888K)->6918K(7888K)
[2023-04-10T20:09:05.094+0800][9232.462s] GC(844) Pause Young (Normal) (G1 Evacuation Pause) 368M->57M(512M) 1.539ms
[2023-04-10T20:09:05.094+0800][9232.463s] GC(844) User=0.00s Sys=0.00s Real=0.00s
[2023-04-10T20:09:05.560+0800][9232.929s] GC(845) Pause Young (Normal) (G1 Evacuation Pause)
[2023-04-10T20:09:05.561+0800][9232.929s] GC(845) Using 8 workers of 8 for evacuation
[2023-04-10T20:09:05.562+0800][9232.931s] GC(845)   Pre Evacuate Collection Set: 0.0ms
[2023-04-10T20:09:05.562+0800][9232.931s] GC(845)   Evacuate Collection Set: 1.0ms
[2023-04-10T20:09:05.562+0800][9232.931s] GC(845)   Post Evacuate Collection Set: 0.6ms
[2023-04-10T20:09:05.562+0800][9232.931s] GC(845)   Other: 0.2ms
[2023-04-10T20:09:05.562+0800][9232.931s] GC(845) Eden regions: 302->0(295)
[2023-04-10T20:09:05.562+0800][9232.931s] GC(845) Survivor regions: 5->12(39)
[2023-04-10T20:09:05.562+0800][9232.931s] GC(845) Old regions: 48->48
[2023-04-10T20:09:05.562+0800][9232.931s] GC(845) Humongous regions: 8->7
[2023-04-10T20:09:05.562+0800][9232.931s] GC(845) Metaspace: 61070K(63184K)->61070K(63184K) NonClass: 54152K(55296K)->54152K(55296K) Class: 6918K(7888K)->6918K(7888K)
[2023-04-10T20:09:05.562+0800][9232.931s] GC(845) Pause Young (Normal) (G1 Evacuation Pause) 362M->65M(512M) 1.986ms
[2023-04-10T20:09:05.562+0800][9232.931s] GC(845) User=0.00s Sys=0.00s Real=0.00s
[2023-04-10T20:09:06.131+0800][9233.499s] GC(846) Pause Young (Normal) (G1 Evacuation Pause)
[2023-04-10T20:09:06.131+0800][9233.499s] GC(846) Using 8 workers of 8 for evacuation
[2023-04-10T20:09:06.133+0800][9233.501s] GC(846)   Pre Evacuate Collection Set: 0.0ms
[2023-04-10T20:09:06.133+0800][9233.501s] GC(846)   Evacuate Collection Set: 1.2ms
[2023-04-10T20:09:06.133+0800][9233.501s] GC(846)   Post Evacuate Collection Set: 0.6ms
[2023-04-10T20:09:06.133+0800][9233.501s] GC(846)   Other: 0.2ms
[2023-04-10T20:09:06.133+0800][9233.501s] GC(846) Eden regions: 295->0(297)
[2023-04-10T20:09:06.133+0800][9233.501s] GC(846) Survivor regions: 12->10(39)
[2023-04-10T20:09:06.134+0800][9233.501s] GC(846) Old regions: 48->48
[2023-04-10T20:09:06.134+0800][9233.501s] GC(846) Humongous regions: 25->13
[2023-04-10T20:09:06.134+0800][9233.501s] GC(846) Metaspace: 61077K(63184K)->61077K(63184K) NonClass: 54158K(55296K)->54158K(55296K) Class: 6918K(7888K)->6918K(7888K)
[2023-04-10T20:09:06.134+0800][9233.501s] GC(846) Pause Young (Normal) (G1 Evacuation Pause) 378M->70M(512M) 2.186ms
[2023-04-10T20:09:06.134+0800][9233.501s] GC(846) User=0.00s Sys=0.00s Real=0.00s
[2023-04-10T20:09:06.610+0800][9233.978s] GC(847) Pause Young (Normal) (G1 Evacuation Pause)
[2023-04-10T20:09:06.610+0800][9233.978s] GC(847) Using 8 workers of 8 for evacuation
[2023-04-10T20:09:06.611+0800][9233.980s] GC(847)   Pre Evacuate Collection Set: 0.0ms
[2023-04-10T20:09:06.611+0800][9233.980s] GC(847)   Evacuate Collection Set: 0.6ms
[2023-04-10T20:09:06.611+0800][9233.980s] GC(847)   Post Evacuate Collection Set: 0.5ms
[2023-04-10T20:09:06.611+0800][9233.980s] GC(847)   Other: 0.2ms
[2023-04-10T20:09:06.611+0800][9233.980s] GC(847) Eden regions: 297->0(303)
[2023-04-10T20:09:06.611+0800][9233.980s] GC(847) Survivor regions: 10->4(39)
[2023-04-10T20:09:06.611+0800][9233.980s] GC(847) Old regions: 48->48
[2023-04-10T20:09:06.611+0800][9233.980s] GC(847) Humongous regions: 13->4
[2023-04-10T20:09:06.612+0800][9233.980s] GC(847) Metaspace: 61083K(63184K)->61083K(63184K) NonClass: 54165K(55296K)->54165K(55296K) Class: 6918K(7888K)->6918K(7888K)
[2023-04-10T20:09:06.612+0800][9233.980s] GC(847) Pause Young (Normal) (G1 Evacuation Pause) 367M->54M(512M) 1.475ms
[2023-04-10T20:09:06.612+0800][9233.980s] GC(847) User=0.00s Sys=0.00s Real=0.00s
[2023-04-10T20:09:07.013+0800][9234.382s] GC(848) Pause Young (Normal) (G1 Evacuation Pause)
[2023-04-10T20:09:07.013+0800][9234.382s] GC(848) Using 8 workers of 8 for evacuation
[2023-04-10T20:09:07.015+0800][9234.383s] GC(848)   Pre Evacuate Collection Set: 0.0ms
[2023-04-10T20:09:07.015+0800][9234.384s] GC(848)   Evacuate Collection Set: 1.0ms
[2023-04-10T20:09:07.015+0800][9234.384s] GC(848)   Post Evacuate Collection Set: 0.7ms
[2023-04-10T20:09:07.015+0800][9234.384s] GC(848)   Other: 0.2ms
[2023-04-10T20:09:07.015+0800][9234.384s] GC(848) Eden regions: 303->0(298)
[2023-04-10T20:09:07.015+0800][9234.384s] GC(848) Survivor regions: 4->9(39)
[2023-04-10T20:09:07.015+0800][9234.384s] GC(848) Old regions: 48->48
[2023-04-10T20:09:07.015+0800][9234.384s] GC(848) Humongous regions: 7->6
[2023-04-10T20:09:07.015+0800][9234.384s] GC(848) Metaspace: 61089K(63440K)->61089K(63440K) NonClass: 54170K(55552K)->54170K(55552K) Class: 6918K(7888K)->6918K(7888K)
[2023-04-10T20:09:07.015+0800][9234.384s] GC(848) Pause Young (Normal) (G1 Evacuation Pause) 360M->62M(512M) 2.078ms
[2023-04-10T20:09:07.015+0800][9234.384s] GC(848) User=0.00s Sys=0.00s Real=0.00s
[2023-04-10T20:09:07.459+0800][9234.827s] GC(849) Pause Young (Normal) (G1 Evacuation Pause)
[2023-04-10T20:09:07.459+0800][9234.827s] GC(849) Using 8 workers of 8 for evacuation
[2023-04-10T20:09:07.461+0800][9234.829s] GC(849)   Pre Evacuate Collection Set: 0.0ms
[2023-04-10T20:09:07.461+0800][9234.829s] GC(849)   Evacuate Collection Set: 1.3ms
[2023-04-10T20:09:07.461+0800][9234.829s] GC(849)   Post Evacuate Collection Set: 0.6ms
[2023-04-10T20:09:07.461+0800][9234.829s] GC(849)   Other: 0.2ms
[2023-04-10T20:09:07.461+0800][9234.829s] GC(849) Eden regions: 298->0(297)
[2023-04-10T20:09:07.461+0800][9234.829s] GC(849) Survivor regions: 9->10(39)
[2023-04-10T20:09:07.461+0800][9234.829s] GC(849) Old regions: 48->48
[2023-04-10T20:09:07.461+0800][9234.829s] GC(849) Humongous regions: 20->13
[2023-04-10T20:09:07.461+0800][9234.829s] GC(849) Metaspace: 61099K(63440K)->61099K(63440K) NonClass: 54180K(55552K)->54180K(55552K) Class: 6918K(7888K)->6918K(7888K)
[2023-04-10T20:09:07.461+0800][9234.829s] GC(849) Pause Young (Normal) (G1 Evacuation Pause) 374M->70M(512M) 2.256ms
[2023-04-10T20:09:07.461+0800][9234.829s] GC(849) User=0.00s Sys=0.00s Real=0.00s
[2023-04-10T20:09:08.045+0800][9235.413s] GC(850) Pause Young (Normal) (G1 Evacuation Pause)
[2023-04-10T20:09:08.045+0800][9235.413s] GC(850) Using 8 workers of 8 for evacuation
[2023-04-10T20:09:08.046+0800][9235.415s] GC(850)   Pre Evacuate Collection Set: 0.0ms
[2023-04-10T20:09:08.046+0800][9235.415s] GC(850)   Evacuate Collection Set: 0.5ms
[2023-04-10T20:09:08.046+0800][9235.415s] GC(850)   Post Evacuate Collection Set: 0.6ms
[2023-04-10T20:09:08.046+0800][9235.415s] GC(850)   Other: 0.2ms
[2023-04-10T20:09:08.046+0800][9235.415s] GC(850) Eden regions: 297->0(306)
[2023-04-10T20:09:08.046+0800][9235.415s] GC(850) Survivor regions: 10->1(39)
[2023-04-10T20:09:08.046+0800][9235.415s] GC(850) Old regions: 48->48
[2023-04-10T20:09:08.046+0800][9235.415s] GC(850) Humongous regions: 18->4
[2023-04-10T20:09:08.046+0800][9235.415s] GC(850) Metaspace: 61120K(63440K)->61120K(63440K) NonClass: 54202K(55552K)->54202K(55552K) Class: 6918K(7888K)->6918K(7888K)
[2023-04-10T20:09:08.046+0800][9235.415s] GC(850) Pause Young (Normal) (G1 Evacuation Pause) 372M->52M(512M) 1.373ms
[2023-04-10T20:09:08.046+0800][9235.415s] GC(850) User=0.00s Sys=0.00s Real=0.00s
[2023-04-10T20:09:08.501+0800][9235.870s] GC(851) Pause Young (Normal) (G1 Evacuation Pause)
[2023-04-10T20:09:08.501+0800][9235.870s] GC(851) Using 8 workers of 8 for evacuation
[2023-04-10T20:09:08.503+0800][9235.871s] GC(851)   Pre Evacuate Collection Set: 0.0ms
[2023-04-10T20:09:08.503+0800][9235.871s] GC(851)   Evacuate Collection Set: 0.9ms
[2023-04-10T20:09:08.503+0800][9235.871s] GC(851)   Post Evacuate Collection Set: 0.6ms
[2023-04-10T20:09:08.503+0800][9235.872s] GC(851)   Other: 0.2ms
[2023-04-10T20:09:08.503+0800][9235.872s] GC(851) Eden regions: 306->0(300)
[2023-04-10T20:09:08.503+0800][9235.872s] GC(851) Survivor regions: 1->7(39)
[2023-04-10T20:09:08.503+0800][9235.872s] GC(851) Old regions: 48->48
[2023-04-10T20:09:08.503+0800][9235.872s] GC(851) Humongous regions: 7->6
[2023-04-10T20:09:08.503+0800][9235.872s] GC(851) Metaspace: 61160K(63440K)->61160K(63440K) NonClass: 54242K(55552K)->54242K(55552K) Class: 6918K(7888K)->6918K(7888K)
[2023-04-10T20:09:08.503+0800][9235.872s] GC(851) Pause Young (Normal) (G1 Evacuation Pause) 361M->60M(512M) 1.873ms
[2023-04-10T20:09:08.503+0800][9235.872s] GC(851) User=0.00s Sys=0.00s Real=0.00s
[2023-04-10T20:09:08.881+0800][9236.248s] GC(852) Pause Young (Normal) (G1 Evacuation Pause)
[2023-04-10T20:09:08.881+0800][9236.248s] GC(852) Using 8 workers of 8 for evacuation
[2023-04-10T20:09:08.883+0800][9236.250s] GC(852)   Pre Evacuate Collection Set: 0.0ms
[2023-04-10T20:09:08.883+0800][9236.250s] GC(852)   Evacuate Collection Set: 1.1ms
[2023-04-10T20:09:08.883+0800][9236.250s] GC(852)   Post Evacuate Collection Set: 0.6ms
[2023-04-10T20:09:08.883+0800][9236.250s] GC(852)   Other: 0.2ms
[2023-04-10T20:09:08.883+0800][9236.250s] GC(852) Eden regions: 300->0(298)
[2023-04-10T20:09:08.883+0800][9236.250s] GC(852) Survivor regions: 7->9(39)
[2023-04-10T20:09:08.883+0800][9236.250s] GC(852) Old regions: 48->48
[2023-04-10T20:09:08.883+0800][9236.250s] GC(852) Humongous regions: 12->12
[2023-04-10T20:09:08.883+0800][9236.250s] GC(852) Metaspace: 61163K(63440K)->61163K(63440K) NonClass: 54244K(55552K)->54244K(55552K) Class: 6918K(7888K)->6918K(7888K)
[2023-04-10T20:09:08.883+0800][9236.250s] GC(852) Pause Young (Normal) (G1 Evacuation Pause) 366M->68M(512M) 2.065ms
[2023-04-10T20:09:08.883+0800][9236.251s] GC(852) User=0.00s Sys=0.00s Real=0.00s
[2023-04-10T20:09:09.396+0800][9236.764s] GC(853) Pause Young (Normal) (G1 Evacuation Pause)
[2023-04-10T20:09:09.396+0800][9236.765s] GC(853) Using 8 workers of 8 for evacuation
[2023-04-10T20:09:09.398+0800][9236.767s] GC(853)   Pre Evacuate Collection Set: 0.0ms
[2023-04-10T20:09:09.398+0800][9236.767s] GC(853)   Evacuate Collection Set: 1.2ms
[2023-04-10T20:09:09.398+0800][9236.767s] GC(853)   Post Evacuate Collection Set: 0.7ms
[2023-04-10T20:09:09.398+0800][9236.767s] GC(853)   Other: 0.2ms
[2023-04-10T20:09:09.398+0800][9236.767s] GC(853) Eden regions: 298->0(296)
[2023-04-10T20:09:09.398+0800][9236.767s] GC(853) Survivor regions: 9->11(39)
[2023-04-10T20:09:09.398+0800][9236.767s] GC(853) Old regions: 48->48
[2023-04-10T20:09:09.398+0800][9236.767s] GC(853) Humongous regions: 25->13
[2023-04-10T20:09:09.398+0800][9236.767s] GC(853) Metaspace: 61163K(63440K)->61163K(63440K) NonClass: 54244K(55552K)->54244K(55552K) Class: 6918K(7888K)->6918K(7888K)
[2023-04-10T20:09:09.398+0800][9236.767s] GC(853) Pause Young (Normal) (G1 Evacuation Pause) 379M->71M(512M) 2.268ms
[2023-04-10T20:09:09.398+0800][9236.767s] GC(853) User=0.00s Sys=0.00s Real=0.00s
[2023-04-10T20:09:09.764+0800][9237.132s] GC(854) Pause Young (Normal) (G1 Evacuation Pause)
[2023-04-10T20:09:09.764+0800][9237.132s] GC(854) Using 8 workers of 8 for evacuation
[2023-04-10T20:09:09.765+0800][9237.133s] GC(854)   Pre Evacuate Collection Set: 0.0ms
[2023-04-10T20:09:09.766+0800][9237.133s] GC(854)   Evacuate Collection Set: 0.8ms
[2023-04-10T20:09:09.766+0800][9237.133s] GC(854)   Post Evacuate Collection Set: 0.5ms
[2023-04-10T20:09:09.766+0800][9237.133s] GC(854)   Other: 0.2ms
[2023-04-10T20:09:09.766+0800][9237.133s] GC(854) Eden regions: 296->0(302)
[2023-04-10T20:09:09.766+0800][9237.133s] GC(854) Survivor regions: 11->5(39)
[2023-04-10T20:09:09.766+0800][9237.133s] GC(854) Old regions: 48->48
[2023-04-10T20:09:09.766+0800][9237.133s] GC(854) Humongous regions: 13->4
[2023-04-10T20:09:09.766+0800][9237.134s] GC(854) Metaspace: 61166K(63440K)->61166K(63440K) NonClass: 54248K(55552K)->54248K(55552K) Class: 6918K(7888K)->6918K(7888K)
[2023-04-10T20:09:09.766+0800][9237.134s] GC(854) Pause Young (Normal) (G1 Evacuation Pause) 367M->55M(512M) 1.781ms
[2023-04-10T20:09:09.766+0800][9237.134s] GC(854) User=0.00s Sys=0.00s Real=0.00s
[2023-04-10T20:09:09.983+0800][9237.351s] GC(855) Pause Young (Normal) (G1 Evacuation Pause)
[2023-04-10T20:09:09.983+0800][9237.351s] GC(855) Using 8 workers of 8 for evacuation
[2023-04-10T20:09:09.985+0800][9237.353s] GC(855)   Pre Evacuate Collection Set: 0.0ms
[2023-04-10T20:09:09.985+0800][9237.353s] GC(855)   Evacuate Collection Set: 1.1ms
[2023-04-10T20:09:09.985+0800][9237.353s] GC(855)   Post Evacuate Collection Set: 0.4ms
[2023-04-10T20:09:09.985+0800][9237.353s] GC(855)   Other: 0.2ms
[2023-04-10T20:09:09.985+0800][9237.353s] GC(855) Eden regions: 302->0(300)
[2023-04-10T20:09:09.985+0800][9237.353s] GC(855) Survivor regions: 5->7(39)
[2023-04-10T20:09:09.985+0800][9237.353s] GC(855) Old regions: 48->48
[2023-04-10T20:09:09.985+0800][9237.353s] GC(855) Humongous regions: 5->5
[2023-04-10T20:09:09.985+0800][9237.353s] GC(855) Metaspace: 61183K(63440K)->61183K(63440K) NonClass: 54264K(55552K)->54264K(55552K) Class: 6918K(7888K)->6918K(7888K)
[2023-04-10T20:09:09.985+0800][9237.353s] GC(855) Pause Young (Normal) (G1 Evacuation Pause) 358M->59M(512M) 1.870ms
[2023-04-10T20:09:09.985+0800][9237.353s] GC(855) User=0.00s Sys=0.00s Real=0.00s
[2023-04-10T20:09:10.201+0800][9237.569s] GC(856) Pause Young (Normal) (G1 Evacuation Pause)
[2023-04-10T20:09:10.201+0800][9237.569s] GC(856) Using 8 workers of 8 for evacuation
[2023-04-10T20:09:10.203+0800][9237.571s] GC(856)   Pre Evacuate Collection Set: 0.0ms
[2023-04-10T20:09:10.203+0800][9237.571s] GC(856)   Evacuate Collection Set: 1.1ms
[2023-04-10T20:09:10.203+0800][9237.571s] GC(856)   Post Evacuate Collection Set: 0.7ms
[2023-04-10T20:09:10.203+0800][9237.571s] GC(856)   Other: 0.2ms
[2023-04-10T20:09:10.203+0800][9237.571s] GC(856) Eden regions: 300->0(297)
[2023-04-10T20:09:10.203+0800][9237.571s] GC(856) Survivor regions: 7->10(39)
[2023-04-10T20:09:10.203+0800][9237.571s] GC(856) Old regions: 48->48
[2023-04-10T20:09:10.203+0800][9237.571s] GC(856) Humongous regions: 7->6
[2023-04-10T20:09:10.203+0800][9237.571s] GC(856) Metaspace: 61192K(63440K)->61192K(63440K) NonClass: 54273K(55552K)->54273K(55552K) Class: 6918K(7888K)->6918K(7888K)
[2023-04-10T20:09:10.203+0800][9237.571s] GC(856) Pause Young (Normal) (G1 Evacuation Pause) 361M->62M(512M) 2.147ms
[2023-04-10T20:09:10.203+0800][9237.571s] GC(856) User=0.00s Sys=0.00s Real=0.00s
[2023-04-10T20:09:10.468+0800][9237.835s] GC(857) Pause Young (Normal) (G1 Evacuation Pause)
[2023-04-10T20:09:10.468+0800][9237.836s] GC(857) Using 8 workers of 8 for evacuation
[2023-04-10T20:09:10.470+0800][9237.838s] GC(857)   Pre Evacuate Collection Set: 0.0ms
[2023-04-10T20:09:10.470+0800][9237.838s] GC(857)   Evacuate Collection Set: 1.4ms
[2023-04-10T20:09:10.470+0800][9237.838s] GC(857)   Post Evacuate Collection Set: 0.7ms
[2023-04-10T20:09:10.470+0800][9237.838s] GC(857)   Other: 0.2ms
[2023-04-10T20:09:10.470+0800][9237.838s] GC(857) Eden regions: 297->0(295)
[2023-04-10T20:09:10.470+0800][9237.838s] GC(857) Survivor regions: 10->12(39)
[2023-04-10T20:09:10.470+0800][9237.838s] GC(857) Old regions: 48->48
[2023-04-10T20:09:10.470+0800][9237.838s] GC(857) Humongous regions: 7->7
[2023-04-10T20:09:10.470+0800][9237.838s] GC(857) Metaspace: 61201K(63440K)->61201K(63440K) NonClass: 54283K(55552K)->54283K(55552K) Class: 6918K(7888K)->6918K(7888K)
[2023-04-10T20:09:10.470+0800][9237.838s] GC(857) Pause Young (Normal) (G1 Evacuation Pause) 360M->66M(512M) 2.636ms
[2023-04-10T20:09:10.470+0800][9237.838s] GC(857) User=0.00s Sys=0.00s Real=0.00s
[2023-04-10T20:09:10.744+0800][9238.113s] GC(858) Pause Young (Normal) (G1 Evacuation Pause)
[2023-04-10T20:09:10.745+0800][9238.113s] GC(858) Using 8 workers of 8 for evacuation
[2023-04-10T20:09:10.747+0800][9238.115s] GC(858)   Pre Evacuate Collection Set: 0.0ms
[2023-04-10T20:09:10.747+0800][9238.115s] GC(858)   Evacuate Collection Set: 1.3ms
[2023-04-10T20:09:10.747+0800][9238.115s] GC(858)   Post Evacuate Collection Set: 0.7ms
[2023-04-10T20:09:10.747+0800][9238.115s] GC(858)   Other: 0.2ms
[2023-04-10T20:09:10.747+0800][9238.115s] GC(858) Eden regions: 295->0(296)
[2023-04-10T20:09:10.747+0800][9238.115s] GC(858) Survivor regions: 12->11(39)
[2023-04-10T20:09:10.747+0800][9238.115s] GC(858) Old regions: 48->48
[2023-04-10T20:09:10.747+0800][9238.115s] GC(858) Humongous regions: 20->13
[2023-04-10T20:09:10.747+0800][9238.115s] GC(858) Metaspace: 61201K(63440K)->61201K(63440K) NonClass: 54283K(55552K)->54283K(55552K) Class: 6918K(7888K)->6918K(7888K)
[2023-04-10T20:09:10.747+0800][9238.115s] GC(858) Pause Young (Normal) (G1 Evacuation Pause) 374M->71M(512M) 2.358ms
[2023-04-10T20:09:10.747+0800][9238.115s] GC(858) User=0.09s Sys=0.02s Real=0.00s
[2023-04-10T20:09:11.080+0800][9238.448s] GC(859) Pause Young (Normal) (G1 Evacuation Pause)
[2023-04-10T20:09:11.080+0800][9238.448s] GC(859) Using 8 workers of 8 for evacuation
[2023-04-10T20:09:11.082+0800][9238.450s] GC(859)   Pre Evacuate Collection Set: 0.0ms
[2023-04-10T20:09:11.082+0800][9238.450s] GC(859)   Evacuate Collection Set: 1.4ms
[2023-04-10T20:09:11.082+0800][9238.450s] GC(859)   Post Evacuate Collection Set: 0.6ms
[2023-04-10T20:09:11.082+0800][9238.450s] GC(859)   Other: 0.2ms
[2023-04-10T20:09:11.082+0800][9238.450s] GC(859) Eden regions: 296->0(295)
[2023-04-10T20:09:11.082+0800][9238.450s] GC(859) Survivor regions: 11->12(39)
[2023-04-10T20:09:11.082+0800][9238.450s] GC(859) Old regions: 48->48
[2023-04-10T20:09:11.082+0800][9238.450s] GC(859) Humongous regions: 18->13
[2023-04-10T20:09:11.082+0800][9238.450s] GC(859) Metaspace: 61211K(63440K)->61211K(63440K) NonClass: 54292K(55552K)->54292K(55552K) Class: 6918K(7888K)->6918K(7888K)
[2023-04-10T20:09:11.082+0800][9238.450s] GC(859) Pause Young (Normal) (G1 Evacuation Pause) 372M->72M(512M) 2.328ms
[2023-04-10T20:09:11.082+0800][9238.450s] GC(859) User=0.00s Sys=0.00s Real=0.00s
[2023-04-10T20:09:11.352+0800][9238.720s] GC(860) Pause Young (Normal) (G1 Evacuation Pause)
[2023-04-10T20:09:11.352+0800][9238.720s] GC(860) Using 8 workers of 8 for evacuation
[2023-04-10T20:09:11.353+0800][9238.721s] GC(860)   Pre Evacuate Collection Set: 0.0ms
[2023-04-10T20:09:11.353+0800][9238.721s] GC(860)   Evacuate Collection Set: 0.5ms
[2023-04-10T20:09:11.353+0800][9238.721s] GC(860)   Post Evacuate Collection Set: 0.5ms
[2023-04-10T20:09:11.353+0800][9238.721s] GC(860)   Other: 0.1ms
[2023-04-10T20:09:11.353+0800][9238.721s] GC(860) Eden regions: 295->0(305)
[2023-04-10T20:09:11.353+0800][9238.721s] GC(860) Survivor regions: 12->2(39)
[2023-04-10T20:09:11.353+0800][9238.721s] GC(860) Old regions: 48->48
[2023-04-10T20:09:11.353+0800][9238.721s] GC(860) Humongous regions: 13->4
[2023-04-10T20:09:11.353+0800][9238.721s] GC(860) Metaspace: 61213K(63440K)->61213K(63440K) NonClass: 54295K(55552K)->54295K(55552K) Class: 6918K(7888K)->6918K(7888K)
[2023-04-10T20:09:11.353+0800][9238.721s] GC(860) Pause Young (Normal) (G1 Evacuation Pause) 367M->53M(512M) 1.327ms
[2023-04-10T20:09:11.353+0800][9238.721s] GC(860) User=0.00s Sys=0.00s Real=0.00s
[2023-04-10T20:09:11.617+0800][9238.985s] GC(861) Pause Young (Normal) (G1 Evacuation Pause)
[2023-04-10T20:09:11.617+0800][9238.985s] GC(861) Using 8 workers of 8 for evacuation
[2023-04-10T20:09:11.619+0800][9238.986s] GC(861)   Pre Evacuate Collection Set: 0.0ms
[2023-04-10T20:09:11.619+0800][9238.986s] GC(861)   Evacuate Collection Set: 0.9ms
[2023-04-10T20:09:11.619+0800][9238.986s] GC(861)   Post Evacuate Collection Set: 0.5ms
[2023-04-10T20:09:11.619+0800][9238.986s] GC(861)   Other: 0.2ms
[2023-04-10T20:09:11.619+0800][9238.986s] GC(861) Eden regions: 305->0(301)
[2023-04-10T20:09:11.619+0800][9238.987s] GC(861) Survivor regions: 2->6(39)
[2023-04-10T20:09:11.619+0800][9238.987s] GC(861) Old regions: 48->48
[2023-04-10T20:09:11.619+0800][9238.987s] GC(861) Humongous regions: 5->5
[2023-04-10T20:09:11.619+0800][9238.987s] GC(861) Metaspace: 61213K(63440K)->61213K(63440K) NonClass: 54295K(55552K)->54295K(55552K) Class: 6918K(7888K)->6918K(7888K)
[2023-04-10T20:09:11.619+0800][9238.987s] GC(861) Pause Young (Normal) (G1 Evacuation Pause) 359M->58M(512M) 1.803ms
[2023-04-10T20:09:11.619+0800][9238.987s] GC(861) User=0.00s Sys=0.00s Real=0.00s
[2023-04-10T20:09:11.863+0800][9239.231s] GC(862) Pause Young (Normal) (G1 Evacuation Pause)
[2023-04-10T20:09:11.863+0800][9239.231s] GC(862) Using 8 workers of 8 for evacuation
[2023-04-10T20:09:11.865+0800][9239.233s] GC(862)   Pre Evacuate Collection Set: 0.0ms
[2023-04-10T20:09:11.865+0800][9239.233s] GC(862)   Evacuate Collection Set: 1.1ms
[2023-04-10T20:09:11.865+0800][9239.233s] GC(862)   Post Evacuate Collection Set: 0.6ms
[2023-04-10T20:09:11.865+0800][9239.233s] GC(862)   Other: 0.2ms
[2023-04-10T20:09:11.865+0800][9239.233s] GC(862) Eden regions: 301->0(298)
[2023-04-10T20:09:11.865+0800][9239.233s] GC(862) Survivor regions: 6->9(39)
[2023-04-10T20:09:11.865+0800][9239.233s] GC(862) Old regions: 48->49
[2023-04-10T20:09:11.865+0800][9239.233s] GC(862) Humongous regions: 7->6
[2023-04-10T20:09:11.865+0800][9239.233s] GC(862) Metaspace: 61213K(63440K)->61213K(63440K) NonClass: 54295K(55552K)->54295K(55552K) Class: 6918K(7888K)->6918K(7888K)
[2023-04-10T20:09:11.866+0800][9239.233s] GC(862) Pause Young (Normal) (G1 Evacuation Pause) 361M->62M(512M) 2.121ms
[2023-04-10T20:09:11.866+0800][9239.233s] GC(862) User=0.00s Sys=0.00s Real=0.00s
[2023-04-10T20:09:12.157+0800][9239.525s] GC(863) Pause Young (Normal) (G1 Evacuation Pause)
[2023-04-10T20:09:12.157+0800][9239.525s] GC(863) Using 8 workers of 8 for evacuation
[2023-04-10T20:09:12.159+0800][9239.528s] GC(863)   Pre Evacuate Collection Set: 0.0ms
[2023-04-10T20:09:12.159+0800][9239.528s] GC(863)   Evacuate Collection Set: 1.4ms
[2023-04-10T20:09:12.159+0800][9239.528s] GC(863)   Post Evacuate Collection Set: 0.7ms
[2023-04-10T20:09:12.159+0800][9239.528s] GC(863)   Other: 0.2ms
[2023-04-10T20:09:12.159+0800][9239.528s] GC(863) Eden regions: 298->0(295)
[2023-04-10T20:09:12.159+0800][9239.528s] GC(863) Survivor regions: 9->12(39)
[2023-04-10T20:09:12.159+0800][9239.528s] GC(863) Old regions: 49->49
[2023-04-10T20:09:12.159+0800][9239.528s] GC(863) Humongous regions: 7->7
[2023-04-10T20:09:12.159+0800][9239.528s] GC(863) Metaspace: 61217K(63440K)->61217K(63440K) NonClass: 54298K(55552K)->54298K(55552K) Class: 6918K(7888K)->6918K(7888K)
[2023-04-10T20:09:12.159+0800][9239.528s] GC(863) Pause Young (Normal) (G1 Evacuation Pause) 361M->66M(512M) 2.460ms
[2023-04-10T20:09:12.160+0800][9239.528s] GC(863) User=0.00s Sys=0.00s Real=0.00s
[2023-04-10T20:09:12.431+0800][9239.799s] GC(864) Pause Young (Normal) (G1 Evacuation Pause)
[2023-04-10T20:09:12.431+0800][9239.799s] GC(864) Using 8 workers of 8 for evacuation
[2023-04-10T20:09:12.433+0800][9239.801s] GC(864)   Pre Evacuate Collection Set: 0.0ms
[2023-04-10T20:09:12.433+0800][9239.801s] GC(864)   Evacuate Collection Set: 1.5ms
[2023-04-10T20:09:12.433+0800][9239.801s] GC(864)   Post Evacuate Collection Set: 0.8ms
[2023-04-10T20:09:12.433+0800][9239.801s] GC(864)   Other: 0.2ms
[2023-04-10T20:09:12.433+0800][9239.801s] GC(864) Eden regions: 295->0(295)
[2023-04-10T20:09:12.433+0800][9239.802s] GC(864) Survivor regions: 12->12(39)
[2023-04-10T20:09:12.433+0800][9239.802s] GC(864) Old regions: 49->49
[2023-04-10T20:09:12.433+0800][9239.802s] GC(864) Humongous regions: 20->13
[2023-04-10T20:09:12.433+0800][9239.802s] GC(864) Metaspace: 61227K(63440K)->61227K(63440K) NonClass: 54308K(55552K)->54308K(55552K) Class: 6918K(7888K)->6918K(7888K)
[2023-04-10T20:09:12.434+0800][9239.802s] GC(864) Pause Young (Normal) (G1 Evacuation Pause) 374M->72M(512M) 2.750ms
[2023-04-10T20:09:12.434+0800][9239.802s] GC(864) User=0.02s Sys=0.00s Real=0.00s
[2023-04-10T20:09:12.854+0800][9240.223s] GC(865) Pause Young (Normal) (G1 Evacuation Pause)
[2023-04-10T20:09:12.854+0800][9240.223s] GC(865) Using 8 workers of 8 for evacuation
[2023-04-10T20:09:12.856+0800][9240.224s] GC(865)   Pre Evacuate Collection Set: 0.0ms
[2023-04-10T20:09:12.856+0800][9240.224s] GC(865)   Evacuate Collection Set: 1.3ms
[2023-04-10T20:09:12.856+0800][9240.225s] GC(865)   Post Evacuate Collection Set: 0.5ms
[2023-04-10T20:09:12.856+0800][9240.225s] GC(865)   Other: 0.1ms
[2023-04-10T20:09:12.856+0800][9240.225s] GC(865) Eden regions: 295->0(296)
[2023-04-10T20:09:12.856+0800][9240.225s] GC(865) Survivor regions: 12->11(39)
[2023-04-10T20:09:12.856+0800][9240.225s] GC(865) Old regions: 49->49
[2023-04-10T20:09:12.856+0800][9240.225s] GC(865) Humongous regions: 18->13
[2023-04-10T20:09:12.857+0800][9240.225s] GC(865) Metaspace: 61231K(63440K)->61231K(63440K) NonClass: 54313K(55552K)->54313K(55552K) Class: 6918K(7888K)->6918K(7888K)
[2023-04-10T20:09:12.857+0800][9240.225s] GC(865) Pause Young (Normal) (G1 Evacuation Pause) 372M->71M(512M) 2.125ms
[2023-04-10T20:09:12.857+0800][9240.225s] GC(865) User=0.02s Sys=0.00s Real=0.00s
[2023-04-10T20:09:13.319+0800][9240.687s] GC(866) Pause Young (Normal) (G1 Evacuation Pause)
[2023-04-10T20:09:13.319+0800][9240.687s] GC(866) Using 8 workers of 8 for evacuation
[2023-04-10T20:09:13.321+0800][9240.689s] GC(866)   Pre Evacuate Collection Set: 0.0ms
[2023-04-10T20:09:13.321+0800][9240.689s] GC(866)   Evacuate Collection Set: 0.7ms
[2023-04-10T20:09:13.321+0800][9240.689s] GC(866)   Post Evacuate Collection Set: 0.6ms
[2023-04-10T20:09:13.321+0800][9240.689s] GC(866)   Other: 0.1ms
[2023-04-10T20:09:13.321+0800][9240.689s] GC(866) Eden regions: 296->0(302)
[2023-04-10T20:09:13.321+0800][9240.689s] GC(866) Survivor regions: 11->5(39)
[2023-04-10T20:09:13.321+0800][9240.689s] GC(866) Old regions: 49->49
[2023-04-10T20:09:13.321+0800][9240.689s] GC(866) Humongous regions: 14->5
[2023-04-10T20:09:13.321+0800][9240.689s] GC(866) Metaspace: 61232K(63440K)->61232K(63440K) NonClass: 54313K(55552K)->54313K(55552K) Class: 6918K(7888K)->6918K(7888K)
[2023-04-10T20:09:13.321+0800][9240.689s] GC(866) Pause Young (Normal) (G1 Evacuation Pause) 368M->57M(512M) 1.635ms
[2023-04-10T20:09:13.321+0800][9240.689s] GC(866) User=0.00s Sys=0.00s Real=0.00s
[2023-04-10T20:09:13.726+0800][9241.093s] GC(867) Pause Young (Normal) (G1 Evacuation Pause)
[2023-04-10T20:09:13.726+0800][9241.093s] GC(867) Using 8 workers of 8 for evacuation
[2023-04-10T20:09:13.728+0800][9241.095s] GC(867)   Pre Evacuate Collection Set: 0.0ms
[2023-04-10T20:09:13.728+0800][9241.095s] GC(867)   Evacuate Collection Set: 1.2ms
[2023-04-10T20:09:13.728+0800][9241.096s] GC(867)   Post Evacuate Collection Set: 0.7ms
[2023-04-10T20:09:13.728+0800][9241.096s] GC(867)   Other: 0.2ms
[2023-04-10T20:09:13.728+0800][9241.096s] GC(867) Eden regions: 302->0(295)
[2023-04-10T20:09:13.728+0800][9241.096s] GC(867) Survivor regions: 5->12(39)
[2023-04-10T20:09:13.728+0800][9241.096s] GC(867) Old regions: 49->49
[2023-04-10T20:09:13.728+0800][9241.096s] GC(867) Humongous regions: 7->6
[2023-04-10T20:09:13.728+0800][9241.096s] GC(867) Metaspace: 61244K(63440K)->61244K(63440K) NonClass: 54325K(55552K)->54325K(55552K) Class: 6918K(7888K)->6918K(7888K)
[2023-04-10T20:09:13.728+0800][9241.096s] GC(867) Pause Young (Normal) (G1 Evacuation Pause) 361M->65M(512M) 2.295ms
[2023-04-10T20:09:13.728+0800][9241.096s] GC(867) User=0.00s Sys=0.00s Real=0.00s
[2023-04-10T20:09:14.229+0800][9241.597s] GC(868) Pause Young (Normal) (G1 Evacuation Pause)
[2023-04-10T20:09:14.229+0800][9241.597s] GC(868) Using 8 workers of 8 for evacuation
[2023-04-10T20:09:14.231+0800][9241.599s] GC(868)   Pre Evacuate Collection Set: 0.0ms
[2023-04-10T20:09:14.231+0800][9241.599s] GC(868)   Evacuate Collection Set: 1.3ms
[2023-04-10T20:09:14.231+0800][9241.599s] GC(868)   Post Evacuate Collection Set: 0.6ms
[2023-04-10T20:09:14.231+0800][9241.599s] GC(868)   Other: 0.2ms
[2023-04-10T20:09:14.231+0800][9241.599s] GC(868) Eden regions: 295->0(297)
[2023-04-10T20:09:14.231+0800][9241.599s] GC(868) Survivor regions: 12->10(39)
[2023-04-10T20:09:14.231+0800][9241.599s] GC(868) Old regions: 49->49
[2023-04-10T20:09:14.232+0800][9241.599s] GC(868) Humongous regions: 26->13
[2023-04-10T20:09:14.232+0800][9241.599s] GC(868) Metaspace: 61255K(63440K)->61255K(63440K) NonClass: 54336K(55552K)->54336K(55552K) Class: 6918K(7888K)->6918K(7888K)
[2023-04-10T20:09:14.232+0800][9241.599s] GC(868) Pause Young (Normal) (G1 Evacuation Pause) 380M->70M(512M) 2.419ms
[2023-04-10T20:09:14.232+0800][9241.599s] GC(868) User=0.11s Sys=0.00s Real=0.00s
[2023-04-10T20:09:14.805+0800][9242.173s] GC(869) Pause Young (Normal) (G1 Evacuation Pause)
[2023-04-10T20:09:14.805+0800][9242.173s] GC(869) Using 8 workers of 8 for evacuation
[2023-04-10T20:09:14.806+0800][9242.174s] GC(869)   Pre Evacuate Collection Set: 0.0ms
[2023-04-10T20:09:14.806+0800][9242.174s] GC(869)   Evacuate Collection Set: 0.5ms
[2023-04-10T20:09:14.806+0800][9242.174s] GC(869)   Post Evacuate Collection Set: 0.7ms
[2023-04-10T20:09:14.807+0800][9242.174s] GC(869)   Other: 0.2ms
[2023-04-10T20:09:14.807+0800][9242.174s] GC(869) Eden regions: 297->0(304)
[2023-04-10T20:09:14.807+0800][9242.174s] GC(869) Survivor regions: 10->3(39)
[2023-04-10T20:09:14.807+0800][9242.174s] GC(869) Old regions: 49->49
[2023-04-10T20:09:14.807+0800][9242.174s] GC(869) Humongous regions: 13->4
[2023-04-10T20:09:14.807+0800][9242.174s] GC(869) Metaspace: 61261K(63440K)->61261K(63440K) NonClass: 54343K(55552K)->54343K(55552K) Class: 6918K(7888K)->6918K(7888K)
[2023-04-10T20:09:14.807+0800][9242.174s] GC(869) Pause Young (Normal) (G1 Evacuation Pause) 367M->54M(512M) 1.568ms
[2023-04-10T20:09:14.807+0800][9242.174s] GC(869) User=0.00s Sys=0.00s Real=0.00s
[2023-04-10T20:09:15.271+0800][9242.639s] GC(870) Pause Young (Normal) (G1 Evacuation Pause)
[2023-04-10T20:09:15.271+0800][9242.639s] GC(870) Using 8 workers of 8 for evacuation
[2023-04-10T20:09:15.273+0800][9242.640s] GC(870)   Pre Evacuate Collection Set: 0.0ms
[2023-04-10T20:09:15.273+0800][9242.641s] GC(870)   Evacuate Collection Set: 1.2ms
[2023-04-10T20:09:15.273+0800][9242.641s] GC(870)   Post Evacuate Collection Set: 0.5ms
[2023-04-10T20:09:15.273+0800][9242.641s] GC(870)   Other: 0.2ms
[2023-04-10T20:09:15.273+0800][9242.641s] GC(870) Eden regions: 304->0(299)
[2023-04-10T20:09:15.273+0800][9242.641s] GC(870) Survivor regions: 3->8(39)
[2023-04-10T20:09:15.273+0800][9242.641s] GC(870) Old regions: 49->49
[2023-04-10T20:09:15.273+0800][9242.641s] GC(870) Humongous regions: 7->6
[2023-04-10T20:09:15.273+0800][9242.641s] GC(870) Metaspace: 61452K(63440K)->61452K(63440K) NonClass: 54491K(55552K)->54491K(55552K) Class: 6961K(7888K)->6961K(7888K)
[2023-04-10T20:09:15.273+0800][9242.641s] GC(870) Pause Young (Normal) (G1 Evacuation Pause) 361M->61M(512M) 2.168ms
[2023-04-10T20:09:15.273+0800][9242.641s] GC(870) User=0.00s Sys=0.00s Real=0.00s
[2023-04-10T20:09:15.718+0800][9243.086s] GC(871) Pause Young (Normal) (G1 Evacuation Pause)
[2023-04-10T20:09:15.718+0800][9243.086s] GC(871) Using 8 workers of 8 for evacuation
[2023-04-10T20:09:15.721+0800][9243.089s] GC(871)   Pre Evacuate Collection Set: 0.0ms
[2023-04-10T20:09:15.721+0800][9243.089s] GC(871)   Evacuate Collection Set: 1.4ms
[2023-04-10T20:09:15.721+0800][9243.089s] GC(871)   Post Evacuate Collection Set: 0.7ms
[2023-04-10T20:09:15.721+0800][9243.089s] GC(871)   Other: 0.3ms
[2023-04-10T20:09:15.721+0800][9243.089s] GC(871) Eden regions: 299->0(297)
[2023-04-10T20:09:15.721+0800][9243.089s] GC(871) Survivor regions: 8->10(39)
[2023-04-10T20:09:15.721+0800][9243.089s] GC(871) Old regions: 49->49
[2023-04-10T20:09:15.721+0800][9243.089s] GC(871) Humongous regions: 12->12
[2023-04-10T20:09:15.721+0800][9243.089s] GC(871) Metaspace: 61463K(63696K)->61463K(63696K) NonClass: 54501K(55808K)->54501K(55808K) Class: 6961K(7888K)->6961K(7888K)
[2023-04-10T20:09:15.721+0800][9243.089s] GC(871) Pause Young (Normal) (G1 Evacuation Pause) 366M->69M(512M) 2.603ms
[2023-04-10T20:09:15.721+0800][9243.089s] GC(871) User=0.00s Sys=0.00s Real=0.00s
[2023-04-10T20:09:16.270+0800][9243.639s] GC(872) Pause Young (Normal) (G1 Evacuation Pause)
[2023-04-10T20:09:16.270+0800][9243.639s] GC(872) Using 8 workers of 8 for evacuation
[2023-04-10T20:09:16.273+0800][9243.641s] GC(872)   Pre Evacuate Collection Set: 0.0ms
[2023-04-10T20:09:16.273+0800][9243.641s] GC(872)   Evacuate Collection Set: 1.3ms
[2023-04-10T20:09:16.273+0800][9243.641s] GC(872)   Post Evacuate Collection Set: 0.8ms
[2023-04-10T20:09:16.273+0800][9243.641s] GC(872)   Other: 0.2ms
[2023-04-10T20:09:16.273+0800][9243.641s] GC(872) Eden regions: 297->0(296)
[2023-04-10T20:09:16.273+0800][9243.641s] GC(872) Survivor regions: 10->11(39)
[2023-04-10T20:09:16.273+0800][9243.641s] GC(872) Old regions: 49->49
[2023-04-10T20:09:16.273+0800][9243.641s] GC(872) Humongous regions: 25->13
[2023-04-10T20:09:16.273+0800][9243.641s] GC(872) Metaspace: 61463K(63696K)->61463K(63696K) NonClass: 54501K(55808K)->54501K(55808K) Class: 6961K(7888K)->6961K(7888K)
[2023-04-10T20:09:16.273+0800][9243.641s] GC(872) Pause Young (Normal) (G1 Evacuation Pause) 379M->71M(512M) 2.479ms
[2023-04-10T20:09:16.273+0800][9243.641s] GC(872) User=0.00s Sys=0.00s Real=0.00s
[2023-04-10T20:09:16.761+0800][9244.129s] GC(873) Pause Young (Normal) (G1 Evacuation Pause)
[2023-04-10T20:09:16.761+0800][9244.129s] GC(873) Using 8 workers of 8 for evacuation
[2023-04-10T20:09:16.762+0800][9244.130s] GC(873)   Pre Evacuate Collection Set: 0.0ms
[2023-04-10T20:09:16.762+0800][9244.130s] GC(873)   Evacuate Collection Set: 0.8ms
[2023-04-10T20:09:16.762+0800][9244.130s] GC(873)   Post Evacuate Collection Set: 0.6ms
[2023-04-10T20:09:16.762+0800][9244.130s] GC(873)   Other: 0.2ms
[2023-04-10T20:09:16.763+0800][9244.130s] GC(873) Eden regions: 296->0(301)
[2023-04-10T20:09:16.763+0800][9244.130s] GC(873) Survivor regions: 11->6(39)
[2023-04-10T20:09:16.763+0800][9244.130s] GC(873) Old regions: 49->49
[2023-04-10T20:09:16.763+0800][9244.130s] GC(873) Humongous regions: 14->5
[2023-04-10T20:09:16.763+0800][9244.130s] GC(873) Metaspace: 61464K(63696K)->61464K(63696K) NonClass: 54502K(55808K)->54502K(55808K) Class: 6961K(7888K)->6961K(7888K)
[2023-04-10T20:09:16.763+0800][9244.130s] GC(873) Pause Young (Normal) (G1 Evacuation Pause) 368M->58M(512M) 1.743ms
[2023-04-10T20:09:16.763+0800][9244.130s] GC(873) User=0.12s Sys=0.00s Real=0.00s
[2023-04-10T20:09:17.197+0800][9244.565s] GC(874) Pause Young (Normal) (G1 Evacuation Pause)
[2023-04-10T20:09:17.197+0800][9244.565s] GC(874) Using 8 workers of 8 for evacuation
[2023-04-10T20:09:17.199+0800][9244.567s] GC(874)   Pre Evacuate Collection Set: 0.0ms
[2023-04-10T20:09:17.199+0800][9244.567s] GC(874)   Evacuate Collection Set: 1.3ms
[2023-04-10T20:09:17.199+0800][9244.567s] GC(874)   Post Evacuate Collection Set: 0.7ms
[2023-04-10T20:09:17.199+0800][9244.567s] GC(874)   Other: 0.2ms
[2023-04-10T20:09:17.199+0800][9244.567s] GC(874) Eden regions: 301->0(296)
[2023-04-10T20:09:17.199+0800][9244.567s] GC(874) Survivor regions: 6->11(39)
[2023-04-10T20:09:17.199+0800][9244.567s] GC(874) Old regions: 49->49
[2023-04-10T20:09:17.199+0800][9244.567s] GC(874) Humongous regions: 8->7
[2023-04-10T20:09:17.199+0800][9244.567s] GC(874) Metaspace: 61469K(63696K)->61469K(63696K) NonClass: 54508K(55808K)->54508K(55808K) Class: 6961K(7888K)->6961K(7888K)
[2023-04-10T20:09:17.199+0800][9244.567s] GC(874) Pause Young (Normal) (G1 Evacuation Pause) 362M->65M(512M) 2.394ms
[2023-04-10T20:09:17.199+0800][9244.567s] GC(874) User=0.00s Sys=0.02s Real=0.00s
[2023-04-10T20:09:17.743+0800][9245.111s] GC(875) Pause Young (Normal) (G1 Evacuation Pause)
[2023-04-10T20:09:17.743+0800][9245.111s] GC(875) Using 8 workers of 8 for evacuation
[2023-04-10T20:09:17.745+0800][9245.113s] GC(875)   Pre Evacuate Collection Set: 0.0ms
[2023-04-10T20:09:17.745+0800][9245.113s] GC(875)   Evacuate Collection Set: 1.3ms
[2023-04-10T20:09:17.745+0800][9245.113s] GC(875)   Post Evacuate Collection Set: 0.6ms
[2023-04-10T20:09:17.745+0800][9245.113s] GC(875)   Other: 0.2ms
[2023-04-10T20:09:17.745+0800][9245.113s] GC(875) Eden regions: 296->0(297)
[2023-04-10T20:09:17.745+0800][9245.113s] GC(875) Survivor regions: 11->10(39)
[2023-04-10T20:09:17.745+0800][9245.113s] GC(875) Old regions: 49->49
[2023-04-10T20:09:17.745+0800][9245.113s] GC(875) Humongous regions: 25->13
[2023-04-10T20:09:17.745+0800][9245.113s] GC(875) Metaspace: 61475K(63696K)->61475K(63696K) NonClass: 54513K(55808K)->54513K(55808K) Class: 6961K(7888K)->6961K(7888K)
[2023-04-10T20:09:17.745+0800][9245.113s] GC(875) Pause Young (Normal) (G1 Evacuation Pause) 379M->71M(512M) 2.462ms
[2023-04-10T20:09:17.745+0800][9245.113s] GC(875) User=0.00s Sys=0.00s Real=0.00s
[2023-04-10T20:09:18.192+0800][9245.561s] GC(876) Pause Young (Normal) (G1 Evacuation Pause)
[2023-04-10T20:09:18.193+0800][9245.561s] GC(876) Using 8 workers of 8 for evacuation
[2023-04-10T20:09:18.194+0800][9245.562s] GC(876)   Pre Evacuate Collection Set: 0.0ms
[2023-04-10T20:09:18.194+0800][9245.563s] GC(876)   Evacuate Collection Set: 0.6ms
[2023-04-10T20:09:18.194+0800][9245.563s] GC(876)   Post Evacuate Collection Set: 0.6ms
[2023-04-10T20:09:18.194+0800][9245.563s] GC(876)   Other: 0.2ms
[2023-04-10T20:09:18.194+0800][9245.563s] GC(876) Eden regions: 297->0(303)
[2023-04-10T20:09:18.194+0800][9245.563s] GC(876) Survivor regions: 10->4(39)
[2023-04-10T20:09:18.194+0800][9245.563s] GC(876) Old regions: 49->49
[2023-04-10T20:09:18.194+0800][9245.563s] GC(876) Humongous regions: 14->5
[2023-04-10T20:09:18.194+0800][9245.563s] GC(876) Metaspace: 61490K(63696K)->61490K(63696K) NonClass: 54529K(55808K)->54529K(55808K) Class: 6961K(7888K)->6961K(7888K)
[2023-04-10T20:09:18.194+0800][9245.563s] GC(876) Pause Young (Normal) (G1 Evacuation Pause) 369M->56M(512M) 1.632ms
[2023-04-10T20:09:18.194+0800][9245.563s] GC(876) User=0.00s Sys=0.00s Real=0.00s
[2023-04-10T20:09:18.629+0800][9245.997s] GC(877) Pause Young (Normal) (G1 Evacuation Pause)
[2023-04-10T20:09:18.629+0800][9245.997s] GC(877) Using 8 workers of 8 for evacuation
[2023-04-10T20:09:18.631+0800][9245.999s] GC(877)   Pre Evacuate Collection Set: 0.0ms
[2023-04-10T20:09:18.631+0800][9245.999s] GC(877)   Evacuate Collection Set: 1.1ms
[2023-04-10T20:09:18.631+0800][9245.999s] GC(877)   Post Evacuate Collection Set: 0.8ms
[2023-04-10T20:09:18.631+0800][9245.999s] GC(877)   Other: 0.2ms
[2023-04-10T20:09:18.631+0800][9245.999s] GC(877) Eden regions: 303->0(297)
[2023-04-10T20:09:18.631+0800][9245.999s] GC(877) Survivor regions: 4->10(39)
[2023-04-10T20:09:18.631+0800][9245.999s] GC(877) Old regions: 49->49
[2023-04-10T20:09:18.631+0800][9245.999s] GC(877) Humongous regions: 7->6
[2023-04-10T20:09:18.631+0800][9245.999s] GC(877) Metaspace: 61490K(63696K)->61490K(63696K) NonClass: 54529K(55808K)->54529K(55808K) Class: 6961K(7888K)->6961K(7888K)
[2023-04-10T20:09:18.631+0800][9245.999s] GC(877) Pause Young (Normal) (G1 Evacuation Pause) 361M->63M(512M) 2.236ms
[2023-04-10T20:09:18.631+0800][9245.999s] GC(877) User=0.00s Sys=0.00s Real=0.00s
[2023-04-10T20:09:19.043+0800][9246.410s] GC(878) Pause Young (Normal) (G1 Evacuation Pause)
[2023-04-10T20:09:19.043+0800][9246.410s] GC(878) Using 8 workers of 8 for evacuation
[2023-04-10T20:09:19.045+0800][9246.412s] GC(878)   Pre Evacuate Collection Set: 0.0ms
[2023-04-10T20:09:19.045+0800][9246.413s] GC(878)   Evacuate Collection Set: 1.3ms
[2023-04-10T20:09:19.045+0800][9246.413s] GC(878)   Post Evacuate Collection Set: 0.6ms
[2023-04-10T20:09:19.045+0800][9246.413s] GC(878)   Other: 0.2ms
[2023-04-10T20:09:19.045+0800][9246.413s] GC(878) Eden regions: 297->0(296)
[2023-04-10T20:09:19.045+0800][9246.413s] GC(878) Survivor regions: 10->11(39)
[2023-04-10T20:09:19.045+0800][9246.413s] GC(878) Old regions: 49->49
[2023-04-10T20:09:19.045+0800][9246.413s] GC(878) Humongous regions: 25->13
[2023-04-10T20:09:19.045+0800][9246.413s] GC(878) Metaspace: 61490K(63696K)->61490K(63696K) NonClass: 54529K(55808K)->54529K(55808K) Class: 6961K(7888K)->6961K(7888K)
[2023-04-10T20:09:19.045+0800][9246.413s] GC(878) Pause Young (Normal) (G1 Evacuation Pause) 379M->72M(512M) 2.282ms
[2023-04-10T20:09:19.045+0800][9246.413s] GC(878) User=0.00s Sys=0.00s Real=0.00s
[2023-04-10T20:09:19.628+0800][9246.996s] GC(879) Pause Young (Normal) (G1 Evacuation Pause)
[2023-04-10T20:09:19.628+0800][9246.997s] GC(879) Using 8 workers of 8 for evacuation
[2023-04-10T20:09:19.629+0800][9246.998s] GC(879)   Pre Evacuate Collection Set: 0.0ms
[2023-04-10T20:09:19.629+0800][9246.998s] GC(879)   Evacuate Collection Set: 0.5ms
[2023-04-10T20:09:19.629+0800][9246.998s] GC(879)   Post Evacuate Collection Set: 0.6ms
[2023-04-10T20:09:19.629+0800][9246.998s] GC(879)   Other: 0.2ms
[2023-04-10T20:09:19.629+0800][9246.998s] GC(879) Eden regions: 296->0(305)
[2023-04-10T20:09:19.629+0800][9246.998s] GC(879) Survivor regions: 11->2(39)
[2023-04-10T20:09:19.629+0800][9246.998s] GC(879) Old regions: 49->49
[2023-04-10T20:09:19.629+0800][9246.998s] GC(879) Humongous regions: 13->4
[2023-04-10T20:09:19.629+0800][9246.998s] GC(879) Metaspace: 61508K(63696K)->61508K(63696K) NonClass: 54546K(55808K)->54546K(55808K) Class: 6961K(7888K)->6961K(7888K)
[2023-04-10T20:09:19.629+0800][9246.998s] GC(879) Pause Young (Normal) (G1 Evacuation Pause) 368M->53M(512M) 1.485ms
[2023-04-10T20:09:19.630+0800][9246.998s] GC(879) User=0.00s Sys=0.00s Real=0.00s
[2023-04-10T20:09:20.077+0800][9247.444s] GC(880) Pause Young (Normal) (G1 Evacuation Pause)
[2023-04-10T20:09:20.077+0800][9247.445s] GC(880) Using 8 workers of 8 for evacuation
[2023-04-10T20:09:20.078+0800][9247.446s] GC(880)   Pre Evacuate Collection Set: 0.0ms
[2023-04-10T20:09:20.078+0800][9247.446s] GC(880)   Evacuate Collection Set: 1.0ms
[2023-04-10T20:09:20.078+0800][9247.446s] GC(880)   Post Evacuate Collection Set: 0.7ms
[2023-04-10T20:09:20.078+0800][9247.446s] GC(880)   Other: 0.2ms
[2023-04-10T20:09:20.079+0800][9247.446s] GC(880) Eden regions: 305->0(299)
[2023-04-10T20:09:20.079+0800][9247.446s] GC(880) Survivor regions: 2->8(39)
[2023-04-10T20:09:20.079+0800][9247.447s] GC(880) Old regions: 49->49
[2023-04-10T20:09:20.079+0800][9247.447s] GC(880) Humongous regions: 7->6
[2023-04-10T20:09:20.079+0800][9247.447s] GC(880) Metaspace: 61510K(63696K)->61510K(63696K) NonClass: 54548K(55808K)->54548K(55808K) Class: 6961K(7888K)->6961K(7888K)
[2023-04-10T20:09:20.079+0800][9247.447s] GC(880) Pause Young (Normal) (G1 Evacuation Pause) 361M->61M(512M) 2.123ms
[2023-04-10T20:09:20.079+0800][9247.447s] GC(880) User=0.00s Sys=0.00s Real=0.00s
[2023-04-10T20:09:20.512+0800][9247.880s] GC(881) Pause Young (Normal) (G1 Evacuation Pause)
[2023-04-10T20:09:20.512+0800][9247.880s] GC(881) Using 8 workers of 8 for evacuation
[2023-04-10T20:09:20.514+0800][9247.881s] GC(881)   Pre Evacuate Collection Set: 0.0ms
[2023-04-10T20:09:20.514+0800][9247.882s] GC(881)   Evacuate Collection Set: 1.2ms
[2023-04-10T20:09:20.514+0800][9247.882s] GC(881)   Post Evacuate Collection Set: 0.6ms
[2023-04-10T20:09:20.514+0800][9247.882s] GC(881)   Other: 0.2ms
[2023-04-10T20:09:20.514+0800][9247.882s] GC(881) Eden regions: 299->0(297)
[2023-04-10T20:09:20.514+0800][9247.882s] GC(881) Survivor regions: 8->10(39)
[2023-04-10T20:09:20.514+0800][9247.882s] GC(881) Old regions: 49->49
[2023-04-10T20:09:20.514+0800][9247.882s] GC(881) Humongous regions: 20->13
[2023-04-10T20:09:20.514+0800][9247.882s] GC(881) Metaspace: 61510K(63696K)->61510K(63696K) NonClass: 54548K(55808K)->54548K(55808K) Class: 6961K(7888K)->6961K(7888K)
[2023-04-10T20:09:20.514+0800][9247.882s] GC(881) Pause Young (Normal) (G1 Evacuation Pause) 374M->70M(512M) 2.100ms
[2023-04-10T20:09:20.514+0800][9247.882s] GC(881) User=0.00s Sys=0.00s Real=0.00s
[2023-04-10T20:09:20.995+0800][9248.363s] GC(882) Pause Young (Normal) (G1 Evacuation Pause)
[2023-04-10T20:09:20.995+0800][9248.363s] GC(882) Using 8 workers of 8 for evacuation
[2023-04-10T20:09:20.998+0800][9248.366s] GC(882)   Pre Evacuate Collection Set: 0.0ms
[2023-04-10T20:09:20.998+0800][9248.366s] GC(882)   Evacuate Collection Set: 1.5ms
[2023-04-10T20:09:20.998+0800][9248.366s] GC(882)   Post Evacuate Collection Set: 0.7ms
[2023-04-10T20:09:20.998+0800][9248.366s] GC(882)   Other: 0.2ms
[2023-04-10T20:09:20.998+0800][9248.366s] GC(882) Eden regions: 297->0(296)
[2023-04-10T20:09:20.998+0800][9248.366s] GC(882) Survivor regions: 10->11(39)
[2023-04-10T20:09:20.998+0800][9248.366s] GC(882) Old regions: 49->49
[2023-04-10T20:09:20.998+0800][9248.366s] GC(882) Humongous regions: 18->13
[2023-04-10T20:09:20.998+0800][9248.366s] GC(882) Metaspace: 61510K(63696K)->61510K(63696K) NonClass: 54548K(55808K)->54548K(55808K) Class: 6961K(7888K)->6961K(7888K)
[2023-04-10T20:09:20.998+0800][9248.366s] GC(882) Pause Young (Normal) (G1 Evacuation Pause) 372M->71M(512M) 2.604ms
[2023-04-10T20:09:20.998+0800][9248.366s] GC(882) User=0.11s Sys=0.00s Real=0.00s
[2023-04-10T20:09:21.483+0800][9248.850s] GC(883) Pause Young (Normal) (G1 Evacuation Pause)
[2023-04-10T20:09:21.483+0800][9248.851s] GC(883) Using 8 workers of 8 for evacuation
[2023-04-10T20:09:21.484+0800][9248.852s] GC(883)   Pre Evacuate Collection Set: 0.0ms
[2023-04-10T20:09:21.484+0800][9248.852s] GC(883)   Evacuate Collection Set: 0.8ms
[2023-04-10T20:09:21.484+0800][9248.852s] GC(883)   Post Evacuate Collection Set: 0.6ms
[2023-04-10T20:09:21.484+0800][9248.852s] GC(883)   Other: 0.2ms
[2023-04-10T20:09:21.484+0800][9248.852s] GC(883) Eden regions: 296->0(301)
[2023-04-10T20:09:21.484+0800][9248.852s] GC(883) Survivor regions: 11->6(39)
[2023-04-10T20:09:21.484+0800][9248.852s] GC(883) Old regions: 49->49
[2023-04-10T20:09:21.484+0800][9248.852s] GC(883) Humongous regions: 14->5
[2023-04-10T20:09:21.484+0800][9248.852s] GC(883) Metaspace: 61512K(63696K)->61512K(63696K) NonClass: 54550K(55808K)->54550K(55808K) Class: 6961K(7888K)->6961K(7888K)
[2023-04-10T20:09:21.484+0800][9248.852s] GC(883) Pause Young (Normal) (G1 Evacuation Pause) 368M->58M(512M) 1.874ms
[2023-04-10T20:09:21.484+0800][9248.852s] GC(883) User=0.00s Sys=0.00s Real=0.00s
[2023-04-10T20:09:21.921+0800][9249.289s] GC(884) Pause Young (Normal) (G1 Evacuation Pause)
[2023-04-10T20:09:21.921+0800][9249.289s] GC(884) Using 8 workers of 8 for evacuation
[2023-04-10T20:09:21.923+0800][9249.291s] GC(884)   Pre Evacuate Collection Set: 0.0ms
[2023-04-10T20:09:21.923+0800][9249.292s] GC(884)   Evacuate Collection Set: 1.2ms
[2023-04-10T20:09:21.923+0800][9249.292s] GC(884)   Post Evacuate Collection Set: 0.7ms
[2023-04-10T20:09:21.923+0800][9249.292s] GC(884)   Other: 0.2ms
[2023-04-10T20:09:21.923+0800][9249.292s] GC(884) Eden regions: 301->0(295)
[2023-04-10T20:09:21.923+0800][9249.292s] GC(884) Survivor regions: 6->12(39)
[2023-04-10T20:09:21.923+0800][9249.292s] GC(884) Old regions: 49->49
[2023-04-10T20:09:21.923+0800][9249.292s] GC(884) Humongous regions: 8->7
[2023-04-10T20:09:21.923+0800][9249.292s] GC(884) Metaspace: 61521K(63696K)->61521K(63696K) NonClass: 54559K(55808K)->54559K(55808K) Class: 6961K(7888K)->6961K(7888K)
[2023-04-10T20:09:21.923+0800][9249.292s] GC(884) Pause Young (Normal) (G1 Evacuation Pause) 362M->66M(512M) 2.254ms
[2023-04-10T20:09:21.923+0800][9249.292s] GC(884) User=0.00s Sys=0.00s Real=0.00s
[2023-04-10T20:09:22.481+0800][9249.848s] GC(885) Pause Young (Normal) (G1 Evacuation Pause)
[2023-04-10T20:09:22.481+0800][9249.848s] GC(885) Using 8 workers of 8 for evacuation
[2023-04-10T20:09:22.483+0800][9249.850s] GC(885)   Pre Evacuate Collection Set: 0.0ms
[2023-04-10T20:09:22.483+0800][9249.851s] GC(885)   Evacuate Collection Set: 1.3ms
[2023-04-10T20:09:22.483+0800][9249.851s] GC(885)   Post Evacuate Collection Set: 0.7ms
[2023-04-10T20:09:22.483+0800][9249.851s] GC(885)   Other: 0.2ms
[2023-04-10T20:09:22.483+0800][9249.851s] GC(885) Eden regions: 295->0(296)
[2023-04-10T20:09:22.483+0800][9249.851s] GC(885) Survivor regions: 12->11(39)
[2023-04-10T20:09:22.483+0800][9249.851s] GC(885) Old regions: 49->49
[2023-04-10T20:09:22.483+0800][9249.851s] GC(885) Humongous regions: 25->13
[2023-04-10T20:09:22.483+0800][9249.851s] GC(885) Metaspace: 61528K(63696K)->61528K(63696K) NonClass: 54567K(55808K)->54567K(55808K) Class: 6961K(7888K)->6961K(7888K)
[2023-04-10T20:09:22.483+0800][9249.851s] GC(885) Pause Young (Normal) (G1 Evacuation Pause) 379M->71M(512M) 2.555ms
[2023-04-10T20:09:22.483+0800][9249.851s] GC(885) User=0.00s Sys=0.00s Real=0.00s
[2023-04-10T20:09:22.927+0800][9250.296s] GC(886) Pause Young (Normal) (G1 Evacuation Pause)
[2023-04-10T20:09:22.927+0800][9250.296s] GC(886) Using 8 workers of 8 for evacuation
[2023-04-10T20:09:22.929+0800][9250.297s] GC(886)   Pre Evacuate Collection Set: 0.0ms
[2023-04-10T20:09:22.929+0800][9250.297s] GC(886)   Evacuate Collection Set: 0.7ms
[2023-04-10T20:09:22.929+0800][9250.297s] GC(886)   Post Evacuate Collection Set: 0.4ms
[2023-04-10T20:09:22.929+0800][9250.297s] GC(886)   Other: 0.2ms
[2023-04-10T20:09:22.929+0800][9250.297s] GC(886) Eden regions: 296->0(303)
[2023-04-10T20:09:22.929+0800][9250.297s] GC(886) Survivor regions: 11->4(39)
[2023-04-10T20:09:22.929+0800][9250.297s] GC(886) Old regions: 49->49
[2023-04-10T20:09:22.929+0800][9250.297s] GC(886) Humongous regions: 14->5
[2023-04-10T20:09:22.929+0800][9250.297s] GC(886) Metaspace: 61533K(63696K)->61533K(63696K) NonClass: 54572K(55808K)->54572K(55808K) Class: 6961K(7888K)->6961K(7888K)
[2023-04-10T20:09:22.929+0800][9250.297s] GC(886) Pause Young (Normal) (G1 Evacuation Pause) 368M->56M(512M) 1.427ms
[2023-04-10T20:09:22.929+0800][9250.297s] GC(886) User=0.00s Sys=0.00s Real=0.00s
[2023-04-10T20:09:23.372+0800][9250.740s] GC(887) Pause Young (Normal) (G1 Evacuation Pause)
[2023-04-10T20:09:23.372+0800][9250.740s] GC(887) Using 8 workers of 8 for evacuation
[2023-04-10T20:09:23.374+0800][9250.742s] GC(887)   Pre Evacuate Collection Set: 0.0ms
[2023-04-10T20:09:23.374+0800][9250.742s] GC(887)   Evacuate Collection Set: 1.1ms
[2023-04-10T20:09:23.374+0800][9250.742s] GC(887)   Post Evacuate Collection Set: 0.6ms
[2023-04-10T20:09:23.374+0800][9250.742s] GC(887)   Other: 0.2ms
[2023-04-10T20:09:23.374+0800][9250.742s] GC(887) Eden regions: 303->0(297)
[2023-04-10T20:09:23.374+0800][9250.742s] GC(887) Survivor regions: 4->10(39)
[2023-04-10T20:09:23.374+0800][9250.742s] GC(887) Old regions: 49->49
[2023-04-10T20:09:23.374+0800][9250.742s] GC(887) Humongous regions: 7->6
[2023-04-10T20:09:23.374+0800][9250.742s] GC(887) Metaspace: 61547K(63696K)->61547K(63696K) NonClass: 54585K(55808K)->54585K(55808K) Class: 6961K(7888K)->6961K(7888K)
[2023-04-10T20:09:23.374+0800][9250.742s] GC(887) Pause Young (Normal) (G1 Evacuation Pause) 361M->63M(512M) 2.072ms
[2023-04-10T20:09:23.374+0800][9250.742s] GC(887) User=0.00s Sys=0.00s Real=0.00s
[2023-04-10T20:09:23.966+0800][9251.334s] GC(888) Pause Young (Normal) (G1 Evacuation Pause)
[2023-04-10T20:09:23.966+0800][9251.334s] GC(888) Using 8 workers of 8 for evacuation
[2023-04-10T20:09:23.967+0800][9251.336s] GC(888)   Pre Evacuate Collection Set: 0.0ms
[2023-04-10T20:09:23.967+0800][9251.336s] GC(888)   Evacuate Collection Set: 1.1ms
[2023-04-10T20:09:23.967+0800][9251.336s] GC(888)   Post Evacuate Collection Set: 0.6ms
[2023-04-10T20:09:23.968+0800][9251.336s] GC(888)   Other: 0.2ms
[2023-04-10T20:09:23.968+0800][9251.336s] GC(888) Eden regions: 297->0(297)
[2023-04-10T20:09:23.968+0800][9251.336s] GC(888) Survivor regions: 10->10(39)
[2023-04-10T20:09:23.968+0800][9251.336s] GC(888) Old regions: 49->49
[2023-04-10T20:09:23.968+0800][9251.336s] GC(888) Humongous regions: 25->13
[2023-04-10T20:09:23.968+0800][9251.336s] GC(888) Metaspace: 61554K(63696K)->61554K(63696K) NonClass: 54592K(55808K)->54592K(55808K) Class: 6961K(7888K)->6961K(7888K)
[2023-04-10T20:09:23.968+0800][9251.336s] GC(888) Pause Young (Normal) (G1 Evacuation Pause) 379M->71M(512M) 2.175ms
[2023-04-10T20:09:23.968+0800][9251.336s] GC(888) User=0.00s Sys=0.00s Real=0.00s
[2023-04-10T20:09:24.403+0800][9251.772s] GC(889) Pause Young (Normal) (G1 Evacuation Pause)
[2023-04-10T20:09:24.403+0800][9251.772s] GC(889) Using 8 workers of 8 for evacuation
[2023-04-10T20:09:24.405+0800][9251.773s] GC(889)   Pre Evacuate Collection Set: 0.0ms
[2023-04-10T20:09:24.405+0800][9251.773s] GC(889)   Evacuate Collection Set: 0.4ms
[2023-04-10T20:09:24.405+0800][9251.773s] GC(889)   Post Evacuate Collection Set: 0.7ms
[2023-04-10T20:09:24.405+0800][9251.773s] GC(889)   Other: 0.2ms
[2023-04-10T20:09:24.405+0800][9251.773s] GC(889) Eden regions: 297->0(304)
[2023-04-10T20:09:24.405+0800][9251.773s] GC(889) Survivor regions: 10->3(39)
[2023-04-10T20:09:24.405+0800][9251.773s] GC(889) Old regions: 49->49
[2023-04-10T20:09:24.405+0800][9251.773s] GC(889) Humongous regions: 13->4
[2023-04-10T20:09:24.405+0800][9251.773s] GC(889) Metaspace: 61554K(63696K)->61554K(63696K) NonClass: 54592K(55808K)->54592K(55808K) Class: 6961K(7888K)->6961K(7888K)
[2023-04-10T20:09:24.405+0800][9251.773s] GC(889) Pause Young (Normal) (G1 Evacuation Pause) 368M->54M(512M) 1.476ms
[2023-04-10T20:09:24.405+0800][9251.773s] GC(889) User=0.00s Sys=0.00s Real=0.00s
[2023-04-10T20:09:24.841+0800][9252.209s] GC(890) Pause Young (Normal) (G1 Evacuation Pause)
[2023-04-10T20:09:24.841+0800][9252.209s] GC(890) Using 8 workers of 8 for evacuation
[2023-04-10T20:09:24.842+0800][9252.211s] GC(890)   Pre Evacuate Collection Set: 0.0ms
[2023-04-10T20:09:24.843+0800][9252.211s] GC(890)   Evacuate Collection Set: 1.0ms
[2023-04-10T20:09:24.843+0800][9252.211s] GC(890)   Post Evacuate Collection Set: 0.4ms
[2023-04-10T20:09:24.843+0800][9252.211s] GC(890)   Other: 0.3ms
[2023-04-10T20:09:24.843+0800][9252.211s] GC(890) Eden regions: 304->0(298)
[2023-04-10T20:09:24.843+0800][9252.211s] GC(890) Survivor regions: 3->9(39)
[2023-04-10T20:09:24.843+0800][9252.211s] GC(890) Old regions: 49->49
[2023-04-10T20:09:24.843+0800][9252.211s] GC(890) Humongous regions: 7->6
[2023-04-10T20:09:24.843+0800][9252.211s] GC(890) Metaspace: 61554K(63696K)->61554K(63696K) NonClass: 54592K(55808K)->54592K(55808K) Class: 6961K(7888K)->6961K(7888K)
[2023-04-10T20:09:24.843+0800][9252.211s] GC(890) Pause Young (Normal) (G1 Evacuation Pause) 361M->62M(512M) 2.158ms
[2023-04-10T20:09:24.843+0800][9252.211s] GC(890) User=0.00s Sys=0.00s Real=0.00s
[2023-04-10T20:09:25.298+0800][9252.667s] GC(891) Pause Young (Normal) (G1 Evacuation Pause)
[2023-04-10T20:09:25.298+0800][9252.667s] GC(891) Using 8 workers of 8 for evacuation
[2023-04-10T20:09:25.300+0800][9252.669s] GC(891)   Pre Evacuate Collection Set: 0.0ms
[2023-04-10T20:09:25.300+0800][9252.669s] GC(891)   Evacuate Collection Set: 1.3ms
[2023-04-10T20:09:25.300+0800][9252.669s] GC(891)   Post Evacuate Collection Set: 0.7ms
[2023-04-10T20:09:25.300+0800][9252.669s] GC(891)   Other: 0.2ms
[2023-04-10T20:09:25.300+0800][9252.669s] GC(891) Eden regions: 298->0(296)
[2023-04-10T20:09:25.300+0800][9252.669s] GC(891) Survivor regions: 9->11(39)
[2023-04-10T20:09:25.300+0800][9252.669s] GC(891) Old regions: 49->49
[2023-04-10T20:09:25.301+0800][9252.669s] GC(891) Humongous regions: 20->13
[2023-04-10T20:09:25.301+0800][9252.669s] GC(891) Metaspace: 61594K(63696K)->61594K(63696K) NonClass: 54633K(55808K)->54633K(55808K) Class: 6961K(7888K)->6961K(7888K)
[2023-04-10T20:09:25.301+0800][9252.669s] GC(891) Pause Young (Normal) (G1 Evacuation Pause) 374M->71M(512M) 2.380ms
[2023-04-10T20:09:25.301+0800][9252.669s] GC(891) User=0.00s Sys=0.00s Real=0.00s
[2023-04-10T20:09:25.901+0800][9253.269s] GC(892) Pause Young (Normal) (G1 Evacuation Pause)
[2023-04-10T20:09:25.901+0800][9253.269s] GC(892) Using 8 workers of 8 for evacuation
[2023-04-10T20:09:25.902+0800][9253.271s] GC(892)   Pre Evacuate Collection Set: 0.0ms
[2023-04-10T20:09:25.902+0800][9253.271s] GC(892)   Evacuate Collection Set: 0.6ms
[2023-04-10T20:09:25.902+0800][9253.271s] GC(892)   Post Evacuate Collection Set: 0.7ms
[2023-04-10T20:09:25.902+0800][9253.271s] GC(892)   Other: 0.2ms
[2023-04-10T20:09:25.902+0800][9253.271s] GC(892) Eden regions: 296->0(306)
[2023-04-10T20:09:25.902+0800][9253.271s] GC(892) Survivor regions: 11->1(39)
[2023-04-10T20:09:25.902+0800][9253.271s] GC(892) Old regions: 49->49
[2023-04-10T20:09:25.902+0800][9253.271s] GC(892) Humongous regions: 13->4
[2023-04-10T20:09:25.902+0800][9253.271s] GC(892) Metaspace: 61597K(63696K)->61597K(63696K) NonClass: 54635K(55808K)->54635K(55808K) Class: 6961K(7888K)->6961K(7888K)
[2023-04-10T20:09:25.902+0800][9253.271s] GC(892) Pause Young (Normal) (G1 Evacuation Pause) 367M->53M(512M) 1.696ms
[2023-04-10T20:09:25.902+0800][9253.271s] GC(892) User=0.03s Sys=0.00s Real=0.00s
[2023-04-10T20:09:26.121+0800][9253.489s] GC(893) Pause Young (Normal) (G1 Evacuation Pause)
[2023-04-10T20:09:26.121+0800][9253.489s] GC(893) Using 8 workers of 8 for evacuation
[2023-04-10T20:09:26.122+0800][9253.491s] GC(893)   Pre Evacuate Collection Set: 0.0ms
[2023-04-10T20:09:26.122+0800][9253.491s] GC(893)   Evacuate Collection Set: 0.7ms
[2023-04-10T20:09:26.122+0800][9253.491s] GC(893)   Post Evacuate Collection Set: 0.6ms
[2023-04-10T20:09:26.123+0800][9253.491s] GC(893)   Other: 0.2ms
[2023-04-10T20:09:26.123+0800][9253.491s] GC(893) Eden regions: 306->0(302)
[2023-04-10T20:09:26.123+0800][9253.491s] GC(893) Survivor regions: 1->5(39)
[2023-04-10T20:09:26.123+0800][9253.491s] GC(893) Old regions: 49->49
[2023-04-10T20:09:26.123+0800][9253.491s] GC(893) Humongous regions: 5->5
[2023-04-10T20:09:26.123+0800][9253.491s] GC(893) Metaspace: 61597K(63696K)->61597K(63696K) NonClass: 54635K(55808K)->54635K(55808K) Class: 6961K(7888K)->6961K(7888K)
[2023-04-10T20:09:26.123+0800][9253.491s] GC(893) Pause Young (Normal) (G1 Evacuation Pause) 360M->58M(512M) 1.771ms
[2023-04-10T20:09:26.123+0800][9253.491s] GC(893) User=0.00s Sys=0.00s Real=0.00s
[2023-04-10T20:09:26.315+0800][9253.683s] GC(894) Pause Young (Normal) (G1 Evacuation Pause)
[2023-04-10T20:09:26.315+0800][9253.683s] GC(894) Using 8 workers of 8 for evacuation
[2023-04-10T20:09:26.316+0800][9253.685s] GC(894)   Pre Evacuate Collection Set: 0.0ms
[2023-04-10T20:09:26.316+0800][9253.685s] GC(894)   Evacuate Collection Set: 1.0ms
[2023-04-10T20:09:26.316+0800][9253.685s] GC(894)   Post Evacuate Collection Set: 0.4ms
[2023-04-10T20:09:26.316+0800][9253.685s] GC(894)   Other: 0.2ms
[2023-04-10T20:09:26.316+0800][9253.685s] GC(894) Eden regions: 302->0(299)
[2023-04-10T20:09:26.316+0800][9253.685s] GC(894) Survivor regions: 5->8(39)
[2023-04-10T20:09:26.316+0800][9253.685s] GC(894) Old regions: 49->49
[2023-04-10T20:09:26.316+0800][9253.685s] GC(894) Humongous regions: 5->5
[2023-04-10T20:09:26.316+0800][9253.685s] GC(894) Metaspace: 61597K(63696K)->61597K(63696K) NonClass: 54635K(55808K)->54635K(55808K) Class: 6961K(7888K)->6961K(7888K)
[2023-04-10T20:09:26.317+0800][9253.685s] GC(894) Pause Young (Normal) (G1 Evacuation Pause) 360M->60M(512M) 1.814ms
[2023-04-10T20:09:26.317+0800][9253.685s] GC(894) User=0.00s Sys=0.00s Real=0.00s
[2023-04-10T20:09:26.559+0800][9253.927s] GC(895) Pause Young (Normal) (G1 Evacuation Pause)
[2023-04-10T20:09:26.559+0800][9253.927s] GC(895) Using 8 workers of 8 for evacuation
[2023-04-10T20:09:26.561+0800][9253.929s] GC(895)   Pre Evacuate Collection Set: 0.0ms
[2023-04-10T20:09:26.561+0800][9253.929s] GC(895)   Evacuate Collection Set: 1.2ms
[2023-04-10T20:09:26.561+0800][9253.929s] GC(895)   Post Evacuate Collection Set: 0.6ms
[2023-04-10T20:09:26.561+0800][9253.929s] GC(895)   Other: 0.2ms
[2023-04-10T20:09:26.561+0800][9253.929s] GC(895) Eden regions: 299->0(297)
[2023-04-10T20:09:26.561+0800][9253.929s] GC(895) Survivor regions: 8->10(39)
[2023-04-10T20:09:26.561+0800][9253.929s] GC(895) Old regions: 49->49
[2023-04-10T20:09:26.561+0800][9253.929s] GC(895) Humongous regions: 7->6
[2023-04-10T20:09:26.561+0800][9253.929s] GC(895) Metaspace: 61615K(63696K)->61615K(63696K) NonClass: 54654K(55808K)->54654K(55808K) Class: 6961K(7888K)->6961K(7888K)
[2023-04-10T20:09:26.561+0800][9253.929s] GC(895) Pause Young (Normal) (G1 Evacuation Pause) 361M->64M(512M) 2.118ms
[2023-04-10T20:09:26.561+0800][9253.929s] GC(895) User=0.00s Sys=0.00s Real=0.00s
[2023-04-10T20:09:26.810+0800][9254.178s] GC(896) Pause Young (Normal) (G1 Evacuation Pause)
[2023-04-10T20:09:26.810+0800][9254.178s] GC(896) Using 8 workers of 8 for evacuation
[2023-04-10T20:09:26.812+0800][9254.180s] GC(896)   Pre Evacuate Collection Set: 0.0ms
[2023-04-10T20:09:26.813+0800][9254.181s] GC(896)   Evacuate Collection Set: 1.6ms
[2023-04-10T20:09:26.813+0800][9254.181s] GC(896)   Post Evacuate Collection Set: 0.6ms
[2023-04-10T20:09:26.813+0800][9254.181s] GC(896)   Other: 0.2ms
[2023-04-10T20:09:26.813+0800][9254.181s] GC(896) Eden regions: 297->0(294)
[2023-04-10T20:09:26.813+0800][9254.181s] GC(896) Survivor regions: 10->13(39)
[2023-04-10T20:09:26.813+0800][9254.181s] GC(896) Old regions: 49->49
[2023-04-10T20:09:26.813+0800][9254.181s] GC(896) Humongous regions: 7->7
[2023-04-10T20:09:26.813+0800][9254.181s] GC(896) Metaspace: 61615K(63696K)->61615K(63696K) NonClass: 54654K(55808K)->54654K(55808K) Class: 6961K(7888K)->6961K(7888K)
[2023-04-10T20:09:26.813+0800][9254.181s] GC(896) Pause Young (Normal) (G1 Evacuation Pause) 362M->67M(512M) 2.763ms
[2023-04-10T20:09:26.813+0800][9254.181s] GC(896) User=0.00s Sys=0.00s Real=0.00s
[2023-04-10T20:09:27.115+0800][9254.483s] GC(897) Pause Young (Normal) (G1 Evacuation Pause)
[2023-04-10T20:09:27.115+0800][9254.483s] GC(897) Using 8 workers of 8 for evacuation
[2023-04-10T20:09:27.117+0800][9254.485s] GC(897)   Pre Evacuate Collection Set: 0.0ms
[2023-04-10T20:09:27.117+0800][9254.485s] GC(897)   Evacuate Collection Set: 1.2ms
[2023-04-10T20:09:27.117+0800][9254.485s] GC(897)   Post Evacuate Collection Set: 0.7ms
[2023-04-10T20:09:27.117+0800][9254.485s] GC(897)   Other: 0.2ms
[2023-04-10T20:09:27.117+0800][9254.485s] GC(897) Eden regions: 294->0(296)
[2023-04-10T20:09:27.117+0800][9254.485s] GC(897) Survivor regions: 13->11(39)
[2023-04-10T20:09:27.117+0800][9254.485s] GC(897) Old regions: 49->49
[2023-04-10T20:09:27.117+0800][9254.485s] GC(897) Humongous regions: 25->13
[2023-04-10T20:09:27.117+0800][9254.485s] GC(897) Metaspace: 61652K(63696K)->61652K(63696K) NonClass: 54690K(55808K)->54690K(55808K) Class: 6961K(7888K)->6961K(7888K)
[2023-04-10T20:09:27.117+0800][9254.485s] GC(897) Pause Young (Normal) (G1 Evacuation Pause) 379M->72M(512M) 2.247ms
[2023-04-10T20:09:27.118+0800][9254.485s] GC(897) User=0.00s Sys=0.00s Real=0.00s
[2023-04-10T20:09:27.403+0800][9254.771s] GC(898) Pause Young (Normal) (G1 Evacuation Pause)
[2023-04-10T20:09:27.403+0800][9254.771s] GC(898) Using 8 workers of 8 for evacuation
[2023-04-10T20:09:27.405+0800][9254.774s] GC(898)   Pre Evacuate Collection Set: 0.0ms
[2023-04-10T20:09:27.405+0800][9254.774s] GC(898)   Evacuate Collection Set: 1.5ms
[2023-04-10T20:09:27.405+0800][9254.774s] GC(898)   Post Evacuate Collection Set: 0.6ms
[2023-04-10T20:09:27.405+0800][9254.774s] GC(898)   Other: 0.3ms
[2023-04-10T20:09:27.405+0800][9254.774s] GC(898) Eden regions: 296->0(295)
[2023-04-10T20:09:27.405+0800][9254.774s] GC(898) Survivor regions: 11->12(39)
[2023-04-10T20:09:27.405+0800][9254.774s] GC(898) Old regions: 49->49
[2023-04-10T20:09:27.405+0800][9254.774s] GC(898) Humongous regions: 13->13
[2023-04-10T20:09:27.405+0800][9254.774s] GC(898) Metaspace: 61652K(63696K)->61652K(63696K) NonClass: 54690K(55808K)->54690K(55808K) Class: 6961K(7888K)->6961K(7888K)
[2023-04-10T20:09:27.406+0800][9254.774s] GC(898) Pause Young (Normal) (G1 Evacuation Pause) 368M->72M(512M) 2.706ms
[2023-04-10T20:09:27.406+0800][9254.774s] GC(898) User=0.00s Sys=0.00s Real=0.00s
[2023-04-10T20:09:27.731+0800][9255.100s] GC(899) Pause Young (Normal) (G1 Evacuation Pause)
[2023-04-10T20:09:27.731+0800][9255.100s] GC(899) Using 8 workers of 8 for evacuation
[2023-04-10T20:09:27.733+0800][9255.101s] GC(899)   Pre Evacuate Collection Set: 0.0ms
[2023-04-10T20:09:27.733+0800][9255.101s] GC(899)   Evacuate Collection Set: 0.7ms
[2023-04-10T20:09:27.733+0800][9255.101s] GC(899)   Post Evacuate Collection Set: 0.5ms
[2023-04-10T20:09:27.733+0800][9255.101s] GC(899)   Other: 0.2ms
[2023-04-10T20:09:27.733+0800][9255.101s] GC(899) Eden regions: 295->0(303)
[2023-04-10T20:09:27.733+0800][9255.101s] GC(899) Survivor regions: 12->4(39)
[2023-04-10T20:09:27.733+0800][9255.101s] GC(899) Old regions: 49->49
[2023-04-10T20:09:27.733+0800][9255.101s] GC(899) Humongous regions: 13->4
[2023-04-10T20:09:27.733+0800][9255.101s] GC(899) Metaspace: 61652K(63696K)->61652K(63696K) NonClass: 54690K(55808K)->54690K(55808K) Class: 6961K(7888K)->6961K(7888K)
[2023-04-10T20:09:27.733+0800][9255.101s] GC(899) Pause Young (Normal) (G1 Evacuation Pause) 367M->56M(512M) 1.639ms
[2023-04-10T20:09:27.733+0800][9255.101s] GC(899) User=0.00s Sys=0.00s Real=0.00s
[2023-04-10T20:09:27.991+0800][9255.360s] GC(900) Pause Young (Normal) (G1 Evacuation Pause)
[2023-04-10T20:09:27.991+0800][9255.360s] GC(900) Using 8 workers of 8 for evacuation
[2023-04-10T20:09:27.993+0800][9255.361s] GC(900)   Pre Evacuate Collection Set: 0.0ms
[2023-04-10T20:09:27.993+0800][9255.361s] GC(900)   Evacuate Collection Set: 1.1ms
[2023-04-10T20:09:27.993+0800][9255.362s] GC(900)   Post Evacuate Collection Set: 0.5ms
[2023-04-10T20:09:27.993+0800][9255.362s] GC(900)   Other: 0.2ms
[2023-04-10T20:09:27.993+0800][9255.362s] GC(900) Eden regions: 303->0(299)
[2023-04-10T20:09:27.993+0800][9255.362s] GC(900) Survivor regions: 4->8(39)
[2023-04-10T20:09:27.993+0800][9255.362s] GC(900) Old regions: 49->49
[2023-04-10T20:09:27.993+0800][9255.362s] GC(900) Humongous regions: 5->5
[2023-04-10T20:09:27.993+0800][9255.362s] GC(900) Metaspace: 61652K(63696K)->61652K(63696K) NonClass: 54690K(55808K)->54690K(55808K) Class: 6961K(7888K)->6961K(7888K)
[2023-04-10T20:09:27.993+0800][9255.362s] GC(900) Pause Young (Normal) (G1 Evacuation Pause) 360M->60M(512M) 2.037ms
[2023-04-10T20:09:27.993+0800][9255.362s] GC(900) User=0.00s Sys=0.00s Real=0.00s
[2023-04-10T20:09:28.272+0800][9255.641s] GC(901) Pause Young (Normal) (G1 Evacuation Pause)
[2023-04-10T20:09:28.272+0800][9255.641s] GC(901) Using 8 workers of 8 for evacuation
[2023-04-10T20:09:28.274+0800][9255.643s] GC(901)   Pre Evacuate Collection Set: 0.0ms
[2023-04-10T20:09:28.274+0800][9255.643s] GC(901)   Evacuate Collection Set: 1.1ms
[2023-04-10T20:09:28.274+0800][9255.643s] GC(901)   Post Evacuate Collection Set: 0.7ms
[2023-04-10T20:09:28.274+0800][9255.643s] GC(901)   Other: 0.2ms
[2023-04-10T20:09:28.275+0800][9255.643s] GC(901) Eden regions: 299->0(296)
[2023-04-10T20:09:28.275+0800][9255.643s] GC(901) Survivor regions: 8->11(39)
[2023-04-10T20:09:28.275+0800][9255.643s] GC(901) Old regions: 49->49
[2023-04-10T20:09:28.275+0800][9255.643s] GC(901) Humongous regions: 7->6
[2023-04-10T20:09:28.275+0800][9255.643s] GC(901) Metaspace: 61685K(63696K)->61685K(63696K) NonClass: 54724K(55808K)->54724K(55808K) Class: 6961K(7888K)->6961K(7888K)
[2023-04-10T20:09:28.275+0800][9255.643s] GC(901) Pause Young (Normal) (G1 Evacuation Pause) 361M->64M(512M) 2.217ms
[2023-04-10T20:09:28.275+0800][9255.643s] GC(901) User=0.00s Sys=0.00s Real=0.00s
[2023-04-10T20:09:28.571+0800][9255.940s] GC(902) Pause Young (Normal) (G1 Evacuation Pause)
[2023-04-10T20:09:28.571+0800][9255.940s] GC(902) Using 8 workers of 8 for evacuation
[2023-04-10T20:09:28.573+0800][9255.942s] GC(902)   Pre Evacuate Collection Set: 0.0ms
[2023-04-10T20:09:28.574+0800][9255.942s] GC(902)   Evacuate Collection Set: 1.4ms
[2023-04-10T20:09:28.574+0800][9255.942s] GC(902)   Post Evacuate Collection Set: 0.7ms
[2023-04-10T20:09:28.574+0800][9255.942s] GC(902)   Other: 0.2ms
[2023-04-10T20:09:28.574+0800][9255.942s] GC(902) Eden regions: 296->0(297)
[2023-04-10T20:09:28.574+0800][9255.942s] GC(902) Survivor regions: 11->10(39)
[2023-04-10T20:09:28.574+0800][9255.942s] GC(902) Old regions: 49->49
[2023-04-10T20:09:28.574+0800][9255.942s] GC(902) Humongous regions: 12->12
[2023-04-10T20:09:28.574+0800][9255.942s] GC(902) Metaspace: 61685K(63696K)->61685K(63696K) NonClass: 54724K(55808K)->54724K(55808K) Class: 6961K(7888K)->6961K(7888K)
[2023-04-10T20:09:28.574+0800][9255.942s] GC(902) Pause Young (Normal) (G1 Evacuation Pause) 366M->70M(512M) 2.549ms
[2023-04-10T20:09:28.574+0800][9255.942s] GC(902) User=0.00s Sys=0.02s Real=0.00s
[2023-04-10T20:09:28.906+0800][9256.273s] GC(903) Pause Young (Normal) (G1 Evacuation Pause)
[2023-04-10T20:09:28.906+0800][9256.273s] GC(903) Using 8 workers of 8 for evacuation
[2023-04-10T20:09:28.908+0800][9256.275s] GC(903)   Pre Evacuate Collection Set: 0.0ms
[2023-04-10T20:09:28.908+0800][9256.276s] GC(903)   Evacuate Collection Set: 1.4ms
[2023-04-10T20:09:28.908+0800][9256.276s] GC(903)   Post Evacuate Collection Set: 0.6ms
[2023-04-10T20:09:28.908+0800][9256.276s] GC(903)   Other: 0.2ms
[2023-04-10T20:09:28.908+0800][9256.276s] GC(903) Eden regions: 297->0(295)
[2023-04-10T20:09:28.908+0800][9256.276s] GC(903) Survivor regions: 10->12(39)
[2023-04-10T20:09:28.908+0800][9256.276s] GC(903) Old regions: 49->49
[2023-04-10T20:09:28.908+0800][9256.276s] GC(903) Humongous regions: 25->13
[2023-04-10T20:09:28.908+0800][9256.276s] GC(903) Metaspace: 61686K(63696K)->61686K(63696K) NonClass: 54725K(55808K)->54725K(55808K) Class: 6961K(7888K)->6961K(7888K)
[2023-04-10T20:09:28.908+0800][9256.276s] GC(903) Pause Young (Normal) (G1 Evacuation Pause) 380M->72M(512M) 2.343ms
[2023-04-10T20:09:28.908+0800][9256.276s] GC(903) User=0.00s Sys=0.00s Real=0.00s
[2023-04-10T20:09:29.360+0800][9256.728s] GC(904) Pause Young (Normal) (G1 Evacuation Pause)
[2023-04-10T20:09:29.360+0800][9256.728s] GC(904) Using 8 workers of 8 for evacuation
[2023-04-10T20:09:29.361+0800][9256.729s] GC(904)   Pre Evacuate Collection Set: 0.0ms
[2023-04-10T20:09:29.361+0800][9256.729s] GC(904)   Evacuate Collection Set: 0.5ms
[2023-04-10T20:09:29.361+0800][9256.729s] GC(904)   Post Evacuate Collection Set: 0.6ms
[2023-04-10T20:09:29.361+0800][9256.729s] GC(904)   Other: 0.2ms
[2023-04-10T20:09:29.361+0800][9256.729s] GC(904) Eden regions: 295->0(305)
[2023-04-10T20:09:29.361+0800][9256.729s] GC(904) Survivor regions: 12->2(39)
[2023-04-10T20:09:29.361+0800][9256.729s] GC(904) Old regions: 49->49
[2023-04-10T20:09:29.361+0800][9256.729s] GC(904) Humongous regions: 13->4
[2023-04-10T20:09:29.361+0800][9256.729s] GC(904) Metaspace: 61691K(63696K)->61691K(63696K) NonClass: 54730K(55808K)->54730K(55808K) Class: 6961K(7888K)->6961K(7888K)
[2023-04-10T20:09:29.361+0800][9256.729s] GC(904) Pause Young (Normal) (G1 Evacuation Pause) 367M->54M(512M) 1.392ms
[2023-04-10T20:09:29.361+0800][9256.729s] GC(904) User=0.00s Sys=0.00s Real=0.00s
[2023-04-10T20:09:29.783+0800][9257.151s] GC(905) Pause Young (Normal) (G1 Evacuation Pause)
[2023-04-10T20:09:29.783+0800][9257.151s] GC(905) Using 8 workers of 8 for evacuation
[2023-04-10T20:09:29.784+0800][9257.153s] GC(905)   Pre Evacuate Collection Set: 0.0ms
[2023-04-10T20:09:29.784+0800][9257.153s] GC(905)   Evacuate Collection Set: 0.9ms
[2023-04-10T20:09:29.785+0800][9257.153s] GC(905)   Post Evacuate Collection Set: 0.7ms
[2023-04-10T20:09:29.785+0800][9257.153s] GC(905)   Other: 0.2ms
[2023-04-10T20:09:29.785+0800][9257.153s] GC(905) Eden regions: 305->0(299)
[2023-04-10T20:09:29.785+0800][9257.153s] GC(905) Survivor regions: 2->8(39)
[2023-04-10T20:09:29.785+0800][9257.153s] GC(905) Old regions: 49->49
[2023-04-10T20:09:29.785+0800][9257.153s] GC(905) Humongous regions: 7->6
[2023-04-10T20:09:29.785+0800][9257.153s] GC(905) Metaspace: 61691K(63696K)->61691K(63696K) NonClass: 54730K(55808K)->54730K(55808K) Class: 6961K(7888K)->6961K(7888K)
[2023-04-10T20:09:29.785+0800][9257.153s] GC(905) Pause Young (Normal) (G1 Evacuation Pause) 362M->62M(512M) 2.108ms
[2023-04-10T20:09:29.785+0800][9257.153s] GC(905) User=0.00s Sys=0.00s Real=0.00s
[2023-04-10T20:09:30.219+0800][9257.587s] GC(906) Pause Young (Normal) (G1 Evacuation Pause)
[2023-04-10T20:09:30.219+0800][9257.587s] GC(906) Using 8 workers of 8 for evacuation
[2023-04-10T20:09:30.222+0800][9257.590s] GC(906)   Pre Evacuate Collection Set: 0.0ms
[2023-04-10T20:09:30.222+0800][9257.590s] GC(906)   Evacuate Collection Set: 1.8ms
[2023-04-10T20:09:30.222+0800][9257.590s] GC(906)   Post Evacuate Collection Set: 0.6ms
[2023-04-10T20:09:30.222+0800][9257.590s] GC(906)   Other: 0.3ms
[2023-04-10T20:09:30.222+0800][9257.590s] GC(906) Eden regions: 299->0(297)
[2023-04-10T20:09:30.222+0800][9257.590s] GC(906) Survivor regions: 8->10(39)
[2023-04-10T20:09:30.222+0800][9257.590s] GC(906) Old regions: 49->49
[2023-04-10T20:09:30.222+0800][9257.590s] GC(906) Humongous regions: 12->12
[2023-04-10T20:09:30.222+0800][9257.590s] GC(906) Metaspace: 61694K(63696K)->61694K(63696K) NonClass: 54732K(55808K)->54732K(55808K) Class: 6961K(7888K)->6961K(7888K)
[2023-04-10T20:09:30.222+0800][9257.590s] GC(906) Pause Young (Normal) (G1 Evacuation Pause) 367M->70M(512M) 2.898ms
[2023-04-10T20:09:30.222+0800][9257.590s] GC(906) User=0.00s Sys=0.00s Real=0.00s
[2023-04-10T20:09:30.854+0800][9258.221s] GC(907) Pause Young (Normal) (G1 Evacuation Pause)
[2023-04-10T20:09:30.854+0800][9258.222s] GC(907) Using 8 workers of 8 for evacuation
[2023-04-10T20:09:30.856+0800][9258.223s] GC(907)   Pre Evacuate Collection Set: 0.0ms
[2023-04-10T20:09:30.856+0800][9258.223s] GC(907)   Evacuate Collection Set: 1.1ms
[2023-04-10T20:09:30.856+0800][9258.223s] GC(907)   Post Evacuate Collection Set: 0.6ms
[2023-04-10T20:09:30.856+0800][9258.223s] GC(907)   Other: 0.2ms
[2023-04-10T20:09:30.856+0800][9258.224s] GC(907) Eden regions: 297->0(296)
[2023-04-10T20:09:30.856+0800][9258.224s] GC(907) Survivor regions: 10->11(39)
[2023-04-10T20:09:30.856+0800][9258.224s] GC(907) Old regions: 49->49
[2023-04-10T20:09:30.856+0800][9258.224s] GC(907) Humongous regions: 26->13
[2023-04-10T20:09:30.856+0800][9258.224s] GC(907) Metaspace: 61730K(63952K)->61730K(63952K) NonClass: 54768K(56064K)->54768K(56064K) Class: 6961K(7888K)->6961K(7888K)
[2023-04-10T20:09:30.856+0800][9258.224s] GC(907) Pause Young (Normal) (G1 Evacuation Pause) 381M->71M(512M) 2.157ms
[2023-04-10T20:09:30.856+0800][9258.224s] GC(907) User=0.02s Sys=0.00s Real=0.00s
[2023-04-10T20:09:31.348+0800][9258.716s] GC(908) Pause Young (Normal) (G1 Evacuation Pause)
[2023-04-10T20:09:31.348+0800][9258.716s] GC(908) Using 8 workers of 8 for evacuation
[2023-04-10T20:09:31.349+0800][9258.717s] GC(908)   Pre Evacuate Collection Set: 0.0ms
[2023-04-10T20:09:31.349+0800][9258.718s] GC(908)   Evacuate Collection Set: 0.7ms
[2023-04-10T20:09:31.349+0800][9258.718s] GC(908)   Post Evacuate Collection Set: 0.4ms
[2023-04-10T20:09:31.349+0800][9258.718s] GC(908)   Other: 0.2ms
[2023-04-10T20:09:31.349+0800][9258.718s] GC(908) Eden regions: 296->0(302)
[2023-04-10T20:09:31.349+0800][9258.718s] GC(908) Survivor regions: 11->5(39)
[2023-04-10T20:09:31.349+0800][9258.718s] GC(908) Old regions: 49->49
[2023-04-10T20:09:31.349+0800][9258.718s] GC(908) Humongous regions: 14->5
[2023-04-10T20:09:31.349+0800][9258.718s] GC(908) Metaspace: 61749K(63952K)->61749K(63952K) NonClass: 54788K(56064K)->54788K(56064K) Class: 6961K(7888K)->6961K(7888K)
[2023-04-10T20:09:31.349+0800][9258.718s] GC(908) Pause Young (Normal) (G1 Evacuation Pause) 368M->58M(512M) 1.587ms
[2023-04-10T20:09:31.349+0800][9258.718s] GC(908) User=0.00s Sys=0.00s Real=0.00s
[2023-04-10T20:09:31.815+0800][9259.183s] GC(909) Pause Young (Normal) (G1 Evacuation Pause)
[2023-04-10T20:09:31.815+0800][9259.183s] GC(909) Using 8 workers of 8 for evacuation
[2023-04-10T20:09:31.817+0800][9259.185s] GC(909)   Pre Evacuate Collection Set: 0.0ms
[2023-04-10T20:09:31.817+0800][9259.185s] GC(909)   Evacuate Collection Set: 1.3ms
[2023-04-10T20:09:31.817+0800][9259.185s] GC(909)   Post Evacuate Collection Set: 0.5ms
[2023-04-10T20:09:31.817+0800][9259.185s] GC(909)   Other: 0.2ms
[2023-04-10T20:09:31.817+0800][9259.185s] GC(909) Eden regions: 302->0(296)
[2023-04-10T20:09:31.817+0800][9259.185s] GC(909) Survivor regions: 5->11(39)
[2023-04-10T20:09:31.817+0800][9259.185s] GC(909) Old regions: 49->49
[2023-04-10T20:09:31.817+0800][9259.185s] GC(909) Humongous regions: 8->7
[2023-04-10T20:09:31.817+0800][9259.185s] GC(909) Metaspace: 61749K(63952K)->61749K(63952K) NonClass: 54788K(56064K)->54788K(56064K) Class: 6961K(7888K)->6961K(7888K)
[2023-04-10T20:09:31.817+0800][9259.185s] GC(909) Pause Young (Normal) (G1 Evacuation Pause) 363M->66M(512M) 2.270ms
[2023-04-10T20:09:31.817+0800][9259.185s] GC(909) User=0.00s Sys=0.00s Real=0.00s
[2023-04-10T20:09:32.423+0800][9259.792s] GC(910) Pause Young (Normal) (G1 Evacuation Pause)
[2023-04-10T20:09:32.423+0800][9259.792s] GC(910) Using 8 workers of 8 for evacuation
[2023-04-10T20:09:32.425+0800][9259.793s] GC(910)   Pre Evacuate Collection Set: 0.0ms
[2023-04-10T20:09:32.425+0800][9259.793s] GC(910)   Evacuate Collection Set: 1.2ms
[2023-04-10T20:09:32.425+0800][9259.794s] GC(910)   Post Evacuate Collection Set: 0.5ms
[2023-04-10T20:09:32.425+0800][9259.794s] GC(910)   Other: 0.2ms
[2023-04-10T20:09:32.425+0800][9259.794s] GC(910) Eden regions: 296->0(296)
[2023-04-10T20:09:32.425+0800][9259.794s] GC(910) Survivor regions: 11->11(39)
[2023-04-10T20:09:32.425+0800][9259.794s] GC(910) Old regions: 49->49
[2023-04-10T20:09:32.426+0800][9259.794s] GC(910) Humongous regions: 25->13
[2023-04-10T20:09:32.426+0800][9259.794s] GC(910) Metaspace: 61749K(63952K)->61749K(63952K) NonClass: 54788K(56064K)->54788K(56064K) Class: 6961K(7888K)->6961K(7888K)
[2023-04-10T20:09:32.426+0800][9259.794s] GC(910) Pause Young (Normal) (G1 Evacuation Pause) 380M->71M(512M) 2.169ms
[2023-04-10T20:09:32.426+0800][9259.794s] GC(910) User=0.00s Sys=0.00s Real=0.00s
[2023-04-10T20:09:32.857+0800][9260.224s] GC(911) Pause Young (Normal) (G1 Evacuation Pause)
[2023-04-10T20:09:32.857+0800][9260.224s] GC(911) Using 8 workers of 8 for evacuation
[2023-04-10T20:09:32.858+0800][9260.226s] GC(911)   Pre Evacuate Collection Set: 0.0ms
[2023-04-10T20:09:32.858+0800][9260.226s] GC(911)   Evacuate Collection Set: 0.5ms
[2023-04-10T20:09:32.858+0800][9260.226s] GC(911)   Post Evacuate Collection Set: 0.6ms
[2023-04-10T20:09:32.858+0800][9260.226s] GC(911)   Other: 0.2ms
[2023-04-10T20:09:32.858+0800][9260.226s] GC(911) Eden regions: 296->0(303)
[2023-04-10T20:09:32.858+0800][9260.226s] GC(911) Survivor regions: 11->4(39)
[2023-04-10T20:09:32.858+0800][9260.226s] GC(911) Old regions: 49->49
[2023-04-10T20:09:32.858+0800][9260.226s] GC(911) Humongous regions: 14->5
[2023-04-10T20:09:32.858+0800][9260.226s] GC(911) Metaspace: 61749K(63952K)->61749K(63952K) NonClass: 54788K(56064K)->54788K(56064K) Class: 6961K(7888K)->6961K(7888K)
[2023-04-10T20:09:32.858+0800][9260.226s] GC(911) Pause Young (Normal) (G1 Evacuation Pause) 368M->56M(512M) 1.500ms
[2023-04-10T20:09:32.858+0800][9260.226s] GC(911) User=0.00s Sys=0.00s Real=0.00s
[2023-04-10T20:09:33.274+0800][9260.642s] GC(912) Pause Young (Normal) (G1 Evacuation Pause)
[2023-04-10T20:09:33.274+0800][9260.642s] GC(912) Using 8 workers of 8 for evacuation
[2023-04-10T20:09:33.276+0800][9260.643s] GC(912)   Pre Evacuate Collection Set: 0.0ms
[2023-04-10T20:09:33.276+0800][9260.644s] GC(912)   Evacuate Collection Set: 1.1ms
[2023-04-10T20:09:33.276+0800][9260.644s] GC(912)   Post Evacuate Collection Set: 0.4ms
[2023-04-10T20:09:33.276+0800][9260.644s] GC(912)   Other: 0.2ms
[2023-04-10T20:09:33.276+0800][9260.644s] GC(912) Eden regions: 303->0(298)
[2023-04-10T20:09:33.276+0800][9260.644s] GC(912) Survivor regions: 4->9(39)
[2023-04-10T20:09:33.276+0800][9260.644s] GC(912) Old regions: 49->49
[2023-04-10T20:09:33.276+0800][9260.644s] GC(912) Humongous regions: 7->6
[2023-04-10T20:09:33.276+0800][9260.644s] GC(912) Metaspace: 61749K(63952K)->61749K(63952K) NonClass: 54788K(56064K)->54788K(56064K) Class: 6961K(7888K)->6961K(7888K)
[2023-04-10T20:09:33.276+0800][9260.644s] GC(912) Pause Young (Normal) (G1 Evacuation Pause) 361M->63M(512M) 2.047ms
[2023-04-10T20:09:33.276+0800][9260.644s] GC(912) User=0.00s Sys=0.00s Real=0.00s
[2023-04-10T20:09:33.769+0800][9261.138s] GC(913) Pause Young (Normal) (G1 Evacuation Pause)
[2023-04-10T20:09:33.769+0800][9261.138s] GC(913) Using 8 workers of 8 for evacuation
[2023-04-10T20:09:33.771+0800][9261.140s] GC(913)   Pre Evacuate Collection Set: 0.0ms
[2023-04-10T20:09:33.771+0800][9261.140s] GC(913)   Evacuate Collection Set: 1.2ms
[2023-04-10T20:09:33.771+0800][9261.140s] GC(913)   Post Evacuate Collection Set: 0.4ms
[2023-04-10T20:09:33.771+0800][9261.140s] GC(913)   Other: 0.2ms
[2023-04-10T20:09:33.771+0800][9261.140s] GC(913) Eden regions: 298->0(296)
[2023-04-10T20:09:33.771+0800][9261.140s] GC(913) Survivor regions: 9->11(39)
[2023-04-10T20:09:33.771+0800][9261.140s] GC(913) Old regions: 49->49
[2023-04-10T20:09:33.771+0800][9261.140s] GC(913) Humongous regions: 25->13
[2023-04-10T20:09:33.771+0800][9261.140s] GC(913) Metaspace: 61749K(63952K)->61749K(63952K) NonClass: 54788K(56064K)->54788K(56064K) Class: 6961K(7888K)->6961K(7888K)
[2023-04-10T20:09:33.771+0800][9261.140s] GC(913) Pause Young (Normal) (G1 Evacuation Pause) 380M->72M(512M) 2.042ms
[2023-04-10T20:09:33.771+0800][9261.140s] GC(913) User=0.00s Sys=0.00s Real=0.00s
[2023-04-10T20:09:34.356+0800][9261.724s] GC(914) Pause Young (Normal) (G1 Evacuation Pause)
[2023-04-10T20:09:34.356+0800][9261.724s] GC(914) Using 8 workers of 8 for evacuation
[2023-04-10T20:09:34.357+0800][9261.725s] GC(914)   Pre Evacuate Collection Set: 0.0ms
[2023-04-10T20:09:34.357+0800][9261.725s] GC(914)   Evacuate Collection Set: 0.5ms
[2023-04-10T20:09:34.357+0800][9261.725s] GC(914)   Post Evacuate Collection Set: 0.5ms
[2023-04-10T20:09:34.357+0800][9261.725s] GC(914)   Other: 0.1ms
[2023-04-10T20:09:34.357+0800][9261.725s] GC(914) Eden regions: 296->0(305)
[2023-04-10T20:09:34.357+0800][9261.725s] GC(914) Survivor regions: 11->2(39)
[2023-04-10T20:09:34.357+0800][9261.725s] GC(914) Old regions: 49->49
[2023-04-10T20:09:34.357+0800][9261.725s] GC(914) Humongous regions: 13->4
[2023-04-10T20:09:34.358+0800][9261.725s] GC(914) Metaspace: 61749K(63952K)->61749K(63952K) NonClass: 54788K(56064K)->54788K(56064K) Class: 6961K(7888K)->6961K(7888K)
[2023-04-10T20:09:34.358+0800][9261.725s] GC(914) Pause Young (Normal) (G1 Evacuation Pause) 368M->54M(512M) 1.384ms
[2023-04-10T20:09:34.358+0800][9261.725s] GC(914) User=0.00s Sys=0.00s Real=0.00s
[2023-04-10T20:09:34.789+0800][9262.156s] GC(915) Pause Young (Normal) (G1 Evacuation Pause)
[2023-04-10T20:09:34.789+0800][9262.157s] GC(915) Using 8 workers of 8 for evacuation
[2023-04-10T20:09:34.790+0800][9262.158s] GC(915)   Pre Evacuate Collection Set: 0.0ms
[2023-04-10T20:09:34.790+0800][9262.158s] GC(915)   Evacuate Collection Set: 1.0ms
[2023-04-10T20:09:34.790+0800][9262.158s] GC(915)   Post Evacuate Collection Set: 0.6ms
[2023-04-10T20:09:34.790+0800][9262.158s] GC(915)   Other: 0.2ms
[2023-04-10T20:09:34.790+0800][9262.158s] GC(915) Eden regions: 305->0(299)
[2023-04-10T20:09:34.790+0800][9262.158s] GC(915) Survivor regions: 2->8(39)
[2023-04-10T20:09:34.790+0800][9262.158s] GC(915) Old regions: 49->49
[2023-04-10T20:09:34.790+0800][9262.158s] GC(915) Humongous regions: 7->6
[2023-04-10T20:09:34.790+0800][9262.158s] GC(915) Metaspace: 61749K(63952K)->61749K(63952K) NonClass: 54788K(56064K)->54788K(56064K) Class: 6961K(7888K)->6961K(7888K)
[2023-04-10T20:09:34.790+0800][9262.158s] GC(915) Pause Young (Normal) (G1 Evacuation Pause) 362M->61M(512M) 1.867ms
[2023-04-10T20:09:34.790+0800][9262.158s] GC(915) User=0.00s Sys=0.00s Real=0.00s
[2023-04-10T20:09:35.225+0800][9262.593s] GC(916) Pause Young (Normal) (G1 Evacuation Pause)
[2023-04-10T20:09:35.225+0800][9262.593s] GC(916) Using 8 workers of 8 for evacuation
[2023-04-10T20:09:35.227+0800][9262.595s] GC(916)   Pre Evacuate Collection Set: 0.0ms
[2023-04-10T20:09:35.227+0800][9262.595s] GC(916)   Evacuate Collection Set: 1.1ms
[2023-04-10T20:09:35.227+0800][9262.595s] GC(916)   Post Evacuate Collection Set: 0.5ms
[2023-04-10T20:09:35.227+0800][9262.595s] GC(916)   Other: 0.2ms
[2023-04-10T20:09:35.227+0800][9262.595s] GC(916) Eden regions: 299->0(297)
[2023-04-10T20:09:35.227+0800][9262.595s] GC(916) Survivor regions: 8->10(39)
[2023-04-10T20:09:35.227+0800][9262.595s] GC(916) Old regions: 49->49
[2023-04-10T20:09:35.227+0800][9262.595s] GC(916) Humongous regions: 20->13
[2023-04-10T20:09:35.227+0800][9262.595s] GC(916) Metaspace: 61749K(63952K)->61749K(63952K) NonClass: 54788K(56064K)->54788K(56064K) Class: 6961K(7888K)->6961K(7888K)
[2023-04-10T20:09:35.227+0800][9262.595s] GC(916) Pause Young (Normal) (G1 Evacuation Pause) 374M->70M(512M) 1.936ms
[2023-04-10T20:09:35.227+0800][9262.595s] GC(916) User=0.00s Sys=0.00s Real=0.00s
[2023-04-10T20:09:35.718+0800][9263.086s] GC(917) Pause Young (Normal) (G1 Evacuation Pause)
[2023-04-10T20:09:35.718+0800][9263.086s] GC(917) Using 8 workers of 8 for evacuation
[2023-04-10T20:09:35.720+0800][9263.088s] GC(917)   Pre Evacuate Collection Set: 0.0ms
[2023-04-10T20:09:35.720+0800][9263.088s] GC(917)   Evacuate Collection Set: 1.3ms
[2023-04-10T20:09:35.720+0800][9263.088s] GC(917)   Post Evacuate Collection Set: 0.7ms
[2023-04-10T20:09:35.720+0800][9263.088s] GC(917)   Other: 0.2ms
[2023-04-10T20:09:35.720+0800][9263.088s] GC(917) Eden regions: 297->0(296)
[2023-04-10T20:09:35.720+0800][9263.088s] GC(917) Survivor regions: 10->11(39)
[2023-04-10T20:09:35.720+0800][9263.088s] GC(917) Old regions: 49->49
[2023-04-10T20:09:35.720+0800][9263.088s] GC(917) Humongous regions: 18->13
[2023-04-10T20:09:35.721+0800][9263.088s] GC(917) Metaspace: 61749K(63952K)->61749K(63952K) NonClass: 54788K(56064K)->54788K(56064K) Class: 6961K(7888K)->6961K(7888K)
[2023-04-10T20:09:35.721+0800][9263.088s] GC(917) Pause Young (Normal) (G1 Evacuation Pause) 372M->72M(512M) 2.439ms
[2023-04-10T20:09:35.721+0800][9263.088s] GC(917) User=0.00s Sys=0.00s Real=0.00s
[2023-04-10T20:09:36.138+0800][9263.505s] GC(918) Pause Young (Normal) (G1 Evacuation Pause)
[2023-04-10T20:09:36.138+0800][9263.505s] GC(918) Using 8 workers of 8 for evacuation
[2023-04-10T20:09:36.139+0800][9263.507s] GC(918)   Pre Evacuate Collection Set: 0.0ms
[2023-04-10T20:09:36.139+0800][9263.507s] GC(918)   Evacuate Collection Set: 0.7ms
[2023-04-10T20:09:36.139+0800][9263.507s] GC(918)   Post Evacuate Collection Set: 0.7ms
[2023-04-10T20:09:36.139+0800][9263.507s] GC(918)   Other: 0.2ms
[2023-04-10T20:09:36.139+0800][9263.507s] GC(918) Eden regions: 296->0(301)
[2023-04-10T20:09:36.139+0800][9263.507s] GC(918) Survivor regions: 11->6(39)
[2023-04-10T20:09:36.139+0800][9263.507s] GC(918) Old regions: 49->49
[2023-04-10T20:09:36.139+0800][9263.507s] GC(918) Humongous regions: 14->5
[2023-04-10T20:09:36.139+0800][9263.507s] GC(918) Metaspace: 61749K(63952K)->61749K(63952K) NonClass: 54788K(56064K)->54788K(56064K) Class: 6961K(7888K)->6961K(7888K)
[2023-04-10T20:09:36.139+0800][9263.507s] GC(918) Pause Young (Normal) (G1 Evacuation Pause) 368M->59M(512M) 1.799ms
[2023-04-10T20:09:36.139+0800][9263.507s] GC(918) User=0.00s Sys=0.00s Real=0.00s
[2023-04-10T20:09:36.639+0800][9264.007s] GC(919) Pause Young (Normal) (G1 Evacuation Pause)
[2023-04-10T20:09:36.639+0800][9264.007s] GC(919) Using 8 workers of 8 for evacuation
[2023-04-10T20:09:36.641+0800][9264.009s] GC(919)   Pre Evacuate Collection Set: 0.0ms
[2023-04-10T20:09:36.641+0800][9264.009s] GC(919)   Evacuate Collection Set: 1.3ms
[2023-04-10T20:09:36.641+0800][9264.009s] GC(919)   Post Evacuate Collection Set: 0.5ms
[2023-04-10T20:09:36.641+0800][9264.009s] GC(919)   Other: 0.2ms
[2023-04-10T20:09:36.641+0800][9264.009s] GC(919) Eden regions: 301->0(296)
[2023-04-10T20:09:36.641+0800][9264.009s] GC(919) Survivor regions: 6->11(39)
[2023-04-10T20:09:36.641+0800][9264.009s] GC(919) Old regions: 49->49
[2023-04-10T20:09:36.641+0800][9264.009s] GC(919) Humongous regions: 8->7
[2023-04-10T20:09:36.641+0800][9264.009s] GC(919) Metaspace: 61749K(63952K)->61749K(63952K) NonClass: 54788K(56064K)->54788K(56064K) Class: 6961K(7888K)->6961K(7888K)
[2023-04-10T20:09:36.641+0800][9264.009s] GC(919) Pause Young (Normal) (G1 Evacuation Pause) 363M->66M(512M) 2.146ms
[2023-04-10T20:09:36.641+0800][9264.009s] GC(919) User=0.00s Sys=0.00s Real=0.00s
[2023-04-10T20:09:37.161+0800][9264.529s] GC(920) Pause Young (Normal) (G1 Evacuation Pause)
[2023-04-10T20:09:37.161+0800][9264.529s] GC(920) Using 8 workers of 8 for evacuation
[2023-04-10T20:09:37.163+0800][9264.531s] GC(920)   Pre Evacuate Collection Set: 0.0ms
[2023-04-10T20:09:37.163+0800][9264.531s] GC(920)   Evacuate Collection Set: 1.2ms
[2023-04-10T20:09:37.163+0800][9264.531s] GC(920)   Post Evacuate Collection Set: 0.7ms
[2023-04-10T20:09:37.163+0800][9264.531s] GC(920)   Other: 0.2ms
[2023-04-10T20:09:37.163+0800][9264.531s] GC(920) Eden regions: 296->0(296)
[2023-04-10T20:09:37.163+0800][9264.531s] GC(920) Survivor regions: 11->11(39)
[2023-04-10T20:09:37.163+0800][9264.531s] GC(920) Old regions: 49->49
[2023-04-10T20:09:37.163+0800][9264.531s] GC(920) Humongous regions: 25->13
[2023-04-10T20:09:37.163+0800][9264.531s] GC(920) Metaspace: 61749K(63952K)->61749K(63952K) NonClass: 54788K(56064K)->54788K(56064K) Class: 6961K(7888K)->6961K(7888K)
[2023-04-10T20:09:37.163+0800][9264.531s] GC(920) Pause Young (Normal) (G1 Evacuation Pause) 380M->72M(512M) 2.164ms
[2023-04-10T20:09:37.163+0800][9264.531s] GC(920) User=0.00s Sys=0.00s Real=0.00s
[2023-04-10T20:09:37.600+0800][9264.969s] GC(921) Pause Young (Normal) (G1 Evacuation Pause)
[2023-04-10T20:09:37.600+0800][9264.969s] GC(921) Using 8 workers of 8 for evacuation
[2023-04-10T20:09:37.602+0800][9264.970s] GC(921)   Pre Evacuate Collection Set: 0.0ms
[2023-04-10T20:09:37.602+0800][9264.970s] GC(921)   Evacuate Collection Set: 0.5ms
[2023-04-10T20:09:37.602+0800][9264.970s] GC(921)   Post Evacuate Collection Set: 0.7ms
[2023-04-10T20:09:37.602+0800][9264.970s] GC(921)   Other: 0.2ms
[2023-04-10T20:09:37.602+0800][9264.970s] GC(921) Eden regions: 296->0(303)
[2023-04-10T20:09:37.602+0800][9264.970s] GC(921) Survivor regions: 11->4(39)
[2023-04-10T20:09:37.602+0800][9264.970s] GC(921) Old regions: 49->49
[2023-04-10T20:09:37.602+0800][9264.970s] GC(921) Humongous regions: 14->5
[2023-04-10T20:09:37.602+0800][9264.970s] GC(921) Metaspace: 61749K(63952K)->61749K(63952K) NonClass: 54788K(56064K)->54788K(56064K) Class: 6961K(7888K)->6961K(7888K)
[2023-04-10T20:09:37.602+0800][9264.970s] GC(921) Pause Young (Normal) (G1 Evacuation Pause) 369M->57M(512M) 1.619ms
[2023-04-10T20:09:37.602+0800][9264.971s] GC(921) User=0.00s Sys=0.00s Real=0.00s
[2023-04-10T20:09:38.064+0800][9265.432s] GC(922) Pause Young (Normal) (G1 Evacuation Pause)
[2023-04-10T20:09:38.064+0800][9265.432s] GC(922) Using 8 workers of 8 for evacuation
[2023-04-10T20:09:38.066+0800][9265.433s] GC(922)   Pre Evacuate Collection Set: 0.0ms
[2023-04-10T20:09:38.066+0800][9265.433s] GC(922)   Evacuate Collection Set: 1.0ms
[2023-04-10T20:09:38.066+0800][9265.433s] GC(922)   Post Evacuate Collection Set: 0.5ms
[2023-04-10T20:09:38.066+0800][9265.433s] GC(922)   Other: 0.3ms
[2023-04-10T20:09:38.066+0800][9265.433s] GC(922) Eden regions: 303->0(297)
[2023-04-10T20:09:38.066+0800][9265.433s] GC(922) Survivor regions: 4->10(39)
[2023-04-10T20:09:38.066+0800][9265.433s] GC(922) Old regions: 49->49
[2023-04-10T20:09:38.066+0800][9265.433s] GC(922) Humongous regions: 7->6
[2023-04-10T20:09:38.066+0800][9265.434s] GC(922) Metaspace: 61749K(63952K)->61749K(63952K) NonClass: 54788K(56064K)->54788K(56064K) Class: 6961K(7888K)->6961K(7888K)
[2023-04-10T20:09:38.066+0800][9265.434s] GC(922) Pause Young (Normal) (G1 Evacuation Pause) 362M->64M(512M) 1.962ms
[2023-04-10T20:09:38.066+0800][9265.434s] GC(922) User=0.00s Sys=0.00s Real=0.00s
[2023-04-10T20:09:38.549+0800][9265.918s] GC(923) Pause Young (Normal) (G1 Evacuation Pause)
[2023-04-10T20:09:38.549+0800][9265.918s] GC(923) Using 8 workers of 8 for evacuation
[2023-04-10T20:09:38.552+0800][9265.919s] GC(923)   Pre Evacuate Collection Set: 0.0ms
[2023-04-10T20:09:38.552+0800][9265.920s] GC(923)   Evacuate Collection Set: 1.2ms
[2023-04-10T20:09:38.552+0800][9265.920s] GC(923)   Post Evacuate Collection Set: 0.5ms
[2023-04-10T20:09:38.552+0800][9265.920s] GC(923)   Other: 0.2ms
[2023-04-10T20:09:38.552+0800][9265.920s] GC(923) Eden regions: 297->0(296)
[2023-04-10T20:09:38.552+0800][9265.920s] GC(923) Survivor regions: 10->11(39)
[2023-04-10T20:09:38.552+0800][9265.920s] GC(923) Old regions: 49->49
[2023-04-10T20:09:38.552+0800][9265.920s] GC(923) Humongous regions: 25->13
[2023-04-10T20:09:38.552+0800][9265.920s] GC(923) Metaspace: 61749K(63952K)->61749K(63952K) NonClass: 54788K(56064K)->54788K(56064K) Class: 6961K(7888K)->6961K(7888K)
[2023-04-10T20:09:38.552+0800][9265.920s] GC(923) Pause Young (Normal) (G1 Evacuation Pause) 380M->72M(512M) 2.104ms
[2023-04-10T20:09:38.552+0800][9265.920s] GC(923) User=0.00s Sys=0.00s Real=0.00s
[2023-04-10T20:09:39.288+0800][9266.657s] GC(924) Pause Young (Normal) (G1 Evacuation Pause)
[2023-04-10T20:09:39.289+0800][9266.657s] GC(924) Using 8 workers of 8 for evacuation
[2023-04-10T20:09:39.289+0800][9266.658s] GC(924)   Pre Evacuate Collection Set: 0.0ms
[2023-04-10T20:09:39.289+0800][9266.658s] GC(924)   Evacuate Collection Set: 0.4ms
[2023-04-10T20:09:39.289+0800][9266.658s] GC(924)   Post Evacuate Collection Set: 0.4ms
[2023-04-10T20:09:39.290+0800][9266.658s] GC(924)   Other: 0.2ms
[2023-04-10T20:09:39.290+0800][9266.658s] GC(924) Eden regions: 296->0(305)
[2023-04-10T20:09:39.290+0800][9266.658s] GC(924) Survivor regions: 11->2(39)
[2023-04-10T20:09:39.290+0800][9266.658s] GC(924) Old regions: 49->49
[2023-04-10T20:09:39.290+0800][9266.658s] GC(924) Humongous regions: 13->4
[2023-04-10T20:09:39.290+0800][9266.658s] GC(924) Metaspace: 61749K(63952K)->61749K(63952K) NonClass: 54788K(56064K)->54788K(56064K) Class: 6961K(7888K)->6961K(7888K)
[2023-04-10T20:09:39.290+0800][9266.658s] GC(924) Pause Young (Normal) (G1 Evacuation Pause) 368M->54M(512M) 1.181ms
[2023-04-10T20:09:39.290+0800][9266.658s] GC(924) User=0.00s Sys=0.00s Real=0.00s
[2023-04-10T20:09:39.721+0800][9267.089s] GC(925) Pause Young (Normal) (G1 Evacuation Pause)
[2023-04-10T20:09:39.721+0800][9267.089s] GC(925) Using 8 workers of 8 for evacuation
[2023-04-10T20:09:39.723+0800][9267.091s] GC(925)   Pre Evacuate Collection Set: 0.0ms
[2023-04-10T20:09:39.723+0800][9267.091s] GC(925)   Evacuate Collection Set: 0.9ms
[2023-04-10T20:09:39.723+0800][9267.091s] GC(925)   Post Evacuate Collection Set: 0.6ms
[2023-04-10T20:09:39.723+0800][9267.091s] GC(925)   Other: 0.2ms
[2023-04-10T20:09:39.723+0800][9267.091s] GC(925) Eden regions: 305->0(299)
[2023-04-10T20:09:39.723+0800][9267.091s] GC(925) Survivor regions: 2->8(39)
[2023-04-10T20:09:39.723+0800][9267.091s] GC(925) Old regions: 49->49
[2023-04-10T20:09:39.723+0800][9267.091s] GC(925) Humongous regions: 7->6
[2023-04-10T20:09:39.723+0800][9267.091s] GC(925) Metaspace: 61750K(63952K)->61750K(63952K) NonClass: 54789K(56064K)->54789K(56064K) Class: 6961K(7888K)->6961K(7888K)
[2023-04-10T20:09:39.723+0800][9267.091s] GC(925) Pause Young (Normal) (G1 Evacuation Pause) 362M->62M(512M) 1.828ms
[2023-04-10T20:09:39.723+0800][9267.091s] GC(925) User=0.00s Sys=0.00s Real=0.00s
[2023-04-10T20:09:40.394+0800][9267.762s] GC(926) Pause Young (Normal) (G1 Evacuation Pause)
[2023-04-10T20:09:40.394+0800][9267.762s] GC(926) Using 8 workers of 8 for evacuation
[2023-04-10T20:09:40.395+0800][9267.763s] GC(926)   Pre Evacuate Collection Set: 0.0ms
[2023-04-10T20:09:40.395+0800][9267.763s] GC(926)   Evacuate Collection Set: 1.1ms
[2023-04-10T20:09:40.395+0800][9267.763s] GC(926)   Post Evacuate Collection Set: 0.4ms
[2023-04-10T20:09:40.395+0800][9267.763s] GC(926)   Other: 0.2ms
[2023-04-10T20:09:40.395+0800][9267.763s] GC(926) Eden regions: 299->0(297)
[2023-04-10T20:09:40.396+0800][9267.763s] GC(926) Survivor regions: 8->10(39)
[2023-04-10T20:09:40.396+0800][9267.763s] GC(926) Old regions: 49->49
[2023-04-10T20:09:40.396+0800][9267.763s] GC(926) Humongous regions: 20->13
[2023-04-10T20:09:40.396+0800][9267.764s] GC(926) Metaspace: 61750K(63952K)->61750K(63952K) NonClass: 54789K(56064K)->54789K(56064K) Class: 6961K(7888K)->6961K(7888K)
[2023-04-10T20:09:40.396+0800][9267.764s] GC(926) Pause Young (Normal) (G1 Evacuation Pause) 375M->71M(512M) 1.927ms
[2023-04-10T20:09:40.396+0800][9267.764s] GC(926) User=0.00s Sys=0.00s Real=0.00s
[2023-04-10T20:09:40.898+0800][9268.266s] GC(927) Pause Young (Normal) (G1 Evacuation Pause)
[2023-04-10T20:09:40.898+0800][9268.266s] GC(927) Using 8 workers of 8 for evacuation
[2023-04-10T20:09:40.900+0800][9268.268s] GC(927)   Pre Evacuate Collection Set: 0.0ms
[2023-04-10T20:09:40.900+0800][9268.269s] GC(927)   Evacuate Collection Set: 1.4ms
[2023-04-10T20:09:40.900+0800][9268.269s] GC(927)   Post Evacuate Collection Set: 0.8ms
[2023-04-10T20:09:40.900+0800][9268.269s] GC(927)   Other: 0.2ms
[2023-04-10T20:09:40.900+0800][9268.269s] GC(927) Eden regions: 297->0(296)
[2023-04-10T20:09:40.900+0800][9268.269s] GC(927) Survivor regions: 10->11(39)
[2023-04-10T20:09:40.900+0800][9268.269s] GC(927) Old regions: 49->49
[2023-04-10T20:09:40.900+0800][9268.269s] GC(927) Humongous regions: 18->13
[2023-04-10T20:09:40.900+0800][9268.269s] GC(927) Metaspace: 61750K(63952K)->61750K(63952K) NonClass: 54789K(56064K)->54789K(56064K) Class: 6961K(7888K)->6961K(7888K)
[2023-04-10T20:09:40.901+0800][9268.269s] GC(927) Pause Young (Normal) (G1 Evacuation Pause) 373M->71M(512M) 2.705ms
[2023-04-10T20:09:40.901+0800][9268.269s] GC(927) User=0.00s Sys=0.00s Real=0.00s
[2023-04-10T20:09:41.409+0800][9268.777s] GC(928) Pause Young (Normal) (G1 Evacuation Pause)
[2023-04-10T20:09:41.409+0800][9268.777s] GC(928) Using 8 workers of 8 for evacuation
[2023-04-10T20:09:41.411+0800][9268.779s] GC(928)   Pre Evacuate Collection Set: 0.0ms
[2023-04-10T20:09:41.411+0800][9268.779s] GC(928)   Evacuate Collection Set: 0.8ms
[2023-04-10T20:09:41.411+0800][9268.779s] GC(928)   Post Evacuate Collection Set: 0.5ms
[2023-04-10T20:09:41.411+0800][9268.779s] GC(928)   Other: 0.2ms
[2023-04-10T20:09:41.411+0800][9268.779s] GC(928) Eden regions: 296->0(301)
[2023-04-10T20:09:41.411+0800][9268.779s] GC(928) Survivor regions: 11->6(39)
[2023-04-10T20:09:41.411+0800][9268.779s] GC(928) Old regions: 49->49
[2023-04-10T20:09:41.411+0800][9268.779s] GC(928) Humongous regions: 14->5
[2023-04-10T20:09:41.411+0800][9268.779s] GC(928) Metaspace: 61751K(63952K)->61751K(63952K) NonClass: 54790K(56064K)->54790K(56064K) Class: 6961K(7888K)->6961K(7888K)
[2023-04-10T20:09:41.411+0800][9268.779s] GC(928) Pause Young (Normal) (G1 Evacuation Pause) 368M->59M(512M) 1.798ms
[2023-04-10T20:09:41.411+0800][9268.779s] GC(928) User=0.00s Sys=0.00s Real=0.00s
[2023-04-10T20:15:36.648+0800][9624.015s] GC(929) Pause Young (Normal) (G1 Evacuation Pause)
[2023-04-10T20:15:36.648+0800][9624.016s] GC(929) Using 8 workers of 8 for evacuation
[2023-04-10T20:15:36.649+0800][9624.017s] GC(929)   Pre Evacuate Collection Set: 0.0ms
[2023-04-10T20:15:36.649+0800][9624.017s] GC(929)   Evacuate Collection Set: 0.7ms
[2023-04-10T20:15:36.650+0800][9624.017s] GC(929)   Post Evacuate Collection Set: 0.7ms
[2023-04-10T20:15:36.650+0800][9624.017s] GC(929)   Other: 0.2ms
[2023-04-10T20:15:36.650+0800][9624.017s] GC(929) Eden regions: 301->0(305)
[2023-04-10T20:15:36.650+0800][9624.017s] GC(929) Survivor regions: 6->2(39)
[2023-04-10T20:15:36.650+0800][9624.017s] GC(929) Old regions: 49->49
[2023-04-10T20:15:36.650+0800][9624.017s] GC(929) Humongous regions: 7->4
[2023-04-10T20:15:36.650+0800][9624.017s] GC(929) Metaspace: 61829K(63952K)->61829K(63952K) NonClass: 54867K(56064K)->54867K(56064K) Class: 6961K(7888K)->6961K(7888K)
[2023-04-10T20:15:36.650+0800][9624.017s] GC(929) Pause Young (Normal) (G1 Evacuation Pause) 362M->54M(512M) 1.859ms
[2023-04-10T20:15:36.650+0800][9624.017s] GC(929) User=0.00s Sys=0.00s Real=0.00s
[2023-04-10T20:15:37.065+0800][9624.433s] GC(930) Pause Young (Normal) (G1 Evacuation Pause)
[2023-04-10T20:15:37.065+0800][9624.433s] GC(930) Using 8 workers of 8 for evacuation
[2023-04-10T20:15:37.067+0800][9624.435s] GC(930)   Pre Evacuate Collection Set: 0.0ms
[2023-04-10T20:15:37.067+0800][9624.435s] GC(930)   Evacuate Collection Set: 1.0ms
[2023-04-10T20:15:37.067+0800][9624.435s] GC(930)   Post Evacuate Collection Set: 0.5ms
[2023-04-10T20:15:37.067+0800][9624.435s] GC(930)   Other: 0.2ms
[2023-04-10T20:15:37.067+0800][9624.435s] GC(930) Eden regions: 305->0(299)
[2023-04-10T20:15:37.067+0800][9624.435s] GC(930) Survivor regions: 2->8(39)
[2023-04-10T20:15:37.067+0800][9624.435s] GC(930) Old regions: 49->49
[2023-04-10T20:15:37.067+0800][9624.435s] GC(930) Humongous regions: 7->6
[2023-04-10T20:15:37.067+0800][9624.435s] GC(930) Metaspace: 61829K(63952K)->61829K(63952K) NonClass: 54867K(56064K)->54867K(56064K) Class: 6961K(7888K)->6961K(7888K)
[2023-04-10T20:15:37.067+0800][9624.435s] GC(930) Pause Young (Normal) (G1 Evacuation Pause) 362M->62M(512M) 1.929ms
[2023-04-10T20:15:37.067+0800][9624.435s] GC(930) User=0.00s Sys=0.00s Real=0.00s
[2023-04-10T20:15:37.475+0800][9624.843s] GC(931) Pause Young (Normal) (G1 Evacuation Pause)
[2023-04-10T20:15:37.475+0800][9624.843s] GC(931) Using 8 workers of 8 for evacuation
[2023-04-10T20:15:37.477+0800][9624.845s] GC(931)   Pre Evacuate Collection Set: 0.0ms
[2023-04-10T20:15:37.477+0800][9624.845s] GC(931)   Evacuate Collection Set: 1.3ms
[2023-04-10T20:15:37.477+0800][9624.845s] GC(931)   Post Evacuate Collection Set: 0.4ms
[2023-04-10T20:15:37.477+0800][9624.845s] GC(931)   Other: 0.2ms
[2023-04-10T20:15:37.477+0800][9624.845s] GC(931) Eden regions: 299->0(297)
[2023-04-10T20:15:37.477+0800][9624.845s] GC(931) Survivor regions: 8->10(39)
[2023-04-10T20:15:37.477+0800][9624.845s] GC(931) Old regions: 49->49
[2023-04-10T20:15:37.477+0800][9624.845s] GC(931) Humongous regions: 12->12
[2023-04-10T20:15:37.477+0800][9624.845s] GC(931) Metaspace: 61829K(63952K)->61829K(63952K) NonClass: 54867K(56064K)->54867K(56064K) Class: 6961K(7888K)->6961K(7888K)
[2023-04-10T20:15:37.477+0800][9624.845s] GC(931) Pause Young (Normal) (G1 Evacuation Pause) 367M->70M(512M) 2.255ms
[2023-04-10T20:15:37.477+0800][9624.845s] GC(931) User=0.00s Sys=0.00s Real=0.00s
[2023-04-10T20:15:37.942+0800][9625.310s] GC(932) Pause Young (Normal) (G1 Evacuation Pause)
[2023-04-10T20:15:37.942+0800][9625.310s] GC(932) Using 8 workers of 8 for evacuation
[2023-04-10T20:15:37.943+0800][9625.312s] GC(932)   Pre Evacuate Collection Set: 0.0ms
[2023-04-10T20:15:37.943+0800][9625.312s] GC(932)   Evacuate Collection Set: 1.4ms
[2023-04-10T20:15:37.943+0800][9625.312s] GC(932)   Post Evacuate Collection Set: 0.7ms
[2023-04-10T20:15:37.944+0800][9625.312s] GC(932)   Other: 0.2ms
[2023-04-10T20:15:37.944+0800][9625.312s] GC(932) Eden regions: 297->0(295)
[2023-04-10T20:15:37.944+0800][9625.312s] GC(932) Survivor regions: 10->12(39)
[2023-04-10T20:15:37.944+0800][9625.312s] GC(932) Old regions: 49->49
[2023-04-10T20:15:37.944+0800][9625.312s] GC(932) Humongous regions: 25->13
[2023-04-10T20:15:37.944+0800][9625.312s] GC(932) Metaspace: 61829K(63952K)->61829K(63952K) NonClass: 54867K(56064K)->54867K(56064K) Class: 6961K(7888K)->6961K(7888K)
[2023-04-10T20:15:37.944+0800][9625.312s] GC(932) Pause Young (Normal) (G1 Evacuation Pause) 380M->72M(512M) 2.438ms
[2023-04-10T20:15:37.944+0800][9625.312s] GC(932) User=0.00s Sys=0.00s Real=0.00s
[2023-04-10T20:15:38.355+0800][9625.724s] GC(933) Pause Young (Normal) (G1 Evacuation Pause)
[2023-04-10T20:15:38.356+0800][9625.724s] GC(933) Using 8 workers of 8 for evacuation
[2023-04-10T20:15:38.357+0800][9625.726s] GC(933)   Pre Evacuate Collection Set: 0.0ms
[2023-04-10T20:15:38.357+0800][9625.726s] GC(933)   Evacuate Collection Set: 0.8ms
[2023-04-10T20:15:38.357+0800][9625.726s] GC(933)   Post Evacuate Collection Set: 0.7ms
[2023-04-10T20:15:38.357+0800][9625.726s] GC(933)   Other: 0.2ms
[2023-04-10T20:15:38.357+0800][9625.726s] GC(933) Eden regions: 295->0(301)
[2023-04-10T20:15:38.357+0800][9625.726s] GC(933) Survivor regions: 12->6(39)
[2023-04-10T20:15:38.357+0800][9625.726s] GC(933) Old regions: 49->49
[2023-04-10T20:15:38.357+0800][9625.726s] GC(933) Humongous regions: 14->5
[2023-04-10T20:15:38.357+0800][9625.726s] GC(933) Metaspace: 61829K(63952K)->61829K(63952K) NonClass: 54867K(56064K)->54867K(56064K) Class: 6961K(7888K)->6961K(7888K)
[2023-04-10T20:15:38.357+0800][9625.726s] GC(933) Pause Young (Normal) (G1 Evacuation Pause) 368M->59M(512M) 1.795ms
[2023-04-10T20:15:38.357+0800][9625.726s] GC(933) User=0.00s Sys=0.00s Real=0.00s
[2023-04-10T20:15:38.772+0800][9626.139s] GC(934) Pause Young (Normal) (G1 Evacuation Pause)
[2023-04-10T20:15:38.772+0800][9626.140s] GC(934) Using 8 workers of 8 for evacuation
[2023-04-10T20:15:38.774+0800][9626.142s] GC(934)   Pre Evacuate Collection Set: 0.0ms
[2023-04-10T20:15:38.774+0800][9626.142s] GC(934)   Evacuate Collection Set: 1.3ms
[2023-04-10T20:15:38.774+0800][9626.142s] GC(934)   Post Evacuate Collection Set: 0.7ms
[2023-04-10T20:15:38.774+0800][9626.142s] GC(934)   Other: 0.2ms
[2023-04-10T20:15:38.774+0800][9626.142s] GC(934) Eden regions: 301->0(296)
[2023-04-10T20:15:38.774+0800][9626.142s] GC(934) Survivor regions: 6->11(39)
[2023-04-10T20:15:38.774+0800][9626.142s] GC(934) Old regions: 49->49
[2023-04-10T20:15:38.774+0800][9626.142s] GC(934) Humongous regions: 8->7
[2023-04-10T20:15:38.774+0800][9626.142s] GC(934) Metaspace: 61829K(63952K)->61829K(63952K) NonClass: 54867K(56064K)->54867K(56064K) Class: 6961K(7888K)->6961K(7888K)
[2023-04-10T20:15:38.774+0800][9626.142s] GC(934) Pause Young (Normal) (G1 Evacuation Pause) 363M->66M(512M) 2.285ms
[2023-04-10T20:15:38.774+0800][9626.142s] GC(934) User=0.00s Sys=0.00s Real=0.00s
[2023-04-10T20:15:39.269+0800][9626.637s] GC(935) Pause Young (Normal) (G1 Evacuation Pause)
[2023-04-10T20:15:39.269+0800][9626.637s] GC(935) Using 8 workers of 8 for evacuation
[2023-04-10T20:15:39.272+0800][9626.639s] GC(935)   Pre Evacuate Collection Set: 0.0ms
[2023-04-10T20:15:39.272+0800][9626.639s] GC(935)   Evacuate Collection Set: 1.4ms
[2023-04-10T20:15:39.272+0800][9626.639s] GC(935)   Post Evacuate Collection Set: 0.6ms
[2023-04-10T20:15:39.272+0800][9626.639s] GC(935)   Other: 0.2ms
[2023-04-10T20:15:39.272+0800][9626.639s] GC(935) Eden regions: 296->0(296)
[2023-04-10T20:15:39.272+0800][9626.639s] GC(935) Survivor regions: 11->11(39)
[2023-04-10T20:15:39.272+0800][9626.639s] GC(935) Old regions: 49->49
[2023-04-10T20:15:39.272+0800][9626.639s] GC(935) Humongous regions: 25->13
[2023-04-10T20:15:39.272+0800][9626.639s] GC(935) Metaspace: 61829K(63952K)->61829K(63952K) NonClass: 54867K(56064K)->54867K(56064K) Class: 6961K(7888K)->6961K(7888K)
[2023-04-10T20:15:39.272+0800][9626.639s] GC(935) Pause Young (Normal) (G1 Evacuation Pause) 380M->72M(512M) 2.368ms
[2023-04-10T20:15:39.272+0800][9626.639s] GC(935) User=0.00s Sys=0.00s Real=0.00s
[2023-04-10T20:15:39.661+0800][9627.029s] GC(936) Pause Young (Normal) (G1 Evacuation Pause)
[2023-04-10T20:15:39.661+0800][9627.029s] GC(936) Using 8 workers of 8 for evacuation
[2023-04-10T20:15:39.663+0800][9627.031s] GC(936)   Pre Evacuate Collection Set: 0.0ms
[2023-04-10T20:15:39.663+0800][9627.031s] GC(936)   Evacuate Collection Set: 0.7ms
[2023-04-10T20:15:39.663+0800][9627.031s] GC(936)   Post Evacuate Collection Set: 0.6ms
[2023-04-10T20:15:39.663+0800][9627.031s] GC(936)   Other: 0.2ms
[2023-04-10T20:15:39.663+0800][9627.031s] GC(936) Eden regions: 296->0(303)
[2023-04-10T20:15:39.663+0800][9627.031s] GC(936) Survivor regions: 11->4(39)
[2023-04-10T20:15:39.663+0800][9627.031s] GC(936) Old regions: 49->49
[2023-04-10T20:15:39.663+0800][9627.031s] GC(936) Humongous regions: 13->4
[2023-04-10T20:15:39.663+0800][9627.031s] GC(936) Metaspace: 61829K(63952K)->61829K(63952K) NonClass: 54867K(56064K)->54867K(56064K) Class: 6961K(7888K)->6961K(7888K)
[2023-04-10T20:15:39.663+0800][9627.031s] GC(936) Pause Young (Normal) (G1 Evacuation Pause) 368M->56M(512M) 1.601ms
[2023-04-10T20:15:39.663+0800][9627.031s] GC(936) User=0.00s Sys=0.00s Real=0.00s
[2023-04-10T20:15:40.067+0800][9627.435s] GC(937) Pause Young (Normal) (G1 Evacuation Pause)
[2023-04-10T20:15:40.067+0800][9627.435s] GC(937) Using 8 workers of 8 for evacuation
[2023-04-10T20:15:40.069+0800][9627.437s] GC(937)   Pre Evacuate Collection Set: 0.0ms
[2023-04-10T20:15:40.069+0800][9627.437s] GC(937)   Evacuate Collection Set: 1.1ms
[2023-04-10T20:15:40.069+0800][9627.437s] GC(937)   Post Evacuate Collection Set: 0.7ms
[2023-04-10T20:15:40.069+0800][9627.437s] GC(937)   Other: 0.2ms
[2023-04-10T20:15:40.069+0800][9627.437s] GC(937) Eden regions: 303->0(297)
[2023-04-10T20:15:40.069+0800][9627.437s] GC(937) Survivor regions: 4->10(39)
[2023-04-10T20:15:40.069+0800][9627.437s] GC(937) Old regions: 49->49
[2023-04-10T20:15:40.069+0800][9627.437s] GC(937) Humongous regions: 7->6
[2023-04-10T20:15:40.069+0800][9627.437s] GC(937) Metaspace: 61829K(63952K)->61829K(63952K) NonClass: 54867K(56064K)->54867K(56064K) Class: 6961K(7888K)->6961K(7888K)
[2023-04-10T20:15:40.069+0800][9627.437s] GC(937) Pause Young (Normal) (G1 Evacuation Pause) 362M->64M(512M) 2.253ms
[2023-04-10T20:15:40.069+0800][9627.437s] GC(937) User=0.00s Sys=0.00s Real=0.00s
[2023-04-10T20:15:40.502+0800][9627.870s] GC(938) Pause Young (Normal) (G1 Evacuation Pause)
[2023-04-10T20:15:40.502+0800][9627.870s] GC(938) Using 8 workers of 8 for evacuation
[2023-04-10T20:15:40.505+0800][9627.872s] GC(938)   Pre Evacuate Collection Set: 0.0ms
[2023-04-10T20:15:40.505+0800][9627.872s] GC(938)   Evacuate Collection Set: 1.4ms
[2023-04-10T20:15:40.505+0800][9627.872s] GC(938)   Post Evacuate Collection Set: 0.6ms
[2023-04-10T20:15:40.505+0800][9627.873s] GC(938)   Other: 0.2ms
[2023-04-10T20:15:40.505+0800][9627.873s] GC(938) Eden regions: 297->0(295)
[2023-04-10T20:15:40.505+0800][9627.873s] GC(938) Survivor regions: 10->12(39)
[2023-04-10T20:15:40.505+0800][9627.873s] GC(938) Old regions: 49->49
[2023-04-10T20:15:40.505+0800][9627.873s] GC(938) Humongous regions: 25->13
[2023-04-10T20:15:40.505+0800][9627.873s] GC(938) Metaspace: 61829K(63952K)->61829K(63952K) NonClass: 54867K(56064K)->54867K(56064K) Class: 6961K(7888K)->6961K(7888K)
[2023-04-10T20:15:40.505+0800][9627.873s] GC(938) Pause Young (Normal) (G1 Evacuation Pause) 380M->73M(512M) 2.391ms
[2023-04-10T20:15:40.505+0800][9627.873s] GC(938) User=0.00s Sys=0.00s Real=0.00s
[2023-04-10T20:15:41.010+0800][9628.378s] GC(939) Pause Young (Normal) (G1 Evacuation Pause)
[2023-04-10T20:15:41.010+0800][9628.378s] GC(939) Using 8 workers of 8 for evacuation
[2023-04-10T20:15:41.011+0800][9628.379s] GC(939)   Pre Evacuate Collection Set: 0.0ms
[2023-04-10T20:15:41.011+0800][9628.379s] GC(939)   Evacuate Collection Set: 0.6ms
[2023-04-10T20:15:41.011+0800][9628.379s] GC(939)   Post Evacuate Collection Set: 0.7ms
[2023-04-10T20:15:41.011+0800][9628.379s] GC(939)   Other: 0.1ms
[2023-04-10T20:15:41.012+0800][9628.379s] GC(939) Eden regions: 295->0(305)
[2023-04-10T20:15:41.012+0800][9628.379s] GC(939) Survivor regions: 12->2(39)
[2023-04-10T20:15:41.012+0800][9628.379s] GC(939) Old regions: 49->49
[2023-04-10T20:15:41.012+0800][9628.379s] GC(939) Humongous regions: 13->4
[2023-04-10T20:15:41.012+0800][9628.379s] GC(939) Metaspace: 61829K(63952K)->61829K(63952K) NonClass: 54867K(56064K)->54867K(56064K) Class: 6961K(7888K)->6961K(7888K)
[2023-04-10T20:15:41.012+0800][9628.379s] GC(939) Pause Young (Normal) (G1 Evacuation Pause) 368M->54M(512M) 1.558ms
[2023-04-10T20:15:41.012+0800][9628.379s] GC(939) User=0.02s Sys=0.00s Real=0.00s
[2023-04-10T20:15:41.414+0800][9628.782s] GC(940) Pause Young (Normal) (G1 Evacuation Pause)
[2023-04-10T20:15:41.414+0800][9628.782s] GC(940) Using 8 workers of 8 for evacuation
[2023-04-10T20:15:41.415+0800][9628.783s] GC(940)   Pre Evacuate Collection Set: 0.0ms
[2023-04-10T20:15:41.415+0800][9628.784s] GC(940)   Evacuate Collection Set: 1.0ms
[2023-04-10T20:15:41.415+0800][9628.784s] GC(940)   Post Evacuate Collection Set: 0.5ms
[2023-04-10T20:15:41.416+0800][9628.784s] GC(940)   Other: 0.2ms
[2023-04-10T20:15:41.416+0800][9628.784s] GC(940) Eden regions: 305->0(299)
[2023-04-10T20:15:41.416+0800][9628.784s] GC(940) Survivor regions: 2->8(39)
[2023-04-10T20:15:41.416+0800][9628.784s] GC(940) Old regions: 49->49
[2023-04-10T20:15:41.416+0800][9628.784s] GC(940) Humongous regions: 7->6
[2023-04-10T20:15:41.416+0800][9628.784s] GC(940) Metaspace: 61829K(63952K)->61829K(63952K) NonClass: 54867K(56064K)->54867K(56064K) Class: 6961K(7888K)->6961K(7888K)
[2023-04-10T20:15:41.416+0800][9628.784s] GC(940) Pause Young (Normal) (G1 Evacuation Pause) 362M->62M(512M) 1.955ms
[2023-04-10T20:15:41.416+0800][9628.784s] GC(940) User=0.00s Sys=0.00s Real=0.00s
[2023-04-10T20:15:41.811+0800][9629.179s] GC(941) Pause Young (Normal) (G1 Evacuation Pause)
[2023-04-10T20:15:41.811+0800][9629.179s] GC(941) Using 8 workers of 8 for evacuation
[2023-04-10T20:15:41.813+0800][9629.181s] GC(941)   Pre Evacuate Collection Set: 0.0ms
[2023-04-10T20:15:41.813+0800][9629.181s] GC(941)   Evacuate Collection Set: 1.2ms
[2023-04-10T20:15:41.813+0800][9629.181s] GC(941)   Post Evacuate Collection Set: 0.6ms
[2023-04-10T20:15:41.813+0800][9629.181s] GC(941)   Other: 0.2ms
[2023-04-10T20:15:41.813+0800][9629.181s] GC(941) Eden regions: 299->0(297)
[2023-04-10T20:15:41.813+0800][9629.181s] GC(941) Survivor regions: 8->10(39)
[2023-04-10T20:15:41.813+0800][9629.181s] GC(941) Old regions: 49->49
[2023-04-10T20:15:41.813+0800][9629.181s] GC(941) Humongous regions: 15->13
[2023-04-10T20:15:41.813+0800][9629.181s] GC(941) Metaspace: 61829K(63952K)->61829K(63952K) NonClass: 54867K(56064K)->54867K(56064K) Class: 6961K(7888K)->6961K(7888K)
[2023-04-10T20:15:41.813+0800][9629.181s] GC(941) Pause Young (Normal) (G1 Evacuation Pause) 370M->71M(512M) 2.276ms
[2023-04-10T20:15:41.813+0800][9629.181s] GC(941) User=0.00s Sys=0.00s Real=0.00s
[2023-04-10T20:15:42.255+0800][9629.624s] GC(942) Pause Young (Normal) (G1 Evacuation Pause)
[2023-04-10T20:15:42.255+0800][9629.624s] GC(942) Using 8 workers of 8 for evacuation
[2023-04-10T20:15:42.258+0800][9629.626s] GC(942)   Pre Evacuate Collection Set: 0.0ms
[2023-04-10T20:15:42.258+0800][9629.626s] GC(942)   Evacuate Collection Set: 1.3ms
[2023-04-10T20:15:42.258+0800][9629.626s] GC(942)   Post Evacuate Collection Set: 0.7ms
[2023-04-10T20:15:42.258+0800][9629.626s] GC(942)   Other: 0.2ms
[2023-04-10T20:15:42.258+0800][9629.626s] GC(942) Eden regions: 297->0(296)
[2023-04-10T20:15:42.258+0800][9629.626s] GC(942) Survivor regions: 10->11(39)
[2023-04-10T20:15:42.258+0800][9629.626s] GC(942) Old regions: 49->49
[2023-04-10T20:15:42.258+0800][9629.626s] GC(942) Humongous regions: 23->13
[2023-04-10T20:15:42.258+0800][9629.626s] GC(942) Metaspace: 61829K(63952K)->61829K(63952K) NonClass: 54867K(56064K)->54867K(56064K) Class: 6961K(7888K)->6961K(7888K)
[2023-04-10T20:15:42.258+0800][9629.626s] GC(942) Pause Young (Normal) (G1 Evacuation Pause) 378M->72M(512M) 2.381ms
[2023-04-10T20:15:42.258+0800][9629.626s] GC(942) User=0.00s Sys=0.00s Real=0.00s
[2023-04-10T20:15:42.699+0800][9630.068s] GC(943) Pause Young (Normal) (G1 Evacuation Pause)
[2023-04-10T20:15:42.699+0800][9630.068s] GC(943) Using 8 workers of 8 for evacuation
[2023-04-10T20:15:42.701+0800][9630.069s] GC(943)   Pre Evacuate Collection Set: 0.0ms
[2023-04-10T20:15:42.701+0800][9630.069s] GC(943)   Evacuate Collection Set: 0.9ms
[2023-04-10T20:15:42.701+0800][9630.069s] GC(943)   Post Evacuate Collection Set: 0.7ms
[2023-04-10T20:15:42.701+0800][9630.069s] GC(943)   Other: 0.2ms
[2023-04-10T20:15:42.701+0800][9630.069s] GC(943) Eden regions: 296->0(300)
[2023-04-10T20:15:42.701+0800][9630.069s] GC(943) Survivor regions: 11->7(39)
[2023-04-10T20:15:42.701+0800][9630.069s] GC(943) Old regions: 49->50
[2023-04-10T20:15:42.701+0800][9630.069s] GC(943) Humongous regions: 14->5
[2023-04-10T20:15:42.701+0800][9630.069s] GC(943) Metaspace: 61829K(63952K)->61829K(63952K) NonClass: 54867K(56064K)->54867K(56064K) Class: 6961K(7888K)->6961K(7888K)
[2023-04-10T20:15:42.701+0800][9630.069s] GC(943) Pause Young (Normal) (G1 Evacuation Pause) 369M->60M(512M) 1.919ms
[2023-04-10T20:15:42.701+0800][9630.069s] GC(943) User=0.00s Sys=0.00s Real=0.00s
[2023-04-10T20:15:43.082+0800][9630.450s] GC(944) Pause Young (Normal) (G1 Evacuation Pause)
[2023-04-10T20:15:43.082+0800][9630.450s] GC(944) Using 8 workers of 8 for evacuation
[2023-04-10T20:15:43.084+0800][9630.452s] GC(944)   Pre Evacuate Collection Set: 0.0ms
[2023-04-10T20:15:43.084+0800][9630.452s] GC(944)   Evacuate Collection Set: 1.3ms
[2023-04-10T20:15:43.084+0800][9630.452s] GC(944)   Post Evacuate Collection Set: 0.5ms
[2023-04-10T20:15:43.084+0800][9630.452s] GC(944)   Other: 0.2ms
[2023-04-10T20:15:43.084+0800][9630.452s] GC(944) Eden regions: 300->0(296)
[2023-04-10T20:15:43.084+0800][9630.452s] GC(944) Survivor regions: 7->11(39)
[2023-04-10T20:15:43.084+0800][9630.452s] GC(944) Old regions: 50->50
[2023-04-10T20:15:43.084+0800][9630.452s] GC(944) Humongous regions: 8->7
[2023-04-10T20:15:43.084+0800][9630.452s] GC(944) Metaspace: 61829K(63952K)->61829K(63952K) NonClass: 54867K(56064K)->54867K(56064K) Class: 6961K(7888K)->6961K(7888K)
[2023-04-10T20:15:43.084+0800][9630.452s] GC(944) Pause Young (Normal) (G1 Evacuation Pause) 363M->67M(512M) 2.201ms
[2023-04-10T20:15:43.084+0800][9630.452s] GC(944) User=0.00s Sys=0.00s Real=0.00s
[2023-04-10T20:15:43.615+0800][9630.984s] GC(945) Pause Young (Normal) (G1 Evacuation Pause)
[2023-04-10T20:15:43.615+0800][9630.984s] GC(945) Using 8 workers of 8 for evacuation
[2023-04-10T20:15:43.617+0800][9630.986s] GC(945)   Pre Evacuate Collection Set: 0.0ms
[2023-04-10T20:15:43.617+0800][9630.986s] GC(945)   Evacuate Collection Set: 1.1ms
[2023-04-10T20:15:43.617+0800][9630.986s] GC(945)   Post Evacuate Collection Set: 0.7ms
[2023-04-10T20:15:43.617+0800][9630.986s] GC(945)   Other: 0.2ms
[2023-04-10T20:15:43.617+0800][9630.986s] GC(945) Eden regions: 296->0(296)
[2023-04-10T20:15:43.617+0800][9630.986s] GC(945) Survivor regions: 11->11(39)
[2023-04-10T20:15:43.617+0800][9630.986s] GC(945) Old regions: 50->50
[2023-04-10T20:15:43.617+0800][9630.986s] GC(945) Humongous regions: 25->13
[2023-04-10T20:15:43.617+0800][9630.986s] GC(945) Metaspace: 61829K(63952K)->61829K(63952K) NonClass: 54867K(56064K)->54867K(56064K) Class: 6961K(7888K)->6961K(7888K)
[2023-04-10T20:15:43.618+0800][9630.986s] GC(945) Pause Young (Normal) (G1 Evacuation Pause) 381M->73M(512M) 2.337ms
[2023-04-10T20:15:43.618+0800][9630.986s] GC(945) User=0.00s Sys=0.00s Real=0.00s
[2023-04-10T20:15:44.029+0800][9631.397s] GC(946) Pause Young (Normal) (G1 Evacuation Pause)
[2023-04-10T20:15:44.029+0800][9631.397s] GC(946) Using 8 workers of 8 for evacuation
[2023-04-10T20:15:44.030+0800][9631.399s] GC(946)   Pre Evacuate Collection Set: 0.0ms
[2023-04-10T20:15:44.030+0800][9631.399s] GC(946)   Evacuate Collection Set: 0.5ms
[2023-04-10T20:15:44.030+0800][9631.399s] GC(946)   Post Evacuate Collection Set: 0.7ms
[2023-04-10T20:15:44.030+0800][9631.399s] GC(946)   Other: 0.2ms
[2023-04-10T20:15:44.030+0800][9631.399s] GC(946) Eden regions: 296->0(303)
[2023-04-10T20:15:44.030+0800][9631.399s] GC(946) Survivor regions: 11->4(39)
[2023-04-10T20:15:44.030+0800][9631.399s] GC(946) Old regions: 50->50
[2023-04-10T20:15:44.030+0800][9631.399s] GC(946) Humongous regions: 14->5
[2023-04-10T20:15:44.030+0800][9631.399s] GC(946) Metaspace: 61829K(63952K)->61829K(63952K) NonClass: 54867K(56064K)->54867K(56064K) Class: 6961K(7888K)->6961K(7888K)
[2023-04-10T20:15:44.030+0800][9631.399s] GC(946) Pause Young (Normal) (G1 Evacuation Pause) 370M->58M(512M) 1.529ms
[2023-04-10T20:15:44.030+0800][9631.399s] GC(946) User=0.00s Sys=0.00s Real=0.00s
[2023-04-10T20:15:44.400+0800][9631.769s] GC(947) Pause Young (Normal) (G1 Evacuation Pause)
[2023-04-10T20:15:44.400+0800][9631.769s] GC(947) Using 8 workers of 8 for evacuation
[2023-04-10T20:15:44.402+0800][9631.771s] GC(947)   Pre Evacuate Collection Set: 0.0ms
[2023-04-10T20:15:44.402+0800][9631.771s] GC(947)   Evacuate Collection Set: 1.0ms
[2023-04-10T20:15:44.402+0800][9631.771s] GC(947)   Post Evacuate Collection Set: 0.7ms
[2023-04-10T20:15:44.402+0800][9631.771s] GC(947)   Other: 0.2ms
[2023-04-10T20:15:44.402+0800][9631.771s] GC(947) Eden regions: 303->0(297)
[2023-04-10T20:15:44.402+0800][9631.771s] GC(947) Survivor regions: 4->10(39)
[2023-04-10T20:15:44.402+0800][9631.771s] GC(947) Old regions: 50->50
[2023-04-10T20:15:44.402+0800][9631.771s] GC(947) Humongous regions: 7->6
[2023-04-10T20:15:44.402+0800][9631.771s] GC(947) Metaspace: 61829K(63952K)->61829K(63952K) NonClass: 54867K(56064K)->54867K(56064K) Class: 6961K(7888K)->6961K(7888K)
[2023-04-10T20:15:44.402+0800][9631.771s] GC(947) Pause Young (Normal) (G1 Evacuation Pause) 363M->65M(512M) 2.022ms
[2023-04-10T20:15:44.402+0800][9631.771s] GC(947) User=0.02s Sys=0.00s Real=0.00s
[2023-04-10T20:15:44.819+0800][9632.187s] GC(948) Pause Young (Normal) (G1 Evacuation Pause)
[2023-04-10T20:15:44.819+0800][9632.187s] GC(948) Using 8 workers of 8 for evacuation
[2023-04-10T20:15:44.821+0800][9632.189s] GC(948)   Pre Evacuate Collection Set: 0.0ms
[2023-04-10T20:15:44.821+0800][9632.189s] GC(948)   Evacuate Collection Set: 1.1ms
[2023-04-10T20:15:44.821+0800][9632.189s] GC(948)   Post Evacuate Collection Set: 0.7ms
[2023-04-10T20:15:44.821+0800][9632.189s] GC(948)   Other: 0.2ms
[2023-04-10T20:15:44.821+0800][9632.189s] GC(948) Eden regions: 297->0(297)
[2023-04-10T20:15:44.821+0800][9632.189s] GC(948) Survivor regions: 10->10(39)
[2023-04-10T20:15:44.821+0800][9632.189s] GC(948) Old regions: 50->50
[2023-04-10T20:15:44.821+0800][9632.189s] GC(948) Humongous regions: 25->13
[2023-04-10T20:15:44.821+0800][9632.189s] GC(948) Metaspace: 61829K(63952K)->61829K(63952K) NonClass: 54867K(56064K)->54867K(56064K) Class: 6961K(7888K)->6961K(7888K)
[2023-04-10T20:15:44.821+0800][9632.189s] GC(948) Pause Young (Normal) (G1 Evacuation Pause) 381M->72M(512M) 2.156ms
[2023-04-10T20:15:44.821+0800][9632.189s] GC(948) User=0.00s Sys=0.00s Real=0.00s
[2023-04-10T20:15:45.361+0800][9632.729s] GC(949) Pause Young (Normal) (G1 Evacuation Pause)
[2023-04-10T20:15:45.361+0800][9632.729s] GC(949) Using 8 workers of 8 for evacuation
[2023-04-10T20:15:45.362+0800][9632.730s] GC(949)   Pre Evacuate Collection Set: 0.0ms
[2023-04-10T20:15:45.362+0800][9632.730s] GC(949)   Evacuate Collection Set: 0.4ms
[2023-04-10T20:15:45.362+0800][9632.730s] GC(949)   Post Evacuate Collection Set: 0.5ms
[2023-04-10T20:15:45.362+0800][9632.730s] GC(949)   Other: 0.2ms
[2023-04-10T20:15:45.362+0800][9632.730s] GC(949) Eden regions: 297->0(304)
[2023-04-10T20:15:45.362+0800][9632.730s] GC(949) Survivor regions: 10->3(39)
[2023-04-10T20:15:45.362+0800][9632.730s] GC(949) Old regions: 50->50
[2023-04-10T20:15:45.362+0800][9632.730s] GC(949) Humongous regions: 13->4
[2023-04-10T20:15:45.362+0800][9632.730s] GC(949) Metaspace: 61829K(63952K)->61829K(63952K) NonClass: 54867K(56064K)->54867K(56064K) Class: 6961K(7888K)->6961K(7888K)
[2023-04-10T20:15:45.362+0800][9632.730s] GC(949) Pause Young (Normal) (G1 Evacuation Pause) 369M->56M(512M) 1.435ms
[2023-04-10T20:15:45.362+0800][9632.731s] GC(949) User=0.00s Sys=0.00s Real=0.00s
[2023-04-10T20:15:45.769+0800][9633.137s] GC(950) Pause Young (Normal) (G1 Evacuation Pause)
[2023-04-10T20:15:45.769+0800][9633.137s] GC(950) Using 8 workers of 8 for evacuation
[2023-04-10T20:15:45.770+0800][9633.138s] GC(950)   Pre Evacuate Collection Set: 0.0ms
[2023-04-10T20:15:45.770+0800][9633.138s] GC(950)   Evacuate Collection Set: 0.9ms
[2023-04-10T20:15:45.770+0800][9633.138s] GC(950)   Post Evacuate Collection Set: 0.6ms
[2023-04-10T20:15:45.770+0800][9633.138s] GC(950)   Other: 0.2ms
[2023-04-10T20:15:45.770+0800][9633.138s] GC(950) Eden regions: 304->0(299)
[2023-04-10T20:15:45.770+0800][9633.138s] GC(950) Survivor regions: 3->8(39)
[2023-04-10T20:15:45.770+0800][9633.138s] GC(950) Old regions: 50->50
[2023-04-10T20:15:45.770+0800][9633.138s] GC(950) Humongous regions: 7->6
[2023-04-10T20:15:45.770+0800][9633.138s] GC(950) Metaspace: 61829K(63952K)->61829K(63952K) NonClass: 54867K(56064K)->54867K(56064K) Class: 6961K(7888K)->6961K(7888K)
[2023-04-10T20:15:45.770+0800][9633.138s] GC(950) Pause Young (Normal) (G1 Evacuation Pause) 363M->63M(512M) 1.790ms
[2023-04-10T20:15:45.770+0800][9633.138s] GC(950) User=0.00s Sys=0.00s Real=0.00s
[2023-04-10T20:15:46.166+0800][9633.535s] GC(951) Pause Young (Normal) (G1 Evacuation Pause)
[2023-04-10T20:15:46.166+0800][9633.535s] GC(951) Using 8 workers of 8 for evacuation
[2023-04-10T20:15:46.168+0800][9633.537s] GC(951)   Pre Evacuate Collection Set: 0.0ms
[2023-04-10T20:15:46.168+0800][9633.537s] GC(951)   Evacuate Collection Set: 1.1ms
[2023-04-10T20:15:46.168+0800][9633.537s] GC(951)   Post Evacuate Collection Set: 0.7ms
[2023-04-10T20:15:46.168+0800][9633.537s] GC(951)   Other: 0.2ms
[2023-04-10T20:15:46.168+0800][9633.537s] GC(951) Eden regions: 299->0(297)
[2023-04-10T20:15:46.168+0800][9633.537s] GC(951) Survivor regions: 8->10(39)
[2023-04-10T20:15:46.168+0800][9633.537s] GC(951) Old regions: 50->50
[2023-04-10T20:15:46.168+0800][9633.537s] GC(951) Humongous regions: 20->13
[2023-04-10T20:15:46.168+0800][9633.537s] GC(951) Metaspace: 61829K(63952K)->61829K(63952K) NonClass: 54867K(56064K)->54867K(56064K) Class: 6961K(7888K)->6961K(7888K)
[2023-04-10T20:15:46.169+0800][9633.537s] GC(951) Pause Young (Normal) (G1 Evacuation Pause) 376M->72M(512M) 2.190ms
[2023-04-10T20:15:46.169+0800][9633.537s] GC(951) User=0.09s Sys=0.02s Real=0.00s
[2023-04-10T20:15:46.753+0800][9634.121s] GC(952) Pause Young (Normal) (G1 Evacuation Pause)
[2023-04-10T20:15:46.753+0800][9634.121s] GC(952) Using 8 workers of 8 for evacuation
[2023-04-10T20:15:46.755+0800][9634.123s] GC(952)   Pre Evacuate Collection Set: 0.0ms
[2023-04-10T20:15:46.755+0800][9634.123s] GC(952)   Evacuate Collection Set: 1.1ms
[2023-04-10T20:15:46.755+0800][9634.123s] GC(952)   Post Evacuate Collection Set: 0.6ms
[2023-04-10T20:15:46.755+0800][9634.123s] GC(952)   Other: 0.2ms
[2023-04-10T20:15:46.755+0800][9634.123s] GC(952) Eden regions: 297->0(296)
[2023-04-10T20:15:46.755+0800][9634.123s] GC(952) Survivor regions: 10->11(39)
[2023-04-10T20:15:46.755+0800][9634.123s] GC(952) Old regions: 50->51
[2023-04-10T20:15:46.755+0800][9634.123s] GC(952) Humongous regions: 18->13
[2023-04-10T20:15:46.755+0800][9634.123s] GC(952) Metaspace: 61829K(63952K)->61829K(63952K) NonClass: 54867K(56064K)->54867K(56064K) Class: 6961K(7888K)->6961K(7888K)
[2023-04-10T20:15:46.755+0800][9634.123s] GC(952) Pause Young (Normal) (G1 Evacuation Pause) 374M->73M(512M) 2.144ms
[2023-04-10T20:15:46.755+0800][9634.123s] GC(952) User=0.00s Sys=0.00s Real=0.00s
[2023-04-10T20:15:47.156+0800][9634.525s] GC(953) Pause Young (Normal) (G1 Evacuation Pause)
[2023-04-10T20:15:47.156+0800][9634.525s] GC(953) Using 8 workers of 8 for evacuation
[2023-04-10T20:15:47.158+0800][9634.526s] GC(953)   Pre Evacuate Collection Set: 0.0ms
[2023-04-10T20:15:47.158+0800][9634.526s] GC(953)   Evacuate Collection Set: 0.7ms
[2023-04-10T20:15:47.158+0800][9634.526s] GC(953)   Post Evacuate Collection Set: 0.6ms
[2023-04-10T20:15:47.158+0800][9634.526s] GC(953)   Other: 0.2ms
[2023-04-10T20:15:47.158+0800][9634.526s] GC(953) Eden regions: 296->0(300)
[2023-04-10T20:15:47.158+0800][9634.526s] GC(953) Survivor regions: 11->7(39)
[2023-04-10T20:15:47.158+0800][9634.526s] GC(953) Old regions: 51->51
[2023-04-10T20:15:47.158+0800][9634.526s] GC(953) Humongous regions: 14->5
[2023-04-10T20:15:47.158+0800][9634.527s] GC(953) Metaspace: 61829K(63952K)->61829K(63952K) NonClass: 54867K(56064K)->54867K(56064K) Class: 6961K(7888K)->6961K(7888K)
[2023-04-10T20:15:47.158+0800][9634.527s] GC(953) Pause Young (Normal) (G1 Evacuation Pause) 370M->61M(512M) 1.721ms
[2023-04-10T20:15:47.158+0800][9634.527s] GC(953) User=0.00s Sys=0.00s Real=0.00s
[2023-04-10T20:15:47.553+0800][9634.921s] GC(954) Pause Young (Normal) (G1 Evacuation Pause)
[2023-04-10T20:15:47.553+0800][9634.921s] GC(954) Using 8 workers of 8 for evacuation
[2023-04-10T20:15:47.555+0800][9634.923s] GC(954)   Pre Evacuate Collection Set: 0.0ms
[2023-04-10T20:15:47.555+0800][9634.923s] GC(954)   Evacuate Collection Set: 1.1ms
[2023-04-10T20:15:47.555+0800][9634.923s] GC(954)   Post Evacuate Collection Set: 0.8ms
[2023-04-10T20:15:47.555+0800][9634.923s] GC(954)   Other: 0.2ms
[2023-04-10T20:15:47.555+0800][9634.923s] GC(954) Eden regions: 300->0(298)
[2023-04-10T20:15:47.555+0800][9634.923s] GC(954) Survivor regions: 7->9(39)
[2023-04-10T20:15:47.555+0800][9634.923s] GC(954) Old regions: 51->51
[2023-04-10T20:15:47.555+0800][9634.923s] GC(954) Humongous regions: 13->12
[2023-04-10T20:15:47.555+0800][9634.923s] GC(954) Metaspace: 61829K(63952K)->61829K(63952K) NonClass: 54867K(56064K)->54867K(56064K) Class: 6961K(7888K)->6961K(7888K)
[2023-04-10T20:15:47.555+0800][9634.923s] GC(954) Pause Young (Normal) (G1 Evacuation Pause) 369M->70M(512M) 2.417ms
[2023-04-10T20:15:47.555+0800][9634.923s] GC(954) User=0.00s Sys=0.00s Real=0.00s
[2023-04-10T20:15:48.126+0800][9635.494s] GC(955) Pause Young (Normal) (G1 Evacuation Pause)
[2023-04-10T20:15:48.126+0800][9635.494s] GC(955) Using 8 workers of 8 for evacuation
[2023-04-10T20:15:48.128+0800][9635.496s] GC(955)   Pre Evacuate Collection Set: 0.0ms
[2023-04-10T20:15:48.128+0800][9635.496s] GC(955)   Evacuate Collection Set: 1.1ms
[2023-04-10T20:15:48.128+0800][9635.496s] GC(955)   Post Evacuate Collection Set: 0.6ms
[2023-04-10T20:15:48.128+0800][9635.496s] GC(955)   Other: 0.2ms
[2023-04-10T20:15:48.128+0800][9635.496s] GC(955) Eden regions: 298->0(297)
[2023-04-10T20:15:48.128+0800][9635.496s] GC(955) Survivor regions: 9->10(39)
[2023-04-10T20:15:48.128+0800][9635.496s] GC(955) Old regions: 51->51
[2023-04-10T20:15:48.128+0800][9635.496s] GC(955) Humongous regions: 25->13
[2023-04-10T20:15:48.128+0800][9635.496s] GC(955) Metaspace: 61830K(63952K)->61830K(63952K) NonClass: 54869K(56064K)->54869K(56064K) Class: 6961K(7888K)->6961K(7888K)
[2023-04-10T20:15:48.128+0800][9635.496s] GC(955) Pause Young (Normal) (G1 Evacuation Pause) 381M->72M(512M) 2.089ms
[2023-04-10T20:15:48.128+0800][9635.496s] GC(955) User=0.00s Sys=0.00s Real=0.00s
[2023-04-10T20:15:48.551+0800][9635.919s] GC(956) Pause Young (Normal) (G1 Evacuation Pause)
[2023-04-10T20:15:48.551+0800][9635.919s] GC(956) Using 8 workers of 8 for evacuation
[2023-04-10T20:15:48.553+0800][9635.920s] GC(956)   Pre Evacuate Collection Set: 0.0ms
[2023-04-10T20:15:48.553+0800][9635.921s] GC(956)   Evacuate Collection Set: 0.6ms
[2023-04-10T20:15:48.553+0800][9635.921s] GC(956)   Post Evacuate Collection Set: 0.5ms
[2023-04-10T20:15:48.553+0800][9635.921s] GC(956)   Other: 0.2ms
[2023-04-10T20:15:48.553+0800][9635.921s] GC(956) Eden regions: 297->0(302)
[2023-04-10T20:15:48.553+0800][9635.921s] GC(956) Survivor regions: 10->5(39)
[2023-04-10T20:15:48.553+0800][9635.921s] GC(956) Old regions: 51->51
[2023-04-10T20:15:48.553+0800][9635.921s] GC(956) Humongous regions: 14->5
[2023-04-10T20:15:48.553+0800][9635.921s] GC(956) Metaspace: 61830K(63952K)->61830K(63952K) NonClass: 54869K(56064K)->54869K(56064K) Class: 6961K(7888K)->6961K(7888K)
[2023-04-10T20:15:48.553+0800][9635.921s] GC(956) Pause Young (Normal) (G1 Evacuation Pause) 370M->59M(512M) 1.511ms
[2023-04-10T20:15:48.553+0800][9635.921s] GC(956) User=0.00s Sys=0.00s Real=0.00s
[2023-04-10T20:15:48.952+0800][9636.320s] GC(957) Pause Young (Normal) (G1 Evacuation Pause)
[2023-04-10T20:15:48.952+0800][9636.320s] GC(957) Using 8 workers of 8 for evacuation
[2023-04-10T20:15:48.954+0800][9636.322s] GC(957)   Pre Evacuate Collection Set: 0.0ms
[2023-04-10T20:15:48.954+0800][9636.322s] GC(957)   Evacuate Collection Set: 1.1ms
[2023-04-10T20:15:48.954+0800][9636.322s] GC(957)   Post Evacuate Collection Set: 0.6ms
[2023-04-10T20:15:48.954+0800][9636.322s] GC(957)   Other: 0.2ms
[2023-04-10T20:15:48.954+0800][9636.322s] GC(957) Eden regions: 302->0(297)
[2023-04-10T20:15:48.954+0800][9636.322s] GC(957) Survivor regions: 5->10(39)
[2023-04-10T20:15:48.954+0800][9636.322s] GC(957) Old regions: 51->51
[2023-04-10T20:15:48.954+0800][9636.322s] GC(957) Humongous regions: 8->7
[2023-04-10T20:15:48.954+0800][9636.322s] GC(957) Metaspace: 61830K(63952K)->61830K(63952K) NonClass: 54869K(56064K)->54869K(56064K) Class: 6961K(7888K)->6961K(7888K)
[2023-04-10T20:15:48.954+0800][9636.322s] GC(957) Pause Young (Normal) (G1 Evacuation Pause) 364M->66M(512M) 1.995ms
[2023-04-10T20:15:48.954+0800][9636.322s] GC(957) User=0.00s Sys=0.00s Real=0.00s
[2023-04-10T20:15:49.455+0800][9636.823s] GC(958) Pause Young (Normal) (G1 Evacuation Pause)
[2023-04-10T20:15:49.455+0800][9636.823s] GC(958) Using 8 workers of 8 for evacuation
[2023-04-10T20:15:49.457+0800][9636.825s] GC(958)   Pre Evacuate Collection Set: 0.0ms
[2023-04-10T20:15:49.457+0800][9636.825s] GC(958)   Evacuate Collection Set: 1.2ms
[2023-04-10T20:15:49.457+0800][9636.825s] GC(958)   Post Evacuate Collection Set: 0.6ms
[2023-04-10T20:15:49.457+0800][9636.825s] GC(958)   Other: 0.2ms
[2023-04-10T20:15:49.457+0800][9636.825s] GC(958) Eden regions: 297->0(296)
[2023-04-10T20:15:49.457+0800][9636.825s] GC(958) Survivor regions: 10->11(39)
[2023-04-10T20:15:49.457+0800][9636.825s] GC(958) Old regions: 51->51
[2023-04-10T20:15:49.457+0800][9636.825s] GC(958) Humongous regions: 25->13
[2023-04-10T20:15:49.457+0800][9636.825s] GC(958) Metaspace: 61830K(63952K)->61830K(63952K) NonClass: 54869K(56064K)->54869K(56064K) Class: 6961K(7888K)->6961K(7888K)
[2023-04-10T20:15:49.457+0800][9636.825s] GC(958) Pause Young (Normal) (G1 Evacuation Pause) 381M->73M(512M) 2.099ms
[2023-04-10T20:15:49.457+0800][9636.825s] GC(958) User=0.00s Sys=0.00s Real=0.00s
[2023-04-10T20:15:49.874+0800][9637.242s] GC(959) Pause Young (Normal) (G1 Evacuation Pause)
[2023-04-10T20:15:49.874+0800][9637.242s] GC(959) Using 8 workers of 8 for evacuation
[2023-04-10T20:15:49.875+0800][9637.243s] GC(959)   Pre Evacuate Collection Set: 0.0ms
[2023-04-10T20:15:49.875+0800][9637.243s] GC(959)   Evacuate Collection Set: 0.4ms
[2023-04-10T20:15:49.875+0800][9637.243s] GC(959)   Post Evacuate Collection Set: 0.6ms
[2023-04-10T20:15:49.875+0800][9637.243s] GC(959)   Other: 0.1ms
[2023-04-10T20:15:49.875+0800][9637.243s] GC(959) Eden regions: 296->0(304)
[2023-04-10T20:15:49.875+0800][9637.243s] GC(959) Survivor regions: 11->3(39)
[2023-04-10T20:15:49.875+0800][9637.243s] GC(959) Old regions: 51->51
[2023-04-10T20:15:49.875+0800][9637.243s] GC(959) Humongous regions: 13->4
[2023-04-10T20:15:49.875+0800][9637.243s] GC(959) Metaspace: 61830K(63952K)->61830K(63952K) NonClass: 54869K(56064K)->54869K(56064K) Class: 6961K(7888K)->6961K(7888K)
[2023-04-10T20:15:49.875+0800][9637.243s] GC(959) Pause Young (Normal) (G1 Evacuation Pause) 369M->56M(512M) 1.333ms
[2023-04-10T20:15:49.875+0800][9637.243s] GC(959) User=0.00s Sys=0.00s Real=0.00s
[2023-04-10T20:15:50.282+0800][9637.649s] GC(960) Pause Young (Normal) (G1 Evacuation Pause)
[2023-04-10T20:15:50.282+0800][9637.649s] GC(960) Using 8 workers of 8 for evacuation
[2023-04-10T20:15:50.283+0800][9637.651s] GC(960)   Pre Evacuate Collection Set: 0.0ms
[2023-04-10T20:15:50.283+0800][9637.651s] GC(960)   Evacuate Collection Set: 0.9ms
[2023-04-10T20:15:50.283+0800][9637.651s] GC(960)   Post Evacuate Collection Set: 0.6ms
[2023-04-10T20:15:50.283+0800][9637.651s] GC(960)   Other: 0.2ms
[2023-04-10T20:15:50.283+0800][9637.651s] GC(960) Eden regions: 304->0(298)
[2023-04-10T20:15:50.283+0800][9637.651s] GC(960) Survivor regions: 3->9(39)
[2023-04-10T20:15:50.283+0800][9637.651s] GC(960) Old regions: 51->51
[2023-04-10T20:15:50.283+0800][9637.651s] GC(960) Humongous regions: 7->6
[2023-04-10T20:15:50.283+0800][9637.651s] GC(960) Metaspace: 61830K(63952K)->61830K(63952K) NonClass: 54869K(56064K)->54869K(56064K) Class: 6961K(7888K)->6961K(7888K)
[2023-04-10T20:15:50.283+0800][9637.651s] GC(960) Pause Young (Normal) (G1 Evacuation Pause) 363M->64M(512M) 1.835ms
[2023-04-10T20:15:50.283+0800][9637.651s] GC(960) User=0.00s Sys=0.00s Real=0.00s
[2023-04-10T20:15:50.689+0800][9638.057s] GC(961) Pause Young (Normal) (G1 Evacuation Pause)
[2023-04-10T20:15:50.689+0800][9638.057s] GC(961) Using 8 workers of 8 for evacuation
[2023-04-10T20:15:50.691+0800][9638.059s] GC(961)   Pre Evacuate Collection Set: 0.0ms
[2023-04-10T20:15:50.691+0800][9638.059s] GC(961)   Evacuate Collection Set: 1.1ms
[2023-04-10T20:15:50.691+0800][9638.059s] GC(961)   Post Evacuate Collection Set: 0.7ms
[2023-04-10T20:15:50.691+0800][9638.059s] GC(961)   Other: 0.1ms
[2023-04-10T20:15:50.691+0800][9638.059s] GC(961) Eden regions: 298->0(297)
[2023-04-10T20:15:50.691+0800][9638.059s] GC(961) Survivor regions: 9->10(39)
[2023-04-10T20:15:50.691+0800][9638.059s] GC(961) Old regions: 51->51
[2023-04-10T20:15:50.691+0800][9638.059s] GC(961) Humongous regions: 20->13
[2023-04-10T20:15:50.691+0800][9638.059s] GC(961) Metaspace: 61832K(63952K)->61832K(63952K) NonClass: 54870K(56064K)->54870K(56064K) Class: 6961K(7888K)->6961K(7888K)
[2023-04-10T20:15:50.691+0800][9638.059s] GC(961) Pause Young (Normal) (G1 Evacuation Pause) 376M->73M(512M) 2.170ms
[2023-04-10T20:15:50.691+0800][9638.059s] GC(961) User=0.00s Sys=0.00s Real=0.00s
[2023-04-10T20:15:51.216+0800][9638.584s] GC(962) Pause Young (Normal) (G1 Evacuation Pause)
[2023-04-10T20:15:51.216+0800][9638.584s] GC(962) Using 8 workers of 8 for evacuation
[2023-04-10T20:15:51.217+0800][9638.585s] GC(962)   Pre Evacuate Collection Set: 0.0ms
[2023-04-10T20:15:51.217+0800][9638.585s] GC(962)   Evacuate Collection Set: 0.3ms
[2023-04-10T20:15:51.217+0800][9638.585s] GC(962)   Post Evacuate Collection Set: 0.5ms
[2023-04-10T20:15:51.217+0800][9638.585s] GC(962)   Other: 0.2ms
[2023-04-10T20:15:51.217+0800][9638.585s] GC(962) Eden regions: 297->0(306)
[2023-04-10T20:15:51.217+0800][9638.585s] GC(962) Survivor regions: 10->1(39)
[2023-04-10T20:15:51.217+0800][9638.585s] GC(962) Old regions: 51->51
[2023-04-10T20:15:51.217+0800][9638.585s] GC(962) Humongous regions: 18->4
[2023-04-10T20:15:51.217+0800][9638.585s] GC(962) Metaspace: 61832K(63952K)->61832K(63952K) NonClass: 54870K(56064K)->54870K(56064K) Class: 6961K(7888K)->6961K(7888K)
[2023-04-10T20:15:51.217+0800][9638.585s] GC(962) Pause Young (Normal) (G1 Evacuation Pause) 375M->54M(512M) 1.180ms
[2023-04-10T20:15:51.217+0800][9638.585s] GC(962) User=0.00s Sys=0.00s Real=0.00s
[2023-04-10T20:15:51.635+0800][9639.003s] GC(963) Pause Young (Normal) (G1 Evacuation Pause)
[2023-04-10T20:15:51.635+0800][9639.003s] GC(963) Using 8 workers of 8 for evacuation
[2023-04-10T20:15:51.636+0800][9639.004s] GC(963)   Pre Evacuate Collection Set: 0.0ms
[2023-04-10T20:15:51.636+0800][9639.004s] GC(963)   Evacuate Collection Set: 0.8ms
[2023-04-10T20:15:51.636+0800][9639.004s] GC(963)   Post Evacuate Collection Set: 0.6ms
[2023-04-10T20:15:51.636+0800][9639.004s] GC(963)   Other: 0.2ms
[2023-04-10T20:15:51.636+0800][9639.004s] GC(963) Eden regions: 306->0(300)
[2023-04-10T20:15:51.636+0800][9639.004s] GC(963) Survivor regions: 1->7(39)
[2023-04-10T20:15:51.636+0800][9639.004s] GC(963) Old regions: 51->51
[2023-04-10T20:15:51.636+0800][9639.004s] GC(963) Humongous regions: 7->6
[2023-04-10T20:15:51.636+0800][9639.004s] GC(963) Metaspace: 61832K(63952K)->61832K(63952K) NonClass: 54870K(56064K)->54870K(56064K) Class: 6961K(7888K)->6961K(7888K)
[2023-04-10T20:15:51.636+0800][9639.004s] GC(963) Pause Young (Normal) (G1 Evacuation Pause) 363M->62M(512M) 1.751ms
[2023-04-10T20:15:51.637+0800][9639.004s] GC(963) User=0.00s Sys=0.02s Real=0.00s
[2023-04-10T20:15:52.029+0800][9639.397s] GC(964) Pause Young (Normal) (G1 Evacuation Pause)
[2023-04-10T20:15:52.029+0800][9639.397s] GC(964) Using 8 workers of 8 for evacuation
[2023-04-10T20:15:52.031+0800][9639.399s] GC(964)   Pre Evacuate Collection Set: 0.0ms
[2023-04-10T20:15:52.031+0800][9639.399s] GC(964)   Evacuate Collection Set: 1.1ms
[2023-04-10T20:15:52.031+0800][9639.399s] GC(964)   Post Evacuate Collection Set: 0.6ms
[2023-04-10T20:15:52.031+0800][9639.399s] GC(964)   Other: 0.3ms
[2023-04-10T20:15:52.031+0800][9639.399s] GC(964) Eden regions: 300->0(298)
[2023-04-10T20:15:52.031+0800][9639.399s] GC(964) Survivor regions: 7->9(39)
[2023-04-10T20:15:52.031+0800][9639.399s] GC(964) Old regions: 51->51
[2023-04-10T20:15:52.031+0800][9639.399s] GC(964) Humongous regions: 12->12
[2023-04-10T20:15:52.031+0800][9639.399s] GC(964) Metaspace: 61832K(63952K)->61832K(63952K) NonClass: 54870K(56064K)->54870K(56064K) Class: 6961K(7888K)->6961K(7888K)
[2023-04-10T20:15:52.032+0800][9639.399s] GC(964) Pause Young (Normal) (G1 Evacuation Pause) 368M->70M(512M) 2.176ms
[2023-04-10T20:15:52.032+0800][9639.399s] GC(964) User=0.00s Sys=0.00s Real=0.00s
[2023-04-10T20:15:52.619+0800][9639.988s] GC(965) Pause Young (Normal) (G1 Evacuation Pause)
[2023-04-10T20:15:52.620+0800][9639.988s] GC(965) Using 8 workers of 8 for evacuation
[2023-04-10T20:15:52.621+0800][9639.990s] GC(965)   Pre Evacuate Collection Set: 0.0ms
[2023-04-10T20:15:52.621+0800][9639.990s] GC(965)   Evacuate Collection Set: 1.1ms
[2023-04-10T20:15:52.621+0800][9639.990s] GC(965)   Post Evacuate Collection Set: 0.6ms
[2023-04-10T20:15:52.621+0800][9639.990s] GC(965)   Other: 0.2ms
[2023-04-10T20:15:52.621+0800][9639.990s] GC(965) Eden regions: 298->0(297)
[2023-04-10T20:15:52.621+0800][9639.990s] GC(965) Survivor regions: 9->10(39)
[2023-04-10T20:15:52.621+0800][9639.990s] GC(965) Old regions: 51->51
[2023-04-10T20:15:52.621+0800][9639.990s] GC(965) Humongous regions: 25->13
[2023-04-10T20:15:52.621+0800][9639.990s] GC(965) Metaspace: 61832K(63952K)->61832K(63952K) NonClass: 54870K(56064K)->54870K(56064K) Class: 6961K(7888K)->6961K(7888K)
[2023-04-10T20:15:52.621+0800][9639.990s] GC(965) Pause Young (Normal) (G1 Evacuation Pause) 381M->73M(512M) 2.028ms
[2023-04-10T20:15:52.621+0800][9639.990s] GC(965) User=0.12s Sys=0.00s Real=0.00s
[2023-04-10T20:15:53.088+0800][9640.456s] GC(966) Pause Young (Normal) (G1 Evacuation Pause)
[2023-04-10T20:15:53.088+0800][9640.456s] GC(966) Using 8 workers of 8 for evacuation
[2023-04-10T20:15:53.090+0800][9640.458s] GC(966)   Pre Evacuate Collection Set: 0.0ms
[2023-04-10T20:15:53.090+0800][9640.458s] GC(966)   Evacuate Collection Set: 0.7ms
[2023-04-10T20:15:53.090+0800][9640.458s] GC(966)   Post Evacuate Collection Set: 0.4ms
[2023-04-10T20:15:53.090+0800][9640.458s] GC(966)   Other: 0.2ms
[2023-04-10T20:15:53.090+0800][9640.458s] GC(966) Eden regions: 297->0(302)
[2023-04-10T20:15:53.090+0800][9640.458s] GC(966) Survivor regions: 10->5(39)
[2023-04-10T20:15:53.090+0800][9640.458s] GC(966) Old regions: 51->51
[2023-04-10T20:15:53.090+0800][9640.458s] GC(966) Humongous regions: 14->5
[2023-04-10T20:15:53.090+0800][9640.458s] GC(966) Metaspace: 61832K(63952K)->61832K(63952K) NonClass: 54870K(56064K)->54870K(56064K) Class: 6961K(7888K)->6961K(7888K)
[2023-04-10T20:15:53.090+0800][9640.458s] GC(966) Pause Young (Normal) (G1 Evacuation Pause) 371M->59M(512M) 1.526ms
[2023-04-10T20:15:53.090+0800][9640.458s] GC(966) User=0.02s Sys=0.00s Real=0.00s
[2023-04-10T20:15:53.525+0800][9640.893s] GC(967) Pause Young (Normal) (G1 Evacuation Pause)
[2023-04-10T20:15:53.525+0800][9640.893s] GC(967) Using 8 workers of 8 for evacuation
[2023-04-10T20:15:53.527+0800][9640.895s] GC(967)   Pre Evacuate Collection Set: 0.0ms
[2023-04-10T20:15:53.527+0800][9640.895s] GC(967)   Evacuate Collection Set: 1.2ms
[2023-04-10T20:15:53.527+0800][9640.895s] GC(967)   Post Evacuate Collection Set: 0.6ms
[2023-04-10T20:15:53.527+0800][9640.895s] GC(967)   Other: 0.2ms
[2023-04-10T20:15:53.527+0800][9640.895s] GC(967) Eden regions: 302->0(296)
[2023-04-10T20:15:53.527+0800][9640.895s] GC(967) Survivor regions: 5->11(39)
[2023-04-10T20:15:53.527+0800][9640.895s] GC(967) Old regions: 51->51
[2023-04-10T20:15:53.527+0800][9640.895s] GC(967) Humongous regions: 8->7
[2023-04-10T20:15:53.527+0800][9640.895s] GC(967) Metaspace: 61832K(63952K)->61832K(63952K) NonClass: 54870K(56064K)->54870K(56064K) Class: 6961K(7888K)->6961K(7888K)
[2023-04-10T20:15:53.527+0800][9640.895s] GC(967) Pause Young (Normal) (G1 Evacuation Pause) 364M->67M(512M) 2.125ms
[2023-04-10T20:15:53.527+0800][9640.895s] GC(967) User=0.09s Sys=0.03s Real=0.00s
[2023-04-10T20:15:54.111+0800][9641.479s] GC(968) Pause Young (Normal) (G1 Evacuation Pause)
[2023-04-10T20:15:54.111+0800][9641.479s] GC(968) Using 8 workers of 8 for evacuation
[2023-04-10T20:15:54.113+0800][9641.481s] GC(968)   Pre Evacuate Collection Set: 0.0ms
[2023-04-10T20:15:54.113+0800][9641.481s] GC(968)   Evacuate Collection Set: 1.2ms
[2023-04-10T20:15:54.113+0800][9641.481s] GC(968)   Post Evacuate Collection Set: 0.6ms
[2023-04-10T20:15:54.113+0800][9641.481s] GC(968)   Other: 0.2ms
[2023-04-10T20:15:54.113+0800][9641.481s] GC(968) Eden regions: 296->0(296)
[2023-04-10T20:15:54.113+0800][9641.481s] GC(968) Survivor regions: 11->11(39)
[2023-04-10T20:15:54.113+0800][9641.481s] GC(968) Old regions: 51->51
[2023-04-10T20:15:54.114+0800][9641.481s] GC(968) Humongous regions: 25->13
[2023-04-10T20:15:54.114+0800][9641.481s] GC(968) Metaspace: 61832K(63952K)->61832K(63952K) NonClass: 54870K(56064K)->54870K(56064K) Class: 6961K(7888K)->6961K(7888K)
[2023-04-10T20:15:54.114+0800][9641.481s] GC(968) Pause Young (Normal) (G1 Evacuation Pause) 381M->73M(512M) 2.365ms
[2023-04-10T20:15:54.114+0800][9641.481s] GC(968) User=0.00s Sys=0.00s Real=0.00s
[2023-04-10T20:15:54.551+0800][9641.919s] GC(969) Pause Young (Normal) (G1 Evacuation Pause)
[2023-04-10T20:15:54.551+0800][9641.919s] GC(969) Using 8 workers of 8 for evacuation
[2023-04-10T20:15:54.552+0800][9641.920s] GC(969)   Pre Evacuate Collection Set: 0.0ms
[2023-04-10T20:15:54.552+0800][9641.920s] GC(969)   Evacuate Collection Set: 0.6ms
[2023-04-10T20:15:54.552+0800][9641.921s] GC(969)   Post Evacuate Collection Set: 0.5ms
[2023-04-10T20:15:54.552+0800][9641.921s] GC(969)   Other: 0.2ms
[2023-04-10T20:15:54.552+0800][9641.921s] GC(969) Eden regions: 296->0(304)
[2023-04-10T20:15:54.552+0800][9641.921s] GC(969) Survivor regions: 11->3(39)
[2023-04-10T20:15:54.552+0800][9641.921s] GC(969) Old regions: 51->51
[2023-04-10T20:15:54.552+0800][9641.921s] GC(969) Humongous regions: 13->4
[2023-04-10T20:15:54.552+0800][9641.921s] GC(969) Metaspace: 61835K(63952K)->61835K(63952K) NonClass: 54874K(56064K)->54874K(56064K) Class: 6961K(7888K)->6961K(7888K)
[2023-04-10T20:15:54.552+0800][9641.921s] GC(969) Pause Young (Normal) (G1 Evacuation Pause) 369M->57M(512M) 1.539ms
[2023-04-10T20:15:54.552+0800][9641.921s] GC(969) User=0.00s Sys=0.00s Real=0.00s
[2023-04-10T20:15:54.773+0800][9642.141s] GC(970) Pause Young (Normal) (G1 Evacuation Pause)
[2023-04-10T20:15:54.773+0800][9642.141s] GC(970) Using 8 workers of 8 for evacuation
[2023-04-10T20:15:54.775+0800][9642.142s] GC(970)   Pre Evacuate Collection Set: 0.0ms
[2023-04-10T20:15:54.775+0800][9642.142s] GC(970)   Evacuate Collection Set: 0.9ms
[2023-04-10T20:15:54.775+0800][9642.143s] GC(970)   Post Evacuate Collection Set: 0.4ms
[2023-04-10T20:15:54.775+0800][9642.143s] GC(970)   Other: 0.2ms
[2023-04-10T20:15:54.775+0800][9642.143s] GC(970) Eden regions: 304->0(301)
[2023-04-10T20:15:54.775+0800][9642.143s] GC(970) Survivor regions: 3->6(39)
[2023-04-10T20:15:54.775+0800][9642.143s] GC(970) Old regions: 51->51
[2023-04-10T20:15:54.775+0800][9642.143s] GC(970) Humongous regions: 5->5
[2023-04-10T20:15:54.775+0800][9642.143s] GC(970) Metaspace: 61835K(63952K)->61835K(63952K) NonClass: 54874K(56064K)->54874K(56064K) Class: 6961K(7888K)->6961K(7888K)
[2023-04-10T20:15:54.775+0800][9642.143s] GC(970) Pause Young (Normal) (G1 Evacuation Pause) 362M->60M(512M) 1.825ms
[2023-04-10T20:15:54.775+0800][9642.143s] GC(970) User=0.00s Sys=0.00s Real=0.00s
[2023-04-10T20:15:55.001+0800][9642.369s] GC(971) Pause Young (Normal) (G1 Evacuation Pause)
[2023-04-10T20:15:55.001+0800][9642.369s] GC(971) Using 8 workers of 8 for evacuation
[2023-04-10T20:15:55.003+0800][9642.371s] GC(971)   Pre Evacuate Collection Set: 0.0ms
[2023-04-10T20:15:55.003+0800][9642.371s] GC(971)   Evacuate Collection Set: 1.0ms
[2023-04-10T20:15:55.003+0800][9642.371s] GC(971)   Post Evacuate Collection Set: 0.6ms
[2023-04-10T20:15:55.003+0800][9642.371s] GC(971)   Other: 0.2ms
[2023-04-10T20:15:55.003+0800][9642.371s] GC(971) Eden regions: 301->0(299)
[2023-04-10T20:15:55.003+0800][9642.371s] GC(971) Survivor regions: 6->8(39)
[2023-04-10T20:15:55.003+0800][9642.371s] GC(971) Old regions: 51->51
[2023-04-10T20:15:55.003+0800][9642.371s] GC(971) Humongous regions: 7->6
[2023-04-10T20:15:55.003+0800][9642.371s] GC(971) Metaspace: 61835K(63952K)->61835K(63952K) NonClass: 54874K(56064K)->54874K(56064K) Class: 6961K(7888K)->6961K(7888K)
[2023-04-10T20:15:55.003+0800][9642.371s] GC(971) Pause Young (Normal) (G1 Evacuation Pause) 363M->63M(512M) 2.046ms
[2023-04-10T20:15:55.003+0800][9642.371s] GC(971) User=0.00s Sys=0.00s Real=0.00s
[2023-04-10T20:15:55.233+0800][9642.600s] GC(972) Pause Young (Normal) (G1 Evacuation Pause)
[2023-04-10T20:15:55.233+0800][9642.600s] GC(972) Using 8 workers of 8 for evacuation
[2023-04-10T20:15:55.235+0800][9642.602s] GC(972)   Pre Evacuate Collection Set: 0.0ms
[2023-04-10T20:15:55.235+0800][9642.603s] GC(972)   Evacuate Collection Set: 1.4ms
[2023-04-10T20:15:55.235+0800][9642.603s] GC(972)   Post Evacuate Collection Set: 0.6ms
[2023-04-10T20:15:55.235+0800][9642.603s] GC(972)   Other: 0.2ms
[2023-04-10T20:15:55.235+0800][9642.603s] GC(972) Eden regions: 299->0(296)
[2023-04-10T20:15:55.235+0800][9642.603s] GC(972) Survivor regions: 8->11(39)
[2023-04-10T20:15:55.235+0800][9642.603s] GC(972) Old regions: 51->51
[2023-04-10T20:15:55.235+0800][9642.603s] GC(972) Humongous regions: 6->6
[2023-04-10T20:15:55.235+0800][9642.603s] GC(972) Metaspace: 61835K(63952K)->61835K(63952K) NonClass: 54874K(56064K)->54874K(56064K) Class: 6961K(7888K)->6961K(7888K)
[2023-04-10T20:15:55.235+0800][9642.603s] GC(972) Pause Young (Normal) (G1 Evacuation Pause) 362M->66M(512M) 2.507ms
[2023-04-10T20:15:55.235+0800][9642.603s] GC(972) User=0.00s Sys=0.00s Real=0.00s
[2023-04-10T20:15:55.511+0800][9642.879s] GC(973) Pause Young (Normal) (G1 Evacuation Pause)
[2023-04-10T20:15:55.511+0800][9642.879s] GC(973) Using 8 workers of 8 for evacuation
[2023-04-10T20:15:55.512+0800][9642.880s] GC(973)   Pre Evacuate Collection Set: 0.0ms
[2023-04-10T20:15:55.512+0800][9642.880s] GC(973)   Evacuate Collection Set: 1.2ms
[2023-04-10T20:15:55.512+0800][9642.880s] GC(973)   Post Evacuate Collection Set: 0.4ms
[2023-04-10T20:15:55.512+0800][9642.880s] GC(973)   Other: 0.2ms
[2023-04-10T20:15:55.512+0800][9642.880s] GC(973) Eden regions: 296->0(296)
[2023-04-10T20:15:55.513+0800][9642.880s] GC(973) Survivor regions: 11->11(39)
[2023-04-10T20:15:55.513+0800][9642.881s] GC(973) Old regions: 51->51
[2023-04-10T20:15:55.513+0800][9642.881s] GC(973) Humongous regions: 15->15
[2023-04-10T20:15:55.513+0800][9642.881s] GC(973) Metaspace: 61835K(63952K)->61835K(63952K) NonClass: 54874K(56064K)->54874K(56064K) Class: 6961K(7888K)->6961K(7888K)
[2023-04-10T20:15:55.513+0800][9642.881s] GC(973) Pause Young (Normal) (G1 Evacuation Pause) 371M->75M(512M) 1.954ms
[2023-04-10T20:15:55.513+0800][9642.881s] GC(973) User=0.12s Sys=0.00s Real=0.00s
[2023-04-10T20:15:55.847+0800][9643.215s] GC(974) Pause Young (Normal) (G1 Evacuation Pause)
[2023-04-10T20:15:55.847+0800][9643.215s] GC(974) Using 8 workers of 8 for evacuation
[2023-04-10T20:15:55.849+0800][9643.217s] GC(974)   Pre Evacuate Collection Set: 0.0ms
[2023-04-10T20:15:55.849+0800][9643.217s] GC(974)   Evacuate Collection Set: 1.3ms
[2023-04-10T20:15:55.849+0800][9643.217s] GC(974)   Post Evacuate Collection Set: 0.7ms
[2023-04-10T20:15:55.849+0800][9643.217s] GC(974)   Other: 0.2ms
[2023-04-10T20:15:55.849+0800][9643.217s] GC(974) Eden regions: 296->0(295)
[2023-04-10T20:15:55.849+0800][9643.217s] GC(974) Survivor regions: 11->12(39)
[2023-04-10T20:15:55.849+0800][9643.217s] GC(974) Old regions: 51->51
[2023-04-10T20:15:55.849+0800][9643.217s] GC(974) Humongous regions: 25->13
[2023-04-10T20:15:55.849+0800][9643.217s] GC(974) Metaspace: 61835K(63952K)->61835K(63952K) NonClass: 54874K(56064K)->54874K(56064K) Class: 6961K(7888K)->6961K(7888K)
[2023-04-10T20:15:55.849+0800][9643.217s] GC(974) Pause Young (Normal) (G1 Evacuation Pause) 381M->74M(512M) 2.375ms
[2023-04-10T20:15:55.849+0800][9643.217s] GC(974) User=0.00s Sys=0.00s Real=0.00s
[2023-04-10T20:15:56.081+0800][9643.449s] GC(975) Pause Young (Normal) (G1 Evacuation Pause)
[2023-04-10T20:15:56.081+0800][9643.449s] GC(975) Using 8 workers of 8 for evacuation
[2023-04-10T20:15:56.083+0800][9643.451s] GC(975)   Pre Evacuate Collection Set: 0.0ms
[2023-04-10T20:15:56.083+0800][9643.451s] GC(975)   Evacuate Collection Set: 1.4ms
[2023-04-10T20:15:56.083+0800][9643.451s] GC(975)   Post Evacuate Collection Set: 0.7ms
[2023-04-10T20:15:56.083+0800][9643.451s] GC(975)   Other: 0.2ms
[2023-04-10T20:15:56.083+0800][9643.451s] GC(975) Eden regions: 295->0(295)
[2023-04-10T20:15:56.083+0800][9643.451s] GC(975) Survivor regions: 12->12(39)
[2023-04-10T20:15:56.083+0800][9643.451s] GC(975) Old regions: 51->51
[2023-04-10T20:15:56.083+0800][9643.451s] GC(975) Humongous regions: 13->13
[2023-04-10T20:15:56.083+0800][9643.451s] GC(975) Metaspace: 61835K(63952K)->61835K(63952K) NonClass: 54874K(56064K)->54874K(56064K) Class: 6961K(7888K)->6961K(7888K)
[2023-04-10T20:15:56.083+0800][9643.451s] GC(975) Pause Young (Normal) (G1 Evacuation Pause) 369M->74M(512M) 2.495ms
[2023-04-10T20:15:56.083+0800][9643.451s] GC(975) User=0.00s Sys=0.00s Real=0.00s
[2023-04-10T20:15:56.428+0800][9643.795s] GC(976) Pause Young (Normal) (G1 Evacuation Pause)
[2023-04-10T20:15:56.428+0800][9643.795s] GC(976) Using 8 workers of 8 for evacuation
[2023-04-10T20:15:56.429+0800][9643.797s] GC(976)   Pre Evacuate Collection Set: 0.0ms
[2023-04-10T20:15:56.429+0800][9643.797s] GC(976)   Evacuate Collection Set: 0.8ms
[2023-04-10T20:15:56.429+0800][9643.797s] GC(976)   Post Evacuate Collection Set: 0.4ms
[2023-04-10T20:15:56.429+0800][9643.797s] GC(976)   Other: 0.2ms
[2023-04-10T20:15:56.429+0800][9643.797s] GC(976) Eden regions: 295->0(303)
[2023-04-10T20:15:56.429+0800][9643.797s] GC(976) Survivor regions: 12->4(39)
[2023-04-10T20:15:56.429+0800][9643.797s] GC(976) Old regions: 51->51
[2023-04-10T20:15:56.429+0800][9643.797s] GC(976) Humongous regions: 13->4
[2023-04-10T20:15:56.429+0800][9643.797s] GC(976) Metaspace: 61835K(63952K)->61835K(63952K) NonClass: 54874K(56064K)->54874K(56064K) Class: 6961K(7888K)->6961K(7888K)
[2023-04-10T20:15:56.429+0800][9643.797s] GC(976) Pause Young (Normal) (G1 Evacuation Pause) 369M->57M(512M) 1.622ms
[2023-04-10T20:15:56.429+0800][9643.797s] GC(976) User=0.00s Sys=0.00s Real=0.00s
[2023-04-10T20:15:56.715+0800][9644.083s] GC(977) Pause Young (Normal) (G1 Evacuation Pause)
[2023-04-10T20:15:56.715+0800][9644.083s] GC(977) Using 8 workers of 8 for evacuation
[2023-04-10T20:15:56.717+0800][9644.085s] GC(977)   Pre Evacuate Collection Set: 0.0ms
[2023-04-10T20:15:56.717+0800][9644.085s] GC(977)   Evacuate Collection Set: 0.9ms
[2023-04-10T20:15:56.717+0800][9644.085s] GC(977)   Post Evacuate Collection Set: 0.7ms
[2023-04-10T20:15:56.717+0800][9644.085s] GC(977)   Other: 0.2ms
[2023-04-10T20:15:56.717+0800][9644.085s] GC(977) Eden regions: 303->0(299)
[2023-04-10T20:15:56.717+0800][9644.085s] GC(977) Survivor regions: 4->8(39)
[2023-04-10T20:15:56.717+0800][9644.085s] GC(977) Old regions: 51->51
[2023-04-10T20:15:56.717+0800][9644.085s] GC(977) Humongous regions: 5->5
[2023-04-10T20:15:56.717+0800][9644.085s] GC(977) Metaspace: 61835K(63952K)->61835K(63952K) NonClass: 54874K(56064K)->54874K(56064K) Class: 6961K(7888K)->6961K(7888K)
[2023-04-10T20:15:56.717+0800][9644.085s] GC(977) Pause Young (Normal) (G1 Evacuation Pause) 361M->62M(512M) 1.918ms
[2023-04-10T20:15:56.717+0800][9644.085s] GC(977) User=0.00s Sys=0.00s Real=0.00s
[2023-04-10T20:15:56.969+0800][9644.338s] GC(978) Pause Young (Normal) (G1 Evacuation Pause)
[2023-04-10T20:15:56.969+0800][9644.338s] GC(978) Using 8 workers of 8 for evacuation
[2023-04-10T20:15:56.971+0800][9644.340s] GC(978)   Pre Evacuate Collection Set: 0.0ms
[2023-04-10T20:15:56.971+0800][9644.340s] GC(978)   Evacuate Collection Set: 1.2ms
[2023-04-10T20:15:56.971+0800][9644.340s] GC(978)   Post Evacuate Collection Set: 0.6ms
[2023-04-10T20:15:56.971+0800][9644.340s] GC(978)   Other: 0.2ms
[2023-04-10T20:15:56.971+0800][9644.340s] GC(978) Eden regions: 299->0(296)
[2023-04-10T20:15:56.971+0800][9644.340s] GC(978) Survivor regions: 8->11(39)
[2023-04-10T20:15:56.971+0800][9644.340s] GC(978) Old regions: 51->51
[2023-04-10T20:15:56.971+0800][9644.340s] GC(978) Humongous regions: 7->6
[2023-04-10T20:15:56.971+0800][9644.340s] GC(978) Metaspace: 61835K(63952K)->61835K(63952K) NonClass: 54874K(56064K)->54874K(56064K) Class: 6961K(7888K)->6961K(7888K)
[2023-04-10T20:15:56.971+0800][9644.340s] GC(978) Pause Young (Normal) (G1 Evacuation Pause) 363M->66M(512M) 2.174ms
[2023-04-10T20:15:56.971+0800][9644.340s] GC(978) User=0.00s Sys=0.00s Real=0.00s
[2023-04-10T20:15:57.213+0800][9644.580s] GC(979) Pause Young (Normal) (G1 Evacuation Pause)
[2023-04-10T20:15:57.213+0800][9644.580s] GC(979) Using 8 workers of 8 for evacuation
[2023-04-10T20:15:57.215+0800][9644.582s] GC(979)   Pre Evacuate Collection Set: 0.0ms
[2023-04-10T20:15:57.215+0800][9644.582s] GC(979)   Evacuate Collection Set: 1.3ms
[2023-04-10T20:15:57.215+0800][9644.582s] GC(979)   Post Evacuate Collection Set: 0.6ms
[2023-04-10T20:15:57.215+0800][9644.583s] GC(979)   Other: 0.2ms
[2023-04-10T20:15:57.215+0800][9644.583s] GC(979) Eden regions: 296->0(296)
[2023-04-10T20:15:57.215+0800][9644.583s] GC(979) Survivor regions: 11->11(39)
[2023-04-10T20:15:57.215+0800][9644.583s] GC(979) Old regions: 51->51
[2023-04-10T20:15:57.215+0800][9644.583s] GC(979) Humongous regions: 15->13
[2023-04-10T20:15:57.215+0800][9644.583s] GC(979) Metaspace: 61835K(63952K)->61835K(63952K) NonClass: 54874K(56064K)->54874K(56064K) Class: 6961K(7888K)->6961K(7888K)
[2023-04-10T20:15:57.215+0800][9644.583s] GC(979) Pause Young (Normal) (G1 Evacuation Pause) 371M->73M(512M) 2.228ms
[2023-04-10T20:15:57.215+0800][9644.583s] GC(979) User=0.02s Sys=0.00s Real=0.00s
[2023-04-10T20:15:57.615+0800][9644.983s] GC(980) Pause Young (Normal) (G1 Evacuation Pause)
[2023-04-10T20:15:57.615+0800][9644.983s] GC(980) Using 8 workers of 8 for evacuation
[2023-04-10T20:15:57.617+0800][9644.985s] GC(980)   Pre Evacuate Collection Set: 0.0ms
[2023-04-10T20:15:57.617+0800][9644.985s] GC(980)   Evacuate Collection Set: 1.2ms
[2023-04-10T20:15:57.617+0800][9644.985s] GC(980)   Post Evacuate Collection Set: 0.6ms
[2023-04-10T20:15:57.617+0800][9644.985s] GC(980)   Other: 0.2ms
[2023-04-10T20:15:57.617+0800][9644.985s] GC(980) Eden regions: 296->0(296)
[2023-04-10T20:15:57.617+0800][9644.985s] GC(980) Survivor regions: 11->11(39)
[2023-04-10T20:15:57.617+0800][9644.985s] GC(980) Old regions: 51->51
[2023-04-10T20:15:57.617+0800][9644.985s] GC(980) Humongous regions: 23->13
[2023-04-10T20:15:57.617+0800][9644.985s] GC(980) Metaspace: 61835K(63952K)->61835K(63952K) NonClass: 54874K(56064K)->54874K(56064K) Class: 6961K(7888K)->6961K(7888K)
[2023-04-10T20:15:57.617+0800][9644.985s] GC(980) Pause Young (Normal) (G1 Evacuation Pause) 379M->74M(512M) 2.210ms
[2023-04-10T20:15:57.617+0800][9644.985s] GC(980) User=0.00s Sys=0.00s Real=0.00s
[2023-04-10T20:15:58.011+0800][9645.379s] GC(981) Pause Young (Normal) (G1 Evacuation Pause)
[2023-04-10T20:15:58.011+0800][9645.379s] GC(981) Using 8 workers of 8 for evacuation
[2023-04-10T20:15:58.012+0800][9645.380s] GC(981)   Pre Evacuate Collection Set: 0.0ms
[2023-04-10T20:15:58.012+0800][9645.380s] GC(981)   Evacuate Collection Set: 0.5ms
[2023-04-10T20:15:58.012+0800][9645.380s] GC(981)   Post Evacuate Collection Set: 0.6ms
[2023-04-10T20:15:58.012+0800][9645.380s] GC(981)   Other: 0.2ms
[2023-04-10T20:15:58.012+0800][9645.380s] GC(981) Eden regions: 296->0(303)
[2023-04-10T20:15:58.012+0800][9645.380s] GC(981) Survivor regions: 11->4(39)
[2023-04-10T20:15:58.012+0800][9645.380s] GC(981) Old regions: 51->51
[2023-04-10T20:15:58.012+0800][9645.380s] GC(981) Humongous regions: 13->4
[2023-04-10T20:15:58.012+0800][9645.380s] GC(981) Metaspace: 61835K(63952K)->61835K(63952K) NonClass: 54874K(56064K)->54874K(56064K) Class: 6961K(7888K)->6961K(7888K)
[2023-04-10T20:15:58.012+0800][9645.380s] GC(981) Pause Young (Normal) (G1 Evacuation Pause) 370M->57M(512M) 1.414ms
[2023-04-10T20:15:58.012+0800][9645.380s] GC(981) User=0.00s Sys=0.00s Real=0.00s
[2023-04-10T20:15:58.395+0800][9645.763s] GC(982) Pause Young (Normal) (G1 Evacuation Pause)
[2023-04-10T20:15:58.395+0800][9645.763s] GC(982) Using 8 workers of 8 for evacuation
[2023-04-10T20:15:58.397+0800][9645.765s] GC(982)   Pre Evacuate Collection Set: 0.0ms
[2023-04-10T20:15:58.397+0800][9645.765s] GC(982)   Evacuate Collection Set: 1.0ms
[2023-04-10T20:15:58.397+0800][9645.765s] GC(982)   Post Evacuate Collection Set: 0.7ms
[2023-04-10T20:15:58.397+0800][9645.765s] GC(982)   Other: 0.2ms
[2023-04-10T20:15:58.397+0800][9645.765s] GC(982) Eden regions: 303->0(298)
[2023-04-10T20:15:58.397+0800][9645.765s] GC(982) Survivor regions: 4->9(39)
[2023-04-10T20:15:58.397+0800][9645.765s] GC(982) Old regions: 51->51
[2023-04-10T20:15:58.397+0800][9645.765s] GC(982) Humongous regions: 7->6
[2023-04-10T20:15:58.397+0800][9645.765s] GC(982) Metaspace: 61835K(63952K)->61835K(63952K) NonClass: 54874K(56064K)->54874K(56064K) Class: 6961K(7888K)->6961K(7888K)
[2023-04-10T20:15:58.397+0800][9645.765s] GC(982) Pause Young (Normal) (G1 Evacuation Pause) 363M->64M(512M) 2.033ms
[2023-04-10T20:15:58.397+0800][9645.765s] GC(982) User=0.00s Sys=0.00s Real=0.00s
[2023-04-10T20:15:58.838+0800][9646.206s] GC(983) Pause Young (Normal) (G1 Evacuation Pause)
[2023-04-10T20:15:58.838+0800][9646.206s] GC(983) Using 8 workers of 8 for evacuation
[2023-04-10T20:15:58.840+0800][9646.208s] GC(983)   Pre Evacuate Collection Set: 0.0ms
[2023-04-10T20:15:58.840+0800][9646.208s] GC(983)   Evacuate Collection Set: 1.2ms
[2023-04-10T20:15:58.840+0800][9646.208s] GC(983)   Post Evacuate Collection Set: 0.8ms
[2023-04-10T20:15:58.840+0800][9646.208s] GC(983)   Other: 0.2ms
[2023-04-10T20:15:58.840+0800][9646.208s] GC(983) Eden regions: 298->0(297)
[2023-04-10T20:15:58.840+0800][9646.208s] GC(983) Survivor regions: 9->10(39)
[2023-04-10T20:15:58.840+0800][9646.208s] GC(983) Old regions: 51->51
[2023-04-10T20:15:58.840+0800][9646.208s] GC(983) Humongous regions: 21->13
[2023-04-10T20:15:58.840+0800][9646.208s] GC(983) Metaspace: 61835K(63952K)->61835K(63952K) NonClass: 54874K(56064K)->54874K(56064K) Class: 6961K(7888K)->6961K(7888K)
[2023-04-10T20:15:58.840+0800][9646.208s] GC(983) Pause Young (Normal) (G1 Evacuation Pause) 377M->73M(512M) 2.508ms
[2023-04-10T20:15:58.840+0800][9646.208s] GC(983) User=0.02s Sys=0.00s Real=0.00s
[2023-04-10T20:15:59.465+0800][9646.834s] GC(984) Pause Young (Normal) (G1 Evacuation Pause)
[2023-04-10T20:15:59.465+0800][9646.834s] GC(984) Using 8 workers of 8 for evacuation
[2023-04-10T20:15:59.467+0800][9646.834s] GC(984)   Pre Evacuate Collection Set: 0.0ms
[2023-04-10T20:15:59.467+0800][9646.834s] GC(984)   Evacuate Collection Set: 0.3ms
[2023-04-10T20:15:59.467+0800][9646.835s] GC(984)   Post Evacuate Collection Set: 0.5ms
[2023-04-10T20:15:59.467+0800][9646.835s] GC(984)   Other: 0.2ms
[2023-04-10T20:15:59.467+0800][9646.835s] GC(984) Eden regions: 297->0(306)
[2023-04-10T20:15:59.467+0800][9646.835s] GC(984) Survivor regions: 10->1(39)
[2023-04-10T20:15:59.467+0800][9646.835s] GC(984) Old regions: 51->51
[2023-04-10T20:15:59.467+0800][9646.835s] GC(984) Humongous regions: 18->4
[2023-04-10T20:15:59.467+0800][9646.835s] GC(984) Metaspace: 61837K(63952K)->61837K(63952K) NonClass: 54875K(56064K)->54875K(56064K) Class: 6961K(7888K)->6961K(7888K)
[2023-04-10T20:15:59.467+0800][9646.835s] GC(984) Pause Young (Normal) (G1 Evacuation Pause) 375M->54M(512M) 1.094ms
[2023-04-10T20:15:59.467+0800][9646.835s] GC(984) User=0.00s Sys=0.00s Real=0.00s
[2023-04-10T20:15:59.861+0800][9647.228s] GC(985) Pause Young (Normal) (G1 Evacuation Pause)
[2023-04-10T20:15:59.861+0800][9647.228s] GC(985) Using 8 workers of 8 for evacuation
[2023-04-10T20:15:59.862+0800][9647.230s] GC(985)   Pre Evacuate Collection Set: 0.0ms
[2023-04-10T20:15:59.862+0800][9647.230s] GC(985)   Evacuate Collection Set: 0.7ms
[2023-04-10T20:15:59.862+0800][9647.230s] GC(985)   Post Evacuate Collection Set: 0.5ms
[2023-04-10T20:15:59.862+0800][9647.230s] GC(985)   Other: 0.2ms
[2023-04-10T20:15:59.862+0800][9647.230s] GC(985) Eden regions: 306->0(300)
[2023-04-10T20:15:59.862+0800][9647.230s] GC(985) Survivor regions: 1->7(39)
[2023-04-10T20:15:59.862+0800][9647.230s] GC(985) Old regions: 51->51
[2023-04-10T20:15:59.862+0800][9647.230s] GC(985) Humongous regions: 7->6
[2023-04-10T20:15:59.862+0800][9647.230s] GC(985) Metaspace: 61837K(63952K)->61837K(63952K) NonClass: 54875K(56064K)->54875K(56064K) Class: 6961K(7888K)->6961K(7888K)
[2023-04-10T20:15:59.862+0800][9647.230s] GC(985) Pause Young (Normal) (G1 Evacuation Pause) 363M->62M(512M) 1.606ms
[2023-04-10T20:15:59.862+0800][9647.230s] GC(985) User=0.00s Sys=0.00s Real=0.00s
[2023-04-10T20:16:00.357+0800][9647.726s] GC(986) Pause Young (Normal) (G1 Evacuation Pause)
[2023-04-10T20:16:00.357+0800][9647.726s] GC(986) Using 8 workers of 8 for evacuation
[2023-04-10T20:16:00.359+0800][9647.727s] GC(986)   Pre Evacuate Collection Set: 0.0ms
[2023-04-10T20:16:00.359+0800][9647.727s] GC(986)   Evacuate Collection Set: 1.1ms
[2023-04-10T20:16:00.359+0800][9647.728s] GC(986)   Post Evacuate Collection Set: 0.4ms
[2023-04-10T20:16:00.359+0800][9647.728s] GC(986)   Other: 0.2ms
[2023-04-10T20:16:00.359+0800][9647.728s] GC(986) Eden regions: 300->0(298)
[2023-04-10T20:16:00.359+0800][9647.728s] GC(986) Survivor regions: 7->9(39)
[2023-04-10T20:16:00.359+0800][9647.728s] GC(986) Old regions: 51->51
[2023-04-10T20:16:00.359+0800][9647.728s] GC(986) Humongous regions: 12->12
[2023-04-10T20:16:00.359+0800][9647.728s] GC(986) Metaspace: 61837K(63952K)->61837K(63952K) NonClass: 54875K(56064K)->54875K(56064K) Class: 6961K(7888K)->6961K(7888K)
[2023-04-10T20:16:00.359+0800][9647.728s] GC(986) Pause Young (Normal) (G1 Evacuation Pause) 368M->70M(512M) 1.930ms
[2023-04-10T20:16:00.359+0800][9647.728s] GC(986) User=0.00s Sys=0.00s Real=0.00s
[2023-04-10T20:16:00.885+0800][9648.254s] GC(987) Pause Young (Normal) (G1 Evacuation Pause)
[2023-04-10T20:16:00.885+0800][9648.254s] GC(987) Using 8 workers of 8 for evacuation
[2023-04-10T20:16:00.887+0800][9648.255s] GC(987)   Pre Evacuate Collection Set: 0.0ms
[2023-04-10T20:16:00.887+0800][9648.255s] GC(987)   Evacuate Collection Set: 1.1ms
[2023-04-10T20:16:00.887+0800][9648.256s] GC(987)   Post Evacuate Collection Set: 0.6ms
[2023-04-10T20:16:00.887+0800][9648.256s] GC(987)   Other: 0.2ms
[2023-04-10T20:16:00.887+0800][9648.256s] GC(987) Eden regions: 298->0(296)
[2023-04-10T20:16:00.887+0800][9648.256s] GC(987) Survivor regions: 9->11(39)
[2023-04-10T20:16:00.887+0800][9648.256s] GC(987) Old regions: 51->51
[2023-04-10T20:16:00.887+0800][9648.256s] GC(987) Humongous regions: 25->13
[2023-04-10T20:16:00.887+0800][9648.256s] GC(987) Metaspace: 61837K(63952K)->61837K(63952K) NonClass: 54875K(56064K)->54875K(56064K) Class: 6961K(7888K)->6961K(7888K)
[2023-04-10T20:16:00.887+0800][9648.256s] GC(987) Pause Young (Normal) (G1 Evacuation Pause) 381M->73M(512M) 2.129ms
[2023-04-10T20:16:00.887+0800][9648.256s] GC(987) User=0.12s Sys=0.00s Real=0.00s
[2023-04-10T20:16:01.355+0800][9648.723s] GC(988) Pause Young (Normal) (G1 Evacuation Pause)
[2023-04-10T20:16:01.355+0800][9648.723s] GC(988) Using 8 workers of 8 for evacuation
[2023-04-10T20:16:01.356+0800][9648.724s] GC(988)   Pre Evacuate Collection Set: 0.0ms
[2023-04-10T20:16:01.356+0800][9648.724s] GC(988)   Evacuate Collection Set: 0.6ms
[2023-04-10T20:16:01.356+0800][9648.724s] GC(988)   Post Evacuate Collection Set: 0.4ms
[2023-04-10T20:16:01.356+0800][9648.724s] GC(988)   Other: 0.2ms
[2023-04-10T20:16:01.356+0800][9648.724s] GC(988) Eden regions: 296->0(302)
[2023-04-10T20:16:01.356+0800][9648.724s] GC(988) Survivor regions: 11->5(39)
[2023-04-10T20:16:01.356+0800][9648.724s] GC(988) Old regions: 51->51
[2023-04-10T20:16:01.356+0800][9648.724s] GC(988) Humongous regions: 14->5
[2023-04-10T20:16:01.356+0800][9648.724s] GC(988) Metaspace: 61837K(63952K)->61837K(63952K) NonClass: 54875K(56064K)->54875K(56064K) Class: 6961K(7888K)->6961K(7888K)
[2023-04-10T20:16:01.356+0800][9648.724s] GC(988) Pause Young (Normal) (G1 Evacuation Pause) 370M->59M(512M) 1.435ms
[2023-04-10T20:16:01.356+0800][9648.724s] GC(988) User=0.00s Sys=0.00s Real=0.00s
[2023-04-10T20:16:01.822+0800][9649.190s] GC(989) Pause Young (Normal) (G1 Evacuation Pause)
[2023-04-10T20:16:01.822+0800][9649.190s] GC(989) Using 8 workers of 8 for evacuation
[2023-04-10T20:16:01.823+0800][9649.192s] GC(989)   Pre Evacuate Collection Set: 0.0ms
[2023-04-10T20:16:01.823+0800][9649.192s] GC(989)   Evacuate Collection Set: 1.2ms
[2023-04-10T20:16:01.823+0800][9649.192s] GC(989)   Post Evacuate Collection Set: 0.5ms
[2023-04-10T20:16:01.823+0800][9649.192s] GC(989)   Other: 0.2ms
[2023-04-10T20:16:01.823+0800][9649.192s] GC(989) Eden regions: 302->0(296)
[2023-04-10T20:16:01.823+0800][9649.192s] GC(989) Survivor regions: 5->11(39)
[2023-04-10T20:16:01.823+0800][9649.192s] GC(989) Old regions: 51->51
[2023-04-10T20:16:01.824+0800][9649.192s] GC(989) Humongous regions: 8->7
[2023-04-10T20:16:01.824+0800][9649.192s] GC(989) Metaspace: 61837K(63952K)->61837K(63952K) NonClass: 54875K(56064K)->54875K(56064K) Class: 6961K(7888K)->6961K(7888K)
[2023-04-10T20:16:01.824+0800][9649.192s] GC(989) Pause Young (Normal) (G1 Evacuation Pause) 364M->67M(512M) 2.049ms
[2023-04-10T20:16:01.824+0800][9649.192s] GC(989) User=0.02s Sys=0.00s Real=0.00s
[2023-04-10T20:16:02.367+0800][9649.735s] GC(990) Pause Young (Normal) (G1 Evacuation Pause)
[2023-04-10T20:16:02.367+0800][9649.735s] GC(990) Using 8 workers of 8 for evacuation
[2023-04-10T20:16:02.369+0800][9649.737s] GC(990)   Pre Evacuate Collection Set: 0.0ms
[2023-04-10T20:16:02.369+0800][9649.737s] GC(990)   Evacuate Collection Set: 1.1ms
[2023-04-10T20:16:02.369+0800][9649.737s] GC(990)   Post Evacuate Collection Set: 0.6ms
[2023-04-10T20:16:02.369+0800][9649.737s] GC(990)   Other: 0.2ms
[2023-04-10T20:16:02.369+0800][9649.737s] GC(990) Eden regions: 296->0(297)
[2023-04-10T20:16:02.369+0800][9649.737s] GC(990) Survivor regions: 11->10(39)
[2023-04-10T20:16:02.369+0800][9649.737s] GC(990) Old regions: 51->51
[2023-04-10T20:16:02.369+0800][9649.737s] GC(990) Humongous regions: 25->13
[2023-04-10T20:16:02.369+0800][9649.737s] GC(990) Metaspace: 61837K(63952K)->61837K(63952K) NonClass: 54875K(56064K)->54875K(56064K) Class: 6961K(7888K)->6961K(7888K)
[2023-04-10T20:16:02.369+0800][9649.737s] GC(990) Pause Young (Normal) (G1 Evacuation Pause) 381M->73M(512M) 2.172ms
[2023-04-10T20:16:02.369+0800][9649.738s] GC(990) User=0.00s Sys=0.00s Real=0.00s
[2023-04-10T20:16:02.775+0800][9650.144s] GC(991) Pause Young (Normal) (G1 Evacuation Pause)
[2023-04-10T20:16:02.775+0800][9650.144s] GC(991) Using 8 workers of 8 for evacuation
[2023-04-10T20:16:02.776+0800][9650.145s] GC(991)   Pre Evacuate Collection Set: 0.0ms
[2023-04-10T20:16:02.776+0800][9650.145s] GC(991)   Evacuate Collection Set: 0.5ms
[2023-04-10T20:16:02.776+0800][9650.145s] GC(991)   Post Evacuate Collection Set: 0.6ms
[2023-04-10T20:16:02.776+0800][9650.145s] GC(991)   Other: 0.2ms
[2023-04-10T20:16:02.776+0800][9650.145s] GC(991) Eden regions: 297->0(303)
[2023-04-10T20:16:02.777+0800][9650.145s] GC(991) Survivor regions: 10->4(39)
[2023-04-10T20:16:02.777+0800][9650.145s] GC(991) Old regions: 51->51
[2023-04-10T20:16:02.777+0800][9650.145s] GC(991) Humongous regions: 13->4
[2023-04-10T20:16:02.777+0800][9650.145s] GC(991) Metaspace: 61837K(63952K)->61837K(63952K) NonClass: 54875K(56064K)->54875K(56064K) Class: 6961K(7888K)->6961K(7888K)
[2023-04-10T20:16:02.777+0800][9650.145s] GC(991) Pause Young (Normal) (G1 Evacuation Pause) 370M->57M(512M) 1.440ms
[2023-04-10T20:16:02.777+0800][9650.145s] GC(991) User=0.00s Sys=0.02s Real=0.00s
[2023-04-10T20:16:03.170+0800][9650.538s] GC(992) Pause Young (Normal) (G1 Evacuation Pause)
[2023-04-10T20:16:03.170+0800][9650.538s] GC(992) Using 8 workers of 8 for evacuation
[2023-04-10T20:16:03.171+0800][9650.540s] GC(992)   Pre Evacuate Collection Set: 0.0ms
[2023-04-10T20:16:03.172+0800][9650.540s] GC(992)   Evacuate Collection Set: 0.9ms
[2023-04-10T20:16:03.172+0800][9650.540s] GC(992)   Post Evacuate Collection Set: 0.7ms
[2023-04-10T20:16:03.172+0800][9650.540s] GC(992)   Other: 0.2ms
[2023-04-10T20:16:03.172+0800][9650.540s] GC(992) Eden regions: 303->0(298)
[2023-04-10T20:16:03.172+0800][9650.540s] GC(992) Survivor regions: 4->9(39)
[2023-04-10T20:16:03.172+0800][9650.540s] GC(992) Old regions: 51->51
[2023-04-10T20:16:03.172+0800][9650.540s] GC(992) Humongous regions: 7->6
[2023-04-10T20:16:03.172+0800][9650.540s] GC(992) Metaspace: 61837K(63952K)->61837K(63952K) NonClass: 54875K(56064K)->54875K(56064K) Class: 6961K(7888K)->6961K(7888K)
[2023-04-10T20:16:03.172+0800][9650.540s] GC(992) Pause Young (Normal) (G1 Evacuation Pause) 363M->64M(512M) 2.007ms
[2023-04-10T20:16:03.172+0800][9650.540s] GC(992) User=0.00s Sys=0.00s Real=0.00s
[2023-04-10T20:16:03.571+0800][9650.939s] GC(993) Pause Young (Normal) (G1 Evacuation Pause)
[2023-04-10T20:16:03.571+0800][9650.939s] GC(993) Using 8 workers of 8 for evacuation
[2023-04-10T20:16:03.573+0800][9650.941s] GC(993)   Pre Evacuate Collection Set: 0.0ms
[2023-04-10T20:16:03.573+0800][9650.941s] GC(993)   Evacuate Collection Set: 1.1ms
[2023-04-10T20:16:03.573+0800][9650.941s] GC(993)   Post Evacuate Collection Set: 0.5ms
[2023-04-10T20:16:03.573+0800][9650.941s] GC(993)   Other: 0.2ms
[2023-04-10T20:16:03.573+0800][9650.941s] GC(993) Eden regions: 298->0(296)
[2023-04-10T20:16:03.573+0800][9650.941s] GC(993) Survivor regions: 9->11(39)
[2023-04-10T20:16:03.573+0800][9650.941s] GC(993) Old regions: 51->51
[2023-04-10T20:16:03.573+0800][9650.941s] GC(993) Humongous regions: 20->13
[2023-04-10T20:16:03.573+0800][9650.941s] GC(993) Metaspace: 61837K(63952K)->61837K(63952K) NonClass: 54875K(56064K)->54875K(56064K) Class: 6961K(7888K)->6961K(7888K)
[2023-04-10T20:16:03.573+0800][9650.941s] GC(993) Pause Young (Normal) (G1 Evacuation Pause) 376M->73M(512M) 2.013ms
[2023-04-10T20:16:03.573+0800][9650.941s] GC(993) User=0.00s Sys=0.00s Real=0.00s
[2023-04-10T20:16:04.074+0800][9651.443s] GC(994) Pause Young (Normal) (G1 Evacuation Pause)
[2023-04-10T20:16:04.074+0800][9651.443s] GC(994) Using 8 workers of 8 for evacuation
[2023-04-10T20:16:04.076+0800][9651.444s] GC(994)   Pre Evacuate Collection Set: 0.0ms
[2023-04-10T20:16:04.076+0800][9651.444s] GC(994)   Evacuate Collection Set: 0.4ms
[2023-04-10T20:16:04.076+0800][9651.444s] GC(994)   Post Evacuate Collection Set: 0.7ms
[2023-04-10T20:16:04.076+0800][9651.444s] GC(994)   Other: 0.2ms
[2023-04-10T20:16:04.076+0800][9651.444s] GC(994) Eden regions: 296->0(305)
[2023-04-10T20:16:04.076+0800][9651.444s] GC(994) Survivor regions: 11->2(39)
[2023-04-10T20:16:04.076+0800][9651.444s] GC(994) Old regions: 51->51
[2023-04-10T20:16:04.076+0800][9651.444s] GC(994) Humongous regions: 18->4
[2023-04-10T20:16:04.076+0800][9651.444s] GC(994) Metaspace: 61837K(63952K)->61837K(63952K) NonClass: 54875K(56064K)->54875K(56064K) Class: 6961K(7888K)->6961K(7888K)
[2023-04-10T20:16:04.076+0800][9651.444s] GC(994) Pause Young (Normal) (G1 Evacuation Pause) 374M->55M(512M) 1.362ms
[2023-04-10T20:16:04.076+0800][9651.444s] GC(994) User=0.00s Sys=0.00s Real=0.00s
[2023-04-10T20:16:04.450+0800][9651.818s] GC(995) Pause Young (Normal) (G1 Evacuation Pause)
[2023-04-10T20:16:04.450+0800][9651.818s] GC(995) Using 8 workers of 8 for evacuation
[2023-04-10T20:16:04.452+0800][9651.820s] GC(995)   Pre Evacuate Collection Set: 0.0ms
[2023-04-10T20:16:04.452+0800][9651.820s] GC(995)   Evacuate Collection Set: 0.8ms
[2023-04-10T20:16:04.452+0800][9651.820s] GC(995)   Post Evacuate Collection Set: 0.7ms
[2023-04-10T20:16:04.452+0800][9651.820s] GC(995)   Other: 0.2ms
[2023-04-10T20:16:04.452+0800][9651.820s] GC(995) Eden regions: 305->0(299)
[2023-04-10T20:16:04.452+0800][9651.820s] GC(995) Survivor regions: 2->8(39)
[2023-04-10T20:16:04.452+0800][9651.820s] GC(995) Old regions: 51->51
[2023-04-10T20:16:04.452+0800][9651.820s] GC(995) Humongous regions: 7->6
[2023-04-10T20:16:04.452+0800][9651.820s] GC(995) Metaspace: 61837K(63952K)->61837K(63952K) NonClass: 54875K(56064K)->54875K(56064K) Class: 6961K(7888K)->6961K(7888K)
[2023-04-10T20:16:04.452+0800][9651.820s] GC(995) Pause Young (Normal) (G1 Evacuation Pause) 363M->63M(512M) 1.784ms
[2023-04-10T20:16:04.452+0800][9651.820s] GC(995) User=0.00s Sys=0.00s Real=0.00s
[2023-04-10T20:16:04.841+0800][9652.209s] GC(996) Pause Young (Normal) (G1 Evacuation Pause)
[2023-04-10T20:16:04.841+0800][9652.209s] GC(996) Using 8 workers of 8 for evacuation
[2023-04-10T20:16:04.843+0800][9652.211s] GC(996)   Pre Evacuate Collection Set: 0.0ms
[2023-04-10T20:16:04.843+0800][9652.211s] GC(996)   Evacuate Collection Set: 1.0ms
[2023-04-10T20:16:04.843+0800][9652.211s] GC(996)   Post Evacuate Collection Set: 0.7ms
[2023-04-10T20:16:04.843+0800][9652.211s] GC(996)   Other: 0.2ms
[2023-04-10T20:16:04.843+0800][9652.211s] GC(996) Eden regions: 299->0(298)
[2023-04-10T20:16:04.843+0800][9652.211s] GC(996) Survivor regions: 8->9(39)
[2023-04-10T20:16:04.843+0800][9652.211s] GC(996) Old regions: 51->51
[2023-04-10T20:16:04.843+0800][9652.211s] GC(996) Humongous regions: 15->13
[2023-04-10T20:16:04.843+0800][9652.211s] GC(996) Metaspace: 61837K(63952K)->61837K(63952K) NonClass: 54875K(56064K)->54875K(56064K) Class: 6961K(7888K)->6961K(7888K)
[2023-04-10T20:16:04.843+0800][9652.211s] GC(996) Pause Young (Normal) (G1 Evacuation Pause) 371M->72M(512M) 1.999ms
[2023-04-10T20:16:04.843+0800][9652.211s] GC(996) User=0.00s Sys=0.00s Real=0.00s
[2023-04-10T20:16:05.335+0800][9652.702s] GC(997) Pause Young (Normal) (G1 Evacuation Pause)
[2023-04-10T20:16:05.335+0800][9652.702s] GC(997) Using 8 workers of 8 for evacuation
[2023-04-10T20:16:05.337+0800][9652.704s] GC(997)   Pre Evacuate Collection Set: 0.0ms
[2023-04-10T20:16:05.337+0800][9652.704s] GC(997)   Evacuate Collection Set: 1.3ms
[2023-04-10T20:16:05.337+0800][9652.704s] GC(997)   Post Evacuate Collection Set: 0.6ms
[2023-04-10T20:16:05.337+0800][9652.704s] GC(997)   Other: 0.2ms
[2023-04-10T20:16:05.337+0800][9652.705s] GC(997) Eden regions: 298->0(297)
[2023-04-10T20:16:05.337+0800][9652.705s] GC(997) Survivor regions: 9->10(39)
[2023-04-10T20:16:05.337+0800][9652.705s] GC(997) Old regions: 51->51
[2023-04-10T20:16:05.337+0800][9652.705s] GC(997) Humongous regions: 23->13
[2023-04-10T20:16:05.337+0800][9652.705s] GC(997) Metaspace: 61837K(63952K)->61837K(63952K) NonClass: 54875K(56064K)->54875K(56064K) Class: 6961K(7888K)->6961K(7888K)
[2023-04-10T20:16:05.337+0800][9652.705s] GC(997) Pause Young (Normal) (G1 Evacuation Pause) 380M->73M(512M) 2.402ms
[2023-04-10T20:16:05.337+0800][9652.705s] GC(997) User=0.00s Sys=0.00s Real=0.00s
[2023-04-10T20:16:05.771+0800][9653.139s] GC(998) Pause Young (Normal) (G1 Evacuation Pause)
[2023-04-10T20:16:05.771+0800][9653.139s] GC(998) Using 8 workers of 8 for evacuation
[2023-04-10T20:16:05.772+0800][9653.140s] GC(998)   Pre Evacuate Collection Set: 0.0ms
[2023-04-10T20:16:05.772+0800][9653.140s] GC(998)   Evacuate Collection Set: 0.6ms
[2023-04-10T20:16:05.772+0800][9653.140s] GC(998)   Post Evacuate Collection Set: 0.6ms
[2023-04-10T20:16:05.772+0800][9653.140s] GC(998)   Other: 0.2ms
[2023-04-10T20:16:05.772+0800][9653.140s] GC(998) Eden regions: 297->0(302)
[2023-04-10T20:16:05.772+0800][9653.140s] GC(998) Survivor regions: 10->5(39)
[2023-04-10T20:16:05.772+0800][9653.141s] GC(998) Old regions: 51->51
[2023-04-10T20:16:05.772+0800][9653.141s] GC(998) Humongous regions: 14->5
[2023-04-10T20:16:05.772+0800][9653.141s] GC(998) Metaspace: 61837K(63952K)->61837K(63952K) NonClass: 54875K(56064K)->54875K(56064K) Class: 6961K(7888K)->6961K(7888K)
[2023-04-10T20:16:05.772+0800][9653.141s] GC(998) Pause Young (Normal) (G1 Evacuation Pause) 371M->60M(512M) 1.558ms
[2023-04-10T20:16:05.772+0800][9653.141s] GC(998) User=0.00s Sys=0.00s Real=0.00s
[2023-04-10T20:16:06.180+0800][9653.548s] GC(999) Pause Young (Normal) (G1 Evacuation Pause)
[2023-04-10T20:16:06.180+0800][9653.548s] GC(999) Using 8 workers of 8 for evacuation
[2023-04-10T20:16:06.182+0800][9653.550s] GC(999)   Pre Evacuate Collection Set: 0.0ms
[2023-04-10T20:16:06.182+0800][9653.550s] GC(999)   Evacuate Collection Set: 1.1ms
[2023-04-10T20:16:06.182+0800][9653.550s] GC(999)   Post Evacuate Collection Set: 0.5ms
[2023-04-10T20:16:06.182+0800][9653.550s] GC(999)   Other: 0.2ms
[2023-04-10T20:16:06.182+0800][9653.550s] GC(999) Eden regions: 302->0(296)
[2023-04-10T20:16:06.182+0800][9653.550s] GC(999) Survivor regions: 5->11(39)
[2023-04-10T20:16:06.182+0800][9653.550s] GC(999) Old regions: 51->51
[2023-04-10T20:16:06.182+0800][9653.550s] GC(999) Humongous regions: 8->7
[2023-04-10T20:16:06.182+0800][9653.550s] GC(999) Metaspace: 61837K(63952K)->61837K(63952K) NonClass: 54875K(56064K)->54875K(56064K) Class: 6961K(7888K)->6961K(7888K)
[2023-04-10T20:16:06.182+0800][9653.550s] GC(999) Pause Young (Normal) (G1 Evacuation Pause) 365M->67M(512M) 1.987ms
[2023-04-10T20:16:06.182+0800][9653.550s] GC(999) User=0.00s Sys=0.00s Real=0.00s
[2023-04-10T20:16:06.794+0800][9654.162s] GC(1000) Pause Young (Normal) (G1 Evacuation Pause)
[2023-04-10T20:16:06.794+0800][9654.162s] GC(1000) Using 8 workers of 8 for evacuation
[2023-04-10T20:16:06.795+0800][9654.164s] GC(1000)   Pre Evacuate Collection Set: 0.0ms
[2023-04-10T20:16:06.795+0800][9654.164s] GC(1000)   Evacuate Collection Set: 1.2ms
[2023-04-10T20:16:06.796+0800][9654.164s] GC(1000)   Post Evacuate Collection Set: 0.5ms
[2023-04-10T20:16:06.796+0800][9654.164s] GC(1000)   Other: 0.2ms
[2023-04-10T20:16:06.796+0800][9654.164s] GC(1000) Eden regions: 296->0(297)
[2023-04-10T20:16:06.796+0800][9654.164s] GC(1000) Survivor regions: 11->10(39)
[2023-04-10T20:16:06.796+0800][9654.164s] GC(1000) Old regions: 51->51
[2023-04-10T20:16:06.796+0800][9654.164s] GC(1000) Humongous regions: 25->13
[2023-04-10T20:16:06.796+0800][9654.164s] GC(1000) Metaspace: 61837K(63952K)->61837K(63952K) NonClass: 54875K(56064K)->54875K(56064K) Class: 6961K(7888K)->6961K(7888K)
[2023-04-10T20:16:06.796+0800][9654.164s] GC(1000) Pause Young (Normal) (G1 Evacuation Pause) 381M->73M(512M) 2.194ms
[2023-04-10T20:16:06.796+0800][9654.164s] GC(1000) User=0.00s Sys=0.00s Real=0.00s
[2023-04-10T20:16:07.305+0800][9654.673s] GC(1001) Pause Young (Normal) (G1 Evacuation Pause)
[2023-04-10T20:16:07.305+0800][9654.673s] GC(1001) Using 8 workers of 8 for evacuation
[2023-04-10T20:16:07.306+0800][9654.674s] GC(1001)   Pre Evacuate Collection Set: 0.0ms
[2023-04-10T20:16:07.306+0800][9654.674s] GC(1001)   Evacuate Collection Set: 0.5ms
[2023-04-10T20:16:07.306+0800][9654.674s] GC(1001)   Post Evacuate Collection Set: 0.3ms
[2023-04-10T20:16:07.306+0800][9654.674s] GC(1001)   Other: 0.2ms
[2023-04-10T20:16:07.306+0800][9654.674s] GC(1001) Eden regions: 297->0(303)
[2023-04-10T20:16:07.306+0800][9654.674s] GC(1001) Survivor regions: 10->4(39)
[2023-04-10T20:16:07.306+0800][9654.674s] GC(1001) Old regions: 51->51
[2023-04-10T20:16:07.306+0800][9654.674s] GC(1001) Humongous regions: 14->5
[2023-04-10T20:16:07.306+0800][9654.674s] GC(1001) Metaspace: 61837K(63952K)->61837K(63952K) NonClass: 54875K(56064K)->54875K(56064K) Class: 6961K(7888K)->6961K(7888K)
[2023-04-10T20:16:07.306+0800][9654.674s] GC(1001) Pause Young (Normal) (G1 Evacuation Pause) 371M->58M(512M) 1.311ms
[2023-04-10T20:16:07.306+0800][9654.674s] GC(1001) User=0.00s Sys=0.00s Real=0.00s
[2023-04-10T20:16:07.774+0800][9655.142s] GC(1002) Pause Young (Normal) (G1 Evacuation Pause)
[2023-04-10T20:16:07.774+0800][9655.142s] GC(1002) Using 8 workers of 8 for evacuation
[2023-04-10T20:16:07.776+0800][9655.144s] GC(1002)   Pre Evacuate Collection Set: 0.0ms
[2023-04-10T20:16:07.776+0800][9655.144s] GC(1002)   Evacuate Collection Set: 1.0ms
[2023-04-10T20:16:07.776+0800][9655.144s] GC(1002)   Post Evacuate Collection Set: 0.8ms
[2023-04-10T20:16:07.776+0800][9655.144s] GC(1002)   Other: 0.2ms
[2023-04-10T20:16:07.776+0800][9655.144s] GC(1002) Eden regions: 303->0(297)
[2023-04-10T20:16:07.776+0800][9655.144s] GC(1002) Survivor regions: 4->10(39)
[2023-04-10T20:16:07.776+0800][9655.144s] GC(1002) Old regions: 51->51
[2023-04-10T20:16:07.776+0800][9655.144s] GC(1002) Humongous regions: 7->6
[2023-04-10T20:16:07.776+0800][9655.144s] GC(1002) Metaspace: 61837K(63952K)->61837K(63952K) NonClass: 54875K(56064K)->54875K(56064K) Class: 6961K(7888K)->6961K(7888K)
[2023-04-10T20:16:07.776+0800][9655.144s] GC(1002) Pause Young (Normal) (G1 Evacuation Pause) 363M->65M(512M) 2.186ms
[2023-04-10T20:16:07.776+0800][9655.145s] GC(1002) User=0.00s Sys=0.00s Real=0.00s
[2023-04-10T20:16:08.378+0800][9655.746s] GC(1003) Pause Young (Normal) (G1 Evacuation Pause)
[2023-04-10T20:16:08.378+0800][9655.746s] GC(1003) Using 8 workers of 8 for evacuation
[2023-04-10T20:16:08.380+0800][9655.748s] GC(1003)   Pre Evacuate Collection Set: 0.0ms
[2023-04-10T20:16:08.380+0800][9655.748s] GC(1003)   Evacuate Collection Set: 1.1ms
[2023-04-10T20:16:08.380+0800][9655.748s] GC(1003)   Post Evacuate Collection Set: 0.6ms
[2023-04-10T20:16:08.380+0800][9655.748s] GC(1003)   Other: 0.2ms
[2023-04-10T20:16:08.380+0800][9655.748s] GC(1003) Eden regions: 297->0(296)
[2023-04-10T20:16:08.380+0800][9655.748s] GC(1003) Survivor regions: 10->11(39)
[2023-04-10T20:16:08.380+0800][9655.748s] GC(1003) Old regions: 51->51
[2023-04-10T20:16:08.381+0800][9655.748s] GC(1003) Humongous regions: 25->13
[2023-04-10T20:16:08.381+0800][9655.748s] GC(1003) Metaspace: 61837K(63952K)->61837K(63952K) NonClass: 54875K(56064K)->54875K(56064K) Class: 6961K(7888K)->6961K(7888K)
[2023-04-10T20:16:08.381+0800][9655.748s] GC(1003) Pause Young (Normal) (G1 Evacuation Pause) 381M->73M(512M) 2.096ms
[2023-04-10T20:16:08.381+0800][9655.748s] GC(1003) User=0.00s Sys=0.00s Real=0.00s
[2023-04-10T20:16:08.770+0800][9656.138s] GC(1004) Pause Young (Normal) (G1 Evacuation Pause)
[2023-04-10T20:16:08.770+0800][9656.138s] GC(1004) Using 8 workers of 8 for evacuation
[2023-04-10T20:16:08.771+0800][9656.139s] GC(1004)   Pre Evacuate Collection Set: 0.0ms
[2023-04-10T20:16:08.771+0800][9656.140s] GC(1004)   Evacuate Collection Set: 0.4ms
[2023-04-10T20:16:08.771+0800][9656.140s] GC(1004)   Post Evacuate Collection Set: 0.6ms
[2023-04-10T20:16:08.771+0800][9656.140s] GC(1004)   Other: 0.2ms
[2023-04-10T20:16:08.771+0800][9656.140s] GC(1004) Eden regions: 296->0(304)
[2023-04-10T20:16:08.771+0800][9656.140s] GC(1004) Survivor regions: 11->3(39)
[2023-04-10T20:16:08.771+0800][9656.140s] GC(1004) Old regions: 51->51
[2023-04-10T20:16:08.771+0800][9656.140s] GC(1004) Humongous regions: 13->4
[2023-04-10T20:16:08.771+0800][9656.140s] GC(1004) Metaspace: 61837K(63952K)->61837K(63952K) NonClass: 54875K(56064K)->54875K(56064K) Class: 6961K(7888K)->6961K(7888K)
[2023-04-10T20:16:08.771+0800][9656.140s] GC(1004) Pause Young (Normal) (G1 Evacuation Pause) 369M->56M(512M) 1.511ms
[2023-04-10T20:16:08.772+0800][9656.140s] GC(1004) User=0.00s Sys=0.00s Real=0.00s
[2023-04-10T20:16:09.169+0800][9656.538s] GC(1005) Pause Young (Normal) (G1 Evacuation Pause)
[2023-04-10T20:16:09.169+0800][9656.538s] GC(1005) Using 8 workers of 8 for evacuation
[2023-04-10T20:16:09.171+0800][9656.540s] GC(1005)   Pre Evacuate Collection Set: 0.0ms
[2023-04-10T20:16:09.171+0800][9656.540s] GC(1005)   Evacuate Collection Set: 0.9ms
[2023-04-10T20:16:09.171+0800][9656.540s] GC(1005)   Post Evacuate Collection Set: 0.7ms
[2023-04-10T20:16:09.171+0800][9656.540s] GC(1005)   Other: 0.2ms
[2023-04-10T20:16:09.171+0800][9656.540s] GC(1005) Eden regions: 304->0(299)
[2023-04-10T20:16:09.171+0800][9656.540s] GC(1005) Survivor regions: 3->8(39)
[2023-04-10T20:16:09.171+0800][9656.540s] GC(1005) Old regions: 51->51
[2023-04-10T20:16:09.171+0800][9656.540s] GC(1005) Humongous regions: 7->6
[2023-04-10T20:16:09.171+0800][9656.540s] GC(1005) Metaspace: 61837K(63952K)->61837K(63952K) NonClass: 54875K(56064K)->54875K(56064K) Class: 6961K(7888K)->6961K(7888K)
[2023-04-10T20:16:09.171+0800][9656.540s] GC(1005) Pause Young (Normal) (G1 Evacuation Pause) 363M->63M(512M) 1.967ms
[2023-04-10T20:16:09.171+0800][9656.540s] GC(1005) User=0.00s Sys=0.00s Real=0.00s
[2023-04-10T20:16:09.612+0800][9656.980s] GC(1006) Pause Young (Normal) (G1 Evacuation Pause)
[2023-04-10T20:16:09.612+0800][9656.980s] GC(1006) Using 8 workers of 8 for evacuation
[2023-04-10T20:16:09.614+0800][9656.982s] GC(1006)   Pre Evacuate Collection Set: 0.0ms
[2023-04-10T20:16:09.614+0800][9656.982s] GC(1006)   Evacuate Collection Set: 1.1ms
[2023-04-10T20:16:09.614+0800][9656.982s] GC(1006)   Post Evacuate Collection Set: 0.7ms
[2023-04-10T20:16:09.614+0800][9656.982s] GC(1006)   Other: 0.2ms
[2023-04-10T20:16:09.614+0800][9656.982s] GC(1006) Eden regions: 299->0(297)
[2023-04-10T20:16:09.614+0800][9656.982s] GC(1006) Survivor regions: 8->10(39)
[2023-04-10T20:16:09.614+0800][9656.982s] GC(1006) Old regions: 51->51
[2023-04-10T20:16:09.614+0800][9656.982s] GC(1006) Humongous regions: 20->13
[2023-04-10T20:16:09.614+0800][9656.982s] GC(1006) Metaspace: 61837K(63952K)->61837K(63952K) NonClass: 54875K(56064K)->54875K(56064K) Class: 6961K(7888K)->6961K(7888K)
[2023-04-10T20:16:09.614+0800][9656.982s] GC(1006) Pause Young (Normal) (G1 Evacuation Pause) 376M->73M(512M) 2.107ms
[2023-04-10T20:16:09.614+0800][9656.982s] GC(1006) User=0.00s Sys=0.00s Real=0.00s
[2023-04-10T20:16:10.208+0800][9657.577s] GC(1007) Pause Young (Normal) (G1 Evacuation Pause)
[2023-04-10T20:16:10.208+0800][9657.577s] GC(1007) Using 8 workers of 8 for evacuation
[2023-04-10T20:16:10.209+0800][9657.578s] GC(1007)   Pre Evacuate Collection Set: 0.0ms
[2023-04-10T20:16:10.209+0800][9657.578s] GC(1007)   Evacuate Collection Set: 0.4ms
[2023-04-10T20:16:10.209+0800][9657.578s] GC(1007)   Post Evacuate Collection Set: 0.5ms
[2023-04-10T20:16:10.209+0800][9657.578s] GC(1007)   Other: 0.1ms
[2023-04-10T20:16:10.209+0800][9657.578s] GC(1007) Eden regions: 297->0(306)
[2023-04-10T20:16:10.209+0800][9657.578s] GC(1007) Survivor regions: 10->1(39)
[2023-04-10T20:16:10.209+0800][9657.578s] GC(1007) Old regions: 51->51
[2023-04-10T20:16:10.209+0800][9657.578s] GC(1007) Humongous regions: 13->4
[2023-04-10T20:16:10.209+0800][9657.578s] GC(1007) Metaspace: 61838K(63952K)->61838K(63952K) NonClass: 54877K(56064K)->54877K(56064K) Class: 6961K(7888K)->6961K(7888K)
[2023-04-10T20:16:10.209+0800][9657.578s] GC(1007) Pause Young (Normal) (G1 Evacuation Pause) 370M->55M(512M) 1.367ms
[2023-04-10T20:16:10.209+0800][9657.578s] GC(1007) User=0.00s Sys=0.00s Real=0.00s
[2023-04-10T20:16:10.446+0800][9657.814s] GC(1008) Pause Young (Normal) (G1 Evacuation Pause)
[2023-04-10T20:16:10.446+0800][9657.814s] GC(1008) Using 8 workers of 8 for evacuation
[2023-04-10T20:16:10.447+0800][9657.815s] GC(1008)   Pre Evacuate Collection Set: 0.0ms
[2023-04-10T20:16:10.447+0800][9657.815s] GC(1008)   Evacuate Collection Set: 0.7ms
[2023-04-10T20:16:10.447+0800][9657.815s] GC(1008)   Post Evacuate Collection Set: 0.5ms
[2023-04-10T20:16:10.447+0800][9657.815s] GC(1008)   Other: 0.2ms
[2023-04-10T20:16:10.447+0800][9657.815s] GC(1008) Eden regions: 306->0(302)
[2023-04-10T20:16:10.447+0800][9657.815s] GC(1008) Survivor regions: 1->5(39)
[2023-04-10T20:16:10.447+0800][9657.816s] GC(1008) Old regions: 51->51
[2023-04-10T20:16:10.447+0800][9657.816s] GC(1008) Humongous regions: 5->5
[2023-04-10T20:16:10.447+0800][9657.816s] GC(1008) Metaspace: 61840K(63952K)->61840K(63952K) NonClass: 54878K(56064K)->54878K(56064K) Class: 6961K(7888K)->6961K(7888K)
[2023-04-10T20:16:10.447+0800][9657.816s] GC(1008) Pause Young (Normal) (G1 Evacuation Pause) 362M->59M(512M) 1.528ms
[2023-04-10T20:16:10.447+0800][9657.816s] GC(1008) User=0.00s Sys=0.00s Real=0.00s
[2023-04-10T20:16:10.627+0800][9657.995s] GC(1009) Pause Young (Normal) (G1 Evacuation Pause)
[2023-04-10T20:16:10.627+0800][9657.995s] GC(1009) Using 8 workers of 8 for evacuation
[2023-04-10T20:16:10.629+0800][9657.997s] GC(1009)   Pre Evacuate Collection Set: 0.0ms
[2023-04-10T20:16:10.629+0800][9657.997s] GC(1009)   Evacuate Collection Set: 1.0ms
[2023-04-10T20:16:10.629+0800][9657.997s] GC(1009)   Post Evacuate Collection Set: 0.6ms
[2023-04-10T20:16:10.629+0800][9657.997s] GC(1009)   Other: 0.2ms
[2023-04-10T20:16:10.629+0800][9657.997s] GC(1009) Eden regions: 302->0(299)
[2023-04-10T20:16:10.629+0800][9657.997s] GC(1009) Survivor regions: 5->8(39)
[2023-04-10T20:16:10.629+0800][9657.997s] GC(1009) Old regions: 51->51
[2023-04-10T20:16:10.629+0800][9657.997s] GC(1009) Humongous regions: 5->5
[2023-04-10T20:16:10.629+0800][9657.997s] GC(1009) Metaspace: 61840K(63952K)->61840K(63952K) NonClass: 54878K(56064K)->54878K(56064K) Class: 6961K(7888K)->6961K(7888K)
[2023-04-10T20:16:10.629+0800][9657.997s] GC(1009) Pause Young (Normal) (G1 Evacuation Pause) 361M->62M(512M) 1.952ms
[2023-04-10T20:16:10.629+0800][9657.997s] GC(1009) User=0.00s Sys=0.00s Real=0.00s
[2023-04-10T20:16:10.823+0800][9658.191s] GC(1010) Pause Young (Normal) (G1 Evacuation Pause)
[2023-04-10T20:16:10.823+0800][9658.191s] GC(1010) Using 8 workers of 8 for evacuation
[2023-04-10T20:16:10.825+0800][9658.193s] GC(1010)   Pre Evacuate Collection Set: 0.0ms
[2023-04-10T20:16:10.825+0800][9658.193s] GC(1010)   Evacuate Collection Set: 1.2ms
[2023-04-10T20:16:10.825+0800][9658.193s] GC(1010)   Post Evacuate Collection Set: 0.6ms
[2023-04-10T20:16:10.825+0800][9658.193s] GC(1010)   Other: 0.2ms
[2023-04-10T20:16:10.826+0800][9658.193s] GC(1010) Eden regions: 299->0(297)
[2023-04-10T20:16:10.826+0800][9658.193s] GC(1010) Survivor regions: 8->10(39)
[2023-04-10T20:16:10.826+0800][9658.193s] GC(1010) Old regions: 51->51
[2023-04-10T20:16:10.826+0800][9658.193s] GC(1010) Humongous regions: 7->6
[2023-04-10T20:16:10.826+0800][9658.193s] GC(1010) Metaspace: 61840K(63952K)->61840K(63952K) NonClass: 54878K(56064K)->54878K(56064K) Class: 6961K(7888K)->6961K(7888K)
[2023-04-10T20:16:10.826+0800][9658.193s] GC(1010) Pause Young (Normal) (G1 Evacuation Pause) 363M->65M(512M) 2.455ms
[2023-04-10T20:16:10.826+0800][9658.194s] GC(1010) User=0.09s Sys=0.02s Real=0.00s
[2023-04-10T20:16:11.058+0800][9658.426s] GC(1011) Pause Young (Normal) (G1 Evacuation Pause)
[2023-04-10T20:16:11.058+0800][9658.426s] GC(1011) Using 8 workers of 8 for evacuation
[2023-04-10T20:16:11.060+0800][9658.428s] GC(1011)   Pre Evacuate Collection Set: 0.0ms
[2023-04-10T20:16:11.060+0800][9658.428s] GC(1011)   Evacuate Collection Set: 1.3ms
[2023-04-10T20:16:11.060+0800][9658.428s] GC(1011)   Post Evacuate Collection Set: 0.6ms
[2023-04-10T20:16:11.060+0800][9658.428s] GC(1011)   Other: 0.2ms
[2023-04-10T20:16:11.060+0800][9658.428s] GC(1011) Eden regions: 297->0(297)
[2023-04-10T20:16:11.060+0800][9658.428s] GC(1011) Survivor regions: 10->10(39)
[2023-04-10T20:16:11.060+0800][9658.428s] GC(1011) Old regions: 51->51
[2023-04-10T20:16:11.060+0800][9658.428s] GC(1011) Humongous regions: 12->12
[2023-04-10T20:16:11.060+0800][9658.428s] GC(1011) Metaspace: 61840K(63952K)->61840K(63952K) NonClass: 54878K(56064K)->54878K(56064K) Class: 6961K(7888K)->6961K(7888K)
[2023-04-10T20:16:11.060+0800][9658.428s] GC(1011) Pause Young (Normal) (G1 Evacuation Pause) 368M->72M(512M) 2.214ms
[2023-04-10T20:16:11.060+0800][9658.428s] GC(1011) User=0.00s Sys=0.00s Real=0.00s
[2023-04-10T20:16:11.358+0800][9658.726s] GC(1012) Pause Young (Normal) (G1 Evacuation Pause)
[2023-04-10T20:16:11.358+0800][9658.726s] GC(1012) Using 8 workers of 8 for evacuation
[2023-04-10T20:16:11.361+0800][9658.728s] GC(1012)   Pre Evacuate Collection Set: 0.0ms
[2023-04-10T20:16:11.361+0800][9658.728s] GC(1012)   Evacuate Collection Set: 1.2ms
[2023-04-10T20:16:11.361+0800][9658.728s] GC(1012)   Post Evacuate Collection Set: 0.7ms
[2023-04-10T20:16:11.361+0800][9658.728s] GC(1012)   Other: 0.2ms
[2023-04-10T20:16:11.361+0800][9658.728s] GC(1012) Eden regions: 297->0(296)
[2023-04-10T20:16:11.361+0800][9658.728s] GC(1012) Survivor regions: 10->11(39)
[2023-04-10T20:16:11.361+0800][9658.728s] GC(1012) Old regions: 51->51
[2023-04-10T20:16:11.361+0800][9658.728s] GC(1012) Humongous regions: 25->13
[2023-04-10T20:16:11.361+0800][9658.729s] GC(1012) Metaspace: 61840K(63952K)->61840K(63952K) NonClass: 54878K(56064K)->54878K(56064K) Class: 6961K(7888K)->6961K(7888K)
[2023-04-10T20:16:11.361+0800][9658.729s] GC(1012) Pause Young (Normal) (G1 Evacuation Pause) 382M->74M(512M) 2.241ms
[2023-04-10T20:16:11.361+0800][9658.729s] GC(1012) User=0.00s Sys=0.00s Real=0.00s
[2023-04-10T20:16:11.642+0800][9659.010s] GC(1013) Pause Young (Normal) (G1 Evacuation Pause)
[2023-04-10T20:16:11.643+0800][9659.010s] GC(1013) Using 8 workers of 8 for evacuation
[2023-04-10T20:16:11.645+0800][9659.012s] GC(1013)   Pre Evacuate Collection Set: 0.0ms
[2023-04-10T20:16:11.645+0800][9659.012s] GC(1013)   Evacuate Collection Set: 1.4ms
[2023-04-10T20:16:11.645+0800][9659.012s] GC(1013)   Post Evacuate Collection Set: 0.6ms
[2023-04-10T20:16:11.645+0800][9659.012s] GC(1013)   Other: 0.2ms
[2023-04-10T20:16:11.645+0800][9659.012s] GC(1013) Eden regions: 296->0(295)
[2023-04-10T20:16:11.645+0800][9659.012s] GC(1013) Survivor regions: 11->12(39)
[2023-04-10T20:16:11.645+0800][9659.013s] GC(1013) Old regions: 51->51
[2023-04-10T20:16:11.645+0800][9659.013s] GC(1013) Humongous regions: 13->13
[2023-04-10T20:16:11.645+0800][9659.013s] GC(1013) Metaspace: 61840K(63952K)->61840K(63952K) NonClass: 54878K(56064K)->54878K(56064K) Class: 6961K(7888K)->6961K(7888K)
[2023-04-10T20:16:11.645+0800][9659.013s] GC(1013) Pause Young (Normal) (G1 Evacuation Pause) 370M->74M(512M) 2.429ms
[2023-04-10T20:16:11.645+0800][9659.013s] GC(1013) User=0.00s Sys=0.00s Real=0.00s
[2023-04-10T20:16:11.919+0800][9659.288s] GC(1014) Pause Young (Normal) (G1 Evacuation Pause)
[2023-04-10T20:16:11.919+0800][9659.288s] GC(1014) Using 8 workers of 8 for evacuation
[2023-04-10T20:16:11.921+0800][9659.289s] GC(1014)   Pre Evacuate Collection Set: 0.0ms
[2023-04-10T20:16:11.921+0800][9659.289s] GC(1014)   Evacuate Collection Set: 0.6ms
[2023-04-10T20:16:11.921+0800][9659.289s] GC(1014)   Post Evacuate Collection Set: 0.6ms
[2023-04-10T20:16:11.921+0800][9659.289s] GC(1014)   Other: 0.2ms
[2023-04-10T20:16:11.921+0800][9659.289s] GC(1014) Eden regions: 295->0(303)
[2023-04-10T20:16:11.921+0800][9659.289s] GC(1014) Survivor regions: 12->4(39)
[2023-04-10T20:16:11.921+0800][9659.289s] GC(1014) Old regions: 51->51
[2023-04-10T20:16:11.921+0800][9659.289s] GC(1014) Humongous regions: 13->4
[2023-04-10T20:16:11.921+0800][9659.289s] GC(1014) Metaspace: 61840K(63952K)->61840K(63952K) NonClass: 54878K(56064K)->54878K(56064K) Class: 6961K(7888K)->6961K(7888K)
[2023-04-10T20:16:11.921+0800][9659.290s] GC(1014) Pause Young (Normal) (G1 Evacuation Pause) 369M->58M(512M) 1.582ms
[2023-04-10T20:16:11.921+0800][9659.290s] GC(1014) User=0.00s Sys=0.00s Real=0.00s
[2023-04-10T20:16:12.152+0800][9659.521s] GC(1015) Pause Young (Normal) (G1 Evacuation Pause)
[2023-04-10T20:16:12.152+0800][9659.521s] GC(1015) Using 8 workers of 8 for evacuation
[2023-04-10T20:16:12.154+0800][9659.523s] GC(1015)   Pre Evacuate Collection Set: 0.0ms
[2023-04-10T20:16:12.154+0800][9659.523s] GC(1015)   Evacuate Collection Set: 0.9ms
[2023-04-10T20:16:12.154+0800][9659.523s] GC(1015)   Post Evacuate Collection Set: 0.7ms
[2023-04-10T20:16:12.154+0800][9659.523s] GC(1015)   Other: 0.2ms
[2023-04-10T20:16:12.154+0800][9659.523s] GC(1015) Eden regions: 303->0(299)
[2023-04-10T20:16:12.154+0800][9659.523s] GC(1015) Survivor regions: 4->8(39)
[2023-04-10T20:16:12.154+0800][9659.523s] GC(1015) Old regions: 51->51
[2023-04-10T20:16:12.154+0800][9659.523s] GC(1015) Humongous regions: 5->5
[2023-04-10T20:16:12.154+0800][9659.523s] GC(1015) Metaspace: 61840K(63952K)->61840K(63952K) NonClass: 54878K(56064K)->54878K(56064K) Class: 6961K(7888K)->6961K(7888K)
[2023-04-10T20:16:12.154+0800][9659.523s] GC(1015) Pause Young (Normal) (G1 Evacuation Pause) 362M->62M(512M) 1.954ms
[2023-04-10T20:16:12.154+0800][9659.523s] GC(1015) User=0.00s Sys=0.00s Real=0.00s
[2023-04-10T20:16:12.395+0800][9659.763s] GC(1016) Pause Young (Normal) (G1 Evacuation Pause)
[2023-04-10T20:16:12.395+0800][9659.763s] GC(1016) Using 8 workers of 8 for evacuation
[2023-04-10T20:16:12.397+0800][9659.765s] GC(1016)   Pre Evacuate Collection Set: 0.0ms
[2023-04-10T20:16:12.397+0800][9659.765s] GC(1016)   Evacuate Collection Set: 1.2ms
[2023-04-10T20:16:12.397+0800][9659.765s] GC(1016)   Post Evacuate Collection Set: 0.6ms
[2023-04-10T20:16:12.397+0800][9659.765s] GC(1016)   Other: 0.2ms
[2023-04-10T20:16:12.397+0800][9659.765s] GC(1016) Eden regions: 299->0(296)
[2023-04-10T20:16:12.397+0800][9659.765s] GC(1016) Survivor regions: 8->11(39)
[2023-04-10T20:16:12.397+0800][9659.765s] GC(1016) Old regions: 51->51
[2023-04-10T20:16:12.397+0800][9659.765s] GC(1016) Humongous regions: 8->7
[2023-04-10T20:16:12.397+0800][9659.765s] GC(1016) Metaspace: 61840K(63952K)->61840K(63952K) NonClass: 54878K(56064K)->54878K(56064K) Class: 6961K(7888K)->6961K(7888K)
[2023-04-10T20:16:12.397+0800][9659.765s] GC(1016) Pause Young (Normal) (G1 Evacuation Pause) 364M->67M(512M) 2.185ms
[2023-04-10T20:16:12.397+0800][9659.765s] GC(1016) User=0.00s Sys=0.00s Real=0.00s
[2023-04-10T20:16:12.677+0800][9660.045s] GC(1017) Pause Young (Normal) (G1 Evacuation Pause)
[2023-04-10T20:16:12.677+0800][9660.045s] GC(1017) Using 8 workers of 8 for evacuation
[2023-04-10T20:16:12.679+0800][9660.047s] GC(1017)   Pre Evacuate Collection Set: 0.0ms
[2023-04-10T20:16:12.679+0800][9660.047s] GC(1017)   Evacuate Collection Set: 1.3ms
[2023-04-10T20:16:12.679+0800][9660.047s] GC(1017)   Post Evacuate Collection Set: 0.7ms
[2023-04-10T20:16:12.679+0800][9660.047s] GC(1017)   Other: 0.2ms
[2023-04-10T20:16:12.679+0800][9660.047s] GC(1017) Eden regions: 296->0(296)
[2023-04-10T20:16:12.679+0800][9660.047s] GC(1017) Survivor regions: 11->11(39)
[2023-04-10T20:16:12.679+0800][9660.047s] GC(1017) Old regions: 51->51
[2023-04-10T20:16:12.679+0800][9660.047s] GC(1017) Humongous regions: 15->13
[2023-04-10T20:16:12.679+0800][9660.047s] GC(1017) Metaspace: 61840K(63952K)->61840K(63952K) NonClass: 54878K(56064K)->54878K(56064K) Class: 6961K(7888K)->6961K(7888K)
[2023-04-10T20:16:12.679+0800][9660.047s] GC(1017) Pause Young (Normal) (G1 Evacuation Pause) 371M->73M(512M) 2.282ms
[2023-04-10T20:16:12.679+0800][9660.047s] GC(1017) User=0.00s Sys=0.00s Real=0.00s
[2023-04-10T20:16:12.991+0800][9660.359s] GC(1018) Pause Young (Normal) (G1 Evacuation Pause)
[2023-04-10T20:16:12.991+0800][9660.359s] GC(1018) Using 8 workers of 8 for evacuation
[2023-04-10T20:16:12.993+0800][9660.362s] GC(1018)   Pre Evacuate Collection Set: 0.0ms
[2023-04-10T20:16:12.993+0800][9660.362s] GC(1018)   Evacuate Collection Set: 1.4ms
[2023-04-10T20:16:12.993+0800][9660.362s] GC(1018)   Post Evacuate Collection Set: 0.6ms
[2023-04-10T20:16:12.993+0800][9660.362s] GC(1018)   Other: 0.2ms
[2023-04-10T20:16:12.993+0800][9660.362s] GC(1018) Eden regions: 296->0(295)
[2023-04-10T20:16:12.993+0800][9660.362s] GC(1018) Survivor regions: 11->12(39)
[2023-04-10T20:16:12.993+0800][9660.362s] GC(1018) Old regions: 51->51
[2023-04-10T20:16:12.994+0800][9660.362s] GC(1018) Humongous regions: 23->13
[2023-04-10T20:16:12.994+0800][9660.362s] GC(1018) Metaspace: 61840K(63952K)->61840K(63952K) NonClass: 54878K(56064K)->54878K(56064K) Class: 6961K(7888K)->6961K(7888K)
[2023-04-10T20:16:12.994+0800][9660.362s] GC(1018) Pause Young (Normal) (G1 Evacuation Pause) 379M->74M(512M) 2.513ms
[2023-04-10T20:16:12.994+0800][9660.362s] GC(1018) User=0.00s Sys=0.00s Real=0.00s
[2023-04-10T20:16:13.349+0800][9660.717s] GC(1019) Pause Young (Normal) (G1 Evacuation Pause)
[2023-04-10T20:16:13.349+0800][9660.717s] GC(1019) Using 8 workers of 8 for evacuation
[2023-04-10T20:16:13.350+0800][9660.718s] GC(1019)   Pre Evacuate Collection Set: 0.0ms
[2023-04-10T20:16:13.350+0800][9660.718s] GC(1019)   Evacuate Collection Set: 0.5ms
[2023-04-10T20:16:13.350+0800][9660.718s] GC(1019)   Post Evacuate Collection Set: 0.6ms
[2023-04-10T20:16:13.350+0800][9660.718s] GC(1019)   Other: 0.3ms
[2023-04-10T20:16:13.350+0800][9660.718s] GC(1019) Eden regions: 295->0(304)
[2023-04-10T20:16:13.350+0800][9660.718s] GC(1019) Survivor regions: 12->3(39)
[2023-04-10T20:16:13.350+0800][9660.718s] GC(1019) Old regions: 51->51
[2023-04-10T20:16:13.350+0800][9660.718s] GC(1019) Humongous regions: 13->4
[2023-04-10T20:16:13.350+0800][9660.718s] GC(1019) Metaspace: 61840K(63952K)->61840K(63952K) NonClass: 54878K(56064K)->54878K(56064K) Class: 6961K(7888K)->6961K(7888K)
[2023-04-10T20:16:13.350+0800][9660.719s] GC(1019) Pause Young (Normal) (G1 Evacuation Pause) 369M->56M(512M) 1.481ms
[2023-04-10T20:16:13.350+0800][9660.719s] GC(1019) User=0.00s Sys=0.00s Real=0.00s
[2023-04-10T20:16:13.726+0800][9661.095s] GC(1020) Pause Young (Normal) (G1 Evacuation Pause)
[2023-04-10T20:16:13.726+0800][9661.095s] GC(1020) Using 8 workers of 8 for evacuation
[2023-04-10T20:16:13.728+0800][9661.096s] GC(1020)   Pre Evacuate Collection Set: 0.0ms
[2023-04-10T20:16:13.728+0800][9661.097s] GC(1020)   Evacuate Collection Set: 0.9ms
[2023-04-10T20:16:13.728+0800][9661.097s] GC(1020)   Post Evacuate Collection Set: 0.7ms
[2023-04-10T20:16:13.728+0800][9661.097s] GC(1020)   Other: 0.2ms
[2023-04-10T20:16:13.728+0800][9661.097s] GC(1020) Eden regions: 304->0(299)
[2023-04-10T20:16:13.728+0800][9661.097s] GC(1020) Survivor regions: 3->8(39)
[2023-04-10T20:16:13.728+0800][9661.097s] GC(1020) Old regions: 51->51
[2023-04-10T20:16:13.728+0800][9661.097s] GC(1020) Humongous regions: 7->6
[2023-04-10T20:16:13.728+0800][9661.097s] GC(1020) Metaspace: 61840K(63952K)->61840K(63952K) NonClass: 54878K(56064K)->54878K(56064K) Class: 6961K(7888K)->6961K(7888K)
[2023-04-10T20:16:13.728+0800][9661.097s] GC(1020) Pause Young (Normal) (G1 Evacuation Pause) 363M->64M(512M) 1.934ms
[2023-04-10T20:16:13.728+0800][9661.097s] GC(1020) User=0.00s Sys=0.00s Real=0.00s
[2023-04-10T20:16:14.130+0800][9661.498s] GC(1021) Pause Young (Normal) (G1 Evacuation Pause)
[2023-04-10T20:16:14.130+0800][9661.498s] GC(1021) Using 8 workers of 8 for evacuation
[2023-04-10T20:16:14.132+0800][9661.500s] GC(1021)   Pre Evacuate Collection Set: 0.0ms
[2023-04-10T20:16:14.132+0800][9661.500s] GC(1021)   Evacuate Collection Set: 1.2ms
[2023-04-10T20:16:14.132+0800][9661.500s] GC(1021)   Post Evacuate Collection Set: 0.6ms
[2023-04-10T20:16:14.132+0800][9661.500s] GC(1021)   Other: 0.2ms
[2023-04-10T20:16:14.132+0800][9661.500s] GC(1021) Eden regions: 299->0(296)
[2023-04-10T20:16:14.132+0800][9661.500s] GC(1021) Survivor regions: 8->11(39)
[2023-04-10T20:16:14.132+0800][9661.500s] GC(1021) Old regions: 51->51
[2023-04-10T20:16:14.132+0800][9661.500s] GC(1021) Humongous regions: 15->13
[2023-04-10T20:16:14.132+0800][9661.500s] GC(1021) Metaspace: 61840K(63952K)->61840K(63952K) NonClass: 54878K(56064K)->54878K(56064K) Class: 6961K(7888K)->6961K(7888K)
[2023-04-10T20:16:14.132+0800][9661.500s] GC(1021) Pause Young (Normal) (G1 Evacuation Pause) 372M->73M(512M) 2.131ms
[2023-04-10T20:16:14.132+0800][9661.500s] GC(1021) User=0.00s Sys=0.00s Real=0.00s
[2023-04-10T20:16:14.597+0800][9661.965s] GC(1022) Pause Young (Normal) (G1 Evacuation Pause)
[2023-04-10T20:16:14.597+0800][9661.966s] GC(1022) Using 8 workers of 8 for evacuation
[2023-04-10T20:16:14.599+0800][9661.967s] GC(1022)   Pre Evacuate Collection Set: 0.0ms
[2023-04-10T20:16:14.599+0800][9661.967s] GC(1022)   Evacuate Collection Set: 1.3ms
[2023-04-10T20:16:14.599+0800][9661.967s] GC(1022)   Post Evacuate Collection Set: 0.4ms
[2023-04-10T20:16:14.599+0800][9661.967s] GC(1022)   Other: 0.2ms
[2023-04-10T20:16:14.599+0800][9661.967s] GC(1022) Eden regions: 296->0(296)
[2023-04-10T20:16:14.599+0800][9661.967s] GC(1022) Survivor regions: 11->11(39)
[2023-04-10T20:16:14.599+0800][9661.968s] GC(1022) Old regions: 51->51
[2023-04-10T20:16:14.599+0800][9661.968s] GC(1022) Humongous regions: 24->13
[2023-04-10T20:16:14.599+0800][9661.968s] GC(1022) Metaspace: 61840K(63952K)->61840K(63952K) NonClass: 54878K(56064K)->54878K(56064K) Class: 6961K(7888K)->6961K(7888K)
[2023-04-10T20:16:14.599+0800][9661.968s] GC(1022) Pause Young (Normal) (G1 Evacuation Pause) 380M->73M(512M) 2.164ms
[2023-04-10T20:16:14.599+0800][9661.968s] GC(1022) User=0.00s Sys=0.00s Real=0.00s
[2023-04-10T20:16:15.049+0800][9662.417s] GC(1023) Pause Young (Normal) (G1 Evacuation Pause)
[2023-04-10T20:16:15.049+0800][9662.417s] GC(1023) Using 8 workers of 8 for evacuation
[2023-04-10T20:16:15.051+0800][9662.418s] GC(1023)   Pre Evacuate Collection Set: 0.0ms
[2023-04-10T20:16:15.051+0800][9662.418s] GC(1023)   Evacuate Collection Set: 0.8ms
[2023-04-10T20:16:15.051+0800][9662.418s] GC(1023)   Post Evacuate Collection Set: 0.7ms
[2023-04-10T20:16:15.051+0800][9662.418s] GC(1023)   Other: 0.2ms
[2023-04-10T20:16:15.051+0800][9662.418s] GC(1023) Eden regions: 296->0(300)
[2023-04-10T20:16:15.051+0800][9662.418s] GC(1023) Survivor regions: 11->7(39)
[2023-04-10T20:16:15.051+0800][9662.418s] GC(1023) Old regions: 51->51
[2023-04-10T20:16:15.051+0800][9662.418s] GC(1023) Humongous regions: 14->5
[2023-04-10T20:16:15.051+0800][9662.418s] GC(1023) Metaspace: 61840K(63952K)->61840K(63952K) NonClass: 54878K(56064K)->54878K(56064K) Class: 6961K(7888K)->6961K(7888K)
[2023-04-10T20:16:15.051+0800][9662.418s] GC(1023) Pause Young (Normal) (G1 Evacuation Pause) 370M->61M(512M) 1.777ms
[2023-04-10T20:16:15.051+0800][9662.418s] GC(1023) User=0.00s Sys=0.00s Real=0.00s
[2023-04-10T20:16:15.488+0800][9662.857s] GC(1024) Pause Young (Normal) (G1 Evacuation Pause)
[2023-04-10T20:16:15.489+0800][9662.857s] GC(1024) Using 8 workers of 8 for evacuation
[2023-04-10T20:16:15.490+0800][9662.858s] GC(1024)   Pre Evacuate Collection Set: 0.0ms
[2023-04-10T20:16:15.490+0800][9662.858s] GC(1024)   Evacuate Collection Set: 1.0ms
[2023-04-10T20:16:15.490+0800][9662.858s] GC(1024)   Post Evacuate Collection Set: 0.4ms
[2023-04-10T20:16:15.490+0800][9662.858s] GC(1024)   Other: 0.2ms
[2023-04-10T20:16:15.490+0800][9662.858s] GC(1024) Eden regions: 300->0(299)
[2023-04-10T20:16:15.490+0800][9662.858s] GC(1024) Survivor regions: 7->8(39)
[2023-04-10T20:16:15.490+0800][9662.858s] GC(1024) Old regions: 51->51
[2023-04-10T20:16:15.490+0800][9662.858s] GC(1024) Humongous regions: 13->12
[2023-04-10T20:16:15.490+0800][9662.858s] GC(1024) Metaspace: 61840K(63952K)->61840K(63952K) NonClass: 54878K(56064K)->54878K(56064K) Class: 6961K(7888K)->6961K(7888K)
[2023-04-10T20:16:15.490+0800][9662.859s] GC(1024) Pause Young (Normal) (G1 Evacuation Pause) 369M->70M(512M) 1.867ms
[2023-04-10T20:16:15.490+0800][9662.859s] GC(1024) User=0.00s Sys=0.00s Real=0.00s
[2023-04-10T20:16:16.022+0800][9663.390s] GC(1025) Pause Young (Normal) (G1 Evacuation Pause)
[2023-04-10T20:16:16.022+0800][9663.390s] GC(1025) Using 8 workers of 8 for evacuation
[2023-04-10T20:16:16.024+0800][9663.392s] GC(1025)   Pre Evacuate Collection Set: 0.0ms
[2023-04-10T20:16:16.024+0800][9663.392s] GC(1025)   Evacuate Collection Set: 1.2ms
[2023-04-10T20:16:16.024+0800][9663.392s] GC(1025)   Post Evacuate Collection Set: 0.8ms
[2023-04-10T20:16:16.024+0800][9663.392s] GC(1025)   Other: 0.2ms
[2023-04-10T20:16:16.024+0800][9663.392s] GC(1025) Eden regions: 299->0(297)
[2023-04-10T20:16:16.024+0800][9663.392s] GC(1025) Survivor regions: 8->10(39)
[2023-04-10T20:16:16.024+0800][9663.392s] GC(1025) Old regions: 51->51
[2023-04-10T20:16:16.024+0800][9663.392s] GC(1025) Humongous regions: 25->13
[2023-04-10T20:16:16.024+0800][9663.392s] GC(1025) Metaspace: 61840K(63952K)->61840K(63952K) NonClass: 54878K(56064K)->54878K(56064K) Class: 6961K(7888K)->6961K(7888K)
[2023-04-10T20:16:16.024+0800][9663.392s] GC(1025) Pause Young (Normal) (G1 Evacuation Pause) 382M->73M(512M) 2.308ms
[2023-04-10T20:16:16.024+0800][9663.392s] GC(1025) User=0.00s Sys=0.00s Real=0.00s
[2023-04-10T20:16:16.463+0800][9663.831s] GC(1026) Pause Young (Normal) (G1 Evacuation Pause)
[2023-04-10T20:16:16.463+0800][9663.831s] GC(1026) Using 8 workers of 8 for evacuation
[2023-04-10T20:16:16.465+0800][9663.832s] GC(1026)   Pre Evacuate Collection Set: 0.0ms
[2023-04-10T20:16:16.465+0800][9663.832s] GC(1026)   Evacuate Collection Set: 0.5ms
[2023-04-10T20:16:16.465+0800][9663.832s] GC(1026)   Post Evacuate Collection Set: 0.5ms
[2023-04-10T20:16:16.465+0800][9663.832s] GC(1026)   Other: 0.2ms
[2023-04-10T20:16:16.465+0800][9663.832s] GC(1026) Eden regions: 297->0(303)
[2023-04-10T20:16:16.465+0800][9663.832s] GC(1026) Survivor regions: 10->4(39)
[2023-04-10T20:16:16.465+0800][9663.832s] GC(1026) Old regions: 51->51
[2023-04-10T20:16:16.465+0800][9663.832s] GC(1026) Humongous regions: 14->5
[2023-04-10T20:16:16.465+0800][9663.833s] GC(1026) Metaspace: 61840K(63952K)->61840K(63952K) NonClass: 54878K(56064K)->54878K(56064K) Class: 6961K(7888K)->6961K(7888K)
[2023-04-10T20:16:16.465+0800][9663.833s] GC(1026) Pause Young (Normal) (G1 Evacuation Pause) 371M->58M(512M) 1.459ms
[2023-04-10T20:16:16.465+0800][9663.833s] GC(1026) User=0.00s Sys=0.02s Real=0.00s
[2023-04-10T20:16:16.890+0800][9664.258s] GC(1027) Pause Young (Normal) (G1 Evacuation Pause)
[2023-04-10T20:16:16.890+0800][9664.258s] GC(1027) Using 8 workers of 8 for evacuation
[2023-04-10T20:16:16.892+0800][9664.260s] GC(1027)   Pre Evacuate Collection Set: 0.0ms
[2023-04-10T20:16:16.892+0800][9664.260s] GC(1027)   Evacuate Collection Set: 1.1ms
[2023-04-10T20:16:16.892+0800][9664.260s] GC(1027)   Post Evacuate Collection Set: 0.7ms
[2023-04-10T20:16:16.892+0800][9664.260s] GC(1027)   Other: 0.2ms
[2023-04-10T20:16:16.892+0800][9664.260s] GC(1027) Eden regions: 303->0(297)
[2023-04-10T20:16:16.892+0800][9664.260s] GC(1027) Survivor regions: 4->10(39)
[2023-04-10T20:16:16.892+0800][9664.260s] GC(1027) Old regions: 51->51
[2023-04-10T20:16:16.892+0800][9664.260s] GC(1027) Humongous regions: 7->6
[2023-04-10T20:16:16.892+0800][9664.260s] GC(1027) Metaspace: 61840K(63952K)->61840K(63952K) NonClass: 54879K(56064K)->54879K(56064K) Class: 6961K(7888K)->6961K(7888K)
[2023-04-10T20:16:16.892+0800][9664.260s] GC(1027) Pause Young (Normal) (G1 Evacuation Pause) 363M->65M(512M) 2.310ms
[2023-04-10T20:16:16.892+0800][9664.260s] GC(1027) User=0.00s Sys=0.00s Real=0.00s
[2023-04-10T20:16:17.510+0800][9664.878s] GC(1028) Pause Young (Normal) (G1 Evacuation Pause)
[2023-04-10T20:16:17.511+0800][9664.878s] GC(1028) Using 8 workers of 8 for evacuation
[2023-04-10T20:16:17.513+0800][9664.881s] GC(1028)   Pre Evacuate Collection Set: 0.0ms
[2023-04-10T20:16:17.513+0800][9664.881s] GC(1028)   Evacuate Collection Set: 1.8ms
[2023-04-10T20:16:17.513+0800][9664.881s] GC(1028)   Post Evacuate Collection Set: 0.4ms
[2023-04-10T20:16:17.513+0800][9664.881s] GC(1028)   Other: 0.3ms
[2023-04-10T20:16:17.513+0800][9664.881s] GC(1028) Eden regions: 297->0(297)
[2023-04-10T20:16:17.513+0800][9664.881s] GC(1028) Survivor regions: 10->10(39)
[2023-04-10T20:16:17.513+0800][9664.881s] GC(1028) Old regions: 51->51
[2023-04-10T20:16:17.513+0800][9664.881s] GC(1028) Humongous regions: 25->13
[2023-04-10T20:16:17.513+0800][9664.881s] GC(1028) Metaspace: 61840K(63952K)->61840K(63952K) NonClass: 54879K(56064K)->54879K(56064K) Class: 6961K(7888K)->6961K(7888K)
[2023-04-10T20:16:17.513+0800][9664.881s] GC(1028) Pause Young (Normal) (G1 Evacuation Pause) 381M->73M(512M) 2.847ms
[2023-04-10T20:16:17.513+0800][9664.881s] GC(1028) User=0.03s Sys=0.00s Real=0.00s
[2023-04-10T20:16:18.154+0800][9665.522s] GC(1029) Pause Young (Normal) (G1 Evacuation Pause)
[2023-04-10T20:16:18.154+0800][9665.522s] GC(1029) Using 8 workers of 8 for evacuation
[2023-04-10T20:16:18.155+0800][9665.523s] GC(1029)   Pre Evacuate Collection Set: 0.0ms
[2023-04-10T20:16:18.155+0800][9665.523s] GC(1029)   Evacuate Collection Set: 0.4ms
[2023-04-10T20:16:18.155+0800][9665.523s] GC(1029)   Post Evacuate Collection Set: 0.4ms
[2023-04-10T20:16:18.155+0800][9665.523s] GC(1029)   Other: 0.2ms
[2023-04-10T20:16:18.155+0800][9665.523s] GC(1029) Eden regions: 297->0(304)
[2023-04-10T20:16:18.155+0800][9665.523s] GC(1029) Survivor regions: 10->3(39)
[2023-04-10T20:16:18.155+0800][9665.523s] GC(1029) Old regions: 51->51
[2023-04-10T20:16:18.155+0800][9665.523s] GC(1029) Humongous regions: 13->4
[2023-04-10T20:16:18.155+0800][9665.524s] GC(1029) Metaspace: 61840K(63952K)->61840K(63952K) NonClass: 54879K(56064K)->54879K(56064K) Class: 6961K(7888K)->6961K(7888K)
[2023-04-10T20:16:18.155+0800][9665.524s] GC(1029) Pause Young (Normal) (G1 Evacuation Pause) 370M->56M(512M) 1.120ms
[2023-04-10T20:16:18.155+0800][9665.524s] GC(1029) User=0.00s Sys=0.00s Real=0.00s
[2023-04-10T20:16:18.637+0800][9666.005s] GC(1030) Pause Young (Normal) (G1 Evacuation Pause)
[2023-04-10T20:16:18.637+0800][9666.005s] GC(1030) Using 8 workers of 8 for evacuation
[2023-04-10T20:16:18.638+0800][9666.007s] GC(1030)   Pre Evacuate Collection Set: 0.0ms
[2023-04-10T20:16:18.639+0800][9666.007s] GC(1030)   Evacuate Collection Set: 1.0ms
[2023-04-10T20:16:18.639+0800][9666.007s] GC(1030)   Post Evacuate Collection Set: 0.5ms
[2023-04-10T20:16:18.639+0800][9666.007s] GC(1030)   Other: 0.2ms
[2023-04-10T20:16:18.639+0800][9666.007s] GC(1030) Eden regions: 304->0(298)
[2023-04-10T20:16:18.639+0800][9666.007s] GC(1030) Survivor regions: 3->9(39)
[2023-04-10T20:16:18.639+0800][9666.007s] GC(1030) Old regions: 51->51
[2023-04-10T20:16:18.639+0800][9666.007s] GC(1030) Humongous regions: 7->6
[2023-04-10T20:16:18.639+0800][9666.007s] GC(1030) Metaspace: 61840K(63952K)->61840K(63952K) NonClass: 54879K(56064K)->54879K(56064K) Class: 6961K(7888K)->6961K(7888K)
[2023-04-10T20:16:18.639+0800][9666.007s] GC(1030) Pause Young (Normal) (G1 Evacuation Pause) 363M->65M(512M) 1.886ms
[2023-04-10T20:16:18.639+0800][9666.007s] GC(1030) User=0.00s Sys=0.00s Real=0.00s
[2023-04-10T20:16:19.064+0800][9666.432s] GC(1031) Pause Young (Normal) (G1 Evacuation Pause)
[2023-04-10T20:16:19.064+0800][9666.432s] GC(1031) Using 8 workers of 8 for evacuation
[2023-04-10T20:16:19.066+0800][9666.434s] GC(1031)   Pre Evacuate Collection Set: 0.0ms
[2023-04-10T20:16:19.066+0800][9666.434s] GC(1031)   Evacuate Collection Set: 1.1ms
[2023-04-10T20:16:19.066+0800][9666.434s] GC(1031)   Post Evacuate Collection Set: 0.6ms
[2023-04-10T20:16:19.066+0800][9666.434s] GC(1031)   Other: 0.2ms
[2023-04-10T20:16:19.066+0800][9666.434s] GC(1031) Eden regions: 298->0(297)
[2023-04-10T20:16:19.066+0800][9666.434s] GC(1031) Survivor regions: 9->10(39)
[2023-04-10T20:16:19.066+0800][9666.434s] GC(1031) Old regions: 51->51
[2023-04-10T20:16:19.066+0800][9666.434s] GC(1031) Humongous regions: 20->13
[2023-04-10T20:16:19.066+0800][9666.434s] GC(1031) Metaspace: 61840K(63952K)->61840K(63952K) NonClass: 54879K(56064K)->54879K(56064K) Class: 6961K(7888K)->6961K(7888K)
[2023-04-10T20:16:19.067+0800][9666.434s] GC(1031) Pause Young (Normal) (G1 Evacuation Pause) 377M->72M(512M) 2.136ms
[2023-04-10T20:16:19.067+0800][9666.435s] GC(1031) User=0.00s Sys=0.00s Real=0.00s
[2023-04-10T20:16:19.544+0800][9666.912s] GC(1032) Pause Young (Normal) (G1 Evacuation Pause)
[2023-04-10T20:16:19.544+0800][9666.912s] GC(1032) Using 8 workers of 8 for evacuation
[2023-04-10T20:16:19.546+0800][9666.914s] GC(1032)   Pre Evacuate Collection Set: 0.0ms
[2023-04-10T20:16:19.546+0800][9666.914s] GC(1032)   Evacuate Collection Set: 1.2ms
[2023-04-10T20:16:19.546+0800][9666.914s] GC(1032)   Post Evacuate Collection Set: 0.7ms
[2023-04-10T20:16:19.546+0800][9666.914s] GC(1032)   Other: 0.2ms
[2023-04-10T20:16:19.546+0800][9666.914s] GC(1032) Eden regions: 297->0(296)
[2023-04-10T20:16:19.546+0800][9666.914s] GC(1032) Survivor regions: 10->11(39)
[2023-04-10T20:16:19.546+0800][9666.914s] GC(1032) Old regions: 51->51
[2023-04-10T20:16:19.546+0800][9666.914s] GC(1032) Humongous regions: 18->13
[2023-04-10T20:16:19.546+0800][9666.914s] GC(1032) Metaspace: 61840K(63952K)->61840K(63952K) NonClass: 54879K(56064K)->54879K(56064K) Class: 6961K(7888K)->6961K(7888K)
[2023-04-10T20:16:19.546+0800][9666.914s] GC(1032) Pause Young (Normal) (G1 Evacuation Pause) 374M->73M(512M) 2.237ms
[2023-04-10T20:16:19.546+0800][9666.914s] GC(1032) User=0.00s Sys=0.00s Real=0.00s
[2023-04-10T20:16:19.992+0800][9667.360s] GC(1033) Pause Young (Normal) (G1 Evacuation Pause)
[2023-04-10T20:16:19.992+0800][9667.360s] GC(1033) Using 8 workers of 8 for evacuation
[2023-04-10T20:16:19.994+0800][9667.362s] GC(1033)   Pre Evacuate Collection Set: 0.0ms
[2023-04-10T20:16:19.994+0800][9667.362s] GC(1033)   Evacuate Collection Set: 0.7ms
[2023-04-10T20:16:19.994+0800][9667.362s] GC(1033)   Post Evacuate Collection Set: 0.6ms
[2023-04-10T20:16:19.994+0800][9667.362s] GC(1033)   Other: 0.2ms
[2023-04-10T20:16:19.994+0800][9667.362s] GC(1033) Eden regions: 296->0(301)
[2023-04-10T20:16:19.994+0800][9667.362s] GC(1033) Survivor regions: 11->6(39)
[2023-04-10T20:16:19.994+0800][9667.362s] GC(1033) Old regions: 51->51
[2023-04-10T20:16:19.994+0800][9667.362s] GC(1033) Humongous regions: 14->5
[2023-04-10T20:16:19.994+0800][9667.362s] GC(1033) Metaspace: 61840K(63952K)->61840K(63952K) NonClass: 54879K(56064K)->54879K(56064K) Class: 6961K(7888K)->6961K(7888K)
[2023-04-10T20:16:19.994+0800][9667.362s] GC(1033) Pause Young (Normal) (G1 Evacuation Pause) 370M->60M(512M) 1.690ms
[2023-04-10T20:16:19.994+0800][9667.362s] GC(1033) User=0.00s Sys=0.00s Real=0.00s
[2023-04-10T20:16:20.466+0800][9667.835s] GC(1034) Pause Young (Normal) (G1 Evacuation Pause)
[2023-04-10T20:16:20.466+0800][9667.835s] GC(1034) Using 8 workers of 8 for evacuation
[2023-04-10T20:16:20.468+0800][9667.836s] GC(1034)   Pre Evacuate Collection Set: 0.0ms
[2023-04-10T20:16:20.468+0800][9667.837s] GC(1034)   Evacuate Collection Set: 1.1ms
[2023-04-10T20:16:20.468+0800][9667.837s] GC(1034)   Post Evacuate Collection Set: 0.6ms
[2023-04-10T20:16:20.468+0800][9667.837s] GC(1034)   Other: 0.2ms
[2023-04-10T20:16:20.468+0800][9667.837s] GC(1034) Eden regions: 301->0(295)
[2023-04-10T20:16:20.468+0800][9667.837s] GC(1034) Survivor regions: 6->12(39)
[2023-04-10T20:16:20.468+0800][9667.837s] GC(1034) Old regions: 51->51
[2023-04-10T20:16:20.468+0800][9667.837s] GC(1034) Humongous regions: 8->7
[2023-04-10T20:16:20.468+0800][9667.837s] GC(1034) Metaspace: 61840K(63952K)->61840K(63952K) NonClass: 54879K(56064K)->54879K(56064K) Class: 6961K(7888K)->6961K(7888K)
[2023-04-10T20:16:20.468+0800][9667.837s] GC(1034) Pause Young (Normal) (G1 Evacuation Pause) 364M->68M(512M) 2.236ms
[2023-04-10T20:16:20.468+0800][9667.837s] GC(1034) User=0.00s Sys=0.00s Real=0.00s
[2023-04-10T20:16:20.966+0800][9668.334s] GC(1035) Pause Young (Normal) (G1 Evacuation Pause)
[2023-04-10T20:16:20.966+0800][9668.334s] GC(1035) Using 8 workers of 8 for evacuation
[2023-04-10T20:16:20.968+0800][9668.336s] GC(1035)   Pre Evacuate Collection Set: 0.0ms
[2023-04-10T20:16:20.968+0800][9668.336s] GC(1035)   Evacuate Collection Set: 1.1ms
[2023-04-10T20:16:20.968+0800][9668.336s] GC(1035)   Post Evacuate Collection Set: 0.7ms
[2023-04-10T20:16:20.968+0800][9668.336s] GC(1035)   Other: 0.2ms
[2023-04-10T20:16:20.968+0800][9668.336s] GC(1035) Eden regions: 295->0(296)
[2023-04-10T20:16:20.968+0800][9668.336s] GC(1035) Survivor regions: 12->11(39)
[2023-04-10T20:16:20.968+0800][9668.336s] GC(1035) Old regions: 51->51
[2023-04-10T20:16:20.968+0800][9668.336s] GC(1035) Humongous regions: 25->13
[2023-04-10T20:16:20.968+0800][9668.336s] GC(1035) Metaspace: 61840K(63952K)->61840K(63952K) NonClass: 54879K(56064K)->54879K(56064K) Class: 6961K(7888K)->6961K(7888K)
[2023-04-10T20:16:20.968+0800][9668.336s] GC(1035) Pause Young (Normal) (G1 Evacuation Pause) 381M->73M(512M) 2.288ms
[2023-04-10T20:16:20.968+0800][9668.336s] GC(1035) User=0.00s Sys=0.00s Real=0.00s
[2023-04-10T20:16:21.380+0800][9668.749s] GC(1036) Pause Young (Normal) (G1 Evacuation Pause)
[2023-04-10T20:16:21.380+0800][9668.749s] GC(1036) Using 8 workers of 8 for evacuation
[2023-04-10T20:16:21.382+0800][9668.750s] GC(1036)   Pre Evacuate Collection Set: 0.0ms
[2023-04-10T20:16:21.382+0800][9668.750s] GC(1036)   Evacuate Collection Set: 0.5ms
[2023-04-10T20:16:21.382+0800][9668.750s] GC(1036)   Post Evacuate Collection Set: 0.4ms
[2023-04-10T20:16:21.382+0800][9668.750s] GC(1036)   Other: 0.2ms
[2023-04-10T20:16:21.382+0800][9668.750s] GC(1036) Eden regions: 296->0(303)
[2023-04-10T20:16:21.382+0800][9668.750s] GC(1036) Survivor regions: 11->4(39)
[2023-04-10T20:16:21.382+0800][9668.750s] GC(1036) Old regions: 51->51
[2023-04-10T20:16:21.382+0800][9668.750s] GC(1036) Humongous regions: 14->5
[2023-04-10T20:16:21.382+0800][9668.750s] GC(1036) Metaspace: 61840K(63952K)->61840K(63952K) NonClass: 54879K(56064K)->54879K(56064K) Class: 6961K(7888K)->6961K(7888K)
[2023-04-10T20:16:21.382+0800][9668.750s] GC(1036) Pause Young (Normal) (G1 Evacuation Pause) 370M->59M(512M) 1.343ms
[2023-04-10T20:16:21.382+0800][9668.750s] GC(1036) User=0.00s Sys=0.00s Real=0.00s
[2023-04-10T20:16:21.796+0800][9669.165s] GC(1037) Pause Young (Normal) (G1 Evacuation Pause)
[2023-04-10T20:16:21.796+0800][9669.165s] GC(1037) Using 8 workers of 8 for evacuation
[2023-04-10T20:16:21.799+0800][9669.166s] GC(1037)   Pre Evacuate Collection Set: 0.0ms
[2023-04-10T20:16:21.799+0800][9669.166s] GC(1037)   Evacuate Collection Set: 1.0ms
[2023-04-10T20:16:21.799+0800][9669.166s] GC(1037)   Post Evacuate Collection Set: 0.6ms
[2023-04-10T20:16:21.799+0800][9669.166s] GC(1037)   Other: 0.2ms
[2023-04-10T20:16:21.799+0800][9669.166s] GC(1037) Eden regions: 303->0(297)
[2023-04-10T20:16:21.799+0800][9669.166s] GC(1037) Survivor regions: 4->10(39)
[2023-04-10T20:16:21.799+0800][9669.167s] GC(1037) Old regions: 51->51
[2023-04-10T20:16:21.799+0800][9669.167s] GC(1037) Humongous regions: 8->7
[2023-04-10T20:16:21.799+0800][9669.167s] GC(1037) Metaspace: 61840K(63952K)->61840K(63952K) NonClass: 54879K(56064K)->54879K(56064K) Class: 6961K(7888K)->6961K(7888K)
[2023-04-10T20:16:21.799+0800][9669.167s] GC(1037) Pause Young (Normal) (G1 Evacuation Pause) 365M->66M(512M) 1.886ms
[2023-04-10T20:16:21.799+0800][9669.167s] GC(1037) User=0.00s Sys=0.00s Real=0.00s
[2023-04-10T20:16:22.395+0800][9669.763s] GC(1038) Pause Young (Normal) (G1 Evacuation Pause)
[2023-04-10T20:16:22.395+0800][9669.763s] GC(1038) Using 8 workers of 8 for evacuation
[2023-04-10T20:16:22.397+0800][9669.765s] GC(1038)   Pre Evacuate Collection Set: 0.0ms
[2023-04-10T20:16:22.397+0800][9669.765s] GC(1038)   Evacuate Collection Set: 1.2ms
[2023-04-10T20:16:22.397+0800][9669.765s] GC(1038)   Post Evacuate Collection Set: 0.5ms
[2023-04-10T20:16:22.397+0800][9669.765s] GC(1038)   Other: 0.2ms
[2023-04-10T20:16:22.397+0800][9669.765s] GC(1038) Eden regions: 297->0(297)
[2023-04-10T20:16:22.397+0800][9669.765s] GC(1038) Survivor regions: 10->10(39)
[2023-04-10T20:16:22.397+0800][9669.765s] GC(1038) Old regions: 51->51
[2023-04-10T20:16:22.397+0800][9669.765s] GC(1038) Humongous regions: 25->13
[2023-04-10T20:16:22.397+0800][9669.766s] GC(1038) Metaspace: 61840K(63952K)->61840K(63952K) NonClass: 54879K(56064K)->54879K(56064K) Class: 6961K(7888K)->6961K(7888K)
[2023-04-10T20:16:22.397+0800][9669.766s] GC(1038) Pause Young (Normal) (G1 Evacuation Pause) 381M->73M(512M) 2.337ms
[2023-04-10T20:16:22.397+0800][9669.766s] GC(1038) User=0.00s Sys=0.00s Real=0.00s
[2023-04-10T20:16:22.815+0800][9670.183s] GC(1039) Pause Young (Normal) (G1 Evacuation Pause)
[2023-04-10T20:16:22.815+0800][9670.184s] GC(1039) Using 8 workers of 8 for evacuation
[2023-04-10T20:16:22.816+0800][9670.185s] GC(1039)   Pre Evacuate Collection Set: 0.0ms
[2023-04-10T20:16:22.816+0800][9670.185s] GC(1039)   Evacuate Collection Set: 0.4ms
[2023-04-10T20:16:22.816+0800][9670.185s] GC(1039)   Post Evacuate Collection Set: 0.6ms
[2023-04-10T20:16:22.816+0800][9670.185s] GC(1039)   Other: 0.2ms
[2023-04-10T20:16:22.816+0800][9670.185s] GC(1039) Eden regions: 297->0(304)
[2023-04-10T20:16:22.816+0800][9670.185s] GC(1039) Survivor regions: 10->3(39)
[2023-04-10T20:16:22.816+0800][9670.185s] GC(1039) Old regions: 51->51
[2023-04-10T20:16:22.816+0800][9670.185s] GC(1039) Humongous regions: 13->4
[2023-04-10T20:16:22.816+0800][9670.185s] GC(1039) Metaspace: 61840K(63952K)->61840K(63952K) NonClass: 54879K(56064K)->54879K(56064K) Class: 6961K(7888K)->6961K(7888K)
[2023-04-10T20:16:22.816+0800][9670.185s] GC(1039) Pause Young (Normal) (G1 Evacuation Pause) 370M->56M(512M) 1.352ms
[2023-04-10T20:16:22.816+0800][9670.185s] GC(1039) User=0.00s Sys=0.00s Real=0.00s
[2023-04-10T20:16:23.245+0800][9670.613s] GC(1040) Pause Young (Normal) (G1 Evacuation Pause)
[2023-04-10T20:16:23.245+0800][9670.613s] GC(1040) Using 8 workers of 8 for evacuation
[2023-04-10T20:16:23.247+0800][9670.615s] GC(1040)   Pre Evacuate Collection Set: 0.0ms
[2023-04-10T20:16:23.247+0800][9670.615s] GC(1040)   Evacuate Collection Set: 0.9ms
[2023-04-10T20:16:23.247+0800][9670.615s] GC(1040)   Post Evacuate Collection Set: 0.6ms
[2023-04-10T20:16:23.247+0800][9670.615s] GC(1040)   Other: 0.2ms
[2023-04-10T20:16:23.247+0800][9670.615s] GC(1040) Eden regions: 304->0(299)
[2023-04-10T20:16:23.247+0800][9670.615s] GC(1040) Survivor regions: 3->8(39)
[2023-04-10T20:16:23.247+0800][9670.615s] GC(1040) Old regions: 51->51
[2023-04-10T20:16:23.247+0800][9670.615s] GC(1040) Humongous regions: 7->6
[2023-04-10T20:16:23.247+0800][9670.615s] GC(1040) Metaspace: 61840K(63952K)->61840K(63952K) NonClass: 54879K(56064K)->54879K(56064K) Class: 6961K(7888K)->6961K(7888K)
[2023-04-10T20:16:23.247+0800][9670.615s] GC(1040) Pause Young (Normal) (G1 Evacuation Pause) 363M->64M(512M) 2.036ms
[2023-04-10T20:16:23.247+0800][9670.615s] GC(1040) User=0.11s Sys=0.00s Real=0.00s
[2023-04-10T20:16:23.660+0800][9671.028s] GC(1041) Pause Young (Normal) (G1 Evacuation Pause)
[2023-04-10T20:16:23.660+0800][9671.028s] GC(1041) Using 8 workers of 8 for evacuation
[2023-04-10T20:16:23.662+0800][9671.030s] GC(1041)   Pre Evacuate Collection Set: 0.0ms
[2023-04-10T20:16:23.662+0800][9671.030s] GC(1041)   Evacuate Collection Set: 1.1ms
[2023-04-10T20:16:23.662+0800][9671.030s] GC(1041)   Post Evacuate Collection Set: 0.7ms
[2023-04-10T20:16:23.662+0800][9671.030s] GC(1041)   Other: 0.2ms
[2023-04-10T20:16:23.662+0800][9671.030s] GC(1041) Eden regions: 299->0(297)
[2023-04-10T20:16:23.662+0800][9671.030s] GC(1041) Survivor regions: 8->10(39)
[2023-04-10T20:16:23.662+0800][9671.030s] GC(1041) Old regions: 51->51
[2023-04-10T20:16:23.662+0800][9671.030s] GC(1041) Humongous regions: 20->13
[2023-04-10T20:16:23.662+0800][9671.030s] GC(1041) Metaspace: 61840K(63952K)->61840K(63952K) NonClass: 54879K(56064K)->54879K(56064K) Class: 6961K(7888K)->6961K(7888K)
[2023-04-10T20:16:23.662+0800][9671.030s] GC(1041) Pause Young (Normal) (G1 Evacuation Pause) 377M->73M(512M) 2.132ms
[2023-04-10T20:16:23.662+0800][9671.030s] GC(1041) User=0.00s Sys=0.00s Real=0.00s
[2023-04-10T20:16:24.209+0800][9671.577s] GC(1042) Pause Young (Normal) (G1 Evacuation Pause)
[2023-04-10T20:16:24.209+0800][9671.577s] GC(1042) Using 8 workers of 8 for evacuation
[2023-04-10T20:16:24.210+0800][9671.578s] GC(1042)   Pre Evacuate Collection Set: 0.0ms
[2023-04-10T20:16:24.210+0800][9671.578s] GC(1042)   Evacuate Collection Set: 0.3ms
[2023-04-10T20:16:24.210+0800][9671.578s] GC(1042)   Post Evacuate Collection Set: 0.7ms
[2023-04-10T20:16:24.210+0800][9671.578s] GC(1042)   Other: 0.2ms
[2023-04-10T20:16:24.210+0800][9671.578s] GC(1042) Eden regions: 297->0(306)
[2023-04-10T20:16:24.210+0800][9671.578s] GC(1042) Survivor regions: 10->1(39)
[2023-04-10T20:16:24.210+0800][9671.578s] GC(1042) Old regions: 51->51
[2023-04-10T20:16:24.210+0800][9671.578s] GC(1042) Humongous regions: 18->4
[2023-04-10T20:16:24.210+0800][9671.578s] GC(1042) Metaspace: 61840K(63952K)->61840K(63952K) NonClass: 54879K(56064K)->54879K(56064K) Class: 6961K(7888K)->6961K(7888K)
[2023-04-10T20:16:24.210+0800][9671.579s] GC(1042) Pause Young (Normal) (G1 Evacuation Pause) 375M->54M(512M) 1.259ms
[2023-04-10T20:16:24.210+0800][9671.579s] GC(1042) User=0.00s Sys=0.00s Real=0.00s
[2023-04-10T20:16:24.608+0800][9671.976s] GC(1043) Pause Young (Normal) (G1 Evacuation Pause)
[2023-04-10T20:16:24.608+0800][9671.976s] GC(1043) Using 8 workers of 8 for evacuation
[2023-04-10T20:16:24.609+0800][9671.978s] GC(1043)   Pre Evacuate Collection Set: 0.0ms
[2023-04-10T20:16:24.609+0800][9671.978s] GC(1043)   Evacuate Collection Set: 0.8ms
[2023-04-10T20:16:24.609+0800][9671.978s] GC(1043)   Post Evacuate Collection Set: 0.8ms
[2023-04-10T20:16:24.609+0800][9671.978s] GC(1043)   Other: 0.2ms
[2023-04-10T20:16:24.609+0800][9671.978s] GC(1043) Eden regions: 306->0(300)
[2023-04-10T20:16:24.609+0800][9671.978s] GC(1043) Survivor regions: 1->7(39)
[2023-04-10T20:16:24.609+0800][9671.978s] GC(1043) Old regions: 51->51
[2023-04-10T20:16:24.609+0800][9671.978s] GC(1043) Humongous regions: 7->6
[2023-04-10T20:16:24.609+0800][9671.978s] GC(1043) Metaspace: 61840K(63952K)->61840K(63952K) NonClass: 54879K(56064K)->54879K(56064K) Class: 6961K(7888K)->6961K(7888K)
[2023-04-10T20:16:24.609+0800][9671.978s] GC(1043) Pause Young (Normal) (G1 Evacuation Pause) 363M->63M(512M) 1.865ms
[2023-04-10T20:16:24.609+0800][9671.978s] GC(1043) User=0.00s Sys=0.00s Real=0.00s
